//////////////////////////
Reading input file ......

Got input.N = 303
Got input.t = 0.03
Got input.J = 1
Got input.V = 0.6
Got input.D = 0.018
Got input.U = 0.1
Got input.mu = 1
Got input.E = 0.03
Got input.nsweeps = 87
Sweeps:
1  MaxDim=20, MinDim=20, Cutoff=1.0E-06, Niter=8, Noise=1.0E-05
2  MaxDim=20, MinDim=20, Cutoff=1.0E-06, Niter=8, Noise=1.0E-05
3  MaxDim=20, MinDim=20, Cutoff=1.0E-06, Niter=8, Noise=1.0E-05
4  MaxDim=20, MinDim=20, Cutoff=1.0E-06, Niter=8, Noise=1.0E-05
5  MaxDim=20, MinDim=20, Cutoff=1.0E-06, Niter=8, Noise=1.0E-05
6  MaxDim=20, MinDim=20, Cutoff=1.0E-06, Niter=8, Noise=1.0E-05
7  MaxDim=20, MinDim=20, Cutoff=1.0E-06, Niter=8, Noise=1.0E-05
8  MaxDim=40, MinDim=20, Cutoff=1.0E-06, Niter=4, Noise=1.0E-05
9  MaxDim=40, MinDim=20, Cutoff=1.0E-06, Niter=4, Noise=1.0E-05
10  MaxDim=40, MinDim=20, Cutoff=1.0E-06, Niter=4, Noise=1.0E-05
11  MaxDim=40, MinDim=20, Cutoff=1.0E-06, Niter=4, Noise=1.0E-05
12  MaxDim=40, MinDim=20, Cutoff=1.0E-06, Niter=4, Noise=1.0E-05
13  MaxDim=40, MinDim=20, Cutoff=1.0E-06, Niter=4, Noise=1.0E-05
14  MaxDim=40, MinDim=20, Cutoff=1.0E-06, Niter=4, Noise=1.0E-05
15  MaxDim=80, MinDim=10, Cutoff=1.0E-06, Niter=4, Noise=1.0E-05
16  MaxDim=80, MinDim=10, Cutoff=1.0E-06, Niter=4, Noise=1.0E-05
17  MaxDim=80, MinDim=10, Cutoff=1.0E-06, Niter=4, Noise=1.0E-05
18  MaxDim=80, MinDim=10, Cutoff=1.0E-06, Niter=4, Noise=1.0E-05
19  MaxDim=80, MinDim=10, Cutoff=1.0E-06, Niter=4, Noise=1.0E-05
20  MaxDim=80, MinDim=10, Cutoff=1.0E-06, Niter=4, Noise=1.0E-05
21  MaxDim=80, MinDim=10, Cutoff=1.0E-06, Niter=4, Noise=1.0E-05
22  MaxDim=80, MinDim=10, Cutoff=1.0E-06, Niter=4, Noise=1.0E-05
23  MaxDim=80, MinDim=10, Cutoff=1.0E-06, Niter=4, Noise=1.0E-05
24  MaxDim=80, MinDim=10, Cutoff=1.0E-06, Niter=4, Noise=1.0E-05
25  MaxDim=80, MinDim=10, Cutoff=1.0E-06, Niter=4, Noise=1.0E-05
26  MaxDim=80, MinDim=10, Cutoff=1.0E-06, Niter=4, Noise=1.0E-05
27  MaxDim=80, MinDim=10, Cutoff=1.0E-06, Niter=4, Noise=1.0E-05
28  MaxDim=80, MinDim=10, Cutoff=1.0E-06, Niter=4, Noise=1.0E-05
29  MaxDim=80, MinDim=10, Cutoff=1.0E-06, Niter=4, Noise=1.0E-05
30  MaxDim=80, MinDim=10, Cutoff=1.0E-06, Niter=4, Noise=1.0E-05
31  MaxDim=80, MinDim=10, Cutoff=1.0E-06, Niter=4, Noise=1.0E-05
32  MaxDim=80, MinDim=10, Cutoff=1.0E-06, Niter=4, Noise=1.0E-05
33  MaxDim=80, MinDim=10, Cutoff=1.0E-06, Niter=4, Noise=1.0E-05
34  MaxDim=80, MinDim=10, Cutoff=1.0E-06, Niter=4, Noise=1.0E-05
35  MaxDim=80, MinDim=10, Cutoff=1.0E-06, Niter=4, Noise=1.0E-05
36  MaxDim=80, MinDim=10, Cutoff=1.0E-06, Niter=4, Noise=1.0E-05
37  MaxDim=160, MinDim=10, Cutoff=1.0E-08, Niter=4, Noise=1.0E-06
38  MaxDim=160, MinDim=10, Cutoff=1.0E-08, Niter=4, Noise=1.0E-06
39  MaxDim=160, MinDim=10, Cutoff=1.0E-08, Niter=4, Noise=1.0E-06
40  MaxDim=160, MinDim=10, Cutoff=1.0E-08, Niter=4, Noise=1.0E-06
41  MaxDim=160, MinDim=10, Cutoff=1.0E-08, Niter=4, Noise=1.0E-06
42  MaxDim=160, MinDim=10, Cutoff=1.0E-08, Niter=4, Noise=1.0E-06
43  MaxDim=160, MinDim=10, Cutoff=1.0E-08, Niter=4, Noise=1.0E-06
44  MaxDim=160, MinDim=10, Cutoff=1.0E-08, Niter=4, Noise=1.0E-06
45  MaxDim=160, MinDim=10, Cutoff=1.0E-08, Niter=4, Noise=1.0E-06
46  MaxDim=160, MinDim=10, Cutoff=1.0E-08, Niter=4, Noise=1.0E-06
47  MaxDim=160, MinDim=10, Cutoff=1.0E-08, Niter=4, Noise=1.0E-06
48  MaxDim=160, MinDim=10, Cutoff=1.0E-08, Niter=4, Noise=1.0E-06
49  MaxDim=160, MinDim=10, Cutoff=1.0E-08, Niter=4, Noise=1.0E-06
50  MaxDim=160, MinDim=10, Cutoff=1.0E-08, Niter=4, Noise=1.0E-06
51  MaxDim=160, MinDim=10, Cutoff=1.0E-08, Niter=4, Noise=1.0E-06
52  MaxDim=160, MinDim=10, Cutoff=1.0E-08, Niter=4, Noise=1.0E-06
53  MaxDim=160, MinDim=10, Cutoff=1.0E-08, Niter=4, Noise=1.0E-06
54  MaxDim=160, MinDim=10, Cutoff=1.0E-08, Niter=4, Noise=1.0E-06
55  MaxDim=160, MinDim=10, Cutoff=1.0E-08, Niter=4, Noise=1.0E-06
56  MaxDim=160, MinDim=10, Cutoff=1.0E-08, Niter=4, Noise=1.0E-06
57  MaxDim=160, MinDim=10, Cutoff=1.0E-08, Niter=4, Noise=1.0E-06
58  MaxDim=160, MinDim=10, Cutoff=1.0E-08, Niter=4, Noise=1.0E-06
59  MaxDim=320, MinDim=10, Cutoff=1.0E-10, Niter=4, Noise=1.0E-07
60  MaxDim=320, MinDim=10, Cutoff=1.0E-10, Niter=4, Noise=1.0E-07
61  MaxDim=320, MinDim=10, Cutoff=1.0E-10, Niter=4, Noise=1.0E-07
62  MaxDim=320, MinDim=10, Cutoff=1.0E-10, Niter=4, Noise=1.0E-07
63  MaxDim=320, MinDim=10, Cutoff=1.0E-10, Niter=4, Noise=1.0E-07
64  MaxDim=320, MinDim=10, Cutoff=1.0E-10, Niter=4, Noise=1.0E-07
65  MaxDim=320, MinDim=10, Cutoff=1.0E-10, Niter=4, Noise=1.0E-07
66  MaxDim=320, MinDim=10, Cutoff=1.0E-10, Niter=4, Noise=1.0E-07
67  MaxDim=320, MinDim=10, Cutoff=1.0E-10, Niter=4, Noise=1.0E-07
68  MaxDim=320, MinDim=10, Cutoff=1.0E-10, Niter=4, Noise=1.0E-07
69  MaxDim=320, MinDim=10, Cutoff=1.0E-10, Niter=4, Noise=1.0E-07
70  MaxDim=320, MinDim=10, Cutoff=1.0E-10, Niter=4, Noise=1.0E-07
71  MaxDim=320, MinDim=10, Cutoff=1.0E-10, Niter=4, Noise=1.0E-07
72  MaxDim=320, MinDim=10, Cutoff=1.0E-10, Niter=4, Noise=1.0E-07
73  MaxDim=320, MinDim=10, Cutoff=1.0E-10, Niter=4, Noise=1.0E-07
74  MaxDim=320, MinDim=10, Cutoff=1.0E-10, Niter=4, Noise=1.0E-07
75  MaxDim=640, MinDim=10, Cutoff=1.0E-12, Niter=2, Noise=1.0E-08
76  MaxDim=640, MinDim=10, Cutoff=1.0E-12, Niter=2, Noise=1.0E-08
77  MaxDim=640, MinDim=10, Cutoff=1.0E-12, Niter=2, Noise=1.0E-08
78  MaxDim=640, MinDim=10, Cutoff=1.0E-12, Niter=2, Noise=1.0E-08
79  MaxDim=640, MinDim=10, Cutoff=1.0E-12, Niter=2, Noise=1.0E-08
80  MaxDim=640, MinDim=10, Cutoff=1.0E-12, Niter=2, Noise=1.0E-08
81  MaxDim=640, MinDim=10, Cutoff=1.0E-12, Niter=2, Noise=1.0E-08
82  MaxDim=640, MinDim=10, Cutoff=1.0E-12, Niter=2, Noise=1.0E-08
83  MaxDim=1280, MinDim=10, Cutoff=1.0E-12, Niter=2, Noise=0.0E+00
84  MaxDim=1280, MinDim=10, Cutoff=1.0E-14, Niter=2, Noise=0.0E+00
85  MaxDim=1280, MinDim=10, Cutoff=1.0E-14, Niter=2, Noise=0.0E+00
86  MaxDim=1280, MinDim=10, Cutoff=1.0E-14, Niter=2, Noise=0.0E+00
87  MaxDim=1280, MinDim=10, Cutoff=1.0E-14, Niter=2, Noise=0.0E+00


    vN Entropy at center bond b=151 = 0.651380423166
    Eigs at center bond b=151: 0.7806 0.1847 0.0255 0.0059 0.0024 
    Largest link dim during sweep 1/87 was 20
    Largest truncation error: 1.9592e-06
    Energy after sweep 1/87 is -233.826868031217
    Sweep 1/87 CPU time = 18.75s (Wall time = 1.217s)

    vN Entropy at center bond b=151 = 0.931056586266
    Eigs at center bond b=151: 0.6822 0.2206 0.0616 0.0189 0.0101 0.0031 0.0016 
    Largest link dim during sweep 2/87 was 20
    Largest truncation error: 5.39389e-06
    Energy after sweep 2/87 is -233.873826336489
    Sweep 2/87 CPU time = 26.14s (Wall time = 1.675s)

    vN Entropy at center bond b=151 = 1.010058712215
    Eigs at center bond b=151: 0.6560 0.2221 0.0757 0.0242 0.0129 0.0042 0.0019 0.0013 
    Largest link dim during sweep 3/87 was 20
    Largest truncation error: 7.18882e-06
    Energy after sweep 3/87 is -233.876607066567
    Sweep 3/87 CPU time = 26.02s (Wall time = 1.670s)

    vN Entropy at center bond b=151 = 1.046935251787
    Eigs at center bond b=151: 0.6444 0.2189 0.0851 0.0273 0.0141 0.0047 0.0019 0.0016 
    Largest link dim during sweep 4/87 was 20
    Largest truncation error: 7.65401e-06
    Energy after sweep 4/87 is -233.877449913553
    Sweep 4/87 CPU time = 26.26s (Wall time = 1.687s)

    vN Entropy at center bond b=151 = 1.067960435662
    Eigs at center bond b=151: 0.6376 0.2164 0.0914 0.0294 0.0145 0.0048 0.0019 0.0018 
    Largest link dim during sweep 5/87 was 20
    Largest truncation error: 7.78373e-06
    Energy after sweep 5/87 is -233.877712416033
    Sweep 5/87 CPU time = 26.14s (Wall time = 1.676s)

    vN Entropy at center bond b=151 = 1.079748126358
    Eigs at center bond b=151: 0.6335 0.2149 0.0952 0.0307 0.0148 0.0049 0.0020 0.0018 
    Largest link dim during sweep 6/87 was 20
    Largest truncation error: 7.90378e-06
    Energy after sweep 6/87 is -233.877786294631
    Sweep 6/87 CPU time = 26.21s (Wall time = 1.682s)

    vN Entropy at center bond b=151 = 1.087037472224
    Eigs at center bond b=151: 0.6310 0.2141 0.0975 0.0315 0.0149 0.0050 0.0021 0.0018 
    Largest link dim during sweep 7/87 was 20
    Largest truncation error: 7.94187e-06
    Energy after sweep 7/87 is -233.877819363642
    Sweep 7/87 CPU time = 26.25s (Wall time = 1.686s)

    vN Entropy at center bond b=151 = 1.165715089029
    Eigs at center bond b=151: 0.6006 0.2161 0.1127 0.0393 0.0168 0.0060 0.0030 0.0022 0.0010 
    Largest link dim during sweep 8/87 was 38
    Largest truncation error: 7.47524e-07
    Energy after sweep 8/87 is -233.890104570371
    Sweep 8/87 CPU time = 20.96s (Wall time = 1.351s)

    vN Entropy at center bond b=151 = 1.251283226323
    Eigs at center bond b=151: 0.5677 0.2196 0.1255 0.0480 0.0195 0.0075 0.0042 0.0029 0.0016 0.0010 
    Largest link dim during sweep 9/87 was 40
    Largest truncation error: 1.26149e-06
    Energy after sweep 9/87 is -233.892600511315
    Sweep 9/87 CPU time = 29.57s (Wall time = 1.903s)

    vN Entropy at center bond b=151 = 1.274844851789
    Eigs at center bond b=151: 0.5593 0.2216 0.1269 0.0499 0.0205 0.0080 0.0046 0.0032 0.0018 0.0012 
    Largest link dim during sweep 10/87 was 40
    Largest truncation error: 1.74395e-06
    Energy after sweep 10/87 is -233.892949223169
    Sweep 10/87 CPU time = 33.07s (Wall time = 2.134s)

    vN Entropy at center bond b=151 = 1.279859077916
    Eigs at center bond b=151: 0.5575 0.2223 0.1269 0.0502 0.0208 0.0082 0.0046 0.0033 0.0018 0.0012 
    Largest link dim during sweep 11/87 was 40
    Largest truncation error: 1.89441e-06
    Energy after sweep 11/87 is -233.893000772343
    Sweep 11/87 CPU time = 33.78s (Wall time = 2.168s)

    vN Entropy at center bond b=151 = 1.280988287905
    Eigs at center bond b=151: 0.5571 0.2226 0.1268 0.0503 0.0208 0.0083 0.0047 0.0033 0.0018 0.0012 
    Largest link dim during sweep 12/87 was 40
    Largest truncation error: 1.91202e-06
    Energy after sweep 12/87 is -233.893015340273
    Sweep 12/87 CPU time = 34.10s (Wall time = 2.184s)

    vN Entropy at center bond b=151 = 1.281307458462
    Eigs at center bond b=151: 0.5570 0.2226 0.1268 0.0503 0.0209 0.0083 0.0047 0.0033 0.0018 0.0012 
    Largest link dim during sweep 13/87 was 40
    Largest truncation error: 1.92227e-06
    Energy after sweep 13/87 is -233.893020225902
    Sweep 13/87 CPU time = 34.06s (Wall time = 2.186s)

    vN Entropy at center bond b=151 = 1.281402898135
    Eigs at center bond b=151: 0.5569 0.2227 0.1268 0.0503 0.0209 0.0083 0.0047 0.0033 0.0018 0.0012 
    Largest link dim during sweep 14/87 was 40
    Largest truncation error: 1.92722e-06
    Energy after sweep 14/87 is -233.893022512015
    Sweep 14/87 CPU time = 34.00s (Wall time = 2.194s)

    vN Entropy at center bond b=151 = 1.284751106486
    Eigs at center bond b=151: 0.5558 0.2229 0.1269 0.0505 0.0210 0.0084 0.0047 0.0033 0.0019 0.0013 
    Largest link dim during sweep 15/87 was 49
    Largest truncation error: 7.41306e-07
    Energy after sweep 15/87 is -233.893468395136
    Sweep 15/87 CPU time = 35.12s (Wall time = 2.258s)

    vN Entropy at center bond b=151 = 1.288312203542
    Eigs at center bond b=151: 0.5547 0.2232 0.1270 0.0508 0.0212 0.0085 0.0048 0.0034 0.0019 0.0013 
    Largest link dim during sweep 16/87 was 50
    Largest truncation error: 7.26874e-07
    Energy after sweep 16/87 is -233.893537708215
    Sweep 16/87 CPU time = 36.33s (Wall time = 2.331s)

    vN Entropy at center bond b=151 = 1.289718278420
    Eigs at center bond b=151: 0.5543 0.2233 0.1270 0.0508 0.0213 0.0085 0.0048 0.0034 0.0019 0.0013 
    Largest link dim during sweep 17/87 was 50
    Largest truncation error: 7.26888e-07
    Energy after sweep 17/87 is -233.893557499782
    Sweep 17/87 CPU time = 36.50s (Wall time = 2.341s)

    vN Entropy at center bond b=151 = 1.290199022677
    Eigs at center bond b=151: 0.5541 0.2234 0.1270 0.0509 0.0213 0.0085 0.0048 0.0034 0.0019 0.0013 
    Largest link dim during sweep 18/87 was 50
    Largest truncation error: 7.26893e-07
    Energy after sweep 18/87 is -233.893564591786
    Sweep 18/87 CPU time = 36.58s (Wall time = 2.365s)

    vN Entropy at center bond b=151 = 1.290302291736
    Eigs at center bond b=151: 0.5541 0.2234 0.1270 0.0509 0.0213 0.0085 0.0048 0.0034 0.0019 0.0013 
    Largest link dim during sweep 19/87 was 50
    Largest truncation error: 7.26896e-07
    Energy after sweep 19/87 is -233.893566624870
    Sweep 19/87 CPU time = 36.94s (Wall time = 2.369s)

    vN Entropy at center bond b=151 = 1.290321727485
    Eigs at center bond b=151: 0.5541 0.2234 0.1270 0.0509 0.0213 0.0085 0.0048 0.0034 0.0019 0.0013 
    Largest link dim during sweep 20/87 was 50
    Largest truncation error: 7.26896e-07
    Energy after sweep 20/87 is -233.893566779119
    Sweep 20/87 CPU time = 37.02s (Wall time = 2.375s)

    vN Entropy at center bond b=151 = 1.290358904078
    Eigs at center bond b=151: 0.5540 0.2234 0.1270 0.0509 0.0213 0.0085 0.0048 0.0034 0.0019 0.0013 
    Largest link dim during sweep 21/87 was 50
    Largest truncation error: 7.26897e-07
    Energy after sweep 21/87 is -233.893568678147
    Sweep 21/87 CPU time = 37.49s (Wall time = 2.408s)

    vN Entropy at center bond b=151 = 1.290398459209
    Eigs at center bond b=151: 0.5540 0.2234 0.1270 0.0509 0.0213 0.0085 0.0048 0.0034 0.0019 0.0013 
    Largest link dim during sweep 22/87 was 50
    Largest truncation error: 7.26897e-07
    Energy after sweep 22/87 is -233.893568913450
    Sweep 22/87 CPU time = 37.22s (Wall time = 2.388s)

    vN Entropy at center bond b=151 = 1.290405531078
    Eigs at center bond b=151: 0.5540 0.2234 0.1270 0.0509 0.0213 0.0085 0.0048 0.0034 0.0019 0.0013 
    Largest link dim during sweep 23/87 was 50
    Largest truncation error: 7.26897e-07
    Energy after sweep 23/87 is -233.893570022524
    Sweep 23/87 CPU time = 37.18s (Wall time = 2.386s)

    vN Entropy at center bond b=151 = 1.290457930572
    Eigs at center bond b=151: 0.5540 0.2234 0.1270 0.0509 0.0214 0.0085 0.0048 0.0034 0.0019 0.0013 
    Largest link dim during sweep 24/87 was 50
    Largest truncation error: 7.26897e-07
    Energy after sweep 24/87 is -233.893571099133
    Sweep 24/87 CPU time = 36.94s (Wall time = 2.371s)

    vN Entropy at center bond b=151 = 1.290522557768
    Eigs at center bond b=151: 0.5540 0.2234 0.1270 0.0509 0.0214 0.0085 0.0048 0.0034 0.0019 0.0013 
    Largest link dim during sweep 25/87 was 50
    Largest truncation error: 7.26897e-07
    Energy after sweep 25/87 is -233.893571211675
    Sweep 25/87 CPU time = 37.05s (Wall time = 2.378s)

    vN Entropy at center bond b=151 = 1.290537415137
    Eigs at center bond b=151: 0.5540 0.2234 0.1270 0.0509 0.0214 0.0085 0.0048 0.0034 0.0019 0.0013 
    Largest link dim during sweep 26/87 was 50
    Largest truncation error: 7.26897e-07
    Energy after sweep 26/87 is -233.893571989821
    Sweep 26/87 CPU time = 36.89s (Wall time = 2.374s)

    vN Entropy at center bond b=151 = 1.290544273204
    Eigs at center bond b=151: 0.5540 0.2234 0.1270 0.0509 0.0214 0.0085 0.0048 0.0034 0.0019 0.0013 
    Largest link dim during sweep 27/87 was 50
    Largest truncation error: 7.26897e-07
    Energy after sweep 27/87 is -233.893572353491
    Sweep 27/87 CPU time = 37.07s (Wall time = 2.399s)

    vN Entropy at center bond b=151 = 1.290542533612
    Eigs at center bond b=151: 0.5540 0.2234 0.1270 0.0509 0.0214 0.0085 0.0048 0.0034 0.0019 0.0013 
    Largest link dim during sweep 28/87 was 50
    Largest truncation error: 7.26897e-07
    Energy after sweep 28/87 is -233.893572193326
    Sweep 28/87 CPU time = 36.97s (Wall time = 2.373s)

    vN Entropy at center bond b=151 = 1.290541592987
    Eigs at center bond b=151: 0.5540 0.2234 0.1270 0.0509 0.0214 0.0085 0.0048 0.0034 0.0019 0.0013 
    Largest link dim during sweep 29/87 was 50
    Largest truncation error: 7.26897e-07
    Energy after sweep 29/87 is -233.893572189019
    Sweep 29/87 CPU time = 36.88s (Wall time = 2.369s)

    vN Entropy at center bond b=151 = 1.290540772407
    Eigs at center bond b=151: 0.5540 0.2234 0.1270 0.0509 0.0214 0.0085 0.0048 0.0034 0.0019 0.0013 
    Largest link dim during sweep 30/87 was 50
    Largest truncation error: 7.26897e-07
    Energy after sweep 30/87 is -233.893572184074
    Sweep 30/87 CPU time = 36.91s (Wall time = 2.371s)

    vN Entropy at center bond b=151 = 1.290539705311
    Eigs at center bond b=151: 0.5540 0.2234 0.1270 0.0509 0.0214 0.0085 0.0048 0.0034 0.0019 0.0013 
    Largest link dim during sweep 31/87 was 50
    Largest truncation error: 7.26897e-07
    Energy after sweep 31/87 is -233.893572176873
    Sweep 31/87 CPU time = 37.01s (Wall time = 2.374s)

    vN Entropy at center bond b=151 = 1.290538582699
    Eigs at center bond b=151: 0.5540 0.2234 0.1270 0.0509 0.0214 0.0085 0.0048 0.0034 0.0019 0.0013 
    Largest link dim during sweep 32/87 was 50
    Largest truncation error: 7.26897e-07
    Energy after sweep 32/87 is -233.893572168415
    Sweep 32/87 CPU time = 37.26s (Wall time = 2.392s)

    vN Entropy at center bond b=151 = 1.290547664330
    Eigs at center bond b=151: 0.5540 0.2234 0.1270 0.0509 0.0214 0.0085 0.0048 0.0034 0.0019 0.0013 
    Largest link dim during sweep 33/87 was 50
    Largest truncation error: 7.26897e-07
    Energy after sweep 33/87 is -233.893571767374
    Sweep 33/87 CPU time = 36.95s (Wall time = 2.372s)

    vN Entropy at center bond b=151 = 1.290545028544
    Eigs at center bond b=151: 0.5540 0.2234 0.1270 0.0509 0.0214 0.0085 0.0048 0.0034 0.0019 0.0013 
    Largest link dim during sweep 34/87 was 50
    Largest truncation error: 7.26897e-07
    Energy after sweep 34/87 is -233.893571761933
    Sweep 34/87 CPU time = 37.03s (Wall time = 2.391s)

    vN Entropy at center bond b=151 = 1.290544668839
    Eigs at center bond b=151: 0.5540 0.2234 0.1270 0.0509 0.0214 0.0085 0.0048 0.0034 0.0019 0.0013 
    Largest link dim during sweep 35/87 was 50
    Largest truncation error: 7.26897e-07
    Energy after sweep 35/87 is -233.893571759403
    Sweep 35/87 CPU time = 37.02s (Wall time = 2.381s)

    vN Entropy at center bond b=151 = 1.290544545709
    Eigs at center bond b=151: 0.5540 0.2234 0.1270 0.0509 0.0214 0.0085 0.0048 0.0034 0.0019 0.0013 
    Largest link dim during sweep 36/87 was 50
    Largest truncation error: 7.26897e-07
    Energy after sweep 36/87 is -233.893571758383
    Sweep 36/87 CPU time = 37.05s (Wall time = 2.375s)

    vN Entropy at center bond b=151 = 1.317397542576
    Eigs at center bond b=151: 0.5455 0.2251 0.1280 0.0526 0.0224 0.0092 0.0052 0.0039 0.0021 0.0016 
    Largest link dim during sweep 37/87 was 104
    Largest truncation error: 7.77012e-09
    Energy after sweep 37/87 is -233.895066482114
    Sweep 37/87 CPU time = 1m, 52.5s (Wall time = 7.253s)

    vN Entropy at center bond b=151 = 1.329168657351
    Eigs at center bond b=151: 0.5424 0.2255 0.1283 0.0532 0.0229 0.0095 0.0054 0.0041 0.0022 0.0017 
    Largest link dim during sweep 38/87 was 124
    Largest truncation error: 7.77952e-09
    Energy after sweep 38/87 is -233.895114063628
    Sweep 38/87 CPU time = 3m, 17.8s (Wall time = 12.74s)

    vN Entropy at center bond b=151 = 1.330162382598
    Eigs at center bond b=151: 0.5422 0.2255 0.1283 0.0532 0.0229 0.0095 0.0054 0.0041 0.0022 0.0017 
    Largest link dim during sweep 39/87 was 130
    Largest truncation error: 7.77974e-09
    Energy after sweep 39/87 is -233.895117483855
    Sweep 39/87 CPU time = 3m, 57.4s (Wall time = 15.25s)

    vN Entropy at center bond b=151 = 1.330299443213
    Eigs at center bond b=151: 0.5422 0.2255 0.1283 0.0532 0.0229 0.0095 0.0054 0.0041 0.0022 0.0017 
    Largest link dim during sweep 40/87 was 131
    Largest truncation error: 7.77976e-09
    Energy after sweep 40/87 is -233.895118048290
    Sweep 40/87 CPU time = 4m, 15.2s (Wall time = 16.48s)

    vN Entropy at center bond b=151 = 1.330330714954
    Eigs at center bond b=151: 0.5422 0.2255 0.1283 0.0532 0.0229 0.0095 0.0054 0.0041 0.0022 0.0017 
    Largest link dim during sweep 41/87 was 131
    Largest truncation error: 7.77976e-09
    Energy after sweep 41/87 is -233.895118226991
    Sweep 41/87 CPU time = 4m, 17.6s (Wall time = 16.72s)

    vN Entropy at center bond b=151 = 1.330339039148
    Eigs at center bond b=151: 0.5422 0.2255 0.1283 0.0532 0.0229 0.0095 0.0054 0.0041 0.0022 0.0017 
    Largest link dim during sweep 42/87 was 132
    Largest truncation error: 7.77976e-09
    Energy after sweep 42/87 is -233.895118319323
    Sweep 42/87 CPU time = 4m, 11.2s (Wall time = 16.33s)

    vN Entropy at center bond b=151 = 1.330342298702
    Eigs at center bond b=151: 0.5422 0.2255 0.1283 0.0532 0.0229 0.0095 0.0054 0.0041 0.0022 0.0017 
    Largest link dim during sweep 43/87 was 132
    Largest truncation error: 7.77976e-09
    Energy after sweep 43/87 is -233.895118355812
    Sweep 43/87 CPU time = 4m, 6.2s (Wall time = 16.01s)

    vN Entropy at center bond b=151 = 1.330343254988
    Eigs at center bond b=151: 0.5422 0.2255 0.1283 0.0532 0.0229 0.0095 0.0054 0.0041 0.0022 0.0017 
    Largest link dim during sweep 44/87 was 132
    Largest truncation error: 7.77976e-09
    Energy after sweep 44/87 is -233.895118358363
    Sweep 44/87 CPU time = 4m, 20.1s (Wall time = 17.01s)

    vN Entropy at center bond b=151 = 1.330343566025
    Eigs at center bond b=151: 0.5422 0.2255 0.1283 0.0532 0.0229 0.0095 0.0054 0.0041 0.0022 0.0017 
    Largest link dim during sweep 45/87 was 132
    Largest truncation error: 7.77976e-09
    Energy after sweep 45/87 is -233.895118362570
    Sweep 45/87 CPU time = 4m, 19.8s (Wall time = 16.94s)

    vN Entropy at center bond b=151 = 1.330344079078
    Eigs at center bond b=151: 0.5422 0.2255 0.1283 0.0532 0.0229 0.0095 0.0054 0.0041 0.0022 0.0017 
    Largest link dim during sweep 46/87 was 132
    Largest truncation error: 7.77976e-09
    Energy after sweep 46/87 is -233.895118373410
    Sweep 46/87 CPU time = 4m, 16.4s (Wall time = 16.66s)

    vN Entropy at center bond b=151 = 1.330344130673
    Eigs at center bond b=151: 0.5422 0.2255 0.1283 0.0532 0.0229 0.0095 0.0054 0.0041 0.0022 0.0017 
    Largest link dim during sweep 47/87 was 132
    Largest truncation error: 7.77976e-09
    Energy after sweep 47/87 is -233.895118371809
    Sweep 47/87 CPU time = 4m, 4.9s (Wall time = 15.94s)

    vN Entropy at center bond b=151 = 1.330344183212
    Eigs at center bond b=151: 0.5422 0.2255 0.1283 0.0532 0.0229 0.0095 0.0054 0.0041 0.0022 0.0017 
    Largest link dim during sweep 48/87 was 132
    Largest truncation error: 7.77976e-09
    Energy after sweep 48/87 is -233.895118371943
    Sweep 48/87 CPU time = 4m, 14.6s (Wall time = 16.63s)

    vN Entropy at center bond b=151 = 1.330344211236
    Eigs at center bond b=151: 0.5422 0.2255 0.1283 0.0532 0.0229 0.0095 0.0054 0.0041 0.0022 0.0017 
    Largest link dim during sweep 49/87 was 132
    Largest truncation error: 7.77976e-09
    Energy after sweep 49/87 is -233.895118375311
    Sweep 49/87 CPU time = 4m, 18.3s (Wall time = 16.83s)

    vN Entropy at center bond b=151 = 1.330344205092
    Eigs at center bond b=151: 0.5422 0.2255 0.1283 0.0532 0.0229 0.0095 0.0054 0.0041 0.0022 0.0017 
    Largest link dim during sweep 50/87 was 132
    Largest truncation error: 7.77976e-09
    Energy after sweep 50/87 is -233.895118375176
    Sweep 50/87 CPU time = 4m, 19.3s (Wall time = 16.87s)

    vN Entropy at center bond b=151 = 1.330344200905
    Eigs at center bond b=151: 0.5422 0.2255 0.1283 0.0532 0.0229 0.0095 0.0054 0.0041 0.0022 0.0017 
    Largest link dim during sweep 51/87 was 132
    Largest truncation error: 7.77976e-09
    Energy after sweep 51/87 is -233.895118375033
    Sweep 51/87 CPU time = 4m, 5.8s (Wall time = 15.96s)

    vN Entropy at center bond b=151 = 1.330344204440
    Eigs at center bond b=151: 0.5422 0.2255 0.1283 0.0532 0.0229 0.0095 0.0054 0.0041 0.0022 0.0017 
    Largest link dim during sweep 52/87 was 132
    Largest truncation error: 7.77976e-09
    Energy after sweep 52/87 is -233.895118374913
    Sweep 52/87 CPU time = 4m, 11.8s (Wall time = 16.46s)

    vN Entropy at center bond b=151 = 1.330344210348
    Eigs at center bond b=151: 0.5422 0.2255 0.1283 0.0532 0.0229 0.0095 0.0054 0.0041 0.0022 0.0017 
    Largest link dim during sweep 53/87 was 132
    Largest truncation error: 7.77976e-09
    Energy after sweep 53/87 is -233.895118378722
    Sweep 53/87 CPU time = 4m, 19.2s (Wall time = 16.87s)

    vN Entropy at center bond b=151 = 1.330344527656
    Eigs at center bond b=151: 0.5422 0.2255 0.1283 0.0532 0.0229 0.0095 0.0054 0.0041 0.0022 0.0017 
    Largest link dim during sweep 54/87 was 132
    Largest truncation error: 7.77976e-09
    Energy after sweep 54/87 is -233.895118380141
    Sweep 54/87 CPU time = 4m, 19.5s (Wall time = 16.87s)

    vN Entropy at center bond b=151 = 1.330344551986
    Eigs at center bond b=151: 0.5422 0.2255 0.1283 0.0532 0.0229 0.0095 0.0054 0.0041 0.0022 0.0017 
    Largest link dim during sweep 55/87 was 132
    Largest truncation error: 7.77976e-09
    Energy after sweep 55/87 is -233.895118380131
    Sweep 55/87 CPU time = 4m, 7.6s (Wall time = 16.14s)

    vN Entropy at center bond b=151 = 1.330344559626
    Eigs at center bond b=151: 0.5422 0.2255 0.1283 0.0532 0.0229 0.0095 0.0054 0.0041 0.0022 0.0017 
    Largest link dim during sweep 56/87 was 132
    Largest truncation error: 7.77976e-09
    Energy after sweep 56/87 is -233.895118380069
    Sweep 56/87 CPU time = 4m, 9.3s (Wall time = 16.25s)

    vN Entropy at center bond b=151 = 1.330344567831
    Eigs at center bond b=151: 0.5422 0.2255 0.1283 0.0532 0.0229 0.0095 0.0054 0.0041 0.0022 0.0017 
    Largest link dim during sweep 57/87 was 132
    Largest truncation error: 7.77976e-09
    Energy after sweep 57/87 is -233.895118380013
    Sweep 57/87 CPU time = 4m, 20.8s (Wall time = 16.99s)

    vN Entropy at center bond b=151 = 1.330344578429
    Eigs at center bond b=151: 0.5422 0.2255 0.1283 0.0532 0.0229 0.0095 0.0054 0.0041 0.0022 0.0017 
    Largest link dim during sweep 58/87 was 132
    Largest truncation error: 7.77976e-09
    Energy after sweep 58/87 is -233.895118379984
    Sweep 58/87 CPU time = 4m, 20.3s (Wall time = 16.93s)

    vN Entropy at center bond b=151 = 1.331148432885
    Eigs at center bond b=151: 0.5420 0.2255 0.1283 0.0533 0.0230 0.0095 0.0054 0.0041 0.0023 0.0017 
    Largest link dim during sweep 59/87 was 249
    Largest truncation error: 7.34641e-11
    Energy after sweep 59/87 is -233.895133733561
    Sweep 59/87 CPU time = 11m, 49s (Wall time = 48.60s)

    vN Entropy at center bond b=151 = 1.331286989942
    Eigs at center bond b=151: 0.5420 0.2255 0.1283 0.0533 0.0230 0.0095 0.0054 0.0041 0.0023 0.0017 
    Largest link dim during sweep 60/87 was 274
    Largest truncation error: 7.28182e-11
    Energy after sweep 60/87 is -233.895133918826
    Sweep 60/87 CPU time = 19m, 57s (Wall time = 1m, 20.7s)

    vN Entropy at center bond b=151 = 1.331294204131
    Eigs at center bond b=151: 0.5420 0.2255 0.1283 0.0533 0.0230 0.0095 0.0054 0.0041 0.0023 0.0017 
    Largest link dim during sweep 61/87 was 279
    Largest truncation error: 7.38033e-11
    Energy after sweep 61/87 is -233.895133931572
    Sweep 61/87 CPU time = 22m, 30s (Wall time = 1m, 29.0s)

    vN Entropy at center bond b=151 = 1.331295046201
    Eigs at center bond b=151: 0.5420 0.2255 0.1283 0.0533 0.0230 0.0095 0.0054 0.0041 0.0023 0.0017 
    Largest link dim during sweep 62/87 was 280
    Largest truncation error: 7.38291e-11
    Energy after sweep 62/87 is -233.895133933602
    Sweep 62/87 CPU time = 22m, 2s (Wall time = 1m, 26.7s)

    vN Entropy at center bond b=151 = 1.331295199418
    Eigs at center bond b=151: 0.5420 0.2255 0.1283 0.0533 0.0230 0.0095 0.0054 0.0041 0.0023 0.0017 
    Largest link dim during sweep 63/87 was 281
    Largest truncation error: 7.383e-11
    Energy after sweep 63/87 is -233.895133933981
    Sweep 63/87 CPU time = 22m, 45s (Wall time = 1m, 30.2s)

    vN Entropy at center bond b=151 = 1.331295236196
    Eigs at center bond b=151: 0.5420 0.2255 0.1283 0.0533 0.0230 0.0095 0.0054 0.0041 0.0023 0.0017 
    Largest link dim during sweep 64/87 was 281
    Largest truncation error: 7.38299e-11
    Energy after sweep 64/87 is -233.895133934100
    Sweep 64/87 CPU time = 22m, 43s (Wall time = 1m, 29.9s)

    vN Entropy at center bond b=151 = 1.331295249752
    Eigs at center bond b=151: 0.5420 0.2255 0.1283 0.0533 0.0230 0.0095 0.0054 0.0041 0.0023 0.0017 
    Largest link dim during sweep 65/87 was 281
    Largest truncation error: 7.38302e-11
    Energy after sweep 65/87 is -233.895133934160
    Sweep 65/87 CPU time = 22m, 54s (Wall time = 1m, 30.3s)

    vN Entropy at center bond b=151 = 1.331295250907
    Eigs at center bond b=151: 0.5420 0.2255 0.1283 0.0533 0.0230 0.0095 0.0054 0.0041 0.0023 0.0017 
    Largest link dim during sweep 66/87 was 281
    Largest truncation error: 7.383e-11
    Energy after sweep 66/87 is -233.895133934180
    Sweep 66/87 CPU time = 22m, 57s (Wall time = 1m, 30.5s)

    vN Entropy at center bond b=151 = 1.331295251072
    Eigs at center bond b=151: 0.5420 0.2255 0.1283 0.0533 0.0230 0.0095 0.0054 0.0041 0.0023 0.0017 
    Largest link dim during sweep 67/87 was 281
    Largest truncation error: 7.38301e-11
    Energy after sweep 67/87 is -233.895133934182
    Sweep 67/87 CPU time = 22m, 41s (Wall time = 1m, 28.7s)

    vN Entropy at center bond b=151 = 1.331295251052
    Eigs at center bond b=151: 0.5420 0.2255 0.1283 0.0533 0.0230 0.0095 0.0054 0.0041 0.0023 0.0017 
    Largest link dim during sweep 68/87 was 281
    Largest truncation error: 7.38302e-11
    Energy after sweep 68/87 is -233.895133934182
    Sweep 68/87 CPU time = 22m, 35s (Wall time = 1m, 28.4s)

    vN Entropy at center bond b=151 = 1.331295251024
    Eigs at center bond b=151: 0.5420 0.2255 0.1283 0.0533 0.0230 0.0095 0.0054 0.0041 0.0023 0.0017 
    Largest link dim during sweep 69/87 was 281
    Largest truncation error: 7.38302e-11
    Energy after sweep 69/87 is -233.895133934184
    Sweep 69/87 CPU time = 22m, 40s (Wall time = 1m, 28.6s)

    vN Entropy at center bond b=151 = 1.331295251033
    Eigs at center bond b=151: 0.5420 0.2255 0.1283 0.0533 0.0230 0.0095 0.0054 0.0041 0.0023 0.0017 
    Largest link dim during sweep 70/87 was 281
    Largest truncation error: 7.38302e-11
    Energy after sweep 70/87 is -233.895133934189
    Sweep 70/87 CPU time = 22m, 48s (Wall time = 1m, 29.2s)

    vN Entropy at center bond b=151 = 1.331295251021
    Eigs at center bond b=151: 0.5420 0.2255 0.1283 0.0533 0.0230 0.0095 0.0054 0.0041 0.0023 0.0017 
    Largest link dim during sweep 71/87 was 281
    Largest truncation error: 7.383e-11
    Energy after sweep 71/87 is -233.895133934178
    Sweep 71/87 CPU time = 22m, 47s (Wall time = 1m, 29.3s)

    vN Entropy at center bond b=151 = 1.331295251029
    Eigs at center bond b=151: 0.5420 0.2255 0.1283 0.0533 0.0230 0.0095 0.0054 0.0041 0.0023 0.0017 
    Largest link dim during sweep 72/87 was 281
    Largest truncation error: 7.38301e-11
    Energy after sweep 72/87 is -233.895133934180
    Sweep 72/87 CPU time = 22m, 56s (Wall time = 1m, 31.1s)

    vN Entropy at center bond b=151 = 1.331295250906
    Eigs at center bond b=151: 0.5420 0.2255 0.1283 0.0533 0.0230 0.0095 0.0054 0.0041 0.0023 0.0017 
    Largest link dim during sweep 73/87 was 281
    Largest truncation error: 7.383e-11
    Energy after sweep 73/87 is -233.895133934182
    Sweep 73/87 CPU time = 22m, 51s (Wall time = 1m, 30.1s)

    vN Entropy at center bond b=151 = 1.331295250856
    Eigs at center bond b=151: 0.5420 0.2255 0.1283 0.0533 0.0230 0.0095 0.0054 0.0041 0.0023 0.0017 
    Largest link dim during sweep 74/87 was 281
    Largest truncation error: 7.38302e-11
    Energy after sweep 74/87 is -233.895133934184
    Sweep 74/87 CPU time = 22m, 43s (Wall time = 1m, 29.1s)

    vN Entropy at center bond b=151 = 1.331310190220
    Eigs at center bond b=151: 0.5420 0.2255 0.1283 0.0533 0.0230 0.0095 0.0054 0.0041 0.0023 0.0017 
    Largest link dim during sweep 75/87 was 494
    Largest truncation error: 7.50969e-13
    Energy after sweep 75/87 is -233.895134101916
    Sweep 75/87 CPU time = 43m, 27s (Wall time = 2m, 55.4s)

    vN Entropy at center bond b=151 = 1.331312723725
    Eigs at center bond b=151: 0.5420 0.2255 0.1283 0.0533 0.0230 0.0095 0.0054 0.0041 0.0023 0.0017 
    Largest link dim during sweep 76/87 was 523
    Largest truncation error: 7.34422e-13
    Energy after sweep 76/87 is -233.895134103372
    Sweep 76/87 CPU time = 1h, 4m, 40s (Wall time = 4m, 19.0s)

    vN Entropy at center bond b=151 = 1.331312854409
    Eigs at center bond b=151: 0.5420 0.2255 0.1283 0.0533 0.0230 0.0095 0.0054 0.0041 0.0023 0.0017 
    Largest link dim during sweep 77/87 was 525
    Largest truncation error: 7.35182e-13
    Energy after sweep 77/87 is -233.895134103432
    Sweep 77/87 CPU time = 1h, 6m, 20s (Wall time = 4m, 25.0s)

    vN Entropy at center bond b=151 = 1.331312870170
    Eigs at center bond b=151: 0.5420 0.2255 0.1283 0.0533 0.0230 0.0095 0.0054 0.0041 0.0023 0.0017 
    Largest link dim during sweep 78/87 was 526
    Largest truncation error: 7.35432e-13
    Energy after sweep 78/87 is -233.895134103443
    Sweep 78/87 CPU time = 1h, 6m, 34s (Wall time = 4m, 26.1s)

    vN Entropy at center bond b=151 = 1.331312873568
    Eigs at center bond b=151: 0.5420 0.2255 0.1283 0.0533 0.0230 0.0095 0.0054 0.0041 0.0023 0.0017 
    Largest link dim during sweep 79/87 was 527
    Largest truncation error: 7.3537e-13
    Energy after sweep 79/87 is -233.895134103446
    Sweep 79/87 CPU time = 1h, 6m, 32s (Wall time = 4m, 26.9s)

    vN Entropy at center bond b=151 = 1.331312874436
    Eigs at center bond b=151: 0.5420 0.2255 0.1283 0.0533 0.0230 0.0095 0.0054 0.0041 0.0023 0.0017 
    Largest link dim during sweep 80/87 was 527
    Largest truncation error: 7.35445e-13
    Energy after sweep 80/87 is -233.895134103447
    Sweep 80/87 CPU time = 1h, 7m, 40s (Wall time = 4m, 32.9s)

    vN Entropy at center bond b=151 = 1.331312874643
    Eigs at center bond b=151: 0.5420 0.2255 0.1283 0.0533 0.0230 0.0095 0.0054 0.0041 0.0023 0.0017 
    Largest link dim during sweep 81/87 was 527
    Largest truncation error: 7.35507e-13
    Energy after sweep 81/87 is -233.895134103451
    Sweep 81/87 CPU time = 1h, 7m, 15s (Wall time = 4m, 31.0s)

    vN Entropy at center bond b=151 = 1.331312874728
    Eigs at center bond b=151: 0.5420 0.2255 0.1283 0.0533 0.0230 0.0095 0.0054 0.0041 0.0023 0.0017 
    Largest link dim during sweep 82/87 was 527
    Largest truncation error: 7.35324e-13
    Energy after sweep 82/87 is -233.895134103454
    Sweep 82/87 CPU time = 1h, 7m, 1s (Wall time = 4m, 29.6s)

    vN Entropy at center bond b=151 = 1.331313241331
    Eigs at center bond b=151: 0.5420 0.2255 0.1283 0.0533 0.0230 0.0095 0.0054 0.0041 0.0023 0.0017 
    Largest link dim during sweep 83/87 was 489
    Largest truncation error: 7.51978e-13
    Energy after sweep 83/87 is -233.895134102817
    Sweep 83/87 CPU time = 50m, 58s (Wall time = 3m, 21.4s)

    vN Entropy at center bond b=151 = 1.331313420437
    Eigs at center bond b=151: 0.5420 0.2255 0.1283 0.0533 0.0230 0.0095 0.0054 0.0041 0.0023 0.0017 
    Largest link dim during sweep 84/87 was 832
    Largest truncation error: 7.30449e-15
    Energy after sweep 84/87 is -233.895134105296
    Sweep 84/87 CPU time = 2h, 3m, 15s (Wall time = 8m, 13.2s)

    vN Entropy at center bond b=151 = 1.331313460742
    Eigs at center bond b=151: 0.5420 0.2255 0.1283 0.0533 0.0230 0.0095 0.0054 0.0041 0.0023 0.0017 
    Largest link dim during sweep 85/87 was 872
    Largest truncation error: 7.25942e-15
    Energy after sweep 85/87 is -233.895134105354
    Sweep 85/87 CPU time = 3h, 16m, 15s (Wall time = 13m, 11s)

    vN Entropy at center bond b=151 = 1.331313462711
    Eigs at center bond b=151: 0.5420 0.2255 0.1283 0.0533 0.0230 0.0095 0.0054 0.0041 0.0023 0.0017 
    Largest link dim during sweep 86/87 was 872
    Largest truncation error: 7.20627e-15
    Energy after sweep 86/87 is -233.895134105343
    Sweep 86/87 CPU time = 3h, 12m, 39s (Wall time = 12m, 59s)

    vN Entropy at center bond b=151 = 1.331313462927
    Eigs at center bond b=151: 0.5420 0.2255 0.1283 0.0533 0.0230 0.0095 0.0054 0.0041 0.0023 0.0017 
    Largest link dim during sweep 87/87 was 874
    Largest truncation error: 7.20887e-15
    Energy after sweep 87/87 is -233.895134105348
    Sweep 87/87 CPU time = 3h, 14m, 45s (Wall time = 13m, 8s)
Initial energy = 151.59000

Ground State Energy = -233.8951341053
run_outputs/outputpsi/N_303_sweep_87_t_0.030000_J_1.000000_V_0.600000_D_0.018000_U_0.100000_mu_1.000000_E_0.030000 converge
Wall-clock time (s) = 43290.779623
