//////////////////////////
Reading input file ......

Got input.N = 303
Got input.t = 0.03
Got input.J = 1
Got input.V = 0.6
Got input.D = 0.018
Got input.U = 0.5
Got input.mu = 1
Got input.E = 0.03
Got input.nsweeps = 87
Sweeps:
1  MaxDim=20, MinDim=20, Cutoff=1.0E-06, Niter=8, Noise=1.0E-05
2  MaxDim=20, MinDim=20, Cutoff=1.0E-06, Niter=8, Noise=1.0E-05
3  MaxDim=20, MinDim=20, Cutoff=1.0E-06, Niter=8, Noise=1.0E-05
4  MaxDim=20, MinDim=20, Cutoff=1.0E-06, Niter=8, Noise=1.0E-05
5  MaxDim=20, MinDim=20, Cutoff=1.0E-06, Niter=8, Noise=1.0E-05
6  MaxDim=20, MinDim=20, Cutoff=1.0E-06, Niter=8, Noise=1.0E-05
7  MaxDim=20, MinDim=20, Cutoff=1.0E-06, Niter=8, Noise=1.0E-05
8  MaxDim=40, MinDim=20, Cutoff=1.0E-06, Niter=4, Noise=1.0E-05
9  MaxDim=40, MinDim=20, Cutoff=1.0E-06, Niter=4, Noise=1.0E-05
10  MaxDim=40, MinDim=20, Cutoff=1.0E-06, Niter=4, Noise=1.0E-05
11  MaxDim=40, MinDim=20, Cutoff=1.0E-06, Niter=4, Noise=1.0E-05
12  MaxDim=40, MinDim=20, Cutoff=1.0E-06, Niter=4, Noise=1.0E-05
13  MaxDim=40, MinDim=20, Cutoff=1.0E-06, Niter=4, Noise=1.0E-05
14  MaxDim=40, MinDim=20, Cutoff=1.0E-06, Niter=4, Noise=1.0E-05
15  MaxDim=80, MinDim=10, Cutoff=1.0E-06, Niter=4, Noise=1.0E-05
16  MaxDim=80, MinDim=10, Cutoff=1.0E-06, Niter=4, Noise=1.0E-05
17  MaxDim=80, MinDim=10, Cutoff=1.0E-06, Niter=4, Noise=1.0E-05
18  MaxDim=80, MinDim=10, Cutoff=1.0E-06, Niter=4, Noise=1.0E-05
19  MaxDim=80, MinDim=10, Cutoff=1.0E-06, Niter=4, Noise=1.0E-05
20  MaxDim=80, MinDim=10, Cutoff=1.0E-06, Niter=4, Noise=1.0E-05
21  MaxDim=80, MinDim=10, Cutoff=1.0E-06, Niter=4, Noise=1.0E-05
22  MaxDim=80, MinDim=10, Cutoff=1.0E-06, Niter=4, Noise=1.0E-05
23  MaxDim=80, MinDim=10, Cutoff=1.0E-06, Niter=4, Noise=1.0E-05
24  MaxDim=80, MinDim=10, Cutoff=1.0E-06, Niter=4, Noise=1.0E-05
25  MaxDim=80, MinDim=10, Cutoff=1.0E-06, Niter=4, Noise=1.0E-05
26  MaxDim=80, MinDim=10, Cutoff=1.0E-06, Niter=4, Noise=1.0E-05
27  MaxDim=80, MinDim=10, Cutoff=1.0E-06, Niter=4, Noise=1.0E-05
28  MaxDim=80, MinDim=10, Cutoff=1.0E-06, Niter=4, Noise=1.0E-05
29  MaxDim=80, MinDim=10, Cutoff=1.0E-06, Niter=4, Noise=1.0E-05
30  MaxDim=80, MinDim=10, Cutoff=1.0E-06, Niter=4, Noise=1.0E-05
31  MaxDim=80, MinDim=10, Cutoff=1.0E-06, Niter=4, Noise=1.0E-05
32  MaxDim=80, MinDim=10, Cutoff=1.0E-06, Niter=4, Noise=1.0E-05
33  MaxDim=80, MinDim=10, Cutoff=1.0E-06, Niter=4, Noise=1.0E-05
34  MaxDim=80, MinDim=10, Cutoff=1.0E-06, Niter=4, Noise=1.0E-05
35  MaxDim=80, MinDim=10, Cutoff=1.0E-06, Niter=4, Noise=1.0E-05
36  MaxDim=80, MinDim=10, Cutoff=1.0E-06, Niter=4, Noise=1.0E-05
37  MaxDim=160, MinDim=10, Cutoff=1.0E-08, Niter=4, Noise=1.0E-06
38  MaxDim=160, MinDim=10, Cutoff=1.0E-08, Niter=4, Noise=1.0E-06
39  MaxDim=160, MinDim=10, Cutoff=1.0E-08, Niter=4, Noise=1.0E-06
40  MaxDim=160, MinDim=10, Cutoff=1.0E-08, Niter=4, Noise=1.0E-06
41  MaxDim=160, MinDim=10, Cutoff=1.0E-08, Niter=4, Noise=1.0E-06
42  MaxDim=160, MinDim=10, Cutoff=1.0E-08, Niter=4, Noise=1.0E-06
43  MaxDim=160, MinDim=10, Cutoff=1.0E-08, Niter=4, Noise=1.0E-06
44  MaxDim=160, MinDim=10, Cutoff=1.0E-08, Niter=4, Noise=1.0E-06
45  MaxDim=160, MinDim=10, Cutoff=1.0E-08, Niter=4, Noise=1.0E-06
46  MaxDim=160, MinDim=10, Cutoff=1.0E-08, Niter=4, Noise=1.0E-06
47  MaxDim=160, MinDim=10, Cutoff=1.0E-08, Niter=4, Noise=1.0E-06
48  MaxDim=160, MinDim=10, Cutoff=1.0E-08, Niter=4, Noise=1.0E-06
49  MaxDim=160, MinDim=10, Cutoff=1.0E-08, Niter=4, Noise=1.0E-06
50  MaxDim=160, MinDim=10, Cutoff=1.0E-08, Niter=4, Noise=1.0E-06
51  MaxDim=160, MinDim=10, Cutoff=1.0E-08, Niter=4, Noise=1.0E-06
52  MaxDim=160, MinDim=10, Cutoff=1.0E-08, Niter=4, Noise=1.0E-06
53  MaxDim=160, MinDim=10, Cutoff=1.0E-08, Niter=4, Noise=1.0E-06
54  MaxDim=160, MinDim=10, Cutoff=1.0E-08, Niter=4, Noise=1.0E-06
55  MaxDim=160, MinDim=10, Cutoff=1.0E-08, Niter=4, Noise=1.0E-06
56  MaxDim=160, MinDim=10, Cutoff=1.0E-08, Niter=4, Noise=1.0E-06
57  MaxDim=160, MinDim=10, Cutoff=1.0E-08, Niter=4, Noise=1.0E-06
58  MaxDim=160, MinDim=10, Cutoff=1.0E-08, Niter=4, Noise=1.0E-06
59  MaxDim=320, MinDim=10, Cutoff=1.0E-10, Niter=4, Noise=1.0E-07
60  MaxDim=320, MinDim=10, Cutoff=1.0E-10, Niter=4, Noise=1.0E-07
61  MaxDim=320, MinDim=10, Cutoff=1.0E-10, Niter=4, Noise=1.0E-07
62  MaxDim=320, MinDim=10, Cutoff=1.0E-10, Niter=4, Noise=1.0E-07
63  MaxDim=320, MinDim=10, Cutoff=1.0E-10, Niter=4, Noise=1.0E-07
64  MaxDim=320, MinDim=10, Cutoff=1.0E-10, Niter=4, Noise=1.0E-07
65  MaxDim=320, MinDim=10, Cutoff=1.0E-10, Niter=4, Noise=1.0E-07
66  MaxDim=320, MinDim=10, Cutoff=1.0E-10, Niter=4, Noise=1.0E-07
67  MaxDim=320, MinDim=10, Cutoff=1.0E-10, Niter=4, Noise=1.0E-07
68  MaxDim=320, MinDim=10, Cutoff=1.0E-10, Niter=4, Noise=1.0E-07
69  MaxDim=320, MinDim=10, Cutoff=1.0E-10, Niter=4, Noise=1.0E-07
70  MaxDim=320, MinDim=10, Cutoff=1.0E-10, Niter=4, Noise=1.0E-07
71  MaxDim=320, MinDim=10, Cutoff=1.0E-10, Niter=4, Noise=1.0E-07
72  MaxDim=320, MinDim=10, Cutoff=1.0E-10, Niter=4, Noise=1.0E-07
73  MaxDim=320, MinDim=10, Cutoff=1.0E-10, Niter=4, Noise=1.0E-07
74  MaxDim=320, MinDim=10, Cutoff=1.0E-10, Niter=4, Noise=1.0E-07
75  MaxDim=640, MinDim=10, Cutoff=1.0E-12, Niter=2, Noise=1.0E-08
76  MaxDim=640, MinDim=10, Cutoff=1.0E-12, Niter=2, Noise=1.0E-08
77  MaxDim=640, MinDim=10, Cutoff=1.0E-12, Niter=2, Noise=1.0E-08
78  MaxDim=640, MinDim=10, Cutoff=1.0E-12, Niter=2, Noise=1.0E-08
79  MaxDim=640, MinDim=10, Cutoff=1.0E-12, Niter=2, Noise=1.0E-08
80  MaxDim=640, MinDim=10, Cutoff=1.0E-12, Niter=2, Noise=1.0E-08
81  MaxDim=640, MinDim=10, Cutoff=1.0E-12, Niter=2, Noise=1.0E-08
82  MaxDim=640, MinDim=10, Cutoff=1.0E-12, Niter=2, Noise=1.0E-08
83  MaxDim=1280, MinDim=10, Cutoff=1.0E-12, Niter=2, Noise=0.0E+00
84  MaxDim=1280, MinDim=10, Cutoff=1.0E-14, Niter=2, Noise=0.0E+00
85  MaxDim=1280, MinDim=10, Cutoff=1.0E-14, Niter=2, Noise=0.0E+00
86  MaxDim=1280, MinDim=10, Cutoff=1.0E-14, Niter=2, Noise=0.0E+00
87  MaxDim=1280, MinDim=10, Cutoff=1.0E-14, Niter=2, Noise=0.0E+00


    vN Entropy at center bond b=151 = 0.719638232685
    Eigs at center bond b=151: 0.6954 0.2832 0.0101 0.0057 0.0037 0.0014 
    Largest link dim during sweep 1/87 was 20
    Largest truncation error: 6.90635e-06
    Energy after sweep 1/87 is -177.363913991600
    Sweep 1/87 CPU time = 24.57s (Wall time = 1.794s)

    vN Entropy at center bond b=151 = 0.793442018703
    Eigs at center bond b=151: 0.6645 0.3002 0.0193 0.0079 0.0059 0.0016 
    Largest link dim during sweep 2/87 was 20
    Largest truncation error: 1.67682e-06
    Energy after sweep 2/87 is -177.386916862969
    Sweep 2/87 CPU time = 30.18s (Wall time = 1.935s)

    vN Entropy at center bond b=151 = 0.793500020583
    Eigs at center bond b=151: 0.6645 0.3002 0.0193 0.0079 0.0059 0.0016 
    Largest link dim during sweep 3/87 was 20
    Largest truncation error: 1.70822e-06
    Energy after sweep 3/87 is -177.386922687540
    Sweep 3/87 CPU time = 30.01s (Wall time = 1.924s)

    vN Entropy at center bond b=151 = 0.793501567244
    Eigs at center bond b=151: 0.6645 0.3002 0.0193 0.0079 0.0059 0.0016 
    Largest link dim during sweep 4/87 was 20
    Largest truncation error: 1.71043e-06
    Energy after sweep 4/87 is -177.386923060790
    Sweep 4/87 CPU time = 30.21s (Wall time = 1.938s)

    vN Entropy at center bond b=151 = 0.793501747427
    Eigs at center bond b=151: 0.6645 0.3002 0.0193 0.0079 0.0059 0.0016 
    Largest link dim during sweep 5/87 was 20
    Largest truncation error: 1.7106e-06
    Energy after sweep 5/87 is -177.386923082704
    Sweep 5/87 CPU time = 30.20s (Wall time = 1.938s)

    vN Entropy at center bond b=151 = 0.793501778165
    Eigs at center bond b=151: 0.6645 0.3002 0.0193 0.0079 0.0059 0.0016 
    Largest link dim during sweep 6/87 was 20
    Largest truncation error: 1.71061e-06
    Energy after sweep 6/87 is -177.386923066491
    Sweep 6/87 CPU time = 30.18s (Wall time = 1.930s)

    vN Entropy at center bond b=151 = 0.793501783906
    Eigs at center bond b=151: 0.6645 0.3002 0.0193 0.0079 0.0059 0.0016 
    Largest link dim during sweep 7/87 was 20
    Largest truncation error: 1.71061e-06
    Energy after sweep 7/87 is -177.386923054190
    Sweep 7/87 CPU time = 30.11s (Wall time = 1.928s)

    vN Entropy at center bond b=151 = 0.793729033580
    Eigs at center bond b=151: 0.6645 0.3002 0.0193 0.0079 0.0059 0.0016 
    Largest link dim during sweep 8/87 was 24
    Largest truncation error: 7.49987e-07
    Energy after sweep 8/87 is -177.387939847006
    Sweep 8/87 CPU time = 17.87s (Wall time = 1.145s)

    vN Entropy at center bond b=151 = 0.793747473907
    Eigs at center bond b=151: 0.6645 0.3002 0.0193 0.0079 0.0059 0.0016 
    Largest link dim during sweep 9/87 was 24
    Largest truncation error: 7.49678e-07
    Energy after sweep 9/87 is -177.387940653070
    Sweep 9/87 CPU time = 18.24s (Wall time = 1.171s)

    vN Entropy at center bond b=151 = 0.793747603156
    Eigs at center bond b=151: 0.6645 0.3002 0.0193 0.0079 0.0059 0.0016 
    Largest link dim during sweep 10/87 was 24
    Largest truncation error: 7.49819e-07
    Energy after sweep 10/87 is -177.387940619968
    Sweep 10/87 CPU time = 18.14s (Wall time = 1.168s)

    vN Entropy at center bond b=151 = 0.793747604642
    Eigs at center bond b=151: 0.6645 0.3002 0.0193 0.0079 0.0059 0.0016 
    Largest link dim during sweep 11/87 was 24
    Largest truncation error: 7.49824e-07
    Energy after sweep 11/87 is -177.387940617690
    Sweep 11/87 CPU time = 18.24s (Wall time = 1.168s)

    vN Entropy at center bond b=151 = 0.793747604696
    Eigs at center bond b=151: 0.6645 0.3002 0.0193 0.0079 0.0059 0.0016 
    Largest link dim during sweep 12/87 was 24
    Largest truncation error: 7.49824e-07
    Energy after sweep 12/87 is -177.387940617554
    Sweep 12/87 CPU time = 18.35s (Wall time = 1.174s)

    vN Entropy at center bond b=151 = 0.793747604702
    Eigs at center bond b=151: 0.6645 0.3002 0.0193 0.0079 0.0059 0.0016 
    Largest link dim during sweep 13/87 was 24
    Largest truncation error: 7.49824e-07
    Energy after sweep 13/87 is -177.387940617546
    Sweep 13/87 CPU time = 18.32s (Wall time = 1.173s)

    vN Entropy at center bond b=151 = 0.793747604702
    Eigs at center bond b=151: 0.6645 0.3002 0.0193 0.0079 0.0059 0.0016 
    Largest link dim during sweep 14/87 was 24
    Largest truncation error: 7.49824e-07
    Energy after sweep 14/87 is -177.387940617545
    Sweep 14/87 CPU time = 18.36s (Wall time = 1.175s)

    vN Entropy at center bond b=151 = 0.793747604741
    Eigs at center bond b=151: 0.6645 0.3002 0.0193 0.0079 0.0059 0.0016 
    Largest link dim during sweep 15/87 was 24
    Largest truncation error: 7.49824e-07
    Energy after sweep 15/87 is -177.387929729305
    Sweep 15/87 CPU time = 18.13s (Wall time = 1.163s)

    vN Entropy at center bond b=151 = 0.793747604741
    Eigs at center bond b=151: 0.6645 0.3002 0.0193 0.0079 0.0059 0.0016 
    Largest link dim during sweep 16/87 was 24
    Largest truncation error: 7.49824e-07
    Energy after sweep 16/87 is -177.387929723247
    Sweep 16/87 CPU time = 18.20s (Wall time = 1.166s)

    vN Entropy at center bond b=151 = 0.793747604741
    Eigs at center bond b=151: 0.6645 0.3002 0.0193 0.0079 0.0059 0.0016 
    Largest link dim during sweep 17/87 was 24
    Largest truncation error: 7.49824e-07
    Energy after sweep 17/87 is -177.387929719373
    Sweep 17/87 CPU time = 18.17s (Wall time = 1.163s)

    vN Entropy at center bond b=151 = 0.793747604741
    Eigs at center bond b=151: 0.6645 0.3002 0.0193 0.0079 0.0059 0.0016 
    Largest link dim during sweep 18/87 was 24
    Largest truncation error: 7.49824e-07
    Energy after sweep 18/87 is -177.387929718410
    Sweep 18/87 CPU time = 18.13s (Wall time = 1.160s)

    vN Entropy at center bond b=151 = 0.793747604741
    Eigs at center bond b=151: 0.6645 0.3002 0.0193 0.0079 0.0059 0.0016 
    Largest link dim during sweep 19/87 was 24
    Largest truncation error: 7.49824e-07
    Energy after sweep 19/87 is -177.387929718207
    Sweep 19/87 CPU time = 18.12s (Wall time = 1.164s)

    vN Entropy at center bond b=151 = 0.793747604741
    Eigs at center bond b=151: 0.6645 0.3002 0.0193 0.0079 0.0059 0.0016 
    Largest link dim during sweep 20/87 was 24
    Largest truncation error: 7.49824e-07
    Energy after sweep 20/87 is -177.387929718168
    Sweep 20/87 CPU time = 18.11s (Wall time = 1.161s)

    vN Entropy at center bond b=151 = 0.793747604741
    Eigs at center bond b=151: 0.6645 0.3002 0.0193 0.0079 0.0059 0.0016 
    Largest link dim during sweep 21/87 was 24
    Largest truncation error: 7.49824e-07
    Energy after sweep 21/87 is -177.387929718157
    Sweep 21/87 CPU time = 18.16s (Wall time = 1.165s)

    vN Entropy at center bond b=151 = 0.793747604741
    Eigs at center bond b=151: 0.6645 0.3002 0.0193 0.0079 0.0059 0.0016 
    Largest link dim during sweep 22/87 was 24
    Largest truncation error: 7.49824e-07
    Energy after sweep 22/87 is -177.387929718157
    Sweep 22/87 CPU time = 18.11s (Wall time = 1.161s)

    vN Entropy at center bond b=151 = 0.793747604741
    Eigs at center bond b=151: 0.6645 0.3002 0.0193 0.0079 0.0059 0.0016 
    Largest link dim during sweep 23/87 was 24
    Largest truncation error: 7.49824e-07
    Energy after sweep 23/87 is -177.387929718154
    Sweep 23/87 CPU time = 18.16s (Wall time = 1.165s)

    vN Entropy at center bond b=151 = 0.793747604741
    Eigs at center bond b=151: 0.6645 0.3002 0.0193 0.0079 0.0059 0.0016 
    Largest link dim during sweep 24/87 was 24
    Largest truncation error: 7.49824e-07
    Energy after sweep 24/87 is -177.387929718155
    Sweep 24/87 CPU time = 18.21s (Wall time = 1.173s)

    vN Entropy at center bond b=151 = 0.793747604741
    Eigs at center bond b=151: 0.6645 0.3002 0.0193 0.0079 0.0059 0.0016 
    Largest link dim during sweep 25/87 was 24
    Largest truncation error: 7.49824e-07
    Energy after sweep 25/87 is -177.387929718159
    Sweep 25/87 CPU time = 18.14s (Wall time = 1.171s)

    vN Entropy at center bond b=151 = 0.793747604741
    Eigs at center bond b=151: 0.6645 0.3002 0.0193 0.0079 0.0059 0.0016 
    Largest link dim during sweep 26/87 was 24
    Largest truncation error: 7.49824e-07
    Energy after sweep 26/87 is -177.387929718158
    Sweep 26/87 CPU time = 18.15s (Wall time = 1.167s)

    vN Entropy at center bond b=151 = 0.793747604741
    Eigs at center bond b=151: 0.6645 0.3002 0.0193 0.0079 0.0059 0.0016 
    Largest link dim during sweep 27/87 was 24
    Largest truncation error: 7.49824e-07
    Energy after sweep 27/87 is -177.387929718157
    Sweep 27/87 CPU time = 18.15s (Wall time = 1.162s)

    vN Entropy at center bond b=151 = 0.793747604741
    Eigs at center bond b=151: 0.6645 0.3002 0.0193 0.0079 0.0059 0.0016 
    Largest link dim during sweep 28/87 was 24
    Largest truncation error: 7.49824e-07
    Energy after sweep 28/87 is -177.387929718156
    Sweep 28/87 CPU time = 18.13s (Wall time = 1.161s)

    vN Entropy at center bond b=151 = 0.793747604741
    Eigs at center bond b=151: 0.6645 0.3002 0.0193 0.0079 0.0059 0.0016 
    Largest link dim during sweep 29/87 was 24
    Largest truncation error: 7.49824e-07
    Energy after sweep 29/87 is -177.387929718155
    Sweep 29/87 CPU time = 18.16s (Wall time = 1.166s)

    vN Entropy at center bond b=151 = 0.793747604741
    Eigs at center bond b=151: 0.6645 0.3002 0.0193 0.0079 0.0059 0.0016 
    Largest link dim during sweep 30/87 was 24
    Largest truncation error: 7.49824e-07
    Energy after sweep 30/87 is -177.387929718156
    Sweep 30/87 CPU time = 18.23s (Wall time = 1.165s)

    vN Entropy at center bond b=151 = 0.793747604741
    Eigs at center bond b=151: 0.6645 0.3002 0.0193 0.0079 0.0059 0.0016 
    Largest link dim during sweep 31/87 was 24
    Largest truncation error: 7.49824e-07
    Energy after sweep 31/87 is -177.387929718156
    Sweep 31/87 CPU time = 18.23s (Wall time = 1.168s)

    vN Entropy at center bond b=151 = 0.793747604741
    Eigs at center bond b=151: 0.6645 0.3002 0.0193 0.0079 0.0059 0.0016 
    Largest link dim during sweep 32/87 was 24
    Largest truncation error: 7.49824e-07
    Energy after sweep 32/87 is -177.387929718154
    Sweep 32/87 CPU time = 18.15s (Wall time = 1.164s)

    vN Entropy at center bond b=151 = 0.793747604741
    Eigs at center bond b=151: 0.6645 0.3002 0.0193 0.0079 0.0059 0.0016 
    Largest link dim during sweep 33/87 was 24
    Largest truncation error: 7.49824e-07
    Energy after sweep 33/87 is -177.387929718155
    Sweep 33/87 CPU time = 18.12s (Wall time = 1.161s)

    vN Entropy at center bond b=151 = 0.793747604741
    Eigs at center bond b=151: 0.6645 0.3002 0.0193 0.0079 0.0059 0.0016 
    Largest link dim during sweep 34/87 was 24
    Largest truncation error: 7.49824e-07
    Energy after sweep 34/87 is -177.387929718159
    Sweep 34/87 CPU time = 18.04s (Wall time = 1.154s)

    vN Entropy at center bond b=151 = 0.793747604741
    Eigs at center bond b=151: 0.6645 0.3002 0.0193 0.0079 0.0059 0.0016 
    Largest link dim during sweep 35/87 was 24
    Largest truncation error: 7.49824e-07
    Energy after sweep 35/87 is -177.387929718155
    Sweep 35/87 CPU time = 18.12s (Wall time = 1.159s)

    vN Entropy at center bond b=151 = 0.793747604741
    Eigs at center bond b=151: 0.6645 0.3002 0.0193 0.0079 0.0059 0.0016 
    Largest link dim during sweep 36/87 was 24
    Largest truncation error: 7.49824e-07
    Energy after sweep 36/87 is -177.387929718155
    Sweep 36/87 CPU time = 18.20s (Wall time = 1.165s)

    vN Entropy at center bond b=151 = 0.794389737042
    Eigs at center bond b=151: 0.6643 0.3002 0.0193 0.0079 0.0060 0.0016 
    Largest link dim during sweep 37/87 was 48
    Largest truncation error: 7.76164e-09
    Energy after sweep 37/87 is -177.388878086897
    Sweep 37/87 CPU time = 42.90s (Wall time = 2.758s)

    vN Entropy at center bond b=151 = 0.794436161932
    Eigs at center bond b=151: 0.6643 0.3002 0.0194 0.0079 0.0060 0.0016 
    Largest link dim during sweep 38/87 was 50
    Largest truncation error: 7.76226e-09
    Energy after sweep 38/87 is -177.388881831746
    Sweep 38/87 CPU time = 1m, 2.5s (Wall time = 4.014s)

    vN Entropy at center bond b=151 = 0.794436693116
    Eigs at center bond b=151: 0.6643 0.3002 0.0194 0.0079 0.0060 0.0016 
    Largest link dim during sweep 39/87 was 50
    Largest truncation error: 7.76227e-09
    Energy after sweep 39/87 is -177.388881861628
    Sweep 39/87 CPU time = 1m, 5.2s (Wall time = 4.183s)

    vN Entropy at center bond b=151 = 0.794436707473
    Eigs at center bond b=151: 0.6643 0.3002 0.0194 0.0079 0.0060 0.0016 
    Largest link dim during sweep 40/87 was 50
    Largest truncation error: 7.76227e-09
    Energy after sweep 40/87 is -177.388881863096
    Sweep 40/87 CPU time = 1m, 5.3s (Wall time = 4.191s)

    vN Entropy at center bond b=151 = 0.794436708029
    Eigs at center bond b=151: 0.6643 0.3002 0.0194 0.0079 0.0060 0.0016 
    Largest link dim during sweep 41/87 was 50
    Largest truncation error: 7.76227e-09
    Energy after sweep 41/87 is -177.388881863185
    Sweep 41/87 CPU time = 1m, 5.1s (Wall time = 4.176s)

    vN Entropy at center bond b=151 = 0.794436708055
    Eigs at center bond b=151: 0.6643 0.3002 0.0194 0.0079 0.0060 0.0016 
    Largest link dim during sweep 42/87 was 50
    Largest truncation error: 7.76227e-09
    Energy after sweep 42/87 is -177.388881863192
    Sweep 42/87 CPU time = 1m, 5.1s (Wall time = 4.178s)

    vN Entropy at center bond b=151 = 0.794436708056
    Eigs at center bond b=151: 0.6643 0.3002 0.0194 0.0079 0.0060 0.0016 
    Largest link dim during sweep 43/87 was 50
    Largest truncation error: 7.76227e-09
    Energy after sweep 43/87 is -177.388881863191
    Sweep 43/87 CPU time = 1m, 5.2s (Wall time = 4.182s)

    vN Entropy at center bond b=151 = 0.794436708056
    Eigs at center bond b=151: 0.6643 0.3002 0.0194 0.0079 0.0060 0.0016 
    Largest link dim during sweep 44/87 was 50
    Largest truncation error: 7.76227e-09
    Energy after sweep 44/87 is -177.388881863191
    Sweep 44/87 CPU time = 1m, 5.1s (Wall time = 4.177s)

    vN Entropy at center bond b=151 = 0.794436708056
    Eigs at center bond b=151: 0.6643 0.3002 0.0194 0.0079 0.0060 0.0016 
    Largest link dim during sweep 45/87 was 50
    Largest truncation error: 7.76227e-09
    Energy after sweep 45/87 is -177.388881863194
    Sweep 45/87 CPU time = 1m, 5.2s (Wall time = 4.188s)

    vN Entropy at center bond b=151 = 0.794436708056
    Eigs at center bond b=151: 0.6643 0.3002 0.0194 0.0079 0.0060 0.0016 
    Largest link dim during sweep 46/87 was 50
    Largest truncation error: 7.76227e-09
    Energy after sweep 46/87 is -177.388881863190
    Sweep 46/87 CPU time = 1m, 5.1s (Wall time = 4.176s)

    vN Entropy at center bond b=151 = 0.794436708056
    Eigs at center bond b=151: 0.6643 0.3002 0.0194 0.0079 0.0060 0.0016 
    Largest link dim during sweep 47/87 was 50
    Largest truncation error: 7.76227e-09
    Energy after sweep 47/87 is -177.388881863192
    Sweep 47/87 CPU time = 1m, 4.9s (Wall time = 4.166s)

    vN Entropy at center bond b=151 = 0.794436708056
    Eigs at center bond b=151: 0.6643 0.3002 0.0194 0.0079 0.0060 0.0016 
    Largest link dim during sweep 48/87 was 50
    Largest truncation error: 7.76227e-09
    Energy after sweep 48/87 is -177.388881863191
    Sweep 48/87 CPU time = 1m, 4.8s (Wall time = 4.159s)

    vN Entropy at center bond b=151 = 0.794436708056
    Eigs at center bond b=151: 0.6643 0.3002 0.0194 0.0079 0.0060 0.0016 
    Largest link dim during sweep 49/87 was 50
    Largest truncation error: 7.76227e-09
    Energy after sweep 49/87 is -177.388881863191
    Sweep 49/87 CPU time = 1m, 5.0s (Wall time = 4.176s)

    vN Entropy at center bond b=151 = 0.794436708056
    Eigs at center bond b=151: 0.6643 0.3002 0.0194 0.0079 0.0060 0.0016 
    Largest link dim during sweep 50/87 was 50
    Largest truncation error: 7.76227e-09
    Energy after sweep 50/87 is -177.388881863195
    Sweep 50/87 CPU time = 1m, 5.0s (Wall time = 4.173s)

    vN Entropy at center bond b=151 = 0.794436708056
    Eigs at center bond b=151: 0.6643 0.3002 0.0194 0.0079 0.0060 0.0016 
    Largest link dim during sweep 51/87 was 50
    Largest truncation error: 7.76227e-09
    Energy after sweep 51/87 is -177.388881863194
    Sweep 51/87 CPU time = 1m, 4.8s (Wall time = 4.159s)

    vN Entropy at center bond b=151 = 0.794436708056
    Eigs at center bond b=151: 0.6643 0.3002 0.0194 0.0079 0.0060 0.0016 
    Largest link dim during sweep 52/87 was 50
    Largest truncation error: 7.76227e-09
    Energy after sweep 52/87 is -177.388881863193
    Sweep 52/87 CPU time = 1m, 5.1s (Wall time = 4.185s)

    vN Entropy at center bond b=151 = 0.794436708056
    Eigs at center bond b=151: 0.6643 0.3002 0.0194 0.0079 0.0060 0.0016 
    Largest link dim during sweep 53/87 was 50
    Largest truncation error: 7.76227e-09
    Energy after sweep 53/87 is -177.388881863192
    Sweep 53/87 CPU time = 1m, 5.1s (Wall time = 4.224s)

    vN Entropy at center bond b=151 = 0.794436708056
    Eigs at center bond b=151: 0.6643 0.3002 0.0194 0.0079 0.0060 0.0016 
    Largest link dim during sweep 54/87 was 50
    Largest truncation error: 7.76227e-09
    Energy after sweep 54/87 is -177.388881863194
    Sweep 54/87 CPU time = 1m, 4.7s (Wall time = 4.155s)

    vN Entropy at center bond b=151 = 0.794436708056
    Eigs at center bond b=151: 0.6643 0.3002 0.0194 0.0079 0.0060 0.0016 
    Largest link dim during sweep 55/87 was 50
    Largest truncation error: 7.76227e-09
    Energy after sweep 55/87 is -177.388881863191
    Sweep 55/87 CPU time = 1m, 5.2s (Wall time = 4.202s)

    vN Entropy at center bond b=151 = 0.794436708056
    Eigs at center bond b=151: 0.6643 0.3002 0.0194 0.0079 0.0060 0.0016 
    Largest link dim during sweep 56/87 was 50
    Largest truncation error: 7.76227e-09
    Energy after sweep 56/87 is -177.388881863191
    Sweep 56/87 CPU time = 1m, 5.0s (Wall time = 4.195s)

    vN Entropy at center bond b=151 = 0.794436708056
    Eigs at center bond b=151: 0.6643 0.3002 0.0194 0.0079 0.0060 0.0016 
    Largest link dim during sweep 57/87 was 50
    Largest truncation error: 7.76227e-09
    Energy after sweep 57/87 is -177.388881863191
    Sweep 57/87 CPU time = 1m, 4.7s (Wall time = 4.148s)

    vN Entropy at center bond b=151 = 0.794436708056
    Eigs at center bond b=151: 0.6643 0.3002 0.0194 0.0079 0.0060 0.0016 
    Largest link dim during sweep 58/87 was 50
    Largest truncation error: 7.76227e-09
    Energy after sweep 58/87 is -177.388881863191
    Sweep 58/87 CPU time = 1m, 5.0s (Wall time = 4.175s)

    vN Entropy at center bond b=151 = 0.794470613304
    Eigs at center bond b=151: 0.6643 0.3002 0.0194 0.0079 0.0060 0.0016 
    Largest link dim during sweep 59/87 was 91
    Largest truncation error: 7.50034e-11
    Energy after sweep 59/87 is -177.388895100790
    Sweep 59/87 CPU time = 2m, 58.8s (Wall time = 11.58s)

    vN Entropy at center bond b=151 = 0.794471639407
    Eigs at center bond b=151: 0.6643 0.3002 0.0194 0.0079 0.0060 0.0016 
    Largest link dim during sweep 60/87 was 93
    Largest truncation error: 7.49787e-11
    Energy after sweep 60/87 is -177.388895136436
    Sweep 60/87 CPU time = 4m, 5.7s (Wall time = 15.77s)

    vN Entropy at center bond b=151 = 0.794471658527
    Eigs at center bond b=151: 0.6643 0.3002 0.0194 0.0079 0.0060 0.0016 
    Largest link dim during sweep 61/87 was 93
    Largest truncation error: 7.5025e-11
    Energy after sweep 61/87 is -177.388895140456
    Sweep 61/87 CPU time = 3m, 41.4s (Wall time = 14.37s)

    vN Entropy at center bond b=151 = 0.794471659510
    Eigs at center bond b=151: 0.6643 0.3002 0.0194 0.0079 0.0060 0.0016 
    Largest link dim during sweep 62/87 was 93
    Largest truncation error: 7.50012e-11
    Energy after sweep 62/87 is -177.388895140450
    Sweep 62/87 CPU time = 3m, 43.1s (Wall time = 14.30s)

    vN Entropy at center bond b=151 = 0.794471659564
    Eigs at center bond b=151: 0.6643 0.3002 0.0194 0.0079 0.0060 0.0016 
    Largest link dim during sweep 63/87 was 93
    Largest truncation error: 7.50026e-11
    Energy after sweep 63/87 is -177.388895140449
    Sweep 63/87 CPU time = 3m, 43.1s (Wall time = 14.33s)

    vN Entropy at center bond b=151 = 0.794471659566
    Eigs at center bond b=151: 0.6643 0.3002 0.0194 0.0079 0.0060 0.0016 
    Largest link dim during sweep 64/87 was 93
    Largest truncation error: 7.50024e-11
    Energy after sweep 64/87 is -177.388895140447
    Sweep 64/87 CPU time = 3m, 43.8s (Wall time = 14.37s)

    vN Entropy at center bond b=151 = 0.794471659566
    Eigs at center bond b=151: 0.6643 0.3002 0.0194 0.0079 0.0060 0.0016 
    Largest link dim during sweep 65/87 was 93
    Largest truncation error: 7.50027e-11
    Energy after sweep 65/87 is -177.388895140449
    Sweep 65/87 CPU time = 3m, 44.8s (Wall time = 14.54s)

    vN Entropy at center bond b=151 = 0.794471659565
    Eigs at center bond b=151: 0.6643 0.3002 0.0194 0.0079 0.0060 0.0016 
    Largest link dim during sweep 66/87 was 93
    Largest truncation error: 7.50025e-11
    Energy after sweep 66/87 is -177.388895140447
    Sweep 66/87 CPU time = 3m, 44.7s (Wall time = 14.49s)

    vN Entropy at center bond b=151 = 0.794471659565
    Eigs at center bond b=151: 0.6643 0.3002 0.0194 0.0079 0.0060 0.0016 
    Largest link dim during sweep 67/87 was 93
    Largest truncation error: 7.50023e-11
    Energy after sweep 67/87 is -177.388895140446
    Sweep 67/87 CPU time = 3m, 49.7s (Wall time = 14.75s)

    vN Entropy at center bond b=151 = 0.794471659565
    Eigs at center bond b=151: 0.6643 0.3002 0.0194 0.0079 0.0060 0.0016 
    Largest link dim during sweep 68/87 was 93
    Largest truncation error: 7.50024e-11
    Energy after sweep 68/87 is -177.388895140447
    Sweep 68/87 CPU time = 3m, 50.1s (Wall time = 14.78s)

    vN Entropy at center bond b=151 = 0.794471659565
    Eigs at center bond b=151: 0.6643 0.3002 0.0194 0.0079 0.0060 0.0016 
    Largest link dim during sweep 69/87 was 93
    Largest truncation error: 7.50024e-11
    Energy after sweep 69/87 is -177.388895140447
    Sweep 69/87 CPU time = 3m, 49.3s (Wall time = 14.73s)

    vN Entropy at center bond b=151 = 0.794471659565
    Eigs at center bond b=151: 0.6643 0.3002 0.0194 0.0079 0.0060 0.0016 
    Largest link dim during sweep 70/87 was 93
    Largest truncation error: 7.50028e-11
    Energy after sweep 70/87 is -177.388895140447
    Sweep 70/87 CPU time = 3m, 48.6s (Wall time = 14.85s)

    vN Entropy at center bond b=151 = 0.794471659565
    Eigs at center bond b=151: 0.6643 0.3002 0.0194 0.0079 0.0060 0.0016 
    Largest link dim during sweep 71/87 was 93
    Largest truncation error: 7.50028e-11
    Energy after sweep 71/87 is -177.388895140448
    Sweep 71/87 CPU time = 3m, 48.2s (Wall time = 14.65s)

    vN Entropy at center bond b=151 = 0.794471659565
    Eigs at center bond b=151: 0.6643 0.3002 0.0194 0.0079 0.0060 0.0016 
    Largest link dim during sweep 72/87 was 93
    Largest truncation error: 7.50024e-11
    Energy after sweep 72/87 is -177.388895140449
    Sweep 72/87 CPU time = 3m, 48.9s (Wall time = 14.70s)

    vN Entropy at center bond b=151 = 0.794471659565
    Eigs at center bond b=151: 0.6643 0.3002 0.0194 0.0079 0.0060 0.0016 
    Largest link dim during sweep 73/87 was 93
    Largest truncation error: 7.50026e-11
    Energy after sweep 73/87 is -177.388895140446
    Sweep 73/87 CPU time = 3m, 48.8s (Wall time = 14.71s)

    vN Entropy at center bond b=151 = 0.794471659565
    Eigs at center bond b=151: 0.6643 0.3002 0.0194 0.0079 0.0060 0.0016 
    Largest link dim during sweep 74/87 was 93
    Largest truncation error: 7.50026e-11
    Energy after sweep 74/87 is -177.388895140446
    Sweep 74/87 CPU time = 3m, 46.6s (Wall time = 14.54s)

    vN Entropy at center bond b=151 = 0.794473973744
    Eigs at center bond b=151: 0.6643 0.3002 0.0194 0.0079 0.0060 0.0016 
    Largest link dim during sweep 75/87 was 161
    Largest truncation error: 7.70246e-13
    Energy after sweep 75/87 is -177.388895303370
    Sweep 75/87 CPU time = 6m, 59.1s (Wall time = 28.50s)

    vN Entropy at center bond b=151 = 0.794474020315
    Eigs at center bond b=151: 0.6643 0.3002 0.0194 0.0079 0.0060 0.0016 
    Largest link dim during sweep 76/87 was 163
    Largest truncation error: 7.70293e-13
    Energy after sweep 76/87 is -177.388895303669
    Sweep 76/87 CPU time = 9m, 32.8s (Wall time = 37.74s)

    vN Entropy at center bond b=151 = 0.794474021646
    Eigs at center bond b=151: 0.6643 0.3002 0.0194 0.0079 0.0060 0.0016 
    Largest link dim during sweep 77/87 was 164
    Largest truncation error: 7.70231e-13
    Energy after sweep 77/87 is -177.388895303673
    Sweep 77/87 CPU time = 9m, 30.5s (Wall time = 37.52s)

    vN Entropy at center bond b=151 = 0.794474021747
    Eigs at center bond b=151: 0.6643 0.3002 0.0194 0.0079 0.0060 0.0016 
    Largest link dim during sweep 78/87 was 164
    Largest truncation error: 7.70413e-13
    Energy after sweep 78/87 is -177.388895303674
    Sweep 78/87 CPU time = 9m, 39.5s (Wall time = 38.30s)

    vN Entropy at center bond b=151 = 0.794474021985
    Eigs at center bond b=151: 0.6643 0.3002 0.0194 0.0079 0.0060 0.0016 
    Largest link dim during sweep 79/87 was 164
    Largest truncation error: 7.70181e-13
    Energy after sweep 79/87 is -177.388895303676
    Sweep 79/87 CPU time = 9m, 31.7s (Wall time = 37.92s)

    vN Entropy at center bond b=151 = 0.794474022012
    Eigs at center bond b=151: 0.6643 0.3002 0.0194 0.0079 0.0060 0.0016 
    Largest link dim during sweep 80/87 was 164
    Largest truncation error: 7.70178e-13
    Energy after sweep 80/87 is -177.388895303674
    Sweep 80/87 CPU time = 9m, 33.1s (Wall time = 38.22s)

    vN Entropy at center bond b=151 = 0.794474022016
    Eigs at center bond b=151: 0.6643 0.3002 0.0194 0.0079 0.0060 0.0016 
    Largest link dim during sweep 81/87 was 164
    Largest truncation error: 7.70338e-13
    Energy after sweep 81/87 is -177.388895303674
    Sweep 81/87 CPU time = 9m, 29.6s (Wall time = 37.85s)

    vN Entropy at center bond b=151 = 0.794474022016
    Eigs at center bond b=151: 0.6643 0.3002 0.0194 0.0079 0.0060 0.0016 
    Largest link dim during sweep 82/87 was 164
    Largest truncation error: 7.7041e-13
    Energy after sweep 82/87 is -177.388895303671
    Sweep 82/87 CPU time = 9m, 31.8s (Wall time = 37.74s)

    vN Entropy at center bond b=151 = 0.794474242140
    Eigs at center bond b=151: 0.6643 0.3002 0.0194 0.0079 0.0060 0.0016 
    Largest link dim during sweep 83/87 was 151
    Largest truncation error: 7.5028e-13
    Energy after sweep 83/87 is -177.388895303122
    Sweep 83/87 CPU time = 6m, 28.0s (Wall time = 25.15s)

    vN Entropy at center bond b=151 = 0.794474248746
    Eigs at center bond b=151: 0.6643 0.3002 0.0194 0.0079 0.0060 0.0016 
    Largest link dim during sweep 84/87 was 255
    Largest truncation error: 7.54512e-15
    Energy after sweep 84/87 is -177.388895305687
    Sweep 84/87 CPU time = 16m, 34s (Wall time = 1m, 7.1s)

    vN Entropy at center bond b=151 = 0.794474249945
    Eigs at center bond b=151: 0.6643 0.3002 0.0194 0.0079 0.0060 0.0016 
    Largest link dim during sweep 85/87 was 257
    Largest truncation error: 7.51605e-15
    Energy after sweep 85/87 is -177.388895305696
    Sweep 85/87 CPU time = 29m, 11s (Wall time = 1m, 54.0s)

    vN Entropy at center bond b=151 = 0.794474249976
    Eigs at center bond b=151: 0.6643 0.3002 0.0194 0.0079 0.0060 0.0016 
    Largest link dim during sweep 86/87 was 257
    Largest truncation error: 7.55213e-15
    Energy after sweep 86/87 is -177.388895305700
    Sweep 86/87 CPU time = 26m, 29s (Wall time = 1m, 42.2s)

    vN Entropy at center bond b=151 = 0.794474249978
    Eigs at center bond b=151: 0.6643 0.3002 0.0194 0.0079 0.0060 0.0016 
    Largest link dim during sweep 87/87 was 257
    Largest truncation error: 7.54451e-15
    Energy after sweep 87/87 is -177.388895305701
    Sweep 87/87 CPU time = 25m, 19s (Wall time = 1m, 37.7s)
Initial energy = 151.59000

Ground State Energy = -177.3888953057
run_outputs/outputpsi/N_303_sweep_87_t_0.030000_J_1.000000_V_0.600000_D_0.018000_U_0.500000_mu_1.000000_E_0.030000 converge
Wall-clock time (s) = 5143.366545
