//////////////////////////
Reading input file ......

Got input.N = 300
Got input.t = 0.03
Got input.J = 1
Got input.V = 0.6
Got input.D = 0.018
Got input.U = 0
Got input.mu = 1
Got input.E = 0
Got input.nsweeps = 87
Sweeps:
1  MaxDim=20, MinDim=20, Cutoff=1.0E-06, Niter=8, Noise=1.0E-05
2  MaxDim=20, MinDim=20, Cutoff=1.0E-06, Niter=8, Noise=1.0E-05
3  MaxDim=20, MinDim=20, Cutoff=1.0E-06, Niter=8, Noise=1.0E-05
4  MaxDim=20, MinDim=20, Cutoff=1.0E-06, Niter=8, Noise=1.0E-05
5  MaxDim=20, MinDim=20, Cutoff=1.0E-06, Niter=8, Noise=1.0E-05
6  MaxDim=20, MinDim=20, Cutoff=1.0E-06, Niter=8, Noise=1.0E-05
7  MaxDim=20, MinDim=20, Cutoff=1.0E-06, Niter=8, Noise=1.0E-05
8  MaxDim=40, MinDim=20, Cutoff=1.0E-06, Niter=4, Noise=1.0E-05
9  MaxDim=40, MinDim=20, Cutoff=1.0E-06, Niter=4, Noise=1.0E-05
10  MaxDim=40, MinDim=20, Cutoff=1.0E-06, Niter=4, Noise=1.0E-05
11  MaxDim=40, MinDim=20, Cutoff=1.0E-06, Niter=4, Noise=1.0E-05
12  MaxDim=40, MinDim=20, Cutoff=1.0E-06, Niter=4, Noise=1.0E-05
13  MaxDim=40, MinDim=20, Cutoff=1.0E-06, Niter=4, Noise=1.0E-05
14  MaxDim=40, MinDim=20, Cutoff=1.0E-06, Niter=4, Noise=1.0E-05
15  MaxDim=80, MinDim=10, Cutoff=1.0E-06, Niter=4, Noise=1.0E-05
16  MaxDim=80, MinDim=10, Cutoff=1.0E-06, Niter=4, Noise=1.0E-05
17  MaxDim=80, MinDim=10, Cutoff=1.0E-06, Niter=4, Noise=1.0E-05
18  MaxDim=80, MinDim=10, Cutoff=1.0E-06, Niter=4, Noise=1.0E-05
19  MaxDim=80, MinDim=10, Cutoff=1.0E-06, Niter=4, Noise=1.0E-05
20  MaxDim=80, MinDim=10, Cutoff=1.0E-06, Niter=4, Noise=1.0E-05
21  MaxDim=80, MinDim=10, Cutoff=1.0E-06, Niter=4, Noise=1.0E-05
22  MaxDim=80, MinDim=10, Cutoff=1.0E-06, Niter=4, Noise=1.0E-05
23  MaxDim=80, MinDim=10, Cutoff=1.0E-06, Niter=4, Noise=1.0E-05
24  MaxDim=80, MinDim=10, Cutoff=1.0E-06, Niter=4, Noise=1.0E-05
25  MaxDim=80, MinDim=10, Cutoff=1.0E-06, Niter=4, Noise=1.0E-05
26  MaxDim=80, MinDim=10, Cutoff=1.0E-06, Niter=4, Noise=1.0E-05
27  MaxDim=80, MinDim=10, Cutoff=1.0E-06, Niter=4, Noise=1.0E-05
28  MaxDim=80, MinDim=10, Cutoff=1.0E-06, Niter=4, Noise=1.0E-05
29  MaxDim=80, MinDim=10, Cutoff=1.0E-06, Niter=4, Noise=1.0E-05
30  MaxDim=80, MinDim=10, Cutoff=1.0E-06, Niter=4, Noise=1.0E-05
31  MaxDim=80, MinDim=10, Cutoff=1.0E-06, Niter=4, Noise=1.0E-05
32  MaxDim=80, MinDim=10, Cutoff=1.0E-06, Niter=4, Noise=1.0E-05
33  MaxDim=80, MinDim=10, Cutoff=1.0E-06, Niter=4, Noise=1.0E-05
34  MaxDim=80, MinDim=10, Cutoff=1.0E-06, Niter=4, Noise=1.0E-05
35  MaxDim=80, MinDim=10, Cutoff=1.0E-06, Niter=4, Noise=1.0E-05
36  MaxDim=80, MinDim=10, Cutoff=1.0E-06, Niter=4, Noise=1.0E-05
37  MaxDim=160, MinDim=10, Cutoff=1.0E-08, Niter=4, Noise=1.0E-06
38  MaxDim=160, MinDim=10, Cutoff=1.0E-08, Niter=4, Noise=1.0E-06
39  MaxDim=160, MinDim=10, Cutoff=1.0E-08, Niter=4, Noise=1.0E-06
40  MaxDim=160, MinDim=10, Cutoff=1.0E-08, Niter=4, Noise=1.0E-06
41  MaxDim=160, MinDim=10, Cutoff=1.0E-08, Niter=4, Noise=1.0E-06
42  MaxDim=160, MinDim=10, Cutoff=1.0E-08, Niter=4, Noise=1.0E-06
43  MaxDim=160, MinDim=10, Cutoff=1.0E-08, Niter=4, Noise=1.0E-06
44  MaxDim=160, MinDim=10, Cutoff=1.0E-08, Niter=4, Noise=1.0E-06
45  MaxDim=160, MinDim=10, Cutoff=1.0E-08, Niter=4, Noise=1.0E-06
46  MaxDim=160, MinDim=10, Cutoff=1.0E-08, Niter=4, Noise=1.0E-06
47  MaxDim=160, MinDim=10, Cutoff=1.0E-08, Niter=4, Noise=1.0E-06
48  MaxDim=160, MinDim=10, Cutoff=1.0E-08, Niter=4, Noise=1.0E-06
49  MaxDim=160, MinDim=10, Cutoff=1.0E-08, Niter=4, Noise=1.0E-06
50  MaxDim=160, MinDim=10, Cutoff=1.0E-08, Niter=4, Noise=1.0E-06
51  MaxDim=160, MinDim=10, Cutoff=1.0E-08, Niter=4, Noise=1.0E-06
52  MaxDim=160, MinDim=10, Cutoff=1.0E-08, Niter=4, Noise=1.0E-06
53  MaxDim=160, MinDim=10, Cutoff=1.0E-08, Niter=4, Noise=1.0E-06
54  MaxDim=160, MinDim=10, Cutoff=1.0E-08, Niter=4, Noise=1.0E-06
55  MaxDim=160, MinDim=10, Cutoff=1.0E-08, Niter=4, Noise=1.0E-06
56  MaxDim=160, MinDim=10, Cutoff=1.0E-08, Niter=4, Noise=1.0E-06
57  MaxDim=160, MinDim=10, Cutoff=1.0E-08, Niter=4, Noise=1.0E-06
58  MaxDim=160, MinDim=10, Cutoff=1.0E-08, Niter=4, Noise=1.0E-06
59  MaxDim=320, MinDim=10, Cutoff=1.0E-10, Niter=4, Noise=1.0E-07
60  MaxDim=320, MinDim=10, Cutoff=1.0E-10, Niter=4, Noise=1.0E-07
61  MaxDim=320, MinDim=10, Cutoff=1.0E-10, Niter=4, Noise=1.0E-07
62  MaxDim=320, MinDim=10, Cutoff=1.0E-10, Niter=4, Noise=1.0E-07
63  MaxDim=320, MinDim=10, Cutoff=1.0E-10, Niter=4, Noise=1.0E-07
64  MaxDim=320, MinDim=10, Cutoff=1.0E-10, Niter=4, Noise=1.0E-07
65  MaxDim=320, MinDim=10, Cutoff=1.0E-10, Niter=4, Noise=1.0E-07
66  MaxDim=320, MinDim=10, Cutoff=1.0E-10, Niter=4, Noise=1.0E-07
67  MaxDim=320, MinDim=10, Cutoff=1.0E-10, Niter=4, Noise=1.0E-07
68  MaxDim=320, MinDim=10, Cutoff=1.0E-10, Niter=4, Noise=1.0E-07
69  MaxDim=320, MinDim=10, Cutoff=1.0E-10, Niter=4, Noise=1.0E-07
70  MaxDim=320, MinDim=10, Cutoff=1.0E-10, Niter=4, Noise=1.0E-07
71  MaxDim=320, MinDim=10, Cutoff=1.0E-10, Niter=4, Noise=1.0E-07
72  MaxDim=320, MinDim=10, Cutoff=1.0E-10, Niter=4, Noise=1.0E-07
73  MaxDim=320, MinDim=10, Cutoff=1.0E-10, Niter=4, Noise=1.0E-07
74  MaxDim=320, MinDim=10, Cutoff=1.0E-10, Niter=4, Noise=1.0E-07
75  MaxDim=640, MinDim=10, Cutoff=1.0E-12, Niter=2, Noise=1.0E-08
76  MaxDim=640, MinDim=10, Cutoff=1.0E-12, Niter=2, Noise=1.0E-08
77  MaxDim=640, MinDim=10, Cutoff=1.0E-12, Niter=2, Noise=1.0E-08
78  MaxDim=640, MinDim=10, Cutoff=1.0E-12, Niter=2, Noise=1.0E-08
79  MaxDim=640, MinDim=10, Cutoff=1.0E-12, Niter=2, Noise=1.0E-08
80  MaxDim=640, MinDim=10, Cutoff=1.0E-12, Niter=2, Noise=1.0E-08
81  MaxDim=640, MinDim=10, Cutoff=1.0E-12, Niter=2, Noise=1.0E-08
82  MaxDim=640, MinDim=10, Cutoff=1.0E-12, Niter=2, Noise=1.0E-08
83  MaxDim=1280, MinDim=10, Cutoff=1.0E-12, Niter=2, Noise=0.0E+00
84  MaxDim=1280, MinDim=10, Cutoff=1.0E-14, Niter=2, Noise=0.0E+00
85  MaxDim=1280, MinDim=10, Cutoff=1.0E-14, Niter=2, Noise=0.0E+00
86  MaxDim=1280, MinDim=10, Cutoff=1.0E-14, Niter=2, Noise=0.0E+00
87  MaxDim=1280, MinDim=10, Cutoff=1.0E-14, Niter=2, Noise=0.0E+00


    vN Entropy at center bond b=150 = 0.687599814741
    Eigs at center bond b=150: 0.7650 0.1933 0.0308 0.0079 0.0022 
    Largest link dim during sweep 1/87 was 20
    Largest truncation error: 1.5127e-06
    Energy after sweep 1/87 is -247.064010905387
    Sweep 1/87 CPU time = 11.80s (Wall time = 1.072s)

    vN Entropy at center bond b=150 = 0.873234314647
    Eigs at center bond b=150: 0.6909 0.2337 0.0474 0.0151 0.0084 0.0028 
    Largest link dim during sweep 2/87 was 20
    Largest truncation error: 4.13972e-06
    Energy after sweep 2/87 is -247.110892944068
    Sweep 2/87 CPU time = 22.65s (Wall time = 1.458s)

    vN Entropy at center bond b=150 = 0.966322278936
    Eigs at center bond b=150: 0.6350 0.2774 0.0487 0.0198 0.0116 0.0050 
    Largest link dim during sweep 3/87 was 20
    Largest truncation error: 6.10689e-06
    Energy after sweep 3/87 is -247.113812826896
    Sweep 3/87 CPU time = 22.64s (Wall time = 1.456s)

    vN Entropy at center bond b=150 = 1.003828906132
    Eigs at center bond b=150: 0.5999 0.3107 0.0452 0.0218 0.0131 0.0067 
    Largest link dim during sweep 4/87 was 20
    Largest truncation error: 6.67537e-06
    Energy after sweep 4/87 is -247.114383953272
    Sweep 4/87 CPU time = 22.54s (Wall time = 1.450s)

    vN Entropy at center bond b=150 = 1.023466589707
    Eigs at center bond b=150: 0.5746 0.3357 0.0422 0.0232 0.0137 0.0079 
    Largest link dim during sweep 5/87 was 20
    Largest truncation error: 6.97809e-06
    Energy after sweep 5/87 is -247.114627118847
    Sweep 5/87 CPU time = 22.52s (Wall time = 1.447s)

    vN Entropy at center bond b=150 = 1.036003709280
    Eigs at center bond b=150: 0.5551 0.3550 0.0400 0.0243 0.0140 0.0088 
    Largest link dim during sweep 6/87 was 20
    Largest truncation error: 7.07858e-06
    Energy after sweep 6/87 is -247.114778525787
    Sweep 6/87 CPU time = 22.66s (Wall time = 1.453s)

    vN Entropy at center bond b=150 = 1.043950166418
    Eigs at center bond b=150: 0.5400 0.3701 0.0384 0.0252 0.0141 0.0095 
    Largest link dim during sweep 7/87 was 20
    Largest truncation error: 7.0383e-06
    Energy after sweep 7/87 is -247.114863845360
    Sweep 7/87 CPU time = 22.60s (Wall time = 1.450s)

    vN Entropy at center bond b=150 = 1.103153101103
    Eigs at center bond b=150: 0.4988 0.3966 0.0411 0.0318 0.0154 0.0121 0.0012 
    Largest link dim during sweep 8/87 was 35
    Largest truncation error: 6.90947e-07
    Energy after sweep 8/87 is -247.126843747921
    Sweep 8/87 CPU time = 18.12s (Wall time = 1.165s)

    vN Entropy at center bond b=150 = 1.159902170486
    Eigs at center bond b=150: 0.4665 0.4121 0.0450 0.0396 0.0164 0.0144 0.0015 0.0013 0.0012 0.0011 
    Largest link dim during sweep 9/87 was 40
    Largest truncation error: 6.64325e-07
    Energy after sweep 9/87 is -247.128718320820
    Sweep 9/87 CPU time = 24.54s (Wall time = 1.586s)

    vN Entropy at center bond b=150 = 1.176590020013
    Eigs at center bond b=150: 0.4622 0.4110 0.0467 0.0416 0.0168 0.0149 0.0016 0.0014 0.0014 0.0012 
    Largest link dim during sweep 10/87 was 40
    Largest truncation error: 9.66579e-07
    Energy after sweep 10/87 is -247.129003585207
    Sweep 10/87 CPU time = 26.72s (Wall time = 1.713s)

    vN Entropy at center bond b=150 = 1.180195456859
    Eigs at center bond b=150: 0.4616 0.4104 0.0472 0.0420 0.0168 0.0149 0.0017 0.0015 0.0014 0.0013 
    Largest link dim during sweep 11/87 was 40
    Largest truncation error: 1.03347e-06
    Energy after sweep 11/87 is -247.129050948237
    Sweep 11/87 CPU time = 32.28s (Wall time = 2.090s)

    vN Entropy at center bond b=150 = 1.181072482460
    Eigs at center bond b=150: 0.4614 0.4102 0.0473 0.0421 0.0169 0.0149 0.0017 0.0015 0.0014 0.0013 
    Largest link dim during sweep 12/87 was 40
    Largest truncation error: 1.06348e-06
    Energy after sweep 12/87 is -247.129065819855
    Sweep 12/87 CPU time = 27.39s (Wall time = 1.767s)

    vN Entropy at center bond b=150 = 1.181258265912
    Eigs at center bond b=150: 0.4614 0.4102 0.0473 0.0421 0.0169 0.0150 0.0017 0.0015 0.0014 0.0013 
    Largest link dim during sweep 13/87 was 40
    Largest truncation error: 1.07622e-06
    Energy after sweep 13/87 is -247.129070821391
    Sweep 13/87 CPU time = 27.34s (Wall time = 1.756s)

    vN Entropy at center bond b=150 = 1.181291227612
    Eigs at center bond b=150: 0.4614 0.4102 0.0473 0.0421 0.0169 0.0150 0.0017 0.0015 0.0014 0.0013 
    Largest link dim during sweep 14/87 was 40
    Largest truncation error: 1.0784e-06
    Energy after sweep 14/87 is -247.129070906845
    Sweep 14/87 CPU time = 27.29s (Wall time = 1.754s)

    vN Entropy at center bond b=150 = 1.182246058695
    Eigs at center bond b=150: 0.4613 0.4100 0.0474 0.0421 0.0169 0.0150 0.0017 0.0015 0.0014 0.0013 
    Largest link dim during sweep 15/87 was 44
    Largest truncation error: 7.13411e-07
    Energy after sweep 15/87 is -247.129173475287
    Sweep 15/87 CPU time = 27.76s (Wall time = 1.789s)

    vN Entropy at center bond b=150 = 1.183753986508
    Eigs at center bond b=150: 0.4611 0.4098 0.0475 0.0422 0.0170 0.0151 0.0017 0.0015 0.0014 0.0013 
    Largest link dim during sweep 16/87 was 45
    Largest truncation error: 6.78408e-07
    Energy after sweep 16/87 is -247.129196590090
    Sweep 16/87 CPU time = 27.76s (Wall time = 1.781s)

    vN Entropy at center bond b=150 = 1.184183867143
    Eigs at center bond b=150: 0.4610 0.4097 0.0476 0.0423 0.0170 0.0151 0.0017 0.0015 0.0015 0.0013 
    Largest link dim during sweep 17/87 was 45
    Largest truncation error: 6.78421e-07
    Energy after sweep 17/87 is -247.129202976526
    Sweep 17/87 CPU time = 27.76s (Wall time = 1.780s)

    vN Entropy at center bond b=150 = 1.184298040470
    Eigs at center bond b=150: 0.4610 0.4097 0.0476 0.0423 0.0170 0.0151 0.0017 0.0015 0.0015 0.0013 
    Largest link dim during sweep 18/87 was 45
    Largest truncation error: 6.91123e-07
    Energy after sweep 18/87 is -247.129204715052
    Sweep 18/87 CPU time = 27.78s (Wall time = 1.781s)

    vN Entropy at center bond b=150 = 1.184361079620
    Eigs at center bond b=150: 0.4610 0.4097 0.0476 0.0423 0.0170 0.0151 0.0017 0.0015 0.0015 0.0013 
    Largest link dim during sweep 19/87 was 45
    Largest truncation error: 6.89507e-07
    Energy after sweep 19/87 is -247.129205965655
    Sweep 19/87 CPU time = 27.94s (Wall time = 1.792s)

    vN Entropy at center bond b=150 = 1.184418627366
    Eigs at center bond b=150: 0.4610 0.4097 0.0476 0.0423 0.0170 0.0151 0.0017 0.0015 0.0015 0.0013 
    Largest link dim during sweep 20/87 was 45
    Largest truncation error: 6.89498e-07
    Energy after sweep 20/87 is -247.129206876860
    Sweep 20/87 CPU time = 27.98s (Wall time = 1.799s)

    vN Entropy at center bond b=150 = 1.184430110036
    Eigs at center bond b=150: 0.4610 0.4097 0.0476 0.0423 0.0170 0.0151 0.0017 0.0015 0.0015 0.0013 
    Largest link dim during sweep 21/87 was 45
    Largest truncation error: 6.89502e-07
    Energy after sweep 21/87 is -247.129206972513
    Sweep 21/87 CPU time = 28.05s (Wall time = 1.800s)

    vN Entropy at center bond b=150 = 1.184467878741
    Eigs at center bond b=150: 0.4610 0.4097 0.0476 0.0423 0.0170 0.0151 0.0017 0.0015 0.0015 0.0013 
    Largest link dim during sweep 22/87 was 45
    Largest truncation error: 6.89504e-07
    Energy after sweep 22/87 is -247.129208229212
    Sweep 22/87 CPU time = 28.10s (Wall time = 1.803s)

    vN Entropy at center bond b=150 = 1.184478271982
    Eigs at center bond b=150: 0.4609 0.4097 0.0476 0.0423 0.0170 0.0151 0.0017 0.0015 0.0015 0.0013 
    Largest link dim during sweep 23/87 was 45
    Largest truncation error: 6.89505e-07
    Energy after sweep 23/87 is -247.129208247372
    Sweep 23/87 CPU time = 28.14s (Wall time = 1.809s)

    vN Entropy at center bond b=150 = 1.184479141934
    Eigs at center bond b=150: 0.4609 0.4097 0.0476 0.0423 0.0170 0.0151 0.0017 0.0015 0.0015 0.0013 
    Largest link dim during sweep 24/87 was 45
    Largest truncation error: 6.89505e-07
    Energy after sweep 24/87 is -247.129208271849
    Sweep 24/87 CPU time = 28.13s (Wall time = 1.801s)

    vN Entropy at center bond b=150 = 1.184479098913
    Eigs at center bond b=150: 0.4609 0.4097 0.0476 0.0423 0.0170 0.0151 0.0017 0.0015 0.0015 0.0013 
    Largest link dim during sweep 25/87 was 45
    Largest truncation error: 6.89505e-07
    Energy after sweep 25/87 is -247.129208298349
    Sweep 25/87 CPU time = 27.90s (Wall time = 1.797s)

    vN Entropy at center bond b=150 = 1.184478949971
    Eigs at center bond b=150: 0.4609 0.4097 0.0476 0.0423 0.0170 0.0151 0.0017 0.0015 0.0015 0.0013 
    Largest link dim during sweep 26/87 was 45
    Largest truncation error: 6.89505e-07
    Energy after sweep 26/87 is -247.129208322638
    Sweep 26/87 CPU time = 28.04s (Wall time = 1.797s)

    vN Entropy at center bond b=150 = 1.184478836217
    Eigs at center bond b=150: 0.4609 0.4097 0.0476 0.0423 0.0170 0.0151 0.0017 0.0015 0.0015 0.0013 
    Largest link dim during sweep 27/87 was 45
    Largest truncation error: 6.89505e-07
    Energy after sweep 27/87 is -247.129208341952
    Sweep 27/87 CPU time = 28.06s (Wall time = 1.802s)

    vN Entropy at center bond b=150 = 1.184478780576
    Eigs at center bond b=150: 0.4609 0.4097 0.0476 0.0423 0.0170 0.0151 0.0017 0.0015 0.0015 0.0013 
    Largest link dim during sweep 28/87 was 45
    Largest truncation error: 6.89505e-07
    Energy after sweep 28/87 is -247.129208355700
    Sweep 28/87 CPU time = 28.06s (Wall time = 1.801s)

    vN Entropy at center bond b=150 = 1.184478765057
    Eigs at center bond b=150: 0.4609 0.4097 0.0476 0.0423 0.0170 0.0151 0.0017 0.0015 0.0015 0.0013 
    Largest link dim during sweep 29/87 was 45
    Largest truncation error: 6.89505e-07
    Energy after sweep 29/87 is -247.129208364598
    Sweep 29/87 CPU time = 28.15s (Wall time = 1.804s)

    vN Entropy at center bond b=150 = 1.184478763594
    Eigs at center bond b=150: 0.4609 0.4097 0.0476 0.0423 0.0170 0.0151 0.0017 0.0015 0.0015 0.0013 
    Largest link dim during sweep 30/87 was 45
    Largest truncation error: 6.89505e-07
    Energy after sweep 30/87 is -247.129208369849
    Sweep 30/87 CPU time = 28.09s (Wall time = 1.803s)

    vN Entropy at center bond b=150 = 1.184478758007
    Eigs at center bond b=150: 0.4609 0.4097 0.0476 0.0423 0.0170 0.0151 0.0017 0.0015 0.0015 0.0013 
    Largest link dim during sweep 31/87 was 45
    Largest truncation error: 6.89505e-07
    Energy after sweep 31/87 is -247.129208372542
    Sweep 31/87 CPU time = 28.11s (Wall time = 1.803s)

    vN Entropy at center bond b=150 = 1.184478740557
    Eigs at center bond b=150: 0.4609 0.4097 0.0476 0.0423 0.0170 0.0151 0.0017 0.0015 0.0015 0.0013 
    Largest link dim during sweep 32/87 was 45
    Largest truncation error: 6.89505e-07
    Energy after sweep 32/87 is -247.129208373455
    Sweep 32/87 CPU time = 28.16s (Wall time = 1.805s)

    vN Entropy at center bond b=150 = 1.184478710736
    Eigs at center bond b=150: 0.4609 0.4097 0.0476 0.0423 0.0170 0.0151 0.0017 0.0015 0.0015 0.0013 
    Largest link dim during sweep 33/87 was 45
    Largest truncation error: 6.89505e-07
    Energy after sweep 33/87 is -247.129208373138
    Sweep 33/87 CPU time = 28.10s (Wall time = 1.803s)

    vN Entropy at center bond b=150 = 1.184478671599
    Eigs at center bond b=150: 0.4609 0.4097 0.0476 0.0423 0.0170 0.0151 0.0017 0.0015 0.0015 0.0013 
    Largest link dim during sweep 34/87 was 45
    Largest truncation error: 6.89505e-07
    Energy after sweep 34/87 is -247.129208371983
    Sweep 34/87 CPU time = 28.15s (Wall time = 1.801s)

    vN Entropy at center bond b=150 = 1.184478627488
    Eigs at center bond b=150: 0.4609 0.4097 0.0476 0.0423 0.0170 0.0151 0.0017 0.0015 0.0015 0.0013 
    Largest link dim during sweep 35/87 was 45
    Largest truncation error: 6.89505e-07
    Energy after sweep 35/87 is -247.129208370299
    Sweep 35/87 CPU time = 28.20s (Wall time = 1.809s)

    vN Entropy at center bond b=150 = 1.184478582660
    Eigs at center bond b=150: 0.4609 0.4097 0.0476 0.0423 0.0170 0.0151 0.0017 0.0015 0.0015 0.0013 
    Largest link dim during sweep 36/87 was 45
    Largest truncation error: 6.89505e-07
    Energy after sweep 36/87 is -247.129208368311
    Sweep 36/87 CPU time = 28.26s (Wall time = 1.824s)

    vN Entropy at center bond b=150 = 1.206834490057
    Eigs at center bond b=150: 0.4567 0.4073 0.0495 0.0442 0.0178 0.0158 0.0019 0.0017 0.0017 0.0015 
    Largest link dim during sweep 37/87 was 91
    Largest truncation error: 7.47409e-09
    Energy after sweep 37/87 is -247.130891788387
    Sweep 37/87 CPU time = 1m, 15.6s (Wall time = 4.876s)

    vN Entropy at center bond b=150 = 1.216249682163
    Eigs at center bond b=150: 0.4553 0.4061 0.0502 0.0447 0.0181 0.0162 0.0020 0.0018 0.0018 0.0016 
    Largest link dim during sweep 38/87 was 109
    Largest truncation error: 7.5418e-09
    Energy after sweep 38/87 is -247.130938092822
    Sweep 38/87 CPU time = 2m, 19.3s (Wall time = 8.954s)

    vN Entropy at center bond b=150 = 1.217011329909
    Eigs at center bond b=150: 0.4552 0.4060 0.0502 0.0448 0.0181 0.0162 0.0020 0.0018 0.0018 0.0016 
    Largest link dim during sweep 39/87 was 115
    Largest truncation error: 7.54408e-09
    Energy after sweep 39/87 is -247.130941428764
    Sweep 39/87 CPU time = 2m, 40.9s (Wall time = 10.35s)

    vN Entropy at center bond b=150 = 1.217109747828
    Eigs at center bond b=150: 0.4552 0.4060 0.0502 0.0448 0.0181 0.0162 0.0020 0.0019 0.0018 0.0017 
    Largest link dim during sweep 40/87 was 116
    Largest truncation error: 7.54314e-09
    Energy after sweep 40/87 is -247.130942145753
    Sweep 40/87 CPU time = 2m, 42.3s (Wall time = 10.47s)

    vN Entropy at center bond b=150 = 1.217130964295
    Eigs at center bond b=150: 0.4552 0.4060 0.0502 0.0448 0.0181 0.0162 0.0020 0.0019 0.0018 0.0017 
    Largest link dim during sweep 41/87 was 116
    Largest truncation error: 7.69306e-09
    Energy after sweep 41/87 is -247.130942324188
    Sweep 41/87 CPU time = 2m, 40.5s (Wall time = 10.30s)

    vN Entropy at center bond b=150 = 1.217133800048
    Eigs at center bond b=150: 0.4552 0.4060 0.0502 0.0448 0.0181 0.0162 0.0020 0.0019 0.0018 0.0017 
    Largest link dim during sweep 42/87 was 116
    Largest truncation error: 7.7374e-09
    Energy after sweep 42/87 is -247.130942341861
    Sweep 42/87 CPU time = 2m, 43.6s (Wall time = 10.52s)

    vN Entropy at center bond b=150 = 1.217134114044
    Eigs at center bond b=150: 0.4552 0.4060 0.0502 0.0448 0.0181 0.0162 0.0020 0.0019 0.0018 0.0017 
    Largest link dim during sweep 43/87 was 116
    Largest truncation error: 7.73734e-09
    Energy after sweep 43/87 is -247.130942339553
    Sweep 43/87 CPU time = 2m, 41.5s (Wall time = 10.40s)

    vN Entropy at center bond b=150 = 1.217134172204
    Eigs at center bond b=150: 0.4552 0.4060 0.0502 0.0448 0.0181 0.0162 0.0020 0.0019 0.0018 0.0017 
    Largest link dim during sweep 44/87 was 116
    Largest truncation error: 7.73734e-09
    Energy after sweep 44/87 is -247.130942339097
    Sweep 44/87 CPU time = 2m, 41.4s (Wall time = 10.41s)

    vN Entropy at center bond b=150 = 1.217134162222
    Eigs at center bond b=150: 0.4552 0.4060 0.0502 0.0448 0.0181 0.0162 0.0020 0.0019 0.0018 0.0017 
    Largest link dim during sweep 45/87 was 116
    Largest truncation error: 7.73734e-09
    Energy after sweep 45/87 is -247.130942338885
    Sweep 45/87 CPU time = 2m, 42.8s (Wall time = 10.45s)

    vN Entropy at center bond b=150 = 1.217134147877
    Eigs at center bond b=150: 0.4552 0.4060 0.0502 0.0448 0.0181 0.0162 0.0020 0.0019 0.0018 0.0017 
    Largest link dim during sweep 46/87 was 116
    Largest truncation error: 7.73734e-09
    Energy after sweep 46/87 is -247.130942338778
    Sweep 46/87 CPU time = 2m, 42.4s (Wall time = 10.42s)

    vN Entropy at center bond b=150 = 1.217134136731
    Eigs at center bond b=150: 0.4552 0.4060 0.0502 0.0448 0.0181 0.0162 0.0020 0.0019 0.0018 0.0017 
    Largest link dim during sweep 47/87 was 116
    Largest truncation error: 7.73734e-09
    Energy after sweep 47/87 is -247.130942338725
    Sweep 47/87 CPU time = 2m, 42.2s (Wall time = 10.48s)

    vN Entropy at center bond b=150 = 1.217134173967
    Eigs at center bond b=150: 0.4552 0.4060 0.0502 0.0448 0.0181 0.0162 0.0020 0.0019 0.0018 0.0017 
    Largest link dim during sweep 48/87 was 116
    Largest truncation error: 7.73734e-09
    Energy after sweep 48/87 is -247.130942338722
    Sweep 48/87 CPU time = 2m, 42.3s (Wall time = 10.42s)

    vN Entropy at center bond b=150 = 1.217134174502
    Eigs at center bond b=150: 0.4552 0.4060 0.0502 0.0448 0.0181 0.0162 0.0020 0.0019 0.0018 0.0017 
    Largest link dim during sweep 49/87 was 116
    Largest truncation error: 7.73734e-09
    Energy after sweep 49/87 is -247.130942338717
    Sweep 49/87 CPU time = 2m, 39.5s (Wall time = 10.23s)

    vN Entropy at center bond b=150 = 1.217134167445
    Eigs at center bond b=150: 0.4552 0.4060 0.0502 0.0448 0.0181 0.0162 0.0020 0.0019 0.0018 0.0017 
    Largest link dim during sweep 50/87 was 116
    Largest truncation error: 7.73734e-09
    Energy after sweep 50/87 is -247.130942338728
    Sweep 50/87 CPU time = 2m, 41.5s (Wall time = 10.36s)

    vN Entropy at center bond b=150 = 1.217134148999
    Eigs at center bond b=150: 0.4552 0.4060 0.0502 0.0448 0.0181 0.0162 0.0020 0.0019 0.0018 0.0017 
    Largest link dim during sweep 51/87 was 116
    Largest truncation error: 7.73734e-09
    Energy after sweep 51/87 is -247.130942338752
    Sweep 51/87 CPU time = 2m, 41.9s (Wall time = 10.47s)

    vN Entropy at center bond b=150 = 1.217134095218
    Eigs at center bond b=150: 0.4552 0.4060 0.0502 0.0448 0.0181 0.0162 0.0020 0.0019 0.0018 0.0017 
    Largest link dim during sweep 52/87 was 116
    Largest truncation error: 7.73734e-09
    Energy after sweep 52/87 is -247.130942338854
    Sweep 52/87 CPU time = 2m, 41.5s (Wall time = 10.35s)

    vN Entropy at center bond b=150 = 1.217133980138
    Eigs at center bond b=150: 0.4552 0.4060 0.0502 0.0448 0.0181 0.0162 0.0020 0.0019 0.0018 0.0017 
    Largest link dim during sweep 53/87 was 116
    Largest truncation error: 7.73734e-09
    Energy after sweep 53/87 is -247.130942339088
    Sweep 53/87 CPU time = 2m, 42.0s (Wall time = 10.40s)

    vN Entropy at center bond b=150 = 1.217134166684
    Eigs at center bond b=150: 0.4552 0.4060 0.0502 0.0448 0.0181 0.0162 0.0020 0.0019 0.0018 0.0017 
    Largest link dim during sweep 54/87 was 116
    Largest truncation error: 7.73734e-09
    Energy after sweep 54/87 is -247.130942339438
    Sweep 54/87 CPU time = 2m, 42.4s (Wall time = 10.43s)

    vN Entropy at center bond b=150 = 1.217134161606
    Eigs at center bond b=150: 0.4552 0.4060 0.0502 0.0448 0.0181 0.0162 0.0020 0.0019 0.0018 0.0017 
    Largest link dim during sweep 55/87 was 116
    Largest truncation error: 7.73734e-09
    Energy after sweep 55/87 is -247.130942339685
    Sweep 55/87 CPU time = 2m, 42.2s (Wall time = 10.41s)

    vN Entropy at center bond b=150 = 1.217134160768
    Eigs at center bond b=150: 0.4552 0.4060 0.0502 0.0448 0.0181 0.0162 0.0020 0.0019 0.0018 0.0017 
    Largest link dim during sweep 56/87 was 116
    Largest truncation error: 7.73734e-09
    Energy after sweep 56/87 is -247.130942339864
    Sweep 56/87 CPU time = 2m, 46.1s (Wall time = 10.66s)

    vN Entropy at center bond b=150 = 1.217134166220
    Eigs at center bond b=150: 0.4552 0.4060 0.0502 0.0448 0.0181 0.0162 0.0020 0.0019 0.0018 0.0017 
    Largest link dim during sweep 57/87 was 116
    Largest truncation error: 7.73734e-09
    Energy after sweep 57/87 is -247.130942339998
    Sweep 57/87 CPU time = 2m, 40.9s (Wall time = 10.32s)

    vN Entropy at center bond b=150 = 1.217134174190
    Eigs at center bond b=150: 0.4552 0.4060 0.0502 0.0448 0.0181 0.0162 0.0020 0.0019 0.0018 0.0017 
    Largest link dim during sweep 58/87 was 116
    Largest truncation error: 7.73734e-09
    Energy after sweep 58/87 is -247.130942340097
    Sweep 58/87 CPU time = 2m, 41.9s (Wall time = 10.49s)

    vN Entropy at center bond b=150 = 1.217814816977
    Eigs at center bond b=150: 0.4551 0.4060 0.0502 0.0448 0.0182 0.0162 0.0020 0.0019 0.0018 0.0017 
    Largest link dim during sweep 59/87 was 216
    Largest truncation error: 7.22434e-11
    Energy after sweep 59/87 is -247.130959819078
    Sweep 59/87 CPU time = 7m, 19.3s (Wall time = 29.40s)

    vN Entropy at center bond b=150 = 1.217929875411
    Eigs at center bond b=150: 0.4551 0.4059 0.0502 0.0448 0.0182 0.0162 0.0020 0.0019 0.0018 0.0017 
    Largest link dim during sweep 60/87 was 239
    Largest truncation error: 7.58754e-11
    Energy after sweep 60/87 is -247.130960008649
    Sweep 60/87 CPU time = 12m, 31s (Wall time = 50.85s)

    vN Entropy at center bond b=150 = 1.217935195615
    Eigs at center bond b=150: 0.4551 0.4059 0.0502 0.0448 0.0182 0.0162 0.0020 0.0019 0.0018 0.0017 
    Largest link dim during sweep 61/87 was 243
    Largest truncation error: 7.58775e-11
    Energy after sweep 61/87 is -247.130960019316
    Sweep 61/87 CPU time = 12m, 60s (Wall time = 52.45s)

    vN Entropy at center bond b=150 = 1.217935690422
    Eigs at center bond b=150: 0.4551 0.4059 0.0502 0.0448 0.0182 0.0162 0.0020 0.0019 0.0018 0.0017 
    Largest link dim during sweep 62/87 was 244
    Largest truncation error: 7.58775e-11
    Energy after sweep 62/87 is -247.130960020591
    Sweep 62/87 CPU time = 12m, 48s (Wall time = 49.78s)

    vN Entropy at center bond b=150 = 1.217935765721
    Eigs at center bond b=150: 0.4551 0.4059 0.0502 0.0448 0.0182 0.0162 0.0020 0.0019 0.0018 0.0017 
    Largest link dim during sweep 63/87 was 244
    Largest truncation error: 7.58776e-11
    Energy after sweep 63/87 is -247.130960020793
    Sweep 63/87 CPU time = 12m, 57s (Wall time = 50.68s)

    vN Entropy at center bond b=150 = 1.217935779236
    Eigs at center bond b=150: 0.4551 0.4059 0.0502 0.0448 0.0182 0.0162 0.0020 0.0019 0.0018 0.0017 
    Largest link dim during sweep 64/87 was 244
    Largest truncation error: 7.58775e-11
    Energy after sweep 64/87 is -247.130960020759
    Sweep 64/87 CPU time = 12m, 35s (Wall time = 48.95s)

    vN Entropy at center bond b=150 = 1.217935786824
    Eigs at center bond b=150: 0.4551 0.4059 0.0502 0.0448 0.0182 0.0162 0.0020 0.0019 0.0018 0.0017 
    Largest link dim during sweep 65/87 was 244
    Largest truncation error: 7.58776e-11
    Energy after sweep 65/87 is -247.130960020782
    Sweep 65/87 CPU time = 12m, 55s (Wall time = 49.88s)

    vN Entropy at center bond b=150 = 1.217935787655
    Eigs at center bond b=150: 0.4551 0.4059 0.0502 0.0448 0.0182 0.0162 0.0020 0.0019 0.0018 0.0017 
    Largest link dim during sweep 66/87 was 244
    Largest truncation error: 7.58775e-11
    Energy after sweep 66/87 is -247.130960020778
    Sweep 66/87 CPU time = 12m, 34s (Wall time = 48.65s)

    vN Entropy at center bond b=150 = 1.217935787653
    Eigs at center bond b=150: 0.4551 0.4059 0.0502 0.0448 0.0182 0.0162 0.0020 0.0019 0.0018 0.0017 
    Largest link dim during sweep 67/87 was 244
    Largest truncation error: 7.58778e-11
    Energy after sweep 67/87 is -247.130960020773
    Sweep 67/87 CPU time = 12m, 58s (Wall time = 50.78s)

    vN Entropy at center bond b=150 = 1.217935787654
    Eigs at center bond b=150: 0.4551 0.4059 0.0502 0.0448 0.0182 0.0162 0.0020 0.0019 0.0018 0.0017 
    Largest link dim during sweep 68/87 was 244
    Largest truncation error: 7.58773e-11
    Energy after sweep 68/87 is -247.130960020775
    Sweep 68/87 CPU time = 12m, 44s (Wall time = 49.54s)

    vN Entropy at center bond b=150 = 1.217935787716
    Eigs at center bond b=150: 0.4551 0.4059 0.0502 0.0448 0.0182 0.0162 0.0020 0.0019 0.0018 0.0017 
    Largest link dim during sweep 69/87 was 244
    Largest truncation error: 7.58777e-11
    Energy after sweep 69/87 is -247.130960020773
    Sweep 69/87 CPU time = 12m, 36s (Wall time = 48.63s)

    vN Entropy at center bond b=150 = 1.217935787758
    Eigs at center bond b=150: 0.4551 0.4059 0.0502 0.0448 0.0182 0.0162 0.0020 0.0019 0.0018 0.0017 
    Largest link dim during sweep 70/87 was 244
    Largest truncation error: 7.58776e-11
    Energy after sweep 70/87 is -247.130960020776
    Sweep 70/87 CPU time = 12m, 52s (Wall time = 49.68s)

    vN Entropy at center bond b=150 = 1.217935787791
    Eigs at center bond b=150: 0.4551 0.4059 0.0502 0.0448 0.0182 0.0162 0.0020 0.0019 0.0018 0.0017 
    Largest link dim during sweep 71/87 was 244
    Largest truncation error: 7.58775e-11
    Energy after sweep 71/87 is -247.130960020771
    Sweep 71/87 CPU time = 12m, 34s (Wall time = 48.59s)

    vN Entropy at center bond b=150 = 1.217935787814
    Eigs at center bond b=150: 0.4551 0.4059 0.0502 0.0448 0.0182 0.0162 0.0020 0.0019 0.0018 0.0017 
    Largest link dim during sweep 72/87 was 244
    Largest truncation error: 7.58777e-11
    Energy after sweep 72/87 is -247.130960020766
    Sweep 72/87 CPU time = 12m, 58s (Wall time = 50.04s)

    vN Entropy at center bond b=150 = 1.217935787833
    Eigs at center bond b=150: 0.4551 0.4059 0.0502 0.0448 0.0182 0.0162 0.0020 0.0019 0.0018 0.0017 
    Largest link dim during sweep 73/87 was 244
    Largest truncation error: 7.58774e-11
    Energy after sweep 73/87 is -247.130960020767
    Sweep 73/87 CPU time = 12m, 24s (Wall time = 47.84s)

    vN Entropy at center bond b=150 = 1.217935787861
    Eigs at center bond b=150: 0.4551 0.4059 0.0502 0.0448 0.0182 0.0162 0.0020 0.0019 0.0018 0.0017 
    Largest link dim during sweep 74/87 was 244
    Largest truncation error: 7.58777e-11
    Energy after sweep 74/87 is -247.130960020769
    Sweep 74/87 CPU time = 12m, 44s (Wall time = 49.17s)

    vN Entropy at center bond b=150 = 1.217948782935
    Eigs at center bond b=150: 0.4551 0.4059 0.0502 0.0448 0.0182 0.0162 0.0020 0.0019 0.0018 0.0017 
    Largest link dim during sweep 75/87 was 427
    Largest truncation error: 7.16881e-13
    Energy after sweep 75/87 is -247.130960204487
    Sweep 75/87 CPU time = 24m, 9s (Wall time = 1m, 36.6s)

    vN Entropy at center bond b=150 = 1.217950822261
    Eigs at center bond b=150: 0.4551 0.4059 0.0502 0.0448 0.0182 0.0162 0.0020 0.0019 0.0018 0.0017 
    Largest link dim during sweep 76/87 was 452
    Largest truncation error: 7.74689e-13
    Energy after sweep 76/87 is -247.130960205839
    Sweep 76/87 CPU time = 37m, 53s (Wall time = 2m, 29.9s)

    vN Entropy at center bond b=150 = 1.217950908893
    Eigs at center bond b=150: 0.4551 0.4059 0.0502 0.0448 0.0182 0.0162 0.0020 0.0019 0.0018 0.0017 
    Largest link dim during sweep 77/87 was 454
    Largest truncation error: 7.74303e-13
    Energy after sweep 77/87 is -247.130960205883
    Sweep 77/87 CPU time = 38m, 2s (Wall time = 2m, 29.8s)

    vN Entropy at center bond b=150 = 1.217950918663
    Eigs at center bond b=150: 0.4551 0.4059 0.0502 0.0448 0.0182 0.0162 0.0020 0.0019 0.0018 0.0017 
    Largest link dim during sweep 78/87 was 455
    Largest truncation error: 7.74367e-13
    Energy after sweep 78/87 is -247.130960205899
    Sweep 78/87 CPU time = 38m, 48s (Wall time = 2m, 34.4s)

    vN Entropy at center bond b=150 = 1.217950920576
    Eigs at center bond b=150: 0.4551 0.4059 0.0502 0.0448 0.0182 0.0162 0.0020 0.0019 0.0018 0.0017 
    Largest link dim during sweep 79/87 was 455
    Largest truncation error: 7.739e-13
    Energy after sweep 79/87 is -247.130960205900
    Sweep 79/87 CPU time = 38m, 54s (Wall time = 2m, 34.9s)

    vN Entropy at center bond b=150 = 1.217950920982
    Eigs at center bond b=150: 0.4551 0.4059 0.0502 0.0448 0.0182 0.0162 0.0020 0.0019 0.0018 0.0017 
    Largest link dim during sweep 80/87 was 455
    Largest truncation error: 7.742e-13
    Energy after sweep 80/87 is -247.130960205901
    Sweep 80/87 CPU time = 37m, 2s (Wall time = 2m, 28.4s)

    vN Entropy at center bond b=150 = 1.217950921150
    Eigs at center bond b=150: 0.4551 0.4059 0.0502 0.0448 0.0182 0.0162 0.0020 0.0019 0.0018 0.0017 
    Largest link dim during sweep 81/87 was 455
    Largest truncation error: 7.74122e-13
    Energy after sweep 81/87 is -247.130960205901
    Sweep 81/87 CPU time = 36m, 26s (Wall time = 2m, 26.1s)

    vN Entropy at center bond b=150 = 1.217950921219
    Eigs at center bond b=150: 0.4551 0.4059 0.0502 0.0448 0.0182 0.0162 0.0020 0.0019 0.0018 0.0017 
    Largest link dim during sweep 82/87 was 455
    Largest truncation error: 7.74121e-13
    Energy after sweep 82/87 is -247.130960205901
    Sweep 82/87 CPU time = 36m, 13s (Wall time = 2m, 25.2s)

    vN Entropy at center bond b=150 = 1.217951195842
    Eigs at center bond b=150: 0.4551 0.4059 0.0502 0.0448 0.0182 0.0162 0.0020 0.0019 0.0018 0.0017 
    Largest link dim during sweep 83/87 was 437
    Largest truncation error: 7.56632e-13
    Energy after sweep 83/87 is -247.130960205530
    Sweep 83/87 CPU time = 27m, 51s (Wall time = 1m, 50.8s)

    vN Entropy at center bond b=150 = 1.217951357207
    Eigs at center bond b=150: 0.4551 0.4059 0.0502 0.0448 0.0182 0.0162 0.0020 0.0019 0.0018 0.0017 
    Largest link dim during sweep 84/87 was 726
    Largest truncation error: 7.32072e-15
    Energy after sweep 84/87 is -247.130960207848
    Sweep 84/87 CPU time = 1h, 6m, 44s (Wall time = 4m, 27.1s)

    vN Entropy at center bond b=150 = 1.217951388331
    Eigs at center bond b=150: 0.4551 0.4059 0.0502 0.0448 0.0182 0.0162 0.0020 0.0019 0.0018 0.0017 
    Largest link dim during sweep 85/87 was 769
    Largest truncation error: 7.28472e-15
    Energy after sweep 85/87 is -247.130960207904
    Sweep 85/87 CPU time = 1h, 46m, 37s (Wall time = 6m, 57.8s)

    vN Entropy at center bond b=150 = 1.217951390152
    Eigs at center bond b=150: 0.4551 0.4059 0.0502 0.0448 0.0182 0.0162 0.0020 0.0019 0.0018 0.0017 
    Largest link dim during sweep 86/87 was 766
    Largest truncation error: 7.07746e-15
    Energy after sweep 86/87 is -247.130960207896
    Sweep 86/87 CPU time = 1h, 52m, 42s (Wall time = 7m, 22.9s)

    vN Entropy at center bond b=150 = 1.217951390367
    Eigs at center bond b=150: 0.4551 0.4059 0.0502 0.0448 0.0182 0.0162 0.0020 0.0019 0.0018 0.0017 
    Largest link dim during sweep 87/87 was 766
    Largest truncation error: 7.07971e-15
    Energy after sweep 87/87 is -247.130960207907
    Sweep 87/87 CPU time = 1h, 52m, 33s (Wall time = 7m, 21.2s)
Initial energy = 150.00000

Ground State Energy = -247.1309602079
run_outputs/outputpsi/N_300_sweep_87_t_0.030000_J_1.000000_V_0.600000_D_0.018000_U_0.000000_mu_1.000000_E_0.000000 converge
Wall-clock time (s) = 30703.783590
