//////////////////////////
Reading input file ......

Got input.N = 300
Got input.t = 0.03
Got input.J = 1
Got input.V = 0.6
Got input.D = 0.018
Got input.U = -0.01
Got input.mu = 0
Got input.E = 0.005
Got input.nsweeps = 87
Sweeps:
1  MaxDim=20, MinDim=20, Cutoff=1.0E-06, Niter=8, Noise=1.0E-05
2  MaxDim=20, MinDim=20, Cutoff=1.0E-06, Niter=8, Noise=1.0E-05
3  MaxDim=20, MinDim=20, Cutoff=1.0E-06, Niter=8, Noise=1.0E-05
4  MaxDim=20, MinDim=20, Cutoff=1.0E-06, Niter=8, Noise=1.0E-05
5  MaxDim=20, MinDim=20, Cutoff=1.0E-06, Niter=8, Noise=1.0E-05
6  MaxDim=20, MinDim=20, Cutoff=1.0E-06, Niter=8, Noise=1.0E-05
7  MaxDim=20, MinDim=20, Cutoff=1.0E-06, Niter=8, Noise=1.0E-05
8  MaxDim=40, MinDim=20, Cutoff=1.0E-06, Niter=4, Noise=1.0E-05
9  MaxDim=40, MinDim=20, Cutoff=1.0E-06, Niter=4, Noise=1.0E-05
10  MaxDim=40, MinDim=20, Cutoff=1.0E-06, Niter=4, Noise=1.0E-05
11  MaxDim=40, MinDim=20, Cutoff=1.0E-06, Niter=4, Noise=1.0E-05
12  MaxDim=40, MinDim=20, Cutoff=1.0E-06, Niter=4, Noise=1.0E-05
13  MaxDim=40, MinDim=20, Cutoff=1.0E-06, Niter=4, Noise=1.0E-05
14  MaxDim=40, MinDim=20, Cutoff=1.0E-06, Niter=4, Noise=1.0E-05
15  MaxDim=80, MinDim=10, Cutoff=1.0E-06, Niter=4, Noise=1.0E-05
16  MaxDim=80, MinDim=10, Cutoff=1.0E-06, Niter=4, Noise=1.0E-05
17  MaxDim=80, MinDim=10, Cutoff=1.0E-06, Niter=4, Noise=1.0E-05
18  MaxDim=80, MinDim=10, Cutoff=1.0E-06, Niter=4, Noise=1.0E-05
19  MaxDim=80, MinDim=10, Cutoff=1.0E-06, Niter=4, Noise=1.0E-05
20  MaxDim=80, MinDim=10, Cutoff=1.0E-06, Niter=4, Noise=1.0E-05
21  MaxDim=80, MinDim=10, Cutoff=1.0E-06, Niter=4, Noise=1.0E-05
22  MaxDim=80, MinDim=10, Cutoff=1.0E-06, Niter=4, Noise=1.0E-05
23  MaxDim=80, MinDim=10, Cutoff=1.0E-06, Niter=4, Noise=1.0E-05
24  MaxDim=80, MinDim=10, Cutoff=1.0E-06, Niter=4, Noise=1.0E-05
25  MaxDim=80, MinDim=10, Cutoff=1.0E-06, Niter=4, Noise=1.0E-05
26  MaxDim=80, MinDim=10, Cutoff=1.0E-06, Niter=4, Noise=1.0E-05
27  MaxDim=80, MinDim=10, Cutoff=1.0E-06, Niter=4, Noise=1.0E-05
28  MaxDim=80, MinDim=10, Cutoff=1.0E-06, Niter=4, Noise=1.0E-05
29  MaxDim=80, MinDim=10, Cutoff=1.0E-06, Niter=4, Noise=1.0E-05
30  MaxDim=80, MinDim=10, Cutoff=1.0E-06, Niter=4, Noise=1.0E-05
31  MaxDim=80, MinDim=10, Cutoff=1.0E-06, Niter=4, Noise=1.0E-05
32  MaxDim=80, MinDim=10, Cutoff=1.0E-06, Niter=4, Noise=1.0E-05
33  MaxDim=80, MinDim=10, Cutoff=1.0E-06, Niter=4, Noise=1.0E-05
34  MaxDim=80, MinDim=10, Cutoff=1.0E-06, Niter=4, Noise=1.0E-05
35  MaxDim=80, MinDim=10, Cutoff=1.0E-06, Niter=4, Noise=1.0E-05
36  MaxDim=80, MinDim=10, Cutoff=1.0E-06, Niter=4, Noise=1.0E-05
37  MaxDim=160, MinDim=10, Cutoff=1.0E-08, Niter=4, Noise=1.0E-06
38  MaxDim=160, MinDim=10, Cutoff=1.0E-08, Niter=4, Noise=1.0E-06
39  MaxDim=160, MinDim=10, Cutoff=1.0E-08, Niter=4, Noise=1.0E-06
40  MaxDim=160, MinDim=10, Cutoff=1.0E-08, Niter=4, Noise=1.0E-06
41  MaxDim=160, MinDim=10, Cutoff=1.0E-08, Niter=4, Noise=1.0E-06
42  MaxDim=160, MinDim=10, Cutoff=1.0E-08, Niter=4, Noise=1.0E-06
43  MaxDim=160, MinDim=10, Cutoff=1.0E-08, Niter=4, Noise=1.0E-06
44  MaxDim=160, MinDim=10, Cutoff=1.0E-08, Niter=4, Noise=1.0E-06
45  MaxDim=160, MinDim=10, Cutoff=1.0E-08, Niter=4, Noise=1.0E-06
46  MaxDim=160, MinDim=10, Cutoff=1.0E-08, Niter=4, Noise=1.0E-06
47  MaxDim=160, MinDim=10, Cutoff=1.0E-08, Niter=4, Noise=1.0E-06
48  MaxDim=160, MinDim=10, Cutoff=1.0E-08, Niter=4, Noise=1.0E-06
49  MaxDim=160, MinDim=10, Cutoff=1.0E-08, Niter=4, Noise=1.0E-06
50  MaxDim=160, MinDim=10, Cutoff=1.0E-08, Niter=4, Noise=1.0E-06
51  MaxDim=160, MinDim=10, Cutoff=1.0E-08, Niter=4, Noise=1.0E-06
52  MaxDim=160, MinDim=10, Cutoff=1.0E-08, Niter=4, Noise=1.0E-06
53  MaxDim=160, MinDim=10, Cutoff=1.0E-08, Niter=4, Noise=1.0E-06
54  MaxDim=160, MinDim=10, Cutoff=1.0E-08, Niter=4, Noise=1.0E-06
55  MaxDim=160, MinDim=10, Cutoff=1.0E-08, Niter=4, Noise=1.0E-06
56  MaxDim=160, MinDim=10, Cutoff=1.0E-08, Niter=4, Noise=1.0E-06
57  MaxDim=160, MinDim=10, Cutoff=1.0E-08, Niter=4, Noise=1.0E-06
58  MaxDim=160, MinDim=10, Cutoff=1.0E-08, Niter=4, Noise=1.0E-06
59  MaxDim=320, MinDim=10, Cutoff=1.0E-10, Niter=4, Noise=1.0E-07
60  MaxDim=320, MinDim=10, Cutoff=1.0E-10, Niter=4, Noise=1.0E-07
61  MaxDim=320, MinDim=10, Cutoff=1.0E-10, Niter=4, Noise=1.0E-07
62  MaxDim=320, MinDim=10, Cutoff=1.0E-10, Niter=4, Noise=1.0E-07
63  MaxDim=320, MinDim=10, Cutoff=1.0E-10, Niter=4, Noise=1.0E-07
64  MaxDim=320, MinDim=10, Cutoff=1.0E-10, Niter=4, Noise=1.0E-07
65  MaxDim=320, MinDim=10, Cutoff=1.0E-10, Niter=4, Noise=1.0E-07
66  MaxDim=320, MinDim=10, Cutoff=1.0E-10, Niter=4, Noise=1.0E-07
67  MaxDim=320, MinDim=10, Cutoff=1.0E-10, Niter=4, Noise=1.0E-07
68  MaxDim=320, MinDim=10, Cutoff=1.0E-10, Niter=4, Noise=1.0E-07
69  MaxDim=320, MinDim=10, Cutoff=1.0E-10, Niter=4, Noise=1.0E-07
70  MaxDim=320, MinDim=10, Cutoff=1.0E-10, Niter=4, Noise=1.0E-07
71  MaxDim=320, MinDim=10, Cutoff=1.0E-10, Niter=4, Noise=1.0E-07
72  MaxDim=320, MinDim=10, Cutoff=1.0E-10, Niter=4, Noise=1.0E-07
73  MaxDim=320, MinDim=10, Cutoff=1.0E-10, Niter=4, Noise=1.0E-07
74  MaxDim=320, MinDim=10, Cutoff=1.0E-10, Niter=4, Noise=1.0E-07
75  MaxDim=640, MinDim=10, Cutoff=1.0E-12, Niter=2, Noise=1.0E-08
76  MaxDim=640, MinDim=10, Cutoff=1.0E-12, Niter=2, Noise=1.0E-08
77  MaxDim=640, MinDim=10, Cutoff=1.0E-12, Niter=2, Noise=1.0E-08
78  MaxDim=640, MinDim=10, Cutoff=1.0E-12, Niter=2, Noise=1.0E-08
79  MaxDim=640, MinDim=10, Cutoff=1.0E-12, Niter=2, Noise=1.0E-08
80  MaxDim=640, MinDim=10, Cutoff=1.0E-12, Niter=2, Noise=1.0E-08
81  MaxDim=640, MinDim=10, Cutoff=1.0E-12, Niter=2, Noise=1.0E-08
82  MaxDim=640, MinDim=10, Cutoff=1.0E-12, Niter=2, Noise=1.0E-08
83  MaxDim=1280, MinDim=10, Cutoff=1.0E-12, Niter=2, Noise=0.0E+00
84  MaxDim=1280, MinDim=10, Cutoff=1.0E-14, Niter=2, Noise=0.0E+00
85  MaxDim=1280, MinDim=10, Cutoff=1.0E-14, Niter=2, Noise=0.0E+00
86  MaxDim=1280, MinDim=10, Cutoff=1.0E-14, Niter=2, Noise=0.0E+00
87  MaxDim=1280, MinDim=10, Cutoff=1.0E-14, Niter=2, Noise=0.0E+00


    vN Entropy at center bond b=150 = 0.635847614687
    Eigs at center bond b=150: 0.7716 0.2034 0.0187 0.0050 
    Largest link dim during sweep 1/87 was 20
    Largest truncation error: 2.40392e-05
    Energy after sweep 1/87 is -196.305239908995
    Sweep 1/87 CPU time = 18.09s (Wall time = 1.175s)

    vN Entropy at center bond b=150 = 0.583527096132
    Eigs at center bond b=150: 0.8098 0.1643 0.0196 0.0040 0.0013 
    Largest link dim during sweep 2/87 was 20
    Largest truncation error: 5.26623e-06
    Energy after sweep 2/87 is -196.648507061431
    Sweep 2/87 CPU time = 25.34s (Wall time = 1.627s)

    vN Entropy at center bond b=150 = 0.583844097290
    Eigs at center bond b=150: 0.8099 0.1642 0.0196 0.0040 0.0013 
    Largest link dim during sweep 3/87 was 20
    Largest truncation error: 7.34195e-06
    Energy after sweep 3/87 is -196.653105951320
    Sweep 3/87 CPU time = 25.38s (Wall time = 1.626s)

    vN Entropy at center bond b=150 = 0.583854221216
    Eigs at center bond b=150: 0.8099 0.1642 0.0196 0.0040 0.0013 
    Largest link dim during sweep 4/87 was 20
    Largest truncation error: 8.05459e-06
    Energy after sweep 4/87 is -196.653953775359
    Sweep 4/87 CPU time = 25.38s (Wall time = 1.626s)

    vN Entropy at center bond b=150 = 0.583855337457
    Eigs at center bond b=150: 0.8099 0.1642 0.0196 0.0040 0.0013 
    Largest link dim during sweep 5/87 was 20
    Largest truncation error: 8.11421e-06
    Energy after sweep 5/87 is -196.654188830018
    Sweep 5/87 CPU time = 25.28s (Wall time = 1.624s)

    vN Entropy at center bond b=150 = 0.583850578260
    Eigs at center bond b=150: 0.8099 0.1642 0.0196 0.0040 0.0013 
    Largest link dim during sweep 6/87 was 20
    Largest truncation error: 8.16033e-06
    Energy after sweep 6/87 is -196.654242600690
    Sweep 6/87 CPU time = 25.39s (Wall time = 1.625s)

    vN Entropy at center bond b=150 = 0.583845084961
    Eigs at center bond b=150: 0.8099 0.1642 0.0196 0.0040 0.0013 
    Largest link dim during sweep 7/87 was 20
    Largest truncation error: 8.28491e-06
    Energy after sweep 7/87 is -196.654263053924
    Sweep 7/87 CPU time = 25.36s (Wall time = 1.623s)

    vN Entropy at center bond b=150 = 0.583832970350
    Eigs at center bond b=150: 0.8099 0.1642 0.0196 0.0040 0.0013 
    Largest link dim during sweep 8/87 was 34
    Largest truncation error: 8.15993e-07
    Energy after sweep 8/87 is -196.655559940340
    Sweep 8/87 CPU time = 14.83s (Wall time = 0.953s)

    vN Entropy at center bond b=150 = 0.583833902411
    Eigs at center bond b=150: 0.8099 0.1642 0.0196 0.0040 0.0013 
    Largest link dim during sweep 9/87 was 35
    Largest truncation error: 8.10393e-07
    Energy after sweep 9/87 is -196.655713004946
    Sweep 9/87 CPU time = 15.85s (Wall time = 1.012s)

    vN Entropy at center bond b=150 = 0.583835443785
    Eigs at center bond b=150: 0.8099 0.1642 0.0196 0.0040 0.0013 
    Largest link dim during sweep 10/87 was 35
    Largest truncation error: 8.15241e-07
    Energy after sweep 10/87 is -196.655808954900
    Sweep 10/87 CPU time = 15.99s (Wall time = 1.028s)

    vN Entropy at center bond b=150 = 0.583838870640
    Eigs at center bond b=150: 0.8099 0.1642 0.0196 0.0040 0.0013 
    Largest link dim during sweep 11/87 was 35
    Largest truncation error: 8.08078e-07
    Energy after sweep 11/87 is -196.655876458208
    Sweep 11/87 CPU time = 16.15s (Wall time = 1.036s)

    vN Entropy at center bond b=150 = 0.583845243397
    Eigs at center bond b=150: 0.8099 0.1642 0.0196 0.0040 0.0013 
    Largest link dim during sweep 12/87 was 35
    Largest truncation error: 8.05553e-07
    Energy after sweep 12/87 is -196.655923750892
    Sweep 12/87 CPU time = 15.88s (Wall time = 1.018s)

    vN Entropy at center bond b=150 = 0.583851772964
    Eigs at center bond b=150: 0.8099 0.1642 0.0196 0.0040 0.0013 
    Largest link dim during sweep 13/87 was 35
    Largest truncation error: 7.908e-07
    Energy after sweep 13/87 is -196.655970898253
    Sweep 13/87 CPU time = 16.27s (Wall time = 1.040s)

    vN Entropy at center bond b=150 = 0.583858681091
    Eigs at center bond b=150: 0.8099 0.1641 0.0196 0.0040 0.0013 
    Largest link dim during sweep 14/87 was 35
    Largest truncation error: 8.07699e-07
    Energy after sweep 14/87 is -196.656002630940
    Sweep 14/87 CPU time = 16.29s (Wall time = 1.040s)

    vN Entropy at center bond b=150 = 0.583553864131
    Eigs at center bond b=150: 0.8099 0.1641 0.0196 0.0040 0.0013 
    Largest link dim during sweep 15/87 was 35
    Largest truncation error: 8.46509e-07
    Energy after sweep 15/87 is -196.655839305931
    Sweep 15/87 CPU time = 15.33s (Wall time = 0.982s)

    vN Entropy at center bond b=150 = 0.583424271300
    Eigs at center bond b=150: 0.8099 0.1641 0.0196 0.0040 0.0013 
    Largest link dim during sweep 16/87 was 35
    Largest truncation error: 8.49226e-07
    Energy after sweep 16/87 is -196.655854627015
    Sweep 16/87 CPU time = 15.26s (Wall time = 0.978s)

    vN Entropy at center bond b=150 = 0.583384973436
    Eigs at center bond b=150: 0.8099 0.1641 0.0196 0.0040 0.0013 
    Largest link dim during sweep 17/87 was 35
    Largest truncation error: 8.50725e-07
    Energy after sweep 17/87 is -196.655877575681
    Sweep 17/87 CPU time = 15.31s (Wall time = 0.980s)

    vN Entropy at center bond b=150 = 0.583373176789
    Eigs at center bond b=150: 0.8100 0.1641 0.0196 0.0040 0.0013 
    Largest link dim during sweep 18/87 was 35
    Largest truncation error: 8.51428e-07
    Energy after sweep 18/87 is -196.655896292595
    Sweep 18/87 CPU time = 15.39s (Wall time = 0.986s)

    vN Entropy at center bond b=150 = 0.583369918577
    Eigs at center bond b=150: 0.8100 0.1641 0.0196 0.0040 0.0013 
    Largest link dim during sweep 19/87 was 35
    Largest truncation error: 8.51883e-07
    Energy after sweep 19/87 is -196.655913692059
    Sweep 19/87 CPU time = 15.47s (Wall time = 0.993s)

    vN Entropy at center bond b=150 = 0.583368640978
    Eigs at center bond b=150: 0.8100 0.1641 0.0196 0.0040 0.0013 
    Largest link dim during sweep 20/87 was 35
    Largest truncation error: 8.52329e-07
    Energy after sweep 20/87 is -196.655927784593
    Sweep 20/87 CPU time = 15.49s (Wall time = 0.989s)

    vN Entropy at center bond b=150 = 0.583370103714
    Eigs at center bond b=150: 0.8100 0.1641 0.0196 0.0040 0.0013 
    Largest link dim during sweep 21/87 was 35
    Largest truncation error: 8.52672e-07
    Energy after sweep 21/87 is -196.655937578195
    Sweep 21/87 CPU time = 15.47s (Wall time = 0.990s)

    vN Entropy at center bond b=150 = 0.583371889978
    Eigs at center bond b=150: 0.8100 0.1641 0.0196 0.0040 0.0013 
    Largest link dim during sweep 22/87 was 35
    Largest truncation error: 8.5301e-07
    Energy after sweep 22/87 is -196.655948668355
    Sweep 22/87 CPU time = 15.46s (Wall time = 0.989s)

    vN Entropy at center bond b=150 = 0.583373398106
    Eigs at center bond b=150: 0.8100 0.1641 0.0196 0.0040 0.0013 
    Largest link dim during sweep 23/87 was 35
    Largest truncation error: 8.53358e-07
    Energy after sweep 23/87 is -196.655958782041
    Sweep 23/87 CPU time = 15.49s (Wall time = 0.993s)

    vN Entropy at center bond b=150 = 0.583374509626
    Eigs at center bond b=150: 0.8100 0.1641 0.0196 0.0040 0.0013 
    Largest link dim during sweep 24/87 was 35
    Largest truncation error: 8.53759e-07
    Energy after sweep 24/87 is -196.655972272551
    Sweep 24/87 CPU time = 15.58s (Wall time = 0.997s)

    vN Entropy at center bond b=150 = 0.583373075211
    Eigs at center bond b=150: 0.8100 0.1641 0.0196 0.0040 0.0013 
    Largest link dim during sweep 25/87 was 35
    Largest truncation error: 8.54255e-07
    Energy after sweep 25/87 is -196.655982664788
    Sweep 25/87 CPU time = 15.52s (Wall time = 0.996s)

    vN Entropy at center bond b=150 = 0.583364942959
    Eigs at center bond b=150: 0.8100 0.1641 0.0196 0.0040 0.0013 
    Largest link dim during sweep 26/87 was 35
    Largest truncation error: 8.547e-07
    Energy after sweep 26/87 is -196.655990996905
    Sweep 26/87 CPU time = 15.61s (Wall time = 1.003s)

    vN Entropy at center bond b=150 = 0.583352259696
    Eigs at center bond b=150: 0.8100 0.1641 0.0196 0.0040 0.0013 
    Largest link dim during sweep 27/87 was 35
    Largest truncation error: 8.55133e-07
    Energy after sweep 27/87 is -196.655999643495
    Sweep 27/87 CPU time = 15.63s (Wall time = 1.000s)

    vN Entropy at center bond b=150 = 0.583340600552
    Eigs at center bond b=150: 0.8100 0.1641 0.0196 0.0040 0.0013 
    Largest link dim during sweep 28/87 was 35
    Largest truncation error: 8.55562e-07
    Energy after sweep 28/87 is -196.656006816412
    Sweep 28/87 CPU time = 15.60s (Wall time = 0.999s)

    vN Entropy at center bond b=150 = 0.583331583538
    Eigs at center bond b=150: 0.8100 0.1641 0.0196 0.0040 0.0013 
    Largest link dim during sweep 29/87 was 35
    Largest truncation error: 8.55895e-07
    Energy after sweep 29/87 is -196.656013329753
    Sweep 29/87 CPU time = 15.61s (Wall time = 1.006s)

    vN Entropy at center bond b=150 = 0.583322744985
    Eigs at center bond b=150: 0.8100 0.1641 0.0196 0.0040 0.0013 
    Largest link dim during sweep 30/87 was 35
    Largest truncation error: 8.56157e-07
    Energy after sweep 30/87 is -196.656022552291
    Sweep 30/87 CPU time = 15.71s (Wall time = 1.008s)

    vN Entropy at center bond b=150 = 0.583314716635
    Eigs at center bond b=150: 0.8100 0.1641 0.0196 0.0040 0.0013 
    Largest link dim during sweep 31/87 was 35
    Largest truncation error: 8.56366e-07
    Energy after sweep 31/87 is -196.656034347696
    Sweep 31/87 CPU time = 15.74s (Wall time = 1.007s)

    vN Entropy at center bond b=150 = 0.583310683515
    Eigs at center bond b=150: 0.8100 0.1641 0.0196 0.0040 0.0013 
    Largest link dim during sweep 32/87 was 35
    Largest truncation error: 8.56443e-07
    Energy after sweep 32/87 is -196.656046010821
    Sweep 32/87 CPU time = 15.76s (Wall time = 1.008s)

    vN Entropy at center bond b=150 = 0.583311161621
    Eigs at center bond b=150: 0.8100 0.1641 0.0196 0.0040 0.0013 
    Largest link dim during sweep 33/87 was 35
    Largest truncation error: 8.5645e-07
    Energy after sweep 33/87 is -196.656056123758
    Sweep 33/87 CPU time = 15.80s (Wall time = 1.011s)

    vN Entropy at center bond b=150 = 0.583318211499
    Eigs at center bond b=150: 0.8099 0.1642 0.0196 0.0040 0.0013 
    Largest link dim during sweep 34/87 was 35
    Largest truncation error: 8.56484e-07
    Energy after sweep 34/87 is -196.656062145347
    Sweep 34/87 CPU time = 15.82s (Wall time = 1.011s)

    vN Entropy at center bond b=150 = 0.583328334713
    Eigs at center bond b=150: 0.8099 0.1642 0.0196 0.0040 0.0013 
    Largest link dim during sweep 35/87 was 35
    Largest truncation error: 8.56618e-07
    Energy after sweep 35/87 is -196.656070663777
    Sweep 35/87 CPU time = 15.81s (Wall time = 1.012s)

    vN Entropy at center bond b=150 = 0.583339019882
    Eigs at center bond b=150: 0.8099 0.1642 0.0196 0.0040 0.0013 
    Largest link dim during sweep 36/87 was 35
    Largest truncation error: 8.5682e-07
    Energy after sweep 36/87 is -196.656077207446
    Sweep 36/87 CPU time = 15.83s (Wall time = 1.013s)

    vN Entropy at center bond b=150 = 0.584398337703
    Eigs at center bond b=150: 0.8096 0.1644 0.0197 0.0040 0.0013 
    Largest link dim during sweep 37/87 was 71
    Largest truncation error: 8.35242e-09
    Energy after sweep 37/87 is -196.657048849279
    Sweep 37/87 CPU time = 35.46s (Wall time = 2.281s)

    vN Entropy at center bond b=150 = 0.585463091100
    Eigs at center bond b=150: 0.8094 0.1644 0.0198 0.0040 0.0013 
    Largest link dim during sweep 38/87 was 74
    Largest truncation error: 8.44314e-09
    Energy after sweep 38/87 is -196.657169271023
    Sweep 38/87 CPU time = 51.71s (Wall time = 3.333s)

    vN Entropy at center bond b=150 = 0.588503748527
    Eigs at center bond b=150: 0.8090 0.1642 0.0200 0.0041 0.0015 
    Largest link dim during sweep 39/87 was 95
    Largest truncation error: 8.46144e-09
    Energy after sweep 39/87 is -196.664970873425
    Sweep 39/87 CPU time = 59.34s (Wall time = 3.820s)

    vN Entropy at center bond b=150 = 0.595646326053
    Eigs at center bond b=150: 0.8079 0.1640 0.0204 0.0041 0.0020 
    Largest link dim during sweep 40/87 was 100
    Largest truncation error: 8.46526e-09
    Energy after sweep 40/87 is -196.694033431803
    Sweep 40/87 CPU time = 1m, 4.8s (Wall time = 4.169s)

    vN Entropy at center bond b=150 = 0.606663025547
    Eigs at center bond b=150: 0.8063 0.1636 0.0209 0.0042 0.0031 
    Largest link dim during sweep 41/87 was 77
    Largest truncation error: 8.46678e-09
    Energy after sweep 41/87 is -196.694279193911
    Sweep 41/87 CPU time = 49.95s (Wall time = 3.204s)

    vN Entropy at center bond b=150 = 0.620530344723
    Eigs at center bond b=150: 0.8041 0.1630 0.0215 0.0046 0.0044 
    Largest link dim during sweep 42/87 was 78
    Largest truncation error: 8.46757e-09
    Energy after sweep 42/87 is -196.694306712101
    Sweep 42/87 CPU time = 48.92s (Wall time = 3.145s)

    vN Entropy at center bond b=150 = 0.635798925118
    Eigs at center bond b=150: 0.8014 0.1624 0.0223 0.0063 0.0045 0.0013 
    Largest link dim during sweep 43/87 was 78
    Largest truncation error: 8.46802e-09
    Energy after sweep 43/87 is -196.694327806302
    Sweep 43/87 CPU time = 50.55s (Wall time = 3.240s)

    vN Entropy at center bond b=150 = 0.651812568728
    Eigs at center bond b=150: 0.7985 0.1617 0.0234 0.0082 0.0048 0.0017 
    Largest link dim during sweep 44/87 was 78
    Largest truncation error: 8.46828e-09
    Energy after sweep 44/87 is -196.694345750654
    Sweep 44/87 CPU time = 51.72s (Wall time = 3.325s)

    vN Entropy at center bond b=150 = 0.668484805681
    Eigs at center bond b=150: 0.7952 0.1610 0.0249 0.0099 0.0051 0.0020 
    Largest link dim during sweep 45/87 was 79
    Largest truncation error: 8.46843e-09
    Energy after sweep 45/87 is -196.694361525767
    Sweep 45/87 CPU time = 53.29s (Wall time = 3.430s)

    vN Entropy at center bond b=150 = 0.685277783974
    Eigs at center bond b=150: 0.7917 0.1602 0.0268 0.0115 0.0054 0.0023 
    Largest link dim during sweep 46/87 was 79
    Largest truncation error: 8.46852e-09
    Energy after sweep 46/87 is -196.694375072686
    Sweep 46/87 CPU time = 54.29s (Wall time = 3.499s)

    vN Entropy at center bond b=150 = 0.701827246587
    Eigs at center bond b=150: 0.7881 0.1594 0.0291 0.0127 0.0059 0.0026 
    Largest link dim during sweep 47/87 was 79
    Largest truncation error: 8.46857e-09
    Energy after sweep 47/87 is -196.694386718361
    Sweep 47/87 CPU time = 55.43s (Wall time = 3.553s)

    vN Entropy at center bond b=150 = 0.717855034819
    Eigs at center bond b=150: 0.7844 0.1586 0.0318 0.0136 0.0065 0.0028 
    Largest link dim during sweep 48/87 was 79
    Largest truncation error: 8.4686e-09
    Energy after sweep 48/87 is -196.694396933203
    Sweep 48/87 CPU time = 56.56s (Wall time = 3.631s)

    vN Entropy at center bond b=150 = 0.733433205425
    Eigs at center bond b=150: 0.7806 0.1578 0.0348 0.0143 0.0071 0.0029 
    Largest link dim during sweep 49/87 was 80
    Largest truncation error: 8.46862e-09
    Energy after sweep 49/87 is -196.694405890851
    Sweep 49/87 CPU time = 57.58s (Wall time = 3.692s)

    vN Entropy at center bond b=150 = 0.748337616511
    Eigs at center bond b=150: 0.7769 0.1570 0.0380 0.0148 0.0077 0.0030 
    Largest link dim during sweep 50/87 was 80
    Largest truncation error: 8.46863e-09
    Energy after sweep 50/87 is -196.694413656655
    Sweep 50/87 CPU time = 59.19s (Wall time = 3.797s)

    vN Entropy at center bond b=150 = 0.762471345616
    Eigs at center bond b=150: 0.7733 0.1562 0.0412 0.0152 0.0084 0.0031 
    Largest link dim during sweep 51/87 was 80
    Largest truncation error: 8.46864e-09
    Energy after sweep 51/87 is -196.694420393119
    Sweep 51/87 CPU time = 1m, 0.8s (Wall time = 3.896s)

    vN Entropy at center bond b=150 = 0.775552860206
    Eigs at center bond b=150: 0.7697 0.1555 0.0444 0.0154 0.0090 0.0031 
    Largest link dim during sweep 52/87 was 80
    Largest truncation error: 8.46864e-09
    Energy after sweep 52/87 is -196.694426320123
    Sweep 52/87 CPU time = 1m, 1.3s (Wall time = 3.933s)

    vN Entropy at center bond b=150 = 0.787576369352
    Eigs at center bond b=150: 0.7664 0.1548 0.0475 0.0156 0.0096 0.0032 
    Largest link dim during sweep 53/87 was 80
    Largest truncation error: 8.46865e-09
    Energy after sweep 53/87 is -196.694431769143
    Sweep 53/87 CPU time = 1m, 2.5s (Wall time = 4.015s)

    vN Entropy at center bond b=150 = 0.798789761371
    Eigs at center bond b=150: 0.7632 0.1541 0.0505 0.0158 0.0102 0.0032 0.0010 
    Largest link dim during sweep 54/87 was 80
    Largest truncation error: 8.46865e-09
    Energy after sweep 54/87 is -196.694436572702
    Sweep 54/87 CPU time = 1m, 3.4s (Wall time = 4.072s)

    vN Entropy at center bond b=150 = 0.809187090502
    Eigs at center bond b=150: 0.7602 0.1534 0.0533 0.0159 0.0108 0.0032 0.0011 
    Largest link dim during sweep 55/87 was 80
    Largest truncation error: 8.46865e-09
    Energy after sweep 55/87 is -196.694441085313
    Sweep 55/87 CPU time = 1m, 4.2s (Wall time = 4.121s)

    vN Entropy at center bond b=150 = 0.819045901762
    Eigs at center bond b=150: 0.7573 0.1528 0.0561 0.0160 0.0114 0.0032 0.0012 
    Largest link dim during sweep 56/87 was 80
    Largest truncation error: 8.46865e-09
    Energy after sweep 56/87 is -196.694445220372
    Sweep 56/87 CPU time = 1m, 5.0s (Wall time = 4.168s)

    vN Entropy at center bond b=150 = 0.828322644108
    Eigs at center bond b=150: 0.7544 0.1522 0.0588 0.0160 0.0119 0.0032 0.0012 
    Largest link dim during sweep 57/87 was 80
    Largest truncation error: 8.46865e-09
    Energy after sweep 57/87 is -196.694448876501
    Sweep 57/87 CPU time = 1m, 5.5s (Wall time = 4.216s)

    vN Entropy at center bond b=150 = 0.836976185815
    Eigs at center bond b=150: 0.7517 0.1517 0.0614 0.0161 0.0124 0.0033 0.0013 
    Largest link dim during sweep 58/87 was 80
    Largest truncation error: 8.46865e-09
    Energy after sweep 58/87 is -196.694452122967
    Sweep 58/87 CPU time = 1m, 6.2s (Wall time = 4.264s)

    vN Entropy at center bond b=150 = 0.845661396251
    Eigs at center bond b=150: 0.7490 0.1511 0.0640 0.0161 0.0129 0.0033 0.0014 
    Largest link dim during sweep 59/87 was 149
    Largest truncation error: 8.70941e-11
    Energy after sweep 59/87 is -196.694467023794
    Sweep 59/87 CPU time = 3m, 1.0s (Wall time = 11.96s)

    vN Entropy at center bond b=150 = 0.857464170453
    Eigs at center bond b=150: 0.7451 0.1503 0.0678 0.0162 0.0137 0.0033 0.0015 
    Largest link dim during sweep 60/87 was 154
    Largest truncation error: 8.70976e-11
    Energy after sweep 60/87 is -196.694471598460
    Sweep 60/87 CPU time = 3m, 56.0s (Wall time = 15.73s)

    vN Entropy at center bond b=150 = 0.869364230407
    Eigs at center bond b=150: 0.7411 0.1495 0.0716 0.0162 0.0145 0.0033 0.0016 
    Largest link dim during sweep 61/87 was 154
    Largest truncation error: 8.71095e-11
    Energy after sweep 61/87 is -196.694475907543
    Sweep 61/87 CPU time = 3m, 59.4s (Wall time = 16.08s)

    vN Entropy at center bond b=150 = 0.881881363878
    Eigs at center bond b=150: 0.7368 0.1486 0.0758 0.0162 0.0153 0.0033 0.0017 
    Largest link dim during sweep 62/87 was 162
    Largest truncation error: 8.71144e-11
    Energy after sweep 62/87 is -196.694480316090
    Sweep 62/87 CPU time = 4m, 3.9s (Wall time = 16.41s)

    vN Entropy at center bond b=150 = 0.893875005110
    Eigs at center bond b=150: 0.7326 0.1477 0.0800 0.0162 0.0162 0.0033 0.0018 
    Largest link dim during sweep 63/87 was 151
    Largest truncation error: 8.71166e-11
    Energy after sweep 63/87 is -196.694484487086
    Sweep 63/87 CPU time = 4m, 10.4s (Wall time = 16.91s)

    vN Entropy at center bond b=150 = 0.905499141690
    Eigs at center bond b=150: 0.7284 0.1469 0.0841 0.0170 0.0162 0.0033 0.0019 
    Largest link dim during sweep 64/87 was 155
    Largest truncation error: 8.71175e-11
    Energy after sweep 64/87 is -196.694488607770
    Sweep 64/87 CPU time = 4m, 16.4s (Wall time = 16.74s)

    vN Entropy at center bond b=150 = 0.919410127970
    Eigs at center bond b=150: 0.7232 0.1458 0.0892 0.0180 0.0162 0.0033 0.0020 
    Largest link dim during sweep 65/87 was 160
    Largest truncation error: 8.71218e-11
    Energy after sweep 65/87 is -196.694492601094
    Sweep 65/87 CPU time = 4m, 25.8s (Wall time = 17.55s)

    vN Entropy at center bond b=150 = 0.931844934663
    Eigs at center bond b=150: 0.7184 0.1449 0.0938 0.0190 0.0161 0.0033 0.0021 
    Largest link dim during sweep 66/87 was 153
    Largest truncation error: 8.82479e-11
    Energy after sweep 66/87 is -196.694496579231
    Sweep 66/87 CPU time = 4m, 38.0s (Wall time = 18.55s)

    vN Entropy at center bond b=150 = 0.942661569529
    Eigs at center bond b=150: 0.7141 0.1440 0.0980 0.0198 0.0161 0.0033 0.0022 
    Largest link dim during sweep 67/87 was 175
    Largest truncation error: 8.16635e-11
    Energy after sweep 67/87 is -196.712240149434
    Sweep 67/87 CPU time = 5m, 6.8s (Wall time = 20.72s)

    vN Entropy at center bond b=150 = 0.584839687041
    Eigs at center bond b=150: 0.8095 0.1644 0.0197 0.0040 0.0013 
    Largest link dim during sweep 68/87 was 172
    Largest truncation error: 8.55551e-11
    Energy after sweep 68/87 is -196.731178131173
    Sweep 68/87 CPU time = 4m, 4.6s (Wall time = 16.10s)

    vN Entropy at center bond b=150 = 0.584840032360
    Eigs at center bond b=150: 0.8095 0.1644 0.0197 0.0040 0.0013 
    Largest link dim during sweep 69/87 was 99
    Largest truncation error: 8.69959e-11
    Energy after sweep 69/87 is -196.731182865540
    Sweep 69/87 CPU time = 2m, 19.6s (Wall time = 8.960s)

    vN Entropy at center bond b=150 = 0.584840087930
    Eigs at center bond b=150: 0.8095 0.1644 0.0197 0.0040 0.0013 
    Largest link dim during sweep 70/87 was 87
    Largest truncation error: 8.70824e-11
    Energy after sweep 70/87 is -196.731182913249
    Sweep 70/87 CPU time = 2m, 7.3s (Wall time = 8.174s)

    vN Entropy at center bond b=150 = 0.584840097795
    Eigs at center bond b=150: 0.8095 0.1644 0.0197 0.0040 0.0013 
    Largest link dim during sweep 71/87 was 86
    Largest truncation error: 8.70951e-11
    Energy after sweep 71/87 is -196.731182913109
    Sweep 71/87 CPU time = 2m, 6.7s (Wall time = 8.140s)

    vN Entropy at center bond b=150 = 0.584840098830
    Eigs at center bond b=150: 0.8095 0.1644 0.0197 0.0040 0.0013 
    Largest link dim during sweep 72/87 was 86
    Largest truncation error: 8.71083e-11
    Energy after sweep 72/87 is -196.731182912508
    Sweep 72/87 CPU time = 2m, 5.8s (Wall time = 8.106s)

    vN Entropy at center bond b=150 = 0.584840093677
    Eigs at center bond b=150: 0.8095 0.1644 0.0197 0.0040 0.0013 
    Largest link dim during sweep 73/87 was 86
    Largest truncation error: 8.71138e-11
    Energy after sweep 73/87 is -196.731182911832
    Sweep 73/87 CPU time = 2m, 7.9s (Wall time = 8.212s)

    vN Entropy at center bond b=150 = 0.584840089324
    Eigs at center bond b=150: 0.8095 0.1644 0.0197 0.0040 0.0013 
    Largest link dim during sweep 74/87 was 86
    Largest truncation error: 8.71162e-11
    Energy after sweep 74/87 is -196.731182911207
    Sweep 74/87 CPU time = 2m, 9.2s (Wall time = 8.301s)

    vN Entropy at center bond b=150 = 0.584844176689
    Eigs at center bond b=150: 0.8095 0.1644 0.0197 0.0040 0.0013 
    Largest link dim during sweep 75/87 was 143
    Largest truncation error: 8.30233e-13
    Energy after sweep 75/87 is -196.731183045976
    Sweep 75/87 CPU time = 3m, 28.0s (Wall time = 13.37s)

    vN Entropy at center bond b=150 = 0.584844400518
    Eigs at center bond b=150: 0.8095 0.1644 0.0197 0.0040 0.0013 
    Largest link dim during sweep 76/87 was 148
    Largest truncation error: 8.42712e-13
    Energy after sweep 76/87 is -196.731183047444
    Sweep 76/87 CPU time = 4m, 41.3s (Wall time = 18.46s)

    vN Entropy at center bond b=150 = 0.584844498609
    Eigs at center bond b=150: 0.8095 0.1644 0.0197 0.0040 0.0013 
    Largest link dim during sweep 77/87 was 147
    Largest truncation error: 8.41859e-13
    Energy after sweep 77/87 is -196.731183047785
    Sweep 77/87 CPU time = 4m, 27.2s (Wall time = 17.29s)

    vN Entropy at center bond b=150 = 0.584844549130
    Eigs at center bond b=150: 0.8095 0.1644 0.0197 0.0040 0.0013 
    Largest link dim during sweep 78/87 was 147
    Largest truncation error: 8.42091e-13
    Energy after sweep 78/87 is -196.731183047926
    Sweep 78/87 CPU time = 4m, 24.3s (Wall time = 17.20s)

    vN Entropy at center bond b=150 = 0.584844577292
    Eigs at center bond b=150: 0.8095 0.1644 0.0197 0.0040 0.0013 
    Largest link dim during sweep 79/87 was 147
    Largest truncation error: 8.42688e-13
    Energy after sweep 79/87 is -196.731183047985
    Sweep 79/87 CPU time = 4m, 23.1s (Wall time = 17.12s)

    vN Entropy at center bond b=150 = 0.584844593394
    Eigs at center bond b=150: 0.8095 0.1644 0.0197 0.0040 0.0013 
    Largest link dim during sweep 80/87 was 147
    Largest truncation error: 8.42967e-13
    Energy after sweep 80/87 is -196.731183048010
    Sweep 80/87 CPU time = 4m, 25.0s (Wall time = 17.22s)

    vN Entropy at center bond b=150 = 0.584844602739
    Eigs at center bond b=150: 0.8095 0.1644 0.0197 0.0040 0.0013 
    Largest link dim during sweep 81/87 was 147
    Largest truncation error: 8.43127e-13
    Energy after sweep 81/87 is -196.731183048025
    Sweep 81/87 CPU time = 4m, 37.2s (Wall time = 17.93s)

    vN Entropy at center bond b=150 = 0.584844608278
    Eigs at center bond b=150: 0.8095 0.1644 0.0197 0.0040 0.0013 
    Largest link dim during sweep 82/87 was 147
    Largest truncation error: 8.43494e-13
    Energy after sweep 82/87 is -196.731183048032
    Sweep 82/87 CPU time = 4m, 46.0s (Wall time = 18.67s)

    vN Entropy at center bond b=150 = 0.584845030666
    Eigs at center bond b=150: 0.8095 0.1644 0.0197 0.0040 0.0013 
    Largest link dim during sweep 83/87 was 135
    Largest truncation error: 8.30975e-13
    Energy after sweep 83/87 is -196.731183047568
    Sweep 83/87 CPU time = 3m, 41.0s (Wall time = 14.32s)

    vN Entropy at center bond b=150 = 0.584845040159
    Eigs at center bond b=150: 0.8095 0.1644 0.0197 0.0040 0.0013 
    Largest link dim during sweep 84/87 was 226
    Largest truncation error: 8.41852e-15
    Energy after sweep 84/87 is -196.731183049626
    Sweep 84/87 CPU time = 8m, 26.0s (Wall time = 34.76s)

    vN Entropy at center bond b=150 = 0.584845049798
    Eigs at center bond b=150: 0.8095 0.1644 0.0197 0.0040 0.0013 
    Largest link dim during sweep 85/87 was 241
    Largest truncation error: 8.28088e-15
    Energy after sweep 85/87 is -196.731183049699
    Sweep 85/87 CPU time = 14m, 49s (Wall time = 58.85s)

    vN Entropy at center bond b=150 = 0.584845054228
    Eigs at center bond b=150: 0.8095 0.1644 0.0197 0.0040 0.0013 
    Largest link dim during sweep 86/87 was 235
    Largest truncation error: 8.23755e-15
    Energy after sweep 86/87 is -196.731183049720
    Sweep 86/87 CPU time = 14m, 48s (Wall time = 57.14s)

    vN Entropy at center bond b=150 = 0.584845056294
    Eigs at center bond b=150: 0.8095 0.1644 0.0197 0.0040 0.0013 
    Largest link dim during sweep 87/87 was 230
    Largest truncation error: 8.20075e-15
    Energy after sweep 87/87 is -196.731183049715
    Sweep 87/87 CPU time = 11m, 28s (Wall time = 44.26s)
Initial energy = -0.00000

Ground State Energy = -196.7311830497
run_outputs/outputpsi/N_300_sweep_87_t_0.030000_J_1.000000_V_0.600000_D_0.018000_U_-0.010000_mu_0.000000_E_0.005000 converge
Wall-clock time (s) = 2222.422849
