//////////////////////////
Reading input file ......

Got input.N = 300
Got input.t = 0.03
Got input.J = 1
Got input.V = 0.6
Got input.D = 0.018
Got input.U = 0
Got input.mu = 0.02
Got input.E = 0.001
Got input.nsweeps = 87
Sweeps:
1  MaxDim=20, MinDim=20, Cutoff=1.0E-06, Niter=8, Noise=1.0E-05
2  MaxDim=20, MinDim=20, Cutoff=1.0E-06, Niter=8, Noise=1.0E-05
3  MaxDim=20, MinDim=20, Cutoff=1.0E-06, Niter=8, Noise=1.0E-05
4  MaxDim=20, MinDim=20, Cutoff=1.0E-06, Niter=8, Noise=1.0E-05
5  MaxDim=20, MinDim=20, Cutoff=1.0E-06, Niter=8, Noise=1.0E-05
6  MaxDim=20, MinDim=20, Cutoff=1.0E-06, Niter=8, Noise=1.0E-05
7  MaxDim=20, MinDim=20, Cutoff=1.0E-06, Niter=8, Noise=1.0E-05
8  MaxDim=40, MinDim=20, Cutoff=1.0E-06, Niter=4, Noise=1.0E-05
9  MaxDim=40, MinDim=20, Cutoff=1.0E-06, Niter=4, Noise=1.0E-05
10  MaxDim=40, MinDim=20, Cutoff=1.0E-06, Niter=4, Noise=1.0E-05
11  MaxDim=40, MinDim=20, Cutoff=1.0E-06, Niter=4, Noise=1.0E-05
12  MaxDim=40, MinDim=20, Cutoff=1.0E-06, Niter=4, Noise=1.0E-05
13  MaxDim=40, MinDim=20, Cutoff=1.0E-06, Niter=4, Noise=1.0E-05
14  MaxDim=40, MinDim=20, Cutoff=1.0E-06, Niter=4, Noise=1.0E-05
15  MaxDim=80, MinDim=10, Cutoff=1.0E-06, Niter=4, Noise=1.0E-05
16  MaxDim=80, MinDim=10, Cutoff=1.0E-06, Niter=4, Noise=1.0E-05
17  MaxDim=80, MinDim=10, Cutoff=1.0E-06, Niter=4, Noise=1.0E-05
18  MaxDim=80, MinDim=10, Cutoff=1.0E-06, Niter=4, Noise=1.0E-05
19  MaxDim=80, MinDim=10, Cutoff=1.0E-06, Niter=4, Noise=1.0E-05
20  MaxDim=80, MinDim=10, Cutoff=1.0E-06, Niter=4, Noise=1.0E-05
21  MaxDim=80, MinDim=10, Cutoff=1.0E-06, Niter=4, Noise=1.0E-05
22  MaxDim=80, MinDim=10, Cutoff=1.0E-06, Niter=4, Noise=1.0E-05
23  MaxDim=80, MinDim=10, Cutoff=1.0E-06, Niter=4, Noise=1.0E-05
24  MaxDim=80, MinDim=10, Cutoff=1.0E-06, Niter=4, Noise=1.0E-05
25  MaxDim=80, MinDim=10, Cutoff=1.0E-06, Niter=4, Noise=1.0E-05
26  MaxDim=80, MinDim=10, Cutoff=1.0E-06, Niter=4, Noise=1.0E-05
27  MaxDim=80, MinDim=10, Cutoff=1.0E-06, Niter=4, Noise=1.0E-05
28  MaxDim=80, MinDim=10, Cutoff=1.0E-06, Niter=4, Noise=1.0E-05
29  MaxDim=80, MinDim=10, Cutoff=1.0E-06, Niter=4, Noise=1.0E-05
30  MaxDim=80, MinDim=10, Cutoff=1.0E-06, Niter=4, Noise=1.0E-05
31  MaxDim=80, MinDim=10, Cutoff=1.0E-06, Niter=4, Noise=1.0E-05
32  MaxDim=80, MinDim=10, Cutoff=1.0E-06, Niter=4, Noise=1.0E-05
33  MaxDim=80, MinDim=10, Cutoff=1.0E-06, Niter=4, Noise=1.0E-05
34  MaxDim=80, MinDim=10, Cutoff=1.0E-06, Niter=4, Noise=1.0E-05
35  MaxDim=80, MinDim=10, Cutoff=1.0E-06, Niter=4, Noise=1.0E-05
36  MaxDim=80, MinDim=10, Cutoff=1.0E-06, Niter=4, Noise=1.0E-05
37  MaxDim=160, MinDim=10, Cutoff=1.0E-08, Niter=4, Noise=1.0E-06
38  MaxDim=160, MinDim=10, Cutoff=1.0E-08, Niter=4, Noise=1.0E-06
39  MaxDim=160, MinDim=10, Cutoff=1.0E-08, Niter=4, Noise=1.0E-06
40  MaxDim=160, MinDim=10, Cutoff=1.0E-08, Niter=4, Noise=1.0E-06
41  MaxDim=160, MinDim=10, Cutoff=1.0E-08, Niter=4, Noise=1.0E-06
42  MaxDim=160, MinDim=10, Cutoff=1.0E-08, Niter=4, Noise=1.0E-06
43  MaxDim=160, MinDim=10, Cutoff=1.0E-08, Niter=4, Noise=1.0E-06
44  MaxDim=160, MinDim=10, Cutoff=1.0E-08, Niter=4, Noise=1.0E-06
45  MaxDim=160, MinDim=10, Cutoff=1.0E-08, Niter=4, Noise=1.0E-06
46  MaxDim=160, MinDim=10, Cutoff=1.0E-08, Niter=4, Noise=1.0E-06
47  MaxDim=160, MinDim=10, Cutoff=1.0E-08, Niter=4, Noise=1.0E-06
48  MaxDim=160, MinDim=10, Cutoff=1.0E-08, Niter=4, Noise=1.0E-06
49  MaxDim=160, MinDim=10, Cutoff=1.0E-08, Niter=4, Noise=1.0E-06
50  MaxDim=160, MinDim=10, Cutoff=1.0E-08, Niter=4, Noise=1.0E-06
51  MaxDim=160, MinDim=10, Cutoff=1.0E-08, Niter=4, Noise=1.0E-06
52  MaxDim=160, MinDim=10, Cutoff=1.0E-08, Niter=4, Noise=1.0E-06
53  MaxDim=160, MinDim=10, Cutoff=1.0E-08, Niter=4, Noise=1.0E-06
54  MaxDim=160, MinDim=10, Cutoff=1.0E-08, Niter=4, Noise=1.0E-06
55  MaxDim=160, MinDim=10, Cutoff=1.0E-08, Niter=4, Noise=1.0E-06
56  MaxDim=160, MinDim=10, Cutoff=1.0E-08, Niter=4, Noise=1.0E-06
57  MaxDim=160, MinDim=10, Cutoff=1.0E-08, Niter=4, Noise=1.0E-06
58  MaxDim=160, MinDim=10, Cutoff=1.0E-08, Niter=4, Noise=1.0E-06
59  MaxDim=320, MinDim=10, Cutoff=1.0E-10, Niter=4, Noise=1.0E-07
60  MaxDim=320, MinDim=10, Cutoff=1.0E-10, Niter=4, Noise=1.0E-07
61  MaxDim=320, MinDim=10, Cutoff=1.0E-10, Niter=4, Noise=1.0E-07
62  MaxDim=320, MinDim=10, Cutoff=1.0E-10, Niter=4, Noise=1.0E-07
63  MaxDim=320, MinDim=10, Cutoff=1.0E-10, Niter=4, Noise=1.0E-07
64  MaxDim=320, MinDim=10, Cutoff=1.0E-10, Niter=4, Noise=1.0E-07
65  MaxDim=320, MinDim=10, Cutoff=1.0E-10, Niter=4, Noise=1.0E-07
66  MaxDim=320, MinDim=10, Cutoff=1.0E-10, Niter=4, Noise=1.0E-07
67  MaxDim=320, MinDim=10, Cutoff=1.0E-10, Niter=4, Noise=1.0E-07
68  MaxDim=320, MinDim=10, Cutoff=1.0E-10, Niter=4, Noise=1.0E-07
69  MaxDim=320, MinDim=10, Cutoff=1.0E-10, Niter=4, Noise=1.0E-07
70  MaxDim=320, MinDim=10, Cutoff=1.0E-10, Niter=4, Noise=1.0E-07
71  MaxDim=320, MinDim=10, Cutoff=1.0E-10, Niter=4, Noise=1.0E-07
72  MaxDim=320, MinDim=10, Cutoff=1.0E-10, Niter=4, Noise=1.0E-07
73  MaxDim=320, MinDim=10, Cutoff=1.0E-10, Niter=4, Noise=1.0E-07
74  MaxDim=320, MinDim=10, Cutoff=1.0E-10, Niter=4, Noise=1.0E-07
75  MaxDim=640, MinDim=10, Cutoff=1.0E-12, Niter=2, Noise=1.0E-08
76  MaxDim=640, MinDim=10, Cutoff=1.0E-12, Niter=2, Noise=1.0E-08
77  MaxDim=640, MinDim=10, Cutoff=1.0E-12, Niter=2, Noise=1.0E-08
78  MaxDim=640, MinDim=10, Cutoff=1.0E-12, Niter=2, Noise=1.0E-08
79  MaxDim=640, MinDim=10, Cutoff=1.0E-12, Niter=2, Noise=1.0E-08
80  MaxDim=640, MinDim=10, Cutoff=1.0E-12, Niter=2, Noise=1.0E-08
81  MaxDim=640, MinDim=10, Cutoff=1.0E-12, Niter=2, Noise=1.0E-08
82  MaxDim=640, MinDim=10, Cutoff=1.0E-12, Niter=2, Noise=1.0E-08
83  MaxDim=1280, MinDim=10, Cutoff=1.0E-12, Niter=2, Noise=0.0E+00
84  MaxDim=1280, MinDim=10, Cutoff=1.0E-14, Niter=2, Noise=0.0E+00
85  MaxDim=1280, MinDim=10, Cutoff=1.0E-14, Niter=2, Noise=0.0E+00
86  MaxDim=1280, MinDim=10, Cutoff=1.0E-14, Niter=2, Noise=0.0E+00
87  MaxDim=1280, MinDim=10, Cutoff=1.0E-14, Niter=2, Noise=0.0E+00


    vN Entropy at center bond b=150 = 0.576573592318
    Eigs at center bond b=150: 0.8101 0.1658 0.0186 0.0037 0.0011 
    Largest link dim during sweep 1/87 was 20
    Largest truncation error: 3.72332e-05
    Energy after sweep 1/87 is -195.948176803445
    Sweep 1/87 CPU time = 11.99s (Wall time = 1.088s)

    vN Entropy at center bond b=150 = 0.577496375639
    Eigs at center bond b=150: 0.8139 0.1601 0.0197 0.0039 0.0014 
    Largest link dim during sweep 2/87 was 20
    Largest truncation error: 8.90212e-07
    Energy after sweep 2/87 is -195.984699155200
    Sweep 2/87 CPU time = 23.14s (Wall time = 1.487s)

    vN Entropy at center bond b=150 = 0.577605039126
    Eigs at center bond b=150: 0.8139 0.1601 0.0197 0.0039 0.0014 
    Largest link dim during sweep 3/87 was 20
    Largest truncation error: 7.46532e-07
    Energy after sweep 3/87 is -195.984694876319
    Sweep 3/87 CPU time = 22.56s (Wall time = 1.449s)

    vN Entropy at center bond b=150 = 0.577613310583
    Eigs at center bond b=150: 0.8139 0.1601 0.0197 0.0039 0.0014 
    Largest link dim during sweep 4/87 was 20
    Largest truncation error: 7.46884e-07
    Energy after sweep 4/87 is -195.984692008903
    Sweep 4/87 CPU time = 22.51s (Wall time = 1.442s)

    vN Entropy at center bond b=150 = 0.577614207034
    Eigs at center bond b=150: 0.8139 0.1601 0.0197 0.0039 0.0014 
    Largest link dim during sweep 5/87 was 20
    Largest truncation error: 7.47974e-07
    Energy after sweep 5/87 is -195.984690207845
    Sweep 5/87 CPU time = 22.51s (Wall time = 1.444s)

    vN Entropy at center bond b=150 = 0.577614365327
    Eigs at center bond b=150: 0.8139 0.1601 0.0197 0.0039 0.0014 
    Largest link dim during sweep 6/87 was 20
    Largest truncation error: 7.48182e-07
    Energy after sweep 6/87 is -195.984688823781
    Sweep 6/87 CPU time = 22.57s (Wall time = 1.449s)

    vN Entropy at center bond b=150 = 0.577614402159
    Eigs at center bond b=150: 0.8139 0.1601 0.0197 0.0039 0.0014 
    Largest link dim during sweep 7/87 was 20
    Largest truncation error: 7.48198e-07
    Energy after sweep 7/87 is -195.984688544781
    Sweep 7/87 CPU time = 22.52s (Wall time = 1.449s)

    vN Entropy at center bond b=150 = 0.577599312262
    Eigs at center bond b=150: 0.8139 0.1601 0.0197 0.0039 0.0014 
    Largest link dim during sweep 8/87 was 20
    Largest truncation error: 7.11095e-07
    Energy after sweep 8/87 is -195.984691439336
    Sweep 8/87 CPU time = 11.93s (Wall time = 0.767s)

    vN Entropy at center bond b=150 = 0.577598025821
    Eigs at center bond b=150: 0.8139 0.1601 0.0197 0.0039 0.0014 
    Largest link dim during sweep 9/87 was 20
    Largest truncation error: 7.08478e-07
    Energy after sweep 9/87 is -195.984691474175
    Sweep 9/87 CPU time = 12.11s (Wall time = 0.776s)

    vN Entropy at center bond b=150 = 0.577597225404
    Eigs at center bond b=150: 0.8139 0.1601 0.0197 0.0039 0.0014 
    Largest link dim during sweep 10/87 was 20
    Largest truncation error: 7.07705e-07
    Energy after sweep 10/87 is -195.984691393479
    Sweep 10/87 CPU time = 12.15s (Wall time = 0.779s)

    vN Entropy at center bond b=150 = 0.577596841362
    Eigs at center bond b=150: 0.8139 0.1601 0.0197 0.0039 0.0014 
    Largest link dim during sweep 11/87 was 20
    Largest truncation error: 7.07373e-07
    Energy after sweep 11/87 is -195.984691325596
    Sweep 11/87 CPU time = 11.91s (Wall time = 0.765s)

    vN Entropy at center bond b=150 = 0.577596655758
    Eigs at center bond b=150: 0.8139 0.1601 0.0197 0.0039 0.0014 
    Largest link dim during sweep 12/87 was 20
    Largest truncation error: 7.07221e-07
    Energy after sweep 12/87 is -195.984691279968
    Sweep 12/87 CPU time = 11.98s (Wall time = 0.769s)

    vN Entropy at center bond b=150 = 0.577596563045
    Eigs at center bond b=150: 0.8139 0.1601 0.0197 0.0039 0.0014 
    Largest link dim during sweep 13/87 was 20
    Largest truncation error: 7.07149e-07
    Energy after sweep 13/87 is -195.984691251305
    Sweep 13/87 CPU time = 11.94s (Wall time = 0.766s)

    vN Entropy at center bond b=150 = 0.577596515732
    Eigs at center bond b=150: 0.8139 0.1601 0.0197 0.0039 0.0014 
    Largest link dim during sweep 14/87 was 20
    Largest truncation error: 7.07115e-07
    Energy after sweep 14/87 is -195.984691233915
    Sweep 14/87 CPU time = 12.06s (Wall time = 0.773s)

    vN Entropy at center bond b=150 = 0.577298090541
    Eigs at center bond b=150: 0.8139 0.1601 0.0197 0.0039 0.0014 
    Largest link dim during sweep 15/87 was 19
    Largest truncation error: 8.39175e-07
    Energy after sweep 15/87 is -195.984302859713
    Sweep 15/87 CPU time = 10.83s (Wall time = 0.692s)

    vN Entropy at center bond b=150 = 0.577012736052
    Eigs at center bond b=150: 0.8140 0.1600 0.0197 0.0039 0.0014 
    Largest link dim during sweep 16/87 was 19
    Largest truncation error: 8.16699e-07
    Energy after sweep 16/87 is -195.984277896807
    Sweep 16/87 CPU time = 10.48s (Wall time = 0.673s)

    vN Entropy at center bond b=150 = 0.576924683414
    Eigs at center bond b=150: 0.8140 0.1600 0.0197 0.0039 0.0014 
    Largest link dim during sweep 17/87 was 19
    Largest truncation error: 8.1435e-07
    Energy after sweep 17/87 is -195.984278569976
    Sweep 17/87 CPU time = 10.43s (Wall time = 0.666s)

    vN Entropy at center bond b=150 = 0.576895848649
    Eigs at center bond b=150: 0.8140 0.1600 0.0197 0.0039 0.0014 
    Largest link dim during sweep 18/87 was 19
    Largest truncation error: 8.11725e-07
    Energy after sweep 18/87 is -195.984280100129
    Sweep 18/87 CPU time = 10.45s (Wall time = 0.668s)

    vN Entropy at center bond b=150 = 0.576886153195
    Eigs at center bond b=150: 0.8140 0.1600 0.0197 0.0039 0.0014 
    Largest link dim during sweep 19/87 was 19
    Largest truncation error: 8.07484e-07
    Energy after sweep 19/87 is -195.984280353846
    Sweep 19/87 CPU time = 10.43s (Wall time = 0.670s)

    vN Entropy at center bond b=150 = 0.576882844566
    Eigs at center bond b=150: 0.8140 0.1600 0.0197 0.0039 0.0014 
    Largest link dim during sweep 20/87 was 19
    Largest truncation error: 8.07392e-07
    Energy after sweep 20/87 is -195.984280436757
    Sweep 20/87 CPU time = 10.35s (Wall time = 0.666s)

    vN Entropy at center bond b=150 = 0.576881697604
    Eigs at center bond b=150: 0.8140 0.1600 0.0197 0.0039 0.0014 
    Largest link dim during sweep 21/87 was 19
    Largest truncation error: 8.07375e-07
    Energy after sweep 21/87 is -195.984280468486
    Sweep 21/87 CPU time = 10.35s (Wall time = 0.666s)

    vN Entropy at center bond b=150 = 0.576881292653
    Eigs at center bond b=150: 0.8140 0.1600 0.0197 0.0039 0.0014 
    Largest link dim during sweep 22/87 was 19
    Largest truncation error: 8.07373e-07
    Energy after sweep 22/87 is -195.984280481430
    Sweep 22/87 CPU time = 10.44s (Wall time = 0.668s)

    vN Entropy at center bond b=150 = 0.576881146636
    Eigs at center bond b=150: 0.8140 0.1600 0.0197 0.0039 0.0014 
    Largest link dim during sweep 23/87 was 19
    Largest truncation error: 8.07374e-07
    Energy after sweep 23/87 is -195.984280486908
    Sweep 23/87 CPU time = 10.41s (Wall time = 0.667s)

    vN Entropy at center bond b=150 = 0.576881092744
    Eigs at center bond b=150: 0.8140 0.1600 0.0197 0.0039 0.0014 
    Largest link dim during sweep 24/87 was 19
    Largest truncation error: 8.07374e-07
    Energy after sweep 24/87 is -195.984280489286
    Sweep 24/87 CPU time = 10.45s (Wall time = 0.667s)

    vN Entropy at center bond b=150 = 0.576881072356
    Eigs at center bond b=150: 0.8140 0.1600 0.0197 0.0039 0.0014 
    Largest link dim during sweep 25/87 was 19
    Largest truncation error: 8.07375e-07
    Energy after sweep 25/87 is -195.984280490331
    Sweep 25/87 CPU time = 10.42s (Wall time = 0.665s)

    vN Entropy at center bond b=150 = 0.576881064450
    Eigs at center bond b=150: 0.8140 0.1600 0.0197 0.0039 0.0014 
    Largest link dim during sweep 26/87 was 19
    Largest truncation error: 8.07375e-07
    Energy after sweep 26/87 is -195.984280490801
    Sweep 26/87 CPU time = 10.40s (Wall time = 0.668s)

    vN Entropy at center bond b=150 = 0.576881061310
    Eigs at center bond b=150: 0.8140 0.1600 0.0197 0.0039 0.0014 
    Largest link dim during sweep 27/87 was 19
    Largest truncation error: 8.07375e-07
    Energy after sweep 27/87 is -195.984280491009
    Sweep 27/87 CPU time = 10.45s (Wall time = 0.669s)

    vN Entropy at center bond b=150 = 0.576881060035
    Eigs at center bond b=150: 0.8140 0.1600 0.0197 0.0039 0.0014 
    Largest link dim during sweep 28/87 was 19
    Largest truncation error: 8.07375e-07
    Energy after sweep 28/87 is -195.984280491103
    Sweep 28/87 CPU time = 10.41s (Wall time = 0.668s)

    vN Entropy at center bond b=150 = 0.576881059509
    Eigs at center bond b=150: 0.8140 0.1600 0.0197 0.0039 0.0014 
    Largest link dim during sweep 29/87 was 19
    Largest truncation error: 8.07375e-07
    Energy after sweep 29/87 is -195.984280491144
    Sweep 29/87 CPU time = 10.44s (Wall time = 0.667s)

    vN Entropy at center bond b=150 = 0.576881059287
    Eigs at center bond b=150: 0.8140 0.1600 0.0197 0.0039 0.0014 
    Largest link dim during sweep 30/87 was 19
    Largest truncation error: 8.07375e-07
    Energy after sweep 30/87 is -195.984280491162
    Sweep 30/87 CPU time = 10.37s (Wall time = 0.665s)

    vN Entropy at center bond b=150 = 0.576881059193
    Eigs at center bond b=150: 0.8140 0.1600 0.0197 0.0039 0.0014 
    Largest link dim during sweep 31/87 was 19
    Largest truncation error: 8.07375e-07
    Energy after sweep 31/87 is -195.984280491167
    Sweep 31/87 CPU time = 10.38s (Wall time = 0.667s)

    vN Entropy at center bond b=150 = 0.576881059152
    Eigs at center bond b=150: 0.8140 0.1600 0.0197 0.0039 0.0014 
    Largest link dim during sweep 32/87 was 19
    Largest truncation error: 8.07375e-07
    Energy after sweep 32/87 is -195.984280491172
    Sweep 32/87 CPU time = 10.38s (Wall time = 0.667s)

    vN Entropy at center bond b=150 = 0.576881059135
    Eigs at center bond b=150: 0.8140 0.1600 0.0197 0.0039 0.0014 
    Largest link dim during sweep 33/87 was 19
    Largest truncation error: 8.07375e-07
    Energy after sweep 33/87 is -195.984280491172
    Sweep 33/87 CPU time = 10.40s (Wall time = 0.665s)

    vN Entropy at center bond b=150 = 0.576881059127
    Eigs at center bond b=150: 0.8140 0.1600 0.0197 0.0039 0.0014 
    Largest link dim during sweep 34/87 was 19
    Largest truncation error: 8.07375e-07
    Energy after sweep 34/87 is -195.984280491174
    Sweep 34/87 CPU time = 10.44s (Wall time = 0.668s)

    vN Entropy at center bond b=150 = 0.576881059124
    Eigs at center bond b=150: 0.8140 0.1600 0.0197 0.0039 0.0014 
    Largest link dim during sweep 35/87 was 19
    Largest truncation error: 8.07375e-07
    Energy after sweep 35/87 is -195.984280491171
    Sweep 35/87 CPU time = 10.45s (Wall time = 0.670s)

    vN Entropy at center bond b=150 = 0.576881059122
    Eigs at center bond b=150: 0.8140 0.1600 0.0197 0.0039 0.0014 
    Largest link dim during sweep 36/87 was 19
    Largest truncation error: 8.07375e-07
    Energy after sweep 36/87 is -195.984280491170
    Sweep 36/87 CPU time = 10.43s (Wall time = 0.668s)

    vN Entropy at center bond b=150 = 0.578076790956
    Eigs at center bond b=150: 0.8136 0.1603 0.0198 0.0039 0.0014 
    Largest link dim during sweep 37/87 was 40
    Largest truncation error: 8.32068e-09
    Energy after sweep 37/87 is -195.985255664956
    Sweep 37/87 CPU time = 19.24s (Wall time = 1.233s)

    vN Entropy at center bond b=150 = 0.578578589975
    Eigs at center bond b=150: 0.8136 0.1603 0.0198 0.0039 0.0014 
    Largest link dim during sweep 38/87 was 42
    Largest truncation error: 8.24843e-09
    Energy after sweep 38/87 is -195.985276739168
    Sweep 38/87 CPU time = 29.45s (Wall time = 1.893s)

    vN Entropy at center bond b=150 = 0.578658681029
    Eigs at center bond b=150: 0.8136 0.1603 0.0198 0.0039 0.0014 
    Largest link dim during sweep 39/87 was 43
    Largest truncation error: 8.16664e-09
    Energy after sweep 39/87 is -195.985278608540
    Sweep 39/87 CPU time = 29.11s (Wall time = 1.866s)

    vN Entropy at center bond b=150 = 0.578673475772
    Eigs at center bond b=150: 0.8136 0.1603 0.0198 0.0039 0.0014 
    Largest link dim during sweep 40/87 was 43
    Largest truncation error: 8.29085e-09
    Energy after sweep 40/87 is -195.985279046789
    Sweep 40/87 CPU time = 29.19s (Wall time = 1.879s)

    vN Entropy at center bond b=150 = 0.578679255287
    Eigs at center bond b=150: 0.8136 0.1603 0.0198 0.0039 0.0014 
    Largest link dim during sweep 41/87 was 43
    Largest truncation error: 8.2964e-09
    Energy after sweep 41/87 is -195.985279391073
    Sweep 41/87 CPU time = 29.42s (Wall time = 1.892s)

    vN Entropy at center bond b=150 = 0.578681358244
    Eigs at center bond b=150: 0.8136 0.1603 0.0198 0.0039 0.0014 
    Largest link dim during sweep 42/87 was 43
    Largest truncation error: 8.31117e-09
    Energy after sweep 42/87 is -195.985279412457
    Sweep 42/87 CPU time = 29.45s (Wall time = 1.886s)

    vN Entropy at center bond b=150 = 0.578682181508
    Eigs at center bond b=150: 0.8136 0.1603 0.0198 0.0039 0.0014 
    Largest link dim during sweep 43/87 was 43
    Largest truncation error: 8.32149e-09
    Energy after sweep 43/87 is -195.985279433025
    Sweep 43/87 CPU time = 29.40s (Wall time = 1.886s)

    vN Entropy at center bond b=150 = 0.578682511561
    Eigs at center bond b=150: 0.8136 0.1603 0.0198 0.0039 0.0014 
    Largest link dim during sweep 44/87 was 43
    Largest truncation error: 8.32731e-09
    Energy after sweep 44/87 is -195.985279431443
    Sweep 44/87 CPU time = 29.34s (Wall time = 1.887s)

    vN Entropy at center bond b=150 = 0.578682646993
    Eigs at center bond b=150: 0.8136 0.1603 0.0198 0.0039 0.0014 
    Largest link dim during sweep 45/87 was 43
    Largest truncation error: 8.33033e-09
    Energy after sweep 45/87 is -195.985279430482
    Sweep 45/87 CPU time = 29.41s (Wall time = 1.888s)

    vN Entropy at center bond b=150 = 0.578682703958
    Eigs at center bond b=150: 0.8136 0.1603 0.0198 0.0039 0.0014 
    Largest link dim during sweep 46/87 was 43
    Largest truncation error: 8.33184e-09
    Energy after sweep 46/87 is -195.985279431848
    Sweep 46/87 CPU time = 29.41s (Wall time = 1.889s)

    vN Entropy at center bond b=150 = 0.578682728521
    Eigs at center bond b=150: 0.8136 0.1603 0.0198 0.0039 0.0014 
    Largest link dim during sweep 47/87 was 43
    Largest truncation error: 8.33372e-09
    Energy after sweep 47/87 is -195.985279431567
    Sweep 47/87 CPU time = 29.41s (Wall time = 1.887s)

    vN Entropy at center bond b=150 = 0.578682739368
    Eigs at center bond b=150: 0.8136 0.1603 0.0198 0.0039 0.0014 
    Largest link dim during sweep 48/87 was 43
    Largest truncation error: 8.33469e-09
    Energy after sweep 48/87 is -195.985279431401
    Sweep 48/87 CPU time = 29.43s (Wall time = 1.887s)

    vN Entropy at center bond b=150 = 0.578682744265
    Eigs at center bond b=150: 0.8136 0.1603 0.0198 0.0039 0.0014 
    Largest link dim during sweep 49/87 was 43
    Largest truncation error: 8.33516e-09
    Energy after sweep 49/87 is -195.985279431300
    Sweep 49/87 CPU time = 29.45s (Wall time = 1.891s)

    vN Entropy at center bond b=150 = 0.578682746519
    Eigs at center bond b=150: 0.8136 0.1603 0.0198 0.0039 0.0014 
    Largest link dim during sweep 50/87 was 43
    Largest truncation error: 8.33538e-09
    Energy after sweep 50/87 is -195.985279431243
    Sweep 50/87 CPU time = 29.51s (Wall time = 1.890s)

    vN Entropy at center bond b=150 = 0.578682747573
    Eigs at center bond b=150: 0.8136 0.1603 0.0198 0.0039 0.0014 
    Largest link dim during sweep 51/87 was 43
    Largest truncation error: 8.33549e-09
    Energy after sweep 51/87 is -195.985279431209
    Sweep 51/87 CPU time = 29.63s (Wall time = 1.907s)

    vN Entropy at center bond b=150 = 0.578682748072
    Eigs at center bond b=150: 0.8136 0.1603 0.0198 0.0039 0.0014 
    Largest link dim during sweep 52/87 was 43
    Largest truncation error: 8.33555e-09
    Energy after sweep 52/87 is -195.985279431190
    Sweep 52/87 CPU time = 29.33s (Wall time = 1.884s)

    vN Entropy at center bond b=150 = 0.578682748312
    Eigs at center bond b=150: 0.8136 0.1603 0.0198 0.0039 0.0014 
    Largest link dim during sweep 53/87 was 43
    Largest truncation error: 8.33557e-09
    Energy after sweep 53/87 is -195.985279431178
    Sweep 53/87 CPU time = 29.29s (Wall time = 1.881s)

    vN Entropy at center bond b=150 = 0.578682748428
    Eigs at center bond b=150: 0.8136 0.1603 0.0198 0.0039 0.0014 
    Largest link dim during sweep 54/87 was 43
    Largest truncation error: 8.33559e-09
    Energy after sweep 54/87 is -195.985279431172
    Sweep 54/87 CPU time = 29.05s (Wall time = 1.864s)

    vN Entropy at center bond b=150 = 0.578682748484
    Eigs at center bond b=150: 0.8136 0.1603 0.0198 0.0039 0.0014 
    Largest link dim during sweep 55/87 was 43
    Largest truncation error: 8.33559e-09
    Energy after sweep 55/87 is -195.985279431166
    Sweep 55/87 CPU time = 29.08s (Wall time = 1.863s)

    vN Entropy at center bond b=150 = 0.578682748511
    Eigs at center bond b=150: 0.8136 0.1603 0.0198 0.0039 0.0014 
    Largest link dim during sweep 56/87 was 43
    Largest truncation error: 8.3356e-09
    Energy after sweep 56/87 is -195.985279431163
    Sweep 56/87 CPU time = 29.07s (Wall time = 1.868s)

    vN Entropy at center bond b=150 = 0.578682748524
    Eigs at center bond b=150: 0.8136 0.1603 0.0198 0.0039 0.0014 
    Largest link dim during sweep 57/87 was 43
    Largest truncation error: 8.3356e-09
    Energy after sweep 57/87 is -195.985279431162
    Sweep 57/87 CPU time = 29.20s (Wall time = 1.870s)

    vN Entropy at center bond b=150 = 0.578682748531
    Eigs at center bond b=150: 0.8136 0.1603 0.0198 0.0039 0.0014 
    Largest link dim during sweep 58/87 was 43
    Largest truncation error: 8.3356e-09
    Energy after sweep 58/87 is -195.985279431159
    Sweep 58/87 CPU time = 29.07s (Wall time = 1.867s)

    vN Entropy at center bond b=150 = 0.578752950894
    Eigs at center bond b=150: 0.8135 0.1603 0.0198 0.0039 0.0014 
    Largest link dim during sweep 59/87 was 79
    Largest truncation error: 8.17994e-11
    Energy after sweep 59/87 is -195.985291875053
    Sweep 59/87 CPU time = 1m, 2.9s (Wall time = 4.070s)

    vN Entropy at center bond b=150 = 0.578770039905
    Eigs at center bond b=150: 0.8135 0.1603 0.0198 0.0039 0.0014 
    Largest link dim during sweep 60/87 was 83
    Largest truncation error: 8.28333e-11
    Energy after sweep 60/87 is -195.985292198948
    Sweep 60/87 CPU time = 1m, 37.0s (Wall time = 6.251s)

    vN Entropy at center bond b=150 = 0.578772592492
    Eigs at center bond b=150: 0.8135 0.1603 0.0198 0.0039 0.0014 
    Largest link dim during sweep 61/87 was 82
    Largest truncation error: 8.30021e-11
    Energy after sweep 61/87 is -195.985292219098
    Sweep 61/87 CPU time = 1m, 36.2s (Wall time = 6.186s)

    vN Entropy at center bond b=150 = 0.578773284028
    Eigs at center bond b=150: 0.8135 0.1603 0.0198 0.0039 0.0014 
    Largest link dim during sweep 62/87 was 82
    Largest truncation error: 8.19429e-11
    Energy after sweep 62/87 is -195.985292227026
    Sweep 62/87 CPU time = 1m, 37.7s (Wall time = 6.266s)

    vN Entropy at center bond b=150 = 0.578773500819
    Eigs at center bond b=150: 0.8135 0.1603 0.0198 0.0039 0.0014 
    Largest link dim during sweep 63/87 was 82
    Largest truncation error: 8.20013e-11
    Energy after sweep 63/87 is -195.985292227651
    Sweep 63/87 CPU time = 1m, 36.6s (Wall time = 6.196s)

    vN Entropy at center bond b=150 = 0.578773578062
    Eigs at center bond b=150: 0.8135 0.1603 0.0198 0.0039 0.0014 
    Largest link dim during sweep 64/87 was 82
    Largest truncation error: 8.18482e-11
    Energy after sweep 64/87 is -195.985292234060
    Sweep 64/87 CPU time = 1m, 36.9s (Wall time = 6.219s)

    vN Entropy at center bond b=150 = 0.578773619204
    Eigs at center bond b=150: 0.8135 0.1603 0.0198 0.0039 0.0014 
    Largest link dim during sweep 65/87 was 82
    Largest truncation error: 8.17574e-11
    Energy after sweep 65/87 is -195.985292239976
    Sweep 65/87 CPU time = 1m, 37.1s (Wall time = 6.226s)

    vN Entropy at center bond b=150 = 0.578773638250
    Eigs at center bond b=150: 0.8135 0.1603 0.0198 0.0039 0.0014 
    Largest link dim during sweep 66/87 was 82
    Largest truncation error: 8.1757e-11
    Energy after sweep 66/87 is -195.985292239560
    Sweep 66/87 CPU time = 1m, 38.9s (Wall time = 6.360s)

    vN Entropy at center bond b=150 = 0.578773641956
    Eigs at center bond b=150: 0.8135 0.1603 0.0198 0.0039 0.0014 
    Largest link dim during sweep 67/87 was 82
    Largest truncation error: 8.17567e-11
    Energy after sweep 67/87 is -195.985292233854
    Sweep 67/87 CPU time = 1m, 40.1s (Wall time = 6.421s)

    vN Entropy at center bond b=150 = 0.578773645700
    Eigs at center bond b=150: 0.8135 0.1603 0.0198 0.0039 0.0014 
    Largest link dim during sweep 68/87 was 82
    Largest truncation error: 8.17565e-11
    Energy after sweep 68/87 is -195.985292233814
    Sweep 68/87 CPU time = 1m, 40.4s (Wall time = 6.439s)

    vN Entropy at center bond b=150 = 0.578773648129
    Eigs at center bond b=150: 0.8135 0.1603 0.0198 0.0039 0.0014 
    Largest link dim during sweep 69/87 was 82
    Largest truncation error: 8.17562e-11
    Energy after sweep 69/87 is -195.985292233865
    Sweep 69/87 CPU time = 1m, 40.4s (Wall time = 6.482s)

    vN Entropy at center bond b=150 = 0.578773649430
    Eigs at center bond b=150: 0.8135 0.1603 0.0198 0.0039 0.0014 
    Largest link dim during sweep 70/87 was 82
    Largest truncation error: 8.17564e-11
    Energy after sweep 70/87 is -195.985292233856
    Sweep 70/87 CPU time = 1m, 39.5s (Wall time = 6.390s)

    vN Entropy at center bond b=150 = 0.578773650108
    Eigs at center bond b=150: 0.8135 0.1603 0.0198 0.0039 0.0014 
    Largest link dim during sweep 71/87 was 82
    Largest truncation error: 8.17739e-11
    Energy after sweep 71/87 is -195.985292233847
    Sweep 71/87 CPU time = 1m, 39.8s (Wall time = 6.403s)

    vN Entropy at center bond b=150 = 0.578773650459
    Eigs at center bond b=150: 0.8135 0.1603 0.0198 0.0039 0.0014 
    Largest link dim during sweep 72/87 was 82
    Largest truncation error: 8.17835e-11
    Energy after sweep 72/87 is -195.985292233837
    Sweep 72/87 CPU time = 1m, 40.0s (Wall time = 6.424s)

    vN Entropy at center bond b=150 = 0.578773650640
    Eigs at center bond b=150: 0.8135 0.1603 0.0198 0.0039 0.0014 
    Largest link dim during sweep 73/87 was 82
    Largest truncation error: 8.17976e-11
    Energy after sweep 73/87 is -195.985292233825
    Sweep 73/87 CPU time = 1m, 40.3s (Wall time = 6.443s)

    vN Entropy at center bond b=150 = 0.578773650734
    Eigs at center bond b=150: 0.8135 0.1603 0.0198 0.0039 0.0014 
    Largest link dim during sweep 74/87 was 82
    Largest truncation error: 8.17999e-11
    Energy after sweep 74/87 is -195.985292233823
    Sweep 74/87 CPU time = 1m, 38.0s (Wall time = 6.291s)

    vN Entropy at center bond b=150 = 0.578778228407
    Eigs at center bond b=150: 0.8135 0.1603 0.0198 0.0039 0.0014 
    Largest link dim during sweep 75/87 was 136
    Largest truncation error: 8.23994e-13
    Energy after sweep 75/87 is -195.985292389429
    Sweep 75/87 CPU time = 2m, 23.2s (Wall time = 9.184s)

    vN Entropy at center bond b=150 = 0.578778512011
    Eigs at center bond b=150: 0.8135 0.1603 0.0198 0.0039 0.0014 
    Largest link dim during sweep 76/87 was 144
    Largest truncation error: 8.2404e-13
    Energy after sweep 76/87 is -195.985292391498
    Sweep 76/87 CPU time = 3m, 3.6s (Wall time = 11.77s)

    vN Entropy at center bond b=150 = 0.578778645278
    Eigs at center bond b=150: 0.8135 0.1603 0.0198 0.0039 0.0014 
    Largest link dim during sweep 77/87 was 142
    Largest truncation error: 8.23967e-13
    Energy after sweep 77/87 is -195.985292391836
    Sweep 77/87 CPU time = 3m, 10.5s (Wall time = 12.21s)

    vN Entropy at center bond b=150 = 0.578778714054
    Eigs at center bond b=150: 0.8135 0.1603 0.0198 0.0039 0.0014 
    Largest link dim during sweep 78/87 was 141
    Largest truncation error: 8.24184e-13
    Energy after sweep 78/87 is -195.985292391976
    Sweep 78/87 CPU time = 3m, 7.0s (Wall time = 12.10s)

    vN Entropy at center bond b=150 = 0.578778751841
    Eigs at center bond b=150: 0.8135 0.1603 0.0198 0.0039 0.0014 
    Largest link dim during sweep 79/87 was 141
    Largest truncation error: 8.23695e-13
    Energy after sweep 79/87 is -195.985292391991
    Sweep 79/87 CPU time = 3m, 14.4s (Wall time = 12.49s)

    vN Entropy at center bond b=150 = 0.578778773387
    Eigs at center bond b=150: 0.8135 0.1603 0.0198 0.0039 0.0014 
    Largest link dim during sweep 80/87 was 141
    Largest truncation error: 8.24138e-13
    Energy after sweep 80/87 is -195.985292392037
    Sweep 80/87 CPU time = 3m, 18.4s (Wall time = 12.74s)

    vN Entropy at center bond b=150 = 0.578778786082
    Eigs at center bond b=150: 0.8135 0.1603 0.0198 0.0039 0.0014 
    Largest link dim during sweep 81/87 was 141
    Largest truncation error: 8.23865e-13
    Energy after sweep 81/87 is -195.985292392057
    Sweep 81/87 CPU time = 3m, 18.2s (Wall time = 12.72s)

    vN Entropy at center bond b=150 = 0.578778793520
    Eigs at center bond b=150: 0.8135 0.1603 0.0198 0.0039 0.0014 
    Largest link dim during sweep 82/87 was 141
    Largest truncation error: 8.24134e-13
    Energy after sweep 82/87 is -195.985292392066
    Sweep 82/87 CPU time = 3m, 17.9s (Wall time = 12.71s)

    vN Entropy at center bond b=150 = 0.578779264961
    Eigs at center bond b=150: 0.8135 0.1603 0.0198 0.0039 0.0014 
    Largest link dim during sweep 83/87 was 136
    Largest truncation error: 8.1824e-13
    Energy after sweep 83/87 is -195.985292391813
    Sweep 83/87 CPU time = 2m, 40.0s (Wall time = 10.26s)

    vN Entropy at center bond b=150 = 0.578779276695
    Eigs at center bond b=150: 0.8135 0.1603 0.0198 0.0039 0.0014 
    Largest link dim during sweep 84/87 was 220
    Largest truncation error: 8.3823e-15
    Energy after sweep 84/87 is -195.985292393917
    Sweep 84/87 CPU time = 6m, 41.1s (Wall time = 26.97s)

    vN Entropy at center bond b=150 = 0.578779289503
    Eigs at center bond b=150: 0.8135 0.1603 0.0198 0.0039 0.0014 
    Largest link dim during sweep 85/87 was 240
    Largest truncation error: 8.42931e-15
    Energy after sweep 85/87 is -195.985292394010
    Sweep 85/87 CPU time = 11m, 2s (Wall time = 43.08s)

    vN Entropy at center bond b=150 = 0.578779295012
    Eigs at center bond b=150: 0.8135 0.1603 0.0198 0.0039 0.0014 
    Largest link dim during sweep 86/87 was 232
    Largest truncation error: 8.33025e-15
    Energy after sweep 86/87 is -195.985292394023
    Sweep 86/87 CPU time = 10m, 42s (Wall time = 41.20s)

    vN Entropy at center bond b=150 = 0.578779297468
    Eigs at center bond b=150: 0.8135 0.1603 0.0198 0.0039 0.0014 
    Largest link dim during sweep 87/87 was 229
    Largest truncation error: 8.3293e-15
    Energy after sweep 87/87 is -195.985292394020
    Sweep 87/87 CPU time = 8m, 57.4s (Wall time = 34.44s)
Initial energy = 3.00000

Ground State Energy = -195.9852923940
run_outputs/outputpsi/N_300_sweep_87_t_0.030000_J_1.000000_V_0.600000_D_0.018000_U_0.000000_mu_0.020000_E_0.001000 converge
Wall-clock time (s) = 1969.148817
