//////////////////////////
Reading input file ......

Got input.N = 303
Got input.t = 0.03
Got input.J = 1
Got input.V = 0.6
Got input.D = 0.018
Got input.U = 2
Got input.mu = 0.02
Got input.E = 0.001
Got input.nsweeps = 87
Sweeps:
1  MaxDim=20, MinDim=20, Cutoff=1.0E-06, Niter=8, Noise=1.0E-05
2  MaxDim=20, MinDim=20, Cutoff=1.0E-06, Niter=8, Noise=1.0E-05
3  MaxDim=20, MinDim=20, Cutoff=1.0E-06, Niter=8, Noise=1.0E-05
4  MaxDim=20, MinDim=20, Cutoff=1.0E-06, Niter=8, Noise=1.0E-05
5  MaxDim=20, MinDim=20, Cutoff=1.0E-06, Niter=8, Noise=1.0E-05
6  MaxDim=20, MinDim=20, Cutoff=1.0E-06, Niter=8, Noise=1.0E-05
7  MaxDim=20, MinDim=20, Cutoff=1.0E-06, Niter=8, Noise=1.0E-05
8  MaxDim=40, MinDim=20, Cutoff=1.0E-06, Niter=4, Noise=1.0E-05
9  MaxDim=40, MinDim=20, Cutoff=1.0E-06, Niter=4, Noise=1.0E-05
10  MaxDim=40, MinDim=20, Cutoff=1.0E-06, Niter=4, Noise=1.0E-05
11  MaxDim=40, MinDim=20, Cutoff=1.0E-06, Niter=4, Noise=1.0E-05
12  MaxDim=40, MinDim=20, Cutoff=1.0E-06, Niter=4, Noise=1.0E-05
13  MaxDim=40, MinDim=20, Cutoff=1.0E-06, Niter=4, Noise=1.0E-05
14  MaxDim=40, MinDim=20, Cutoff=1.0E-06, Niter=4, Noise=1.0E-05
15  MaxDim=80, MinDim=10, Cutoff=1.0E-06, Niter=4, Noise=1.0E-05
16  MaxDim=80, MinDim=10, Cutoff=1.0E-06, Niter=4, Noise=1.0E-05
17  MaxDim=80, MinDim=10, Cutoff=1.0E-06, Niter=4, Noise=1.0E-05
18  MaxDim=80, MinDim=10, Cutoff=1.0E-06, Niter=4, Noise=1.0E-05
19  MaxDim=80, MinDim=10, Cutoff=1.0E-06, Niter=4, Noise=1.0E-05
20  MaxDim=80, MinDim=10, Cutoff=1.0E-06, Niter=4, Noise=1.0E-05
21  MaxDim=80, MinDim=10, Cutoff=1.0E-06, Niter=4, Noise=1.0E-05
22  MaxDim=80, MinDim=10, Cutoff=1.0E-06, Niter=4, Noise=1.0E-05
23  MaxDim=80, MinDim=10, Cutoff=1.0E-06, Niter=4, Noise=1.0E-05
24  MaxDim=80, MinDim=10, Cutoff=1.0E-06, Niter=4, Noise=1.0E-05
25  MaxDim=80, MinDim=10, Cutoff=1.0E-06, Niter=4, Noise=1.0E-05
26  MaxDim=80, MinDim=10, Cutoff=1.0E-06, Niter=4, Noise=1.0E-05
27  MaxDim=80, MinDim=10, Cutoff=1.0E-06, Niter=4, Noise=1.0E-05
28  MaxDim=80, MinDim=10, Cutoff=1.0E-06, Niter=4, Noise=1.0E-05
29  MaxDim=80, MinDim=10, Cutoff=1.0E-06, Niter=4, Noise=1.0E-05
30  MaxDim=80, MinDim=10, Cutoff=1.0E-06, Niter=4, Noise=1.0E-05
31  MaxDim=80, MinDim=10, Cutoff=1.0E-06, Niter=4, Noise=1.0E-05
32  MaxDim=80, MinDim=10, Cutoff=1.0E-06, Niter=4, Noise=1.0E-05
33  MaxDim=80, MinDim=10, Cutoff=1.0E-06, Niter=4, Noise=1.0E-05
34  MaxDim=80, MinDim=10, Cutoff=1.0E-06, Niter=4, Noise=1.0E-05
35  MaxDim=80, MinDim=10, Cutoff=1.0E-06, Niter=4, Noise=1.0E-05
36  MaxDim=80, MinDim=10, Cutoff=1.0E-06, Niter=4, Noise=1.0E-05
37  MaxDim=160, MinDim=10, Cutoff=1.0E-08, Niter=4, Noise=1.0E-06
38  MaxDim=160, MinDim=10, Cutoff=1.0E-08, Niter=4, Noise=1.0E-06
39  MaxDim=160, MinDim=10, Cutoff=1.0E-08, Niter=4, Noise=1.0E-06
40  MaxDim=160, MinDim=10, Cutoff=1.0E-08, Niter=4, Noise=1.0E-06
41  MaxDim=160, MinDim=10, Cutoff=1.0E-08, Niter=4, Noise=1.0E-06
42  MaxDim=160, MinDim=10, Cutoff=1.0E-08, Niter=4, Noise=1.0E-06
43  MaxDim=160, MinDim=10, Cutoff=1.0E-08, Niter=4, Noise=1.0E-06
44  MaxDim=160, MinDim=10, Cutoff=1.0E-08, Niter=4, Noise=1.0E-06
45  MaxDim=160, MinDim=10, Cutoff=1.0E-08, Niter=4, Noise=1.0E-06
46  MaxDim=160, MinDim=10, Cutoff=1.0E-08, Niter=4, Noise=1.0E-06
47  MaxDim=160, MinDim=10, Cutoff=1.0E-08, Niter=4, Noise=1.0E-06
48  MaxDim=160, MinDim=10, Cutoff=1.0E-08, Niter=4, Noise=1.0E-06
49  MaxDim=160, MinDim=10, Cutoff=1.0E-08, Niter=4, Noise=1.0E-06
50  MaxDim=160, MinDim=10, Cutoff=1.0E-08, Niter=4, Noise=1.0E-06
51  MaxDim=160, MinDim=10, Cutoff=1.0E-08, Niter=4, Noise=1.0E-06
52  MaxDim=160, MinDim=10, Cutoff=1.0E-08, Niter=4, Noise=1.0E-06
53  MaxDim=160, MinDim=10, Cutoff=1.0E-08, Niter=4, Noise=1.0E-06
54  MaxDim=160, MinDim=10, Cutoff=1.0E-08, Niter=4, Noise=1.0E-06
55  MaxDim=160, MinDim=10, Cutoff=1.0E-08, Niter=4, Noise=1.0E-06
56  MaxDim=160, MinDim=10, Cutoff=1.0E-08, Niter=4, Noise=1.0E-06
57  MaxDim=160, MinDim=10, Cutoff=1.0E-08, Niter=4, Noise=1.0E-06
58  MaxDim=160, MinDim=10, Cutoff=1.0E-08, Niter=4, Noise=1.0E-06
59  MaxDim=320, MinDim=10, Cutoff=1.0E-10, Niter=4, Noise=1.0E-07
60  MaxDim=320, MinDim=10, Cutoff=1.0E-10, Niter=4, Noise=1.0E-07
61  MaxDim=320, MinDim=10, Cutoff=1.0E-10, Niter=4, Noise=1.0E-07
62  MaxDim=320, MinDim=10, Cutoff=1.0E-10, Niter=4, Noise=1.0E-07
63  MaxDim=320, MinDim=10, Cutoff=1.0E-10, Niter=4, Noise=1.0E-07
64  MaxDim=320, MinDim=10, Cutoff=1.0E-10, Niter=4, Noise=1.0E-07
65  MaxDim=320, MinDim=10, Cutoff=1.0E-10, Niter=4, Noise=1.0E-07
66  MaxDim=320, MinDim=10, Cutoff=1.0E-10, Niter=4, Noise=1.0E-07
67  MaxDim=320, MinDim=10, Cutoff=1.0E-10, Niter=4, Noise=1.0E-07
68  MaxDim=320, MinDim=10, Cutoff=1.0E-10, Niter=4, Noise=1.0E-07
69  MaxDim=320, MinDim=10, Cutoff=1.0E-10, Niter=4, Noise=1.0E-07
70  MaxDim=320, MinDim=10, Cutoff=1.0E-10, Niter=4, Noise=1.0E-07
71  MaxDim=320, MinDim=10, Cutoff=1.0E-10, Niter=4, Noise=1.0E-07
72  MaxDim=320, MinDim=10, Cutoff=1.0E-10, Niter=4, Noise=1.0E-07
73  MaxDim=320, MinDim=10, Cutoff=1.0E-10, Niter=4, Noise=1.0E-07
74  MaxDim=320, MinDim=10, Cutoff=1.0E-10, Niter=4, Noise=1.0E-07
75  MaxDim=640, MinDim=10, Cutoff=1.0E-12, Niter=2, Noise=1.0E-08
76  MaxDim=640, MinDim=10, Cutoff=1.0E-12, Niter=2, Noise=1.0E-08
77  MaxDim=640, MinDim=10, Cutoff=1.0E-12, Niter=2, Noise=1.0E-08
78  MaxDim=640, MinDim=10, Cutoff=1.0E-12, Niter=2, Noise=1.0E-08
79  MaxDim=640, MinDim=10, Cutoff=1.0E-12, Niter=2, Noise=1.0E-08
80  MaxDim=640, MinDim=10, Cutoff=1.0E-12, Niter=2, Noise=1.0E-08
81  MaxDim=640, MinDim=10, Cutoff=1.0E-12, Niter=2, Noise=1.0E-08
82  MaxDim=640, MinDim=10, Cutoff=1.0E-12, Niter=2, Noise=1.0E-08
83  MaxDim=1280, MinDim=10, Cutoff=1.0E-12, Niter=2, Noise=0.0E+00
84  MaxDim=1280, MinDim=10, Cutoff=1.0E-14, Niter=2, Noise=0.0E+00
85  MaxDim=1280, MinDim=10, Cutoff=1.0E-14, Niter=2, Noise=0.0E+00
86  MaxDim=1280, MinDim=10, Cutoff=1.0E-14, Niter=2, Noise=0.0E+00
87  MaxDim=1280, MinDim=10, Cutoff=1.0E-14, Niter=2, Noise=0.0E+00


    vN Entropy at center bond b=151 = 0.650267163613
    Eigs at center bond b=151: 0.7919 0.1698 0.0265 0.0058 0.0036 0.0011 
    Largest link dim during sweep 1/87 was 20
    Largest truncation error: 9.04379e-06
    Energy after sweep 1/87 is -142.776216399874
    Sweep 1/87 CPU time = 18.52s (Wall time = 1.199s)

    vN Entropy at center bond b=151 = 0.807143139511
    Eigs at center bond b=151: 0.7337 0.2003 0.0430 0.0092 0.0067 0.0033 0.0017 
    Largest link dim during sweep 2/87 was 20
    Largest truncation error: 1.03435e-05
    Energy after sweep 2/87 is -142.835034033156
    Sweep 2/87 CPU time = 25.88s (Wall time = 1.658s)

    vN Entropy at center bond b=151 = 0.824709193774
    Eigs at center bond b=151: 0.7275 0.2028 0.0450 0.0098 0.0071 0.0036 0.0018 0.0011 
    Largest link dim during sweep 3/87 was 20
    Largest truncation error: 1.31845e-05
    Energy after sweep 3/87 is -142.836278895002
    Sweep 3/87 CPU time = 25.89s (Wall time = 1.660s)

    vN Entropy at center bond b=151 = 0.826508121168
    Eigs at center bond b=151: 0.7269 0.2031 0.0451 0.0099 0.0071 0.0037 0.0019 0.0011 
    Largest link dim during sweep 4/87 was 20
    Largest truncation error: 1.30933e-05
    Energy after sweep 4/87 is -142.836426780369
    Sweep 4/87 CPU time = 26.08s (Wall time = 1.671s)

    vN Entropy at center bond b=151 = 0.826766485401
    Eigs at center bond b=151: 0.7268 0.2031 0.0452 0.0099 0.0071 0.0037 0.0019 0.0011 
    Largest link dim during sweep 5/87 was 20
    Largest truncation error: 1.31501e-05
    Energy after sweep 5/87 is -142.836467438517
    Sweep 5/87 CPU time = 25.97s (Wall time = 1.662s)

    vN Entropy at center bond b=151 = 0.826823543334
    Eigs at center bond b=151: 0.7268 0.2032 0.0452 0.0099 0.0071 0.0037 0.0019 0.0011 
    Largest link dim during sweep 6/87 was 20
    Largest truncation error: 1.32675e-05
    Energy after sweep 6/87 is -142.836483316355
    Sweep 6/87 CPU time = 25.99s (Wall time = 1.665s)

    vN Entropy at center bond b=151 = 0.826840934274
    Eigs at center bond b=151: 0.7268 0.2032 0.0452 0.0099 0.0071 0.0037 0.0019 0.0011 
    Largest link dim during sweep 7/87 was 20
    Largest truncation error: 1.33152e-05
    Energy after sweep 7/87 is -142.836490891533
    Sweep 7/87 CPU time = 25.94s (Wall time = 1.663s)

    vN Entropy at center bond b=151 = 0.874557691496
    Eigs at center bond b=151: 0.7120 0.2070 0.0508 0.0118 0.0083 0.0044 0.0023 0.0015 
    Largest link dim during sweep 8/87 was 40
    Largest truncation error: 8.4913e-07
    Energy after sweep 8/87 is -142.866390628703
    Sweep 8/87 CPU time = 25.93s (Wall time = 1.674s)

    vN Entropy at center bond b=151 = 0.937212566595
    Eigs at center bond b=151: 0.6925 0.2113 0.0584 0.0147 0.0102 0.0049 0.0031 0.0020 
    Largest link dim during sweep 9/87 was 40
    Largest truncation error: 1.83081e-06
    Energy after sweep 9/87 is -142.869735682592
    Sweep 9/87 CPU time = 38.49s (Wall time = 2.475s)

    vN Entropy at center bond b=151 = 0.960455815641
    Eigs at center bond b=151: 0.6853 0.2123 0.0617 0.0159 0.0109 0.0050 0.0033 0.0023 
    Largest link dim during sweep 10/87 was 40
    Largest truncation error: 2.07679e-06
    Energy after sweep 10/87 is -142.869970333574
    Sweep 10/87 CPU time = 37.83s (Wall time = 2.435s)

    vN Entropy at center bond b=151 = 0.966580829180
    Eigs at center bond b=151: 0.6834 0.2123 0.0628 0.0163 0.0110 0.0050 0.0034 0.0023 
    Largest link dim during sweep 11/87 was 40
    Largest truncation error: 2.15096e-06
    Energy after sweep 11/87 is -142.870003856820
    Sweep 11/87 CPU time = 37.75s (Wall time = 2.425s)

    vN Entropy at center bond b=151 = 0.968475209907
    Eigs at center bond b=151: 0.6829 0.2122 0.0632 0.0165 0.0110 0.0050 0.0034 0.0024 
    Largest link dim during sweep 12/87 was 40
    Largest truncation error: 2.17196e-06
    Energy after sweep 12/87 is -142.870009116665
    Sweep 12/87 CPU time = 37.90s (Wall time = 2.435s)

    vN Entropy at center bond b=151 = 0.969161793874
    Eigs at center bond b=151: 0.6827 0.2121 0.0634 0.0165 0.0110 0.0050 0.0034 0.0024 
    Largest link dim during sweep 13/87 was 40
    Largest truncation error: 2.17615e-06
    Energy after sweep 13/87 is -142.870010889873
    Sweep 13/87 CPU time = 37.94s (Wall time = 2.442s)

    vN Entropy at center bond b=151 = 0.969442189527
    Eigs at center bond b=151: 0.6827 0.2120 0.0635 0.0166 0.0110 0.0050 0.0034 0.0024 
    Largest link dim during sweep 14/87 was 40
    Largest truncation error: 2.17691e-06
    Energy after sweep 14/87 is -142.870011631156
    Sweep 14/87 CPU time = 37.76s (Wall time = 2.418s)

    vN Entropy at center bond b=151 = 0.987472009045
    Eigs at center bond b=151: 0.6775 0.2121 0.0661 0.0175 0.0115 0.0051 0.0036 0.0026 
    Largest link dim during sweep 15/87 was 54
    Largest truncation error: 7.43147e-07
    Energy after sweep 15/87 is -142.872856167131
    Sweep 15/87 CPU time = 50.10s (Wall time = 3.225s)

    vN Entropy at center bond b=151 = 1.012647277900
    Eigs at center bond b=151: 0.6701 0.2122 0.0701 0.0190 0.0121 0.0052 0.0038 0.0030 0.0010 
    Largest link dim during sweep 16/87 was 57
    Largest truncation error: 7.39952e-07
    Energy after sweep 16/87 is -142.873467616134
    Sweep 16/87 CPU time = 58.71s (Wall time = 3.789s)

    vN Entropy at center bond b=151 = 1.027751165884
    Eigs at center bond b=151: 0.6658 0.2117 0.0729 0.0201 0.0123 0.0053 0.0039 0.0033 0.0011 
    Largest link dim during sweep 17/87 was 58
    Largest truncation error: 7.40128e-07
    Energy after sweep 17/87 is -142.873729565462
    Sweep 17/87 CPU time = 1m, 2.8s (Wall time = 4.038s)

    vN Entropy at center bond b=151 = 1.037600302631
    Eigs at center bond b=151: 0.6631 0.2110 0.0750 0.0208 0.0123 0.0053 0.0039 0.0035 0.0012 
    Largest link dim during sweep 18/87 was 59
    Largest truncation error: 7.40197e-07
    Energy after sweep 18/87 is -142.873868267583
    Sweep 18/87 CPU time = 1m, 4.7s (Wall time = 4.151s)

    vN Entropy at center bond b=151 = 1.043911482773
    Eigs at center bond b=151: 0.6614 0.2103 0.0766 0.0214 0.0122 0.0054 0.0039 0.0037 0.0012 
    Largest link dim during sweep 19/87 was 60
    Largest truncation error: 7.40225e-07
    Energy after sweep 19/87 is -142.873963096561
    Sweep 19/87 CPU time = 1m, 6.1s (Wall time = 4.240s)

    vN Entropy at center bond b=151 = 1.048820019470
    Eigs at center bond b=151: 0.6600 0.2098 0.0778 0.0218 0.0122 0.0054 0.0039 0.0038 0.0012 
    Largest link dim during sweep 20/87 was 61
    Largest truncation error: 7.40882e-07
    Energy after sweep 20/87 is -142.874005662773
    Sweep 20/87 CPU time = 1m, 6.8s (Wall time = 4.294s)

    vN Entropy at center bond b=151 = 1.051775343196
    Eigs at center bond b=151: 0.6592 0.2094 0.0787 0.0221 0.0121 0.0054 0.0039 0.0038 0.0012 0.0010 
    Largest link dim during sweep 21/87 was 61
    Largest truncation error: 7.41388e-07
    Energy after sweep 21/87 is -142.874036649765
    Sweep 21/87 CPU time = 1m, 7.2s (Wall time = 4.318s)

    vN Entropy at center bond b=151 = 1.053970590754
    Eigs at center bond b=151: 0.6586 0.2091 0.0793 0.0223 0.0120 0.0054 0.0040 0.0038 0.0012 0.0010 
    Largest link dim during sweep 22/87 was 61
    Largest truncation error: 7.4162e-07
    Energy after sweep 22/87 is -142.874061152286
    Sweep 22/87 CPU time = 1m, 7.4s (Wall time = 4.330s)

    vN Entropy at center bond b=151 = 1.055676824446
    Eigs at center bond b=151: 0.6581 0.2088 0.0799 0.0225 0.0120 0.0055 0.0040 0.0038 0.0012 0.0010 
    Largest link dim during sweep 23/87 was 61
    Largest truncation error: 7.42012e-07
    Energy after sweep 23/87 is -142.874074591129
    Sweep 23/87 CPU time = 1m, 7.6s (Wall time = 4.339s)

    vN Entropy at center bond b=151 = 1.057037167043
    Eigs at center bond b=151: 0.6577 0.2086 0.0803 0.0227 0.0119 0.0055 0.0040 0.0038 0.0012 0.0010 
    Largest link dim during sweep 24/87 was 61
    Largest truncation error: 7.42495e-07
    Energy after sweep 24/87 is -142.874080574638
    Sweep 24/87 CPU time = 1m, 7.8s (Wall time = 4.385s)

    vN Entropy at center bond b=151 = 1.058065586684
    Eigs at center bond b=151: 0.6575 0.2085 0.0806 0.0228 0.0119 0.0055 0.0041 0.0038 0.0012 0.0011 
    Largest link dim during sweep 25/87 was 61
    Largest truncation error: 7.42917e-07
    Energy after sweep 25/87 is -142.874088368663
    Sweep 25/87 CPU time = 1m, 7.7s (Wall time = 4.350s)

    vN Entropy at center bond b=151 = 1.058988985938
    Eigs at center bond b=151: 0.6572 0.2084 0.0808 0.0228 0.0119 0.0055 0.0041 0.0038 0.0012 0.0011 
    Largest link dim during sweep 26/87 was 61
    Largest truncation error: 7.43324e-07
    Energy after sweep 26/87 is -142.874095046747
    Sweep 26/87 CPU time = 1m, 7.9s (Wall time = 4.359s)

    vN Entropy at center bond b=151 = 1.059631993345
    Eigs at center bond b=151: 0.6570 0.2083 0.0810 0.0229 0.0118 0.0055 0.0041 0.0038 0.0012 0.0011 
    Largest link dim during sweep 27/87 was 61
    Largest truncation error: 7.43649e-07
    Energy after sweep 27/87 is -142.874102242583
    Sweep 27/87 CPU time = 1m, 8.1s (Wall time = 4.374s)

    vN Entropy at center bond b=151 = 1.060184590852
    Eigs at center bond b=151: 0.6569 0.2082 0.0812 0.0230 0.0118 0.0055 0.0041 0.0038 0.0012 0.0011 
    Largest link dim during sweep 28/87 was 62
    Largest truncation error: 7.43933e-07
    Energy after sweep 28/87 is -142.874108332055
    Sweep 28/87 CPU time = 1m, 8.1s (Wall time = 4.399s)

    vN Entropy at center bond b=151 = 1.060578618495
    Eigs at center bond b=151: 0.6568 0.2082 0.0813 0.0230 0.0118 0.0055 0.0041 0.0038 0.0012 0.0011 
    Largest link dim during sweep 29/87 was 62
    Largest truncation error: 7.44145e-07
    Energy after sweep 29/87 is -142.874113208607
    Sweep 29/87 CPU time = 1m, 8.1s (Wall time = 4.372s)

    vN Entropy at center bond b=151 = 1.060926231353
    Eigs at center bond b=151: 0.6567 0.2081 0.0814 0.0230 0.0118 0.0055 0.0041 0.0038 0.0012 0.0011 
    Largest link dim during sweep 30/87 was 62
    Largest truncation error: 7.44309e-07
    Energy after sweep 30/87 is -142.874116739021
    Sweep 30/87 CPU time = 1m, 8.1s (Wall time = 4.374s)

    vN Entropy at center bond b=151 = 1.061202159013
    Eigs at center bond b=151: 0.6566 0.2081 0.0815 0.0231 0.0118 0.0055 0.0041 0.0038 0.0012 0.0011 
    Largest link dim during sweep 31/87 was 62
    Largest truncation error: 7.44455e-07
    Energy after sweep 31/87 is -142.874118307538
    Sweep 31/87 CPU time = 1m, 8.1s (Wall time = 4.372s)

    vN Entropy at center bond b=151 = 1.061437485591
    Eigs at center bond b=151: 0.6565 0.2080 0.0815 0.0231 0.0118 0.0055 0.0041 0.0038 0.0012 0.0011 
    Largest link dim during sweep 32/87 was 62
    Largest truncation error: 7.44579e-07
    Energy after sweep 32/87 is -142.874120202214
    Sweep 32/87 CPU time = 1m, 8.3s (Wall time = 4.386s)

    vN Entropy at center bond b=151 = 1.061601134032
    Eigs at center bond b=151: 0.6565 0.2080 0.0816 0.0231 0.0118 0.0055 0.0041 0.0038 0.0012 0.0011 
    Largest link dim during sweep 33/87 was 62
    Largest truncation error: 7.4467e-07
    Energy after sweep 33/87 is -142.874120755446
    Sweep 33/87 CPU time = 1m, 8.3s (Wall time = 4.406s)

    vN Entropy at center bond b=151 = 1.061709936510
    Eigs at center bond b=151: 0.6564 0.2080 0.0816 0.0231 0.0118 0.0055 0.0041 0.0038 0.0012 0.0011 
    Largest link dim during sweep 34/87 was 62
    Largest truncation error: 7.44732e-07
    Energy after sweep 34/87 is -142.874120826856
    Sweep 34/87 CPU time = 1m, 8.1s (Wall time = 4.374s)

    vN Entropy at center bond b=151 = 1.061783839662
    Eigs at center bond b=151: 0.6564 0.2080 0.0816 0.0231 0.0118 0.0055 0.0041 0.0037 0.0012 0.0011 
    Largest link dim during sweep 35/87 was 62
    Largest truncation error: 7.44775e-07
    Energy after sweep 35/87 is -142.874120881016
    Sweep 35/87 CPU time = 1m, 8.1s (Wall time = 4.376s)

    vN Entropy at center bond b=151 = 1.061840044508
    Eigs at center bond b=151: 0.6564 0.2080 0.0817 0.0231 0.0118 0.0055 0.0041 0.0037 0.0012 0.0011 
    Largest link dim during sweep 36/87 was 62
    Largest truncation error: 7.44806e-07
    Energy after sweep 36/87 is -142.874120918839
    Sweep 36/87 CPU time = 1m, 8.2s (Wall time = 4.378s)

    vN Entropy at center bond b=151 = 1.132133740349
    Eigs at center bond b=151: 0.6358 0.2053 0.0941 0.0283 0.0127 0.0069 0.0048 0.0041 0.0017 0.0014 
    Largest link dim during sweep 37/87 was 150
    Largest truncation error: 7.82518e-09
    Energy after sweep 37/87 is -142.876889631580
    Sweep 37/87 CPU time = 4m, 24.5s (Wall time = 17.76s)

    vN Entropy at center bond b=151 = 1.278037868319
    Eigs at center bond b=151: 0.5821 0.1995 0.1281 0.0460 0.0122 0.0100 0.0049 0.0046 0.0027 0.0022 
    Largest link dim during sweep 38/87 was 160
    Largest truncation error: 2.21951e-08
    Energy after sweep 38/87 is -142.877502647786
    Sweep 38/87 CPU time = 9m, 25.0s (Wall time = 38.68s)

    vN Entropy at center bond b=151 = 1.356409616856
    Eigs at center bond b=151: 0.5402 0.2187 0.1325 0.0611 0.0136 0.0086 0.0060 0.0050 0.0029 0.0025 
    Largest link dim during sweep 39/87 was 160
    Largest truncation error: 2.91742e-08
    Energy after sweep 39/87 is -142.877660719902
    Sweep 39/87 CPU time = 8m, 44.8s (Wall time = 34.20s)

    vN Entropy at center bond b=151 = 1.365495189285
    Eigs at center bond b=151: 0.5344 0.2228 0.1316 0.0633 0.0137 0.0083 0.0062 0.0050 0.0029 0.0025 
    Largest link dim during sweep 40/87 was 160
    Largest truncation error: 3.11798e-08
    Energy after sweep 40/87 is -142.877675813461
    Sweep 40/87 CPU time = 8m, 40.5s (Wall time = 33.73s)

    vN Entropy at center bond b=151 = 1.366400482635
    Eigs at center bond b=151: 0.5339 0.2232 0.1315 0.0635 0.0137 0.0083 0.0062 0.0050 0.0029 0.0025 
    Largest link dim during sweep 41/87 was 160
    Largest truncation error: 3.06228e-08
    Energy after sweep 41/87 is -142.877677832355
    Sweep 41/87 CPU time = 8m, 56.8s (Wall time = 35.55s)

    vN Entropy at center bond b=151 = 1.366556107933
    Eigs at center bond b=151: 0.5338 0.2233 0.1315 0.0636 0.0137 0.0083 0.0062 0.0050 0.0029 0.0025 
    Largest link dim during sweep 42/87 was 160
    Largest truncation error: 3.03919e-08
    Energy after sweep 42/87 is -142.877678242967
    Sweep 42/87 CPU time = 8m, 41.3s (Wall time = 33.92s)

    vN Entropy at center bond b=151 = 1.366592318693
    Eigs at center bond b=151: 0.5338 0.2233 0.1315 0.0636 0.0137 0.0083 0.0062 0.0050 0.0029 0.0025 
    Largest link dim during sweep 43/87 was 160
    Largest truncation error: 3.03067e-08
    Energy after sweep 43/87 is -142.877678331891
    Sweep 43/87 CPU time = 8m, 23.6s (Wall time = 32.54s)

    vN Entropy at center bond b=151 = 1.366601942452
    Eigs at center bond b=151: 0.5337 0.2233 0.1315 0.0636 0.0137 0.0083 0.0062 0.0050 0.0029 0.0025 
    Largest link dim during sweep 44/87 was 160
    Largest truncation error: 3.02735e-08
    Energy after sweep 44/87 is -142.877678359155
    Sweep 44/87 CPU time = 8m, 38.2s (Wall time = 33.71s)

    vN Entropy at center bond b=151 = 1.366604561827
    Eigs at center bond b=151: 0.5337 0.2233 0.1315 0.0636 0.0137 0.0083 0.0062 0.0050 0.0029 0.0025 
    Largest link dim during sweep 45/87 was 160
    Largest truncation error: 3.02593e-08
    Energy after sweep 45/87 is -142.877678367860
    Sweep 45/87 CPU time = 9m, 4.6s (Wall time = 36.18s)

    vN Entropy at center bond b=151 = 1.366605347500
    Eigs at center bond b=151: 0.5337 0.2233 0.1315 0.0636 0.0137 0.0083 0.0062 0.0050 0.0029 0.0025 
    Largest link dim during sweep 46/87 was 160
    Largest truncation error: 3.02528e-08
    Energy after sweep 46/87 is -142.877678371018
    Sweep 46/87 CPU time = 9m, 15.2s (Wall time = 37.29s)

    vN Entropy at center bond b=151 = 1.366605607425
    Eigs at center bond b=151: 0.5337 0.2233 0.1315 0.0636 0.0137 0.0083 0.0062 0.0050 0.0029 0.0025 
    Largest link dim during sweep 47/87 was 160
    Largest truncation error: 3.02496e-08
    Energy after sweep 47/87 is -142.877678372615
    Sweep 47/87 CPU time = 9m, 20.4s (Wall time = 37.91s)

    vN Entropy at center bond b=151 = 1.366605713465
    Eigs at center bond b=151: 0.5337 0.2233 0.1315 0.0636 0.0137 0.0083 0.0062 0.0050 0.0029 0.0025 
    Largest link dim during sweep 48/87 was 160
    Largest truncation error: 3.02479e-08
    Energy after sweep 48/87 is -142.877678373666
    Sweep 48/87 CPU time = 9m, 22.1s (Wall time = 37.90s)

    vN Entropy at center bond b=151 = 1.366605769627
    Eigs at center bond b=151: 0.5337 0.2233 0.1315 0.0636 0.0137 0.0083 0.0062 0.0050 0.0029 0.0025 
    Largest link dim during sweep 49/87 was 160
    Largest truncation error: 3.02469e-08
    Energy after sweep 49/87 is -142.877678374413
    Sweep 49/87 CPU time = 9m, 25.3s (Wall time = 38.69s)

    vN Entropy at center bond b=151 = 1.366605803446
    Eigs at center bond b=151: 0.5337 0.2233 0.1315 0.0636 0.0137 0.0083 0.0062 0.0050 0.0029 0.0025 
    Largest link dim during sweep 50/87 was 160
    Largest truncation error: 3.02463e-08
    Energy after sweep 50/87 is -142.877678374920
    Sweep 50/87 CPU time = 9m, 26.4s (Wall time = 38.62s)

    vN Entropy at center bond b=151 = 1.366605821430
    Eigs at center bond b=151: 0.5337 0.2233 0.1315 0.0636 0.0137 0.0083 0.0062 0.0050 0.0029 0.0025 
    Largest link dim during sweep 51/87 was 160
    Largest truncation error: 3.0246e-08
    Energy after sweep 51/87 is -142.877678375279
    Sweep 51/87 CPU time = 9m, 25.7s (Wall time = 38.78s)

    vN Entropy at center bond b=151 = 1.366605829435
    Eigs at center bond b=151: 0.5337 0.2233 0.1315 0.0636 0.0137 0.0083 0.0062 0.0050 0.0029 0.0025 
    Largest link dim during sweep 52/87 was 160
    Largest truncation error: 3.02457e-08
    Energy after sweep 52/87 is -142.877678375577
    Sweep 52/87 CPU time = 9m, 27.5s (Wall time = 38.56s)

    vN Entropy at center bond b=151 = 1.366605834585
    Eigs at center bond b=151: 0.5337 0.2233 0.1315 0.0636 0.0137 0.0083 0.0062 0.0050 0.0029 0.0025 
    Largest link dim during sweep 53/87 was 160
    Largest truncation error: 3.02456e-08
    Energy after sweep 53/87 is -142.877678375839
    Sweep 53/87 CPU time = 9m, 22.5s (Wall time = 38.24s)

    vN Entropy at center bond b=151 = 1.366605839960
    Eigs at center bond b=151: 0.5337 0.2233 0.1315 0.0636 0.0137 0.0083 0.0062 0.0050 0.0029 0.0025 
    Largest link dim during sweep 54/87 was 160
    Largest truncation error: 3.02455e-08
    Energy after sweep 54/87 is -142.877678376055
    Sweep 54/87 CPU time = 9m, 11.2s (Wall time = 36.02s)

    vN Entropy at center bond b=151 = 1.366605845685
    Eigs at center bond b=151: 0.5337 0.2233 0.1315 0.0636 0.0137 0.0083 0.0062 0.0050 0.0029 0.0025 
    Largest link dim during sweep 55/87 was 160
    Largest truncation error: 3.02455e-08
    Energy after sweep 55/87 is -142.877678376234
    Sweep 55/87 CPU time = 9m, 17.5s (Wall time = 36.83s)

    vN Entropy at center bond b=151 = 1.366605851584
    Eigs at center bond b=151: 0.5337 0.2233 0.1315 0.0636 0.0137 0.0083 0.0062 0.0050 0.0029 0.0025 
    Largest link dim during sweep 56/87 was 160
    Largest truncation error: 3.02454e-08
    Energy after sweep 56/87 is -142.877678376382
    Sweep 56/87 CPU time = 9m, 41.2s (Wall time = 39.16s)

    vN Entropy at center bond b=151 = 1.366605857750
    Eigs at center bond b=151: 0.5337 0.2233 0.1315 0.0636 0.0137 0.0083 0.0062 0.0050 0.0029 0.0025 
    Largest link dim during sweep 57/87 was 160
    Largest truncation error: 3.02454e-08
    Energy after sweep 57/87 is -142.877678376498
    Sweep 57/87 CPU time = 9m, 43.7s (Wall time = 39.58s)

    vN Entropy at center bond b=151 = 1.366605864385
    Eigs at center bond b=151: 0.5337 0.2233 0.1315 0.0636 0.0137 0.0083 0.0062 0.0050 0.0029 0.0025 
    Largest link dim during sweep 58/87 was 160
    Largest truncation error: 3.02454e-08
    Energy after sweep 58/87 is -142.877678376595
    Sweep 58/87 CPU time = 9m, 46.9s (Wall time = 40.11s)

    vN Entropy at center bond b=151 = 1.369022881932
    Eigs at center bond b=151: 0.5332 0.2233 0.1315 0.0636 0.0138 0.0084 0.0063 0.0050 0.0030 0.0025 
    Largest link dim during sweep 59/87 was 320
    Largest truncation error: 5.4765e-10
    Energy after sweep 59/87 is -142.877739610573
    Sweep 59/87 CPU time = 36m, 40s (Wall time = 2m, 28.9s)

    vN Entropy at center bond b=151 = 1.369598883193
    Eigs at center bond b=151: 0.5331 0.2233 0.1315 0.0637 0.0139 0.0084 0.0063 0.0050 0.0030 0.0025 
    Largest link dim during sweep 60/87 was 320
    Largest truncation error: 9.22007e-10
    Energy after sweep 60/87 is -142.877739953484
    Sweep 60/87 CPU time = 47m, 49s (Wall time = 3m, 5.4s)

    vN Entropy at center bond b=151 = 1.369621549419
    Eigs at center bond b=151: 0.5331 0.2233 0.1315 0.0637 0.0139 0.0084 0.0063 0.0050 0.0030 0.0025 
    Largest link dim during sweep 61/87 was 320
    Largest truncation error: 9.57064e-10
    Energy after sweep 61/87 is -142.877739956714
    Sweep 61/87 CPU time = 48m, 50s (Wall time = 3m, 13.0s)

    vN Entropy at center bond b=151 = 1.369623758576
    Eigs at center bond b=151: 0.5331 0.2233 0.1315 0.0637 0.0139 0.0084 0.0063 0.0050 0.0030 0.0025 
    Largest link dim during sweep 62/87 was 320
    Largest truncation error: 9.64606e-10
    Energy after sweep 62/87 is -142.877739956259
    Sweep 62/87 CPU time = 49m, 18s (Wall time = 3m, 17.5s)

    vN Entropy at center bond b=151 = 1.369624119886
    Eigs at center bond b=151: 0.5331 0.2233 0.1315 0.0637 0.0139 0.0084 0.0063 0.0050 0.0030 0.0025 
    Largest link dim during sweep 63/87 was 320
    Largest truncation error: 9.66487e-10
    Energy after sweep 63/87 is -142.877739956119
    Sweep 63/87 CPU time = 50m, 23s (Wall time = 3m, 22.2s)

    vN Entropy at center bond b=151 = 1.369624196232
    Eigs at center bond b=151: 0.5331 0.2233 0.1315 0.0637 0.0139 0.0084 0.0063 0.0050 0.0030 0.0025 
    Largest link dim during sweep 64/87 was 320
    Largest truncation error: 9.67055e-10
    Energy after sweep 64/87 is -142.877739956060
    Sweep 64/87 CPU time = 49m, 41s (Wall time = 3m, 18.9s)

    vN Entropy at center bond b=151 = 1.369624215572
    Eigs at center bond b=151: 0.5331 0.2233 0.1315 0.0637 0.0139 0.0084 0.0063 0.0050 0.0030 0.0025 
    Largest link dim during sweep 65/87 was 320
    Largest truncation error: 9.67259e-10
    Energy after sweep 65/87 is -142.877739956045
    Sweep 65/87 CPU time = 48m, 27s (Wall time = 3m, 13.7s)

    vN Entropy at center bond b=151 = 1.369624221136
    Eigs at center bond b=151: 0.5331 0.2233 0.1315 0.0637 0.0139 0.0084 0.0063 0.0050 0.0030 0.0025 
    Largest link dim during sweep 66/87 was 320
    Largest truncation error: 9.67344e-10
    Energy after sweep 66/87 is -142.877739956049
    Sweep 66/87 CPU time = 48m, 37s (Wall time = 3m, 14.4s)

    vN Entropy at center bond b=151 = 1.369624223408
    Eigs at center bond b=151: 0.5331 0.2233 0.1315 0.0637 0.0139 0.0084 0.0063 0.0050 0.0030 0.0025 
    Largest link dim during sweep 67/87 was 320
    Largest truncation error: 9.67382e-10
    Energy after sweep 67/87 is -142.877739956049
    Sweep 67/87 CPU time = 49m, 5s (Wall time = 3m, 16.6s)

    vN Entropy at center bond b=151 = 1.369624224797
    Eigs at center bond b=151: 0.5331 0.2233 0.1315 0.0637 0.0139 0.0084 0.0063 0.0050 0.0030 0.0025 
    Largest link dim during sweep 68/87 was 320
    Largest truncation error: 9.67399e-10
    Energy after sweep 68/87 is -142.877739956037
    Sweep 68/87 CPU time = 48m, 22s (Wall time = 3m, 12.8s)

    vN Entropy at center bond b=151 = 1.369624225776
    Eigs at center bond b=151: 0.5331 0.2233 0.1315 0.0637 0.0139 0.0084 0.0063 0.0050 0.0030 0.0025 
    Largest link dim during sweep 69/87 was 320
    Largest truncation error: 9.67409e-10
    Energy after sweep 69/87 is -142.877739956031
    Sweep 69/87 CPU time = 48m, 22s (Wall time = 3m, 13.8s)

    vN Entropy at center bond b=151 = 1.369624226411
    Eigs at center bond b=151: 0.5331 0.2233 0.1315 0.0637 0.0139 0.0084 0.0063 0.0050 0.0030 0.0025 
    Largest link dim during sweep 70/87 was 320
    Largest truncation error: 9.67416e-10
    Energy after sweep 70/87 is -142.877739956028
    Sweep 70/87 CPU time = 48m, 28s (Wall time = 3m, 14.3s)

    vN Entropy at center bond b=151 = 1.369624226733
    Eigs at center bond b=151: 0.5331 0.2233 0.1315 0.0637 0.0139 0.0084 0.0063 0.0050 0.0030 0.0025 
    Largest link dim during sweep 71/87 was 320
    Largest truncation error: 9.67422e-10
    Energy after sweep 71/87 is -142.877739956030
    Sweep 71/87 CPU time = 48m, 8s (Wall time = 3m, 11.2s)

    vN Entropy at center bond b=151 = 1.369624226804
    Eigs at center bond b=151: 0.5331 0.2233 0.1315 0.0637 0.0139 0.0084 0.0063 0.0050 0.0030 0.0025 
    Largest link dim during sweep 72/87 was 320
    Largest truncation error: 9.6743e-10
    Energy after sweep 72/87 is -142.877739956034
    Sweep 72/87 CPU time = 48m, 51s (Wall time = 3m, 15.8s)

    vN Entropy at center bond b=151 = 1.369624226770
    Eigs at center bond b=151: 0.5331 0.2233 0.1315 0.0637 0.0139 0.0084 0.0063 0.0050 0.0030 0.0025 
    Largest link dim during sweep 73/87 was 320
    Largest truncation error: 9.67439e-10
    Energy after sweep 73/87 is -142.877739956031
    Sweep 73/87 CPU time = 50m, 1s (Wall time = 3m, 20.3s)

    vN Entropy at center bond b=151 = 1.369624226824
    Eigs at center bond b=151: 0.5331 0.2233 0.1315 0.0637 0.0139 0.0084 0.0063 0.0050 0.0030 0.0025 
    Largest link dim during sweep 74/87 was 320
    Largest truncation error: 9.67449e-10
    Energy after sweep 74/87 is -142.877739956032
    Sweep 74/87 CPU time = 51m, 37s (Wall time = 3m, 26.8s)

    vN Entropy at center bond b=151 = 1.369723988840
    Eigs at center bond b=151: 0.5331 0.2233 0.1315 0.0637 0.0139 0.0084 0.0063 0.0050 0.0030 0.0025 
    Largest link dim during sweep 75/87 was 640
    Largest truncation error: 1.24246e-11
    Energy after sweep 75/87 is -142.877741679866
    Sweep 75/87 CPU time = 2h, 27m, 33s (Wall time = 9m, 50.6s)

    vN Entropy at center bond b=151 = 1.369755342249
    Eigs at center bond b=151: 0.5331 0.2233 0.1315 0.0637 0.0139 0.0084 0.0063 0.0050 0.0030 0.0025 
    Largest link dim during sweep 76/87 was 640
    Largest truncation error: 1.66233e-11
    Energy after sweep 76/87 is -142.877741692323
    Sweep 76/87 CPU time = 2h, 53m, 49s (Wall time = 11m, 34s)

    vN Entropy at center bond b=151 = 1.369757239943
    Eigs at center bond b=151: 0.5331 0.2233 0.1315 0.0637 0.0139 0.0084 0.0063 0.0050 0.0030 0.0025 
    Largest link dim during sweep 77/87 was 640
    Largest truncation error: 1.71452e-11
    Energy after sweep 77/87 is -142.877741692668
    Sweep 77/87 CPU time = 2h, 53m, 24s (Wall time = 11m, 33s)

    vN Entropy at center bond b=151 = 1.369757473559
    Eigs at center bond b=151: 0.5331 0.2233 0.1315 0.0637 0.0139 0.0084 0.0063 0.0050 0.0030 0.0025 
    Largest link dim during sweep 78/87 was 640
    Largest truncation error: 1.73571e-11
    Energy after sweep 78/87 is -142.877741692659
    Sweep 78/87 CPU time = 2h, 50m, 48s (Wall time = 11m, 24s)

    vN Entropy at center bond b=151 = 1.369757519166
    Eigs at center bond b=151: 0.5331 0.2233 0.1315 0.0637 0.0139 0.0084 0.0063 0.0050 0.0030 0.0025 
    Largest link dim during sweep 79/87 was 640
    Largest truncation error: 1.74229e-11
    Energy after sweep 79/87 is -142.877741692656
    Sweep 79/87 CPU time = 2h, 54m, 10s (Wall time = 11m, 38s)

    vN Entropy at center bond b=151 = 1.369757530812
    Eigs at center bond b=151: 0.5331 0.2233 0.1315 0.0637 0.0139 0.0084 0.0063 0.0050 0.0030 0.0025 
    Largest link dim during sweep 80/87 was 640
    Largest truncation error: 1.74444e-11
    Energy after sweep 80/87 is -142.877741692653
    Sweep 80/87 CPU time = 2h, 53m, 19s (Wall time = 11m, 34s)

    vN Entropy at center bond b=151 = 1.369757534282
    Eigs at center bond b=151: 0.5331 0.2233 0.1315 0.0637 0.0139 0.0084 0.0063 0.0050 0.0030 0.0025 
    Largest link dim during sweep 81/87 was 640
    Largest truncation error: 1.74525e-11
    Energy after sweep 81/87 is -142.877741692651
    Sweep 81/87 CPU time = 2h, 54m, 20s (Wall time = 11m, 38s)

    vN Entropy at center bond b=151 = 1.369757535446
    Eigs at center bond b=151: 0.5331 0.2233 0.1315 0.0637 0.0139 0.0084 0.0063 0.0050 0.0030 0.0025 
    Largest link dim during sweep 82/87 was 640
    Largest truncation error: 1.74558e-11
    Energy after sweep 82/87 is -142.877741692651
    Sweep 82/87 CPU time = 2h, 52m, 17s (Wall time = 11m, 30s)

    vN Entropy at center bond b=151 = 1.369759837995
    Eigs at center bond b=151: 0.5331 0.2233 0.1315 0.0637 0.0139 0.0084 0.0063 0.0050 0.0030 0.0025 
    Largest link dim during sweep 83/87 was 1007
    Largest truncation error: 7.21103e-13
    Energy after sweep 83/87 is -142.877741719201
    Sweep 83/87 CPU time = 4h, 47m, 2s (Wall time = 20m, 47s)

    vN Entropy at center bond b=151 = 1.369760794076
    Eigs at center bond b=151: 0.5331 0.2233 0.1315 0.0637 0.0139 0.0084 0.0063 0.0050 0.0030 0.0025 
    Largest link dim during sweep 84/87 was 1280
    Largest truncation error: 1.5711e-13
    Energy after sweep 84/87 is -142.877741722951
    Sweep 84/87 CPU time = 9h, 18m, 43s (Wall time = 43m, 48s)

    vN Entropy at center bond b=151 = 1.369760895802
    Eigs at center bond b=151: 0.5331 0.2233 0.1315 0.0637 0.0139 0.0084 0.0063 0.0050 0.0030 0.0025 
    Largest link dim during sweep 85/87 was 1280
    Largest truncation error: 1.54944e-13
    Energy after sweep 85/87 is -142.877741722982
    Sweep 85/87 CPU time = 10h, 48m, 11s (Wall time = 46m, 58s)

    vN Entropy at center bond b=151 = 1.369760904534
    Eigs at center bond b=151: 0.5331 0.2233 0.1315 0.0637 0.0139 0.0084 0.0063 0.0050 0.0030 0.0025 
    Largest link dim during sweep 86/87 was 1280
    Largest truncation error: 1.57372e-13
    Energy after sweep 86/87 is -142.877741722980
    Sweep 86/87 CPU time = 10h, 57m, 20s (Wall time = 46m, 36s)

    vN Entropy at center bond b=151 = 1.369760905888
    Eigs at center bond b=151: 0.5331 0.2233 0.1315 0.0637 0.0139 0.0084 0.0063 0.0050 0.0030 0.0025 
    Largest link dim during sweep 87/87 was 1280
    Largest truncation error: 1.58292e-13
    Energy after sweep 87/87 is -142.877741722981
    Sweep 87/87 CPU time = 10h, 59m, 39s (Wall time = 46m, 45s)
Initial energy = 3.03300

Ground State Energy = -142.8777417230
run_outputs/outputpsi/N_303_sweep_87_t_0.030000_J_1.000000_V_0.600000_D_0.018000_U_2.000000_mu_0.020000_E_0.001000 converge
Wall-clock time (s) = 141549.642003
