//////////////////////////
Reading input file ......

Got input.N = 303
Got input.t = 0.03
Got input.J = 1
Got input.V = 0.6
Got input.D = 0.018
Got input.U = -0.01
Got input.mu = 0
Got input.E = 0.001
Got input.nsweeps = 87
Sweeps:
1  MaxDim=20, MinDim=20, Cutoff=1.0E-06, Niter=8, Noise=1.0E-05
2  MaxDim=20, MinDim=20, Cutoff=1.0E-06, Niter=8, Noise=1.0E-05
3  MaxDim=20, MinDim=20, Cutoff=1.0E-06, Niter=8, Noise=1.0E-05
4  MaxDim=20, MinDim=20, Cutoff=1.0E-06, Niter=8, Noise=1.0E-05
5  MaxDim=20, MinDim=20, Cutoff=1.0E-06, Niter=8, Noise=1.0E-05
6  MaxDim=20, MinDim=20, Cutoff=1.0E-06, Niter=8, Noise=1.0E-05
7  MaxDim=20, MinDim=20, Cutoff=1.0E-06, Niter=8, Noise=1.0E-05
8  MaxDim=40, MinDim=20, Cutoff=1.0E-06, Niter=4, Noise=1.0E-05
9  MaxDim=40, MinDim=20, Cutoff=1.0E-06, Niter=4, Noise=1.0E-05
10  MaxDim=40, MinDim=20, Cutoff=1.0E-06, Niter=4, Noise=1.0E-05
11  MaxDim=40, MinDim=20, Cutoff=1.0E-06, Niter=4, Noise=1.0E-05
12  MaxDim=40, MinDim=20, Cutoff=1.0E-06, Niter=4, Noise=1.0E-05
13  MaxDim=40, MinDim=20, Cutoff=1.0E-06, Niter=4, Noise=1.0E-05
14  MaxDim=40, MinDim=20, Cutoff=1.0E-06, Niter=4, Noise=1.0E-05
15  MaxDim=80, MinDim=10, Cutoff=1.0E-06, Niter=4, Noise=1.0E-05
16  MaxDim=80, MinDim=10, Cutoff=1.0E-06, Niter=4, Noise=1.0E-05
17  MaxDim=80, MinDim=10, Cutoff=1.0E-06, Niter=4, Noise=1.0E-05
18  MaxDim=80, MinDim=10, Cutoff=1.0E-06, Niter=4, Noise=1.0E-05
19  MaxDim=80, MinDim=10, Cutoff=1.0E-06, Niter=4, Noise=1.0E-05
20  MaxDim=80, MinDim=10, Cutoff=1.0E-06, Niter=4, Noise=1.0E-05
21  MaxDim=80, MinDim=10, Cutoff=1.0E-06, Niter=4, Noise=1.0E-05
22  MaxDim=80, MinDim=10, Cutoff=1.0E-06, Niter=4, Noise=1.0E-05
23  MaxDim=80, MinDim=10, Cutoff=1.0E-06, Niter=4, Noise=1.0E-05
24  MaxDim=80, MinDim=10, Cutoff=1.0E-06, Niter=4, Noise=1.0E-05
25  MaxDim=80, MinDim=10, Cutoff=1.0E-06, Niter=4, Noise=1.0E-05
26  MaxDim=80, MinDim=10, Cutoff=1.0E-06, Niter=4, Noise=1.0E-05
27  MaxDim=80, MinDim=10, Cutoff=1.0E-06, Niter=4, Noise=1.0E-05
28  MaxDim=80, MinDim=10, Cutoff=1.0E-06, Niter=4, Noise=1.0E-05
29  MaxDim=80, MinDim=10, Cutoff=1.0E-06, Niter=4, Noise=1.0E-05
30  MaxDim=80, MinDim=10, Cutoff=1.0E-06, Niter=4, Noise=1.0E-05
31  MaxDim=80, MinDim=10, Cutoff=1.0E-06, Niter=4, Noise=1.0E-05
32  MaxDim=80, MinDim=10, Cutoff=1.0E-06, Niter=4, Noise=1.0E-05
33  MaxDim=80, MinDim=10, Cutoff=1.0E-06, Niter=4, Noise=1.0E-05
34  MaxDim=80, MinDim=10, Cutoff=1.0E-06, Niter=4, Noise=1.0E-05
35  MaxDim=80, MinDim=10, Cutoff=1.0E-06, Niter=4, Noise=1.0E-05
36  MaxDim=80, MinDim=10, Cutoff=1.0E-06, Niter=4, Noise=1.0E-05
37  MaxDim=160, MinDim=10, Cutoff=1.0E-08, Niter=4, Noise=1.0E-06
38  MaxDim=160, MinDim=10, Cutoff=1.0E-08, Niter=4, Noise=1.0E-06
39  MaxDim=160, MinDim=10, Cutoff=1.0E-08, Niter=4, Noise=1.0E-06
40  MaxDim=160, MinDim=10, Cutoff=1.0E-08, Niter=4, Noise=1.0E-06
41  MaxDim=160, MinDim=10, Cutoff=1.0E-08, Niter=4, Noise=1.0E-06
42  MaxDim=160, MinDim=10, Cutoff=1.0E-08, Niter=4, Noise=1.0E-06
43  MaxDim=160, MinDim=10, Cutoff=1.0E-08, Niter=4, Noise=1.0E-06
44  MaxDim=160, MinDim=10, Cutoff=1.0E-08, Niter=4, Noise=1.0E-06
45  MaxDim=160, MinDim=10, Cutoff=1.0E-08, Niter=4, Noise=1.0E-06
46  MaxDim=160, MinDim=10, Cutoff=1.0E-08, Niter=4, Noise=1.0E-06
47  MaxDim=160, MinDim=10, Cutoff=1.0E-08, Niter=4, Noise=1.0E-06
48  MaxDim=160, MinDim=10, Cutoff=1.0E-08, Niter=4, Noise=1.0E-06
49  MaxDim=160, MinDim=10, Cutoff=1.0E-08, Niter=4, Noise=1.0E-06
50  MaxDim=160, MinDim=10, Cutoff=1.0E-08, Niter=4, Noise=1.0E-06
51  MaxDim=160, MinDim=10, Cutoff=1.0E-08, Niter=4, Noise=1.0E-06
52  MaxDim=160, MinDim=10, Cutoff=1.0E-08, Niter=4, Noise=1.0E-06
53  MaxDim=160, MinDim=10, Cutoff=1.0E-08, Niter=4, Noise=1.0E-06
54  MaxDim=160, MinDim=10, Cutoff=1.0E-08, Niter=4, Noise=1.0E-06
55  MaxDim=160, MinDim=10, Cutoff=1.0E-08, Niter=4, Noise=1.0E-06
56  MaxDim=160, MinDim=10, Cutoff=1.0E-08, Niter=4, Noise=1.0E-06
57  MaxDim=160, MinDim=10, Cutoff=1.0E-08, Niter=4, Noise=1.0E-06
58  MaxDim=160, MinDim=10, Cutoff=1.0E-08, Niter=4, Noise=1.0E-06
59  MaxDim=320, MinDim=10, Cutoff=1.0E-10, Niter=4, Noise=1.0E-07
60  MaxDim=320, MinDim=10, Cutoff=1.0E-10, Niter=4, Noise=1.0E-07
61  MaxDim=320, MinDim=10, Cutoff=1.0E-10, Niter=4, Noise=1.0E-07
62  MaxDim=320, MinDim=10, Cutoff=1.0E-10, Niter=4, Noise=1.0E-07
63  MaxDim=320, MinDim=10, Cutoff=1.0E-10, Niter=4, Noise=1.0E-07
64  MaxDim=320, MinDim=10, Cutoff=1.0E-10, Niter=4, Noise=1.0E-07
65  MaxDim=320, MinDim=10, Cutoff=1.0E-10, Niter=4, Noise=1.0E-07
66  MaxDim=320, MinDim=10, Cutoff=1.0E-10, Niter=4, Noise=1.0E-07
67  MaxDim=320, MinDim=10, Cutoff=1.0E-10, Niter=4, Noise=1.0E-07
68  MaxDim=320, MinDim=10, Cutoff=1.0E-10, Niter=4, Noise=1.0E-07
69  MaxDim=320, MinDim=10, Cutoff=1.0E-10, Niter=4, Noise=1.0E-07
70  MaxDim=320, MinDim=10, Cutoff=1.0E-10, Niter=4, Noise=1.0E-07
71  MaxDim=320, MinDim=10, Cutoff=1.0E-10, Niter=4, Noise=1.0E-07
72  MaxDim=320, MinDim=10, Cutoff=1.0E-10, Niter=4, Noise=1.0E-07
73  MaxDim=320, MinDim=10, Cutoff=1.0E-10, Niter=4, Noise=1.0E-07
74  MaxDim=320, MinDim=10, Cutoff=1.0E-10, Niter=4, Noise=1.0E-07
75  MaxDim=640, MinDim=10, Cutoff=1.0E-12, Niter=2, Noise=1.0E-08
76  MaxDim=640, MinDim=10, Cutoff=1.0E-12, Niter=2, Noise=1.0E-08
77  MaxDim=640, MinDim=10, Cutoff=1.0E-12, Niter=2, Noise=1.0E-08
78  MaxDim=640, MinDim=10, Cutoff=1.0E-12, Niter=2, Noise=1.0E-08
79  MaxDim=640, MinDim=10, Cutoff=1.0E-12, Niter=2, Noise=1.0E-08
80  MaxDim=640, MinDim=10, Cutoff=1.0E-12, Niter=2, Noise=1.0E-08
81  MaxDim=640, MinDim=10, Cutoff=1.0E-12, Niter=2, Noise=1.0E-08
82  MaxDim=640, MinDim=10, Cutoff=1.0E-12, Niter=2, Noise=1.0E-08
83  MaxDim=1280, MinDim=10, Cutoff=1.0E-12, Niter=2, Noise=0.0E+00
84  MaxDim=1280, MinDim=10, Cutoff=1.0E-14, Niter=2, Noise=0.0E+00
85  MaxDim=1280, MinDim=10, Cutoff=1.0E-14, Niter=2, Noise=0.0E+00
86  MaxDim=1280, MinDim=10, Cutoff=1.0E-14, Niter=2, Noise=0.0E+00
87  MaxDim=1280, MinDim=10, Cutoff=1.0E-14, Niter=2, Noise=0.0E+00


    vN Entropy at center bond b=151 = 0.598166664390
    Eigs at center bond b=151: 0.8208 0.1424 0.0245 0.0063 0.0044 0.0011 
    Largest link dim during sweep 1/87 was 20
    Largest truncation error: 1.87643e-05
    Energy after sweep 1/87 is -198.197799193166
    Sweep 1/87 CPU time = 18.39s (Wall time = 1.189s)

    vN Entropy at center bond b=151 = 0.623507684602
    Eigs at center bond b=151: 0.8187 0.1225 0.0488 0.0073 0.0018 
    Largest link dim during sweep 2/87 was 20
    Largest truncation error: 7.42435e-06
    Energy after sweep 2/87 is -198.457617457498
    Sweep 2/87 CPU time = 25.74s (Wall time = 1.648s)

    vN Entropy at center bond b=151 = 0.623668913927
    Eigs at center bond b=151: 0.8187 0.1224 0.0489 0.0073 0.0018 
    Largest link dim during sweep 3/87 was 20
    Largest truncation error: 4.26258e-05
    Energy after sweep 3/87 is -198.624485763820
    Sweep 3/87 CPU time = 25.53s (Wall time = 1.641s)

    vN Entropy at center bond b=151 = 0.623700201259
    Eigs at center bond b=151: 0.8187 0.1224 0.0489 0.0073 0.0018 
    Largest link dim during sweep 4/87 was 20
    Largest truncation error: 9.08648e-06
    Energy after sweep 4/87 is -198.625611074030
    Sweep 4/87 CPU time = 25.67s (Wall time = 1.646s)

    vN Entropy at center bond b=151 = 0.623685235140
    Eigs at center bond b=151: 0.8187 0.1224 0.0489 0.0073 0.0018 
    Largest link dim during sweep 5/87 was 20
    Largest truncation error: 9.48444e-06
    Energy after sweep 5/87 is -198.625863333175
    Sweep 5/87 CPU time = 25.55s (Wall time = 1.640s)

    vN Entropy at center bond b=151 = 0.623653770779
    Eigs at center bond b=151: 0.8187 0.1224 0.0489 0.0073 0.0018 
    Largest link dim during sweep 6/87 was 20
    Largest truncation error: 9.42161e-06
    Energy after sweep 6/87 is -198.625950079869
    Sweep 6/87 CPU time = 25.69s (Wall time = 1.648s)

    vN Entropy at center bond b=151 = 0.623653544902
    Eigs at center bond b=151: 0.8187 0.1224 0.0489 0.0073 0.0018 
    Largest link dim during sweep 7/87 was 20
    Largest truncation error: 9.42292e-06
    Energy after sweep 7/87 is -198.625973242961
    Sweep 7/87 CPU time = 25.67s (Wall time = 1.643s)

    vN Entropy at center bond b=151 = 0.623653192543
    Eigs at center bond b=151: 0.8187 0.1224 0.0489 0.0073 0.0018 
    Largest link dim during sweep 8/87 was 34
    Largest truncation error: 7.82268e-07
    Energy after sweep 8/87 is -198.627338336218
    Sweep 8/87 CPU time = 15.11s (Wall time = 0.970s)

    vN Entropy at center bond b=151 = 0.623675860099
    Eigs at center bond b=151: 0.8187 0.1224 0.0489 0.0073 0.0018 
    Largest link dim during sweep 9/87 was 35
    Largest truncation error: 7.73239e-07
    Energy after sweep 9/87 is -198.627504337229
    Sweep 9/87 CPU time = 15.95s (Wall time = 1.022s)

    vN Entropy at center bond b=151 = 0.623721929049
    Eigs at center bond b=151: 0.8187 0.1224 0.0489 0.0073 0.0018 
    Largest link dim during sweep 10/87 was 35
    Largest truncation error: 8.0728e-07
    Energy after sweep 10/87 is -198.627593337931
    Sweep 10/87 CPU time = 16.04s (Wall time = 1.026s)

    vN Entropy at center bond b=151 = 0.623791403905
    Eigs at center bond b=151: 0.8186 0.1224 0.0489 0.0073 0.0018 
    Largest link dim during sweep 11/87 was 35
    Largest truncation error: 8.06788e-07
    Energy after sweep 11/87 is -198.627664486305
    Sweep 11/87 CPU time = 16.18s (Wall time = 1.039s)

    vN Entropy at center bond b=151 = 0.623876499051
    Eigs at center bond b=151: 0.8186 0.1224 0.0489 0.0073 0.0018 
    Largest link dim during sweep 12/87 was 35
    Largest truncation error: 7.9003e-07
    Energy after sweep 12/87 is -198.627730795459
    Sweep 12/87 CPU time = 16.29s (Wall time = 1.042s)

    vN Entropy at center bond b=151 = 0.623982762582
    Eigs at center bond b=151: 0.8186 0.1224 0.0490 0.0073 0.0018 
    Largest link dim during sweep 13/87 was 35
    Largest truncation error: 8.00415e-07
    Energy after sweep 13/87 is -198.629030243160
    Sweep 13/87 CPU time = 16.44s (Wall time = 1.057s)

    vN Entropy at center bond b=151 = 0.624099624177
    Eigs at center bond b=151: 0.8185 0.1224 0.0490 0.0073 0.0018 
    Largest link dim during sweep 14/87 was 39
    Largest truncation error: 8.1172e-07
    Energy after sweep 14/87 is -198.664603878331
    Sweep 14/87 CPU time = 16.51s (Wall time = 1.055s)

    vN Entropy at center bond b=151 = 0.623973774691
    Eigs at center bond b=151: 0.8186 0.1224 0.0490 0.0073 0.0018 
    Largest link dim during sweep 15/87 was 35
    Largest truncation error: 8.83588e-07
    Energy after sweep 15/87 is -198.664844393003
    Sweep 15/87 CPU time = 14.21s (Wall time = 0.909s)

    vN Entropy at center bond b=151 = 0.623994465792
    Eigs at center bond b=151: 0.8185 0.1224 0.0490 0.0073 0.0018 
    Largest link dim during sweep 16/87 was 35
    Largest truncation error: 8.20801e-07
    Energy after sweep 16/87 is -198.664854508783
    Sweep 16/87 CPU time = 13.77s (Wall time = 0.883s)

    vN Entropy at center bond b=151 = 0.624044870844
    Eigs at center bond b=151: 0.8185 0.1224 0.0490 0.0073 0.0018 
    Largest link dim during sweep 17/87 was 35
    Largest truncation error: 8.24478e-07
    Energy after sweep 17/87 is -198.664856405076
    Sweep 17/87 CPU time = 13.89s (Wall time = 0.891s)

    vN Entropy at center bond b=151 = 0.624122984696
    Eigs at center bond b=151: 0.8185 0.1224 0.0491 0.0073 0.0018 
    Largest link dim during sweep 18/87 was 35
    Largest truncation error: 8.3905e-07
    Energy after sweep 18/87 is -198.664860546471
    Sweep 18/87 CPU time = 13.87s (Wall time = 0.888s)

    vN Entropy at center bond b=151 = 0.624205592327
    Eigs at center bond b=151: 0.8185 0.1224 0.0491 0.0074 0.0018 
    Largest link dim during sweep 19/87 was 35
    Largest truncation error: 8.3901e-07
    Energy after sweep 19/87 is -198.664864923880
    Sweep 19/87 CPU time = 13.90s (Wall time = 0.893s)

    vN Entropy at center bond b=151 = 0.624289137172
    Eigs at center bond b=151: 0.8184 0.1224 0.0491 0.0074 0.0018 
    Largest link dim during sweep 20/87 was 36
    Largest truncation error: 8.38921e-07
    Energy after sweep 20/87 is -198.664869526634
    Sweep 20/87 CPU time = 13.89s (Wall time = 0.889s)

    vN Entropy at center bond b=151 = 0.624362688891
    Eigs at center bond b=151: 0.8184 0.1224 0.0491 0.0074 0.0018 
    Largest link dim during sweep 21/87 was 36
    Largest truncation error: 8.38873e-07
    Energy after sweep 21/87 is -198.664873135432
    Sweep 21/87 CPU time = 13.87s (Wall time = 0.889s)

    vN Entropy at center bond b=151 = 0.624434082767
    Eigs at center bond b=151: 0.8184 0.1224 0.0491 0.0074 0.0018 
    Largest link dim during sweep 22/87 was 36
    Largest truncation error: 8.38841e-07
    Energy after sweep 22/87 is -198.664877448816
    Sweep 22/87 CPU time = 14.03s (Wall time = 0.898s)

    vN Entropy at center bond b=151 = 0.624524982781
    Eigs at center bond b=151: 0.8184 0.1224 0.0492 0.0074 0.0018 
    Largest link dim during sweep 23/87 was 36
    Largest truncation error: 8.38814e-07
    Energy after sweep 23/87 is -198.664886465280
    Sweep 23/87 CPU time = 13.91s (Wall time = 0.895s)

    vN Entropy at center bond b=151 = 0.624653329146
    Eigs at center bond b=151: 0.8183 0.1224 0.0492 0.0074 0.0018 
    Largest link dim during sweep 24/87 was 36
    Largest truncation error: 8.38794e-07
    Energy after sweep 24/87 is -198.664892094546
    Sweep 24/87 CPU time = 13.97s (Wall time = 0.896s)

    vN Entropy at center bond b=151 = 0.624802956615
    Eigs at center bond b=151: 0.8183 0.1224 0.0492 0.0074 0.0018 
    Largest link dim during sweep 25/87 was 36
    Largest truncation error: 8.38781e-07
    Energy after sweep 25/87 is -198.664899826034
    Sweep 25/87 CPU time = 13.99s (Wall time = 0.895s)

    vN Entropy at center bond b=151 = 0.624989348073
    Eigs at center bond b=151: 0.8183 0.1223 0.0493 0.0074 0.0018 
    Largest link dim during sweep 26/87 was 36
    Largest truncation error: 8.38772e-07
    Energy after sweep 26/87 is -198.664905243343
    Sweep 26/87 CPU time = 14.05s (Wall time = 0.898s)

    vN Entropy at center bond b=151 = 0.625209709486
    Eigs at center bond b=151: 0.8182 0.1223 0.0494 0.0074 0.0018 
    Largest link dim during sweep 27/87 was 36
    Largest truncation error: 8.38766e-07
    Energy after sweep 27/87 is -198.664909881514
    Sweep 27/87 CPU time = 14.02s (Wall time = 0.897s)

    vN Entropy at center bond b=151 = 0.625513761711
    Eigs at center bond b=151: 0.8181 0.1223 0.0495 0.0074 0.0018 
    Largest link dim during sweep 28/87 was 36
    Largest truncation error: 8.38763e-07
    Energy after sweep 28/87 is -198.664917623512
    Sweep 28/87 CPU time = 14.04s (Wall time = 0.897s)

    vN Entropy at center bond b=151 = 0.625859674491
    Eigs at center bond b=151: 0.8180 0.1223 0.0496 0.0074 0.0018 
    Largest link dim during sweep 29/87 was 36
    Largest truncation error: 8.38761e-07
    Energy after sweep 29/87 is -198.664923411984
    Sweep 29/87 CPU time = 14.04s (Wall time = 0.899s)

    vN Entropy at center bond b=151 = 0.626201037175
    Eigs at center bond b=151: 0.8179 0.1223 0.0496 0.0074 0.0018 
    Largest link dim during sweep 30/87 was 36
    Largest truncation error: 8.38759e-07
    Energy after sweep 30/87 is -198.664934008624
    Sweep 30/87 CPU time = 14.08s (Wall time = 0.900s)

    vN Entropy at center bond b=151 = 0.626543409112
    Eigs at center bond b=151: 0.8178 0.1222 0.0497 0.0074 0.0018 
    Largest link dim during sweep 31/87 was 36
    Largest truncation error: 8.38759e-07
    Energy after sweep 31/87 is -198.664938599134
    Sweep 31/87 CPU time = 14.08s (Wall time = 0.909s)

    vN Entropy at center bond b=151 = 0.626921000300
    Eigs at center bond b=151: 0.8177 0.1222 0.0498 0.0075 0.0018 
    Largest link dim during sweep 32/87 was 36
    Largest truncation error: 8.38758e-07
    Energy after sweep 32/87 is -198.664946232776
    Sweep 32/87 CPU time = 14.04s (Wall time = 0.901s)

    vN Entropy at center bond b=151 = 0.627427719741
    Eigs at center bond b=151: 0.8176 0.1222 0.0499 0.0075 0.0018 
    Largest link dim during sweep 33/87 was 36
    Largest truncation error: 8.38758e-07
    Energy after sweep 33/87 is -198.664950894710
    Sweep 33/87 CPU time = 14.13s (Wall time = 0.905s)

    vN Entropy at center bond b=151 = 0.627984280666
    Eigs at center bond b=151: 0.8175 0.1222 0.0501 0.0075 0.0018 
    Largest link dim during sweep 34/87 was 36
    Largest truncation error: 8.38758e-07
    Energy after sweep 34/87 is -198.664957832917
    Sweep 34/87 CPU time = 14.16s (Wall time = 0.905s)

    vN Entropy at center bond b=151 = 0.628503387919
    Eigs at center bond b=151: 0.8173 0.1222 0.0502 0.0075 0.0018 
    Largest link dim during sweep 35/87 was 36
    Largest truncation error: 8.38758e-07
    Energy after sweep 35/87 is -198.664963996960
    Sweep 35/87 CPU time = 14.30s (Wall time = 0.912s)

    vN Entropy at center bond b=151 = 0.628969413483
    Eigs at center bond b=151: 0.8172 0.1222 0.0503 0.0075 0.0018 
    Largest link dim during sweep 36/87 was 36
    Largest truncation error: 8.38758e-07
    Energy after sweep 36/87 is -198.664965888036
    Sweep 36/87 CPU time = 14.27s (Wall time = 0.913s)

    vN Entropy at center bond b=151 = 0.633120731343
    Eigs at center bond b=151: 0.8160 0.1223 0.0510 0.0077 0.0018 
    Largest link dim during sweep 37/87 was 71
    Largest truncation error: 8.27332e-09
    Energy after sweep 37/87 is -198.665884186156
    Sweep 37/87 CPU time = 29.95s (Wall time = 1.928s)

    vN Entropy at center bond b=151 = 0.641465827807
    Eigs at center bond b=151: 0.8139 0.1224 0.0525 0.0079 0.0019 
    Largest link dim during sweep 38/87 was 74
    Largest truncation error: 8.38263e-09
    Energy after sweep 38/87 is -198.665948061702
    Sweep 38/87 CPU time = 43.02s (Wall time = 2.763s)

    vN Entropy at center bond b=151 = 0.654683686567
    Eigs at center bond b=151: 0.8106 0.1227 0.0542 0.0082 0.0020 0.0011 
    Largest link dim during sweep 39/87 was 76
    Largest truncation error: 8.41196e-09
    Energy after sweep 39/87 is -198.665992901206
    Sweep 39/87 CPU time = 45.04s (Wall time = 2.885s)

    vN Entropy at center bond b=151 = 0.671685846817
    Eigs at center bond b=151: 0.8065 0.1232 0.0561 0.0086 0.0027 0.0015 
    Largest link dim during sweep 40/87 was 76
    Largest truncation error: 8.41747e-09
    Energy after sweep 40/87 is -198.666029010733
    Sweep 40/87 CPU time = 47.40s (Wall time = 3.046s)

    vN Entropy at center bond b=151 = 0.691462053880
    Eigs at center bond b=151: 0.8016 0.1239 0.0580 0.0090 0.0041 0.0016 
    Largest link dim during sweep 41/87 was 77
    Largest truncation error: 8.41934e-09
    Energy after sweep 41/87 is -198.666059546468
    Sweep 41/87 CPU time = 50.20s (Wall time = 3.243s)

    vN Entropy at center bond b=151 = 0.712487028887
    Eigs at center bond b=151: 0.7962 0.1247 0.0600 0.0094 0.0058 0.0017 
    Largest link dim during sweep 42/87 was 78
    Largest truncation error: 8.42023e-09
    Energy after sweep 42/87 is -198.666085523447
    Sweep 42/87 CPU time = 50.35s (Wall time = 3.228s)

    vN Entropy at center bond b=151 = 0.734136895204
    Eigs at center bond b=151: 0.7904 0.1256 0.0619 0.0098 0.0077 0.0017 0.0012 
    Largest link dim during sweep 43/87 was 78
    Largest truncation error: 8.42072e-09
    Energy after sweep 43/87 is -198.666107540411
    Sweep 43/87 CPU time = 51.78s (Wall time = 3.329s)

    vN Entropy at center bond b=151 = 0.756082850217
    Eigs at center bond b=151: 0.7844 0.1266 0.0639 0.0103 0.0097 0.0017 0.0016 
    Largest link dim during sweep 44/87 was 79
    Largest truncation error: 8.42101e-09
    Energy after sweep 44/87 is -198.666126024755
    Sweep 44/87 CPU time = 53.01s (Wall time = 3.401s)

    vN Entropy at center bond b=151 = 0.777396307097
    Eigs at center bond b=151: 0.7783 0.1278 0.0658 0.0117 0.0108 0.0019 0.0017 0.0010 
    Largest link dim during sweep 45/87 was 79
    Largest truncation error: 8.42117e-09
    Energy after sweep 45/87 is -198.666141815667
    Sweep 45/87 CPU time = 54.58s (Wall time = 3.508s)

    vN Entropy at center bond b=151 = 0.797765981070
    Eigs at center bond b=151: 0.7722 0.1291 0.0676 0.0135 0.0113 0.0023 0.0017 0.0012 
    Largest link dim during sweep 46/87 was 79
    Largest truncation error: 8.42126e-09
    Energy after sweep 46/87 is -198.666155267029
    Sweep 46/87 CPU time = 55.79s (Wall time = 3.580s)

    vN Entropy at center bond b=151 = 0.817024840602
    Eigs at center bond b=151: 0.7662 0.1305 0.0693 0.0152 0.0118 0.0026 0.0016 0.0014 
    Largest link dim during sweep 47/87 was 79
    Largest truncation error: 8.42132e-09
    Energy after sweep 47/87 is -198.666166611268
    Sweep 47/87 CPU time = 56.84s (Wall time = 3.652s)

    vN Entropy at center bond b=151 = 0.835156168857
    Eigs at center bond b=151: 0.7604 0.1321 0.0710 0.0168 0.0123 0.0029 0.0016 0.0016 
    Largest link dim during sweep 48/87 was 80
    Largest truncation error: 8.42135e-09
    Energy after sweep 48/87 is -198.666176450657
    Sweep 48/87 CPU time = 58.18s (Wall time = 3.747s)

    vN Entropy at center bond b=151 = 0.852185944678
    Eigs at center bond b=151: 0.7548 0.1337 0.0725 0.0182 0.0128 0.0032 0.0018 0.0016 
    Largest link dim during sweep 49/87 was 80
    Largest truncation error: 8.42137e-09
    Energy after sweep 49/87 is -198.666185194247
    Sweep 49/87 CPU time = 58.80s (Wall time = 3.770s)

    vN Entropy at center bond b=151 = 0.868254623728
    Eigs at center bond b=151: 0.7493 0.1355 0.0739 0.0194 0.0133 0.0035 0.0019 0.0016 
    Largest link dim during sweep 50/87 was 80
    Largest truncation error: 8.42138e-09
    Energy after sweep 50/87 is -198.666192923565
    Sweep 50/87 CPU time = 59.46s (Wall time = 3.825s)

    vN Entropy at center bond b=151 = 0.883353240676
    Eigs at center bond b=151: 0.7440 0.1374 0.0752 0.0205 0.0139 0.0038 0.0021 0.0016 
    Largest link dim during sweep 51/87 was 80
    Largest truncation error: 8.42138e-09
    Energy after sweep 51/87 is -198.666199855500
    Sweep 51/87 CPU time = 1m, 0.5s (Wall time = 3.887s)

    vN Entropy at center bond b=151 = 0.897477386598
    Eigs at center bond b=151: 0.7389 0.1393 0.0764 0.0215 0.0144 0.0041 0.0022 0.0016 
    Largest link dim during sweep 52/87 was 80
    Largest truncation error: 8.42139e-09
    Energy after sweep 52/87 is -198.666206016316
    Sweep 52/87 CPU time = 1m, 1.2s (Wall time = 3.936s)

    vN Entropy at center bond b=151 = 0.910576088677
    Eigs at center bond b=151: 0.7341 0.1413 0.0774 0.0224 0.0149 0.0043 0.0024 0.0016 
    Largest link dim during sweep 53/87 was 80
    Largest truncation error: 8.42139e-09
    Energy after sweep 53/87 is -198.666211405834
    Sweep 53/87 CPU time = 1m, 2.3s (Wall time = 3.993s)

    vN Entropy at center bond b=151 = 0.922615312288
    Eigs at center bond b=151: 0.7295 0.1434 0.0784 0.0231 0.0154 0.0045 0.0025 0.0016 
    Largest link dim during sweep 54/87 was 80
    Largest truncation error: 8.42139e-09
    Energy after sweep 54/87 is -198.666216266156
    Sweep 54/87 CPU time = 1m, 2.9s (Wall time = 4.034s)

    vN Entropy at center bond b=151 = 0.933634333612
    Eigs at center bond b=151: 0.7253 0.1454 0.0791 0.0238 0.0158 0.0048 0.0026 0.0016 
    Largest link dim during sweep 55/87 was 80
    Largest truncation error: 8.42139e-09
    Energy after sweep 55/87 is -198.666220710955
    Sweep 55/87 CPU time = 1m, 4.0s (Wall time = 4.103s)

    vN Entropy at center bond b=151 = 0.943749772350
    Eigs at center bond b=151: 0.7213 0.1473 0.0798 0.0244 0.0163 0.0050 0.0027 0.0016 
    Largest link dim during sweep 56/87 was 80
    Largest truncation error: 8.42139e-09
    Energy after sweep 56/87 is -198.666224795621
    Sweep 56/87 CPU time = 1m, 4.5s (Wall time = 4.153s)

    vN Entropy at center bond b=151 = 0.953219102005
    Eigs at center bond b=151: 0.7175 0.1493 0.0804 0.0249 0.0167 0.0052 0.0028 0.0015 
    Largest link dim during sweep 57/87 was 80
    Largest truncation error: 8.42139e-09
    Energy after sweep 57/87 is -198.666228470202
    Sweep 57/87 CPU time = 1m, 4.7s (Wall time = 4.154s)

    vN Entropy at center bond b=151 = 0.962070888202
    Eigs at center bond b=151: 0.7138 0.1512 0.0810 0.0253 0.0171 0.0054 0.0029 0.0015 
    Largest link dim during sweep 58/87 was 80
    Largest truncation error: 8.42139e-09
    Energy after sweep 58/87 is -198.666231722437
    Sweep 58/87 CPU time = 1m, 4.7s (Wall time = 4.159s)

    vN Entropy at center bond b=151 = 0.970857477561
    Eigs at center bond b=151: 0.7101 0.1533 0.0814 0.0257 0.0175 0.0056 0.0030 0.0015 
    Largest link dim during sweep 59/87 was 150
    Largest truncation error: 8.77256e-11
    Energy after sweep 59/87 is -198.666246793015
    Sweep 59/87 CPU time = 2m, 51.3s (Wall time = 11.11s)

    vN Entropy at center bond b=151 = 0.981123777827
    Eigs at center bond b=151: 0.7057 0.1559 0.0820 0.0262 0.0181 0.0058 0.0031 0.0015 
    Largest link dim during sweep 60/87 was 153
    Largest truncation error: 8.77576e-11
    Energy after sweep 60/87 is -198.666251326862
    Sweep 60/87 CPU time = 3m, 47.5s (Wall time = 14.67s)

    vN Entropy at center bond b=151 = 0.992013774927
    Eigs at center bond b=151: 0.7010 0.1587 0.0824 0.0266 0.0186 0.0060 0.0031 0.0015 
    Largest link dim during sweep 61/87 was 159
    Largest truncation error: 8.77773e-11
    Energy after sweep 61/87 is -198.666255841466
    Sweep 61/87 CPU time = 3m, 53.7s (Wall time = 15.23s)

    vN Entropy at center bond b=151 = 1.002321331765
    Eigs at center bond b=151: 0.6964 0.1616 0.0829 0.0270 0.0192 0.0063 0.0032 0.0015 
    Largest link dim during sweep 62/87 was 155
    Largest truncation error: 8.7785e-11
    Energy after sweep 62/87 is -198.666260428191
    Sweep 62/87 CPU time = 3m, 55.2s (Wall time = 15.22s)

    vN Entropy at center bond b=151 = 1.013416786686
    Eigs at center bond b=151: 0.6914 0.1647 0.0832 0.0274 0.0198 0.0065 0.0033 0.0015 
    Largest link dim during sweep 63/87 was 152
    Largest truncation error: 8.77882e-11
    Energy after sweep 63/87 is -198.666265052957
    Sweep 63/87 CPU time = 4m, 7.3s (Wall time = 16.13s)

    vN Entropy at center bond b=151 = 1.024441620611
    Eigs at center bond b=151: 0.6863 0.1681 0.0836 0.0278 0.0204 0.0068 0.0034 0.0015 
    Largest link dim during sweep 64/87 was 150
    Largest truncation error: 8.77898e-11
    Energy after sweep 64/87 is -198.666269118253
    Sweep 64/87 CPU time = 4m, 7.9s (Wall time = 15.91s)

    vN Entropy at center bond b=151 = 1.034756603646
    Eigs at center bond b=151: 0.6814 0.1714 0.0838 0.0282 0.0211 0.0071 0.0035 0.0015 
    Largest link dim during sweep 65/87 was 153
    Largest truncation error: 8.77902e-11
    Energy after sweep 65/87 is -198.666272975654
    Sweep 65/87 CPU time = 4m, 13.9s (Wall time = 16.56s)

    vN Entropy at center bond b=151 = 1.045548186172
    Eigs at center bond b=151: 0.6761 0.1751 0.0840 0.0285 0.0217 0.0074 0.0036 0.0015 
    Largest link dim during sweep 66/87 was 152
    Largest truncation error: 8.77906e-11
    Energy after sweep 66/87 is -198.666276630832
    Sweep 66/87 CPU time = 4m, 18.4s (Wall time = 16.98s)

    vN Entropy at center bond b=151 = 1.055560480352
    Eigs at center bond b=151: 0.6711 0.1786 0.0842 0.0287 0.0224 0.0077 0.0036 0.0014 
    Largest link dim during sweep 67/87 was 152
    Largest truncation error: 8.77908e-11
    Energy after sweep 67/87 is -198.666280041194
    Sweep 67/87 CPU time = 4m, 21.2s (Wall time = 17.16s)

    vN Entropy at center bond b=151 = 1.064828978567
    Eigs at center bond b=151: 0.6664 0.1821 0.0843 0.0290 0.0230 0.0079 0.0037 0.0014 0.0010 
    Largest link dim during sweep 68/87 was 150
    Largest truncation error: 8.77909e-11
    Energy after sweep 68/87 is -198.666283097752
    Sweep 68/87 CPU time = 4m, 27.1s (Wall time = 17.49s)

    vN Entropy at center bond b=151 = 1.073921903728
    Eigs at center bond b=151: 0.6616 0.1856 0.0843 0.0292 0.0236 0.0082 0.0037 0.0014 0.0010 
    Largest link dim during sweep 69/87 was 151
    Largest truncation error: 8.77907e-11
    Energy after sweep 69/87 is -198.666286016362
    Sweep 69/87 CPU time = 4m, 29.8s (Wall time = 17.64s)

    vN Entropy at center bond b=151 = 1.080619285055
    Eigs at center bond b=151: 0.6582 0.1879 0.0844 0.0294 0.0241 0.0084 0.0038 0.0014 0.0011 
    Largest link dim during sweep 70/87 was 179
    Largest truncation error: 8.77904e-11
    Energy after sweep 70/87 is -198.666300390132
    Sweep 70/87 CPU time = 4m, 43.4s (Wall time = 18.64s)

    vN Entropy at center bond b=151 = 0.625426910925
    Eigs at center bond b=151: 0.8183 0.1226 0.0490 0.0073 0.0018 
    Largest link dim during sweep 71/87 was 232
    Largest truncation error: 8.77904e-11
    Energy after sweep 71/87 is -198.696994659501
    Sweep 71/87 CPU time = 5m, 44.2s (Wall time = 23.09s)

    vN Entropy at center bond b=151 = 0.624505716640
    Eigs at center bond b=151: 0.8184 0.1226 0.0490 0.0073 0.0018 
    Largest link dim during sweep 72/87 was 158
    Largest truncation error: 8.77906e-11
    Energy after sweep 72/87 is -198.702899866854
    Sweep 72/87 CPU time = 4m, 23.4s (Wall time = 17.04s)

    vN Entropy at center bond b=151 = 0.624510025399
    Eigs at center bond b=151: 0.8184 0.1226 0.0490 0.0073 0.0018 
    Largest link dim during sweep 73/87 was 105
    Largest truncation error: 8.77908e-11
    Energy after sweep 73/87 is -198.702960885947
    Sweep 73/87 CPU time = 2m, 34.3s (Wall time = 9.907s)

    vN Entropy at center bond b=151 = 0.624510443853
    Eigs at center bond b=151: 0.8184 0.1226 0.0490 0.0073 0.0018 
    Largest link dim during sweep 74/87 was 86
    Largest truncation error: 8.77906e-11
    Energy after sweep 74/87 is -198.702962244869
    Sweep 74/87 CPU time = 2m, 10.5s (Wall time = 8.380s)

    vN Entropy at center bond b=151 = 0.624513970337
    Eigs at center bond b=151: 0.8184 0.1226 0.0490 0.0073 0.0018 
    Largest link dim during sweep 75/87 was 154
    Largest truncation error: 8.27657e-13
    Energy after sweep 75/87 is -198.702962388328
    Sweep 75/87 CPU time = 3m, 20.4s (Wall time = 12.85s)

    vN Entropy at center bond b=151 = 0.624514181641
    Eigs at center bond b=151: 0.8184 0.1226 0.0490 0.0073 0.0018 
    Largest link dim during sweep 76/87 was 161
    Largest truncation error: 8.27424e-13
    Energy after sweep 76/87 is -198.702962392869
    Sweep 76/87 CPU time = 4m, 10.8s (Wall time = 16.16s)

    vN Entropy at center bond b=151 = 0.624514274251
    Eigs at center bond b=151: 0.8184 0.1226 0.0490 0.0073 0.0018 
    Largest link dim during sweep 77/87 was 146
    Largest truncation error: 8.27735e-13
    Energy after sweep 77/87 is -198.702962394041
    Sweep 77/87 CPU time = 4m, 14.1s (Wall time = 16.35s)

    vN Entropy at center bond b=151 = 0.624514322330
    Eigs at center bond b=151: 0.8184 0.1226 0.0490 0.0073 0.0018 
    Largest link dim during sweep 78/87 was 146
    Largest truncation error: 8.27738e-13
    Energy after sweep 78/87 is -198.702962394411
    Sweep 78/87 CPU time = 4m, 14.4s (Wall time = 16.32s)

    vN Entropy at center bond b=151 = 0.624514349070
    Eigs at center bond b=151: 0.8184 0.1226 0.0490 0.0073 0.0018 
    Largest link dim during sweep 79/87 was 146
    Largest truncation error: 8.27664e-13
    Energy after sweep 79/87 is -198.702962394518
    Sweep 79/87 CPU time = 4m, 14.2s (Wall time = 16.31s)

    vN Entropy at center bond b=151 = 0.624514364451
    Eigs at center bond b=151: 0.8184 0.1226 0.0490 0.0073 0.0018 
    Largest link dim during sweep 80/87 was 146
    Largest truncation error: 8.27802e-13
    Energy after sweep 80/87 is -198.702962394562
    Sweep 80/87 CPU time = 4m, 15.7s (Wall time = 16.39s)

    vN Entropy at center bond b=151 = 0.624514373445
    Eigs at center bond b=151: 0.8184 0.1226 0.0490 0.0073 0.0018 
    Largest link dim during sweep 81/87 was 146
    Largest truncation error: 8.27569e-13
    Energy after sweep 81/87 is -198.702962394577
    Sweep 81/87 CPU time = 4m, 13.2s (Wall time = 16.23s)

    vN Entropy at center bond b=151 = 0.624514378809
    Eigs at center bond b=151: 0.8184 0.1226 0.0490 0.0073 0.0018 
    Largest link dim during sweep 82/87 was 146
    Largest truncation error: 8.27833e-13
    Energy after sweep 82/87 is -198.702962394584
    Sweep 82/87 CPU time = 4m, 13.2s (Wall time = 16.27s)

    vN Entropy at center bond b=151 = 0.624514734775
    Eigs at center bond b=151: 0.8184 0.1226 0.0490 0.0073 0.0018 
    Largest link dim during sweep 83/87 was 134
    Largest truncation error: 8.28703e-13
    Energy after sweep 83/87 is -198.702962394122
    Sweep 83/87 CPU time = 3m, 16.8s (Wall time = 12.64s)

    vN Entropy at center bond b=151 = 0.624514743851
    Eigs at center bond b=151: 0.8184 0.1226 0.0490 0.0073 0.0018 
    Largest link dim during sweep 84/87 was 224
    Largest truncation error: 8.19916e-15
    Energy after sweep 84/87 is -198.702962396197
    Sweep 84/87 CPU time = 7m, 46.2s (Wall time = 31.28s)

    vN Entropy at center bond b=151 = 0.624514752811
    Eigs at center bond b=151: 0.8184 0.1226 0.0490 0.0073 0.0018 
    Largest link dim during sweep 85/87 was 239
    Largest truncation error: 8.30525e-15
    Energy after sweep 85/87 is -198.702962396268
    Sweep 85/87 CPU time = 13m, 53s (Wall time = 55.52s)

    vN Entropy at center bond b=151 = 0.624514756846
    Eigs at center bond b=151: 0.8184 0.1226 0.0490 0.0073 0.0018 
    Largest link dim during sweep 86/87 was 234
    Largest truncation error: 8.23467e-15
    Energy after sweep 86/87 is -198.702962396290
    Sweep 86/87 CPU time = 13m, 37s (Wall time = 52.98s)

    vN Entropy at center bond b=151 = 0.624514758714
    Eigs at center bond b=151: 0.8184 0.1226 0.0490 0.0073 0.0018 
    Largest link dim during sweep 87/87 was 229
    Largest truncation error: 8.22591e-15
    Energy after sweep 87/87 is -198.702962396283
    Sweep 87/87 CPU time = 11m, 31s (Wall time = 44.69s)
Initial energy = 0.00300

Ground State Energy = -198.7029623963
run_outputs/outputpsi/N_303_sweep_87_t_0.030000_J_1.000000_V_0.600000_D_0.018000_U_-0.010000_mu_0.000000_E_0.001000 converge
Wall-clock time (s) = 2241.169380
