//////////////////////////
Reading input file ......

Got input.N = 303
Got input.t = 0.03
Got input.J = 1
Got input.V = 0.6
Got input.D = 0.018
Got input.U = 0.8
Got input.mu = 0
Got input.E = 0.001
Got input.nsweeps = 87
Sweeps:
1  MaxDim=20, MinDim=20, Cutoff=1.0E-06, Niter=8, Noise=1.0E-05
2  MaxDim=20, MinDim=20, Cutoff=1.0E-06, Niter=8, Noise=1.0E-05
3  MaxDim=20, MinDim=20, Cutoff=1.0E-06, Niter=8, Noise=1.0E-05
4  MaxDim=20, MinDim=20, Cutoff=1.0E-06, Niter=8, Noise=1.0E-05
5  MaxDim=20, MinDim=20, Cutoff=1.0E-06, Niter=8, Noise=1.0E-05
6  MaxDim=20, MinDim=20, Cutoff=1.0E-06, Niter=8, Noise=1.0E-05
7  MaxDim=20, MinDim=20, Cutoff=1.0E-06, Niter=8, Noise=1.0E-05
8  MaxDim=40, MinDim=20, Cutoff=1.0E-06, Niter=4, Noise=1.0E-05
9  MaxDim=40, MinDim=20, Cutoff=1.0E-06, Niter=4, Noise=1.0E-05
10  MaxDim=40, MinDim=20, Cutoff=1.0E-06, Niter=4, Noise=1.0E-05
11  MaxDim=40, MinDim=20, Cutoff=1.0E-06, Niter=4, Noise=1.0E-05
12  MaxDim=40, MinDim=20, Cutoff=1.0E-06, Niter=4, Noise=1.0E-05
13  MaxDim=40, MinDim=20, Cutoff=1.0E-06, Niter=4, Noise=1.0E-05
14  MaxDim=40, MinDim=20, Cutoff=1.0E-06, Niter=4, Noise=1.0E-05
15  MaxDim=80, MinDim=10, Cutoff=1.0E-06, Niter=4, Noise=1.0E-05
16  MaxDim=80, MinDim=10, Cutoff=1.0E-06, Niter=4, Noise=1.0E-05
17  MaxDim=80, MinDim=10, Cutoff=1.0E-06, Niter=4, Noise=1.0E-05
18  MaxDim=80, MinDim=10, Cutoff=1.0E-06, Niter=4, Noise=1.0E-05
19  MaxDim=80, MinDim=10, Cutoff=1.0E-06, Niter=4, Noise=1.0E-05
20  MaxDim=80, MinDim=10, Cutoff=1.0E-06, Niter=4, Noise=1.0E-05
21  MaxDim=80, MinDim=10, Cutoff=1.0E-06, Niter=4, Noise=1.0E-05
22  MaxDim=80, MinDim=10, Cutoff=1.0E-06, Niter=4, Noise=1.0E-05
23  MaxDim=80, MinDim=10, Cutoff=1.0E-06, Niter=4, Noise=1.0E-05
24  MaxDim=80, MinDim=10, Cutoff=1.0E-06, Niter=4, Noise=1.0E-05
25  MaxDim=80, MinDim=10, Cutoff=1.0E-06, Niter=4, Noise=1.0E-05
26  MaxDim=80, MinDim=10, Cutoff=1.0E-06, Niter=4, Noise=1.0E-05
27  MaxDim=80, MinDim=10, Cutoff=1.0E-06, Niter=4, Noise=1.0E-05
28  MaxDim=80, MinDim=10, Cutoff=1.0E-06, Niter=4, Noise=1.0E-05
29  MaxDim=80, MinDim=10, Cutoff=1.0E-06, Niter=4, Noise=1.0E-05
30  MaxDim=80, MinDim=10, Cutoff=1.0E-06, Niter=4, Noise=1.0E-05
31  MaxDim=80, MinDim=10, Cutoff=1.0E-06, Niter=4, Noise=1.0E-05
32  MaxDim=80, MinDim=10, Cutoff=1.0E-06, Niter=4, Noise=1.0E-05
33  MaxDim=80, MinDim=10, Cutoff=1.0E-06, Niter=4, Noise=1.0E-05
34  MaxDim=80, MinDim=10, Cutoff=1.0E-06, Niter=4, Noise=1.0E-05
35  MaxDim=80, MinDim=10, Cutoff=1.0E-06, Niter=4, Noise=1.0E-05
36  MaxDim=80, MinDim=10, Cutoff=1.0E-06, Niter=4, Noise=1.0E-05
37  MaxDim=160, MinDim=10, Cutoff=1.0E-08, Niter=4, Noise=1.0E-06
38  MaxDim=160, MinDim=10, Cutoff=1.0E-08, Niter=4, Noise=1.0E-06
39  MaxDim=160, MinDim=10, Cutoff=1.0E-08, Niter=4, Noise=1.0E-06
40  MaxDim=160, MinDim=10, Cutoff=1.0E-08, Niter=4, Noise=1.0E-06
41  MaxDim=160, MinDim=10, Cutoff=1.0E-08, Niter=4, Noise=1.0E-06
42  MaxDim=160, MinDim=10, Cutoff=1.0E-08, Niter=4, Noise=1.0E-06
43  MaxDim=160, MinDim=10, Cutoff=1.0E-08, Niter=4, Noise=1.0E-06
44  MaxDim=160, MinDim=10, Cutoff=1.0E-08, Niter=4, Noise=1.0E-06
45  MaxDim=160, MinDim=10, Cutoff=1.0E-08, Niter=4, Noise=1.0E-06
46  MaxDim=160, MinDim=10, Cutoff=1.0E-08, Niter=4, Noise=1.0E-06
47  MaxDim=160, MinDim=10, Cutoff=1.0E-08, Niter=4, Noise=1.0E-06
48  MaxDim=160, MinDim=10, Cutoff=1.0E-08, Niter=4, Noise=1.0E-06
49  MaxDim=160, MinDim=10, Cutoff=1.0E-08, Niter=4, Noise=1.0E-06
50  MaxDim=160, MinDim=10, Cutoff=1.0E-08, Niter=4, Noise=1.0E-06
51  MaxDim=160, MinDim=10, Cutoff=1.0E-08, Niter=4, Noise=1.0E-06
52  MaxDim=160, MinDim=10, Cutoff=1.0E-08, Niter=4, Noise=1.0E-06
53  MaxDim=160, MinDim=10, Cutoff=1.0E-08, Niter=4, Noise=1.0E-06
54  MaxDim=160, MinDim=10, Cutoff=1.0E-08, Niter=4, Noise=1.0E-06
55  MaxDim=160, MinDim=10, Cutoff=1.0E-08, Niter=4, Noise=1.0E-06
56  MaxDim=160, MinDim=10, Cutoff=1.0E-08, Niter=4, Noise=1.0E-06
57  MaxDim=160, MinDim=10, Cutoff=1.0E-08, Niter=4, Noise=1.0E-06
58  MaxDim=160, MinDim=10, Cutoff=1.0E-08, Niter=4, Noise=1.0E-06
59  MaxDim=320, MinDim=10, Cutoff=1.0E-10, Niter=4, Noise=1.0E-07
60  MaxDim=320, MinDim=10, Cutoff=1.0E-10, Niter=4, Noise=1.0E-07
61  MaxDim=320, MinDim=10, Cutoff=1.0E-10, Niter=4, Noise=1.0E-07
62  MaxDim=320, MinDim=10, Cutoff=1.0E-10, Niter=4, Noise=1.0E-07
63  MaxDim=320, MinDim=10, Cutoff=1.0E-10, Niter=4, Noise=1.0E-07
64  MaxDim=320, MinDim=10, Cutoff=1.0E-10, Niter=4, Noise=1.0E-07
65  MaxDim=320, MinDim=10, Cutoff=1.0E-10, Niter=4, Noise=1.0E-07
66  MaxDim=320, MinDim=10, Cutoff=1.0E-10, Niter=4, Noise=1.0E-07
67  MaxDim=320, MinDim=10, Cutoff=1.0E-10, Niter=4, Noise=1.0E-07
68  MaxDim=320, MinDim=10, Cutoff=1.0E-10, Niter=4, Noise=1.0E-07
69  MaxDim=320, MinDim=10, Cutoff=1.0E-10, Niter=4, Noise=1.0E-07
70  MaxDim=320, MinDim=10, Cutoff=1.0E-10, Niter=4, Noise=1.0E-07
71  MaxDim=320, MinDim=10, Cutoff=1.0E-10, Niter=4, Noise=1.0E-07
72  MaxDim=320, MinDim=10, Cutoff=1.0E-10, Niter=4, Noise=1.0E-07
73  MaxDim=320, MinDim=10, Cutoff=1.0E-10, Niter=4, Noise=1.0E-07
74  MaxDim=320, MinDim=10, Cutoff=1.0E-10, Niter=4, Noise=1.0E-07
75  MaxDim=640, MinDim=10, Cutoff=1.0E-12, Niter=2, Noise=1.0E-08
76  MaxDim=640, MinDim=10, Cutoff=1.0E-12, Niter=2, Noise=1.0E-08
77  MaxDim=640, MinDim=10, Cutoff=1.0E-12, Niter=2, Noise=1.0E-08
78  MaxDim=640, MinDim=10, Cutoff=1.0E-12, Niter=2, Noise=1.0E-08
79  MaxDim=640, MinDim=10, Cutoff=1.0E-12, Niter=2, Noise=1.0E-08
80  MaxDim=640, MinDim=10, Cutoff=1.0E-12, Niter=2, Noise=1.0E-08
81  MaxDim=640, MinDim=10, Cutoff=1.0E-12, Niter=2, Noise=1.0E-08
82  MaxDim=640, MinDim=10, Cutoff=1.0E-12, Niter=2, Noise=1.0E-08
83  MaxDim=1280, MinDim=10, Cutoff=1.0E-12, Niter=2, Noise=0.0E+00
84  MaxDim=1280, MinDim=10, Cutoff=1.0E-14, Niter=2, Noise=0.0E+00
85  MaxDim=1280, MinDim=10, Cutoff=1.0E-14, Niter=2, Noise=0.0E+00
86  MaxDim=1280, MinDim=10, Cutoff=1.0E-14, Niter=2, Noise=0.0E+00
87  MaxDim=1280, MinDim=10, Cutoff=1.0E-14, Niter=2, Noise=0.0E+00


    vN Entropy at center bond b=151 = 0.678409273272
    Eigs at center bond b=151: 0.7595 0.2096 0.0198 0.0047 0.0046 
    Largest link dim during sweep 1/87 was 20
    Largest truncation error: 4.08188e-05
    Energy after sweep 1/87 is -166.971263379252
    Sweep 1/87 CPU time = 18.31s (Wall time = 1.187s)

    vN Entropy at center bond b=151 = 0.766682502129
    Eigs at center bond b=151: 0.6945 0.2712 0.0194 0.0066 0.0054 0.0015 
    Largest link dim during sweep 2/87 was 20
    Largest truncation error: 2.4869e-06
    Energy after sweep 2/87 is -167.016567012400
    Sweep 2/87 CPU time = 25.78s (Wall time = 1.653s)

    vN Entropy at center bond b=151 = 0.772110176302
    Eigs at center bond b=151: 0.6883 0.2774 0.0192 0.0067 0.0054 0.0016 
    Largest link dim during sweep 3/87 was 20
    Largest truncation error: 2.38655e-06
    Energy after sweep 3/87 is -167.017515132448
    Sweep 3/87 CPU time = 25.84s (Wall time = 1.655s)

    vN Entropy at center bond b=151 = 0.773534716388
    Eigs at center bond b=151: 0.6866 0.2791 0.0191 0.0067 0.0054 0.0016 
    Largest link dim during sweep 4/87 was 20
    Largest truncation error: 2.39285e-06
    Energy after sweep 4/87 is -167.017654941455
    Sweep 4/87 CPU time = 25.91s (Wall time = 1.660s)

    vN Entropy at center bond b=151 = 0.774099991879
    Eigs at center bond b=151: 0.6860 0.2797 0.0191 0.0068 0.0054 0.0016 
    Largest link dim during sweep 5/87 was 20
    Largest truncation error: 2.39596e-06
    Energy after sweep 5/87 is -167.017688244509
    Sweep 5/87 CPU time = 25.74s (Wall time = 1.648s)

    vN Entropy at center bond b=151 = 0.774363708043
    Eigs at center bond b=151: 0.6857 0.2800 0.0191 0.0068 0.0054 0.0016 
    Largest link dim during sweep 6/87 was 20
    Largest truncation error: 2.39915e-06
    Energy after sweep 6/87 is -167.017699047940
    Sweep 6/87 CPU time = 25.54s (Wall time = 1.645s)

    vN Entropy at center bond b=151 = 0.774495026935
    Eigs at center bond b=151: 0.6856 0.2802 0.0191 0.0068 0.0054 0.0016 
    Largest link dim during sweep 7/87 was 20
    Largest truncation error: 2.40153e-06
    Energy after sweep 7/87 is -167.017703435037
    Sweep 7/87 CPU time = 25.39s (Wall time = 1.631s)

    vN Entropy at center bond b=151 = 0.775732161316
    Eigs at center bond b=151: 0.6852 0.2803 0.0192 0.0068 0.0055 0.0016 
    Largest link dim during sweep 8/87 was 28
    Largest truncation error: 7.72222e-07
    Energy after sweep 8/87 is -167.019968549598
    Sweep 8/87 CPU time = 16.64s (Wall time = 1.066s)

    vN Entropy at center bond b=151 = 0.776238211519
    Eigs at center bond b=151: 0.6853 0.2801 0.0192 0.0068 0.0055 0.0016 
    Largest link dim during sweep 9/87 was 28
    Largest truncation error: 7.71805e-07
    Energy after sweep 9/87 is -167.020047570344
    Sweep 9/87 CPU time = 17.67s (Wall time = 1.135s)

    vN Entropy at center bond b=151 = 0.776315281640
    Eigs at center bond b=151: 0.6855 0.2799 0.0193 0.0068 0.0055 0.0016 
    Largest link dim during sweep 10/87 was 28
    Largest truncation error: 7.68555e-07
    Energy after sweep 10/87 is -167.020056381835
    Sweep 10/87 CPU time = 17.86s (Wall time = 1.144s)

    vN Entropy at center bond b=151 = 0.776232673371
    Eigs at center bond b=151: 0.6857 0.2796 0.0193 0.0068 0.0055 0.0016 
    Largest link dim during sweep 11/87 was 28
    Largest truncation error: 7.68346e-07
    Energy after sweep 11/87 is -167.020060501992
    Sweep 11/87 CPU time = 18.05s (Wall time = 1.158s)

    vN Entropy at center bond b=151 = 0.776151663187
    Eigs at center bond b=151: 0.6859 0.2794 0.0193 0.0068 0.0055 0.0016 
    Largest link dim during sweep 12/87 was 28
    Largest truncation error: 7.66481e-07
    Energy after sweep 12/87 is -167.020062730891
    Sweep 12/87 CPU time = 18.02s (Wall time = 1.155s)

    vN Entropy at center bond b=151 = 0.776092173826
    Eigs at center bond b=151: 0.6860 0.2793 0.0193 0.0068 0.0055 0.0016 
    Largest link dim during sweep 13/87 was 28
    Largest truncation error: 7.68972e-07
    Energy after sweep 13/87 is -167.020063245480
    Sweep 13/87 CPU time = 18.19s (Wall time = 1.165s)

    vN Entropy at center bond b=151 = 0.776051729927
    Eigs at center bond b=151: 0.6860 0.2793 0.0193 0.0068 0.0055 0.0016 
    Largest link dim during sweep 14/87 was 28
    Largest truncation error: 7.66524e-07
    Energy after sweep 14/87 is -167.020065118479
    Sweep 14/87 CPU time = 18.05s (Wall time = 1.155s)

    vN Entropy at center bond b=151 = 0.776024817483
    Eigs at center bond b=151: 0.6861 0.2792 0.0193 0.0068 0.0055 0.0016 
    Largest link dim during sweep 15/87 was 28
    Largest truncation error: 7.68294e-07
    Energy after sweep 15/87 is -167.020060507428
    Sweep 15/87 CPU time = 17.95s (Wall time = 1.156s)

    vN Entropy at center bond b=151 = 0.776006953309
    Eigs at center bond b=151: 0.6861 0.2792 0.0193 0.0068 0.0055 0.0016 
    Largest link dim during sweep 16/87 was 28
    Largest truncation error: 7.69749e-07
    Energy after sweep 16/87 is -167.020060618269
    Sweep 16/87 CPU time = 17.76s (Wall time = 1.139s)

    vN Entropy at center bond b=151 = 0.775995075971
    Eigs at center bond b=151: 0.6861 0.2791 0.0193 0.0068 0.0055 0.0016 
    Largest link dim during sweep 17/87 was 28
    Largest truncation error: 7.67781e-07
    Energy after sweep 17/87 is -167.020060703218
    Sweep 17/87 CPU time = 17.89s (Wall time = 1.147s)

    vN Entropy at center bond b=151 = 0.775987110480
    Eigs at center bond b=151: 0.6862 0.2791 0.0193 0.0068 0.0055 0.0016 
    Largest link dim during sweep 18/87 was 28
    Largest truncation error: 7.68307e-07
    Energy after sweep 18/87 is -167.020060743428
    Sweep 18/87 CPU time = 18.01s (Wall time = 1.159s)

    vN Entropy at center bond b=151 = 0.775981718529
    Eigs at center bond b=151: 0.6862 0.2791 0.0193 0.0068 0.0055 0.0016 
    Largest link dim during sweep 19/87 was 28
    Largest truncation error: 7.68663e-07
    Energy after sweep 19/87 is -167.020060767757
    Sweep 19/87 CPU time = 17.95s (Wall time = 1.149s)

    vN Entropy at center bond b=151 = 0.775978050506
    Eigs at center bond b=151: 0.6862 0.2791 0.0193 0.0068 0.0055 0.0016 
    Largest link dim during sweep 20/87 was 28
    Largest truncation error: 7.68909e-07
    Energy after sweep 20/87 is -167.020060783426
    Sweep 20/87 CPU time = 18.03s (Wall time = 1.155s)

    vN Entropy at center bond b=151 = 0.775975547361
    Eigs at center bond b=151: 0.6862 0.2791 0.0193 0.0068 0.0055 0.0016 
    Largest link dim during sweep 21/87 was 28
    Largest truncation error: 7.69081e-07
    Energy after sweep 21/87 is -167.020060793706
    Sweep 21/87 CPU time = 18.92s (Wall time = 1.215s)

    vN Entropy at center bond b=151 = 0.775973834048
    Eigs at center bond b=151: 0.6862 0.2791 0.0193 0.0068 0.0055 0.0016 
    Largest link dim during sweep 22/87 was 28
    Largest truncation error: 7.69201e-07
    Energy after sweep 22/87 is -167.020060800514
    Sweep 22/87 CPU time = 18.05s (Wall time = 1.158s)

    vN Entropy at center bond b=151 = 0.775972657720
    Eigs at center bond b=151: 0.6862 0.2791 0.0193 0.0068 0.0055 0.0016 
    Largest link dim during sweep 23/87 was 28
    Largest truncation error: 7.69285e-07
    Energy after sweep 23/87 is -167.020060805053
    Sweep 23/87 CPU time = 18.19s (Wall time = 1.167s)

    vN Entropy at center bond b=151 = 0.775971847611
    Eigs at center bond b=151: 0.6862 0.2791 0.0193 0.0068 0.0055 0.0016 
    Largest link dim during sweep 24/87 was 28
    Largest truncation error: 7.69344e-07
    Energy after sweep 24/87 is -167.020060808098
    Sweep 24/87 CPU time = 17.78s (Wall time = 1.143s)

    vN Entropy at center bond b=151 = 0.775971288111
    Eigs at center bond b=151: 0.6862 0.2791 0.0193 0.0068 0.0055 0.0016 
    Largest link dim during sweep 25/87 was 28
    Largest truncation error: 7.69386e-07
    Energy after sweep 25/87 is -167.020060810160
    Sweep 25/87 CPU time = 17.76s (Wall time = 1.138s)

    vN Entropy at center bond b=151 = 0.775970900690
    Eigs at center bond b=151: 0.6862 0.2791 0.0193 0.0068 0.0055 0.0016 
    Largest link dim during sweep 26/87 was 28
    Largest truncation error: 7.69415e-07
    Energy after sweep 26/87 is -167.020060811555
    Sweep 26/87 CPU time = 17.69s (Wall time = 1.134s)

    vN Entropy at center bond b=151 = 0.775970631806
    Eigs at center bond b=151: 0.6862 0.2791 0.0193 0.0068 0.0055 0.0016 
    Largest link dim during sweep 27/87 was 28
    Largest truncation error: 7.69436e-07
    Energy after sweep 27/87 is -167.020060812511
    Sweep 27/87 CPU time = 17.89s (Wall time = 1.147s)

    vN Entropy at center bond b=151 = 0.775970444812
    Eigs at center bond b=151: 0.6862 0.2791 0.0193 0.0068 0.0055 0.0016 
    Largest link dim during sweep 28/87 was 28
    Largest truncation error: 7.69451e-07
    Energy after sweep 28/87 is -167.020060813165
    Sweep 28/87 CPU time = 17.82s (Wall time = 1.149s)

    vN Entropy at center bond b=151 = 0.775970314538
    Eigs at center bond b=151: 0.6862 0.2791 0.0193 0.0068 0.0055 0.0016 
    Largest link dim during sweep 29/87 was 28
    Largest truncation error: 7.69461e-07
    Energy after sweep 29/87 is -167.020060813618
    Sweep 29/87 CPU time = 17.96s (Wall time = 1.154s)

    vN Entropy at center bond b=151 = 0.775970223639
    Eigs at center bond b=151: 0.6862 0.2791 0.0193 0.0068 0.0055 0.0016 
    Largest link dim during sweep 30/87 was 28
    Largest truncation error: 7.69468e-07
    Energy after sweep 30/87 is -167.020060813924
    Sweep 30/87 CPU time = 18.05s (Wall time = 1.153s)

    vN Entropy at center bond b=151 = 0.775970160130
    Eigs at center bond b=151: 0.6862 0.2791 0.0193 0.0068 0.0055 0.0016 
    Largest link dim during sweep 31/87 was 28
    Largest truncation error: 7.69473e-07
    Energy after sweep 31/87 is -167.020060814144
    Sweep 31/87 CPU time = 17.98s (Wall time = 1.155s)

    vN Entropy at center bond b=151 = 0.775970115706
    Eigs at center bond b=151: 0.6862 0.2791 0.0193 0.0068 0.0055 0.0016 
    Largest link dim during sweep 32/87 was 28
    Largest truncation error: 7.69477e-07
    Energy after sweep 32/87 is -167.020060814291
    Sweep 32/87 CPU time = 17.99s (Wall time = 1.156s)

    vN Entropy at center bond b=151 = 0.775970084601
    Eigs at center bond b=151: 0.6862 0.2791 0.0193 0.0068 0.0055 0.0016 
    Largest link dim during sweep 33/87 was 28
    Largest truncation error: 7.69479e-07
    Energy after sweep 33/87 is -167.020060814398
    Sweep 33/87 CPU time = 17.99s (Wall time = 1.153s)

    vN Entropy at center bond b=151 = 0.775970062803
    Eigs at center bond b=151: 0.6862 0.2791 0.0193 0.0068 0.0055 0.0016 
    Largest link dim during sweep 34/87 was 28
    Largest truncation error: 7.69481e-07
    Energy after sweep 34/87 is -167.020060814466
    Sweep 34/87 CPU time = 18.00s (Wall time = 1.152s)

    vN Entropy at center bond b=151 = 0.775970047515
    Eigs at center bond b=151: 0.6862 0.2791 0.0193 0.0068 0.0055 0.0016 
    Largest link dim during sweep 35/87 was 28
    Largest truncation error: 7.69482e-07
    Energy after sweep 35/87 is -167.020060814518
    Sweep 35/87 CPU time = 17.93s (Wall time = 1.152s)

    vN Entropy at center bond b=151 = 0.775970036787
    Eigs at center bond b=151: 0.6862 0.2791 0.0193 0.0068 0.0055 0.0016 
    Largest link dim during sweep 36/87 was 28
    Largest truncation error: 7.69483e-07
    Energy after sweep 36/87 is -167.020060814553
    Sweep 36/87 CPU time = 17.75s (Wall time = 1.137s)

    vN Entropy at center bond b=151 = 0.782918486575
    Eigs at center bond b=151: 0.6857 0.2784 0.0195 0.0069 0.0058 0.0017 
    Largest link dim during sweep 37/87 was 63
    Largest truncation error: 7.7133e-09
    Energy after sweep 37/87 is -167.022053872741
    Sweep 37/87 CPU time = 49.57s (Wall time = 3.195s)

    vN Entropy at center bond b=151 = 0.872367190620
    Eigs at center bond b=151: 0.6736 0.2699 0.0255 0.0111 0.0091 0.0039 0.0036 0.0014 
    Largest link dim during sweep 38/87 was 89
    Largest truncation error: 7.87197e-09
    Energy after sweep 38/87 is -167.023291843389
    Sweep 38/87 CPU time = 1m, 55.6s (Wall time = 7.439s)

    vN Entropy at center bond b=151 = 1.014654794880
    Eigs at center bond b=151: 0.6372 0.2642 0.0498 0.0196 0.0146 0.0054 0.0044 0.0015 0.0012 
    Largest link dim during sweep 39/87 was 105
    Largest truncation error: 7.93486e-09
    Energy after sweep 39/87 is -167.023748828963
    Sweep 39/87 CPU time = 2m, 55.6s (Wall time = 11.35s)

    vN Entropy at center bond b=151 = 1.041572482506
    Eigs at center bond b=151: 0.6281 0.2682 0.0512 0.0207 0.0151 0.0057 0.0047 0.0016 0.0012 
    Largest link dim during sweep 40/87 was 122
    Largest truncation error: 7.93691e-09
    Energy after sweep 40/87 is -167.023858769824
    Sweep 40/87 CPU time = 3m, 36.2s (Wall time = 13.89s)

    vN Entropy at center bond b=151 = 1.074138608745
    Eigs at center bond b=151: 0.6221 0.2744 0.0409 0.0196 0.0167 0.0077 0.0073 0.0032 0.0030 0.0015 
    Largest link dim during sweep 41/87 was 141
    Largest truncation error: 7.49768e-09
    Energy after sweep 41/87 is -167.024019836346
    Sweep 41/87 CPU time = 4m, 18.6s (Wall time = 16.81s)

    vN Entropy at center bond b=151 = 1.177905082827
    Eigs at center bond b=151: 0.5932 0.2776 0.0408 0.0326 0.0181 0.0140 0.0091 0.0038 0.0034 0.0021 
    Largest link dim during sweep 42/87 was 156
    Largest truncation error: 7.47018e-09
    Energy after sweep 42/87 is -167.024165302077
    Sweep 42/87 CPU time = 5m, 24.4s (Wall time = 21.86s)

    vN Entropy at center bond b=151 = 1.244218721560
    Eigs at center bond b=151: 0.5699 0.2794 0.0555 0.0299 0.0261 0.0135 0.0089 0.0039 0.0032 0.0030 
    Largest link dim during sweep 43/87 was 160
    Largest truncation error: 7.45977e-09
    Energy after sweep 43/87 is -167.024221399592
    Sweep 43/87 CPU time = 6m, 13.5s (Wall time = 25.35s)

    vN Entropy at center bond b=151 = 1.262158590397
    Eigs at center bond b=151: 0.5630 0.2801 0.0595 0.0293 0.0285 0.0135 0.0089 0.0039 0.0033 0.0032 
    Largest link dim during sweep 44/87 was 160
    Largest truncation error: 7.44547e-09
    Energy after sweep 44/87 is -167.024235096949
    Sweep 44/87 CPU time = 6m, 43.4s (Wall time = 27.23s)

    vN Entropy at center bond b=151 = 1.266087003154
    Eigs at center bond b=151: 0.5614 0.2803 0.0604 0.0292 0.0290 0.0135 0.0088 0.0039 0.0033 0.0032 
    Largest link dim during sweep 45/87 was 160
    Largest truncation error: 7.42615e-09
    Energy after sweep 45/87 is -167.024238150874
    Sweep 45/87 CPU time = 6m, 53.8s (Wall time = 28.16s)

    vN Entropy at center bond b=151 = 1.267180588429
    Eigs at center bond b=151: 0.5610 0.2804 0.0606 0.0292 0.0291 0.0135 0.0088 0.0039 0.0033 0.0032 
    Largest link dim during sweep 46/87 was 160
    Largest truncation error: 7.42346e-09
    Energy after sweep 46/87 is -167.024238942638
    Sweep 46/87 CPU time = 6m, 54.4s (Wall time = 28.28s)

    vN Entropy at center bond b=151 = 1.267591003662
    Eigs at center bond b=151: 0.5608 0.2804 0.0607 0.0292 0.0291 0.0135 0.0088 0.0039 0.0033 0.0032 
    Largest link dim during sweep 47/87 was 160
    Largest truncation error: 7.38381e-09
    Energy after sweep 47/87 is -167.024239229812
    Sweep 47/87 CPU time = 6m, 51.9s (Wall time = 28.05s)

    vN Entropy at center bond b=151 = 1.267775162465
    Eigs at center bond b=151: 0.5607 0.2804 0.0608 0.0293 0.0291 0.0135 0.0088 0.0039 0.0033 0.0032 
    Largest link dim during sweep 48/87 was 160
    Largest truncation error: 7.45089e-09
    Energy after sweep 48/87 is -167.024239343472
    Sweep 48/87 CPU time = 6m, 48.8s (Wall time = 27.78s)

    vN Entropy at center bond b=151 = 1.267867792363
    Eigs at center bond b=151: 0.5607 0.2804 0.0608 0.0293 0.0291 0.0135 0.0088 0.0039 0.0033 0.0032 
    Largest link dim during sweep 49/87 was 160
    Largest truncation error: 7.43567e-09
    Energy after sweep 49/87 is -167.024239406567
    Sweep 49/87 CPU time = 6m, 52.4s (Wall time = 28.08s)

    vN Entropy at center bond b=151 = 1.267916440659
    Eigs at center bond b=151: 0.5606 0.2804 0.0608 0.0293 0.0291 0.0135 0.0088 0.0039 0.0033 0.0032 
    Largest link dim during sweep 50/87 was 160
    Largest truncation error: 7.42876e-09
    Energy after sweep 50/87 is -167.024239422250
    Sweep 50/87 CPU time = 6m, 48.8s (Wall time = 27.87s)

    vN Entropy at center bond b=151 = 1.267942765050
    Eigs at center bond b=151: 0.5606 0.2804 0.0608 0.0293 0.0291 0.0135 0.0088 0.0039 0.0033 0.0032 
    Largest link dim during sweep 51/87 was 160
    Largest truncation error: 7.42485e-09
    Energy after sweep 51/87 is -167.024239446737
    Sweep 51/87 CPU time = 6m, 33.8s (Wall time = 26.40s)

    vN Entropy at center bond b=151 = 1.267958989076
    Eigs at center bond b=151: 0.5606 0.2804 0.0608 0.0293 0.0291 0.0135 0.0088 0.0039 0.0033 0.0032 
    Largest link dim during sweep 52/87 was 160
    Largest truncation error: 7.4226e-09
    Energy after sweep 52/87 is -167.024239451655
    Sweep 52/87 CPU time = 6m, 39.2s (Wall time = 26.62s)

    vN Entropy at center bond b=151 = 1.267967233181
    Eigs at center bond b=151: 0.5606 0.2804 0.0608 0.0293 0.0291 0.0135 0.0088 0.0039 0.0033 0.0032 
    Largest link dim during sweep 53/87 was 160
    Largest truncation error: 7.42131e-09
    Energy after sweep 53/87 is -167.024239459101
    Sweep 53/87 CPU time = 6m, 34.7s (Wall time = 26.40s)

    vN Entropy at center bond b=151 = 1.267972602450
    Eigs at center bond b=151: 0.5606 0.2804 0.0608 0.0293 0.0291 0.0135 0.0088 0.0039 0.0033 0.0032 
    Largest link dim during sweep 54/87 was 160
    Largest truncation error: 7.47952e-09
    Energy after sweep 54/87 is -167.024239464565
    Sweep 54/87 CPU time = 6m, 34.5s (Wall time = 26.46s)

    vN Entropy at center bond b=151 = 1.267976549093
    Eigs at center bond b=151: 0.5606 0.2804 0.0608 0.0293 0.0291 0.0135 0.0088 0.0039 0.0033 0.0032 
    Largest link dim during sweep 55/87 was 160
    Largest truncation error: 7.4683e-09
    Energy after sweep 55/87 is -167.024239468355
    Sweep 55/87 CPU time = 6m, 42.1s (Wall time = 27.02s)

    vN Entropy at center bond b=151 = 1.267979478926
    Eigs at center bond b=151: 0.5606 0.2804 0.0608 0.0293 0.0291 0.0135 0.0088 0.0039 0.0033 0.0032 
    Largest link dim during sweep 56/87 was 160
    Largest truncation error: 7.46774e-09
    Energy after sweep 56/87 is -167.024239470088
    Sweep 56/87 CPU time = 7m, 0.4s (Wall time = 28.41s)

    vN Entropy at center bond b=151 = 1.267981171972
    Eigs at center bond b=151: 0.5606 0.2804 0.0608 0.0293 0.0291 0.0135 0.0088 0.0039 0.0033 0.0032 
    Largest link dim during sweep 57/87 was 160
    Largest truncation error: 7.46754e-09
    Energy after sweep 57/87 is -167.024239470875
    Sweep 57/87 CPU time = 6m, 43.1s (Wall time = 27.45s)

    vN Entropy at center bond b=151 = 1.267982845193
    Eigs at center bond b=151: 0.5606 0.2804 0.0608 0.0293 0.0291 0.0135 0.0088 0.0039 0.0033 0.0032 
    Largest link dim during sweep 58/87 was 160
    Largest truncation error: 7.46743e-09
    Energy after sweep 58/87 is -167.024239472954
    Sweep 58/87 CPU time = 6m, 51.5s (Wall time = 27.95s)

    vN Entropy at center bond b=151 = 1.270047183599
    Eigs at center bond b=151: 0.5601 0.2803 0.0610 0.0294 0.0292 0.0135 0.0089 0.0039 0.0034 0.0032 
    Largest link dim during sweep 59/87 was 315
    Largest truncation error: 7.47162e-11
    Energy after sweep 59/87 is -167.024257171911
    Sweep 59/87 CPU time = 19m, 58s (Wall time = 1m, 21.1s)

    vN Entropy at center bond b=151 = 1.271137024218
    Eigs at center bond b=151: 0.5599 0.2802 0.0611 0.0295 0.0293 0.0136 0.0089 0.0039 0.0034 0.0032 
    Largest link dim during sweep 60/87 was 320
    Largest truncation error: 7.67075e-11
    Energy after sweep 60/87 is -167.024257310635
    Sweep 60/87 CPU time = 32m, 39s (Wall time = 2m, 9.2s)

    vN Entropy at center bond b=151 = 1.271242482678
    Eigs at center bond b=151: 0.5599 0.2801 0.0611 0.0295 0.0293 0.0136 0.0089 0.0039 0.0034 0.0032 
    Largest link dim during sweep 61/87 was 320
    Largest truncation error: 7.46281e-11
    Energy after sweep 61/87 is -167.024257315771
    Sweep 61/87 CPU time = 32m, 28s (Wall time = 2m, 6.9s)

    vN Entropy at center bond b=151 = 1.271257730335
    Eigs at center bond b=151: 0.5599 0.2801 0.0611 0.0295 0.0293 0.0136 0.0089 0.0039 0.0034 0.0032 
    Largest link dim during sweep 62/87 was 320
    Largest truncation error: 7.46303e-11
    Energy after sweep 62/87 is -167.024257316389
    Sweep 62/87 CPU time = 32m, 38s (Wall time = 2m, 7.6s)

    vN Entropy at center bond b=151 = 1.271259941813
    Eigs at center bond b=151: 0.5599 0.2801 0.0611 0.0295 0.0293 0.0136 0.0089 0.0039 0.0034 0.0032 
    Largest link dim during sweep 63/87 was 320
    Largest truncation error: 7.46292e-11
    Energy after sweep 63/87 is -167.024257316501
    Sweep 63/87 CPU time = 32m, 55s (Wall time = 2m, 10.6s)

    vN Entropy at center bond b=151 = 1.271260241612
    Eigs at center bond b=151: 0.5599 0.2801 0.0611 0.0295 0.0293 0.0136 0.0089 0.0039 0.0034 0.0032 
    Largest link dim during sweep 64/87 was 320
    Largest truncation error: 7.46285e-11
    Energy after sweep 64/87 is -167.024257316626
    Sweep 64/87 CPU time = 32m, 53s (Wall time = 2m, 9.9s)

    vN Entropy at center bond b=151 = 1.271260275981
    Eigs at center bond b=151: 0.5599 0.2801 0.0611 0.0295 0.0293 0.0136 0.0089 0.0039 0.0034 0.0032 
    Largest link dim during sweep 65/87 was 320
    Largest truncation error: 7.46278e-11
    Energy after sweep 65/87 is -167.024257316637
    Sweep 65/87 CPU time = 32m, 52s (Wall time = 2m, 9.2s)

    vN Entropy at center bond b=151 = 1.271260279442
    Eigs at center bond b=151: 0.5599 0.2801 0.0611 0.0295 0.0293 0.0136 0.0089 0.0039 0.0034 0.0032 
    Largest link dim during sweep 66/87 was 320
    Largest truncation error: 7.46274e-11
    Energy after sweep 66/87 is -167.024257316662
    Sweep 66/87 CPU time = 32m, 49s (Wall time = 2m, 8.9s)

    vN Entropy at center bond b=151 = 1.271260281259
    Eigs at center bond b=151: 0.5599 0.2801 0.0611 0.0295 0.0293 0.0136 0.0089 0.0039 0.0034 0.0032 
    Largest link dim during sweep 67/87 was 320
    Largest truncation error: 7.46275e-11
    Energy after sweep 67/87 is -167.024257316667
    Sweep 67/87 CPU time = 32m, 48s (Wall time = 2m, 9.3s)

    vN Entropy at center bond b=151 = 1.271260284738
    Eigs at center bond b=151: 0.5599 0.2801 0.0611 0.0295 0.0293 0.0136 0.0089 0.0039 0.0034 0.0032 
    Largest link dim during sweep 68/87 was 320
    Largest truncation error: 7.46271e-11
    Energy after sweep 68/87 is -167.024257316669
    Sweep 68/87 CPU time = 33m, 8s (Wall time = 2m, 12.7s)

    vN Entropy at center bond b=151 = 1.271260286686
    Eigs at center bond b=151: 0.5599 0.2801 0.0611 0.0295 0.0293 0.0136 0.0089 0.0039 0.0034 0.0032 
    Largest link dim during sweep 69/87 was 320
    Largest truncation error: 7.4627e-11
    Energy after sweep 69/87 is -167.024257316658
    Sweep 69/87 CPU time = 32m, 51s (Wall time = 2m, 9.7s)

    vN Entropy at center bond b=151 = 1.271260287108
    Eigs at center bond b=151: 0.5599 0.2801 0.0611 0.0295 0.0293 0.0136 0.0089 0.0039 0.0034 0.0032 
    Largest link dim during sweep 70/87 was 320
    Largest truncation error: 7.46271e-11
    Energy after sweep 70/87 is -167.024257316662
    Sweep 70/87 CPU time = 32m, 49s (Wall time = 2m, 9.1s)

    vN Entropy at center bond b=151 = 1.271260287658
    Eigs at center bond b=151: 0.5599 0.2801 0.0611 0.0295 0.0293 0.0136 0.0089 0.0039 0.0034 0.0032 
    Largest link dim during sweep 71/87 was 320
    Largest truncation error: 7.46272e-11
    Energy after sweep 71/87 is -167.024257316659
    Sweep 71/87 CPU time = 32m, 43s (Wall time = 2m, 8.6s)

    vN Entropy at center bond b=151 = 1.271260287890
    Eigs at center bond b=151: 0.5599 0.2801 0.0611 0.0295 0.0293 0.0136 0.0089 0.0039 0.0034 0.0032 
    Largest link dim during sweep 72/87 was 320
    Largest truncation error: 7.46271e-11
    Energy after sweep 72/87 is -167.024257316661
    Sweep 72/87 CPU time = 32m, 40s (Wall time = 2m, 8.5s)

    vN Entropy at center bond b=151 = 1.271260288024
    Eigs at center bond b=151: 0.5599 0.2801 0.0611 0.0295 0.0293 0.0136 0.0089 0.0039 0.0034 0.0032 
    Largest link dim during sweep 73/87 was 320
    Largest truncation error: 7.46268e-11
    Energy after sweep 73/87 is -167.024257316661
    Sweep 73/87 CPU time = 32m, 49s (Wall time = 2m, 9.0s)

    vN Entropy at center bond b=151 = 1.271260288092
    Eigs at center bond b=151: 0.5599 0.2801 0.0611 0.0295 0.0293 0.0136 0.0089 0.0039 0.0034 0.0032 
    Largest link dim during sweep 74/87 was 320
    Largest truncation error: 7.46272e-11
    Energy after sweep 74/87 is -167.024257316659
    Sweep 74/87 CPU time = 32m, 37s (Wall time = 2m, 8.3s)

    vN Entropy at center bond b=151 = 1.271275903133
    Eigs at center bond b=151: 0.5599 0.2801 0.0611 0.0295 0.0293 0.0136 0.0089 0.0039 0.0034 0.0032 
    Largest link dim during sweep 75/87 was 601
    Largest truncation error: 7.52995e-13
    Energy after sweep 75/87 is -167.024257516267
    Sweep 75/87 CPU time = 1h, 9m, 4s (Wall time = 4m, 39.5s)

    vN Entropy at center bond b=151 = 1.271291071763
    Eigs at center bond b=151: 0.5599 0.2801 0.0611 0.0295 0.0293 0.0136 0.0089 0.0039 0.0034 0.0032 
    Largest link dim during sweep 76/87 was 634
    Largest truncation error: 7.65777e-13
    Energy after sweep 76/87 is -167.024257517635
    Sweep 76/87 CPU time = 1h, 41m, 41s (Wall time = 6m, 43.9s)

    vN Entropy at center bond b=151 = 1.271295902303
    Eigs at center bond b=151: 0.5598 0.2801 0.0611 0.0295 0.0293 0.0136 0.0089 0.0039 0.0034 0.0032 
    Largest link dim during sweep 77/87 was 631
    Largest truncation error: 7.63935e-13
    Energy after sweep 77/87 is -167.024257517838
    Sweep 77/87 CPU time = 1h, 42m, 5s (Wall time = 6m, 44.6s)

    vN Entropy at center bond b=151 = 1.271297113899
    Eigs at center bond b=151: 0.5598 0.2801 0.0611 0.0295 0.0293 0.0136 0.0089 0.0039 0.0034 0.0032 
    Largest link dim during sweep 78/87 was 631
    Largest truncation error: 7.64021e-13
    Energy after sweep 78/87 is -167.024257517894
    Sweep 78/87 CPU time = 1h, 44m, 38s (Wall time = 6m, 56.1s)

    vN Entropy at center bond b=151 = 1.271297289577
    Eigs at center bond b=151: 0.5598 0.2801 0.0611 0.0295 0.0293 0.0136 0.0089 0.0039 0.0034 0.0032 
    Largest link dim during sweep 79/87 was 631
    Largest truncation error: 7.64152e-13
    Energy after sweep 79/87 is -167.024257517925
    Sweep 79/87 CPU time = 1h, 47m, 4s (Wall time = 7m, 9.2s)

    vN Entropy at center bond b=151 = 1.271297232456
    Eigs at center bond b=151: 0.5598 0.2801 0.0611 0.0295 0.0293 0.0136 0.0089 0.0039 0.0034 0.0032 
    Largest link dim during sweep 80/87 was 632
    Largest truncation error: 7.64067e-13
    Energy after sweep 80/87 is -167.024257517934
    Sweep 80/87 CPU time = 1h, 45m, 41s (Wall time = 7m, 3.6s)

    vN Entropy at center bond b=151 = 1.271297156473
    Eigs at center bond b=151: 0.5598 0.2801 0.0611 0.0295 0.0293 0.0136 0.0089 0.0039 0.0034 0.0032 
    Largest link dim during sweep 81/87 was 632
    Largest truncation error: 7.64279e-13
    Energy after sweep 81/87 is -167.024257517941
    Sweep 81/87 CPU time = 1h, 45m, 35s (Wall time = 7m, 3.9s)

    vN Entropy at center bond b=151 = 1.271297103386
    Eigs at center bond b=151: 0.5598 0.2801 0.0611 0.0295 0.0293 0.0136 0.0089 0.0039 0.0034 0.0032 
    Largest link dim during sweep 82/87 was 633
    Largest truncation error: 7.64149e-13
    Energy after sweep 82/87 is -167.024257517944
    Sweep 82/87 CPU time = 1h, 45m, 22s (Wall time = 7m, 2.6s)

    vN Entropy at center bond b=151 = 1.271297260336
    Eigs at center bond b=151: 0.5598 0.2801 0.0611 0.0295 0.0293 0.0136 0.0089 0.0039 0.0034 0.0032 
    Largest link dim during sweep 83/87 was 592
    Largest truncation error: 7.48995e-13
    Energy after sweep 83/87 is -167.024257517436
    Sweep 83/87 CPU time = 1h, 19m, 23s (Wall time = 5m, 17.4s)

    vN Entropy at center bond b=151 = 1.271297425641
    Eigs at center bond b=151: 0.5598 0.2801 0.0611 0.0295 0.0293 0.0136 0.0089 0.0039 0.0034 0.0032 
    Largest link dim during sweep 84/87 was 1064
    Largest truncation error: 7.54935e-15
    Energy after sweep 84/87 is -167.024257520208
    Sweep 84/87 CPU time = 3h, 33m, 32s (Wall time = 14m, 12s)

    vN Entropy at center bond b=151 = 1.271297572356
    Eigs at center bond b=151: 0.5598 0.2801 0.0611 0.0295 0.0293 0.0136 0.0089 0.0039 0.0034 0.0032 
    Largest link dim during sweep 85/87 was 1121
    Largest truncation error: 7.57969e-15
    Energy after sweep 85/87 is -167.024257520250
    Sweep 85/87 CPU time = 5h, 23m, 34s (Wall time = 23m, 49s)

    vN Entropy at center bond b=151 = 1.271297582312
    Eigs at center bond b=151: 0.5598 0.2801 0.0611 0.0295 0.0293 0.0136 0.0089 0.0039 0.0034 0.0032 
    Largest link dim during sweep 86/87 was 1107
    Largest truncation error: 7.5598e-15
    Energy after sweep 86/87 is -167.024257520249
    Sweep 86/87 CPU time = 5h, 18m, 4s (Wall time = 23m, 12s)

    vN Entropy at center bond b=151 = 1.271297580116
    Eigs at center bond b=151: 0.5598 0.2801 0.0611 0.0295 0.0293 0.0136 0.0089 0.0039 0.0034 0.0032 
    Largest link dim during sweep 87/87 was 1097
    Largest truncation error: 7.55977e-15
    Energy after sweep 87/87 is -167.024257520250
    Sweep 87/87 CPU time = 5h, 12m, 51s (Wall time = 22m, 37s)
Initial energy = 0.00300

Ground State Energy = -167.0242575202
run_outputs/outputpsi/N_303_sweep_87_t_0.030000_J_1.000000_V_0.600000_D_0.018000_U_0.800000_mu_0.000000_E_0.001000 converge
Wall-clock time (s) = 79596.800059
