//////////////////////////
Reading input file ......

Got input.N = 300
Got input.t = 0.03
Got input.J = 1
Got input.V = 0.6
Got input.D = 0.018
Got input.U = -2
Got input.mu = 0
Got input.E = 0.2
Got input.nsweeps = 87
Sweeps:
1  MaxDim=20, MinDim=20, Cutoff=1.0E-06, Niter=8, Noise=1.0E-05
2  MaxDim=20, MinDim=20, Cutoff=1.0E-06, Niter=8, Noise=1.0E-05
3  MaxDim=20, MinDim=20, Cutoff=1.0E-06, Niter=8, Noise=1.0E-05
4  MaxDim=20, MinDim=20, Cutoff=1.0E-06, Niter=8, Noise=1.0E-05
5  MaxDim=20, MinDim=20, Cutoff=1.0E-06, Niter=8, Noise=1.0E-05
6  MaxDim=20, MinDim=20, Cutoff=1.0E-06, Niter=8, Noise=1.0E-05
7  MaxDim=20, MinDim=20, Cutoff=1.0E-06, Niter=8, Noise=1.0E-05
8  MaxDim=40, MinDim=20, Cutoff=1.0E-06, Niter=4, Noise=1.0E-05
9  MaxDim=40, MinDim=20, Cutoff=1.0E-06, Niter=4, Noise=1.0E-05
10  MaxDim=40, MinDim=20, Cutoff=1.0E-06, Niter=4, Noise=1.0E-05
11  MaxDim=40, MinDim=20, Cutoff=1.0E-06, Niter=4, Noise=1.0E-05
12  MaxDim=40, MinDim=20, Cutoff=1.0E-06, Niter=4, Noise=1.0E-05
13  MaxDim=40, MinDim=20, Cutoff=1.0E-06, Niter=4, Noise=1.0E-05
14  MaxDim=40, MinDim=20, Cutoff=1.0E-06, Niter=4, Noise=1.0E-05
15  MaxDim=80, MinDim=10, Cutoff=1.0E-06, Niter=4, Noise=1.0E-05
16  MaxDim=80, MinDim=10, Cutoff=1.0E-06, Niter=4, Noise=1.0E-05
17  MaxDim=80, MinDim=10, Cutoff=1.0E-06, Niter=4, Noise=1.0E-05
18  MaxDim=80, MinDim=10, Cutoff=1.0E-06, Niter=4, Noise=1.0E-05
19  MaxDim=80, MinDim=10, Cutoff=1.0E-06, Niter=4, Noise=1.0E-05
20  MaxDim=80, MinDim=10, Cutoff=1.0E-06, Niter=4, Noise=1.0E-05
21  MaxDim=80, MinDim=10, Cutoff=1.0E-06, Niter=4, Noise=1.0E-05
22  MaxDim=80, MinDim=10, Cutoff=1.0E-06, Niter=4, Noise=1.0E-05
23  MaxDim=80, MinDim=10, Cutoff=1.0E-06, Niter=4, Noise=1.0E-05
24  MaxDim=80, MinDim=10, Cutoff=1.0E-06, Niter=4, Noise=1.0E-05
25  MaxDim=80, MinDim=10, Cutoff=1.0E-06, Niter=4, Noise=1.0E-05
26  MaxDim=80, MinDim=10, Cutoff=1.0E-06, Niter=4, Noise=1.0E-05
27  MaxDim=80, MinDim=10, Cutoff=1.0E-06, Niter=4, Noise=1.0E-05
28  MaxDim=80, MinDim=10, Cutoff=1.0E-06, Niter=4, Noise=1.0E-05
29  MaxDim=80, MinDim=10, Cutoff=1.0E-06, Niter=4, Noise=1.0E-05
30  MaxDim=80, MinDim=10, Cutoff=1.0E-06, Niter=4, Noise=1.0E-05
31  MaxDim=80, MinDim=10, Cutoff=1.0E-06, Niter=4, Noise=1.0E-05
32  MaxDim=80, MinDim=10, Cutoff=1.0E-06, Niter=4, Noise=1.0E-05
33  MaxDim=80, MinDim=10, Cutoff=1.0E-06, Niter=4, Noise=1.0E-05
34  MaxDim=80, MinDim=10, Cutoff=1.0E-06, Niter=4, Noise=1.0E-05
35  MaxDim=80, MinDim=10, Cutoff=1.0E-06, Niter=4, Noise=1.0E-05
36  MaxDim=80, MinDim=10, Cutoff=1.0E-06, Niter=4, Noise=1.0E-05
37  MaxDim=160, MinDim=10, Cutoff=1.0E-08, Niter=4, Noise=1.0E-06
38  MaxDim=160, MinDim=10, Cutoff=1.0E-08, Niter=4, Noise=1.0E-06
39  MaxDim=160, MinDim=10, Cutoff=1.0E-08, Niter=4, Noise=1.0E-06
40  MaxDim=160, MinDim=10, Cutoff=1.0E-08, Niter=4, Noise=1.0E-06
41  MaxDim=160, MinDim=10, Cutoff=1.0E-08, Niter=4, Noise=1.0E-06
42  MaxDim=160, MinDim=10, Cutoff=1.0E-08, Niter=4, Noise=1.0E-06
43  MaxDim=160, MinDim=10, Cutoff=1.0E-08, Niter=4, Noise=1.0E-06
44  MaxDim=160, MinDim=10, Cutoff=1.0E-08, Niter=4, Noise=1.0E-06
45  MaxDim=160, MinDim=10, Cutoff=1.0E-08, Niter=4, Noise=1.0E-06
46  MaxDim=160, MinDim=10, Cutoff=1.0E-08, Niter=4, Noise=1.0E-06
47  MaxDim=160, MinDim=10, Cutoff=1.0E-08, Niter=4, Noise=1.0E-06
48  MaxDim=160, MinDim=10, Cutoff=1.0E-08, Niter=4, Noise=1.0E-06
49  MaxDim=160, MinDim=10, Cutoff=1.0E-08, Niter=4, Noise=1.0E-06
50  MaxDim=160, MinDim=10, Cutoff=1.0E-08, Niter=4, Noise=1.0E-06
51  MaxDim=160, MinDim=10, Cutoff=1.0E-08, Niter=4, Noise=1.0E-06
52  MaxDim=160, MinDim=10, Cutoff=1.0E-08, Niter=4, Noise=1.0E-06
53  MaxDim=160, MinDim=10, Cutoff=1.0E-08, Niter=4, Noise=1.0E-06
54  MaxDim=160, MinDim=10, Cutoff=1.0E-08, Niter=4, Noise=1.0E-06
55  MaxDim=160, MinDim=10, Cutoff=1.0E-08, Niter=4, Noise=1.0E-06
56  MaxDim=160, MinDim=10, Cutoff=1.0E-08, Niter=4, Noise=1.0E-06
57  MaxDim=160, MinDim=10, Cutoff=1.0E-08, Niter=4, Noise=1.0E-06
58  MaxDim=160, MinDim=10, Cutoff=1.0E-08, Niter=4, Noise=1.0E-06
59  MaxDim=320, MinDim=10, Cutoff=1.0E-10, Niter=4, Noise=1.0E-07
60  MaxDim=320, MinDim=10, Cutoff=1.0E-10, Niter=4, Noise=1.0E-07
61  MaxDim=320, MinDim=10, Cutoff=1.0E-10, Niter=4, Noise=1.0E-07
62  MaxDim=320, MinDim=10, Cutoff=1.0E-10, Niter=4, Noise=1.0E-07
63  MaxDim=320, MinDim=10, Cutoff=1.0E-10, Niter=4, Noise=1.0E-07
64  MaxDim=320, MinDim=10, Cutoff=1.0E-10, Niter=4, Noise=1.0E-07
65  MaxDim=320, MinDim=10, Cutoff=1.0E-10, Niter=4, Noise=1.0E-07
66  MaxDim=320, MinDim=10, Cutoff=1.0E-10, Niter=4, Noise=1.0E-07
67  MaxDim=320, MinDim=10, Cutoff=1.0E-10, Niter=4, Noise=1.0E-07
68  MaxDim=320, MinDim=10, Cutoff=1.0E-10, Niter=4, Noise=1.0E-07
69  MaxDim=320, MinDim=10, Cutoff=1.0E-10, Niter=4, Noise=1.0E-07
70  MaxDim=320, MinDim=10, Cutoff=1.0E-10, Niter=4, Noise=1.0E-07
71  MaxDim=320, MinDim=10, Cutoff=1.0E-10, Niter=4, Noise=1.0E-07
72  MaxDim=320, MinDim=10, Cutoff=1.0E-10, Niter=4, Noise=1.0E-07
73  MaxDim=320, MinDim=10, Cutoff=1.0E-10, Niter=4, Noise=1.0E-07
74  MaxDim=320, MinDim=10, Cutoff=1.0E-10, Niter=4, Noise=1.0E-07
75  MaxDim=640, MinDim=10, Cutoff=1.0E-12, Niter=2, Noise=1.0E-08
76  MaxDim=640, MinDim=10, Cutoff=1.0E-12, Niter=2, Noise=1.0E-08
77  MaxDim=640, MinDim=10, Cutoff=1.0E-12, Niter=2, Noise=1.0E-08
78  MaxDim=640, MinDim=10, Cutoff=1.0E-12, Niter=2, Noise=1.0E-08
79  MaxDim=640, MinDim=10, Cutoff=1.0E-12, Niter=2, Noise=1.0E-08
80  MaxDim=640, MinDim=10, Cutoff=1.0E-12, Niter=2, Noise=1.0E-08
81  MaxDim=640, MinDim=10, Cutoff=1.0E-12, Niter=2, Noise=1.0E-08
82  MaxDim=640, MinDim=10, Cutoff=1.0E-12, Niter=2, Noise=1.0E-08
83  MaxDim=1280, MinDim=10, Cutoff=1.0E-12, Niter=2, Noise=0.0E+00
84  MaxDim=1280, MinDim=10, Cutoff=1.0E-14, Niter=2, Noise=0.0E+00
85  MaxDim=1280, MinDim=10, Cutoff=1.0E-14, Niter=2, Noise=0.0E+00
86  MaxDim=1280, MinDim=10, Cutoff=1.0E-14, Niter=2, Noise=0.0E+00
87  MaxDim=1280, MinDim=10, Cutoff=1.0E-14, Niter=2, Noise=0.0E+00


    vN Entropy at center bond b=150 = 0.000957584762
    Eigs at center bond b=150: 0.9999 
    Largest link dim during sweep 1/87 was 20
    Largest truncation error: 4.42971e-08
    Energy after sweep 1/87 is -594.058257452957
    Sweep 1/87 CPU time = 17.82s (Wall time = 1.158s)

    vN Entropy at center bond b=150 = 0.001017099671
    Eigs at center bond b=150: 0.9999 
    Largest link dim during sweep 2/87 was 20
    Largest truncation error: 2.13732e-09
    Energy after sweep 2/87 is -594.058753450625
    Sweep 2/87 CPU time = 24.96s (Wall time = 1.594s)

    vN Entropy at center bond b=150 = 0.001017099741
    Eigs at center bond b=150: 0.9999 
    Largest link dim during sweep 3/87 was 20
    Largest truncation error: 1.04142e-10
    Energy after sweep 3/87 is -594.058753536281
    Sweep 3/87 CPU time = 24.87s (Wall time = 1.592s)

    vN Entropy at center bond b=150 = 0.001017099741
    Eigs at center bond b=150: 0.9999 
    Largest link dim during sweep 4/87 was 20
    Largest truncation error: 1.04732e-10
    Energy after sweep 4/87 is -594.058753536290
    Sweep 4/87 CPU time = 24.85s (Wall time = 1.592s)

    vN Entropy at center bond b=150 = 0.001017099741
    Eigs at center bond b=150: 0.9999 
    Largest link dim during sweep 5/87 was 20
    Largest truncation error: 1.04739e-10
    Energy after sweep 5/87 is -594.058753536284
    Sweep 5/87 CPU time = 24.79s (Wall time = 1.589s)

    vN Entropy at center bond b=150 = 0.001017099741
    Eigs at center bond b=150: 0.9999 
    Largest link dim during sweep 6/87 was 20
    Largest truncation error: 1.04739e-10
    Energy after sweep 6/87 is -594.058753536284
    Sweep 6/87 CPU time = 24.81s (Wall time = 1.589s)

    vN Entropy at center bond b=150 = 0.001017099741
    Eigs at center bond b=150: 0.9999 
    Largest link dim during sweep 7/87 was 20
    Largest truncation error: 1.04739e-10
    Energy after sweep 7/87 is -594.058753536284
    Sweep 7/87 CPU time = 24.69s (Wall time = 1.585s)

    vN Entropy at center bond b=150 = 0.001017099825
    Eigs at center bond b=150: 0.9999 
    Largest link dim during sweep 8/87 was 21
    Largest truncation error: 1.04769e-10
    Energy after sweep 8/87 is -594.058753536284
    Sweep 8/87 CPU time = 13.25s (Wall time = 0.848s)

    vN Entropy at center bond b=150 = 0.001017099825
    Eigs at center bond b=150: 0.9999 
    Largest link dim during sweep 9/87 was 20
    Largest truncation error: 1.04769e-10
    Energy after sweep 9/87 is -594.058753536288
    Sweep 9/87 CPU time = 13.21s (Wall time = 0.844s)

    vN Entropy at center bond b=150 = 0.001017099825
    Eigs at center bond b=150: 0.9999 
    Largest link dim during sweep 10/87 was 20
    Largest truncation error: 1.04769e-10
    Energy after sweep 10/87 is -594.058753536288
    Sweep 10/87 CPU time = 13.20s (Wall time = 0.844s)

    vN Entropy at center bond b=150 = 0.001017099825
    Eigs at center bond b=150: 0.9999 
    Largest link dim during sweep 11/87 was 20
    Largest truncation error: 1.04769e-10
    Energy after sweep 11/87 is -594.058753536292
    Sweep 11/87 CPU time = 13.23s (Wall time = 0.851s)

    vN Entropy at center bond b=150 = 0.001017099825
    Eigs at center bond b=150: 0.9999 
    Largest link dim during sweep 12/87 was 20
    Largest truncation error: 1.04769e-10
    Energy after sweep 12/87 is -594.058753536289
    Sweep 12/87 CPU time = 13.28s (Wall time = 0.849s)

    vN Entropy at center bond b=150 = 0.001017099825
    Eigs at center bond b=150: 0.9999 
    Largest link dim during sweep 13/87 was 20
    Largest truncation error: 1.04769e-10
    Energy after sweep 13/87 is -594.058753536277
    Sweep 13/87 CPU time = 13.16s (Wall time = 0.844s)

    vN Entropy at center bond b=150 = 0.001017099825
    Eigs at center bond b=150: 0.9999 
    Largest link dim during sweep 14/87 was 20
    Largest truncation error: 1.04769e-10
    Energy after sweep 14/87 is -594.058753536284
    Sweep 14/87 CPU time = 13.31s (Wall time = 0.851s)

    vN Entropy at center bond b=150 = 0.001017064608
    Eigs at center bond b=150: 0.9999 
    Largest link dim during sweep 15/87 was 10
    Largest truncation error: 6.43751e-08
    Energy after sweep 15/87 is -594.058752909097
    Sweep 15/87 CPU time = 7.125s (Wall time = 0.491s)

    vN Entropy at center bond b=150 = 0.001017064848
    Eigs at center bond b=150: 0.9999 
    Largest link dim during sweep 16/87 was 10
    Largest truncation error: 6.43022e-08
    Energy after sweep 16/87 is -594.058752909099
    Sweep 16/87 CPU time = 0.433s (Wall time = 0.434s)

    vN Entropy at center bond b=150 = 0.001017064848
    Eigs at center bond b=150: 0.9999 
    Largest link dim during sweep 17/87 was 10
    Largest truncation error: 6.43021e-08
    Energy after sweep 17/87 is -594.058752909095
    Sweep 17/87 CPU time = 0.434s (Wall time = 0.434s)

    vN Entropy at center bond b=150 = 0.001017064848
    Eigs at center bond b=150: 0.9999 
    Largest link dim during sweep 18/87 was 10
    Largest truncation error: 6.43021e-08
    Energy after sweep 18/87 is -594.058752909095
    Sweep 18/87 CPU time = 0.432s (Wall time = 0.433s)

    vN Entropy at center bond b=150 = 0.001017064848
    Eigs at center bond b=150: 0.9999 
    Largest link dim during sweep 19/87 was 10
    Largest truncation error: 6.43021e-08
    Energy after sweep 19/87 is -594.058752909101
    Sweep 19/87 CPU time = 0.433s (Wall time = 0.433s)

    vN Entropy at center bond b=150 = 0.001017064848
    Eigs at center bond b=150: 0.9999 
    Largest link dim during sweep 20/87 was 10
    Largest truncation error: 6.43021e-08
    Energy after sweep 20/87 is -594.058752909099
    Sweep 20/87 CPU time = 0.431s (Wall time = 0.432s)

    vN Entropy at center bond b=150 = 0.001017064848
    Eigs at center bond b=150: 0.9999 
    Largest link dim during sweep 21/87 was 10
    Largest truncation error: 6.43021e-08
    Energy after sweep 21/87 is -594.058752909099
    Sweep 21/87 CPU time = 0.433s (Wall time = 0.434s)

    vN Entropy at center bond b=150 = 0.001017064848
    Eigs at center bond b=150: 0.9999 
    Largest link dim during sweep 22/87 was 10
    Largest truncation error: 6.43021e-08
    Energy after sweep 22/87 is -594.058752909107
    Sweep 22/87 CPU time = 0.432s (Wall time = 0.433s)

    vN Entropy at center bond b=150 = 0.001017064848
    Eigs at center bond b=150: 0.9999 
    Largest link dim during sweep 23/87 was 10
    Largest truncation error: 6.43021e-08
    Energy after sweep 23/87 is -594.058752909097
    Sweep 23/87 CPU time = 0.433s (Wall time = 0.434s)

    vN Entropy at center bond b=150 = 0.001017064848
    Eigs at center bond b=150: 0.9999 
    Largest link dim during sweep 24/87 was 10
    Largest truncation error: 6.43021e-08
    Energy after sweep 24/87 is -594.058752909095
    Sweep 24/87 CPU time = 0.432s (Wall time = 0.433s)

    vN Entropy at center bond b=150 = 0.001017064848
    Eigs at center bond b=150: 0.9999 
    Largest link dim during sweep 25/87 was 10
    Largest truncation error: 6.43021e-08
    Energy after sweep 25/87 is -594.058752909097
    Sweep 25/87 CPU time = 0.431s (Wall time = 0.434s)

    vN Entropy at center bond b=150 = 0.001017064848
    Eigs at center bond b=150: 0.9999 
    Largest link dim during sweep 26/87 was 10
    Largest truncation error: 6.43021e-08
    Energy after sweep 26/87 is -594.058752909097
    Sweep 26/87 CPU time = 0.433s (Wall time = 0.434s)

    vN Entropy at center bond b=150 = 0.001017064848
    Eigs at center bond b=150: 0.9999 
    Largest link dim during sweep 27/87 was 10
    Largest truncation error: 6.43021e-08
    Energy after sweep 27/87 is -594.058752909099
    Sweep 27/87 CPU time = 0.433s (Wall time = 0.434s)

    vN Entropy at center bond b=150 = 0.001017064848
    Eigs at center bond b=150: 0.9999 
    Largest link dim during sweep 28/87 was 10
    Largest truncation error: 6.43021e-08
    Energy after sweep 28/87 is -594.058752909100
    Sweep 28/87 CPU time = 0.433s (Wall time = 0.434s)

    vN Entropy at center bond b=150 = 0.001017064848
    Eigs at center bond b=150: 0.9999 
    Largest link dim during sweep 29/87 was 10
    Largest truncation error: 6.43021e-08
    Energy after sweep 29/87 is -594.058752909099
    Sweep 29/87 CPU time = 0.433s (Wall time = 0.434s)

    vN Entropy at center bond b=150 = 0.001017064848
    Eigs at center bond b=150: 0.9999 
    Largest link dim during sweep 30/87 was 10
    Largest truncation error: 6.43021e-08
    Energy after sweep 30/87 is -594.058752909092
    Sweep 30/87 CPU time = 0.433s (Wall time = 0.434s)

    vN Entropy at center bond b=150 = 0.001017064848
    Eigs at center bond b=150: 0.9999 
    Largest link dim during sweep 31/87 was 10
    Largest truncation error: 6.43021e-08
    Energy after sweep 31/87 is -594.058752909099
    Sweep 31/87 CPU time = 0.432s (Wall time = 0.433s)

    vN Entropy at center bond b=150 = 0.001017064848
    Eigs at center bond b=150: 0.9999 
    Largest link dim during sweep 32/87 was 10
    Largest truncation error: 6.43021e-08
    Energy after sweep 32/87 is -594.058752909097
    Sweep 32/87 CPU time = 0.432s (Wall time = 0.433s)

    vN Entropy at center bond b=150 = 0.001017064848
    Eigs at center bond b=150: 0.9999 
    Largest link dim during sweep 33/87 was 10
    Largest truncation error: 6.43021e-08
    Energy after sweep 33/87 is -594.058752909099
    Sweep 33/87 CPU time = 0.433s (Wall time = 0.434s)

    vN Entropy at center bond b=150 = 0.001017064848
    Eigs at center bond b=150: 0.9999 
    Largest link dim during sweep 34/87 was 10
    Largest truncation error: 6.43021e-08
    Energy after sweep 34/87 is -594.058752909099
    Sweep 34/87 CPU time = 0.433s (Wall time = 0.433s)

    vN Entropy at center bond b=150 = 0.001017064848
    Eigs at center bond b=150: 0.9999 
    Largest link dim during sweep 35/87 was 10
    Largest truncation error: 6.43021e-08
    Energy after sweep 35/87 is -594.058752909094
    Sweep 35/87 CPU time = 0.433s (Wall time = 0.434s)

    vN Entropy at center bond b=150 = 0.001017064848
    Eigs at center bond b=150: 0.9999 
    Largest link dim during sweep 36/87 was 10
    Largest truncation error: 6.43021e-08
    Energy after sweep 36/87 is -594.058752909102
    Sweep 36/87 CPU time = 0.433s (Wall time = 0.435s)

    vN Entropy at center bond b=150 = 0.000872609154
    Eigs at center bond b=150: 0.9999 
    Largest link dim during sweep 37/87 was 11
    Largest truncation error: 9.5685e-09
    Energy after sweep 37/87 is -594.058753330505
    Sweep 37/87 CPU time = 0.433s (Wall time = 0.435s)

    vN Entropy at center bond b=150 = 0.000872609227
    Eigs at center bond b=150: 0.9999 
    Largest link dim during sweep 38/87 was 11
    Largest truncation error: 9.57225e-09
    Energy after sweep 38/87 is -594.058753330937
    Sweep 38/87 CPU time = 0.432s (Wall time = 0.432s)

    vN Entropy at center bond b=150 = 0.000872609228
    Eigs at center bond b=150: 0.9999 
    Largest link dim during sweep 39/87 was 11
    Largest truncation error: 9.57226e-09
    Energy after sweep 39/87 is -594.058753330988
    Sweep 39/87 CPU time = 0.432s (Wall time = 0.433s)

    vN Entropy at center bond b=150 = 0.000872609228
    Eigs at center bond b=150: 0.9999 
    Largest link dim during sweep 40/87 was 11
    Largest truncation error: 9.57226e-09
    Energy after sweep 40/87 is -594.058753330993
    Sweep 40/87 CPU time = 0.433s (Wall time = 0.434s)

    vN Entropy at center bond b=150 = 0.000872609228
    Eigs at center bond b=150: 0.9999 
    Largest link dim during sweep 41/87 was 11
    Largest truncation error: 9.57226e-09
    Energy after sweep 41/87 is -594.058753330986
    Sweep 41/87 CPU time = 0.432s (Wall time = 0.433s)

    vN Entropy at center bond b=150 = 0.000872609228
    Eigs at center bond b=150: 0.9999 
    Largest link dim during sweep 42/87 was 11
    Largest truncation error: 9.57226e-09
    Energy after sweep 42/87 is -594.058753330992
    Sweep 42/87 CPU time = 0.433s (Wall time = 0.434s)

    vN Entropy at center bond b=150 = 0.000872609228
    Eigs at center bond b=150: 0.9999 
    Largest link dim during sweep 43/87 was 11
    Largest truncation error: 9.57226e-09
    Energy after sweep 43/87 is -594.058753330989
    Sweep 43/87 CPU time = 0.433s (Wall time = 0.434s)

    vN Entropy at center bond b=150 = 0.000872609228
    Eigs at center bond b=150: 0.9999 
    Largest link dim during sweep 44/87 was 11
    Largest truncation error: 9.57226e-09
    Energy after sweep 44/87 is -594.058753330992
    Sweep 44/87 CPU time = 0.433s (Wall time = 0.434s)

    vN Entropy at center bond b=150 = 0.000872609228
    Eigs at center bond b=150: 0.9999 
    Largest link dim during sweep 45/87 was 11
    Largest truncation error: 9.57226e-09
    Energy after sweep 45/87 is -594.058753330989
    Sweep 45/87 CPU time = 0.432s (Wall time = 0.433s)

    vN Entropy at center bond b=150 = 0.000872609228
    Eigs at center bond b=150: 0.9999 
    Largest link dim during sweep 46/87 was 11
    Largest truncation error: 9.57226e-09
    Energy after sweep 46/87 is -594.058753330986
    Sweep 46/87 CPU time = 0.433s (Wall time = 0.434s)

    vN Entropy at center bond b=150 = 0.000872609228
    Eigs at center bond b=150: 0.9999 
    Largest link dim during sweep 47/87 was 11
    Largest truncation error: 9.57226e-09
    Energy after sweep 47/87 is -594.058753330989
    Sweep 47/87 CPU time = 0.433s (Wall time = 0.433s)

    vN Entropy at center bond b=150 = 0.000872609228
    Eigs at center bond b=150: 0.9999 
    Largest link dim during sweep 48/87 was 11
    Largest truncation error: 9.57226e-09
    Energy after sweep 48/87 is -594.058753330986
    Sweep 48/87 CPU time = 0.432s (Wall time = 0.433s)

    vN Entropy at center bond b=150 = 0.000872609228
    Eigs at center bond b=150: 0.9999 
    Largest link dim during sweep 49/87 was 11
    Largest truncation error: 9.57226e-09
    Energy after sweep 49/87 is -594.058753330995
    Sweep 49/87 CPU time = 0.432s (Wall time = 0.433s)

    vN Entropy at center bond b=150 = 0.000872609228
    Eigs at center bond b=150: 0.9999 
    Largest link dim during sweep 50/87 was 11
    Largest truncation error: 9.57226e-09
    Energy after sweep 50/87 is -594.058753330991
    Sweep 50/87 CPU time = 0.433s (Wall time = 0.435s)

    vN Entropy at center bond b=150 = 0.000872609228
    Eigs at center bond b=150: 0.9999 
    Largest link dim during sweep 51/87 was 11
    Largest truncation error: 9.57226e-09
    Energy after sweep 51/87 is -594.058753330984
    Sweep 51/87 CPU time = 0.433s (Wall time = 0.434s)

    vN Entropy at center bond b=150 = 0.000872609228
    Eigs at center bond b=150: 0.9999 
    Largest link dim during sweep 52/87 was 11
    Largest truncation error: 9.57226e-09
    Energy after sweep 52/87 is -594.058753330988
    Sweep 52/87 CPU time = 0.432s (Wall time = 0.433s)

    vN Entropy at center bond b=150 = 0.000872609228
    Eigs at center bond b=150: 0.9999 
    Largest link dim during sweep 53/87 was 11
    Largest truncation error: 9.57226e-09
    Energy after sweep 53/87 is -594.058753330989
    Sweep 53/87 CPU time = 0.433s (Wall time = 0.434s)

    vN Entropy at center bond b=150 = 0.000872609228
    Eigs at center bond b=150: 0.9999 
    Largest link dim during sweep 54/87 was 11
    Largest truncation error: 9.57226e-09
    Energy after sweep 54/87 is -594.058753330992
    Sweep 54/87 CPU time = 0.432s (Wall time = 0.433s)

    vN Entropy at center bond b=150 = 0.000872609228
    Eigs at center bond b=150: 0.9999 
    Largest link dim during sweep 55/87 was 11
    Largest truncation error: 9.57226e-09
    Energy after sweep 55/87 is -594.058753330999
    Sweep 55/87 CPU time = 0.434s (Wall time = 0.434s)

    vN Entropy at center bond b=150 = 0.000872609228
    Eigs at center bond b=150: 0.9999 
    Largest link dim during sweep 56/87 was 11
    Largest truncation error: 9.57226e-09
    Energy after sweep 56/87 is -594.058753330988
    Sweep 56/87 CPU time = 0.433s (Wall time = 0.433s)

    vN Entropy at center bond b=150 = 0.000872609228
    Eigs at center bond b=150: 0.9999 
    Largest link dim during sweep 57/87 was 11
    Largest truncation error: 9.57226e-09
    Energy after sweep 57/87 is -594.058753330989
    Sweep 57/87 CPU time = 0.434s (Wall time = 0.436s)

    vN Entropy at center bond b=150 = 0.000872609228
    Eigs at center bond b=150: 0.9999 
    Largest link dim during sweep 58/87 was 11
    Largest truncation error: 9.57226e-09
    Energy after sweep 58/87 is -594.058753330993
    Sweep 58/87 CPU time = 0.433s (Wall time = 0.434s)

    vN Entropy at center bond b=150 = 0.000845227967
    Eigs at center bond b=150: 0.9999 
    Largest link dim during sweep 59/87 was 14
    Largest truncation error: 9.87157e-11
    Energy after sweep 59/87 is -594.058753486168
    Sweep 59/87 CPU time = 3.278s (Wall time = 0.435s)

    vN Entropy at center bond b=150 = 0.000845228179
    Eigs at center bond b=150: 0.9999 
    Largest link dim during sweep 60/87 was 14
    Largest truncation error: 9.91617e-11
    Energy after sweep 60/87 is -594.058753486423
    Sweep 60/87 CPU time = 3.393s (Wall time = 0.435s)

    vN Entropy at center bond b=150 = 0.000845228180
    Eigs at center bond b=150: 0.9999 
    Largest link dim during sweep 61/87 was 14
    Largest truncation error: 9.91992e-11
    Energy after sweep 61/87 is -594.058753486428
    Sweep 61/87 CPU time = 3.393s (Wall time = 0.436s)

    vN Entropy at center bond b=150 = 0.000845228180
    Eigs at center bond b=150: 0.9999 
    Largest link dim during sweep 62/87 was 14
    Largest truncation error: 9.92057e-11
    Energy after sweep 62/87 is -594.058753486431
    Sweep 62/87 CPU time = 3.422s (Wall time = 0.436s)

    vN Entropy at center bond b=150 = 0.000845228180
    Eigs at center bond b=150: 0.9999 
    Largest link dim during sweep 63/87 was 14
    Largest truncation error: 9.92071e-11
    Energy after sweep 63/87 is -594.058753486430
    Sweep 63/87 CPU time = 3.407s (Wall time = 0.435s)

    vN Entropy at center bond b=150 = 0.000845228180
    Eigs at center bond b=150: 0.9999 
    Largest link dim during sweep 64/87 was 14
    Largest truncation error: 9.92073e-11
    Energy after sweep 64/87 is -594.058753486438
    Sweep 64/87 CPU time = 3.398s (Wall time = 0.435s)

    vN Entropy at center bond b=150 = 0.000845228180
    Eigs at center bond b=150: 0.9999 
    Largest link dim during sweep 65/87 was 14
    Largest truncation error: 9.92074e-11
    Energy after sweep 65/87 is -594.058753486433
    Sweep 65/87 CPU time = 3.398s (Wall time = 0.436s)

    vN Entropy at center bond b=150 = 0.000845228180
    Eigs at center bond b=150: 0.9999 
    Largest link dim during sweep 66/87 was 14
    Largest truncation error: 9.92071e-11
    Energy after sweep 66/87 is -594.058753486427
    Sweep 66/87 CPU time = 3.399s (Wall time = 0.437s)

    vN Entropy at center bond b=150 = 0.000845228180
    Eigs at center bond b=150: 0.9999 
    Largest link dim during sweep 67/87 was 14
    Largest truncation error: 9.92073e-11
    Energy after sweep 67/87 is -594.058753486434
    Sweep 67/87 CPU time = 3.391s (Wall time = 0.435s)

    vN Entropy at center bond b=150 = 0.000845228180
    Eigs at center bond b=150: 0.9999 
    Largest link dim during sweep 68/87 was 14
    Largest truncation error: 9.92073e-11
    Energy after sweep 68/87 is -594.058753486424
    Sweep 68/87 CPU time = 3.405s (Wall time = 0.435s)

    vN Entropy at center bond b=150 = 0.000845228180
    Eigs at center bond b=150: 0.9999 
    Largest link dim during sweep 69/87 was 14
    Largest truncation error: 9.9207e-11
    Energy after sweep 69/87 is -594.058753486432
    Sweep 69/87 CPU time = 3.407s (Wall time = 0.435s)

    vN Entropy at center bond b=150 = 0.000845228180
    Eigs at center bond b=150: 0.9999 
    Largest link dim during sweep 70/87 was 14
    Largest truncation error: 9.92076e-11
    Energy after sweep 70/87 is -594.058753486426
    Sweep 70/87 CPU time = 3.403s (Wall time = 0.435s)

    vN Entropy at center bond b=150 = 0.000845228180
    Eigs at center bond b=150: 0.9999 
    Largest link dim during sweep 71/87 was 14
    Largest truncation error: 9.92074e-11
    Energy after sweep 71/87 is -594.058753486429
    Sweep 71/87 CPU time = 3.404s (Wall time = 0.436s)

    vN Entropy at center bond b=150 = 0.000845228180
    Eigs at center bond b=150: 0.9999 
    Largest link dim during sweep 72/87 was 14
    Largest truncation error: 9.9207e-11
    Energy after sweep 72/87 is -594.058753486427
    Sweep 72/87 CPU time = 3.405s (Wall time = 0.436s)

    vN Entropy at center bond b=150 = 0.000845228180
    Eigs at center bond b=150: 0.9999 
    Largest link dim during sweep 73/87 was 14
    Largest truncation error: 9.92073e-11
    Energy after sweep 73/87 is -594.058753486434
    Sweep 73/87 CPU time = 3.394s (Wall time = 0.436s)

    vN Entropy at center bond b=150 = 0.000845228180
    Eigs at center bond b=150: 0.9999 
    Largest link dim during sweep 74/87 was 14
    Largest truncation error: 9.92073e-11
    Energy after sweep 74/87 is -594.058753486428
    Sweep 74/87 CPU time = 3.396s (Wall time = 0.435s)

    vN Entropy at center bond b=150 = 0.000842218107
    Eigs at center bond b=150: 0.9999 
    Largest link dim during sweep 75/87 was 20
    Largest truncation error: 9.95497e-13
    Energy after sweep 75/87 is -594.058753536994
    Sweep 75/87 CPU time = 4.961s (Wall time = 0.324s)

    vN Entropy at center bond b=150 = 0.000842217873
    Eigs at center bond b=150: 0.9999 
    Largest link dim during sweep 76/87 was 20
    Largest truncation error: 9.86677e-13
    Energy after sweep 76/87 is -594.058753536992
    Sweep 76/87 CPU time = 5.404s (Wall time = 0.347s)

    vN Entropy at center bond b=150 = 0.000842217848
    Eigs at center bond b=150: 0.9999 
    Largest link dim during sweep 77/87 was 20
    Largest truncation error: 9.86125e-13
    Energy after sweep 77/87 is -594.058753536992
    Sweep 77/87 CPU time = 5.436s (Wall time = 0.347s)

    vN Entropy at center bond b=150 = 0.000842217847
    Eigs at center bond b=150: 0.9999 
    Largest link dim during sweep 78/87 was 20
    Largest truncation error: 9.86142e-13
    Energy after sweep 78/87 is -594.058753536992
    Sweep 78/87 CPU time = 5.424s (Wall time = 0.347s)

    vN Entropy at center bond b=150 = 0.000842217847
    Eigs at center bond b=150: 0.9999 
    Largest link dim during sweep 79/87 was 20
    Largest truncation error: 9.86028e-13
    Energy after sweep 79/87 is -594.058753536998
    Sweep 79/87 CPU time = 5.404s (Wall time = 0.346s)

    vN Entropy at center bond b=150 = 0.000842217847
    Eigs at center bond b=150: 0.9999 
    Largest link dim during sweep 80/87 was 20
    Largest truncation error: 9.85959e-13
    Energy after sweep 80/87 is -594.058753536996
    Sweep 80/87 CPU time = 5.416s (Wall time = 0.348s)

    vN Entropy at center bond b=150 = 0.000842217847
    Eigs at center bond b=150: 0.9999 
    Largest link dim during sweep 81/87 was 20
    Largest truncation error: 9.86017e-13
    Energy after sweep 81/87 is -594.058753537003
    Sweep 81/87 CPU time = 5.402s (Wall time = 0.347s)

    vN Entropy at center bond b=150 = 0.000842217847
    Eigs at center bond b=150: 0.9999 
    Largest link dim during sweep 82/87 was 20
    Largest truncation error: 9.8611e-13
    Energy after sweep 82/87 is -594.058753536994
    Sweep 82/87 CPU time = 5.426s (Wall time = 0.348s)

    vN Entropy at center bond b=150 = 0.000841875481
    Eigs at center bond b=150: 0.9999 
    Largest link dim during sweep 83/87 was 20
    Largest truncation error: 9.37468e-13
    Energy after sweep 83/87 is -594.058753537255
    Sweep 83/87 CPU time = 4.512s (Wall time = 0.292s)

    vN Entropy at center bond b=150 = 0.000841875746
    Eigs at center bond b=150: 0.9999 
    Largest link dim during sweep 84/87 was 25
    Largest truncation error: 9.97466e-15
    Energy after sweep 84/87 is -594.058753537942
    Sweep 84/87 CPU time = 5.976s (Wall time = 0.385s)

    vN Entropy at center bond b=150 = 0.000841875665
    Eigs at center bond b=150: 0.9999 
    Largest link dim during sweep 85/87 was 26
    Largest truncation error: 9.99493e-15
    Energy after sweep 85/87 is -594.058753537945
    Sweep 85/87 CPU time = 6.720s (Wall time = 0.431s)

    vN Entropy at center bond b=150 = 0.000841875663
    Eigs at center bond b=150: 0.9999 
    Largest link dim during sweep 86/87 was 26
    Largest truncation error: 9.98722e-15
    Energy after sweep 86/87 is -594.058753537959
    Sweep 86/87 CPU time = 6.712s (Wall time = 0.432s)

    vN Entropy at center bond b=150 = 0.000841875663
    Eigs at center bond b=150: 0.9999 
    Largest link dim during sweep 87/87 was 26
    Largest truncation error: 9.71616e-15
    Energy after sweep 87/87 is -594.058753537951
    Sweep 87/87 CPU time = 6.723s (Wall time = 0.432s)
Initial energy = 0.00000

Ground State Energy = -594.0587535380
run_outputs/outputpsi/N_300_sweep_87_t_0.030000_J_1.000000_V_0.600000_D_0.018000_U_-2.000000_mu_0.000000_E_0.200000 converge
Wall-clock time (s) = 140.720543
