//////////////////////////
Reading input file ......

Got input.N = 303
Got input.t = 0.03
Got input.J = 1
Got input.V = 0.6
Got input.D = 0.018
Got input.U = 1.5
Got input.mu = 0.02
Got input.E = 0.001
Got input.nsweeps = 87
Sweeps:
1  MaxDim=20, MinDim=20, Cutoff=1.0E-06, Niter=8, Noise=1.0E-05
2  MaxDim=20, MinDim=20, Cutoff=1.0E-06, Niter=8, Noise=1.0E-05
3  MaxDim=20, MinDim=20, Cutoff=1.0E-06, Niter=8, Noise=1.0E-05
4  MaxDim=20, MinDim=20, Cutoff=1.0E-06, Niter=8, Noise=1.0E-05
5  MaxDim=20, MinDim=20, Cutoff=1.0E-06, Niter=8, Noise=1.0E-05
6  MaxDim=20, MinDim=20, Cutoff=1.0E-06, Niter=8, Noise=1.0E-05
7  MaxDim=20, MinDim=20, Cutoff=1.0E-06, Niter=8, Noise=1.0E-05
8  MaxDim=40, MinDim=20, Cutoff=1.0E-06, Niter=4, Noise=1.0E-05
9  MaxDim=40, MinDim=20, Cutoff=1.0E-06, Niter=4, Noise=1.0E-05
10  MaxDim=40, MinDim=20, Cutoff=1.0E-06, Niter=4, Noise=1.0E-05
11  MaxDim=40, MinDim=20, Cutoff=1.0E-06, Niter=4, Noise=1.0E-05
12  MaxDim=40, MinDim=20, Cutoff=1.0E-06, Niter=4, Noise=1.0E-05
13  MaxDim=40, MinDim=20, Cutoff=1.0E-06, Niter=4, Noise=1.0E-05
14  MaxDim=40, MinDim=20, Cutoff=1.0E-06, Niter=4, Noise=1.0E-05
15  MaxDim=80, MinDim=10, Cutoff=1.0E-06, Niter=4, Noise=1.0E-05
16  MaxDim=80, MinDim=10, Cutoff=1.0E-06, Niter=4, Noise=1.0E-05
17  MaxDim=80, MinDim=10, Cutoff=1.0E-06, Niter=4, Noise=1.0E-05
18  MaxDim=80, MinDim=10, Cutoff=1.0E-06, Niter=4, Noise=1.0E-05
19  MaxDim=80, MinDim=10, Cutoff=1.0E-06, Niter=4, Noise=1.0E-05
20  MaxDim=80, MinDim=10, Cutoff=1.0E-06, Niter=4, Noise=1.0E-05
21  MaxDim=80, MinDim=10, Cutoff=1.0E-06, Niter=4, Noise=1.0E-05
22  MaxDim=80, MinDim=10, Cutoff=1.0E-06, Niter=4, Noise=1.0E-05
23  MaxDim=80, MinDim=10, Cutoff=1.0E-06, Niter=4, Noise=1.0E-05
24  MaxDim=80, MinDim=10, Cutoff=1.0E-06, Niter=4, Noise=1.0E-05
25  MaxDim=80, MinDim=10, Cutoff=1.0E-06, Niter=4, Noise=1.0E-05
26  MaxDim=80, MinDim=10, Cutoff=1.0E-06, Niter=4, Noise=1.0E-05
27  MaxDim=80, MinDim=10, Cutoff=1.0E-06, Niter=4, Noise=1.0E-05
28  MaxDim=80, MinDim=10, Cutoff=1.0E-06, Niter=4, Noise=1.0E-05
29  MaxDim=80, MinDim=10, Cutoff=1.0E-06, Niter=4, Noise=1.0E-05
30  MaxDim=80, MinDim=10, Cutoff=1.0E-06, Niter=4, Noise=1.0E-05
31  MaxDim=80, MinDim=10, Cutoff=1.0E-06, Niter=4, Noise=1.0E-05
32  MaxDim=80, MinDim=10, Cutoff=1.0E-06, Niter=4, Noise=1.0E-05
33  MaxDim=80, MinDim=10, Cutoff=1.0E-06, Niter=4, Noise=1.0E-05
34  MaxDim=80, MinDim=10, Cutoff=1.0E-06, Niter=4, Noise=1.0E-05
35  MaxDim=80, MinDim=10, Cutoff=1.0E-06, Niter=4, Noise=1.0E-05
36  MaxDim=80, MinDim=10, Cutoff=1.0E-06, Niter=4, Noise=1.0E-05
37  MaxDim=160, MinDim=10, Cutoff=1.0E-08, Niter=4, Noise=1.0E-06
38  MaxDim=160, MinDim=10, Cutoff=1.0E-08, Niter=4, Noise=1.0E-06
39  MaxDim=160, MinDim=10, Cutoff=1.0E-08, Niter=4, Noise=1.0E-06
40  MaxDim=160, MinDim=10, Cutoff=1.0E-08, Niter=4, Noise=1.0E-06
41  MaxDim=160, MinDim=10, Cutoff=1.0E-08, Niter=4, Noise=1.0E-06
42  MaxDim=160, MinDim=10, Cutoff=1.0E-08, Niter=4, Noise=1.0E-06
43  MaxDim=160, MinDim=10, Cutoff=1.0E-08, Niter=4, Noise=1.0E-06
44  MaxDim=160, MinDim=10, Cutoff=1.0E-08, Niter=4, Noise=1.0E-06
45  MaxDim=160, MinDim=10, Cutoff=1.0E-08, Niter=4, Noise=1.0E-06
46  MaxDim=160, MinDim=10, Cutoff=1.0E-08, Niter=4, Noise=1.0E-06
47  MaxDim=160, MinDim=10, Cutoff=1.0E-08, Niter=4, Noise=1.0E-06
48  MaxDim=160, MinDim=10, Cutoff=1.0E-08, Niter=4, Noise=1.0E-06
49  MaxDim=160, MinDim=10, Cutoff=1.0E-08, Niter=4, Noise=1.0E-06
50  MaxDim=160, MinDim=10, Cutoff=1.0E-08, Niter=4, Noise=1.0E-06
51  MaxDim=160, MinDim=10, Cutoff=1.0E-08, Niter=4, Noise=1.0E-06
52  MaxDim=160, MinDim=10, Cutoff=1.0E-08, Niter=4, Noise=1.0E-06
53  MaxDim=160, MinDim=10, Cutoff=1.0E-08, Niter=4, Noise=1.0E-06
54  MaxDim=160, MinDim=10, Cutoff=1.0E-08, Niter=4, Noise=1.0E-06
55  MaxDim=160, MinDim=10, Cutoff=1.0E-08, Niter=4, Noise=1.0E-06
56  MaxDim=160, MinDim=10, Cutoff=1.0E-08, Niter=4, Noise=1.0E-06
57  MaxDim=160, MinDim=10, Cutoff=1.0E-08, Niter=4, Noise=1.0E-06
58  MaxDim=160, MinDim=10, Cutoff=1.0E-08, Niter=4, Noise=1.0E-06
59  MaxDim=320, MinDim=10, Cutoff=1.0E-10, Niter=4, Noise=1.0E-07
60  MaxDim=320, MinDim=10, Cutoff=1.0E-10, Niter=4, Noise=1.0E-07
61  MaxDim=320, MinDim=10, Cutoff=1.0E-10, Niter=4, Noise=1.0E-07
62  MaxDim=320, MinDim=10, Cutoff=1.0E-10, Niter=4, Noise=1.0E-07
63  MaxDim=320, MinDim=10, Cutoff=1.0E-10, Niter=4, Noise=1.0E-07
64  MaxDim=320, MinDim=10, Cutoff=1.0E-10, Niter=4, Noise=1.0E-07
65  MaxDim=320, MinDim=10, Cutoff=1.0E-10, Niter=4, Noise=1.0E-07
66  MaxDim=320, MinDim=10, Cutoff=1.0E-10, Niter=4, Noise=1.0E-07
67  MaxDim=320, MinDim=10, Cutoff=1.0E-10, Niter=4, Noise=1.0E-07
68  MaxDim=320, MinDim=10, Cutoff=1.0E-10, Niter=4, Noise=1.0E-07
69  MaxDim=320, MinDim=10, Cutoff=1.0E-10, Niter=4, Noise=1.0E-07
70  MaxDim=320, MinDim=10, Cutoff=1.0E-10, Niter=4, Noise=1.0E-07
71  MaxDim=320, MinDim=10, Cutoff=1.0E-10, Niter=4, Noise=1.0E-07
72  MaxDim=320, MinDim=10, Cutoff=1.0E-10, Niter=4, Noise=1.0E-07
73  MaxDim=320, MinDim=10, Cutoff=1.0E-10, Niter=4, Noise=1.0E-07
74  MaxDim=320, MinDim=10, Cutoff=1.0E-10, Niter=4, Noise=1.0E-07
75  MaxDim=640, MinDim=10, Cutoff=1.0E-12, Niter=2, Noise=1.0E-08
76  MaxDim=640, MinDim=10, Cutoff=1.0E-12, Niter=2, Noise=1.0E-08
77  MaxDim=640, MinDim=10, Cutoff=1.0E-12, Niter=2, Noise=1.0E-08
78  MaxDim=640, MinDim=10, Cutoff=1.0E-12, Niter=2, Noise=1.0E-08
79  MaxDim=640, MinDim=10, Cutoff=1.0E-12, Niter=2, Noise=1.0E-08
80  MaxDim=640, MinDim=10, Cutoff=1.0E-12, Niter=2, Noise=1.0E-08
81  MaxDim=640, MinDim=10, Cutoff=1.0E-12, Niter=2, Noise=1.0E-08
82  MaxDim=640, MinDim=10, Cutoff=1.0E-12, Niter=2, Noise=1.0E-08
83  MaxDim=1280, MinDim=10, Cutoff=1.0E-12, Niter=2, Noise=0.0E+00
84  MaxDim=1280, MinDim=10, Cutoff=1.0E-14, Niter=2, Noise=0.0E+00
85  MaxDim=1280, MinDim=10, Cutoff=1.0E-14, Niter=2, Noise=0.0E+00
86  MaxDim=1280, MinDim=10, Cutoff=1.0E-14, Niter=2, Noise=0.0E+00
87  MaxDim=1280, MinDim=10, Cutoff=1.0E-14, Niter=2, Noise=0.0E+00


    vN Entropy at center bond b=151 = 0.652218319037
    Eigs at center bond b=151: 0.7880 0.1753 0.0256 0.0049 0.0037 0.0013 
    Largest link dim during sweep 1/87 was 20
    Largest truncation error: 8.11812e-06
    Energy after sweep 1/87 is -150.188442061688
    Sweep 1/87 CPU time = 18.79s (Wall time = 1.219s)

    vN Entropy at center bond b=151 = 0.804754446630
    Eigs at center bond b=151: 0.7310 0.2043 0.0431 0.0096 0.0059 0.0026 0.0014 0.0010 
    Largest link dim during sweep 2/87 was 20
    Largest truncation error: 1.05311e-05
    Energy after sweep 2/87 is -150.234224934487
    Sweep 2/87 CPU time = 26.37s (Wall time = 1.687s)

    vN Entropy at center bond b=151 = 0.821257310709
    Eigs at center bond b=151: 0.7253 0.2064 0.0450 0.0103 0.0064 0.0028 0.0016 0.0011 
    Largest link dim during sweep 3/87 was 20
    Largest truncation error: 1.31563e-05
    Energy after sweep 3/87 is -150.235514991887
    Sweep 3/87 CPU time = 26.25s (Wall time = 1.683s)

    vN Entropy at center bond b=151 = 0.824162416727
    Eigs at center bond b=151: 0.7244 0.2068 0.0453 0.0104 0.0064 0.0028 0.0016 0.0011 
    Largest link dim during sweep 4/87 was 20
    Largest truncation error: 1.34561e-05
    Energy after sweep 4/87 is -150.235624625151
    Sweep 4/87 CPU time = 25.53s (Wall time = 1.637s)

    vN Entropy at center bond b=151 = 0.824791157180
    Eigs at center bond b=151: 0.7242 0.2068 0.0454 0.0105 0.0064 0.0028 0.0016 0.0011 
    Largest link dim during sweep 5/87 was 20
    Largest truncation error: 1.36794e-05
    Energy after sweep 5/87 is -150.235665062857
    Sweep 5/87 CPU time = 25.70s (Wall time = 1.649s)

    vN Entropy at center bond b=151 = 0.824950119416
    Eigs at center bond b=151: 0.7241 0.2069 0.0454 0.0105 0.0064 0.0028 0.0016 0.0012 
    Largest link dim during sweep 6/87 was 20
    Largest truncation error: 1.37737e-05
    Energy after sweep 6/87 is -150.235685633810
    Sweep 6/87 CPU time = 25.87s (Wall time = 1.660s)

    vN Entropy at center bond b=151 = 0.824998094405
    Eigs at center bond b=151: 0.7241 0.2069 0.0454 0.0105 0.0064 0.0028 0.0016 0.0012 
    Largest link dim during sweep 7/87 was 20
    Largest truncation error: 1.38177e-05
    Energy after sweep 7/87 is -150.235696517885
    Sweep 7/87 CPU time = 25.80s (Wall time = 1.658s)

    vN Entropy at center bond b=151 = 0.874143955586
    Eigs at center bond b=151: 0.7085 0.2115 0.0509 0.0125 0.0080 0.0031 0.0021 0.0016 
    Largest link dim during sweep 8/87 was 40
    Largest truncation error: 7.7075e-07
    Energy after sweep 8/87 is -150.261955815607
    Sweep 8/87 CPU time = 26.65s (Wall time = 1.716s)

    vN Entropy at center bond b=151 = 0.935142755315
    Eigs at center bond b=151: 0.6888 0.2174 0.0569 0.0151 0.0105 0.0036 0.0029 0.0021 
    Largest link dim during sweep 9/87 was 40
    Largest truncation error: 1.54615e-06
    Energy after sweep 9/87 is -150.265056782800
    Sweep 9/87 CPU time = 41.01s (Wall time = 2.643s)

    vN Entropy at center bond b=151 = 0.958503109640
    Eigs at center bond b=151: 0.6812 0.2197 0.0587 0.0160 0.0118 0.0039 0.0031 0.0023 
    Largest link dim during sweep 10/87 was 40
    Largest truncation error: 1.85355e-06
    Energy after sweep 10/87 is -150.265286593906
    Sweep 10/87 CPU time = 40.58s (Wall time = 2.606s)

    vN Entropy at center bond b=151 = 0.964724484797
    Eigs at center bond b=151: 0.6792 0.2206 0.0589 0.0161 0.0123 0.0041 0.0032 0.0023 
    Largest link dim during sweep 11/87 was 40
    Largest truncation error: 1.91033e-06
    Energy after sweep 11/87 is -150.265309116396
    Sweep 11/87 CPU time = 40.80s (Wall time = 2.616s)

    vN Entropy at center bond b=151 = 0.966506275720
    Eigs at center bond b=151: 0.6786 0.2210 0.0588 0.0162 0.0125 0.0041 0.0032 0.0023 
    Largest link dim during sweep 12/87 was 40
    Largest truncation error: 1.92788e-06
    Energy after sweep 12/87 is -150.265312656981
    Sweep 12/87 CPU time = 41.31s (Wall time = 2.664s)

    vN Entropy at center bond b=151 = 0.967097380031
    Eigs at center bond b=151: 0.6783 0.2212 0.0587 0.0162 0.0126 0.0042 0.0032 0.0023 
    Largest link dim during sweep 13/87 was 40
    Largest truncation error: 1.93403e-06
    Energy after sweep 13/87 is -150.265313300250
    Sweep 13/87 CPU time = 40.51s (Wall time = 2.601s)

    vN Entropy at center bond b=151 = 0.967327895148
    Eigs at center bond b=151: 0.6783 0.2212 0.0586 0.0161 0.0127 0.0042 0.0032 0.0023 
    Largest link dim during sweep 14/87 was 40
    Largest truncation error: 1.93632e-06
    Energy after sweep 14/87 is -150.265313375447
    Sweep 14/87 CPU time = 38.92s (Wall time = 2.501s)

    vN Entropy at center bond b=151 = 0.982854217494
    Eigs at center bond b=151: 0.6734 0.2227 0.0596 0.0167 0.0136 0.0045 0.0033 0.0024 0.0011 
    Largest link dim during sweep 15/87 was 52
    Largest truncation error: 7.99261e-07
    Energy after sweep 15/87 is -150.267486129505
    Sweep 15/87 CPU time = 50.25s (Wall time = 3.227s)

    vN Entropy at center bond b=151 = 1.004208378035
    Eigs at center bond b=151: 0.6667 0.2247 0.0607 0.0175 0.0150 0.0051 0.0034 0.0026 0.0012 
    Largest link dim during sweep 16/87 was 55
    Largest truncation error: 7.83308e-07
    Energy after sweep 16/87 is -150.267946592760
    Sweep 16/87 CPU time = 1m, 0.9s (Wall time = 3.943s)

    vN Entropy at center bond b=151 = 1.017045295298
    Eigs at center bond b=151: 0.6625 0.2263 0.0609 0.0180 0.0160 0.0056 0.0034 0.0027 0.0014 
    Largest link dim during sweep 17/87 was 57
    Largest truncation error: 7.86165e-07
    Energy after sweep 17/87 is -150.268148558145
    Sweep 17/87 CPU time = 1m, 3.2s (Wall time = 4.057s)

    vN Entropy at center bond b=151 = 1.024831738415
    Eigs at center bond b=151: 0.6600 0.2274 0.0608 0.0183 0.0166 0.0059 0.0035 0.0027 0.0014 
    Largest link dim during sweep 18/87 was 57
    Largest truncation error: 7.8849e-07
    Energy after sweep 18/87 is -150.268253277001
    Sweep 18/87 CPU time = 1m, 3.3s (Wall time = 4.058s)

    vN Entropy at center bond b=151 = 1.029192540731
    Eigs at center bond b=151: 0.6585 0.2281 0.0606 0.0186 0.0169 0.0061 0.0035 0.0027 0.0015 
    Largest link dim during sweep 19/87 was 58
    Largest truncation error: 7.92351e-07
    Energy after sweep 19/87 is -150.268302564246
    Sweep 19/87 CPU time = 1m, 4.9s (Wall time = 4.164s)

    vN Entropy at center bond b=151 = 1.032399715187
    Eigs at center bond b=151: 0.6574 0.2287 0.0605 0.0189 0.0171 0.0063 0.0035 0.0027 0.0015 
    Largest link dim during sweep 20/87 was 58
    Largest truncation error: 7.96729e-07
    Energy after sweep 20/87 is -150.268344409346
    Sweep 20/87 CPU time = 1m, 6.3s (Wall time = 4.254s)

    vN Entropy at center bond b=151 = 1.034621743703
    Eigs at center bond b=151: 0.6567 0.2291 0.0603 0.0191 0.0172 0.0064 0.0035 0.0027 0.0015 
    Largest link dim during sweep 21/87 was 58
    Largest truncation error: 7.98214e-07
    Energy after sweep 21/87 is -150.268373112857
    Sweep 21/87 CPU time = 1m, 8.4s (Wall time = 4.411s)

    vN Entropy at center bond b=151 = 1.035943485628
    Eigs at center bond b=151: 0.6562 0.2294 0.0602 0.0192 0.0172 0.0065 0.0035 0.0027 0.0016 
    Largest link dim during sweep 22/87 was 58
    Largest truncation error: 7.2898e-07
    Energy after sweep 22/87 is -150.268383856563
    Sweep 22/87 CPU time = 1m, 5.0s (Wall time = 4.188s)

    vN Entropy at center bond b=151 = 1.036770497308
    Eigs at center bond b=151: 0.6559 0.2296 0.0601 0.0193 0.0172 0.0066 0.0035 0.0027 0.0016 
    Largest link dim during sweep 23/87 was 58
    Largest truncation error: 7.29239e-07
    Energy after sweep 23/87 is -150.268389537344
    Sweep 23/87 CPU time = 1m, 6.0s (Wall time = 4.240s)

    vN Entropy at center bond b=151 = 1.037410875582
    Eigs at center bond b=151: 0.6557 0.2297 0.0600 0.0194 0.0172 0.0066 0.0035 0.0027 0.0016 
    Largest link dim during sweep 24/87 was 58
    Largest truncation error: 7.29382e-07
    Energy after sweep 24/87 is -150.268393730875
    Sweep 24/87 CPU time = 1m, 6.3s (Wall time = 4.260s)

    vN Entropy at center bond b=151 = 1.037809168451
    Eigs at center bond b=151: 0.6555 0.2298 0.0600 0.0195 0.0173 0.0066 0.0035 0.0027 0.0016 
    Largest link dim during sweep 25/87 was 58
    Largest truncation error: 7.29749e-07
    Energy after sweep 25/87 is -150.268398715236
    Sweep 25/87 CPU time = 1m, 8.9s (Wall time = 4.428s)

    vN Entropy at center bond b=151 = 1.038095594850
    Eigs at center bond b=151: 0.6554 0.2299 0.0599 0.0195 0.0173 0.0067 0.0035 0.0027 0.0016 
    Largest link dim during sweep 26/87 was 58
    Largest truncation error: 7.29626e-07
    Energy after sweep 26/87 is -150.268400192355
    Sweep 26/87 CPU time = 1m, 5.8s (Wall time = 4.226s)

    vN Entropy at center bond b=151 = 1.038325928629
    Eigs at center bond b=151: 0.6553 0.2300 0.0599 0.0195 0.0173 0.0067 0.0035 0.0027 0.0016 
    Largest link dim during sweep 27/87 was 58
    Largest truncation error: 7.29609e-07
    Energy after sweep 27/87 is -150.268402180168
    Sweep 27/87 CPU time = 1m, 6.1s (Wall time = 4.252s)

    vN Entropy at center bond b=151 = 1.038496261280
    Eigs at center bond b=151: 0.6553 0.2300 0.0599 0.0196 0.0173 0.0067 0.0035 0.0027 0.0016 
    Largest link dim during sweep 28/87 was 58
    Largest truncation error: 7.29627e-07
    Energy after sweep 28/87 is -150.268402442505
    Sweep 28/87 CPU time = 1m, 5.7s (Wall time = 4.226s)

    vN Entropy at center bond b=151 = 1.038591207284
    Eigs at center bond b=151: 0.6552 0.2300 0.0599 0.0196 0.0173 0.0067 0.0035 0.0027 0.0016 
    Largest link dim during sweep 29/87 was 58
    Largest truncation error: 7.29643e-07
    Energy after sweep 29/87 is -150.268402580064
    Sweep 29/87 CPU time = 1m, 6.3s (Wall time = 4.264s)

    vN Entropy at center bond b=151 = 1.038657572261
    Eigs at center bond b=151: 0.6552 0.2300 0.0599 0.0196 0.0173 0.0067 0.0035 0.0027 0.0016 
    Largest link dim during sweep 30/87 was 58
    Largest truncation error: 7.29656e-07
    Energy after sweep 30/87 is -150.268402667519
    Sweep 30/87 CPU time = 1m, 6.4s (Wall time = 4.266s)

    vN Entropy at center bond b=151 = 1.038702392327
    Eigs at center bond b=151: 0.6552 0.2301 0.0599 0.0196 0.0173 0.0067 0.0035 0.0027 0.0016 
    Largest link dim during sweep 31/87 was 58
    Largest truncation error: 7.29665e-07
    Energy after sweep 31/87 is -150.268403236490
    Sweep 31/87 CPU time = 1m, 6.0s (Wall time = 4.267s)

    vN Entropy at center bond b=151 = 1.038755360753
    Eigs at center bond b=151: 0.6552 0.2301 0.0599 0.0196 0.0173 0.0067 0.0035 0.0027 0.0016 
    Largest link dim during sweep 32/87 was 58
    Largest truncation error: 7.29673e-07
    Energy after sweep 32/87 is -150.268403287384
    Sweep 32/87 CPU time = 1m, 5.8s (Wall time = 4.231s)

    vN Entropy at center bond b=151 = 1.038780476183
    Eigs at center bond b=151: 0.6552 0.2301 0.0599 0.0196 0.0173 0.0067 0.0035 0.0027 0.0016 
    Largest link dim during sweep 33/87 was 58
    Largest truncation error: 7.29677e-07
    Energy after sweep 33/87 is -150.268403316129
    Sweep 33/87 CPU time = 1m, 6.0s (Wall time = 4.237s)

    vN Entropy at center bond b=151 = 1.038796195211
    Eigs at center bond b=151: 0.6551 0.2301 0.0599 0.0196 0.0173 0.0067 0.0035 0.0027 0.0016 
    Largest link dim during sweep 34/87 was 58
    Largest truncation error: 7.29681e-07
    Energy after sweep 34/87 is -150.268403333687
    Sweep 34/87 CPU time = 1m, 6.5s (Wall time = 4.274s)

    vN Entropy at center bond b=151 = 1.038806899611
    Eigs at center bond b=151: 0.6551 0.2301 0.0599 0.0196 0.0173 0.0067 0.0035 0.0027 0.0016 
    Largest link dim during sweep 35/87 was 58
    Largest truncation error: 7.29683e-07
    Energy after sweep 35/87 is -150.268403344799
    Sweep 35/87 CPU time = 1m, 6.1s (Wall time = 4.247s)

    vN Entropy at center bond b=151 = 1.038814454445
    Eigs at center bond b=151: 0.6551 0.2301 0.0599 0.0196 0.0173 0.0067 0.0035 0.0027 0.0016 
    Largest link dim during sweep 36/87 was 58
    Largest truncation error: 7.29684e-07
    Energy after sweep 36/87 is -150.268403352172
    Sweep 36/87 CPU time = 1m, 5.6s (Wall time = 4.211s)

    vN Entropy at center bond b=151 = 1.105407420714
    Eigs at center bond b=151: 0.6340 0.2367 0.0609 0.0258 0.0190 0.0095 0.0036 0.0030 0.0023 0.0011 
    Largest link dim during sweep 37/87 was 142
    Largest truncation error: 8.29557e-09
    Energy after sweep 37/87 is -150.270975604544
    Sweep 37/87 CPU time = 4m, 12.7s (Wall time = 16.67s)

    vN Entropy at center bond b=151 = 1.240647301698
    Eigs at center bond b=151: 0.5777 0.2651 0.0547 0.0426 0.0233 0.0179 0.0045 0.0037 0.0028 0.0017 
    Largest link dim during sweep 38/87 was 160
    Largest truncation error: 1.73404e-08
    Energy after sweep 38/87 is -150.271547942358
    Sweep 38/87 CPU time = 9m, 44.5s (Wall time = 40.40s)

    vN Entropy at center bond b=151 = 1.341318034368
    Eigs at center bond b=151: 0.5080 0.3136 0.0573 0.0411 0.0363 0.0222 0.0051 0.0036 0.0031 0.0026 
    Largest link dim during sweep 39/87 was 160
    Largest truncation error: 2.3963e-08
    Energy after sweep 39/87 is -150.271749222339
    Sweep 39/87 CPU time = 10m, 1s (Wall time = 40.22s)

    vN Entropy at center bond b=151 = 1.356296150410
    Eigs at center bond b=151: 0.4927 0.3259 0.0573 0.0408 0.0383 0.0231 0.0051 0.0035 0.0034 0.0027 
    Largest link dim during sweep 40/87 was 160
    Largest truncation error: 2.63668e-08
    Energy after sweep 40/87 is -150.271770869061
    Sweep 40/87 CPU time = 9m, 53.8s (Wall time = 39.38s)

    vN Entropy at center bond b=151 = 1.357711153964
    Eigs at center bond b=151: 0.4912 0.3272 0.0573 0.0409 0.0383 0.0232 0.0051 0.0035 0.0034 0.0027 
    Largest link dim during sweep 41/87 was 160
    Largest truncation error: 2.60438e-08
    Energy after sweep 41/87 is -150.271773455149
    Sweep 41/87 CPU time = 10m, 1s (Wall time = 39.82s)

    vN Entropy at center bond b=151 = 1.357936489942
    Eigs at center bond b=151: 0.4909 0.3274 0.0573 0.0410 0.0383 0.0233 0.0051 0.0035 0.0034 0.0027 
    Largest link dim during sweep 42/87 was 160
    Largest truncation error: 2.58836e-08
    Energy after sweep 42/87 is -150.271773956190
    Sweep 42/87 CPU time = 9m, 59.7s (Wall time = 40.74s)

    vN Entropy at center bond b=151 = 1.357989469320
    Eigs at center bond b=151: 0.4909 0.3274 0.0573 0.0410 0.0383 0.0233 0.0051 0.0035 0.0034 0.0027 
    Largest link dim during sweep 43/87 was 160
    Largest truncation error: 2.58309e-08
    Energy after sweep 43/87 is -150.271774083695
    Sweep 43/87 CPU time = 10m, 13s (Wall time = 41.66s)

    vN Entropy at center bond b=151 = 1.358004100393
    Eigs at center bond b=151: 0.4908 0.3274 0.0573 0.0410 0.0383 0.0233 0.0051 0.0035 0.0034 0.0027 
    Largest link dim during sweep 44/87 was 160
    Largest truncation error: 2.58139e-08
    Energy after sweep 44/87 is -150.271774102340
    Sweep 44/87 CPU time = 10m, 25s (Wall time = 42.97s)

    vN Entropy at center bond b=151 = 1.358008405464
    Eigs at center bond b=151: 0.4908 0.3274 0.0573 0.0410 0.0383 0.0233 0.0051 0.0035 0.0034 0.0027 
    Largest link dim during sweep 45/87 was 160
    Largest truncation error: 2.58081e-08
    Energy after sweep 45/87 is -150.271774115896
    Sweep 45/87 CPU time = 10m, 45s (Wall time = 44.28s)

    vN Entropy at center bond b=151 = 1.358009690137
    Eigs at center bond b=151: 0.4908 0.3274 0.0573 0.0410 0.0383 0.0233 0.0051 0.0035 0.0034 0.0027 
    Largest link dim during sweep 46/87 was 160
    Largest truncation error: 2.58056e-08
    Energy after sweep 46/87 is -150.271774116873
    Sweep 46/87 CPU time = 11m, 10s (Wall time = 46.19s)

    vN Entropy at center bond b=151 = 1.358010083470
    Eigs at center bond b=151: 0.4908 0.3274 0.0573 0.0410 0.0383 0.0233 0.0051 0.0035 0.0034 0.0027 
    Largest link dim during sweep 47/87 was 160
    Largest truncation error: 2.58042e-08
    Energy after sweep 47/87 is -150.271774119037
    Sweep 47/87 CPU time = 11m, 16s (Wall time = 46.68s)

    vN Entropy at center bond b=151 = 1.358010202792
    Eigs at center bond b=151: 0.4908 0.3274 0.0573 0.0410 0.0383 0.0233 0.0051 0.0035 0.0034 0.0027 
    Largest link dim during sweep 48/87 was 160
    Largest truncation error: 2.58031e-08
    Energy after sweep 48/87 is -150.271774120321
    Sweep 48/87 CPU time = 11m, 26s (Wall time = 47.92s)

    vN Entropy at center bond b=151 = 1.358010233249
    Eigs at center bond b=151: 0.4908 0.3274 0.0573 0.0410 0.0383 0.0233 0.0051 0.0035 0.0034 0.0027 
    Largest link dim during sweep 49/87 was 160
    Largest truncation error: 2.58021e-08
    Energy after sweep 49/87 is -150.271774121161
    Sweep 49/87 CPU time = 11m, 24s (Wall time = 47.74s)

    vN Entropy at center bond b=151 = 1.358010249883
    Eigs at center bond b=151: 0.4908 0.3274 0.0573 0.0410 0.0383 0.0233 0.0051 0.0035 0.0034 0.0027 
    Largest link dim during sweep 50/87 was 160
    Largest truncation error: 2.58012e-08
    Energy after sweep 50/87 is -150.271774121626
    Sweep 50/87 CPU time = 11m, 26s (Wall time = 47.68s)

    vN Entropy at center bond b=151 = 1.358010274593
    Eigs at center bond b=151: 0.4908 0.3274 0.0573 0.0410 0.0383 0.0233 0.0051 0.0035 0.0034 0.0027 
    Largest link dim during sweep 51/87 was 160
    Largest truncation error: 2.58002e-08
    Energy after sweep 51/87 is -150.271774121823
    Sweep 51/87 CPU time = 11m, 10s (Wall time = 46.71s)

    vN Entropy at center bond b=151 = 1.358010285977
    Eigs at center bond b=151: 0.4908 0.3274 0.0573 0.0410 0.0383 0.0233 0.0051 0.0035 0.0034 0.0027 
    Largest link dim during sweep 52/87 was 160
    Largest truncation error: 2.57992e-08
    Energy after sweep 52/87 is -150.271774121874
    Sweep 52/87 CPU time = 11m, 8s (Wall time = 46.53s)

    vN Entropy at center bond b=151 = 1.358010285306
    Eigs at center bond b=151: 0.4908 0.3274 0.0573 0.0410 0.0383 0.0233 0.0051 0.0035 0.0034 0.0027 
    Largest link dim during sweep 53/87 was 160
    Largest truncation error: 2.57982e-08
    Energy after sweep 53/87 is -150.271774121871
    Sweep 53/87 CPU time = 11m, 2s (Wall time = 46.06s)

    vN Entropy at center bond b=151 = 1.358010280283
    Eigs at center bond b=151: 0.4908 0.3274 0.0573 0.0410 0.0383 0.0233 0.0051 0.0035 0.0034 0.0027 
    Largest link dim during sweep 54/87 was 160
    Largest truncation error: 2.57971e-08
    Energy after sweep 54/87 is -150.271774121846
    Sweep 54/87 CPU time = 11m, 16s (Wall time = 46.16s)

    vN Entropy at center bond b=151 = 1.358010283624
    Eigs at center bond b=151: 0.4908 0.3274 0.0573 0.0410 0.0383 0.0233 0.0051 0.0035 0.0034 0.0027 
    Largest link dim during sweep 55/87 was 160
    Largest truncation error: 2.57959e-08
    Energy after sweep 55/87 is -150.271774121748
    Sweep 55/87 CPU time = 11m, 2s (Wall time = 45.86s)

    vN Entropy at center bond b=151 = 1.358010280105
    Eigs at center bond b=151: 0.4908 0.3274 0.0573 0.0410 0.0383 0.0233 0.0051 0.0035 0.0034 0.0027 
    Largest link dim during sweep 56/87 was 160
    Largest truncation error: 2.57946e-08
    Energy after sweep 56/87 is -150.271774121691
    Sweep 56/87 CPU time = 11m, 15s (Wall time = 46.78s)

    vN Entropy at center bond b=151 = 1.358010276173
    Eigs at center bond b=151: 0.4908 0.3274 0.0573 0.0410 0.0383 0.0233 0.0051 0.0035 0.0034 0.0027 
    Largest link dim during sweep 57/87 was 160
    Largest truncation error: 2.57932e-08
    Energy after sweep 57/87 is -150.271774121646
    Sweep 57/87 CPU time = 11m, 8s (Wall time = 46.29s)

    vN Entropy at center bond b=151 = 1.358010272861
    Eigs at center bond b=151: 0.4908 0.3274 0.0573 0.0410 0.0383 0.0233 0.0051 0.0035 0.0034 0.0027 
    Largest link dim during sweep 58/87 was 160
    Largest truncation error: 2.57918e-08
    Energy after sweep 58/87 is -150.271774121602
    Sweep 58/87 CPU time = 11m, 19s (Wall time = 47.22s)

    vN Entropy at center bond b=151 = 1.360153433385
    Eigs at center bond b=151: 0.4905 0.3273 0.0574 0.0411 0.0383 0.0233 0.0051 0.0035 0.0034 0.0027 
    Largest link dim during sweep 59/87 was 320
    Largest truncation error: 4.38102e-10
    Energy after sweep 59/87 is -150.271822853455
    Sweep 59/87 CPU time = 39m, 7s (Wall time = 2m, 38.7s)

    vN Entropy at center bond b=151 = 1.360644419789
    Eigs at center bond b=151: 0.4904 0.3272 0.0574 0.0411 0.0384 0.0233 0.0051 0.0035 0.0034 0.0028 
    Largest link dim during sweep 60/87 was 320
    Largest truncation error: 7.48651e-10
    Energy after sweep 60/87 is -150.271823135341
    Sweep 60/87 CPU time = 46m, 23s (Wall time = 3m, 0.4s)

    vN Entropy at center bond b=151 = 1.360663622129
    Eigs at center bond b=151: 0.4904 0.3272 0.0574 0.0411 0.0384 0.0233 0.0051 0.0035 0.0034 0.0028 
    Largest link dim during sweep 61/87 was 320
    Largest truncation error: 7.76885e-10
    Energy after sweep 61/87 is -150.271823137555
    Sweep 61/87 CPU time = 45m, 24s (Wall time = 2m, 59.6s)

    vN Entropy at center bond b=151 = 1.360665421261
    Eigs at center bond b=151: 0.4904 0.3272 0.0574 0.0411 0.0384 0.0233 0.0051 0.0035 0.0034 0.0028 
    Largest link dim during sweep 62/87 was 320
    Largest truncation error: 7.8168e-10
    Energy after sweep 62/87 is -150.271823137193
    Sweep 62/87 CPU time = 48m, 8s (Wall time = 3m, 12.3s)

    vN Entropy at center bond b=151 = 1.360665713939
    Eigs at center bond b=151: 0.4904 0.3272 0.0574 0.0411 0.0384 0.0233 0.0051 0.0035 0.0034 0.0028 
    Largest link dim during sweep 63/87 was 320
    Largest truncation error: 7.82856e-10
    Energy after sweep 63/87 is -150.271823137054
    Sweep 63/87 CPU time = 49m, 42s (Wall time = 3m, 19.2s)

    vN Entropy at center bond b=151 = 1.360665769973
    Eigs at center bond b=151: 0.4904 0.3272 0.0574 0.0411 0.0384 0.0233 0.0051 0.0035 0.0034 0.0028 
    Largest link dim during sweep 64/87 was 320
    Largest truncation error: 7.83165e-10
    Energy after sweep 64/87 is -150.271823136988
    Sweep 64/87 CPU time = 49m, 43s (Wall time = 3m, 19.5s)

    vN Entropy at center bond b=151 = 1.360665783906
    Eigs at center bond b=151: 0.4904 0.3272 0.0574 0.0411 0.0384 0.0233 0.0051 0.0035 0.0034 0.0028 
    Largest link dim during sweep 65/87 was 320
    Largest truncation error: 7.83273e-10
    Energy after sweep 65/87 is -150.271823136962
    Sweep 65/87 CPU time = 49m, 7s (Wall time = 3m, 15.6s)

    vN Entropy at center bond b=151 = 1.360665789366
    Eigs at center bond b=151: 0.4904 0.3272 0.0574 0.0411 0.0384 0.0233 0.0051 0.0035 0.0034 0.0028 
    Largest link dim during sweep 66/87 was 320
    Largest truncation error: 7.83319e-10
    Energy after sweep 66/87 is -150.271823136944
    Sweep 66/87 CPU time = 49m, 55s (Wall time = 3m, 19.5s)

    vN Entropy at center bond b=151 = 1.360665791224
    Eigs at center bond b=151: 0.4904 0.3272 0.0574 0.0411 0.0384 0.0233 0.0051 0.0035 0.0034 0.0028 
    Largest link dim during sweep 67/87 was 320
    Largest truncation error: 7.83344e-10
    Energy after sweep 67/87 is -150.271823136928
    Sweep 67/87 CPU time = 47m, 33s (Wall time = 3m, 9.6s)

    vN Entropy at center bond b=151 = 1.360665791302
    Eigs at center bond b=151: 0.4904 0.3272 0.0574 0.0411 0.0384 0.0233 0.0051 0.0035 0.0034 0.0028 
    Largest link dim during sweep 68/87 was 320
    Largest truncation error: 7.83359e-10
    Energy after sweep 68/87 is -150.271823136915
    Sweep 68/87 CPU time = 46m, 54s (Wall time = 3m, 7.4s)

    vN Entropy at center bond b=151 = 1.360665791112
    Eigs at center bond b=151: 0.4904 0.3272 0.0574 0.0411 0.0384 0.0233 0.0051 0.0035 0.0034 0.0028 
    Largest link dim during sweep 69/87 was 320
    Largest truncation error: 7.83367e-10
    Energy after sweep 69/87 is -150.271823136902
    Sweep 69/87 CPU time = 49m, 20s (Wall time = 3m, 17.2s)

    vN Entropy at center bond b=151 = 1.360665791164
    Eigs at center bond b=151: 0.4904 0.3272 0.0574 0.0411 0.0384 0.0233 0.0051 0.0035 0.0034 0.0028 
    Largest link dim during sweep 70/87 was 320
    Largest truncation error: 7.8337e-10
    Energy after sweep 70/87 is -150.271823136891
    Sweep 70/87 CPU time = 49m, 55s (Wall time = 3m, 19.6s)

    vN Entropy at center bond b=151 = 1.360665791621
    Eigs at center bond b=151: 0.4904 0.3272 0.0574 0.0411 0.0384 0.0233 0.0051 0.0035 0.0034 0.0028 
    Largest link dim during sweep 71/87 was 320
    Largest truncation error: 7.83372e-10
    Energy after sweep 71/87 is -150.271823136887
    Sweep 71/87 CPU time = 49m, 57s (Wall time = 3m, 19.7s)

    vN Entropy at center bond b=151 = 1.360665792302
    Eigs at center bond b=151: 0.4904 0.3272 0.0574 0.0411 0.0384 0.0233 0.0051 0.0035 0.0034 0.0028 
    Largest link dim during sweep 72/87 was 320
    Largest truncation error: 7.83373e-10
    Energy after sweep 72/87 is -150.271823136896
    Sweep 72/87 CPU time = 49m, 55s (Wall time = 3m, 19.6s)

    vN Entropy at center bond b=151 = 1.360665792974
    Eigs at center bond b=151: 0.4904 0.3272 0.0574 0.0411 0.0384 0.0233 0.0051 0.0035 0.0034 0.0028 
    Largest link dim during sweep 73/87 was 320
    Largest truncation error: 7.83373e-10
    Energy after sweep 73/87 is -150.271823136898
    Sweep 73/87 CPU time = 49m, 6s (Wall time = 3m, 16.3s)

    vN Entropy at center bond b=151 = 1.360665793535
    Eigs at center bond b=151: 0.4904 0.3272 0.0574 0.0411 0.0384 0.0233 0.0051 0.0035 0.0034 0.0028 
    Largest link dim during sweep 74/87 was 320
    Largest truncation error: 7.83372e-10
    Energy after sweep 74/87 is -150.271823136906
    Sweep 74/87 CPU time = 45m, 59s (Wall time = 3m, 3.9s)

    vN Entropy at center bond b=151 = 1.360749080640
    Eigs at center bond b=151: 0.4904 0.3272 0.0575 0.0411 0.0384 0.0233 0.0051 0.0035 0.0034 0.0028 
    Largest link dim during sweep 75/87 was 640
    Largest truncation error: 9.57056e-12
    Energy after sweep 75/87 is -150.271824431851
    Sweep 75/87 CPU time = 2h, 19m, 21s (Wall time = 9m, 17.2s)

    vN Entropy at center bond b=151 = 1.360774067366
    Eigs at center bond b=151: 0.4904 0.3272 0.0575 0.0411 0.0384 0.0233 0.0051 0.0035 0.0034 0.0028 
    Largest link dim during sweep 76/87 was 640
    Largest truncation error: 1.32338e-11
    Energy after sweep 76/87 is -150.271824440544
    Sweep 76/87 CPU time = 2h, 48m, 50s (Wall time = 11m, 13s)

    vN Entropy at center bond b=151 = 1.360775525203
    Eigs at center bond b=151: 0.4904 0.3272 0.0575 0.0411 0.0384 0.0233 0.0051 0.0035 0.0034 0.0028 
    Largest link dim during sweep 77/87 was 640
    Largest truncation error: 1.35523e-11
    Energy after sweep 77/87 is -150.271824440803
    Sweep 77/87 CPU time = 2h, 47m, 49s (Wall time = 11m, 11s)

    vN Entropy at center bond b=151 = 1.360775706660
    Eigs at center bond b=151: 0.4904 0.3272 0.0575 0.0411 0.0384 0.0233 0.0051 0.0035 0.0034 0.0028 
    Largest link dim during sweep 78/87 was 640
    Largest truncation error: 1.3712e-11
    Energy after sweep 78/87 is -150.271824440805
    Sweep 78/87 CPU time = 2h, 44m, 56s (Wall time = 10m, 60s)

    vN Entropy at center bond b=151 = 1.360775742651
    Eigs at center bond b=151: 0.4904 0.3272 0.0575 0.0411 0.0384 0.0233 0.0051 0.0035 0.0034 0.0028 
    Largest link dim during sweep 79/87 was 640
    Largest truncation error: 1.37604e-11
    Energy after sweep 79/87 is -150.271824440800
    Sweep 79/87 CPU time = 2h, 44m, 3s (Wall time = 10m, 56s)

    vN Entropy at center bond b=151 = 1.360775751964
    Eigs at center bond b=151: 0.4904 0.3272 0.0575 0.0411 0.0384 0.0233 0.0051 0.0035 0.0034 0.0028 
    Largest link dim during sweep 80/87 was 640
    Largest truncation error: 1.37764e-11
    Energy after sweep 80/87 is -150.271824440793
    Sweep 80/87 CPU time = 2h, 45m, 33s (Wall time = 11m, 3s)

    vN Entropy at center bond b=151 = 1.360775754750
    Eigs at center bond b=151: 0.4904 0.3272 0.0575 0.0411 0.0384 0.0233 0.0051 0.0035 0.0034 0.0028 
    Largest link dim during sweep 81/87 was 640
    Largest truncation error: 1.37821e-11
    Energy after sweep 81/87 is -150.271824440793
    Sweep 81/87 CPU time = 2h, 44m, 59s (Wall time = 11m, 0s)

    vN Entropy at center bond b=151 = 1.360775755706
    Eigs at center bond b=151: 0.4904 0.3272 0.0575 0.0411 0.0384 0.0233 0.0051 0.0035 0.0034 0.0028 
    Largest link dim during sweep 82/87 was 640
    Largest truncation error: 1.37841e-11
    Energy after sweep 82/87 is -150.271824440790
    Sweep 82/87 CPU time = 2h, 46m, 4s (Wall time = 11m, 4s)

    vN Entropy at center bond b=151 = 1.360777523234
    Eigs at center bond b=151: 0.4904 0.3272 0.0575 0.0411 0.0384 0.0233 0.0051 0.0035 0.0034 0.0028 
    Largest link dim during sweep 83/87 was 969
    Largest truncation error: 7.51319e-13
    Energy after sweep 83/87 is -150.271824458829
    Sweep 83/87 CPU time = 4h, 21m, 24s (Wall time = 18m, 39s)

    vN Entropy at center bond b=151 = 1.360778309915
    Eigs at center bond b=151: 0.4904 0.3272 0.0575 0.0411 0.0384 0.0233 0.0051 0.0035 0.0034 0.0028 
    Largest link dim during sweep 84/87 was 1280
    Largest truncation error: 1.1283e-13
    Energy after sweep 84/87 is -150.271824462264
    Sweep 84/87 CPU time = 8h, 47m, 45s (Wall time = 39m, 38s)

    vN Entropy at center bond b=151 = 1.360778398585
    Eigs at center bond b=151: 0.4904 0.3272 0.0575 0.0411 0.0384 0.0233 0.0051 0.0035 0.0034 0.0028 
    Largest link dim during sweep 85/87 was 1280
    Largest truncation error: 1.11218e-13
    Energy after sweep 85/87 is -150.271824462296
    Sweep 85/87 CPU time = 10h, 26m, 40s (Wall time = 45m, 10s)

    vN Entropy at center bond b=151 = 1.360778405563
    Eigs at center bond b=151: 0.4904 0.3272 0.0575 0.0411 0.0384 0.0233 0.0051 0.0035 0.0034 0.0028 
    Largest link dim during sweep 86/87 was 1280
    Largest truncation error: 1.12789e-13
    Energy after sweep 86/87 is -150.271824462297
    Sweep 86/87 CPU time = 10h, 27m, 8s (Wall time = 44m, 22s)

    vN Entropy at center bond b=151 = 1.360778406595
    Eigs at center bond b=151: 0.4904 0.3272 0.0575 0.0411 0.0384 0.0233 0.0051 0.0035 0.0034 0.0028 
    Largest link dim during sweep 87/87 was 1280
    Largest truncation error: 1.13405e-13
    Energy after sweep 87/87 is -150.271824462295
    Sweep 87/87 CPU time = 10h, 27m, 37s (Wall time = 43m, 58s)
Initial energy = 3.03300

Ground State Energy = -150.2718244623
run_outputs/outputpsi/N_303_sweep_87_t_0.030000_J_1.000000_V_0.600000_D_0.018000_U_1.500000_mu_0.020000_E_0.001000 converge
Wall-clock time (s) = 138845.527359
