//////////////////////////
Reading input file ......

Got input.N = 303
Got input.t = 0.03
Got input.J = 1
Got input.V = 0.6
Got input.D = 0.018
Got input.U = 0.1
Got input.mu = 0.1
Got input.E = 0.2
Got input.nsweeps = 87
Sweeps:
1  MaxDim=20, MinDim=20, Cutoff=1.0E-06, Niter=8, Noise=1.0E-05
2  MaxDim=20, MinDim=20, Cutoff=1.0E-06, Niter=8, Noise=1.0E-05
3  MaxDim=20, MinDim=20, Cutoff=1.0E-06, Niter=8, Noise=1.0E-05
4  MaxDim=20, MinDim=20, Cutoff=1.0E-06, Niter=8, Noise=1.0E-05
5  MaxDim=20, MinDim=20, Cutoff=1.0E-06, Niter=8, Noise=1.0E-05
6  MaxDim=20, MinDim=20, Cutoff=1.0E-06, Niter=8, Noise=1.0E-05
7  MaxDim=20, MinDim=20, Cutoff=1.0E-06, Niter=8, Noise=1.0E-05
8  MaxDim=40, MinDim=20, Cutoff=1.0E-06, Niter=4, Noise=1.0E-05
9  MaxDim=40, MinDim=20, Cutoff=1.0E-06, Niter=4, Noise=1.0E-05
10  MaxDim=40, MinDim=20, Cutoff=1.0E-06, Niter=4, Noise=1.0E-05
11  MaxDim=40, MinDim=20, Cutoff=1.0E-06, Niter=4, Noise=1.0E-05
12  MaxDim=40, MinDim=20, Cutoff=1.0E-06, Niter=4, Noise=1.0E-05
13  MaxDim=40, MinDim=20, Cutoff=1.0E-06, Niter=4, Noise=1.0E-05
14  MaxDim=40, MinDim=20, Cutoff=1.0E-06, Niter=4, Noise=1.0E-05
15  MaxDim=80, MinDim=10, Cutoff=1.0E-06, Niter=4, Noise=1.0E-05
16  MaxDim=80, MinDim=10, Cutoff=1.0E-06, Niter=4, Noise=1.0E-05
17  MaxDim=80, MinDim=10, Cutoff=1.0E-06, Niter=4, Noise=1.0E-05
18  MaxDim=80, MinDim=10, Cutoff=1.0E-06, Niter=4, Noise=1.0E-05
19  MaxDim=80, MinDim=10, Cutoff=1.0E-06, Niter=4, Noise=1.0E-05
20  MaxDim=80, MinDim=10, Cutoff=1.0E-06, Niter=4, Noise=1.0E-05
21  MaxDim=80, MinDim=10, Cutoff=1.0E-06, Niter=4, Noise=1.0E-05
22  MaxDim=80, MinDim=10, Cutoff=1.0E-06, Niter=4, Noise=1.0E-05
23  MaxDim=80, MinDim=10, Cutoff=1.0E-06, Niter=4, Noise=1.0E-05
24  MaxDim=80, MinDim=10, Cutoff=1.0E-06, Niter=4, Noise=1.0E-05
25  MaxDim=80, MinDim=10, Cutoff=1.0E-06, Niter=4, Noise=1.0E-05
26  MaxDim=80, MinDim=10, Cutoff=1.0E-06, Niter=4, Noise=1.0E-05
27  MaxDim=80, MinDim=10, Cutoff=1.0E-06, Niter=4, Noise=1.0E-05
28  MaxDim=80, MinDim=10, Cutoff=1.0E-06, Niter=4, Noise=1.0E-05
29  MaxDim=80, MinDim=10, Cutoff=1.0E-06, Niter=4, Noise=1.0E-05
30  MaxDim=80, MinDim=10, Cutoff=1.0E-06, Niter=4, Noise=1.0E-05
31  MaxDim=80, MinDim=10, Cutoff=1.0E-06, Niter=4, Noise=1.0E-05
32  MaxDim=80, MinDim=10, Cutoff=1.0E-06, Niter=4, Noise=1.0E-05
33  MaxDim=80, MinDim=10, Cutoff=1.0E-06, Niter=4, Noise=1.0E-05
34  MaxDim=80, MinDim=10, Cutoff=1.0E-06, Niter=4, Noise=1.0E-05
35  MaxDim=80, MinDim=10, Cutoff=1.0E-06, Niter=4, Noise=1.0E-05
36  MaxDim=80, MinDim=10, Cutoff=1.0E-06, Niter=4, Noise=1.0E-05
37  MaxDim=160, MinDim=10, Cutoff=1.0E-08, Niter=4, Noise=1.0E-06
38  MaxDim=160, MinDim=10, Cutoff=1.0E-08, Niter=4, Noise=1.0E-06
39  MaxDim=160, MinDim=10, Cutoff=1.0E-08, Niter=4, Noise=1.0E-06
40  MaxDim=160, MinDim=10, Cutoff=1.0E-08, Niter=4, Noise=1.0E-06
41  MaxDim=160, MinDim=10, Cutoff=1.0E-08, Niter=4, Noise=1.0E-06
42  MaxDim=160, MinDim=10, Cutoff=1.0E-08, Niter=4, Noise=1.0E-06
43  MaxDim=160, MinDim=10, Cutoff=1.0E-08, Niter=4, Noise=1.0E-06
44  MaxDim=160, MinDim=10, Cutoff=1.0E-08, Niter=4, Noise=1.0E-06
45  MaxDim=160, MinDim=10, Cutoff=1.0E-08, Niter=4, Noise=1.0E-06
46  MaxDim=160, MinDim=10, Cutoff=1.0E-08, Niter=4, Noise=1.0E-06
47  MaxDim=160, MinDim=10, Cutoff=1.0E-08, Niter=4, Noise=1.0E-06
48  MaxDim=160, MinDim=10, Cutoff=1.0E-08, Niter=4, Noise=1.0E-06
49  MaxDim=160, MinDim=10, Cutoff=1.0E-08, Niter=4, Noise=1.0E-06
50  MaxDim=160, MinDim=10, Cutoff=1.0E-08, Niter=4, Noise=1.0E-06
51  MaxDim=160, MinDim=10, Cutoff=1.0E-08, Niter=4, Noise=1.0E-06
52  MaxDim=160, MinDim=10, Cutoff=1.0E-08, Niter=4, Noise=1.0E-06
53  MaxDim=160, MinDim=10, Cutoff=1.0E-08, Niter=4, Noise=1.0E-06
54  MaxDim=160, MinDim=10, Cutoff=1.0E-08, Niter=4, Noise=1.0E-06
55  MaxDim=160, MinDim=10, Cutoff=1.0E-08, Niter=4, Noise=1.0E-06
56  MaxDim=160, MinDim=10, Cutoff=1.0E-08, Niter=4, Noise=1.0E-06
57  MaxDim=160, MinDim=10, Cutoff=1.0E-08, Niter=4, Noise=1.0E-06
58  MaxDim=160, MinDim=10, Cutoff=1.0E-08, Niter=4, Noise=1.0E-06
59  MaxDim=320, MinDim=10, Cutoff=1.0E-10, Niter=4, Noise=1.0E-07
60  MaxDim=320, MinDim=10, Cutoff=1.0E-10, Niter=4, Noise=1.0E-07
61  MaxDim=320, MinDim=10, Cutoff=1.0E-10, Niter=4, Noise=1.0E-07
62  MaxDim=320, MinDim=10, Cutoff=1.0E-10, Niter=4, Noise=1.0E-07
63  MaxDim=320, MinDim=10, Cutoff=1.0E-10, Niter=4, Noise=1.0E-07
64  MaxDim=320, MinDim=10, Cutoff=1.0E-10, Niter=4, Noise=1.0E-07
65  MaxDim=320, MinDim=10, Cutoff=1.0E-10, Niter=4, Noise=1.0E-07
66  MaxDim=320, MinDim=10, Cutoff=1.0E-10, Niter=4, Noise=1.0E-07
67  MaxDim=320, MinDim=10, Cutoff=1.0E-10, Niter=4, Noise=1.0E-07
68  MaxDim=320, MinDim=10, Cutoff=1.0E-10, Niter=4, Noise=1.0E-07
69  MaxDim=320, MinDim=10, Cutoff=1.0E-10, Niter=4, Noise=1.0E-07
70  MaxDim=320, MinDim=10, Cutoff=1.0E-10, Niter=4, Noise=1.0E-07
71  MaxDim=320, MinDim=10, Cutoff=1.0E-10, Niter=4, Noise=1.0E-07
72  MaxDim=320, MinDim=10, Cutoff=1.0E-10, Niter=4, Noise=1.0E-07
73  MaxDim=320, MinDim=10, Cutoff=1.0E-10, Niter=4, Noise=1.0E-07
74  MaxDim=320, MinDim=10, Cutoff=1.0E-10, Niter=4, Noise=1.0E-07
75  MaxDim=640, MinDim=10, Cutoff=1.0E-12, Niter=2, Noise=1.0E-08
76  MaxDim=640, MinDim=10, Cutoff=1.0E-12, Niter=2, Noise=1.0E-08
77  MaxDim=640, MinDim=10, Cutoff=1.0E-12, Niter=2, Noise=1.0E-08
78  MaxDim=640, MinDim=10, Cutoff=1.0E-12, Niter=2, Noise=1.0E-08
79  MaxDim=640, MinDim=10, Cutoff=1.0E-12, Niter=2, Noise=1.0E-08
80  MaxDim=640, MinDim=10, Cutoff=1.0E-12, Niter=2, Noise=1.0E-08
81  MaxDim=640, MinDim=10, Cutoff=1.0E-12, Niter=2, Noise=1.0E-08
82  MaxDim=640, MinDim=10, Cutoff=1.0E-12, Niter=2, Noise=1.0E-08
83  MaxDim=1280, MinDim=10, Cutoff=1.0E-12, Niter=2, Noise=0.0E+00
84  MaxDim=1280, MinDim=10, Cutoff=1.0E-14, Niter=2, Noise=0.0E+00
85  MaxDim=1280, MinDim=10, Cutoff=1.0E-14, Niter=2, Noise=0.0E+00
86  MaxDim=1280, MinDim=10, Cutoff=1.0E-14, Niter=2, Noise=0.0E+00
87  MaxDim=1280, MinDim=10, Cutoff=1.0E-14, Niter=2, Noise=0.0E+00


    vN Entropy at center bond b=151 = 0.700768347205
    Eigs at center bond b=151: 0.7860 0.1507 0.0482 0.0092 0.0041 
    Largest link dim during sweep 1/87 was 20
    Largest truncation error: 3.89111e-05
    Energy after sweep 1/87 is -189.967974662619
    Sweep 1/87 CPU time = 18.74s (Wall time = 1.215s)

    vN Entropy at center bond b=151 = 0.739517918039
    Eigs at center bond b=151: 0.7772 0.1494 0.0538 0.0103 0.0060 0.0014 
    Largest link dim during sweep 2/87 was 20
    Largest truncation error: 7.45527e-06
    Energy after sweep 2/87 is -189.990493489362
    Sweep 2/87 CPU time = 27.10s (Wall time = 1.740s)

    vN Entropy at center bond b=151 = 0.743208848870
    Eigs at center bond b=151: 0.7763 0.1496 0.0541 0.0103 0.0062 0.0014 
    Largest link dim during sweep 3/87 was 20
    Largest truncation error: 8.51854e-06
    Energy after sweep 3/87 is -189.990801376254
    Sweep 3/87 CPU time = 26.40s (Wall time = 1.689s)

    vN Entropy at center bond b=151 = 0.743556901465
    Eigs at center bond b=151: 0.7762 0.1496 0.0541 0.0103 0.0062 0.0014 
    Largest link dim during sweep 4/87 was 20
    Largest truncation error: 8.41846e-06
    Energy after sweep 4/87 is -189.990806132360
    Sweep 4/87 CPU time = 26.36s (Wall time = 1.687s)

    vN Entropy at center bond b=151 = 0.743586529428
    Eigs at center bond b=151: 0.7762 0.1496 0.0541 0.0103 0.0062 0.0014 
    Largest link dim during sweep 5/87 was 20
    Largest truncation error: 8.55234e-06
    Energy after sweep 5/87 is -189.990806765757
    Sweep 5/87 CPU time = 26.31s (Wall time = 1.685s)

    vN Entropy at center bond b=151 = 0.743589338938
    Eigs at center bond b=151: 0.7762 0.1496 0.0541 0.0103 0.0062 0.0014 
    Largest link dim during sweep 6/87 was 20
    Largest truncation error: 8.57933e-06
    Energy after sweep 6/87 is -189.990807064014
    Sweep 6/87 CPU time = 26.47s (Wall time = 1.698s)

    vN Entropy at center bond b=151 = 0.743589623180
    Eigs at center bond b=151: 0.7762 0.1496 0.0541 0.0103 0.0062 0.0014 
    Largest link dim during sweep 7/87 was 20
    Largest truncation error: 8.58501e-06
    Energy after sweep 7/87 is -189.990807187121
    Sweep 7/87 CPU time = 26.14s (Wall time = 1.677s)

    vN Entropy at center bond b=151 = 0.746692424455
    Eigs at center bond b=151: 0.7755 0.1497 0.0543 0.0104 0.0064 0.0015 0.0010 
    Largest link dim during sweep 8/87 was 35
    Largest truncation error: 7.67159e-07
    Energy after sweep 8/87 is -189.994932613226
    Sweep 8/87 CPU time = 18.83s (Wall time = 1.210s)

    vN Entropy at center bond b=151 = 0.749385894595
    Eigs at center bond b=151: 0.7749 0.1498 0.0545 0.0105 0.0065 0.0016 0.0010 
    Largest link dim during sweep 9/87 was 37
    Largest truncation error: 7.7456e-07
    Energy after sweep 9/87 is -189.995114599917
    Sweep 9/87 CPU time = 21.59s (Wall time = 1.384s)

    vN Entropy at center bond b=151 = 0.750197979098
    Eigs at center bond b=151: 0.7747 0.1498 0.0545 0.0105 0.0065 0.0016 0.0010 
    Largest link dim during sweep 10/87 was 38
    Largest truncation error: 7.69342e-07
    Energy after sweep 10/87 is -189.995145363979
    Sweep 10/87 CPU time = 21.77s (Wall time = 1.395s)

    vN Entropy at center bond b=151 = 0.750490155643
    Eigs at center bond b=151: 0.7746 0.1498 0.0545 0.0105 0.0065 0.0016 0.0010 
    Largest link dim during sweep 11/87 was 38
    Largest truncation error: 7.72978e-07
    Energy after sweep 11/87 is -189.995149494394
    Sweep 11/87 CPU time = 21.83s (Wall time = 1.398s)

    vN Entropy at center bond b=151 = 0.750608665312
    Eigs at center bond b=151: 0.7746 0.1498 0.0545 0.0105 0.0066 0.0016 0.0010 
    Largest link dim during sweep 12/87 was 38
    Largest truncation error: 7.73974e-07
    Energy after sweep 12/87 is -189.995149997973
    Sweep 12/87 CPU time = 21.92s (Wall time = 1.400s)

    vN Entropy at center bond b=151 = 0.750658575060
    Eigs at center bond b=151: 0.7746 0.1498 0.0546 0.0105 0.0066 0.0016 0.0010 
    Largest link dim during sweep 13/87 was 38
    Largest truncation error: 7.75173e-07
    Energy after sweep 13/87 is -189.995151832547
    Sweep 13/87 CPU time = 21.94s (Wall time = 1.402s)

    vN Entropy at center bond b=151 = 0.750680022226
    Eigs at center bond b=151: 0.7746 0.1498 0.0546 0.0105 0.0066 0.0016 0.0010 
    Largest link dim during sweep 14/87 was 38
    Largest truncation error: 7.76196e-07
    Energy after sweep 14/87 is -189.995152707426
    Sweep 14/87 CPU time = 21.93s (Wall time = 1.404s)

    vN Entropy at center bond b=151 = 0.750689376090
    Eigs at center bond b=151: 0.7746 0.1498 0.0546 0.0105 0.0066 0.0016 0.0010 
    Largest link dim during sweep 15/87 was 38
    Largest truncation error: 7.73767e-07
    Energy after sweep 15/87 is -189.995148416058
    Sweep 15/87 CPU time = 26.50s (Wall time = 1.721s)

    vN Entropy at center bond b=151 = 0.750693506939
    Eigs at center bond b=151: 0.7746 0.1498 0.0546 0.0105 0.0066 0.0016 0.0010 
    Largest link dim during sweep 16/87 was 38
    Largest truncation error: 7.74113e-07
    Energy after sweep 16/87 is -189.995148447149
    Sweep 16/87 CPU time = 23.23s (Wall time = 1.495s)

    vN Entropy at center bond b=151 = 0.750695351842
    Eigs at center bond b=151: 0.7746 0.1498 0.0546 0.0105 0.0066 0.0016 0.0010 
    Largest link dim during sweep 17/87 was 38
    Largest truncation error: 7.74276e-07
    Energy after sweep 17/87 is -189.995149076861
    Sweep 17/87 CPU time = 22.59s (Wall time = 1.457s)

    vN Entropy at center bond b=151 = 0.750696184461
    Eigs at center bond b=151: 0.7746 0.1498 0.0546 0.0105 0.0066 0.0016 0.0010 
    Largest link dim during sweep 18/87 was 38
    Largest truncation error: 7.74351e-07
    Energy after sweep 18/87 is -189.995149085976
    Sweep 18/87 CPU time = 21.80s (Wall time = 1.396s)

    vN Entropy at center bond b=151 = 0.750696563943
    Eigs at center bond b=151: 0.7746 0.1498 0.0546 0.0105 0.0066 0.0016 0.0010 
    Largest link dim during sweep 19/87 was 38
    Largest truncation error: 7.73905e-07
    Energy after sweep 19/87 is -189.995149085030
    Sweep 19/87 CPU time = 21.73s (Wall time = 1.392s)

    vN Entropy at center bond b=151 = 0.750696738513
    Eigs at center bond b=151: 0.7746 0.1498 0.0546 0.0105 0.0066 0.0016 0.0010 
    Largest link dim during sweep 20/87 was 38
    Largest truncation error: 7.73964e-07
    Energy after sweep 20/87 is -189.995149421100
    Sweep 20/87 CPU time = 21.92s (Wall time = 1.407s)

    vN Entropy at center bond b=151 = 0.750696819530
    Eigs at center bond b=151: 0.7746 0.1498 0.0546 0.0105 0.0066 0.0016 0.0010 
    Largest link dim during sweep 21/87 was 38
    Largest truncation error: 7.74003e-07
    Energy after sweep 21/87 is -189.995149416700
    Sweep 21/87 CPU time = 21.84s (Wall time = 1.401s)

    vN Entropy at center bond b=151 = 0.750696857439
    Eigs at center bond b=151: 0.7746 0.1498 0.0546 0.0105 0.0066 0.0016 0.0010 
    Largest link dim during sweep 22/87 was 38
    Largest truncation error: 7.74029e-07
    Energy after sweep 22/87 is -189.995149412006
    Sweep 22/87 CPU time = 21.77s (Wall time = 1.391s)

    vN Entropy at center bond b=151 = 0.750696875315
    Eigs at center bond b=151: 0.7746 0.1498 0.0546 0.0105 0.0066 0.0016 0.0010 
    Largest link dim during sweep 23/87 was 38
    Largest truncation error: 7.74046e-07
    Energy after sweep 23/87 is -189.995149409364
    Sweep 23/87 CPU time = 21.89s (Wall time = 1.402s)

    vN Entropy at center bond b=151 = 0.750696883805
    Eigs at center bond b=151: 0.7746 0.1498 0.0546 0.0105 0.0066 0.0016 0.0010 
    Largest link dim during sweep 24/87 was 38
    Largest truncation error: 7.74058e-07
    Energy after sweep 24/87 is -189.995149407899
    Sweep 24/87 CPU time = 21.62s (Wall time = 1.387s)

    vN Entropy at center bond b=151 = 0.750696887862
    Eigs at center bond b=151: 0.7746 0.1498 0.0546 0.0105 0.0066 0.0016 0.0010 
    Largest link dim during sweep 25/87 was 38
    Largest truncation error: 7.74066e-07
    Energy after sweep 25/87 is -189.995149406868
    Sweep 25/87 CPU time = 21.80s (Wall time = 1.396s)

    vN Entropy at center bond b=151 = 0.750696889814
    Eigs at center bond b=151: 0.7746 0.1498 0.0546 0.0105 0.0066 0.0016 0.0010 
    Largest link dim during sweep 26/87 was 38
    Largest truncation error: 7.74072e-07
    Energy after sweep 26/87 is -189.995149405867
    Sweep 26/87 CPU time = 21.39s (Wall time = 1.369s)

    vN Entropy at center bond b=151 = 0.750696890757
    Eigs at center bond b=151: 0.7746 0.1498 0.0546 0.0105 0.0066 0.0016 0.0010 
    Largest link dim during sweep 27/87 was 38
    Largest truncation error: 7.74076e-07
    Energy after sweep 27/87 is -189.995149404688
    Sweep 27/87 CPU time = 21.90s (Wall time = 1.405s)

    vN Entropy at center bond b=151 = 0.750696891215
    Eigs at center bond b=151: 0.7746 0.1498 0.0546 0.0105 0.0066 0.0016 0.0010 
    Largest link dim during sweep 28/87 was 38
    Largest truncation error: 7.74079e-07
    Energy after sweep 28/87 is -189.995149403255
    Sweep 28/87 CPU time = 21.67s (Wall time = 1.392s)

    vN Entropy at center bond b=151 = 0.750696891439
    Eigs at center bond b=151: 0.7746 0.1498 0.0546 0.0105 0.0066 0.0016 0.0010 
    Largest link dim during sweep 29/87 was 38
    Largest truncation error: 7.7408e-07
    Energy after sweep 29/87 is -189.995149401547
    Sweep 29/87 CPU time = 21.81s (Wall time = 1.394s)

    vN Entropy at center bond b=151 = 0.750696891548
    Eigs at center bond b=151: 0.7746 0.1498 0.0546 0.0105 0.0066 0.0016 0.0010 
    Largest link dim during sweep 30/87 was 38
    Largest truncation error: 7.74082e-07
    Energy after sweep 30/87 is -189.995149399589
    Sweep 30/87 CPU time = 21.62s (Wall time = 1.385s)

    vN Entropy at center bond b=151 = 0.750696891603
    Eigs at center bond b=151: 0.7746 0.1498 0.0546 0.0105 0.0066 0.0016 0.0010 
    Largest link dim during sweep 31/87 was 38
    Largest truncation error: 7.74083e-07
    Energy after sweep 31/87 is -189.995149397400
    Sweep 31/87 CPU time = 21.72s (Wall time = 1.394s)

    vN Entropy at center bond b=151 = 0.750696891629
    Eigs at center bond b=151: 0.7746 0.1498 0.0546 0.0105 0.0066 0.0016 0.0010 
    Largest link dim during sweep 32/87 was 38
    Largest truncation error: 7.74083e-07
    Energy after sweep 32/87 is -189.995149395023
    Sweep 32/87 CPU time = 21.76s (Wall time = 1.393s)

    vN Entropy at center bond b=151 = 0.750696891642
    Eigs at center bond b=151: 0.7746 0.1498 0.0546 0.0105 0.0066 0.0016 0.0010 
    Largest link dim during sweep 33/87 was 38
    Largest truncation error: 7.74084e-07
    Energy after sweep 33/87 is -189.995149392477
    Sweep 33/87 CPU time = 21.73s (Wall time = 1.394s)

    vN Entropy at center bond b=151 = 0.750696891649
    Eigs at center bond b=151: 0.7746 0.1498 0.0546 0.0105 0.0066 0.0016 0.0010 
    Largest link dim during sweep 34/87 was 38
    Largest truncation error: 7.74084e-07
    Energy after sweep 34/87 is -189.995149389783
    Sweep 34/87 CPU time = 22.73s (Wall time = 1.472s)

    vN Entropy at center bond b=151 = 0.750696891651
    Eigs at center bond b=151: 0.7746 0.1498 0.0546 0.0105 0.0066 0.0016 0.0010 
    Largest link dim during sweep 35/87 was 38
    Largest truncation error: 7.74084e-07
    Energy after sweep 35/87 is -189.995149386957
    Sweep 35/87 CPU time = 21.23s (Wall time = 1.361s)

    vN Entropy at center bond b=151 = 0.750696891653
    Eigs at center bond b=151: 0.7746 0.1498 0.0546 0.0105 0.0066 0.0016 0.0010 
    Largest link dim during sweep 36/87 was 38
    Largest truncation error: 7.74084e-07
    Energy after sweep 36/87 is -189.995149384005
    Sweep 36/87 CPU time = 21.84s (Wall time = 1.395s)

    vN Entropy at center bond b=151 = 0.753372042812
    Eigs at center bond b=151: 0.7739 0.1501 0.0547 0.0105 0.0067 0.0016 0.0011 
    Largest link dim during sweep 37/87 was 79
    Largest truncation error: 8.16013e-09
    Energy after sweep 37/87 is -189.996401862255
    Sweep 37/87 CPU time = 59.13s (Wall time = 3.808s)

    vN Entropy at center bond b=151 = 0.755920179350
    Eigs at center bond b=151: 0.7734 0.1501 0.0548 0.0106 0.0068 0.0017 0.0011 
    Largest link dim during sweep 38/87 was 89
    Largest truncation error: 8.22306e-09
    Energy after sweep 38/87 is -189.996477846012
    Sweep 38/87 CPU time = 1m, 45.3s (Wall time = 6.818s)

    vN Entropy at center bond b=151 = 0.756426399663
    Eigs at center bond b=151: 0.7733 0.1501 0.0549 0.0106 0.0068 0.0017 0.0011 
    Largest link dim during sweep 39/87 was 92
    Largest truncation error: 8.25145e-09
    Energy after sweep 39/87 is -189.996484675946
    Sweep 39/87 CPU time = 2m, 0.3s (Wall time = 7.714s)

    vN Entropy at center bond b=151 = 0.756541567801
    Eigs at center bond b=151: 0.7732 0.1501 0.0549 0.0106 0.0068 0.0017 0.0011 
    Largest link dim during sweep 40/87 was 93
    Largest truncation error: 8.25747e-09
    Energy after sweep 40/87 is -189.996486273627
    Sweep 40/87 CPU time = 2m, 1.0s (Wall time = 7.763s)

    vN Entropy at center bond b=151 = 0.756582581677
    Eigs at center bond b=151: 0.7732 0.1501 0.0549 0.0106 0.0068 0.0017 0.0011 
    Largest link dim during sweep 41/87 was 93
    Largest truncation error: 8.25943e-09
    Energy after sweep 41/87 is -189.996486500934
    Sweep 41/87 CPU time = 2m, 9.7s (Wall time = 8.388s)

    vN Entropy at center bond b=151 = 0.756603082835
    Eigs at center bond b=151: 0.7732 0.1501 0.0549 0.0106 0.0068 0.0017 0.0011 
    Largest link dim during sweep 42/87 was 93
    Largest truncation error: 8.26036e-09
    Energy after sweep 42/87 is -189.996486857431
    Sweep 42/87 CPU time = 2m, 9.9s (Wall time = 8.337s)

    vN Entropy at center bond b=151 = 0.756614904812
    Eigs at center bond b=151: 0.7732 0.1501 0.0549 0.0106 0.0068 0.0017 0.0011 
    Largest link dim during sweep 43/87 was 94
    Largest truncation error: 8.26086e-09
    Energy after sweep 43/87 is -189.996487169279
    Sweep 43/87 CPU time = 2m, 12.7s (Wall time = 8.511s)

    vN Entropy at center bond b=151 = 0.756628160635
    Eigs at center bond b=151: 0.7732 0.1501 0.0549 0.0106 0.0068 0.0017 0.0011 
    Largest link dim during sweep 44/87 was 94
    Largest truncation error: 8.26114e-09
    Energy after sweep 44/87 is -189.996487489066
    Sweep 44/87 CPU time = 2m, 6.5s (Wall time = 8.121s)

    vN Entropy at center bond b=151 = 0.756638747226
    Eigs at center bond b=151: 0.7732 0.1501 0.0549 0.0106 0.0068 0.0017 0.0011 
    Largest link dim during sweep 45/87 was 94
    Largest truncation error: 8.26131e-09
    Energy after sweep 45/87 is -189.996487756106
    Sweep 45/87 CPU time = 2m, 9.0s (Wall time = 8.330s)

    vN Entropy at center bond b=151 = 0.756653056791
    Eigs at center bond b=151: 0.7732 0.1501 0.0549 0.0106 0.0068 0.0017 0.0011 
    Largest link dim during sweep 46/87 was 94
    Largest truncation error: 8.26141e-09
    Energy after sweep 46/87 is -189.996488244933
    Sweep 46/87 CPU time = 2m, 7.4s (Wall time = 8.176s)

    vN Entropy at center bond b=151 = 0.756664298159
    Eigs at center bond b=151: 0.7732 0.1501 0.0549 0.0106 0.0068 0.0017 0.0011 
    Largest link dim during sweep 47/87 was 94
    Largest truncation error: 8.26148e-09
    Energy after sweep 47/87 is -189.996488283959
    Sweep 47/87 CPU time = 2m, 8.5s (Wall time = 8.251s)

    vN Entropy at center bond b=151 = 0.756671534374
    Eigs at center bond b=151: 0.7732 0.1501 0.0549 0.0106 0.0068 0.0017 0.0011 
    Largest link dim during sweep 48/87 was 94
    Largest truncation error: 8.26153e-09
    Energy after sweep 48/87 is -189.996488309309
    Sweep 48/87 CPU time = 2m, 9.0s (Wall time = 8.282s)

    vN Entropy at center bond b=151 = 0.756675494872
    Eigs at center bond b=151: 0.7732 0.1501 0.0549 0.0106 0.0068 0.0017 0.0011 
    Largest link dim during sweep 49/87 was 94
    Largest truncation error: 8.26157e-09
    Energy after sweep 49/87 is -189.996488320590
    Sweep 49/87 CPU time = 2m, 8.8s (Wall time = 8.260s)

    vN Entropy at center bond b=151 = 0.756677467856
    Eigs at center bond b=151: 0.7732 0.1501 0.0549 0.0106 0.0068 0.0017 0.0011 
    Largest link dim during sweep 50/87 was 94
    Largest truncation error: 8.26158e-09
    Energy after sweep 50/87 is -189.996488326307
    Sweep 50/87 CPU time = 2m, 11.0s (Wall time = 8.468s)

    vN Entropy at center bond b=151 = 0.756678404052
    Eigs at center bond b=151: 0.7732 0.1501 0.0549 0.0106 0.0068 0.0017 0.0011 
    Largest link dim during sweep 51/87 was 94
    Largest truncation error: 8.26159e-09
    Energy after sweep 51/87 is -189.996488332253
    Sweep 51/87 CPU time = 2m, 9.7s (Wall time = 8.336s)

    vN Entropy at center bond b=151 = 0.756678837372
    Eigs at center bond b=151: 0.7732 0.1501 0.0549 0.0106 0.0068 0.0017 0.0011 
    Largest link dim during sweep 52/87 was 94
    Largest truncation error: 8.26159e-09
    Energy after sweep 52/87 is -189.996488333908
    Sweep 52/87 CPU time = 2m, 9.6s (Wall time = 8.314s)

    vN Entropy at center bond b=151 = 0.756679035377
    Eigs at center bond b=151: 0.7732 0.1501 0.0549 0.0106 0.0068 0.0017 0.0011 
    Largest link dim during sweep 53/87 was 94
    Largest truncation error: 8.2616e-09
    Energy after sweep 53/87 is -189.996488333693
    Sweep 53/87 CPU time = 2m, 9.6s (Wall time = 8.318s)

    vN Entropy at center bond b=151 = 0.756679125246
    Eigs at center bond b=151: 0.7732 0.1501 0.0549 0.0106 0.0068 0.0017 0.0011 
    Largest link dim during sweep 54/87 was 94
    Largest truncation error: 8.2616e-09
    Energy after sweep 54/87 is -189.996488333512
    Sweep 54/87 CPU time = 2m, 9.6s (Wall time = 8.313s)

    vN Entropy at center bond b=151 = 0.756679165890
    Eigs at center bond b=151: 0.7732 0.1501 0.0549 0.0106 0.0068 0.0017 0.0011 
    Largest link dim during sweep 55/87 was 94
    Largest truncation error: 8.26161e-09
    Energy after sweep 55/87 is -189.996488333402
    Sweep 55/87 CPU time = 2m, 14.2s (Wall time = 8.633s)

    vN Entropy at center bond b=151 = 0.756679184236
    Eigs at center bond b=151: 0.7732 0.1501 0.0549 0.0106 0.0068 0.0017 0.0011 
    Largest link dim during sweep 56/87 was 94
    Largest truncation error: 8.26161e-09
    Energy after sweep 56/87 is -189.996488333339
    Sweep 56/87 CPU time = 2m, 9.9s (Wall time = 8.330s)

    vN Entropy at center bond b=151 = 0.756679192506
    Eigs at center bond b=151: 0.7732 0.1501 0.0549 0.0106 0.0068 0.0017 0.0011 
    Largest link dim during sweep 57/87 was 94
    Largest truncation error: 8.26161e-09
    Energy after sweep 57/87 is -189.996488333299
    Sweep 57/87 CPU time = 2m, 9.9s (Wall time = 8.355s)

    vN Entropy at center bond b=151 = 0.756679196233
    Eigs at center bond b=151: 0.7732 0.1501 0.0549 0.0106 0.0068 0.0017 0.0011 
    Largest link dim during sweep 58/87 was 94
    Largest truncation error: 8.26161e-09
    Energy after sweep 58/87 is -189.996488333277
    Sweep 58/87 CPU time = 2m, 12.0s (Wall time = 8.498s)

    vN Entropy at center bond b=151 = 0.756819687684
    Eigs at center bond b=151: 0.7732 0.1502 0.0549 0.0106 0.0068 0.0017 0.0011 
    Largest link dim during sweep 59/87 was 187
    Largest truncation error: 7.81963e-11
    Energy after sweep 59/87 is -189.996501619907
    Sweep 59/87 CPU time = 6m, 27.6s (Wall time = 25.23s)

    vN Entropy at center bond b=151 = 0.756891748663
    Eigs at center bond b=151: 0.7732 0.1502 0.0549 0.0106 0.0068 0.0017 0.0011 
    Largest link dim during sweep 60/87 was 202
    Largest truncation error: 7.82059e-11
    Energy after sweep 60/87 is -189.996502022959
    Sweep 60/87 CPU time = 10m, 54s (Wall time = 44.02s)

    vN Entropy at center bond b=151 = 0.756904802001
    Eigs at center bond b=151: 0.7732 0.1502 0.0549 0.0106 0.0068 0.0017 0.0011 
    Largest link dim during sweep 61/87 was 204
    Largest truncation error: 7.82082e-11
    Energy after sweep 61/87 is -189.996502064301
    Sweep 61/87 CPU time = 12m, 4s (Wall time = 47.87s)

    vN Entropy at center bond b=151 = 0.756907693626
    Eigs at center bond b=151: 0.7732 0.1502 0.0549 0.0106 0.0068 0.0017 0.0011 
    Largest link dim during sweep 62/87 was 204
    Largest truncation error: 7.82094e-11
    Energy after sweep 62/87 is -189.996502071125
    Sweep 62/87 CPU time = 12m, 26s (Wall time = 49.38s)

    vN Entropy at center bond b=151 = 0.756908640879
    Eigs at center bond b=151: 0.7732 0.1502 0.0549 0.0106 0.0068 0.0017 0.0011 
    Largest link dim during sweep 63/87 was 204
    Largest truncation error: 7.82098e-11
    Energy after sweep 63/87 is -189.996502075223
    Sweep 63/87 CPU time = 12m, 25s (Wall time = 49.15s)

    vN Entropy at center bond b=151 = 0.756909054027
    Eigs at center bond b=151: 0.7732 0.1502 0.0549 0.0106 0.0068 0.0017 0.0011 
    Largest link dim during sweep 64/87 was 204
    Largest truncation error: 7.821e-11
    Energy after sweep 64/87 is -189.996502075710
    Sweep 64/87 CPU time = 11m, 41s (Wall time = 45.82s)

    vN Entropy at center bond b=151 = 0.756909223892
    Eigs at center bond b=151: 0.7732 0.1502 0.0549 0.0106 0.0068 0.0017 0.0011 
    Largest link dim during sweep 65/87 was 204
    Largest truncation error: 7.82104e-11
    Energy after sweep 65/87 is -189.996502075848
    Sweep 65/87 CPU time = 11m, 48s (Wall time = 46.59s)

    vN Entropy at center bond b=151 = 0.756909335168
    Eigs at center bond b=151: 0.7732 0.1502 0.0549 0.0106 0.0068 0.0017 0.0011 
    Largest link dim during sweep 66/87 was 204
    Largest truncation error: 7.82103e-11
    Energy after sweep 66/87 is -189.996502076091
    Sweep 66/87 CPU time = 11m, 39s (Wall time = 45.93s)

    vN Entropy at center bond b=151 = 0.756909384030
    Eigs at center bond b=151: 0.7732 0.1502 0.0549 0.0106 0.0068 0.0017 0.0011 
    Largest link dim during sweep 67/87 was 205
    Largest truncation error: 7.82102e-11
    Energy after sweep 67/87 is -189.996502076241
    Sweep 67/87 CPU time = 11m, 36s (Wall time = 45.59s)

    vN Entropy at center bond b=151 = 0.756909407789
    Eigs at center bond b=151: 0.7732 0.1502 0.0549 0.0106 0.0068 0.0017 0.0011 
    Largest link dim during sweep 68/87 was 205
    Largest truncation error: 7.82103e-11
    Energy after sweep 68/87 is -189.996502076453
    Sweep 68/87 CPU time = 11m, 42s (Wall time = 45.79s)

    vN Entropy at center bond b=151 = 0.756909424807
    Eigs at center bond b=151: 0.7732 0.1502 0.0549 0.0106 0.0068 0.0017 0.0011 
    Largest link dim during sweep 69/87 was 205
    Largest truncation error: 7.82105e-11
    Energy after sweep 69/87 is -189.996502077712
    Sweep 69/87 CPU time = 11m, 39s (Wall time = 45.35s)

    vN Entropy at center bond b=151 = 0.756909445807
    Eigs at center bond b=151: 0.7732 0.1502 0.0549 0.0106 0.0068 0.0017 0.0011 
    Largest link dim during sweep 70/87 was 205
    Largest truncation error: 7.82103e-11
    Energy after sweep 70/87 is -189.996502077733
    Sweep 70/87 CPU time = 11m, 49s (Wall time = 46.17s)

    vN Entropy at center bond b=151 = 0.756909453362
    Eigs at center bond b=151: 0.7732 0.1502 0.0549 0.0106 0.0068 0.0017 0.0011 
    Largest link dim during sweep 71/87 was 205
    Largest truncation error: 7.82101e-11
    Energy after sweep 71/87 is -189.996502077738
    Sweep 71/87 CPU time = 11m, 37s (Wall time = 45.53s)

    vN Entropy at center bond b=151 = 0.756909456722
    Eigs at center bond b=151: 0.7732 0.1502 0.0549 0.0106 0.0068 0.0017 0.0011 
    Largest link dim during sweep 72/87 was 205
    Largest truncation error: 7.82105e-11
    Energy after sweep 72/87 is -189.996502077728
    Sweep 72/87 CPU time = 11m, 32s (Wall time = 44.63s)

    vN Entropy at center bond b=151 = 0.756909458393
    Eigs at center bond b=151: 0.7732 0.1502 0.0549 0.0106 0.0068 0.0017 0.0011 
    Largest link dim during sweep 73/87 was 205
    Largest truncation error: 7.82102e-11
    Energy after sweep 73/87 is -189.996502077744
    Sweep 73/87 CPU time = 11m, 32s (Wall time = 44.73s)

    vN Entropy at center bond b=151 = 0.756909459281
    Eigs at center bond b=151: 0.7732 0.1502 0.0549 0.0106 0.0068 0.0017 0.0011 
    Largest link dim during sweep 74/87 was 205
    Largest truncation error: 7.82103e-11
    Energy after sweep 74/87 is -189.996502077740
    Sweep 74/87 CPU time = 11m, 32s (Wall time = 44.79s)

    vN Entropy at center bond b=151 = 0.756914088708
    Eigs at center bond b=151: 0.7732 0.1502 0.0549 0.0106 0.0068 0.0017 0.0011 
    Largest link dim during sweep 75/87 was 384
    Largest truncation error: 8.04925e-13
    Energy after sweep 75/87 is -189.996502231116
    Sweep 75/87 CPU time = 26m, 19s (Wall time = 1m, 46.6s)

    vN Entropy at center bond b=151 = 0.756915833002
    Eigs at center bond b=151: 0.7732 0.1502 0.0549 0.0106 0.0068 0.0017 0.0011 
    Largest link dim during sweep 76/87 was 411
    Largest truncation error: 8.04719e-13
    Energy after sweep 76/87 is -189.996502237374
    Sweep 76/87 CPU time = 48m, 28s (Wall time = 3m, 13.5s)

    vN Entropy at center bond b=151 = 0.756916608247
    Eigs at center bond b=151: 0.7732 0.1502 0.0549 0.0106 0.0068 0.0017 0.0011 
    Largest link dim during sweep 77/87 was 404
    Largest truncation error: 8.04706e-13
    Energy after sweep 77/87 is -189.996502238792
    Sweep 77/87 CPU time = 46m, 21s (Wall time = 3m, 3.7s)

    vN Entropy at center bond b=151 = 0.756916982031
    Eigs at center bond b=151: 0.7732 0.1502 0.0549 0.0106 0.0068 0.0017 0.0011 
    Largest link dim during sweep 78/87 was 402
    Largest truncation error: 8.04969e-13
    Energy after sweep 78/87 is -189.996502239239
    Sweep 78/87 CPU time = 45m, 24s (Wall time = 3m, 2.5s)

    vN Entropy at center bond b=151 = 0.756917186670
    Eigs at center bond b=151: 0.7732 0.1502 0.0549 0.0106 0.0068 0.0017 0.0011 
    Largest link dim during sweep 79/87 was 402
    Largest truncation error: 8.04885e-13
    Energy after sweep 79/87 is -189.996502239431
    Sweep 79/87 CPU time = 43m, 43s (Wall time = 2m, 54.2s)

    vN Entropy at center bond b=151 = 0.756917306264
    Eigs at center bond b=151: 0.7732 0.1502 0.0549 0.0106 0.0068 0.0017 0.0011 
    Largest link dim during sweep 80/87 was 402
    Largest truncation error: 8.04972e-13
    Energy after sweep 80/87 is -189.996502239536
    Sweep 80/87 CPU time = 42m, 41s (Wall time = 2m, 45.7s)

    vN Entropy at center bond b=151 = 0.756917378878
    Eigs at center bond b=151: 0.7732 0.1502 0.0549 0.0106 0.0068 0.0017 0.0011 
    Largest link dim during sweep 81/87 was 402
    Largest truncation error: 8.05027e-13
    Energy after sweep 81/87 is -189.996502239599
    Sweep 81/87 CPU time = 43m, 28s (Wall time = 2m, 48.8s)

    vN Entropy at center bond b=151 = 0.756917424397
    Eigs at center bond b=151: 0.7732 0.1502 0.0549 0.0106 0.0068 0.0017 0.0011 
    Largest link dim during sweep 82/87 was 402
    Largest truncation error: 8.04977e-13
    Energy after sweep 82/87 is -189.996502239635
    Sweep 82/87 CPU time = 43m, 10s (Wall time = 2m, 47.9s)

    vN Entropy at center bond b=151 = 0.756917805872
    Eigs at center bond b=151: 0.7732 0.1502 0.0549 0.0106 0.0068 0.0017 0.0011 
    Largest link dim during sweep 83/87 was 382
    Largest truncation error: 7.72459e-13
    Energy after sweep 83/87 is -189.996502239287
    Sweep 83/87 CPU time = 35m, 36s (Wall time = 2m, 18.1s)

    vN Entropy at center bond b=151 = 0.756917856133
    Eigs at center bond b=151: 0.7732 0.1502 0.0549 0.0106 0.0068 0.0017 0.0011 
    Largest link dim during sweep 84/87 was 695
    Largest truncation error: 7.73154e-15
    Energy after sweep 84/87 is -189.996502241464
    Sweep 84/87 CPU time = 1h, 34m, 33s (Wall time = 6m, 22.5s)

    vN Entropy at center bond b=151 = 0.756917913381
    Eigs at center bond b=151: 0.7732 0.1502 0.0549 0.0106 0.0068 0.0017 0.0011 
    Largest link dim during sweep 85/87 was 747
    Largest truncation error: 7.73072e-15
    Energy after sweep 85/87 is -189.996502241564
    Sweep 85/87 CPU time = 2h, 51m, 45s (Wall time = 11m, 27s)

    vN Entropy at center bond b=151 = 0.756917940108
    Eigs at center bond b=151: 0.7732 0.1502 0.0549 0.0106 0.0068 0.0017 0.0011 
    Largest link dim during sweep 86/87 was 736
    Largest truncation error: 7.7315e-15
    Energy after sweep 86/87 is -189.996502241578
    Sweep 86/87 CPU time = 2h, 55m, 36s (Wall time = 11m, 42s)

    vN Entropy at center bond b=151 = 0.756917953501
    Eigs at center bond b=151: 0.7732 0.1502 0.0549 0.0106 0.0068 0.0017 0.0011 
    Largest link dim during sweep 87/87 was 725
    Largest truncation error: 7.7305e-15
    Energy after sweep 87/87 is -189.996502241592
    Sweep 87/87 CPU time = 2h, 55m, 48s (Wall time = 11m, 41s)
Initial energy = 15.75000

Ground State Energy = -189.9965022416
run_outputs/outputpsi/N_303_sweep_87_t_0.030000_J_1.000000_V_0.600000_D_0.018000_U_0.100000_mu_0.100000_E_0.200000 converge
Wall-clock time (s) = 31123.881310
