//////////////////////////
Reading input file ......

Got input.N = 300
Got input.t = 0.03
Got input.J = 1
Got input.V = 0.6
Got input.D = 0.018
Got input.U = 0.1
Got input.mu = 0.1
Got input.E = 0.1
Got input.nsweeps = 87
Sweeps:
1  MaxDim=20, MinDim=20, Cutoff=1.0E-06, Niter=8, Noise=1.0E-05
2  MaxDim=20, MinDim=20, Cutoff=1.0E-06, Niter=8, Noise=1.0E-05
3  MaxDim=20, MinDim=20, Cutoff=1.0E-06, Niter=8, Noise=1.0E-05
4  MaxDim=20, MinDim=20, Cutoff=1.0E-06, Niter=8, Noise=1.0E-05
5  MaxDim=20, MinDim=20, Cutoff=1.0E-06, Niter=8, Noise=1.0E-05
6  MaxDim=20, MinDim=20, Cutoff=1.0E-06, Niter=8, Noise=1.0E-05
7  MaxDim=20, MinDim=20, Cutoff=1.0E-06, Niter=8, Noise=1.0E-05
8  MaxDim=40, MinDim=20, Cutoff=1.0E-06, Niter=4, Noise=1.0E-05
9  MaxDim=40, MinDim=20, Cutoff=1.0E-06, Niter=4, Noise=1.0E-05
10  MaxDim=40, MinDim=20, Cutoff=1.0E-06, Niter=4, Noise=1.0E-05
11  MaxDim=40, MinDim=20, Cutoff=1.0E-06, Niter=4, Noise=1.0E-05
12  MaxDim=40, MinDim=20, Cutoff=1.0E-06, Niter=4, Noise=1.0E-05
13  MaxDim=40, MinDim=20, Cutoff=1.0E-06, Niter=4, Noise=1.0E-05
14  MaxDim=40, MinDim=20, Cutoff=1.0E-06, Niter=4, Noise=1.0E-05
15  MaxDim=80, MinDim=10, Cutoff=1.0E-06, Niter=4, Noise=1.0E-05
16  MaxDim=80, MinDim=10, Cutoff=1.0E-06, Niter=4, Noise=1.0E-05
17  MaxDim=80, MinDim=10, Cutoff=1.0E-06, Niter=4, Noise=1.0E-05
18  MaxDim=80, MinDim=10, Cutoff=1.0E-06, Niter=4, Noise=1.0E-05
19  MaxDim=80, MinDim=10, Cutoff=1.0E-06, Niter=4, Noise=1.0E-05
20  MaxDim=80, MinDim=10, Cutoff=1.0E-06, Niter=4, Noise=1.0E-05
21  MaxDim=80, MinDim=10, Cutoff=1.0E-06, Niter=4, Noise=1.0E-05
22  MaxDim=80, MinDim=10, Cutoff=1.0E-06, Niter=4, Noise=1.0E-05
23  MaxDim=80, MinDim=10, Cutoff=1.0E-06, Niter=4, Noise=1.0E-05
24  MaxDim=80, MinDim=10, Cutoff=1.0E-06, Niter=4, Noise=1.0E-05
25  MaxDim=80, MinDim=10, Cutoff=1.0E-06, Niter=4, Noise=1.0E-05
26  MaxDim=80, MinDim=10, Cutoff=1.0E-06, Niter=4, Noise=1.0E-05
27  MaxDim=80, MinDim=10, Cutoff=1.0E-06, Niter=4, Noise=1.0E-05
28  MaxDim=80, MinDim=10, Cutoff=1.0E-06, Niter=4, Noise=1.0E-05
29  MaxDim=80, MinDim=10, Cutoff=1.0E-06, Niter=4, Noise=1.0E-05
30  MaxDim=80, MinDim=10, Cutoff=1.0E-06, Niter=4, Noise=1.0E-05
31  MaxDim=80, MinDim=10, Cutoff=1.0E-06, Niter=4, Noise=1.0E-05
32  MaxDim=80, MinDim=10, Cutoff=1.0E-06, Niter=4, Noise=1.0E-05
33  MaxDim=80, MinDim=10, Cutoff=1.0E-06, Niter=4, Noise=1.0E-05
34  MaxDim=80, MinDim=10, Cutoff=1.0E-06, Niter=4, Noise=1.0E-05
35  MaxDim=80, MinDim=10, Cutoff=1.0E-06, Niter=4, Noise=1.0E-05
36  MaxDim=80, MinDim=10, Cutoff=1.0E-06, Niter=4, Noise=1.0E-05
37  MaxDim=160, MinDim=10, Cutoff=1.0E-08, Niter=4, Noise=1.0E-06
38  MaxDim=160, MinDim=10, Cutoff=1.0E-08, Niter=4, Noise=1.0E-06
39  MaxDim=160, MinDim=10, Cutoff=1.0E-08, Niter=4, Noise=1.0E-06
40  MaxDim=160, MinDim=10, Cutoff=1.0E-08, Niter=4, Noise=1.0E-06
41  MaxDim=160, MinDim=10, Cutoff=1.0E-08, Niter=4, Noise=1.0E-06
42  MaxDim=160, MinDim=10, Cutoff=1.0E-08, Niter=4, Noise=1.0E-06
43  MaxDim=160, MinDim=10, Cutoff=1.0E-08, Niter=4, Noise=1.0E-06
44  MaxDim=160, MinDim=10, Cutoff=1.0E-08, Niter=4, Noise=1.0E-06
45  MaxDim=160, MinDim=10, Cutoff=1.0E-08, Niter=4, Noise=1.0E-06
46  MaxDim=160, MinDim=10, Cutoff=1.0E-08, Niter=4, Noise=1.0E-06
47  MaxDim=160, MinDim=10, Cutoff=1.0E-08, Niter=4, Noise=1.0E-06
48  MaxDim=160, MinDim=10, Cutoff=1.0E-08, Niter=4, Noise=1.0E-06
49  MaxDim=160, MinDim=10, Cutoff=1.0E-08, Niter=4, Noise=1.0E-06
50  MaxDim=160, MinDim=10, Cutoff=1.0E-08, Niter=4, Noise=1.0E-06
51  MaxDim=160, MinDim=10, Cutoff=1.0E-08, Niter=4, Noise=1.0E-06
52  MaxDim=160, MinDim=10, Cutoff=1.0E-08, Niter=4, Noise=1.0E-06
53  MaxDim=160, MinDim=10, Cutoff=1.0E-08, Niter=4, Noise=1.0E-06
54  MaxDim=160, MinDim=10, Cutoff=1.0E-08, Niter=4, Noise=1.0E-06
55  MaxDim=160, MinDim=10, Cutoff=1.0E-08, Niter=4, Noise=1.0E-06
56  MaxDim=160, MinDim=10, Cutoff=1.0E-08, Niter=4, Noise=1.0E-06
57  MaxDim=160, MinDim=10, Cutoff=1.0E-08, Niter=4, Noise=1.0E-06
58  MaxDim=160, MinDim=10, Cutoff=1.0E-08, Niter=4, Noise=1.0E-06
59  MaxDim=320, MinDim=10, Cutoff=1.0E-10, Niter=4, Noise=1.0E-07
60  MaxDim=320, MinDim=10, Cutoff=1.0E-10, Niter=4, Noise=1.0E-07
61  MaxDim=320, MinDim=10, Cutoff=1.0E-10, Niter=4, Noise=1.0E-07
62  MaxDim=320, MinDim=10, Cutoff=1.0E-10, Niter=4, Noise=1.0E-07
63  MaxDim=320, MinDim=10, Cutoff=1.0E-10, Niter=4, Noise=1.0E-07
64  MaxDim=320, MinDim=10, Cutoff=1.0E-10, Niter=4, Noise=1.0E-07
65  MaxDim=320, MinDim=10, Cutoff=1.0E-10, Niter=4, Noise=1.0E-07
66  MaxDim=320, MinDim=10, Cutoff=1.0E-10, Niter=4, Noise=1.0E-07
67  MaxDim=320, MinDim=10, Cutoff=1.0E-10, Niter=4, Noise=1.0E-07
68  MaxDim=320, MinDim=10, Cutoff=1.0E-10, Niter=4, Noise=1.0E-07
69  MaxDim=320, MinDim=10, Cutoff=1.0E-10, Niter=4, Noise=1.0E-07
70  MaxDim=320, MinDim=10, Cutoff=1.0E-10, Niter=4, Noise=1.0E-07
71  MaxDim=320, MinDim=10, Cutoff=1.0E-10, Niter=4, Noise=1.0E-07
72  MaxDim=320, MinDim=10, Cutoff=1.0E-10, Niter=4, Noise=1.0E-07
73  MaxDim=320, MinDim=10, Cutoff=1.0E-10, Niter=4, Noise=1.0E-07
74  MaxDim=320, MinDim=10, Cutoff=1.0E-10, Niter=4, Noise=1.0E-07
75  MaxDim=640, MinDim=10, Cutoff=1.0E-12, Niter=2, Noise=1.0E-08
76  MaxDim=640, MinDim=10, Cutoff=1.0E-12, Niter=2, Noise=1.0E-08
77  MaxDim=640, MinDim=10, Cutoff=1.0E-12, Niter=2, Noise=1.0E-08
78  MaxDim=640, MinDim=10, Cutoff=1.0E-12, Niter=2, Noise=1.0E-08
79  MaxDim=640, MinDim=10, Cutoff=1.0E-12, Niter=2, Noise=1.0E-08
80  MaxDim=640, MinDim=10, Cutoff=1.0E-12, Niter=2, Noise=1.0E-08
81  MaxDim=640, MinDim=10, Cutoff=1.0E-12, Niter=2, Noise=1.0E-08
82  MaxDim=640, MinDim=10, Cutoff=1.0E-12, Niter=2, Noise=1.0E-08
83  MaxDim=1280, MinDim=10, Cutoff=1.0E-12, Niter=2, Noise=0.0E+00
84  MaxDim=1280, MinDim=10, Cutoff=1.0E-14, Niter=2, Noise=0.0E+00
85  MaxDim=1280, MinDim=10, Cutoff=1.0E-14, Niter=2, Noise=0.0E+00
86  MaxDim=1280, MinDim=10, Cutoff=1.0E-14, Niter=2, Noise=0.0E+00
87  MaxDim=1280, MinDim=10, Cutoff=1.0E-14, Niter=2, Noise=0.0E+00


    vN Entropy at center bond b=150 = 0.650059249424
    Eigs at center bond b=150: 0.7851 0.1815 0.0211 0.0057 0.0045 0.0012 
    Largest link dim during sweep 1/87 was 20
    Largest truncation error: 2.1849e-05
    Energy after sweep 1/87 is -187.929640281239
    Sweep 1/87 CPU time = 18.16s (Wall time = 1.180s)

    vN Entropy at center bond b=150 = 0.721811260234
    Eigs at center bond b=150: 0.7663 0.1864 0.0251 0.0118 0.0058 0.0027 
    Largest link dim during sweep 2/87 was 20
    Largest truncation error: 8.17429e-06
    Energy after sweep 2/87 is -187.988300796981
    Sweep 2/87 CPU time = 25.49s (Wall time = 1.634s)

    vN Entropy at center bond b=150 = 0.726555136229
    Eigs at center bond b=150: 0.7654 0.1864 0.0254 0.0122 0.0058 0.0028 
    Largest link dim during sweep 3/87 was 20
    Largest truncation error: 8.68001e-06
    Energy after sweep 3/87 is -187.988690355104
    Sweep 3/87 CPU time = 25.40s (Wall time = 1.629s)

    vN Entropy at center bond b=150 = 0.727013582821
    Eigs at center bond b=150: 0.7653 0.1864 0.0255 0.0123 0.0058 0.0028 
    Largest link dim during sweep 4/87 was 20
    Largest truncation error: 8.7706e-06
    Energy after sweep 4/87 is -187.988699338738
    Sweep 4/87 CPU time = 25.40s (Wall time = 1.628s)

    vN Entropy at center bond b=150 = 0.727049458038
    Eigs at center bond b=150: 0.7653 0.1864 0.0255 0.0123 0.0058 0.0028 
    Largest link dim during sweep 5/87 was 20
    Largest truncation error: 8.80101e-06
    Energy after sweep 5/87 is -187.988698293419
    Sweep 5/87 CPU time = 25.26s (Wall time = 1.623s)

    vN Entropy at center bond b=150 = 0.727052679042
    Eigs at center bond b=150: 0.7653 0.1864 0.0255 0.0123 0.0058 0.0028 
    Largest link dim during sweep 6/87 was 20
    Largest truncation error: 8.81105e-06
    Energy after sweep 6/87 is -187.988697678745
    Sweep 6/87 CPU time = 25.46s (Wall time = 1.629s)

    vN Entropy at center bond b=150 = 0.727052992888
    Eigs at center bond b=150: 0.7653 0.1864 0.0255 0.0123 0.0058 0.0028 
    Largest link dim during sweep 7/87 was 20
    Largest truncation error: 8.8134e-06
    Energy after sweep 7/87 is -187.988697389622
    Sweep 7/87 CPU time = 25.27s (Wall time = 1.623s)

    vN Entropy at center bond b=150 = 0.730107792067
    Eigs at center bond b=150: 0.7647 0.1864 0.0256 0.0125 0.0059 0.0028 
    Largest link dim during sweep 8/87 was 32
    Largest truncation error: 7.75452e-07
    Energy after sweep 8/87 is -187.992678436392
    Sweep 8/87 CPU time = 18.29s (Wall time = 1.179s)

    vN Entropy at center bond b=150 = 0.733020130973
    Eigs at center bond b=150: 0.7641 0.1864 0.0258 0.0127 0.0059 0.0029 
    Largest link dim during sweep 9/87 was 33
    Largest truncation error: 7.74608e-07
    Energy after sweep 9/87 is -187.992850602272
    Sweep 9/87 CPU time = 21.81s (Wall time = 1.408s)

    vN Entropy at center bond b=150 = 0.733874902447
    Eigs at center bond b=150: 0.7639 0.1864 0.0258 0.0128 0.0059 0.0029 
    Largest link dim during sweep 10/87 was 34
    Largest truncation error: 7.72387e-07
    Energy after sweep 10/87 is -187.992879024011
    Sweep 10/87 CPU time = 21.56s (Wall time = 1.388s)

    vN Entropy at center bond b=150 = 0.734184040935
    Eigs at center bond b=150: 0.7638 0.1864 0.0258 0.0128 0.0059 0.0029 
    Largest link dim during sweep 11/87 was 35
    Largest truncation error: 7.71247e-07
    Energy after sweep 11/87 is -187.992886608663
    Sweep 11/87 CPU time = 21.33s (Wall time = 1.367s)

    vN Entropy at center bond b=150 = 0.734309876374
    Eigs at center bond b=150: 0.7638 0.1864 0.0258 0.0128 0.0059 0.0029 
    Largest link dim during sweep 12/87 was 35
    Largest truncation error: 7.733e-07
    Energy after sweep 12/87 is -187.992889123944
    Sweep 12/87 CPU time = 21.29s (Wall time = 1.363s)

    vN Entropy at center bond b=150 = 0.734363052957
    Eigs at center bond b=150: 0.7638 0.1864 0.0258 0.0128 0.0059 0.0029 
    Largest link dim during sweep 13/87 was 35
    Largest truncation error: 7.73411e-07
    Energy after sweep 13/87 is -187.992892175097
    Sweep 13/87 CPU time = 21.80s (Wall time = 1.398s)

    vN Entropy at center bond b=150 = 0.734385981757
    Eigs at center bond b=150: 0.7638 0.1864 0.0258 0.0128 0.0059 0.0029 
    Largest link dim during sweep 14/87 was 35
    Largest truncation error: 7.7325e-07
    Energy after sweep 14/87 is -187.992892345643
    Sweep 14/87 CPU time = 21.49s (Wall time = 1.375s)

    vN Entropy at center bond b=150 = 0.734396015554
    Eigs at center bond b=150: 0.7638 0.1864 0.0258 0.0128 0.0059 0.0029 
    Largest link dim during sweep 15/87 was 35
    Largest truncation error: 7.73814e-07
    Energy after sweep 15/87 is -187.992892413272
    Sweep 15/87 CPU time = 21.40s (Wall time = 1.369s)

    vN Entropy at center bond b=150 = 0.734400461360
    Eigs at center bond b=150: 0.7638 0.1864 0.0258 0.0128 0.0059 0.0029 
    Largest link dim during sweep 16/87 was 35
    Largest truncation error: 7.74095e-07
    Energy after sweep 16/87 is -187.992893753573
    Sweep 16/87 CPU time = 21.41s (Wall time = 1.373s)

    vN Entropy at center bond b=150 = 0.734402453341
    Eigs at center bond b=150: 0.7638 0.1864 0.0258 0.0128 0.0059 0.0029 
    Largest link dim during sweep 17/87 was 35
    Largest truncation error: 7.74218e-07
    Energy after sweep 17/87 is -187.992894589863
    Sweep 17/87 CPU time = 21.35s (Wall time = 1.366s)

    vN Entropy at center bond b=150 = 0.734403355146
    Eigs at center bond b=150: 0.7638 0.1864 0.0258 0.0128 0.0059 0.0029 
    Largest link dim during sweep 18/87 was 35
    Largest truncation error: 7.74291e-07
    Energy after sweep 18/87 is -187.992894579163
    Sweep 18/87 CPU time = 21.36s (Wall time = 1.370s)

    vN Entropy at center bond b=150 = 0.734403767391
    Eigs at center bond b=150: 0.7638 0.1864 0.0258 0.0128 0.0059 0.0029 
    Largest link dim during sweep 19/87 was 35
    Largest truncation error: 7.74324e-07
    Energy after sweep 19/87 is -187.992895458291
    Sweep 19/87 CPU time = 21.28s (Wall time = 1.367s)

    vN Entropy at center bond b=150 = 0.734403957581
    Eigs at center bond b=150: 0.7638 0.1864 0.0258 0.0128 0.0059 0.0029 
    Largest link dim during sweep 20/87 was 35
    Largest truncation error: 7.74339e-07
    Energy after sweep 20/87 is -187.992895440995
    Sweep 20/87 CPU time = 21.30s (Wall time = 1.367s)

    vN Entropy at center bond b=150 = 0.734404046085
    Eigs at center bond b=150: 0.7638 0.1864 0.0258 0.0128 0.0059 0.0029 
    Largest link dim during sweep 21/87 was 35
    Largest truncation error: 7.74346e-07
    Energy after sweep 21/87 is -187.992895432047
    Sweep 21/87 CPU time = 21.30s (Wall time = 1.375s)

    vN Entropy at center bond b=150 = 0.734404087604
    Eigs at center bond b=150: 0.7638 0.1864 0.0258 0.0128 0.0059 0.0029 
    Largest link dim during sweep 22/87 was 35
    Largest truncation error: 7.74349e-07
    Energy after sweep 22/87 is -187.992895428445
    Sweep 22/87 CPU time = 21.34s (Wall time = 1.367s)

    vN Entropy at center bond b=150 = 0.734404107225
    Eigs at center bond b=150: 0.7638 0.1864 0.0258 0.0128 0.0059 0.0029 
    Largest link dim during sweep 23/87 was 35
    Largest truncation error: 7.7435e-07
    Energy after sweep 23/87 is -187.992896310252
    Sweep 23/87 CPU time = 21.39s (Wall time = 1.369s)

    vN Entropy at center bond b=150 = 0.734404116566
    Eigs at center bond b=150: 0.7638 0.1864 0.0258 0.0128 0.0059 0.0029 
    Largest link dim during sweep 24/87 was 35
    Largest truncation error: 7.74351e-07
    Energy after sweep 24/87 is -187.992896307746
    Sweep 24/87 CPU time = 21.33s (Wall time = 1.367s)

    vN Entropy at center bond b=150 = 0.734404121040
    Eigs at center bond b=150: 0.7638 0.1864 0.0258 0.0128 0.0059 0.0029 
    Largest link dim during sweep 25/87 was 35
    Largest truncation error: 7.74352e-07
    Energy after sweep 25/87 is -187.992896306516
    Sweep 25/87 CPU time = 21.36s (Wall time = 1.370s)

    vN Entropy at center bond b=150 = 0.734404123195
    Eigs at center bond b=150: 0.7638 0.1864 0.0258 0.0128 0.0059 0.0029 
    Largest link dim during sweep 26/87 was 35
    Largest truncation error: 7.74352e-07
    Energy after sweep 26/87 is -187.992896305907
    Sweep 26/87 CPU time = 21.23s (Wall time = 1.364s)

    vN Entropy at center bond b=150 = 0.734404124240
    Eigs at center bond b=150: 0.7638 0.1864 0.0258 0.0128 0.0059 0.0029 
    Largest link dim during sweep 27/87 was 35
    Largest truncation error: 7.74352e-07
    Energy after sweep 27/87 is -187.992896305578
    Sweep 27/87 CPU time = 21.31s (Wall time = 1.366s)

    vN Entropy at center bond b=150 = 0.734404124747
    Eigs at center bond b=150: 0.7638 0.1864 0.0258 0.0128 0.0059 0.0029 
    Largest link dim during sweep 28/87 was 35
    Largest truncation error: 7.74352e-07
    Energy after sweep 28/87 is -187.992896305395
    Sweep 28/87 CPU time = 21.33s (Wall time = 1.366s)

    vN Entropy at center bond b=150 = 0.734404124996
    Eigs at center bond b=150: 0.7638 0.1864 0.0258 0.0128 0.0059 0.0029 
    Largest link dim during sweep 29/87 was 35
    Largest truncation error: 7.74353e-07
    Energy after sweep 29/87 is -187.992896305294
    Sweep 29/87 CPU time = 21.31s (Wall time = 1.362s)

    vN Entropy at center bond b=150 = 0.734404125117
    Eigs at center bond b=150: 0.7638 0.1864 0.0258 0.0128 0.0059 0.0029 
    Largest link dim during sweep 30/87 was 35
    Largest truncation error: 7.74353e-07
    Energy after sweep 30/87 is -187.992896305230
    Sweep 30/87 CPU time = 21.17s (Wall time = 1.359s)

    vN Entropy at center bond b=150 = 0.734404125177
    Eigs at center bond b=150: 0.7638 0.1864 0.0258 0.0128 0.0059 0.0029 
    Largest link dim during sweep 31/87 was 35
    Largest truncation error: 7.74353e-07
    Energy after sweep 31/87 is -187.992896305195
    Sweep 31/87 CPU time = 20.93s (Wall time = 1.341s)

    vN Entropy at center bond b=150 = 0.734404125207
    Eigs at center bond b=150: 0.7638 0.1864 0.0258 0.0128 0.0059 0.0029 
    Largest link dim during sweep 32/87 was 35
    Largest truncation error: 7.74353e-07
    Energy after sweep 32/87 is -187.992896305174
    Sweep 32/87 CPU time = 21.40s (Wall time = 1.368s)

    vN Entropy at center bond b=150 = 0.734404125222
    Eigs at center bond b=150: 0.7638 0.1864 0.0258 0.0128 0.0059 0.0029 
    Largest link dim during sweep 33/87 was 35
    Largest truncation error: 7.74353e-07
    Energy after sweep 33/87 is -187.992896305163
    Sweep 33/87 CPU time = 21.42s (Wall time = 1.373s)

    vN Entropy at center bond b=150 = 0.734404125229
    Eigs at center bond b=150: 0.7638 0.1864 0.0258 0.0128 0.0059 0.0029 
    Largest link dim during sweep 34/87 was 35
    Largest truncation error: 7.74353e-07
    Energy after sweep 34/87 is -187.992896305154
    Sweep 34/87 CPU time = 21.36s (Wall time = 1.366s)

    vN Entropy at center bond b=150 = 0.734404125232
    Eigs at center bond b=150: 0.7638 0.1864 0.0258 0.0128 0.0059 0.0029 
    Largest link dim during sweep 35/87 was 35
    Largest truncation error: 7.74353e-07
    Energy after sweep 35/87 is -187.992896305151
    Sweep 35/87 CPU time = 21.65s (Wall time = 1.389s)

    vN Entropy at center bond b=150 = 0.734404125234
    Eigs at center bond b=150: 0.7638 0.1864 0.0258 0.0128 0.0059 0.0029 
    Largest link dim during sweep 36/87 was 35
    Largest truncation error: 7.74353e-07
    Energy after sweep 36/87 is -187.992896305150
    Sweep 36/87 CPU time = 21.41s (Wall time = 1.369s)

    vN Entropy at center bond b=150 = 0.737124009509
    Eigs at center bond b=150: 0.7631 0.1866 0.0260 0.0130 0.0060 0.0030 0.0010 
    Largest link dim during sweep 37/87 was 80
    Largest truncation error: 7.74997e-09
    Energy after sweep 37/87 is -187.994139403096
    Sweep 37/87 CPU time = 58.91s (Wall time = 3.795s)

    vN Entropy at center bond b=150 = 0.739816718479
    Eigs at center bond b=150: 0.7626 0.1866 0.0261 0.0132 0.0060 0.0030 0.0010 
    Largest link dim during sweep 38/87 was 89
    Largest truncation error: 7.80545e-09
    Energy after sweep 38/87 is -187.994216970546
    Sweep 38/87 CPU time = 1m, 43.7s (Wall time = 6.657s)

    vN Entropy at center bond b=150 = 0.740343311859
    Eigs at center bond b=150: 0.7625 0.1866 0.0261 0.0132 0.0060 0.0030 0.0010 
    Largest link dim during sweep 39/87 was 91
    Largest truncation error: 7.81591e-09
    Energy after sweep 39/87 is -187.994224154761
    Sweep 39/87 CPU time = 1m, 58.0s (Wall time = 7.624s)

    vN Entropy at center bond b=150 = 0.740462526955
    Eigs at center bond b=150: 0.7625 0.1866 0.0261 0.0132 0.0060 0.0030 0.0010 
    Largest link dim during sweep 40/87 was 92
    Largest truncation error: 7.82072e-09
    Energy after sweep 40/87 is -187.994225821639
    Sweep 40/87 CPU time = 2m, 1.2s (Wall time = 7.787s)

    vN Entropy at center bond b=150 = 0.740504746429
    Eigs at center bond b=150: 0.7625 0.1866 0.0261 0.0132 0.0060 0.0030 0.0010 
    Largest link dim during sweep 41/87 was 92
    Largest truncation error: 7.82267e-09
    Energy after sweep 41/87 is -187.994226092122
    Sweep 41/87 CPU time = 2m, 11.2s (Wall time = 8.461s)

    vN Entropy at center bond b=150 = 0.740525645503
    Eigs at center bond b=150: 0.7625 0.1866 0.0261 0.0132 0.0060 0.0030 0.0010 
    Largest link dim during sweep 42/87 was 92
    Largest truncation error: 7.82367e-09
    Energy after sweep 42/87 is -187.994226479217
    Sweep 42/87 CPU time = 2m, 9.1s (Wall time = 8.293s)

    vN Entropy at center bond b=150 = 0.740537625318
    Eigs at center bond b=150: 0.7625 0.1866 0.0261 0.0132 0.0060 0.0030 0.0010 
    Largest link dim during sweep 43/87 was 92
    Largest truncation error: 7.82422e-09
    Energy after sweep 43/87 is -187.994226758499
    Sweep 43/87 CPU time = 2m, 11.9s (Wall time = 8.513s)

    vN Entropy at center bond b=150 = 0.740551039243
    Eigs at center bond b=150: 0.7625 0.1866 0.0261 0.0132 0.0060 0.0030 0.0010 
    Largest link dim during sweep 44/87 was 92
    Largest truncation error: 7.82453e-09
    Energy after sweep 44/87 is -187.994227064079
    Sweep 44/87 CPU time = 2m, 6.1s (Wall time = 8.099s)

    vN Entropy at center bond b=150 = 0.740561737030
    Eigs at center bond b=150: 0.7625 0.1866 0.0261 0.0132 0.0060 0.0030 0.0010 
    Largest link dim during sweep 45/87 was 92
    Largest truncation error: 7.82471e-09
    Energy after sweep 45/87 is -187.994227337734
    Sweep 45/87 CPU time = 2m, 6.9s (Wall time = 8.151s)

    vN Entropy at center bond b=150 = 0.740576179023
    Eigs at center bond b=150: 0.7625 0.1866 0.0261 0.0132 0.0060 0.0030 0.0010 
    Largest link dim during sweep 46/87 was 92
    Largest truncation error: 7.82485e-09
    Energy after sweep 46/87 is -187.994227832184
    Sweep 46/87 CPU time = 2m, 7.6s (Wall time = 8.198s)

    vN Entropy at center bond b=150 = 0.740587559021
    Eigs at center bond b=150: 0.7625 0.1866 0.0261 0.0132 0.0060 0.0030 0.0010 
    Largest link dim during sweep 47/87 was 92
    Largest truncation error: 7.82492e-09
    Energy after sweep 47/87 is -187.994227862050
    Sweep 47/87 CPU time = 2m, 8.4s (Wall time = 8.252s)

    vN Entropy at center bond b=150 = 0.740594898714
    Eigs at center bond b=150: 0.7625 0.1866 0.0261 0.0132 0.0060 0.0030 0.0010 
    Largest link dim during sweep 48/87 was 92
    Largest truncation error: 7.82496e-09
    Energy after sweep 48/87 is -187.994227880246
    Sweep 48/87 CPU time = 2m, 9.9s (Wall time = 8.420s)

    vN Entropy at center bond b=150 = 0.740598918945
    Eigs at center bond b=150: 0.7625 0.1866 0.0261 0.0132 0.0060 0.0030 0.0010 
    Largest link dim during sweep 49/87 was 92
    Largest truncation error: 7.82498e-09
    Energy after sweep 49/87 is -187.994227896572
    Sweep 49/87 CPU time = 2m, 8.2s (Wall time = 8.244s)

    vN Entropy at center bond b=150 = 0.740600922514
    Eigs at center bond b=150: 0.7625 0.1866 0.0261 0.0132 0.0060 0.0030 0.0010 
    Largest link dim during sweep 50/87 was 92
    Largest truncation error: 7.825e-09
    Energy after sweep 50/87 is -187.994227901902
    Sweep 50/87 CPU time = 2m, 8.6s (Wall time = 8.263s)

    vN Entropy at center bond b=150 = 0.740601873510
    Eigs at center bond b=150: 0.7625 0.1866 0.0261 0.0132 0.0060 0.0030 0.0010 
    Largest link dim during sweep 51/87 was 92
    Largest truncation error: 7.82501e-09
    Energy after sweep 51/87 is -187.994227907754
    Sweep 51/87 CPU time = 2m, 8.0s (Wall time = 8.223s)

    vN Entropy at center bond b=150 = 0.740602313775
    Eigs at center bond b=150: 0.7625 0.1866 0.0261 0.0132 0.0060 0.0030 0.0010 
    Largest link dim during sweep 52/87 was 92
    Largest truncation error: 7.82501e-09
    Energy after sweep 52/87 is -187.994227907167
    Sweep 52/87 CPU time = 2m, 8.1s (Wall time = 8.233s)

    vN Entropy at center bond b=150 = 0.740602514978
    Eigs at center bond b=150: 0.7625 0.1866 0.0261 0.0132 0.0060 0.0030 0.0010 
    Largest link dim during sweep 53/87 was 92
    Largest truncation error: 7.82501e-09
    Energy after sweep 53/87 is -187.994227906865
    Sweep 53/87 CPU time = 2m, 8.3s (Wall time = 8.244s)

    vN Entropy at center bond b=150 = 0.740602606303
    Eigs at center bond b=150: 0.7625 0.1866 0.0261 0.0132 0.0060 0.0030 0.0010 
    Largest link dim during sweep 54/87 was 92
    Largest truncation error: 7.82501e-09
    Energy after sweep 54/87 is -187.994227906757
    Sweep 54/87 CPU time = 2m, 7.9s (Wall time = 8.244s)

    vN Entropy at center bond b=150 = 0.740602647604
    Eigs at center bond b=150: 0.7625 0.1866 0.0261 0.0132 0.0060 0.0030 0.0010 
    Largest link dim during sweep 55/87 was 92
    Largest truncation error: 7.82501e-09
    Energy after sweep 55/87 is -187.994227906752
    Sweep 55/87 CPU time = 2m, 9.3s (Wall time = 8.317s)

    vN Entropy at center bond b=150 = 0.740602666243
    Eigs at center bond b=150: 0.7625 0.1866 0.0261 0.0132 0.0060 0.0030 0.0010 
    Largest link dim during sweep 56/87 was 92
    Largest truncation error: 7.82501e-09
    Energy after sweep 56/87 is -187.994227906780
    Sweep 56/87 CPU time = 2m, 6.4s (Wall time = 8.113s)

    vN Entropy at center bond b=150 = 0.740602674647
    Eigs at center bond b=150: 0.7625 0.1866 0.0261 0.0132 0.0060 0.0030 0.0010 
    Largest link dim during sweep 57/87 was 92
    Largest truncation error: 7.82501e-09
    Energy after sweep 57/87 is -187.994227906819
    Sweep 57/87 CPU time = 2m, 8.8s (Wall time = 8.262s)

    vN Entropy at center bond b=150 = 0.740602678432
    Eigs at center bond b=150: 0.7625 0.1866 0.0261 0.0132 0.0060 0.0030 0.0010 
    Largest link dim during sweep 58/87 was 92
    Largest truncation error: 7.82501e-09
    Energy after sweep 58/87 is -187.994227906848
    Sweep 58/87 CPU time = 2m, 8.1s (Wall time = 8.222s)

    vN Entropy at center bond b=150 = 0.740748857333
    Eigs at center bond b=150: 0.7624 0.1866 0.0261 0.0132 0.0060 0.0030 0.0010 
    Largest link dim during sweep 59/87 was 185
    Largest truncation error: 8.38294e-11
    Energy after sweep 59/87 is -187.994241050188
    Sweep 59/87 CPU time = 6m, 35.3s (Wall time = 27.08s)

    vN Entropy at center bond b=150 = 0.740822770361
    Eigs at center bond b=150: 0.7624 0.1866 0.0261 0.0132 0.0060 0.0030 0.0010 
    Largest link dim during sweep 60/87 was 198
    Largest truncation error: 8.38676e-11
    Energy after sweep 60/87 is -187.994241459130
    Sweep 60/87 CPU time = 10m, 39s (Wall time = 43.74s)

    vN Entropy at center bond b=150 = 0.740836139585
    Eigs at center bond b=150: 0.7624 0.1866 0.0261 0.0132 0.0060 0.0030 0.0010 
    Largest link dim during sweep 61/87 was 200
    Largest truncation error: 8.38753e-11
    Energy after sweep 61/87 is -187.994241502284
    Sweep 61/87 CPU time = 11m, 36s (Wall time = 45.76s)

    vN Entropy at center bond b=150 = 0.740839077573
    Eigs at center bond b=150: 0.7624 0.1866 0.0261 0.0132 0.0060 0.0030 0.0010 
    Largest link dim during sweep 62/87 was 200
    Largest truncation error: 8.38774e-11
    Energy after sweep 62/87 is -187.994241509262
    Sweep 62/87 CPU time = 11m, 54s (Wall time = 47.23s)

    vN Entropy at center bond b=150 = 0.740840036289
    Eigs at center bond b=150: 0.7624 0.1866 0.0261 0.0132 0.0060 0.0030 0.0010 
    Largest link dim during sweep 63/87 was 200
    Largest truncation error: 8.38787e-11
    Energy after sweep 63/87 is -187.994241513469
    Sweep 63/87 CPU time = 11m, 44s (Wall time = 45.91s)

    vN Entropy at center bond b=150 = 0.740840454333
    Eigs at center bond b=150: 0.7624 0.1866 0.0261 0.0132 0.0060 0.0030 0.0010 
    Largest link dim during sweep 64/87 was 200
    Largest truncation error: 8.38786e-11
    Energy after sweep 64/87 is -187.994241513884
    Sweep 64/87 CPU time = 11m, 33s (Wall time = 45.35s)

    vN Entropy at center bond b=150 = 0.740840626113
    Eigs at center bond b=150: 0.7624 0.1866 0.0261 0.0132 0.0060 0.0030 0.0010 
    Largest link dim during sweep 65/87 was 200
    Largest truncation error: 8.38786e-11
    Energy after sweep 65/87 is -187.994241514256
    Sweep 65/87 CPU time = 11m, 32s (Wall time = 45.03s)

    vN Entropy at center bond b=150 = 0.740840739006
    Eigs at center bond b=150: 0.7624 0.1866 0.0261 0.0132 0.0060 0.0030 0.0010 
    Largest link dim during sweep 66/87 was 200
    Largest truncation error: 8.38787e-11
    Energy after sweep 66/87 is -187.994241514530
    Sweep 66/87 CPU time = 11m, 20s (Wall time = 44.05s)

    vN Entropy at center bond b=150 = 0.740840788446
    Eigs at center bond b=150: 0.7624 0.1866 0.0261 0.0132 0.0060 0.0030 0.0010 
    Largest link dim during sweep 67/87 was 200
    Largest truncation error: 8.38788e-11
    Energy after sweep 67/87 is -187.994241514730
    Sweep 67/87 CPU time = 11m, 14s (Wall time = 43.77s)

    vN Entropy at center bond b=150 = 0.740840812466
    Eigs at center bond b=150: 0.7624 0.1866 0.0261 0.0132 0.0060 0.0030 0.0010 
    Largest link dim during sweep 68/87 was 200
    Largest truncation error: 8.38788e-11
    Energy after sweep 68/87 is -187.994241515003
    Sweep 68/87 CPU time = 11m, 29s (Wall time = 44.73s)

    vN Entropy at center bond b=150 = 0.740840829105
    Eigs at center bond b=150: 0.7624 0.1866 0.0261 0.0132 0.0060 0.0030 0.0010 
    Largest link dim during sweep 69/87 was 200
    Largest truncation error: 8.38789e-11
    Energy after sweep 69/87 is -187.994241516135
    Sweep 69/87 CPU time = 11m, 23s (Wall time = 44.44s)

    vN Entropy at center bond b=150 = 0.740840850447
    Eigs at center bond b=150: 0.7624 0.1866 0.0261 0.0132 0.0060 0.0030 0.0010 
    Largest link dim during sweep 70/87 was 200
    Largest truncation error: 8.3879e-11
    Energy after sweep 70/87 is -187.994241516117
    Sweep 70/87 CPU time = 11m, 34s (Wall time = 45.31s)

    vN Entropy at center bond b=150 = 0.740840858104
    Eigs at center bond b=150: 0.7624 0.1866 0.0261 0.0132 0.0060 0.0030 0.0010 
    Largest link dim during sweep 71/87 was 200
    Largest truncation error: 8.38791e-11
    Energy after sweep 71/87 is -187.994241516173
    Sweep 71/87 CPU time = 11m, 28s (Wall time = 44.68s)

    vN Entropy at center bond b=150 = 0.740840861502
    Eigs at center bond b=150: 0.7624 0.1866 0.0261 0.0132 0.0060 0.0030 0.0010 
    Largest link dim during sweep 72/87 was 200
    Largest truncation error: 8.38789e-11
    Energy after sweep 72/87 is -187.994241516165
    Sweep 72/87 CPU time = 11m, 31s (Wall time = 45.12s)

    vN Entropy at center bond b=150 = 0.740840863192
    Eigs at center bond b=150: 0.7624 0.1866 0.0261 0.0132 0.0060 0.0030 0.0010 
    Largest link dim during sweep 73/87 was 200
    Largest truncation error: 8.3879e-11
    Energy after sweep 73/87 is -187.994241516156
    Sweep 73/87 CPU time = 11m, 42s (Wall time = 45.75s)

    vN Entropy at center bond b=150 = 0.740840864088
    Eigs at center bond b=150: 0.7624 0.1866 0.0261 0.0132 0.0060 0.0030 0.0010 
    Largest link dim during sweep 74/87 was 200
    Largest truncation error: 8.38789e-11
    Energy after sweep 74/87 is -187.994241516155
    Sweep 74/87 CPU time = 11m, 39s (Wall time = 45.57s)

    vN Entropy at center bond b=150 = 0.740846016702
    Eigs at center bond b=150: 0.7624 0.1866 0.0261 0.0132 0.0060 0.0030 0.0010 
    Largest link dim during sweep 75/87 was 372
    Largest truncation error: 7.75325e-13
    Energy after sweep 75/87 is -187.994241667610
    Sweep 75/87 CPU time = 24m, 57s (Wall time = 1m, 41.1s)

    vN Entropy at center bond b=150 = 0.740847786941
    Eigs at center bond b=150: 0.7624 0.1866 0.0261 0.0132 0.0060 0.0030 0.0010 
    Largest link dim during sweep 76/87 was 398
    Largest truncation error: 7.75686e-13
    Energy after sweep 76/87 is -187.994241673813
    Sweep 76/87 CPU time = 47m, 26s (Wall time = 3m, 9.8s)

    vN Entropy at center bond b=150 = 0.740848572726
    Eigs at center bond b=150: 0.7624 0.1866 0.0261 0.0132 0.0060 0.0030 0.0010 
    Largest link dim during sweep 77/87 was 391
    Largest truncation error: 7.75664e-13
    Energy after sweep 77/87 is -187.994241675241
    Sweep 77/87 CPU time = 45m, 15s (Wall time = 2m, 59.9s)

    vN Entropy at center bond b=150 = 0.740848950475
    Eigs at center bond b=150: 0.7624 0.1866 0.0261 0.0132 0.0060 0.0030 0.0010 
    Largest link dim during sweep 78/87 was 388
    Largest truncation error: 7.75497e-13
    Energy after sweep 78/87 is -187.994241675699
    Sweep 78/87 CPU time = 44m, 9s (Wall time = 2m, 57.0s)

    vN Entropy at center bond b=150 = 0.740849156892
    Eigs at center bond b=150: 0.7624 0.1866 0.0261 0.0132 0.0060 0.0030 0.0010 
    Largest link dim during sweep 79/87 was 388
    Largest truncation error: 7.75637e-13
    Energy after sweep 79/87 is -187.994241675909
    Sweep 79/87 CPU time = 43m, 20s (Wall time = 2m, 53.9s)

    vN Entropy at center bond b=150 = 0.740849277377
    Eigs at center bond b=150: 0.7624 0.1866 0.0261 0.0132 0.0060 0.0030 0.0010 
    Largest link dim during sweep 80/87 was 388
    Largest truncation error: 7.75676e-13
    Energy after sweep 80/87 is -187.994241676017
    Sweep 80/87 CPU time = 43m, 36s (Wall time = 2m, 53.9s)

    vN Entropy at center bond b=150 = 0.740849350496
    Eigs at center bond b=150: 0.7624 0.1866 0.0261 0.0132 0.0060 0.0030 0.0010 
    Largest link dim during sweep 81/87 was 388
    Largest truncation error: 7.75532e-13
    Energy after sweep 81/87 is -187.994241676089
    Sweep 81/87 CPU time = 42m, 6s (Wall time = 2m, 43.2s)

    vN Entropy at center bond b=150 = 0.740849396308
    Eigs at center bond b=150: 0.7624 0.1866 0.0261 0.0132 0.0060 0.0030 0.0010 
    Largest link dim during sweep 82/87 was 388
    Largest truncation error: 7.75616e-13
    Energy after sweep 82/87 is -187.994241676125
    Sweep 82/87 CPU time = 42m, 8s (Wall time = 2m, 43.6s)

    vN Entropy at center bond b=150 = 0.740849835912
    Eigs at center bond b=150: 0.7624 0.1866 0.0261 0.0132 0.0060 0.0030 0.0010 
    Largest link dim during sweep 83/87 was 366
    Largest truncation error: 7.72328e-13
    Energy after sweep 83/87 is -187.994241675780
    Sweep 83/87 CPU time = 34m, 49s (Wall time = 2m, 14.9s)

    vN Entropy at center bond b=150 = 0.740849886123
    Eigs at center bond b=150: 0.7624 0.1866 0.0261 0.0132 0.0060 0.0030 0.0010 
    Largest link dim during sweep 84/87 was 665
    Largest truncation error: 7.73008e-15
    Energy after sweep 84/87 is -187.994241677927
    Sweep 84/87 CPU time = 1h, 32m, 46s (Wall time = 6m, 16.1s)

    vN Entropy at center bond b=150 = 0.740849943924
    Eigs at center bond b=150: 0.7624 0.1866 0.0261 0.0132 0.0060 0.0030 0.0010 
    Largest link dim during sweep 85/87 was 714
    Largest truncation error: 7.73151e-15
    Energy after sweep 85/87 is -187.994241678039
    Sweep 85/87 CPU time = 2h, 51m, 16s (Wall time = 11m, 24s)

    vN Entropy at center bond b=150 = 0.740849970880
    Eigs at center bond b=150: 0.7624 0.1866 0.0261 0.0132 0.0060 0.0030 0.0010 
    Largest link dim during sweep 86/87 was 706
    Largest truncation error: 7.73117e-15
    Energy after sweep 86/87 is -187.994241678057
    Sweep 86/87 CPU time = 2h, 52m, 13s (Wall time = 11m, 27s)

    vN Entropy at center bond b=150 = 0.740849984372
    Eigs at center bond b=150: 0.7624 0.1866 0.0261 0.0132 0.0060 0.0030 0.0010 
    Largest link dim during sweep 87/87 was 694
    Largest truncation error: 7.73138e-15
    Energy after sweep 87/87 is -187.994241678062
    Sweep 87/87 CPU time = 2h, 49m, 10s (Wall time = 11m, 12s)
Initial energy = 15.00000

Ground State Energy = -187.9942416781
run_outputs/outputpsi/N_300_sweep_87_t_0.030000_J_1.000000_V_0.600000_D_0.018000_U_0.100000_mu_0.100000_E_0.100000 converge
Wall-clock time (s) = 29969.096390
