//////////////////////////
Reading input file ......

Got input.N = 300
Got input.t = 0.03
Got input.J = 1
Got input.V = 0.6
Got input.D = 0.018
Got input.U = 0.3
Got input.mu = 0.02
Got input.E = 0.2
Got input.nsweeps = 87
Sweeps:
1  MaxDim=20, MinDim=20, Cutoff=1.0E-06, Niter=8, Noise=1.0E-05
2  MaxDim=20, MinDim=20, Cutoff=1.0E-06, Niter=8, Noise=1.0E-05
3  MaxDim=20, MinDim=20, Cutoff=1.0E-06, Niter=8, Noise=1.0E-05
4  MaxDim=20, MinDim=20, Cutoff=1.0E-06, Niter=8, Noise=1.0E-05
5  MaxDim=20, MinDim=20, Cutoff=1.0E-06, Niter=8, Noise=1.0E-05
6  MaxDim=20, MinDim=20, Cutoff=1.0E-06, Niter=8, Noise=1.0E-05
7  MaxDim=20, MinDim=20, Cutoff=1.0E-06, Niter=8, Noise=1.0E-05
8  MaxDim=40, MinDim=20, Cutoff=1.0E-06, Niter=4, Noise=1.0E-05
9  MaxDim=40, MinDim=20, Cutoff=1.0E-06, Niter=4, Noise=1.0E-05
10  MaxDim=40, MinDim=20, Cutoff=1.0E-06, Niter=4, Noise=1.0E-05
11  MaxDim=40, MinDim=20, Cutoff=1.0E-06, Niter=4, Noise=1.0E-05
12  MaxDim=40, MinDim=20, Cutoff=1.0E-06, Niter=4, Noise=1.0E-05
13  MaxDim=40, MinDim=20, Cutoff=1.0E-06, Niter=4, Noise=1.0E-05
14  MaxDim=40, MinDim=20, Cutoff=1.0E-06, Niter=4, Noise=1.0E-05
15  MaxDim=80, MinDim=10, Cutoff=1.0E-06, Niter=4, Noise=1.0E-05
16  MaxDim=80, MinDim=10, Cutoff=1.0E-06, Niter=4, Noise=1.0E-05
17  MaxDim=80, MinDim=10, Cutoff=1.0E-06, Niter=4, Noise=1.0E-05
18  MaxDim=80, MinDim=10, Cutoff=1.0E-06, Niter=4, Noise=1.0E-05
19  MaxDim=80, MinDim=10, Cutoff=1.0E-06, Niter=4, Noise=1.0E-05
20  MaxDim=80, MinDim=10, Cutoff=1.0E-06, Niter=4, Noise=1.0E-05
21  MaxDim=80, MinDim=10, Cutoff=1.0E-06, Niter=4, Noise=1.0E-05
22  MaxDim=80, MinDim=10, Cutoff=1.0E-06, Niter=4, Noise=1.0E-05
23  MaxDim=80, MinDim=10, Cutoff=1.0E-06, Niter=4, Noise=1.0E-05
24  MaxDim=80, MinDim=10, Cutoff=1.0E-06, Niter=4, Noise=1.0E-05
25  MaxDim=80, MinDim=10, Cutoff=1.0E-06, Niter=4, Noise=1.0E-05
26  MaxDim=80, MinDim=10, Cutoff=1.0E-06, Niter=4, Noise=1.0E-05
27  MaxDim=80, MinDim=10, Cutoff=1.0E-06, Niter=4, Noise=1.0E-05
28  MaxDim=80, MinDim=10, Cutoff=1.0E-06, Niter=4, Noise=1.0E-05
29  MaxDim=80, MinDim=10, Cutoff=1.0E-06, Niter=4, Noise=1.0E-05
30  MaxDim=80, MinDim=10, Cutoff=1.0E-06, Niter=4, Noise=1.0E-05
31  MaxDim=80, MinDim=10, Cutoff=1.0E-06, Niter=4, Noise=1.0E-05
32  MaxDim=80, MinDim=10, Cutoff=1.0E-06, Niter=4, Noise=1.0E-05
33  MaxDim=80, MinDim=10, Cutoff=1.0E-06, Niter=4, Noise=1.0E-05
34  MaxDim=80, MinDim=10, Cutoff=1.0E-06, Niter=4, Noise=1.0E-05
35  MaxDim=80, MinDim=10, Cutoff=1.0E-06, Niter=4, Noise=1.0E-05
36  MaxDim=80, MinDim=10, Cutoff=1.0E-06, Niter=4, Noise=1.0E-05
37  MaxDim=160, MinDim=10, Cutoff=1.0E-08, Niter=4, Noise=1.0E-06
38  MaxDim=160, MinDim=10, Cutoff=1.0E-08, Niter=4, Noise=1.0E-06
39  MaxDim=160, MinDim=10, Cutoff=1.0E-08, Niter=4, Noise=1.0E-06
40  MaxDim=160, MinDim=10, Cutoff=1.0E-08, Niter=4, Noise=1.0E-06
41  MaxDim=160, MinDim=10, Cutoff=1.0E-08, Niter=4, Noise=1.0E-06
42  MaxDim=160, MinDim=10, Cutoff=1.0E-08, Niter=4, Noise=1.0E-06
43  MaxDim=160, MinDim=10, Cutoff=1.0E-08, Niter=4, Noise=1.0E-06
44  MaxDim=160, MinDim=10, Cutoff=1.0E-08, Niter=4, Noise=1.0E-06
45  MaxDim=160, MinDim=10, Cutoff=1.0E-08, Niter=4, Noise=1.0E-06
46  MaxDim=160, MinDim=10, Cutoff=1.0E-08, Niter=4, Noise=1.0E-06
47  MaxDim=160, MinDim=10, Cutoff=1.0E-08, Niter=4, Noise=1.0E-06
48  MaxDim=160, MinDim=10, Cutoff=1.0E-08, Niter=4, Noise=1.0E-06
49  MaxDim=160, MinDim=10, Cutoff=1.0E-08, Niter=4, Noise=1.0E-06
50  MaxDim=160, MinDim=10, Cutoff=1.0E-08, Niter=4, Noise=1.0E-06
51  MaxDim=160, MinDim=10, Cutoff=1.0E-08, Niter=4, Noise=1.0E-06
52  MaxDim=160, MinDim=10, Cutoff=1.0E-08, Niter=4, Noise=1.0E-06
53  MaxDim=160, MinDim=10, Cutoff=1.0E-08, Niter=4, Noise=1.0E-06
54  MaxDim=160, MinDim=10, Cutoff=1.0E-08, Niter=4, Noise=1.0E-06
55  MaxDim=160, MinDim=10, Cutoff=1.0E-08, Niter=4, Noise=1.0E-06
56  MaxDim=160, MinDim=10, Cutoff=1.0E-08, Niter=4, Noise=1.0E-06
57  MaxDim=160, MinDim=10, Cutoff=1.0E-08, Niter=4, Noise=1.0E-06
58  MaxDim=160, MinDim=10, Cutoff=1.0E-08, Niter=4, Noise=1.0E-06
59  MaxDim=320, MinDim=10, Cutoff=1.0E-10, Niter=4, Noise=1.0E-07
60  MaxDim=320, MinDim=10, Cutoff=1.0E-10, Niter=4, Noise=1.0E-07
61  MaxDim=320, MinDim=10, Cutoff=1.0E-10, Niter=4, Noise=1.0E-07
62  MaxDim=320, MinDim=10, Cutoff=1.0E-10, Niter=4, Noise=1.0E-07
63  MaxDim=320, MinDim=10, Cutoff=1.0E-10, Niter=4, Noise=1.0E-07
64  MaxDim=320, MinDim=10, Cutoff=1.0E-10, Niter=4, Noise=1.0E-07
65  MaxDim=320, MinDim=10, Cutoff=1.0E-10, Niter=4, Noise=1.0E-07
66  MaxDim=320, MinDim=10, Cutoff=1.0E-10, Niter=4, Noise=1.0E-07
67  MaxDim=320, MinDim=10, Cutoff=1.0E-10, Niter=4, Noise=1.0E-07
68  MaxDim=320, MinDim=10, Cutoff=1.0E-10, Niter=4, Noise=1.0E-07
69  MaxDim=320, MinDim=10, Cutoff=1.0E-10, Niter=4, Noise=1.0E-07
70  MaxDim=320, MinDim=10, Cutoff=1.0E-10, Niter=4, Noise=1.0E-07
71  MaxDim=320, MinDim=10, Cutoff=1.0E-10, Niter=4, Noise=1.0E-07
72  MaxDim=320, MinDim=10, Cutoff=1.0E-10, Niter=4, Noise=1.0E-07
73  MaxDim=320, MinDim=10, Cutoff=1.0E-10, Niter=4, Noise=1.0E-07
74  MaxDim=320, MinDim=10, Cutoff=1.0E-10, Niter=4, Noise=1.0E-07
75  MaxDim=640, MinDim=10, Cutoff=1.0E-12, Niter=2, Noise=1.0E-08
76  MaxDim=640, MinDim=10, Cutoff=1.0E-12, Niter=2, Noise=1.0E-08
77  MaxDim=640, MinDim=10, Cutoff=1.0E-12, Niter=2, Noise=1.0E-08
78  MaxDim=640, MinDim=10, Cutoff=1.0E-12, Niter=2, Noise=1.0E-08
79  MaxDim=640, MinDim=10, Cutoff=1.0E-12, Niter=2, Noise=1.0E-08
80  MaxDim=640, MinDim=10, Cutoff=1.0E-12, Niter=2, Noise=1.0E-08
81  MaxDim=640, MinDim=10, Cutoff=1.0E-12, Niter=2, Noise=1.0E-08
82  MaxDim=640, MinDim=10, Cutoff=1.0E-12, Niter=2, Noise=1.0E-08
83  MaxDim=1280, MinDim=10, Cutoff=1.0E-12, Niter=2, Noise=0.0E+00
84  MaxDim=1280, MinDim=10, Cutoff=1.0E-14, Niter=2, Noise=0.0E+00
85  MaxDim=1280, MinDim=10, Cutoff=1.0E-14, Niter=2, Noise=0.0E+00
86  MaxDim=1280, MinDim=10, Cutoff=1.0E-14, Niter=2, Noise=0.0E+00
87  MaxDim=1280, MinDim=10, Cutoff=1.0E-14, Niter=2, Noise=0.0E+00


    vN Entropy at center bond b=150 = 0.666175794335
    Eigs at center bond b=150: 0.7558 0.2163 0.0204 0.0055 0.0011 
    Largest link dim during sweep 1/87 was 20
    Largest truncation error: 4.66997e-06
    Energy after sweep 1/87 is -181.259874269413
    Sweep 1/87 CPU time = 17.90s (Wall time = 1.162s)

    vN Entropy at center bond b=150 = 0.677365870559
    Eigs at center bond b=150: 0.7516 0.2187 0.0213 0.0059 0.0012 
    Largest link dim during sweep 2/87 was 20
    Largest truncation error: 1.90406e-06
    Energy after sweep 2/87 is -181.262540729599
    Sweep 2/87 CPU time = 24.93s (Wall time = 1.598s)

    vN Entropy at center bond b=150 = 0.677405724189
    Eigs at center bond b=150: 0.7516 0.2187 0.0213 0.0059 0.0012 
    Largest link dim during sweep 3/87 was 20
    Largest truncation error: 2.18218e-06
    Energy after sweep 3/87 is -181.262543865395
    Sweep 3/87 CPU time = 24.87s (Wall time = 1.595s)

    vN Entropy at center bond b=150 = 0.677406457002
    Eigs at center bond b=150: 0.7516 0.2187 0.0213 0.0059 0.0012 
    Largest link dim during sweep 4/87 was 20
    Largest truncation error: 2.27265e-06
    Energy after sweep 4/87 is -181.262543976434
    Sweep 4/87 CPU time = 24.96s (Wall time = 1.596s)

    vN Entropy at center bond b=150 = 0.677406478188
    Eigs at center bond b=150: 0.7516 0.2187 0.0213 0.0059 0.0012 
    Largest link dim during sweep 5/87 was 20
    Largest truncation error: 2.2742e-06
    Energy after sweep 5/87 is -181.262543929033
    Sweep 5/87 CPU time = 24.85s (Wall time = 1.595s)

    vN Entropy at center bond b=150 = 0.677406479030
    Eigs at center bond b=150: 0.7516 0.2187 0.0213 0.0059 0.0012 
    Largest link dim during sweep 6/87 was 20
    Largest truncation error: 2.27392e-06
    Energy after sweep 6/87 is -181.262543918960
    Sweep 6/87 CPU time = 25.00s (Wall time = 1.596s)

    vN Entropy at center bond b=150 = 0.677406479068
    Eigs at center bond b=150: 0.7516 0.2187 0.0213 0.0059 0.0012 
    Largest link dim during sweep 7/87 was 20
    Largest truncation error: 2.27384e-06
    Energy after sweep 7/87 is -181.262543917350
    Sweep 7/87 CPU time = 24.94s (Wall time = 1.596s)

    vN Entropy at center bond b=150 = 0.677552887886
    Eigs at center bond b=150: 0.7516 0.2187 0.0213 0.0059 0.0012 
    Largest link dim during sweep 8/87 was 25
    Largest truncation error: 7.57616e-07
    Energy after sweep 8/87 is -181.263314255074
    Sweep 8/87 CPU time = 14.29s (Wall time = 0.914s)

    vN Entropy at center bond b=150 = 0.677572104729
    Eigs at center bond b=150: 0.7516 0.2187 0.0213 0.0059 0.0012 
    Largest link dim during sweep 9/87 was 25
    Largest truncation error: 7.50532e-07
    Energy after sweep 9/87 is -181.263319587537
    Sweep 9/87 CPU time = 14.55s (Wall time = 0.933s)

    vN Entropy at center bond b=150 = 0.677572989243
    Eigs at center bond b=150: 0.7516 0.2187 0.0213 0.0059 0.0012 
    Largest link dim during sweep 10/87 was 25
    Largest truncation error: 7.50836e-07
    Energy after sweep 10/87 is -181.263319529300
    Sweep 10/87 CPU time = 14.54s (Wall time = 0.937s)

    vN Entropy at center bond b=150 = 0.677573071909
    Eigs at center bond b=150: 0.7516 0.2187 0.0213 0.0059 0.0012 
    Largest link dim during sweep 11/87 was 25
    Largest truncation error: 7.50866e-07
    Energy after sweep 11/87 is -181.263319524106
    Sweep 11/87 CPU time = 14.62s (Wall time = 0.937s)

    vN Entropy at center bond b=150 = 0.677573082918
    Eigs at center bond b=150: 0.7516 0.2187 0.0213 0.0059 0.0012 
    Largest link dim during sweep 12/87 was 25
    Largest truncation error: 7.5087e-07
    Energy after sweep 12/87 is -181.263319523486
    Sweep 12/87 CPU time = 14.55s (Wall time = 0.934s)

    vN Entropy at center bond b=150 = 0.677573084588
    Eigs at center bond b=150: 0.7516 0.2187 0.0213 0.0059 0.0012 
    Largest link dim during sweep 13/87 was 25
    Largest truncation error: 7.50871e-07
    Energy after sweep 13/87 is -181.263319523391
    Sweep 13/87 CPU time = 14.66s (Wall time = 0.937s)

    vN Entropy at center bond b=150 = 0.677573084851
    Eigs at center bond b=150: 0.7516 0.2187 0.0213 0.0059 0.0012 
    Largest link dim during sweep 14/87 was 25
    Largest truncation error: 7.50871e-07
    Energy after sweep 14/87 is -181.263319523382
    Sweep 14/87 CPU time = 14.60s (Wall time = 0.936s)

    vN Entropy at center bond b=150 = 0.677480301282
    Eigs at center bond b=150: 0.7516 0.2187 0.0213 0.0059 0.0012 
    Largest link dim during sweep 15/87 was 25
    Largest truncation error: 7.79858e-07
    Energy after sweep 15/87 is -181.263238687546
    Sweep 15/87 CPU time = 14.30s (Wall time = 0.919s)

    vN Entropy at center bond b=150 = 0.677477349088
    Eigs at center bond b=150: 0.7516 0.2187 0.0213 0.0059 0.0012 
    Largest link dim during sweep 16/87 was 25
    Largest truncation error: 7.78208e-07
    Energy after sweep 16/87 is -181.263238702483
    Sweep 16/87 CPU time = 14.32s (Wall time = 0.918s)

    vN Entropy at center bond b=150 = 0.677477329974
    Eigs at center bond b=150: 0.7516 0.2187 0.0213 0.0059 0.0012 
    Largest link dim during sweep 17/87 was 25
    Largest truncation error: 7.78145e-07
    Energy after sweep 17/87 is -181.263238708941
    Sweep 17/87 CPU time = 14.25s (Wall time = 0.913s)

    vN Entropy at center bond b=150 = 0.677477326119
    Eigs at center bond b=150: 0.7516 0.2187 0.0213 0.0059 0.0012 
    Largest link dim during sweep 18/87 was 25
    Largest truncation error: 7.78138e-07
    Energy after sweep 18/87 is -181.263238709572
    Sweep 18/87 CPU time = 14.29s (Wall time = 0.912s)

    vN Entropy at center bond b=150 = 0.677477325379
    Eigs at center bond b=150: 0.7516 0.2187 0.0213 0.0059 0.0012 
    Largest link dim during sweep 19/87 was 25
    Largest truncation error: 7.78137e-07
    Energy after sweep 19/87 is -181.263238709648
    Sweep 19/87 CPU time = 14.27s (Wall time = 0.913s)

    vN Entropy at center bond b=150 = 0.677477325254
    Eigs at center bond b=150: 0.7516 0.2187 0.0213 0.0059 0.0012 
    Largest link dim during sweep 20/87 was 25
    Largest truncation error: 7.78137e-07
    Energy after sweep 20/87 is -181.263238709659
    Sweep 20/87 CPU time = 14.30s (Wall time = 0.918s)

    vN Entropy at center bond b=150 = 0.677477325234
    Eigs at center bond b=150: 0.7516 0.2187 0.0213 0.0059 0.0012 
    Largest link dim during sweep 21/87 was 25
    Largest truncation error: 7.78137e-07
    Energy after sweep 21/87 is -181.263238709658
    Sweep 21/87 CPU time = 14.26s (Wall time = 0.912s)

    vN Entropy at center bond b=150 = 0.677477325231
    Eigs at center bond b=150: 0.7516 0.2187 0.0213 0.0059 0.0012 
    Largest link dim during sweep 22/87 was 25
    Largest truncation error: 7.78137e-07
    Energy after sweep 22/87 is -181.263238709659
    Sweep 22/87 CPU time = 14.26s (Wall time = 0.912s)

    vN Entropy at center bond b=150 = 0.677477325230
    Eigs at center bond b=150: 0.7516 0.2187 0.0213 0.0059 0.0012 
    Largest link dim during sweep 23/87 was 25
    Largest truncation error: 7.78137e-07
    Energy after sweep 23/87 is -181.263238709663
    Sweep 23/87 CPU time = 14.31s (Wall time = 0.913s)

    vN Entropy at center bond b=150 = 0.677477325230
    Eigs at center bond b=150: 0.7516 0.2187 0.0213 0.0059 0.0012 
    Largest link dim during sweep 24/87 was 25
    Largest truncation error: 7.78137e-07
    Energy after sweep 24/87 is -181.263238709663
    Sweep 24/87 CPU time = 14.10s (Wall time = 0.903s)

    vN Entropy at center bond b=150 = 0.677477325230
    Eigs at center bond b=150: 0.7516 0.2187 0.0213 0.0059 0.0012 
    Largest link dim during sweep 25/87 was 25
    Largest truncation error: 7.78137e-07
    Energy after sweep 25/87 is -181.263238709660
    Sweep 25/87 CPU time = 14.07s (Wall time = 0.905s)

    vN Entropy at center bond b=150 = 0.677477325230
    Eigs at center bond b=150: 0.7516 0.2187 0.0213 0.0059 0.0012 
    Largest link dim during sweep 26/87 was 25
    Largest truncation error: 7.78137e-07
    Energy after sweep 26/87 is -181.263238709662
    Sweep 26/87 CPU time = 14.20s (Wall time = 0.910s)

    vN Entropy at center bond b=150 = 0.677477325230
    Eigs at center bond b=150: 0.7516 0.2187 0.0213 0.0059 0.0012 
    Largest link dim during sweep 27/87 was 25
    Largest truncation error: 7.78137e-07
    Energy after sweep 27/87 is -181.263238709665
    Sweep 27/87 CPU time = 14.32s (Wall time = 0.917s)

    vN Entropy at center bond b=150 = 0.677477325230
    Eigs at center bond b=150: 0.7516 0.2187 0.0213 0.0059 0.0012 
    Largest link dim during sweep 28/87 was 25
    Largest truncation error: 7.78137e-07
    Energy after sweep 28/87 is -181.263238709667
    Sweep 28/87 CPU time = 14.10s (Wall time = 0.902s)

    vN Entropy at center bond b=150 = 0.677477325230
    Eigs at center bond b=150: 0.7516 0.2187 0.0213 0.0059 0.0012 
    Largest link dim during sweep 29/87 was 25
    Largest truncation error: 7.78137e-07
    Energy after sweep 29/87 is -181.263238709671
    Sweep 29/87 CPU time = 14.26s (Wall time = 0.913s)

    vN Entropy at center bond b=150 = 0.677477325230
    Eigs at center bond b=150: 0.7516 0.2187 0.0213 0.0059 0.0012 
    Largest link dim during sweep 30/87 was 25
    Largest truncation error: 7.78137e-07
    Energy after sweep 30/87 is -181.263238709676
    Sweep 30/87 CPU time = 14.31s (Wall time = 0.912s)

    vN Entropy at center bond b=150 = 0.677477325230
    Eigs at center bond b=150: 0.7516 0.2187 0.0213 0.0059 0.0012 
    Largest link dim during sweep 31/87 was 25
    Largest truncation error: 7.78137e-07
    Energy after sweep 31/87 is -181.263238709698
    Sweep 31/87 CPU time = 14.23s (Wall time = 0.912s)

    vN Entropy at center bond b=150 = 0.677477325230
    Eigs at center bond b=150: 0.7516 0.2187 0.0213 0.0059 0.0012 
    Largest link dim during sweep 32/87 was 25
    Largest truncation error: 7.78136e-07
    Energy after sweep 32/87 is -181.263238709742
    Sweep 32/87 CPU time = 14.27s (Wall time = 0.911s)

    vN Entropy at center bond b=150 = 0.677477325230
    Eigs at center bond b=150: 0.7516 0.2187 0.0213 0.0059 0.0012 
    Largest link dim during sweep 33/87 was 25
    Largest truncation error: 7.78134e-07
    Energy after sweep 33/87 is -181.263238709826
    Sweep 33/87 CPU time = 14.28s (Wall time = 0.912s)

    vN Entropy at center bond b=150 = 0.677477325230
    Eigs at center bond b=150: 0.7516 0.2187 0.0213 0.0059 0.0012 
    Largest link dim during sweep 34/87 was 25
    Largest truncation error: 7.78131e-07
    Energy after sweep 34/87 is -181.263238710007
    Sweep 34/87 CPU time = 14.20s (Wall time = 0.912s)

    vN Entropy at center bond b=150 = 0.677477325230
    Eigs at center bond b=150: 0.7516 0.2187 0.0213 0.0059 0.0012 
    Largest link dim during sweep 35/87 was 25
    Largest truncation error: 7.78124e-07
    Energy after sweep 35/87 is -181.263238710379
    Sweep 35/87 CPU time = 14.23s (Wall time = 0.911s)

    vN Entropy at center bond b=150 = 0.677477325230
    Eigs at center bond b=150: 0.7516 0.2187 0.0213 0.0059 0.0012 
    Largest link dim during sweep 36/87 was 25
    Largest truncation error: 7.78107e-07
    Energy after sweep 36/87 is -181.263238711139
    Sweep 36/87 CPU time = 14.05s (Wall time = 0.901s)

    vN Entropy at center bond b=150 = 0.678381723638
    Eigs at center bond b=150: 0.7513 0.2189 0.0214 0.0059 0.0012 
    Largest link dim during sweep 37/87 was 51
    Largest truncation error: 8.23732e-09
    Energy after sweep 37/87 is -181.264323242032
    Sweep 37/87 CPU time = 31.58s (Wall time = 2.025s)

    vN Entropy at center bond b=150 = 0.678444747114
    Eigs at center bond b=150: 0.7513 0.2189 0.0214 0.0059 0.0012 
    Largest link dim during sweep 38/87 was 54
    Largest truncation error: 8.23809e-09
    Energy after sweep 38/87 is -181.264328350289
    Sweep 38/87 CPU time = 44.06s (Wall time = 2.828s)

    vN Entropy at center bond b=150 = 0.678448660098
    Eigs at center bond b=150: 0.7513 0.2189 0.0214 0.0059 0.0012 
    Largest link dim during sweep 39/87 was 54
    Largest truncation error: 8.23815e-09
    Energy after sweep 39/87 is -181.264328283937
    Sweep 39/87 CPU time = 44.33s (Wall time = 2.840s)

    vN Entropy at center bond b=150 = 0.678448767786
    Eigs at center bond b=150: 0.7513 0.2189 0.0214 0.0059 0.0012 
    Largest link dim during sweep 40/87 was 54
    Largest truncation error: 8.23816e-09
    Energy after sweep 40/87 is -181.264328282229
    Sweep 40/87 CPU time = 44.07s (Wall time = 2.843s)

    vN Entropy at center bond b=150 = 0.678448775913
    Eigs at center bond b=150: 0.7513 0.2189 0.0214 0.0059 0.0012 
    Largest link dim during sweep 41/87 was 54
    Largest truncation error: 8.23816e-09
    Energy after sweep 41/87 is -181.264328289882
    Sweep 41/87 CPU time = 44.28s (Wall time = 2.835s)

    vN Entropy at center bond b=150 = 0.678448776428
    Eigs at center bond b=150: 0.7513 0.2189 0.0214 0.0059 0.0012 
    Largest link dim during sweep 42/87 was 54
    Largest truncation error: 8.23816e-09
    Energy after sweep 42/87 is -181.264328289872
    Sweep 42/87 CPU time = 44.20s (Wall time = 2.836s)

    vN Entropy at center bond b=150 = 0.678448776413
    Eigs at center bond b=150: 0.7513 0.2189 0.0214 0.0059 0.0012 
    Largest link dim during sweep 43/87 was 54
    Largest truncation error: 8.23816e-09
    Energy after sweep 43/87 is -181.264328289875
    Sweep 43/87 CPU time = 44.35s (Wall time = 2.843s)

    vN Entropy at center bond b=150 = 0.678448776395
    Eigs at center bond b=150: 0.7513 0.2189 0.0214 0.0059 0.0012 
    Largest link dim during sweep 44/87 was 54
    Largest truncation error: 8.23816e-09
    Energy after sweep 44/87 is -181.264328289869
    Sweep 44/87 CPU time = 44.37s (Wall time = 2.846s)

    vN Entropy at center bond b=150 = 0.678448776390
    Eigs at center bond b=150: 0.7513 0.2189 0.0214 0.0059 0.0012 
    Largest link dim during sweep 45/87 was 54
    Largest truncation error: 8.23816e-09
    Energy after sweep 45/87 is -181.264328289871
    Sweep 45/87 CPU time = 44.08s (Wall time = 2.818s)

    vN Entropy at center bond b=150 = 0.678448776389
    Eigs at center bond b=150: 0.7513 0.2189 0.0214 0.0059 0.0012 
    Largest link dim during sweep 46/87 was 54
    Largest truncation error: 8.23816e-09
    Energy after sweep 46/87 is -181.264328289870
    Sweep 46/87 CPU time = 44.31s (Wall time = 2.843s)

    vN Entropy at center bond b=150 = 0.678448776388
    Eigs at center bond b=150: 0.7513 0.2189 0.0214 0.0059 0.0012 
    Largest link dim during sweep 47/87 was 54
    Largest truncation error: 8.23816e-09
    Energy after sweep 47/87 is -181.264328289871
    Sweep 47/87 CPU time = 44.15s (Wall time = 2.833s)

    vN Entropy at center bond b=150 = 0.678448776388
    Eigs at center bond b=150: 0.7513 0.2189 0.0214 0.0059 0.0012 
    Largest link dim during sweep 48/87 was 54
    Largest truncation error: 8.23816e-09
    Energy after sweep 48/87 is -181.264328289870
    Sweep 48/87 CPU time = 44.23s (Wall time = 2.837s)

    vN Entropy at center bond b=150 = 0.678448776388
    Eigs at center bond b=150: 0.7513 0.2189 0.0214 0.0059 0.0012 
    Largest link dim during sweep 49/87 was 54
    Largest truncation error: 8.23816e-09
    Energy after sweep 49/87 is -181.264328289873
    Sweep 49/87 CPU time = 44.45s (Wall time = 2.849s)

    vN Entropy at center bond b=150 = 0.678448776388
    Eigs at center bond b=150: 0.7513 0.2189 0.0214 0.0059 0.0012 
    Largest link dim during sweep 50/87 was 54
    Largest truncation error: 8.23816e-09
    Energy after sweep 50/87 is -181.264328289868
    Sweep 50/87 CPU time = 44.31s (Wall time = 2.841s)

    vN Entropy at center bond b=150 = 0.678448776388
    Eigs at center bond b=150: 0.7513 0.2189 0.0214 0.0059 0.0012 
    Largest link dim during sweep 51/87 was 54
    Largest truncation error: 8.23816e-09
    Energy after sweep 51/87 is -181.264328289871
    Sweep 51/87 CPU time = 44.33s (Wall time = 2.843s)

    vN Entropy at center bond b=150 = 0.678448776388
    Eigs at center bond b=150: 0.7513 0.2189 0.0214 0.0059 0.0012 
    Largest link dim during sweep 52/87 was 54
    Largest truncation error: 8.23816e-09
    Energy after sweep 52/87 is -181.264328289869
    Sweep 52/87 CPU time = 44.47s (Wall time = 2.857s)

    vN Entropy at center bond b=150 = 0.678448776388
    Eigs at center bond b=150: 0.7513 0.2189 0.0214 0.0059 0.0012 
    Largest link dim during sweep 53/87 was 54
    Largest truncation error: 8.23816e-09
    Energy after sweep 53/87 is -181.264328289871
    Sweep 53/87 CPU time = 44.55s (Wall time = 2.870s)

    vN Entropy at center bond b=150 = 0.678448776388
    Eigs at center bond b=150: 0.7513 0.2189 0.0214 0.0059 0.0012 
    Largest link dim during sweep 54/87 was 54
    Largest truncation error: 8.23816e-09
    Energy after sweep 54/87 is -181.264328289872
    Sweep 54/87 CPU time = 44.25s (Wall time = 2.835s)

    vN Entropy at center bond b=150 = 0.678448776388
    Eigs at center bond b=150: 0.7513 0.2189 0.0214 0.0059 0.0012 
    Largest link dim during sweep 55/87 was 54
    Largest truncation error: 8.23816e-09
    Energy after sweep 55/87 is -181.264328289871
    Sweep 55/87 CPU time = 44.24s (Wall time = 2.838s)

    vN Entropy at center bond b=150 = 0.678448776388
    Eigs at center bond b=150: 0.7513 0.2189 0.0214 0.0059 0.0012 
    Largest link dim during sweep 56/87 was 54
    Largest truncation error: 8.23816e-09
    Energy after sweep 56/87 is -181.264328289871
    Sweep 56/87 CPU time = 44.33s (Wall time = 2.842s)

    vN Entropy at center bond b=150 = 0.678448776388
    Eigs at center bond b=150: 0.7513 0.2189 0.0214 0.0059 0.0012 
    Largest link dim during sweep 57/87 was 54
    Largest truncation error: 8.23816e-09
    Energy after sweep 57/87 is -181.264328289871
    Sweep 57/87 CPU time = 44.09s (Wall time = 2.833s)

    vN Entropy at center bond b=150 = 0.678448776388
    Eigs at center bond b=150: 0.7513 0.2189 0.0214 0.0059 0.0012 
    Largest link dim during sweep 58/87 was 54
    Largest truncation error: 8.23816e-09
    Energy after sweep 58/87 is -181.264328289867
    Sweep 58/87 CPU time = 44.21s (Wall time = 2.835s)

    vN Entropy at center bond b=150 = 0.678492832506
    Eigs at center bond b=150: 0.7513 0.2190 0.0214 0.0059 0.0012 
    Largest link dim during sweep 59/87 was 101
    Largest truncation error: 8.08043e-11
    Energy after sweep 59/87 is -181.264340470591
    Sweep 59/87 CPU time = 2m, 2.9s (Wall time = 7.898s)

    vN Entropy at center bond b=150 = 0.678494125916
    Eigs at center bond b=150: 0.7513 0.2190 0.0214 0.0059 0.0012 
    Largest link dim during sweep 60/87 was 104
    Largest truncation error: 8.08057e-11
    Energy after sweep 60/87 is -181.264340502144
    Sweep 60/87 CPU time = 2m, 40.5s (Wall time = 10.36s)

    vN Entropy at center bond b=150 = 0.678494184301
    Eigs at center bond b=150: 0.7513 0.2190 0.0214 0.0059 0.0012 
    Largest link dim during sweep 61/87 was 104
    Largest truncation error: 8.08056e-11
    Energy after sweep 61/87 is -181.264340502767
    Sweep 61/87 CPU time = 2m, 54.8s (Wall time = 11.21s)

    vN Entropy at center bond b=150 = 0.678494188582
    Eigs at center bond b=150: 0.7513 0.2190 0.0214 0.0059 0.0012 
    Largest link dim during sweep 62/87 was 104
    Largest truncation error: 8.08056e-11
    Energy after sweep 62/87 is -181.264340502849
    Sweep 62/87 CPU time = 2m, 55.1s (Wall time = 11.23s)

    vN Entropy at center bond b=150 = 0.678494189148
    Eigs at center bond b=150: 0.7513 0.2190 0.0214 0.0059 0.0012 
    Largest link dim during sweep 63/87 was 104
    Largest truncation error: 8.08056e-11
    Energy after sweep 63/87 is -181.264340502893
    Sweep 63/87 CPU time = 2m, 54.5s (Wall time = 11.21s)

    vN Entropy at center bond b=150 = 0.678494189233
    Eigs at center bond b=150: 0.7513 0.2190 0.0214 0.0059 0.0012 
    Largest link dim during sweep 64/87 was 104
    Largest truncation error: 8.08057e-11
    Energy after sweep 64/87 is -181.264340502892
    Sweep 64/87 CPU time = 2m, 55.1s (Wall time = 11.24s)

    vN Entropy at center bond b=150 = 0.678494189245
    Eigs at center bond b=150: 0.7513 0.2190 0.0214 0.0059 0.0012 
    Largest link dim during sweep 65/87 was 104
    Largest truncation error: 8.08054e-11
    Energy after sweep 65/87 is -181.264340502890
    Sweep 65/87 CPU time = 2m, 55.4s (Wall time = 11.26s)

    vN Entropy at center bond b=150 = 0.678494189247
    Eigs at center bond b=150: 0.7513 0.2190 0.0214 0.0059 0.0012 
    Largest link dim during sweep 66/87 was 104
    Largest truncation error: 8.08058e-11
    Energy after sweep 66/87 is -181.264340502892
    Sweep 66/87 CPU time = 2m, 55.4s (Wall time = 11.25s)

    vN Entropy at center bond b=150 = 0.678494189248
    Eigs at center bond b=150: 0.7513 0.2190 0.0214 0.0059 0.0012 
    Largest link dim during sweep 67/87 was 104
    Largest truncation error: 8.08057e-11
    Energy after sweep 67/87 is -181.264340502891
    Sweep 67/87 CPU time = 2m, 55.7s (Wall time = 11.35s)

    vN Entropy at center bond b=150 = 0.678494189248
    Eigs at center bond b=150: 0.7513 0.2190 0.0214 0.0059 0.0012 
    Largest link dim during sweep 68/87 was 104
    Largest truncation error: 8.08056e-11
    Energy after sweep 68/87 is -181.264340502892
    Sweep 68/87 CPU time = 2m, 55.5s (Wall time = 11.27s)

    vN Entropy at center bond b=150 = 0.678494189248
    Eigs at center bond b=150: 0.7513 0.2190 0.0214 0.0059 0.0012 
    Largest link dim during sweep 69/87 was 104
    Largest truncation error: 8.08061e-11
    Energy after sweep 69/87 is -181.264340502892
    Sweep 69/87 CPU time = 2m, 55.4s (Wall time = 11.26s)

    vN Entropy at center bond b=150 = 0.678494189248
    Eigs at center bond b=150: 0.7513 0.2190 0.0214 0.0059 0.0012 
    Largest link dim during sweep 70/87 was 104
    Largest truncation error: 8.08052e-11
    Energy after sweep 70/87 is -181.264340502891
    Sweep 70/87 CPU time = 2m, 55.5s (Wall time = 11.26s)

    vN Entropy at center bond b=150 = 0.678494189248
    Eigs at center bond b=150: 0.7513 0.2190 0.0214 0.0059 0.0012 
    Largest link dim during sweep 71/87 was 104
    Largest truncation error: 8.08055e-11
    Energy after sweep 71/87 is -181.264340502892
    Sweep 71/87 CPU time = 2m, 55.5s (Wall time = 11.26s)

    vN Entropy at center bond b=150 = 0.678494189248
    Eigs at center bond b=150: 0.7513 0.2190 0.0214 0.0059 0.0012 
    Largest link dim during sweep 72/87 was 104
    Largest truncation error: 8.08055e-11
    Energy after sweep 72/87 is -181.264340502893
    Sweep 72/87 CPU time = 2m, 55.6s (Wall time = 11.27s)

    vN Entropy at center bond b=150 = 0.678494189248
    Eigs at center bond b=150: 0.7513 0.2190 0.0214 0.0059 0.0012 
    Largest link dim during sweep 73/87 was 104
    Largest truncation error: 8.08055e-11
    Energy after sweep 73/87 is -181.264340502890
    Sweep 73/87 CPU time = 2m, 55.4s (Wall time = 11.31s)

    vN Entropy at center bond b=150 = 0.678494189248
    Eigs at center bond b=150: 0.7513 0.2190 0.0214 0.0059 0.0012 
    Largest link dim during sweep 74/87 was 104
    Largest truncation error: 8.08058e-11
    Energy after sweep 74/87 is -181.264340502891
    Sweep 74/87 CPU time = 2m, 55.3s (Wall time = 11.26s)

    vN Entropy at center bond b=150 = 0.678497388498
    Eigs at center bond b=150: 0.7513 0.2190 0.0214 0.0059 0.0012 
    Largest link dim during sweep 75/87 was 182
    Largest truncation error: 8.10355e-13
    Energy after sweep 75/87 is -181.264340656166
    Sweep 75/87 CPU time = 4m, 55.3s (Wall time = 20.00s)

    vN Entropy at center bond b=150 = 0.678497449521
    Eigs at center bond b=150: 0.7513 0.2190 0.0214 0.0059 0.0012 
    Largest link dim during sweep 76/87 was 184
    Largest truncation error: 8.10406e-13
    Energy after sweep 76/87 is -181.264340656529
    Sweep 76/87 CPU time = 5m, 55.1s (Wall time = 23.23s)

    vN Entropy at center bond b=150 = 0.678497454034
    Eigs at center bond b=150: 0.7513 0.2190 0.0214 0.0059 0.0012 
    Largest link dim during sweep 77/87 was 184
    Largest truncation error: 8.10416e-13
    Energy after sweep 77/87 is -181.264340656535
    Sweep 77/87 CPU time = 5m, 52.4s (Wall time = 22.89s)

    vN Entropy at center bond b=150 = 0.678497454677
    Eigs at center bond b=150: 0.7513 0.2190 0.0214 0.0059 0.0012 
    Largest link dim during sweep 78/87 was 184
    Largest truncation error: 8.10425e-13
    Energy after sweep 78/87 is -181.264340656533
    Sweep 78/87 CPU time = 5m, 54.7s (Wall time = 23.03s)

    vN Entropy at center bond b=150 = 0.678497454801
    Eigs at center bond b=150: 0.7513 0.2190 0.0214 0.0059 0.0012 
    Largest link dim during sweep 79/87 was 184
    Largest truncation error: 8.10476e-13
    Energy after sweep 79/87 is -181.264340656533
    Sweep 79/87 CPU time = 5m, 55.1s (Wall time = 23.01s)

    vN Entropy at center bond b=150 = 0.678497454843
    Eigs at center bond b=150: 0.7513 0.2190 0.0214 0.0059 0.0012 
    Largest link dim during sweep 80/87 was 184
    Largest truncation error: 8.10653e-13
    Energy after sweep 80/87 is -181.264340656530
    Sweep 80/87 CPU time = 5m, 53.6s (Wall time = 22.95s)

    vN Entropy at center bond b=150 = 0.678497454866
    Eigs at center bond b=150: 0.7513 0.2190 0.0214 0.0059 0.0012 
    Largest link dim during sweep 81/87 was 184
    Largest truncation error: 8.10703e-13
    Energy after sweep 81/87 is -181.264340656532
    Sweep 81/87 CPU time = 5m, 53.1s (Wall time = 22.89s)

    vN Entropy at center bond b=150 = 0.678497454881
    Eigs at center bond b=150: 0.7513 0.2190 0.0214 0.0059 0.0012 
    Largest link dim during sweep 82/87 was 184
    Largest truncation error: 8.10845e-13
    Energy after sweep 82/87 is -181.264340656532
    Sweep 82/87 CPU time = 5m, 52.4s (Wall time = 22.92s)

    vN Entropy at center bond b=150 = 0.678497775653
    Eigs at center bond b=150: 0.7513 0.2190 0.0214 0.0059 0.0012 
    Largest link dim during sweep 83/87 was 171
    Largest truncation error: 7.52643e-13
    Energy after sweep 83/87 is -181.264340656037
    Sweep 83/87 CPU time = 4m, 34.3s (Wall time = 17.75s)

    vN Entropy at center bond b=150 = 0.678497782112
    Eigs at center bond b=150: 0.7513 0.2190 0.0214 0.0059 0.0012 
    Largest link dim during sweep 84/87 was 291
    Largest truncation error: 7.60027e-15
    Energy after sweep 84/87 is -181.264340658419
    Sweep 84/87 CPU time = 12m, 17s (Wall time = 49.96s)

    vN Entropy at center bond b=150 = 0.678497783609
    Eigs at center bond b=150: 0.7513 0.2190 0.0214 0.0059 0.0012 
    Largest link dim during sweep 85/87 was 296
    Largest truncation error: 7.55055e-15
    Energy after sweep 85/87 is -181.264340658424
    Sweep 85/87 CPU time = 17m, 33s (Wall time = 1m, 7.8s)

    vN Entropy at center bond b=150 = 0.678497783698
    Eigs at center bond b=150: 0.7513 0.2190 0.0214 0.0059 0.0012 
    Largest link dim during sweep 86/87 was 295
    Largest truncation error: 7.54366e-15
    Energy after sweep 86/87 is -181.264340658431
    Sweep 86/87 CPU time = 16m, 6s (Wall time = 1m, 2.1s)

    vN Entropy at center bond b=150 = 0.678497783715
    Eigs at center bond b=150: 0.7513 0.2190 0.0214 0.0059 0.0012 
    Largest link dim during sweep 87/87 was 295
    Largest truncation error: 7.54366e-15
    Energy after sweep 87/87 is -181.264340658431
    Sweep 87/87 CPU time = 16m, 1s (Wall time = 1m, 1.8s)
Initial energy = 3.00000

Ground State Energy = -181.2643406584
run_outputs/outputpsi/N_300_sweep_87_t_0.030000_J_1.000000_V_0.600000_D_0.018000_U_0.300000_mu_0.020000_E_0.200000 converge
Wall-clock time (s) = 3242.127218
