//////////////////////////
Reading input file ......

Got input.N = 303
Got input.t = 0.03
Got input.J = 1
Got input.V = 0.6
Got input.D = 0.018
Got input.U = 2
Got input.mu = 0.02
Got input.E = 0.03
Got input.nsweeps = 87
Sweeps:
1  MaxDim=20, MinDim=20, Cutoff=1.0E-06, Niter=8, Noise=1.0E-05
2  MaxDim=20, MinDim=20, Cutoff=1.0E-06, Niter=8, Noise=1.0E-05
3  MaxDim=20, MinDim=20, Cutoff=1.0E-06, Niter=8, Noise=1.0E-05
4  MaxDim=20, MinDim=20, Cutoff=1.0E-06, Niter=8, Noise=1.0E-05
5  MaxDim=20, MinDim=20, Cutoff=1.0E-06, Niter=8, Noise=1.0E-05
6  MaxDim=20, MinDim=20, Cutoff=1.0E-06, Niter=8, Noise=1.0E-05
7  MaxDim=20, MinDim=20, Cutoff=1.0E-06, Niter=8, Noise=1.0E-05
8  MaxDim=40, MinDim=20, Cutoff=1.0E-06, Niter=4, Noise=1.0E-05
9  MaxDim=40, MinDim=20, Cutoff=1.0E-06, Niter=4, Noise=1.0E-05
10  MaxDim=40, MinDim=20, Cutoff=1.0E-06, Niter=4, Noise=1.0E-05
11  MaxDim=40, MinDim=20, Cutoff=1.0E-06, Niter=4, Noise=1.0E-05
12  MaxDim=40, MinDim=20, Cutoff=1.0E-06, Niter=4, Noise=1.0E-05
13  MaxDim=40, MinDim=20, Cutoff=1.0E-06, Niter=4, Noise=1.0E-05
14  MaxDim=40, MinDim=20, Cutoff=1.0E-06, Niter=4, Noise=1.0E-05
15  MaxDim=80, MinDim=10, Cutoff=1.0E-06, Niter=4, Noise=1.0E-05
16  MaxDim=80, MinDim=10, Cutoff=1.0E-06, Niter=4, Noise=1.0E-05
17  MaxDim=80, MinDim=10, Cutoff=1.0E-06, Niter=4, Noise=1.0E-05
18  MaxDim=80, MinDim=10, Cutoff=1.0E-06, Niter=4, Noise=1.0E-05
19  MaxDim=80, MinDim=10, Cutoff=1.0E-06, Niter=4, Noise=1.0E-05
20  MaxDim=80, MinDim=10, Cutoff=1.0E-06, Niter=4, Noise=1.0E-05
21  MaxDim=80, MinDim=10, Cutoff=1.0E-06, Niter=4, Noise=1.0E-05
22  MaxDim=80, MinDim=10, Cutoff=1.0E-06, Niter=4, Noise=1.0E-05
23  MaxDim=80, MinDim=10, Cutoff=1.0E-06, Niter=4, Noise=1.0E-05
24  MaxDim=80, MinDim=10, Cutoff=1.0E-06, Niter=4, Noise=1.0E-05
25  MaxDim=80, MinDim=10, Cutoff=1.0E-06, Niter=4, Noise=1.0E-05
26  MaxDim=80, MinDim=10, Cutoff=1.0E-06, Niter=4, Noise=1.0E-05
27  MaxDim=80, MinDim=10, Cutoff=1.0E-06, Niter=4, Noise=1.0E-05
28  MaxDim=80, MinDim=10, Cutoff=1.0E-06, Niter=4, Noise=1.0E-05
29  MaxDim=80, MinDim=10, Cutoff=1.0E-06, Niter=4, Noise=1.0E-05
30  MaxDim=80, MinDim=10, Cutoff=1.0E-06, Niter=4, Noise=1.0E-05
31  MaxDim=80, MinDim=10, Cutoff=1.0E-06, Niter=4, Noise=1.0E-05
32  MaxDim=80, MinDim=10, Cutoff=1.0E-06, Niter=4, Noise=1.0E-05
33  MaxDim=80, MinDim=10, Cutoff=1.0E-06, Niter=4, Noise=1.0E-05
34  MaxDim=80, MinDim=10, Cutoff=1.0E-06, Niter=4, Noise=1.0E-05
35  MaxDim=80, MinDim=10, Cutoff=1.0E-06, Niter=4, Noise=1.0E-05
36  MaxDim=80, MinDim=10, Cutoff=1.0E-06, Niter=4, Noise=1.0E-05
37  MaxDim=160, MinDim=10, Cutoff=1.0E-08, Niter=4, Noise=1.0E-06
38  MaxDim=160, MinDim=10, Cutoff=1.0E-08, Niter=4, Noise=1.0E-06
39  MaxDim=160, MinDim=10, Cutoff=1.0E-08, Niter=4, Noise=1.0E-06
40  MaxDim=160, MinDim=10, Cutoff=1.0E-08, Niter=4, Noise=1.0E-06
41  MaxDim=160, MinDim=10, Cutoff=1.0E-08, Niter=4, Noise=1.0E-06
42  MaxDim=160, MinDim=10, Cutoff=1.0E-08, Niter=4, Noise=1.0E-06
43  MaxDim=160, MinDim=10, Cutoff=1.0E-08, Niter=4, Noise=1.0E-06
44  MaxDim=160, MinDim=10, Cutoff=1.0E-08, Niter=4, Noise=1.0E-06
45  MaxDim=160, MinDim=10, Cutoff=1.0E-08, Niter=4, Noise=1.0E-06
46  MaxDim=160, MinDim=10, Cutoff=1.0E-08, Niter=4, Noise=1.0E-06
47  MaxDim=160, MinDim=10, Cutoff=1.0E-08, Niter=4, Noise=1.0E-06
48  MaxDim=160, MinDim=10, Cutoff=1.0E-08, Niter=4, Noise=1.0E-06
49  MaxDim=160, MinDim=10, Cutoff=1.0E-08, Niter=4, Noise=1.0E-06
50  MaxDim=160, MinDim=10, Cutoff=1.0E-08, Niter=4, Noise=1.0E-06
51  MaxDim=160, MinDim=10, Cutoff=1.0E-08, Niter=4, Noise=1.0E-06
52  MaxDim=160, MinDim=10, Cutoff=1.0E-08, Niter=4, Noise=1.0E-06
53  MaxDim=160, MinDim=10, Cutoff=1.0E-08, Niter=4, Noise=1.0E-06
54  MaxDim=160, MinDim=10, Cutoff=1.0E-08, Niter=4, Noise=1.0E-06
55  MaxDim=160, MinDim=10, Cutoff=1.0E-08, Niter=4, Noise=1.0E-06
56  MaxDim=160, MinDim=10, Cutoff=1.0E-08, Niter=4, Noise=1.0E-06
57  MaxDim=160, MinDim=10, Cutoff=1.0E-08, Niter=4, Noise=1.0E-06
58  MaxDim=160, MinDim=10, Cutoff=1.0E-08, Niter=4, Noise=1.0E-06
59  MaxDim=320, MinDim=10, Cutoff=1.0E-10, Niter=4, Noise=1.0E-07
60  MaxDim=320, MinDim=10, Cutoff=1.0E-10, Niter=4, Noise=1.0E-07
61  MaxDim=320, MinDim=10, Cutoff=1.0E-10, Niter=4, Noise=1.0E-07
62  MaxDim=320, MinDim=10, Cutoff=1.0E-10, Niter=4, Noise=1.0E-07
63  MaxDim=320, MinDim=10, Cutoff=1.0E-10, Niter=4, Noise=1.0E-07
64  MaxDim=320, MinDim=10, Cutoff=1.0E-10, Niter=4, Noise=1.0E-07
65  MaxDim=320, MinDim=10, Cutoff=1.0E-10, Niter=4, Noise=1.0E-07
66  MaxDim=320, MinDim=10, Cutoff=1.0E-10, Niter=4, Noise=1.0E-07
67  MaxDim=320, MinDim=10, Cutoff=1.0E-10, Niter=4, Noise=1.0E-07
68  MaxDim=320, MinDim=10, Cutoff=1.0E-10, Niter=4, Noise=1.0E-07
69  MaxDim=320, MinDim=10, Cutoff=1.0E-10, Niter=4, Noise=1.0E-07
70  MaxDim=320, MinDim=10, Cutoff=1.0E-10, Niter=4, Noise=1.0E-07
71  MaxDim=320, MinDim=10, Cutoff=1.0E-10, Niter=4, Noise=1.0E-07
72  MaxDim=320, MinDim=10, Cutoff=1.0E-10, Niter=4, Noise=1.0E-07
73  MaxDim=320, MinDim=10, Cutoff=1.0E-10, Niter=4, Noise=1.0E-07
74  MaxDim=320, MinDim=10, Cutoff=1.0E-10, Niter=4, Noise=1.0E-07
75  MaxDim=640, MinDim=10, Cutoff=1.0E-12, Niter=2, Noise=1.0E-08
76  MaxDim=640, MinDim=10, Cutoff=1.0E-12, Niter=2, Noise=1.0E-08
77  MaxDim=640, MinDim=10, Cutoff=1.0E-12, Niter=2, Noise=1.0E-08
78  MaxDim=640, MinDim=10, Cutoff=1.0E-12, Niter=2, Noise=1.0E-08
79  MaxDim=640, MinDim=10, Cutoff=1.0E-12, Niter=2, Noise=1.0E-08
80  MaxDim=640, MinDim=10, Cutoff=1.0E-12, Niter=2, Noise=1.0E-08
81  MaxDim=640, MinDim=10, Cutoff=1.0E-12, Niter=2, Noise=1.0E-08
82  MaxDim=640, MinDim=10, Cutoff=1.0E-12, Niter=2, Noise=1.0E-08
83  MaxDim=1280, MinDim=10, Cutoff=1.0E-12, Niter=2, Noise=0.0E+00
84  MaxDim=1280, MinDim=10, Cutoff=1.0E-14, Niter=2, Noise=0.0E+00
85  MaxDim=1280, MinDim=10, Cutoff=1.0E-14, Niter=2, Noise=0.0E+00
86  MaxDim=1280, MinDim=10, Cutoff=1.0E-14, Niter=2, Noise=0.0E+00
87  MaxDim=1280, MinDim=10, Cutoff=1.0E-14, Niter=2, Noise=0.0E+00


    vN Entropy at center bond b=151 = 0.648806100647
    Eigs at center bond b=151: 0.7919 0.1704 0.0259 0.0058 0.0035 0.0011 
    Largest link dim during sweep 1/87 was 20
    Largest truncation error: 9.98138e-06
    Energy after sweep 1/87 is -142.751994902486
    Sweep 1/87 CPU time = 18.10s (Wall time = 1.173s)

    vN Entropy at center bond b=151 = 0.807136039980
    Eigs at center bond b=151: 0.7336 0.2005 0.0429 0.0092 0.0067 0.0033 0.0017 
    Largest link dim during sweep 2/87 was 20
    Largest truncation error: 1.03534e-05
    Energy after sweep 2/87 is -142.810391917948
    Sweep 2/87 CPU time = 25.50s (Wall time = 1.635s)

    vN Entropy at center bond b=151 = 0.824717168520
    Eigs at center bond b=151: 0.7275 0.2028 0.0450 0.0098 0.0071 0.0036 0.0018 0.0011 
    Largest link dim during sweep 3/87 was 20
    Largest truncation error: 1.28994e-05
    Energy after sweep 3/87 is -142.811649899205
    Sweep 3/87 CPU time = 25.16s (Wall time = 1.611s)

    vN Entropy at center bond b=151 = 0.826534532981
    Eigs at center bond b=151: 0.7269 0.2030 0.0452 0.0099 0.0071 0.0037 0.0019 0.0011 
    Largest link dim during sweep 4/87 was 20
    Largest truncation error: 1.30907e-05
    Energy after sweep 4/87 is -142.811773569304
    Sweep 4/87 CPU time = 25.21s (Wall time = 1.613s)

    vN Entropy at center bond b=151 = 0.826800598701
    Eigs at center bond b=151: 0.7268 0.2031 0.0452 0.0099 0.0071 0.0037 0.0019 0.0011 
    Largest link dim during sweep 5/87 was 20
    Largest truncation error: 1.32376e-05
    Energy after sweep 5/87 is -142.811807231860
    Sweep 5/87 CPU time = 25.12s (Wall time = 1.612s)

    vN Entropy at center bond b=151 = 0.826860940147
    Eigs at center bond b=151: 0.7268 0.2031 0.0452 0.0099 0.0071 0.0037 0.0019 0.0011 
    Largest link dim during sweep 6/87 was 20
    Largest truncation error: 1.33537e-05
    Energy after sweep 6/87 is -142.811822014672
    Sweep 6/87 CPU time = 25.21s (Wall time = 1.615s)

    vN Entropy at center bond b=151 = 0.826879934219
    Eigs at center bond b=151: 0.7268 0.2031 0.0452 0.0099 0.0071 0.0037 0.0019 0.0011 
    Largest link dim during sweep 7/87 was 20
    Largest truncation error: 1.34063e-05
    Energy after sweep 7/87 is -142.811834266489
    Sweep 7/87 CPU time = 25.10s (Wall time = 1.610s)

    vN Entropy at center bond b=151 = 0.874614643406
    Eigs at center bond b=151: 0.7121 0.2068 0.0509 0.0119 0.0083 0.0044 0.0023 0.0015 
    Largest link dim during sweep 8/87 was 40
    Largest truncation error: 8.1116e-07
    Energy after sweep 8/87 is -142.841748005156
    Sweep 8/87 CPU time = 25.75s (Wall time = 1.656s)

    vN Entropy at center bond b=151 = 0.937767184194
    Eigs at center bond b=151: 0.6927 0.2102 0.0594 0.0149 0.0100 0.0049 0.0030 0.0021 
    Largest link dim during sweep 9/87 was 40
    Largest truncation error: 1.8439e-06
    Energy after sweep 9/87 is -142.845127180527
    Sweep 9/87 CPU time = 38.30s (Wall time = 2.465s)

    vN Entropy at center bond b=151 = 0.962541389172
    Eigs at center bond b=151: 0.6854 0.2101 0.0637 0.0164 0.0105 0.0050 0.0032 0.0023 
    Largest link dim during sweep 10/87 was 40
    Largest truncation error: 2.08038e-06
    Energy after sweep 10/87 is -142.845390100587
    Sweep 10/87 CPU time = 37.77s (Wall time = 2.431s)

    vN Entropy at center bond b=151 = 0.970199288043
    Eigs at center bond b=151: 0.6833 0.2095 0.0656 0.0170 0.0105 0.0050 0.0032 0.0024 
    Largest link dim during sweep 11/87 was 40
    Largest truncation error: 2.16992e-06
    Energy after sweep 11/87 is -142.845432535708
    Sweep 11/87 CPU time = 37.85s (Wall time = 2.424s)

    vN Entropy at center bond b=151 = 0.973221653406
    Eigs at center bond b=151: 0.6826 0.2090 0.0666 0.0173 0.0104 0.0050 0.0032 0.0025 
    Largest link dim during sweep 12/87 was 40
    Largest truncation error: 2.18992e-06
    Energy after sweep 12/87 is -142.845442784747
    Sweep 12/87 CPU time = 37.71s (Wall time = 2.423s)

    vN Entropy at center bond b=151 = 0.974646734447
    Eigs at center bond b=151: 0.6822 0.2087 0.0671 0.0175 0.0103 0.0050 0.0032 0.0025 
    Largest link dim during sweep 13/87 was 40
    Largest truncation error: 2.19737e-06
    Energy after sweep 13/87 is -142.845445987777
    Sweep 13/87 CPU time = 37.83s (Wall time = 2.445s)

    vN Entropy at center bond b=151 = 0.975379592407
    Eigs at center bond b=151: 0.6821 0.2085 0.0674 0.0176 0.0103 0.0050 0.0032 0.0025 
    Largest link dim during sweep 14/87 was 40
    Largest truncation error: 2.20843e-06
    Energy after sweep 14/87 is -142.845447796592
    Sweep 14/87 CPU time = 37.93s (Wall time = 2.428s)

    vN Entropy at center bond b=151 = 0.996358621167
    Eigs at center bond b=151: 0.6761 0.2080 0.0710 0.0188 0.0107 0.0051 0.0034 0.0029 
    Largest link dim during sweep 15/87 was 54
    Largest truncation error: 7.48145e-07
    Energy after sweep 15/87 is -142.848427960240
    Sweep 15/87 CPU time = 50.44s (Wall time = 3.237s)

    vN Entropy at center bond b=151 = 1.029268760394
    Eigs at center bond b=151: 0.6666 0.2064 0.0778 0.0212 0.0110 0.0053 0.0036 0.0034 0.0011 
    Largest link dim during sweep 16/87 was 58
    Largest truncation error: 7.53054e-07
    Energy after sweep 16/87 is -142.849142927346
    Sweep 16/87 CPU time = 59.17s (Wall time = 3.810s)

    vN Entropy at center bond b=151 = 1.057098323458
    Eigs at center bond b=151: 0.6586 0.2039 0.0846 0.0236 0.0109 0.0055 0.0040 0.0035 0.0012 
    Largest link dim during sweep 17/87 was 60
    Largest truncation error: 7.59741e-07
    Energy after sweep 17/87 is -142.849559815034
    Sweep 17/87 CPU time = 1m, 4.1s (Wall time = 4.121s)

    vN Entropy at center bond b=151 = 1.082511582159
    Eigs at center bond b=151: 0.6509 0.2012 0.0915 0.0260 0.0107 0.0059 0.0043 0.0035 0.0013 0.0011 
    Largest link dim during sweep 18/87 was 62
    Largest truncation error: 7.65586e-07
    Energy after sweep 18/87 is -142.849834358214
    Sweep 18/87 CPU time = 1m, 7.6s (Wall time = 4.343s)

    vN Entropy at center bond b=151 = 1.106756941263
    Eigs at center bond b=151: 0.6432 0.1984 0.0984 0.0285 0.0104 0.0065 0.0045 0.0035 0.0014 0.0012 
    Largest link dim during sweep 19/87 was 64
    Largest truncation error: 7.77833e-07
    Energy after sweep 19/87 is -142.850059226550
    Sweep 19/87 CPU time = 1m, 10.7s (Wall time = 4.544s)

    vN Entropy at center bond b=151 = 1.130016195554
    Eigs at center bond b=151: 0.6354 0.1958 0.1054 0.0312 0.0100 0.0071 0.0046 0.0035 0.0015 0.0012 
    Largest link dim during sweep 20/87 was 65
    Largest truncation error: 7.85947e-07
    Energy after sweep 20/87 is -142.850242683588
    Sweep 20/87 CPU time = 1m, 14.0s (Wall time = 4.748s)

    vN Entropy at center bond b=151 = 1.152510371102
    Eigs at center bond b=151: 0.6273 0.1935 0.1122 0.0339 0.0097 0.0077 0.0046 0.0035 0.0016 0.0013 
    Largest link dim during sweep 21/87 was 67
    Largest truncation error: 7.93079e-07
    Energy after sweep 21/87 is -142.850410819438
    Sweep 21/87 CPU time = 1m, 16.2s (Wall time = 4.897s)

    vN Entropy at center bond b=151 = 1.175416602036
    Eigs at center bond b=151: 0.6186 0.1916 0.1190 0.0368 0.0094 0.0083 0.0046 0.0036 0.0017 0.0014 
    Largest link dim during sweep 22/87 was 68
    Largest truncation error: 7.99388e-07
    Energy after sweep 22/87 is -142.850574720974
    Sweep 22/87 CPU time = 1m, 19.1s (Wall time = 5.071s)

    vN Entropy at center bond b=151 = 1.198330299325
    Eigs at center bond b=151: 0.6093 0.1903 0.1256 0.0399 0.0091 0.0089 0.0047 0.0037 0.0017 0.0016 
    Largest link dim during sweep 23/87 was 69
    Largest truncation error: 7.44979e-07
    Energy after sweep 23/87 is -142.850731219036
    Sweep 23/87 CPU time = 1m, 21.6s (Wall time = 5.282s)

    vN Entropy at center bond b=151 = 1.221017214895
    Eigs at center bond b=151: 0.5996 0.1900 0.1314 0.0432 0.0094 0.0087 0.0047 0.0038 0.0018 0.0017 
    Largest link dim during sweep 24/87 was 71
    Largest truncation error: 7.45417e-07
    Energy after sweep 24/87 is -142.850892392063
    Sweep 24/87 CPU time = 1m, 25.1s (Wall time = 5.473s)

    vN Entropy at center bond b=151 = 1.242774862527
    Eigs at center bond b=151: 0.5897 0.1912 0.1358 0.0467 0.0099 0.0084 0.0047 0.0040 0.0019 0.0018 
    Largest link dim during sweep 25/87 was 72
    Largest truncation error: 7.46684e-07
    Energy after sweep 25/87 is -142.851045483287
    Sweep 25/87 CPU time = 1m, 29.4s (Wall time = 5.748s)

    vN Entropy at center bond b=151 = 1.262304972072
    Eigs at center bond b=151: 0.5802 0.1938 0.1385 0.0500 0.0102 0.0081 0.0048 0.0043 0.0019 0.0019 
    Largest link dim during sweep 26/87 was 73
    Largest truncation error: 7.47153e-07
    Energy after sweep 26/87 is -142.851178516143
    Sweep 26/87 CPU time = 1m, 31.9s (Wall time = 5.904s)

    vN Entropy at center bond b=151 = 1.278208081232
    Eigs at center bond b=151: 0.5721 0.1973 0.1396 0.0529 0.0105 0.0079 0.0048 0.0045 0.0020 0.0019 
    Largest link dim during sweep 27/87 was 74
    Largest truncation error: 7.2626e-07
    Energy after sweep 27/87 is -142.851279320760
    Sweep 27/87 CPU time = 1m, 34.1s (Wall time = 6.049s)

    vN Entropy at center bond b=151 = 1.290148727442
    Eigs at center bond b=151: 0.5657 0.2008 0.1398 0.0553 0.0107 0.0077 0.0048 0.0047 0.0020 0.0019 
    Largest link dim during sweep 28/87 was 74
    Largest truncation error: 7.27062e-07
    Energy after sweep 28/87 is -142.851357574844
    Sweep 28/87 CPU time = 1m, 37.3s (Wall time = 6.251s)

    vN Entropy at center bond b=151 = 1.298626873466
    Eigs at center bond b=151: 0.5610 0.2037 0.1395 0.0570 0.0109 0.0075 0.0049 0.0048 0.0020 0.0020 
    Largest link dim during sweep 29/87 was 74
    Largest truncation error: 7.27631e-07
    Energy after sweep 29/87 is -142.851415021231
    Sweep 29/87 CPU time = 1m, 39.4s (Wall time = 6.377s)

    vN Entropy at center bond b=151 = 1.304454502640
    Eigs at center bond b=151: 0.5577 0.2058 0.1392 0.0582 0.0109 0.0074 0.0050 0.0049 0.0020 0.0020 
    Largest link dim during sweep 30/87 was 75
    Largest truncation error: 7.28003e-07
    Energy after sweep 30/87 is -142.851452734432
    Sweep 30/87 CPU time = 1m, 40.4s (Wall time = 6.450s)

    vN Entropy at center bond b=151 = 1.308116845862
    Eigs at center bond b=151: 0.5556 0.2073 0.1389 0.0590 0.0110 0.0074 0.0050 0.0049 0.0020 0.0020 
    Largest link dim during sweep 31/87 was 75
    Largest truncation error: 7.28243e-07
    Energy after sweep 31/87 is -142.851475483627
    Sweep 31/87 CPU time = 1m, 40.5s (Wall time = 6.457s)

    vN Entropy at center bond b=151 = 1.310411771544
    Eigs at center bond b=151: 0.5543 0.2082 0.1387 0.0595 0.0110 0.0073 0.0051 0.0049 0.0020 0.0020 
    Largest link dim during sweep 32/87 was 75
    Largest truncation error: 7.28396e-07
    Energy after sweep 32/87 is -142.851493112711
    Sweep 32/87 CPU time = 1m, 40.6s (Wall time = 6.459s)

    vN Entropy at center bond b=151 = 1.311840387349
    Eigs at center bond b=151: 0.5534 0.2088 0.1386 0.0599 0.0110 0.0073 0.0051 0.0049 0.0020 0.0020 
    Largest link dim during sweep 33/87 was 75
    Largest truncation error: 7.28504e-07
    Energy after sweep 33/87 is -142.851503986622
    Sweep 33/87 CPU time = 1m, 40.5s (Wall time = 6.470s)

    vN Entropy at center bond b=151 = 1.312728147491
    Eigs at center bond b=151: 0.5529 0.2091 0.1385 0.0601 0.0111 0.0073 0.0051 0.0049 0.0020 0.0020 
    Largest link dim during sweep 34/87 was 75
    Largest truncation error: 7.28563e-07
    Energy after sweep 34/87 is -142.851509827359
    Sweep 34/87 CPU time = 1m, 40.2s (Wall time = 6.430s)

    vN Entropy at center bond b=151 = 1.313272249170
    Eigs at center bond b=151: 0.5526 0.2094 0.1384 0.0602 0.0111 0.0073 0.0052 0.0049 0.0020 0.0020 
    Largest link dim during sweep 35/87 was 75
    Largest truncation error: 7.28598e-07
    Energy after sweep 35/87 is -142.851512692898
    Sweep 35/87 CPU time = 1m, 40.2s (Wall time = 6.433s)

    vN Entropy at center bond b=151 = 1.313585524492
    Eigs at center bond b=151: 0.5524 0.2095 0.1384 0.0603 0.0111 0.0073 0.0052 0.0049 0.0020 0.0020 
    Largest link dim during sweep 36/87 was 75
    Largest truncation error: 7.28621e-07
    Energy after sweep 36/87 is -142.851514338660
    Sweep 36/87 CPU time = 1m, 40.3s (Wall time = 6.439s)

    vN Entropy at center bond b=151 = 1.345061967509
    Eigs at center bond b=151: 0.5435 0.2110 0.1390 0.0622 0.0125 0.0081 0.0058 0.0050 0.0024 0.0023 
    Largest link dim during sweep 37/87 was 160
    Largest truncation error: 9.1269e-09
    Energy after sweep 37/87 is -142.853914667720
    Sweep 37/87 CPU time = 5m, 29.6s (Wall time = 22.10s)

    vN Entropy at center bond b=151 = 1.362143111007
    Eigs at center bond b=151: 0.5392 0.2111 0.1394 0.0630 0.0132 0.0086 0.0062 0.0051 0.0026 0.0025 
    Largest link dim during sweep 38/87 was 160
    Largest truncation error: 2.65833e-08
    Energy after sweep 38/87 is -142.853971640762
    Sweep 38/87 CPU time = 9m, 32.3s (Wall time = 38.72s)

    vN Entropy at center bond b=151 = 1.363328456932
    Eigs at center bond b=151: 0.5390 0.2111 0.1395 0.0630 0.0132 0.0086 0.0062 0.0051 0.0026 0.0025 
    Largest link dim during sweep 39/87 was 160
    Largest truncation error: 2.91176e-08
    Energy after sweep 39/87 is -142.853972786816
    Sweep 39/87 CPU time = 8m, 46.3s (Wall time = 34.62s)

    vN Entropy at center bond b=151 = 1.363438674385
    Eigs at center bond b=151: 0.5390 0.2111 0.1395 0.0630 0.0132 0.0086 0.0062 0.0051 0.0026 0.0025 
    Largest link dim during sweep 40/87 was 160
    Largest truncation error: 2.95573e-08
    Energy after sweep 40/87 is -142.853972833532
    Sweep 40/87 CPU time = 8m, 57.5s (Wall time = 35.54s)

    vN Entropy at center bond b=151 = 1.363454952182
    Eigs at center bond b=151: 0.5390 0.2111 0.1395 0.0630 0.0132 0.0086 0.0062 0.0051 0.0026 0.0025 
    Largest link dim during sweep 41/87 was 160
    Largest truncation error: 2.96551e-08
    Energy after sweep 41/87 is -142.853972843051
    Sweep 41/87 CPU time = 9m, 12.5s (Wall time = 37.08s)

    vN Entropy at center bond b=151 = 1.363458150971
    Eigs at center bond b=151: 0.5390 0.2111 0.1395 0.0630 0.0132 0.0086 0.0062 0.0051 0.0026 0.0025 
    Largest link dim during sweep 42/87 was 160
    Largest truncation error: 2.96731e-08
    Energy after sweep 42/87 is -142.853972841878
    Sweep 42/87 CPU time = 9m, 12.3s (Wall time = 37.35s)

    vN Entropy at center bond b=151 = 1.363459077114
    Eigs at center bond b=151: 0.5390 0.2111 0.1395 0.0630 0.0132 0.0086 0.0062 0.0051 0.0026 0.0025 
    Largest link dim during sweep 43/87 was 160
    Largest truncation error: 2.96648e-08
    Energy after sweep 43/87 is -142.853972844407
    Sweep 43/87 CPU time = 9m, 25.4s (Wall time = 37.92s)

    vN Entropy at center bond b=151 = 1.363459422512
    Eigs at center bond b=151: 0.5390 0.2111 0.1395 0.0630 0.0132 0.0086 0.0062 0.0051 0.0026 0.0025 
    Largest link dim during sweep 44/87 was 160
    Largest truncation error: 2.96538e-08
    Energy after sweep 44/87 is -142.853972844560
    Sweep 44/87 CPU time = 9m, 23.0s (Wall time = 38.31s)

    vN Entropy at center bond b=151 = 1.363459556092
    Eigs at center bond b=151: 0.5390 0.2111 0.1395 0.0630 0.0132 0.0086 0.0062 0.0051 0.0026 0.0025 
    Largest link dim during sweep 45/87 was 160
    Largest truncation error: 2.96445e-08
    Energy after sweep 45/87 is -142.853972844639
    Sweep 45/87 CPU time = 9m, 23.3s (Wall time = 37.78s)

    vN Entropy at center bond b=151 = 1.363459620376
    Eigs at center bond b=151: 0.5390 0.2111 0.1395 0.0630 0.0132 0.0086 0.0062 0.0051 0.0026 0.0025 
    Largest link dim during sweep 46/87 was 160
    Largest truncation error: 2.96367e-08
    Energy after sweep 46/87 is -142.853972844954
    Sweep 46/87 CPU time = 9m, 34.7s (Wall time = 39.03s)

    vN Entropy at center bond b=151 = 1.363459656905
    Eigs at center bond b=151: 0.5390 0.2111 0.1395 0.0630 0.0132 0.0086 0.0062 0.0051 0.0026 0.0025 
    Largest link dim during sweep 47/87 was 160
    Largest truncation error: 2.96305e-08
    Energy after sweep 47/87 is -142.853972845378
    Sweep 47/87 CPU time = 9m, 40.3s (Wall time = 39.58s)

    vN Entropy at center bond b=151 = 1.363459654380
    Eigs at center bond b=151: 0.5390 0.2111 0.1395 0.0630 0.0132 0.0086 0.0062 0.0051 0.0026 0.0025 
    Largest link dim during sweep 48/87 was 160
    Largest truncation error: 2.96259e-08
    Energy after sweep 48/87 is -142.853972845942
    Sweep 48/87 CPU time = 9m, 39.6s (Wall time = 39.80s)

    vN Entropy at center bond b=151 = 1.363459593427
    Eigs at center bond b=151: 0.5390 0.2111 0.1395 0.0630 0.0132 0.0086 0.0062 0.0051 0.0026 0.0025 
    Largest link dim during sweep 49/87 was 160
    Largest truncation error: 2.96228e-08
    Energy after sweep 49/87 is -142.853972846635
    Sweep 49/87 CPU time = 9m, 37.6s (Wall time = 39.38s)

    vN Entropy at center bond b=151 = 1.363459539670
    Eigs at center bond b=151: 0.5390 0.2111 0.1395 0.0630 0.0132 0.0086 0.0062 0.0051 0.0026 0.0025 
    Largest link dim during sweep 50/87 was 160
    Largest truncation error: 2.96208e-08
    Energy after sweep 50/87 is -142.853972847310
    Sweep 50/87 CPU time = 9m, 28.7s (Wall time = 38.78s)

    vN Entropy at center bond b=151 = 1.363459537112
    Eigs at center bond b=151: 0.5390 0.2111 0.1395 0.0630 0.0132 0.0086 0.0062 0.0051 0.0026 0.0025 
    Largest link dim during sweep 51/87 was 160
    Largest truncation error: 2.96195e-08
    Energy after sweep 51/87 is -142.853972847724
    Sweep 51/87 CPU time = 9m, 27.5s (Wall time = 38.72s)

    vN Entropy at center bond b=151 = 1.363459553067
    Eigs at center bond b=151: 0.5390 0.2111 0.1395 0.0630 0.0132 0.0086 0.0062 0.0051 0.0026 0.0025 
    Largest link dim during sweep 52/87 was 160
    Largest truncation error: 2.96187e-08
    Energy after sweep 52/87 is -142.853972847857
    Sweep 52/87 CPU time = 9m, 34.4s (Wall time = 39.13s)

    vN Entropy at center bond b=151 = 1.363459568720
    Eigs at center bond b=151: 0.5390 0.2111 0.1395 0.0630 0.0132 0.0086 0.0062 0.0051 0.0026 0.0025 
    Largest link dim during sweep 53/87 was 160
    Largest truncation error: 2.96182e-08
    Energy after sweep 53/87 is -142.853972847864
    Sweep 53/87 CPU time = 9m, 14.2s (Wall time = 37.77s)

    vN Entropy at center bond b=151 = 1.363459581239
    Eigs at center bond b=151: 0.5390 0.2111 0.1395 0.0630 0.0132 0.0086 0.0062 0.0051 0.0026 0.0025 
    Largest link dim during sweep 54/87 was 160
    Largest truncation error: 2.96179e-08
    Energy after sweep 54/87 is -142.853972847839
    Sweep 54/87 CPU time = 9m, 27.8s (Wall time = 38.71s)

    vN Entropy at center bond b=151 = 1.363459591103
    Eigs at center bond b=151: 0.5390 0.2111 0.1395 0.0630 0.0132 0.0086 0.0062 0.0051 0.0026 0.0025 
    Largest link dim during sweep 55/87 was 160
    Largest truncation error: 2.96177e-08
    Energy after sweep 55/87 is -142.853972847827
    Sweep 55/87 CPU time = 9m, 26.0s (Wall time = 38.77s)

    vN Entropy at center bond b=151 = 1.363459598977
    Eigs at center bond b=151: 0.5390 0.2111 0.1395 0.0630 0.0132 0.0086 0.0062 0.0051 0.0026 0.0025 
    Largest link dim during sweep 56/87 was 160
    Largest truncation error: 2.96175e-08
    Energy after sweep 56/87 is -142.853972847855
    Sweep 56/87 CPU time = 9m, 29.4s (Wall time = 38.63s)

    vN Entropy at center bond b=151 = 1.363459605346
    Eigs at center bond b=151: 0.5390 0.2111 0.1395 0.0630 0.0132 0.0086 0.0062 0.0051 0.0026 0.0025 
    Largest link dim during sweep 57/87 was 160
    Largest truncation error: 2.96175e-08
    Energy after sweep 57/87 is -142.853972847909
    Sweep 57/87 CPU time = 9m, 23.3s (Wall time = 38.37s)

    vN Entropy at center bond b=151 = 1.363459610610
    Eigs at center bond b=151: 0.5390 0.2111 0.1395 0.0630 0.0132 0.0086 0.0062 0.0051 0.0026 0.0025 
    Largest link dim during sweep 58/87 was 160
    Largest truncation error: 2.96174e-08
    Energy after sweep 58/87 is -142.853972847991
    Sweep 58/87 CPU time = 9m, 19.1s (Wall time = 37.86s)

    vN Entropy at center bond b=151 = 1.365838885752
    Eigs at center bond b=151: 0.5385 0.2111 0.1395 0.0631 0.0133 0.0087 0.0062 0.0051 0.0026 0.0026 
    Largest link dim during sweep 59/87 was 320
    Largest truncation error: 5.38945e-10
    Energy after sweep 59/87 is -142.854033210515
    Sweep 59/87 CPU time = 33m, 21s (Wall time = 2m, 15.3s)

    vN Entropy at center bond b=151 = 1.366404437081
    Eigs at center bond b=151: 0.5384 0.2111 0.1395 0.0631 0.0133 0.0087 0.0062 0.0051 0.0026 0.0026 
    Largest link dim during sweep 60/87 was 320
    Largest truncation error: 9.01732e-10
    Energy after sweep 60/87 is -142.854033549062
    Sweep 60/87 CPU time = 40m, 45s (Wall time = 2m, 37.9s)

    vN Entropy at center bond b=151 = 1.366426657156
    Eigs at center bond b=151: 0.5384 0.2111 0.1395 0.0631 0.0133 0.0087 0.0062 0.0051 0.0026 0.0026 
    Largest link dim during sweep 61/87 was 320
    Largest truncation error: 9.37667e-10
    Energy after sweep 61/87 is -142.854033551931
    Sweep 61/87 CPU time = 42m, 39s (Wall time = 2m, 49.2s)

    vN Entropy at center bond b=151 = 1.366428823195
    Eigs at center bond b=151: 0.5384 0.2111 0.1395 0.0631 0.0133 0.0087 0.0062 0.0051 0.0026 0.0026 
    Largest link dim during sweep 62/87 was 320
    Largest truncation error: 9.45498e-10
    Energy after sweep 62/87 is -142.854033551500
    Sweep 62/87 CPU time = 43m, 2s (Wall time = 2m, 51.7s)

    vN Entropy at center bond b=151 = 1.366429173760
    Eigs at center bond b=151: 0.5384 0.2111 0.1395 0.0631 0.0133 0.0087 0.0062 0.0051 0.0026 0.0026 
    Largest link dim during sweep 63/87 was 320
    Largest truncation error: 9.47596e-10
    Energy after sweep 63/87 is -142.854033551344
    Sweep 63/87 CPU time = 42m, 23s (Wall time = 2m, 48.7s)

    vN Entropy at center bond b=151 = 1.366429250502
    Eigs at center bond b=151: 0.5384 0.2111 0.1395 0.0631 0.0133 0.0087 0.0062 0.0051 0.0026 0.0026 
    Largest link dim during sweep 64/87 was 320
    Largest truncation error: 9.48242e-10
    Energy after sweep 64/87 is -142.854033551283
    Sweep 64/87 CPU time = 42m, 53s (Wall time = 2m, 51.4s)

    vN Entropy at center bond b=151 = 1.366429273369
    Eigs at center bond b=151: 0.5384 0.2111 0.1395 0.0631 0.0133 0.0087 0.0062 0.0051 0.0026 0.0026 
    Largest link dim during sweep 65/87 was 320
    Largest truncation error: 9.48471e-10
    Energy after sweep 65/87 is -142.854033551249
    Sweep 65/87 CPU time = 42m, 58s (Wall time = 2m, 51.7s)

    vN Entropy at center bond b=151 = 1.366429282894
    Eigs at center bond b=151: 0.5384 0.2111 0.1395 0.0631 0.0133 0.0087 0.0062 0.0051 0.0026 0.0026 
    Largest link dim during sweep 66/87 was 320
    Largest truncation error: 9.48561e-10
    Energy after sweep 66/87 is -142.854033551225
    Sweep 66/87 CPU time = 42m, 54s (Wall time = 2m, 51.5s)

    vN Entropy at center bond b=151 = 1.366429287868
    Eigs at center bond b=151: 0.5384 0.2111 0.1395 0.0631 0.0133 0.0087 0.0062 0.0051 0.0026 0.0026 
    Largest link dim during sweep 67/87 was 320
    Largest truncation error: 9.48597e-10
    Energy after sweep 67/87 is -142.854033551210
    Sweep 67/87 CPU time = 42m, 58s (Wall time = 2m, 51.6s)

    vN Entropy at center bond b=151 = 1.366429290698
    Eigs at center bond b=151: 0.5384 0.2111 0.1395 0.0631 0.0133 0.0087 0.0062 0.0051 0.0026 0.0026 
    Largest link dim during sweep 68/87 was 320
    Largest truncation error: 9.48612e-10
    Energy after sweep 68/87 is -142.854033551199
    Sweep 68/87 CPU time = 42m, 57s (Wall time = 2m, 51.6s)

    vN Entropy at center bond b=151 = 1.366429292440
    Eigs at center bond b=151: 0.5384 0.2111 0.1395 0.0631 0.0133 0.0087 0.0062 0.0051 0.0026 0.0026 
    Largest link dim during sweep 69/87 was 320
    Largest truncation error: 9.48618e-10
    Energy after sweep 69/87 is -142.854033551196
    Sweep 69/87 CPU time = 42m, 55s (Wall time = 2m, 51.4s)

    vN Entropy at center bond b=151 = 1.366429293518
    Eigs at center bond b=151: 0.5384 0.2111 0.1395 0.0631 0.0133 0.0087 0.0062 0.0051 0.0026 0.0026 
    Largest link dim during sweep 70/87 was 320
    Largest truncation error: 9.4862e-10
    Energy after sweep 70/87 is -142.854033551209
    Sweep 70/87 CPU time = 42m, 55s (Wall time = 2m, 51.5s)

    vN Entropy at center bond b=151 = 1.366429294380
    Eigs at center bond b=151: 0.5384 0.2111 0.1395 0.0631 0.0133 0.0087 0.0062 0.0051 0.0026 0.0026 
    Largest link dim during sweep 71/87 was 320
    Largest truncation error: 9.48621e-10
    Energy after sweep 71/87 is -142.854033551213
    Sweep 71/87 CPU time = 42m, 47s (Wall time = 2m, 50.5s)

    vN Entropy at center bond b=151 = 1.366429295191
    Eigs at center bond b=151: 0.5384 0.2111 0.1395 0.0631 0.0133 0.0087 0.0062 0.0051 0.0026 0.0026 
    Largest link dim during sweep 72/87 was 320
    Largest truncation error: 9.48622e-10
    Energy after sweep 72/87 is -142.854033551215
    Sweep 72/87 CPU time = 43m, 9s (Wall time = 2m, 52.4s)

    vN Entropy at center bond b=151 = 1.366429295973
    Eigs at center bond b=151: 0.5384 0.2111 0.1395 0.0631 0.0133 0.0087 0.0062 0.0051 0.0026 0.0026 
    Largest link dim during sweep 73/87 was 320
    Largest truncation error: 9.48623e-10
    Energy after sweep 73/87 is -142.854033551215
    Sweep 73/87 CPU time = 42m, 52s (Wall time = 2m, 51.3s)

    vN Entropy at center bond b=151 = 1.366429296681
    Eigs at center bond b=151: 0.5384 0.2111 0.1395 0.0631 0.0133 0.0087 0.0062 0.0051 0.0026 0.0026 
    Largest link dim during sweep 74/87 was 320
    Largest truncation error: 9.48625e-10
    Energy after sweep 74/87 is -142.854033551216
    Sweep 74/87 CPU time = 42m, 56s (Wall time = 2m, 51.1s)

    vN Entropy at center bond b=151 = 1.366527161971
    Eigs at center bond b=151: 0.5384 0.2111 0.1395 0.0631 0.0133 0.0087 0.0062 0.0051 0.0026 0.0026 
    Largest link dim during sweep 75/87 was 640
    Largest truncation error: 1.21549e-11
    Energy after sweep 75/87 is -142.854035239802
    Sweep 75/87 CPU time = 2h, 6m, 58s (Wall time = 8m, 26.9s)

    vN Entropy at center bond b=151 = 1.366557799664
    Eigs at center bond b=151: 0.5384 0.2111 0.1395 0.0631 0.0133 0.0087 0.0062 0.0051 0.0026 0.0026 
    Largest link dim during sweep 76/87 was 640
    Largest truncation error: 1.63174e-11
    Energy after sweep 76/87 is -142.854035252000
    Sweep 76/87 CPU time = 2h, 31m, 23s (Wall time = 10m, 2s)

    vN Entropy at center bond b=151 = 1.366559648038
    Eigs at center bond b=151: 0.5384 0.2111 0.1395 0.0631 0.0133 0.0087 0.0062 0.0051 0.0026 0.0026 
    Largest link dim during sweep 77/87 was 640
    Largest truncation error: 1.67785e-11
    Energy after sweep 77/87 is -142.854035252334
    Sweep 77/87 CPU time = 2h, 29m, 51s (Wall time = 9m, 58.2s)

    vN Entropy at center bond b=151 = 1.366559875172
    Eigs at center bond b=151: 0.5384 0.2111 0.1395 0.0631 0.0133 0.0087 0.0062 0.0051 0.0026 0.0026 
    Largest link dim during sweep 78/87 was 640
    Largest truncation error: 1.69679e-11
    Energy after sweep 78/87 is -142.854035252329
    Sweep 78/87 CPU time = 2h, 29m, 19s (Wall time = 9m, 56.4s)

    vN Entropy at center bond b=151 = 1.366559919562
    Eigs at center bond b=151: 0.5384 0.2111 0.1395 0.0631 0.0133 0.0087 0.0062 0.0051 0.0026 0.0026 
    Largest link dim during sweep 79/87 was 640
    Largest truncation error: 1.70265e-11
    Energy after sweep 79/87 is -142.854035252323
    Sweep 79/87 CPU time = 2h, 29m, 23s (Wall time = 9m, 56.6s)

    vN Entropy at center bond b=151 = 1.366559930928
    Eigs at center bond b=151: 0.5384 0.2111 0.1395 0.0631 0.0133 0.0087 0.0062 0.0051 0.0026 0.0026 
    Largest link dim during sweep 80/87 was 640
    Largest truncation error: 1.70465e-11
    Energy after sweep 80/87 is -142.854035252319
    Sweep 80/87 CPU time = 2h, 29m, 19s (Wall time = 9m, 56.4s)

    vN Entropy at center bond b=151 = 1.366559934346
    Eigs at center bond b=151: 0.5384 0.2111 0.1395 0.0631 0.0133 0.0087 0.0062 0.0051 0.0026 0.0026 
    Largest link dim during sweep 81/87 was 640
    Largest truncation error: 1.7054e-11
    Energy after sweep 81/87 is -142.854035252317
    Sweep 81/87 CPU time = 2h, 28m, 57s (Wall time = 9m, 54.4s)

    vN Entropy at center bond b=151 = 1.366559935481
    Eigs at center bond b=151: 0.5384 0.2111 0.1395 0.0631 0.0133 0.0087 0.0062 0.0051 0.0026 0.0026 
    Largest link dim during sweep 82/87 was 640
    Largest truncation error: 1.70569e-11
    Energy after sweep 82/87 is -142.854035252317
    Sweep 82/87 CPU time = 2h, 28m, 52s (Wall time = 9m, 53.6s)

    vN Entropy at center bond b=151 = 1.366562184349
    Eigs at center bond b=151: 0.5384 0.2111 0.1395 0.0631 0.0133 0.0087 0.0062 0.0051 0.0026 0.0026 
    Largest link dim during sweep 83/87 was 1003
    Largest truncation error: 7.74808e-13
    Energy after sweep 83/87 is -142.854035278141
    Sweep 83/87 CPU time = 4h, 15m, 29s (Wall time = 17m, 46s)

    vN Entropy at center bond b=151 = 1.366563120808
    Eigs at center bond b=151: 0.5384 0.2111 0.1395 0.0631 0.0133 0.0087 0.0062 0.0051 0.0026 0.0026 
    Largest link dim during sweep 84/87 was 1280
    Largest truncation error: 1.52832e-13
    Energy after sweep 84/87 is -142.854035281881
    Sweep 84/87 CPU time = 8h, 23m, 6s (Wall time = 37m, 7s)

    vN Entropy at center bond b=151 = 1.366563220989
    Eigs at center bond b=151: 0.5384 0.2111 0.1395 0.0631 0.0133 0.0087 0.0062 0.0051 0.0026 0.0026 
    Largest link dim during sweep 85/87 was 1280
    Largest truncation error: 1.5069e-13
    Energy after sweep 85/87 is -142.854035281915
    Sweep 85/87 CPU time = 9h, 44m, 44s (Wall time = 41m, 2s)

    vN Entropy at center bond b=151 = 1.366563229561
    Eigs at center bond b=151: 0.5384 0.2111 0.1395 0.0631 0.0133 0.0087 0.0062 0.0051 0.0026 0.0026 
    Largest link dim during sweep 86/87 was 1280
    Largest truncation error: 1.52971e-13
    Energy after sweep 86/87 is -142.854035281918
    Sweep 86/87 CPU time = 9h, 45m, 1s (Wall time = 40m, 25s)

    vN Entropy at center bond b=151 = 1.366563230883
    Eigs at center bond b=151: 0.5384 0.2111 0.1395 0.0631 0.0133 0.0087 0.0062 0.0051 0.0026 0.0026 
    Largest link dim during sweep 87/87 was 1280
    Largest truncation error: 1.53853e-13
    Energy after sweep 87/87 is -142.854035281912
    Sweep 87/87 CPU time = 9h, 43m, 16s (Wall time = 39m, 59s)
Initial energy = 3.12000

Ground State Energy = -142.8540352819
run_outputs/outputpsi/N_303_sweep_87_t_0.030000_J_1.000000_V_0.600000_D_0.018000_U_2.000000_mu_0.020000_E_0.030000 converge
Wall-clock time (s) = 119146.706937
