//////////////////////////
Reading input file ......

Got input.N = 300
Got input.t = 0.03
Got input.J = 1
Got input.V = 0.6
Got input.D = 0.018
Got input.U = 0.8
Got input.mu = 0
Got input.E = 0
Got input.nsweeps = 87
Sweeps:
1  MaxDim=20, MinDim=20, Cutoff=1.0E-06, Niter=8, Noise=1.0E-05
2  MaxDim=20, MinDim=20, Cutoff=1.0E-06, Niter=8, Noise=1.0E-05
3  MaxDim=20, MinDim=20, Cutoff=1.0E-06, Niter=8, Noise=1.0E-05
4  MaxDim=20, MinDim=20, Cutoff=1.0E-06, Niter=8, Noise=1.0E-05
5  MaxDim=20, MinDim=20, Cutoff=1.0E-06, Niter=8, Noise=1.0E-05
6  MaxDim=20, MinDim=20, Cutoff=1.0E-06, Niter=8, Noise=1.0E-05
7  MaxDim=20, MinDim=20, Cutoff=1.0E-06, Niter=8, Noise=1.0E-05
8  MaxDim=40, MinDim=20, Cutoff=1.0E-06, Niter=4, Noise=1.0E-05
9  MaxDim=40, MinDim=20, Cutoff=1.0E-06, Niter=4, Noise=1.0E-05
10  MaxDim=40, MinDim=20, Cutoff=1.0E-06, Niter=4, Noise=1.0E-05
11  MaxDim=40, MinDim=20, Cutoff=1.0E-06, Niter=4, Noise=1.0E-05
12  MaxDim=40, MinDim=20, Cutoff=1.0E-06, Niter=4, Noise=1.0E-05
13  MaxDim=40, MinDim=20, Cutoff=1.0E-06, Niter=4, Noise=1.0E-05
14  MaxDim=40, MinDim=20, Cutoff=1.0E-06, Niter=4, Noise=1.0E-05
15  MaxDim=80, MinDim=10, Cutoff=1.0E-06, Niter=4, Noise=1.0E-05
16  MaxDim=80, MinDim=10, Cutoff=1.0E-06, Niter=4, Noise=1.0E-05
17  MaxDim=80, MinDim=10, Cutoff=1.0E-06, Niter=4, Noise=1.0E-05
18  MaxDim=80, MinDim=10, Cutoff=1.0E-06, Niter=4, Noise=1.0E-05
19  MaxDim=80, MinDim=10, Cutoff=1.0E-06, Niter=4, Noise=1.0E-05
20  MaxDim=80, MinDim=10, Cutoff=1.0E-06, Niter=4, Noise=1.0E-05
21  MaxDim=80, MinDim=10, Cutoff=1.0E-06, Niter=4, Noise=1.0E-05
22  MaxDim=80, MinDim=10, Cutoff=1.0E-06, Niter=4, Noise=1.0E-05
23  MaxDim=80, MinDim=10, Cutoff=1.0E-06, Niter=4, Noise=1.0E-05
24  MaxDim=80, MinDim=10, Cutoff=1.0E-06, Niter=4, Noise=1.0E-05
25  MaxDim=80, MinDim=10, Cutoff=1.0E-06, Niter=4, Noise=1.0E-05
26  MaxDim=80, MinDim=10, Cutoff=1.0E-06, Niter=4, Noise=1.0E-05
27  MaxDim=80, MinDim=10, Cutoff=1.0E-06, Niter=4, Noise=1.0E-05
28  MaxDim=80, MinDim=10, Cutoff=1.0E-06, Niter=4, Noise=1.0E-05
29  MaxDim=80, MinDim=10, Cutoff=1.0E-06, Niter=4, Noise=1.0E-05
30  MaxDim=80, MinDim=10, Cutoff=1.0E-06, Niter=4, Noise=1.0E-05
31  MaxDim=80, MinDim=10, Cutoff=1.0E-06, Niter=4, Noise=1.0E-05
32  MaxDim=80, MinDim=10, Cutoff=1.0E-06, Niter=4, Noise=1.0E-05
33  MaxDim=80, MinDim=10, Cutoff=1.0E-06, Niter=4, Noise=1.0E-05
34  MaxDim=80, MinDim=10, Cutoff=1.0E-06, Niter=4, Noise=1.0E-05
35  MaxDim=80, MinDim=10, Cutoff=1.0E-06, Niter=4, Noise=1.0E-05
36  MaxDim=80, MinDim=10, Cutoff=1.0E-06, Niter=4, Noise=1.0E-05
37  MaxDim=160, MinDim=10, Cutoff=1.0E-08, Niter=4, Noise=1.0E-06
38  MaxDim=160, MinDim=10, Cutoff=1.0E-08, Niter=4, Noise=1.0E-06
39  MaxDim=160, MinDim=10, Cutoff=1.0E-08, Niter=4, Noise=1.0E-06
40  MaxDim=160, MinDim=10, Cutoff=1.0E-08, Niter=4, Noise=1.0E-06
41  MaxDim=160, MinDim=10, Cutoff=1.0E-08, Niter=4, Noise=1.0E-06
42  MaxDim=160, MinDim=10, Cutoff=1.0E-08, Niter=4, Noise=1.0E-06
43  MaxDim=160, MinDim=10, Cutoff=1.0E-08, Niter=4, Noise=1.0E-06
44  MaxDim=160, MinDim=10, Cutoff=1.0E-08, Niter=4, Noise=1.0E-06
45  MaxDim=160, MinDim=10, Cutoff=1.0E-08, Niter=4, Noise=1.0E-06
46  MaxDim=160, MinDim=10, Cutoff=1.0E-08, Niter=4, Noise=1.0E-06
47  MaxDim=160, MinDim=10, Cutoff=1.0E-08, Niter=4, Noise=1.0E-06
48  MaxDim=160, MinDim=10, Cutoff=1.0E-08, Niter=4, Noise=1.0E-06
49  MaxDim=160, MinDim=10, Cutoff=1.0E-08, Niter=4, Noise=1.0E-06
50  MaxDim=160, MinDim=10, Cutoff=1.0E-08, Niter=4, Noise=1.0E-06
51  MaxDim=160, MinDim=10, Cutoff=1.0E-08, Niter=4, Noise=1.0E-06
52  MaxDim=160, MinDim=10, Cutoff=1.0E-08, Niter=4, Noise=1.0E-06
53  MaxDim=160, MinDim=10, Cutoff=1.0E-08, Niter=4, Noise=1.0E-06
54  MaxDim=160, MinDim=10, Cutoff=1.0E-08, Niter=4, Noise=1.0E-06
55  MaxDim=160, MinDim=10, Cutoff=1.0E-08, Niter=4, Noise=1.0E-06
56  MaxDim=160, MinDim=10, Cutoff=1.0E-08, Niter=4, Noise=1.0E-06
57  MaxDim=160, MinDim=10, Cutoff=1.0E-08, Niter=4, Noise=1.0E-06
58  MaxDim=160, MinDim=10, Cutoff=1.0E-08, Niter=4, Noise=1.0E-06
59  MaxDim=320, MinDim=10, Cutoff=1.0E-10, Niter=4, Noise=1.0E-07
60  MaxDim=320, MinDim=10, Cutoff=1.0E-10, Niter=4, Noise=1.0E-07
61  MaxDim=320, MinDim=10, Cutoff=1.0E-10, Niter=4, Noise=1.0E-07
62  MaxDim=320, MinDim=10, Cutoff=1.0E-10, Niter=4, Noise=1.0E-07
63  MaxDim=320, MinDim=10, Cutoff=1.0E-10, Niter=4, Noise=1.0E-07
64  MaxDim=320, MinDim=10, Cutoff=1.0E-10, Niter=4, Noise=1.0E-07
65  MaxDim=320, MinDim=10, Cutoff=1.0E-10, Niter=4, Noise=1.0E-07
66  MaxDim=320, MinDim=10, Cutoff=1.0E-10, Niter=4, Noise=1.0E-07
67  MaxDim=320, MinDim=10, Cutoff=1.0E-10, Niter=4, Noise=1.0E-07
68  MaxDim=320, MinDim=10, Cutoff=1.0E-10, Niter=4, Noise=1.0E-07
69  MaxDim=320, MinDim=10, Cutoff=1.0E-10, Niter=4, Noise=1.0E-07
70  MaxDim=320, MinDim=10, Cutoff=1.0E-10, Niter=4, Noise=1.0E-07
71  MaxDim=320, MinDim=10, Cutoff=1.0E-10, Niter=4, Noise=1.0E-07
72  MaxDim=320, MinDim=10, Cutoff=1.0E-10, Niter=4, Noise=1.0E-07
73  MaxDim=320, MinDim=10, Cutoff=1.0E-10, Niter=4, Noise=1.0E-07
74  MaxDim=320, MinDim=10, Cutoff=1.0E-10, Niter=4, Noise=1.0E-07
75  MaxDim=640, MinDim=10, Cutoff=1.0E-12, Niter=2, Noise=1.0E-08
76  MaxDim=640, MinDim=10, Cutoff=1.0E-12, Niter=2, Noise=1.0E-08
77  MaxDim=640, MinDim=10, Cutoff=1.0E-12, Niter=2, Noise=1.0E-08
78  MaxDim=640, MinDim=10, Cutoff=1.0E-12, Niter=2, Noise=1.0E-08
79  MaxDim=640, MinDim=10, Cutoff=1.0E-12, Niter=2, Noise=1.0E-08
80  MaxDim=640, MinDim=10, Cutoff=1.0E-12, Niter=2, Noise=1.0E-08
81  MaxDim=640, MinDim=10, Cutoff=1.0E-12, Niter=2, Noise=1.0E-08
82  MaxDim=640, MinDim=10, Cutoff=1.0E-12, Niter=2, Noise=1.0E-08
83  MaxDim=1280, MinDim=10, Cutoff=1.0E-12, Niter=2, Noise=0.0E+00
84  MaxDim=1280, MinDim=10, Cutoff=1.0E-14, Niter=2, Noise=0.0E+00
85  MaxDim=1280, MinDim=10, Cutoff=1.0E-14, Niter=2, Noise=0.0E+00
86  MaxDim=1280, MinDim=10, Cutoff=1.0E-14, Niter=2, Noise=0.0E+00
87  MaxDim=1280, MinDim=10, Cutoff=1.0E-14, Niter=2, Noise=0.0E+00


    vN Entropy at center bond b=150 = 0.569690373704
    Eigs at center bond b=150: 0.8190 0.1559 0.0172 0.0054 0.0011 
    Largest link dim during sweep 1/87 was 20
    Largest truncation error: 3.54271e-05
    Energy after sweep 1/87 is -165.319589891824
    Sweep 1/87 CPU time = 17.95s (Wall time = 1.163s)

    vN Entropy at center bond b=150 = 0.651508588600
    Eigs at center bond b=150: 0.7785 0.1900 0.0208 0.0071 0.0016 0.0014 
    Largest link dim during sweep 2/87 was 20
    Largest truncation error: 2.47973e-06
    Energy after sweep 2/87 is -165.362134235048
    Sweep 2/87 CPU time = 24.82s (Wall time = 1.594s)

    vN Entropy at center bond b=150 = 0.657428585179
    Eigs at center bond b=150: 0.7745 0.1937 0.0210 0.0073 0.0016 0.0013 
    Largest link dim during sweep 3/87 was 20
    Largest truncation error: 2.38891e-06
    Energy after sweep 3/87 is -165.363078004980
    Sweep 3/87 CPU time = 24.85s (Wall time = 1.595s)

    vN Entropy at center bond b=150 = 0.659014314216
    Eigs at center bond b=150: 0.7734 0.1948 0.0210 0.0074 0.0016 0.0013 
    Largest link dim during sweep 4/87 was 20
    Largest truncation error: 2.39543e-06
    Energy after sweep 4/87 is -165.363217466106
    Sweep 4/87 CPU time = 24.92s (Wall time = 1.594s)

    vN Entropy at center bond b=150 = 0.659647307110
    Eigs at center bond b=150: 0.7729 0.1952 0.0211 0.0074 0.0016 0.0013 
    Largest link dim during sweep 5/87 was 20
    Largest truncation error: 2.39864e-06
    Energy after sweep 5/87 is -165.363250706776
    Sweep 5/87 CPU time = 24.75s (Wall time = 1.590s)

    vN Entropy at center bond b=150 = 0.659941370562
    Eigs at center bond b=150: 0.7727 0.1954 0.0211 0.0074 0.0016 0.0013 
    Largest link dim during sweep 6/87 was 20
    Largest truncation error: 2.4005e-06
    Energy after sweep 6/87 is -165.363261501006
    Sweep 6/87 CPU time = 24.80s (Wall time = 1.590s)

    vN Entropy at center bond b=150 = 0.660087141813
    Eigs at center bond b=150: 0.7726 0.1955 0.0211 0.0074 0.0016 0.0013 
    Largest link dim during sweep 7/87 was 20
    Largest truncation error: 2.4018e-06
    Energy after sweep 7/87 is -165.363265889498
    Sweep 7/87 CPU time = 24.82s (Wall time = 1.591s)

    vN Entropy at center bond b=150 = 0.661393499512
    Eigs at center bond b=150: 0.7723 0.1956 0.0212 0.0074 0.0016 0.0013 
    Largest link dim during sweep 8/87 was 28
    Largest truncation error: 7.72127e-07
    Energy after sweep 8/87 is -165.365506539146
    Sweep 8/87 CPU time = 15.96s (Wall time = 1.024s)

    vN Entropy at center bond b=150 = 0.661876767627
    Eigs at center bond b=150: 0.7723 0.1955 0.0212 0.0074 0.0016 0.0013 
    Largest link dim during sweep 9/87 was 28
    Largest truncation error: 7.70979e-07
    Energy after sweep 9/87 is -165.365584447282
    Sweep 9/87 CPU time = 17.04s (Wall time = 1.094s)

    vN Entropy at center bond b=150 = 0.661929629353
    Eigs at center bond b=150: 0.7724 0.1953 0.0212 0.0074 0.0016 0.0014 
    Largest link dim during sweep 10/87 was 28
    Largest truncation error: 7.68472e-07
    Energy after sweep 10/87 is -165.365593792039
    Sweep 10/87 CPU time = 17.14s (Wall time = 1.097s)

    vN Entropy at center bond b=150 = 0.661826858860
    Eigs at center bond b=150: 0.7725 0.1952 0.0212 0.0074 0.0016 0.0014 
    Largest link dim during sweep 11/87 was 28
    Largest truncation error: 7.68706e-07
    Energy after sweep 11/87 is -165.365596524692
    Sweep 11/87 CPU time = 17.29s (Wall time = 1.109s)

    vN Entropy at center bond b=150 = 0.661731684227
    Eigs at center bond b=150: 0.7726 0.1951 0.0212 0.0074 0.0016 0.0014 
    Largest link dim during sweep 12/87 was 28
    Largest truncation error: 7.66585e-07
    Energy after sweep 12/87 is -165.365598636865
    Sweep 12/87 CPU time = 17.29s (Wall time = 1.105s)

    vN Entropy at center bond b=150 = 0.661662580731
    Eigs at center bond b=150: 0.7727 0.1950 0.0212 0.0074 0.0016 0.0014 
    Largest link dim during sweep 13/87 was 28
    Largest truncation error: 7.69338e-07
    Energy after sweep 13/87 is -165.365599107239
    Sweep 13/87 CPU time = 17.22s (Wall time = 1.105s)

    vN Entropy at center bond b=150 = 0.661615682094
    Eigs at center bond b=150: 0.7728 0.1950 0.0212 0.0074 0.0016 0.0014 
    Largest link dim during sweep 14/87 was 28
    Largest truncation error: 7.66518e-07
    Energy after sweep 14/87 is -165.365601734044
    Sweep 14/87 CPU time = 17.22s (Wall time = 1.103s)

    vN Entropy at center bond b=150 = 0.661584444898
    Eigs at center bond b=150: 0.7728 0.1949 0.0212 0.0074 0.0016 0.0014 
    Largest link dim during sweep 15/87 was 28
    Largest truncation error: 7.68647e-07
    Energy after sweep 15/87 is -165.365596376778
    Sweep 15/87 CPU time = 17.28s (Wall time = 1.107s)

    vN Entropy at center bond b=150 = 0.661563662947
    Eigs at center bond b=150: 0.7728 0.1949 0.0212 0.0074 0.0016 0.0014 
    Largest link dim during sweep 16/87 was 28
    Largest truncation error: 7.69952e-07
    Energy after sweep 16/87 is -165.365596490918
    Sweep 16/87 CPU time = 17.27s (Wall time = 1.107s)

    vN Entropy at center bond b=150 = 0.661549821531
    Eigs at center bond b=150: 0.7728 0.1949 0.0212 0.0074 0.0016 0.0014 
    Largest link dim during sweep 17/87 was 28
    Largest truncation error: 7.68158e-07
    Energy after sweep 17/87 is -165.365596573327
    Sweep 17/87 CPU time = 17.28s (Wall time = 1.105s)

    vN Entropy at center bond b=150 = 0.661540538383
    Eigs at center bond b=150: 0.7728 0.1949 0.0212 0.0074 0.0016 0.0014 
    Largest link dim during sweep 18/87 was 28
    Largest truncation error: 7.68676e-07
    Energy after sweep 18/87 is -165.365597139821
    Sweep 18/87 CPU time = 17.24s (Wall time = 1.103s)

    vN Entropy at center bond b=150 = 0.661534254823
    Eigs at center bond b=150: 0.7728 0.1949 0.0212 0.0074 0.0016 0.0014 
    Largest link dim during sweep 19/87 was 28
    Largest truncation error: 7.69028e-07
    Energy after sweep 19/87 is -165.365597251662
    Sweep 19/87 CPU time = 17.24s (Wall time = 1.104s)

    vN Entropy at center bond b=150 = 0.661529967382
    Eigs at center bond b=150: 0.7728 0.1949 0.0212 0.0074 0.0016 0.0014 
    Largest link dim during sweep 20/87 was 28
    Largest truncation error: 7.69272e-07
    Energy after sweep 20/87 is -165.365598038543
    Sweep 20/87 CPU time = 17.27s (Wall time = 1.106s)

    vN Entropy at center bond b=150 = 0.661527009467
    Eigs at center bond b=150: 0.7728 0.1949 0.0212 0.0074 0.0016 0.0014 
    Largest link dim during sweep 21/87 was 28
    Largest truncation error: 7.69442e-07
    Energy after sweep 21/87 is -165.365598029288
    Sweep 21/87 CPU time = 17.36s (Wall time = 1.109s)

    vN Entropy at center bond b=150 = 0.661524948996
    Eigs at center bond b=150: 0.7728 0.1949 0.0212 0.0074 0.0016 0.0014 
    Largest link dim during sweep 22/87 was 28
    Largest truncation error: 7.69561e-07
    Energy after sweep 22/87 is -165.365598029783
    Sweep 22/87 CPU time = 17.24s (Wall time = 1.104s)

    vN Entropy at center bond b=150 = 0.661523508446
    Eigs at center bond b=150: 0.7728 0.1949 0.0212 0.0074 0.0016 0.0014 
    Largest link dim during sweep 23/87 was 28
    Largest truncation error: 7.69644e-07
    Energy after sweep 23/87 is -165.365598032286
    Sweep 23/87 CPU time = 17.28s (Wall time = 1.105s)

    vN Entropy at center bond b=150 = 0.661522501408
    Eigs at center bond b=150: 0.7728 0.1949 0.0212 0.0074 0.0016 0.0014 
    Largest link dim during sweep 24/87 was 28
    Largest truncation error: 7.69703e-07
    Energy after sweep 24/87 is -165.365598034628
    Sweep 24/87 CPU time = 17.28s (Wall time = 1.104s)

    vN Entropy at center bond b=150 = 0.661521797966
    Eigs at center bond b=150: 0.7728 0.1949 0.0212 0.0074 0.0016 0.0014 
    Largest link dim during sweep 25/87 was 28
    Largest truncation error: 7.69745e-07
    Energy after sweep 25/87 is -165.365598036418
    Sweep 25/87 CPU time = 17.26s (Wall time = 1.105s)

    vN Entropy at center bond b=150 = 0.661521306707
    Eigs at center bond b=150: 0.7729 0.1949 0.0212 0.0074 0.0016 0.0014 
    Largest link dim during sweep 26/87 was 28
    Largest truncation error: 7.69774e-07
    Energy after sweep 26/87 is -165.365598037698
    Sweep 26/87 CPU time = 17.26s (Wall time = 1.105s)

    vN Entropy at center bond b=150 = 0.661520963496
    Eigs at center bond b=150: 0.7729 0.1949 0.0212 0.0074 0.0016 0.0014 
    Largest link dim during sweep 27/87 was 28
    Largest truncation error: 7.69795e-07
    Energy after sweep 27/87 is -165.365598038592
    Sweep 27/87 CPU time = 17.27s (Wall time = 1.105s)

    vN Entropy at center bond b=150 = 0.661520723533
    Eigs at center bond b=150: 0.7729 0.1949 0.0212 0.0074 0.0016 0.0014 
    Largest link dim during sweep 28/87 was 28
    Largest truncation error: 7.69809e-07
    Energy after sweep 28/87 is -165.365598039222
    Sweep 28/87 CPU time = 17.30s (Wall time = 1.107s)

    vN Entropy at center bond b=150 = 0.661520555606
    Eigs at center bond b=150: 0.7729 0.1949 0.0212 0.0074 0.0016 0.0014 
    Largest link dim during sweep 29/87 was 28
    Largest truncation error: 7.69819e-07
    Energy after sweep 29/87 is -165.365598039651
    Sweep 29/87 CPU time = 17.39s (Wall time = 1.110s)

    vN Entropy at center bond b=150 = 0.661520437982
    Eigs at center bond b=150: 0.7729 0.1949 0.0212 0.0074 0.0016 0.0014 
    Largest link dim during sweep 30/87 was 28
    Largest truncation error: 7.69827e-07
    Energy after sweep 30/87 is -165.365598039953
    Sweep 30/87 CPU time = 17.20s (Wall time = 1.106s)

    vN Entropy at center bond b=150 = 0.661520355520
    Eigs at center bond b=150: 0.7729 0.1949 0.0212 0.0074 0.0016 0.0014 
    Largest link dim during sweep 31/87 was 28
    Largest truncation error: 7.69832e-07
    Energy after sweep 31/87 is -165.365598040162
    Sweep 31/87 CPU time = 17.30s (Wall time = 1.105s)

    vN Entropy at center bond b=150 = 0.661520297665
    Eigs at center bond b=150: 0.7729 0.1949 0.0212 0.0074 0.0016 0.0014 
    Largest link dim during sweep 32/87 was 28
    Largest truncation error: 7.69835e-07
    Energy after sweep 32/87 is -165.365598040312
    Sweep 32/87 CPU time = 17.27s (Wall time = 1.106s)

    vN Entropy at center bond b=150 = 0.661520257047
    Eigs at center bond b=150: 0.7729 0.1949 0.0212 0.0074 0.0016 0.0014 
    Largest link dim during sweep 33/87 was 28
    Largest truncation error: 7.69838e-07
    Energy after sweep 33/87 is -165.365598040412
    Sweep 33/87 CPU time = 17.24s (Wall time = 1.105s)

    vN Entropy at center bond b=150 = 0.661520228513
    Eigs at center bond b=150: 0.7729 0.1949 0.0212 0.0074 0.0016 0.0014 
    Largest link dim during sweep 34/87 was 28
    Largest truncation error: 7.6984e-07
    Energy after sweep 34/87 is -165.365598040483
    Sweep 34/87 CPU time = 17.20s (Wall time = 1.105s)

    vN Entropy at center bond b=150 = 0.661520208457
    Eigs at center bond b=150: 0.7729 0.1949 0.0212 0.0074 0.0016 0.0014 
    Largest link dim during sweep 35/87 was 28
    Largest truncation error: 7.69841e-07
    Energy after sweep 35/87 is -165.365598040533
    Sweep 35/87 CPU time = 17.30s (Wall time = 1.106s)

    vN Entropy at center bond b=150 = 0.661520194356
    Eigs at center bond b=150: 0.7729 0.1949 0.0212 0.0074 0.0016 0.0014 
    Largest link dim during sweep 36/87 was 28
    Largest truncation error: 7.69842e-07
    Energy after sweep 36/87 is -165.365598040566
    Sweep 36/87 CPU time = 17.22s (Wall time = 1.104s)

    vN Entropy at center bond b=150 = 0.668327789249
    Eigs at center bond b=150: 0.7720 0.1944 0.0218 0.0075 0.0017 0.0016 
    Largest link dim during sweep 37/87 was 63
    Largest truncation error: 7.71154e-09
    Energy after sweep 37/87 is -165.367563117093
    Sweep 37/87 CPU time = 46.70s (Wall time = 3.019s)

    vN Entropy at center bond b=150 = 0.756529275068
    Eigs at center bond b=150: 0.7566 0.1902 0.0286 0.0097 0.0080 0.0036 0.0013 
    Largest link dim during sweep 38/87 was 89
    Largest truncation error: 7.85707e-09
    Energy after sweep 38/87 is -165.368785111164
    Sweep 38/87 CPU time = 1m, 44.8s (Wall time = 6.753s)

    vN Entropy at center bond b=150 = 0.906191567016
    Eigs at center bond b=150: 0.7151 0.1891 0.0550 0.0157 0.0141 0.0060 0.0017 0.0011 
    Largest link dim during sweep 39/87 was 105
    Largest truncation error: 7.91843e-09
    Energy after sweep 39/87 is -165.369237774088
    Sweep 39/87 CPU time = 2m, 40.5s (Wall time = 10.36s)

    vN Entropy at center bond b=150 = 0.935098405280
    Eigs at center bond b=150: 0.7060 0.1922 0.0578 0.0163 0.0151 0.0062 0.0019 0.0016 0.0010 
    Largest link dim during sweep 40/87 was 121
    Largest truncation error: 7.91959e-09
    Energy after sweep 40/87 is -165.369327427328
    Sweep 40/87 CPU time = 3m, 12.7s (Wall time = 12.36s)

    vN Entropy at center bond b=150 = 0.950547152065
    Eigs at center bond b=150: 0.7060 0.1956 0.0489 0.0171 0.0129 0.0065 0.0060 0.0025 0.0014 
    Largest link dim during sweep 41/87 was 138
    Largest truncation error: 7.9281e-09
    Energy after sweep 41/87 is -165.369453901607
    Sweep 41/87 CPU time = 3m, 43.9s (Wall time = 14.43s)

    vN Entropy at center bond b=150 = 1.032641952505
    Eigs at center bond b=150: 0.6857 0.1987 0.0478 0.0250 0.0134 0.0109 0.0070 0.0051 0.0018 0.0012 
    Largest link dim during sweep 42/87 was 153
    Largest truncation error: 7.61488e-09
    Energy after sweep 42/87 is -165.369592294427
    Sweep 42/87 CPU time = 4m, 33.9s (Wall time = 18.30s)

    vN Entropy at center bond b=150 = 1.111625752168
    Eigs at center bond b=150: 0.6593 0.2023 0.0610 0.0270 0.0183 0.0107 0.0082 0.0050 0.0026 0.0014 
    Largest link dim during sweep 43/87 was 160
    Largest truncation error: 7.54682e-09
    Energy after sweep 43/87 is -165.369662873773
    Sweep 43/87 CPU time = 5m, 22.1s (Wall time = 21.80s)

    vN Entropy at center bond b=150 = 1.140858817450
    Eigs at center bond b=150: 0.6479 0.2046 0.0671 0.0267 0.0208 0.0105 0.0084 0.0050 0.0029 0.0016 
    Largest link dim during sweep 44/87 was 160
    Largest truncation error: 7.47548e-09
    Energy after sweep 44/87 is -165.369684637436
    Sweep 44/87 CPU time = 5m, 55.4s (Wall time = 24.08s)

    vN Entropy at center bond b=150 = 1.148544951461
    Eigs at center bond b=150: 0.6448 0.2053 0.0688 0.0266 0.0215 0.0105 0.0084 0.0050 0.0030 0.0016 
    Largest link dim during sweep 45/87 was 160
    Largest truncation error: 7.47528e-09
    Energy after sweep 45/87 is -165.369690300875
    Sweep 45/87 CPU time = 6m, 0.8s (Wall time = 24.24s)

    vN Entropy at center bond b=150 = 1.150642426462
    Eigs at center bond b=150: 0.6439 0.2055 0.0692 0.0265 0.0217 0.0105 0.0084 0.0050 0.0030 0.0016 
    Largest link dim during sweep 46/87 was 160
    Largest truncation error: 7.44549e-09
    Energy after sweep 46/87 is -165.369691751151
    Sweep 46/87 CPU time = 6m, 6.2s (Wall time = 24.82s)

    vN Entropy at center bond b=150 = 1.151406619234
    Eigs at center bond b=150: 0.6436 0.2056 0.0694 0.0265 0.0218 0.0105 0.0084 0.0050 0.0030 0.0016 
    Largest link dim during sweep 47/87 was 160
    Largest truncation error: 7.45276e-09
    Energy after sweep 47/87 is -165.369692283443
    Sweep 47/87 CPU time = 6m, 3.9s (Wall time = 24.65s)

    vN Entropy at center bond b=150 = 1.151757525555
    Eigs at center bond b=150: 0.6434 0.2056 0.0695 0.0265 0.0218 0.0105 0.0084 0.0050 0.0030 0.0016 
    Largest link dim during sweep 48/87 was 160
    Largest truncation error: 7.40169e-09
    Energy after sweep 48/87 is -165.369692527239
    Sweep 48/87 CPU time = 6m, 2.9s (Wall time = 24.55s)

    vN Entropy at center bond b=150 = 1.151935829903
    Eigs at center bond b=150: 0.6434 0.2057 0.0695 0.0265 0.0218 0.0105 0.0084 0.0050 0.0030 0.0016 
    Largest link dim during sweep 49/87 was 160
    Largest truncation error: 7.37994e-09
    Energy after sweep 49/87 is -165.369692652524
    Sweep 49/87 CPU time = 5m, 59.0s (Wall time = 24.23s)

    vN Entropy at center bond b=150 = 1.152036382594
    Eigs at center bond b=150: 0.6433 0.2057 0.0696 0.0265 0.0218 0.0105 0.0084 0.0050 0.0030 0.0016 
    Largest link dim during sweep 50/87 was 160
    Largest truncation error: 7.37518e-09
    Energy after sweep 50/87 is -165.369692709269
    Sweep 50/87 CPU time = 6m, 0.8s (Wall time = 24.39s)

    vN Entropy at center bond b=150 = 1.152095123049
    Eigs at center bond b=150: 0.6433 0.2057 0.0696 0.0265 0.0218 0.0105 0.0084 0.0050 0.0030 0.0016 
    Largest link dim during sweep 51/87 was 160
    Largest truncation error: 7.43981e-09
    Energy after sweep 51/87 is -165.369692753554
    Sweep 51/87 CPU time = 5m, 51.2s (Wall time = 23.51s)

    vN Entropy at center bond b=150 = 1.152130783347
    Eigs at center bond b=150: 0.6433 0.2057 0.0696 0.0265 0.0219 0.0105 0.0084 0.0050 0.0030 0.0016 
    Largest link dim during sweep 52/87 was 160
    Largest truncation error: 7.46259e-09
    Energy after sweep 52/87 is -165.369692776338
    Sweep 52/87 CPU time = 5m, 50.5s (Wall time = 23.37s)

    vN Entropy at center bond b=150 = 1.152151350168
    Eigs at center bond b=150: 0.6433 0.2057 0.0696 0.0265 0.0219 0.0105 0.0084 0.0050 0.0030 0.0016 
    Largest link dim during sweep 53/87 was 160
    Largest truncation error: 7.45756e-09
    Energy after sweep 53/87 is -165.369692796748
    Sweep 53/87 CPU time = 5m, 55.0s (Wall time = 23.78s)

    vN Entropy at center bond b=150 = 1.152164716470
    Eigs at center bond b=150: 0.6433 0.2057 0.0696 0.0265 0.0219 0.0105 0.0084 0.0050 0.0030 0.0016 
    Largest link dim during sweep 54/87 was 160
    Largest truncation error: 7.45607e-09
    Energy after sweep 54/87 is -165.369692804988
    Sweep 54/87 CPU time = 5m, 58.8s (Wall time = 24.17s)

    vN Entropy at center bond b=150 = 1.152172736957
    Eigs at center bond b=150: 0.6433 0.2057 0.0696 0.0265 0.0219 0.0105 0.0084 0.0050 0.0030 0.0016 
    Largest link dim during sweep 55/87 was 160
    Largest truncation error: 7.45517e-09
    Energy after sweep 55/87 is -165.369692812910
    Sweep 55/87 CPU time = 5m, 50.8s (Wall time = 23.42s)

    vN Entropy at center bond b=150 = 1.152177900224
    Eigs at center bond b=150: 0.6432 0.2057 0.0696 0.0265 0.0219 0.0105 0.0084 0.0050 0.0030 0.0016 
    Largest link dim during sweep 56/87 was 160
    Largest truncation error: 7.45461e-09
    Energy after sweep 56/87 is -165.369692817837
    Sweep 56/87 CPU time = 5m, 43.3s (Wall time = 22.70s)

    vN Entropy at center bond b=150 = 1.152180759138
    Eigs at center bond b=150: 0.6432 0.2057 0.0696 0.0265 0.0219 0.0105 0.0084 0.0050 0.0030 0.0016 
    Largest link dim during sweep 57/87 was 160
    Largest truncation error: 7.45427e-09
    Energy after sweep 57/87 is -165.369692820860
    Sweep 57/87 CPU time = 5m, 47.7s (Wall time = 23.02s)

    vN Entropy at center bond b=150 = 1.152182710182
    Eigs at center bond b=150: 0.6432 0.2057 0.0696 0.0265 0.0219 0.0105 0.0084 0.0050 0.0030 0.0016 
    Largest link dim during sweep 58/87 was 160
    Largest truncation error: 7.45405e-09
    Energy after sweep 58/87 is -165.369692822773
    Sweep 58/87 CPU time = 5m, 51.3s (Wall time = 23.36s)

    vN Entropy at center bond b=150 = 1.154197839974
    Eigs at center bond b=150: 0.6427 0.2056 0.0698 0.0267 0.0219 0.0105 0.0085 0.0050 0.0031 0.0016 
    Largest link dim during sweep 59/87 was 314
    Largest truncation error: 7.43375e-11
    Energy after sweep 59/87 is -165.369710282130
    Sweep 59/87 CPU time = 17m, 12s (Wall time = 1m, 9.9s)

    vN Entropy at center bond b=150 = 1.155246279642
    Eigs at center bond b=150: 0.6424 0.2056 0.0699 0.0267 0.0220 0.0105 0.0085 0.0050 0.0031 0.0016 
    Largest link dim during sweep 60/87 was 320
    Largest truncation error: 7.67117e-11
    Energy after sweep 60/87 is -165.369710416801
    Sweep 60/87 CPU time = 27m, 35s (Wall time = 1m, 48.6s)

    vN Entropy at center bond b=150 = 1.155345485282
    Eigs at center bond b=150: 0.6424 0.2056 0.0699 0.0267 0.0220 0.0105 0.0085 0.0050 0.0031 0.0016 
    Largest link dim during sweep 61/87 was 320
    Largest truncation error: 7.53475e-11
    Energy after sweep 61/87 is -165.369710422196
    Sweep 61/87 CPU time = 28m, 29s (Wall time = 1m, 51.1s)

    vN Entropy at center bond b=150 = 1.155359300656
    Eigs at center bond b=150: 0.6424 0.2056 0.0699 0.0267 0.0220 0.0105 0.0085 0.0050 0.0031 0.0016 
    Largest link dim during sweep 62/87 was 320
    Largest truncation error: 7.5344e-11
    Energy after sweep 62/87 is -165.369710422771
    Sweep 62/87 CPU time = 28m, 14s (Wall time = 1m, 51.5s)

    vN Entropy at center bond b=150 = 1.155361300155
    Eigs at center bond b=150: 0.6424 0.2056 0.0699 0.0267 0.0220 0.0105 0.0085 0.0050 0.0031 0.0016 
    Largest link dim during sweep 63/87 was 320
    Largest truncation error: 7.53389e-11
    Energy after sweep 63/87 is -165.369710423102
    Sweep 63/87 CPU time = 28m, 21s (Wall time = 1m, 51.6s)

    vN Entropy at center bond b=150 = 1.155361615278
    Eigs at center bond b=150: 0.6424 0.2056 0.0699 0.0267 0.0220 0.0105 0.0085 0.0050 0.0031 0.0016 
    Largest link dim during sweep 64/87 was 320
    Largest truncation error: 7.53354e-11
    Energy after sweep 64/87 is -165.369710423183
    Sweep 64/87 CPU time = 28m, 15s (Wall time = 1m, 51.2s)

    vN Entropy at center bond b=150 = 1.155361685243
    Eigs at center bond b=150: 0.6424 0.2056 0.0699 0.0267 0.0220 0.0105 0.0085 0.0050 0.0031 0.0016 
    Largest link dim during sweep 65/87 was 320
    Largest truncation error: 7.53331e-11
    Energy after sweep 65/87 is -165.369710423226
    Sweep 65/87 CPU time = 28m, 10s (Wall time = 1m, 51.0s)

    vN Entropy at center bond b=150 = 1.155361715781
    Eigs at center bond b=150: 0.6424 0.2056 0.0699 0.0267 0.0220 0.0105 0.0085 0.0050 0.0031 0.0016 
    Largest link dim during sweep 66/87 was 320
    Largest truncation error: 7.53315e-11
    Energy after sweep 66/87 is -165.369710423254
    Sweep 66/87 CPU time = 28m, 13s (Wall time = 1m, 51.3s)

    vN Entropy at center bond b=150 = 1.155361735413
    Eigs at center bond b=150: 0.6424 0.2056 0.0699 0.0267 0.0220 0.0105 0.0085 0.0050 0.0031 0.0016 
    Largest link dim during sweep 67/87 was 320
    Largest truncation error: 7.53305e-11
    Energy after sweep 67/87 is -165.369710423274
    Sweep 67/87 CPU time = 28m, 15s (Wall time = 1m, 51.2s)

    vN Entropy at center bond b=150 = 1.155361750293
    Eigs at center bond b=150: 0.6424 0.2056 0.0699 0.0267 0.0220 0.0105 0.0085 0.0050 0.0031 0.0016 
    Largest link dim during sweep 68/87 was 320
    Largest truncation error: 7.53298e-11
    Energy after sweep 68/87 is -165.369710423285
    Sweep 68/87 CPU time = 28m, 11s (Wall time = 1m, 50.8s)

    vN Entropy at center bond b=150 = 1.155361759727
    Eigs at center bond b=150: 0.6424 0.2056 0.0699 0.0267 0.0220 0.0105 0.0085 0.0050 0.0031 0.0016 
    Largest link dim during sweep 69/87 was 320
    Largest truncation error: 7.53297e-11
    Energy after sweep 69/87 is -165.369710423294
    Sweep 69/87 CPU time = 28m, 9s (Wall time = 1m, 50.8s)

    vN Entropy at center bond b=150 = 1.155361765757
    Eigs at center bond b=150: 0.6424 0.2056 0.0699 0.0267 0.0220 0.0105 0.0085 0.0050 0.0031 0.0016 
    Largest link dim during sweep 70/87 was 320
    Largest truncation error: 7.53299e-11
    Energy after sweep 70/87 is -165.369710423296
    Sweep 70/87 CPU time = 28m, 15s (Wall time = 1m, 51.4s)

    vN Entropy at center bond b=150 = 1.155361769786
    Eigs at center bond b=150: 0.6424 0.2056 0.0699 0.0267 0.0220 0.0105 0.0085 0.0050 0.0031 0.0016 
    Largest link dim during sweep 71/87 was 320
    Largest truncation error: 7.53294e-11
    Energy after sweep 71/87 is -165.369710423304
    Sweep 71/87 CPU time = 28m, 17s (Wall time = 1m, 51.7s)

    vN Entropy at center bond b=150 = 1.155361772693
    Eigs at center bond b=150: 0.6424 0.2056 0.0699 0.0267 0.0220 0.0105 0.0085 0.0050 0.0031 0.0016 
    Largest link dim during sweep 72/87 was 320
    Largest truncation error: 7.53292e-11
    Energy after sweep 72/87 is -165.369710423303
    Sweep 72/87 CPU time = 28m, 24s (Wall time = 1m, 52.3s)

    vN Entropy at center bond b=150 = 1.155361774643
    Eigs at center bond b=150: 0.6424 0.2056 0.0699 0.0267 0.0220 0.0105 0.0085 0.0050 0.0031 0.0016 
    Largest link dim during sweep 73/87 was 320
    Largest truncation error: 7.53292e-11
    Energy after sweep 73/87 is -165.369710423310
    Sweep 73/87 CPU time = 28m, 20s (Wall time = 1m, 53.0s)

    vN Entropy at center bond b=150 = 1.155361775876
    Eigs at center bond b=150: 0.6424 0.2056 0.0699 0.0267 0.0220 0.0105 0.0085 0.0050 0.0031 0.0016 
    Largest link dim during sweep 74/87 was 320
    Largest truncation error: 7.53292e-11
    Energy after sweep 74/87 is -165.369710423308
    Sweep 74/87 CPU time = 28m, 18s (Wall time = 1m, 51.8s)

    vN Entropy at center bond b=150 = 1.155377329536
    Eigs at center bond b=150: 0.6424 0.2056 0.0699 0.0267 0.0220 0.0105 0.0085 0.0050 0.0031 0.0016 
    Largest link dim during sweep 75/87 was 599
    Largest truncation error: 7.68229e-13
    Energy after sweep 75/87 is -165.369710620519
    Sweep 75/87 CPU time = 1h, 56s (Wall time = 4m, 6.6s)

    vN Entropy at center bond b=150 = 1.155391944407
    Eigs at center bond b=150: 0.6424 0.2056 0.0699 0.0267 0.0220 0.0105 0.0085 0.0050 0.0031 0.0016 
    Largest link dim during sweep 76/87 was 630
    Largest truncation error: 7.63735e-13
    Energy after sweep 76/87 is -165.369710621766
    Sweep 76/87 CPU time = 1h, 30m, 31s (Wall time = 5m, 59.4s)

    vN Entropy at center bond b=150 = 1.155396637758
    Eigs at center bond b=150: 0.6424 0.2056 0.0699 0.0267 0.0220 0.0105 0.0085 0.0050 0.0031 0.0016 
    Largest link dim during sweep 77/87 was 628
    Largest truncation error: 7.62934e-13
    Energy after sweep 77/87 is -165.369710621943
    Sweep 77/87 CPU time = 1h, 31m, 41s (Wall time = 6m, 5.8s)

    vN Entropy at center bond b=150 = 1.155397876109
    Eigs at center bond b=150: 0.6424 0.2056 0.0699 0.0267 0.0220 0.0105 0.0085 0.0050 0.0031 0.0016 
    Largest link dim during sweep 78/87 was 627
    Largest truncation error: 7.63262e-13
    Energy after sweep 78/87 is -165.369710622003
    Sweep 78/87 CPU time = 1h, 32m, 8s (Wall time = 6m, 7.1s)

    vN Entropy at center bond b=150 = 1.155398086884
    Eigs at center bond b=150: 0.6424 0.2056 0.0699 0.0267 0.0220 0.0105 0.0085 0.0050 0.0031 0.0016 
    Largest link dim during sweep 79/87 was 628
    Largest truncation error: 7.6312e-13
    Energy after sweep 79/87 is -165.369710622019
    Sweep 79/87 CPU time = 1h, 32m, 16s (Wall time = 6m, 9.8s)

    vN Entropy at center bond b=150 = 1.155398050835
    Eigs at center bond b=150: 0.6424 0.2056 0.0699 0.0267 0.0220 0.0105 0.0085 0.0050 0.0031 0.0016 
    Largest link dim during sweep 80/87 was 629
    Largest truncation error: 7.63188e-13
    Energy after sweep 80/87 is -165.369710622032
    Sweep 80/87 CPU time = 1h, 32m, 15s (Wall time = 6m, 8.8s)

    vN Entropy at center bond b=150 = 1.155397985669
    Eigs at center bond b=150: 0.6424 0.2056 0.0699 0.0267 0.0220 0.0105 0.0085 0.0050 0.0031 0.0016 
    Largest link dim during sweep 81/87 was 629
    Largest truncation error: 7.6336e-13
    Energy after sweep 81/87 is -165.369710622037
    Sweep 81/87 CPU time = 1h, 32m, 42s (Wall time = 6m, 11.8s)

    vN Entropy at center bond b=150 = 1.155397937288
    Eigs at center bond b=150: 0.6424 0.2056 0.0699 0.0267 0.0220 0.0105 0.0085 0.0050 0.0031 0.0016 
    Largest link dim during sweep 82/87 was 630
    Largest truncation error: 7.6326e-13
    Energy after sweep 82/87 is -165.369710622044
    Sweep 82/87 CPU time = 1h, 32m, 21s (Wall time = 6m, 9.6s)

    vN Entropy at center bond b=150 = 1.155398124165
    Eigs at center bond b=150: 0.6424 0.2056 0.0699 0.0267 0.0220 0.0105 0.0085 0.0050 0.0031 0.0016 
    Largest link dim during sweep 83/87 was 589
    Largest truncation error: 7.47859e-13
    Energy after sweep 83/87 is -165.369710621542
    Sweep 83/87 CPU time = 1h, 10m, 46s (Wall time = 4m, 43.0s)

    vN Entropy at center bond b=150 = 1.155398284617
    Eigs at center bond b=150: 0.6424 0.2056 0.0699 0.0267 0.0220 0.0105 0.0085 0.0050 0.0031 0.0016 
    Largest link dim during sweep 84/87 was 1059
    Largest truncation error: 7.53911e-15
    Energy after sweep 84/87 is -165.369710624286
    Sweep 84/87 CPU time = 3h, 8m, 7s (Wall time = 12m, 30s)

    vN Entropy at center bond b=150 = 1.155398425820
    Eigs at center bond b=150: 0.6424 0.2056 0.0699 0.0267 0.0220 0.0105 0.0085 0.0050 0.0031 0.0016 
    Largest link dim during sweep 85/87 was 1115
    Largest truncation error: 7.54142e-15
    Energy after sweep 85/87 is -165.369710624319
    Sweep 85/87 CPU time = 4h, 55m, 52s (Wall time = 21m, 15s)

    vN Entropy at center bond b=150 = 1.155398431578
    Eigs at center bond b=150: 0.6424 0.2056 0.0699 0.0267 0.0220 0.0105 0.0085 0.0050 0.0031 0.0016 
    Largest link dim during sweep 86/87 was 1101
    Largest truncation error: 7.53507e-15
    Energy after sweep 86/87 is -165.369710624322
    Sweep 86/87 CPU time = 4h, 49m, 16s (Wall time = 20m, 35s)

    vN Entropy at center bond b=150 = 1.155398427621
    Eigs at center bond b=150: 0.6424 0.2056 0.0699 0.0267 0.0220 0.0105 0.0085 0.0050 0.0031 0.0016 
    Largest link dim during sweep 87/87 was 1092
    Largest truncation error: 7.53614e-15
    Energy after sweep 87/87 is -165.369710624319
    Sweep 87/87 CPU time = 4h, 44m, 40s (Wall time = 20m, 3s)
Initial energy = 0.00000

Ground State Energy = -165.3697106243
run_outputs/outputpsi/N_300_sweep_87_t_0.030000_J_1.000000_V_0.600000_D_0.018000_U_0.800000_mu_0.000000_E_0.000000 converge
Wall-clock time (s) = 68140.485577
