//////////////////////////
Reading input file ......

Got input.N = 303
Got input.t = 0.03
Got input.J = 1
Got input.V = 0.6
Got input.D = 0.018
Got input.U = 1.1
Got input.mu = 0.02
Got input.E = 0.1
Got input.nsweeps = 87
Sweeps:
1  MaxDim=20, MinDim=20, Cutoff=1.0E-06, Niter=8, Noise=1.0E-05
2  MaxDim=20, MinDim=20, Cutoff=1.0E-06, Niter=8, Noise=1.0E-05
3  MaxDim=20, MinDim=20, Cutoff=1.0E-06, Niter=8, Noise=1.0E-05
4  MaxDim=20, MinDim=20, Cutoff=1.0E-06, Niter=8, Noise=1.0E-05
5  MaxDim=20, MinDim=20, Cutoff=1.0E-06, Niter=8, Noise=1.0E-05
6  MaxDim=20, MinDim=20, Cutoff=1.0E-06, Niter=8, Noise=1.0E-05
7  MaxDim=20, MinDim=20, Cutoff=1.0E-06, Niter=8, Noise=1.0E-05
8  MaxDim=40, MinDim=20, Cutoff=1.0E-06, Niter=4, Noise=1.0E-05
9  MaxDim=40, MinDim=20, Cutoff=1.0E-06, Niter=4, Noise=1.0E-05
10  MaxDim=40, MinDim=20, Cutoff=1.0E-06, Niter=4, Noise=1.0E-05
11  MaxDim=40, MinDim=20, Cutoff=1.0E-06, Niter=4, Noise=1.0E-05
12  MaxDim=40, MinDim=20, Cutoff=1.0E-06, Niter=4, Noise=1.0E-05
13  MaxDim=40, MinDim=20, Cutoff=1.0E-06, Niter=4, Noise=1.0E-05
14  MaxDim=40, MinDim=20, Cutoff=1.0E-06, Niter=4, Noise=1.0E-05
15  MaxDim=80, MinDim=10, Cutoff=1.0E-06, Niter=4, Noise=1.0E-05
16  MaxDim=80, MinDim=10, Cutoff=1.0E-06, Niter=4, Noise=1.0E-05
17  MaxDim=80, MinDim=10, Cutoff=1.0E-06, Niter=4, Noise=1.0E-05
18  MaxDim=80, MinDim=10, Cutoff=1.0E-06, Niter=4, Noise=1.0E-05
19  MaxDim=80, MinDim=10, Cutoff=1.0E-06, Niter=4, Noise=1.0E-05
20  MaxDim=80, MinDim=10, Cutoff=1.0E-06, Niter=4, Noise=1.0E-05
21  MaxDim=80, MinDim=10, Cutoff=1.0E-06, Niter=4, Noise=1.0E-05
22  MaxDim=80, MinDim=10, Cutoff=1.0E-06, Niter=4, Noise=1.0E-05
23  MaxDim=80, MinDim=10, Cutoff=1.0E-06, Niter=4, Noise=1.0E-05
24  MaxDim=80, MinDim=10, Cutoff=1.0E-06, Niter=4, Noise=1.0E-05
25  MaxDim=80, MinDim=10, Cutoff=1.0E-06, Niter=4, Noise=1.0E-05
26  MaxDim=80, MinDim=10, Cutoff=1.0E-06, Niter=4, Noise=1.0E-05
27  MaxDim=80, MinDim=10, Cutoff=1.0E-06, Niter=4, Noise=1.0E-05
28  MaxDim=80, MinDim=10, Cutoff=1.0E-06, Niter=4, Noise=1.0E-05
29  MaxDim=80, MinDim=10, Cutoff=1.0E-06, Niter=4, Noise=1.0E-05
30  MaxDim=80, MinDim=10, Cutoff=1.0E-06, Niter=4, Noise=1.0E-05
31  MaxDim=80, MinDim=10, Cutoff=1.0E-06, Niter=4, Noise=1.0E-05
32  MaxDim=80, MinDim=10, Cutoff=1.0E-06, Niter=4, Noise=1.0E-05
33  MaxDim=80, MinDim=10, Cutoff=1.0E-06, Niter=4, Noise=1.0E-05
34  MaxDim=80, MinDim=10, Cutoff=1.0E-06, Niter=4, Noise=1.0E-05
35  MaxDim=80, MinDim=10, Cutoff=1.0E-06, Niter=4, Noise=1.0E-05
36  MaxDim=80, MinDim=10, Cutoff=1.0E-06, Niter=4, Noise=1.0E-05
37  MaxDim=160, MinDim=10, Cutoff=1.0E-08, Niter=4, Noise=1.0E-06
38  MaxDim=160, MinDim=10, Cutoff=1.0E-08, Niter=4, Noise=1.0E-06
39  MaxDim=160, MinDim=10, Cutoff=1.0E-08, Niter=4, Noise=1.0E-06
40  MaxDim=160, MinDim=10, Cutoff=1.0E-08, Niter=4, Noise=1.0E-06
41  MaxDim=160, MinDim=10, Cutoff=1.0E-08, Niter=4, Noise=1.0E-06
42  MaxDim=160, MinDim=10, Cutoff=1.0E-08, Niter=4, Noise=1.0E-06
43  MaxDim=160, MinDim=10, Cutoff=1.0E-08, Niter=4, Noise=1.0E-06
44  MaxDim=160, MinDim=10, Cutoff=1.0E-08, Niter=4, Noise=1.0E-06
45  MaxDim=160, MinDim=10, Cutoff=1.0E-08, Niter=4, Noise=1.0E-06
46  MaxDim=160, MinDim=10, Cutoff=1.0E-08, Niter=4, Noise=1.0E-06
47  MaxDim=160, MinDim=10, Cutoff=1.0E-08, Niter=4, Noise=1.0E-06
48  MaxDim=160, MinDim=10, Cutoff=1.0E-08, Niter=4, Noise=1.0E-06
49  MaxDim=160, MinDim=10, Cutoff=1.0E-08, Niter=4, Noise=1.0E-06
50  MaxDim=160, MinDim=10, Cutoff=1.0E-08, Niter=4, Noise=1.0E-06
51  MaxDim=160, MinDim=10, Cutoff=1.0E-08, Niter=4, Noise=1.0E-06
52  MaxDim=160, MinDim=10, Cutoff=1.0E-08, Niter=4, Noise=1.0E-06
53  MaxDim=160, MinDim=10, Cutoff=1.0E-08, Niter=4, Noise=1.0E-06
54  MaxDim=160, MinDim=10, Cutoff=1.0E-08, Niter=4, Noise=1.0E-06
55  MaxDim=160, MinDim=10, Cutoff=1.0E-08, Niter=4, Noise=1.0E-06
56  MaxDim=160, MinDim=10, Cutoff=1.0E-08, Niter=4, Noise=1.0E-06
57  MaxDim=160, MinDim=10, Cutoff=1.0E-08, Niter=4, Noise=1.0E-06
58  MaxDim=160, MinDim=10, Cutoff=1.0E-08, Niter=4, Noise=1.0E-06
59  MaxDim=320, MinDim=10, Cutoff=1.0E-10, Niter=4, Noise=1.0E-07
60  MaxDim=320, MinDim=10, Cutoff=1.0E-10, Niter=4, Noise=1.0E-07
61  MaxDim=320, MinDim=10, Cutoff=1.0E-10, Niter=4, Noise=1.0E-07
62  MaxDim=320, MinDim=10, Cutoff=1.0E-10, Niter=4, Noise=1.0E-07
63  MaxDim=320, MinDim=10, Cutoff=1.0E-10, Niter=4, Noise=1.0E-07
64  MaxDim=320, MinDim=10, Cutoff=1.0E-10, Niter=4, Noise=1.0E-07
65  MaxDim=320, MinDim=10, Cutoff=1.0E-10, Niter=4, Noise=1.0E-07
66  MaxDim=320, MinDim=10, Cutoff=1.0E-10, Niter=4, Noise=1.0E-07
67  MaxDim=320, MinDim=10, Cutoff=1.0E-10, Niter=4, Noise=1.0E-07
68  MaxDim=320, MinDim=10, Cutoff=1.0E-10, Niter=4, Noise=1.0E-07
69  MaxDim=320, MinDim=10, Cutoff=1.0E-10, Niter=4, Noise=1.0E-07
70  MaxDim=320, MinDim=10, Cutoff=1.0E-10, Niter=4, Noise=1.0E-07
71  MaxDim=320, MinDim=10, Cutoff=1.0E-10, Niter=4, Noise=1.0E-07
72  MaxDim=320, MinDim=10, Cutoff=1.0E-10, Niter=4, Noise=1.0E-07
73  MaxDim=320, MinDim=10, Cutoff=1.0E-10, Niter=4, Noise=1.0E-07
74  MaxDim=320, MinDim=10, Cutoff=1.0E-10, Niter=4, Noise=1.0E-07
75  MaxDim=640, MinDim=10, Cutoff=1.0E-12, Niter=2, Noise=1.0E-08
76  MaxDim=640, MinDim=10, Cutoff=1.0E-12, Niter=2, Noise=1.0E-08
77  MaxDim=640, MinDim=10, Cutoff=1.0E-12, Niter=2, Noise=1.0E-08
78  MaxDim=640, MinDim=10, Cutoff=1.0E-12, Niter=2, Noise=1.0E-08
79  MaxDim=640, MinDim=10, Cutoff=1.0E-12, Niter=2, Noise=1.0E-08
80  MaxDim=640, MinDim=10, Cutoff=1.0E-12, Niter=2, Noise=1.0E-08
81  MaxDim=640, MinDim=10, Cutoff=1.0E-12, Niter=2, Noise=1.0E-08
82  MaxDim=640, MinDim=10, Cutoff=1.0E-12, Niter=2, Noise=1.0E-08
83  MaxDim=1280, MinDim=10, Cutoff=1.0E-12, Niter=2, Noise=0.0E+00
84  MaxDim=1280, MinDim=10, Cutoff=1.0E-14, Niter=2, Noise=0.0E+00
85  MaxDim=1280, MinDim=10, Cutoff=1.0E-14, Niter=2, Noise=0.0E+00
86  MaxDim=1280, MinDim=10, Cutoff=1.0E-14, Niter=2, Noise=0.0E+00
87  MaxDim=1280, MinDim=10, Cutoff=1.0E-14, Niter=2, Noise=0.0E+00


    vN Entropy at center bond b=151 = 0.664616041247
    Eigs at center bond b=151: 0.7772 0.1879 0.0238 0.0048 0.0039 0.0012 
    Largest link dim during sweep 1/87 was 20
    Largest truncation error: 2.16005e-05
    Energy after sweep 1/87 is -158.014706815084
    Sweep 1/87 CPU time = 18.43s (Wall time = 1.198s)

    vN Entropy at center bond b=151 = 0.810459516555
    Eigs at center bond b=151: 0.7236 0.2138 0.0409 0.0100 0.0061 0.0020 0.0014 0.0011 
    Largest link dim during sweep 2/87 was 20
    Largest truncation error: 1.0149e-05
    Energy after sweep 2/87 is -158.048360567033
    Sweep 2/87 CPU time = 25.62s (Wall time = 1.644s)

    vN Entropy at center bond b=151 = 0.822688222605
    Eigs at center bond b=151: 0.7192 0.2154 0.0425 0.0106 0.0064 0.0020 0.0015 0.0012 
    Largest link dim during sweep 3/87 was 20
    Largest truncation error: 1.20652e-05
    Energy after sweep 3/87 is -158.049205609421
    Sweep 3/87 CPU time = 25.61s (Wall time = 1.642s)

    vN Entropy at center bond b=151 = 0.824201523622
    Eigs at center bond b=151: 0.7187 0.2156 0.0427 0.0106 0.0064 0.0021 0.0016 0.0012 
    Largest link dim during sweep 4/87 was 20
    Largest truncation error: 1.30157e-05
    Energy after sweep 4/87 is -158.049318167943
    Sweep 4/87 CPU time = 25.62s (Wall time = 1.644s)

    vN Entropy at center bond b=151 = 0.824477639096
    Eigs at center bond b=151: 0.7186 0.2157 0.0427 0.0107 0.0064 0.0021 0.0016 0.0012 
    Largest link dim during sweep 5/87 was 20
    Largest truncation error: 1.32354e-05
    Energy after sweep 5/87 is -158.049350621068
    Sweep 5/87 CPU time = 25.65s (Wall time = 1.643s)

    vN Entropy at center bond b=151 = 0.824545674161
    Eigs at center bond b=151: 0.7186 0.2157 0.0427 0.0107 0.0064 0.0021 0.0016 0.0012 
    Largest link dim during sweep 6/87 was 20
    Largest truncation error: 1.33139e-05
    Energy after sweep 6/87 is -158.049373291711
    Sweep 6/87 CPU time = 25.64s (Wall time = 1.646s)

    vN Entropy at center bond b=151 = 0.824561778776
    Eigs at center bond b=151: 0.7185 0.2157 0.0427 0.0107 0.0064 0.0021 0.0016 0.0012 
    Largest link dim during sweep 7/87 was 20
    Largest truncation error: 1.33457e-05
    Energy after sweep 7/87 is -158.049391317046
    Sweep 7/87 CPU time = 25.75s (Wall time = 1.653s)

    vN Entropy at center bond b=151 = 0.867839480698
    Eigs at center bond b=151: 0.7050 0.2190 0.0483 0.0127 0.0076 0.0023 0.0020 0.0015 
    Largest link dim during sweep 8/87 was 39
    Largest truncation error: 7.85991e-07
    Energy after sweep 8/87 is -158.069824031153
    Sweep 8/87 CPU time = 23.46s (Wall time = 1.510s)

    vN Entropy at center bond b=151 = 0.920974487989
    Eigs at center bond b=151: 0.6878 0.2243 0.0536 0.0150 0.0096 0.0027 0.0026 0.0019 
    Largest link dim during sweep 9/87 was 40
    Largest truncation error: 1.28051e-06
    Energy after sweep 9/87 is -158.073280324701
    Sweep 9/87 CPU time = 36.32s (Wall time = 2.336s)

    vN Entropy at center bond b=151 = 0.953704786606
    Eigs at center bond b=151: 0.6771 0.2285 0.0552 0.0161 0.0116 0.0035 0.0027 0.0021 
    Largest link dim during sweep 10/87 was 40
    Largest truncation error: 1.65282e-06
    Energy after sweep 10/87 is -158.073706037439
    Sweep 10/87 CPU time = 39.08s (Wall time = 2.535s)

    vN Entropy at center bond b=151 = 0.965496666831
    Eigs at center bond b=151: 0.6730 0.2307 0.0550 0.0163 0.0126 0.0039 0.0028 0.0022 0.0010 
    Largest link dim during sweep 11/87 was 40
    Largest truncation error: 1.77894e-06
    Energy after sweep 11/87 is -158.073759995107
    Sweep 11/87 CPU time = 38.85s (Wall time = 2.492s)

    vN Entropy at center bond b=151 = 0.969881603863
    Eigs at center bond b=151: 0.6714 0.2318 0.0547 0.0163 0.0131 0.0041 0.0028 0.0022 0.0010 
    Largest link dim during sweep 12/87 was 40
    Largest truncation error: 1.82994e-06
    Energy after sweep 12/87 is -158.073772400281
    Sweep 12/87 CPU time = 38.78s (Wall time = 2.493s)

    vN Entropy at center bond b=151 = 0.971916233040
    Eigs at center bond b=151: 0.6706 0.2324 0.0544 0.0163 0.0134 0.0042 0.0027 0.0022 0.0011 
    Largest link dim during sweep 13/87 was 40
    Largest truncation error: 1.85249e-06
    Energy after sweep 13/87 is -158.073777272495
    Sweep 13/87 CPU time = 38.96s (Wall time = 2.516s)

    vN Entropy at center bond b=151 = 0.972981263496
    Eigs at center bond b=151: 0.6702 0.2327 0.0543 0.0163 0.0136 0.0043 0.0027 0.0022 0.0011 
    Largest link dim during sweep 14/87 was 40
    Largest truncation error: 1.86437e-06
    Energy after sweep 14/87 is -158.073779181679
    Sweep 14/87 CPU time = 39.19s (Wall time = 2.517s)

    vN Entropy at center bond b=151 = 0.987470816131
    Eigs at center bond b=151: 0.6656 0.2343 0.0549 0.0167 0.0146 0.0047 0.0029 0.0023 0.0012 
    Largest link dim during sweep 15/87 was 51
    Largest truncation error: 8.00345e-07
    Energy after sweep 15/87 is -158.075388387548
    Sweep 15/87 CPU time = 47.16s (Wall time = 3.029s)

    vN Entropy at center bond b=151 = 1.014330731661
    Eigs at center bond b=151: 0.6567 0.2380 0.0550 0.0177 0.0167 0.0057 0.0030 0.0024 0.0014 0.0011 
    Largest link dim during sweep 16/87 was 54
    Largest truncation error: 8.0058e-07
    Energy after sweep 16/87 is -158.075829524149
    Sweep 16/87 CPU time = 53.44s (Wall time = 3.440s)

    vN Entropy at center bond b=151 = 1.038308974467
    Eigs at center bond b=151: 0.6483 0.2419 0.0544 0.0201 0.0174 0.0069 0.0032 0.0024 0.0016 0.0011 
    Largest link dim during sweep 17/87 was 55
    Largest truncation error: 8.01339e-07
    Energy after sweep 17/87 is -158.076093067561
    Sweep 17/87 CPU time = 56.05s (Wall time = 3.602s)

    vN Entropy at center bond b=151 = 1.060816454467
    Eigs at center bond b=151: 0.6401 0.2459 0.0535 0.0229 0.0177 0.0082 0.0033 0.0025 0.0018 0.0012 
    Largest link dim during sweep 18/87 was 57
    Largest truncation error: 8.02153e-07
    Energy after sweep 18/87 is -158.076283193517
    Sweep 18/87 CPU time = 58.46s (Wall time = 3.769s)

    vN Entropy at center bond b=151 = 1.082707142169
    Eigs at center bond b=151: 0.6317 0.2501 0.0525 0.0259 0.0179 0.0095 0.0033 0.0025 0.0020 0.0013 
    Largest link dim during sweep 19/87 was 59
    Largest truncation error: 8.02857e-07
    Energy after sweep 19/87 is -158.076450749125
    Sweep 19/87 CPU time = 1m, 0.1s (Wall time = 3.882s)

    vN Entropy at center bond b=151 = 1.104722155529
    Eigs at center bond b=151: 0.6229 0.2546 0.0515 0.0289 0.0182 0.0110 0.0034 0.0026 0.0022 0.0013 
    Largest link dim during sweep 20/87 was 60
    Largest truncation error: 8.03559e-07
    Energy after sweep 20/87 is -158.076616893215
    Sweep 20/87 CPU time = 1m, 1.6s (Wall time = 3.956s)

    vN Entropy at center bond b=151 = 1.128011577489
    Eigs at center bond b=151: 0.6130 0.2597 0.0504 0.0321 0.0186 0.0127 0.0035 0.0027 0.0023 0.0014 
    Largest link dim during sweep 21/87 was 61
    Largest truncation error: 8.04453e-07
    Energy after sweep 21/87 is -158.076772070926
    Sweep 21/87 CPU time = 1m, 3.3s (Wall time = 4.070s)

    vN Entropy at center bond b=151 = 1.152585442475
    Eigs at center bond b=151: 0.6019 0.2657 0.0493 0.0353 0.0191 0.0146 0.0035 0.0030 0.0023 0.0014 
    Largest link dim during sweep 22/87 was 63
    Largest truncation error: 8.05577e-07
    Energy after sweep 22/87 is -158.076928232640
    Sweep 22/87 CPU time = 1m, 5.2s (Wall time = 4.190s)

    vN Entropy at center bond b=151 = 1.178726803499
    Eigs at center bond b=151: 0.5892 0.2727 0.0484 0.0384 0.0199 0.0165 0.0036 0.0033 0.0023 0.0015 
    Largest link dim during sweep 23/87 was 64
    Largest truncation error: 8.06564e-07
    Energy after sweep 23/87 is -158.077093420924
    Sweep 23/87 CPU time = 1m, 7.1s (Wall time = 4.306s)

    vN Entropy at center bond b=151 = 1.205732070789
    Eigs at center bond b=151: 0.5749 0.2811 0.0480 0.0407 0.0214 0.0182 0.0036 0.0036 0.0023 0.0015 
    Largest link dim during sweep 24/87 was 65
    Largest truncation error: 8.07482e-07
    Energy after sweep 24/87 is -158.077258295402
    Sweep 24/87 CPU time = 1m, 8.9s (Wall time = 4.427s)

    vN Entropy at center bond b=151 = 1.231544576111
    Eigs at center bond b=151: 0.5598 0.2905 0.0490 0.0413 0.0237 0.0195 0.0038 0.0036 0.0022 0.0016 
    Largest link dim during sweep 25/87 was 67
    Largest truncation error: 8.08373e-07
    Energy after sweep 25/87 is -158.077405326446
    Sweep 25/87 CPU time = 1m, 10.9s (Wall time = 4.569s)

    vN Entropy at center bond b=151 = 1.253916564914
    Eigs at center bond b=151: 0.5454 0.2999 0.0506 0.0406 0.0261 0.0205 0.0040 0.0036 0.0022 0.0018 
    Largest link dim during sweep 26/87 was 68
    Largest truncation error: 8.09177e-07
    Energy after sweep 26/87 is -158.077536508054
    Sweep 26/87 CPU time = 1m, 12.9s (Wall time = 4.711s)

    vN Entropy at center bond b=151 = 1.271169280079
    Eigs at center bond b=151: 0.5332 0.3083 0.0521 0.0396 0.0283 0.0214 0.0041 0.0036 0.0022 0.0020 
    Largest link dim during sweep 27/87 was 69
    Largest truncation error: 8.09781e-07
    Energy after sweep 27/87 is -158.077636824185
    Sweep 27/87 CPU time = 1m, 14.4s (Wall time = 4.780s)

    vN Entropy at center bond b=151 = 1.283220348723
    Eigs at center bond b=151: 0.5240 0.3148 0.0530 0.0387 0.0300 0.0220 0.0042 0.0036 0.0022 0.0021 
    Largest link dim during sweep 28/87 was 69
    Largest truncation error: 8.10199e-07
    Energy after sweep 28/87 is -158.077699165279
    Sweep 28/87 CPU time = 1m, 15.4s (Wall time = 4.841s)

    vN Entropy at center bond b=151 = 1.290988081612
    Eigs at center bond b=151: 0.5177 0.3193 0.0536 0.0381 0.0311 0.0225 0.0042 0.0035 0.0022 0.0022 
    Largest link dim during sweep 29/87 was 70
    Largest truncation error: 8.10467e-07
    Energy after sweep 29/87 is -158.077746726063
    Sweep 29/87 CPU time = 1m, 16.2s (Wall time = 4.891s)

    vN Entropy at center bond b=151 = 1.295796058793
    Eigs at center bond b=151: 0.5137 0.3222 0.0540 0.0376 0.0318 0.0228 0.0042 0.0035 0.0023 0.0022 
    Largest link dim during sweep 30/87 was 70
    Largest truncation error: 8.1066e-07
    Energy after sweep 30/87 is -158.077771124235
    Sweep 30/87 CPU time = 1m, 17.0s (Wall time = 4.943s)

    vN Entropy at center bond b=151 = 1.298579006393
    Eigs at center bond b=151: 0.5113 0.3240 0.0542 0.0374 0.0323 0.0230 0.0043 0.0035 0.0023 0.0022 
    Largest link dim during sweep 31/87 was 70
    Largest truncation error: 8.10761e-07
    Energy after sweep 31/87 is -158.077784907674
    Sweep 31/87 CPU time = 1m, 17.5s (Wall time = 5.022s)

    vN Entropy at center bond b=151 = 1.300178638294
    Eigs at center bond b=151: 0.5098 0.3251 0.0543 0.0372 0.0326 0.0231 0.0043 0.0035 0.0024 0.0022 
    Largest link dim during sweep 32/87 was 70
    Largest truncation error: 8.10819e-07
    Energy after sweep 32/87 is -158.077799426686
    Sweep 32/87 CPU time = 1m, 17.3s (Wall time = 4.971s)

    vN Entropy at center bond b=151 = 1.301202523548
    Eigs at center bond b=151: 0.5089 0.3258 0.0544 0.0371 0.0328 0.0231 0.0043 0.0035 0.0024 0.0022 
    Largest link dim during sweep 33/87 was 70
    Largest truncation error: 8.10853e-07
    Energy after sweep 33/87 is -158.077806180510
    Sweep 33/87 CPU time = 1m, 17.8s (Wall time = 5.000s)

    vN Entropy at center bond b=151 = 1.301799889520
    Eigs at center bond b=151: 0.5084 0.3261 0.0544 0.0370 0.0328 0.0232 0.0043 0.0035 0.0024 0.0022 
    Largest link dim during sweep 34/87 was 71
    Largest truncation error: 8.10873e-07
    Energy after sweep 34/87 is -158.077809813545
    Sweep 34/87 CPU time = 1m, 17.6s (Wall time = 4.976s)

    vN Entropy at center bond b=151 = 1.302143981342
    Eigs at center bond b=151: 0.5082 0.3263 0.0544 0.0370 0.0329 0.0232 0.0043 0.0035 0.0024 0.0022 
    Largest link dim during sweep 35/87 was 71
    Largest truncation error: 8.10884e-07
    Energy after sweep 35/87 is -158.077811382573
    Sweep 35/87 CPU time = 1m, 17.1s (Wall time = 4.953s)

    vN Entropy at center bond b=151 = 1.302322793150
    Eigs at center bond b=151: 0.5080 0.3265 0.0544 0.0370 0.0329 0.0232 0.0043 0.0035 0.0024 0.0022 
    Largest link dim during sweep 36/87 was 71
    Largest truncation error: 8.1089e-07
    Energy after sweep 36/87 is -158.077813364315
    Sweep 36/87 CPU time = 1m, 16.2s (Wall time = 4.894s)

    vN Entropy at center bond b=151 = 1.337635386807
    Eigs at center bond b=151: 0.4997 0.3235 0.0574 0.0391 0.0353 0.0248 0.0048 0.0039 0.0028 0.0023 
    Largest link dim during sweep 37/87 was 160
    Largest truncation error: 7.69176e-09
    Energy after sweep 37/87 is -158.079938939403
    Sweep 37/87 CPU time = 4m, 46.2s (Wall time = 18.95s)

    vN Entropy at center bond b=151 = 1.359774020598
    Eigs at center bond b=151: 0.4948 0.3218 0.0589 0.0401 0.0367 0.0256 0.0052 0.0042 0.0031 0.0024 
    Largest link dim during sweep 38/87 was 160
    Largest truncation error: 2.13209e-08
    Energy after sweep 38/87 is -158.080012813308
    Sweep 38/87 CPU time = 9m, 48.8s (Wall time = 40.31s)

    vN Entropy at center bond b=151 = 1.361805866340
    Eigs at center bond b=151: 0.4944 0.3216 0.0590 0.0402 0.0368 0.0257 0.0052 0.0042 0.0031 0.0024 
    Largest link dim during sweep 39/87 was 160
    Largest truncation error: 2.42106e-08
    Energy after sweep 39/87 is -158.080014896500
    Sweep 39/87 CPU time = 9m, 33.9s (Wall time = 38.40s)

    vN Entropy at center bond b=151 = 1.362000774906
    Eigs at center bond b=151: 0.4944 0.3216 0.0590 0.0402 0.0368 0.0257 0.0052 0.0042 0.0031 0.0024 
    Largest link dim during sweep 40/87 was 160
    Largest truncation error: 2.4782e-08
    Energy after sweep 40/87 is -158.080015004586
    Sweep 40/87 CPU time = 9m, 47.1s (Wall time = 39.77s)

    vN Entropy at center bond b=151 = 1.362029922776
    Eigs at center bond b=151: 0.4944 0.3216 0.0590 0.0402 0.0368 0.0257 0.0052 0.0042 0.0031 0.0024 
    Largest link dim during sweep 41/87 was 160
    Largest truncation error: 2.48911e-08
    Energy after sweep 41/87 is -158.080015023219
    Sweep 41/87 CPU time = 9m, 47.7s (Wall time = 39.69s)

    vN Entropy at center bond b=151 = 1.362035801381
    Eigs at center bond b=151: 0.4944 0.3216 0.0590 0.0402 0.0368 0.0257 0.0052 0.0042 0.0031 0.0024 
    Largest link dim during sweep 42/87 was 160
    Largest truncation error: 2.4919e-08
    Energy after sweep 42/87 is -158.080015024706
    Sweep 42/87 CPU time = 9m, 46.1s (Wall time = 40.04s)

    vN Entropy at center bond b=151 = 1.362037331578
    Eigs at center bond b=151: 0.4944 0.3216 0.0590 0.0402 0.0368 0.0257 0.0052 0.0042 0.0031 0.0024 
    Largest link dim during sweep 43/87 was 160
    Largest truncation error: 2.49272e-08
    Energy after sweep 43/87 is -158.080015029325
    Sweep 43/87 CPU time = 9m, 39.1s (Wall time = 39.21s)

    vN Entropy at center bond b=151 = 1.362037761795
    Eigs at center bond b=151: 0.4944 0.3216 0.0590 0.0402 0.0368 0.0257 0.0052 0.0042 0.0031 0.0024 
    Largest link dim during sweep 44/87 was 160
    Largest truncation error: 2.49297e-08
    Energy after sweep 44/87 is -158.080015028924
    Sweep 44/87 CPU time = 9m, 40.9s (Wall time = 39.39s)

    vN Entropy at center bond b=151 = 1.362037937704
    Eigs at center bond b=151: 0.4944 0.3216 0.0590 0.0402 0.0368 0.0257 0.0052 0.0042 0.0031 0.0024 
    Largest link dim during sweep 45/87 was 160
    Largest truncation error: 2.49306e-08
    Energy after sweep 45/87 is -158.080015028757
    Sweep 45/87 CPU time = 9m, 42.1s (Wall time = 39.44s)

    vN Entropy at center bond b=151 = 1.362038053499
    Eigs at center bond b=151: 0.4944 0.3216 0.0590 0.0402 0.0368 0.0257 0.0052 0.0042 0.0031 0.0024 
    Largest link dim during sweep 46/87 was 160
    Largest truncation error: 2.49309e-08
    Energy after sweep 46/87 is -158.080015028761
    Sweep 46/87 CPU time = 9m, 45.5s (Wall time = 39.68s)

    vN Entropy at center bond b=151 = 1.362038153754
    Eigs at center bond b=151: 0.4944 0.3216 0.0590 0.0402 0.0368 0.0257 0.0052 0.0042 0.0031 0.0024 
    Largest link dim during sweep 47/87 was 160
    Largest truncation error: 2.4931e-08
    Energy after sweep 47/87 is -158.080015028828
    Sweep 47/87 CPU time = 9m, 41.0s (Wall time = 39.69s)

    vN Entropy at center bond b=151 = 1.362038243715
    Eigs at center bond b=151: 0.4944 0.3216 0.0590 0.0402 0.0368 0.0257 0.0052 0.0042 0.0031 0.0024 
    Largest link dim during sweep 48/87 was 160
    Largest truncation error: 2.4931e-08
    Energy after sweep 48/87 is -158.080015028984
    Sweep 48/87 CPU time = 9m, 45.7s (Wall time = 39.72s)

    vN Entropy at center bond b=151 = 1.362038349883
    Eigs at center bond b=151: 0.4944 0.3216 0.0590 0.0402 0.0368 0.0257 0.0052 0.0042 0.0031 0.0024 
    Largest link dim during sweep 49/87 was 160
    Largest truncation error: 2.4931e-08
    Energy after sweep 49/87 is -158.080015029789
    Sweep 49/87 CPU time = 9m, 53.7s (Wall time = 40.55s)

    vN Entropy at center bond b=151 = 1.362038451981
    Eigs at center bond b=151: 0.4944 0.3216 0.0590 0.0402 0.0368 0.0257 0.0052 0.0042 0.0031 0.0024 
    Largest link dim during sweep 50/87 was 160
    Largest truncation error: 2.4931e-08
    Energy after sweep 50/87 is -158.080015031019
    Sweep 50/87 CPU time = 9m, 54.7s (Wall time = 40.72s)

    vN Entropy at center bond b=151 = 1.362038501533
    Eigs at center bond b=151: 0.4944 0.3216 0.0590 0.0402 0.0368 0.0257 0.0052 0.0042 0.0031 0.0024 
    Largest link dim during sweep 51/87 was 160
    Largest truncation error: 2.4931e-08
    Energy after sweep 51/87 is -158.080015031366
    Sweep 51/87 CPU time = 9m, 54.7s (Wall time = 40.45s)

    vN Entropy at center bond b=151 = 1.362038528503
    Eigs at center bond b=151: 0.4944 0.3216 0.0590 0.0402 0.0368 0.0257 0.0052 0.0042 0.0031 0.0024 
    Largest link dim during sweep 52/87 was 160
    Largest truncation error: 2.4931e-08
    Energy after sweep 52/87 is -158.080015031645
    Sweep 52/87 CPU time = 9m, 53.9s (Wall time = 40.35s)

    vN Entropy at center bond b=151 = 1.362038537016
    Eigs at center bond b=151: 0.4944 0.3216 0.0590 0.0402 0.0368 0.0257 0.0052 0.0042 0.0031 0.0024 
    Largest link dim during sweep 53/87 was 160
    Largest truncation error: 2.4931e-08
    Energy after sweep 53/87 is -158.080015031808
    Sweep 53/87 CPU time = 9m, 51.1s (Wall time = 40.42s)

    vN Entropy at center bond b=151 = 1.362038538327
    Eigs at center bond b=151: 0.4944 0.3216 0.0590 0.0402 0.0368 0.0257 0.0052 0.0042 0.0031 0.0024 
    Largest link dim during sweep 54/87 was 160
    Largest truncation error: 2.4931e-08
    Energy after sweep 54/87 is -158.080015031921
    Sweep 54/87 CPU time = 9m, 53.9s (Wall time = 40.04s)

    vN Entropy at center bond b=151 = 1.362038535536
    Eigs at center bond b=151: 0.4944 0.3216 0.0590 0.0402 0.0368 0.0257 0.0052 0.0042 0.0031 0.0024 
    Largest link dim during sweep 55/87 was 160
    Largest truncation error: 2.4931e-08
    Energy after sweep 55/87 is -158.080015031998
    Sweep 55/87 CPU time = 9m, 59.5s (Wall time = 41.32s)

    vN Entropy at center bond b=151 = 1.362038529466
    Eigs at center bond b=151: 0.4944 0.3216 0.0590 0.0402 0.0368 0.0257 0.0052 0.0042 0.0031 0.0024 
    Largest link dim during sweep 56/87 was 160
    Largest truncation error: 2.49309e-08
    Energy after sweep 56/87 is -158.080015032047
    Sweep 56/87 CPU time = 10m, 3s (Wall time = 41.59s)

    vN Entropy at center bond b=151 = 1.362038520812
    Eigs at center bond b=151: 0.4944 0.3216 0.0590 0.0402 0.0368 0.0257 0.0052 0.0042 0.0031 0.0024 
    Largest link dim during sweep 57/87 was 160
    Largest truncation error: 2.49309e-08
    Energy after sweep 57/87 is -158.080015032068
    Sweep 57/87 CPU time = 9m, 48.0s (Wall time = 40.11s)

    vN Entropy at center bond b=151 = 1.362038510731
    Eigs at center bond b=151: 0.4944 0.3216 0.0590 0.0402 0.0368 0.0257 0.0052 0.0042 0.0031 0.0024 
    Largest link dim during sweep 58/87 was 160
    Largest truncation error: 2.49309e-08
    Energy after sweep 58/87 is -158.080015032072
    Sweep 58/87 CPU time = 9m, 51.5s (Wall time = 40.54s)

    vN Entropy at center bond b=151 = 1.364163036237
    Eigs at center bond b=151: 0.4940 0.3215 0.0591 0.0403 0.0369 0.0258 0.0053 0.0042 0.0031 0.0024 
    Largest link dim during sweep 59/87 was 320
    Largest truncation error: 3.62986e-10
    Energy after sweep 59/87 is -158.080054599032
    Sweep 59/87 CPU time = 34m, 50s (Wall time = 2m, 20.9s)

    vN Entropy at center bond b=151 = 1.364687770883
    Eigs at center bond b=151: 0.4939 0.3214 0.0591 0.0403 0.0369 0.0258 0.0053 0.0042 0.0031 0.0024 
    Largest link dim during sweep 60/87 was 320
    Largest truncation error: 6.40651e-10
    Energy after sweep 60/87 is -158.080054894555
    Sweep 60/87 CPU time = 47m, 4s (Wall time = 3m, 6.2s)

    vN Entropy at center bond b=151 = 1.364714380150
    Eigs at center bond b=151: 0.4939 0.3214 0.0591 0.0403 0.0369 0.0258 0.0053 0.0042 0.0031 0.0024 
    Largest link dim during sweep 61/87 was 320
    Largest truncation error: 6.78044e-10
    Energy after sweep 61/87 is -158.080054899781
    Sweep 61/87 CPU time = 45m, 11s (Wall time = 2m, 56.3s)

    vN Entropy at center bond b=151 = 1.364717341441
    Eigs at center bond b=151: 0.4939 0.3214 0.0591 0.0403 0.0369 0.0258 0.0053 0.0042 0.0031 0.0024 
    Largest link dim during sweep 62/87 was 320
    Largest truncation error: 6.85937e-10
    Energy after sweep 62/87 is -158.080054899497
    Sweep 62/87 CPU time = 47m, 24s (Wall time = 3m, 9.4s)

    vN Entropy at center bond b=151 = 1.364717878318
    Eigs at center bond b=151: 0.4939 0.3214 0.0591 0.0403 0.0369 0.0258 0.0053 0.0042 0.0031 0.0024 
    Largest link dim during sweep 63/87 was 320
    Largest truncation error: 6.87913e-10
    Energy after sweep 63/87 is -158.080054899338
    Sweep 63/87 CPU time = 47m, 24s (Wall time = 3m, 9.4s)

    vN Entropy at center bond b=151 = 1.364718003811
    Eigs at center bond b=151: 0.4939 0.3214 0.0591 0.0403 0.0369 0.0258 0.0053 0.0042 0.0031 0.0024 
    Largest link dim during sweep 64/87 was 320
    Largest truncation error: 6.88393e-10
    Energy after sweep 64/87 is -158.080054899243
    Sweep 64/87 CPU time = 46m, 29s (Wall time = 3m, 4.2s)

    vN Entropy at center bond b=151 = 1.364718036215
    Eigs at center bond b=151: 0.4939 0.3214 0.0591 0.0403 0.0369 0.0258 0.0053 0.0042 0.0031 0.0024 
    Largest link dim during sweep 65/87 was 320
    Largest truncation error: 6.88487e-10
    Energy after sweep 65/87 is -158.080054899201
    Sweep 65/87 CPU time = 46m, 51s (Wall time = 3m, 6.3s)

    vN Entropy at center bond b=151 = 1.364718046608
    Eigs at center bond b=151: 0.4939 0.3214 0.0591 0.0403 0.0369 0.0258 0.0053 0.0042 0.0031 0.0024 
    Largest link dim during sweep 66/87 was 320
    Largest truncation error: 6.8848e-10
    Energy after sweep 66/87 is -158.080054899203
    Sweep 66/87 CPU time = 47m, 17s (Wall time = 3m, 8.7s)

    vN Entropy at center bond b=151 = 1.364718050764
    Eigs at center bond b=151: 0.4939 0.3214 0.0591 0.0403 0.0369 0.0258 0.0053 0.0042 0.0031 0.0024 
    Largest link dim during sweep 67/87 was 320
    Largest truncation error: 6.8845e-10
    Energy after sweep 67/87 is -158.080054899202
    Sweep 67/87 CPU time = 46m, 40s (Wall time = 3m, 4.6s)

    vN Entropy at center bond b=151 = 1.364718053552
    Eigs at center bond b=151: 0.4939 0.3214 0.0591 0.0403 0.0369 0.0258 0.0053 0.0042 0.0031 0.0024 
    Largest link dim during sweep 68/87 was 320
    Largest truncation error: 6.88423e-10
    Energy after sweep 68/87 is -158.080054899209
    Sweep 68/87 CPU time = 47m, 21s (Wall time = 3m, 9.5s)

    vN Entropy at center bond b=151 = 1.364718055861
    Eigs at center bond b=151: 0.4939 0.3214 0.0591 0.0403 0.0369 0.0258 0.0053 0.0042 0.0031 0.0024 
    Largest link dim during sweep 69/87 was 320
    Largest truncation error: 6.88404e-10
    Energy after sweep 69/87 is -158.080054899214
    Sweep 69/87 CPU time = 47m, 2s (Wall time = 3m, 7.7s)

    vN Entropy at center bond b=151 = 1.364718057417
    Eigs at center bond b=151: 0.4939 0.3214 0.0591 0.0403 0.0369 0.0258 0.0053 0.0042 0.0031 0.0024 
    Largest link dim during sweep 70/87 was 320
    Largest truncation error: 6.88389e-10
    Energy after sweep 70/87 is -158.080054899219
    Sweep 70/87 CPU time = 47m, 10s (Wall time = 3m, 8.4s)

    vN Entropy at center bond b=151 = 1.364718058147
    Eigs at center bond b=151: 0.4939 0.3214 0.0591 0.0403 0.0369 0.0258 0.0053 0.0042 0.0031 0.0024 
    Largest link dim during sweep 71/87 was 320
    Largest truncation error: 6.88378e-10
    Energy after sweep 71/87 is -158.080054899220
    Sweep 71/87 CPU time = 47m, 7s (Wall time = 3m, 8.2s)

    vN Entropy at center bond b=151 = 1.364718058361
    Eigs at center bond b=151: 0.4939 0.3214 0.0591 0.0403 0.0369 0.0258 0.0053 0.0042 0.0031 0.0024 
    Largest link dim during sweep 72/87 was 320
    Largest truncation error: 6.88369e-10
    Energy after sweep 72/87 is -158.080054899230
    Sweep 72/87 CPU time = 47m, 19s (Wall time = 3m, 10.8s)

    vN Entropy at center bond b=151 = 1.364718058373
    Eigs at center bond b=151: 0.4939 0.3214 0.0591 0.0403 0.0369 0.0258 0.0053 0.0042 0.0031 0.0024 
    Largest link dim during sweep 73/87 was 320
    Largest truncation error: 6.88362e-10
    Energy after sweep 73/87 is -158.080054899229
    Sweep 73/87 CPU time = 47m, 8s (Wall time = 3m, 8.2s)

    vN Entropy at center bond b=151 = 1.364718058358
    Eigs at center bond b=151: 0.4939 0.3214 0.0591 0.0403 0.0369 0.0258 0.0053 0.0042 0.0031 0.0024 
    Largest link dim during sweep 74/87 was 320
    Largest truncation error: 6.88357e-10
    Energy after sweep 74/87 is -158.080054899233
    Sweep 74/87 CPU time = 46m, 53s (Wall time = 3m, 7.2s)

    vN Entropy at center bond b=151 = 1.364794817627
    Eigs at center bond b=151: 0.4939 0.3214 0.0592 0.0403 0.0369 0.0258 0.0053 0.0042 0.0031 0.0024 
    Largest link dim during sweep 75/87 was 640
    Largest truncation error: 7.72381e-12
    Energy after sweep 75/87 is -158.080055888634
    Sweep 75/87 CPU time = 2h, 9m, 44s (Wall time = 8m, 38.5s)

    vN Entropy at center bond b=151 = 1.364823291783
    Eigs at center bond b=151: 0.4939 0.3214 0.0592 0.0403 0.0369 0.0258 0.0053 0.0042 0.0031 0.0024 
    Largest link dim during sweep 76/87 was 640
    Largest truncation error: 1.06427e-11
    Energy after sweep 76/87 is -158.080055897130
    Sweep 76/87 CPU time = 2h, 44m, 4s (Wall time = 10m, 53s)

    vN Entropy at center bond b=151 = 1.364825327599
    Eigs at center bond b=151: 0.4939 0.3214 0.0592 0.0403 0.0369 0.0258 0.0053 0.0042 0.0031 0.0024 
    Largest link dim during sweep 77/87 was 640
    Largest truncation error: 1.08608e-11
    Energy after sweep 77/87 is -158.080055897461
    Sweep 77/87 CPU time = 2h, 42m, 46s (Wall time = 10m, 51s)

    vN Entropy at center bond b=151 = 1.364825601903
    Eigs at center bond b=151: 0.4939 0.3214 0.0592 0.0403 0.0369 0.0258 0.0053 0.0042 0.0031 0.0024 
    Largest link dim during sweep 78/87 was 640
    Largest truncation error: 1.09969e-11
    Energy after sweep 78/87 is -158.080055897474
    Sweep 78/87 CPU time = 2h, 40m, 27s (Wall time = 10m, 41s)

    vN Entropy at center bond b=151 = 1.364825658144
    Eigs at center bond b=151: 0.4939 0.3214 0.0592 0.0403 0.0369 0.0258 0.0053 0.0042 0.0031 0.0024 
    Largest link dim during sweep 79/87 was 640
    Largest truncation error: 1.10481e-11
    Energy after sweep 79/87 is -158.080055897471
    Sweep 79/87 CPU time = 2h, 41m, 6s (Wall time = 10m, 44s)

    vN Entropy at center bond b=151 = 1.364825673352
    Eigs at center bond b=151: 0.4939 0.3214 0.0592 0.0403 0.0369 0.0258 0.0053 0.0042 0.0031 0.0024 
    Largest link dim during sweep 80/87 was 640
    Largest truncation error: 1.10676e-11
    Energy after sweep 80/87 is -158.080055897466
    Sweep 80/87 CPU time = 2h, 40m, 11s (Wall time = 10m, 41s)

    vN Entropy at center bond b=151 = 1.364825678098
    Eigs at center bond b=151: 0.4939 0.3214 0.0592 0.0403 0.0369 0.0258 0.0053 0.0042 0.0031 0.0024 
    Largest link dim during sweep 81/87 was 640
    Largest truncation error: 1.10751e-11
    Energy after sweep 81/87 is -158.080055897465
    Sweep 81/87 CPU time = 2h, 39m, 31s (Wall time = 10m, 37s)

    vN Entropy at center bond b=151 = 1.364825679875
    Eigs at center bond b=151: 0.4939 0.3214 0.0592 0.0403 0.0369 0.0258 0.0053 0.0042 0.0031 0.0024 
    Largest link dim during sweep 82/87 was 640
    Largest truncation error: 1.10784e-11
    Energy after sweep 82/87 is -158.080055897468
    Sweep 82/87 CPU time = 2h, 39m, 35s (Wall time = 10m, 38s)

    vN Entropy at center bond b=151 = 1.364827220162
    Eigs at center bond b=151: 0.4939 0.3214 0.0592 0.0403 0.0369 0.0258 0.0053 0.0042 0.0031 0.0024 
    Largest link dim during sweep 83/87 was 939
    Largest truncation error: 7.43305e-13
    Energy after sweep 83/87 is -158.080055910024
    Sweep 83/87 CPU time = 3h, 49m, 8s (Wall time = 16m, 35s)

    vN Entropy at center bond b=151 = 1.364828050879
    Eigs at center bond b=151: 0.4939 0.3214 0.0592 0.0403 0.0369 0.0258 0.0053 0.0042 0.0031 0.0024 
    Largest link dim during sweep 84/87 was 1280
    Largest truncation error: 8.72448e-14
    Energy after sweep 84/87 is -158.080055913214
    Sweep 84/87 CPU time = 8h, 2m, 53s (Wall time = 36m, 54s)

    vN Entropy at center bond b=151 = 1.364828171618
    Eigs at center bond b=151: 0.4939 0.3214 0.0592 0.0403 0.0369 0.0258 0.0053 0.0042 0.0031 0.0024 
    Largest link dim during sweep 85/87 was 1280
    Largest truncation error: 8.72243e-14
    Energy after sweep 85/87 is -158.080055913260
    Sweep 85/87 CPU time = 9h, 50m, 6s (Wall time = 43m, 56s)

    vN Entropy at center bond b=151 = 1.364828182473
    Eigs at center bond b=151: 0.4939 0.3214 0.0592 0.0403 0.0369 0.0258 0.0053 0.0042 0.0031 0.0024 
    Largest link dim during sweep 86/87 was 1280
    Largest truncation error: 8.7348e-14
    Energy after sweep 86/87 is -158.080055913267
    Sweep 86/87 CPU time = 9h, 50m, 11s (Wall time = 43m, 22s)

    vN Entropy at center bond b=151 = 1.364828184112
    Eigs at center bond b=151: 0.4939 0.3214 0.0592 0.0403 0.0369 0.0258 0.0053 0.0042 0.0031 0.0024 
    Largest link dim during sweep 87/87 was 1280
    Largest truncation error: 8.80192e-14
    Energy after sweep 87/87 is -158.080055913265
    Sweep 87/87 CPU time = 9h, 50m, 35s (Wall time = 43m, 16s)
Initial energy = 3.33000

Ground State Energy = -158.0800559133
run_outputs/outputpsi/N_303_sweep_87_t_0.030000_J_1.000000_V_0.600000_D_0.018000_U_1.100000_mu_0.020000_E_0.100000 converge
Wall-clock time (s) = 135406.452111
