//////////////////////////
Reading input file ......

Got input.N = 300
Got input.t = 0.03
Got input.J = 1
Got input.V = 0.6
Got input.D = 0.018
Got input.U = 0
Got input.mu = 0.1
Got input.E = 0.001
Got input.nsweeps = 87
Sweeps:
1  MaxDim=20, MinDim=20, Cutoff=1.0E-06, Niter=8, Noise=1.0E-05
2  MaxDim=20, MinDim=20, Cutoff=1.0E-06, Niter=8, Noise=1.0E-05
3  MaxDim=20, MinDim=20, Cutoff=1.0E-06, Niter=8, Noise=1.0E-05
4  MaxDim=20, MinDim=20, Cutoff=1.0E-06, Niter=8, Noise=1.0E-05
5  MaxDim=20, MinDim=20, Cutoff=1.0E-06, Niter=8, Noise=1.0E-05
6  MaxDim=20, MinDim=20, Cutoff=1.0E-06, Niter=8, Noise=1.0E-05
7  MaxDim=20, MinDim=20, Cutoff=1.0E-06, Niter=8, Noise=1.0E-05
8  MaxDim=40, MinDim=20, Cutoff=1.0E-06, Niter=4, Noise=1.0E-05
9  MaxDim=40, MinDim=20, Cutoff=1.0E-06, Niter=4, Noise=1.0E-05
10  MaxDim=40, MinDim=20, Cutoff=1.0E-06, Niter=4, Noise=1.0E-05
11  MaxDim=40, MinDim=20, Cutoff=1.0E-06, Niter=4, Noise=1.0E-05
12  MaxDim=40, MinDim=20, Cutoff=1.0E-06, Niter=4, Noise=1.0E-05
13  MaxDim=40, MinDim=20, Cutoff=1.0E-06, Niter=4, Noise=1.0E-05
14  MaxDim=40, MinDim=20, Cutoff=1.0E-06, Niter=4, Noise=1.0E-05
15  MaxDim=80, MinDim=10, Cutoff=1.0E-06, Niter=4, Noise=1.0E-05
16  MaxDim=80, MinDim=10, Cutoff=1.0E-06, Niter=4, Noise=1.0E-05
17  MaxDim=80, MinDim=10, Cutoff=1.0E-06, Niter=4, Noise=1.0E-05
18  MaxDim=80, MinDim=10, Cutoff=1.0E-06, Niter=4, Noise=1.0E-05
19  MaxDim=80, MinDim=10, Cutoff=1.0E-06, Niter=4, Noise=1.0E-05
20  MaxDim=80, MinDim=10, Cutoff=1.0E-06, Niter=4, Noise=1.0E-05
21  MaxDim=80, MinDim=10, Cutoff=1.0E-06, Niter=4, Noise=1.0E-05
22  MaxDim=80, MinDim=10, Cutoff=1.0E-06, Niter=4, Noise=1.0E-05
23  MaxDim=80, MinDim=10, Cutoff=1.0E-06, Niter=4, Noise=1.0E-05
24  MaxDim=80, MinDim=10, Cutoff=1.0E-06, Niter=4, Noise=1.0E-05
25  MaxDim=80, MinDim=10, Cutoff=1.0E-06, Niter=4, Noise=1.0E-05
26  MaxDim=80, MinDim=10, Cutoff=1.0E-06, Niter=4, Noise=1.0E-05
27  MaxDim=80, MinDim=10, Cutoff=1.0E-06, Niter=4, Noise=1.0E-05
28  MaxDim=80, MinDim=10, Cutoff=1.0E-06, Niter=4, Noise=1.0E-05
29  MaxDim=80, MinDim=10, Cutoff=1.0E-06, Niter=4, Noise=1.0E-05
30  MaxDim=80, MinDim=10, Cutoff=1.0E-06, Niter=4, Noise=1.0E-05
31  MaxDim=80, MinDim=10, Cutoff=1.0E-06, Niter=4, Noise=1.0E-05
32  MaxDim=80, MinDim=10, Cutoff=1.0E-06, Niter=4, Noise=1.0E-05
33  MaxDim=80, MinDim=10, Cutoff=1.0E-06, Niter=4, Noise=1.0E-05
34  MaxDim=80, MinDim=10, Cutoff=1.0E-06, Niter=4, Noise=1.0E-05
35  MaxDim=80, MinDim=10, Cutoff=1.0E-06, Niter=4, Noise=1.0E-05
36  MaxDim=80, MinDim=10, Cutoff=1.0E-06, Niter=4, Noise=1.0E-05
37  MaxDim=160, MinDim=10, Cutoff=1.0E-08, Niter=4, Noise=1.0E-06
38  MaxDim=160, MinDim=10, Cutoff=1.0E-08, Niter=4, Noise=1.0E-06
39  MaxDim=160, MinDim=10, Cutoff=1.0E-08, Niter=4, Noise=1.0E-06
40  MaxDim=160, MinDim=10, Cutoff=1.0E-08, Niter=4, Noise=1.0E-06
41  MaxDim=160, MinDim=10, Cutoff=1.0E-08, Niter=4, Noise=1.0E-06
42  MaxDim=160, MinDim=10, Cutoff=1.0E-08, Niter=4, Noise=1.0E-06
43  MaxDim=160, MinDim=10, Cutoff=1.0E-08, Niter=4, Noise=1.0E-06
44  MaxDim=160, MinDim=10, Cutoff=1.0E-08, Niter=4, Noise=1.0E-06
45  MaxDim=160, MinDim=10, Cutoff=1.0E-08, Niter=4, Noise=1.0E-06
46  MaxDim=160, MinDim=10, Cutoff=1.0E-08, Niter=4, Noise=1.0E-06
47  MaxDim=160, MinDim=10, Cutoff=1.0E-08, Niter=4, Noise=1.0E-06
48  MaxDim=160, MinDim=10, Cutoff=1.0E-08, Niter=4, Noise=1.0E-06
49  MaxDim=160, MinDim=10, Cutoff=1.0E-08, Niter=4, Noise=1.0E-06
50  MaxDim=160, MinDim=10, Cutoff=1.0E-08, Niter=4, Noise=1.0E-06
51  MaxDim=160, MinDim=10, Cutoff=1.0E-08, Niter=4, Noise=1.0E-06
52  MaxDim=160, MinDim=10, Cutoff=1.0E-08, Niter=4, Noise=1.0E-06
53  MaxDim=160, MinDim=10, Cutoff=1.0E-08, Niter=4, Noise=1.0E-06
54  MaxDim=160, MinDim=10, Cutoff=1.0E-08, Niter=4, Noise=1.0E-06
55  MaxDim=160, MinDim=10, Cutoff=1.0E-08, Niter=4, Noise=1.0E-06
56  MaxDim=160, MinDim=10, Cutoff=1.0E-08, Niter=4, Noise=1.0E-06
57  MaxDim=160, MinDim=10, Cutoff=1.0E-08, Niter=4, Noise=1.0E-06
58  MaxDim=160, MinDim=10, Cutoff=1.0E-08, Niter=4, Noise=1.0E-06
59  MaxDim=320, MinDim=10, Cutoff=1.0E-10, Niter=4, Noise=1.0E-07
60  MaxDim=320, MinDim=10, Cutoff=1.0E-10, Niter=4, Noise=1.0E-07
61  MaxDim=320, MinDim=10, Cutoff=1.0E-10, Niter=4, Noise=1.0E-07
62  MaxDim=320, MinDim=10, Cutoff=1.0E-10, Niter=4, Noise=1.0E-07
63  MaxDim=320, MinDim=10, Cutoff=1.0E-10, Niter=4, Noise=1.0E-07
64  MaxDim=320, MinDim=10, Cutoff=1.0E-10, Niter=4, Noise=1.0E-07
65  MaxDim=320, MinDim=10, Cutoff=1.0E-10, Niter=4, Noise=1.0E-07
66  MaxDim=320, MinDim=10, Cutoff=1.0E-10, Niter=4, Noise=1.0E-07
67  MaxDim=320, MinDim=10, Cutoff=1.0E-10, Niter=4, Noise=1.0E-07
68  MaxDim=320, MinDim=10, Cutoff=1.0E-10, Niter=4, Noise=1.0E-07
69  MaxDim=320, MinDim=10, Cutoff=1.0E-10, Niter=4, Noise=1.0E-07
70  MaxDim=320, MinDim=10, Cutoff=1.0E-10, Niter=4, Noise=1.0E-07
71  MaxDim=320, MinDim=10, Cutoff=1.0E-10, Niter=4, Noise=1.0E-07
72  MaxDim=320, MinDim=10, Cutoff=1.0E-10, Niter=4, Noise=1.0E-07
73  MaxDim=320, MinDim=10, Cutoff=1.0E-10, Niter=4, Noise=1.0E-07
74  MaxDim=320, MinDim=10, Cutoff=1.0E-10, Niter=4, Noise=1.0E-07
75  MaxDim=640, MinDim=10, Cutoff=1.0E-12, Niter=2, Noise=1.0E-08
76  MaxDim=640, MinDim=10, Cutoff=1.0E-12, Niter=2, Noise=1.0E-08
77  MaxDim=640, MinDim=10, Cutoff=1.0E-12, Niter=2, Noise=1.0E-08
78  MaxDim=640, MinDim=10, Cutoff=1.0E-12, Niter=2, Noise=1.0E-08
79  MaxDim=640, MinDim=10, Cutoff=1.0E-12, Niter=2, Noise=1.0E-08
80  MaxDim=640, MinDim=10, Cutoff=1.0E-12, Niter=2, Noise=1.0E-08
81  MaxDim=640, MinDim=10, Cutoff=1.0E-12, Niter=2, Noise=1.0E-08
82  MaxDim=640, MinDim=10, Cutoff=1.0E-12, Niter=2, Noise=1.0E-08
83  MaxDim=1280, MinDim=10, Cutoff=1.0E-12, Niter=2, Noise=0.0E+00
84  MaxDim=1280, MinDim=10, Cutoff=1.0E-14, Niter=2, Noise=0.0E+00
85  MaxDim=1280, MinDim=10, Cutoff=1.0E-14, Niter=2, Noise=0.0E+00
86  MaxDim=1280, MinDim=10, Cutoff=1.0E-14, Niter=2, Noise=0.0E+00
87  MaxDim=1280, MinDim=10, Cutoff=1.0E-14, Niter=2, Noise=0.0E+00


    vN Entropy at center bond b=150 = 0.501986224972
    Eigs at center bond b=150: 0.8430 0.1400 0.0132 0.0023 0.0010 
    Largest link dim during sweep 1/87 was 20
    Largest truncation error: 3.90611e-06
    Energy after sweep 1/87 is -198.490797887728
    Sweep 1/87 CPU time = 12.28s (Wall time = 1.100s)

    vN Entropy at center bond b=150 = 0.688160265620
    Eigs at center bond b=150: 0.7497 0.2187 0.0217 0.0063 0.0022 
    Largest link dim during sweep 2/87 was 20
    Largest truncation error: 9.55871e-07
    Energy after sweep 2/87 is -198.650539679172
    Sweep 2/87 CPU time = 23.54s (Wall time = 1.509s)

    vN Entropy at center bond b=150 = 0.689356605062
    Eigs at center bond b=150: 0.7493 0.2189 0.0217 0.0063 0.0023 
    Largest link dim during sweep 3/87 was 20
    Largest truncation error: 9.66868e-07
    Energy after sweep 3/87 is -198.650626572642
    Sweep 3/87 CPU time = 23.32s (Wall time = 1.500s)

    vN Entropy at center bond b=150 = 0.689368447981
    Eigs at center bond b=150: 0.7493 0.2189 0.0217 0.0063 0.0023 
    Largest link dim during sweep 4/87 was 20
    Largest truncation error: 9.67237e-07
    Energy after sweep 4/87 is -198.650626675276
    Sweep 4/87 CPU time = 23.29s (Wall time = 1.498s)

    vN Entropy at center bond b=150 = 0.689368739709
    Eigs at center bond b=150: 0.7493 0.2189 0.0217 0.0063 0.0023 
    Largest link dim during sweep 5/87 was 20
    Largest truncation error: 9.67247e-07
    Energy after sweep 5/87 is -198.650626628008
    Sweep 5/87 CPU time = 23.46s (Wall time = 1.506s)

    vN Entropy at center bond b=150 = 0.689367533853
    Eigs at center bond b=150: 0.7493 0.2189 0.0217 0.0063 0.0023 
    Largest link dim during sweep 6/87 was 20
    Largest truncation error: 9.67248e-07
    Energy after sweep 6/87 is -198.650626506432
    Sweep 6/87 CPU time = 23.30s (Wall time = 1.499s)

    vN Entropy at center bond b=150 = 0.689366234688
    Eigs at center bond b=150: 0.7493 0.2189 0.0217 0.0063 0.0023 
    Largest link dim during sweep 7/87 was 20
    Largest truncation error: 9.67248e-07
    Energy after sweep 7/87 is -198.650626371996
    Sweep 7/87 CPU time = 23.29s (Wall time = 1.497s)

    vN Entropy at center bond b=150 = 0.689446456819
    Eigs at center bond b=150: 0.7493 0.2189 0.0217 0.0063 0.0023 
    Largest link dim during sweep 8/87 was 22
    Largest truncation error: 6.8348e-07
    Energy after sweep 8/87 is -198.650834082355
    Sweep 8/87 CPU time = 12.71s (Wall time = 0.817s)

    vN Entropy at center bond b=150 = 0.689454236645
    Eigs at center bond b=150: 0.7493 0.2189 0.0217 0.0063 0.0023 
    Largest link dim during sweep 9/87 was 22
    Largest truncation error: 6.74473e-07
    Energy after sweep 9/87 is -198.650834031544
    Sweep 9/87 CPU time = 12.81s (Wall time = 0.822s)

    vN Entropy at center bond b=150 = 0.689455328192
    Eigs at center bond b=150: 0.7493 0.2189 0.0217 0.0063 0.0023 
    Largest link dim during sweep 10/87 was 22
    Largest truncation error: 6.71454e-07
    Energy after sweep 10/87 is -198.650835114476
    Sweep 10/87 CPU time = 12.80s (Wall time = 0.822s)

    vN Entropy at center bond b=150 = 0.689455622153
    Eigs at center bond b=150: 0.7493 0.2189 0.0217 0.0063 0.0023 
    Largest link dim during sweep 11/87 was 22
    Largest truncation error: 6.71457e-07
    Energy after sweep 11/87 is -198.650835097999
    Sweep 11/87 CPU time = 12.68s (Wall time = 0.813s)

    vN Entropy at center bond b=150 = 0.689455715658
    Eigs at center bond b=150: 0.7493 0.2189 0.0217 0.0063 0.0023 
    Largest link dim during sweep 12/87 was 22
    Largest truncation error: 6.71461e-07
    Energy after sweep 12/87 is -198.650835092336
    Sweep 12/87 CPU time = 12.73s (Wall time = 0.815s)

    vN Entropy at center bond b=150 = 0.689455747047
    Eigs at center bond b=150: 0.7493 0.2189 0.0217 0.0063 0.0023 
    Largest link dim during sweep 13/87 was 22
    Largest truncation error: 6.71463e-07
    Energy after sweep 13/87 is -198.650835090584
    Sweep 13/87 CPU time = 12.87s (Wall time = 0.825s)

    vN Entropy at center bond b=150 = 0.689455757672
    Eigs at center bond b=150: 0.7493 0.2189 0.0217 0.0063 0.0023 
    Largest link dim during sweep 14/87 was 22
    Largest truncation error: 6.71464e-07
    Energy after sweep 14/87 is -198.650835090062
    Sweep 14/87 CPU time = 12.78s (Wall time = 0.818s)

    vN Entropy at center bond b=150 = 0.689106150584
    Eigs at center bond b=150: 0.7494 0.2189 0.0217 0.0063 0.0023 
    Largest link dim during sweep 15/87 was 21
    Largest truncation error: 7.45594e-07
    Energy after sweep 15/87 is -198.650526201454
    Sweep 15/87 CPU time = 11.91s (Wall time = 0.764s)

    vN Entropy at center bond b=150 = 0.689066671306
    Eigs at center bond b=150: 0.7494 0.2189 0.0217 0.0063 0.0023 
    Largest link dim during sweep 16/87 was 21
    Largest truncation error: 7.55305e-07
    Energy after sweep 16/87 is -198.650264735726
    Sweep 16/87 CPU time = 11.29s (Wall time = 0.723s)

    vN Entropy at center bond b=150 = 0.688988452001
    Eigs at center bond b=150: 0.7494 0.2189 0.0217 0.0063 0.0023 
    Largest link dim during sweep 17/87 was 21
    Largest truncation error: 7.50485e-07
    Energy after sweep 17/87 is -198.650216753216
    Sweep 17/87 CPU time = 11.08s (Wall time = 0.711s)

    vN Entropy at center bond b=150 = 0.688919965212
    Eigs at center bond b=150: 0.7494 0.2189 0.0217 0.0063 0.0023 
    Largest link dim during sweep 18/87 was 21
    Largest truncation error: 7.51658e-07
    Energy after sweep 18/87 is -198.650214914751
    Sweep 18/87 CPU time = 11.06s (Wall time = 0.710s)

    vN Entropy at center bond b=150 = 0.688911503056
    Eigs at center bond b=150: 0.7494 0.2189 0.0217 0.0063 0.0023 
    Largest link dim during sweep 19/87 was 21
    Largest truncation error: 7.50439e-07
    Energy after sweep 19/87 is -198.650213070035
    Sweep 19/87 CPU time = 11.13s (Wall time = 0.713s)

    vN Entropy at center bond b=150 = 0.688909761975
    Eigs at center bond b=150: 0.7494 0.2189 0.0217 0.0063 0.0023 
    Largest link dim during sweep 20/87 was 21
    Largest truncation error: 7.5047e-07
    Energy after sweep 20/87 is -198.650213060487
    Sweep 20/87 CPU time = 11.03s (Wall time = 0.711s)

    vN Entropy at center bond b=150 = 0.688909367243
    Eigs at center bond b=150: 0.7494 0.2189 0.0217 0.0063 0.0023 
    Largest link dim during sweep 21/87 was 21
    Largest truncation error: 7.50475e-07
    Energy after sweep 21/87 is -198.650213059595
    Sweep 21/87 CPU time = 11.03s (Wall time = 0.709s)

    vN Entropy at center bond b=150 = 0.688909272448
    Eigs at center bond b=150: 0.7494 0.2189 0.0217 0.0063 0.0023 
    Largest link dim during sweep 22/87 was 21
    Largest truncation error: 7.50476e-07
    Energy after sweep 22/87 is -198.650213059385
    Sweep 22/87 CPU time = 11.06s (Wall time = 0.711s)

    vN Entropy at center bond b=150 = 0.688909249274
    Eigs at center bond b=150: 0.7494 0.2189 0.0217 0.0063 0.0023 
    Largest link dim during sweep 23/87 was 21
    Largest truncation error: 7.50476e-07
    Energy after sweep 23/87 is -198.650213059334
    Sweep 23/87 CPU time = 11.08s (Wall time = 0.709s)

    vN Entropy at center bond b=150 = 0.688909243574
    Eigs at center bond b=150: 0.7494 0.2189 0.0217 0.0063 0.0023 
    Largest link dim during sweep 24/87 was 21
    Largest truncation error: 7.50476e-07
    Energy after sweep 24/87 is -198.650213059326
    Sweep 24/87 CPU time = 11.04s (Wall time = 0.710s)

    vN Entropy at center bond b=150 = 0.688909242170
    Eigs at center bond b=150: 0.7494 0.2189 0.0217 0.0063 0.0023 
    Largest link dim during sweep 25/87 was 21
    Largest truncation error: 7.50476e-07
    Energy after sweep 25/87 is -198.650213059326
    Sweep 25/87 CPU time = 11.15s (Wall time = 0.710s)

    vN Entropy at center bond b=150 = 0.688909241825
    Eigs at center bond b=150: 0.7494 0.2189 0.0217 0.0063 0.0023 
    Largest link dim during sweep 26/87 was 21
    Largest truncation error: 7.50476e-07
    Energy after sweep 26/87 is -198.650213059323
    Sweep 26/87 CPU time = 11.12s (Wall time = 0.713s)

    vN Entropy at center bond b=150 = 0.688909241740
    Eigs at center bond b=150: 0.7494 0.2189 0.0217 0.0063 0.0023 
    Largest link dim during sweep 27/87 was 21
    Largest truncation error: 7.50476e-07
    Energy after sweep 27/87 is -198.650213059321
    Sweep 27/87 CPU time = 11.10s (Wall time = 0.712s)

    vN Entropy at center bond b=150 = 0.688909241719
    Eigs at center bond b=150: 0.7494 0.2189 0.0217 0.0063 0.0023 
    Largest link dim during sweep 28/87 was 21
    Largest truncation error: 7.50476e-07
    Energy after sweep 28/87 is -198.650213059324
    Sweep 28/87 CPU time = 11.10s (Wall time = 0.711s)

    vN Entropy at center bond b=150 = 0.688909241714
    Eigs at center bond b=150: 0.7494 0.2189 0.0217 0.0063 0.0023 
    Largest link dim during sweep 29/87 was 21
    Largest truncation error: 7.50476e-07
    Energy after sweep 29/87 is -198.650213059324
    Sweep 29/87 CPU time = 11.09s (Wall time = 0.710s)

    vN Entropy at center bond b=150 = 0.688909241713
    Eigs at center bond b=150: 0.7494 0.2189 0.0217 0.0063 0.0023 
    Largest link dim during sweep 30/87 was 21
    Largest truncation error: 7.50476e-07
    Energy after sweep 30/87 is -198.650213059319
    Sweep 30/87 CPU time = 11.11s (Wall time = 0.712s)

    vN Entropy at center bond b=150 = 0.688909241713
    Eigs at center bond b=150: 0.7494 0.2189 0.0217 0.0063 0.0023 
    Largest link dim during sweep 31/87 was 21
    Largest truncation error: 7.50476e-07
    Energy after sweep 31/87 is -198.650213059320
    Sweep 31/87 CPU time = 11.02s (Wall time = 0.708s)

    vN Entropy at center bond b=150 = 0.688909241712
    Eigs at center bond b=150: 0.7494 0.2189 0.0217 0.0063 0.0023 
    Largest link dim during sweep 32/87 was 21
    Largest truncation error: 7.50476e-07
    Energy after sweep 32/87 is -198.650213059320
    Sweep 32/87 CPU time = 11.09s (Wall time = 0.711s)

    vN Entropy at center bond b=150 = 0.688909241712
    Eigs at center bond b=150: 0.7494 0.2189 0.0217 0.0063 0.0023 
    Largest link dim during sweep 33/87 was 21
    Largest truncation error: 7.50476e-07
    Energy after sweep 33/87 is -198.650213059325
    Sweep 33/87 CPU time = 11.07s (Wall time = 0.708s)

    vN Entropy at center bond b=150 = 0.688909241713
    Eigs at center bond b=150: 0.7494 0.2189 0.0217 0.0063 0.0023 
    Largest link dim during sweep 34/87 was 21
    Largest truncation error: 7.50476e-07
    Energy after sweep 34/87 is -198.650213059324
    Sweep 34/87 CPU time = 11.04s (Wall time = 0.708s)

    vN Entropy at center bond b=150 = 0.688909241712
    Eigs at center bond b=150: 0.7494 0.2189 0.0217 0.0063 0.0023 
    Largest link dim during sweep 35/87 was 21
    Largest truncation error: 7.50476e-07
    Energy after sweep 35/87 is -198.650213059321
    Sweep 35/87 CPU time = 11.05s (Wall time = 0.708s)

    vN Entropy at center bond b=150 = 0.688909241712
    Eigs at center bond b=150: 0.7494 0.2189 0.0217 0.0063 0.0023 
    Largest link dim during sweep 36/87 was 21
    Largest truncation error: 7.50476e-07
    Energy after sweep 36/87 is -198.650213059321
    Sweep 36/87 CPU time = 11.02s (Wall time = 0.707s)

    vN Entropy at center bond b=150 = 0.690147588117
    Eigs at center bond b=150: 0.7490 0.2191 0.0217 0.0064 0.0023 
    Largest link dim during sweep 37/87 was 40
    Largest truncation error: 8.18393e-09
    Energy after sweep 37/87 is -198.651658611224
    Sweep 37/87 CPU time = 22.28s (Wall time = 1.439s)

    vN Entropy at center bond b=150 = 0.690296548772
    Eigs at center bond b=150: 0.7490 0.2191 0.0218 0.0064 0.0023 
    Largest link dim during sweep 38/87 was 41
    Largest truncation error: 8.20605e-09
    Energy after sweep 38/87 is -198.651662887618
    Sweep 38/87 CPU time = 30.46s (Wall time = 1.954s)

    vN Entropy at center bond b=150 = 0.690312412565
    Eigs at center bond b=150: 0.7490 0.2191 0.0217 0.0064 0.0023 
    Largest link dim during sweep 39/87 was 41
    Largest truncation error: 8.20774e-09
    Energy after sweep 39/87 is -198.651662912072
    Sweep 39/87 CPU time = 31.16s (Wall time = 1.993s)

    vN Entropy at center bond b=150 = 0.690315631601
    Eigs at center bond b=150: 0.7490 0.2191 0.0217 0.0064 0.0023 
    Largest link dim during sweep 40/87 was 41
    Largest truncation error: 8.20794e-09
    Energy after sweep 40/87 is -198.651662924715
    Sweep 40/87 CPU time = 31.16s (Wall time = 1.998s)

    vN Entropy at center bond b=150 = 0.690316317877
    Eigs at center bond b=150: 0.7490 0.2191 0.0217 0.0064 0.0023 
    Largest link dim during sweep 41/87 was 41
    Largest truncation error: 8.20797e-09
    Energy after sweep 41/87 is -198.651662925393
    Sweep 41/87 CPU time = 31.13s (Wall time = 2.000s)

    vN Entropy at center bond b=150 = 0.690316461054
    Eigs at center bond b=150: 0.7490 0.2191 0.0217 0.0064 0.0023 
    Largest link dim during sweep 42/87 was 41
    Largest truncation error: 8.20798e-09
    Energy after sweep 42/87 is -198.651662925517
    Sweep 42/87 CPU time = 31.16s (Wall time = 2.001s)

    vN Entropy at center bond b=150 = 0.690316490551
    Eigs at center bond b=150: 0.7490 0.2191 0.0217 0.0064 0.0023 
    Largest link dim during sweep 43/87 was 41
    Largest truncation error: 8.20798e-09
    Energy after sweep 43/87 is -198.651662925548
    Sweep 43/87 CPU time = 31.19s (Wall time = 2.002s)

    vN Entropy at center bond b=150 = 0.690316496590
    Eigs at center bond b=150: 0.7490 0.2191 0.0217 0.0064 0.0023 
    Largest link dim during sweep 44/87 was 41
    Largest truncation error: 8.20798e-09
    Energy after sweep 44/87 is -198.651662925557
    Sweep 44/87 CPU time = 31.00s (Wall time = 1.989s)

    vN Entropy at center bond b=150 = 0.690316497823
    Eigs at center bond b=150: 0.7490 0.2191 0.0217 0.0064 0.0023 
    Largest link dim during sweep 45/87 was 41
    Largest truncation error: 8.20798e-09
    Energy after sweep 45/87 is -198.651662925557
    Sweep 45/87 CPU time = 30.97s (Wall time = 1.984s)

    vN Entropy at center bond b=150 = 0.690316498074
    Eigs at center bond b=150: 0.7490 0.2191 0.0217 0.0064 0.0023 
    Largest link dim during sweep 46/87 was 41
    Largest truncation error: 8.20798e-09
    Energy after sweep 46/87 is -198.651662925556
    Sweep 46/87 CPU time = 31.12s (Wall time = 1.994s)

    vN Entropy at center bond b=150 = 0.690316498125
    Eigs at center bond b=150: 0.7490 0.2191 0.0217 0.0064 0.0023 
    Largest link dim during sweep 47/87 was 41
    Largest truncation error: 8.20798e-09
    Energy after sweep 47/87 is -198.651662925557
    Sweep 47/87 CPU time = 31.00s (Wall time = 1.992s)

    vN Entropy at center bond b=150 = 0.690316498136
    Eigs at center bond b=150: 0.7490 0.2191 0.0217 0.0064 0.0023 
    Largest link dim during sweep 48/87 was 41
    Largest truncation error: 8.20798e-09
    Energy after sweep 48/87 is -198.651662925558
    Sweep 48/87 CPU time = 31.07s (Wall time = 1.995s)

    vN Entropy at center bond b=150 = 0.690316498138
    Eigs at center bond b=150: 0.7490 0.2191 0.0217 0.0064 0.0023 
    Largest link dim during sweep 49/87 was 41
    Largest truncation error: 8.20798e-09
    Energy after sweep 49/87 is -198.651662925564
    Sweep 49/87 CPU time = 31.22s (Wall time = 2.002s)

    vN Entropy at center bond b=150 = 0.690316498138
    Eigs at center bond b=150: 0.7490 0.2191 0.0217 0.0064 0.0023 
    Largest link dim during sweep 50/87 was 41
    Largest truncation error: 8.20798e-09
    Energy after sweep 50/87 is -198.651662925559
    Sweep 50/87 CPU time = 30.97s (Wall time = 1.988s)

    vN Entropy at center bond b=150 = 0.690316498138
    Eigs at center bond b=150: 0.7490 0.2191 0.0217 0.0064 0.0023 
    Largest link dim during sweep 51/87 was 41
    Largest truncation error: 8.20798e-09
    Energy after sweep 51/87 is -198.651662925556
    Sweep 51/87 CPU time = 30.54s (Wall time = 1.963s)

    vN Entropy at center bond b=150 = 0.690316498138
    Eigs at center bond b=150: 0.7490 0.2191 0.0217 0.0064 0.0023 
    Largest link dim during sweep 52/87 was 41
    Largest truncation error: 8.20798e-09
    Energy after sweep 52/87 is -198.651662925558
    Sweep 52/87 CPU time = 30.21s (Wall time = 1.944s)

    vN Entropy at center bond b=150 = 0.690316498138
    Eigs at center bond b=150: 0.7490 0.2191 0.0217 0.0064 0.0023 
    Largest link dim during sweep 53/87 was 41
    Largest truncation error: 8.20798e-09
    Energy after sweep 53/87 is -198.651662925561
    Sweep 53/87 CPU time = 31.14s (Wall time = 1.999s)

    vN Entropy at center bond b=150 = 0.690316498138
    Eigs at center bond b=150: 0.7490 0.2191 0.0217 0.0064 0.0023 
    Largest link dim during sweep 54/87 was 41
    Largest truncation error: 8.20798e-09
    Energy after sweep 54/87 is -198.651662925555
    Sweep 54/87 CPU time = 31.08s (Wall time = 1.999s)

    vN Entropy at center bond b=150 = 0.690316498138
    Eigs at center bond b=150: 0.7490 0.2191 0.0217 0.0064 0.0023 
    Largest link dim during sweep 55/87 was 41
    Largest truncation error: 8.20798e-09
    Energy after sweep 55/87 is -198.651662925557
    Sweep 55/87 CPU time = 31.26s (Wall time = 2.012s)

    vN Entropy at center bond b=150 = 0.690316498138
    Eigs at center bond b=150: 0.7490 0.2191 0.0217 0.0064 0.0023 
    Largest link dim during sweep 56/87 was 41
    Largest truncation error: 8.20798e-09
    Energy after sweep 56/87 is -198.651662925561
    Sweep 56/87 CPU time = 31.03s (Wall time = 1.994s)

    vN Entropy at center bond b=150 = 0.690316498138
    Eigs at center bond b=150: 0.7490 0.2191 0.0217 0.0064 0.0023 
    Largest link dim during sweep 57/87 was 41
    Largest truncation error: 8.20798e-09
    Energy after sweep 57/87 is -198.651662925559
    Sweep 57/87 CPU time = 31.10s (Wall time = 1.999s)

    vN Entropy at center bond b=150 = 0.690316498138
    Eigs at center bond b=150: 0.7490 0.2191 0.0217 0.0064 0.0023 
    Largest link dim during sweep 58/87 was 41
    Largest truncation error: 8.20798e-09
    Energy after sweep 58/87 is -198.651662925556
    Sweep 58/87 CPU time = 31.18s (Wall time = 2.002s)

    vN Entropy at center bond b=150 = 0.690377005993
    Eigs at center bond b=150: 0.7489 0.2192 0.0218 0.0064 0.0023 
    Largest link dim during sweep 59/87 was 70
    Largest truncation error: 7.45278e-11
    Energy after sweep 59/87 is -198.651676387177
    Sweep 59/87 CPU time = 1m, 7.5s (Wall time = 4.338s)

    vN Entropy at center bond b=150 = 0.690384525103
    Eigs at center bond b=150: 0.7489 0.2192 0.0218 0.0064 0.0023 
    Largest link dim during sweep 60/87 was 72
    Largest truncation error: 7.62745e-11
    Energy after sweep 60/87 is -198.651676456797
    Sweep 60/87 CPU time = 1m, 29.8s (Wall time = 5.792s)

    vN Entropy at center bond b=150 = 0.690385293934
    Eigs at center bond b=150: 0.7489 0.2192 0.0218 0.0064 0.0023 
    Largest link dim during sweep 61/87 was 72
    Largest truncation error: 7.58766e-11
    Energy after sweep 61/87 is -198.651676458162
    Sweep 61/87 CPU time = 1m, 36.8s (Wall time = 6.226s)

    vN Entropy at center bond b=150 = 0.690385449022
    Eigs at center bond b=150: 0.7489 0.2192 0.0218 0.0064 0.0023 
    Largest link dim during sweep 62/87 was 72
    Largest truncation error: 7.58527e-11
    Energy after sweep 62/87 is -198.651676458419
    Sweep 62/87 CPU time = 1m, 43.6s (Wall time = 6.672s)

    vN Entropy at center bond b=150 = 0.690385486344
    Eigs at center bond b=150: 0.7489 0.2192 0.0218 0.0064 0.0023 
    Largest link dim during sweep 63/87 was 72
    Largest truncation error: 7.58501e-11
    Energy after sweep 63/87 is -198.651676458449
    Sweep 63/87 CPU time = 1m, 43.6s (Wall time = 6.657s)

    vN Entropy at center bond b=150 = 0.690385496101
    Eigs at center bond b=150: 0.7489 0.2192 0.0218 0.0064 0.0023 
    Largest link dim during sweep 64/87 was 72
    Largest truncation error: 7.58498e-11
    Energy after sweep 64/87 is -198.651676458482
    Sweep 64/87 CPU time = 1m, 43.2s (Wall time = 6.634s)

    vN Entropy at center bond b=150 = 0.690385498793
    Eigs at center bond b=150: 0.7489 0.2192 0.0218 0.0064 0.0023 
    Largest link dim during sweep 65/87 was 72
    Largest truncation error: 7.58497e-11
    Energy after sweep 65/87 is -198.651676458507
    Sweep 65/87 CPU time = 1m, 43.7s (Wall time = 6.666s)

    vN Entropy at center bond b=150 = 0.690385499562
    Eigs at center bond b=150: 0.7489 0.2192 0.0218 0.0064 0.0023 
    Largest link dim during sweep 66/87 was 72
    Largest truncation error: 7.58497e-11
    Energy after sweep 66/87 is -198.651676458504
    Sweep 66/87 CPU time = 1m, 43.4s (Wall time = 6.648s)

    vN Entropy at center bond b=150 = 0.690385499787
    Eigs at center bond b=150: 0.7489 0.2192 0.0218 0.0064 0.0023 
    Largest link dim during sweep 67/87 was 72
    Largest truncation error: 7.58496e-11
    Energy after sweep 67/87 is -198.651676458506
    Sweep 67/87 CPU time = 1m, 43.5s (Wall time = 6.654s)

    vN Entropy at center bond b=150 = 0.690385499853
    Eigs at center bond b=150: 0.7489 0.2192 0.0218 0.0064 0.0023 
    Largest link dim during sweep 68/87 was 72
    Largest truncation error: 7.58497e-11
    Energy after sweep 68/87 is -198.651676458505
    Sweep 68/87 CPU time = 1m, 43.5s (Wall time = 6.645s)

    vN Entropy at center bond b=150 = 0.690385499872
    Eigs at center bond b=150: 0.7489 0.2192 0.0218 0.0064 0.0023 
    Largest link dim during sweep 69/87 was 72
    Largest truncation error: 7.58495e-11
    Energy after sweep 69/87 is -198.651676458502
    Sweep 69/87 CPU time = 1m, 43.7s (Wall time = 6.654s)

    vN Entropy at center bond b=150 = 0.690385499878
    Eigs at center bond b=150: 0.7489 0.2192 0.0218 0.0064 0.0023 
    Largest link dim during sweep 70/87 was 72
    Largest truncation error: 7.58494e-11
    Energy after sweep 70/87 is -198.651676458507
    Sweep 70/87 CPU time = 1m, 43.9s (Wall time = 6.677s)

    vN Entropy at center bond b=150 = 0.690385499880
    Eigs at center bond b=150: 0.7489 0.2192 0.0218 0.0064 0.0023 
    Largest link dim during sweep 71/87 was 72
    Largest truncation error: 7.58495e-11
    Energy after sweep 71/87 is -198.651676458502
    Sweep 71/87 CPU time = 1m, 43.5s (Wall time = 6.692s)

    vN Entropy at center bond b=150 = 0.690385499880
    Eigs at center bond b=150: 0.7489 0.2192 0.0218 0.0064 0.0023 
    Largest link dim during sweep 72/87 was 72
    Largest truncation error: 7.58496e-11
    Energy after sweep 72/87 is -198.651676458506
    Sweep 72/87 CPU time = 1m, 43.6s (Wall time = 6.650s)

    vN Entropy at center bond b=150 = 0.690385499880
    Eigs at center bond b=150: 0.7489 0.2192 0.0218 0.0064 0.0023 
    Largest link dim during sweep 73/87 was 72
    Largest truncation error: 7.58496e-11
    Energy after sweep 73/87 is -198.651676458504
    Sweep 73/87 CPU time = 1m, 43.3s (Wall time = 6.639s)

    vN Entropy at center bond b=150 = 0.690385499880
    Eigs at center bond b=150: 0.7489 0.2192 0.0218 0.0064 0.0023 
    Largest link dim during sweep 74/87 was 72
    Largest truncation error: 7.58495e-11
    Energy after sweep 74/87 is -198.651676458504
    Sweep 74/87 CPU time = 1m, 43.3s (Wall time = 6.639s)

    vN Entropy at center bond b=150 = 0.690390019696
    Eigs at center bond b=150: 0.7489 0.2192 0.0218 0.0064 0.0023 
    Largest link dim during sweep 75/87 was 120
    Largest truncation error: 7.51523e-13
    Energy after sweep 75/87 is -198.651676613793
    Sweep 75/87 CPU time = 2m, 27.8s (Wall time = 9.504s)

    vN Entropy at center bond b=150 = 0.690390239007
    Eigs at center bond b=150: 0.7489 0.2192 0.0218 0.0064 0.0023 
    Largest link dim during sweep 76/87 was 124
    Largest truncation error: 7.48929e-13
    Energy after sweep 76/87 is -198.651676615902
    Sweep 76/87 CPU time = 3m, 4.1s (Wall time = 11.82s)

    vN Entropy at center bond b=150 = 0.690390325696
    Eigs at center bond b=150: 0.7489 0.2192 0.0218 0.0064 0.0023 
    Largest link dim during sweep 77/87 was 122
    Largest truncation error: 7.58145e-13
    Energy after sweep 77/87 is -198.651676615971
    Sweep 77/87 CPU time = 2m, 59.7s (Wall time = 11.53s)

    vN Entropy at center bond b=150 = 0.690390366196
    Eigs at center bond b=150: 0.7489 0.2192 0.0218 0.0064 0.0023 
    Largest link dim during sweep 78/87 was 122
    Largest truncation error: 7.51488e-13
    Energy after sweep 78/87 is -198.651676615968
    Sweep 78/87 CPU time = 2m, 58.5s (Wall time = 11.45s)

    vN Entropy at center bond b=150 = 0.690390386506
    Eigs at center bond b=150: 0.7489 0.2192 0.0218 0.0064 0.0023 
    Largest link dim during sweep 79/87 was 122
    Largest truncation error: 7.50281e-13
    Energy after sweep 79/87 is -198.651676615988
    Sweep 79/87 CPU time = 2m, 59.2s (Wall time = 11.57s)

    vN Entropy at center bond b=150 = 0.690390397188
    Eigs at center bond b=150: 0.7489 0.2192 0.0218 0.0064 0.0023 
    Largest link dim during sweep 80/87 was 122
    Largest truncation error: 7.50006e-13
    Energy after sweep 80/87 is -198.651676615987
    Sweep 80/87 CPU time = 2m, 57.0s (Wall time = 11.36s)

    vN Entropy at center bond b=150 = 0.690390402837
    Eigs at center bond b=150: 0.7489 0.2192 0.0218 0.0064 0.0023 
    Largest link dim during sweep 81/87 was 122
    Largest truncation error: 7.49875e-13
    Energy after sweep 81/87 is -198.651676615994
    Sweep 81/87 CPU time = 2m, 57.6s (Wall time = 11.39s)

    vN Entropy at center bond b=150 = 0.690390405947
    Eigs at center bond b=150: 0.7489 0.2192 0.0218 0.0064 0.0023 
    Largest link dim during sweep 82/87 was 122
    Largest truncation error: 7.50571e-13
    Energy after sweep 82/87 is -198.651676615992
    Sweep 82/87 CPU time = 2m, 58.3s (Wall time = 11.44s)

    vN Entropy at center bond b=150 = 0.690390869751
    Eigs at center bond b=150: 0.7489 0.2192 0.0218 0.0064 0.0023 
    Largest link dim during sweep 83/87 was 115
    Largest truncation error: 7.4815e-13
    Energy after sweep 83/87 is -198.651676615677
    Sweep 83/87 CPU time = 2m, 22.9s (Wall time = 9.160s)

    vN Entropy at center bond b=150 = 0.690390877803
    Eigs at center bond b=150: 0.7489 0.2192 0.0218 0.0064 0.0023 
    Largest link dim during sweep 84/87 was 183
    Largest truncation error: 7.47801e-15
    Energy after sweep 84/87 is -198.651676617808
    Sweep 84/87 CPU time = 5m, 37.5s (Wall time = 22.40s)

    vN Entropy at center bond b=150 = 0.690390882715
    Eigs at center bond b=150: 0.7489 0.2192 0.0218 0.0064 0.0023 
    Largest link dim during sweep 85/87 was 193
    Largest truncation error: 7.48991e-15
    Energy after sweep 85/87 is -198.651676617857
    Sweep 85/87 CPU time = 8m, 22.5s (Wall time = 34.43s)

    vN Entropy at center bond b=150 = 0.690390885203
    Eigs at center bond b=150: 0.7489 0.2192 0.0218 0.0064 0.0023 
    Largest link dim during sweep 86/87 was 192
    Largest truncation error: 7.49724e-15
    Energy after sweep 86/87 is -198.651676617854
    Sweep 86/87 CPU time = 7m, 56.7s (Wall time = 31.52s)

    vN Entropy at center bond b=150 = 0.690390886580
    Eigs at center bond b=150: 0.7489 0.2192 0.0218 0.0064 0.0023 
    Largest link dim during sweep 87/87 was 190
    Largest truncation error: 7.48866e-15
    Energy after sweep 87/87 is -198.651676617863
    Sweep 87/87 CPU time = 7m, 59.8s (Wall time = 30.84s)
Initial energy = 15.00000

Ground State Energy = -198.6516766179
run_outputs/outputpsi/N_300_sweep_87_t_0.030000_J_1.000000_V_0.600000_D_0.018000_U_0.000000_mu_0.100000_E_0.001000 converge
Wall-clock time (s) = 2074.339728
