//////////////////////////
Reading input file ......

Got input.N = 300
Got input.t = 0.03
Got input.J = 1
Got input.V = 0.6
Got input.D = 0.018
Got input.U = 1
Got input.mu = 1
Got input.E = 0.005
Got input.nsweeps = 87
Sweeps:
1  MaxDim=20, MinDim=20, Cutoff=1.0E-06, Niter=8, Noise=1.0E-05
2  MaxDim=20, MinDim=20, Cutoff=1.0E-06, Niter=8, Noise=1.0E-05
3  MaxDim=20, MinDim=20, Cutoff=1.0E-06, Niter=8, Noise=1.0E-05
4  MaxDim=20, MinDim=20, Cutoff=1.0E-06, Niter=8, Noise=1.0E-05
5  MaxDim=20, MinDim=20, Cutoff=1.0E-06, Niter=8, Noise=1.0E-05
6  MaxDim=20, MinDim=20, Cutoff=1.0E-06, Niter=8, Noise=1.0E-05
7  MaxDim=20, MinDim=20, Cutoff=1.0E-06, Niter=8, Noise=1.0E-05
8  MaxDim=40, MinDim=20, Cutoff=1.0E-06, Niter=4, Noise=1.0E-05
9  MaxDim=40, MinDim=20, Cutoff=1.0E-06, Niter=4, Noise=1.0E-05
10  MaxDim=40, MinDim=20, Cutoff=1.0E-06, Niter=4, Noise=1.0E-05
11  MaxDim=40, MinDim=20, Cutoff=1.0E-06, Niter=4, Noise=1.0E-05
12  MaxDim=40, MinDim=20, Cutoff=1.0E-06, Niter=4, Noise=1.0E-05
13  MaxDim=40, MinDim=20, Cutoff=1.0E-06, Niter=4, Noise=1.0E-05
14  MaxDim=40, MinDim=20, Cutoff=1.0E-06, Niter=4, Noise=1.0E-05
15  MaxDim=80, MinDim=10, Cutoff=1.0E-06, Niter=4, Noise=1.0E-05
16  MaxDim=80, MinDim=10, Cutoff=1.0E-06, Niter=4, Noise=1.0E-05
17  MaxDim=80, MinDim=10, Cutoff=1.0E-06, Niter=4, Noise=1.0E-05
18  MaxDim=80, MinDim=10, Cutoff=1.0E-06, Niter=4, Noise=1.0E-05
19  MaxDim=80, MinDim=10, Cutoff=1.0E-06, Niter=4, Noise=1.0E-05
20  MaxDim=80, MinDim=10, Cutoff=1.0E-06, Niter=4, Noise=1.0E-05
21  MaxDim=80, MinDim=10, Cutoff=1.0E-06, Niter=4, Noise=1.0E-05
22  MaxDim=80, MinDim=10, Cutoff=1.0E-06, Niter=4, Noise=1.0E-05
23  MaxDim=80, MinDim=10, Cutoff=1.0E-06, Niter=4, Noise=1.0E-05
24  MaxDim=80, MinDim=10, Cutoff=1.0E-06, Niter=4, Noise=1.0E-05
25  MaxDim=80, MinDim=10, Cutoff=1.0E-06, Niter=4, Noise=1.0E-05
26  MaxDim=80, MinDim=10, Cutoff=1.0E-06, Niter=4, Noise=1.0E-05
27  MaxDim=80, MinDim=10, Cutoff=1.0E-06, Niter=4, Noise=1.0E-05
28  MaxDim=80, MinDim=10, Cutoff=1.0E-06, Niter=4, Noise=1.0E-05
29  MaxDim=80, MinDim=10, Cutoff=1.0E-06, Niter=4, Noise=1.0E-05
30  MaxDim=80, MinDim=10, Cutoff=1.0E-06, Niter=4, Noise=1.0E-05
31  MaxDim=80, MinDim=10, Cutoff=1.0E-06, Niter=4, Noise=1.0E-05
32  MaxDim=80, MinDim=10, Cutoff=1.0E-06, Niter=4, Noise=1.0E-05
33  MaxDim=80, MinDim=10, Cutoff=1.0E-06, Niter=4, Noise=1.0E-05
34  MaxDim=80, MinDim=10, Cutoff=1.0E-06, Niter=4, Noise=1.0E-05
35  MaxDim=80, MinDim=10, Cutoff=1.0E-06, Niter=4, Noise=1.0E-05
36  MaxDim=80, MinDim=10, Cutoff=1.0E-06, Niter=4, Noise=1.0E-05
37  MaxDim=160, MinDim=10, Cutoff=1.0E-08, Niter=4, Noise=1.0E-06
38  MaxDim=160, MinDim=10, Cutoff=1.0E-08, Niter=4, Noise=1.0E-06
39  MaxDim=160, MinDim=10, Cutoff=1.0E-08, Niter=4, Noise=1.0E-06
40  MaxDim=160, MinDim=10, Cutoff=1.0E-08, Niter=4, Noise=1.0E-06
41  MaxDim=160, MinDim=10, Cutoff=1.0E-08, Niter=4, Noise=1.0E-06
42  MaxDim=160, MinDim=10, Cutoff=1.0E-08, Niter=4, Noise=1.0E-06
43  MaxDim=160, MinDim=10, Cutoff=1.0E-08, Niter=4, Noise=1.0E-06
44  MaxDim=160, MinDim=10, Cutoff=1.0E-08, Niter=4, Noise=1.0E-06
45  MaxDim=160, MinDim=10, Cutoff=1.0E-08, Niter=4, Noise=1.0E-06
46  MaxDim=160, MinDim=10, Cutoff=1.0E-08, Niter=4, Noise=1.0E-06
47  MaxDim=160, MinDim=10, Cutoff=1.0E-08, Niter=4, Noise=1.0E-06
48  MaxDim=160, MinDim=10, Cutoff=1.0E-08, Niter=4, Noise=1.0E-06
49  MaxDim=160, MinDim=10, Cutoff=1.0E-08, Niter=4, Noise=1.0E-06
50  MaxDim=160, MinDim=10, Cutoff=1.0E-08, Niter=4, Noise=1.0E-06
51  MaxDim=160, MinDim=10, Cutoff=1.0E-08, Niter=4, Noise=1.0E-06
52  MaxDim=160, MinDim=10, Cutoff=1.0E-08, Niter=4, Noise=1.0E-06
53  MaxDim=160, MinDim=10, Cutoff=1.0E-08, Niter=4, Noise=1.0E-06
54  MaxDim=160, MinDim=10, Cutoff=1.0E-08, Niter=4, Noise=1.0E-06
55  MaxDim=160, MinDim=10, Cutoff=1.0E-08, Niter=4, Noise=1.0E-06
56  MaxDim=160, MinDim=10, Cutoff=1.0E-08, Niter=4, Noise=1.0E-06
57  MaxDim=160, MinDim=10, Cutoff=1.0E-08, Niter=4, Noise=1.0E-06
58  MaxDim=160, MinDim=10, Cutoff=1.0E-08, Niter=4, Noise=1.0E-06
59  MaxDim=320, MinDim=10, Cutoff=1.0E-10, Niter=4, Noise=1.0E-07
60  MaxDim=320, MinDim=10, Cutoff=1.0E-10, Niter=4, Noise=1.0E-07
61  MaxDim=320, MinDim=10, Cutoff=1.0E-10, Niter=4, Noise=1.0E-07
62  MaxDim=320, MinDim=10, Cutoff=1.0E-10, Niter=4, Noise=1.0E-07
63  MaxDim=320, MinDim=10, Cutoff=1.0E-10, Niter=4, Noise=1.0E-07
64  MaxDim=320, MinDim=10, Cutoff=1.0E-10, Niter=4, Noise=1.0E-07
65  MaxDim=320, MinDim=10, Cutoff=1.0E-10, Niter=4, Noise=1.0E-07
66  MaxDim=320, MinDim=10, Cutoff=1.0E-10, Niter=4, Noise=1.0E-07
67  MaxDim=320, MinDim=10, Cutoff=1.0E-10, Niter=4, Noise=1.0E-07
68  MaxDim=320, MinDim=10, Cutoff=1.0E-10, Niter=4, Noise=1.0E-07
69  MaxDim=320, MinDim=10, Cutoff=1.0E-10, Niter=4, Noise=1.0E-07
70  MaxDim=320, MinDim=10, Cutoff=1.0E-10, Niter=4, Noise=1.0E-07
71  MaxDim=320, MinDim=10, Cutoff=1.0E-10, Niter=4, Noise=1.0E-07
72  MaxDim=320, MinDim=10, Cutoff=1.0E-10, Niter=4, Noise=1.0E-07
73  MaxDim=320, MinDim=10, Cutoff=1.0E-10, Niter=4, Noise=1.0E-07
74  MaxDim=320, MinDim=10, Cutoff=1.0E-10, Niter=4, Noise=1.0E-07
75  MaxDim=640, MinDim=10, Cutoff=1.0E-12, Niter=2, Noise=1.0E-08
76  MaxDim=640, MinDim=10, Cutoff=1.0E-12, Niter=2, Noise=1.0E-08
77  MaxDim=640, MinDim=10, Cutoff=1.0E-12, Niter=2, Noise=1.0E-08
78  MaxDim=640, MinDim=10, Cutoff=1.0E-12, Niter=2, Noise=1.0E-08
79  MaxDim=640, MinDim=10, Cutoff=1.0E-12, Niter=2, Noise=1.0E-08
80  MaxDim=640, MinDim=10, Cutoff=1.0E-12, Niter=2, Noise=1.0E-08
81  MaxDim=640, MinDim=10, Cutoff=1.0E-12, Niter=2, Noise=1.0E-08
82  MaxDim=640, MinDim=10, Cutoff=1.0E-12, Niter=2, Noise=1.0E-08
83  MaxDim=1280, MinDim=10, Cutoff=1.0E-12, Niter=2, Noise=0.0E+00
84  MaxDim=1280, MinDim=10, Cutoff=1.0E-14, Niter=2, Noise=0.0E+00
85  MaxDim=1280, MinDim=10, Cutoff=1.0E-14, Niter=2, Noise=0.0E+00
86  MaxDim=1280, MinDim=10, Cutoff=1.0E-14, Niter=2, Noise=0.0E+00
87  MaxDim=1280, MinDim=10, Cutoff=1.0E-14, Niter=2, Noise=0.0E+00


    vN Entropy at center bond b=150 = 0.497228573263
    Eigs at center bond b=150: 0.8590 0.1178 0.0132 0.0058 0.0028 
    Largest link dim during sweep 1/87 was 20
    Largest truncation error: 7.62766e-06
    Energy after sweep 1/87 is -129.037319317691
    Sweep 1/87 CPU time = 18.33s (Wall time = 1.189s)

    vN Entropy at center bond b=150 = 0.694446898169
    Eigs at center bond b=150: 0.7826 0.1702 0.0312 0.0063 0.0039 0.0026 0.0016 
    Largest link dim during sweep 2/87 was 20
    Largest truncation error: 3.24815e-05
    Energy after sweep 2/87 is -129.116681962261
    Sweep 2/87 CPU time = 26.44s (Wall time = 1.696s)

    vN Entropy at center bond b=150 = 0.714416128378
    Eigs at center bond b=150: 0.7752 0.1740 0.0335 0.0067 0.0043 0.0027 0.0016 
    Largest link dim during sweep 3/87 was 20
    Largest truncation error: 4.47083e-05
    Energy after sweep 3/87 is -129.125967357308
    Sweep 3/87 CPU time = 27.07s (Wall time = 1.735s)

    vN Entropy at center bond b=150 = 0.716481633590
    Eigs at center bond b=150: 0.7744 0.1745 0.0337 0.0068 0.0044 0.0027 0.0016 
    Largest link dim during sweep 4/87 was 20
    Largest truncation error: 4.71179e-05
    Energy after sweep 4/87 is -129.129723527358
    Sweep 4/87 CPU time = 27.24s (Wall time = 1.752s)

    vN Entropy at center bond b=150 = 0.716927330404
    Eigs at center bond b=150: 0.7742 0.1747 0.0337 0.0068 0.0044 0.0027 0.0016 
    Largest link dim during sweep 5/87 was 20
    Largest truncation error: 4.26766e-05
    Energy after sweep 5/87 is -129.133122869029
    Sweep 5/87 CPU time = 26.91s (Wall time = 1.728s)

    vN Entropy at center bond b=150 = 0.717200679525
    Eigs at center bond b=150: 0.7740 0.1748 0.0337 0.0068 0.0044 0.0028 0.0016 
    Largest link dim during sweep 6/87 was 20
    Largest truncation error: 4.47138e-05
    Energy after sweep 6/87 is -129.136125603085
    Sweep 6/87 CPU time = 27.34s (Wall time = 1.755s)

    vN Entropy at center bond b=150 = 0.717514697599
    Eigs at center bond b=150: 0.7738 0.1749 0.0337 0.0068 0.0044 0.0028 0.0016 
    Largest link dim during sweep 7/87 was 20
    Largest truncation error: 4.11106e-05
    Energy after sweep 7/87 is -129.139238109029
    Sweep 7/87 CPU time = 27.36s (Wall time = 1.763s)

    vN Entropy at center bond b=150 = 0.796790989603
    Eigs at center bond b=150: 0.7432 0.1931 0.0397 0.0094 0.0062 0.0032 0.0019 0.0012 
    Largest link dim during sweep 8/87 was 40
    Largest truncation error: 4.4422e-06
    Energy after sweep 8/87 is -129.186187184959
    Sweep 8/87 CPU time = 29.45s (Wall time = 1.901s)

    vN Entropy at center bond b=150 = 0.871440420635
    Eigs at center bond b=150: 0.7129 0.2105 0.0457 0.0126 0.0082 0.0033 0.0023 0.0016 
    Largest link dim during sweep 9/87 was 40
    Largest truncation error: 8.90221e-06
    Energy after sweep 9/87 is -129.194483548965
    Sweep 9/87 CPU time = 41.75s (Wall time = 2.701s)

    vN Entropy at center bond b=150 = 0.892603476432
    Eigs at center bond b=150: 0.7029 0.2171 0.0470 0.0137 0.0087 0.0032 0.0024 0.0016 0.0010 
    Largest link dim during sweep 10/87 was 40
    Largest truncation error: 1.01759e-05
    Energy after sweep 10/87 is -129.198951719290
    Sweep 10/87 CPU time = 42.95s (Wall time = 2.755s)

    vN Entropy at center bond b=150 = 0.901485697223
    Eigs at center bond b=150: 0.6983 0.2202 0.0477 0.0142 0.0088 0.0032 0.0025 0.0015 0.0011 
    Largest link dim during sweep 11/87 was 40
    Largest truncation error: 1.11214e-05
    Energy after sweep 11/87 is -129.201905586832
    Sweep 11/87 CPU time = 43.26s (Wall time = 2.777s)

    vN Entropy at center bond b=150 = 0.906633621374
    Eigs at center bond b=150: 0.6957 0.2220 0.0482 0.0146 0.0088 0.0032 0.0025 0.0015 0.0011 
    Largest link dim during sweep 12/87 was 40
    Largest truncation error: 1.15323e-05
    Energy after sweep 12/87 is -129.203986734629
    Sweep 12/87 CPU time = 42.95s (Wall time = 2.780s)

    vN Entropy at center bond b=150 = 0.910187959934
    Eigs at center bond b=150: 0.6939 0.2230 0.0487 0.0149 0.0087 0.0031 0.0025 0.0015 0.0011 
    Largest link dim during sweep 13/87 was 40
    Largest truncation error: 1.15798e-05
    Energy after sweep 13/87 is -129.205528832859
    Sweep 13/87 CPU time = 41.41s (Wall time = 2.661s)

    vN Entropy at center bond b=150 = 0.912987165356
    Eigs at center bond b=150: 0.6926 0.2237 0.0491 0.0152 0.0087 0.0031 0.0025 0.0015 0.0011 
    Largest link dim during sweep 14/87 was 40
    Largest truncation error: 1.16405e-05
    Energy after sweep 14/87 is -129.206723869204
    Sweep 14/87 CPU time = 40.00s (Wall time = 2.567s)

    vN Entropy at center bond b=150 = 0.934992807272
    Eigs at center bond b=150: 0.6842 0.2274 0.0512 0.0164 0.0092 0.0031 0.0027 0.0016 0.0013 0.0010 
    Largest link dim during sweep 15/87 was 79
    Largest truncation error: 7.73732e-07
    Energy after sweep 15/87 is -129.213622443157
    Sweep 15/87 CPU time = 1m, 7.9s (Wall time = 4.379s)

    vN Entropy at center bond b=150 = 0.955329076348
    Eigs at center bond b=150: 0.6766 0.2307 0.0530 0.0175 0.0097 0.0032 0.0028 0.0017 0.0014 0.0011 
    Largest link dim during sweep 16/87 was 80
    Largest truncation error: 1.02707e-06
    Energy after sweep 16/87 is -129.215827836529
    Sweep 16/87 CPU time = 1m, 32.7s (Wall time = 5.974s)

    vN Entropy at center bond b=150 = 0.963520180851
    Eigs at center bond b=150: 0.6735 0.2318 0.0541 0.0181 0.0098 0.0032 0.0029 0.0017 0.0014 0.0011 
    Largest link dim during sweep 17/87 was 80
    Largest truncation error: 1.17745e-06
    Energy after sweep 17/87 is -129.217265066578
    Sweep 17/87 CPU time = 1m, 35.8s (Wall time = 6.187s)

    vN Entropy at center bond b=150 = 0.967196158749
    Eigs at center bond b=150: 0.6722 0.2318 0.0550 0.0185 0.0097 0.0032 0.0028 0.0017 0.0014 0.0011 
    Largest link dim during sweep 18/87 was 80
    Largest truncation error: 1.26398e-06
    Energy after sweep 18/87 is -129.218330337784
    Sweep 18/87 CPU time = 1m, 44.5s (Wall time = 6.732s)

    vN Entropy at center bond b=150 = 0.969341406804
    Eigs at center bond b=150: 0.6716 0.2313 0.0561 0.0189 0.0095 0.0031 0.0028 0.0018 0.0015 0.0011 
    Largest link dim during sweep 19/87 was 80
    Largest truncation error: 1.30668e-06
    Energy after sweep 19/87 is -129.219142357234
    Sweep 19/87 CPU time = 1m, 40.0s (Wall time = 6.427s)

    vN Entropy at center bond b=150 = 0.970933422954
    Eigs at center bond b=150: 0.6714 0.2302 0.0575 0.0193 0.0092 0.0030 0.0027 0.0018 0.0015 0.0011 
    Largest link dim during sweep 20/87 was 80
    Largest truncation error: 1.31125e-06
    Energy after sweep 20/87 is -129.219804996051
    Sweep 20/87 CPU time = 1m, 48.7s (Wall time = 6.988s)

    vN Entropy at center bond b=150 = 0.972710171659
    Eigs at center bond b=150: 0.6711 0.2289 0.0590 0.0198 0.0088 0.0029 0.0026 0.0018 0.0015 0.0011 
    Largest link dim during sweep 21/87 was 80
    Largest truncation error: 1.33602e-06
    Energy after sweep 21/87 is -129.220349926552
    Sweep 21/87 CPU time = 1m, 44.4s (Wall time = 6.774s)

    vN Entropy at center bond b=150 = 0.975083369379
    Eigs at center bond b=150: 0.6707 0.2275 0.0608 0.0203 0.0085 0.0029 0.0024 0.0019 0.0015 0.0011 
    Largest link dim during sweep 22/87 was 80
    Largest truncation error: 1.35109e-06
    Energy after sweep 22/87 is -129.220815523050
    Sweep 22/87 CPU time = 1m, 49.5s (Wall time = 7.039s)

    vN Entropy at center bond b=150 = 0.977988244477
    Eigs at center bond b=150: 0.6702 0.2261 0.0627 0.0208 0.0081 0.0028 0.0023 0.0019 0.0015 0.0011 
    Largest link dim during sweep 23/87 was 80
    Largest truncation error: 1.34983e-06
    Energy after sweep 23/87 is -129.221220940356
    Sweep 23/87 CPU time = 1m, 43.4s (Wall time = 6.641s)

    vN Entropy at center bond b=150 = 0.981327341867
    Eigs at center bond b=150: 0.6694 0.2247 0.0646 0.0214 0.0078 0.0027 0.0022 0.0020 0.0015 0.0011 
    Largest link dim during sweep 24/87 was 80
    Largest truncation error: 1.36828e-06
    Energy after sweep 24/87 is -129.221594127791
    Sweep 24/87 CPU time = 1m, 50.4s (Wall time = 7.097s)

    vN Entropy at center bond b=150 = 0.984994443212
    Eigs at center bond b=150: 0.6685 0.2232 0.0667 0.0220 0.0076 0.0027 0.0021 0.0020 0.0015 0.0011 
    Largest link dim during sweep 25/87 was 80
    Largest truncation error: 1.37323e-06
    Energy after sweep 25/87 is -129.221944116483
    Sweep 25/87 CPU time = 1m, 47.8s (Wall time = 6.930s)

    vN Entropy at center bond b=150 = 0.988808983773
    Eigs at center bond b=150: 0.6675 0.2218 0.0688 0.0226 0.0073 0.0026 0.0021 0.0020 0.0016 0.0010 
    Largest link dim during sweep 26/87 was 80
    Largest truncation error: 1.3845e-06
    Energy after sweep 26/87 is -129.222275988294
    Sweep 26/87 CPU time = 1m, 55.1s (Wall time = 7.455s)

    vN Entropy at center bond b=150 = 0.992351311576
    Eigs at center bond b=150: 0.6667 0.2203 0.0709 0.0232 0.0071 0.0026 0.0021 0.0019 0.0016 0.0010 
    Largest link dim during sweep 27/87 was 80
    Largest truncation error: 1.39142e-06
    Energy after sweep 27/87 is -129.222593949552
    Sweep 27/87 CPU time = 1m, 48.6s (Wall time = 6.978s)

    vN Entropy at center bond b=150 = 0.995120567922
    Eigs at center bond b=150: 0.6662 0.2186 0.0729 0.0237 0.0069 0.0025 0.0021 0.0019 0.0016 0.0010 
    Largest link dim during sweep 28/87 was 80
    Largest truncation error: 1.40334e-06
    Energy after sweep 28/87 is -129.222897919604
    Sweep 28/87 CPU time = 1m, 53.1s (Wall time = 7.268s)

    vN Entropy at center bond b=150 = 0.996852500961
    Eigs at center bond b=150: 0.6662 0.2166 0.0748 0.0241 0.0067 0.0025 0.0021 0.0018 0.0016 0.0010 
    Largest link dim during sweep 29/87 was 80
    Largest truncation error: 1.40951e-06
    Energy after sweep 29/87 is -129.223193858459
    Sweep 29/87 CPU time = 1m, 50.7s (Wall time = 7.118s)

    vN Entropy at center bond b=150 = 0.998194465904
    Eigs at center bond b=150: 0.6667 0.2145 0.0763 0.0244 0.0065 0.0025 0.0021 0.0017 0.0016 0.0010 
    Largest link dim during sweep 30/87 was 80
    Largest truncation error: 1.42704e-06
    Energy after sweep 30/87 is -129.223469691337
    Sweep 30/87 CPU time = 1m, 55.2s (Wall time = 7.413s)

    vN Entropy at center bond b=150 = 1.002747489004
    Eigs at center bond b=150: 0.6674 0.2122 0.0773 0.0244 0.0064 0.0025 0.0021 0.0017 0.0016 0.0011 
    Largest link dim during sweep 31/87 was 80
    Largest truncation error: 1.42509e-06
    Energy after sweep 31/87 is -129.223725116896
    Sweep 31/87 CPU time = 1m, 55.5s (Wall time = 7.414s)

    vN Entropy at center bond b=150 = 1.015485444389
    Eigs at center bond b=150: 0.6672 0.2098 0.0777 0.0242 0.0063 0.0028 0.0024 0.0020 0.0019 0.0015 
    Largest link dim during sweep 32/87 was 80
    Largest truncation error: 1.43997e-06
    Energy after sweep 32/87 is -129.223954222377
    Sweep 32/87 CPU time = 1m, 53.4s (Wall time = 7.344s)

    vN Entropy at center bond b=150 = 1.038177312625
    Eigs at center bond b=150: 0.6654 0.2072 0.0776 0.0238 0.0063 0.0054 0.0040 0.0022 0.0019 0.0015 
    Largest link dim during sweep 33/87 was 80
    Largest truncation error: 1.43791e-06
    Energy after sweep 33/87 is -129.224152890801
    Sweep 33/87 CPU time = 1m, 58.2s (Wall time = 7.596s)

    vN Entropy at center bond b=150 = 1.070746102080
    Eigs at center bond b=150: 0.6613 0.2043 0.0768 0.0233 0.0102 0.0081 0.0053 0.0022 0.0019 0.0014 
    Largest link dim during sweep 34/87 was 80
    Largest truncation error: 1.4464e-06
    Energy after sweep 34/87 is -129.224326988042
    Sweep 34/87 CPU time = 1m, 52.0s (Wall time = 7.201s)

    vN Entropy at center bond b=150 = 1.110778498330
    Eigs at center bond b=150: 0.6546 0.2013 0.0755 0.0228 0.0169 0.0124 0.0054 0.0022 0.0018 0.0013 
    Largest link dim during sweep 35/87 was 80
    Largest truncation error: 1.44241e-06
    Energy after sweep 35/87 is -129.224483973421
    Sweep 35/87 CPU time = 1m, 59.7s (Wall time = 7.693s)

    vN Entropy at center bond b=150 = 1.154790440832
    Eigs at center bond b=150: 0.6455 0.1984 0.0738 0.0263 0.0212 0.0179 0.0053 0.0022 0.0018 0.0013 
    Largest link dim during sweep 36/87 was 80
    Largest truncation error: 1.43677e-06
    Energy after sweep 36/87 is -129.224622923219
    Sweep 36/87 CPU time = 1m, 51.6s (Wall time = 7.159s)

    vN Entropy at center bond b=150 = 1.232517392540
    Eigs at center bond b=150: 0.6259 0.1950 0.0719 0.0403 0.0267 0.0210 0.0053 0.0022 0.0021 0.0014 
    Largest link dim during sweep 37/87 was 160
    Largest truncation error: 5.49415e-08
    Energy after sweep 37/87 is -129.226967683413
    Sweep 37/87 CPU time = 7m, 8.8s (Wall time = 28.76s)

    vN Entropy at center bond b=150 = 1.348762682474
    Eigs at center bond b=150: 0.5880 0.1907 0.0708 0.0658 0.0432 0.0193 0.0049 0.0036 0.0023 0.0019 
    Largest link dim during sweep 38/87 was 160
    Largest truncation error: 9.25644e-08
    Energy after sweep 38/87 is -129.227337499896
    Sweep 38/87 CPU time = 12m, 6s (Wall time = 49.67s)

    vN Entropy at center bond b=150 = 1.449207357041
    Eigs at center bond b=150: 0.5421 0.1921 0.1070 0.0580 0.0574 0.0171 0.0058 0.0046 0.0036 0.0019 
    Largest link dim during sweep 39/87 was 160
    Largest truncation error: 1.00119e-07
    Energy after sweep 39/87 is -129.227677541474
    Sweep 39/87 CPU time = 11m, 24s (Wall time = 45.56s)

    vN Entropy at center bond b=150 = 1.517276943154
    Eigs at center bond b=150: 0.4965 0.2048 0.1407 0.0624 0.0490 0.0151 0.0088 0.0051 0.0046 0.0023 
    Largest link dim during sweep 40/87 was 160
    Largest truncation error: 1.03636e-07
    Energy after sweep 40/87 is -129.228022555931
    Sweep 40/87 CPU time = 11m, 39s (Wall time = 47.24s)

    vN Entropy at center bond b=150 = 1.538442118301
    Eigs at center bond b=150: 0.4678 0.2286 0.1564 0.0563 0.0401 0.0142 0.0120 0.0059 0.0055 0.0028 
    Largest link dim during sweep 41/87 was 160
    Largest truncation error: 1.05065e-07
    Energy after sweep 41/87 is -129.228363344557
    Sweep 41/87 CPU time = 11m, 58s (Wall time = 48.86s)

    vN Entropy at center bond b=150 = 1.509901302807
    Eigs at center bond b=150: 0.4698 0.2552 0.1426 0.0443 0.0336 0.0151 0.0140 0.0067 0.0053 0.0035 
    Largest link dim during sweep 42/87 was 160
    Largest truncation error: 1.06118e-07
    Energy after sweep 42/87 is -129.228699056492
    Sweep 42/87 CPU time = 11m, 38s (Wall time = 47.28s)

    vN Entropy at center bond b=150 = 1.444632117609
    Eigs at center bond b=150: 0.4927 0.2782 0.1103 0.0318 0.0316 0.0170 0.0128 0.0080 0.0041 0.0041 
    Largest link dim during sweep 43/87 was 160
    Largest truncation error: 1.07462e-07
    Energy after sweep 43/87 is -129.229037616005
    Sweep 43/87 CPU time = 12m, 14s (Wall time = 50.87s)

    vN Entropy at center bond b=150 = 1.359312394486
    Eigs at center bond b=150: 0.5214 0.2948 0.0751 0.0339 0.0207 0.0191 0.0092 0.0090 0.0046 0.0033 
    Largest link dim during sweep 44/87 was 160
    Largest truncation error: 1.07112e-07
    Energy after sweep 44/87 is -129.229394842070
    Sweep 44/87 CPU time = 12m, 11s (Wall time = 50.62s)

    vN Entropy at center bond b=150 = 1.269827617952
    Eigs at center bond b=150: 0.5477 0.3045 0.0453 0.0375 0.0210 0.0122 0.0099 0.0057 0.0049 0.0031 
    Largest link dim during sweep 45/87 was 160
    Largest truncation error: 1.06963e-07
    Energy after sweep 45/87 is -129.229790396439
    Sweep 45/87 CPU time = 12m, 12s (Wall time = 50.65s)

    vN Entropy at center bond b=150 = 1.189607833216
    Eigs at center bond b=150: 0.5685 0.3079 0.0415 0.0240 0.0222 0.0108 0.0061 0.0051 0.0033 0.0031 
    Largest link dim during sweep 46/87 was 160
    Largest truncation error: 1.05444e-07
    Energy after sweep 46/87 is -129.230266505115
    Sweep 46/87 CPU time = 12m, 9s (Wall time = 50.05s)

    vN Entropy at center bond b=150 = 1.127487111263
    Eigs at center bond b=150: 0.5836 0.3060 0.0455 0.0239 0.0111 0.0100 0.0052 0.0030 0.0030 0.0025 
    Largest link dim during sweep 47/87 was 160
    Largest truncation error: 1.01101e-07
    Energy after sweep 47/87 is -129.230912997213
    Sweep 47/87 CPU time = 12m, 10s (Wall time = 50.85s)

    vN Entropy at center bond b=150 = 1.089599353145
    Eigs at center bond b=150: 0.5936 0.3003 0.0494 0.0249 0.0113 0.0051 0.0039 0.0033 0.0022 0.0012 
    Largest link dim during sweep 48/87 was 160
    Largest truncation error: 9.43525e-08
    Energy after sweep 48/87 is -129.231945409454
    Sweep 48/87 CPU time = 12m, 41s (Wall time = 52.95s)

    vN Entropy at center bond b=150 = 1.076539648851
    Eigs at center bond b=150: 0.5997 0.2927 0.0530 0.0257 0.0112 0.0049 0.0037 0.0034 0.0013 
    Largest link dim during sweep 49/87 was 160
    Largest truncation error: 1.10099e-07
    Energy after sweep 49/87 is -129.233966459509
    Sweep 49/87 CPU time = 12m, 36s (Wall time = 52.20s)

    vN Entropy at center bond b=150 = 1.078832583565
    Eigs at center bond b=150: 0.6029 0.2863 0.0558 0.0263 0.0110 0.0047 0.0040 0.0034 0.0014 
    Largest link dim during sweep 50/87 was 160
    Largest truncation error: 1.06666e-07
    Energy after sweep 50/87 is -129.236503921769
    Sweep 50/87 CPU time = 12m, 41s (Wall time = 53.05s)

    vN Entropy at center bond b=150 = 1.081931541122
    Eigs at center bond b=150: 0.6039 0.2836 0.0570 0.0266 0.0109 0.0046 0.0042 0.0034 0.0014 0.0010 
    Largest link dim during sweep 51/87 was 160
    Largest truncation error: 6.91498e-08
    Energy after sweep 51/87 is -129.237801970152
    Sweep 51/87 CPU time = 12m, 43s (Wall time = 52.76s)

    vN Entropy at center bond b=150 = 1.083262201711
    Eigs at center bond b=150: 0.6042 0.2826 0.0575 0.0267 0.0109 0.0045 0.0043 0.0035 0.0015 0.0010 
    Largest link dim during sweep 52/87 was 160
    Largest truncation error: 7.68133e-08
    Energy after sweep 52/87 is -129.238148797264
    Sweep 52/87 CPU time = 12m, 33s (Wall time = 51.87s)

    vN Entropy at center bond b=150 = 1.083745476423
    Eigs at center bond b=150: 0.6043 0.2823 0.0576 0.0267 0.0109 0.0045 0.0043 0.0035 0.0015 0.0010 
    Largest link dim during sweep 53/87 was 160
    Largest truncation error: 3.9768e-08
    Energy after sweep 53/87 is -129.238202355299
    Sweep 53/87 CPU time = 12m, 33s (Wall time = 50.95s)

    vN Entropy at center bond b=150 = 1.083893387735
    Eigs at center bond b=150: 0.6044 0.2822 0.0577 0.0267 0.0109 0.0045 0.0043 0.0035 0.0015 0.0010 
    Largest link dim during sweep 54/87 was 160
    Largest truncation error: 4.10624e-08
    Energy after sweep 54/87 is -129.238208180152
    Sweep 54/87 CPU time = 12m, 47s (Wall time = 52.89s)

    vN Entropy at center bond b=150 = 1.083936319023
    Eigs at center bond b=150: 0.6044 0.2822 0.0577 0.0267 0.0109 0.0045 0.0043 0.0035 0.0015 0.0010 
    Largest link dim during sweep 55/87 was 160
    Largest truncation error: 3.88578e-08
    Energy after sweep 55/87 is -129.238209396669
    Sweep 55/87 CPU time = 12m, 25s (Wall time = 51.61s)

    vN Entropy at center bond b=150 = 1.083954214997
    Eigs at center bond b=150: 0.6044 0.2822 0.0577 0.0267 0.0109 0.0045 0.0043 0.0035 0.0015 0.0010 
    Largest link dim during sweep 56/87 was 160
    Largest truncation error: 3.80472e-08
    Energy after sweep 56/87 is -129.238209775118
    Sweep 56/87 CPU time = 12m, 25s (Wall time = 51.76s)

    vN Entropy at center bond b=150 = 1.083963866836
    Eigs at center bond b=150: 0.6044 0.2822 0.0577 0.0267 0.0109 0.0045 0.0043 0.0035 0.0015 0.0010 
    Largest link dim during sweep 57/87 was 160
    Largest truncation error: 3.76919e-08
    Energy after sweep 57/87 is -129.238209952246
    Sweep 57/87 CPU time = 12m, 39s (Wall time = 52.98s)

    vN Entropy at center bond b=150 = 1.083969819152
    Eigs at center bond b=150: 0.6044 0.2822 0.0577 0.0267 0.0109 0.0045 0.0043 0.0035 0.0015 0.0010 
    Largest link dim during sweep 58/87 was 160
    Largest truncation error: 3.75014e-08
    Energy after sweep 58/87 is -129.238210031965
    Sweep 58/87 CPU time = 12m, 31s (Wall time = 51.98s)

    vN Entropy at center bond b=150 = 1.085374260079
    Eigs at center bond b=150: 0.6041 0.2821 0.0578 0.0268 0.0109 0.0045 0.0044 0.0035 0.0015 0.0010 
    Largest link dim during sweep 59/87 was 320
    Largest truncation error: 8.46471e-10
    Energy after sweep 59/87 is -129.238257830301
    Sweep 59/87 CPU time = 46m, 50s (Wall time = 3m, 10.6s)

    vN Entropy at center bond b=150 = 1.085642014736
    Eigs at center bond b=150: 0.6041 0.2821 0.0578 0.0268 0.0109 0.0045 0.0044 0.0035 0.0015 0.0010 
    Largest link dim during sweep 60/87 was 320
    Largest truncation error: 1.21668e-09
    Energy after sweep 60/87 is -129.238258176608
    Sweep 60/87 CPU time = 52m, 48s (Wall time = 3m, 26.1s)

    vN Entropy at center bond b=150 = 1.085653695245
    Eigs at center bond b=150: 0.6041 0.2821 0.0578 0.0268 0.0109 0.0045 0.0044 0.0035 0.0015 0.0010 
    Largest link dim during sweep 61/87 was 320
    Largest truncation error: 1.24317e-09
    Energy after sweep 61/87 is -129.238258221331
    Sweep 61/87 CPU time = 49m, 38s (Wall time = 3m, 11.5s)

    vN Entropy at center bond b=150 = 1.085654376091
    Eigs at center bond b=150: 0.6041 0.2821 0.0578 0.0268 0.0109 0.0045 0.0044 0.0035 0.0015 0.0010 
    Largest link dim during sweep 62/87 was 320
    Largest truncation error: 1.24686e-09
    Energy after sweep 62/87 is -129.238258236666
    Sweep 62/87 CPU time = 51m, 25s (Wall time = 3m, 19.3s)

    vN Entropy at center bond b=150 = 1.085654065714
    Eigs at center bond b=150: 0.6041 0.2821 0.0578 0.0268 0.0109 0.0045 0.0044 0.0035 0.0015 0.0010 
    Largest link dim during sweep 63/87 was 320
    Largest truncation error: 1.24764e-09
    Energy after sweep 63/87 is -129.238258243664
    Sweep 63/87 CPU time = 51m, 22s (Wall time = 3m, 19.0s)

    vN Entropy at center bond b=150 = 1.085653690035
    Eigs at center bond b=150: 0.6041 0.2821 0.0578 0.0268 0.0109 0.0045 0.0044 0.0035 0.0015 0.0010 
    Largest link dim during sweep 64/87 was 320
    Largest truncation error: 1.24798e-09
    Energy after sweep 64/87 is -129.238258246721
    Sweep 64/87 CPU time = 54m, 36s (Wall time = 3m, 36.6s)

    vN Entropy at center bond b=150 = 1.085653390650
    Eigs at center bond b=150: 0.6041 0.2821 0.0578 0.0268 0.0109 0.0045 0.0044 0.0035 0.0015 0.0010 
    Largest link dim during sweep 65/87 was 320
    Largest truncation error: 1.24823e-09
    Energy after sweep 65/87 is -129.238258248474
    Sweep 65/87 CPU time = 55m, 25s (Wall time = 3m, 41.3s)

    vN Entropy at center bond b=150 = 1.085653160960
    Eigs at center bond b=150: 0.6041 0.2821 0.0578 0.0268 0.0109 0.0045 0.0044 0.0035 0.0015 0.0010 
    Largest link dim during sweep 66/87 was 320
    Largest truncation error: 1.24844e-09
    Energy after sweep 66/87 is -129.238258249286
    Sweep 66/87 CPU time = 55m, 30s (Wall time = 3m, 41.8s)

    vN Entropy at center bond b=150 = 1.085652989136
    Eigs at center bond b=150: 0.6041 0.2821 0.0578 0.0268 0.0109 0.0045 0.0044 0.0035 0.0015 0.0010 
    Largest link dim during sweep 67/87 was 320
    Largest truncation error: 1.2486e-09
    Energy after sweep 67/87 is -129.238258249491
    Sweep 67/87 CPU time = 55m, 26s (Wall time = 3m, 41.5s)

    vN Entropy at center bond b=150 = 1.085652862194
    Eigs at center bond b=150: 0.6041 0.2821 0.0578 0.0268 0.0109 0.0045 0.0044 0.0035 0.0015 0.0010 
    Largest link dim during sweep 68/87 was 320
    Largest truncation error: 1.24873e-09
    Energy after sweep 68/87 is -129.238258249726
    Sweep 68/87 CPU time = 54m, 53s (Wall time = 3m, 39.1s)

    vN Entropy at center bond b=150 = 1.085652770517
    Eigs at center bond b=150: 0.6041 0.2821 0.0578 0.0268 0.0109 0.0045 0.0044 0.0035 0.0015 0.0010 
    Largest link dim during sweep 69/87 was 320
    Largest truncation error: 1.24881e-09
    Energy after sweep 69/87 is -129.238258249763
    Sweep 69/87 CPU time = 55m, 29s (Wall time = 3m, 41.9s)

    vN Entropy at center bond b=150 = 1.085652708424
    Eigs at center bond b=150: 0.6041 0.2821 0.0578 0.0268 0.0109 0.0045 0.0044 0.0035 0.0015 0.0010 
    Largest link dim during sweep 70/87 was 320
    Largest truncation error: 1.24888e-09
    Energy after sweep 70/87 is -129.238258249868
    Sweep 70/87 CPU time = 55m, 14s (Wall time = 3m, 40.7s)

    vN Entropy at center bond b=150 = 1.085652655217
    Eigs at center bond b=150: 0.6041 0.2821 0.0578 0.0268 0.0109 0.0045 0.0044 0.0035 0.0015 0.0010 
    Largest link dim during sweep 71/87 was 320
    Largest truncation error: 1.24892e-09
    Energy after sweep 71/87 is -129.238258249866
    Sweep 71/87 CPU time = 54m, 58s (Wall time = 3m, 39.6s)

    vN Entropy at center bond b=150 = 1.085652620049
    Eigs at center bond b=150: 0.6041 0.2821 0.0578 0.0268 0.0109 0.0045 0.0044 0.0035 0.0015 0.0010 
    Largest link dim during sweep 72/87 was 320
    Largest truncation error: 1.24895e-09
    Energy after sweep 72/87 is -129.238258249848
    Sweep 72/87 CPU time = 55m, 8s (Wall time = 3m, 40.2s)

    vN Entropy at center bond b=150 = 1.085652591489
    Eigs at center bond b=150: 0.6041 0.2821 0.0578 0.0268 0.0109 0.0045 0.0044 0.0035 0.0015 0.0010 
    Largest link dim during sweep 73/87 was 320
    Largest truncation error: 1.24898e-09
    Energy after sweep 73/87 is -129.238258249827
    Sweep 73/87 CPU time = 55m, 28s (Wall time = 3m, 41.6s)

    vN Entropy at center bond b=150 = 1.085652570294
    Eigs at center bond b=150: 0.6041 0.2821 0.0578 0.0268 0.0109 0.0045 0.0044 0.0035 0.0015 0.0010 
    Largest link dim during sweep 74/87 was 320
    Largest truncation error: 1.24899e-09
    Energy after sweep 74/87 is -129.238258249796
    Sweep 74/87 CPU time = 55m, 29s (Wall time = 3m, 41.7s)

    vN Entropy at center bond b=150 = 1.085720922960
    Eigs at center bond b=150: 0.6041 0.2821 0.0578 0.0268 0.0109 0.0046 0.0044 0.0035 0.0015 0.0010 
    Largest link dim during sweep 75/87 was 640
    Largest truncation error: 2.04233e-11
    Energy after sweep 75/87 is -129.238259831223
    Sweep 75/87 CPU time = 2h, 48m, 53s (Wall time = 11m, 15s)

    vN Entropy at center bond b=150 = 1.085740856339
    Eigs at center bond b=150: 0.6041 0.2821 0.0578 0.0268 0.0109 0.0046 0.0044 0.0035 0.0015 0.0010 
    Largest link dim during sweep 76/87 was 640
    Largest truncation error: 2.5695e-11
    Energy after sweep 76/87 is -129.238259848375
    Sweep 76/87 CPU time = 3h, 14m, 24s (Wall time = 12m, 56s)

    vN Entropy at center bond b=150 = 1.085742597363
    Eigs at center bond b=150: 0.6041 0.2821 0.0578 0.0268 0.0109 0.0046 0.0044 0.0035 0.0015 0.0010 
    Largest link dim during sweep 77/87 was 640
    Largest truncation error: 2.61663e-11
    Energy after sweep 77/87 is -129.238259850982
    Sweep 77/87 CPU time = 3h, 12m, 19s (Wall time = 12m, 48s)

    vN Entropy at center bond b=150 = 1.085742857181
    Eigs at center bond b=150: 0.6041 0.2821 0.0578 0.0268 0.0109 0.0046 0.0044 0.0035 0.0015 0.0010 
    Largest link dim during sweep 78/87 was 640
    Largest truncation error: 2.64748e-11
    Energy after sweep 78/87 is -129.238259852289
    Sweep 78/87 CPU time = 3h, 10m, 22s (Wall time = 12m, 40s)

    vN Entropy at center bond b=150 = 1.085742879447
    Eigs at center bond b=150: 0.6041 0.2821 0.0578 0.0268 0.0109 0.0046 0.0044 0.0035 0.0015 0.0010 
    Largest link dim during sweep 79/87 was 640
    Largest truncation error: 2.66009e-11
    Energy after sweep 79/87 is -129.238259853179
    Sweep 79/87 CPU time = 3h, 8m, 49s (Wall time = 12m, 34s)

    vN Entropy at center bond b=150 = 1.085742854563
    Eigs at center bond b=150: 0.6041 0.2821 0.0578 0.0268 0.0109 0.0046 0.0044 0.0035 0.0015 0.0010 
    Largest link dim during sweep 80/87 was 640
    Largest truncation error: 2.66538e-11
    Energy after sweep 80/87 is -129.238259853807
    Sweep 80/87 CPU time = 3h, 8m, 45s (Wall time = 12m, 34s)

    vN Entropy at center bond b=150 = 1.085742822862
    Eigs at center bond b=150: 0.6041 0.2821 0.0578 0.0268 0.0109 0.0046 0.0044 0.0035 0.0015 0.0010 
    Largest link dim during sweep 81/87 was 640
    Largest truncation error: 2.66766e-11
    Energy after sweep 81/87 is -129.238259854257
    Sweep 81/87 CPU time = 3h, 8m, 51s (Wall time = 12m, 34s)

    vN Entropy at center bond b=150 = 1.085742793332
    Eigs at center bond b=150: 0.6041 0.2821 0.0578 0.0268 0.0109 0.0046 0.0044 0.0035 0.0015 0.0010 
    Largest link dim during sweep 82/87 was 640
    Largest truncation error: 2.66859e-11
    Energy after sweep 82/87 is -129.238259854573
    Sweep 82/87 CPU time = 3h, 7m, 55s (Wall time = 12m, 31s)

    vN Entropy at center bond b=150 = 1.085744905951
    Eigs at center bond b=150: 0.6041 0.2821 0.0578 0.0268 0.0109 0.0046 0.0044 0.0035 0.0015 0.0010 
    Largest link dim during sweep 83/87 was 1112
    Largest truncation error: 7.24273e-13
    Energy after sweep 83/87 is -129.238259887597
    Sweep 83/87 CPU time = 5h, 48m, 20s (Wall time = 26m, 2s)

    vN Entropy at center bond b=150 = 1.085745776198
    Eigs at center bond b=150: 0.6041 0.2821 0.0578 0.0268 0.0109 0.0046 0.0044 0.0035 0.0015 0.0010 
    Largest link dim during sweep 84/87 was 1280
    Largest truncation error: 3.68613e-13
    Energy after sweep 84/87 is -129.238259890932
    Sweep 84/87 CPU time = 10h, 56m, 41s (Wall time = 53m, 2s)

    vN Entropy at center bond b=150 = 1.085745867231
    Eigs at center bond b=150: 0.6041 0.2821 0.0578 0.0268 0.0109 0.0046 0.0044 0.0035 0.0015 0.0010 
    Largest link dim during sweep 85/87 was 1280
    Largest truncation error: 3.60303e-13
    Energy after sweep 85/87 is -129.238259891236
    Sweep 85/87 CPU time = 12h, 24m, 26s (Wall time = 54m, 42s)

    vN Entropy at center bond b=150 = 1.085745864257
    Eigs at center bond b=150: 0.6041 0.2821 0.0578 0.0268 0.0109 0.0046 0.0044 0.0035 0.0015 0.0010 
    Largest link dim during sweep 86/87 was 1280
    Largest truncation error: 3.60565e-13
    Energy after sweep 86/87 is -129.238259891404
    Sweep 86/87 CPU time = 12h, 26m, 9s (Wall time = 53m, 24s)

    vN Entropy at center bond b=150 = 1.085745855661
    Eigs at center bond b=150: 0.6041 0.2821 0.0578 0.0268 0.0109 0.0046 0.0044 0.0035 0.0015 0.0010 
    Largest link dim during sweep 87/87 was 1280
    Largest truncation error: 3.59329e-13
    Energy after sweep 87/87 is -129.238259891503
    Sweep 87/87 CPU time = 12h, 23m, 53s (Wall time = 52m, 47s)
Initial energy = 150.00000

Ground State Energy = -129.2382598915
run_outputs/outputpsi/N_300_sweep_87_t_0.030000_J_1.000000_V_0.600000_D_0.018000_U_1.000000_mu_1.000000_E_0.005000 notconverge
Wall-clock time (s) = 146218.364414
