//////////////////////////
Reading input file ......

Got input.N = 303
Got input.t = 0.03
Got input.J = 1
Got input.V = 0.6
Got input.D = 0.018
Got input.U = 0.01
Got input.mu = 0.1
Got input.E = 0.001
Got input.nsweeps = 87
Sweeps:
1  MaxDim=20, MinDim=20, Cutoff=1.0E-06, Niter=8, Noise=1.0E-05
2  MaxDim=20, MinDim=20, Cutoff=1.0E-06, Niter=8, Noise=1.0E-05
3  MaxDim=20, MinDim=20, Cutoff=1.0E-06, Niter=8, Noise=1.0E-05
4  MaxDim=20, MinDim=20, Cutoff=1.0E-06, Niter=8, Noise=1.0E-05
5  MaxDim=20, MinDim=20, Cutoff=1.0E-06, Niter=8, Noise=1.0E-05
6  MaxDim=20, MinDim=20, Cutoff=1.0E-06, Niter=8, Noise=1.0E-05
7  MaxDim=20, MinDim=20, Cutoff=1.0E-06, Niter=8, Noise=1.0E-05
8  MaxDim=40, MinDim=20, Cutoff=1.0E-06, Niter=4, Noise=1.0E-05
9  MaxDim=40, MinDim=20, Cutoff=1.0E-06, Niter=4, Noise=1.0E-05
10  MaxDim=40, MinDim=20, Cutoff=1.0E-06, Niter=4, Noise=1.0E-05
11  MaxDim=40, MinDim=20, Cutoff=1.0E-06, Niter=4, Noise=1.0E-05
12  MaxDim=40, MinDim=20, Cutoff=1.0E-06, Niter=4, Noise=1.0E-05
13  MaxDim=40, MinDim=20, Cutoff=1.0E-06, Niter=4, Noise=1.0E-05
14  MaxDim=40, MinDim=20, Cutoff=1.0E-06, Niter=4, Noise=1.0E-05
15  MaxDim=80, MinDim=10, Cutoff=1.0E-06, Niter=4, Noise=1.0E-05
16  MaxDim=80, MinDim=10, Cutoff=1.0E-06, Niter=4, Noise=1.0E-05
17  MaxDim=80, MinDim=10, Cutoff=1.0E-06, Niter=4, Noise=1.0E-05
18  MaxDim=80, MinDim=10, Cutoff=1.0E-06, Niter=4, Noise=1.0E-05
19  MaxDim=80, MinDim=10, Cutoff=1.0E-06, Niter=4, Noise=1.0E-05
20  MaxDim=80, MinDim=10, Cutoff=1.0E-06, Niter=4, Noise=1.0E-05
21  MaxDim=80, MinDim=10, Cutoff=1.0E-06, Niter=4, Noise=1.0E-05
22  MaxDim=80, MinDim=10, Cutoff=1.0E-06, Niter=4, Noise=1.0E-05
23  MaxDim=80, MinDim=10, Cutoff=1.0E-06, Niter=4, Noise=1.0E-05
24  MaxDim=80, MinDim=10, Cutoff=1.0E-06, Niter=4, Noise=1.0E-05
25  MaxDim=80, MinDim=10, Cutoff=1.0E-06, Niter=4, Noise=1.0E-05
26  MaxDim=80, MinDim=10, Cutoff=1.0E-06, Niter=4, Noise=1.0E-05
27  MaxDim=80, MinDim=10, Cutoff=1.0E-06, Niter=4, Noise=1.0E-05
28  MaxDim=80, MinDim=10, Cutoff=1.0E-06, Niter=4, Noise=1.0E-05
29  MaxDim=80, MinDim=10, Cutoff=1.0E-06, Niter=4, Noise=1.0E-05
30  MaxDim=80, MinDim=10, Cutoff=1.0E-06, Niter=4, Noise=1.0E-05
31  MaxDim=80, MinDim=10, Cutoff=1.0E-06, Niter=4, Noise=1.0E-05
32  MaxDim=80, MinDim=10, Cutoff=1.0E-06, Niter=4, Noise=1.0E-05
33  MaxDim=80, MinDim=10, Cutoff=1.0E-06, Niter=4, Noise=1.0E-05
34  MaxDim=80, MinDim=10, Cutoff=1.0E-06, Niter=4, Noise=1.0E-05
35  MaxDim=80, MinDim=10, Cutoff=1.0E-06, Niter=4, Noise=1.0E-05
36  MaxDim=80, MinDim=10, Cutoff=1.0E-06, Niter=4, Noise=1.0E-05
37  MaxDim=160, MinDim=10, Cutoff=1.0E-08, Niter=4, Noise=1.0E-06
38  MaxDim=160, MinDim=10, Cutoff=1.0E-08, Niter=4, Noise=1.0E-06
39  MaxDim=160, MinDim=10, Cutoff=1.0E-08, Niter=4, Noise=1.0E-06
40  MaxDim=160, MinDim=10, Cutoff=1.0E-08, Niter=4, Noise=1.0E-06
41  MaxDim=160, MinDim=10, Cutoff=1.0E-08, Niter=4, Noise=1.0E-06
42  MaxDim=160, MinDim=10, Cutoff=1.0E-08, Niter=4, Noise=1.0E-06
43  MaxDim=160, MinDim=10, Cutoff=1.0E-08, Niter=4, Noise=1.0E-06
44  MaxDim=160, MinDim=10, Cutoff=1.0E-08, Niter=4, Noise=1.0E-06
45  MaxDim=160, MinDim=10, Cutoff=1.0E-08, Niter=4, Noise=1.0E-06
46  MaxDim=160, MinDim=10, Cutoff=1.0E-08, Niter=4, Noise=1.0E-06
47  MaxDim=160, MinDim=10, Cutoff=1.0E-08, Niter=4, Noise=1.0E-06
48  MaxDim=160, MinDim=10, Cutoff=1.0E-08, Niter=4, Noise=1.0E-06
49  MaxDim=160, MinDim=10, Cutoff=1.0E-08, Niter=4, Noise=1.0E-06
50  MaxDim=160, MinDim=10, Cutoff=1.0E-08, Niter=4, Noise=1.0E-06
51  MaxDim=160, MinDim=10, Cutoff=1.0E-08, Niter=4, Noise=1.0E-06
52  MaxDim=160, MinDim=10, Cutoff=1.0E-08, Niter=4, Noise=1.0E-06
53  MaxDim=160, MinDim=10, Cutoff=1.0E-08, Niter=4, Noise=1.0E-06
54  MaxDim=160, MinDim=10, Cutoff=1.0E-08, Niter=4, Noise=1.0E-06
55  MaxDim=160, MinDim=10, Cutoff=1.0E-08, Niter=4, Noise=1.0E-06
56  MaxDim=160, MinDim=10, Cutoff=1.0E-08, Niter=4, Noise=1.0E-06
57  MaxDim=160, MinDim=10, Cutoff=1.0E-08, Niter=4, Noise=1.0E-06
58  MaxDim=160, MinDim=10, Cutoff=1.0E-08, Niter=4, Noise=1.0E-06
59  MaxDim=320, MinDim=10, Cutoff=1.0E-10, Niter=4, Noise=1.0E-07
60  MaxDim=320, MinDim=10, Cutoff=1.0E-10, Niter=4, Noise=1.0E-07
61  MaxDim=320, MinDim=10, Cutoff=1.0E-10, Niter=4, Noise=1.0E-07
62  MaxDim=320, MinDim=10, Cutoff=1.0E-10, Niter=4, Noise=1.0E-07
63  MaxDim=320, MinDim=10, Cutoff=1.0E-10, Niter=4, Noise=1.0E-07
64  MaxDim=320, MinDim=10, Cutoff=1.0E-10, Niter=4, Noise=1.0E-07
65  MaxDim=320, MinDim=10, Cutoff=1.0E-10, Niter=4, Noise=1.0E-07
66  MaxDim=320, MinDim=10, Cutoff=1.0E-10, Niter=4, Noise=1.0E-07
67  MaxDim=320, MinDim=10, Cutoff=1.0E-10, Niter=4, Noise=1.0E-07
68  MaxDim=320, MinDim=10, Cutoff=1.0E-10, Niter=4, Noise=1.0E-07
69  MaxDim=320, MinDim=10, Cutoff=1.0E-10, Niter=4, Noise=1.0E-07
70  MaxDim=320, MinDim=10, Cutoff=1.0E-10, Niter=4, Noise=1.0E-07
71  MaxDim=320, MinDim=10, Cutoff=1.0E-10, Niter=4, Noise=1.0E-07
72  MaxDim=320, MinDim=10, Cutoff=1.0E-10, Niter=4, Noise=1.0E-07
73  MaxDim=320, MinDim=10, Cutoff=1.0E-10, Niter=4, Noise=1.0E-07
74  MaxDim=320, MinDim=10, Cutoff=1.0E-10, Niter=4, Noise=1.0E-07
75  MaxDim=640, MinDim=10, Cutoff=1.0E-12, Niter=2, Noise=1.0E-08
76  MaxDim=640, MinDim=10, Cutoff=1.0E-12, Niter=2, Noise=1.0E-08
77  MaxDim=640, MinDim=10, Cutoff=1.0E-12, Niter=2, Noise=1.0E-08
78  MaxDim=640, MinDim=10, Cutoff=1.0E-12, Niter=2, Noise=1.0E-08
79  MaxDim=640, MinDim=10, Cutoff=1.0E-12, Niter=2, Noise=1.0E-08
80  MaxDim=640, MinDim=10, Cutoff=1.0E-12, Niter=2, Noise=1.0E-08
81  MaxDim=640, MinDim=10, Cutoff=1.0E-12, Niter=2, Noise=1.0E-08
82  MaxDim=640, MinDim=10, Cutoff=1.0E-12, Niter=2, Noise=1.0E-08
83  MaxDim=1280, MinDim=10, Cutoff=1.0E-12, Niter=2, Noise=0.0E+00
84  MaxDim=1280, MinDim=10, Cutoff=1.0E-14, Niter=2, Noise=0.0E+00
85  MaxDim=1280, MinDim=10, Cutoff=1.0E-14, Niter=2, Noise=0.0E+00
86  MaxDim=1280, MinDim=10, Cutoff=1.0E-14, Niter=2, Noise=0.0E+00
87  MaxDim=1280, MinDim=10, Cutoff=1.0E-14, Niter=2, Noise=0.0E+00


    vN Entropy at center bond b=151 = 0.657182541291
    Eigs at center bond b=151: 0.8270 0.0979 0.0479 0.0175 0.0058 0.0020 
    Largest link dim during sweep 1/87 was 20
    Largest truncation error: 2.99201e-05
    Energy after sweep 1/87 is -198.865133189073
    Sweep 1/87 CPU time = 18.35s (Wall time = 1.192s)

    vN Entropy at center bond b=151 = 0.789051125638
    Eigs at center bond b=151: 0.6881 0.2721 0.0213 0.0084 0.0068 0.0027 
    Largest link dim during sweep 2/87 was 20
    Largest truncation error: 5.20027e-06
    Energy after sweep 2/87 is -199.269331540317
    Sweep 2/87 CPU time = 25.55s (Wall time = 1.638s)

    vN Entropy at center bond b=151 = 0.793505711586
    Eigs at center bond b=151: 0.6829 0.2777 0.0206 0.0084 0.0068 0.0027 
    Largest link dim during sweep 3/87 was 20
    Largest truncation error: 1.48857e-06
    Energy after sweep 3/87 is -199.270595608970
    Sweep 3/87 CPU time = 25.26s (Wall time = 1.621s)

    vN Entropy at center bond b=151 = 0.793423804401
    Eigs at center bond b=151: 0.6829 0.2777 0.0206 0.0084 0.0068 0.0027 
    Largest link dim during sweep 4/87 was 20
    Largest truncation error: 1.49701e-06
    Energy after sweep 4/87 is -199.270595057244
    Sweep 4/87 CPU time = 25.52s (Wall time = 1.638s)

    vN Entropy at center bond b=151 = 0.793418343726
    Eigs at center bond b=151: 0.6829 0.2777 0.0206 0.0084 0.0068 0.0027 
    Largest link dim during sweep 5/87 was 20
    Largest truncation error: 1.49741e-06
    Energy after sweep 5/87 is -199.270594955900
    Sweep 5/87 CPU time = 25.49s (Wall time = 1.635s)

    vN Entropy at center bond b=151 = 0.793417892167
    Eigs at center bond b=151: 0.6829 0.2777 0.0206 0.0084 0.0068 0.0027 
    Largest link dim during sweep 6/87 was 20
    Largest truncation error: 1.49744e-06
    Energy after sweep 6/87 is -199.270594948909
    Sweep 6/87 CPU time = 25.55s (Wall time = 1.641s)

    vN Entropy at center bond b=151 = 0.793417855642
    Eigs at center bond b=151: 0.6829 0.2777 0.0206 0.0084 0.0068 0.0027 
    Largest link dim during sweep 7/87 was 20
    Largest truncation error: 1.49744e-06
    Energy after sweep 7/87 is -199.270594948356
    Sweep 7/87 CPU time = 25.41s (Wall time = 1.632s)

    vN Entropy at center bond b=151 = 0.793574494708
    Eigs at center bond b=151: 0.6829 0.2777 0.0206 0.0084 0.0068 0.0027 
    Largest link dim during sweep 8/87 was 24
    Largest truncation error: 7.45407e-07
    Energy after sweep 8/87 is -199.271071851486
    Sweep 8/87 CPU time = 14.56s (Wall time = 0.933s)

    vN Entropy at center bond b=151 = 0.793609934284
    Eigs at center bond b=151: 0.6829 0.2777 0.0206 0.0084 0.0068 0.0027 
    Largest link dim during sweep 9/87 was 24
    Largest truncation error: 7.44644e-07
    Energy after sweep 9/87 is -199.271071665484
    Sweep 9/87 CPU time = 14.70s (Wall time = 0.943s)

    vN Entropy at center bond b=151 = 0.793615102854
    Eigs at center bond b=151: 0.6829 0.2777 0.0206 0.0084 0.0068 0.0027 
    Largest link dim during sweep 10/87 was 24
    Largest truncation error: 7.44584e-07
    Energy after sweep 10/87 is -199.271071608805
    Sweep 10/87 CPU time = 14.73s (Wall time = 0.945s)

    vN Entropy at center bond b=151 = 0.793616309506
    Eigs at center bond b=151: 0.6829 0.2777 0.0206 0.0084 0.0068 0.0027 
    Largest link dim during sweep 11/87 was 24
    Largest truncation error: 7.44566e-07
    Energy after sweep 11/87 is -199.271071598629
    Sweep 11/87 CPU time = 14.73s (Wall time = 0.946s)

    vN Entropy at center bond b=151 = 0.793616594594
    Eigs at center bond b=151: 0.6829 0.2777 0.0206 0.0084 0.0068 0.0027 
    Largest link dim during sweep 12/87 was 24
    Largest truncation error: 7.44561e-07
    Energy after sweep 12/87 is -199.271071596167
    Sweep 12/87 CPU time = 14.83s (Wall time = 0.951s)

    vN Entropy at center bond b=151 = 0.793616662135
    Eigs at center bond b=151: 0.6829 0.2777 0.0206 0.0084 0.0068 0.0027 
    Largest link dim during sweep 13/87 was 24
    Largest truncation error: 7.4456e-07
    Energy after sweep 13/87 is -199.271071595516
    Sweep 13/87 CPU time = 14.95s (Wall time = 0.959s)

    vN Entropy at center bond b=151 = 0.793616678186
    Eigs at center bond b=151: 0.6829 0.2777 0.0206 0.0084 0.0068 0.0027 
    Largest link dim during sweep 14/87 was 24
    Largest truncation error: 7.4456e-07
    Energy after sweep 14/87 is -199.271071595341
    Sweep 14/87 CPU time = 14.80s (Wall time = 0.948s)

    vN Entropy at center bond b=151 = 0.793351647147
    Eigs at center bond b=151: 0.6829 0.2777 0.0206 0.0084 0.0068 0.0027 
    Largest link dim during sweep 15/87 was 24
    Largest truncation error: 7.45835e-07
    Energy after sweep 15/87 is -199.270965613530
    Sweep 15/87 CPU time = 13.80s (Wall time = 0.887s)

    vN Entropy at center bond b=151 = 0.793347120004
    Eigs at center bond b=151: 0.6829 0.2777 0.0206 0.0084 0.0068 0.0027 
    Largest link dim during sweep 16/87 was 24
    Largest truncation error: 7.46331e-07
    Energy after sweep 16/87 is -199.270959862568
    Sweep 16/87 CPU time = 13.67s (Wall time = 0.877s)

    vN Entropy at center bond b=151 = 0.793347261559
    Eigs at center bond b=151: 0.6829 0.2777 0.0206 0.0084 0.0068 0.0027 
    Largest link dim during sweep 17/87 was 24
    Largest truncation error: 7.45399e-07
    Energy after sweep 17/87 is -199.270959780585
    Sweep 17/87 CPU time = 13.69s (Wall time = 0.879s)

    vN Entropy at center bond b=151 = 0.793347415492
    Eigs at center bond b=151: 0.6829 0.2777 0.0206 0.0084 0.0068 0.0027 
    Largest link dim during sweep 18/87 was 24
    Largest truncation error: 7.45385e-07
    Energy after sweep 18/87 is -199.270959772796
    Sweep 18/87 CPU time = 13.83s (Wall time = 0.889s)

    vN Entropy at center bond b=151 = 0.793347469519
    Eigs at center bond b=151: 0.6829 0.2777 0.0206 0.0084 0.0068 0.0027 
    Largest link dim during sweep 19/87 was 24
    Largest truncation error: 7.45383e-07
    Energy after sweep 19/87 is -199.270959771696
    Sweep 19/87 CPU time = 13.70s (Wall time = 0.877s)

    vN Entropy at center bond b=151 = 0.793347485070
    Eigs at center bond b=151: 0.6829 0.2777 0.0206 0.0084 0.0068 0.0027 
    Largest link dim during sweep 20/87 was 24
    Largest truncation error: 7.45383e-07
    Energy after sweep 20/87 is -199.270959771514
    Sweep 20/87 CPU time = 13.60s (Wall time = 0.871s)

    vN Entropy at center bond b=151 = 0.793347489191
    Eigs at center bond b=151: 0.6829 0.2777 0.0206 0.0084 0.0068 0.0027 
    Largest link dim during sweep 21/87 was 24
    Largest truncation error: 7.45383e-07
    Energy after sweep 21/87 is -199.270959771482
    Sweep 21/87 CPU time = 13.71s (Wall time = 0.878s)

    vN Entropy at center bond b=151 = 0.793347490234
    Eigs at center bond b=151: 0.6829 0.2777 0.0206 0.0084 0.0068 0.0027 
    Largest link dim during sweep 22/87 was 24
    Largest truncation error: 7.45383e-07
    Energy after sweep 22/87 is -199.270959771473
    Sweep 22/87 CPU time = 13.69s (Wall time = 0.878s)

    vN Entropy at center bond b=151 = 0.793347490490
    Eigs at center bond b=151: 0.6829 0.2777 0.0206 0.0084 0.0068 0.0027 
    Largest link dim during sweep 23/87 was 24
    Largest truncation error: 7.45383e-07
    Energy after sweep 23/87 is -199.270959771469
    Sweep 23/87 CPU time = 13.77s (Wall time = 0.885s)

    vN Entropy at center bond b=151 = 0.793347490551
    Eigs at center bond b=151: 0.6829 0.2777 0.0206 0.0084 0.0068 0.0027 
    Largest link dim during sweep 24/87 was 24
    Largest truncation error: 7.45383e-07
    Energy after sweep 24/87 is -199.270959771472
    Sweep 24/87 CPU time = 13.76s (Wall time = 0.885s)

    vN Entropy at center bond b=151 = 0.793347490565
    Eigs at center bond b=151: 0.6829 0.2777 0.0206 0.0084 0.0068 0.0027 
    Largest link dim during sweep 25/87 was 24
    Largest truncation error: 7.45383e-07
    Energy after sweep 25/87 is -199.270959771475
    Sweep 25/87 CPU time = 13.74s (Wall time = 0.882s)

    vN Entropy at center bond b=151 = 0.793347490568
    Eigs at center bond b=151: 0.6829 0.2777 0.0206 0.0084 0.0068 0.0027 
    Largest link dim during sweep 26/87 was 24
    Largest truncation error: 7.45383e-07
    Energy after sweep 26/87 is -199.270959771473
    Sweep 26/87 CPU time = 13.71s (Wall time = 0.876s)

    vN Entropy at center bond b=151 = 0.793347490569
    Eigs at center bond b=151: 0.6829 0.2777 0.0206 0.0084 0.0068 0.0027 
    Largest link dim during sweep 27/87 was 24
    Largest truncation error: 7.45383e-07
    Energy after sweep 27/87 is -199.270959771475
    Sweep 27/87 CPU time = 13.62s (Wall time = 0.876s)

    vN Entropy at center bond b=151 = 0.793347490569
    Eigs at center bond b=151: 0.6829 0.2777 0.0206 0.0084 0.0068 0.0027 
    Largest link dim during sweep 28/87 was 24
    Largest truncation error: 7.45383e-07
    Energy after sweep 28/87 is -199.270959771474
    Sweep 28/87 CPU time = 13.68s (Wall time = 0.876s)

    vN Entropy at center bond b=151 = 0.793347490569
    Eigs at center bond b=151: 0.6829 0.2777 0.0206 0.0084 0.0068 0.0027 
    Largest link dim during sweep 29/87 was 24
    Largest truncation error: 7.45383e-07
    Energy after sweep 29/87 is -199.270959771470
    Sweep 29/87 CPU time = 13.67s (Wall time = 0.874s)

    vN Entropy at center bond b=151 = 0.793347490569
    Eigs at center bond b=151: 0.6829 0.2777 0.0206 0.0084 0.0068 0.0027 
    Largest link dim during sweep 30/87 was 24
    Largest truncation error: 7.45383e-07
    Energy after sweep 30/87 is -199.270959771473
    Sweep 30/87 CPU time = 13.77s (Wall time = 0.884s)

    vN Entropy at center bond b=151 = 0.793347490569
    Eigs at center bond b=151: 0.6829 0.2777 0.0206 0.0084 0.0068 0.0027 
    Largest link dim during sweep 31/87 was 24
    Largest truncation error: 7.45383e-07
    Energy after sweep 31/87 is -199.270959771476
    Sweep 31/87 CPU time = 13.66s (Wall time = 0.875s)

    vN Entropy at center bond b=151 = 0.793347490569
    Eigs at center bond b=151: 0.6829 0.2777 0.0206 0.0084 0.0068 0.0027 
    Largest link dim during sweep 32/87 was 24
    Largest truncation error: 7.45383e-07
    Energy after sweep 32/87 is -199.270959771474
    Sweep 32/87 CPU time = 13.68s (Wall time = 0.877s)

    vN Entropy at center bond b=151 = 0.793347490569
    Eigs at center bond b=151: 0.6829 0.2777 0.0206 0.0084 0.0068 0.0027 
    Largest link dim during sweep 33/87 was 24
    Largest truncation error: 7.45383e-07
    Energy after sweep 33/87 is -199.270959771473
    Sweep 33/87 CPU time = 13.98s (Wall time = 0.896s)

    vN Entropy at center bond b=151 = 0.793347490569
    Eigs at center bond b=151: 0.6829 0.2777 0.0206 0.0084 0.0068 0.0027 
    Largest link dim during sweep 34/87 was 24
    Largest truncation error: 7.45383e-07
    Energy after sweep 34/87 is -199.270959771472
    Sweep 34/87 CPU time = 13.64s (Wall time = 0.876s)

    vN Entropy at center bond b=151 = 0.793347490569
    Eigs at center bond b=151: 0.6829 0.2777 0.0206 0.0084 0.0068 0.0027 
    Largest link dim during sweep 35/87 was 24
    Largest truncation error: 7.45383e-07
    Energy after sweep 35/87 is -199.270959771475
    Sweep 35/87 CPU time = 13.83s (Wall time = 0.886s)

    vN Entropy at center bond b=151 = 0.793347490569
    Eigs at center bond b=151: 0.6829 0.2777 0.0206 0.0084 0.0068 0.0027 
    Largest link dim during sweep 36/87 was 24
    Largest truncation error: 7.45383e-07
    Energy after sweep 36/87 is -199.270959771472
    Sweep 36/87 CPU time = 13.69s (Wall time = 0.877s)

    vN Entropy at center bond b=151 = 0.794084743489
    Eigs at center bond b=151: 0.6829 0.2776 0.0207 0.0084 0.0068 0.0027 
    Largest link dim during sweep 37/87 was 45
    Largest truncation error: 8.11429e-09
    Energy after sweep 37/87 is -199.271927129042
    Sweep 37/87 CPU time = 28.93s (Wall time = 1.859s)

    vN Entropy at center bond b=151 = 0.794164949248
    Eigs at center bond b=151: 0.6829 0.2776 0.0207 0.0084 0.0068 0.0027 
    Largest link dim during sweep 38/87 was 45
    Largest truncation error: 8.1395e-09
    Energy after sweep 38/87 is -199.271930469621
    Sweep 38/87 CPU time = 36.82s (Wall time = 2.361s)

    vN Entropy at center bond b=151 = 0.794177822625
    Eigs at center bond b=151: 0.6829 0.2776 0.0207 0.0084 0.0068 0.0027 
    Largest link dim during sweep 39/87 was 45
    Largest truncation error: 8.14184e-09
    Energy after sweep 39/87 is -199.271930550965
    Sweep 39/87 CPU time = 36.85s (Wall time = 2.374s)

    vN Entropy at center bond b=151 = 0.794180898663
    Eigs at center bond b=151: 0.6829 0.2776 0.0207 0.0084 0.0068 0.0027 
    Largest link dim during sweep 40/87 was 45
    Largest truncation error: 8.14217e-09
    Energy after sweep 40/87 is -199.271930575705
    Sweep 40/87 CPU time = 37.08s (Wall time = 2.387s)

    vN Entropy at center bond b=151 = 0.794182404565
    Eigs at center bond b=151: 0.6829 0.2776 0.0207 0.0084 0.0068 0.0027 
    Largest link dim during sweep 41/87 was 45
    Largest truncation error: 8.14222e-09
    Energy after sweep 41/87 is -199.271930739331
    Sweep 41/87 CPU time = 39.80s (Wall time = 2.564s)

    vN Entropy at center bond b=151 = 0.794182728102
    Eigs at center bond b=151: 0.6829 0.2776 0.0207 0.0084 0.0068 0.0027 
    Largest link dim during sweep 42/87 was 45
    Largest truncation error: 8.14223e-09
    Energy after sweep 42/87 is -199.271930803029
    Sweep 42/87 CPU time = 37.44s (Wall time = 2.404s)

    vN Entropy at center bond b=151 = 0.794182814616
    Eigs at center bond b=151: 0.6829 0.2776 0.0207 0.0084 0.0068 0.0027 
    Largest link dim during sweep 43/87 was 45
    Largest truncation error: 8.14223e-09
    Energy after sweep 43/87 is -199.271930823193
    Sweep 43/87 CPU time = 37.63s (Wall time = 2.420s)

    vN Entropy at center bond b=151 = 0.794182836910
    Eigs at center bond b=151: 0.6829 0.2776 0.0207 0.0084 0.0068 0.0027 
    Largest link dim during sweep 44/87 was 45
    Largest truncation error: 8.14223e-09
    Energy after sweep 44/87 is -199.271930826591
    Sweep 44/87 CPU time = 37.45s (Wall time = 2.403s)

    vN Entropy at center bond b=151 = 0.794182842490
    Eigs at center bond b=151: 0.6829 0.2776 0.0207 0.0084 0.0068 0.0027 
    Largest link dim during sweep 45/87 was 45
    Largest truncation error: 8.14223e-09
    Energy after sweep 45/87 is -199.271930829941
    Sweep 45/87 CPU time = 37.58s (Wall time = 2.414s)

    vN Entropy at center bond b=151 = 0.794182843869
    Eigs at center bond b=151: 0.6829 0.2776 0.0207 0.0084 0.0068 0.0027 
    Largest link dim during sweep 46/87 was 45
    Largest truncation error: 8.14223e-09
    Energy after sweep 46/87 is -199.271930829954
    Sweep 46/87 CPU time = 37.39s (Wall time = 2.399s)

    vN Entropy at center bond b=151 = 0.794182844208
    Eigs at center bond b=151: 0.6829 0.2776 0.0207 0.0084 0.0068 0.0027 
    Largest link dim during sweep 47/87 was 45
    Largest truncation error: 8.14223e-09
    Energy after sweep 47/87 is -199.271930829957
    Sweep 47/87 CPU time = 37.51s (Wall time = 2.412s)

    vN Entropy at center bond b=151 = 0.794182844291
    Eigs at center bond b=151: 0.6829 0.2776 0.0207 0.0084 0.0068 0.0027 
    Largest link dim during sweep 48/87 was 45
    Largest truncation error: 8.14223e-09
    Energy after sweep 48/87 is -199.271930829962
    Sweep 48/87 CPU time = 37.51s (Wall time = 2.411s)

    vN Entropy at center bond b=151 = 0.794182844312
    Eigs at center bond b=151: 0.6829 0.2776 0.0207 0.0084 0.0068 0.0027 
    Largest link dim during sweep 49/87 was 45
    Largest truncation error: 8.14223e-09
    Energy after sweep 49/87 is -199.271930829960
    Sweep 49/87 CPU time = 37.59s (Wall time = 2.430s)

    vN Entropy at center bond b=151 = 0.794182844316
    Eigs at center bond b=151: 0.6829 0.2776 0.0207 0.0084 0.0068 0.0027 
    Largest link dim during sweep 50/87 was 45
    Largest truncation error: 8.14223e-09
    Energy after sweep 50/87 is -199.271930829961
    Sweep 50/87 CPU time = 37.41s (Wall time = 2.404s)

    vN Entropy at center bond b=151 = 0.794182844318
    Eigs at center bond b=151: 0.6829 0.2776 0.0207 0.0084 0.0068 0.0027 
    Largest link dim during sweep 51/87 was 45
    Largest truncation error: 8.14223e-09
    Energy after sweep 51/87 is -199.271930829959
    Sweep 51/87 CPU time = 37.75s (Wall time = 2.420s)

    vN Entropy at center bond b=151 = 0.794182844318
    Eigs at center bond b=151: 0.6829 0.2776 0.0207 0.0084 0.0068 0.0027 
    Largest link dim during sweep 52/87 was 45
    Largest truncation error: 8.14223e-09
    Energy after sweep 52/87 is -199.271930829963
    Sweep 52/87 CPU time = 37.57s (Wall time = 2.411s)

    vN Entropy at center bond b=151 = 0.794182844318
    Eigs at center bond b=151: 0.6829 0.2776 0.0207 0.0084 0.0068 0.0027 
    Largest link dim during sweep 53/87 was 45
    Largest truncation error: 8.14223e-09
    Energy after sweep 53/87 is -199.271930829963
    Sweep 53/87 CPU time = 37.60s (Wall time = 2.415s)

    vN Entropy at center bond b=151 = 0.794182844318
    Eigs at center bond b=151: 0.6829 0.2776 0.0207 0.0084 0.0068 0.0027 
    Largest link dim during sweep 54/87 was 45
    Largest truncation error: 8.14223e-09
    Energy after sweep 54/87 is -199.271930829962
    Sweep 54/87 CPU time = 37.57s (Wall time = 2.406s)

    vN Entropy at center bond b=151 = 0.794182844318
    Eigs at center bond b=151: 0.6829 0.2776 0.0207 0.0084 0.0068 0.0027 
    Largest link dim during sweep 55/87 was 45
    Largest truncation error: 8.14223e-09
    Energy after sweep 55/87 is -199.271930829963
    Sweep 55/87 CPU time = 37.64s (Wall time = 2.416s)

    vN Entropy at center bond b=151 = 0.794182844318
    Eigs at center bond b=151: 0.6829 0.2776 0.0207 0.0084 0.0068 0.0027 
    Largest link dim during sweep 56/87 was 45
    Largest truncation error: 8.14223e-09
    Energy after sweep 56/87 is -199.271930829962
    Sweep 56/87 CPU time = 37.51s (Wall time = 2.406s)

    vN Entropy at center bond b=151 = 0.794182844318
    Eigs at center bond b=151: 0.6829 0.2776 0.0207 0.0084 0.0068 0.0027 
    Largest link dim during sweep 57/87 was 45
    Largest truncation error: 8.14223e-09
    Energy after sweep 57/87 is -199.271930829961
    Sweep 57/87 CPU time = 37.78s (Wall time = 2.422s)

    vN Entropy at center bond b=151 = 0.794182844318
    Eigs at center bond b=151: 0.6829 0.2776 0.0207 0.0084 0.0068 0.0027 
    Largest link dim during sweep 58/87 was 45
    Largest truncation error: 8.14223e-09
    Energy after sweep 58/87 is -199.271930829962
    Sweep 58/87 CPU time = 37.32s (Wall time = 2.397s)

    vN Entropy at center bond b=151 = 0.794212078884
    Eigs at center bond b=151: 0.6829 0.2776 0.0207 0.0084 0.0068 0.0027 
    Largest link dim during sweep 59/87 was 80
    Largest truncation error: 7.75966e-11
    Energy after sweep 59/87 is -199.271940016297
    Sweep 59/87 CPU time = 1m, 29.3s (Wall time = 5.747s)

    vN Entropy at center bond b=151 = 0.794222277175
    Eigs at center bond b=151: 0.6829 0.2776 0.0207 0.0084 0.0068 0.0027 
    Largest link dim during sweep 60/87 was 81
    Largest truncation error: 7.57672e-11
    Energy after sweep 60/87 is -199.271940080062
    Sweep 60/87 CPU time = 1m, 57.1s (Wall time = 7.563s)

    vN Entropy at center bond b=151 = 0.794223745830
    Eigs at center bond b=151: 0.6829 0.2776 0.0207 0.0084 0.0068 0.0027 
    Largest link dim during sweep 61/87 was 81
    Largest truncation error: 7.60353e-11
    Energy after sweep 61/87 is -199.271940082882
    Sweep 61/87 CPU time = 1m, 58.9s (Wall time = 7.639s)

    vN Entropy at center bond b=151 = 0.794224116221
    Eigs at center bond b=151: 0.6829 0.2776 0.0207 0.0084 0.0068 0.0027 
    Largest link dim during sweep 62/87 was 81
    Largest truncation error: 7.61417e-11
    Energy after sweep 62/87 is -199.271940083191
    Sweep 62/87 CPU time = 2m, 0.2s (Wall time = 7.724s)

    vN Entropy at center bond b=151 = 0.794224234251
    Eigs at center bond b=151: 0.6829 0.2776 0.0207 0.0084 0.0068 0.0027 
    Largest link dim during sweep 63/87 was 81
    Largest truncation error: 7.61638e-11
    Energy after sweep 63/87 is -199.271940083391
    Sweep 63/87 CPU time = 1m, 59.0s (Wall time = 7.648s)

    vN Entropy at center bond b=151 = 0.794224274205
    Eigs at center bond b=151: 0.6829 0.2776 0.0207 0.0084 0.0068 0.0027 
    Largest link dim during sweep 64/87 was 81
    Largest truncation error: 7.61681e-11
    Energy after sweep 64/87 is -199.271940083474
    Sweep 64/87 CPU time = 2m, 0.0s (Wall time = 7.705s)

    vN Entropy at center bond b=151 = 0.794224288252
    Eigs at center bond b=151: 0.6829 0.2776 0.0207 0.0084 0.0068 0.0027 
    Largest link dim during sweep 65/87 was 81
    Largest truncation error: 7.61692e-11
    Energy after sweep 65/87 is -199.271940083474
    Sweep 65/87 CPU time = 2m, 0.3s (Wall time = 7.730s)

    vN Entropy at center bond b=151 = 0.794224293326
    Eigs at center bond b=151: 0.6829 0.2776 0.0207 0.0084 0.0068 0.0027 
    Largest link dim during sweep 66/87 was 81
    Largest truncation error: 7.61693e-11
    Energy after sweep 66/87 is -199.271940083475
    Sweep 66/87 CPU time = 2m, 0.6s (Wall time = 7.748s)

    vN Entropy at center bond b=151 = 0.794224295194
    Eigs at center bond b=151: 0.6829 0.2776 0.0207 0.0084 0.0068 0.0027 
    Largest link dim during sweep 67/87 was 81
    Largest truncation error: 7.61694e-11
    Energy after sweep 67/87 is -199.271940083478
    Sweep 67/87 CPU time = 2m, 0.2s (Wall time = 7.737s)

    vN Entropy at center bond b=151 = 0.794224295889
    Eigs at center bond b=151: 0.6829 0.2776 0.0207 0.0084 0.0068 0.0027 
    Largest link dim during sweep 68/87 was 81
    Largest truncation error: 7.61693e-11
    Energy after sweep 68/87 is -199.271940083476
    Sweep 68/87 CPU time = 2m, 0.0s (Wall time = 7.782s)

    vN Entropy at center bond b=151 = 0.794224296150
    Eigs at center bond b=151: 0.6829 0.2776 0.0207 0.0084 0.0068 0.0027 
    Largest link dim during sweep 69/87 was 81
    Largest truncation error: 7.61694e-11
    Energy after sweep 69/87 is -199.271940083478
    Sweep 69/87 CPU time = 2m, 4.5s (Wall time = 8.021s)

    vN Entropy at center bond b=151 = 0.794224296248
    Eigs at center bond b=151: 0.6829 0.2776 0.0207 0.0084 0.0068 0.0027 
    Largest link dim during sweep 70/87 was 81
    Largest truncation error: 7.61694e-11
    Energy after sweep 70/87 is -199.271940083479
    Sweep 70/87 CPU time = 2m, 6.4s (Wall time = 8.123s)

    vN Entropy at center bond b=151 = 0.794224296285
    Eigs at center bond b=151: 0.6829 0.2776 0.0207 0.0084 0.0068 0.0027 
    Largest link dim during sweep 71/87 was 81
    Largest truncation error: 7.61691e-11
    Energy after sweep 71/87 is -199.271940083477
    Sweep 71/87 CPU time = 2m, 5.5s (Wall time = 8.074s)

    vN Entropy at center bond b=151 = 0.794224296300
    Eigs at center bond b=151: 0.6829 0.2776 0.0207 0.0084 0.0068 0.0027 
    Largest link dim during sweep 72/87 was 81
    Largest truncation error: 7.61696e-11
    Energy after sweep 72/87 is -199.271940083477
    Sweep 72/87 CPU time = 2m, 7.2s (Wall time = 8.184s)

    vN Entropy at center bond b=151 = 0.794224296305
    Eigs at center bond b=151: 0.6829 0.2776 0.0207 0.0084 0.0068 0.0027 
    Largest link dim during sweep 73/87 was 81
    Largest truncation error: 7.61695e-11
    Energy after sweep 73/87 is -199.271940083478
    Sweep 73/87 CPU time = 2m, 0.1s (Wall time = 7.708s)

    vN Entropy at center bond b=151 = 0.794224296307
    Eigs at center bond b=151: 0.6829 0.2776 0.0207 0.0084 0.0068 0.0027 
    Largest link dim during sweep 74/87 was 81
    Largest truncation error: 7.61695e-11
    Energy after sweep 74/87 is -199.271940083473
    Sweep 74/87 CPU time = 1m, 59.9s (Wall time = 7.720s)

    vN Entropy at center bond b=151 = 0.794225285071
    Eigs at center bond b=151: 0.6829 0.2776 0.0207 0.0084 0.0068 0.0027 
    Largest link dim during sweep 75/87 was 136
    Largest truncation error: 7.49115e-13
    Energy after sweep 75/87 is -199.271940215651
    Sweep 75/87 CPU time = 3m, 2.9s (Wall time = 11.75s)

    vN Entropy at center bond b=151 = 0.794225615294
    Eigs at center bond b=151: 0.6829 0.2776 0.0207 0.0084 0.0068 0.0027 
    Largest link dim during sweep 76/87 was 140
    Largest truncation error: 7.48954e-13
    Energy after sweep 76/87 is -199.271940217507
    Sweep 76/87 CPU time = 3m, 54.5s (Wall time = 15.34s)

    vN Entropy at center bond b=151 = 0.794225784317
    Eigs at center bond b=151: 0.6829 0.2776 0.0207 0.0084 0.0068 0.0027 
    Largest link dim during sweep 77/87 was 139
    Largest truncation error: 7.49438e-13
    Energy after sweep 77/87 is -199.271940217726
    Sweep 77/87 CPU time = 3m, 51.0s (Wall time = 14.87s)

    vN Entropy at center bond b=151 = 0.794225876241
    Eigs at center bond b=151: 0.6829 0.2776 0.0207 0.0084 0.0068 0.0027 
    Largest link dim during sweep 78/87 was 139
    Largest truncation error: 7.49223e-13
    Energy after sweep 78/87 is -199.271940217813
    Sweep 78/87 CPU time = 4m, 4.1s (Wall time = 15.76s)

    vN Entropy at center bond b=151 = 0.794225929492
    Eigs at center bond b=151: 0.6829 0.2776 0.0207 0.0084 0.0068 0.0027 
    Largest link dim during sweep 79/87 was 139
    Largest truncation error: 7.57318e-13
    Energy after sweep 79/87 is -199.271940217875
    Sweep 79/87 CPU time = 4m, 5.6s (Wall time = 15.83s)

    vN Entropy at center bond b=151 = 0.794225961041
    Eigs at center bond b=151: 0.6829 0.2776 0.0207 0.0084 0.0068 0.0027 
    Largest link dim during sweep 80/87 was 139
    Largest truncation error: 7.53855e-13
    Energy after sweep 80/87 is -199.271940217891
    Sweep 80/87 CPU time = 4m, 6.3s (Wall time = 15.87s)

    vN Entropy at center bond b=151 = 0.794225980012
    Eigs at center bond b=151: 0.6829 0.2776 0.0207 0.0084 0.0068 0.0027 
    Largest link dim during sweep 81/87 was 139
    Largest truncation error: 7.59261e-13
    Energy after sweep 81/87 is -199.271940217910
    Sweep 81/87 CPU time = 4m, 5.8s (Wall time = 15.84s)

    vN Entropy at center bond b=151 = 0.794225991634
    Eigs at center bond b=151: 0.6829 0.2776 0.0207 0.0084 0.0068 0.0027 
    Largest link dim during sweep 82/87 was 139
    Largest truncation error: 7.51213e-13
    Energy after sweep 82/87 is -199.271940217913
    Sweep 82/87 CPU time = 4m, 3.9s (Wall time = 15.67s)

    vN Entropy at center bond b=151 = 0.794226058121
    Eigs at center bond b=151: 0.6829 0.2776 0.0207 0.0084 0.0068 0.0027 
    Largest link dim during sweep 83/87 was 123
    Largest truncation error: 7.7522e-13
    Energy after sweep 83/87 is -199.271940217262
    Sweep 83/87 CPU time = 2m, 52.0s (Wall time = 11.08s)

    vN Entropy at center bond b=151 = 0.794226070882
    Eigs at center bond b=151: 0.6829 0.2776 0.0207 0.0084 0.0068 0.0027 
    Largest link dim during sweep 84/87 was 199
    Largest truncation error: 7.53927e-15
    Energy after sweep 84/87 is -199.271940219387
    Sweep 84/87 CPU time = 7m, 11.5s (Wall time = 29.56s)

    vN Entropy at center bond b=151 = 0.794226084730
    Eigs at center bond b=151: 0.6829 0.2776 0.0207 0.0084 0.0068 0.0027 
    Largest link dim during sweep 85/87 was 212
    Largest truncation error: 7.46656e-15
    Energy after sweep 85/87 is -199.271940219431
    Sweep 85/87 CPU time = 12m, 32s (Wall time = 49.59s)

    vN Entropy at center bond b=151 = 0.794226091032
    Eigs at center bond b=151: 0.6829 0.2776 0.0207 0.0084 0.0068 0.0027 
    Largest link dim during sweep 86/87 was 210
    Largest truncation error: 7.45002e-15
    Energy after sweep 86/87 is -199.271940219430
    Sweep 86/87 CPU time = 10m, 20s (Wall time = 39.85s)

    vN Entropy at center bond b=151 = 0.794226093958
    Eigs at center bond b=151: 0.6829 0.2776 0.0207 0.0084 0.0068 0.0027 
    Largest link dim during sweep 87/87 was 208
    Largest truncation error: 7.45211e-15
    Energy after sweep 87/87 is -199.271940219434
    Sweep 87/87 CPU time = 10m, 12s (Wall time = 39.42s)
Initial energy = 15.15300

Ground State Energy = -199.2719402194
run_outputs/outputpsi/N_303_sweep_87_t_0.030000_J_1.000000_V_0.600000_D_0.018000_U_0.010000_mu_0.100000_E_0.001000 converge
Wall-clock time (s) = 2166.395019
