//////////////////////////
Reading input file ......

Got input.N = 303
Got input.t = 0.03
Got input.J = 1
Got input.V = 0.6
Got input.D = 0.018
Got input.U = 2
Got input.mu = 1
Got input.E = 0.03
Got input.nsweeps = 87
Sweeps:
1  MaxDim=20, MinDim=20, Cutoff=1.0E-06, Niter=8, Noise=1.0E-05
2  MaxDim=20, MinDim=20, Cutoff=1.0E-06, Niter=8, Noise=1.0E-05
3  MaxDim=20, MinDim=20, Cutoff=1.0E-06, Niter=8, Noise=1.0E-05
4  MaxDim=20, MinDim=20, Cutoff=1.0E-06, Niter=8, Noise=1.0E-05
5  MaxDim=20, MinDim=20, Cutoff=1.0E-06, Niter=8, Noise=1.0E-05
6  MaxDim=20, MinDim=20, Cutoff=1.0E-06, Niter=8, Noise=1.0E-05
7  MaxDim=20, MinDim=20, Cutoff=1.0E-06, Niter=8, Noise=1.0E-05
8  MaxDim=40, MinDim=20, Cutoff=1.0E-06, Niter=4, Noise=1.0E-05
9  MaxDim=40, MinDim=20, Cutoff=1.0E-06, Niter=4, Noise=1.0E-05
10  MaxDim=40, MinDim=20, Cutoff=1.0E-06, Niter=4, Noise=1.0E-05
11  MaxDim=40, MinDim=20, Cutoff=1.0E-06, Niter=4, Noise=1.0E-05
12  MaxDim=40, MinDim=20, Cutoff=1.0E-06, Niter=4, Noise=1.0E-05
13  MaxDim=40, MinDim=20, Cutoff=1.0E-06, Niter=4, Noise=1.0E-05
14  MaxDim=40, MinDim=20, Cutoff=1.0E-06, Niter=4, Noise=1.0E-05
15  MaxDim=80, MinDim=10, Cutoff=1.0E-06, Niter=4, Noise=1.0E-05
16  MaxDim=80, MinDim=10, Cutoff=1.0E-06, Niter=4, Noise=1.0E-05
17  MaxDim=80, MinDim=10, Cutoff=1.0E-06, Niter=4, Noise=1.0E-05
18  MaxDim=80, MinDim=10, Cutoff=1.0E-06, Niter=4, Noise=1.0E-05
19  MaxDim=80, MinDim=10, Cutoff=1.0E-06, Niter=4, Noise=1.0E-05
20  MaxDim=80, MinDim=10, Cutoff=1.0E-06, Niter=4, Noise=1.0E-05
21  MaxDim=80, MinDim=10, Cutoff=1.0E-06, Niter=4, Noise=1.0E-05
22  MaxDim=80, MinDim=10, Cutoff=1.0E-06, Niter=4, Noise=1.0E-05
23  MaxDim=80, MinDim=10, Cutoff=1.0E-06, Niter=4, Noise=1.0E-05
24  MaxDim=80, MinDim=10, Cutoff=1.0E-06, Niter=4, Noise=1.0E-05
25  MaxDim=80, MinDim=10, Cutoff=1.0E-06, Niter=4, Noise=1.0E-05
26  MaxDim=80, MinDim=10, Cutoff=1.0E-06, Niter=4, Noise=1.0E-05
27  MaxDim=80, MinDim=10, Cutoff=1.0E-06, Niter=4, Noise=1.0E-05
28  MaxDim=80, MinDim=10, Cutoff=1.0E-06, Niter=4, Noise=1.0E-05
29  MaxDim=80, MinDim=10, Cutoff=1.0E-06, Niter=4, Noise=1.0E-05
30  MaxDim=80, MinDim=10, Cutoff=1.0E-06, Niter=4, Noise=1.0E-05
31  MaxDim=80, MinDim=10, Cutoff=1.0E-06, Niter=4, Noise=1.0E-05
32  MaxDim=80, MinDim=10, Cutoff=1.0E-06, Niter=4, Noise=1.0E-05
33  MaxDim=80, MinDim=10, Cutoff=1.0E-06, Niter=4, Noise=1.0E-05
34  MaxDim=80, MinDim=10, Cutoff=1.0E-06, Niter=4, Noise=1.0E-05
35  MaxDim=80, MinDim=10, Cutoff=1.0E-06, Niter=4, Noise=1.0E-05
36  MaxDim=80, MinDim=10, Cutoff=1.0E-06, Niter=4, Noise=1.0E-05
37  MaxDim=160, MinDim=10, Cutoff=1.0E-08, Niter=4, Noise=1.0E-06
38  MaxDim=160, MinDim=10, Cutoff=1.0E-08, Niter=4, Noise=1.0E-06
39  MaxDim=160, MinDim=10, Cutoff=1.0E-08, Niter=4, Noise=1.0E-06
40  MaxDim=160, MinDim=10, Cutoff=1.0E-08, Niter=4, Noise=1.0E-06
41  MaxDim=160, MinDim=10, Cutoff=1.0E-08, Niter=4, Noise=1.0E-06
42  MaxDim=160, MinDim=10, Cutoff=1.0E-08, Niter=4, Noise=1.0E-06
43  MaxDim=160, MinDim=10, Cutoff=1.0E-08, Niter=4, Noise=1.0E-06
44  MaxDim=160, MinDim=10, Cutoff=1.0E-08, Niter=4, Noise=1.0E-06
45  MaxDim=160, MinDim=10, Cutoff=1.0E-08, Niter=4, Noise=1.0E-06
46  MaxDim=160, MinDim=10, Cutoff=1.0E-08, Niter=4, Noise=1.0E-06
47  MaxDim=160, MinDim=10, Cutoff=1.0E-08, Niter=4, Noise=1.0E-06
48  MaxDim=160, MinDim=10, Cutoff=1.0E-08, Niter=4, Noise=1.0E-06
49  MaxDim=160, MinDim=10, Cutoff=1.0E-08, Niter=4, Noise=1.0E-06
50  MaxDim=160, MinDim=10, Cutoff=1.0E-08, Niter=4, Noise=1.0E-06
51  MaxDim=160, MinDim=10, Cutoff=1.0E-08, Niter=4, Noise=1.0E-06
52  MaxDim=160, MinDim=10, Cutoff=1.0E-08, Niter=4, Noise=1.0E-06
53  MaxDim=160, MinDim=10, Cutoff=1.0E-08, Niter=4, Noise=1.0E-06
54  MaxDim=160, MinDim=10, Cutoff=1.0E-08, Niter=4, Noise=1.0E-06
55  MaxDim=160, MinDim=10, Cutoff=1.0E-08, Niter=4, Noise=1.0E-06
56  MaxDim=160, MinDim=10, Cutoff=1.0E-08, Niter=4, Noise=1.0E-06
57  MaxDim=160, MinDim=10, Cutoff=1.0E-08, Niter=4, Noise=1.0E-06
58  MaxDim=160, MinDim=10, Cutoff=1.0E-08, Niter=4, Noise=1.0E-06
59  MaxDim=320, MinDim=10, Cutoff=1.0E-10, Niter=4, Noise=1.0E-07
60  MaxDim=320, MinDim=10, Cutoff=1.0E-10, Niter=4, Noise=1.0E-07
61  MaxDim=320, MinDim=10, Cutoff=1.0E-10, Niter=4, Noise=1.0E-07
62  MaxDim=320, MinDim=10, Cutoff=1.0E-10, Niter=4, Noise=1.0E-07
63  MaxDim=320, MinDim=10, Cutoff=1.0E-10, Niter=4, Noise=1.0E-07
64  MaxDim=320, MinDim=10, Cutoff=1.0E-10, Niter=4, Noise=1.0E-07
65  MaxDim=320, MinDim=10, Cutoff=1.0E-10, Niter=4, Noise=1.0E-07
66  MaxDim=320, MinDim=10, Cutoff=1.0E-10, Niter=4, Noise=1.0E-07
67  MaxDim=320, MinDim=10, Cutoff=1.0E-10, Niter=4, Noise=1.0E-07
68  MaxDim=320, MinDim=10, Cutoff=1.0E-10, Niter=4, Noise=1.0E-07
69  MaxDim=320, MinDim=10, Cutoff=1.0E-10, Niter=4, Noise=1.0E-07
70  MaxDim=320, MinDim=10, Cutoff=1.0E-10, Niter=4, Noise=1.0E-07
71  MaxDim=320, MinDim=10, Cutoff=1.0E-10, Niter=4, Noise=1.0E-07
72  MaxDim=320, MinDim=10, Cutoff=1.0E-10, Niter=4, Noise=1.0E-07
73  MaxDim=320, MinDim=10, Cutoff=1.0E-10, Niter=4, Noise=1.0E-07
74  MaxDim=320, MinDim=10, Cutoff=1.0E-10, Niter=4, Noise=1.0E-07
75  MaxDim=640, MinDim=10, Cutoff=1.0E-12, Niter=2, Noise=1.0E-08
76  MaxDim=640, MinDim=10, Cutoff=1.0E-12, Niter=2, Noise=1.0E-08
77  MaxDim=640, MinDim=10, Cutoff=1.0E-12, Niter=2, Noise=1.0E-08
78  MaxDim=640, MinDim=10, Cutoff=1.0E-12, Niter=2, Noise=1.0E-08
79  MaxDim=640, MinDim=10, Cutoff=1.0E-12, Niter=2, Noise=1.0E-08
80  MaxDim=640, MinDim=10, Cutoff=1.0E-12, Niter=2, Noise=1.0E-08
81  MaxDim=640, MinDim=10, Cutoff=1.0E-12, Niter=2, Noise=1.0E-08
82  MaxDim=640, MinDim=10, Cutoff=1.0E-12, Niter=2, Noise=1.0E-08
83  MaxDim=1280, MinDim=10, Cutoff=1.0E-12, Niter=2, Noise=0.0E+00
84  MaxDim=1280, MinDim=10, Cutoff=1.0E-14, Niter=2, Noise=0.0E+00
85  MaxDim=1280, MinDim=10, Cutoff=1.0E-14, Niter=2, Noise=0.0E+00
86  MaxDim=1280, MinDim=10, Cutoff=1.0E-14, Niter=2, Noise=0.0E+00
87  MaxDim=1280, MinDim=10, Cutoff=1.0E-14, Niter=2, Noise=0.0E+00


    vN Entropy at center bond b=151 = 0.896198976973
    Eigs at center bond b=151: 0.5682 0.3871 0.0183 0.0123 0.0077 0.0025 0.0014 0.0011 
    Largest link dim during sweep 1/87 was 20
    Largest truncation error: 5.46755e-05
    Energy after sweep 1/87 is -90.003462906752
    Sweep 1/87 CPU time = 18.31s (Wall time = 1.187s)

    vN Entropy at center bond b=151 = 0.783093413536
    Eigs at center bond b=151: 0.7794 0.1331 0.0568 0.0121 0.0088 0.0042 0.0020 0.0013 
    Largest link dim during sweep 2/87 was 20
    Largest truncation error: 0.000165227
    Energy after sweep 2/87 is -91.587939158798
    Sweep 2/87 CPU time = 25.55s (Wall time = 1.637s)

    vN Entropy at center bond b=151 = 0.907389721313
    Eigs at center bond b=151: 0.7354 0.1578 0.0612 0.0195 0.0107 0.0058 0.0029 0.0019 0.0016 
    Largest link dim during sweep 3/87 was 20
    Largest truncation error: 0.000112505
    Energy after sweep 3/87 is -91.612352522510
    Sweep 3/87 CPU time = 25.60s (Wall time = 1.638s)

    vN Entropy at center bond b=151 = 0.947678758306
    Eigs at center bond b=151: 0.7205 0.1658 0.0623 0.0230 0.0107 0.0062 0.0038 0.0021 0.0018 0.0011 
    Largest link dim during sweep 4/87 was 20
    Largest truncation error: 8.75802e-05
    Energy after sweep 4/87 is -91.613782181411
    Sweep 4/87 CPU time = 25.64s (Wall time = 1.638s)

    vN Entropy at center bond b=151 = 0.961539975739
    Eigs at center bond b=151: 0.7157 0.1681 0.0623 0.0245 0.0108 0.0064 0.0043 0.0022 0.0019 0.0012 
    Largest link dim during sweep 5/87 was 20
    Largest truncation error: 8.16966e-05
    Energy after sweep 5/87 is -91.614022067221
    Sweep 5/87 CPU time = 25.63s (Wall time = 1.642s)

    vN Entropy at center bond b=151 = 0.968138059831
    Eigs at center bond b=151: 0.7135 0.1691 0.0623 0.0253 0.0108 0.0064 0.0045 0.0022 0.0019 0.0012 
    Largest link dim during sweep 6/87 was 20
    Largest truncation error: 7.95197e-05
    Energy after sweep 6/87 is -91.614091963386
    Sweep 6/87 CPU time = 25.61s (Wall time = 1.640s)

    vN Entropy at center bond b=151 = 0.972033060711
    Eigs at center bond b=151: 0.7122 0.1695 0.0623 0.0258 0.0108 0.0065 0.0046 0.0023 0.0019 0.0012 
    Largest link dim during sweep 7/87 was 20
    Largest truncation error: 7.87065e-05
    Energy after sweep 7/87 is -91.614129354716
    Sweep 7/87 CPU time = 25.54s (Wall time = 1.637s)

    vN Entropy at center bond b=151 = 1.102556533787
    Eigs at center bond b=151: 0.6751 0.1763 0.0683 0.0359 0.0138 0.0093 0.0073 0.0039 0.0027 0.0016 
    Largest link dim during sweep 8/87 was 40
    Largest truncation error: 8.15579e-06
    Energy after sweep 8/87 is -91.689357449197
    Sweep 8/87 CPU time = 29.89s (Wall time = 1.932s)

    vN Entropy at center bond b=151 = 1.207982014050
    Eigs at center bond b=151: 0.6407 0.1841 0.0732 0.0456 0.0174 0.0118 0.0088 0.0054 0.0032 0.0021 
    Largest link dim during sweep 9/87 was 40
    Largest truncation error: 1.46083e-05
    Energy after sweep 9/87 is -91.694828612249
    Sweep 9/87 CPU time = 39.43s (Wall time = 2.531s)

    vN Entropy at center bond b=151 = 1.241553015890
    Eigs at center bond b=151: 0.6280 0.1877 0.0747 0.0495 0.0193 0.0122 0.0092 0.0059 0.0033 0.0022 
    Largest link dim during sweep 10/87 was 40
    Largest truncation error: 1.54703e-05
    Energy after sweep 10/87 is -91.695752652947
    Sweep 10/87 CPU time = 39.18s (Wall time = 2.520s)

    vN Entropy at center bond b=151 = 1.257754691471
    Eigs at center bond b=151: 0.6211 0.1901 0.0755 0.0516 0.0204 0.0122 0.0092 0.0062 0.0032 0.0022 
    Largest link dim during sweep 11/87 was 40
    Largest truncation error: 1.57559e-05
    Energy after sweep 11/87 is -91.696088539064
    Sweep 11/87 CPU time = 39.34s (Wall time = 2.522s)

    vN Entropy at center bond b=151 = 1.267630191705
    Eigs at center bond b=151: 0.6166 0.1919 0.0761 0.0528 0.0212 0.0121 0.0093 0.0063 0.0032 0.0022 
    Largest link dim during sweep 12/87 was 40
    Largest truncation error: 1.58702e-05
    Energy after sweep 12/87 is -91.696244155484
    Sweep 12/87 CPU time = 39.32s (Wall time = 2.525s)

    vN Entropy at center bond b=151 = 1.274294863346
    Eigs at center bond b=151: 0.6134 0.1933 0.0765 0.0536 0.0217 0.0121 0.0093 0.0064 0.0032 0.0022 
    Largest link dim during sweep 13/87 was 40
    Largest truncation error: 1.59247e-05
    Energy after sweep 13/87 is -91.696332710598
    Sweep 13/87 CPU time = 39.24s (Wall time = 2.542s)

    vN Entropy at center bond b=151 = 1.279068354293
    Eigs at center bond b=151: 0.6110 0.1943 0.0768 0.0542 0.0221 0.0120 0.0093 0.0065 0.0032 0.0022 
    Largest link dim during sweep 14/87 was 40
    Largest truncation error: 1.59568e-05
    Energy after sweep 14/87 is -91.696390078030
    Sweep 14/87 CPU time = 39.05s (Wall time = 2.508s)

    vN Entropy at center bond b=151 = 1.353666069076
    Eigs at center bond b=151: 0.5876 0.1982 0.0805 0.0593 0.0250 0.0138 0.0100 0.0078 0.0038 0.0029 
    Largest link dim during sweep 15/87 was 80
    Largest truncation error: 1.36678e-06
    Energy after sweep 15/87 is -91.712632297458
    Sweep 15/87 CPU time = 1m, 13.6s (Wall time = 4.736s)

    vN Entropy at center bond b=151 = 1.433940077850
    Eigs at center bond b=151: 0.5614 0.2024 0.0843 0.0655 0.0282 0.0158 0.0108 0.0096 0.0045 0.0037 
    Largest link dim during sweep 16/87 was 80
    Largest truncation error: 2.51766e-06
    Energy after sweep 16/87 is -91.715188876929
    Sweep 16/87 CPU time = 1m, 49.4s (Wall time = 7.076s)

    vN Entropy at center bond b=151 = 1.466432528598
    Eigs at center bond b=151: 0.5493 0.2051 0.0857 0.0687 0.0298 0.0165 0.0111 0.0104 0.0047 0.0040 
    Largest link dim during sweep 17/87 was 80
    Largest truncation error: 2.80505e-06
    Energy after sweep 17/87 is -91.716199803787
    Sweep 17/87 CPU time = 1m, 60.0s (Wall time = 7.707s)

    vN Entropy at center bond b=151 = 1.482707886832
    Eigs at center bond b=151: 0.5424 0.2072 0.0864 0.0704 0.0308 0.0167 0.0112 0.0107 0.0047 0.0042 
    Largest link dim during sweep 18/87 was 80
    Largest truncation error: 2.88935e-06
    Energy after sweep 18/87 is -91.716745799966
    Sweep 18/87 CPU time = 2m, 6.5s (Wall time = 8.115s)

    vN Entropy at center bond b=151 = 1.492242663074
    Eigs at center bond b=151: 0.5378 0.2091 0.0868 0.0715 0.0314 0.0169 0.0112 0.0109 0.0048 0.0042 
    Largest link dim during sweep 19/87 was 80
    Largest truncation error: 2.90322e-06
    Energy after sweep 19/87 is -91.717093657542
    Sweep 19/87 CPU time = 2m, 8.4s (Wall time = 8.265s)

    vN Entropy at center bond b=151 = 1.498235678129
    Eigs at center bond b=151: 0.5343 0.2109 0.0871 0.0722 0.0318 0.0169 0.0112 0.0110 0.0048 0.0043 
    Largest link dim during sweep 20/87 was 80
    Largest truncation error: 2.88995e-06
    Energy after sweep 20/87 is -91.717318532481
    Sweep 20/87 CPU time = 2m, 12.0s (Wall time = 8.510s)

    vN Entropy at center bond b=151 = 1.502050488592
    Eigs at center bond b=151: 0.5317 0.2124 0.0874 0.0727 0.0320 0.0170 0.0112 0.0110 0.0048 0.0043 
    Largest link dim during sweep 21/87 was 80
    Largest truncation error: 2.8709e-06
    Energy after sweep 21/87 is -91.717481784687
    Sweep 21/87 CPU time = 2m, 13.2s (Wall time = 8.549s)

    vN Entropy at center bond b=151 = 1.504652149551
    Eigs at center bond b=151: 0.5297 0.2137 0.0876 0.0730 0.0322 0.0170 0.0112 0.0109 0.0048 0.0043 
    Largest link dim during sweep 22/87 was 80
    Largest truncation error: 2.85838e-06
    Energy after sweep 22/87 is -91.717603174617
    Sweep 22/87 CPU time = 2m, 14.6s (Wall time = 8.651s)

    vN Entropy at center bond b=151 = 1.506570741335
    Eigs at center bond b=151: 0.5281 0.2149 0.0878 0.0732 0.0323 0.0170 0.0112 0.0109 0.0048 0.0043 
    Largest link dim during sweep 23/87 was 80
    Largest truncation error: 2.84937e-06
    Energy after sweep 23/87 is -91.717700914852
    Sweep 23/87 CPU time = 2m, 14.9s (Wall time = 8.702s)

    vN Entropy at center bond b=151 = 1.508024450957
    Eigs at center bond b=151: 0.5267 0.2159 0.0880 0.0734 0.0324 0.0171 0.0112 0.0108 0.0048 0.0042 
    Largest link dim during sweep 24/87 was 80
    Largest truncation error: 2.84444e-06
    Energy after sweep 24/87 is -91.717778521548
    Sweep 24/87 CPU time = 2m, 15.6s (Wall time = 8.700s)

    vN Entropy at center bond b=151 = 1.509120358246
    Eigs at center bond b=151: 0.5256 0.2168 0.0881 0.0736 0.0325 0.0171 0.0112 0.0108 0.0047 0.0042 
    Largest link dim during sweep 25/87 was 80
    Largest truncation error: 2.84316e-06
    Energy after sweep 25/87 is -91.717837039216
    Sweep 25/87 CPU time = 2m, 16.4s (Wall time = 8.745s)

    vN Entropy at center bond b=151 = 1.509933582562
    Eigs at center bond b=151: 0.5246 0.2175 0.0882 0.0737 0.0325 0.0171 0.0112 0.0107 0.0047 0.0042 
    Largest link dim during sweep 26/87 was 80
    Largest truncation error: 2.84646e-06
    Energy after sweep 26/87 is -91.717888560185
    Sweep 26/87 CPU time = 2m, 16.8s (Wall time = 8.799s)

    vN Entropy at center bond b=151 = 1.510544282038
    Eigs at center bond b=151: 0.5239 0.2181 0.0883 0.0737 0.0326 0.0171 0.0111 0.0107 0.0047 0.0042 
    Largest link dim during sweep 27/87 was 80
    Largest truncation error: 2.84941e-06
    Energy after sweep 27/87 is -91.717934518728
    Sweep 27/87 CPU time = 2m, 17.6s (Wall time = 8.874s)

    vN Entropy at center bond b=151 = 1.510961046264
    Eigs at center bond b=151: 0.5233 0.2186 0.0884 0.0738 0.0326 0.0171 0.0111 0.0107 0.0047 0.0042 
    Largest link dim during sweep 28/87 was 80
    Largest truncation error: 2.85029e-06
    Energy after sweep 28/87 is -91.717969231681
    Sweep 28/87 CPU time = 2m, 16.4s (Wall time = 8.744s)

    vN Entropy at center bond b=151 = 1.511206859855
    Eigs at center bond b=151: 0.5229 0.2190 0.0885 0.0738 0.0326 0.0171 0.0111 0.0106 0.0047 0.0042 
    Largest link dim during sweep 29/87 was 80
    Largest truncation error: 2.85253e-06
    Energy after sweep 29/87 is -91.718003611468
    Sweep 29/87 CPU time = 2m, 19.9s (Wall time = 8.970s)

    vN Entropy at center bond b=151 = 1.511337631119
    Eigs at center bond b=151: 0.5226 0.2193 0.0886 0.0738 0.0327 0.0171 0.0111 0.0106 0.0047 0.0042 
    Largest link dim during sweep 30/87 was 80
    Largest truncation error: 2.85335e-06
    Energy after sweep 30/87 is -91.718034455120
    Sweep 30/87 CPU time = 2m, 20.0s (Wall time = 8.988s)

    vN Entropy at center bond b=151 = 1.511269110531
    Eigs at center bond b=151: 0.5224 0.2194 0.0887 0.0737 0.0327 0.0170 0.0111 0.0106 0.0047 0.0042 
    Largest link dim during sweep 31/87 was 80
    Largest truncation error: 2.85346e-06
    Energy after sweep 31/87 is -91.718084576930
    Sweep 31/87 CPU time = 2m, 21.4s (Wall time = 9.112s)

    vN Entropy at center bond b=151 = 1.117193439773
    Eigs at center bond b=151: 0.6757 0.1623 0.0716 0.0420 0.0201 0.0100 0.0072 0.0026 0.0025 0.0017 
    Largest link dim during sweep 32/87 was 80
    Largest truncation error: 4.98086e-06
    Energy after sweep 32/87 is -92.096772550297
    Sweep 32/87 CPU time = 2m, 9.8s (Wall time = 8.342s)

    vN Entropy at center bond b=151 = 1.204389748093
    Eigs at center bond b=151: 0.6476 0.1602 0.0888 0.0433 0.0273 0.0096 0.0090 0.0032 0.0025 0.0023 
    Largest link dim during sweep 33/87 was 80
    Largest truncation error: 7.94303e-07
    Energy after sweep 33/87 is -92.117735215209
    Sweep 33/87 CPU time = 2m, 3.7s (Wall time = 7.941s)

    vN Entropy at center bond b=151 = 1.170204498292
    Eigs at center bond b=151: 0.6651 0.1461 0.0923 0.0413 0.0231 0.0100 0.0070 0.0037 0.0029 0.0026 
    Largest link dim during sweep 34/87 was 80
    Largest truncation error: 9.06779e-07
    Energy after sweep 34/87 is -92.119478030216
    Sweep 34/87 CPU time = 2m, 23.5s (Wall time = 9.217s)

    vN Entropy at center bond b=151 = 1.168872323958
    Eigs at center bond b=151: 0.6660 0.1451 0.0934 0.0404 0.0227 0.0101 0.0065 0.0041 0.0031 0.0026 
    Largest link dim during sweep 35/87 was 80
    Largest truncation error: 9.04271e-07
    Energy after sweep 35/87 is -92.119694039365
    Sweep 35/87 CPU time = 2m, 30.7s (Wall time = 9.676s)

    vN Entropy at center bond b=151 = 1.169567359639
    Eigs at center bond b=151: 0.6659 0.1449 0.0940 0.0400 0.0227 0.0101 0.0064 0.0043 0.0031 0.0026 
    Largest link dim during sweep 36/87 was 80
    Largest truncation error: 9.07704e-07
    Energy after sweep 36/87 is -92.119734837800
    Sweep 36/87 CPU time = 2m, 32.4s (Wall time = 9.781s)

    vN Entropy at center bond b=151 = 1.286922001350
    Eigs at center bond b=151: 0.6242 0.1407 0.1221 0.0416 0.0316 0.0108 0.0083 0.0053 0.0035 0.0030 
    Largest link dim during sweep 37/87 was 160
    Largest truncation error: 4.54841e-08
    Energy after sweep 37/87 is -92.122899811453
    Sweep 37/87 CPU time = 7m, 51.7s (Wall time = 31.88s)

    vN Entropy at center bond b=151 = 1.393023325793
    Eigs at center bond b=151: 0.5782 0.1680 0.1233 0.0432 0.0403 0.0131 0.0088 0.0062 0.0035 0.0033 
    Largest link dim during sweep 38/87 was 160
    Largest truncation error: 9.69387e-08
    Energy after sweep 38/87 is -92.123186225274
    Sweep 38/87 CPU time = 10m, 6s (Wall time = 39.56s)

    vN Entropy at center bond b=151 = 1.401253902135
    Eigs at center bond b=151: 0.5747 0.1707 0.1227 0.0441 0.0402 0.0133 0.0088 0.0063 0.0035 0.0033 
    Largest link dim during sweep 39/87 was 160
    Largest truncation error: 1.03658e-07
    Energy after sweep 39/87 is -92.123199978780
    Sweep 39/87 CPU time = 9m, 55.5s (Wall time = 38.41s)

    vN Entropy at center bond b=151 = 1.402049460557
    Eigs at center bond b=151: 0.5744 0.1709 0.1226 0.0441 0.0402 0.0133 0.0088 0.0063 0.0035 0.0033 
    Largest link dim during sweep 40/87 was 160
    Largest truncation error: 1.04824e-07
    Energy after sweep 40/87 is -92.123201149460
    Sweep 40/87 CPU time = 10m, 16s (Wall time = 41.98s)

    vN Entropy at center bond b=151 = 1.402181823993
    Eigs at center bond b=151: 0.5743 0.1709 0.1226 0.0441 0.0402 0.0133 0.0088 0.0063 0.0035 0.0033 
    Largest link dim during sweep 41/87 was 160
    Largest truncation error: 1.05182e-07
    Energy after sweep 41/87 is -92.123201286241
    Sweep 41/87 CPU time = 10m, 45s (Wall time = 44.33s)

    vN Entropy at center bond b=151 = 1.402209794627
    Eigs at center bond b=151: 0.5743 0.1709 0.1226 0.0441 0.0402 0.0133 0.0088 0.0063 0.0035 0.0033 
    Largest link dim during sweep 42/87 was 160
    Largest truncation error: 1.05286e-07
    Energy after sweep 42/87 is -92.123201315562
    Sweep 42/87 CPU time = 10m, 42s (Wall time = 44.06s)

    vN Entropy at center bond b=151 = 1.402217149550
    Eigs at center bond b=151: 0.5743 0.1709 0.1226 0.0441 0.0402 0.0133 0.0088 0.0063 0.0035 0.0033 
    Largest link dim during sweep 43/87 was 160
    Largest truncation error: 1.05319e-07
    Energy after sweep 43/87 is -92.123201331061
    Sweep 43/87 CPU time = 10m, 30s (Wall time = 43.40s)

    vN Entropy at center bond b=151 = 1.402219633027
    Eigs at center bond b=151: 0.5743 0.1709 0.1226 0.0441 0.0402 0.0133 0.0088 0.0063 0.0035 0.0033 
    Largest link dim during sweep 44/87 was 160
    Largest truncation error: 1.05332e-07
    Energy after sweep 44/87 is -92.123201340482
    Sweep 44/87 CPU time = 9m, 45.8s (Wall time = 40.26s)

    vN Entropy at center bond b=151 = 1.402220685211
    Eigs at center bond b=151: 0.5743 0.1709 0.1226 0.0441 0.0402 0.0133 0.0088 0.0063 0.0035 0.0033 
    Largest link dim during sweep 45/87 was 160
    Largest truncation error: 1.05339e-07
    Energy after sweep 45/87 is -92.123201346402
    Sweep 45/87 CPU time = 10m, 17s (Wall time = 42.50s)

    vN Entropy at center bond b=151 = 1.402221217515
    Eigs at center bond b=151: 0.5743 0.1709 0.1226 0.0441 0.0402 0.0133 0.0088 0.0063 0.0035 0.0033 
    Largest link dim during sweep 46/87 was 160
    Largest truncation error: 1.05343e-07
    Energy after sweep 46/87 is -92.123201350277
    Sweep 46/87 CPU time = 10m, 18s (Wall time = 42.43s)

    vN Entropy at center bond b=151 = 1.402221516247
    Eigs at center bond b=151: 0.5743 0.1709 0.1226 0.0441 0.0402 0.0133 0.0088 0.0063 0.0035 0.0033 
    Largest link dim during sweep 47/87 was 160
    Largest truncation error: 1.05345e-07
    Energy after sweep 47/87 is -92.123201352973
    Sweep 47/87 CPU time = 10m, 19s (Wall time = 42.28s)

    vN Entropy at center bond b=151 = 1.402221695507
    Eigs at center bond b=151: 0.5743 0.1709 0.1226 0.0441 0.0402 0.0133 0.0088 0.0063 0.0035 0.0033 
    Largest link dim during sweep 48/87 was 160
    Largest truncation error: 1.05347e-07
    Energy after sweep 48/87 is -92.123201354967
    Sweep 48/87 CPU time = 10m, 22s (Wall time = 42.38s)

    vN Entropy at center bond b=151 = 1.402221809721
    Eigs at center bond b=151: 0.5743 0.1709 0.1226 0.0441 0.0402 0.0133 0.0088 0.0063 0.0035 0.0033 
    Largest link dim during sweep 49/87 was 160
    Largest truncation error: 1.05348e-07
    Energy after sweep 49/87 is -92.123201356511
    Sweep 49/87 CPU time = 10m, 48s (Wall time = 43.97s)

    vN Entropy at center bond b=151 = 1.402221886106
    Eigs at center bond b=151: 0.5743 0.1709 0.1226 0.0441 0.0402 0.0133 0.0088 0.0063 0.0035 0.0033 
    Largest link dim during sweep 50/87 was 160
    Largest truncation error: 1.05349e-07
    Energy after sweep 50/87 is -92.123201357727
    Sweep 50/87 CPU time = 10m, 42s (Wall time = 43.84s)

    vN Entropy at center bond b=151 = 1.402221938792
    Eigs at center bond b=151: 0.5743 0.1709 0.1226 0.0441 0.0402 0.0133 0.0088 0.0063 0.0035 0.0033 
    Largest link dim during sweep 51/87 was 160
    Largest truncation error: 1.05349e-07
    Energy after sweep 51/87 is -92.123201358689
    Sweep 51/87 CPU time = 10m, 19s (Wall time = 42.01s)

    vN Entropy at center bond b=151 = 1.402221975772
    Eigs at center bond b=151: 0.5743 0.1709 0.1226 0.0441 0.0402 0.0133 0.0088 0.0063 0.0035 0.0033 
    Largest link dim during sweep 52/87 was 160
    Largest truncation error: 1.0535e-07
    Energy after sweep 52/87 is -92.123201359437
    Sweep 52/87 CPU time = 10m, 19s (Wall time = 42.22s)

    vN Entropy at center bond b=151 = 1.402222002133
    Eigs at center bond b=151: 0.5743 0.1709 0.1226 0.0441 0.0402 0.0133 0.0088 0.0063 0.0035 0.0033 
    Largest link dim during sweep 53/87 was 160
    Largest truncation error: 1.0535e-07
    Energy after sweep 53/87 is -92.123201360016
    Sweep 53/87 CPU time = 10m, 2s (Wall time = 41.17s)

    vN Entropy at center bond b=151 = 1.402222021479
    Eigs at center bond b=151: 0.5743 0.1709 0.1226 0.0441 0.0402 0.0133 0.0088 0.0063 0.0035 0.0033 
    Largest link dim during sweep 54/87 was 160
    Largest truncation error: 1.0535e-07
    Energy after sweep 54/87 is -92.123201360463
    Sweep 54/87 CPU time = 10m, 23s (Wall time = 42.84s)

    vN Entropy at center bond b=151 = 1.402222036645
    Eigs at center bond b=151: 0.5743 0.1709 0.1226 0.0441 0.0402 0.0133 0.0088 0.0063 0.0035 0.0033 
    Largest link dim during sweep 55/87 was 160
    Largest truncation error: 1.0535e-07
    Energy after sweep 55/87 is -92.123201360815
    Sweep 55/87 CPU time = 10m, 44s (Wall time = 44.18s)

    vN Entropy at center bond b=151 = 1.402222050337
    Eigs at center bond b=151: 0.5743 0.1709 0.1226 0.0441 0.0402 0.0133 0.0088 0.0063 0.0035 0.0033 
    Largest link dim during sweep 56/87 was 160
    Largest truncation error: 1.0535e-07
    Energy after sweep 56/87 is -92.123201361109
    Sweep 56/87 CPU time = 10m, 47s (Wall time = 44.04s)

    vN Entropy at center bond b=151 = 1.402222065773
    Eigs at center bond b=151: 0.5743 0.1709 0.1226 0.0441 0.0402 0.0133 0.0088 0.0063 0.0035 0.0033 
    Largest link dim during sweep 57/87 was 160
    Largest truncation error: 1.0535e-07
    Energy after sweep 57/87 is -92.123201361397
    Sweep 57/87 CPU time = 10m, 30s (Wall time = 42.54s)

    vN Entropy at center bond b=151 = 1.402222086903
    Eigs at center bond b=151: 0.5743 0.1709 0.1226 0.0441 0.0402 0.0133 0.0088 0.0063 0.0035 0.0033 
    Largest link dim during sweep 58/87 was 160
    Largest truncation error: 1.0535e-07
    Energy after sweep 58/87 is -92.123201361737
    Sweep 58/87 CPU time = 10m, 48s (Wall time = 44.63s)

    vN Entropy at center bond b=151 = 1.410794171973
    Eigs at center bond b=151: 0.5720 0.1715 0.1228 0.0445 0.0403 0.0134 0.0088 0.0065 0.0036 0.0034 
    Largest link dim during sweep 59/87 was 320
    Largest truncation error: 3.58261e-09
    Energy after sweep 59/87 is -92.123430212945
    Sweep 59/87 CPU time = 45m, 18s (Wall time = 3m, 2.6s)

    vN Entropy at center bond b=151 = 1.413682316716
    Eigs at center bond b=151: 0.5714 0.1716 0.1229 0.0446 0.0404 0.0135 0.0089 0.0066 0.0037 0.0034 
    Largest link dim during sweep 60/87 was 320
    Largest truncation error: 5.57115e-09
    Energy after sweep 60/87 is -92.123432329434
    Sweep 60/87 CPU time = 47m, 54s (Wall time = 3m, 6.3s)

    vN Entropy at center bond b=151 = 1.413915740024
    Eigs at center bond b=151: 0.5713 0.1716 0.1229 0.0446 0.0404 0.0135 0.0089 0.0066 0.0037 0.0034 
    Largest link dim during sweep 61/87 was 320
    Largest truncation error: 5.8255e-09
    Energy after sweep 61/87 is -92.123432375941
    Sweep 61/87 CPU time = 50m, 37s (Wall time = 3m, 21.2s)

    vN Entropy at center bond b=151 = 1.413950071820
    Eigs at center bond b=151: 0.5713 0.1716 0.1229 0.0446 0.0404 0.0135 0.0089 0.0066 0.0037 0.0034 
    Largest link dim during sweep 62/87 was 320
    Largest truncation error: 5.89343e-09
    Energy after sweep 62/87 is -92.123432372700
    Sweep 62/87 CPU time = 51m, 29s (Wall time = 3m, 25.0s)

    vN Entropy at center bond b=151 = 1.413957179770
    Eigs at center bond b=151: 0.5713 0.1716 0.1229 0.0446 0.0404 0.0135 0.0089 0.0066 0.0037 0.0034 
    Largest link dim during sweep 63/87 was 320
    Largest truncation error: 5.91141e-09
    Energy after sweep 63/87 is -92.123432369401
    Sweep 63/87 CPU time = 51m, 29s (Wall time = 3m, 27.7s)

    vN Entropy at center bond b=151 = 1.413958917017
    Eigs at center bond b=151: 0.5713 0.1716 0.1229 0.0446 0.0404 0.0135 0.0089 0.0066 0.0037 0.0034 
    Largest link dim during sweep 64/87 was 320
    Largest truncation error: 5.91599e-09
    Energy after sweep 64/87 is -92.123432368600
    Sweep 64/87 CPU time = 51m, 53s (Wall time = 3m, 27.7s)

    vN Entropy at center bond b=151 = 1.413959402081
    Eigs at center bond b=151: 0.5713 0.1716 0.1229 0.0446 0.0404 0.0135 0.0089 0.0066 0.0037 0.0034 
    Largest link dim during sweep 65/87 was 320
    Largest truncation error: 5.917e-09
    Energy after sweep 65/87 is -92.123432368226
    Sweep 65/87 CPU time = 51m, 34s (Wall time = 3m, 28.4s)

    vN Entropy at center bond b=151 = 1.413959557329
    Eigs at center bond b=151: 0.5713 0.1716 0.1229 0.0446 0.0404 0.0135 0.0089 0.0066 0.0037 0.0034 
    Largest link dim during sweep 66/87 was 320
    Largest truncation error: 5.91708e-09
    Energy after sweep 66/87 is -92.123432368056
    Sweep 66/87 CPU time = 52m, 30s (Wall time = 3m, 34.8s)

    vN Entropy at center bond b=151 = 1.413959618073
    Eigs at center bond b=151: 0.5713 0.1716 0.1229 0.0446 0.0404 0.0135 0.0089 0.0066 0.0037 0.0034 
    Largest link dim during sweep 67/87 was 320
    Largest truncation error: 5.91697e-09
    Energy after sweep 67/87 is -92.123432367963
    Sweep 67/87 CPU time = 50m, 51s (Wall time = 3m, 23.5s)

    vN Entropy at center bond b=151 = 1.413959646446
    Eigs at center bond b=151: 0.5713 0.1716 0.1229 0.0446 0.0404 0.0135 0.0089 0.0066 0.0037 0.0034 
    Largest link dim during sweep 68/87 was 320
    Largest truncation error: 5.91685e-09
    Energy after sweep 68/87 is -92.123432367916
    Sweep 68/87 CPU time = 51m, 38s (Wall time = 3m, 26.9s)

    vN Entropy at center bond b=151 = 1.413959661937
    Eigs at center bond b=151: 0.5713 0.1716 0.1229 0.0446 0.0404 0.0135 0.0089 0.0066 0.0037 0.0034 
    Largest link dim during sweep 69/87 was 320
    Largest truncation error: 5.91676e-09
    Energy after sweep 69/87 is -92.123432367879
    Sweep 69/87 CPU time = 50m, 40s (Wall time = 3m, 22.8s)

    vN Entropy at center bond b=151 = 1.413959672265
    Eigs at center bond b=151: 0.5713 0.1716 0.1229 0.0446 0.0404 0.0135 0.0089 0.0066 0.0037 0.0034 
    Largest link dim during sweep 70/87 was 320
    Largest truncation error: 5.9167e-09
    Energy after sweep 70/87 is -92.123432367844
    Sweep 70/87 CPU time = 51m, 28s (Wall time = 3m, 26.0s)

    vN Entropy at center bond b=151 = 1.413959680336
    Eigs at center bond b=151: 0.5713 0.1716 0.1229 0.0446 0.0404 0.0135 0.0089 0.0066 0.0037 0.0034 
    Largest link dim during sweep 71/87 was 320
    Largest truncation error: 5.91666e-09
    Energy after sweep 71/87 is -92.123432367809
    Sweep 71/87 CPU time = 51m, 17s (Wall time = 3m, 26.3s)

    vN Entropy at center bond b=151 = 1.413959686471
    Eigs at center bond b=151: 0.5713 0.1716 0.1229 0.0446 0.0404 0.0135 0.0089 0.0066 0.0037 0.0034 
    Largest link dim during sweep 72/87 was 320
    Largest truncation error: 5.91665e-09
    Energy after sweep 72/87 is -92.123432367786
    Sweep 72/87 CPU time = 51m, 59s (Wall time = 3m, 30.6s)

    vN Entropy at center bond b=151 = 1.413959691309
    Eigs at center bond b=151: 0.5713 0.1716 0.1229 0.0446 0.0404 0.0135 0.0089 0.0066 0.0037 0.0034 
    Largest link dim during sweep 73/87 was 320
    Largest truncation error: 5.91664e-09
    Energy after sweep 73/87 is -92.123432367770
    Sweep 73/87 CPU time = 52m, 22s (Wall time = 3m, 32.0s)

    vN Entropy at center bond b=151 = 1.413959695961
    Eigs at center bond b=151: 0.5713 0.1716 0.1229 0.0446 0.0404 0.0135 0.0089 0.0066 0.0037 0.0034 
    Largest link dim during sweep 74/87 was 320
    Largest truncation error: 5.91664e-09
    Energy after sweep 74/87 is -92.123432367759
    Sweep 74/87 CPU time = 51m, 44s (Wall time = 3m, 31.1s)

    vN Entropy at center bond b=151 = 1.414571584829
    Eigs at center bond b=151: 0.5712 0.1716 0.1229 0.0446 0.0404 0.0135 0.0089 0.0066 0.0037 0.0034 
    Largest link dim during sweep 75/87 was 640
    Largest truncation error: 1.60253e-10
    Energy after sweep 75/87 is -92.123444034200
    Sweep 75/87 CPU time = 2h, 43m, 58s (Wall time = 10m, 55s)

    vN Entropy at center bond b=151 = 1.414889965221
    Eigs at center bond b=151: 0.5711 0.1716 0.1229 0.0446 0.0404 0.0135 0.0089 0.0066 0.0037 0.0034 
    Largest link dim during sweep 76/87 was 640
    Largest truncation error: 1.99805e-10
    Energy after sweep 76/87 is -92.123444179542
    Sweep 76/87 CPU time = 2h, 58m, 54s (Wall time = 11m, 56s)

    vN Entropy at center bond b=151 = 1.414928788625
    Eigs at center bond b=151: 0.5711 0.1716 0.1229 0.0446 0.0404 0.0135 0.0089 0.0066 0.0037 0.0034 
    Largest link dim during sweep 77/87 was 640
    Largest truncation error: 2.03417e-10
    Energy after sweep 77/87 is -92.123444188544
    Sweep 77/87 CPU time = 2h, 53m, 14s (Wall time = 11m, 33s)

    vN Entropy at center bond b=151 = 1.414935812851
    Eigs at center bond b=151: 0.5711 0.1716 0.1229 0.0446 0.0404 0.0135 0.0089 0.0066 0.0037 0.0034 
    Largest link dim during sweep 78/87 was 640
    Largest truncation error: 2.06485e-10
    Energy after sweep 78/87 is -92.123444189256
    Sweep 78/87 CPU time = 2h, 53m, 12s (Wall time = 11m, 34s)

    vN Entropy at center bond b=151 = 1.414937511923
    Eigs at center bond b=151: 0.5711 0.1716 0.1229 0.0446 0.0404 0.0135 0.0089 0.0066 0.0037 0.0034 
    Largest link dim during sweep 79/87 was 640
    Largest truncation error: 2.07824e-10
    Energy after sweep 79/87 is -92.123444189243
    Sweep 79/87 CPU time = 2h, 50m, 58s (Wall time = 11m, 25s)

    vN Entropy at center bond b=151 = 1.414938017829
    Eigs at center bond b=151: 0.5711 0.1716 0.1229 0.0446 0.0404 0.0135 0.0089 0.0066 0.0037 0.0034 
    Largest link dim during sweep 80/87 was 640
    Largest truncation error: 2.08366e-10
    Energy after sweep 80/87 is -92.123444189183
    Sweep 80/87 CPU time = 2h, 50m, 31s (Wall time = 11m, 23s)

    vN Entropy at center bond b=151 = 1.414938190168
    Eigs at center bond b=151: 0.5711 0.1716 0.1229 0.0446 0.0404 0.0135 0.0089 0.0066 0.0037 0.0034 
    Largest link dim during sweep 81/87 was 640
    Largest truncation error: 2.08588e-10
    Energy after sweep 81/87 is -92.123444189154
    Sweep 81/87 CPU time = 2h, 53m, 17s (Wall time = 11m, 33s)

    vN Entropy at center bond b=151 = 1.414938254305
    Eigs at center bond b=151: 0.5711 0.1716 0.1229 0.0446 0.0404 0.0135 0.0089 0.0066 0.0037 0.0034 
    Largest link dim during sweep 82/87 was 640
    Largest truncation error: 2.08682e-10
    Energy after sweep 82/87 is -92.123444189141
    Sweep 82/87 CPU time = 2h, 55m, 2s (Wall time = 11m, 41s)

    vN Entropy at center bond b=151 = 1.414968946929
    Eigs at center bond b=151: 0.5711 0.1716 0.1229 0.0446 0.0404 0.0135 0.0089 0.0066 0.0037 0.0034 
    Largest link dim during sweep 83/87 was 1280
    Largest truncation error: 3.20586e-12
    Energy after sweep 83/87 is -92.123444567479
    Sweep 83/87 CPU time = 7h, 46m, 28s (Wall time = 35m, 36s)

    vN Entropy at center bond b=151 = 1.414981741246
    Eigs at center bond b=151: 0.5711 0.1716 0.1229 0.0446 0.0404 0.0135 0.0089 0.0066 0.0037 0.0034 
    Largest link dim during sweep 84/87 was 1280
    Largest truncation error: 4.36488e-12
    Energy after sweep 84/87 is -92.123444572131
    Sweep 84/87 CPU time = 11h, 19m, 45s (Wall time = 50m, 19s)

    vN Entropy at center bond b=151 = 1.414983030002
    Eigs at center bond b=151: 0.5711 0.1716 0.1229 0.0446 0.0404 0.0135 0.0089 0.0066 0.0037 0.0034 
    Largest link dim during sweep 85/87 was 1280
    Largest truncation error: 4.24216e-12
    Energy after sweep 85/87 is -92.123444572331
    Sweep 85/87 CPU time = 11h, 42m, 46s (Wall time = 49m, 28s)

    vN Entropy at center bond b=151 = 1.414983241634
    Eigs at center bond b=151: 0.5711 0.1716 0.1229 0.0446 0.0404 0.0135 0.0089 0.0066 0.0037 0.0034 
    Largest link dim during sweep 86/87 was 1280
    Largest truncation error: 4.29684e-12
    Energy after sweep 86/87 is -92.123444572347
    Sweep 86/87 CPU time = 11h, 43m, 53s (Wall time = 48m, 33s)

    vN Entropy at center bond b=151 = 1.414983290202
    Eigs at center bond b=151: 0.5711 0.1716 0.1229 0.0446 0.0404 0.0135 0.0089 0.0066 0.0037 0.0034 
    Largest link dim during sweep 87/87 was 1280
    Largest truncation error: 4.32183e-12
    Energy after sweep 87/87 is -92.123444572346
    Sweep 87/87 CPU time = 11h, 55m, 57s (Wall time = 49m, 22s)
Initial energy = 151.59000

Ground State Energy = -92.1234445723
run_outputs/outputpsi/N_303_sweep_87_t_0.030000_J_1.000000_V_0.600000_D_0.018000_U_2.000000_mu_1.000000_E_0.030000 converge
Wall-clock time (s) = 147659.873041
