//////////////////////////
Reading input file ......

Got input.N = 300
Got input.t = 0.03
Got input.J = 1
Got input.V = 0.6
Got input.D = 0.018
Got input.U = 0.02
Got input.mu = 0.1
Got input.E = 0.001
Got input.nsweeps = 87
Sweeps:
1  MaxDim=20, MinDim=20, Cutoff=1.0E-06, Niter=8, Noise=1.0E-05
2  MaxDim=20, MinDim=20, Cutoff=1.0E-06, Niter=8, Noise=1.0E-05
3  MaxDim=20, MinDim=20, Cutoff=1.0E-06, Niter=8, Noise=1.0E-05
4  MaxDim=20, MinDim=20, Cutoff=1.0E-06, Niter=8, Noise=1.0E-05
5  MaxDim=20, MinDim=20, Cutoff=1.0E-06, Niter=8, Noise=1.0E-05
6  MaxDim=20, MinDim=20, Cutoff=1.0E-06, Niter=8, Noise=1.0E-05
7  MaxDim=20, MinDim=20, Cutoff=1.0E-06, Niter=8, Noise=1.0E-05
8  MaxDim=40, MinDim=20, Cutoff=1.0E-06, Niter=4, Noise=1.0E-05
9  MaxDim=40, MinDim=20, Cutoff=1.0E-06, Niter=4, Noise=1.0E-05
10  MaxDim=40, MinDim=20, Cutoff=1.0E-06, Niter=4, Noise=1.0E-05
11  MaxDim=40, MinDim=20, Cutoff=1.0E-06, Niter=4, Noise=1.0E-05
12  MaxDim=40, MinDim=20, Cutoff=1.0E-06, Niter=4, Noise=1.0E-05
13  MaxDim=40, MinDim=20, Cutoff=1.0E-06, Niter=4, Noise=1.0E-05
14  MaxDim=40, MinDim=20, Cutoff=1.0E-06, Niter=4, Noise=1.0E-05
15  MaxDim=80, MinDim=10, Cutoff=1.0E-06, Niter=4, Noise=1.0E-05
16  MaxDim=80, MinDim=10, Cutoff=1.0E-06, Niter=4, Noise=1.0E-05
17  MaxDim=80, MinDim=10, Cutoff=1.0E-06, Niter=4, Noise=1.0E-05
18  MaxDim=80, MinDim=10, Cutoff=1.0E-06, Niter=4, Noise=1.0E-05
19  MaxDim=80, MinDim=10, Cutoff=1.0E-06, Niter=4, Noise=1.0E-05
20  MaxDim=80, MinDim=10, Cutoff=1.0E-06, Niter=4, Noise=1.0E-05
21  MaxDim=80, MinDim=10, Cutoff=1.0E-06, Niter=4, Noise=1.0E-05
22  MaxDim=80, MinDim=10, Cutoff=1.0E-06, Niter=4, Noise=1.0E-05
23  MaxDim=80, MinDim=10, Cutoff=1.0E-06, Niter=4, Noise=1.0E-05
24  MaxDim=80, MinDim=10, Cutoff=1.0E-06, Niter=4, Noise=1.0E-05
25  MaxDim=80, MinDim=10, Cutoff=1.0E-06, Niter=4, Noise=1.0E-05
26  MaxDim=80, MinDim=10, Cutoff=1.0E-06, Niter=4, Noise=1.0E-05
27  MaxDim=80, MinDim=10, Cutoff=1.0E-06, Niter=4, Noise=1.0E-05
28  MaxDim=80, MinDim=10, Cutoff=1.0E-06, Niter=4, Noise=1.0E-05
29  MaxDim=80, MinDim=10, Cutoff=1.0E-06, Niter=4, Noise=1.0E-05
30  MaxDim=80, MinDim=10, Cutoff=1.0E-06, Niter=4, Noise=1.0E-05
31  MaxDim=80, MinDim=10, Cutoff=1.0E-06, Niter=4, Noise=1.0E-05
32  MaxDim=80, MinDim=10, Cutoff=1.0E-06, Niter=4, Noise=1.0E-05
33  MaxDim=80, MinDim=10, Cutoff=1.0E-06, Niter=4, Noise=1.0E-05
34  MaxDim=80, MinDim=10, Cutoff=1.0E-06, Niter=4, Noise=1.0E-05
35  MaxDim=80, MinDim=10, Cutoff=1.0E-06, Niter=4, Noise=1.0E-05
36  MaxDim=80, MinDim=10, Cutoff=1.0E-06, Niter=4, Noise=1.0E-05
37  MaxDim=160, MinDim=10, Cutoff=1.0E-08, Niter=4, Noise=1.0E-06
38  MaxDim=160, MinDim=10, Cutoff=1.0E-08, Niter=4, Noise=1.0E-06
39  MaxDim=160, MinDim=10, Cutoff=1.0E-08, Niter=4, Noise=1.0E-06
40  MaxDim=160, MinDim=10, Cutoff=1.0E-08, Niter=4, Noise=1.0E-06
41  MaxDim=160, MinDim=10, Cutoff=1.0E-08, Niter=4, Noise=1.0E-06
42  MaxDim=160, MinDim=10, Cutoff=1.0E-08, Niter=4, Noise=1.0E-06
43  MaxDim=160, MinDim=10, Cutoff=1.0E-08, Niter=4, Noise=1.0E-06
44  MaxDim=160, MinDim=10, Cutoff=1.0E-08, Niter=4, Noise=1.0E-06
45  MaxDim=160, MinDim=10, Cutoff=1.0E-08, Niter=4, Noise=1.0E-06
46  MaxDim=160, MinDim=10, Cutoff=1.0E-08, Niter=4, Noise=1.0E-06
47  MaxDim=160, MinDim=10, Cutoff=1.0E-08, Niter=4, Noise=1.0E-06
48  MaxDim=160, MinDim=10, Cutoff=1.0E-08, Niter=4, Noise=1.0E-06
49  MaxDim=160, MinDim=10, Cutoff=1.0E-08, Niter=4, Noise=1.0E-06
50  MaxDim=160, MinDim=10, Cutoff=1.0E-08, Niter=4, Noise=1.0E-06
51  MaxDim=160, MinDim=10, Cutoff=1.0E-08, Niter=4, Noise=1.0E-06
52  MaxDim=160, MinDim=10, Cutoff=1.0E-08, Niter=4, Noise=1.0E-06
53  MaxDim=160, MinDim=10, Cutoff=1.0E-08, Niter=4, Noise=1.0E-06
54  MaxDim=160, MinDim=10, Cutoff=1.0E-08, Niter=4, Noise=1.0E-06
55  MaxDim=160, MinDim=10, Cutoff=1.0E-08, Niter=4, Noise=1.0E-06
56  MaxDim=160, MinDim=10, Cutoff=1.0E-08, Niter=4, Noise=1.0E-06
57  MaxDim=160, MinDim=10, Cutoff=1.0E-08, Niter=4, Noise=1.0E-06
58  MaxDim=160, MinDim=10, Cutoff=1.0E-08, Niter=4, Noise=1.0E-06
59  MaxDim=320, MinDim=10, Cutoff=1.0E-10, Niter=4, Noise=1.0E-07
60  MaxDim=320, MinDim=10, Cutoff=1.0E-10, Niter=4, Noise=1.0E-07
61  MaxDim=320, MinDim=10, Cutoff=1.0E-10, Niter=4, Noise=1.0E-07
62  MaxDim=320, MinDim=10, Cutoff=1.0E-10, Niter=4, Noise=1.0E-07
63  MaxDim=320, MinDim=10, Cutoff=1.0E-10, Niter=4, Noise=1.0E-07
64  MaxDim=320, MinDim=10, Cutoff=1.0E-10, Niter=4, Noise=1.0E-07
65  MaxDim=320, MinDim=10, Cutoff=1.0E-10, Niter=4, Noise=1.0E-07
66  MaxDim=320, MinDim=10, Cutoff=1.0E-10, Niter=4, Noise=1.0E-07
67  MaxDim=320, MinDim=10, Cutoff=1.0E-10, Niter=4, Noise=1.0E-07
68  MaxDim=320, MinDim=10, Cutoff=1.0E-10, Niter=4, Noise=1.0E-07
69  MaxDim=320, MinDim=10, Cutoff=1.0E-10, Niter=4, Noise=1.0E-07
70  MaxDim=320, MinDim=10, Cutoff=1.0E-10, Niter=4, Noise=1.0E-07
71  MaxDim=320, MinDim=10, Cutoff=1.0E-10, Niter=4, Noise=1.0E-07
72  MaxDim=320, MinDim=10, Cutoff=1.0E-10, Niter=4, Noise=1.0E-07
73  MaxDim=320, MinDim=10, Cutoff=1.0E-10, Niter=4, Noise=1.0E-07
74  MaxDim=320, MinDim=10, Cutoff=1.0E-10, Niter=4, Noise=1.0E-07
75  MaxDim=640, MinDim=10, Cutoff=1.0E-12, Niter=2, Noise=1.0E-08
76  MaxDim=640, MinDim=10, Cutoff=1.0E-12, Niter=2, Noise=1.0E-08
77  MaxDim=640, MinDim=10, Cutoff=1.0E-12, Niter=2, Noise=1.0E-08
78  MaxDim=640, MinDim=10, Cutoff=1.0E-12, Niter=2, Noise=1.0E-08
79  MaxDim=640, MinDim=10, Cutoff=1.0E-12, Niter=2, Noise=1.0E-08
80  MaxDim=640, MinDim=10, Cutoff=1.0E-12, Niter=2, Noise=1.0E-08
81  MaxDim=640, MinDim=10, Cutoff=1.0E-12, Niter=2, Noise=1.0E-08
82  MaxDim=640, MinDim=10, Cutoff=1.0E-12, Niter=2, Noise=1.0E-08
83  MaxDim=1280, MinDim=10, Cutoff=1.0E-12, Niter=2, Noise=0.0E+00
84  MaxDim=1280, MinDim=10, Cutoff=1.0E-14, Niter=2, Noise=0.0E+00
85  MaxDim=1280, MinDim=10, Cutoff=1.0E-14, Niter=2, Noise=0.0E+00
86  MaxDim=1280, MinDim=10, Cutoff=1.0E-14, Niter=2, Noise=0.0E+00
87  MaxDim=1280, MinDim=10, Cutoff=1.0E-14, Niter=2, Noise=0.0E+00


    vN Entropy at center bond b=150 = 0.514055914888
    Eigs at center bond b=150: 0.8445 0.1309 0.0205 0.0031 
    Largest link dim during sweep 1/87 was 20
    Largest truncation error: 4.72156e-05
    Energy after sweep 1/87 is -195.529530160983
    Sweep 1/87 CPU time = 17.90s (Wall time = 1.159s)

    vN Entropy at center bond b=150 = 0.689682987672
    Eigs at center bond b=150: 0.7558 0.2095 0.0236 0.0065 0.0031 
    Largest link dim during sweep 2/87 was 20
    Largest truncation error: 2.69629e-06
    Energy after sweep 2/87 is -195.941532526394
    Sweep 2/87 CPU time = 24.95s (Wall time = 1.598s)

    vN Entropy at center bond b=150 = 0.718620178497
    Eigs at center bond b=150: 0.7389 0.2238 0.0248 0.0075 0.0033 
    Largest link dim during sweep 3/87 was 20
    Largest truncation error: 1.81e-06
    Energy after sweep 3/87 is -195.947131811945
    Sweep 3/87 CPU time = 24.94s (Wall time = 1.595s)

    vN Entropy at center bond b=150 = 0.718860087242
    Eigs at center bond b=150: 0.7388 0.2239 0.0248 0.0075 0.0033 
    Largest link dim during sweep 4/87 was 20
    Largest truncation error: 1.82763e-06
    Energy after sweep 4/87 is -195.947164614657
    Sweep 4/87 CPU time = 24.97s (Wall time = 1.598s)

    vN Entropy at center bond b=150 = 0.718863093277
    Eigs at center bond b=150: 0.7388 0.2239 0.0248 0.0075 0.0033 
    Largest link dim during sweep 5/87 was 20
    Largest truncation error: 1.82864e-06
    Energy after sweep 5/87 is -195.947166677071
    Sweep 5/87 CPU time = 24.91s (Wall time = 1.595s)

    vN Entropy at center bond b=150 = 0.718863817824
    Eigs at center bond b=150: 0.7388 0.2239 0.0248 0.0075 0.0033 
    Largest link dim during sweep 6/87 was 20
    Largest truncation error: 1.8287e-06
    Energy after sweep 6/87 is -195.947166913053
    Sweep 6/87 CPU time = 24.82s (Wall time = 1.593s)

    vN Entropy at center bond b=150 = 0.718863939258
    Eigs at center bond b=150: 0.7388 0.2239 0.0248 0.0075 0.0033 
    Largest link dim during sweep 7/87 was 20
    Largest truncation error: 1.8287e-06
    Energy after sweep 7/87 is -195.947166857643
    Sweep 7/87 CPU time = 24.84s (Wall time = 1.593s)

    vN Entropy at center bond b=150 = 0.719129805394
    Eigs at center bond b=150: 0.7387 0.2240 0.0249 0.0075 0.0033 
    Largest link dim during sweep 8/87 was 25
    Largest truncation error: 7.4674e-07
    Energy after sweep 8/87 is -195.947868976933
    Sweep 8/87 CPU time = 14.32s (Wall time = 0.917s)

    vN Entropy at center bond b=150 = 0.719250128868
    Eigs at center bond b=150: 0.7386 0.2240 0.0249 0.0075 0.0033 
    Largest link dim during sweep 9/87 was 25
    Largest truncation error: 7.38265e-07
    Energy after sweep 9/87 is -195.947875659259
    Sweep 9/87 CPU time = 14.66s (Wall time = 0.937s)

    vN Entropy at center bond b=150 = 0.719289070699
    Eigs at center bond b=150: 0.7386 0.2240 0.0249 0.0075 0.0033 
    Largest link dim during sweep 10/87 was 25
    Largest truncation error: 7.38026e-07
    Energy after sweep 10/87 is -195.947877392036
    Sweep 10/87 CPU time = 14.66s (Wall time = 0.938s)

    vN Entropy at center bond b=150 = 0.719302989354
    Eigs at center bond b=150: 0.7386 0.2240 0.0249 0.0075 0.0033 
    Largest link dim during sweep 11/87 was 25
    Largest truncation error: 7.37961e-07
    Energy after sweep 11/87 is -195.947876603925
    Sweep 11/87 CPU time = 14.64s (Wall time = 0.938s)

    vN Entropy at center bond b=150 = 0.719309166141
    Eigs at center bond b=150: 0.7386 0.2240 0.0249 0.0075 0.0033 
    Largest link dim during sweep 12/87 was 25
    Largest truncation error: 7.37941e-07
    Energy after sweep 12/87 is -195.947878749927
    Sweep 12/87 CPU time = 14.62s (Wall time = 0.936s)

    vN Entropy at center bond b=150 = 0.719309944691
    Eigs at center bond b=150: 0.7386 0.2240 0.0249 0.0075 0.0033 
    Largest link dim during sweep 13/87 was 25
    Largest truncation error: 7.37934e-07
    Energy after sweep 13/87 is -195.947877777799
    Sweep 13/87 CPU time = 14.58s (Wall time = 0.935s)

    vN Entropy at center bond b=150 = 0.719312412836
    Eigs at center bond b=150: 0.7386 0.2240 0.0249 0.0075 0.0033 
    Largest link dim during sweep 14/87 was 25
    Largest truncation error: 7.37932e-07
    Energy after sweep 14/87 is -195.947877799325
    Sweep 14/87 CPU time = 14.64s (Wall time = 0.935s)

    vN Entropy at center bond b=150 = 0.719148510390
    Eigs at center bond b=150: 0.7386 0.2240 0.0249 0.0075 0.0033 
    Largest link dim during sweep 15/87 was 24
    Largest truncation error: 7.37379e-07
    Energy after sweep 15/87 is -195.947774510435
    Sweep 15/87 CPU time = 13.89s (Wall time = 0.890s)

    vN Entropy at center bond b=150 = 0.719161457097
    Eigs at center bond b=150: 0.7386 0.2240 0.0249 0.0075 0.0033 
    Largest link dim during sweep 16/87 was 24
    Largest truncation error: 7.3866e-07
    Energy after sweep 16/87 is -195.947771513836
    Sweep 16/87 CPU time = 13.84s (Wall time = 0.886s)

    vN Entropy at center bond b=150 = 0.719166041557
    Eigs at center bond b=150: 0.7386 0.2240 0.0249 0.0075 0.0033 
    Largest link dim during sweep 17/87 was 24
    Largest truncation error: 7.36778e-07
    Energy after sweep 17/87 is -195.947771471476
    Sweep 17/87 CPU time = 13.64s (Wall time = 0.878s)

    vN Entropy at center bond b=150 = 0.719167563407
    Eigs at center bond b=150: 0.7386 0.2240 0.0249 0.0075 0.0033 
    Largest link dim during sweep 18/87 was 24
    Largest truncation error: 7.3679e-07
    Energy after sweep 18/87 is -195.947771471393
    Sweep 18/87 CPU time = 13.76s (Wall time = 0.879s)

    vN Entropy at center bond b=150 = 0.719168052561
    Eigs at center bond b=150: 0.7386 0.2240 0.0249 0.0075 0.0033 
    Largest link dim during sweep 19/87 was 24
    Largest truncation error: 7.36793e-07
    Energy after sweep 19/87 is -195.947771473041
    Sweep 19/87 CPU time = 13.67s (Wall time = 0.878s)

    vN Entropy at center bond b=150 = 0.719168208162
    Eigs at center bond b=150: 0.7386 0.2240 0.0249 0.0075 0.0033 
    Largest link dim during sweep 20/87 was 24
    Largest truncation error: 7.36794e-07
    Energy after sweep 20/87 is -195.947771474115
    Sweep 20/87 CPU time = 13.75s (Wall time = 0.878s)

    vN Entropy at center bond b=150 = 0.719168257605
    Eigs at center bond b=150: 0.7386 0.2240 0.0249 0.0075 0.0033 
    Largest link dim during sweep 21/87 was 24
    Largest truncation error: 7.36795e-07
    Energy after sweep 21/87 is -195.947771474654
    Sweep 21/87 CPU time = 13.71s (Wall time = 0.876s)

    vN Entropy at center bond b=150 = 0.719168273401
    Eigs at center bond b=150: 0.7386 0.2240 0.0249 0.0075 0.0033 
    Largest link dim during sweep 22/87 was 24
    Largest truncation error: 7.36795e-07
    Energy after sweep 22/87 is -195.947771474888
    Sweep 22/87 CPU time = 13.70s (Wall time = 0.879s)

    vN Entropy at center bond b=150 = 0.719168278499
    Eigs at center bond b=150: 0.7386 0.2240 0.0249 0.0075 0.0033 
    Largest link dim during sweep 23/87 was 24
    Largest truncation error: 7.36795e-07
    Energy after sweep 23/87 is -195.947771474988
    Sweep 23/87 CPU time = 13.70s (Wall time = 0.878s)

    vN Entropy at center bond b=150 = 0.719168280168
    Eigs at center bond b=150: 0.7386 0.2240 0.0249 0.0075 0.0033 
    Largest link dim during sweep 24/87 was 24
    Largest truncation error: 7.36795e-07
    Energy after sweep 24/87 is -195.947771475029
    Sweep 24/87 CPU time = 13.79s (Wall time = 0.885s)

    vN Entropy at center bond b=150 = 0.719168280723
    Eigs at center bond b=150: 0.7386 0.2240 0.0249 0.0075 0.0033 
    Largest link dim during sweep 25/87 was 24
    Largest truncation error: 7.36795e-07
    Energy after sweep 25/87 is -195.947771475046
    Sweep 25/87 CPU time = 13.75s (Wall time = 0.880s)

    vN Entropy at center bond b=150 = 0.719168280910
    Eigs at center bond b=150: 0.7386 0.2240 0.0249 0.0075 0.0033 
    Largest link dim during sweep 26/87 was 24
    Largest truncation error: 7.36795e-07
    Energy after sweep 26/87 is -195.947771475052
    Sweep 26/87 CPU time = 13.71s (Wall time = 0.877s)

    vN Entropy at center bond b=150 = 0.719168280974
    Eigs at center bond b=150: 0.7386 0.2240 0.0249 0.0075 0.0033 
    Largest link dim during sweep 27/87 was 24
    Largest truncation error: 7.36795e-07
    Energy after sweep 27/87 is -195.947771475047
    Sweep 27/87 CPU time = 13.77s (Wall time = 0.879s)

    vN Entropy at center bond b=150 = 0.719168280997
    Eigs at center bond b=150: 0.7386 0.2240 0.0249 0.0075 0.0033 
    Largest link dim during sweep 28/87 was 24
    Largest truncation error: 7.36795e-07
    Energy after sweep 28/87 is -195.947771475039
    Sweep 28/87 CPU time = 13.76s (Wall time = 0.881s)

    vN Entropy at center bond b=150 = 0.719168281003
    Eigs at center bond b=150: 0.7386 0.2240 0.0249 0.0075 0.0033 
    Largest link dim during sweep 29/87 was 24
    Largest truncation error: 7.36795e-07
    Energy after sweep 29/87 is -195.947771475012
    Sweep 29/87 CPU time = 13.76s (Wall time = 0.881s)

    vN Entropy at center bond b=150 = 0.719168281002
    Eigs at center bond b=150: 0.7386 0.2240 0.0249 0.0075 0.0033 
    Largest link dim during sweep 30/87 was 24
    Largest truncation error: 7.36795e-07
    Energy after sweep 30/87 is -195.947771474948
    Sweep 30/87 CPU time = 13.77s (Wall time = 0.880s)

    vN Entropy at center bond b=150 = 0.719168280993
    Eigs at center bond b=150: 0.7386 0.2240 0.0249 0.0075 0.0033 
    Largest link dim during sweep 31/87 was 24
    Largest truncation error: 7.36795e-07
    Energy after sweep 31/87 is -195.947771474783
    Sweep 31/87 CPU time = 13.71s (Wall time = 0.879s)

    vN Entropy at center bond b=150 = 0.719168280969
    Eigs at center bond b=150: 0.7386 0.2240 0.0249 0.0075 0.0033 
    Largest link dim during sweep 32/87 was 24
    Largest truncation error: 7.36795e-07
    Energy after sweep 32/87 is -195.947771474375
    Sweep 32/87 CPU time = 13.72s (Wall time = 0.879s)

    vN Entropy at center bond b=150 = 0.719168280908
    Eigs at center bond b=150: 0.7386 0.2240 0.0249 0.0075 0.0033 
    Largest link dim during sweep 33/87 was 24
    Largest truncation error: 7.36795e-07
    Energy after sweep 33/87 is -195.947771473368
    Sweep 33/87 CPU time = 13.72s (Wall time = 0.881s)

    vN Entropy at center bond b=150 = 0.719168280757
    Eigs at center bond b=150: 0.7386 0.2240 0.0249 0.0075 0.0033 
    Largest link dim during sweep 34/87 was 24
    Largest truncation error: 7.36795e-07
    Energy after sweep 34/87 is -195.947771470888
    Sweep 34/87 CPU time = 13.73s (Wall time = 0.879s)

    vN Entropy at center bond b=150 = 0.719168280385
    Eigs at center bond b=150: 0.7386 0.2240 0.0249 0.0075 0.0033 
    Largest link dim during sweep 35/87 was 24
    Largest truncation error: 7.36795e-07
    Energy after sweep 35/87 is -195.947771464808
    Sweep 35/87 CPU time = 13.80s (Wall time = 0.885s)

    vN Entropy at center bond b=150 = 0.719168279467
    Eigs at center bond b=150: 0.7386 0.2240 0.0249 0.0075 0.0033 
    Largest link dim during sweep 36/87 was 24
    Largest truncation error: 7.36795e-07
    Energy after sweep 36/87 is -195.947771450113
    Sweep 36/87 CPU time = 13.70s (Wall time = 0.877s)

    vN Entropy at center bond b=150 = 0.720182359505
    Eigs at center bond b=150: 0.7383 0.2242 0.0250 0.0076 0.0033 
    Largest link dim during sweep 37/87 was 46
    Largest truncation error: 8.08609e-09
    Energy after sweep 37/87 is -195.948709707056
    Sweep 37/87 CPU time = 29.25s (Wall time = 1.872s)

    vN Entropy at center bond b=150 = 0.720324673733
    Eigs at center bond b=150: 0.7383 0.2242 0.0249 0.0076 0.0033 
    Largest link dim during sweep 38/87 was 48
    Largest truncation error: 8.12817e-09
    Energy after sweep 38/87 is -195.948713974582
    Sweep 38/87 CPU time = 38.95s (Wall time = 2.498s)

    vN Entropy at center bond b=150 = 0.720360767812
    Eigs at center bond b=150: 0.7383 0.2242 0.0249 0.0075 0.0033 
    Largest link dim during sweep 39/87 was 48
    Largest truncation error: 8.13187e-09
    Energy after sweep 39/87 is -195.948715232923
    Sweep 39/87 CPU time = 39.18s (Wall time = 2.510s)

    vN Entropy at center bond b=150 = 0.720374587001
    Eigs at center bond b=150: 0.7383 0.2242 0.0249 0.0075 0.0033 
    Largest link dim during sweep 40/87 was 48
    Largest truncation error: 8.13264e-09
    Energy after sweep 40/87 is -195.948715307391
    Sweep 40/87 CPU time = 39.33s (Wall time = 2.526s)

    vN Entropy at center bond b=150 = 0.720380446167
    Eigs at center bond b=150: 0.7383 0.2242 0.0249 0.0075 0.0033 
    Largest link dim during sweep 41/87 was 49
    Largest truncation error: 8.1328e-09
    Energy after sweep 41/87 is -195.948715311301
    Sweep 41/87 CPU time = 39.32s (Wall time = 2.524s)

    vN Entropy at center bond b=150 = 0.720382953273
    Eigs at center bond b=150: 0.7383 0.2242 0.0249 0.0075 0.0033 
    Largest link dim during sweep 42/87 was 49
    Largest truncation error: 8.13285e-09
    Energy after sweep 42/87 is -195.948715308227
    Sweep 42/87 CPU time = 39.51s (Wall time = 2.549s)

    vN Entropy at center bond b=150 = 0.720383940929
    Eigs at center bond b=150: 0.7383 0.2242 0.0249 0.0075 0.0033 
    Largest link dim during sweep 43/87 was 49
    Largest truncation error: 8.13282e-09
    Energy after sweep 43/87 is -195.948714824324
    Sweep 43/87 CPU time = 39.42s (Wall time = 2.527s)

    vN Entropy at center bond b=150 = 0.720385529913
    Eigs at center bond b=150: 0.7383 0.2242 0.0249 0.0075 0.0033 
    Largest link dim during sweep 44/87 was 49
    Largest truncation error: 8.13281e-09
    Energy after sweep 44/87 is -195.948714805041
    Sweep 44/87 CPU time = 39.39s (Wall time = 2.528s)

    vN Entropy at center bond b=150 = 0.720386331873
    Eigs at center bond b=150: 0.7383 0.2242 0.0249 0.0075 0.0033 
    Largest link dim during sweep 45/87 was 49
    Largest truncation error: 8.13281e-09
    Energy after sweep 45/87 is -195.948714809648
    Sweep 45/87 CPU time = 39.54s (Wall time = 2.532s)

    vN Entropy at center bond b=150 = 0.720386713962
    Eigs at center bond b=150: 0.7383 0.2242 0.0249 0.0075 0.0033 
    Largest link dim during sweep 46/87 was 49
    Largest truncation error: 8.13286e-09
    Energy after sweep 46/87 is -195.948714808335
    Sweep 46/87 CPU time = 39.50s (Wall time = 2.532s)

    vN Entropy at center bond b=150 = 0.720386889288
    Eigs at center bond b=150: 0.7383 0.2242 0.0249 0.0075 0.0033 
    Largest link dim during sweep 47/87 was 49
    Largest truncation error: 8.13289e-09
    Energy after sweep 47/87 is -195.948714807802
    Sweep 47/87 CPU time = 39.37s (Wall time = 2.526s)

    vN Entropy at center bond b=150 = 0.720386967660
    Eigs at center bond b=150: 0.7383 0.2242 0.0249 0.0075 0.0033 
    Largest link dim during sweep 48/87 was 49
    Largest truncation error: 8.13289e-09
    Energy after sweep 48/87 is -195.948714807586
    Sweep 48/87 CPU time = 39.38s (Wall time = 2.526s)

    vN Entropy at center bond b=150 = 0.720387002080
    Eigs at center bond b=150: 0.7383 0.2242 0.0249 0.0075 0.0033 
    Largest link dim during sweep 49/87 was 49
    Largest truncation error: 8.13289e-09
    Energy after sweep 49/87 is -195.948714807499
    Sweep 49/87 CPU time = 39.43s (Wall time = 2.531s)

    vN Entropy at center bond b=150 = 0.720387017021
    Eigs at center bond b=150: 0.7383 0.2242 0.0249 0.0075 0.0033 
    Largest link dim during sweep 50/87 was 49
    Largest truncation error: 8.13289e-09
    Energy after sweep 50/87 is -195.948714807461
    Sweep 50/87 CPU time = 39.40s (Wall time = 2.523s)

    vN Entropy at center bond b=150 = 0.720387023458
    Eigs at center bond b=150: 0.7383 0.2242 0.0249 0.0075 0.0033 
    Largest link dim during sweep 51/87 was 49
    Largest truncation error: 8.13289e-09
    Energy after sweep 51/87 is -195.948714807444
    Sweep 51/87 CPU time = 39.53s (Wall time = 2.528s)

    vN Entropy at center bond b=150 = 0.720387026218
    Eigs at center bond b=150: 0.7383 0.2242 0.0249 0.0075 0.0033 
    Largest link dim during sweep 52/87 was 49
    Largest truncation error: 8.13289e-09
    Energy after sweep 52/87 is -195.948714807440
    Sweep 52/87 CPU time = 39.32s (Wall time = 2.526s)

    vN Entropy at center bond b=150 = 0.720387027398
    Eigs at center bond b=150: 0.7383 0.2242 0.0249 0.0075 0.0033 
    Largest link dim during sweep 53/87 was 49
    Largest truncation error: 8.13289e-09
    Energy after sweep 53/87 is -195.948714807438
    Sweep 53/87 CPU time = 39.45s (Wall time = 2.540s)

    vN Entropy at center bond b=150 = 0.720387027901
    Eigs at center bond b=150: 0.7383 0.2242 0.0249 0.0075 0.0033 
    Largest link dim during sweep 54/87 was 49
    Largest truncation error: 8.13289e-09
    Energy after sweep 54/87 is -195.948714807435
    Sweep 54/87 CPU time = 39.42s (Wall time = 2.522s)

    vN Entropy at center bond b=150 = 0.720387028115
    Eigs at center bond b=150: 0.7383 0.2242 0.0249 0.0075 0.0033 
    Largest link dim during sweep 55/87 was 49
    Largest truncation error: 8.13289e-09
    Energy after sweep 55/87 is -195.948714807378
    Sweep 55/87 CPU time = 39.31s (Wall time = 2.523s)

    vN Entropy at center bond b=150 = 0.720387028207
    Eigs at center bond b=150: 0.7383 0.2242 0.0249 0.0075 0.0033 
    Largest link dim during sweep 56/87 was 49
    Largest truncation error: 8.13289e-09
    Energy after sweep 56/87 is -195.948714806244
    Sweep 56/87 CPU time = 39.36s (Wall time = 2.524s)

    vN Entropy at center bond b=150 = 0.720387028245
    Eigs at center bond b=150: 0.7383 0.2242 0.0249 0.0075 0.0033 
    Largest link dim during sweep 57/87 was 49
    Largest truncation error: 8.13289e-09
    Energy after sweep 57/87 is -195.948714801975
    Sweep 57/87 CPU time = 39.63s (Wall time = 2.552s)

    vN Entropy at center bond b=150 = 0.720387028262
    Eigs at center bond b=150: 0.7383 0.2242 0.0249 0.0075 0.0033 
    Largest link dim during sweep 58/87 was 49
    Largest truncation error: 8.13289e-09
    Energy after sweep 58/87 is -195.948714801358
    Sweep 58/87 CPU time = 39.45s (Wall time = 2.530s)

    vN Entropy at center bond b=150 = 0.720457208680
    Eigs at center bond b=150: 0.7382 0.2242 0.0249 0.0076 0.0033 
    Largest link dim during sweep 59/87 was 88
    Largest truncation error: 7.70229e-11
    Energy after sweep 59/87 is -195.948726407017
    Sweep 59/87 CPU time = 1m, 42.7s (Wall time = 6.600s)

    vN Entropy at center bond b=150 = 0.720485522814
    Eigs at center bond b=150: 0.7382 0.2242 0.0249 0.0076 0.0033 
    Largest link dim during sweep 60/87 was 91
    Largest truncation error: 7.70282e-11
    Energy after sweep 60/87 is -195.948726549998
    Sweep 60/87 CPU time = 2m, 31.4s (Wall time = 9.764s)

    vN Entropy at center bond b=150 = 0.720491199417
    Eigs at center bond b=150: 0.7382 0.2242 0.0249 0.0076 0.0033 
    Largest link dim during sweep 61/87 was 92
    Largest truncation error: 7.70286e-11
    Energy after sweep 61/87 is -195.948726558428
    Sweep 61/87 CPU time = 2m, 19.1s (Wall time = 8.926s)

    vN Entropy at center bond b=150 = 0.720492790260
    Eigs at center bond b=150: 0.7382 0.2242 0.0249 0.0076 0.0033 
    Largest link dim during sweep 62/87 was 92
    Largest truncation error: 7.70285e-11
    Energy after sweep 62/87 is -195.948726559898
    Sweep 62/87 CPU time = 2m, 20.7s (Wall time = 9.030s)

    vN Entropy at center bond b=150 = 0.720493446250
    Eigs at center bond b=150: 0.7382 0.2242 0.0249 0.0076 0.0033 
    Largest link dim during sweep 63/87 was 92
    Largest truncation error: 7.70284e-11
    Energy after sweep 63/87 is -195.948726560327
    Sweep 63/87 CPU time = 2m, 20.9s (Wall time = 9.035s)

    vN Entropy at center bond b=150 = 0.720493732990
    Eigs at center bond b=150: 0.7382 0.2242 0.0249 0.0076 0.0033 
    Largest link dim during sweep 64/87 was 92
    Largest truncation error: 7.70284e-11
    Energy after sweep 64/87 is -195.948726560561
    Sweep 64/87 CPU time = 2m, 22.4s (Wall time = 9.150s)

    vN Entropy at center bond b=150 = 0.720493861237
    Eigs at center bond b=150: 0.7382 0.2242 0.0249 0.0076 0.0033 
    Largest link dim during sweep 65/87 was 92
    Largest truncation error: 7.70284e-11
    Energy after sweep 65/87 is -195.948726560678
    Sweep 65/87 CPU time = 2m, 21.5s (Wall time = 9.088s)

    vN Entropy at center bond b=150 = 0.720493921162
    Eigs at center bond b=150: 0.7382 0.2242 0.0249 0.0076 0.0033 
    Largest link dim during sweep 66/87 was 92
    Largest truncation error: 7.70285e-11
    Energy after sweep 66/87 is -195.948726560687
    Sweep 66/87 CPU time = 2m, 20.9s (Wall time = 9.036s)

    vN Entropy at center bond b=150 = 0.720493950272
    Eigs at center bond b=150: 0.7382 0.2242 0.0249 0.0076 0.0033 
    Largest link dim during sweep 67/87 was 92
    Largest truncation error: 7.70287e-11
    Energy after sweep 67/87 is -195.948726560691
    Sweep 67/87 CPU time = 2m, 20.7s (Wall time = 9.028s)

    vN Entropy at center bond b=150 = 0.720493964862
    Eigs at center bond b=150: 0.7382 0.2242 0.0249 0.0076 0.0033 
    Largest link dim during sweep 68/87 was 92
    Largest truncation error: 7.70286e-11
    Energy after sweep 68/87 is -195.948726560696
    Sweep 68/87 CPU time = 2m, 21.1s (Wall time = 9.085s)

    vN Entropy at center bond b=150 = 0.720493972345
    Eigs at center bond b=150: 0.7382 0.2242 0.0249 0.0076 0.0033 
    Largest link dim during sweep 69/87 was 92
    Largest truncation error: 7.70286e-11
    Energy after sweep 69/87 is -195.948726560699
    Sweep 69/87 CPU time = 2m, 20.7s (Wall time = 9.028s)

    vN Entropy at center bond b=150 = 0.720493976243
    Eigs at center bond b=150: 0.7382 0.2242 0.0249 0.0076 0.0033 
    Largest link dim during sweep 70/87 was 92
    Largest truncation error: 7.70286e-11
    Energy after sweep 70/87 is -195.948726560697
    Sweep 70/87 CPU time = 2m, 20.9s (Wall time = 9.048s)

    vN Entropy at center bond b=150 = 0.720493978296
    Eigs at center bond b=150: 0.7382 0.2242 0.0249 0.0076 0.0033 
    Largest link dim during sweep 71/87 was 92
    Largest truncation error: 7.70285e-11
    Energy after sweep 71/87 is -195.948726560700
    Sweep 71/87 CPU time = 2m, 20.9s (Wall time = 9.045s)

    vN Entropy at center bond b=150 = 0.720493979384
    Eigs at center bond b=150: 0.7382 0.2242 0.0249 0.0076 0.0033 
    Largest link dim during sweep 72/87 was 92
    Largest truncation error: 7.70284e-11
    Energy after sweep 72/87 is -195.948726560700
    Sweep 72/87 CPU time = 2m, 22.4s (Wall time = 9.126s)

    vN Entropy at center bond b=150 = 0.720493979963
    Eigs at center bond b=150: 0.7382 0.2242 0.0249 0.0076 0.0033 
    Largest link dim during sweep 73/87 was 92
    Largest truncation error: 7.70286e-11
    Energy after sweep 73/87 is -195.948726560700
    Sweep 73/87 CPU time = 2m, 22.5s (Wall time = 9.141s)

    vN Entropy at center bond b=150 = 0.720493980272
    Eigs at center bond b=150: 0.7382 0.2242 0.0249 0.0076 0.0033 
    Largest link dim during sweep 74/87 was 92
    Largest truncation error: 7.70284e-11
    Energy after sweep 74/87 is -195.948726560697
    Sweep 74/87 CPU time = 2m, 22.1s (Wall time = 9.126s)

    vN Entropy at center bond b=150 = 0.720498208064
    Eigs at center bond b=150: 0.7382 0.2242 0.0249 0.0076 0.0033 
    Largest link dim during sweep 75/87 was 156
    Largest truncation error: 7.8327e-13
    Energy after sweep 75/87 is -195.948726689237
    Sweep 75/87 CPU time = 4m, 12.4s (Wall time = 16.80s)

    vN Entropy at center bond b=150 = 0.720499138819
    Eigs at center bond b=150: 0.7382 0.2242 0.0249 0.0076 0.0033 
    Largest link dim during sweep 76/87 was 161
    Largest truncation error: 7.83401e-13
    Energy after sweep 76/87 is -195.948726691038
    Sweep 76/87 CPU time = 5m, 43.3s (Wall time = 23.21s)

    vN Entropy at center bond b=150 = 0.720499524048
    Eigs at center bond b=150: 0.7382 0.2242 0.0249 0.0076 0.0033 
    Largest link dim during sweep 77/87 was 160
    Largest truncation error: 7.83331e-13
    Energy after sweep 77/87 is -195.948726691249
    Sweep 77/87 CPU time = 5m, 56.1s (Wall time = 23.62s)

    vN Entropy at center bond b=150 = 0.720499695265
    Eigs at center bond b=150: 0.7382 0.2242 0.0249 0.0076 0.0033 
    Largest link dim during sweep 78/87 was 159
    Largest truncation error: 7.83138e-13
    Energy after sweep 78/87 is -195.948726691301
    Sweep 78/87 CPU time = 5m, 44.4s (Wall time = 22.81s)

    vN Entropy at center bond b=150 = 0.720499778369
    Eigs at center bond b=150: 0.7382 0.2242 0.0249 0.0076 0.0033 
    Largest link dim during sweep 79/87 was 159
    Largest truncation error: 7.83214e-13
    Energy after sweep 79/87 is -195.948726691326
    Sweep 79/87 CPU time = 5m, 44.5s (Wall time = 22.83s)

    vN Entropy at center bond b=150 = 0.720499819811
    Eigs at center bond b=150: 0.7382 0.2242 0.0249 0.0076 0.0033 
    Largest link dim during sweep 80/87 was 159
    Largest truncation error: 7.83472e-13
    Energy after sweep 80/87 is -195.948726691330
    Sweep 80/87 CPU time = 5m, 44.2s (Wall time = 22.84s)

    vN Entropy at center bond b=150 = 0.720499840747
    Eigs at center bond b=150: 0.7382 0.2242 0.0249 0.0076 0.0033 
    Largest link dim during sweep 81/87 was 159
    Largest truncation error: 7.83153e-13
    Energy after sweep 81/87 is -195.948726691325
    Sweep 81/87 CPU time = 5m, 47.5s (Wall time = 23.28s)

    vN Entropy at center bond b=150 = 0.720499851592
    Eigs at center bond b=150: 0.7382 0.2242 0.0249 0.0076 0.0033 
    Largest link dim during sweep 82/87 was 159
    Largest truncation error: 7.83209e-13
    Energy after sweep 82/87 is -195.948726691330
    Sweep 82/87 CPU time = 5m, 25.7s (Wall time = 21.13s)

    vN Entropy at center bond b=150 = 0.720500246527
    Eigs at center bond b=150: 0.7382 0.2242 0.0249 0.0076 0.0033 
    Largest link dim during sweep 83/87 was 143
    Largest truncation error: 7.41184e-13
    Energy after sweep 83/87 is -195.948726690762
    Sweep 83/87 CPU time = 4m, 5.5s (Wall time = 15.86s)

    vN Entropy at center bond b=150 = 0.720500264198
    Eigs at center bond b=150: 0.7382 0.2242 0.0249 0.0076 0.0033 
    Largest link dim during sweep 84/87 was 237
    Largest truncation error: 7.38022e-15
    Energy after sweep 84/87 is -195.948726692865
    Sweep 84/87 CPU time = 10m, 22s (Wall time = 42.17s)

    vN Entropy at center bond b=150 = 0.720500281695
    Eigs at center bond b=150: 0.7382 0.2242 0.0249 0.0076 0.0033 
    Largest link dim during sweep 85/87 was 248
    Largest truncation error: 7.48818e-15
    Energy after sweep 85/87 is -195.948726692896
    Sweep 85/87 CPU time = 16m, 3s (Wall time = 1m, 4.0s)

    vN Entropy at center bond b=150 = 0.720500287665
    Eigs at center bond b=150: 0.7382 0.2242 0.0249 0.0076 0.0033 
    Largest link dim during sweep 86/87 was 246
    Largest truncation error: 7.39166e-15
    Energy after sweep 86/87 is -195.948726692908
    Sweep 86/87 CPU time = 15m, 16s (Wall time = 58.88s)

    vN Entropy at center bond b=150 = 0.720500290144
    Eigs at center bond b=150: 0.7382 0.2242 0.0249 0.0076 0.0033 
    Largest link dim during sweep 87/87 was 245
    Largest truncation error: 7.3854e-15
    Energy after sweep 87/87 is -195.948726692914
    Sweep 87/87 CPU time = 14m, 3s (Wall time = 54.20s)
Initial energy = 15.00000

Ground State Energy = -195.9487266929
run_outputs/outputpsi/N_300_sweep_87_t_0.030000_J_1.000000_V_0.600000_D_0.018000_U_0.020000_mu_0.100000_E_0.001000 converge
Wall-clock time (s) = 2719.297392
