//////////////////////////
Reading input file ......

Got input.N = 303
Got input.t = 0.03
Got input.J = 1
Got input.V = 0.6
Got input.D = 0.018
Got input.U = -0.01
Got input.mu = 1
Got input.E = 0
Got input.nsweeps = 87
Sweeps:
1  MaxDim=20, MinDim=20, Cutoff=1.0E-06, Niter=8, Noise=1.0E-05
2  MaxDim=20, MinDim=20, Cutoff=1.0E-06, Niter=8, Noise=1.0E-05
3  MaxDim=20, MinDim=20, Cutoff=1.0E-06, Niter=8, Noise=1.0E-05
4  MaxDim=20, MinDim=20, Cutoff=1.0E-06, Niter=8, Noise=1.0E-05
5  MaxDim=20, MinDim=20, Cutoff=1.0E-06, Niter=8, Noise=1.0E-05
6  MaxDim=20, MinDim=20, Cutoff=1.0E-06, Niter=8, Noise=1.0E-05
7  MaxDim=20, MinDim=20, Cutoff=1.0E-06, Niter=8, Noise=1.0E-05
8  MaxDim=40, MinDim=20, Cutoff=1.0E-06, Niter=4, Noise=1.0E-05
9  MaxDim=40, MinDim=20, Cutoff=1.0E-06, Niter=4, Noise=1.0E-05
10  MaxDim=40, MinDim=20, Cutoff=1.0E-06, Niter=4, Noise=1.0E-05
11  MaxDim=40, MinDim=20, Cutoff=1.0E-06, Niter=4, Noise=1.0E-05
12  MaxDim=40, MinDim=20, Cutoff=1.0E-06, Niter=4, Noise=1.0E-05
13  MaxDim=40, MinDim=20, Cutoff=1.0E-06, Niter=4, Noise=1.0E-05
14  MaxDim=40, MinDim=20, Cutoff=1.0E-06, Niter=4, Noise=1.0E-05
15  MaxDim=80, MinDim=10, Cutoff=1.0E-06, Niter=4, Noise=1.0E-05
16  MaxDim=80, MinDim=10, Cutoff=1.0E-06, Niter=4, Noise=1.0E-05
17  MaxDim=80, MinDim=10, Cutoff=1.0E-06, Niter=4, Noise=1.0E-05
18  MaxDim=80, MinDim=10, Cutoff=1.0E-06, Niter=4, Noise=1.0E-05
19  MaxDim=80, MinDim=10, Cutoff=1.0E-06, Niter=4, Noise=1.0E-05
20  MaxDim=80, MinDim=10, Cutoff=1.0E-06, Niter=4, Noise=1.0E-05
21  MaxDim=80, MinDim=10, Cutoff=1.0E-06, Niter=4, Noise=1.0E-05
22  MaxDim=80, MinDim=10, Cutoff=1.0E-06, Niter=4, Noise=1.0E-05
23  MaxDim=80, MinDim=10, Cutoff=1.0E-06, Niter=4, Noise=1.0E-05
24  MaxDim=80, MinDim=10, Cutoff=1.0E-06, Niter=4, Noise=1.0E-05
25  MaxDim=80, MinDim=10, Cutoff=1.0E-06, Niter=4, Noise=1.0E-05
26  MaxDim=80, MinDim=10, Cutoff=1.0E-06, Niter=4, Noise=1.0E-05
27  MaxDim=80, MinDim=10, Cutoff=1.0E-06, Niter=4, Noise=1.0E-05
28  MaxDim=80, MinDim=10, Cutoff=1.0E-06, Niter=4, Noise=1.0E-05
29  MaxDim=80, MinDim=10, Cutoff=1.0E-06, Niter=4, Noise=1.0E-05
30  MaxDim=80, MinDim=10, Cutoff=1.0E-06, Niter=4, Noise=1.0E-05
31  MaxDim=80, MinDim=10, Cutoff=1.0E-06, Niter=4, Noise=1.0E-05
32  MaxDim=80, MinDim=10, Cutoff=1.0E-06, Niter=4, Noise=1.0E-05
33  MaxDim=80, MinDim=10, Cutoff=1.0E-06, Niter=4, Noise=1.0E-05
34  MaxDim=80, MinDim=10, Cutoff=1.0E-06, Niter=4, Noise=1.0E-05
35  MaxDim=80, MinDim=10, Cutoff=1.0E-06, Niter=4, Noise=1.0E-05
36  MaxDim=80, MinDim=10, Cutoff=1.0E-06, Niter=4, Noise=1.0E-05
37  MaxDim=160, MinDim=10, Cutoff=1.0E-08, Niter=4, Noise=1.0E-06
38  MaxDim=160, MinDim=10, Cutoff=1.0E-08, Niter=4, Noise=1.0E-06
39  MaxDim=160, MinDim=10, Cutoff=1.0E-08, Niter=4, Noise=1.0E-06
40  MaxDim=160, MinDim=10, Cutoff=1.0E-08, Niter=4, Noise=1.0E-06
41  MaxDim=160, MinDim=10, Cutoff=1.0E-08, Niter=4, Noise=1.0E-06
42  MaxDim=160, MinDim=10, Cutoff=1.0E-08, Niter=4, Noise=1.0E-06
43  MaxDim=160, MinDim=10, Cutoff=1.0E-08, Niter=4, Noise=1.0E-06
44  MaxDim=160, MinDim=10, Cutoff=1.0E-08, Niter=4, Noise=1.0E-06
45  MaxDim=160, MinDim=10, Cutoff=1.0E-08, Niter=4, Noise=1.0E-06
46  MaxDim=160, MinDim=10, Cutoff=1.0E-08, Niter=4, Noise=1.0E-06
47  MaxDim=160, MinDim=10, Cutoff=1.0E-08, Niter=4, Noise=1.0E-06
48  MaxDim=160, MinDim=10, Cutoff=1.0E-08, Niter=4, Noise=1.0E-06
49  MaxDim=160, MinDim=10, Cutoff=1.0E-08, Niter=4, Noise=1.0E-06
50  MaxDim=160, MinDim=10, Cutoff=1.0E-08, Niter=4, Noise=1.0E-06
51  MaxDim=160, MinDim=10, Cutoff=1.0E-08, Niter=4, Noise=1.0E-06
52  MaxDim=160, MinDim=10, Cutoff=1.0E-08, Niter=4, Noise=1.0E-06
53  MaxDim=160, MinDim=10, Cutoff=1.0E-08, Niter=4, Noise=1.0E-06
54  MaxDim=160, MinDim=10, Cutoff=1.0E-08, Niter=4, Noise=1.0E-06
55  MaxDim=160, MinDim=10, Cutoff=1.0E-08, Niter=4, Noise=1.0E-06
56  MaxDim=160, MinDim=10, Cutoff=1.0E-08, Niter=4, Noise=1.0E-06
57  MaxDim=160, MinDim=10, Cutoff=1.0E-08, Niter=4, Noise=1.0E-06
58  MaxDim=160, MinDim=10, Cutoff=1.0E-08, Niter=4, Noise=1.0E-06
59  MaxDim=320, MinDim=10, Cutoff=1.0E-10, Niter=4, Noise=1.0E-07
60  MaxDim=320, MinDim=10, Cutoff=1.0E-10, Niter=4, Noise=1.0E-07
61  MaxDim=320, MinDim=10, Cutoff=1.0E-10, Niter=4, Noise=1.0E-07
62  MaxDim=320, MinDim=10, Cutoff=1.0E-10, Niter=4, Noise=1.0E-07
63  MaxDim=320, MinDim=10, Cutoff=1.0E-10, Niter=4, Noise=1.0E-07
64  MaxDim=320, MinDim=10, Cutoff=1.0E-10, Niter=4, Noise=1.0E-07
65  MaxDim=320, MinDim=10, Cutoff=1.0E-10, Niter=4, Noise=1.0E-07
66  MaxDim=320, MinDim=10, Cutoff=1.0E-10, Niter=4, Noise=1.0E-07
67  MaxDim=320, MinDim=10, Cutoff=1.0E-10, Niter=4, Noise=1.0E-07
68  MaxDim=320, MinDim=10, Cutoff=1.0E-10, Niter=4, Noise=1.0E-07
69  MaxDim=320, MinDim=10, Cutoff=1.0E-10, Niter=4, Noise=1.0E-07
70  MaxDim=320, MinDim=10, Cutoff=1.0E-10, Niter=4, Noise=1.0E-07
71  MaxDim=320, MinDim=10, Cutoff=1.0E-10, Niter=4, Noise=1.0E-07
72  MaxDim=320, MinDim=10, Cutoff=1.0E-10, Niter=4, Noise=1.0E-07
73  MaxDim=320, MinDim=10, Cutoff=1.0E-10, Niter=4, Noise=1.0E-07
74  MaxDim=320, MinDim=10, Cutoff=1.0E-10, Niter=4, Noise=1.0E-07
75  MaxDim=640, MinDim=10, Cutoff=1.0E-12, Niter=2, Noise=1.0E-08
76  MaxDim=640, MinDim=10, Cutoff=1.0E-12, Niter=2, Noise=1.0E-08
77  MaxDim=640, MinDim=10, Cutoff=1.0E-12, Niter=2, Noise=1.0E-08
78  MaxDim=640, MinDim=10, Cutoff=1.0E-12, Niter=2, Noise=1.0E-08
79  MaxDim=640, MinDim=10, Cutoff=1.0E-12, Niter=2, Noise=1.0E-08
80  MaxDim=640, MinDim=10, Cutoff=1.0E-12, Niter=2, Noise=1.0E-08
81  MaxDim=640, MinDim=10, Cutoff=1.0E-12, Niter=2, Noise=1.0E-08
82  MaxDim=640, MinDim=10, Cutoff=1.0E-12, Niter=2, Noise=1.0E-08
83  MaxDim=1280, MinDim=10, Cutoff=1.0E-12, Niter=2, Noise=0.0E+00
84  MaxDim=1280, MinDim=10, Cutoff=1.0E-14, Niter=2, Noise=0.0E+00
85  MaxDim=1280, MinDim=10, Cutoff=1.0E-14, Niter=2, Noise=0.0E+00
86  MaxDim=1280, MinDim=10, Cutoff=1.0E-14, Niter=2, Noise=0.0E+00
87  MaxDim=1280, MinDim=10, Cutoff=1.0E-14, Niter=2, Noise=0.0E+00


    vN Entropy at center bond b=151 = 0.646934110255
    Eigs at center bond b=151: 0.7803 0.1875 0.0229 0.0056 0.0028 
    Largest link dim during sweep 1/87 was 20
    Largest truncation error: 2.68102e-06
    Energy after sweep 1/87 is -251.131911519715
    Sweep 1/87 CPU time = 18.84s (Wall time = 1.223s)

    vN Entropy at center bond b=151 = 0.952149140502
    Eigs at center bond b=151: 0.6721 0.2261 0.0633 0.0205 0.0109 0.0036 0.0014 
    Largest link dim during sweep 2/87 was 20
    Largest truncation error: 4.62955e-06
    Energy after sweep 2/87 is -251.190166348138
    Sweep 2/87 CPU time = 27.52s (Wall time = 1.771s)

    vN Entropy at center bond b=151 = 1.056351848671
    Eigs at center bond b=151: 0.6317 0.2365 0.0791 0.0283 0.0140 0.0051 0.0019 0.0015 
    Largest link dim during sweep 3/87 was 20
    Largest truncation error: 6.47174e-06
    Energy after sweep 3/87 is -251.193504134826
    Sweep 3/87 CPU time = 26.68s (Wall time = 1.709s)

    vN Entropy at center bond b=151 = 1.085878687004
    Eigs at center bond b=151: 0.6216 0.2350 0.0863 0.0313 0.0146 0.0054 0.0020 0.0018 
    Largest link dim during sweep 4/87 was 20
    Largest truncation error: 7.073e-06
    Energy after sweep 4/87 is -251.193791651340
    Sweep 4/87 CPU time = 26.59s (Wall time = 1.704s)

    vN Entropy at center bond b=151 = 1.097154309903
    Eigs at center bond b=151: 0.6185 0.2320 0.0906 0.0326 0.0147 0.0054 0.0020 0.0018 
    Largest link dim during sweep 5/87 was 20
    Largest truncation error: 7.32711e-06
    Energy after sweep 5/87 is -251.193916860421
    Sweep 5/87 CPU time = 26.86s (Wall time = 1.723s)

    vN Entropy at center bond b=151 = 1.104819031717
    Eigs at center bond b=151: 0.6166 0.2293 0.0940 0.0337 0.0148 0.0054 0.0021 0.0019 
    Largest link dim during sweep 6/87 was 20
    Largest truncation error: 7.41945e-06
    Energy after sweep 6/87 is -251.194039913620
    Sweep 6/87 CPU time = 26.56s (Wall time = 1.701s)

    vN Entropy at center bond b=151 = 1.110498192679
    Eigs at center bond b=151: 0.6152 0.2274 0.0966 0.0345 0.0148 0.0054 0.0021 0.0019 
    Largest link dim during sweep 7/87 was 20
    Largest truncation error: 7.49038e-06
    Energy after sweep 7/87 is -251.194070448882
    Sweep 7/87 CPU time = 26.66s (Wall time = 1.704s)

    vN Entropy at center bond b=151 = 1.188964072976
    Eigs at center bond b=151: 0.5839 0.2327 0.1087 0.0424 0.0168 0.0066 0.0030 0.0024 0.0011 
    Largest link dim during sweep 8/87 was 38
    Largest truncation error: 7.06793e-07
    Energy after sweep 8/87 is -251.206513732723
    Sweep 8/87 CPU time = 22.39s (Wall time = 1.442s)

    vN Entropy at center bond b=151 = 1.269244398995
    Eigs at center bond b=151: 0.5514 0.2393 0.1183 0.0509 0.0190 0.0082 0.0040 0.0032 0.0017 0.0014 
    Largest link dim during sweep 9/87 was 40
    Largest truncation error: 1.08411e-06
    Energy after sweep 9/87 is -251.208566675007
    Sweep 9/87 CPU time = 30.94s (Wall time = 1.994s)

    vN Entropy at center bond b=151 = 1.288150264766
    Eigs at center bond b=151: 0.5442 0.2409 0.1199 0.0529 0.0196 0.0087 0.0043 0.0035 0.0019 0.0015 
    Largest link dim during sweep 10/87 was 40
    Largest truncation error: 1.36245e-06
    Energy after sweep 10/87 is -251.208821984901
    Sweep 10/87 CPU time = 33.09s (Wall time = 2.135s)

    vN Entropy at center bond b=151 = 1.291366683418
    Eigs at center bond b=151: 0.5430 0.2412 0.1201 0.0532 0.0198 0.0087 0.0043 0.0035 0.0019 0.0015 
    Largest link dim during sweep 11/87 was 40
    Largest truncation error: 1.4598e-06
    Energy after sweep 11/87 is -251.208858760934
    Sweep 11/87 CPU time = 33.96s (Wall time = 2.176s)

    vN Entropy at center bond b=151 = 1.291969485910
    Eigs at center bond b=151: 0.5427 0.2413 0.1201 0.0532 0.0198 0.0088 0.0043 0.0035 0.0019 0.0015 
    Largest link dim during sweep 12/87 was 40
    Largest truncation error: 1.48522e-06
    Energy after sweep 12/87 is -251.208866204669
    Sweep 12/87 CPU time = 33.68s (Wall time = 2.163s)

    vN Entropy at center bond b=151 = 1.292111224521
    Eigs at center bond b=151: 0.5427 0.2413 0.1201 0.0532 0.0198 0.0088 0.0043 0.0035 0.0019 0.0015 
    Largest link dim during sweep 13/87 was 40
    Largest truncation error: 1.49315e-06
    Energy after sweep 13/87 is -251.208867966188
    Sweep 13/87 CPU time = 33.94s (Wall time = 2.177s)

    vN Entropy at center bond b=151 = 1.292131735385
    Eigs at center bond b=151: 0.5427 0.2413 0.1201 0.0532 0.0198 0.0088 0.0043 0.0035 0.0019 0.0015 
    Largest link dim during sweep 14/87 was 40
    Largest truncation error: 1.49699e-06
    Energy after sweep 14/87 is -251.208868231878
    Sweep 14/87 CPU time = 33.79s (Wall time = 2.166s)

    vN Entropy at center bond b=151 = 1.294117678416
    Eigs at center bond b=151: 0.5420 0.2416 0.1202 0.0534 0.0199 0.0088 0.0043 0.0036 0.0019 0.0015 
    Largest link dim during sweep 15/87 was 48
    Largest truncation error: 7.36767e-07
    Energy after sweep 15/87 is -251.209176243283
    Sweep 15/87 CPU time = 35.17s (Wall time = 2.269s)

    vN Entropy at center bond b=151 = 1.296929266628
    Eigs at center bond b=151: 0.5410 0.2419 0.1201 0.0536 0.0200 0.0089 0.0044 0.0036 0.0019 0.0016 
    Largest link dim during sweep 16/87 was 48
    Largest truncation error: 7.36189e-07
    Energy after sweep 16/87 is -251.209213799696
    Sweep 16/87 CPU time = 35.64s (Wall time = 2.296s)

    vN Entropy at center bond b=151 = 1.297685597490
    Eigs at center bond b=151: 0.5408 0.2420 0.1201 0.0536 0.0200 0.0089 0.0044 0.0036 0.0020 0.0016 
    Largest link dim during sweep 17/87 was 49
    Largest truncation error: 7.36207e-07
    Energy after sweep 17/87 is -251.209227462828
    Sweep 17/87 CPU time = 35.96s (Wall time = 2.306s)

    vN Entropy at center bond b=151 = 1.297912260567
    Eigs at center bond b=151: 0.5407 0.2421 0.1201 0.0536 0.0200 0.0089 0.0044 0.0036 0.0020 0.0016 
    Largest link dim during sweep 18/87 was 49
    Largest truncation error: 7.36211e-07
    Energy after sweep 18/87 is -251.209230926321
    Sweep 18/87 CPU time = 36.33s (Wall time = 2.327s)

    vN Entropy at center bond b=151 = 1.297985082931
    Eigs at center bond b=151: 0.5407 0.2421 0.1201 0.0536 0.0201 0.0089 0.0044 0.0036 0.0020 0.0016 
    Largest link dim during sweep 19/87 was 49
    Largest truncation error: 7.36213e-07
    Energy after sweep 19/87 is -251.209233198698
    Sweep 19/87 CPU time = 36.13s (Wall time = 2.321s)

    vN Entropy at center bond b=151 = 1.298002989780
    Eigs at center bond b=151: 0.5406 0.2421 0.1201 0.0536 0.0201 0.0089 0.0044 0.0036 0.0020 0.0016 
    Largest link dim during sweep 20/87 was 49
    Largest truncation error: 7.36213e-07
    Energy after sweep 20/87 is -251.209233291744
    Sweep 20/87 CPU time = 36.22s (Wall time = 2.327s)

    vN Entropy at center bond b=151 = 1.298004917308
    Eigs at center bond b=151: 0.5406 0.2421 0.1201 0.0536 0.0201 0.0089 0.0044 0.0036 0.0020 0.0016 
    Largest link dim during sweep 21/87 was 49
    Largest truncation error: 7.36214e-07
    Energy after sweep 21/87 is -251.209233306573
    Sweep 21/87 CPU time = 36.30s (Wall time = 2.337s)

    vN Entropy at center bond b=151 = 1.298004918542
    Eigs at center bond b=151: 0.5406 0.2421 0.1201 0.0536 0.0201 0.0089 0.0044 0.0036 0.0020 0.0016 
    Largest link dim during sweep 22/87 was 49
    Largest truncation error: 7.36214e-07
    Energy after sweep 22/87 is -251.209233312007
    Sweep 22/87 CPU time = 36.49s (Wall time = 2.338s)

    vN Entropy at center bond b=151 = 1.298004777131
    Eigs at center bond b=151: 0.5406 0.2421 0.1201 0.0536 0.0201 0.0089 0.0044 0.0036 0.0020 0.0016 
    Largest link dim during sweep 23/87 was 49
    Largest truncation error: 7.36214e-07
    Energy after sweep 23/87 is -251.209233315308
    Sweep 23/87 CPU time = 36.35s (Wall time = 2.356s)

    vN Entropy at center bond b=151 = 1.298004682073
    Eigs at center bond b=151: 0.5406 0.2421 0.1201 0.0536 0.0201 0.0089 0.0044 0.0036 0.0020 0.0016 
    Largest link dim during sweep 24/87 was 49
    Largest truncation error: 7.36214e-07
    Energy after sweep 24/87 is -251.209233317551
    Sweep 24/87 CPU time = 36.12s (Wall time = 2.315s)

    vN Entropy at center bond b=151 = 1.298004631720
    Eigs at center bond b=151: 0.5406 0.2421 0.1201 0.0536 0.0201 0.0089 0.0044 0.0036 0.0020 0.0016 
    Largest link dim during sweep 25/87 was 49
    Largest truncation error: 7.36214e-07
    Energy after sweep 25/87 is -251.209233319063
    Sweep 25/87 CPU time = 35.98s (Wall time = 2.309s)

    vN Entropy at center bond b=151 = 1.298004609126
    Eigs at center bond b=151: 0.5406 0.2421 0.1201 0.0536 0.0201 0.0089 0.0044 0.0036 0.0020 0.0016 
    Largest link dim during sweep 26/87 was 49
    Largest truncation error: 7.36214e-07
    Energy after sweep 26/87 is -251.209233320080
    Sweep 26/87 CPU time = 36.21s (Wall time = 2.325s)

    vN Entropy at center bond b=151 = 1.298004601944
    Eigs at center bond b=151: 0.5406 0.2421 0.1201 0.0536 0.0201 0.0089 0.0044 0.0036 0.0020 0.0016 
    Largest link dim during sweep 27/87 was 49
    Largest truncation error: 7.36214e-07
    Energy after sweep 27/87 is -251.209233320765
    Sweep 27/87 CPU time = 36.05s (Wall time = 2.314s)

    vN Entropy at center bond b=151 = 1.298004602746
    Eigs at center bond b=151: 0.5406 0.2421 0.1201 0.0536 0.0201 0.0089 0.0044 0.0036 0.0020 0.0016 
    Largest link dim during sweep 28/87 was 49
    Largest truncation error: 7.36214e-07
    Energy after sweep 28/87 is -251.209233321209
    Sweep 28/87 CPU time = 36.49s (Wall time = 2.345s)

    vN Entropy at center bond b=151 = 1.298004607307
    Eigs at center bond b=151: 0.5406 0.2421 0.1201 0.0536 0.0201 0.0089 0.0044 0.0036 0.0020 0.0016 
    Largest link dim during sweep 29/87 was 49
    Largest truncation error: 7.36214e-07
    Energy after sweep 29/87 is -251.209233321526
    Sweep 29/87 CPU time = 36.35s (Wall time = 2.345s)

    vN Entropy at center bond b=151 = 1.298004613353
    Eigs at center bond b=151: 0.5406 0.2421 0.1201 0.0536 0.0201 0.0089 0.0044 0.0036 0.0020 0.0016 
    Largest link dim during sweep 30/87 was 49
    Largest truncation error: 7.36214e-07
    Energy after sweep 30/87 is -251.209233321735
    Sweep 30/87 CPU time = 36.09s (Wall time = 2.318s)

    vN Entropy at center bond b=151 = 1.298004619698
    Eigs at center bond b=151: 0.5406 0.2421 0.1201 0.0536 0.0201 0.0089 0.0044 0.0036 0.0020 0.0016 
    Largest link dim during sweep 31/87 was 49
    Largest truncation error: 7.36214e-07
    Energy after sweep 31/87 is -251.209233321886
    Sweep 31/87 CPU time = 36.26s (Wall time = 2.330s)

    vN Entropy at center bond b=151 = 1.298004625760
    Eigs at center bond b=151: 0.5406 0.2421 0.1201 0.0536 0.0201 0.0089 0.0044 0.0036 0.0020 0.0016 
    Largest link dim during sweep 32/87 was 49
    Largest truncation error: 7.36214e-07
    Energy after sweep 32/87 is -251.209233321996
    Sweep 32/87 CPU time = 36.16s (Wall time = 2.316s)

    vN Entropy at center bond b=151 = 1.298004631306
    Eigs at center bond b=151: 0.5406 0.2421 0.1201 0.0536 0.0201 0.0089 0.0044 0.0036 0.0020 0.0016 
    Largest link dim during sweep 33/87 was 49
    Largest truncation error: 7.36214e-07
    Energy after sweep 33/87 is -251.209233322081
    Sweep 33/87 CPU time = 36.15s (Wall time = 2.321s)

    vN Entropy at center bond b=151 = 1.298004636265
    Eigs at center bond b=151: 0.5406 0.2421 0.1201 0.0536 0.0201 0.0089 0.0044 0.0036 0.0020 0.0016 
    Largest link dim during sweep 34/87 was 49
    Largest truncation error: 7.36214e-07
    Energy after sweep 34/87 is -251.209233322149
    Sweep 34/87 CPU time = 36.18s (Wall time = 2.323s)

    vN Entropy at center bond b=151 = 1.298004640657
    Eigs at center bond b=151: 0.5406 0.2421 0.1201 0.0536 0.0201 0.0089 0.0044 0.0036 0.0020 0.0016 
    Largest link dim during sweep 35/87 was 49
    Largest truncation error: 7.36214e-07
    Energy after sweep 35/87 is -251.209233322207
    Sweep 35/87 CPU time = 36.35s (Wall time = 2.336s)

    vN Entropy at center bond b=151 = 1.298004644546
    Eigs at center bond b=151: 0.5406 0.2421 0.1201 0.0536 0.0201 0.0089 0.0044 0.0036 0.0020 0.0016 
    Largest link dim during sweep 36/87 was 49
    Largest truncation error: 7.36214e-07
    Energy after sweep 36/87 is -251.209233322269
    Sweep 36/87 CPU time = 36.15s (Wall time = 2.336s)

    vN Entropy at center bond b=151 = 1.320240615973
    Eigs at center bond b=151: 0.5333 0.2444 0.1204 0.0551 0.0209 0.0096 0.0047 0.0041 0.0021 0.0019 
    Largest link dim during sweep 37/87 was 102
    Largest truncation error: 7.61655e-09
    Energy after sweep 37/87 is -251.210657263865
    Sweep 37/87 CPU time = 1m, 50.1s (Wall time = 7.088s)

    vN Entropy at center bond b=151 = 1.328286642804
    Eigs at center bond b=151: 0.5310 0.2450 0.1204 0.0555 0.0212 0.0098 0.0048 0.0042 0.0022 0.0020 
    Largest link dim during sweep 38/87 was 120
    Largest truncation error: 7.62557e-09
    Energy after sweep 38/87 is -251.210692470581
    Sweep 38/87 CPU time = 3m, 13.3s (Wall time = 12.41s)

    vN Entropy at center bond b=151 = 1.328900732000
    Eigs at center bond b=151: 0.5309 0.2450 0.1204 0.0555 0.0212 0.0098 0.0048 0.0043 0.0022 0.0020 
    Largest link dim during sweep 39/87 was 125
    Largest truncation error: 7.62581e-09
    Energy after sweep 39/87 is -251.210694992089
    Sweep 39/87 CPU time = 3m, 30.1s (Wall time = 13.56s)

    vN Entropy at center bond b=151 = 1.328981664250
    Eigs at center bond b=151: 0.5309 0.2450 0.1204 0.0555 0.0212 0.0098 0.0048 0.0043 0.0022 0.0020 
    Largest link dim during sweep 40/87 was 126
    Largest truncation error: 7.62583e-09
    Energy after sweep 40/87 is -251.210695391689
    Sweep 40/87 CPU time = 3m, 32.5s (Wall time = 13.66s)

    vN Entropy at center bond b=151 = 1.328997062299
    Eigs at center bond b=151: 0.5309 0.2450 0.1204 0.0555 0.0212 0.0098 0.0048 0.0043 0.0022 0.0020 
    Largest link dim during sweep 41/87 was 126
    Largest truncation error: 7.62583e-09
    Energy after sweep 41/87 is -251.210695476119
    Sweep 41/87 CPU time = 3m, 32.9s (Wall time = 13.67s)

    vN Entropy at center bond b=151 = 1.328999607500
    Eigs at center bond b=151: 0.5309 0.2450 0.1204 0.0555 0.0212 0.0098 0.0048 0.0043 0.0022 0.0020 
    Largest link dim during sweep 42/87 was 126
    Largest truncation error: 7.62583e-09
    Energy after sweep 42/87 is -251.210695476879
    Sweep 42/87 CPU time = 3m, 31.7s (Wall time = 13.57s)

    vN Entropy at center bond b=151 = 1.328999890991
    Eigs at center bond b=151: 0.5309 0.2450 0.1204 0.0555 0.0212 0.0098 0.0048 0.0043 0.0022 0.0020 
    Largest link dim during sweep 43/87 was 126
    Largest truncation error: 7.62583e-09
    Energy after sweep 43/87 is -251.210695477077
    Sweep 43/87 CPU time = 3m, 31.1s (Wall time = 13.59s)

    vN Entropy at center bond b=151 = 1.328999917081
    Eigs at center bond b=151: 0.5309 0.2450 0.1204 0.0555 0.0212 0.0098 0.0048 0.0043 0.0022 0.0020 
    Largest link dim during sweep 44/87 was 126
    Largest truncation error: 7.62583e-09
    Energy after sweep 44/87 is -251.210695477151
    Sweep 44/87 CPU time = 3m, 29.9s (Wall time = 13.50s)

    vN Entropy at center bond b=151 = 1.329000063238
    Eigs at center bond b=151: 0.5309 0.2450 0.1204 0.0555 0.0212 0.0098 0.0048 0.0043 0.0022 0.0020 
    Largest link dim during sweep 45/87 was 126
    Largest truncation error: 7.62583e-09
    Energy after sweep 45/87 is -251.210695483501
    Sweep 45/87 CPU time = 3m, 29.6s (Wall time = 13.45s)

    vN Entropy at center bond b=151 = 1.329000192089
    Eigs at center bond b=151: 0.5309 0.2450 0.1204 0.0555 0.0212 0.0098 0.0048 0.0043 0.0022 0.0020 
    Largest link dim during sweep 46/87 was 126
    Largest truncation error: 7.62583e-09
    Energy after sweep 46/87 is -251.210695486304
    Sweep 46/87 CPU time = 3m, 30.3s (Wall time = 13.49s)

    vN Entropy at center bond b=151 = 1.329000205575
    Eigs at center bond b=151: 0.5309 0.2450 0.1204 0.0555 0.0212 0.0098 0.0048 0.0043 0.0022 0.0020 
    Largest link dim during sweep 47/87 was 126
    Largest truncation error: 7.62583e-09
    Energy after sweep 47/87 is -251.210695485801
    Sweep 47/87 CPU time = 3m, 33.7s (Wall time = 13.79s)

    vN Entropy at center bond b=151 = 1.329000166810
    Eigs at center bond b=151: 0.5309 0.2450 0.1204 0.0555 0.0212 0.0098 0.0048 0.0043 0.0022 0.0020 
    Largest link dim during sweep 48/87 was 126
    Largest truncation error: 7.62583e-09
    Energy after sweep 48/87 is -251.210695485159
    Sweep 48/87 CPU time = 3m, 30.6s (Wall time = 13.51s)

    vN Entropy at center bond b=151 = 1.329000103642
    Eigs at center bond b=151: 0.5309 0.2450 0.1204 0.0555 0.0212 0.0098 0.0048 0.0043 0.0022 0.0020 
    Largest link dim during sweep 49/87 was 126
    Largest truncation error: 7.62583e-09
    Energy after sweep 49/87 is -251.210695485022
    Sweep 49/87 CPU time = 3m, 30.5s (Wall time = 13.53s)

    vN Entropy at center bond b=151 = 1.329000085206
    Eigs at center bond b=151: 0.5309 0.2450 0.1204 0.0555 0.0212 0.0098 0.0048 0.0043 0.0022 0.0020 
    Largest link dim during sweep 50/87 was 126
    Largest truncation error: 7.62583e-09
    Energy after sweep 50/87 is -251.210695484950
    Sweep 50/87 CPU time = 3m, 31.1s (Wall time = 13.53s)

    vN Entropy at center bond b=151 = 1.329000078762
    Eigs at center bond b=151: 0.5309 0.2450 0.1204 0.0555 0.0212 0.0098 0.0048 0.0043 0.0022 0.0020 
    Largest link dim during sweep 51/87 was 126
    Largest truncation error: 7.62583e-09
    Energy after sweep 51/87 is -251.210695484887
    Sweep 51/87 CPU time = 3m, 31.1s (Wall time = 13.58s)

    vN Entropy at center bond b=151 = 1.329000064664
    Eigs at center bond b=151: 0.5309 0.2450 0.1204 0.0555 0.0212 0.0098 0.0048 0.0043 0.0022 0.0020 
    Largest link dim during sweep 52/87 was 126
    Largest truncation error: 7.62583e-09
    Energy after sweep 52/87 is -251.210695484645
    Sweep 52/87 CPU time = 3m, 30.1s (Wall time = 13.53s)

    vN Entropy at center bond b=151 = 1.329000037443
    Eigs at center bond b=151: 0.5309 0.2450 0.1204 0.0555 0.0212 0.0098 0.0048 0.0043 0.0022 0.0020 
    Largest link dim during sweep 53/87 was 126
    Largest truncation error: 7.62583e-09
    Energy after sweep 53/87 is -251.210695484071
    Sweep 53/87 CPU time = 3m, 30.7s (Wall time = 13.53s)

    vN Entropy at center bond b=151 = 1.329000064277
    Eigs at center bond b=151: 0.5309 0.2450 0.1204 0.0555 0.0212 0.0098 0.0048 0.0043 0.0022 0.0020 
    Largest link dim during sweep 54/87 was 126
    Largest truncation error: 7.62583e-09
    Energy after sweep 54/87 is -251.210695486270
    Sweep 54/87 CPU time = 3m, 32.1s (Wall time = 13.63s)

    vN Entropy at center bond b=151 = 1.329000039097
    Eigs at center bond b=151: 0.5309 0.2450 0.1204 0.0555 0.0212 0.0098 0.0048 0.0043 0.0022 0.0020 
    Largest link dim during sweep 55/87 was 126
    Largest truncation error: 7.62583e-09
    Energy after sweep 55/87 is -251.210695485244
    Sweep 55/87 CPU time = 3m, 31.7s (Wall time = 13.58s)

    vN Entropy at center bond b=151 = 1.329000024451
    Eigs at center bond b=151: 0.5309 0.2450 0.1204 0.0555 0.0212 0.0098 0.0048 0.0043 0.0022 0.0020 
    Largest link dim during sweep 56/87 was 126
    Largest truncation error: 7.62583e-09
    Energy after sweep 56/87 is -251.210695484435
    Sweep 56/87 CPU time = 3m, 30.6s (Wall time = 13.58s)

    vN Entropy at center bond b=151 = 1.329000196607
    Eigs at center bond b=151: 0.5309 0.2450 0.1204 0.0555 0.0212 0.0098 0.0048 0.0043 0.0022 0.0020 
    Largest link dim during sweep 57/87 was 126
    Largest truncation error: 7.62583e-09
    Energy after sweep 57/87 is -251.210695496566
    Sweep 57/87 CPU time = 3m, 31.9s (Wall time = 13.60s)

    vN Entropy at center bond b=151 = 1.329000252057
    Eigs at center bond b=151: 0.5309 0.2450 0.1204 0.0555 0.0212 0.0098 0.0048 0.0043 0.0022 0.0020 
    Largest link dim during sweep 58/87 was 126
    Largest truncation error: 7.62583e-09
    Energy after sweep 58/87 is -251.210695496342
    Sweep 58/87 CPU time = 3m, 31.3s (Wall time = 13.57s)

    vN Entropy at center bond b=151 = 1.329663184682
    Eigs at center bond b=151: 0.5307 0.2450 0.1204 0.0556 0.0212 0.0098 0.0048 0.0043 0.0022 0.0020 
    Largest link dim during sweep 59/87 was 234
    Largest truncation error: 7.36446e-11
    Energy after sweep 59/87 is -251.210710413375
    Sweep 59/87 CPU time = 10m, 38s (Wall time = 43.95s)

    vN Entropy at center bond b=151 = 1.329759889767
    Eigs at center bond b=151: 0.5307 0.2450 0.1204 0.0556 0.0212 0.0098 0.0048 0.0043 0.0022 0.0020 
    Largest link dim during sweep 60/87 was 256
    Largest truncation error: 7.37643e-11
    Energy after sweep 60/87 is -251.210710556177
    Sweep 60/87 CPU time = 16m, 43s (Wall time = 1m, 8.6s)

    vN Entropy at center bond b=151 = 1.329764076651
    Eigs at center bond b=151: 0.5307 0.2450 0.1204 0.0556 0.0212 0.0098 0.0048 0.0043 0.0022 0.0020 
    Largest link dim during sweep 61/87 was 259
    Largest truncation error: 7.3765e-11
    Energy after sweep 61/87 is -251.210710564465
    Sweep 61/87 CPU time = 16m, 33s (Wall time = 1m, 4.9s)

    vN Entropy at center bond b=151 = 1.329764523550
    Eigs at center bond b=151: 0.5307 0.2450 0.1204 0.0556 0.0212 0.0098 0.0048 0.0043 0.0022 0.0020 
    Largest link dim during sweep 62/87 was 260
    Largest truncation error: 7.3765e-11
    Energy after sweep 62/87 is -251.210710565583
    Sweep 62/87 CPU time = 16m, 33s (Wall time = 1m, 5.7s)

    vN Entropy at center bond b=151 = 1.329764588244
    Eigs at center bond b=151: 0.5307 0.2450 0.1204 0.0556 0.0212 0.0098 0.0048 0.0043 0.0022 0.0020 
    Largest link dim during sweep 63/87 was 260
    Largest truncation error: 7.37651e-11
    Energy after sweep 63/87 is -251.210710565773
    Sweep 63/87 CPU time = 17m, 9s (Wall time = 1m, 8.3s)

    vN Entropy at center bond b=151 = 1.329764598528
    Eigs at center bond b=151: 0.5307 0.2450 0.1204 0.0556 0.0212 0.0098 0.0048 0.0043 0.0022 0.0020 
    Largest link dim during sweep 64/87 was 260
    Largest truncation error: 7.3765e-11
    Energy after sweep 64/87 is -251.210710565879
    Sweep 64/87 CPU time = 16m, 35s (Wall time = 1m, 5.2s)

    vN Entropy at center bond b=151 = 1.329764599581
    Eigs at center bond b=151: 0.5307 0.2450 0.1204 0.0556 0.0212 0.0098 0.0048 0.0043 0.0022 0.0020 
    Largest link dim during sweep 65/87 was 260
    Largest truncation error: 7.37649e-11
    Energy after sweep 65/87 is -251.210710565884
    Sweep 65/87 CPU time = 16m, 35s (Wall time = 1m, 5.3s)

    vN Entropy at center bond b=151 = 1.329764599687
    Eigs at center bond b=151: 0.5307 0.2450 0.1204 0.0556 0.0212 0.0098 0.0048 0.0043 0.0022 0.0020 
    Largest link dim during sweep 66/87 was 260
    Largest truncation error: 7.37649e-11
    Energy after sweep 66/87 is -251.210710565868
    Sweep 66/87 CPU time = 16m, 40s (Wall time = 1m, 5.7s)

    vN Entropy at center bond b=151 = 1.329764599606
    Eigs at center bond b=151: 0.5307 0.2450 0.1204 0.0556 0.0212 0.0098 0.0048 0.0043 0.0022 0.0020 
    Largest link dim during sweep 67/87 was 260
    Largest truncation error: 7.37649e-11
    Energy after sweep 67/87 is -251.210710565866
    Sweep 67/87 CPU time = 16m, 28s (Wall time = 1m, 4.8s)

    vN Entropy at center bond b=151 = 1.329764599594
    Eigs at center bond b=151: 0.5307 0.2450 0.1204 0.0556 0.0212 0.0098 0.0048 0.0043 0.0022 0.0020 
    Largest link dim during sweep 68/87 was 260
    Largest truncation error: 7.3765e-11
    Energy after sweep 68/87 is -251.210710565865
    Sweep 68/87 CPU time = 15m, 32s (Wall time = 1m, 1.1s)

    vN Entropy at center bond b=151 = 1.329764599596
    Eigs at center bond b=151: 0.5307 0.2450 0.1204 0.0556 0.0212 0.0098 0.0048 0.0043 0.0022 0.0020 
    Largest link dim during sweep 69/87 was 260
    Largest truncation error: 7.37652e-11
    Energy after sweep 69/87 is -251.210710565864
    Sweep 69/87 CPU time = 16m, 4s (Wall time = 1m, 3.3s)

    vN Entropy at center bond b=151 = 1.329764599581
    Eigs at center bond b=151: 0.5307 0.2450 0.1204 0.0556 0.0212 0.0098 0.0048 0.0043 0.0022 0.0020 
    Largest link dim during sweep 70/87 was 260
    Largest truncation error: 7.37649e-11
    Energy after sweep 70/87 is -251.210710565863
    Sweep 70/87 CPU time = 16m, 18s (Wall time = 1m, 4.3s)

    vN Entropy at center bond b=151 = 1.329764599584
    Eigs at center bond b=151: 0.5307 0.2450 0.1204 0.0556 0.0212 0.0098 0.0048 0.0043 0.0022 0.0020 
    Largest link dim during sweep 71/87 was 260
    Largest truncation error: 7.37651e-11
    Energy after sweep 71/87 is -251.210710565868
    Sweep 71/87 CPU time = 16m, 23s (Wall time = 1m, 4.7s)

    vN Entropy at center bond b=151 = 1.329764599642
    Eigs at center bond b=151: 0.5307 0.2450 0.1204 0.0556 0.0212 0.0098 0.0048 0.0043 0.0022 0.0020 
    Largest link dim during sweep 72/87 was 260
    Largest truncation error: 7.37649e-11
    Energy after sweep 72/87 is -251.210710565861
    Sweep 72/87 CPU time = 16m, 18s (Wall time = 1m, 4.2s)

    vN Entropy at center bond b=151 = 1.329764599822
    Eigs at center bond b=151: 0.5307 0.2450 0.1204 0.0556 0.0212 0.0098 0.0048 0.0043 0.0022 0.0020 
    Largest link dim during sweep 73/87 was 260
    Largest truncation error: 7.3765e-11
    Energy after sweep 73/87 is -251.210710565868
    Sweep 73/87 CPU time = 16m, 11s (Wall time = 1m, 3.7s)

    vN Entropy at center bond b=151 = 1.329764600014
    Eigs at center bond b=151: 0.5307 0.2450 0.1204 0.0556 0.0212 0.0098 0.0048 0.0043 0.0022 0.0020 
    Largest link dim during sweep 74/87 was 260
    Largest truncation error: 7.37651e-11
    Energy after sweep 74/87 is -251.210710565865
    Sweep 74/87 CPU time = 17m, 5s (Wall time = 1m, 7.6s)

    vN Entropy at center bond b=151 = 1.329778270882
    Eigs at center bond b=151: 0.5307 0.2450 0.1204 0.0556 0.0212 0.0098 0.0048 0.0043 0.0022 0.0020 
    Largest link dim during sweep 75/87 was 454
    Largest truncation error: 7.3898e-13
    Energy after sweep 75/87 is -251.210710726159
    Sweep 75/87 CPU time = 35m, 53s (Wall time = 2m, 25.2s)

    vN Entropy at center bond b=151 = 1.329780110417
    Eigs at center bond b=151: 0.5307 0.2450 0.1204 0.0556 0.0212 0.0098 0.0048 0.0043 0.0022 0.0020 
    Largest link dim during sweep 76/87 was 478
    Largest truncation error: 7.35662e-13
    Energy after sweep 76/87 is -251.210710727290
    Sweep 76/87 CPU time = 49m, 18s (Wall time = 3m, 17.2s)

    vN Entropy at center bond b=151 = 1.329780186856
    Eigs at center bond b=151: 0.5307 0.2450 0.1204 0.0556 0.0212 0.0098 0.0048 0.0043 0.0022 0.0020 
    Largest link dim during sweep 77/87 was 481
    Largest truncation error: 7.36285e-13
    Energy after sweep 77/87 is -251.210710727333
    Sweep 77/87 CPU time = 49m, 51s (Wall time = 3m, 18.6s)

    vN Entropy at center bond b=151 = 1.329780195611
    Eigs at center bond b=151: 0.5307 0.2450 0.1204 0.0556 0.0212 0.0098 0.0048 0.0043 0.0022 0.0020 
    Largest link dim during sweep 78/87 was 482
    Largest truncation error: 7.36192e-13
    Energy after sweep 78/87 is -251.210710727350
    Sweep 78/87 CPU time = 51m, 46s (Wall time = 3m, 29.2s)

    vN Entropy at center bond b=151 = 1.329780197377
    Eigs at center bond b=151: 0.5307 0.2450 0.1204 0.0556 0.0212 0.0098 0.0048 0.0043 0.0022 0.0020 
    Largest link dim during sweep 79/87 was 482
    Largest truncation error: 7.36497e-13
    Energy after sweep 79/87 is -251.210710727348
    Sweep 79/87 CPU time = 52m, 20s (Wall time = 3m, 31.2s)

    vN Entropy at center bond b=151 = 1.329780197832
    Eigs at center bond b=151: 0.5307 0.2450 0.1204 0.0556 0.0212 0.0098 0.0048 0.0043 0.0022 0.0020 
    Largest link dim during sweep 80/87 was 482
    Largest truncation error: 7.36144e-13
    Energy after sweep 80/87 is -251.210710727345
    Sweep 80/87 CPU time = 52m, 19s (Wall time = 3m, 32.3s)

    vN Entropy at center bond b=151 = 1.329780197936
    Eigs at center bond b=151: 0.5307 0.2450 0.1204 0.0556 0.0212 0.0098 0.0048 0.0043 0.0022 0.0020 
    Largest link dim during sweep 81/87 was 482
    Largest truncation error: 7.36121e-13
    Energy after sweep 81/87 is -251.210710727352
    Sweep 81/87 CPU time = 53m, 60s (Wall time = 3m, 39.9s)

    vN Entropy at center bond b=151 = 1.329780197966
    Eigs at center bond b=151: 0.5307 0.2450 0.1204 0.0556 0.0212 0.0098 0.0048 0.0043 0.0022 0.0020 
    Largest link dim during sweep 82/87 was 482
    Largest truncation error: 7.36328e-13
    Energy after sweep 82/87 is -251.210710727344
    Sweep 82/87 CPU time = 54m, 11s (Wall time = 3m, 40.0s)

    vN Entropy at center bond b=151 = 1.329780590060
    Eigs at center bond b=151: 0.5307 0.2450 0.1204 0.0556 0.0212 0.0098 0.0048 0.0043 0.0022 0.0020 
    Largest link dim during sweep 83/87 was 442
    Largest truncation error: 7.12624e-13
    Energy after sweep 83/87 is -251.210710726711
    Sweep 83/87 CPU time = 41m, 25s (Wall time = 2m, 45.3s)

    vN Entropy at center bond b=151 = 1.329780746381
    Eigs at center bond b=151: 0.5307 0.2450 0.1204 0.0556 0.0212 0.0098 0.0048 0.0043 0.0022 0.0020 
    Largest link dim during sweep 84/87 was 737
    Largest truncation error: 7.42741e-15
    Energy after sweep 84/87 is -251.210710729063
    Sweep 84/87 CPU time = 1h, 39m, 29s (Wall time = 6m, 38.8s)

    vN Entropy at center bond b=151 = 1.329780777305
    Eigs at center bond b=151: 0.5307 0.2450 0.1204 0.0556 0.0212 0.0098 0.0048 0.0043 0.0022 0.0020 
    Largest link dim during sweep 85/87 was 778
    Largest truncation error: 7.249e-15
    Energy after sweep 85/87 is -251.210710729114
    Sweep 85/87 CPU time = 2h, 41m, 9s (Wall time = 10m, 40s)

    vN Entropy at center bond b=151 = 1.329780778928
    Eigs at center bond b=151: 0.5307 0.2450 0.1204 0.0556 0.0212 0.0098 0.0048 0.0043 0.0022 0.0020 
    Largest link dim during sweep 86/87 was 777
    Largest truncation error: 7.1201e-15
    Energy after sweep 86/87 is -251.210710729109
    Sweep 86/87 CPU time = 2h, 32m, 17s (Wall time = 10m, 6s)

    vN Entropy at center bond b=151 = 1.329780779146
    Eigs at center bond b=151: 0.5307 0.2450 0.1204 0.0556 0.0212 0.0098 0.0048 0.0043 0.0022 0.0020 
    Largest link dim during sweep 87/87 was 777
    Largest truncation error: 7.12428e-15
    Energy after sweep 87/87 is -251.210710729101
    Sweep 87/87 CPU time = 2h, 33m, 53s (Wall time = 10m, 14s)
Initial energy = 151.50000

Ground State Energy = -251.2107107291
run_outputs/outputpsi/N_303_sweep_87_t_0.030000_J_1.000000_V_0.600000_D_0.018000_U_-0.010000_mu_1.000000_E_0.000000 converge
Wall-clock time (s) = 34554.642170
