//////////////////////////
Reading input file ......

Got input.N = 300
Got input.t = 0.03
Got input.J = 1
Got input.V = 0.6
Got input.D = 0.018
Got input.U = 0.5
Got input.mu = 1
Got input.E = 0.005
Got input.nsweeps = 87
Sweeps:
1  MaxDim=20, MinDim=20, Cutoff=1.0E-06, Niter=8, Noise=1.0E-05
2  MaxDim=20, MinDim=20, Cutoff=1.0E-06, Niter=8, Noise=1.0E-05
3  MaxDim=20, MinDim=20, Cutoff=1.0E-06, Niter=8, Noise=1.0E-05
4  MaxDim=20, MinDim=20, Cutoff=1.0E-06, Niter=8, Noise=1.0E-05
5  MaxDim=20, MinDim=20, Cutoff=1.0E-06, Niter=8, Noise=1.0E-05
6  MaxDim=20, MinDim=20, Cutoff=1.0E-06, Niter=8, Noise=1.0E-05
7  MaxDim=20, MinDim=20, Cutoff=1.0E-06, Niter=8, Noise=1.0E-05
8  MaxDim=40, MinDim=20, Cutoff=1.0E-06, Niter=4, Noise=1.0E-05
9  MaxDim=40, MinDim=20, Cutoff=1.0E-06, Niter=4, Noise=1.0E-05
10  MaxDim=40, MinDim=20, Cutoff=1.0E-06, Niter=4, Noise=1.0E-05
11  MaxDim=40, MinDim=20, Cutoff=1.0E-06, Niter=4, Noise=1.0E-05
12  MaxDim=40, MinDim=20, Cutoff=1.0E-06, Niter=4, Noise=1.0E-05
13  MaxDim=40, MinDim=20, Cutoff=1.0E-06, Niter=4, Noise=1.0E-05
14  MaxDim=40, MinDim=20, Cutoff=1.0E-06, Niter=4, Noise=1.0E-05
15  MaxDim=80, MinDim=10, Cutoff=1.0E-06, Niter=4, Noise=1.0E-05
16  MaxDim=80, MinDim=10, Cutoff=1.0E-06, Niter=4, Noise=1.0E-05
17  MaxDim=80, MinDim=10, Cutoff=1.0E-06, Niter=4, Noise=1.0E-05
18  MaxDim=80, MinDim=10, Cutoff=1.0E-06, Niter=4, Noise=1.0E-05
19  MaxDim=80, MinDim=10, Cutoff=1.0E-06, Niter=4, Noise=1.0E-05
20  MaxDim=80, MinDim=10, Cutoff=1.0E-06, Niter=4, Noise=1.0E-05
21  MaxDim=80, MinDim=10, Cutoff=1.0E-06, Niter=4, Noise=1.0E-05
22  MaxDim=80, MinDim=10, Cutoff=1.0E-06, Niter=4, Noise=1.0E-05
23  MaxDim=80, MinDim=10, Cutoff=1.0E-06, Niter=4, Noise=1.0E-05
24  MaxDim=80, MinDim=10, Cutoff=1.0E-06, Niter=4, Noise=1.0E-05
25  MaxDim=80, MinDim=10, Cutoff=1.0E-06, Niter=4, Noise=1.0E-05
26  MaxDim=80, MinDim=10, Cutoff=1.0E-06, Niter=4, Noise=1.0E-05
27  MaxDim=80, MinDim=10, Cutoff=1.0E-06, Niter=4, Noise=1.0E-05
28  MaxDim=80, MinDim=10, Cutoff=1.0E-06, Niter=4, Noise=1.0E-05
29  MaxDim=80, MinDim=10, Cutoff=1.0E-06, Niter=4, Noise=1.0E-05
30  MaxDim=80, MinDim=10, Cutoff=1.0E-06, Niter=4, Noise=1.0E-05
31  MaxDim=80, MinDim=10, Cutoff=1.0E-06, Niter=4, Noise=1.0E-05
32  MaxDim=80, MinDim=10, Cutoff=1.0E-06, Niter=4, Noise=1.0E-05
33  MaxDim=80, MinDim=10, Cutoff=1.0E-06, Niter=4, Noise=1.0E-05
34  MaxDim=80, MinDim=10, Cutoff=1.0E-06, Niter=4, Noise=1.0E-05
35  MaxDim=80, MinDim=10, Cutoff=1.0E-06, Niter=4, Noise=1.0E-05
36  MaxDim=80, MinDim=10, Cutoff=1.0E-06, Niter=4, Noise=1.0E-05
37  MaxDim=160, MinDim=10, Cutoff=1.0E-08, Niter=4, Noise=1.0E-06
38  MaxDim=160, MinDim=10, Cutoff=1.0E-08, Niter=4, Noise=1.0E-06
39  MaxDim=160, MinDim=10, Cutoff=1.0E-08, Niter=4, Noise=1.0E-06
40  MaxDim=160, MinDim=10, Cutoff=1.0E-08, Niter=4, Noise=1.0E-06
41  MaxDim=160, MinDim=10, Cutoff=1.0E-08, Niter=4, Noise=1.0E-06
42  MaxDim=160, MinDim=10, Cutoff=1.0E-08, Niter=4, Noise=1.0E-06
43  MaxDim=160, MinDim=10, Cutoff=1.0E-08, Niter=4, Noise=1.0E-06
44  MaxDim=160, MinDim=10, Cutoff=1.0E-08, Niter=4, Noise=1.0E-06
45  MaxDim=160, MinDim=10, Cutoff=1.0E-08, Niter=4, Noise=1.0E-06
46  MaxDim=160, MinDim=10, Cutoff=1.0E-08, Niter=4, Noise=1.0E-06
47  MaxDim=160, MinDim=10, Cutoff=1.0E-08, Niter=4, Noise=1.0E-06
48  MaxDim=160, MinDim=10, Cutoff=1.0E-08, Niter=4, Noise=1.0E-06
49  MaxDim=160, MinDim=10, Cutoff=1.0E-08, Niter=4, Noise=1.0E-06
50  MaxDim=160, MinDim=10, Cutoff=1.0E-08, Niter=4, Noise=1.0E-06
51  MaxDim=160, MinDim=10, Cutoff=1.0E-08, Niter=4, Noise=1.0E-06
52  MaxDim=160, MinDim=10, Cutoff=1.0E-08, Niter=4, Noise=1.0E-06
53  MaxDim=160, MinDim=10, Cutoff=1.0E-08, Niter=4, Noise=1.0E-06
54  MaxDim=160, MinDim=10, Cutoff=1.0E-08, Niter=4, Noise=1.0E-06
55  MaxDim=160, MinDim=10, Cutoff=1.0E-08, Niter=4, Noise=1.0E-06
56  MaxDim=160, MinDim=10, Cutoff=1.0E-08, Niter=4, Noise=1.0E-06
57  MaxDim=160, MinDim=10, Cutoff=1.0E-08, Niter=4, Noise=1.0E-06
58  MaxDim=160, MinDim=10, Cutoff=1.0E-08, Niter=4, Noise=1.0E-06
59  MaxDim=320, MinDim=10, Cutoff=1.0E-10, Niter=4, Noise=1.0E-07
60  MaxDim=320, MinDim=10, Cutoff=1.0E-10, Niter=4, Noise=1.0E-07
61  MaxDim=320, MinDim=10, Cutoff=1.0E-10, Niter=4, Noise=1.0E-07
62  MaxDim=320, MinDim=10, Cutoff=1.0E-10, Niter=4, Noise=1.0E-07
63  MaxDim=320, MinDim=10, Cutoff=1.0E-10, Niter=4, Noise=1.0E-07
64  MaxDim=320, MinDim=10, Cutoff=1.0E-10, Niter=4, Noise=1.0E-07
65  MaxDim=320, MinDim=10, Cutoff=1.0E-10, Niter=4, Noise=1.0E-07
66  MaxDim=320, MinDim=10, Cutoff=1.0E-10, Niter=4, Noise=1.0E-07
67  MaxDim=320, MinDim=10, Cutoff=1.0E-10, Niter=4, Noise=1.0E-07
68  MaxDim=320, MinDim=10, Cutoff=1.0E-10, Niter=4, Noise=1.0E-07
69  MaxDim=320, MinDim=10, Cutoff=1.0E-10, Niter=4, Noise=1.0E-07
70  MaxDim=320, MinDim=10, Cutoff=1.0E-10, Niter=4, Noise=1.0E-07
71  MaxDim=320, MinDim=10, Cutoff=1.0E-10, Niter=4, Noise=1.0E-07
72  MaxDim=320, MinDim=10, Cutoff=1.0E-10, Niter=4, Noise=1.0E-07
73  MaxDim=320, MinDim=10, Cutoff=1.0E-10, Niter=4, Noise=1.0E-07
74  MaxDim=320, MinDim=10, Cutoff=1.0E-10, Niter=4, Noise=1.0E-07
75  MaxDim=640, MinDim=10, Cutoff=1.0E-12, Niter=2, Noise=1.0E-08
76  MaxDim=640, MinDim=10, Cutoff=1.0E-12, Niter=2, Noise=1.0E-08
77  MaxDim=640, MinDim=10, Cutoff=1.0E-12, Niter=2, Noise=1.0E-08
78  MaxDim=640, MinDim=10, Cutoff=1.0E-12, Niter=2, Noise=1.0E-08
79  MaxDim=640, MinDim=10, Cutoff=1.0E-12, Niter=2, Noise=1.0E-08
80  MaxDim=640, MinDim=10, Cutoff=1.0E-12, Niter=2, Noise=1.0E-08
81  MaxDim=640, MinDim=10, Cutoff=1.0E-12, Niter=2, Noise=1.0E-08
82  MaxDim=640, MinDim=10, Cutoff=1.0E-12, Niter=2, Noise=1.0E-08
83  MaxDim=1280, MinDim=10, Cutoff=1.0E-12, Niter=2, Noise=0.0E+00
84  MaxDim=1280, MinDim=10, Cutoff=1.0E-14, Niter=2, Noise=0.0E+00
85  MaxDim=1280, MinDim=10, Cutoff=1.0E-14, Niter=2, Noise=0.0E+00
86  MaxDim=1280, MinDim=10, Cutoff=1.0E-14, Niter=2, Noise=0.0E+00
87  MaxDim=1280, MinDim=10, Cutoff=1.0E-14, Niter=2, Noise=0.0E+00


    vN Entropy at center bond b=150 = 0.654315697308
    Eigs at center bond b=150: 0.7397 0.2430 0.0114 0.0037 
    Largest link dim during sweep 1/87 was 20
    Largest truncation error: 3.92757e-06
    Energy after sweep 1/87 is -175.571332312237
    Sweep 1/87 CPU time = 18.37s (Wall time = 1.188s)

    vN Entropy at center bond b=150 = 0.680077127940
    Eigs at center bond b=150: 0.7507 0.2189 0.0217 0.0062 0.0011 
    Largest link dim during sweep 2/87 was 20
    Largest truncation error: 1.65613e-06
    Energy after sweep 2/87 is -175.597598133644
    Sweep 2/87 CPU time = 26.98s (Wall time = 1.741s)

    vN Entropy at center bond b=150 = 0.680142333053
    Eigs at center bond b=150: 0.7507 0.2189 0.0217 0.0062 0.0011 
    Largest link dim during sweep 3/87 was 20
    Largest truncation error: 1.68457e-06
    Energy after sweep 3/87 is -175.597604776120
    Sweep 3/87 CPU time = 25.56s (Wall time = 1.640s)

    vN Entropy at center bond b=150 = 0.680143277570
    Eigs at center bond b=150: 0.7507 0.2189 0.0217 0.0062 0.0011 
    Largest link dim during sweep 4/87 was 20
    Largest truncation error: 1.68658e-06
    Energy after sweep 4/87 is -175.597605156172
    Sweep 4/87 CPU time = 25.46s (Wall time = 1.637s)

    vN Entropy at center bond b=150 = 0.680143349062
    Eigs at center bond b=150: 0.7507 0.2189 0.0217 0.0062 0.0011 
    Largest link dim during sweep 5/87 was 20
    Largest truncation error: 1.68671e-06
    Energy after sweep 5/87 is -175.597605134726
    Sweep 5/87 CPU time = 25.60s (Wall time = 1.638s)

    vN Entropy at center bond b=150 = 0.680143359628
    Eigs at center bond b=150: 0.7507 0.2189 0.0217 0.0062 0.0011 
    Largest link dim during sweep 6/87 was 20
    Largest truncation error: 1.68672e-06
    Energy after sweep 6/87 is -175.597605086754
    Sweep 6/87 CPU time = 25.96s (Wall time = 1.665s)

    vN Entropy at center bond b=150 = 0.680143361564
    Eigs at center bond b=150: 0.7507 0.2189 0.0217 0.0062 0.0011 
    Largest link dim during sweep 7/87 was 20
    Largest truncation error: 1.68672e-06
    Energy after sweep 7/87 is -175.597605070624
    Sweep 7/87 CPU time = 25.57s (Wall time = 1.642s)

    vN Entropy at center bond b=150 = 0.680375776556
    Eigs at center bond b=150: 0.7507 0.2189 0.0217 0.0063 0.0011 
    Largest link dim during sweep 8/87 was 24
    Largest truncation error: 7.50002e-07
    Energy after sweep 8/87 is -175.598610816862
    Sweep 8/87 CPU time = 14.92s (Wall time = 0.958s)

    vN Entropy at center bond b=150 = 0.680390205087
    Eigs at center bond b=150: 0.7507 0.2189 0.0217 0.0063 0.0012 
    Largest link dim during sweep 9/87 was 24
    Largest truncation error: 7.49693e-07
    Energy after sweep 9/87 is -175.598611624574
    Sweep 9/87 CPU time = 15.34s (Wall time = 0.982s)

    vN Entropy at center bond b=150 = 0.680390294222
    Eigs at center bond b=150: 0.7507 0.2189 0.0217 0.0063 0.0012 
    Largest link dim during sweep 10/87 was 24
    Largest truncation error: 7.49834e-07
    Energy after sweep 10/87 is -175.598611592197
    Sweep 10/87 CPU time = 15.14s (Wall time = 0.972s)

    vN Entropy at center bond b=150 = 0.680390293476
    Eigs at center bond b=150: 0.7507 0.2189 0.0217 0.0063 0.0012 
    Largest link dim during sweep 11/87 was 24
    Largest truncation error: 7.49839e-07
    Energy after sweep 11/87 is -175.598611590006
    Sweep 11/87 CPU time = 15.21s (Wall time = 0.976s)

    vN Entropy at center bond b=150 = 0.680390293377
    Eigs at center bond b=150: 0.7507 0.2189 0.0217 0.0063 0.0012 
    Largest link dim during sweep 12/87 was 24
    Largest truncation error: 7.49839e-07
    Energy after sweep 12/87 is -175.598611589879
    Sweep 12/87 CPU time = 15.05s (Wall time = 0.967s)

    vN Entropy at center bond b=150 = 0.680390293371
    Eigs at center bond b=150: 0.7507 0.2189 0.0217 0.0063 0.0012 
    Largest link dim during sweep 13/87 was 24
    Largest truncation error: 7.49839e-07
    Energy after sweep 13/87 is -175.598611589872
    Sweep 13/87 CPU time = 15.18s (Wall time = 0.973s)

    vN Entropy at center bond b=150 = 0.680390293371
    Eigs at center bond b=150: 0.7507 0.2189 0.0217 0.0063 0.0012 
    Largest link dim during sweep 14/87 was 24
    Largest truncation error: 7.49839e-07
    Energy after sweep 14/87 is -175.598611589871
    Sweep 14/87 CPU time = 15.20s (Wall time = 0.977s)

    vN Entropy at center bond b=150 = 0.680390293415
    Eigs at center bond b=150: 0.7507 0.2189 0.0217 0.0063 0.0012 
    Largest link dim during sweep 15/87 was 24
    Largest truncation error: 7.49839e-07
    Energy after sweep 15/87 is -175.598599509373
    Sweep 15/87 CPU time = 15.13s (Wall time = 0.969s)

    vN Entropy at center bond b=150 = 0.680390293415
    Eigs at center bond b=150: 0.7507 0.2189 0.0217 0.0063 0.0012 
    Largest link dim during sweep 16/87 was 24
    Largest truncation error: 7.49839e-07
    Energy after sweep 16/87 is -175.598599527566
    Sweep 16/87 CPU time = 15.13s (Wall time = 0.972s)

    vN Entropy at center bond b=150 = 0.680390293415
    Eigs at center bond b=150: 0.7507 0.2189 0.0217 0.0063 0.0012 
    Largest link dim during sweep 17/87 was 24
    Largest truncation error: 7.49839e-07
    Energy after sweep 17/87 is -175.598599527381
    Sweep 17/87 CPU time = 15.09s (Wall time = 0.966s)

    vN Entropy at center bond b=150 = 0.680390293415
    Eigs at center bond b=150: 0.7507 0.2189 0.0217 0.0063 0.0012 
    Largest link dim during sweep 18/87 was 24
    Largest truncation error: 7.49839e-07
    Energy after sweep 18/87 is -175.598599527246
    Sweep 18/87 CPU time = 15.10s (Wall time = 0.969s)

    vN Entropy at center bond b=150 = 0.680390293415
    Eigs at center bond b=150: 0.7507 0.2189 0.0217 0.0063 0.0012 
    Largest link dim during sweep 19/87 was 24
    Largest truncation error: 7.49839e-07
    Energy after sweep 19/87 is -175.598599527218
    Sweep 19/87 CPU time = 15.14s (Wall time = 0.970s)

    vN Entropy at center bond b=150 = 0.680390293415
    Eigs at center bond b=150: 0.7507 0.2189 0.0217 0.0063 0.0012 
    Largest link dim during sweep 20/87 was 24
    Largest truncation error: 7.49839e-07
    Energy after sweep 20/87 is -175.598599527214
    Sweep 20/87 CPU time = 15.43s (Wall time = 0.988s)

    vN Entropy at center bond b=150 = 0.680390293415
    Eigs at center bond b=150: 0.7507 0.2189 0.0217 0.0063 0.0012 
    Largest link dim during sweep 21/87 was 24
    Largest truncation error: 7.49839e-07
    Energy after sweep 21/87 is -175.598599527212
    Sweep 21/87 CPU time = 15.16s (Wall time = 0.970s)

    vN Entropy at center bond b=150 = 0.680390293415
    Eigs at center bond b=150: 0.7507 0.2189 0.0217 0.0063 0.0012 
    Largest link dim during sweep 22/87 was 24
    Largest truncation error: 7.49839e-07
    Energy after sweep 22/87 is -175.598599527211
    Sweep 22/87 CPU time = 15.12s (Wall time = 0.970s)

    vN Entropy at center bond b=150 = 0.680390293415
    Eigs at center bond b=150: 0.7507 0.2189 0.0217 0.0063 0.0012 
    Largest link dim during sweep 23/87 was 24
    Largest truncation error: 7.49839e-07
    Energy after sweep 23/87 is -175.598599527213
    Sweep 23/87 CPU time = 15.14s (Wall time = 0.969s)

    vN Entropy at center bond b=150 = 0.680390293415
    Eigs at center bond b=150: 0.7507 0.2189 0.0217 0.0063 0.0012 
    Largest link dim during sweep 24/87 was 24
    Largest truncation error: 7.49839e-07
    Energy after sweep 24/87 is -175.598599527209
    Sweep 24/87 CPU time = 15.09s (Wall time = 0.969s)

    vN Entropy at center bond b=150 = 0.680390293415
    Eigs at center bond b=150: 0.7507 0.2189 0.0217 0.0063 0.0012 
    Largest link dim during sweep 25/87 was 24
    Largest truncation error: 7.49839e-07
    Energy after sweep 25/87 is -175.598599527216
    Sweep 25/87 CPU time = 15.07s (Wall time = 0.966s)

    vN Entropy at center bond b=150 = 0.680390293415
    Eigs at center bond b=150: 0.7507 0.2189 0.0217 0.0063 0.0012 
    Largest link dim during sweep 26/87 was 24
    Largest truncation error: 7.49839e-07
    Energy after sweep 26/87 is -175.598599527214
    Sweep 26/87 CPU time = 15.14s (Wall time = 0.974s)

    vN Entropy at center bond b=150 = 0.680390293415
    Eigs at center bond b=150: 0.7507 0.2189 0.0217 0.0063 0.0012 
    Largest link dim during sweep 27/87 was 24
    Largest truncation error: 7.49839e-07
    Energy after sweep 27/87 is -175.598599527214
    Sweep 27/87 CPU time = 15.05s (Wall time = 0.965s)

    vN Entropy at center bond b=150 = 0.680390293415
    Eigs at center bond b=150: 0.7507 0.2189 0.0217 0.0063 0.0012 
    Largest link dim during sweep 28/87 was 24
    Largest truncation error: 7.49839e-07
    Energy after sweep 28/87 is -175.598599527213
    Sweep 28/87 CPU time = 15.11s (Wall time = 0.968s)

    vN Entropy at center bond b=150 = 0.680390293415
    Eigs at center bond b=150: 0.7507 0.2189 0.0217 0.0063 0.0012 
    Largest link dim during sweep 29/87 was 24
    Largest truncation error: 7.49839e-07
    Energy after sweep 29/87 is -175.598599527210
    Sweep 29/87 CPU time = 15.06s (Wall time = 0.965s)

    vN Entropy at center bond b=150 = 0.680390293415
    Eigs at center bond b=150: 0.7507 0.2189 0.0217 0.0063 0.0012 
    Largest link dim during sweep 30/87 was 24
    Largest truncation error: 7.49839e-07
    Energy after sweep 30/87 is -175.598599527211
    Sweep 30/87 CPU time = 15.15s (Wall time = 0.974s)

    vN Entropy at center bond b=150 = 0.680390293415
    Eigs at center bond b=150: 0.7507 0.2189 0.0217 0.0063 0.0012 
    Largest link dim during sweep 31/87 was 24
    Largest truncation error: 7.49839e-07
    Energy after sweep 31/87 is -175.598599527212
    Sweep 31/87 CPU time = 15.18s (Wall time = 0.977s)

    vN Entropy at center bond b=150 = 0.680390293415
    Eigs at center bond b=150: 0.7507 0.2189 0.0217 0.0063 0.0012 
    Largest link dim during sweep 32/87 was 24
    Largest truncation error: 7.49839e-07
    Energy after sweep 32/87 is -175.598599527212
    Sweep 32/87 CPU time = 15.12s (Wall time = 0.966s)

    vN Entropy at center bond b=150 = 0.680390293415
    Eigs at center bond b=150: 0.7507 0.2189 0.0217 0.0063 0.0012 
    Largest link dim during sweep 33/87 was 24
    Largest truncation error: 7.49839e-07
    Energy after sweep 33/87 is -175.598599527210
    Sweep 33/87 CPU time = 15.05s (Wall time = 0.965s)

    vN Entropy at center bond b=150 = 0.680390293415
    Eigs at center bond b=150: 0.7507 0.2189 0.0217 0.0063 0.0012 
    Largest link dim during sweep 34/87 was 24
    Largest truncation error: 7.49839e-07
    Energy after sweep 34/87 is -175.598599527217
    Sweep 34/87 CPU time = 15.06s (Wall time = 0.964s)

    vN Entropy at center bond b=150 = 0.680390293415
    Eigs at center bond b=150: 0.7507 0.2189 0.0217 0.0063 0.0012 
    Largest link dim during sweep 35/87 was 24
    Largest truncation error: 7.49839e-07
    Energy after sweep 35/87 is -175.598599527211
    Sweep 35/87 CPU time = 15.05s (Wall time = 0.964s)

    vN Entropy at center bond b=150 = 0.680390293415
    Eigs at center bond b=150: 0.7507 0.2189 0.0217 0.0063 0.0012 
    Largest link dim during sweep 36/87 was 24
    Largest truncation error: 7.49839e-07
    Energy after sweep 36/87 is -175.598599527211
    Sweep 36/87 CPU time = 14.93s (Wall time = 0.958s)

    vN Entropy at center bond b=150 = 0.681059822877
    Eigs at center bond b=150: 0.7505 0.2190 0.0218 0.0063 0.0012 
    Largest link dim during sweep 37/87 was 48
    Largest truncation error: 7.78256e-09
    Energy after sweep 37/87 is -175.599539334233
    Sweep 37/87 CPU time = 34.26s (Wall time = 2.202s)

    vN Entropy at center bond b=150 = 0.681110241789
    Eigs at center bond b=150: 0.7505 0.2190 0.0218 0.0063 0.0012 
    Largest link dim during sweep 38/87 was 50
    Largest truncation error: 7.78257e-09
    Energy after sweep 38/87 is -175.599543039308
    Sweep 38/87 CPU time = 48.99s (Wall time = 3.161s)

    vN Entropy at center bond b=150 = 0.681110824428
    Eigs at center bond b=150: 0.7505 0.2190 0.0218 0.0063 0.0012 
    Largest link dim during sweep 39/87 was 50
    Largest truncation error: 7.78257e-09
    Energy after sweep 39/87 is -175.599543072079
    Sweep 39/87 CPU time = 50.07s (Wall time = 3.222s)

    vN Entropy at center bond b=150 = 0.681110840662
    Eigs at center bond b=150: 0.7505 0.2190 0.0218 0.0063 0.0012 
    Largest link dim during sweep 40/87 was 50
    Largest truncation error: 7.78257e-09
    Energy after sweep 40/87 is -175.599543072554
    Sweep 40/87 CPU time = 50.32s (Wall time = 3.234s)

    vN Entropy at center bond b=150 = 0.681110841333
    Eigs at center bond b=150: 0.7505 0.2190 0.0218 0.0063 0.0012 
    Largest link dim during sweep 41/87 was 50
    Largest truncation error: 7.78257e-09
    Energy after sweep 41/87 is -175.599543072578
    Sweep 41/87 CPU time = 49.97s (Wall time = 3.211s)

    vN Entropy at center bond b=150 = 0.681110841367
    Eigs at center bond b=150: 0.7505 0.2190 0.0218 0.0063 0.0012 
    Largest link dim during sweep 42/87 was 50
    Largest truncation error: 7.78257e-09
    Energy after sweep 42/87 is -175.599543072573
    Sweep 42/87 CPU time = 50.36s (Wall time = 3.232s)

    vN Entropy at center bond b=150 = 0.681110841369
    Eigs at center bond b=150: 0.7505 0.2190 0.0218 0.0063 0.0012 
    Largest link dim during sweep 43/87 was 50
    Largest truncation error: 7.78257e-09
    Energy after sweep 43/87 is -175.599543072576
    Sweep 43/87 CPU time = 48.44s (Wall time = 3.114s)

    vN Entropy at center bond b=150 = 0.681110841369
    Eigs at center bond b=150: 0.7505 0.2190 0.0218 0.0063 0.0012 
    Largest link dim during sweep 44/87 was 50
    Largest truncation error: 7.78257e-09
    Energy after sweep 44/87 is -175.599543072577
    Sweep 44/87 CPU time = 49.87s (Wall time = 3.200s)

    vN Entropy at center bond b=150 = 0.681110841369
    Eigs at center bond b=150: 0.7505 0.2190 0.0218 0.0063 0.0012 
    Largest link dim during sweep 45/87 was 50
    Largest truncation error: 7.78257e-09
    Energy after sweep 45/87 is -175.599543072575
    Sweep 45/87 CPU time = 49.98s (Wall time = 3.209s)

    vN Entropy at center bond b=150 = 0.681110841369
    Eigs at center bond b=150: 0.7505 0.2190 0.0218 0.0063 0.0012 
    Largest link dim during sweep 46/87 was 50
    Largest truncation error: 7.78257e-09
    Energy after sweep 46/87 is -175.599543072576
    Sweep 46/87 CPU time = 49.46s (Wall time = 3.175s)

    vN Entropy at center bond b=150 = 0.681110841369
    Eigs at center bond b=150: 0.7505 0.2190 0.0218 0.0063 0.0012 
    Largest link dim during sweep 47/87 was 50
    Largest truncation error: 7.78257e-09
    Energy after sweep 47/87 is -175.599543072577
    Sweep 47/87 CPU time = 49.51s (Wall time = 3.177s)

    vN Entropy at center bond b=150 = 0.681110841369
    Eigs at center bond b=150: 0.7505 0.2190 0.0218 0.0063 0.0012 
    Largest link dim during sweep 48/87 was 50
    Largest truncation error: 7.78257e-09
    Energy after sweep 48/87 is -175.599543072577
    Sweep 48/87 CPU time = 49.70s (Wall time = 3.200s)

    vN Entropy at center bond b=150 = 0.681110841369
    Eigs at center bond b=150: 0.7505 0.2190 0.0218 0.0063 0.0012 
    Largest link dim during sweep 49/87 was 50
    Largest truncation error: 7.78257e-09
    Energy after sweep 49/87 is -175.599543072576
    Sweep 49/87 CPU time = 49.24s (Wall time = 3.189s)

    vN Entropy at center bond b=150 = 0.681110841369
    Eigs at center bond b=150: 0.7505 0.2190 0.0218 0.0063 0.0012 
    Largest link dim during sweep 50/87 was 50
    Largest truncation error: 7.78257e-09
    Energy after sweep 50/87 is -175.599543072577
    Sweep 50/87 CPU time = 48.55s (Wall time = 3.112s)

    vN Entropy at center bond b=150 = 0.681110841369
    Eigs at center bond b=150: 0.7505 0.2190 0.0218 0.0063 0.0012 
    Largest link dim during sweep 51/87 was 50
    Largest truncation error: 7.78257e-09
    Energy after sweep 51/87 is -175.599543072577
    Sweep 51/87 CPU time = 49.78s (Wall time = 3.201s)

    vN Entropy at center bond b=150 = 0.681110841369
    Eigs at center bond b=150: 0.7505 0.2190 0.0218 0.0063 0.0012 
    Largest link dim during sweep 52/87 was 50
    Largest truncation error: 7.78257e-09
    Energy after sweep 52/87 is -175.599543072580
    Sweep 52/87 CPU time = 49.52s (Wall time = 3.178s)

    vN Entropy at center bond b=150 = 0.681110841369
    Eigs at center bond b=150: 0.7505 0.2190 0.0218 0.0063 0.0012 
    Largest link dim during sweep 53/87 was 50
    Largest truncation error: 7.78257e-09
    Energy after sweep 53/87 is -175.599543072579
    Sweep 53/87 CPU time = 49.41s (Wall time = 3.178s)

    vN Entropy at center bond b=150 = 0.681110841369
    Eigs at center bond b=150: 0.7505 0.2190 0.0218 0.0063 0.0012 
    Largest link dim during sweep 54/87 was 50
    Largest truncation error: 7.78257e-09
    Energy after sweep 54/87 is -175.599543072577
    Sweep 54/87 CPU time = 49.38s (Wall time = 3.172s)

    vN Entropy at center bond b=150 = 0.681110841369
    Eigs at center bond b=150: 0.7505 0.2190 0.0218 0.0063 0.0012 
    Largest link dim during sweep 55/87 was 50
    Largest truncation error: 7.78257e-09
    Energy after sweep 55/87 is -175.599543072577
    Sweep 55/87 CPU time = 49.36s (Wall time = 3.170s)

    vN Entropy at center bond b=150 = 0.681110841369
    Eigs at center bond b=150: 0.7505 0.2190 0.0218 0.0063 0.0012 
    Largest link dim during sweep 56/87 was 50
    Largest truncation error: 7.78257e-09
    Energy after sweep 56/87 is -175.599543072577
    Sweep 56/87 CPU time = 49.76s (Wall time = 3.197s)

    vN Entropy at center bond b=150 = 0.681110841369
    Eigs at center bond b=150: 0.7505 0.2190 0.0218 0.0063 0.0012 
    Largest link dim during sweep 57/87 was 50
    Largest truncation error: 7.78257e-09
    Energy after sweep 57/87 is -175.599543072577
    Sweep 57/87 CPU time = 49.75s (Wall time = 3.203s)

    vN Entropy at center bond b=150 = 0.681110841369
    Eigs at center bond b=150: 0.7505 0.2190 0.0218 0.0063 0.0012 
    Largest link dim during sweep 58/87 was 50
    Largest truncation error: 7.78257e-09
    Energy after sweep 58/87 is -175.599543072575
    Sweep 58/87 CPU time = 49.43s (Wall time = 3.185s)

    vN Entropy at center bond b=150 = 0.681144348244
    Eigs at center bond b=150: 0.7505 0.2190 0.0218 0.0063 0.0012 
    Largest link dim during sweep 59/87 was 91
    Largest truncation error: 7.51858e-11
    Energy after sweep 59/87 is -175.599556169233
    Sweep 59/87 CPU time = 2m, 18.3s (Wall time = 8.909s)

    vN Entropy at center bond b=150 = 0.681145461013
    Eigs at center bond b=150: 0.7505 0.2190 0.0218 0.0063 0.0012 
    Largest link dim during sweep 60/87 was 92
    Largest truncation error: 7.49676e-11
    Energy after sweep 60/87 is -175.599556204443
    Sweep 60/87 CPU time = 3m, 13.5s (Wall time = 12.48s)

    vN Entropy at center bond b=150 = 0.681145480706
    Eigs at center bond b=150: 0.7505 0.2190 0.0218 0.0063 0.0012 
    Largest link dim during sweep 61/87 was 93
    Largest truncation error: 7.49139e-11
    Energy after sweep 61/87 is -175.599556208551
    Sweep 61/87 CPU time = 2m, 57.9s (Wall time = 11.45s)

    vN Entropy at center bond b=150 = 0.681145481718
    Eigs at center bond b=150: 0.7505 0.2190 0.0218 0.0063 0.0012 
    Largest link dim during sweep 62/87 was 93
    Largest truncation error: 7.49551e-11
    Energy after sweep 62/87 is -175.599556208454
    Sweep 62/87 CPU time = 3m, 2.5s (Wall time = 11.80s)

    vN Entropy at center bond b=150 = 0.681145481772
    Eigs at center bond b=150: 0.7505 0.2190 0.0218 0.0063 0.0012 
    Largest link dim during sweep 63/87 was 93
    Largest truncation error: 7.49624e-11
    Energy after sweep 63/87 is -175.599556208454
    Sweep 63/87 CPU time = 3m, 0.6s (Wall time = 11.61s)

    vN Entropy at center bond b=150 = 0.681145481774
    Eigs at center bond b=150: 0.7505 0.2190 0.0218 0.0063 0.0012 
    Largest link dim during sweep 64/87 was 93
    Largest truncation error: 7.4964e-11
    Energy after sweep 64/87 is -175.599556208452
    Sweep 64/87 CPU time = 3m, 0.2s (Wall time = 11.59s)

    vN Entropy at center bond b=150 = 0.681145481774
    Eigs at center bond b=150: 0.7505 0.2190 0.0218 0.0063 0.0012 
    Largest link dim during sweep 65/87 was 93
    Largest truncation error: 7.49646e-11
    Energy after sweep 65/87 is -175.599556208454
    Sweep 65/87 CPU time = 3m, 0.5s (Wall time = 11.59s)

    vN Entropy at center bond b=150 = 0.681145481774
    Eigs at center bond b=150: 0.7505 0.2190 0.0218 0.0063 0.0012 
    Largest link dim during sweep 66/87 was 93
    Largest truncation error: 7.49647e-11
    Energy after sweep 66/87 is -175.599556208452
    Sweep 66/87 CPU time = 3m, 0.5s (Wall time = 11.62s)

    vN Entropy at center bond b=150 = 0.681145481774
    Eigs at center bond b=150: 0.7505 0.2190 0.0218 0.0063 0.0012 
    Largest link dim during sweep 67/87 was 93
    Largest truncation error: 7.49648e-11
    Energy after sweep 67/87 is -175.599556208455
    Sweep 67/87 CPU time = 3m, 1.3s (Wall time = 11.67s)

    vN Entropy at center bond b=150 = 0.681145481774
    Eigs at center bond b=150: 0.7505 0.2190 0.0218 0.0063 0.0012 
    Largest link dim during sweep 68/87 was 93
    Largest truncation error: 7.49648e-11
    Energy after sweep 68/87 is -175.599556208454
    Sweep 68/87 CPU time = 3m, 3.8s (Wall time = 11.85s)

    vN Entropy at center bond b=150 = 0.681145481774
    Eigs at center bond b=150: 0.7505 0.2190 0.0218 0.0063 0.0012 
    Largest link dim during sweep 69/87 was 93
    Largest truncation error: 7.49649e-11
    Energy after sweep 69/87 is -175.599556208454
    Sweep 69/87 CPU time = 3m, 2.0s (Wall time = 11.70s)

    vN Entropy at center bond b=150 = 0.681145481774
    Eigs at center bond b=150: 0.7505 0.2190 0.0218 0.0063 0.0012 
    Largest link dim during sweep 70/87 was 93
    Largest truncation error: 7.49651e-11
    Energy after sweep 70/87 is -175.599556208452
    Sweep 70/87 CPU time = 3m, 1.9s (Wall time = 11.69s)

    vN Entropy at center bond b=150 = 0.681145481774
    Eigs at center bond b=150: 0.7505 0.2190 0.0218 0.0063 0.0012 
    Largest link dim during sweep 71/87 was 93
    Largest truncation error: 7.49648e-11
    Energy after sweep 71/87 is -175.599556208454
    Sweep 71/87 CPU time = 3m, 1.4s (Wall time = 11.65s)

    vN Entropy at center bond b=150 = 0.681145481774
    Eigs at center bond b=150: 0.7505 0.2190 0.0218 0.0063 0.0012 
    Largest link dim during sweep 72/87 was 93
    Largest truncation error: 7.49649e-11
    Energy after sweep 72/87 is -175.599556208453
    Sweep 72/87 CPU time = 3m, 1.8s (Wall time = 11.76s)

    vN Entropy at center bond b=150 = 0.681145481774
    Eigs at center bond b=150: 0.7505 0.2190 0.0218 0.0063 0.0012 
    Largest link dim during sweep 73/87 was 93
    Largest truncation error: 7.49649e-11
    Energy after sweep 73/87 is -175.599556208455
    Sweep 73/87 CPU time = 3m, 6.5s (Wall time = 12.00s)

    vN Entropy at center bond b=150 = 0.681145481774
    Eigs at center bond b=150: 0.7505 0.2190 0.0218 0.0063 0.0012 
    Largest link dim during sweep 74/87 was 93
    Largest truncation error: 7.49648e-11
    Energy after sweep 74/87 is -175.599556208452
    Sweep 74/87 CPU time = 3m, 1.5s (Wall time = 11.66s)

    vN Entropy at center bond b=150 = 0.681147684926
    Eigs at center bond b=150: 0.7505 0.2190 0.0218 0.0063 0.0012 
    Largest link dim during sweep 75/87 was 161
    Largest truncation error: 8.02038e-13
    Energy after sweep 75/87 is -175.599556369751
    Sweep 75/87 CPU time = 5m, 34.6s (Wall time = 23.06s)

    vN Entropy at center bond b=150 = 0.681147732700
    Eigs at center bond b=150: 0.7505 0.2190 0.0218 0.0063 0.0012 
    Largest link dim during sweep 76/87 was 163
    Largest truncation error: 8.02105e-13
    Energy after sweep 76/87 is -175.599556370052
    Sweep 76/87 CPU time = 7m, 51.0s (Wall time = 31.56s)

    vN Entropy at center bond b=150 = 0.681147734092
    Eigs at center bond b=150: 0.7505 0.2190 0.0218 0.0063 0.0012 
    Largest link dim during sweep 77/87 was 163
    Largest truncation error: 8.01983e-13
    Energy after sweep 77/87 is -175.599556370049
    Sweep 77/87 CPU time = 7m, 45.9s (Wall time = 30.98s)

    vN Entropy at center bond b=150 = 0.681147734199
    Eigs at center bond b=150: 0.7505 0.2190 0.0218 0.0063 0.0012 
    Largest link dim during sweep 78/87 was 163
    Largest truncation error: 8.02083e-13
    Energy after sweep 78/87 is -175.599556370051
    Sweep 78/87 CPU time = 7m, 39.4s (Wall time = 31.02s)

    vN Entropy at center bond b=150 = 0.681147734470
    Eigs at center bond b=150: 0.7505 0.2190 0.0218 0.0063 0.0012 
    Largest link dim during sweep 79/87 was 163
    Largest truncation error: 8.02118e-13
    Energy after sweep 79/87 is -175.599556370054
    Sweep 79/87 CPU time = 7m, 40.9s (Wall time = 31.28s)

    vN Entropy at center bond b=150 = 0.681147734497
    Eigs at center bond b=150: 0.7505 0.2190 0.0218 0.0063 0.0012 
    Largest link dim during sweep 80/87 was 163
    Largest truncation error: 8.02106e-13
    Energy after sweep 80/87 is -175.599556370053
    Sweep 80/87 CPU time = 7m, 45.2s (Wall time = 31.64s)

    vN Entropy at center bond b=150 = 0.681147734501
    Eigs at center bond b=150: 0.7505 0.2190 0.0218 0.0063 0.0012 
    Largest link dim during sweep 81/87 was 163
    Largest truncation error: 8.0209e-13
    Energy after sweep 81/87 is -175.599556370051
    Sweep 81/87 CPU time = 7m, 30.5s (Wall time = 30.56s)

    vN Entropy at center bond b=150 = 0.681147734502
    Eigs at center bond b=150: 0.7505 0.2190 0.0218 0.0063 0.0012 
    Largest link dim during sweep 82/87 was 163
    Largest truncation error: 8.02129e-13
    Energy after sweep 82/87 is -175.599556370052
    Sweep 82/87 CPU time = 7m, 28.2s (Wall time = 30.29s)

    vN Entropy at center bond b=150 = 0.681147940912
    Eigs at center bond b=150: 0.7505 0.2190 0.0218 0.0063 0.0012 
    Largest link dim during sweep 83/87 was 150
    Largest truncation error: 7.49107e-13
    Energy after sweep 83/87 is -175.599556369501
    Sweep 83/87 CPU time = 5m, 0.0s (Wall time = 19.40s)

    vN Entropy at center bond b=150 = 0.681147947760
    Eigs at center bond b=150: 0.7505 0.2190 0.0218 0.0063 0.0012 
    Largest link dim during sweep 84/87 was 255
    Largest truncation error: 7.50451e-15
    Energy after sweep 84/87 is -175.599556372051
    Sweep 84/87 CPU time = 13m, 41s (Wall time = 56.40s)

    vN Entropy at center bond b=150 = 0.681147948967
    Eigs at center bond b=150: 0.7505 0.2190 0.0218 0.0063 0.0012 
    Largest link dim during sweep 85/87 was 256
    Largest truncation error: 7.50191e-15
    Energy after sweep 85/87 is -175.599556372054
    Sweep 85/87 CPU time = 25m, 10s (Wall time = 1m, 39.1s)

    vN Entropy at center bond b=150 = 0.681147949000
    Eigs at center bond b=150: 0.7505 0.2190 0.0218 0.0063 0.0012 
    Largest link dim during sweep 86/87 was 256
    Largest truncation error: 7.50155e-15
    Energy after sweep 86/87 is -175.599556372057
    Sweep 86/87 CPU time = 21m, 15s (Wall time = 1m, 22.2s)

    vN Entropy at center bond b=150 = 0.681147949003
    Eigs at center bond b=150: 0.7505 0.2190 0.0218 0.0063 0.0012 
    Largest link dim during sweep 87/87 was 256
    Largest truncation error: 7.50216e-15
    Energy after sweep 87/87 is -175.599556372062
    Sweep 87/87 CPU time = 20m, 16s (Wall time = 1m, 18.5s)
Initial energy = 150.00000

Ground State Energy = -175.5995563721
run_outputs/outputpsi/N_300_sweep_87_t_0.030000_J_1.000000_V_0.600000_D_0.018000_U_0.500000_mu_1.000000_E_0.005000 converge
Wall-clock time (s) = 3671.303531
