//////////////////////////
Reading input file ......

Got input.N = 300
Got input.t = 0.03
Got input.J = 1
Got input.V = 0.6
Got input.D = 0.018
Got input.U = -0.1
Got input.mu = 0.02
Got input.E = 0.001
Got input.nsweeps = 87
Sweeps:
1  MaxDim=20, MinDim=20, Cutoff=1.0E-06, Niter=8, Noise=1.0E-05
2  MaxDim=20, MinDim=20, Cutoff=1.0E-06, Niter=8, Noise=1.0E-05
3  MaxDim=20, MinDim=20, Cutoff=1.0E-06, Niter=8, Noise=1.0E-05
4  MaxDim=20, MinDim=20, Cutoff=1.0E-06, Niter=8, Noise=1.0E-05
5  MaxDim=20, MinDim=20, Cutoff=1.0E-06, Niter=8, Noise=1.0E-05
6  MaxDim=20, MinDim=20, Cutoff=1.0E-06, Niter=8, Noise=1.0E-05
7  MaxDim=20, MinDim=20, Cutoff=1.0E-06, Niter=8, Noise=1.0E-05
8  MaxDim=40, MinDim=20, Cutoff=1.0E-06, Niter=4, Noise=1.0E-05
9  MaxDim=40, MinDim=20, Cutoff=1.0E-06, Niter=4, Noise=1.0E-05
10  MaxDim=40, MinDim=20, Cutoff=1.0E-06, Niter=4, Noise=1.0E-05
11  MaxDim=40, MinDim=20, Cutoff=1.0E-06, Niter=4, Noise=1.0E-05
12  MaxDim=40, MinDim=20, Cutoff=1.0E-06, Niter=4, Noise=1.0E-05
13  MaxDim=40, MinDim=20, Cutoff=1.0E-06, Niter=4, Noise=1.0E-05
14  MaxDim=40, MinDim=20, Cutoff=1.0E-06, Niter=4, Noise=1.0E-05
15  MaxDim=80, MinDim=10, Cutoff=1.0E-06, Niter=4, Noise=1.0E-05
16  MaxDim=80, MinDim=10, Cutoff=1.0E-06, Niter=4, Noise=1.0E-05
17  MaxDim=80, MinDim=10, Cutoff=1.0E-06, Niter=4, Noise=1.0E-05
18  MaxDim=80, MinDim=10, Cutoff=1.0E-06, Niter=4, Noise=1.0E-05
19  MaxDim=80, MinDim=10, Cutoff=1.0E-06, Niter=4, Noise=1.0E-05
20  MaxDim=80, MinDim=10, Cutoff=1.0E-06, Niter=4, Noise=1.0E-05
21  MaxDim=80, MinDim=10, Cutoff=1.0E-06, Niter=4, Noise=1.0E-05
22  MaxDim=80, MinDim=10, Cutoff=1.0E-06, Niter=4, Noise=1.0E-05
23  MaxDim=80, MinDim=10, Cutoff=1.0E-06, Niter=4, Noise=1.0E-05
24  MaxDim=80, MinDim=10, Cutoff=1.0E-06, Niter=4, Noise=1.0E-05
25  MaxDim=80, MinDim=10, Cutoff=1.0E-06, Niter=4, Noise=1.0E-05
26  MaxDim=80, MinDim=10, Cutoff=1.0E-06, Niter=4, Noise=1.0E-05
27  MaxDim=80, MinDim=10, Cutoff=1.0E-06, Niter=4, Noise=1.0E-05
28  MaxDim=80, MinDim=10, Cutoff=1.0E-06, Niter=4, Noise=1.0E-05
29  MaxDim=80, MinDim=10, Cutoff=1.0E-06, Niter=4, Noise=1.0E-05
30  MaxDim=80, MinDim=10, Cutoff=1.0E-06, Niter=4, Noise=1.0E-05
31  MaxDim=80, MinDim=10, Cutoff=1.0E-06, Niter=4, Noise=1.0E-05
32  MaxDim=80, MinDim=10, Cutoff=1.0E-06, Niter=4, Noise=1.0E-05
33  MaxDim=80, MinDim=10, Cutoff=1.0E-06, Niter=4, Noise=1.0E-05
34  MaxDim=80, MinDim=10, Cutoff=1.0E-06, Niter=4, Noise=1.0E-05
35  MaxDim=80, MinDim=10, Cutoff=1.0E-06, Niter=4, Noise=1.0E-05
36  MaxDim=80, MinDim=10, Cutoff=1.0E-06, Niter=4, Noise=1.0E-05
37  MaxDim=160, MinDim=10, Cutoff=1.0E-08, Niter=4, Noise=1.0E-06
38  MaxDim=160, MinDim=10, Cutoff=1.0E-08, Niter=4, Noise=1.0E-06
39  MaxDim=160, MinDim=10, Cutoff=1.0E-08, Niter=4, Noise=1.0E-06
40  MaxDim=160, MinDim=10, Cutoff=1.0E-08, Niter=4, Noise=1.0E-06
41  MaxDim=160, MinDim=10, Cutoff=1.0E-08, Niter=4, Noise=1.0E-06
42  MaxDim=160, MinDim=10, Cutoff=1.0E-08, Niter=4, Noise=1.0E-06
43  MaxDim=160, MinDim=10, Cutoff=1.0E-08, Niter=4, Noise=1.0E-06
44  MaxDim=160, MinDim=10, Cutoff=1.0E-08, Niter=4, Noise=1.0E-06
45  MaxDim=160, MinDim=10, Cutoff=1.0E-08, Niter=4, Noise=1.0E-06
46  MaxDim=160, MinDim=10, Cutoff=1.0E-08, Niter=4, Noise=1.0E-06
47  MaxDim=160, MinDim=10, Cutoff=1.0E-08, Niter=4, Noise=1.0E-06
48  MaxDim=160, MinDim=10, Cutoff=1.0E-08, Niter=4, Noise=1.0E-06
49  MaxDim=160, MinDim=10, Cutoff=1.0E-08, Niter=4, Noise=1.0E-06
50  MaxDim=160, MinDim=10, Cutoff=1.0E-08, Niter=4, Noise=1.0E-06
51  MaxDim=160, MinDim=10, Cutoff=1.0E-08, Niter=4, Noise=1.0E-06
52  MaxDim=160, MinDim=10, Cutoff=1.0E-08, Niter=4, Noise=1.0E-06
53  MaxDim=160, MinDim=10, Cutoff=1.0E-08, Niter=4, Noise=1.0E-06
54  MaxDim=160, MinDim=10, Cutoff=1.0E-08, Niter=4, Noise=1.0E-06
55  MaxDim=160, MinDim=10, Cutoff=1.0E-08, Niter=4, Noise=1.0E-06
56  MaxDim=160, MinDim=10, Cutoff=1.0E-08, Niter=4, Noise=1.0E-06
57  MaxDim=160, MinDim=10, Cutoff=1.0E-08, Niter=4, Noise=1.0E-06
58  MaxDim=160, MinDim=10, Cutoff=1.0E-08, Niter=4, Noise=1.0E-06
59  MaxDim=320, MinDim=10, Cutoff=1.0E-10, Niter=4, Noise=1.0E-07
60  MaxDim=320, MinDim=10, Cutoff=1.0E-10, Niter=4, Noise=1.0E-07
61  MaxDim=320, MinDim=10, Cutoff=1.0E-10, Niter=4, Noise=1.0E-07
62  MaxDim=320, MinDim=10, Cutoff=1.0E-10, Niter=4, Noise=1.0E-07
63  MaxDim=320, MinDim=10, Cutoff=1.0E-10, Niter=4, Noise=1.0E-07
64  MaxDim=320, MinDim=10, Cutoff=1.0E-10, Niter=4, Noise=1.0E-07
65  MaxDim=320, MinDim=10, Cutoff=1.0E-10, Niter=4, Noise=1.0E-07
66  MaxDim=320, MinDim=10, Cutoff=1.0E-10, Niter=4, Noise=1.0E-07
67  MaxDim=320, MinDim=10, Cutoff=1.0E-10, Niter=4, Noise=1.0E-07
68  MaxDim=320, MinDim=10, Cutoff=1.0E-10, Niter=4, Noise=1.0E-07
69  MaxDim=320, MinDim=10, Cutoff=1.0E-10, Niter=4, Noise=1.0E-07
70  MaxDim=320, MinDim=10, Cutoff=1.0E-10, Niter=4, Noise=1.0E-07
71  MaxDim=320, MinDim=10, Cutoff=1.0E-10, Niter=4, Noise=1.0E-07
72  MaxDim=320, MinDim=10, Cutoff=1.0E-10, Niter=4, Noise=1.0E-07
73  MaxDim=320, MinDim=10, Cutoff=1.0E-10, Niter=4, Noise=1.0E-07
74  MaxDim=320, MinDim=10, Cutoff=1.0E-10, Niter=4, Noise=1.0E-07
75  MaxDim=640, MinDim=10, Cutoff=1.0E-12, Niter=2, Noise=1.0E-08
76  MaxDim=640, MinDim=10, Cutoff=1.0E-12, Niter=2, Noise=1.0E-08
77  MaxDim=640, MinDim=10, Cutoff=1.0E-12, Niter=2, Noise=1.0E-08
78  MaxDim=640, MinDim=10, Cutoff=1.0E-12, Niter=2, Noise=1.0E-08
79  MaxDim=640, MinDim=10, Cutoff=1.0E-12, Niter=2, Noise=1.0E-08
80  MaxDim=640, MinDim=10, Cutoff=1.0E-12, Niter=2, Noise=1.0E-08
81  MaxDim=640, MinDim=10, Cutoff=1.0E-12, Niter=2, Noise=1.0E-08
82  MaxDim=640, MinDim=10, Cutoff=1.0E-12, Niter=2, Noise=1.0E-08
83  MaxDim=1280, MinDim=10, Cutoff=1.0E-12, Niter=2, Noise=0.0E+00
84  MaxDim=1280, MinDim=10, Cutoff=1.0E-14, Niter=2, Noise=0.0E+00
85  MaxDim=1280, MinDim=10, Cutoff=1.0E-14, Niter=2, Noise=0.0E+00
86  MaxDim=1280, MinDim=10, Cutoff=1.0E-14, Niter=2, Noise=0.0E+00
87  MaxDim=1280, MinDim=10, Cutoff=1.0E-14, Niter=2, Noise=0.0E+00


    vN Entropy at center bond b=150 = 0.525377258539
    Eigs at center bond b=150: 0.8395 0.1373 0.0178 0.0032 0.0016 
    Largest link dim during sweep 1/87 was 20
    Largest truncation error: 4.23099e-05
    Energy after sweep 1/87 is -208.223617125557
    Sweep 1/87 CPU time = 17.95s (Wall time = 1.162s)

    vN Entropy at center bond b=150 = 0.672129929640
    Eigs at center bond b=150: 0.7552 0.2160 0.0201 0.0060 0.0014 
    Largest link dim during sweep 2/87 was 20
    Largest truncation error: 1.12553e-06
    Energy after sweep 2/87 is -208.525754128368
    Sweep 2/87 CPU time = 24.91s (Wall time = 1.597s)

    vN Entropy at center bond b=150 = 0.672355404902
    Eigs at center bond b=150: 0.7551 0.2160 0.0201 0.0060 0.0014 
    Largest link dim during sweep 3/87 was 20
    Largest truncation error: 9.61695e-07
    Energy after sweep 3/87 is -208.525832243288
    Sweep 3/87 CPU time = 24.93s (Wall time = 1.597s)

    vN Entropy at center bond b=150 = 0.672356255941
    Eigs at center bond b=150: 0.7551 0.2160 0.0201 0.0060 0.0014 
    Largest link dim during sweep 4/87 was 20
    Largest truncation error: 9.59088e-07
    Energy after sweep 4/87 is -208.525832893102
    Sweep 4/87 CPU time = 24.90s (Wall time = 1.597s)

    vN Entropy at center bond b=150 = 0.672356265815
    Eigs at center bond b=150: 0.7551 0.2160 0.0201 0.0060 0.0014 
    Largest link dim during sweep 5/87 was 20
    Largest truncation error: 9.58998e-07
    Energy after sweep 5/87 is -208.525832884181
    Sweep 5/87 CPU time = 24.90s (Wall time = 1.596s)

    vN Entropy at center bond b=150 = 0.672356266119
    Eigs at center bond b=150: 0.7551 0.2160 0.0201 0.0060 0.0014 
    Largest link dim during sweep 6/87 was 20
    Largest truncation error: 9.58993e-07
    Energy after sweep 6/87 is -208.525832883367
    Sweep 6/87 CPU time = 24.92s (Wall time = 1.594s)

    vN Entropy at center bond b=150 = 0.672356266131
    Eigs at center bond b=150: 0.7551 0.2160 0.0201 0.0060 0.0014 
    Largest link dim during sweep 7/87 was 20
    Largest truncation error: 9.58992e-07
    Energy after sweep 7/87 is -208.525832883345
    Sweep 7/87 CPU time = 24.87s (Wall time = 1.593s)

    vN Entropy at center bond b=150 = 0.672351609552
    Eigs at center bond b=150: 0.7551 0.2160 0.0201 0.0060 0.0014 
    Largest link dim during sweep 8/87 was 21
    Largest truncation error: 6.90713e-07
    Energy after sweep 8/87 is -208.525829646071
    Sweep 8/87 CPU time = 13.52s (Wall time = 0.862s)

    vN Entropy at center bond b=150 = 0.672351676023
    Eigs at center bond b=150: 0.7551 0.2160 0.0201 0.0060 0.0014 
    Largest link dim during sweep 9/87 was 21
    Largest truncation error: 6.90313e-07
    Energy after sweep 9/87 is -208.525829984344
    Sweep 9/87 CPU time = 13.66s (Wall time = 0.873s)

    vN Entropy at center bond b=150 = 0.672351574639
    Eigs at center bond b=150: 0.7551 0.2160 0.0201 0.0060 0.0014 
    Largest link dim during sweep 10/87 was 21
    Largest truncation error: 6.90249e-07
    Energy after sweep 10/87 is -208.525830005503
    Sweep 10/87 CPU time = 13.60s (Wall time = 0.869s)

    vN Entropy at center bond b=150 = 0.672351534807
    Eigs at center bond b=150: 0.7551 0.2160 0.0201 0.0060 0.0014 
    Largest link dim during sweep 11/87 was 21
    Largest truncation error: 6.90236e-07
    Energy after sweep 11/87 is -208.525830009550
    Sweep 11/87 CPU time = 13.69s (Wall time = 0.877s)

    vN Entropy at center bond b=150 = 0.672351524266
    Eigs at center bond b=150: 0.7551 0.2160 0.0201 0.0060 0.0014 
    Largest link dim during sweep 12/87 was 21
    Largest truncation error: 6.90233e-07
    Energy after sweep 12/87 is -208.525830010903
    Sweep 12/87 CPU time = 13.55s (Wall time = 0.869s)

    vN Entropy at center bond b=150 = 0.672351521780
    Eigs at center bond b=150: 0.7551 0.2160 0.0201 0.0060 0.0014 
    Largest link dim during sweep 13/87 was 21
    Largest truncation error: 6.90233e-07
    Energy after sweep 13/87 is -208.525830011453
    Sweep 13/87 CPU time = 13.63s (Wall time = 0.873s)

    vN Entropy at center bond b=150 = 0.672351521219
    Eigs at center bond b=150: 0.7551 0.2160 0.0201 0.0060 0.0014 
    Largest link dim during sweep 14/87 was 21
    Largest truncation error: 6.90232e-07
    Energy after sweep 14/87 is -208.525830011690
    Sweep 14/87 CPU time = 13.69s (Wall time = 0.874s)

    vN Entropy at center bond b=150 = 0.672088503013
    Eigs at center bond b=150: 0.7552 0.2160 0.0201 0.0060 0.0014 
    Largest link dim during sweep 15/87 was 21
    Largest truncation error: 7.5452e-07
    Energy after sweep 15/87 is -208.525651862440
    Sweep 15/87 CPU time = 12.70s (Wall time = 0.813s)

    vN Entropy at center bond b=150 = 0.672085667938
    Eigs at center bond b=150: 0.7552 0.2160 0.0201 0.0060 0.0014 
    Largest link dim during sweep 16/87 was 21
    Largest truncation error: 7.54333e-07
    Energy after sweep 16/87 is -208.525633287755
    Sweep 16/87 CPU time = 12.62s (Wall time = 0.809s)

    vN Entropy at center bond b=150 = 0.672085959777
    Eigs at center bond b=150: 0.7552 0.2160 0.0201 0.0060 0.0014 
    Largest link dim during sweep 17/87 was 21
    Largest truncation error: 7.53054e-07
    Energy after sweep 17/87 is -208.525626073872
    Sweep 17/87 CPU time = 12.54s (Wall time = 0.806s)

    vN Entropy at center bond b=150 = 0.672086049728
    Eigs at center bond b=150: 0.7552 0.2160 0.0201 0.0060 0.0014 
    Largest link dim during sweep 18/87 was 21
    Largest truncation error: 7.53051e-07
    Energy after sweep 18/87 is -208.525623263667
    Sweep 18/87 CPU time = 12.53s (Wall time = 0.802s)

    vN Entropy at center bond b=150 = 0.672086070263
    Eigs at center bond b=150: 0.7552 0.2160 0.0201 0.0060 0.0014 
    Largest link dim during sweep 19/87 was 21
    Largest truncation error: 7.5305e-07
    Energy after sweep 19/87 is -208.525621475315
    Sweep 19/87 CPU time = 12.42s (Wall time = 0.797s)

    vN Entropy at center bond b=150 = 0.672086074682
    Eigs at center bond b=150: 0.7552 0.2160 0.0201 0.0060 0.0014 
    Largest link dim during sweep 20/87 was 21
    Largest truncation error: 7.5305e-07
    Energy after sweep 20/87 is -208.525618735055
    Sweep 20/87 CPU time = 12.52s (Wall time = 0.801s)

    vN Entropy at center bond b=150 = 0.672086075617
    Eigs at center bond b=150: 0.7552 0.2160 0.0201 0.0060 0.0014 
    Largest link dim during sweep 21/87 was 21
    Largest truncation error: 7.5305e-07
    Energy after sweep 21/87 is -208.525618705838
    Sweep 21/87 CPU time = 12.52s (Wall time = 0.801s)

    vN Entropy at center bond b=150 = 0.672086075814
    Eigs at center bond b=150: 0.7552 0.2160 0.0201 0.0060 0.0014 
    Largest link dim during sweep 22/87 was 21
    Largest truncation error: 7.5305e-07
    Energy after sweep 22/87 is -208.525618703592
    Sweep 22/87 CPU time = 12.55s (Wall time = 0.803s)

    vN Entropy at center bond b=150 = 0.672086075855
    Eigs at center bond b=150: 0.7552 0.2160 0.0201 0.0060 0.0014 
    Largest link dim during sweep 23/87 was 21
    Largest truncation error: 7.5305e-07
    Energy after sweep 23/87 is -208.525618703394
    Sweep 23/87 CPU time = 12.55s (Wall time = 0.802s)

    vN Entropy at center bond b=150 = 0.672086075864
    Eigs at center bond b=150: 0.7552 0.2160 0.0201 0.0060 0.0014 
    Largest link dim during sweep 24/87 was 21
    Largest truncation error: 7.5305e-07
    Energy after sweep 24/87 is -208.525618703373
    Sweep 24/87 CPU time = 12.56s (Wall time = 0.803s)

    vN Entropy at center bond b=150 = 0.672086075866
    Eigs at center bond b=150: 0.7552 0.2160 0.0201 0.0060 0.0014 
    Largest link dim during sweep 25/87 was 21
    Largest truncation error: 7.5305e-07
    Energy after sweep 25/87 is -208.525618703371
    Sweep 25/87 CPU time = 12.50s (Wall time = 0.800s)

    vN Entropy at center bond b=150 = 0.672086075866
    Eigs at center bond b=150: 0.7552 0.2160 0.0201 0.0060 0.0014 
    Largest link dim during sweep 26/87 was 21
    Largest truncation error: 7.5305e-07
    Energy after sweep 26/87 is -208.525618703374
    Sweep 26/87 CPU time = 12.51s (Wall time = 0.800s)

    vN Entropy at center bond b=150 = 0.672086075866
    Eigs at center bond b=150: 0.7552 0.2160 0.0201 0.0060 0.0014 
    Largest link dim during sweep 27/87 was 21
    Largest truncation error: 7.5305e-07
    Energy after sweep 27/87 is -208.525618703373
    Sweep 27/87 CPU time = 12.52s (Wall time = 0.801s)

    vN Entropy at center bond b=150 = 0.672086075867
    Eigs at center bond b=150: 0.7552 0.2160 0.0201 0.0060 0.0014 
    Largest link dim during sweep 28/87 was 21
    Largest truncation error: 7.5305e-07
    Energy after sweep 28/87 is -208.525618703373
    Sweep 28/87 CPU time = 12.59s (Wall time = 0.804s)

    vN Entropy at center bond b=150 = 0.672086075867
    Eigs at center bond b=150: 0.7552 0.2160 0.0201 0.0060 0.0014 
    Largest link dim during sweep 29/87 was 21
    Largest truncation error: 7.5305e-07
    Energy after sweep 29/87 is -208.525618703372
    Sweep 29/87 CPU time = 12.46s (Wall time = 0.798s)

    vN Entropy at center bond b=150 = 0.672086075867
    Eigs at center bond b=150: 0.7552 0.2160 0.0201 0.0060 0.0014 
    Largest link dim during sweep 30/87 was 21
    Largest truncation error: 7.5305e-07
    Energy after sweep 30/87 is -208.525618703370
    Sweep 30/87 CPU time = 12.59s (Wall time = 0.804s)

    vN Entropy at center bond b=150 = 0.672086075867
    Eigs at center bond b=150: 0.7552 0.2160 0.0201 0.0060 0.0014 
    Largest link dim during sweep 31/87 was 21
    Largest truncation error: 7.5305e-07
    Energy after sweep 31/87 is -208.525618703373
    Sweep 31/87 CPU time = 12.49s (Wall time = 0.803s)

    vN Entropy at center bond b=150 = 0.672086075867
    Eigs at center bond b=150: 0.7552 0.2160 0.0201 0.0060 0.0014 
    Largest link dim during sweep 32/87 was 21
    Largest truncation error: 7.5305e-07
    Energy after sweep 32/87 is -208.525618703373
    Sweep 32/87 CPU time = 12.54s (Wall time = 0.803s)

    vN Entropy at center bond b=150 = 0.672086075867
    Eigs at center bond b=150: 0.7552 0.2160 0.0201 0.0060 0.0014 
    Largest link dim during sweep 33/87 was 21
    Largest truncation error: 7.5305e-07
    Energy after sweep 33/87 is -208.525618703369
    Sweep 33/87 CPU time = 12.57s (Wall time = 0.803s)

    vN Entropy at center bond b=150 = 0.672086075867
    Eigs at center bond b=150: 0.7552 0.2160 0.0201 0.0060 0.0014 
    Largest link dim during sweep 34/87 was 21
    Largest truncation error: 7.5305e-07
    Energy after sweep 34/87 is -208.525618703372
    Sweep 34/87 CPU time = 12.49s (Wall time = 0.801s)

    vN Entropy at center bond b=150 = 0.672086075867
    Eigs at center bond b=150: 0.7552 0.2160 0.0201 0.0060 0.0014 
    Largest link dim during sweep 35/87 was 21
    Largest truncation error: 7.5305e-07
    Energy after sweep 35/87 is -208.525618703368
    Sweep 35/87 CPU time = 12.56s (Wall time = 0.801s)

    vN Entropy at center bond b=150 = 0.672086075867
    Eigs at center bond b=150: 0.7552 0.2160 0.0201 0.0060 0.0014 
    Largest link dim during sweep 36/87 was 21
    Largest truncation error: 7.5305e-07
    Energy after sweep 36/87 is -208.525618703370
    Sweep 36/87 CPU time = 12.54s (Wall time = 0.801s)

    vN Entropy at center bond b=150 = 0.673093695026
    Eigs at center bond b=150: 0.7548 0.2163 0.0202 0.0060 0.0014 
    Largest link dim during sweep 37/87 was 42
    Largest truncation error: 7.80984e-09
    Energy after sweep 37/87 is -208.526580920444
    Sweep 37/87 CPU time = 25.96s (Wall time = 1.668s)

    vN Entropy at center bond b=150 = 0.673152627077
    Eigs at center bond b=150: 0.7548 0.2163 0.0202 0.0060 0.0015 
    Largest link dim during sweep 38/87 was 43
    Largest truncation error: 7.80921e-09
    Energy after sweep 38/87 is -208.526584192688
    Sweep 38/87 CPU time = 33.96s (Wall time = 2.182s)

    vN Entropy at center bond b=150 = 0.673156779746
    Eigs at center bond b=150: 0.7548 0.2163 0.0202 0.0060 0.0015 
    Largest link dim during sweep 39/87 was 43
    Largest truncation error: 7.80919e-09
    Energy after sweep 39/87 is -208.526585389156
    Sweep 39/87 CPU time = 34.64s (Wall time = 2.219s)

    vN Entropy at center bond b=150 = 0.673157483684
    Eigs at center bond b=150: 0.7548 0.2163 0.0202 0.0060 0.0015 
    Largest link dim during sweep 40/87 was 43
    Largest truncation error: 7.80918e-09
    Energy after sweep 40/87 is -208.526585413736
    Sweep 40/87 CPU time = 34.92s (Wall time = 2.255s)

    vN Entropy at center bond b=150 = 0.673158060587
    Eigs at center bond b=150: 0.7548 0.2163 0.0202 0.0060 0.0015 
    Largest link dim during sweep 41/87 was 43
    Largest truncation error: 7.80918e-09
    Energy after sweep 41/87 is -208.526585413759
    Sweep 41/87 CPU time = 34.97s (Wall time = 2.247s)

    vN Entropy at center bond b=150 = 0.673158108530
    Eigs at center bond b=150: 0.7548 0.2163 0.0202 0.0060 0.0015 
    Largest link dim during sweep 42/87 was 43
    Largest truncation error: 7.80917e-09
    Energy after sweep 42/87 is -208.526585412801
    Sweep 42/87 CPU time = 34.92s (Wall time = 2.244s)

    vN Entropy at center bond b=150 = 0.673158118840
    Eigs at center bond b=150: 0.7548 0.2163 0.0202 0.0060 0.0015 
    Largest link dim during sweep 43/87 was 43
    Largest truncation error: 7.80917e-09
    Energy after sweep 43/87 is -208.526585412415
    Sweep 43/87 CPU time = 35.00s (Wall time = 2.247s)

    vN Entropy at center bond b=150 = 0.673158121501
    Eigs at center bond b=150: 0.7548 0.2163 0.0202 0.0060 0.0015 
    Largest link dim during sweep 44/87 was 43
    Largest truncation error: 7.80917e-09
    Energy after sweep 44/87 is -208.526585412285
    Sweep 44/87 CPU time = 34.95s (Wall time = 2.245s)

    vN Entropy at center bond b=150 = 0.673158122242
    Eigs at center bond b=150: 0.7548 0.2163 0.0202 0.0060 0.0015 
    Largest link dim during sweep 45/87 was 43
    Largest truncation error: 7.80917e-09
    Energy after sweep 45/87 is -208.526585412238
    Sweep 45/87 CPU time = 35.01s (Wall time = 2.244s)

    vN Entropy at center bond b=150 = 0.673158122457
    Eigs at center bond b=150: 0.7548 0.2163 0.0202 0.0060 0.0015 
    Largest link dim during sweep 46/87 was 43
    Largest truncation error: 7.80917e-09
    Energy after sweep 46/87 is -208.526585412230
    Sweep 46/87 CPU time = 34.92s (Wall time = 2.244s)

    vN Entropy at center bond b=150 = 0.673158122521
    Eigs at center bond b=150: 0.7548 0.2163 0.0202 0.0060 0.0015 
    Largest link dim during sweep 47/87 was 43
    Largest truncation error: 7.80917e-09
    Energy after sweep 47/87 is -208.526585412219
    Sweep 47/87 CPU time = 34.92s (Wall time = 2.244s)

    vN Entropy at center bond b=150 = 0.673158122541
    Eigs at center bond b=150: 0.7548 0.2163 0.0202 0.0060 0.0015 
    Largest link dim during sweep 48/87 was 43
    Largest truncation error: 7.80917e-09
    Energy after sweep 48/87 is -208.526585412223
    Sweep 48/87 CPU time = 35.03s (Wall time = 2.245s)

    vN Entropy at center bond b=150 = 0.673158122547
    Eigs at center bond b=150: 0.7548 0.2163 0.0202 0.0060 0.0015 
    Largest link dim during sweep 49/87 was 43
    Largest truncation error: 7.80917e-09
    Energy after sweep 49/87 is -208.526585412221
    Sweep 49/87 CPU time = 34.95s (Wall time = 2.247s)

    vN Entropy at center bond b=150 = 0.673158122549
    Eigs at center bond b=150: 0.7548 0.2163 0.0202 0.0060 0.0015 
    Largest link dim during sweep 50/87 was 43
    Largest truncation error: 7.80917e-09
    Energy after sweep 50/87 is -208.526585412219
    Sweep 50/87 CPU time = 35.01s (Wall time = 2.264s)

    vN Entropy at center bond b=150 = 0.673158122549
    Eigs at center bond b=150: 0.7548 0.2163 0.0202 0.0060 0.0015 
    Largest link dim during sweep 51/87 was 43
    Largest truncation error: 7.80917e-09
    Energy after sweep 51/87 is -208.526585412224
    Sweep 51/87 CPU time = 34.98s (Wall time = 2.241s)

    vN Entropy at center bond b=150 = 0.673158122549
    Eigs at center bond b=150: 0.7548 0.2163 0.0202 0.0060 0.0015 
    Largest link dim during sweep 52/87 was 43
    Largest truncation error: 7.80917e-09
    Energy after sweep 52/87 is -208.526585412224
    Sweep 52/87 CPU time = 34.91s (Wall time = 2.242s)

    vN Entropy at center bond b=150 = 0.673158122549
    Eigs at center bond b=150: 0.7548 0.2163 0.0202 0.0060 0.0015 
    Largest link dim during sweep 53/87 was 43
    Largest truncation error: 7.80917e-09
    Energy after sweep 53/87 is -208.526585412222
    Sweep 53/87 CPU time = 35.00s (Wall time = 2.243s)

    vN Entropy at center bond b=150 = 0.673158122549
    Eigs at center bond b=150: 0.7548 0.2163 0.0202 0.0060 0.0015 
    Largest link dim during sweep 54/87 was 43
    Largest truncation error: 7.80917e-09
    Energy after sweep 54/87 is -208.526585412225
    Sweep 54/87 CPU time = 34.97s (Wall time = 2.242s)

    vN Entropy at center bond b=150 = 0.673158122549
    Eigs at center bond b=150: 0.7548 0.2163 0.0202 0.0060 0.0015 
    Largest link dim during sweep 55/87 was 43
    Largest truncation error: 7.80917e-09
    Energy after sweep 55/87 is -208.526585412222
    Sweep 55/87 CPU time = 34.96s (Wall time = 2.243s)

    vN Entropy at center bond b=150 = 0.673158122549
    Eigs at center bond b=150: 0.7548 0.2163 0.0202 0.0060 0.0015 
    Largest link dim during sweep 56/87 was 43
    Largest truncation error: 7.80917e-09
    Energy after sweep 56/87 is -208.526585412226
    Sweep 56/87 CPU time = 34.97s (Wall time = 2.245s)

    vN Entropy at center bond b=150 = 0.673158122549
    Eigs at center bond b=150: 0.7548 0.2163 0.0202 0.0060 0.0015 
    Largest link dim during sweep 57/87 was 43
    Largest truncation error: 7.80917e-09
    Energy after sweep 57/87 is -208.526585412225
    Sweep 57/87 CPU time = 35.00s (Wall time = 2.246s)

    vN Entropy at center bond b=150 = 0.673158122549
    Eigs at center bond b=150: 0.7548 0.2163 0.0202 0.0060 0.0015 
    Largest link dim during sweep 58/87 was 43
    Largest truncation error: 7.80917e-09
    Energy after sweep 58/87 is -208.526585412219
    Sweep 58/87 CPU time = 35.00s (Wall time = 2.244s)

    vN Entropy at center bond b=150 = 0.673212986488
    Eigs at center bond b=150: 0.7547 0.2163 0.0202 0.0060 0.0015 
    Largest link dim during sweep 59/87 was 76
    Largest truncation error: 7.67611e-11
    Energy after sweep 59/87 is -208.526596542777
    Sweep 59/87 CPU time = 1m, 25.5s (Wall time = 5.501s)

    vN Entropy at center bond b=150 = 0.673214336566
    Eigs at center bond b=150: 0.7547 0.2163 0.0202 0.0060 0.0015 
    Largest link dim during sweep 60/87 was 80
    Largest truncation error: 7.65998e-11
    Energy after sweep 60/87 is -208.526596595840
    Sweep 60/87 CPU time = 1m, 56.1s (Wall time = 7.478s)

    vN Entropy at center bond b=150 = 0.673214361016
    Eigs at center bond b=150: 0.7547 0.2163 0.0202 0.0060 0.0015 
    Largest link dim during sweep 61/87 was 81
    Largest truncation error: 7.6616e-11
    Energy after sweep 61/87 is -208.526596602531
    Sweep 61/87 CPU time = 1m, 56.7s (Wall time = 7.538s)

    vN Entropy at center bond b=150 = 0.673214389059
    Eigs at center bond b=150: 0.7547 0.2163 0.0202 0.0060 0.0015 
    Largest link dim during sweep 62/87 was 81
    Largest truncation error: 7.66204e-11
    Energy after sweep 62/87 is -208.526596606964
    Sweep 62/87 CPU time = 1m, 56.5s (Wall time = 7.489s)

    vN Entropy at center bond b=150 = 0.673214405595
    Eigs at center bond b=150: 0.7547 0.2163 0.0202 0.0060 0.0015 
    Largest link dim during sweep 63/87 was 81
    Largest truncation error: 7.66216e-11
    Energy after sweep 63/87 is -208.526596607067
    Sweep 63/87 CPU time = 1m, 56.3s (Wall time = 7.472s)

    vN Entropy at center bond b=150 = 0.673214408052
    Eigs at center bond b=150: 0.7547 0.2163 0.0202 0.0060 0.0015 
    Largest link dim during sweep 64/87 was 81
    Largest truncation error: 7.66217e-11
    Energy after sweep 64/87 is -208.526596607095
    Sweep 64/87 CPU time = 1m, 56.4s (Wall time = 7.476s)

    vN Entropy at center bond b=150 = 0.673214408690
    Eigs at center bond b=150: 0.7547 0.2163 0.0202 0.0060 0.0015 
    Largest link dim during sweep 65/87 was 81
    Largest truncation error: 7.66215e-11
    Energy after sweep 65/87 is -208.526596607159
    Sweep 65/87 CPU time = 1m, 56.2s (Wall time = 7.462s)

    vN Entropy at center bond b=150 = 0.673214408890
    Eigs at center bond b=150: 0.7547 0.2163 0.0202 0.0060 0.0015 
    Largest link dim during sweep 66/87 was 81
    Largest truncation error: 7.66218e-11
    Energy after sweep 66/87 is -208.526596607151
    Sweep 66/87 CPU time = 1m, 55.5s (Wall time = 7.415s)

    vN Entropy at center bond b=150 = 0.673214408957
    Eigs at center bond b=150: 0.7547 0.2163 0.0202 0.0060 0.0015 
    Largest link dim during sweep 67/87 was 81
    Largest truncation error: 7.66218e-11
    Energy after sweep 67/87 is -208.526596607149
    Sweep 67/87 CPU time = 1m, 56.2s (Wall time = 7.462s)

    vN Entropy at center bond b=150 = 0.673214408980
    Eigs at center bond b=150: 0.7547 0.2163 0.0202 0.0060 0.0015 
    Largest link dim during sweep 68/87 was 81
    Largest truncation error: 7.66219e-11
    Energy after sweep 68/87 is -208.526596607147
    Sweep 68/87 CPU time = 1m, 56.3s (Wall time = 7.470s)

    vN Entropy at center bond b=150 = 0.673214408987
    Eigs at center bond b=150: 0.7547 0.2163 0.0202 0.0060 0.0015 
    Largest link dim during sweep 69/87 was 81
    Largest truncation error: 7.66216e-11
    Energy after sweep 69/87 is -208.526596607148
    Sweep 69/87 CPU time = 1m, 55.6s (Wall time = 7.420s)

    vN Entropy at center bond b=150 = 0.673214408990
    Eigs at center bond b=150: 0.7547 0.2163 0.0202 0.0060 0.0015 
    Largest link dim during sweep 70/87 was 81
    Largest truncation error: 7.66217e-11
    Energy after sweep 70/87 is -208.526596607147
    Sweep 70/87 CPU time = 1m, 55.6s (Wall time = 7.455s)

    vN Entropy at center bond b=150 = 0.673214408991
    Eigs at center bond b=150: 0.7547 0.2163 0.0202 0.0060 0.0015 
    Largest link dim during sweep 71/87 was 81
    Largest truncation error: 7.6622e-11
    Energy after sweep 71/87 is -208.526596607147
    Sweep 71/87 CPU time = 1m, 55.5s (Wall time = 7.435s)

    vN Entropy at center bond b=150 = 0.673214408991
    Eigs at center bond b=150: 0.7547 0.2163 0.0202 0.0060 0.0015 
    Largest link dim during sweep 72/87 was 81
    Largest truncation error: 7.66217e-11
    Energy after sweep 72/87 is -208.526596607148
    Sweep 72/87 CPU time = 1m, 56.4s (Wall time = 7.475s)

    vN Entropy at center bond b=150 = 0.673214408991
    Eigs at center bond b=150: 0.7547 0.2163 0.0202 0.0060 0.0015 
    Largest link dim during sweep 73/87 was 81
    Largest truncation error: 7.6622e-11
    Energy after sweep 73/87 is -208.526596607145
    Sweep 73/87 CPU time = 1m, 55.5s (Wall time = 7.417s)

    vN Entropy at center bond b=150 = 0.673214408991
    Eigs at center bond b=150: 0.7547 0.2163 0.0202 0.0060 0.0015 
    Largest link dim during sweep 74/87 was 81
    Largest truncation error: 7.66219e-11
    Energy after sweep 74/87 is -208.526596607146
    Sweep 74/87 CPU time = 1m, 56.2s (Wall time = 7.464s)

    vN Entropy at center bond b=150 = 0.673218757811
    Eigs at center bond b=150: 0.7547 0.2163 0.0202 0.0060 0.0015 
    Largest link dim during sweep 75/87 was 138
    Largest truncation error: 7.61662e-13
    Energy after sweep 75/87 is -208.526596747203
    Sweep 75/87 CPU time = 3m, 40.5s (Wall time = 15.06s)

    vN Entropy at center bond b=150 = 0.673218974779
    Eigs at center bond b=150: 0.7547 0.2163 0.0202 0.0060 0.0015 
    Largest link dim during sweep 76/87 was 140
    Largest truncation error: 7.61589e-13
    Energy after sweep 76/87 is -208.526596748881
    Sweep 76/87 CPU time = 4m, 11.4s (Wall time = 16.43s)

    vN Entropy at center bond b=150 = 0.673219018600
    Eigs at center bond b=150: 0.7547 0.2163 0.0202 0.0060 0.0015 
    Largest link dim during sweep 77/87 was 139
    Largest truncation error: 7.62731e-13
    Energy after sweep 77/87 is -208.526596748948
    Sweep 77/87 CPU time = 3m, 45.4s (Wall time = 14.74s)

    vN Entropy at center bond b=150 = 0.673219026422
    Eigs at center bond b=150: 0.7547 0.2163 0.0202 0.0060 0.0015 
    Largest link dim during sweep 78/87 was 139
    Largest truncation error: 7.61508e-13
    Energy after sweep 78/87 is -208.526596748958
    Sweep 78/87 CPU time = 3m, 46.0s (Wall time = 14.75s)

    vN Entropy at center bond b=150 = 0.673219027819
    Eigs at center bond b=150: 0.7547 0.2163 0.0202 0.0060 0.0015 
    Largest link dim during sweep 79/87 was 139
    Largest truncation error: 7.61387e-13
    Energy after sweep 79/87 is -208.526596748960
    Sweep 79/87 CPU time = 3m, 44.8s (Wall time = 14.64s)

    vN Entropy at center bond b=150 = 0.673219028084
    Eigs at center bond b=150: 0.7547 0.2163 0.0202 0.0060 0.0015 
    Largest link dim during sweep 80/87 was 139
    Largest truncation error: 7.61478e-13
    Energy after sweep 80/87 is -208.526596748961
    Sweep 80/87 CPU time = 3m, 45.6s (Wall time = 14.72s)

    vN Entropy at center bond b=150 = 0.673219028148
    Eigs at center bond b=150: 0.7547 0.2163 0.0202 0.0060 0.0015 
    Largest link dim during sweep 81/87 was 139
    Largest truncation error: 7.61435e-13
    Energy after sweep 81/87 is -208.526596748968
    Sweep 81/87 CPU time = 3m, 46.8s (Wall time = 14.84s)

    vN Entropy at center bond b=150 = 0.673219028171
    Eigs at center bond b=150: 0.7547 0.2163 0.0202 0.0060 0.0015 
    Largest link dim during sweep 82/87 was 139
    Largest truncation error: 7.61535e-13
    Energy after sweep 82/87 is -208.526596748965
    Sweep 82/87 CPU time = 3m, 47.7s (Wall time = 14.93s)

    vN Entropy at center bond b=150 = 0.673219478272
    Eigs at center bond b=150: 0.7547 0.2163 0.0202 0.0060 0.0015 
    Largest link dim during sweep 83/87 was 126
    Largest truncation error: 7.5452e-13
    Energy after sweep 83/87 is -208.526596748332
    Sweep 83/87 CPU time = 3m, 9.5s (Wall time = 12.25s)

    vN Entropy at center bond b=150 = 0.673219484648
    Eigs at center bond b=150: 0.7547 0.2163 0.0202 0.0060 0.0015 
    Largest link dim during sweep 84/87 was 210
    Largest truncation error: 7.57542e-15
    Energy after sweep 84/87 is -208.526596750624
    Sweep 84/87 CPU time = 8m, 8.7s (Wall time = 33.46s)

    vN Entropy at center bond b=150 = 0.673219489811
    Eigs at center bond b=150: 0.7547 0.2163 0.0202 0.0060 0.0015 
    Largest link dim during sweep 85/87 was 215
    Largest truncation error: 7.55885e-15
    Energy after sweep 85/87 is -208.526596750644
    Sweep 85/87 CPU time = 11m, 32s (Wall time = 45.35s)

    vN Entropy at center bond b=150 = 0.673219490524
    Eigs at center bond b=150: 0.7547 0.2163 0.0202 0.0060 0.0015 
    Largest link dim during sweep 86/87 was 213
    Largest truncation error: 7.54786e-15
    Energy after sweep 86/87 is -208.526596750640
    Sweep 86/87 CPU time = 10m, 35s (Wall time = 40.79s)

    vN Entropy at center bond b=150 = 0.673219490612
    Eigs at center bond b=150: 0.7547 0.2163 0.0202 0.0060 0.0015 
    Largest link dim during sweep 87/87 was 212
    Largest truncation error: 7.54445e-15
    Energy after sweep 87/87 is -208.526596750638
    Sweep 87/87 CPU time = 11m, 6s (Wall time = 42.93s)
Initial energy = 3.00000

Ground State Energy = -208.5265967506
run_outputs/outputpsi/N_300_sweep_87_t_0.030000_J_1.000000_V_0.600000_D_0.018000_U_-0.100000_mu_0.020000_E_0.001000 converge
Wall-clock time (s) = 2262.256133
