//////////////////////////
Reading input file ......

Got input.N = 303
Got input.t = 0.03
Got input.J = 1
Got input.V = 0.6
Got input.D = 0.018
Got input.U = 1
Got input.mu = 1
Got input.E = 0.001
Got input.nsweeps = 87
Sweeps:
1  MaxDim=20, MinDim=20, Cutoff=1.0E-06, Niter=8, Noise=1.0E-05
2  MaxDim=20, MinDim=20, Cutoff=1.0E-06, Niter=8, Noise=1.0E-05
3  MaxDim=20, MinDim=20, Cutoff=1.0E-06, Niter=8, Noise=1.0E-05
4  MaxDim=20, MinDim=20, Cutoff=1.0E-06, Niter=8, Noise=1.0E-05
5  MaxDim=20, MinDim=20, Cutoff=1.0E-06, Niter=8, Noise=1.0E-05
6  MaxDim=20, MinDim=20, Cutoff=1.0E-06, Niter=8, Noise=1.0E-05
7  MaxDim=20, MinDim=20, Cutoff=1.0E-06, Niter=8, Noise=1.0E-05
8  MaxDim=40, MinDim=20, Cutoff=1.0E-06, Niter=4, Noise=1.0E-05
9  MaxDim=40, MinDim=20, Cutoff=1.0E-06, Niter=4, Noise=1.0E-05
10  MaxDim=40, MinDim=20, Cutoff=1.0E-06, Niter=4, Noise=1.0E-05
11  MaxDim=40, MinDim=20, Cutoff=1.0E-06, Niter=4, Noise=1.0E-05
12  MaxDim=40, MinDim=20, Cutoff=1.0E-06, Niter=4, Noise=1.0E-05
13  MaxDim=40, MinDim=20, Cutoff=1.0E-06, Niter=4, Noise=1.0E-05
14  MaxDim=40, MinDim=20, Cutoff=1.0E-06, Niter=4, Noise=1.0E-05
15  MaxDim=80, MinDim=10, Cutoff=1.0E-06, Niter=4, Noise=1.0E-05
16  MaxDim=80, MinDim=10, Cutoff=1.0E-06, Niter=4, Noise=1.0E-05
17  MaxDim=80, MinDim=10, Cutoff=1.0E-06, Niter=4, Noise=1.0E-05
18  MaxDim=80, MinDim=10, Cutoff=1.0E-06, Niter=4, Noise=1.0E-05
19  MaxDim=80, MinDim=10, Cutoff=1.0E-06, Niter=4, Noise=1.0E-05
20  MaxDim=80, MinDim=10, Cutoff=1.0E-06, Niter=4, Noise=1.0E-05
21  MaxDim=80, MinDim=10, Cutoff=1.0E-06, Niter=4, Noise=1.0E-05
22  MaxDim=80, MinDim=10, Cutoff=1.0E-06, Niter=4, Noise=1.0E-05
23  MaxDim=80, MinDim=10, Cutoff=1.0E-06, Niter=4, Noise=1.0E-05
24  MaxDim=80, MinDim=10, Cutoff=1.0E-06, Niter=4, Noise=1.0E-05
25  MaxDim=80, MinDim=10, Cutoff=1.0E-06, Niter=4, Noise=1.0E-05
26  MaxDim=80, MinDim=10, Cutoff=1.0E-06, Niter=4, Noise=1.0E-05
27  MaxDim=80, MinDim=10, Cutoff=1.0E-06, Niter=4, Noise=1.0E-05
28  MaxDim=80, MinDim=10, Cutoff=1.0E-06, Niter=4, Noise=1.0E-05
29  MaxDim=80, MinDim=10, Cutoff=1.0E-06, Niter=4, Noise=1.0E-05
30  MaxDim=80, MinDim=10, Cutoff=1.0E-06, Niter=4, Noise=1.0E-05
31  MaxDim=80, MinDim=10, Cutoff=1.0E-06, Niter=4, Noise=1.0E-05
32  MaxDim=80, MinDim=10, Cutoff=1.0E-06, Niter=4, Noise=1.0E-05
33  MaxDim=80, MinDim=10, Cutoff=1.0E-06, Niter=4, Noise=1.0E-05
34  MaxDim=80, MinDim=10, Cutoff=1.0E-06, Niter=4, Noise=1.0E-05
35  MaxDim=80, MinDim=10, Cutoff=1.0E-06, Niter=4, Noise=1.0E-05
36  MaxDim=80, MinDim=10, Cutoff=1.0E-06, Niter=4, Noise=1.0E-05
37  MaxDim=160, MinDim=10, Cutoff=1.0E-08, Niter=4, Noise=1.0E-06
38  MaxDim=160, MinDim=10, Cutoff=1.0E-08, Niter=4, Noise=1.0E-06
39  MaxDim=160, MinDim=10, Cutoff=1.0E-08, Niter=4, Noise=1.0E-06
40  MaxDim=160, MinDim=10, Cutoff=1.0E-08, Niter=4, Noise=1.0E-06
41  MaxDim=160, MinDim=10, Cutoff=1.0E-08, Niter=4, Noise=1.0E-06
42  MaxDim=160, MinDim=10, Cutoff=1.0E-08, Niter=4, Noise=1.0E-06
43  MaxDim=160, MinDim=10, Cutoff=1.0E-08, Niter=4, Noise=1.0E-06
44  MaxDim=160, MinDim=10, Cutoff=1.0E-08, Niter=4, Noise=1.0E-06
45  MaxDim=160, MinDim=10, Cutoff=1.0E-08, Niter=4, Noise=1.0E-06
46  MaxDim=160, MinDim=10, Cutoff=1.0E-08, Niter=4, Noise=1.0E-06
47  MaxDim=160, MinDim=10, Cutoff=1.0E-08, Niter=4, Noise=1.0E-06
48  MaxDim=160, MinDim=10, Cutoff=1.0E-08, Niter=4, Noise=1.0E-06
49  MaxDim=160, MinDim=10, Cutoff=1.0E-08, Niter=4, Noise=1.0E-06
50  MaxDim=160, MinDim=10, Cutoff=1.0E-08, Niter=4, Noise=1.0E-06
51  MaxDim=160, MinDim=10, Cutoff=1.0E-08, Niter=4, Noise=1.0E-06
52  MaxDim=160, MinDim=10, Cutoff=1.0E-08, Niter=4, Noise=1.0E-06
53  MaxDim=160, MinDim=10, Cutoff=1.0E-08, Niter=4, Noise=1.0E-06
54  MaxDim=160, MinDim=10, Cutoff=1.0E-08, Niter=4, Noise=1.0E-06
55  MaxDim=160, MinDim=10, Cutoff=1.0E-08, Niter=4, Noise=1.0E-06
56  MaxDim=160, MinDim=10, Cutoff=1.0E-08, Niter=4, Noise=1.0E-06
57  MaxDim=160, MinDim=10, Cutoff=1.0E-08, Niter=4, Noise=1.0E-06
58  MaxDim=160, MinDim=10, Cutoff=1.0E-08, Niter=4, Noise=1.0E-06
59  MaxDim=320, MinDim=10, Cutoff=1.0E-10, Niter=4, Noise=1.0E-07
60  MaxDim=320, MinDim=10, Cutoff=1.0E-10, Niter=4, Noise=1.0E-07
61  MaxDim=320, MinDim=10, Cutoff=1.0E-10, Niter=4, Noise=1.0E-07
62  MaxDim=320, MinDim=10, Cutoff=1.0E-10, Niter=4, Noise=1.0E-07
63  MaxDim=320, MinDim=10, Cutoff=1.0E-10, Niter=4, Noise=1.0E-07
64  MaxDim=320, MinDim=10, Cutoff=1.0E-10, Niter=4, Noise=1.0E-07
65  MaxDim=320, MinDim=10, Cutoff=1.0E-10, Niter=4, Noise=1.0E-07
66  MaxDim=320, MinDim=10, Cutoff=1.0E-10, Niter=4, Noise=1.0E-07
67  MaxDim=320, MinDim=10, Cutoff=1.0E-10, Niter=4, Noise=1.0E-07
68  MaxDim=320, MinDim=10, Cutoff=1.0E-10, Niter=4, Noise=1.0E-07
69  MaxDim=320, MinDim=10, Cutoff=1.0E-10, Niter=4, Noise=1.0E-07
70  MaxDim=320, MinDim=10, Cutoff=1.0E-10, Niter=4, Noise=1.0E-07
71  MaxDim=320, MinDim=10, Cutoff=1.0E-10, Niter=4, Noise=1.0E-07
72  MaxDim=320, MinDim=10, Cutoff=1.0E-10, Niter=4, Noise=1.0E-07
73  MaxDim=320, MinDim=10, Cutoff=1.0E-10, Niter=4, Noise=1.0E-07
74  MaxDim=320, MinDim=10, Cutoff=1.0E-10, Niter=4, Noise=1.0E-07
75  MaxDim=640, MinDim=10, Cutoff=1.0E-12, Niter=2, Noise=1.0E-08
76  MaxDim=640, MinDim=10, Cutoff=1.0E-12, Niter=2, Noise=1.0E-08
77  MaxDim=640, MinDim=10, Cutoff=1.0E-12, Niter=2, Noise=1.0E-08
78  MaxDim=640, MinDim=10, Cutoff=1.0E-12, Niter=2, Noise=1.0E-08
79  MaxDim=640, MinDim=10, Cutoff=1.0E-12, Niter=2, Noise=1.0E-08
80  MaxDim=640, MinDim=10, Cutoff=1.0E-12, Niter=2, Noise=1.0E-08
81  MaxDim=640, MinDim=10, Cutoff=1.0E-12, Niter=2, Noise=1.0E-08
82  MaxDim=640, MinDim=10, Cutoff=1.0E-12, Niter=2, Noise=1.0E-08
83  MaxDim=1280, MinDim=10, Cutoff=1.0E-12, Niter=2, Noise=0.0E+00
84  MaxDim=1280, MinDim=10, Cutoff=1.0E-14, Niter=2, Noise=0.0E+00
85  MaxDim=1280, MinDim=10, Cutoff=1.0E-14, Niter=2, Noise=0.0E+00
86  MaxDim=1280, MinDim=10, Cutoff=1.0E-14, Niter=2, Noise=0.0E+00
87  MaxDim=1280, MinDim=10, Cutoff=1.0E-14, Niter=2, Noise=0.0E+00


    vN Entropy at center bond b=151 = 0.625738708506
    Eigs at center bond b=151: 0.8030 0.1608 0.0257 0.0056 0.0029 
    Largest link dim during sweep 1/87 was 20
    Largest truncation error: 1.75804e-05
    Energy after sweep 1/87 is -130.511377490582
    Sweep 1/87 CPU time = 18.18s (Wall time = 1.177s)

    vN Entropy at center bond b=151 = 0.819814399326
    Eigs at center bond b=151: 0.7403 0.1763 0.0585 0.0140 0.0061 0.0016 0.0013 0.0010 
    Largest link dim during sweep 2/87 was 20
    Largest truncation error: 1.61647e-05
    Energy after sweep 2/87 is -130.590875041118
    Sweep 2/87 CPU time = 25.32s (Wall time = 1.622s)

    vN Entropy at center bond b=151 = 0.840083421648
    Eigs at center bond b=151: 0.7335 0.1774 0.0623 0.0150 0.0064 0.0018 0.0014 0.0011 
    Largest link dim during sweep 3/87 was 20
    Largest truncation error: 1.96636e-05
    Energy after sweep 3/87 is -130.591867503259
    Sweep 3/87 CPU time = 25.20s (Wall time = 1.620s)

    vN Entropy at center bond b=151 = 0.842248980735
    Eigs at center bond b=151: 0.7328 0.1773 0.0628 0.0152 0.0065 0.0018 0.0014 0.0012 
    Largest link dim during sweep 4/87 was 20
    Largest truncation error: 2.08244e-05
    Energy after sweep 4/87 is -130.591953340023
    Sweep 4/87 CPU time = 25.37s (Wall time = 1.622s)

    vN Entropy at center bond b=151 = 0.842665596840
    Eigs at center bond b=151: 0.7327 0.1772 0.0630 0.0152 0.0064 0.0018 0.0014 0.0012 
    Largest link dim during sweep 5/87 was 20
    Largest truncation error: 2.11045e-05
    Energy after sweep 5/87 is -130.591975848708
    Sweep 5/87 CPU time = 25.34s (Wall time = 1.621s)

    vN Entropy at center bond b=151 = 0.842797898630
    Eigs at center bond b=151: 0.7327 0.1772 0.0630 0.0152 0.0065 0.0018 0.0014 0.0012 
    Largest link dim during sweep 6/87 was 20
    Largest truncation error: 2.11962e-05
    Energy after sweep 6/87 is -130.591988858429
    Sweep 6/87 CPU time = 25.34s (Wall time = 1.623s)

    vN Entropy at center bond b=151 = 0.842851461315
    Eigs at center bond b=151: 0.7326 0.1772 0.0631 0.0152 0.0065 0.0018 0.0014 0.0012 
    Largest link dim during sweep 7/87 was 20
    Largest truncation error: 2.12336e-05
    Energy after sweep 7/87 is -130.591995771147
    Sweep 7/87 CPU time = 25.27s (Wall time = 1.619s)

    vN Entropy at center bond b=151 = 0.922161608181
    Eigs at center bond b=151: 0.7069 0.1806 0.0765 0.0196 0.0082 0.0024 0.0022 0.0016 
    Largest link dim during sweep 8/87 was 40
    Largest truncation error: 1.20744e-06
    Energy after sweep 8/87 is -130.632331506344
    Sweep 8/87 CPU time = 27.68s (Wall time = 1.781s)

    vN Entropy at center bond b=151 = 0.996685280411
    Eigs at center bond b=151: 0.6819 0.1826 0.0902 0.0244 0.0098 0.0034 0.0027 0.0019 
    Largest link dim during sweep 9/87 was 40
    Largest truncation error: 2.63031e-06
    Energy after sweep 9/87 is -130.634712767556
    Sweep 9/87 CPU time = 39.93s (Wall time = 2.577s)

    vN Entropy at center bond b=151 = 1.013708379639
    Eigs at center bond b=151: 0.6758 0.1827 0.0940 0.0256 0.0099 0.0037 0.0028 0.0020 0.0011 
    Largest link dim during sweep 10/87 was 40
    Largest truncation error: 2.95107e-06
    Energy after sweep 10/87 is -130.634846575591
    Sweep 10/87 CPU time = 38.54s (Wall time = 2.471s)

    vN Entropy at center bond b=151 = 1.017995580917
    Eigs at center bond b=151: 0.6742 0.1826 0.0951 0.0260 0.0099 0.0037 0.0029 0.0020 0.0011 
    Largest link dim during sweep 11/87 was 40
    Largest truncation error: 3.03424e-06
    Energy after sweep 11/87 is -130.634866483033
    Sweep 11/87 CPU time = 38.71s (Wall time = 2.479s)

    vN Entropy at center bond b=151 = 1.019327911954
    Eigs at center bond b=151: 0.6737 0.1826 0.0955 0.0261 0.0099 0.0038 0.0029 0.0020 0.0011 
    Largest link dim during sweep 12/87 was 40
    Largest truncation error: 3.06892e-06
    Energy after sweep 12/87 is -130.634872513580
    Sweep 12/87 CPU time = 38.63s (Wall time = 2.475s)

    vN Entropy at center bond b=151 = 1.019811353013
    Eigs at center bond b=151: 0.6735 0.1826 0.0956 0.0262 0.0099 0.0038 0.0029 0.0020 0.0011 
    Largest link dim during sweep 13/87 was 40
    Largest truncation error: 3.08073e-06
    Energy after sweep 13/87 is -130.634877410746
    Sweep 13/87 CPU time = 38.73s (Wall time = 2.499s)

    vN Entropy at center bond b=151 = 1.020003296300
    Eigs at center bond b=151: 0.6735 0.1826 0.0957 0.0262 0.0099 0.0038 0.0029 0.0020 0.0011 
    Largest link dim during sweep 14/87 was 40
    Largest truncation error: 3.0855e-06
    Energy after sweep 14/87 is -130.634878084913
    Sweep 14/87 CPU time = 38.42s (Wall time = 2.464s)

    vN Entropy at center bond b=151 = 1.042078898148
    Eigs at center bond b=151: 0.6663 0.1838 0.0984 0.0274 0.0107 0.0041 0.0031 0.0021 0.0012 
    Largest link dim during sweep 15/87 was 59
    Largest truncation error: 7.84223e-07
    Energy after sweep 15/87 is -130.638683803769
    Sweep 15/87 CPU time = 55.85s (Wall time = 3.602s)

    vN Entropy at center bond b=151 = 1.064640676618
    Eigs at center bond b=151: 0.6597 0.1843 0.1008 0.0285 0.0119 0.0044 0.0034 0.0023 0.0014 
    Largest link dim during sweep 16/87 was 63
    Largest truncation error: 7.8634e-07
    Energy after sweep 16/87 is -130.639336309756
    Sweep 16/87 CPU time = 1m, 9.1s (Wall time = 4.469s)

    vN Entropy at center bond b=151 = 1.077224720745
    Eigs at center bond b=151: 0.6565 0.1838 0.1020 0.0290 0.0130 0.0044 0.0036 0.0025 0.0015 
    Largest link dim during sweep 17/87 was 64
    Largest truncation error: 7.86861e-07
    Energy after sweep 17/87 is -130.639606101401
    Sweep 17/87 CPU time = 1m, 15.7s (Wall time = 4.854s)

    vN Entropy at center bond b=151 = 1.086485457390
    Eigs at center bond b=151: 0.6545 0.1829 0.1031 0.0294 0.0139 0.0044 0.0038 0.0026 0.0015 
    Largest link dim during sweep 18/87 was 65
    Largest truncation error: 7.8692e-07
    Energy after sweep 18/87 is -130.639754903710
    Sweep 18/87 CPU time = 1m, 18.7s (Wall time = 5.085s)

    vN Entropy at center bond b=151 = 1.094889708667
    Eigs at center bond b=151: 0.6527 0.1820 0.1041 0.0297 0.0149 0.0044 0.0040 0.0027 0.0015 
    Largest link dim during sweep 19/87 was 66
    Largest truncation error: 7.86884e-07
    Energy after sweep 19/87 is -130.639854313769
    Sweep 19/87 CPU time = 1m, 20.5s (Wall time = 5.171s)

    vN Entropy at center bond b=151 = 1.103050696987
    Eigs at center bond b=151: 0.6508 0.1811 0.1052 0.0300 0.0157 0.0044 0.0042 0.0029 0.0016 0.0011 
    Largest link dim during sweep 20/87 was 68
    Largest truncation error: 7.8685e-07
    Energy after sweep 20/87 is -130.639953076273
    Sweep 20/87 CPU time = 1m, 24.1s (Wall time = 5.398s)

    vN Entropy at center bond b=151 = 1.111976081182
    Eigs at center bond b=151: 0.6486 0.1802 0.1064 0.0304 0.0166 0.0045 0.0042 0.0030 0.0016 0.0011 
    Largest link dim during sweep 21/87 was 69
    Largest truncation error: 7.8683e-07
    Energy after sweep 21/87 is -130.640040801633
    Sweep 21/87 CPU time = 1m, 26.3s (Wall time = 5.541s)

    vN Entropy at center bond b=151 = 1.122202095590
    Eigs at center bond b=151: 0.6459 0.1793 0.1079 0.0308 0.0176 0.0047 0.0042 0.0032 0.0016 0.0012 
    Largest link dim during sweep 22/87 was 70
    Largest truncation error: 7.87609e-07
    Energy after sweep 22/87 is -130.640137483269
    Sweep 22/87 CPU time = 1m, 29.7s (Wall time = 5.785s)

    vN Entropy at center bond b=151 = 1.134085433864
    Eigs at center bond b=151: 0.6427 0.1783 0.1097 0.0314 0.0187 0.0050 0.0042 0.0034 0.0017 0.0013 
    Largest link dim during sweep 23/87 was 71
    Largest truncation error: 7.90802e-07
    Energy after sweep 23/87 is -130.640235172636
    Sweep 23/87 CPU time = 1m, 32.2s (Wall time = 5.925s)

    vN Entropy at center bond b=151 = 1.147464585480
    Eigs at center bond b=151: 0.6389 0.1773 0.1118 0.0322 0.0199 0.0053 0.0041 0.0036 0.0017 0.0014 
    Largest link dim during sweep 24/87 was 72
    Largest truncation error: 7.94442e-07
    Energy after sweep 24/87 is -130.640335564532
    Sweep 24/87 CPU time = 1m, 35.3s (Wall time = 6.122s)

    vN Entropy at center bond b=151 = 1.162278578284
    Eigs at center bond b=151: 0.6344 0.1763 0.1143 0.0330 0.0211 0.0056 0.0041 0.0039 0.0018 0.0014 
    Largest link dim during sweep 25/87 was 74
    Largest truncation error: 7.9858e-07
    Energy after sweep 25/87 is -130.640437671540
    Sweep 25/87 CPU time = 1m, 38.4s (Wall time = 6.317s)

    vN Entropy at center bond b=151 = 1.179099847595
    Eigs at center bond b=151: 0.6290 0.1754 0.1172 0.0341 0.0224 0.0060 0.0043 0.0040 0.0019 0.0015 
    Largest link dim during sweep 26/87 was 75
    Largest truncation error: 8.03774e-07
    Energy after sweep 26/87 is -130.640551676635
    Sweep 26/87 CPU time = 1m, 42.3s (Wall time = 6.586s)

    vN Entropy at center bond b=151 = 1.197978586766
    Eigs at center bond b=151: 0.6227 0.1747 0.1204 0.0354 0.0238 0.0064 0.0046 0.0040 0.0019 0.0015 
    Largest link dim during sweep 27/87 was 76
    Largest truncation error: 7.87286e-07
    Energy after sweep 27/87 is -130.640669216628
    Sweep 27/87 CPU time = 1m, 44.7s (Wall time = 6.745s)

    vN Entropy at center bond b=151 = 1.218649856030
    Eigs at center bond b=151: 0.6153 0.1745 0.1240 0.0369 0.0251 0.0069 0.0050 0.0040 0.0020 0.0015 
    Largest link dim during sweep 28/87 was 78
    Largest truncation error: 7.87488e-07
    Energy after sweep 28/87 is -130.640794155811
    Sweep 28/87 CPU time = 1m, 47.7s (Wall time = 6.921s)

    vN Entropy at center bond b=151 = 1.239933333945
    Eigs at center bond b=151: 0.6073 0.1750 0.1273 0.0387 0.0263 0.0074 0.0054 0.0039 0.0020 0.0016 
    Largest link dim during sweep 29/87 was 79
    Largest truncation error: 7.87717e-07
    Energy after sweep 29/87 is -130.640913131676
    Sweep 29/87 CPU time = 1m, 50.4s (Wall time = 7.094s)

    vN Entropy at center bond b=151 = 1.260024941906
    Eigs at center bond b=151: 0.5991 0.1764 0.1299 0.0405 0.0273 0.0079 0.0058 0.0039 0.0020 0.0017 
    Largest link dim during sweep 30/87 was 80
    Largest truncation error: 7.87949e-07
    Energy after sweep 30/87 is -130.641022878110
    Sweep 30/87 CPU time = 1m, 53.4s (Wall time = 7.274s)

    vN Entropy at center bond b=151 = 1.277464588265
    Eigs at center bond b=151: 0.5917 0.1788 0.1315 0.0423 0.0281 0.0084 0.0060 0.0039 0.0021 0.0018 
    Largest link dim during sweep 31/87 was 80
    Largest truncation error: 7.88152e-07
    Energy after sweep 31/87 is -130.641108332755
    Sweep 31/87 CPU time = 1m, 55.0s (Wall time = 7.412s)

    vN Entropy at center bond b=151 = 1.291097373642
    Eigs at center bond b=151: 0.5856 0.1814 0.1323 0.0437 0.0286 0.0088 0.0062 0.0038 0.0021 0.0019 
    Largest link dim during sweep 32/87 was 80
    Largest truncation error: 7.88321e-07
    Energy after sweep 32/87 is -130.641174439538
    Sweep 32/87 CPU time = 1m, 56.8s (Wall time = 7.520s)

    vN Entropy at center bond b=151 = 1.300870328300
    Eigs at center bond b=151: 0.5810 0.1836 0.1326 0.0448 0.0289 0.0091 0.0063 0.0038 0.0022 0.0019 
    Largest link dim during sweep 33/87 was 80
    Largest truncation error: 7.88462e-07
    Energy after sweep 33/87 is -130.641208088969
    Sweep 33/87 CPU time = 1m, 57.7s (Wall time = 7.551s)

    vN Entropy at center bond b=151 = 1.307479813505
    Eigs at center bond b=151: 0.5778 0.1854 0.1326 0.0456 0.0291 0.0093 0.0064 0.0038 0.0022 0.0020 
    Largest link dim during sweep 34/87 was 80
    Largest truncation error: 7.88562e-07
    Energy after sweep 34/87 is -130.641234143846
    Sweep 34/87 CPU time = 1m, 59.1s (Wall time = 7.651s)

    vN Entropy at center bond b=151 = 1.312148846283
    Eigs at center bond b=151: 0.5755 0.1867 0.1326 0.0462 0.0292 0.0095 0.0064 0.0038 0.0023 0.0020 
    Largest link dim during sweep 35/87 was 80
    Largest truncation error: 7.88626e-07
    Energy after sweep 35/87 is -130.641259048488
    Sweep 35/87 CPU time = 1m, 59.5s (Wall time = 7.678s)

    vN Entropy at center bond b=151 = 1.315299356038
    Eigs at center bond b=151: 0.5739 0.1876 0.1326 0.0465 0.0293 0.0096 0.0065 0.0038 0.0023 0.0020 
    Largest link dim during sweep 36/87 was 80
    Largest truncation error: 7.88672e-07
    Energy after sweep 36/87 is -130.641273891313
    Sweep 36/87 CPU time = 1m, 59.7s (Wall time = 7.681s)

    vN Entropy at center bond b=151 = 1.352279350677
    Eigs at center bond b=151: 0.5623 0.1917 0.1318 0.0483 0.0318 0.0109 0.0071 0.0042 0.0027 0.0023 
    Largest link dim during sweep 37/87 was 160
    Largest truncation error: 2.26126e-08
    Energy after sweep 37/87 is -130.643304336037
    Sweep 37/87 CPU time = 6m, 36.1s (Wall time = 26.94s)

    vN Entropy at center bond b=151 = 1.365498458056
    Eigs at center bond b=151: 0.5581 0.1936 0.1311 0.0489 0.0326 0.0114 0.0074 0.0043 0.0028 0.0024 
    Largest link dim during sweep 38/87 was 160
    Largest truncation error: 4.18934e-08
    Energy after sweep 38/87 is -130.643337108527
    Sweep 38/87 CPU time = 10m, 35s (Wall time = 43.50s)

    vN Entropy at center bond b=151 = 1.366287085177
    Eigs at center bond b=151: 0.5579 0.1937 0.1311 0.0490 0.0326 0.0114 0.0074 0.0043 0.0028 0.0024 
    Largest link dim during sweep 39/87 was 160
    Largest truncation error: 4.33425e-08
    Energy after sweep 39/87 is -130.643338114073
    Sweep 39/87 CPU time = 9m, 23.8s (Wall time = 36.54s)

    vN Entropy at center bond b=151 = 1.366367693894
    Eigs at center bond b=151: 0.5578 0.1937 0.1311 0.0490 0.0326 0.0114 0.0074 0.0043 0.0028 0.0024 
    Largest link dim during sweep 40/87 was 160
    Largest truncation error: 4.35536e-08
    Energy after sweep 40/87 is -130.643338250772
    Sweep 40/87 CPU time = 10m, 8s (Wall time = 40.88s)

    vN Entropy at center bond b=151 = 1.366380638482
    Eigs at center bond b=151: 0.5578 0.1937 0.1311 0.0490 0.0326 0.0114 0.0074 0.0043 0.0028 0.0024 
    Largest link dim during sweep 41/87 was 160
    Largest truncation error: 4.35843e-08
    Energy after sweep 41/87 is -130.643338268538
    Sweep 41/87 CPU time = 10m, 14s (Wall time = 41.09s)

    vN Entropy at center bond b=151 = 1.366383218393
    Eigs at center bond b=151: 0.5578 0.1937 0.1311 0.0490 0.0326 0.0114 0.0074 0.0043 0.0028 0.0024 
    Largest link dim during sweep 42/87 was 160
    Largest truncation error: 4.3605e-08
    Energy after sweep 42/87 is -130.643338272022
    Sweep 42/87 CPU time = 10m, 17s (Wall time = 42.19s)

    vN Entropy at center bond b=151 = 1.366383843713
    Eigs at center bond b=151: 0.5578 0.1937 0.1311 0.0490 0.0326 0.0114 0.0074 0.0043 0.0028 0.0024 
    Largest link dim during sweep 43/87 was 160
    Largest truncation error: 4.36162e-08
    Energy after sweep 43/87 is -130.643338271926
    Sweep 43/87 CPU time = 10m, 15s (Wall time = 42.06s)

    vN Entropy at center bond b=151 = 1.366384093610
    Eigs at center bond b=151: 0.5578 0.1937 0.1311 0.0490 0.0326 0.0114 0.0074 0.0043 0.0028 0.0024 
    Largest link dim during sweep 44/87 was 160
    Largest truncation error: 4.36202e-08
    Energy after sweep 44/87 is -130.643338271451
    Sweep 44/87 CPU time = 10m, 15s (Wall time = 42.07s)

    vN Entropy at center bond b=151 = 1.366384327078
    Eigs at center bond b=151: 0.5578 0.1937 0.1311 0.0490 0.0326 0.0114 0.0074 0.0043 0.0028 0.0024 
    Largest link dim during sweep 45/87 was 160
    Largest truncation error: 4.36216e-08
    Energy after sweep 45/87 is -130.643338269908
    Sweep 45/87 CPU time = 10m, 9s (Wall time = 41.09s)

    vN Entropy at center bond b=151 = 1.366384761638
    Eigs at center bond b=151: 0.5578 0.1937 0.1311 0.0490 0.0326 0.0114 0.0074 0.0043 0.0028 0.0024 
    Largest link dim during sweep 46/87 was 160
    Largest truncation error: 4.36222e-08
    Energy after sweep 46/87 is -130.643338278501
    Sweep 46/87 CPU time = 10m, 4s (Wall time = 40.31s)

    vN Entropy at center bond b=151 = 1.366385017303
    Eigs at center bond b=151: 0.5578 0.1937 0.1311 0.0490 0.0326 0.0114 0.0074 0.0043 0.0028 0.0024 
    Largest link dim during sweep 47/87 was 160
    Largest truncation error: 4.36215e-08
    Energy after sweep 47/87 is -130.643338279342
    Sweep 47/87 CPU time = 10m, 8s (Wall time = 41.35s)

    vN Entropy at center bond b=151 = 1.366385136661
    Eigs at center bond b=151: 0.5578 0.1937 0.1311 0.0490 0.0326 0.0114 0.0074 0.0043 0.0028 0.0024 
    Largest link dim during sweep 48/87 was 160
    Largest truncation error: 4.3619e-08
    Energy after sweep 48/87 is -130.643338280200
    Sweep 48/87 CPU time = 10m, 5s (Wall time = 40.53s)

    vN Entropy at center bond b=151 = 1.366385190938
    Eigs at center bond b=151: 0.5578 0.1937 0.1311 0.0490 0.0326 0.0114 0.0074 0.0043 0.0028 0.0024 
    Largest link dim during sweep 49/87 was 160
    Largest truncation error: 4.36144e-08
    Energy after sweep 49/87 is -130.643338282493
    Sweep 49/87 CPU time = 10m, 8s (Wall time = 41.42s)

    vN Entropy at center bond b=151 = 1.366385228352
    Eigs at center bond b=151: 0.5578 0.1937 0.1311 0.0490 0.0326 0.0114 0.0074 0.0043 0.0028 0.0024 
    Largest link dim during sweep 50/87 was 160
    Largest truncation error: 4.36113e-08
    Energy after sweep 50/87 is -130.643338283241
    Sweep 50/87 CPU time = 10m, 9s (Wall time = 41.56s)

    vN Entropy at center bond b=151 = 1.366385260751
    Eigs at center bond b=151: 0.5578 0.1937 0.1311 0.0490 0.0326 0.0114 0.0074 0.0043 0.0028 0.0024 
    Largest link dim during sweep 51/87 was 160
    Largest truncation error: 4.36101e-08
    Energy after sweep 51/87 is -130.643338283536
    Sweep 51/87 CPU time = 10m, 13s (Wall time = 42.00s)

    vN Entropy at center bond b=151 = 1.366385286334
    Eigs at center bond b=151: 0.5578 0.1937 0.1311 0.0490 0.0326 0.0114 0.0074 0.0043 0.0028 0.0024 
    Largest link dim during sweep 52/87 was 160
    Largest truncation error: 4.36097e-08
    Energy after sweep 52/87 is -130.643338283721
    Sweep 52/87 CPU time = 10m, 14s (Wall time = 42.01s)

    vN Entropy at center bond b=151 = 1.366385307119
    Eigs at center bond b=151: 0.5578 0.1937 0.1311 0.0490 0.0326 0.0114 0.0074 0.0043 0.0028 0.0024 
    Largest link dim during sweep 53/87 was 160
    Largest truncation error: 4.36095e-08
    Energy after sweep 53/87 is -130.643338283873
    Sweep 53/87 CPU time = 10m, 3s (Wall time = 40.35s)

    vN Entropy at center bond b=151 = 1.366385323980
    Eigs at center bond b=151: 0.5578 0.1937 0.1311 0.0490 0.0326 0.0114 0.0074 0.0043 0.0028 0.0024 
    Largest link dim during sweep 54/87 was 160
    Largest truncation error: 4.36094e-08
    Energy after sweep 54/87 is -130.643338284011
    Sweep 54/87 CPU time = 9m, 51.5s (Wall time = 38.65s)

    vN Entropy at center bond b=151 = 1.366385338000
    Eigs at center bond b=151: 0.5578 0.1937 0.1311 0.0490 0.0326 0.0114 0.0074 0.0043 0.0028 0.0024 
    Largest link dim during sweep 55/87 was 160
    Largest truncation error: 4.36094e-08
    Energy after sweep 55/87 is -130.643338284140
    Sweep 55/87 CPU time = 10m, 7s (Wall time = 41.23s)

    vN Entropy at center bond b=151 = 1.366385350387
    Eigs at center bond b=151: 0.5578 0.1937 0.1311 0.0490 0.0326 0.0114 0.0074 0.0043 0.0028 0.0024 
    Largest link dim during sweep 56/87 was 160
    Largest truncation error: 4.36094e-08
    Energy after sweep 56/87 is -130.643338284281
    Sweep 56/87 CPU time = 10m, 14s (Wall time = 42.10s)

    vN Entropy at center bond b=151 = 1.366385363330
    Eigs at center bond b=151: 0.5578 0.1937 0.1311 0.0490 0.0326 0.0114 0.0074 0.0043 0.0028 0.0024 
    Largest link dim during sweep 57/87 was 160
    Largest truncation error: 4.36094e-08
    Energy after sweep 57/87 is -130.643338284466
    Sweep 57/87 CPU time = 10m, 18s (Wall time = 42.29s)

    vN Entropy at center bond b=151 = 1.366385383852
    Eigs at center bond b=151: 0.5578 0.1937 0.1311 0.0490 0.0326 0.0114 0.0074 0.0043 0.0028 0.0024 
    Largest link dim during sweep 58/87 was 160
    Largest truncation error: 4.36094e-08
    Energy after sweep 58/87 is -130.643338284809
    Sweep 58/87 CPU time = 10m, 12s (Wall time = 41.29s)

    vN Entropy at center bond b=151 = 1.369198523092
    Eigs at center bond b=151: 0.5572 0.1938 0.1311 0.0490 0.0327 0.0115 0.0074 0.0044 0.0029 0.0024 
    Largest link dim during sweep 59/87 was 320
    Largest truncation error: 9.74342e-10
    Energy after sweep 59/87 is -130.643408360575
    Sweep 59/87 CPU time = 39m, 59s (Wall time = 2m, 41.8s)

    vN Entropy at center bond b=151 = 1.369650819516
    Eigs at center bond b=151: 0.5571 0.1938 0.1311 0.0491 0.0328 0.0115 0.0074 0.0044 0.0029 0.0024 
    Largest link dim during sweep 60/87 was 320
    Largest truncation error: 1.46353e-09
    Energy after sweep 60/87 is -130.643408612333
    Sweep 60/87 CPU time = 45m, 28s (Wall time = 2m, 57.4s)

    vN Entropy at center bond b=151 = 1.369668783998
    Eigs at center bond b=151: 0.5571 0.1938 0.1311 0.0491 0.0328 0.0115 0.0074 0.0044 0.0029 0.0024 
    Largest link dim during sweep 61/87 was 320
    Largest truncation error: 1.50312e-09
    Energy after sweep 61/87 is -130.643408613621
    Sweep 61/87 CPU time = 46m, 38s (Wall time = 3m, 5.1s)

    vN Entropy at center bond b=151 = 1.369670517386
    Eigs at center bond b=151: 0.5571 0.1938 0.1311 0.0491 0.0328 0.0115 0.0074 0.0044 0.0029 0.0024 
    Largest link dim during sweep 62/87 was 320
    Largest truncation error: 1.50937e-09
    Energy after sweep 62/87 is -130.643408613007
    Sweep 62/87 CPU time = 44m, 36s (Wall time = 2m, 57.2s)

    vN Entropy at center bond b=151 = 1.369670786935
    Eigs at center bond b=151: 0.5571 0.1938 0.1311 0.0491 0.0328 0.0115 0.0074 0.0044 0.0029 0.0024 
    Largest link dim during sweep 63/87 was 320
    Largest truncation error: 1.5105e-09
    Energy after sweep 63/87 is -130.643408612800
    Sweep 63/87 CPU time = 44m, 16s (Wall time = 2m, 56.3s)

    vN Entropy at center bond b=151 = 1.369670836731
    Eigs at center bond b=151: 0.5571 0.1938 0.1311 0.0491 0.0328 0.0115 0.0074 0.0044 0.0029 0.0024 
    Largest link dim during sweep 64/87 was 320
    Largest truncation error: 1.51077e-09
    Energy after sweep 64/87 is -130.643408612744
    Sweep 64/87 CPU time = 44m, 54s (Wall time = 2m, 59.6s)

    vN Entropy at center bond b=151 = 1.369670847387
    Eigs at center bond b=151: 0.5571 0.1938 0.1311 0.0491 0.0328 0.0115 0.0074 0.0044 0.0029 0.0024 
    Largest link dim during sweep 65/87 was 320
    Largest truncation error: 1.51089e-09
    Energy after sweep 65/87 is -130.643408612721
    Sweep 65/87 CPU time = 45m, 10s (Wall time = 3m, 3.0s)

    vN Entropy at center bond b=151 = 1.369670846544
    Eigs at center bond b=151: 0.5571 0.1938 0.1311 0.0491 0.0328 0.0115 0.0074 0.0044 0.0029 0.0024 
    Largest link dim during sweep 66/87 was 320
    Largest truncation error: 1.51105e-09
    Energy after sweep 66/87 is -130.643408612710
    Sweep 66/87 CPU time = 45m, 7s (Wall time = 3m, 2.8s)

    vN Entropy at center bond b=151 = 1.369670848257
    Eigs at center bond b=151: 0.5571 0.1938 0.1311 0.0491 0.0328 0.0115 0.0074 0.0044 0.0029 0.0024 
    Largest link dim during sweep 67/87 was 320
    Largest truncation error: 1.51101e-09
    Energy after sweep 67/87 is -130.643408612702
    Sweep 67/87 CPU time = 44m, 46s (Wall time = 2m, 59.0s)

    vN Entropy at center bond b=151 = 1.369670848354
    Eigs at center bond b=151: 0.5571 0.1938 0.1311 0.0491 0.0328 0.0115 0.0074 0.0044 0.0029 0.0024 
    Largest link dim during sweep 68/87 was 320
    Largest truncation error: 1.511e-09
    Energy after sweep 68/87 is -130.643408612686
    Sweep 68/87 CPU time = 44m, 45s (Wall time = 2m, 59.0s)

    vN Entropy at center bond b=151 = 1.369670847610
    Eigs at center bond b=151: 0.5571 0.1938 0.1311 0.0491 0.0328 0.0115 0.0074 0.0044 0.0029 0.0024 
    Largest link dim during sweep 69/87 was 320
    Largest truncation error: 1.51099e-09
    Energy after sweep 69/87 is -130.643408612665
    Sweep 69/87 CPU time = 44m, 53s (Wall time = 2m, 60.0s)

    vN Entropy at center bond b=151 = 1.369670846175
    Eigs at center bond b=151: 0.5571 0.1938 0.1311 0.0491 0.0328 0.0115 0.0074 0.0044 0.0029 0.0024 
    Largest link dim during sweep 70/87 was 320
    Largest truncation error: 1.51099e-09
    Energy after sweep 70/87 is -130.643408612640
    Sweep 70/87 CPU time = 44m, 48s (Wall time = 2m, 59.4s)

    vN Entropy at center bond b=151 = 1.369670844163
    Eigs at center bond b=151: 0.5571 0.1938 0.1311 0.0491 0.0328 0.0115 0.0074 0.0044 0.0029 0.0024 
    Largest link dim during sweep 71/87 was 320
    Largest truncation error: 1.51099e-09
    Energy after sweep 71/87 is -130.643408612605
    Sweep 71/87 CPU time = 44m, 44s (Wall time = 2m, 58.9s)

    vN Entropy at center bond b=151 = 1.369670841940
    Eigs at center bond b=151: 0.5571 0.1938 0.1311 0.0491 0.0328 0.0115 0.0074 0.0044 0.0029 0.0024 
    Largest link dim during sweep 72/87 was 320
    Largest truncation error: 1.51099e-09
    Energy after sweep 72/87 is -130.643408612575
    Sweep 72/87 CPU time = 46m, 2s (Wall time = 3m, 4.2s)

    vN Entropy at center bond b=151 = 1.369670839889
    Eigs at center bond b=151: 0.5571 0.1938 0.1311 0.0491 0.0328 0.0115 0.0074 0.0044 0.0029 0.0024 
    Largest link dim during sweep 73/87 was 320
    Largest truncation error: 1.51099e-09
    Energy after sweep 73/87 is -130.643408612560
    Sweep 73/87 CPU time = 47m, 45s (Wall time = 3m, 10.9s)

    vN Entropy at center bond b=151 = 1.369670838192
    Eigs at center bond b=151: 0.5571 0.1938 0.1311 0.0491 0.0328 0.0115 0.0074 0.0044 0.0029 0.0024 
    Largest link dim during sweep 74/87 was 320
    Largest truncation error: 1.51099e-09
    Energy after sweep 74/87 is -130.643408612550
    Sweep 74/87 CPU time = 46m, 5s (Wall time = 3m, 4.3s)

    vN Entropy at center bond b=151 = 1.369804708647
    Eigs at center bond b=151: 0.5571 0.1938 0.1311 0.0491 0.0328 0.0115 0.0074 0.0044 0.0029 0.0024 
    Largest link dim during sweep 75/87 was 640
    Largest truncation error: 2.63713e-11
    Energy after sweep 75/87 is -130.643410924323
    Sweep 75/87 CPU time = 2h, 23m, 59s (Wall time = 9m, 34.8s)

    vN Entropy at center bond b=151 = 1.369836424849
    Eigs at center bond b=151: 0.5571 0.1938 0.1311 0.0491 0.0328 0.0115 0.0074 0.0044 0.0029 0.0024 
    Largest link dim during sweep 76/87 was 640
    Largest truncation error: 3.254e-11
    Energy after sweep 76/87 is -130.643410938089
    Sweep 76/87 CPU time = 2h, 44m, 58s (Wall time = 10m, 58s)

    vN Entropy at center bond b=151 = 1.369838094167
    Eigs at center bond b=151: 0.5571 0.1938 0.1311 0.0491 0.0328 0.0115 0.0074 0.0044 0.0029 0.0024 
    Largest link dim during sweep 77/87 was 640
    Largest truncation error: 3.32467e-11
    Energy after sweep 77/87 is -130.643410938426
    Sweep 77/87 CPU time = 2h, 44m, 25s (Wall time = 10m, 57s)

    vN Entropy at center bond b=151 = 1.369838283356
    Eigs at center bond b=151: 0.5571 0.1938 0.1311 0.0491 0.0328 0.0115 0.0074 0.0044 0.0029 0.0024 
    Largest link dim during sweep 78/87 was 640
    Largest truncation error: 3.35377e-11
    Energy after sweep 78/87 is -130.643410938424
    Sweep 78/87 CPU time = 2h, 43m, 20s (Wall time = 10m, 53s)

    vN Entropy at center bond b=151 = 1.369838315721
    Eigs at center bond b=151: 0.5571 0.1938 0.1311 0.0491 0.0328 0.0115 0.0074 0.0044 0.0029 0.0024 
    Largest link dim during sweep 79/87 was 640
    Largest truncation error: 3.36217e-11
    Energy after sweep 79/87 is -130.643410938414
    Sweep 79/87 CPU time = 2h, 44m, 48s (Wall time = 10m, 59s)

    vN Entropy at center bond b=151 = 1.369838322473
    Eigs at center bond b=151: 0.5571 0.1938 0.1311 0.0491 0.0328 0.0115 0.0074 0.0044 0.0029 0.0024 
    Largest link dim during sweep 80/87 was 640
    Largest truncation error: 3.3648e-11
    Energy after sweep 80/87 is -130.643410938413
    Sweep 80/87 CPU time = 2h, 40m, 55s (Wall time = 10m, 44s)

    vN Entropy at center bond b=151 = 1.369838323966
    Eigs at center bond b=151: 0.5571 0.1938 0.1311 0.0491 0.0328 0.0115 0.0074 0.0044 0.0029 0.0024 
    Largest link dim during sweep 81/87 was 640
    Largest truncation error: 3.3657e-11
    Energy after sweep 81/87 is -130.643410938408
    Sweep 81/87 CPU time = 2h, 45m, 15s (Wall time = 11m, 1s)

    vN Entropy at center bond b=151 = 1.369838324286
    Eigs at center bond b=151: 0.5571 0.1938 0.1311 0.0491 0.0328 0.0115 0.0074 0.0044 0.0029 0.0024 
    Largest link dim during sweep 82/87 was 640
    Largest truncation error: 3.36605e-11
    Energy after sweep 82/87 is -130.643410938409
    Sweep 82/87 CPU time = 2h, 43m, 55s (Wall time = 10m, 56s)

    vN Entropy at center bond b=151 = 1.369842230718
    Eigs at center bond b=151: 0.5571 0.1938 0.1311 0.0491 0.0328 0.0115 0.0074 0.0044 0.0029 0.0024 
    Largest link dim during sweep 83/87 was 1162
    Largest truncation error: 7.23341e-13
    Energy after sweep 83/87 is -130.643410984614
    Sweep 83/87 CPU time = 5h, 19m, 14s (Wall time = 23m, 17s)

    vN Entropy at center bond b=151 = 1.369843297948
    Eigs at center bond b=151: 0.5571 0.1938 0.1311 0.0491 0.0328 0.0115 0.0074 0.0044 0.0029 0.0024 
    Largest link dim during sweep 84/87 was 1280
    Largest truncation error: 4.0138e-13
    Energy after sweep 84/87 is -130.643410987476
    Sweep 84/87 CPU time = 9h, 36m, 29s (Wall time = 45m, 4s)

    vN Entropy at center bond b=151 = 1.369843371008
    Eigs at center bond b=151: 0.5571 0.1938 0.1311 0.0491 0.0328 0.0115 0.0074 0.0044 0.0029 0.0024 
    Largest link dim during sweep 85/87 was 1280
    Largest truncation error: 4.0131e-13
    Energy after sweep 85/87 is -130.643410987504
    Sweep 85/87 CPU time = 10h, 57m, 54s (Wall time = 46m, 52s)

    vN Entropy at center bond b=151 = 1.369843377350
    Eigs at center bond b=151: 0.5571 0.1938 0.1311 0.0491 0.0328 0.0115 0.0074 0.0044 0.0029 0.0024 
    Largest link dim during sweep 86/87 was 1280
    Largest truncation error: 4.05071e-13
    Energy after sweep 86/87 is -130.643410987504
    Sweep 86/87 CPU time = 10h, 54m, 14s (Wall time = 45m, 40s)

    vN Entropy at center bond b=151 = 1.369843378350
    Eigs at center bond b=151: 0.5571 0.1938 0.1311 0.0491 0.0328 0.0115 0.0074 0.0044 0.0029 0.0024 
    Largest link dim during sweep 87/87 was 1280
    Largest truncation error: 4.06422e-13
    Energy after sweep 87/87 is -130.643410987507
    Sweep 87/87 CPU time = 10h, 47m, 49s (Wall time = 45m, 0s)
Initial energy = 151.50300

Ground State Energy = -130.6434109875
run_outputs/outputpsi/N_303_sweep_87_t_0.030000_J_1.000000_V_0.600000_D_0.018000_U_1.000000_mu_1.000000_E_0.001000 converge
Wall-clock time (s) = 135196.802853
