//////////////////////////
Reading input file ......

Got input.N = 303
Got input.t = 0.03
Got input.J = 1
Got input.V = 0.6
Got input.D = 0.018
Got input.U = 0.9
Got input.mu = 0.1
Got input.E = 0
Got input.nsweeps = 87
Sweeps:
1  MaxDim=20, MinDim=20, Cutoff=1.0E-06, Niter=8, Noise=1.0E-05
2  MaxDim=20, MinDim=20, Cutoff=1.0E-06, Niter=8, Noise=1.0E-05
3  MaxDim=20, MinDim=20, Cutoff=1.0E-06, Niter=8, Noise=1.0E-05
4  MaxDim=20, MinDim=20, Cutoff=1.0E-06, Niter=8, Noise=1.0E-05
5  MaxDim=20, MinDim=20, Cutoff=1.0E-06, Niter=8, Noise=1.0E-05
6  MaxDim=20, MinDim=20, Cutoff=1.0E-06, Niter=8, Noise=1.0E-05
7  MaxDim=20, MinDim=20, Cutoff=1.0E-06, Niter=8, Noise=1.0E-05
8  MaxDim=40, MinDim=20, Cutoff=1.0E-06, Niter=4, Noise=1.0E-05
9  MaxDim=40, MinDim=20, Cutoff=1.0E-06, Niter=4, Noise=1.0E-05
10  MaxDim=40, MinDim=20, Cutoff=1.0E-06, Niter=4, Noise=1.0E-05
11  MaxDim=40, MinDim=20, Cutoff=1.0E-06, Niter=4, Noise=1.0E-05
12  MaxDim=40, MinDim=20, Cutoff=1.0E-06, Niter=4, Noise=1.0E-05
13  MaxDim=40, MinDim=20, Cutoff=1.0E-06, Niter=4, Noise=1.0E-05
14  MaxDim=40, MinDim=20, Cutoff=1.0E-06, Niter=4, Noise=1.0E-05
15  MaxDim=80, MinDim=10, Cutoff=1.0E-06, Niter=4, Noise=1.0E-05
16  MaxDim=80, MinDim=10, Cutoff=1.0E-06, Niter=4, Noise=1.0E-05
17  MaxDim=80, MinDim=10, Cutoff=1.0E-06, Niter=4, Noise=1.0E-05
18  MaxDim=80, MinDim=10, Cutoff=1.0E-06, Niter=4, Noise=1.0E-05
19  MaxDim=80, MinDim=10, Cutoff=1.0E-06, Niter=4, Noise=1.0E-05
20  MaxDim=80, MinDim=10, Cutoff=1.0E-06, Niter=4, Noise=1.0E-05
21  MaxDim=80, MinDim=10, Cutoff=1.0E-06, Niter=4, Noise=1.0E-05
22  MaxDim=80, MinDim=10, Cutoff=1.0E-06, Niter=4, Noise=1.0E-05
23  MaxDim=80, MinDim=10, Cutoff=1.0E-06, Niter=4, Noise=1.0E-05
24  MaxDim=80, MinDim=10, Cutoff=1.0E-06, Niter=4, Noise=1.0E-05
25  MaxDim=80, MinDim=10, Cutoff=1.0E-06, Niter=4, Noise=1.0E-05
26  MaxDim=80, MinDim=10, Cutoff=1.0E-06, Niter=4, Noise=1.0E-05
27  MaxDim=80, MinDim=10, Cutoff=1.0E-06, Niter=4, Noise=1.0E-05
28  MaxDim=80, MinDim=10, Cutoff=1.0E-06, Niter=4, Noise=1.0E-05
29  MaxDim=80, MinDim=10, Cutoff=1.0E-06, Niter=4, Noise=1.0E-05
30  MaxDim=80, MinDim=10, Cutoff=1.0E-06, Niter=4, Noise=1.0E-05
31  MaxDim=80, MinDim=10, Cutoff=1.0E-06, Niter=4, Noise=1.0E-05
32  MaxDim=80, MinDim=10, Cutoff=1.0E-06, Niter=4, Noise=1.0E-05
33  MaxDim=80, MinDim=10, Cutoff=1.0E-06, Niter=4, Noise=1.0E-05
34  MaxDim=80, MinDim=10, Cutoff=1.0E-06, Niter=4, Noise=1.0E-05
35  MaxDim=80, MinDim=10, Cutoff=1.0E-06, Niter=4, Noise=1.0E-05
36  MaxDim=80, MinDim=10, Cutoff=1.0E-06, Niter=4, Noise=1.0E-05
37  MaxDim=160, MinDim=10, Cutoff=1.0E-08, Niter=4, Noise=1.0E-06
38  MaxDim=160, MinDim=10, Cutoff=1.0E-08, Niter=4, Noise=1.0E-06
39  MaxDim=160, MinDim=10, Cutoff=1.0E-08, Niter=4, Noise=1.0E-06
40  MaxDim=160, MinDim=10, Cutoff=1.0E-08, Niter=4, Noise=1.0E-06
41  MaxDim=160, MinDim=10, Cutoff=1.0E-08, Niter=4, Noise=1.0E-06
42  MaxDim=160, MinDim=10, Cutoff=1.0E-08, Niter=4, Noise=1.0E-06
43  MaxDim=160, MinDim=10, Cutoff=1.0E-08, Niter=4, Noise=1.0E-06
44  MaxDim=160, MinDim=10, Cutoff=1.0E-08, Niter=4, Noise=1.0E-06
45  MaxDim=160, MinDim=10, Cutoff=1.0E-08, Niter=4, Noise=1.0E-06
46  MaxDim=160, MinDim=10, Cutoff=1.0E-08, Niter=4, Noise=1.0E-06
47  MaxDim=160, MinDim=10, Cutoff=1.0E-08, Niter=4, Noise=1.0E-06
48  MaxDim=160, MinDim=10, Cutoff=1.0E-08, Niter=4, Noise=1.0E-06
49  MaxDim=160, MinDim=10, Cutoff=1.0E-08, Niter=4, Noise=1.0E-06
50  MaxDim=160, MinDim=10, Cutoff=1.0E-08, Niter=4, Noise=1.0E-06
51  MaxDim=160, MinDim=10, Cutoff=1.0E-08, Niter=4, Noise=1.0E-06
52  MaxDim=160, MinDim=10, Cutoff=1.0E-08, Niter=4, Noise=1.0E-06
53  MaxDim=160, MinDim=10, Cutoff=1.0E-08, Niter=4, Noise=1.0E-06
54  MaxDim=160, MinDim=10, Cutoff=1.0E-08, Niter=4, Noise=1.0E-06
55  MaxDim=160, MinDim=10, Cutoff=1.0E-08, Niter=4, Noise=1.0E-06
56  MaxDim=160, MinDim=10, Cutoff=1.0E-08, Niter=4, Noise=1.0E-06
57  MaxDim=160, MinDim=10, Cutoff=1.0E-08, Niter=4, Noise=1.0E-06
58  MaxDim=160, MinDim=10, Cutoff=1.0E-08, Niter=4, Noise=1.0E-06
59  MaxDim=320, MinDim=10, Cutoff=1.0E-10, Niter=4, Noise=1.0E-07
60  MaxDim=320, MinDim=10, Cutoff=1.0E-10, Niter=4, Noise=1.0E-07
61  MaxDim=320, MinDim=10, Cutoff=1.0E-10, Niter=4, Noise=1.0E-07
62  MaxDim=320, MinDim=10, Cutoff=1.0E-10, Niter=4, Noise=1.0E-07
63  MaxDim=320, MinDim=10, Cutoff=1.0E-10, Niter=4, Noise=1.0E-07
64  MaxDim=320, MinDim=10, Cutoff=1.0E-10, Niter=4, Noise=1.0E-07
65  MaxDim=320, MinDim=10, Cutoff=1.0E-10, Niter=4, Noise=1.0E-07
66  MaxDim=320, MinDim=10, Cutoff=1.0E-10, Niter=4, Noise=1.0E-07
67  MaxDim=320, MinDim=10, Cutoff=1.0E-10, Niter=4, Noise=1.0E-07
68  MaxDim=320, MinDim=10, Cutoff=1.0E-10, Niter=4, Noise=1.0E-07
69  MaxDim=320, MinDim=10, Cutoff=1.0E-10, Niter=4, Noise=1.0E-07
70  MaxDim=320, MinDim=10, Cutoff=1.0E-10, Niter=4, Noise=1.0E-07
71  MaxDim=320, MinDim=10, Cutoff=1.0E-10, Niter=4, Noise=1.0E-07
72  MaxDim=320, MinDim=10, Cutoff=1.0E-10, Niter=4, Noise=1.0E-07
73  MaxDim=320, MinDim=10, Cutoff=1.0E-10, Niter=4, Noise=1.0E-07
74  MaxDim=320, MinDim=10, Cutoff=1.0E-10, Niter=4, Noise=1.0E-07
75  MaxDim=640, MinDim=10, Cutoff=1.0E-12, Niter=2, Noise=1.0E-08
76  MaxDim=640, MinDim=10, Cutoff=1.0E-12, Niter=2, Noise=1.0E-08
77  MaxDim=640, MinDim=10, Cutoff=1.0E-12, Niter=2, Noise=1.0E-08
78  MaxDim=640, MinDim=10, Cutoff=1.0E-12, Niter=2, Noise=1.0E-08
79  MaxDim=640, MinDim=10, Cutoff=1.0E-12, Niter=2, Noise=1.0E-08
80  MaxDim=640, MinDim=10, Cutoff=1.0E-12, Niter=2, Noise=1.0E-08
81  MaxDim=640, MinDim=10, Cutoff=1.0E-12, Niter=2, Noise=1.0E-08
82  MaxDim=640, MinDim=10, Cutoff=1.0E-12, Niter=2, Noise=1.0E-08
83  MaxDim=1280, MinDim=10, Cutoff=1.0E-12, Niter=2, Noise=0.0E+00
84  MaxDim=1280, MinDim=10, Cutoff=1.0E-14, Niter=2, Noise=0.0E+00
85  MaxDim=1280, MinDim=10, Cutoff=1.0E-14, Niter=2, Noise=0.0E+00
86  MaxDim=1280, MinDim=10, Cutoff=1.0E-14, Niter=2, Noise=0.0E+00
87  MaxDim=1280, MinDim=10, Cutoff=1.0E-14, Niter=2, Noise=0.0E+00


    vN Entropy at center bond b=151 = 0.732270330097
    Eigs at center bond b=151: 0.7143 0.2549 0.0185 0.0057 0.0043 0.0011 
    Largest link dim during sweep 1/87 was 20
    Largest truncation error: 6.30022e-05
    Energy after sweep 1/87 is -158.826417910409
    Sweep 1/87 CPU time = 16.43s (Wall time = 1.066s)

    vN Entropy at center bond b=151 = 0.815281679104
    Eigs at center bond b=151: 0.6477 0.3157 0.0197 0.0078 0.0051 0.0023 
    Largest link dim during sweep 2/87 was 20
    Largest truncation error: 2.91391e-06
    Energy after sweep 2/87 is -158.906117097692
    Sweep 2/87 CPU time = 23.03s (Wall time = 1.477s)

    vN Entropy at center bond b=151 = 0.816482605375
    Eigs at center bond b=151: 0.6465 0.3168 0.0197 0.0078 0.0051 0.0023 
    Largest link dim during sweep 3/87 was 20
    Largest truncation error: 2.97423e-06
    Energy after sweep 3/87 is -158.906669458649
    Sweep 3/87 CPU time = 22.96s (Wall time = 1.477s)

    vN Entropy at center bond b=151 = 0.816483223401
    Eigs at center bond b=151: 0.6465 0.3168 0.0197 0.0078 0.0051 0.0023 
    Largest link dim during sweep 4/87 was 20
    Largest truncation error: 2.96917e-06
    Energy after sweep 4/87 is -158.906676591603
    Sweep 4/87 CPU time = 22.91s (Wall time = 1.465s)

    vN Entropy at center bond b=151 = 0.816483131906
    Eigs at center bond b=151: 0.6465 0.3168 0.0197 0.0078 0.0051 0.0023 
    Largest link dim during sweep 5/87 was 20
    Largest truncation error: 2.96847e-06
    Energy after sweep 5/87 is -158.906676989652
    Sweep 5/87 CPU time = 22.97s (Wall time = 1.473s)

    vN Entropy at center bond b=151 = 0.816483217860
    Eigs at center bond b=151: 0.6465 0.3168 0.0197 0.0078 0.0051 0.0023 
    Largest link dim during sweep 6/87 was 20
    Largest truncation error: 2.96848e-06
    Energy after sweep 6/87 is -158.906677000144
    Sweep 6/87 CPU time = 22.87s (Wall time = 1.464s)

    vN Entropy at center bond b=151 = 0.816483231346
    Eigs at center bond b=151: 0.6465 0.3168 0.0197 0.0078 0.0051 0.0023 
    Largest link dim during sweep 7/87 was 20
    Largest truncation error: 2.96853e-06
    Energy after sweep 7/87 is -158.906676973672
    Sweep 7/87 CPU time = 23.06s (Wall time = 1.477s)

    vN Entropy at center bond b=151 = 0.817481078420
    Eigs at center bond b=151: 0.6463 0.3167 0.0198 0.0078 0.0052 0.0023 
    Largest link dim during sweep 8/87 was 29
    Largest truncation error: 7.54724e-07
    Energy after sweep 8/87 is -158.909927342846
    Sweep 8/87 CPU time = 15.87s (Wall time = 1.019s)

    vN Entropy at center bond b=151 = 0.817608469229
    Eigs at center bond b=151: 0.6463 0.3167 0.0198 0.0078 0.0052 0.0023 
    Largest link dim during sweep 9/87 was 30
    Largest truncation error: 7.55531e-07
    Energy after sweep 9/87 is -158.909978433148
    Sweep 9/87 CPU time = 17.23s (Wall time = 1.106s)

    vN Entropy at center bond b=151 = 0.817612798864
    Eigs at center bond b=151: 0.6463 0.3167 0.0198 0.0078 0.0052 0.0023 
    Largest link dim during sweep 10/87 was 30
    Largest truncation error: 7.57471e-07
    Energy after sweep 10/87 is -158.909989318134
    Sweep 10/87 CPU time = 17.66s (Wall time = 1.133s)

    vN Entropy at center bond b=151 = 0.817613058147
    Eigs at center bond b=151: 0.6463 0.3167 0.0198 0.0078 0.0052 0.0023 
    Largest link dim during sweep 11/87 was 30
    Largest truncation error: 7.47851e-07
    Energy after sweep 11/87 is -158.909991606364
    Sweep 11/87 CPU time = 17.55s (Wall time = 1.130s)

    vN Entropy at center bond b=151 = 0.817613088209
    Eigs at center bond b=151: 0.6463 0.3167 0.0198 0.0078 0.0052 0.0023 
    Largest link dim during sweep 12/87 was 30
    Largest truncation error: 7.47891e-07
    Energy after sweep 12/87 is -158.909991641847
    Sweep 12/87 CPU time = 17.39s (Wall time = 1.114s)

    vN Entropy at center bond b=151 = 0.817613092441
    Eigs at center bond b=151: 0.6463 0.3167 0.0198 0.0078 0.0052 0.0023 
    Largest link dim during sweep 13/87 was 30
    Largest truncation error: 7.47897e-07
    Energy after sweep 13/87 is -158.909991646122
    Sweep 13/87 CPU time = 17.36s (Wall time = 1.113s)

    vN Entropy at center bond b=151 = 0.817613093063
    Eigs at center bond b=151: 0.6463 0.3167 0.0198 0.0078 0.0052 0.0023 
    Largest link dim during sweep 14/87 was 30
    Largest truncation error: 7.47898e-07
    Energy after sweep 14/87 is -158.909991646887
    Sweep 14/87 CPU time = 17.36s (Wall time = 1.112s)

    vN Entropy at center bond b=151 = 0.817613093169
    Eigs at center bond b=151: 0.6463 0.3167 0.0198 0.0078 0.0052 0.0023 
    Largest link dim during sweep 15/87 was 30
    Largest truncation error: 7.57167e-07
    Energy after sweep 15/87 is -158.909988262695
    Sweep 15/87 CPU time = 17.49s (Wall time = 1.119s)

    vN Entropy at center bond b=151 = 0.817613093183
    Eigs at center bond b=151: 0.6463 0.3167 0.0198 0.0078 0.0052 0.0023 
    Largest link dim during sweep 16/87 was 30
    Largest truncation error: 7.54802e-07
    Energy after sweep 16/87 is -158.909988273194
    Sweep 16/87 CPU time = 17.32s (Wall time = 1.113s)

    vN Entropy at center bond b=151 = 0.817613093185
    Eigs at center bond b=151: 0.6463 0.3167 0.0198 0.0078 0.0052 0.0023 
    Largest link dim during sweep 17/87 was 30
    Largest truncation error: 7.54644e-07
    Energy after sweep 17/87 is -158.909988281024
    Sweep 17/87 CPU time = 17.37s (Wall time = 1.111s)

    vN Entropy at center bond b=151 = 0.817613093185
    Eigs at center bond b=151: 0.6463 0.3167 0.0198 0.0078 0.0052 0.0023 
    Largest link dim during sweep 18/87 was 30
    Largest truncation error: 7.54626e-07
    Energy after sweep 18/87 is -158.909988312302
    Sweep 18/87 CPU time = 17.35s (Wall time = 1.111s)

    vN Entropy at center bond b=151 = 0.817613093185
    Eigs at center bond b=151: 0.6463 0.3167 0.0198 0.0078 0.0052 0.0023 
    Largest link dim during sweep 19/87 was 30
    Largest truncation error: 7.54624e-07
    Energy after sweep 19/87 is -158.909988454746
    Sweep 19/87 CPU time = 17.44s (Wall time = 1.120s)

    vN Entropy at center bond b=151 = 0.817613093185
    Eigs at center bond b=151: 0.6463 0.3167 0.0198 0.0078 0.0052 0.0023 
    Largest link dim during sweep 20/87 was 30
    Largest truncation error: 7.54623e-07
    Energy after sweep 20/87 is -158.909989158097
    Sweep 20/87 CPU time = 17.52s (Wall time = 1.118s)

    vN Entropy at center bond b=151 = 0.817613093185
    Eigs at center bond b=151: 0.6463 0.3167 0.0198 0.0078 0.0052 0.0023 
    Largest link dim during sweep 21/87 was 30
    Largest truncation error: 7.54623e-07
    Energy after sweep 21/87 is -158.909989203013
    Sweep 21/87 CPU time = 17.38s (Wall time = 1.110s)

    vN Entropy at center bond b=151 = 0.817613093185
    Eigs at center bond b=151: 0.6463 0.3167 0.0198 0.0078 0.0052 0.0023 
    Largest link dim during sweep 22/87 was 30
    Largest truncation error: 7.54623e-07
    Energy after sweep 22/87 is -158.909989203625
    Sweep 22/87 CPU time = 17.29s (Wall time = 1.111s)

    vN Entropy at center bond b=151 = 0.817613093185
    Eigs at center bond b=151: 0.6463 0.3167 0.0198 0.0078 0.0052 0.0023 
    Largest link dim during sweep 23/87 was 30
    Largest truncation error: 7.54623e-07
    Energy after sweep 23/87 is -158.909989203663
    Sweep 23/87 CPU time = 17.41s (Wall time = 1.111s)

    vN Entropy at center bond b=151 = 0.817613093185
    Eigs at center bond b=151: 0.6463 0.3167 0.0198 0.0078 0.0052 0.0023 
    Largest link dim during sweep 24/87 was 30
    Largest truncation error: 7.54623e-07
    Energy after sweep 24/87 is -158.909989203666
    Sweep 24/87 CPU time = 17.33s (Wall time = 1.111s)

    vN Entropy at center bond b=151 = 0.817613093185
    Eigs at center bond b=151: 0.6463 0.3167 0.0198 0.0078 0.0052 0.0023 
    Largest link dim during sweep 25/87 was 30
    Largest truncation error: 7.54623e-07
    Energy after sweep 25/87 is -158.909989203664
    Sweep 25/87 CPU time = 17.38s (Wall time = 1.113s)

    vN Entropy at center bond b=151 = 0.817613093185
    Eigs at center bond b=151: 0.6463 0.3167 0.0198 0.0078 0.0052 0.0023 
    Largest link dim during sweep 26/87 was 30
    Largest truncation error: 7.54623e-07
    Energy after sweep 26/87 is -158.909989203666
    Sweep 26/87 CPU time = 17.31s (Wall time = 1.111s)

    vN Entropy at center bond b=151 = 0.817613093185
    Eigs at center bond b=151: 0.6463 0.3167 0.0198 0.0078 0.0052 0.0023 
    Largest link dim during sweep 27/87 was 30
    Largest truncation error: 7.54623e-07
    Energy after sweep 27/87 is -158.909989203667
    Sweep 27/87 CPU time = 17.28s (Wall time = 1.111s)

    vN Entropy at center bond b=151 = 0.817613093185
    Eigs at center bond b=151: 0.6463 0.3167 0.0198 0.0078 0.0052 0.0023 
    Largest link dim during sweep 28/87 was 30
    Largest truncation error: 7.54623e-07
    Energy after sweep 28/87 is -158.909989203668
    Sweep 28/87 CPU time = 17.53s (Wall time = 1.122s)

    vN Entropy at center bond b=151 = 0.817613093185
    Eigs at center bond b=151: 0.6463 0.3167 0.0198 0.0078 0.0052 0.0023 
    Largest link dim during sweep 29/87 was 30
    Largest truncation error: 7.54623e-07
    Energy after sweep 29/87 is -158.909989203667
    Sweep 29/87 CPU time = 17.37s (Wall time = 1.110s)

    vN Entropy at center bond b=151 = 0.817613093185
    Eigs at center bond b=151: 0.6463 0.3167 0.0198 0.0078 0.0052 0.0023 
    Largest link dim during sweep 30/87 was 30
    Largest truncation error: 7.54623e-07
    Energy after sweep 30/87 is -158.909989203669
    Sweep 30/87 CPU time = 17.51s (Wall time = 1.122s)

    vN Entropy at center bond b=151 = 0.817613093185
    Eigs at center bond b=151: 0.6463 0.3167 0.0198 0.0078 0.0052 0.0023 
    Largest link dim during sweep 31/87 was 30
    Largest truncation error: 7.54623e-07
    Energy after sweep 31/87 is -158.909989203666
    Sweep 31/87 CPU time = 18.11s (Wall time = 1.161s)

    vN Entropy at center bond b=151 = 0.817613093185
    Eigs at center bond b=151: 0.6463 0.3167 0.0198 0.0078 0.0052 0.0023 
    Largest link dim during sweep 32/87 was 30
    Largest truncation error: 7.54623e-07
    Energy after sweep 32/87 is -158.909989203666
    Sweep 32/87 CPU time = 17.38s (Wall time = 1.122s)

    vN Entropy at center bond b=151 = 0.817613093185
    Eigs at center bond b=151: 0.6463 0.3167 0.0198 0.0078 0.0052 0.0023 
    Largest link dim during sweep 33/87 was 30
    Largest truncation error: 7.54623e-07
    Energy after sweep 33/87 is -158.909989203667
    Sweep 33/87 CPU time = 17.37s (Wall time = 1.112s)

    vN Entropy at center bond b=151 = 0.817613093185
    Eigs at center bond b=151: 0.6463 0.3167 0.0198 0.0078 0.0052 0.0023 
    Largest link dim during sweep 34/87 was 30
    Largest truncation error: 7.54623e-07
    Energy after sweep 34/87 is -158.909989203668
    Sweep 34/87 CPU time = 17.37s (Wall time = 1.113s)

    vN Entropy at center bond b=151 = 0.817613093185
    Eigs at center bond b=151: 0.6463 0.3167 0.0198 0.0078 0.0052 0.0023 
    Largest link dim during sweep 35/87 was 30
    Largest truncation error: 7.54623e-07
    Energy after sweep 35/87 is -158.909989203665
    Sweep 35/87 CPU time = 17.28s (Wall time = 1.104s)

    vN Entropy at center bond b=151 = 0.817613093185
    Eigs at center bond b=151: 0.6463 0.3167 0.0198 0.0078 0.0052 0.0023 
    Largest link dim during sweep 36/87 was 30
    Largest truncation error: 7.54623e-07
    Energy after sweep 36/87 is -158.909989203666
    Sweep 36/87 CPU time = 17.38s (Wall time = 1.110s)

    vN Entropy at center bond b=151 = 0.818625282072
    Eigs at center bond b=151: 0.6460 0.3169 0.0198 0.0079 0.0052 0.0023 
    Largest link dim during sweep 37/87 was 60
    Largest truncation error: 7.68261e-09
    Energy after sweep 37/87 is -158.911553615049
    Sweep 37/87 CPU time = 45.18s (Wall time = 2.898s)

    vN Entropy at center bond b=151 = 0.818761364036
    Eigs at center bond b=151: 0.6459 0.3169 0.0199 0.0079 0.0052 0.0023 
    Largest link dim during sweep 38/87 was 64
    Largest truncation error: 7.6076e-09
    Energy after sweep 38/87 is -158.911563114108
    Sweep 38/87 CPU time = 1m, 7.7s (Wall time = 4.373s)

    vN Entropy at center bond b=151 = 0.818768882344
    Eigs at center bond b=151: 0.6459 0.3169 0.0199 0.0079 0.0052 0.0023 
    Largest link dim during sweep 39/87 was 64
    Largest truncation error: 7.50847e-09
    Energy after sweep 39/87 is -158.911564095462
    Sweep 39/87 CPU time = 1m, 12.9s (Wall time = 4.682s)

    vN Entropy at center bond b=151 = 0.818769781530
    Eigs at center bond b=151: 0.6459 0.3169 0.0199 0.0079 0.0052 0.0023 
    Largest link dim during sweep 40/87 was 64
    Largest truncation error: 7.54605e-09
    Energy after sweep 40/87 is -158.911564114668
    Sweep 40/87 CPU time = 1m, 14.1s (Wall time = 4.757s)

    vN Entropy at center bond b=151 = 0.818769929828
    Eigs at center bond b=151: 0.6459 0.3169 0.0199 0.0079 0.0052 0.0023 
    Largest link dim during sweep 41/87 was 64
    Largest truncation error: 7.55265e-09
    Energy after sweep 41/87 is -158.911564113872
    Sweep 41/87 CPU time = 1m, 13.9s (Wall time = 4.743s)

    vN Entropy at center bond b=151 = 0.818769958121
    Eigs at center bond b=151: 0.6459 0.3169 0.0199 0.0079 0.0052 0.0023 
    Largest link dim during sweep 42/87 was 64
    Largest truncation error: 7.55384e-09
    Energy after sweep 42/87 is -158.911564125958
    Sweep 42/87 CPU time = 1m, 13.7s (Wall time = 4.730s)

    vN Entropy at center bond b=151 = 0.818769963665
    Eigs at center bond b=151: 0.6459 0.3169 0.0199 0.0079 0.0052 0.0023 
    Largest link dim during sweep 43/87 was 64
    Largest truncation error: 7.55416e-09
    Energy after sweep 43/87 is -158.911564125907
    Sweep 43/87 CPU time = 1m, 14.0s (Wall time = 4.767s)

    vN Entropy at center bond b=151 = 0.818769964758
    Eigs at center bond b=151: 0.6459 0.3169 0.0199 0.0079 0.0052 0.0023 
    Largest link dim during sweep 44/87 was 64
    Largest truncation error: 7.55423e-09
    Energy after sweep 44/87 is -158.911564125898
    Sweep 44/87 CPU time = 1m, 13.8s (Wall time = 4.764s)

    vN Entropy at center bond b=151 = 0.818769964975
    Eigs at center bond b=151: 0.6459 0.3169 0.0199 0.0079 0.0052 0.0023 
    Largest link dim during sweep 45/87 was 64
    Largest truncation error: 7.55424e-09
    Energy after sweep 45/87 is -158.911564125898
    Sweep 45/87 CPU time = 1m, 14.0s (Wall time = 4.752s)

    vN Entropy at center bond b=151 = 0.818769965018
    Eigs at center bond b=151: 0.6459 0.3169 0.0199 0.0079 0.0052 0.0023 
    Largest link dim during sweep 46/87 was 64
    Largest truncation error: 7.55424e-09
    Energy after sweep 46/87 is -158.911564125896
    Sweep 46/87 CPU time = 1m, 14.0s (Wall time = 4.758s)

    vN Entropy at center bond b=151 = 0.818769965026
    Eigs at center bond b=151: 0.6459 0.3169 0.0199 0.0079 0.0052 0.0023 
    Largest link dim during sweep 47/87 was 64
    Largest truncation error: 7.55424e-09
    Energy after sweep 47/87 is -158.911564125895
    Sweep 47/87 CPU time = 1m, 13.9s (Wall time = 4.744s)

    vN Entropy at center bond b=151 = 0.818769965028
    Eigs at center bond b=151: 0.6459 0.3169 0.0199 0.0079 0.0052 0.0023 
    Largest link dim during sweep 48/87 was 64
    Largest truncation error: 7.55424e-09
    Energy after sweep 48/87 is -158.911564125899
    Sweep 48/87 CPU time = 1m, 14.1s (Wall time = 4.759s)

    vN Entropy at center bond b=151 = 0.818769965028
    Eigs at center bond b=151: 0.6459 0.3169 0.0199 0.0079 0.0052 0.0023 
    Largest link dim during sweep 49/87 was 64
    Largest truncation error: 7.55424e-09
    Energy after sweep 49/87 is -158.911564125897
    Sweep 49/87 CPU time = 1m, 14.3s (Wall time = 4.784s)

    vN Entropy at center bond b=151 = 0.818769965028
    Eigs at center bond b=151: 0.6459 0.3169 0.0199 0.0079 0.0052 0.0023 
    Largest link dim during sweep 50/87 was 64
    Largest truncation error: 7.55424e-09
    Energy after sweep 50/87 is -158.911564125898
    Sweep 50/87 CPU time = 1m, 14.2s (Wall time = 4.766s)

    vN Entropy at center bond b=151 = 0.818769965028
    Eigs at center bond b=151: 0.6459 0.3169 0.0199 0.0079 0.0052 0.0023 
    Largest link dim during sweep 51/87 was 64
    Largest truncation error: 7.55424e-09
    Energy after sweep 51/87 is -158.911564125896
    Sweep 51/87 CPU time = 1m, 13.1s (Wall time = 4.692s)

    vN Entropy at center bond b=151 = 0.818769965028
    Eigs at center bond b=151: 0.6459 0.3169 0.0199 0.0079 0.0052 0.0023 
    Largest link dim during sweep 52/87 was 64
    Largest truncation error: 7.55424e-09
    Energy after sweep 52/87 is -158.911564125898
    Sweep 52/87 CPU time = 1m, 13.6s (Wall time = 4.723s)

    vN Entropy at center bond b=151 = 0.818769965028
    Eigs at center bond b=151: 0.6459 0.3169 0.0199 0.0079 0.0052 0.0023 
    Largest link dim during sweep 53/87 was 64
    Largest truncation error: 7.55424e-09
    Energy after sweep 53/87 is -158.911564125896
    Sweep 53/87 CPU time = 1m, 13.6s (Wall time = 4.719s)

    vN Entropy at center bond b=151 = 0.818769965028
    Eigs at center bond b=151: 0.6459 0.3169 0.0199 0.0079 0.0052 0.0023 
    Largest link dim during sweep 54/87 was 64
    Largest truncation error: 7.55424e-09
    Energy after sweep 54/87 is -158.911564125895
    Sweep 54/87 CPU time = 1m, 13.9s (Wall time = 4.749s)

    vN Entropy at center bond b=151 = 0.818769965028
    Eigs at center bond b=151: 0.6459 0.3169 0.0199 0.0079 0.0052 0.0023 
    Largest link dim during sweep 55/87 was 64
    Largest truncation error: 7.55424e-09
    Energy after sweep 55/87 is -158.911564125895
    Sweep 55/87 CPU time = 1m, 13.9s (Wall time = 4.747s)

    vN Entropy at center bond b=151 = 0.818769965028
    Eigs at center bond b=151: 0.6459 0.3169 0.0199 0.0079 0.0052 0.0023 
    Largest link dim during sweep 56/87 was 64
    Largest truncation error: 7.55424e-09
    Energy after sweep 56/87 is -158.911564125896
    Sweep 56/87 CPU time = 1m, 14.0s (Wall time = 4.746s)

    vN Entropy at center bond b=151 = 0.818769965028
    Eigs at center bond b=151: 0.6459 0.3169 0.0199 0.0079 0.0052 0.0023 
    Largest link dim during sweep 57/87 was 64
    Largest truncation error: 7.55424e-09
    Energy after sweep 57/87 is -158.911564125895
    Sweep 57/87 CPU time = 1m, 13.2s (Wall time = 4.700s)

    vN Entropy at center bond b=151 = 0.818769965028
    Eigs at center bond b=151: 0.6459 0.3169 0.0199 0.0079 0.0052 0.0023 
    Largest link dim during sweep 58/87 was 64
    Largest truncation error: 7.55424e-09
    Energy after sweep 58/87 is -158.911564125895
    Sweep 58/87 CPU time = 1m, 13.5s (Wall time = 4.715s)

    vN Entropy at center bond b=151 = 0.818816769917
    Eigs at center bond b=151: 0.6459 0.3170 0.0199 0.0079 0.0052 0.0023 
    Largest link dim during sweep 59/87 was 122
    Largest truncation error: 7.62035e-11
    Energy after sweep 59/87 is -158.911579873100
    Sweep 59/87 CPU time = 3m, 40.9s (Wall time = 14.24s)

    vN Entropy at center bond b=151 = 0.818829919185
    Eigs at center bond b=151: 0.6459 0.3170 0.0199 0.0079 0.0052 0.0023 
    Largest link dim during sweep 60/87 was 128
    Largest truncation error: 7.53353e-11
    Energy after sweep 60/87 is -158.911580082390
    Sweep 60/87 CPU time = 5m, 11.4s (Wall time = 20.69s)

    vN Entropy at center bond b=151 = 0.818833169923
    Eigs at center bond b=151: 0.6459 0.3170 0.0199 0.0079 0.0052 0.0023 
    Largest link dim during sweep 61/87 was 130
    Largest truncation error: 7.51614e-11
    Energy after sweep 61/87 is -158.911580107245
    Sweep 61/87 CPU time = 5m, 56.7s (Wall time = 24.57s)

    vN Entropy at center bond b=151 = 0.818833870184
    Eigs at center bond b=151: 0.6459 0.3170 0.0199 0.0079 0.0052 0.0023 
    Largest link dim during sweep 62/87 was 130
    Largest truncation error: 7.51636e-11
    Energy after sweep 62/87 is -158.911580109050
    Sweep 62/87 CPU time = 6m, 2.7s (Wall time = 24.65s)

    vN Entropy at center bond b=151 = 0.818834031746
    Eigs at center bond b=151: 0.6459 0.3170 0.0199 0.0079 0.0052 0.0023 
    Largest link dim during sweep 63/87 was 130
    Largest truncation error: 7.51819e-11
    Energy after sweep 63/87 is -158.911580109110
    Sweep 63/87 CPU time = 6m, 6.6s (Wall time = 25.15s)

    vN Entropy at center bond b=151 = 0.818834070227
    Eigs at center bond b=151: 0.6459 0.3170 0.0199 0.0079 0.0052 0.0023 
    Largest link dim during sweep 64/87 was 131
    Largest truncation error: 7.51857e-11
    Energy after sweep 64/87 is -158.911580110749
    Sweep 64/87 CPU time = 6m, 17.6s (Wall time = 26.43s)

    vN Entropy at center bond b=151 = 0.818834083714
    Eigs at center bond b=151: 0.6459 0.3170 0.0199 0.0079 0.0052 0.0023 
    Largest link dim during sweep 65/87 was 131
    Largest truncation error: 7.51868e-11
    Energy after sweep 65/87 is -158.911580110851
    Sweep 65/87 CPU time = 6m, 13.9s (Wall time = 26.08s)

    vN Entropy at center bond b=151 = 0.818834086680
    Eigs at center bond b=151: 0.6459 0.3170 0.0199 0.0079 0.0052 0.0023 
    Largest link dim during sweep 66/87 was 131
    Largest truncation error: 7.51871e-11
    Energy after sweep 66/87 is -158.911580110919
    Sweep 66/87 CPU time = 6m, 6.4s (Wall time = 25.08s)

    vN Entropy at center bond b=151 = 0.818834087387
    Eigs at center bond b=151: 0.6459 0.3170 0.0199 0.0079 0.0052 0.0023 
    Largest link dim during sweep 67/87 was 131
    Largest truncation error: 7.51873e-11
    Energy after sweep 67/87 is -158.911580110921
    Sweep 67/87 CPU time = 6m, 14.6s (Wall time = 26.08s)

    vN Entropy at center bond b=151 = 0.818834087561
    Eigs at center bond b=151: 0.6459 0.3170 0.0199 0.0079 0.0052 0.0023 
    Largest link dim during sweep 68/87 was 131
    Largest truncation error: 7.51872e-11
    Energy after sweep 68/87 is -158.911580110918
    Sweep 68/87 CPU time = 6m, 17.4s (Wall time = 26.39s)

    vN Entropy at center bond b=151 = 0.818834087605
    Eigs at center bond b=151: 0.6459 0.3170 0.0199 0.0079 0.0052 0.0023 
    Largest link dim during sweep 69/87 was 131
    Largest truncation error: 7.51873e-11
    Energy after sweep 69/87 is -158.911580110917
    Sweep 69/87 CPU time = 6m, 25.1s (Wall time = 27.03s)

    vN Entropy at center bond b=151 = 0.818834087616
    Eigs at center bond b=151: 0.6459 0.3170 0.0199 0.0079 0.0052 0.0023 
    Largest link dim during sweep 70/87 was 131
    Largest truncation error: 7.5187e-11
    Energy after sweep 70/87 is -158.911580110918
    Sweep 70/87 CPU time = 6m, 18.3s (Wall time = 26.26s)

    vN Entropy at center bond b=151 = 0.818834087619
    Eigs at center bond b=151: 0.6459 0.3170 0.0199 0.0079 0.0052 0.0023 
    Largest link dim during sweep 71/87 was 131
    Largest truncation error: 7.51873e-11
    Energy after sweep 71/87 is -158.911580110919
    Sweep 71/87 CPU time = 6m, 9.6s (Wall time = 25.41s)

    vN Entropy at center bond b=151 = 0.818834087620
    Eigs at center bond b=151: 0.6459 0.3170 0.0199 0.0079 0.0052 0.0023 
    Largest link dim during sweep 72/87 was 131
    Largest truncation error: 7.51872e-11
    Energy after sweep 72/87 is -158.911580110918
    Sweep 72/87 CPU time = 6m, 24.3s (Wall time = 27.09s)

    vN Entropy at center bond b=151 = 0.818834087620
    Eigs at center bond b=151: 0.6459 0.3170 0.0199 0.0079 0.0052 0.0023 
    Largest link dim during sweep 73/87 was 131
    Largest truncation error: 7.51871e-11
    Energy after sweep 73/87 is -158.911580110916
    Sweep 73/87 CPU time = 6m, 20.4s (Wall time = 26.54s)

    vN Entropy at center bond b=151 = 0.818834087620
    Eigs at center bond b=151: 0.6459 0.3170 0.0199 0.0079 0.0052 0.0023 
    Largest link dim during sweep 74/87 was 131
    Largest truncation error: 7.51873e-11
    Energy after sweep 74/87 is -158.911580110918
    Sweep 74/87 CPU time = 6m, 55.3s (Wall time = 29.13s)

    vN Entropy at center bond b=151 = 0.818837300741
    Eigs at center bond b=151: 0.6459 0.3170 0.0199 0.0079 0.0052 0.0023 
    Largest link dim during sweep 75/87 was 243
    Largest truncation error: 7.67922e-13
    Energy after sweep 75/87 is -158.911580316182
    Sweep 75/87 CPU time = 12m, 45s (Wall time = 52.78s)

    vN Entropy at center bond b=151 = 0.818838059918
    Eigs at center bond b=151: 0.6459 0.3170 0.0199 0.0079 0.0052 0.0023 
    Largest link dim during sweep 76/87 was 250
    Largest truncation error: 7.58178e-13
    Energy after sweep 76/87 is -158.911580317259
    Sweep 76/87 CPU time = 18m, 55s (Wall time = 1m, 14.9s)

    vN Entropy at center bond b=151 = 0.818838153897
    Eigs at center bond b=151: 0.6459 0.3170 0.0199 0.0079 0.0052 0.0023 
    Largest link dim during sweep 77/87 was 250
    Largest truncation error: 7.57796e-13
    Energy after sweep 77/87 is -158.911580317264
    Sweep 77/87 CPU time = 20m, 23s (Wall time = 1m, 20.2s)

    vN Entropy at center bond b=151 = 0.818838170168
    Eigs at center bond b=151: 0.6459 0.3170 0.0199 0.0079 0.0052 0.0023 
    Largest link dim during sweep 78/87 was 250
    Largest truncation error: 7.5774e-13
    Energy after sweep 78/87 is -158.911580317269
    Sweep 78/87 CPU time = 21m, 9s (Wall time = 1m, 23.4s)

    vN Entropy at center bond b=151 = 0.818838173913
    Eigs at center bond b=151: 0.6459 0.3170 0.0199 0.0079 0.0052 0.0023 
    Largest link dim during sweep 79/87 was 250
    Largest truncation error: 7.57779e-13
    Energy after sweep 79/87 is -158.911580317275
    Sweep 79/87 CPU time = 22m, 25s (Wall time = 1m, 29.9s)

    vN Entropy at center bond b=151 = 0.818838175074
    Eigs at center bond b=151: 0.6459 0.3170 0.0199 0.0079 0.0052 0.0023 
    Largest link dim during sweep 80/87 was 250
    Largest truncation error: 7.57879e-13
    Energy after sweep 80/87 is -158.911580317277
    Sweep 80/87 CPU time = 21m, 24s (Wall time = 1m, 25.0s)

    vN Entropy at center bond b=151 = 0.818838175506
    Eigs at center bond b=151: 0.6459 0.3170 0.0199 0.0079 0.0052 0.0023 
    Largest link dim during sweep 81/87 was 250
    Largest truncation error: 7.58024e-13
    Energy after sweep 81/87 is -158.911580317279
    Sweep 81/87 CPU time = 21m, 22s (Wall time = 1m, 24.8s)

    vN Entropy at center bond b=151 = 0.818838175687
    Eigs at center bond b=151: 0.6459 0.3170 0.0199 0.0079 0.0052 0.0023 
    Largest link dim during sweep 82/87 was 250
    Largest truncation error: 7.57741e-13
    Energy after sweep 82/87 is -158.911580317278
    Sweep 82/87 CPU time = 21m, 33s (Wall time = 1m, 24.8s)

    vN Entropy at center bond b=151 = 0.818838377561
    Eigs at center bond b=151: 0.6459 0.3170 0.0199 0.0079 0.0052 0.0023 
    Largest link dim during sweep 83/87 was 234
    Largest truncation error: 7.59024e-13
    Energy after sweep 83/87 is -158.911580316787
    Sweep 83/87 CPU time = 15m, 50s (Wall time = 1m, 2.0s)

    vN Entropy at center bond b=151 = 0.818838403146
    Eigs at center bond b=151: 0.6459 0.3170 0.0199 0.0079 0.0052 0.0023 
    Largest link dim during sweep 84/87 was 417
    Largest truncation error: 7.48665e-15
    Energy after sweep 84/87 is -158.911580319535
    Sweep 84/87 CPU time = 42m, 58s (Wall time = 2m, 54.4s)

    vN Entropy at center bond b=151 = 0.818838415633
    Eigs at center bond b=151: 0.6459 0.3170 0.0199 0.0079 0.0052 0.0023 
    Largest link dim during sweep 85/87 was 426
    Largest truncation error: 7.51591e-15
    Energy after sweep 85/87 is -158.911580319552
    Sweep 85/87 CPU time = 1h, 6m, 22s (Wall time = 4m, 22.5s)

    vN Entropy at center bond b=151 = 0.818838417077
    Eigs at center bond b=151: 0.6459 0.3170 0.0199 0.0079 0.0052 0.0023 
    Largest link dim during sweep 86/87 was 426
    Largest truncation error: 7.49731e-15
    Energy after sweep 86/87 is -158.911580319554
    Sweep 86/87 CPU time = 1h, 4m, 18s (Wall time = 4m, 14.0s)

    vN Entropy at center bond b=151 = 0.818838417337
    Eigs at center bond b=151: 0.6459 0.3170 0.0199 0.0079 0.0052 0.0023 
    Largest link dim during sweep 87/87 was 426
    Largest truncation error: 7.50078e-15
    Energy after sweep 87/87 is -158.911580319553
    Sweep 87/87 CPU time = 1h, 5m, 18s (Wall time = 4m, 19.1s)
Initial energy = 15.15000

Ground State Energy = -158.9115803196
run_outputs/outputpsi/N_303_sweep_87_t_0.030000_J_1.000000_V_0.600000_D_0.018000_U_0.900000_mu_0.100000_E_0.000000 converge
Wall-clock time (s) = 12203.585770
