//////////////////////////
Reading input file ......

Got input.N = 300
Got input.t = 0.03
Got input.J = 1
Got input.V = 0.6
Got input.D = 0.018
Got input.U = 0.9
Got input.mu = 0.02
Got input.E = 0.005
Got input.nsweeps = 87
Sweeps:
1  MaxDim=20, MinDim=20, Cutoff=1.0E-06, Niter=8, Noise=1.0E-05
2  MaxDim=20, MinDim=20, Cutoff=1.0E-06, Niter=8, Noise=1.0E-05
3  MaxDim=20, MinDim=20, Cutoff=1.0E-06, Niter=8, Noise=1.0E-05
4  MaxDim=20, MinDim=20, Cutoff=1.0E-06, Niter=8, Noise=1.0E-05
5  MaxDim=20, MinDim=20, Cutoff=1.0E-06, Niter=8, Noise=1.0E-05
6  MaxDim=20, MinDim=20, Cutoff=1.0E-06, Niter=8, Noise=1.0E-05
7  MaxDim=20, MinDim=20, Cutoff=1.0E-06, Niter=8, Noise=1.0E-05
8  MaxDim=40, MinDim=20, Cutoff=1.0E-06, Niter=4, Noise=1.0E-05
9  MaxDim=40, MinDim=20, Cutoff=1.0E-06, Niter=4, Noise=1.0E-05
10  MaxDim=40, MinDim=20, Cutoff=1.0E-06, Niter=4, Noise=1.0E-05
11  MaxDim=40, MinDim=20, Cutoff=1.0E-06, Niter=4, Noise=1.0E-05
12  MaxDim=40, MinDim=20, Cutoff=1.0E-06, Niter=4, Noise=1.0E-05
13  MaxDim=40, MinDim=20, Cutoff=1.0E-06, Niter=4, Noise=1.0E-05
14  MaxDim=40, MinDim=20, Cutoff=1.0E-06, Niter=4, Noise=1.0E-05
15  MaxDim=80, MinDim=10, Cutoff=1.0E-06, Niter=4, Noise=1.0E-05
16  MaxDim=80, MinDim=10, Cutoff=1.0E-06, Niter=4, Noise=1.0E-05
17  MaxDim=80, MinDim=10, Cutoff=1.0E-06, Niter=4, Noise=1.0E-05
18  MaxDim=80, MinDim=10, Cutoff=1.0E-06, Niter=4, Noise=1.0E-05
19  MaxDim=80, MinDim=10, Cutoff=1.0E-06, Niter=4, Noise=1.0E-05
20  MaxDim=80, MinDim=10, Cutoff=1.0E-06, Niter=4, Noise=1.0E-05
21  MaxDim=80, MinDim=10, Cutoff=1.0E-06, Niter=4, Noise=1.0E-05
22  MaxDim=80, MinDim=10, Cutoff=1.0E-06, Niter=4, Noise=1.0E-05
23  MaxDim=80, MinDim=10, Cutoff=1.0E-06, Niter=4, Noise=1.0E-05
24  MaxDim=80, MinDim=10, Cutoff=1.0E-06, Niter=4, Noise=1.0E-05
25  MaxDim=80, MinDim=10, Cutoff=1.0E-06, Niter=4, Noise=1.0E-05
26  MaxDim=80, MinDim=10, Cutoff=1.0E-06, Niter=4, Noise=1.0E-05
27  MaxDim=80, MinDim=10, Cutoff=1.0E-06, Niter=4, Noise=1.0E-05
28  MaxDim=80, MinDim=10, Cutoff=1.0E-06, Niter=4, Noise=1.0E-05
29  MaxDim=80, MinDim=10, Cutoff=1.0E-06, Niter=4, Noise=1.0E-05
30  MaxDim=80, MinDim=10, Cutoff=1.0E-06, Niter=4, Noise=1.0E-05
31  MaxDim=80, MinDim=10, Cutoff=1.0E-06, Niter=4, Noise=1.0E-05
32  MaxDim=80, MinDim=10, Cutoff=1.0E-06, Niter=4, Noise=1.0E-05
33  MaxDim=80, MinDim=10, Cutoff=1.0E-06, Niter=4, Noise=1.0E-05
34  MaxDim=80, MinDim=10, Cutoff=1.0E-06, Niter=4, Noise=1.0E-05
35  MaxDim=80, MinDim=10, Cutoff=1.0E-06, Niter=4, Noise=1.0E-05
36  MaxDim=80, MinDim=10, Cutoff=1.0E-06, Niter=4, Noise=1.0E-05
37  MaxDim=160, MinDim=10, Cutoff=1.0E-08, Niter=4, Noise=1.0E-06
38  MaxDim=160, MinDim=10, Cutoff=1.0E-08, Niter=4, Noise=1.0E-06
39  MaxDim=160, MinDim=10, Cutoff=1.0E-08, Niter=4, Noise=1.0E-06
40  MaxDim=160, MinDim=10, Cutoff=1.0E-08, Niter=4, Noise=1.0E-06
41  MaxDim=160, MinDim=10, Cutoff=1.0E-08, Niter=4, Noise=1.0E-06
42  MaxDim=160, MinDim=10, Cutoff=1.0E-08, Niter=4, Noise=1.0E-06
43  MaxDim=160, MinDim=10, Cutoff=1.0E-08, Niter=4, Noise=1.0E-06
44  MaxDim=160, MinDim=10, Cutoff=1.0E-08, Niter=4, Noise=1.0E-06
45  MaxDim=160, MinDim=10, Cutoff=1.0E-08, Niter=4, Noise=1.0E-06
46  MaxDim=160, MinDim=10, Cutoff=1.0E-08, Niter=4, Noise=1.0E-06
47  MaxDim=160, MinDim=10, Cutoff=1.0E-08, Niter=4, Noise=1.0E-06
48  MaxDim=160, MinDim=10, Cutoff=1.0E-08, Niter=4, Noise=1.0E-06
49  MaxDim=160, MinDim=10, Cutoff=1.0E-08, Niter=4, Noise=1.0E-06
50  MaxDim=160, MinDim=10, Cutoff=1.0E-08, Niter=4, Noise=1.0E-06
51  MaxDim=160, MinDim=10, Cutoff=1.0E-08, Niter=4, Noise=1.0E-06
52  MaxDim=160, MinDim=10, Cutoff=1.0E-08, Niter=4, Noise=1.0E-06
53  MaxDim=160, MinDim=10, Cutoff=1.0E-08, Niter=4, Noise=1.0E-06
54  MaxDim=160, MinDim=10, Cutoff=1.0E-08, Niter=4, Noise=1.0E-06
55  MaxDim=160, MinDim=10, Cutoff=1.0E-08, Niter=4, Noise=1.0E-06
56  MaxDim=160, MinDim=10, Cutoff=1.0E-08, Niter=4, Noise=1.0E-06
57  MaxDim=160, MinDim=10, Cutoff=1.0E-08, Niter=4, Noise=1.0E-06
58  MaxDim=160, MinDim=10, Cutoff=1.0E-08, Niter=4, Noise=1.0E-06
59  MaxDim=320, MinDim=10, Cutoff=1.0E-10, Niter=4, Noise=1.0E-07
60  MaxDim=320, MinDim=10, Cutoff=1.0E-10, Niter=4, Noise=1.0E-07
61  MaxDim=320, MinDim=10, Cutoff=1.0E-10, Niter=4, Noise=1.0E-07
62  MaxDim=320, MinDim=10, Cutoff=1.0E-10, Niter=4, Noise=1.0E-07
63  MaxDim=320, MinDim=10, Cutoff=1.0E-10, Niter=4, Noise=1.0E-07
64  MaxDim=320, MinDim=10, Cutoff=1.0E-10, Niter=4, Noise=1.0E-07
65  MaxDim=320, MinDim=10, Cutoff=1.0E-10, Niter=4, Noise=1.0E-07
66  MaxDim=320, MinDim=10, Cutoff=1.0E-10, Niter=4, Noise=1.0E-07
67  MaxDim=320, MinDim=10, Cutoff=1.0E-10, Niter=4, Noise=1.0E-07
68  MaxDim=320, MinDim=10, Cutoff=1.0E-10, Niter=4, Noise=1.0E-07
69  MaxDim=320, MinDim=10, Cutoff=1.0E-10, Niter=4, Noise=1.0E-07
70  MaxDim=320, MinDim=10, Cutoff=1.0E-10, Niter=4, Noise=1.0E-07
71  MaxDim=320, MinDim=10, Cutoff=1.0E-10, Niter=4, Noise=1.0E-07
72  MaxDim=320, MinDim=10, Cutoff=1.0E-10, Niter=4, Noise=1.0E-07
73  MaxDim=320, MinDim=10, Cutoff=1.0E-10, Niter=4, Noise=1.0E-07
74  MaxDim=320, MinDim=10, Cutoff=1.0E-10, Niter=4, Noise=1.0E-07
75  MaxDim=640, MinDim=10, Cutoff=1.0E-12, Niter=2, Noise=1.0E-08
76  MaxDim=640, MinDim=10, Cutoff=1.0E-12, Niter=2, Noise=1.0E-08
77  MaxDim=640, MinDim=10, Cutoff=1.0E-12, Niter=2, Noise=1.0E-08
78  MaxDim=640, MinDim=10, Cutoff=1.0E-12, Niter=2, Noise=1.0E-08
79  MaxDim=640, MinDim=10, Cutoff=1.0E-12, Niter=2, Noise=1.0E-08
80  MaxDim=640, MinDim=10, Cutoff=1.0E-12, Niter=2, Noise=1.0E-08
81  MaxDim=640, MinDim=10, Cutoff=1.0E-12, Niter=2, Noise=1.0E-08
82  MaxDim=640, MinDim=10, Cutoff=1.0E-12, Niter=2, Noise=1.0E-08
83  MaxDim=1280, MinDim=10, Cutoff=1.0E-12, Niter=2, Noise=0.0E+00
84  MaxDim=1280, MinDim=10, Cutoff=1.0E-14, Niter=2, Noise=0.0E+00
85  MaxDim=1280, MinDim=10, Cutoff=1.0E-14, Niter=2, Noise=0.0E+00
86  MaxDim=1280, MinDim=10, Cutoff=1.0E-14, Niter=2, Noise=0.0E+00
87  MaxDim=1280, MinDim=10, Cutoff=1.0E-14, Niter=2, Noise=0.0E+00


    vN Entropy at center bond b=150 = 0.555657924719
    Eigs at center bond b=150: 0.8281 0.1465 0.0171 0.0057 0.0012 
    Largest link dim during sweep 1/87 was 20
    Largest truncation error: 3.01622e-05
    Energy after sweep 1/87 is -161.424519442403
    Sweep 1/87 CPU time = 17.93s (Wall time = 1.162s)

    vN Entropy at center bond b=150 = 0.659019764223
    Eigs at center bond b=150: 0.7931 0.1663 0.0258 0.0069 0.0041 0.0023 
    Largest link dim during sweep 2/87 was 20
    Largest truncation error: 6.51627e-06
    Energy after sweep 2/87 is -161.453762262477
    Sweep 2/87 CPU time = 25.02s (Wall time = 1.601s)

    vN Entropy at center bond b=150 = 0.679896533993
    Eigs at center bond b=150: 0.7870 0.1687 0.0276 0.0070 0.0053 0.0027 
    Largest link dim during sweep 3/87 was 20
    Largest truncation error: 9.18677e-06
    Energy after sweep 3/87 is -161.454628695359
    Sweep 3/87 CPU time = 25.00s (Wall time = 1.601s)

    vN Entropy at center bond b=150 = 0.682941576327
    Eigs at center bond b=150: 0.7861 0.1690 0.0279 0.0070 0.0055 0.0028 
    Largest link dim during sweep 4/87 was 20
    Largest truncation error: 9.66321e-06
    Energy after sweep 4/87 is -161.454814735427
    Sweep 4/87 CPU time = 25.02s (Wall time = 1.603s)

    vN Entropy at center bond b=150 = 0.683719949704
    Eigs at center bond b=150: 0.7858 0.1691 0.0279 0.0071 0.0055 0.0028 
    Largest link dim during sweep 5/87 was 20
    Largest truncation error: 1.00609e-05
    Energy after sweep 5/87 is -161.454880861642
    Sweep 5/87 CPU time = 25.01s (Wall time = 1.602s)

    vN Entropy at center bond b=150 = 0.684388708149
    Eigs at center bond b=150: 0.7856 0.1692 0.0280 0.0071 0.0055 0.0028 
    Largest link dim during sweep 6/87 was 20
    Largest truncation error: 1.02177e-05
    Energy after sweep 6/87 is -161.454916556033
    Sweep 6/87 CPU time = 25.03s (Wall time = 1.600s)

    vN Entropy at center bond b=150 = 0.685215528313
    Eigs at center bond b=150: 0.7854 0.1693 0.0281 0.0071 0.0056 0.0029 
    Largest link dim during sweep 7/87 was 20
    Largest truncation error: 1.02698e-05
    Energy after sweep 7/87 is -161.454948230866
    Sweep 7/87 CPU time = 24.96s (Wall time = 1.599s)

    vN Entropy at center bond b=150 = 0.740361587878
    Eigs at center bond b=150: 0.7698 0.1724 0.0357 0.0081 0.0074 0.0040 0.0011 
    Largest link dim during sweep 8/87 was 36
    Largest truncation error: 7.80486e-07
    Energy after sweep 8/87 is -161.470912755425
    Sweep 8/87 CPU time = 21.67s (Wall time = 1.386s)

    vN Entropy at center bond b=150 = 0.786731996676
    Eigs at center bond b=150: 0.7550 0.1769 0.0419 0.0095 0.0089 0.0047 0.0014 
    Largest link dim during sweep 9/87 was 40
    Largest truncation error: 7.61882e-07
    Energy after sweep 9/87 is -161.472643079861
    Sweep 9/87 CPU time = 31.32s (Wall time = 2.010s)

    vN Entropy at center bond b=150 = 0.806619475110
    Eigs at center bond b=150: 0.7484 0.1786 0.0449 0.0102 0.0094 0.0049 0.0015 
    Largest link dim during sweep 10/87 was 40
    Largest truncation error: 1.06563e-06
    Energy after sweep 10/87 is -161.473195700999
    Sweep 10/87 CPU time = 34.08s (Wall time = 2.188s)

    vN Entropy at center bond b=150 = 0.821820438285
    Eigs at center bond b=150: 0.7433 0.1799 0.0474 0.0108 0.0098 0.0050 0.0015 
    Largest link dim during sweep 11/87 was 40
    Largest truncation error: 1.29796e-06
    Energy after sweep 11/87 is -161.473402844016
    Sweep 11/87 CPU time = 35.44s (Wall time = 2.270s)

    vN Entropy at center bond b=150 = 0.835733929993
    Eigs at center bond b=150: 0.7386 0.1810 0.0498 0.0114 0.0102 0.0051 0.0016 
    Largest link dim during sweep 12/87 was 40
    Largest truncation error: 1.43048e-06
    Energy after sweep 12/87 is -161.473503366633
    Sweep 12/87 CPU time = 36.00s (Wall time = 2.306s)

    vN Entropy at center bond b=150 = 0.846685268412
    Eigs at center bond b=150: 0.7348 0.1819 0.0517 0.0119 0.0105 0.0051 0.0017 
    Largest link dim during sweep 13/87 was 40
    Largest truncation error: 1.49356e-06
    Energy after sweep 13/87 is -161.473539992552
    Sweep 13/87 CPU time = 36.15s (Wall time = 2.319s)

    vN Entropy at center bond b=150 = 0.853460142916
    Eigs at center bond b=150: 0.7324 0.1826 0.0529 0.0123 0.0106 0.0052 0.0017 
    Largest link dim during sweep 14/87 was 40
    Largest truncation error: 1.53195e-06
    Energy after sweep 14/87 is -161.473555076366
    Sweep 14/87 CPU time = 36.47s (Wall time = 2.347s)

    vN Entropy at center bond b=150 = 0.861887939178
    Eigs at center bond b=150: 0.7295 0.1832 0.0544 0.0127 0.0108 0.0052 0.0018 
    Largest link dim during sweep 15/87 was 48
    Largest truncation error: 7.4379e-07
    Energy after sweep 15/87 is -161.474130685207
    Sweep 15/87 CPU time = 39.30s (Wall time = 2.518s)

    vN Entropy at center bond b=150 = 0.875397384781
    Eigs at center bond b=150: 0.7246 0.1844 0.0568 0.0134 0.0111 0.0053 0.0018 
    Largest link dim during sweep 16/87 was 49
    Largest truncation error: 7.90667e-07
    Energy after sweep 16/87 is -161.474300688374
    Sweep 16/87 CPU time = 41.42s (Wall time = 2.660s)

    vN Entropy at center bond b=150 = 0.888051516007
    Eigs at center bond b=150: 0.7199 0.1858 0.0590 0.0141 0.0113 0.0053 0.0019 
    Largest link dim during sweep 17/87 was 50
    Largest truncation error: 7.90282e-07
    Energy after sweep 17/87 is -161.474428893970
    Sweep 17/87 CPU time = 42.62s (Wall time = 2.732s)

    vN Entropy at center bond b=150 = 0.898523890881
    Eigs at center bond b=150: 0.7160 0.1869 0.0608 0.0147 0.0115 0.0053 0.0020 
    Largest link dim during sweep 18/87 was 51
    Largest truncation error: 7.907e-07
    Energy after sweep 18/87 is -161.474506079840
    Sweep 18/87 CPU time = 43.39s (Wall time = 2.785s)

    vN Entropy at center bond b=150 = 0.907142183706
    Eigs at center bond b=150: 0.7126 0.1879 0.0623 0.0152 0.0116 0.0053 0.0020 
    Largest link dim during sweep 19/87 was 51
    Largest truncation error: 7.91123e-07
    Energy after sweep 19/87 is -161.474582337941
    Sweep 19/87 CPU time = 44.83s (Wall time = 2.894s)

    vN Entropy at center bond b=150 = 0.914387095448
    Eigs at center bond b=150: 0.7098 0.1889 0.0636 0.0157 0.0117 0.0053 0.0021 
    Largest link dim during sweep 20/87 was 52
    Largest truncation error: 7.91467e-07
    Energy after sweep 20/87 is -161.474621645386
    Sweep 20/87 CPU time = 45.22s (Wall time = 2.899s)

    vN Entropy at center bond b=150 = 0.920384737157
    Eigs at center bond b=150: 0.7074 0.1896 0.0646 0.0161 0.0118 0.0053 0.0021 
    Largest link dim during sweep 21/87 was 52
    Largest truncation error: 7.91751e-07
    Energy after sweep 21/87 is -161.474667821972
    Sweep 21/87 CPU time = 45.60s (Wall time = 2.923s)

    vN Entropy at center bond b=150 = 0.925819958815
    Eigs at center bond b=150: 0.7052 0.1904 0.0656 0.0164 0.0119 0.0053 0.0021 
    Largest link dim during sweep 22/87 was 52
    Largest truncation error: 7.91999e-07
    Energy after sweep 22/87 is -161.474708017930
    Sweep 22/87 CPU time = 46.17s (Wall time = 2.972s)

    vN Entropy at center bond b=150 = 0.930918004876
    Eigs at center bond b=150: 0.7031 0.1911 0.0664 0.0168 0.0119 0.0053 0.0022 
    Largest link dim during sweep 23/87 was 52
    Largest truncation error: 7.92237e-07
    Energy after sweep 23/87 is -161.474735113585
    Sweep 23/87 CPU time = 46.15s (Wall time = 2.965s)

    vN Entropy at center bond b=150 = 0.935860726481
    Eigs at center bond b=150: 0.7011 0.1918 0.0673 0.0171 0.0120 0.0053 0.0022 
    Largest link dim during sweep 24/87 was 52
    Largest truncation error: 7.92456e-07
    Energy after sweep 24/87 is -161.474771874103
    Sweep 24/87 CPU time = 46.90s (Wall time = 3.014s)

    vN Entropy at center bond b=150 = 0.940229010431
    Eigs at center bond b=150: 0.6993 0.1925 0.0680 0.0174 0.0121 0.0054 0.0022 
    Largest link dim during sweep 25/87 was 52
    Largest truncation error: 7.92653e-07
    Energy after sweep 25/87 is -161.474792658994
    Sweep 25/87 CPU time = 47.20s (Wall time = 3.025s)

    vN Entropy at center bond b=150 = 0.943876430788
    Eigs at center bond b=150: 0.6977 0.1931 0.0685 0.0177 0.0121 0.0054 0.0023 
    Largest link dim during sweep 26/87 was 52
    Largest truncation error: 7.56669e-07
    Energy after sweep 26/87 is -161.474803455566
    Sweep 26/87 CPU time = 47.57s (Wall time = 3.047s)

    vN Entropy at center bond b=150 = 0.947043725114
    Eigs at center bond b=150: 0.6964 0.1937 0.0691 0.0179 0.0121 0.0054 0.0023 
    Largest link dim during sweep 27/87 was 53
    Largest truncation error: 7.57706e-07
    Energy after sweep 27/87 is -161.474822823587
    Sweep 27/87 CPU time = 47.71s (Wall time = 3.051s)

    vN Entropy at center bond b=150 = 0.950634855985
    Eigs at center bond b=150: 0.6949 0.1942 0.0697 0.0182 0.0122 0.0054 0.0023 
    Largest link dim during sweep 28/87 was 53
    Largest truncation error: 7.58063e-07
    Energy after sweep 28/87 is -161.474846913139
    Sweep 28/87 CPU time = 48.03s (Wall time = 3.080s)

    vN Entropy at center bond b=150 = 0.954124756215
    Eigs at center bond b=150: 0.6934 0.1948 0.0702 0.0184 0.0122 0.0054 0.0023 
    Largest link dim during sweep 29/87 was 53
    Largest truncation error: 7.58337e-07
    Energy after sweep 29/87 is -161.474871646793
    Sweep 29/87 CPU time = 48.47s (Wall time = 3.115s)

    vN Entropy at center bond b=150 = 0.957505588196
    Eigs at center bond b=150: 0.6919 0.1953 0.0708 0.0187 0.0122 0.0054 0.0024 
    Largest link dim during sweep 30/87 was 53
    Largest truncation error: 7.58601e-07
    Energy after sweep 30/87 is -161.474896846111
    Sweep 30/87 CPU time = 48.67s (Wall time = 3.133s)

    vN Entropy at center bond b=150 = 0.960855525622
    Eigs at center bond b=150: 0.6905 0.1959 0.0713 0.0189 0.0123 0.0054 0.0024 
    Largest link dim during sweep 31/87 was 53
    Largest truncation error: 7.58868e-07
    Energy after sweep 31/87 is -161.474910166091
    Sweep 31/87 CPU time = 48.97s (Wall time = 3.137s)

    vN Entropy at center bond b=150 = 0.963735574930
    Eigs at center bond b=150: 0.6892 0.1964 0.0718 0.0191 0.0123 0.0054 0.0024 
    Largest link dim during sweep 32/87 was 53
    Largest truncation error: 7.59098e-07
    Energy after sweep 32/87 is -161.474923337887
    Sweep 32/87 CPU time = 49.16s (Wall time = 3.148s)

    vN Entropy at center bond b=150 = 0.966150230027
    Eigs at center bond b=150: 0.6882 0.1968 0.0721 0.0193 0.0123 0.0054 0.0024 
    Largest link dim during sweep 33/87 was 53
    Largest truncation error: 7.59298e-07
    Energy after sweep 33/87 is -161.474930982225
    Sweep 33/87 CPU time = 49.35s (Wall time = 3.165s)

    vN Entropy at center bond b=150 = 0.968626122705
    Eigs at center bond b=150: 0.6871 0.1972 0.0726 0.0195 0.0123 0.0054 0.0025 
    Largest link dim during sweep 34/87 was 53
    Largest truncation error: 7.59492e-07
    Energy after sweep 34/87 is -161.474945996537
    Sweep 34/87 CPU time = 49.87s (Wall time = 3.200s)

    vN Entropy at center bond b=150 = 0.970859909638
    Eigs at center bond b=150: 0.6861 0.1976 0.0729 0.0197 0.0124 0.0054 0.0025 
    Largest link dim during sweep 35/87 was 53
    Largest truncation error: 7.59671e-07
    Energy after sweep 35/87 is -161.474956362336
    Sweep 35/87 CPU time = 50.06s (Wall time = 3.206s)

    vN Entropy at center bond b=150 = 0.972587732692
    Eigs at center bond b=150: 0.6854 0.1979 0.0732 0.0198 0.0124 0.0054 0.0025 
    Largest link dim during sweep 36/87 was 53
    Largest truncation error: 7.59823e-07
    Energy after sweep 36/87 is -161.474963621434
    Sweep 36/87 CPU time = 49.98s (Wall time = 3.204s)

    vN Entropy at center bond b=150 = 1.067249184035
    Eigs at center bond b=150: 0.6430 0.2168 0.0857 0.0275 0.0133 0.0054 0.0033 0.0013 0.0012 
    Largest link dim during sweep 37/87 was 129
    Largest truncation error: 7.43701e-09
    Energy after sweep 37/87 is -161.477413331251
    Sweep 37/87 CPU time = 2m, 57.4s (Wall time = 11.43s)

    vN Entropy at center bond b=150 = 1.260791170968
    Eigs at center bond b=150: 0.5108 0.3153 0.0863 0.0527 0.0129 0.0077 0.0039 0.0024 0.0021 0.0012 
    Largest link dim during sweep 38/87 was 160
    Largest truncation error: 8.73457e-09
    Energy after sweep 38/87 is -161.478131891331
    Sweep 38/87 CPU time = 6m, 29.1s (Wall time = 25.86s)

    vN Entropy at center bond b=150 = 1.308795800915
    Eigs at center bond b=150: 0.4504 0.3684 0.0782 0.0648 0.0121 0.0096 0.0033 0.0031 0.0023 0.0020 
    Largest link dim during sweep 39/87 was 160
    Largest truncation error: 1.595e-08
    Energy after sweep 39/87 is -161.478207686650
    Sweep 39/87 CPU time = 8m, 1.6s (Wall time = 32.58s)

    vN Entropy at center bond b=150 = 1.311606122726
    Eigs at center bond b=150: 0.4480 0.3702 0.0778 0.0653 0.0121 0.0097 0.0032 0.0032 0.0024 0.0021 
    Largest link dim during sweep 40/87 was 160
    Largest truncation error: 1.98715e-08
    Energy after sweep 40/87 is -161.478210432004
    Sweep 40/87 CPU time = 7m, 43.8s (Wall time = 30.89s)

    vN Entropy at center bond b=150 = 1.311979238152
    Eigs at center bond b=150: 0.4479 0.3703 0.0778 0.0653 0.0121 0.0097 0.0032 0.0032 0.0024 0.0021 
    Largest link dim during sweep 41/87 was 160
    Largest truncation error: 2.06897e-08
    Energy after sweep 41/87 is -161.478210629048
    Sweep 41/87 CPU time = 7m, 36.8s (Wall time = 30.41s)

    vN Entropy at center bond b=150 = 1.312066323912
    Eigs at center bond b=150: 0.4479 0.3703 0.0778 0.0654 0.0121 0.0097 0.0032 0.0032 0.0024 0.0021 
    Largest link dim during sweep 42/87 was 160
    Largest truncation error: 2.09661e-08
    Energy after sweep 42/87 is -161.478210647289
    Sweep 42/87 CPU time = 7m, 27.0s (Wall time = 29.02s)

    vN Entropy at center bond b=150 = 1.312092413134
    Eigs at center bond b=150: 0.4479 0.3703 0.0778 0.0654 0.0121 0.0097 0.0032 0.0032 0.0024 0.0021 
    Largest link dim during sweep 43/87 was 160
    Largest truncation error: 2.10678e-08
    Energy after sweep 43/87 is -161.478210657260
    Sweep 43/87 CPU time = 7m, 35.7s (Wall time = 30.05s)

    vN Entropy at center bond b=150 = 1.312101336105
    Eigs at center bond b=150: 0.4479 0.3703 0.0778 0.0654 0.0121 0.0097 0.0032 0.0032 0.0024 0.0021 
    Largest link dim during sweep 44/87 was 160
    Largest truncation error: 2.11082e-08
    Energy after sweep 44/87 is -161.478210658069
    Sweep 44/87 CPU time = 7m, 36.8s (Wall time = 30.14s)

    vN Entropy at center bond b=150 = 1.312104620116
    Eigs at center bond b=150: 0.4479 0.3703 0.0778 0.0654 0.0121 0.0097 0.0032 0.0032 0.0024 0.0021 
    Largest link dim during sweep 45/87 was 160
    Largest truncation error: 2.11252e-08
    Energy after sweep 45/87 is -161.478210656911
    Sweep 45/87 CPU time = 7m, 54.3s (Wall time = 32.03s)

    vN Entropy at center bond b=150 = 1.312105910449
    Eigs at center bond b=150: 0.4479 0.3703 0.0778 0.0654 0.0121 0.0097 0.0032 0.0032 0.0024 0.0021 
    Largest link dim during sweep 46/87 was 160
    Largest truncation error: 2.11326e-08
    Energy after sweep 46/87 is -161.478210656458
    Sweep 46/87 CPU time = 7m, 56.7s (Wall time = 32.24s)

    vN Entropy at center bond b=150 = 1.312106481132
    Eigs at center bond b=150: 0.4479 0.3703 0.0778 0.0654 0.0121 0.0097 0.0032 0.0032 0.0024 0.0021 
    Largest link dim during sweep 47/87 was 160
    Largest truncation error: 2.1136e-08
    Energy after sweep 47/87 is -161.478210656227
    Sweep 47/87 CPU time = 7m, 45.4s (Wall time = 30.91s)

    vN Entropy at center bond b=150 = 1.312106811159
    Eigs at center bond b=150: 0.4479 0.3703 0.0778 0.0654 0.0121 0.0097 0.0032 0.0032 0.0024 0.0021 
    Largest link dim during sweep 48/87 was 160
    Largest truncation error: 2.11377e-08
    Energy after sweep 48/87 is -161.478210656131
    Sweep 48/87 CPU time = 7m, 56.3s (Wall time = 32.24s)

    vN Entropy at center bond b=150 = 1.312107075776
    Eigs at center bond b=150: 0.4479 0.3703 0.0778 0.0654 0.0121 0.0097 0.0032 0.0032 0.0024 0.0021 
    Largest link dim during sweep 49/87 was 160
    Largest truncation error: 2.11388e-08
    Energy after sweep 49/87 is -161.478210656398
    Sweep 49/87 CPU time = 7m, 46.6s (Wall time = 31.06s)

    vN Entropy at center bond b=150 = 1.312107274937
    Eigs at center bond b=150: 0.4479 0.3703 0.0778 0.0654 0.0121 0.0097 0.0032 0.0032 0.0024 0.0021 
    Largest link dim during sweep 50/87 was 160
    Largest truncation error: 2.11395e-08
    Energy after sweep 50/87 is -161.478210656821
    Sweep 50/87 CPU time = 7m, 58.3s (Wall time = 32.44s)

    vN Entropy at center bond b=150 = 1.312107410453
    Eigs at center bond b=150: 0.4479 0.3703 0.0778 0.0654 0.0121 0.0097 0.0032 0.0032 0.0024 0.0021 
    Largest link dim during sweep 51/87 was 160
    Largest truncation error: 2.11399e-08
    Energy after sweep 51/87 is -161.478210657046
    Sweep 51/87 CPU time = 7m, 55.4s (Wall time = 32.18s)

    vN Entropy at center bond b=150 = 1.312107504639
    Eigs at center bond b=150: 0.4479 0.3703 0.0778 0.0654 0.0121 0.0097 0.0032 0.0032 0.0024 0.0021 
    Largest link dim during sweep 52/87 was 160
    Largest truncation error: 2.11403e-08
    Energy after sweep 52/87 is -161.478210657130
    Sweep 52/87 CPU time = 7m, 53.9s (Wall time = 31.97s)

    vN Entropy at center bond b=150 = 1.312107573205
    Eigs at center bond b=150: 0.4479 0.3703 0.0778 0.0654 0.0121 0.0097 0.0032 0.0032 0.0024 0.0021 
    Largest link dim during sweep 53/87 was 160
    Largest truncation error: 2.11405e-08
    Energy after sweep 53/87 is -161.478210657152
    Sweep 53/87 CPU time = 7m, 59.7s (Wall time = 32.55s)

    vN Entropy at center bond b=150 = 1.312107625662
    Eigs at center bond b=150: 0.4479 0.3703 0.0778 0.0654 0.0121 0.0097 0.0032 0.0032 0.0024 0.0021 
    Largest link dim during sweep 54/87 was 160
    Largest truncation error: 2.11406e-08
    Energy after sweep 54/87 is -161.478210657147
    Sweep 54/87 CPU time = 7m, 56.2s (Wall time = 32.27s)

    vN Entropy at center bond b=150 = 1.312107668032
    Eigs at center bond b=150: 0.4479 0.3703 0.0778 0.0654 0.0121 0.0097 0.0032 0.0032 0.0024 0.0021 
    Largest link dim during sweep 55/87 was 160
    Largest truncation error: 2.11407e-08
    Energy after sweep 55/87 is -161.478210657129
    Sweep 55/87 CPU time = 7m, 53.6s (Wall time = 32.13s)

    vN Entropy at center bond b=150 = 1.312107704155
    Eigs at center bond b=150: 0.4479 0.3703 0.0778 0.0654 0.0121 0.0097 0.0032 0.0032 0.0024 0.0021 
    Largest link dim during sweep 56/87 was 160
    Largest truncation error: 2.11408e-08
    Energy after sweep 56/87 is -161.478210657116
    Sweep 56/87 CPU time = 7m, 59.5s (Wall time = 32.50s)

    vN Entropy at center bond b=150 = 1.312107736443
    Eigs at center bond b=150: 0.4479 0.3703 0.0778 0.0654 0.0121 0.0097 0.0032 0.0032 0.0024 0.0021 
    Largest link dim during sweep 57/87 was 160
    Largest truncation error: 2.11408e-08
    Energy after sweep 57/87 is -161.478210657095
    Sweep 57/87 CPU time = 7m, 53.3s (Wall time = 32.05s)

    vN Entropy at center bond b=150 = 1.312107766427
    Eigs at center bond b=150: 0.4479 0.3703 0.0778 0.0654 0.0121 0.0097 0.0032 0.0032 0.0024 0.0021 
    Largest link dim during sweep 58/87 was 160
    Largest truncation error: 2.11409e-08
    Energy after sweep 58/87 is -161.478210657075
    Sweep 58/87 CPU time = 7m, 48.3s (Wall time = 31.67s)

    vN Entropy at center bond b=150 = 1.314372552665
    Eigs at center bond b=150: 0.4476 0.3701 0.0778 0.0654 0.0121 0.0098 0.0032 0.0032 0.0024 0.0022 
    Largest link dim during sweep 59/87 was 320
    Largest truncation error: 2.93003e-10
    Energy after sweep 59/87 is -161.478242823892
    Sweep 59/87 CPU time = 27m, 19s (Wall time = 1m, 50.3s)

    vN Entropy at center bond b=150 = 1.315257449598
    Eigs at center bond b=150: 0.4475 0.3701 0.0779 0.0654 0.0122 0.0098 0.0032 0.0032 0.0025 0.0022 
    Largest link dim during sweep 60/87 was 320
    Largest truncation error: 5.47431e-10
    Energy after sweep 60/87 is -161.478243205879
    Sweep 60/87 CPU time = 37m, 31s (Wall time = 2m, 27.4s)

    vN Entropy at center bond b=150 = 1.315321057286
    Eigs at center bond b=150: 0.4475 0.3701 0.0779 0.0654 0.0122 0.0098 0.0032 0.0032 0.0025 0.0022 
    Largest link dim during sweep 61/87 was 320
    Largest truncation error: 5.69034e-10
    Energy after sweep 61/87 is -161.478243218948
    Sweep 61/87 CPU time = 37m, 55s (Wall time = 2m, 31.0s)

    vN Entropy at center bond b=150 = 1.315329655290
    Eigs at center bond b=150: 0.4475 0.3701 0.0779 0.0654 0.0122 0.0098 0.0032 0.0032 0.0025 0.0022 
    Largest link dim during sweep 62/87 was 320
    Largest truncation error: 5.75276e-10
    Energy after sweep 62/87 is -161.478243219507
    Sweep 62/87 CPU time = 36m, 52s (Wall time = 2m, 25.2s)

    vN Entropy at center bond b=150 = 1.315331588530
    Eigs at center bond b=150: 0.4475 0.3701 0.0779 0.0654 0.0122 0.0098 0.0032 0.0032 0.0025 0.0022 
    Largest link dim during sweep 63/87 was 320
    Largest truncation error: 5.78267e-10
    Energy after sweep 63/87 is -161.478243219236
    Sweep 63/87 CPU time = 37m, 40s (Wall time = 2m, 30.4s)

    vN Entropy at center bond b=150 = 1.315332124562
    Eigs at center bond b=150: 0.4475 0.3701 0.0779 0.0654 0.0122 0.0098 0.0032 0.0032 0.0025 0.0022 
    Largest link dim during sweep 64/87 was 320
    Largest truncation error: 5.79805e-10
    Energy after sweep 64/87 is -161.478243219165
    Sweep 64/87 CPU time = 37m, 44s (Wall time = 2m, 30.6s)

    vN Entropy at center bond b=150 = 1.315332299557
    Eigs at center bond b=150: 0.4475 0.3701 0.0779 0.0654 0.0122 0.0098 0.0032 0.0032 0.0025 0.0022 
    Largest link dim during sweep 65/87 was 320
    Largest truncation error: 5.80482e-10
    Energy after sweep 65/87 is -161.478243219116
    Sweep 65/87 CPU time = 37m, 40s (Wall time = 2m, 30.4s)

    vN Entropy at center bond b=150 = 1.315332365072
    Eigs at center bond b=150: 0.4475 0.3701 0.0779 0.0654 0.0122 0.0098 0.0032 0.0032 0.0025 0.0022 
    Largest link dim during sweep 66/87 was 320
    Largest truncation error: 5.80809e-10
    Energy after sweep 66/87 is -161.478243219152
    Sweep 66/87 CPU time = 37m, 31s (Wall time = 2m, 29.9s)

    vN Entropy at center bond b=150 = 1.315332391813
    Eigs at center bond b=150: 0.4475 0.3701 0.0779 0.0654 0.0122 0.0098 0.0032 0.0032 0.0025 0.0022 
    Largest link dim during sweep 67/87 was 320
    Largest truncation error: 5.80986e-10
    Energy after sweep 67/87 is -161.478243219138
    Sweep 67/87 CPU time = 37m, 7s (Wall time = 2m, 27.6s)

    vN Entropy at center bond b=150 = 1.315332402410
    Eigs at center bond b=150: 0.4475 0.3701 0.0779 0.0654 0.0122 0.0098 0.0032 0.0032 0.0025 0.0022 
    Largest link dim during sweep 68/87 was 320
    Largest truncation error: 5.81096e-10
    Energy after sweep 68/87 is -161.478243219136
    Sweep 68/87 CPU time = 37m, 34s (Wall time = 2m, 29.9s)

    vN Entropy at center bond b=150 = 1.315332407806
    Eigs at center bond b=150: 0.4475 0.3701 0.0779 0.0654 0.0122 0.0098 0.0032 0.0032 0.0025 0.0022 
    Largest link dim during sweep 69/87 was 320
    Largest truncation error: 5.81174e-10
    Energy after sweep 69/87 is -161.478243219139
    Sweep 69/87 CPU time = 37m, 32s (Wall time = 2m, 29.9s)

    vN Entropy at center bond b=150 = 1.315332411639
    Eigs at center bond b=150: 0.4475 0.3701 0.0779 0.0654 0.0122 0.0098 0.0032 0.0032 0.0025 0.0022 
    Largest link dim during sweep 70/87 was 320
    Largest truncation error: 5.81234e-10
    Energy after sweep 70/87 is -161.478243219137
    Sweep 70/87 CPU time = 37m, 34s (Wall time = 2m, 30.1s)

    vN Entropy at center bond b=150 = 1.315332414716
    Eigs at center bond b=150: 0.4475 0.3701 0.0779 0.0654 0.0122 0.0098 0.0032 0.0032 0.0025 0.0022 
    Largest link dim during sweep 71/87 was 320
    Largest truncation error: 5.81282e-10
    Energy after sweep 71/87 is -161.478243219138
    Sweep 71/87 CPU time = 37m, 40s (Wall time = 2m, 30.4s)

    vN Entropy at center bond b=150 = 1.315332416992
    Eigs at center bond b=150: 0.4475 0.3701 0.0779 0.0654 0.0122 0.0098 0.0032 0.0032 0.0025 0.0022 
    Largest link dim during sweep 72/87 was 320
    Largest truncation error: 5.81321e-10
    Energy after sweep 72/87 is -161.478243219138
    Sweep 72/87 CPU time = 37m, 39s (Wall time = 2m, 30.4s)

    vN Entropy at center bond b=150 = 1.315332418557
    Eigs at center bond b=150: 0.4475 0.3701 0.0779 0.0654 0.0122 0.0098 0.0032 0.0032 0.0025 0.0022 
    Largest link dim during sweep 73/87 was 320
    Largest truncation error: 5.81353e-10
    Energy after sweep 73/87 is -161.478243219140
    Sweep 73/87 CPU time = 36m, 54s (Wall time = 2m, 25.9s)

    vN Entropy at center bond b=150 = 1.315332419734
    Eigs at center bond b=150: 0.4475 0.3701 0.0779 0.0654 0.0122 0.0098 0.0032 0.0032 0.0025 0.0022 
    Largest link dim during sweep 74/87 was 320
    Largest truncation error: 5.81378e-10
    Energy after sweep 74/87 is -161.478243219138
    Sweep 74/87 CPU time = 37m, 37s (Wall time = 2m, 30.1s)

    vN Entropy at center bond b=150 = 1.315401411146
    Eigs at center bond b=150: 0.4475 0.3701 0.0779 0.0654 0.0122 0.0098 0.0032 0.0032 0.0025 0.0022 
    Largest link dim during sweep 75/87 was 640
    Largest truncation error: 5.91967e-12
    Energy after sweep 75/87 is -161.478243949529
    Sweep 75/87 CPU time = 1h, 43m, 16s (Wall time = 6m, 52.2s)

    vN Entropy at center bond b=150 = 1.315445345173
    Eigs at center bond b=150: 0.4474 0.3701 0.0779 0.0654 0.0122 0.0098 0.0032 0.0032 0.0025 0.0022 
    Largest link dim during sweep 76/87 was 640
    Largest truncation error: 8.55015e-12
    Energy after sweep 76/87 is -161.478243957711
    Sweep 76/87 CPU time = 2h, 11m, 19s (Wall time = 8m, 39.7s)

    vN Entropy at center bond b=150 = 1.315451572117
    Eigs at center bond b=150: 0.4474 0.3701 0.0779 0.0654 0.0122 0.0098 0.0032 0.0032 0.0025 0.0022 
    Largest link dim during sweep 77/87 was 640
    Largest truncation error: 8.51865e-12
    Energy after sweep 77/87 is -161.478243958498
    Sweep 77/87 CPU time = 2h, 9m, 25s (Wall time = 8m, 35.0s)

    vN Entropy at center bond b=150 = 1.315452860821
    Eigs at center bond b=150: 0.4474 0.3701 0.0779 0.0654 0.0122 0.0098 0.0032 0.0032 0.0025 0.0022 
    Largest link dim during sweep 78/87 was 640
    Largest truncation error: 8.64873e-12
    Energy after sweep 78/87 is -161.478243958601
    Sweep 78/87 CPU time = 2h, 8m, 60s (Wall time = 8m, 34.0s)

    vN Entropy at center bond b=150 = 1.315453188379
    Eigs at center bond b=150: 0.4474 0.3701 0.0779 0.0654 0.0122 0.0098 0.0032 0.0032 0.0025 0.0022 
    Largest link dim during sweep 79/87 was 640
    Largest truncation error: 8.73976e-12
    Energy after sweep 79/87 is -161.478243958612
    Sweep 79/87 CPU time = 2h, 8m, 37s (Wall time = 8m, 32.9s)

    vN Entropy at center bond b=150 = 1.315453285952
    Eigs at center bond b=150: 0.4474 0.3701 0.0779 0.0654 0.0122 0.0098 0.0032 0.0032 0.0025 0.0022 
    Largest link dim during sweep 80/87 was 640
    Largest truncation error: 8.78583e-12
    Energy after sweep 80/87 is -161.478243958612
    Sweep 80/87 CPU time = 2h, 8m, 5s (Wall time = 8m, 31.3s)

    vN Entropy at center bond b=150 = 1.315453319887
    Eigs at center bond b=150: 0.4474 0.3701 0.0779 0.0654 0.0122 0.0098 0.0032 0.0032 0.0025 0.0022 
    Largest link dim during sweep 81/87 was 640
    Largest truncation error: 8.80875e-12
    Energy after sweep 81/87 is -161.478243958609
    Sweep 81/87 CPU time = 2h, 7m, 52s (Wall time = 8m, 30.8s)

    vN Entropy at center bond b=150 = 1.315453333205
    Eigs at center bond b=150: 0.4474 0.3701 0.0779 0.0654 0.0122 0.0098 0.0032 0.0032 0.0025 0.0022 
    Largest link dim during sweep 82/87 was 640
    Largest truncation error: 8.82026e-12
    Energy after sweep 82/87 is -161.478243958608
    Sweep 82/87 CPU time = 2h, 7m, 41s (Wall time = 8m, 29.4s)

    vN Entropy at center bond b=150 = 1.315454628191
    Eigs at center bond b=150: 0.4474 0.3701 0.0779 0.0654 0.0122 0.0098 0.0032 0.0032 0.0025 0.0022 
    Largest link dim during sweep 83/87 was 913
    Largest truncation error: 7.40037e-13
    Energy after sweep 83/87 is -161.478243966319
    Sweep 83/87 CPU time = 3h, 6m, 19s (Wall time = 12m, 51s)

    vN Entropy at center bond b=150 = 1.315455737749
    Eigs at center bond b=150: 0.4474 0.3701 0.0779 0.0654 0.0122 0.0098 0.0032 0.0032 0.0025 0.0022 
    Largest link dim during sweep 84/87 was 1280
    Largest truncation error: 6.48593e-14
    Energy after sweep 84/87 is -161.478243969291
    Sweep 84/87 CPU time = 6h, 34m, 44s (Wall time = 28m, 21s)

    vN Entropy at center bond b=150 = 1.315456010953
    Eigs at center bond b=150: 0.4474 0.3701 0.0779 0.0654 0.0122 0.0098 0.0032 0.0032 0.0025 0.0022 
    Largest link dim during sweep 85/87 was 1280
    Largest truncation error: 6.38957e-14
    Energy after sweep 85/87 is -161.478243969324
    Sweep 85/87 CPU time = 8h, 10m, 58s (Wall time = 35m, 17s)

    vN Entropy at center bond b=150 = 1.315456046720
    Eigs at center bond b=150: 0.4474 0.3701 0.0779 0.0654 0.0122 0.0098 0.0032 0.0032 0.0025 0.0022 
    Largest link dim during sweep 86/87 was 1280
    Largest truncation error: 6.14067e-14
    Energy after sweep 86/87 is -161.478243969327
    Sweep 86/87 CPU time = 8h, 6m, 40s (Wall time = 34m, 28s)

    vN Entropy at center bond b=150 = 1.315456052798
    Eigs at center bond b=150: 0.4474 0.3701 0.0779 0.0654 0.0122 0.0098 0.0032 0.0032 0.0025 0.0022 
    Largest link dim during sweep 87/87 was 1280
    Largest truncation error: 6.17584e-14
    Energy after sweep 87/87 is -161.478243969323
    Sweep 87/87 CPU time = 8h, 8m, 1s (Wall time = 34m, 8s)
Initial energy = 3.00000

Ground State Energy = -161.4782439693
run_outputs/outputpsi/N_300_sweep_87_t_0.030000_J_1.000000_V_0.600000_D_0.018000_U_0.900000_mu_0.020000_E_0.005000 converge
Wall-clock time (s) = 107662.937090
