//////////////////////////
Reading input file ......

Got input.N = 303
Got input.t = 0.03
Got input.J = 1
Got input.V = 0.6
Got input.D = 0.018
Got input.U = 0
Got input.mu = 0.02
Got input.E = 0
Got input.nsweeps = 87
Sweeps:
1  MaxDim=20, MinDim=20, Cutoff=1.0E-06, Niter=8, Noise=1.0E-05
2  MaxDim=20, MinDim=20, Cutoff=1.0E-06, Niter=8, Noise=1.0E-05
3  MaxDim=20, MinDim=20, Cutoff=1.0E-06, Niter=8, Noise=1.0E-05
4  MaxDim=20, MinDim=20, Cutoff=1.0E-06, Niter=8, Noise=1.0E-05
5  MaxDim=20, MinDim=20, Cutoff=1.0E-06, Niter=8, Noise=1.0E-05
6  MaxDim=20, MinDim=20, Cutoff=1.0E-06, Niter=8, Noise=1.0E-05
7  MaxDim=20, MinDim=20, Cutoff=1.0E-06, Niter=8, Noise=1.0E-05
8  MaxDim=40, MinDim=20, Cutoff=1.0E-06, Niter=4, Noise=1.0E-05
9  MaxDim=40, MinDim=20, Cutoff=1.0E-06, Niter=4, Noise=1.0E-05
10  MaxDim=40, MinDim=20, Cutoff=1.0E-06, Niter=4, Noise=1.0E-05
11  MaxDim=40, MinDim=20, Cutoff=1.0E-06, Niter=4, Noise=1.0E-05
12  MaxDim=40, MinDim=20, Cutoff=1.0E-06, Niter=4, Noise=1.0E-05
13  MaxDim=40, MinDim=20, Cutoff=1.0E-06, Niter=4, Noise=1.0E-05
14  MaxDim=40, MinDim=20, Cutoff=1.0E-06, Niter=4, Noise=1.0E-05
15  MaxDim=80, MinDim=10, Cutoff=1.0E-06, Niter=4, Noise=1.0E-05
16  MaxDim=80, MinDim=10, Cutoff=1.0E-06, Niter=4, Noise=1.0E-05
17  MaxDim=80, MinDim=10, Cutoff=1.0E-06, Niter=4, Noise=1.0E-05
18  MaxDim=80, MinDim=10, Cutoff=1.0E-06, Niter=4, Noise=1.0E-05
19  MaxDim=80, MinDim=10, Cutoff=1.0E-06, Niter=4, Noise=1.0E-05
20  MaxDim=80, MinDim=10, Cutoff=1.0E-06, Niter=4, Noise=1.0E-05
21  MaxDim=80, MinDim=10, Cutoff=1.0E-06, Niter=4, Noise=1.0E-05
22  MaxDim=80, MinDim=10, Cutoff=1.0E-06, Niter=4, Noise=1.0E-05
23  MaxDim=80, MinDim=10, Cutoff=1.0E-06, Niter=4, Noise=1.0E-05
24  MaxDim=80, MinDim=10, Cutoff=1.0E-06, Niter=4, Noise=1.0E-05
25  MaxDim=80, MinDim=10, Cutoff=1.0E-06, Niter=4, Noise=1.0E-05
26  MaxDim=80, MinDim=10, Cutoff=1.0E-06, Niter=4, Noise=1.0E-05
27  MaxDim=80, MinDim=10, Cutoff=1.0E-06, Niter=4, Noise=1.0E-05
28  MaxDim=80, MinDim=10, Cutoff=1.0E-06, Niter=4, Noise=1.0E-05
29  MaxDim=80, MinDim=10, Cutoff=1.0E-06, Niter=4, Noise=1.0E-05
30  MaxDim=80, MinDim=10, Cutoff=1.0E-06, Niter=4, Noise=1.0E-05
31  MaxDim=80, MinDim=10, Cutoff=1.0E-06, Niter=4, Noise=1.0E-05
32  MaxDim=80, MinDim=10, Cutoff=1.0E-06, Niter=4, Noise=1.0E-05
33  MaxDim=80, MinDim=10, Cutoff=1.0E-06, Niter=4, Noise=1.0E-05
34  MaxDim=80, MinDim=10, Cutoff=1.0E-06, Niter=4, Noise=1.0E-05
35  MaxDim=80, MinDim=10, Cutoff=1.0E-06, Niter=4, Noise=1.0E-05
36  MaxDim=80, MinDim=10, Cutoff=1.0E-06, Niter=4, Noise=1.0E-05
37  MaxDim=160, MinDim=10, Cutoff=1.0E-08, Niter=4, Noise=1.0E-06
38  MaxDim=160, MinDim=10, Cutoff=1.0E-08, Niter=4, Noise=1.0E-06
39  MaxDim=160, MinDim=10, Cutoff=1.0E-08, Niter=4, Noise=1.0E-06
40  MaxDim=160, MinDim=10, Cutoff=1.0E-08, Niter=4, Noise=1.0E-06
41  MaxDim=160, MinDim=10, Cutoff=1.0E-08, Niter=4, Noise=1.0E-06
42  MaxDim=160, MinDim=10, Cutoff=1.0E-08, Niter=4, Noise=1.0E-06
43  MaxDim=160, MinDim=10, Cutoff=1.0E-08, Niter=4, Noise=1.0E-06
44  MaxDim=160, MinDim=10, Cutoff=1.0E-08, Niter=4, Noise=1.0E-06
45  MaxDim=160, MinDim=10, Cutoff=1.0E-08, Niter=4, Noise=1.0E-06
46  MaxDim=160, MinDim=10, Cutoff=1.0E-08, Niter=4, Noise=1.0E-06
47  MaxDim=160, MinDim=10, Cutoff=1.0E-08, Niter=4, Noise=1.0E-06
48  MaxDim=160, MinDim=10, Cutoff=1.0E-08, Niter=4, Noise=1.0E-06
49  MaxDim=160, MinDim=10, Cutoff=1.0E-08, Niter=4, Noise=1.0E-06
50  MaxDim=160, MinDim=10, Cutoff=1.0E-08, Niter=4, Noise=1.0E-06
51  MaxDim=160, MinDim=10, Cutoff=1.0E-08, Niter=4, Noise=1.0E-06
52  MaxDim=160, MinDim=10, Cutoff=1.0E-08, Niter=4, Noise=1.0E-06
53  MaxDim=160, MinDim=10, Cutoff=1.0E-08, Niter=4, Noise=1.0E-06
54  MaxDim=160, MinDim=10, Cutoff=1.0E-08, Niter=4, Noise=1.0E-06
55  MaxDim=160, MinDim=10, Cutoff=1.0E-08, Niter=4, Noise=1.0E-06
56  MaxDim=160, MinDim=10, Cutoff=1.0E-08, Niter=4, Noise=1.0E-06
57  MaxDim=160, MinDim=10, Cutoff=1.0E-08, Niter=4, Noise=1.0E-06
58  MaxDim=160, MinDim=10, Cutoff=1.0E-08, Niter=4, Noise=1.0E-06
59  MaxDim=320, MinDim=10, Cutoff=1.0E-10, Niter=4, Noise=1.0E-07
60  MaxDim=320, MinDim=10, Cutoff=1.0E-10, Niter=4, Noise=1.0E-07
61  MaxDim=320, MinDim=10, Cutoff=1.0E-10, Niter=4, Noise=1.0E-07
62  MaxDim=320, MinDim=10, Cutoff=1.0E-10, Niter=4, Noise=1.0E-07
63  MaxDim=320, MinDim=10, Cutoff=1.0E-10, Niter=4, Noise=1.0E-07
64  MaxDim=320, MinDim=10, Cutoff=1.0E-10, Niter=4, Noise=1.0E-07
65  MaxDim=320, MinDim=10, Cutoff=1.0E-10, Niter=4, Noise=1.0E-07
66  MaxDim=320, MinDim=10, Cutoff=1.0E-10, Niter=4, Noise=1.0E-07
67  MaxDim=320, MinDim=10, Cutoff=1.0E-10, Niter=4, Noise=1.0E-07
68  MaxDim=320, MinDim=10, Cutoff=1.0E-10, Niter=4, Noise=1.0E-07
69  MaxDim=320, MinDim=10, Cutoff=1.0E-10, Niter=4, Noise=1.0E-07
70  MaxDim=320, MinDim=10, Cutoff=1.0E-10, Niter=4, Noise=1.0E-07
71  MaxDim=320, MinDim=10, Cutoff=1.0E-10, Niter=4, Noise=1.0E-07
72  MaxDim=320, MinDim=10, Cutoff=1.0E-10, Niter=4, Noise=1.0E-07
73  MaxDim=320, MinDim=10, Cutoff=1.0E-10, Niter=4, Noise=1.0E-07
74  MaxDim=320, MinDim=10, Cutoff=1.0E-10, Niter=4, Noise=1.0E-07
75  MaxDim=640, MinDim=10, Cutoff=1.0E-12, Niter=2, Noise=1.0E-08
76  MaxDim=640, MinDim=10, Cutoff=1.0E-12, Niter=2, Noise=1.0E-08
77  MaxDim=640, MinDim=10, Cutoff=1.0E-12, Niter=2, Noise=1.0E-08
78  MaxDim=640, MinDim=10, Cutoff=1.0E-12, Niter=2, Noise=1.0E-08
79  MaxDim=640, MinDim=10, Cutoff=1.0E-12, Niter=2, Noise=1.0E-08
80  MaxDim=640, MinDim=10, Cutoff=1.0E-12, Niter=2, Noise=1.0E-08
81  MaxDim=640, MinDim=10, Cutoff=1.0E-12, Niter=2, Noise=1.0E-08
82  MaxDim=640, MinDim=10, Cutoff=1.0E-12, Niter=2, Noise=1.0E-08
83  MaxDim=1280, MinDim=10, Cutoff=1.0E-12, Niter=2, Noise=0.0E+00
84  MaxDim=1280, MinDim=10, Cutoff=1.0E-14, Niter=2, Noise=0.0E+00
85  MaxDim=1280, MinDim=10, Cutoff=1.0E-14, Niter=2, Noise=0.0E+00
86  MaxDim=1280, MinDim=10, Cutoff=1.0E-14, Niter=2, Noise=0.0E+00
87  MaxDim=1280, MinDim=10, Cutoff=1.0E-14, Niter=2, Noise=0.0E+00


    vN Entropy at center bond b=151 = 0.657884007346
    Eigs at center bond b=151: 0.8015 0.1368 0.0509 0.0087 0.0015 
    Largest link dim during sweep 1/87 was 20
    Largest truncation error: 1.47408e-05
    Energy after sweep 1/87 is -197.925336271077
    Sweep 1/87 CPU time = 11.97s (Wall time = 1.084s)

    vN Entropy at center bond b=151 = 0.625843767119
    Eigs at center bond b=151: 0.8202 0.1152 0.0544 0.0076 0.0016 
    Largest link dim during sweep 2/87 was 20
    Largest truncation error: 6.56909e-07
    Energy after sweep 2/87 is -197.949525860446
    Sweep 2/87 CPU time = 22.94s (Wall time = 1.467s)

    vN Entropy at center bond b=151 = 0.625859130978
    Eigs at center bond b=151: 0.8202 0.1152 0.0544 0.0076 0.0016 
    Largest link dim during sweep 3/87 was 20
    Largest truncation error: 7.72157e-07
    Energy after sweep 3/87 is -197.949517589281
    Sweep 3/87 CPU time = 22.95s (Wall time = 1.468s)

    vN Entropy at center bond b=151 = 0.625865829850
    Eigs at center bond b=151: 0.8202 0.1152 0.0544 0.0076 0.0016 
    Largest link dim during sweep 4/87 was 20
    Largest truncation error: 7.77511e-07
    Energy after sweep 4/87 is -197.949515303473
    Sweep 4/87 CPU time = 22.74s (Wall time = 1.461s)

    vN Entropy at center bond b=151 = 0.625867040913
    Eigs at center bond b=151: 0.8202 0.1152 0.0544 0.0076 0.0016 
    Largest link dim during sweep 5/87 was 20
    Largest truncation error: 7.50289e-07
    Energy after sweep 5/87 is -197.949513586739
    Sweep 5/87 CPU time = 22.74s (Wall time = 1.454s)

    vN Entropy at center bond b=151 = 0.625867348514
    Eigs at center bond b=151: 0.8202 0.1152 0.0544 0.0076 0.0016 
    Largest link dim during sweep 6/87 was 20
    Largest truncation error: 7.48802e-07
    Energy after sweep 6/87 is -197.949512246862
    Sweep 6/87 CPU time = 22.78s (Wall time = 1.461s)

    vN Entropy at center bond b=151 = 0.625867436127
    Eigs at center bond b=151: 0.8202 0.1152 0.0544 0.0076 0.0016 
    Largest link dim during sweep 7/87 was 20
    Largest truncation error: 7.48679e-07
    Energy after sweep 7/87 is -197.949511344150
    Sweep 7/87 CPU time = 22.81s (Wall time = 1.461s)

    vN Entropy at center bond b=151 = 0.625842086218
    Eigs at center bond b=151: 0.8202 0.1152 0.0544 0.0076 0.0016 
    Largest link dim during sweep 8/87 was 20
    Largest truncation error: 7.11925e-07
    Energy after sweep 8/87 is -197.949513980878
    Sweep 8/87 CPU time = 12.10s (Wall time = 0.773s)

    vN Entropy at center bond b=151 = 0.625840398190
    Eigs at center bond b=151: 0.8202 0.1152 0.0544 0.0076 0.0016 
    Largest link dim during sweep 9/87 was 20
    Largest truncation error: 7.07952e-07
    Energy after sweep 9/87 is -197.949513770611
    Sweep 9/87 CPU time = 12.17s (Wall time = 0.780s)

    vN Entropy at center bond b=151 = 0.625839316299
    Eigs at center bond b=151: 0.8202 0.1152 0.0544 0.0076 0.0016 
    Largest link dim during sweep 10/87 was 20
    Largest truncation error: 7.069e-07
    Energy after sweep 10/87 is -197.949513621696
    Sweep 10/87 CPU time = 12.09s (Wall time = 0.775s)

    vN Entropy at center bond b=151 = 0.625838780473
    Eigs at center bond b=151: 0.8202 0.1152 0.0544 0.0076 0.0016 
    Largest link dim during sweep 11/87 was 20
    Largest truncation error: 7.06483e-07
    Energy after sweep 11/87 is -197.949513542395
    Sweep 11/87 CPU time = 12.20s (Wall time = 0.777s)

    vN Entropy at center bond b=151 = 0.625838519554
    Eigs at center bond b=151: 0.8202 0.1152 0.0544 0.0076 0.0016 
    Largest link dim during sweep 12/87 was 20
    Largest truncation error: 7.06303e-07
    Energy after sweep 12/87 is -197.949513500485
    Sweep 12/87 CPU time = 12.10s (Wall time = 0.777s)

    vN Entropy at center bond b=151 = 0.625838390414
    Eigs at center bond b=151: 0.8202 0.1152 0.0544 0.0076 0.0016 
    Largest link dim during sweep 13/87 was 20
    Largest truncation error: 7.06222e-07
    Energy after sweep 13/87 is -197.949513478228
    Sweep 13/87 CPU time = 12.18s (Wall time = 0.778s)

    vN Entropy at center bond b=151 = 0.625838325527
    Eigs at center bond b=151: 0.8202 0.1152 0.0544 0.0076 0.0016 
    Largest link dim during sweep 14/87 was 20
    Largest truncation error: 7.06186e-07
    Energy after sweep 14/87 is -197.949513466269
    Sweep 14/87 CPU time = 12.13s (Wall time = 0.778s)

    vN Entropy at center bond b=151 = 0.625599445498
    Eigs at center bond b=151: 0.8203 0.1151 0.0544 0.0076 0.0016 
    Largest link dim during sweep 15/87 was 19
    Largest truncation error: 8.31697e-07
    Energy after sweep 15/87 is -197.949119814190
    Sweep 15/87 CPU time = 10.88s (Wall time = 0.699s)

    vN Entropy at center bond b=151 = 0.625370694840
    Eigs at center bond b=151: 0.8203 0.1151 0.0544 0.0076 0.0016 
    Largest link dim during sweep 16/87 was 19
    Largest truncation error: 8.11921e-07
    Energy after sweep 16/87 is -197.949096193534
    Sweep 16/87 CPU time = 10.55s (Wall time = 0.675s)

    vN Entropy at center bond b=151 = 0.625295325891
    Eigs at center bond b=151: 0.8203 0.1151 0.0544 0.0076 0.0016 
    Largest link dim during sweep 17/87 was 19
    Largest truncation error: 8.14155e-07
    Energy after sweep 17/87 is -197.949097636420
    Sweep 17/87 CPU time = 10.51s (Wall time = 0.673s)

    vN Entropy at center bond b=151 = 0.625267997594
    Eigs at center bond b=151: 0.8203 0.1151 0.0544 0.0076 0.0016 
    Largest link dim during sweep 18/87 was 19
    Largest truncation error: 8.07495e-07
    Energy after sweep 18/87 is -197.949098148848
    Sweep 18/87 CPU time = 10.51s (Wall time = 0.672s)

    vN Entropy at center bond b=151 = 0.625257786017
    Eigs at center bond b=151: 0.8203 0.1151 0.0544 0.0076 0.0016 
    Largest link dim during sweep 19/87 was 19
    Largest truncation error: 8.07259e-07
    Energy after sweep 19/87 is -197.949098718671
    Sweep 19/87 CPU time = 10.51s (Wall time = 0.671s)

    vN Entropy at center bond b=151 = 0.625253884102
    Eigs at center bond b=151: 0.8203 0.1151 0.0544 0.0076 0.0016 
    Largest link dim during sweep 20/87 was 19
    Largest truncation error: 8.07215e-07
    Energy after sweep 20/87 is -197.949098829908
    Sweep 20/87 CPU time = 10.51s (Wall time = 0.674s)

    vN Entropy at center bond b=151 = 0.625252358811
    Eigs at center bond b=151: 0.8203 0.1151 0.0544 0.0076 0.0016 
    Largest link dim during sweep 21/87 was 19
    Largest truncation error: 8.07203e-07
    Energy after sweep 21/87 is -197.949098867701
    Sweep 21/87 CPU time = 10.60s (Wall time = 0.675s)

    vN Entropy at center bond b=151 = 0.625251749196
    Eigs at center bond b=151: 0.8203 0.1151 0.0544 0.0076 0.0016 
    Largest link dim during sweep 22/87 was 19
    Largest truncation error: 8.072e-07
    Energy after sweep 22/87 is -197.949098883159
    Sweep 22/87 CPU time = 10.50s (Wall time = 0.672s)

    vN Entropy at center bond b=151 = 0.625251500534
    Eigs at center bond b=151: 0.8203 0.1151 0.0544 0.0076 0.0016 
    Largest link dim during sweep 23/87 was 19
    Largest truncation error: 8.072e-07
    Energy after sweep 23/87 is -197.949098890148
    Sweep 23/87 CPU time = 10.51s (Wall time = 0.671s)

    vN Entropy at center bond b=151 = 0.625251397278
    Eigs at center bond b=151: 0.8203 0.1151 0.0544 0.0076 0.0016 
    Largest link dim during sweep 24/87 was 19
    Largest truncation error: 8.07199e-07
    Energy after sweep 24/87 is -197.949098893613
    Sweep 24/87 CPU time = 10.49s (Wall time = 0.671s)

    vN Entropy at center bond b=151 = 0.625251353752
    Eigs at center bond b=151: 0.8203 0.1151 0.0544 0.0076 0.0016 
    Largest link dim during sweep 25/87 was 19
    Largest truncation error: 8.07199e-07
    Energy after sweep 25/87 is -197.949098895516
    Sweep 25/87 CPU time = 10.49s (Wall time = 0.672s)

    vN Entropy at center bond b=151 = 0.625251335178
    Eigs at center bond b=151: 0.8203 0.1151 0.0544 0.0076 0.0016 
    Largest link dim during sweep 26/87 was 19
    Largest truncation error: 8.07198e-07
    Energy after sweep 26/87 is -197.949098896686
    Sweep 26/87 CPU time = 10.49s (Wall time = 0.671s)

    vN Entropy at center bond b=151 = 0.625251327175
    Eigs at center bond b=151: 0.8203 0.1151 0.0544 0.0076 0.0016 
    Largest link dim during sweep 27/87 was 19
    Largest truncation error: 8.07197e-07
    Energy after sweep 27/87 is -197.949098897483
    Sweep 27/87 CPU time = 10.46s (Wall time = 0.672s)

    vN Entropy at center bond b=151 = 0.625251323701
    Eigs at center bond b=151: 0.8203 0.1151 0.0544 0.0076 0.0016 
    Largest link dim during sweep 28/87 was 19
    Largest truncation error: 8.07197e-07
    Energy after sweep 28/87 is -197.949098898071
    Sweep 28/87 CPU time = 10.56s (Wall time = 0.677s)

    vN Entropy at center bond b=151 = 0.625251322184
    Eigs at center bond b=151: 0.8203 0.1151 0.0544 0.0076 0.0016 
    Largest link dim during sweep 29/87 was 19
    Largest truncation error: 8.07196e-07
    Energy after sweep 29/87 is -197.949098898523
    Sweep 29/87 CPU time = 10.55s (Wall time = 0.674s)

    vN Entropy at center bond b=151 = 0.625251321519
    Eigs at center bond b=151: 0.8203 0.1151 0.0544 0.0076 0.0016 
    Largest link dim during sweep 30/87 was 19
    Largest truncation error: 8.07196e-07
    Energy after sweep 30/87 is -197.949098898891
    Sweep 30/87 CPU time = 10.50s (Wall time = 0.672s)

    vN Entropy at center bond b=151 = 0.625251321226
    Eigs at center bond b=151: 0.8203 0.1151 0.0544 0.0076 0.0016 
    Largest link dim during sweep 31/87 was 19
    Largest truncation error: 8.07195e-07
    Energy after sweep 31/87 is -197.949098899196
    Sweep 31/87 CPU time = 10.47s (Wall time = 0.673s)

    vN Entropy at center bond b=151 = 0.625251321097
    Eigs at center bond b=151: 0.8203 0.1151 0.0544 0.0076 0.0016 
    Largest link dim during sweep 32/87 was 19
    Largest truncation error: 8.07195e-07
    Energy after sweep 32/87 is -197.949098899445
    Sweep 32/87 CPU time = 10.47s (Wall time = 0.673s)

    vN Entropy at center bond b=151 = 0.625251321040
    Eigs at center bond b=151: 0.8203 0.1151 0.0544 0.0076 0.0016 
    Largest link dim during sweep 33/87 was 19
    Largest truncation error: 8.07195e-07
    Energy after sweep 33/87 is -197.949098899656
    Sweep 33/87 CPU time = 10.55s (Wall time = 0.674s)

    vN Entropy at center bond b=151 = 0.625251321015
    Eigs at center bond b=151: 0.8203 0.1151 0.0544 0.0076 0.0016 
    Largest link dim during sweep 34/87 was 19
    Largest truncation error: 8.07194e-07
    Energy after sweep 34/87 is -197.949098899833
    Sweep 34/87 CPU time = 10.50s (Wall time = 0.673s)

    vN Entropy at center bond b=151 = 0.625251321003
    Eigs at center bond b=151: 0.8203 0.1151 0.0544 0.0076 0.0016 
    Largest link dim during sweep 35/87 was 19
    Largest truncation error: 8.07194e-07
    Energy after sweep 35/87 is -197.949098899984
    Sweep 35/87 CPU time = 10.50s (Wall time = 0.672s)

    vN Entropy at center bond b=151 = 0.625251320999
    Eigs at center bond b=151: 0.8203 0.1151 0.0544 0.0076 0.0016 
    Largest link dim during sweep 36/87 was 19
    Largest truncation error: 8.07194e-07
    Energy after sweep 36/87 is -197.949098900105
    Sweep 36/87 CPU time = 10.50s (Wall time = 0.673s)

    vN Entropy at center bond b=151 = 0.626279321865
    Eigs at center bond b=151: 0.8200 0.1153 0.0544 0.0077 0.0016 
    Largest link dim during sweep 37/87 was 40
    Largest truncation error: 8.10609e-09
    Energy after sweep 37/87 is -197.950083137318
    Sweep 37/87 CPU time = 19.40s (Wall time = 1.246s)

    vN Entropy at center bond b=151 = 0.626669851158
    Eigs at center bond b=151: 0.8200 0.1153 0.0545 0.0077 0.0016 
    Largest link dim during sweep 38/87 was 42
    Largest truncation error: 8.20059e-09
    Energy after sweep 38/87 is -197.950104390537
    Sweep 38/87 CPU time = 29.57s (Wall time = 1.902s)

    vN Entropy at center bond b=151 = 0.626727019775
    Eigs at center bond b=151: 0.8199 0.1153 0.0545 0.0077 0.0016 
    Largest link dim during sweep 39/87 was 43
    Largest truncation error: 8.18702e-09
    Energy after sweep 39/87 is -197.950106299353
    Sweep 39/87 CPU time = 29.15s (Wall time = 1.864s)

    vN Entropy at center bond b=151 = 0.626737677674
    Eigs at center bond b=151: 0.8199 0.1153 0.0545 0.0077 0.0016 
    Largest link dim during sweep 40/87 was 43
    Largest truncation error: 8.21015e-09
    Energy after sweep 40/87 is -197.950106759593
    Sweep 40/87 CPU time = 28.90s (Wall time = 1.852s)

    vN Entropy at center bond b=151 = 0.626741726447
    Eigs at center bond b=151: 0.8199 0.1153 0.0545 0.0077 0.0016 
    Largest link dim during sweep 41/87 was 43
    Largest truncation error: 8.16467e-09
    Energy after sweep 41/87 is -197.950107093617
    Sweep 41/87 CPU time = 29.33s (Wall time = 1.878s)

    vN Entropy at center bond b=151 = 0.626743413177
    Eigs at center bond b=151: 0.8199 0.1153 0.0545 0.0077 0.0016 
    Largest link dim during sweep 42/87 was 43
    Largest truncation error: 8.19621e-09
    Energy after sweep 42/87 is -197.950107127018
    Sweep 42/87 CPU time = 29.45s (Wall time = 1.886s)

    vN Entropy at center bond b=151 = 0.626744107461
    Eigs at center bond b=151: 0.8199 0.1153 0.0545 0.0077 0.0016 
    Largest link dim during sweep 43/87 was 43
    Largest truncation error: 8.18834e-09
    Energy after sweep 43/87 is -197.950107125245
    Sweep 43/87 CPU time = 29.51s (Wall time = 1.889s)

    vN Entropy at center bond b=151 = 0.626744399185
    Eigs at center bond b=151: 0.8199 0.1153 0.0545 0.0077 0.0016 
    Largest link dim during sweep 44/87 was 43
    Largest truncation error: 8.1937e-09
    Energy after sweep 44/87 is -197.950107123722
    Sweep 44/87 CPU time = 29.52s (Wall time = 1.891s)

    vN Entropy at center bond b=151 = 0.626744524639
    Eigs at center bond b=151: 0.8199 0.1153 0.0545 0.0077 0.0016 
    Largest link dim during sweep 45/87 was 43
    Largest truncation error: 8.19687e-09
    Energy after sweep 45/87 is -197.950107122729
    Sweep 45/87 CPU time = 29.43s (Wall time = 1.888s)

    vN Entropy at center bond b=151 = 0.626744579891
    Eigs at center bond b=151: 0.8199 0.1153 0.0545 0.0077 0.0016 
    Largest link dim during sweep 46/87 was 43
    Largest truncation error: 8.19871e-09
    Energy after sweep 46/87 is -197.950107122099
    Sweep 46/87 CPU time = 29.55s (Wall time = 1.892s)

    vN Entropy at center bond b=151 = 0.626744604770
    Eigs at center bond b=151: 0.8199 0.1153 0.0545 0.0077 0.0016 
    Largest link dim during sweep 47/87 was 43
    Largest truncation error: 8.19978e-09
    Energy after sweep 47/87 is -197.950107121664
    Sweep 47/87 CPU time = 29.46s (Wall time = 1.902s)

    vN Entropy at center bond b=151 = 0.626744616193
    Eigs at center bond b=151: 0.8199 0.1153 0.0545 0.0077 0.0016 
    Largest link dim during sweep 48/87 was 43
    Largest truncation error: 8.2004e-09
    Energy after sweep 48/87 is -197.950107121334
    Sweep 48/87 CPU time = 29.49s (Wall time = 1.888s)

    vN Entropy at center bond b=151 = 0.626744621526
    Eigs at center bond b=151: 0.8199 0.1153 0.0545 0.0077 0.0016 
    Largest link dim during sweep 49/87 was 43
    Largest truncation error: 8.20076e-09
    Energy after sweep 49/87 is -197.950107121188
    Sweep 49/87 CPU time = 29.53s (Wall time = 1.893s)

    vN Entropy at center bond b=151 = 0.626744624050
    Eigs at center bond b=151: 0.8199 0.1153 0.0545 0.0077 0.0016 
    Largest link dim during sweep 50/87 was 43
    Largest truncation error: 8.20097e-09
    Energy after sweep 50/87 is -197.950107121325
    Sweep 50/87 CPU time = 29.52s (Wall time = 1.891s)

    vN Entropy at center bond b=151 = 0.626744625257
    Eigs at center bond b=151: 0.8199 0.1153 0.0545 0.0077 0.0016 
    Largest link dim during sweep 51/87 was 43
    Largest truncation error: 8.20109e-09
    Energy after sweep 51/87 is -197.950107121421
    Sweep 51/87 CPU time = 29.01s (Wall time = 1.862s)

    vN Entropy at center bond b=151 = 0.626744625840
    Eigs at center bond b=151: 0.8199 0.1153 0.0545 0.0077 0.0016 
    Largest link dim during sweep 52/87 was 43
    Largest truncation error: 8.20117e-09
    Energy after sweep 52/87 is -197.950107121451
    Sweep 52/87 CPU time = 28.76s (Wall time = 1.843s)

    vN Entropy at center bond b=151 = 0.626744626123
    Eigs at center bond b=151: 0.8199 0.1153 0.0545 0.0077 0.0016 
    Largest link dim during sweep 53/87 was 43
    Largest truncation error: 8.20121e-09
    Energy after sweep 53/87 is -197.950107123417
    Sweep 53/87 CPU time = 28.40s (Wall time = 1.821s)

    vN Entropy at center bond b=151 = 0.626744626261
    Eigs at center bond b=151: 0.8199 0.1153 0.0545 0.0077 0.0016 
    Largest link dim during sweep 54/87 was 43
    Largest truncation error: 8.20124e-09
    Energy after sweep 54/87 is -197.950107123466
    Sweep 54/87 CPU time = 29.07s (Wall time = 1.862s)

    vN Entropy at center bond b=151 = 0.626744626329
    Eigs at center bond b=151: 0.8199 0.1153 0.0545 0.0077 0.0016 
    Largest link dim during sweep 55/87 was 43
    Largest truncation error: 8.20125e-09
    Energy after sweep 55/87 is -197.950107123482
    Sweep 55/87 CPU time = 29.00s (Wall time = 1.862s)

    vN Entropy at center bond b=151 = 0.626744626362
    Eigs at center bond b=151: 0.8199 0.1153 0.0545 0.0077 0.0016 
    Largest link dim during sweep 56/87 was 43
    Largest truncation error: 8.20126e-09
    Energy after sweep 56/87 is -197.950107123491
    Sweep 56/87 CPU time = 29.01s (Wall time = 1.863s)

    vN Entropy at center bond b=151 = 0.626744626379
    Eigs at center bond b=151: 0.8199 0.1153 0.0545 0.0077 0.0016 
    Largest link dim during sweep 57/87 was 43
    Largest truncation error: 8.20127e-09
    Energy after sweep 57/87 is -197.950107123495
    Sweep 57/87 CPU time = 29.19s (Wall time = 1.874s)

    vN Entropy at center bond b=151 = 0.626744626387
    Eigs at center bond b=151: 0.8199 0.1153 0.0545 0.0077 0.0016 
    Largest link dim during sweep 58/87 was 43
    Largest truncation error: 8.20128e-09
    Energy after sweep 58/87 is -197.950107123498
    Sweep 58/87 CPU time = 28.99s (Wall time = 1.855s)

    vN Entropy at center bond b=151 = 0.626805125839
    Eigs at center bond b=151: 0.8199 0.1153 0.0545 0.0077 0.0016 
    Largest link dim during sweep 59/87 was 79
    Largest truncation error: 8.5781e-11
    Energy after sweep 59/87 is -197.950119702747
    Sweep 59/87 CPU time = 1m, 2.4s (Wall time = 4.013s)

    vN Entropy at center bond b=151 = 0.626818732770
    Eigs at center bond b=151: 0.8199 0.1153 0.0545 0.0077 0.0016 
    Largest link dim during sweep 60/87 was 83
    Largest truncation error: 8.5938e-11
    Energy after sweep 60/87 is -197.950120030212
    Sweep 60/87 CPU time = 1m, 38.1s (Wall time = 6.303s)

    vN Entropy at center bond b=151 = 0.626820778384
    Eigs at center bond b=151: 0.8199 0.1153 0.0545 0.0077 0.0016 
    Largest link dim during sweep 61/87 was 82
    Largest truncation error: 8.59583e-11
    Energy after sweep 61/87 is -197.950120050615
    Sweep 61/87 CPU time = 1m, 37.4s (Wall time = 6.253s)

    vN Entropy at center bond b=151 = 0.626821345382
    Eigs at center bond b=151: 0.8199 0.1153 0.0545 0.0077 0.0016 
    Largest link dim during sweep 62/87 was 82
    Largest truncation error: 8.59641e-11
    Energy after sweep 62/87 is -197.950120058352
    Sweep 62/87 CPU time = 1m, 39.7s (Wall time = 6.391s)

    vN Entropy at center bond b=151 = 0.626821518756
    Eigs at center bond b=151: 0.8199 0.1153 0.0545 0.0077 0.0016 
    Largest link dim during sweep 63/87 was 82
    Largest truncation error: 8.59656e-11
    Energy after sweep 63/87 is -197.950120058927
    Sweep 63/87 CPU time = 1m, 40.4s (Wall time = 6.461s)

    vN Entropy at center bond b=151 = 0.626821579280
    Eigs at center bond b=151: 0.8199 0.1153 0.0545 0.0077 0.0016 
    Largest link dim during sweep 64/87 was 82
    Largest truncation error: 8.59668e-11
    Energy after sweep 64/87 is -197.950120065563
    Sweep 64/87 CPU time = 1m, 39.9s (Wall time = 6.408s)

    vN Entropy at center bond b=151 = 0.626821614186
    Eigs at center bond b=151: 0.8199 0.1153 0.0545 0.0077 0.0016 
    Largest link dim during sweep 65/87 was 82
    Largest truncation error: 8.59671e-11
    Energy after sweep 65/87 is -197.950120071491
    Sweep 65/87 CPU time = 1m, 40.6s (Wall time = 6.444s)

    vN Entropy at center bond b=151 = 0.626821630459
    Eigs at center bond b=151: 0.8199 0.1153 0.0545 0.0077 0.0016 
    Largest link dim during sweep 66/87 was 82
    Largest truncation error: 8.5967e-11
    Energy after sweep 66/87 is -197.950120071091
    Sweep 66/87 CPU time = 1m, 40.7s (Wall time = 6.457s)

    vN Entropy at center bond b=151 = 0.626821633148
    Eigs at center bond b=151: 0.8199 0.1153 0.0545 0.0077 0.0016 
    Largest link dim during sweep 67/87 was 82
    Largest truncation error: 8.59674e-11
    Energy after sweep 67/87 is -197.950120065170
    Sweep 67/87 CPU time = 1m, 40.5s (Wall time = 6.455s)

    vN Entropy at center bond b=151 = 0.626821636579
    Eigs at center bond b=151: 0.8199 0.1153 0.0545 0.0077 0.0016 
    Largest link dim during sweep 68/87 was 82
    Largest truncation error: 8.59676e-11
    Energy after sweep 68/87 is -197.950120065130
    Sweep 68/87 CPU time = 1m, 40.4s (Wall time = 6.448s)

    vN Entropy at center bond b=151 = 0.626821638917
    Eigs at center bond b=151: 0.8199 0.1153 0.0545 0.0077 0.0016 
    Largest link dim during sweep 69/87 was 82
    Largest truncation error: 8.59676e-11
    Energy after sweep 69/87 is -197.950120065067
    Sweep 69/87 CPU time = 1m, 39.2s (Wall time = 6.354s)

    vN Entropy at center bond b=151 = 0.626821640196
    Eigs at center bond b=151: 0.8199 0.1153 0.0545 0.0077 0.0016 
    Largest link dim during sweep 70/87 was 82
    Largest truncation error: 8.59674e-11
    Energy after sweep 70/87 is -197.950120065060
    Sweep 70/87 CPU time = 1m, 38.5s (Wall time = 6.317s)

    vN Entropy at center bond b=151 = 0.626821640872
    Eigs at center bond b=151: 0.8199 0.1153 0.0545 0.0077 0.0016 
    Largest link dim during sweep 71/87 was 82
    Largest truncation error: 8.59676e-11
    Energy after sweep 71/87 is -197.950120065065
    Sweep 71/87 CPU time = 1m, 38.2s (Wall time = 6.292s)

    vN Entropy at center bond b=151 = 0.626821641225
    Eigs at center bond b=151: 0.8199 0.1153 0.0545 0.0077 0.0016 
    Largest link dim during sweep 72/87 was 82
    Largest truncation error: 8.59678e-11
    Energy after sweep 72/87 is -197.950120065066
    Sweep 72/87 CPU time = 1m, 38.3s (Wall time = 6.306s)

    vN Entropy at center bond b=151 = 0.626821641410
    Eigs at center bond b=151: 0.8199 0.1153 0.0545 0.0077 0.0016 
    Largest link dim during sweep 73/87 was 82
    Largest truncation error: 8.59675e-11
    Energy after sweep 73/87 is -197.950120065071
    Sweep 73/87 CPU time = 1m, 37.6s (Wall time = 6.256s)

    vN Entropy at center bond b=151 = 0.626821641506
    Eigs at center bond b=151: 0.8199 0.1153 0.0545 0.0077 0.0016 
    Largest link dim during sweep 74/87 was 82
    Largest truncation error: 8.59677e-11
    Energy after sweep 74/87 is -197.950120065069
    Sweep 74/87 CPU time = 1m, 37.5s (Wall time = 6.248s)

    vN Entropy at center bond b=151 = 0.626825555373
    Eigs at center bond b=151: 0.8199 0.1153 0.0545 0.0077 0.0016 
    Largest link dim during sweep 75/87 was 136
    Largest truncation error: 8.21093e-13
    Energy after sweep 75/87 is -197.950120222810
    Sweep 75/87 CPU time = 2m, 26.1s (Wall time = 9.374s)

    vN Entropy at center bond b=151 = 0.626825795289
    Eigs at center bond b=151: 0.8199 0.1153 0.0545 0.0077 0.0016 
    Largest link dim during sweep 76/87 was 144
    Largest truncation error: 8.20911e-13
    Energy after sweep 76/87 is -197.950120224906
    Sweep 76/87 CPU time = 3m, 7.7s (Wall time = 12.02s)

    vN Entropy at center bond b=151 = 0.626825908596
    Eigs at center bond b=151: 0.8199 0.1153 0.0545 0.0077 0.0016 
    Largest link dim during sweep 77/87 was 141
    Largest truncation error: 8.22533e-13
    Energy after sweep 77/87 is -197.950120225243
    Sweep 77/87 CPU time = 3m, 15.9s (Wall time = 12.54s)

    vN Entropy at center bond b=151 = 0.626825967867
    Eigs at center bond b=151: 0.8199 0.1153 0.0545 0.0077 0.0016 
    Largest link dim during sweep 78/87 was 141
    Largest truncation error: 8.22297e-13
    Energy after sweep 78/87 is -197.950120225382
    Sweep 78/87 CPU time = 3m, 10.3s (Wall time = 12.20s)

    vN Entropy at center bond b=151 = 0.626826000772
    Eigs at center bond b=151: 0.8199 0.1153 0.0545 0.0077 0.0016 
    Largest link dim during sweep 79/87 was 141
    Largest truncation error: 8.21258e-13
    Energy after sweep 79/87 is -197.950120225399
    Sweep 79/87 CPU time = 3m, 9.2s (Wall time = 12.12s)

    vN Entropy at center bond b=151 = 0.626826019696
    Eigs at center bond b=151: 0.8199 0.1153 0.0545 0.0077 0.0016 
    Largest link dim during sweep 80/87 was 141
    Largest truncation error: 8.21826e-13
    Energy after sweep 80/87 is -197.950120225447
    Sweep 80/87 CPU time = 3m, 9.0s (Wall time = 12.13s)

    vN Entropy at center bond b=151 = 0.626826030905
    Eigs at center bond b=151: 0.8199 0.1153 0.0545 0.0077 0.0016 
    Largest link dim during sweep 81/87 was 141
    Largest truncation error: 8.21341e-13
    Energy after sweep 81/87 is -197.950120225466
    Sweep 81/87 CPU time = 3m, 13.0s (Wall time = 12.36s)

    vN Entropy at center bond b=151 = 0.626826037506
    Eigs at center bond b=151: 0.8199 0.1153 0.0545 0.0077 0.0016 
    Largest link dim during sweep 82/87 was 141
    Largest truncation error: 8.21101e-13
    Energy after sweep 82/87 is -197.950120225471
    Sweep 82/87 CPU time = 3m, 13.8s (Wall time = 12.40s)

    vN Entropy at center bond b=151 = 0.626826438165
    Eigs at center bond b=151: 0.8199 0.1153 0.0545 0.0077 0.0016 
    Largest link dim during sweep 83/87 was 136
    Largest truncation error: 8.22052e-13
    Energy after sweep 83/87 is -197.950120225213
    Sweep 83/87 CPU time = 2m, 39.5s (Wall time = 10.22s)

    vN Entropy at center bond b=151 = 0.626826449051
    Eigs at center bond b=151: 0.8199 0.1153 0.0545 0.0077 0.0016 
    Largest link dim during sweep 84/87 was 220
    Largest truncation error: 8.42549e-15
    Energy after sweep 84/87 is -197.950120227343
    Sweep 84/87 CPU time = 6m, 55.7s (Wall time = 27.98s)

    vN Entropy at center bond b=151 = 0.626826460213
    Eigs at center bond b=151: 0.8199 0.1153 0.0545 0.0077 0.0016 
    Largest link dim during sweep 85/87 was 239
    Largest truncation error: 8.46742e-15
    Energy after sweep 85/87 is -197.950120227436
    Sweep 85/87 CPU time = 11m, 12s (Wall time = 44.63s)

    vN Entropy at center bond b=151 = 0.626826464952
    Eigs at center bond b=151: 0.8199 0.1153 0.0545 0.0077 0.0016 
    Largest link dim during sweep 86/87 was 234
    Largest truncation error: 8.40865e-15
    Energy after sweep 86/87 is -197.950120227450
    Sweep 86/87 CPU time = 11m, 10s (Wall time = 45.36s)

    vN Entropy at center bond b=151 = 0.626826467047
    Eigs at center bond b=151: 0.8199 0.1153 0.0545 0.0077 0.0016 
    Largest link dim during sweep 87/87 was 229
    Largest truncation error: 8.40688e-15
    Energy after sweep 87/87 is -197.950120227451
    Sweep 87/87 CPU time = 9m, 34.0s (Wall time = 37.10s)
Initial energy = 3.03000

Ground State Energy = -197.9501202275
run_outputs/outputpsi/N_303_sweep_87_t_0.030000_J_1.000000_V_0.600000_D_0.018000_U_0.000000_mu_0.020000_E_0.000000 converge
Wall-clock time (s) = 2017.894759
