//////////////////////////
Reading input file ......

Got input.N = 303
Got input.t = 0.03
Got input.J = 1
Got input.V = 0.6
Got input.D = 0.018
Got input.U = -0.01
Got input.mu = 0
Got input.E = 0.1
Got input.nsweeps = 87
Sweeps:
1  MaxDim=20, MinDim=20, Cutoff=1.0E-06, Niter=8, Noise=1.0E-05
2  MaxDim=20, MinDim=20, Cutoff=1.0E-06, Niter=8, Noise=1.0E-05
3  MaxDim=20, MinDim=20, Cutoff=1.0E-06, Niter=8, Noise=1.0E-05
4  MaxDim=20, MinDim=20, Cutoff=1.0E-06, Niter=8, Noise=1.0E-05
5  MaxDim=20, MinDim=20, Cutoff=1.0E-06, Niter=8, Noise=1.0E-05
6  MaxDim=20, MinDim=20, Cutoff=1.0E-06, Niter=8, Noise=1.0E-05
7  MaxDim=20, MinDim=20, Cutoff=1.0E-06, Niter=8, Noise=1.0E-05
8  MaxDim=40, MinDim=20, Cutoff=1.0E-06, Niter=4, Noise=1.0E-05
9  MaxDim=40, MinDim=20, Cutoff=1.0E-06, Niter=4, Noise=1.0E-05
10  MaxDim=40, MinDim=20, Cutoff=1.0E-06, Niter=4, Noise=1.0E-05
11  MaxDim=40, MinDim=20, Cutoff=1.0E-06, Niter=4, Noise=1.0E-05
12  MaxDim=40, MinDim=20, Cutoff=1.0E-06, Niter=4, Noise=1.0E-05
13  MaxDim=40, MinDim=20, Cutoff=1.0E-06, Niter=4, Noise=1.0E-05
14  MaxDim=40, MinDim=20, Cutoff=1.0E-06, Niter=4, Noise=1.0E-05
15  MaxDim=80, MinDim=10, Cutoff=1.0E-06, Niter=4, Noise=1.0E-05
16  MaxDim=80, MinDim=10, Cutoff=1.0E-06, Niter=4, Noise=1.0E-05
17  MaxDim=80, MinDim=10, Cutoff=1.0E-06, Niter=4, Noise=1.0E-05
18  MaxDim=80, MinDim=10, Cutoff=1.0E-06, Niter=4, Noise=1.0E-05
19  MaxDim=80, MinDim=10, Cutoff=1.0E-06, Niter=4, Noise=1.0E-05
20  MaxDim=80, MinDim=10, Cutoff=1.0E-06, Niter=4, Noise=1.0E-05
21  MaxDim=80, MinDim=10, Cutoff=1.0E-06, Niter=4, Noise=1.0E-05
22  MaxDim=80, MinDim=10, Cutoff=1.0E-06, Niter=4, Noise=1.0E-05
23  MaxDim=80, MinDim=10, Cutoff=1.0E-06, Niter=4, Noise=1.0E-05
24  MaxDim=80, MinDim=10, Cutoff=1.0E-06, Niter=4, Noise=1.0E-05
25  MaxDim=80, MinDim=10, Cutoff=1.0E-06, Niter=4, Noise=1.0E-05
26  MaxDim=80, MinDim=10, Cutoff=1.0E-06, Niter=4, Noise=1.0E-05
27  MaxDim=80, MinDim=10, Cutoff=1.0E-06, Niter=4, Noise=1.0E-05
28  MaxDim=80, MinDim=10, Cutoff=1.0E-06, Niter=4, Noise=1.0E-05
29  MaxDim=80, MinDim=10, Cutoff=1.0E-06, Niter=4, Noise=1.0E-05
30  MaxDim=80, MinDim=10, Cutoff=1.0E-06, Niter=4, Noise=1.0E-05
31  MaxDim=80, MinDim=10, Cutoff=1.0E-06, Niter=4, Noise=1.0E-05
32  MaxDim=80, MinDim=10, Cutoff=1.0E-06, Niter=4, Noise=1.0E-05
33  MaxDim=80, MinDim=10, Cutoff=1.0E-06, Niter=4, Noise=1.0E-05
34  MaxDim=80, MinDim=10, Cutoff=1.0E-06, Niter=4, Noise=1.0E-05
35  MaxDim=80, MinDim=10, Cutoff=1.0E-06, Niter=4, Noise=1.0E-05
36  MaxDim=80, MinDim=10, Cutoff=1.0E-06, Niter=4, Noise=1.0E-05
37  MaxDim=160, MinDim=10, Cutoff=1.0E-08, Niter=4, Noise=1.0E-06
38  MaxDim=160, MinDim=10, Cutoff=1.0E-08, Niter=4, Noise=1.0E-06
39  MaxDim=160, MinDim=10, Cutoff=1.0E-08, Niter=4, Noise=1.0E-06
40  MaxDim=160, MinDim=10, Cutoff=1.0E-08, Niter=4, Noise=1.0E-06
41  MaxDim=160, MinDim=10, Cutoff=1.0E-08, Niter=4, Noise=1.0E-06
42  MaxDim=160, MinDim=10, Cutoff=1.0E-08, Niter=4, Noise=1.0E-06
43  MaxDim=160, MinDim=10, Cutoff=1.0E-08, Niter=4, Noise=1.0E-06
44  MaxDim=160, MinDim=10, Cutoff=1.0E-08, Niter=4, Noise=1.0E-06
45  MaxDim=160, MinDim=10, Cutoff=1.0E-08, Niter=4, Noise=1.0E-06
46  MaxDim=160, MinDim=10, Cutoff=1.0E-08, Niter=4, Noise=1.0E-06
47  MaxDim=160, MinDim=10, Cutoff=1.0E-08, Niter=4, Noise=1.0E-06
48  MaxDim=160, MinDim=10, Cutoff=1.0E-08, Niter=4, Noise=1.0E-06
49  MaxDim=160, MinDim=10, Cutoff=1.0E-08, Niter=4, Noise=1.0E-06
50  MaxDim=160, MinDim=10, Cutoff=1.0E-08, Niter=4, Noise=1.0E-06
51  MaxDim=160, MinDim=10, Cutoff=1.0E-08, Niter=4, Noise=1.0E-06
52  MaxDim=160, MinDim=10, Cutoff=1.0E-08, Niter=4, Noise=1.0E-06
53  MaxDim=160, MinDim=10, Cutoff=1.0E-08, Niter=4, Noise=1.0E-06
54  MaxDim=160, MinDim=10, Cutoff=1.0E-08, Niter=4, Noise=1.0E-06
55  MaxDim=160, MinDim=10, Cutoff=1.0E-08, Niter=4, Noise=1.0E-06
56  MaxDim=160, MinDim=10, Cutoff=1.0E-08, Niter=4, Noise=1.0E-06
57  MaxDim=160, MinDim=10, Cutoff=1.0E-08, Niter=4, Noise=1.0E-06
58  MaxDim=160, MinDim=10, Cutoff=1.0E-08, Niter=4, Noise=1.0E-06
59  MaxDim=320, MinDim=10, Cutoff=1.0E-10, Niter=4, Noise=1.0E-07
60  MaxDim=320, MinDim=10, Cutoff=1.0E-10, Niter=4, Noise=1.0E-07
61  MaxDim=320, MinDim=10, Cutoff=1.0E-10, Niter=4, Noise=1.0E-07
62  MaxDim=320, MinDim=10, Cutoff=1.0E-10, Niter=4, Noise=1.0E-07
63  MaxDim=320, MinDim=10, Cutoff=1.0E-10, Niter=4, Noise=1.0E-07
64  MaxDim=320, MinDim=10, Cutoff=1.0E-10, Niter=4, Noise=1.0E-07
65  MaxDim=320, MinDim=10, Cutoff=1.0E-10, Niter=4, Noise=1.0E-07
66  MaxDim=320, MinDim=10, Cutoff=1.0E-10, Niter=4, Noise=1.0E-07
67  MaxDim=320, MinDim=10, Cutoff=1.0E-10, Niter=4, Noise=1.0E-07
68  MaxDim=320, MinDim=10, Cutoff=1.0E-10, Niter=4, Noise=1.0E-07
69  MaxDim=320, MinDim=10, Cutoff=1.0E-10, Niter=4, Noise=1.0E-07
70  MaxDim=320, MinDim=10, Cutoff=1.0E-10, Niter=4, Noise=1.0E-07
71  MaxDim=320, MinDim=10, Cutoff=1.0E-10, Niter=4, Noise=1.0E-07
72  MaxDim=320, MinDim=10, Cutoff=1.0E-10, Niter=4, Noise=1.0E-07
73  MaxDim=320, MinDim=10, Cutoff=1.0E-10, Niter=4, Noise=1.0E-07
74  MaxDim=320, MinDim=10, Cutoff=1.0E-10, Niter=4, Noise=1.0E-07
75  MaxDim=640, MinDim=10, Cutoff=1.0E-12, Niter=2, Noise=1.0E-08
76  MaxDim=640, MinDim=10, Cutoff=1.0E-12, Niter=2, Noise=1.0E-08
77  MaxDim=640, MinDim=10, Cutoff=1.0E-12, Niter=2, Noise=1.0E-08
78  MaxDim=640, MinDim=10, Cutoff=1.0E-12, Niter=2, Noise=1.0E-08
79  MaxDim=640, MinDim=10, Cutoff=1.0E-12, Niter=2, Noise=1.0E-08
80  MaxDim=640, MinDim=10, Cutoff=1.0E-12, Niter=2, Noise=1.0E-08
81  MaxDim=640, MinDim=10, Cutoff=1.0E-12, Niter=2, Noise=1.0E-08
82  MaxDim=640, MinDim=10, Cutoff=1.0E-12, Niter=2, Noise=1.0E-08
83  MaxDim=1280, MinDim=10, Cutoff=1.0E-12, Niter=2, Noise=0.0E+00
84  MaxDim=1280, MinDim=10, Cutoff=1.0E-14, Niter=2, Noise=0.0E+00
85  MaxDim=1280, MinDim=10, Cutoff=1.0E-14, Niter=2, Noise=0.0E+00
86  MaxDim=1280, MinDim=10, Cutoff=1.0E-14, Niter=2, Noise=0.0E+00
87  MaxDim=1280, MinDim=10, Cutoff=1.0E-14, Niter=2, Noise=0.0E+00


    vN Entropy at center bond b=151 = 0.576023440125
    Eigs at center bond b=151: 0.8461 0.0932 0.0496 0.0048 0.0041 0.0011 
    Largest link dim during sweep 1/87 was 20
    Largest truncation error: 2.04191e-05
    Energy after sweep 1/87 is -198.444738887449
    Sweep 1/87 CPU time = 18.30s (Wall time = 1.189s)

    vN Entropy at center bond b=151 = 0.706898913628
    Eigs at center bond b=151: 0.7968 0.1159 0.0703 0.0102 0.0046 
    Largest link dim during sweep 2/87 was 20
    Largest truncation error: 4.83637e-06
    Energy after sweep 2/87 is -198.677157495814
    Sweep 2/87 CPU time = 25.60s (Wall time = 1.644s)

    vN Entropy at center bond b=151 = 0.829812617971
    Eigs at center bond b=151: 0.7599 0.1130 0.0955 0.0141 0.0122 0.0018 0.0016 
    Largest link dim during sweep 3/87 was 20
    Largest truncation error: 6.53124e-06
    Energy after sweep 3/87 is -198.680040309314
    Sweep 3/87 CPU time = 25.66s (Wall time = 1.643s)

    vN Entropy at center bond b=151 = 0.920852151905
    Eigs at center bond b=151: 0.7273 0.1334 0.0951 0.0186 0.0173 0.0034 0.0025 0.0011 
    Largest link dim during sweep 4/87 was 20
    Largest truncation error: 7.93098e-06
    Energy after sweep 4/87 is -198.680568375160
    Sweep 4/87 CPU time = 25.63s (Wall time = 1.646s)

    vN Entropy at center bond b=151 = 0.966970412942
    Eigs at center bond b=151: 0.7085 0.1479 0.0929 0.0215 0.0193 0.0045 0.0029 0.0011 
    Largest link dim during sweep 5/87 was 20
    Largest truncation error: 8.35277e-06
    Energy after sweep 5/87 is -198.680705647635
    Sweep 5/87 CPU time = 26.63s (Wall time = 1.711s)

    vN Entropy at center bond b=151 = 0.987404585687
    Eigs at center bond b=151: 0.6996 0.1549 0.0918 0.0228 0.0202 0.0050 0.0030 0.0011 
    Largest link dim during sweep 6/87 was 20
    Largest truncation error: 8.4667e-06
    Energy after sweep 6/87 is -198.680753987533
    Sweep 6/87 CPU time = 25.61s (Wall time = 1.646s)

    vN Entropy at center bond b=151 = 0.996934744761
    Eigs at center bond b=151: 0.6954 0.1581 0.0914 0.0234 0.0206 0.0052 0.0031 0.0011 
    Largest link dim during sweep 7/87 was 20
    Largest truncation error: 8.53392e-06
    Energy after sweep 7/87 is -198.680770183122
    Sweep 7/87 CPU time = 25.63s (Wall time = 1.645s)

    vN Entropy at center bond b=151 = 1.004436666025
    Eigs at center bond b=151: 0.6925 0.1603 0.0911 0.0237 0.0210 0.0055 0.0032 0.0012 
    Largest link dim during sweep 8/87 was 34
    Largest truncation error: 7.87996e-07
    Energy after sweep 8/87 is -198.682101471173
    Sweep 8/87 CPU time = 15.05s (Wall time = 0.968s)

    vN Entropy at center bond b=151 = 1.023853177750
    Eigs at center bond b=151: 0.6833 0.1679 0.0899 0.0246 0.0220 0.0061 0.0033 0.0012 
    Largest link dim during sweep 9/87 was 35
    Largest truncation error: 8.11529e-07
    Energy after sweep 9/87 is -198.682262279341
    Sweep 9/87 CPU time = 15.95s (Wall time = 1.021s)

    vN Entropy at center bond b=151 = 1.039736377645
    Eigs at center bond b=151: 0.6753 0.1747 0.0888 0.0252 0.0229 0.0066 0.0033 0.0012 
    Largest link dim during sweep 10/87 was 35
    Largest truncation error: 8.14126e-07
    Energy after sweep 10/87 is -198.682359749599
    Sweep 10/87 CPU time = 16.18s (Wall time = 1.039s)

    vN Entropy at center bond b=151 = 1.051692809911
    Eigs at center bond b=151: 0.6691 0.1801 0.0881 0.0256 0.0236 0.0069 0.0034 0.0012 
    Largest link dim during sweep 11/87 was 35
    Largest truncation error: 7.92771e-07
    Energy after sweep 11/87 is -198.682425296211
    Sweep 11/87 CPU time = 16.49s (Wall time = 1.055s)

    vN Entropy at center bond b=151 = 1.061998792437
    Eigs at center bond b=151: 0.6635 0.1849 0.0874 0.0260 0.0242 0.0073 0.0034 0.0012 
    Largest link dim during sweep 12/87 was 36
    Largest truncation error: 8.13675e-07
    Energy after sweep 12/87 is -198.682473889054
    Sweep 12/87 CPU time = 16.41s (Wall time = 1.049s)

    vN Entropy at center bond b=151 = 1.071191949900
    Eigs at center bond b=151: 0.6584 0.1894 0.0868 0.0262 0.0248 0.0076 0.0035 0.0012 0.0010 
    Largest link dim during sweep 13/87 was 36
    Largest truncation error: 8.0309e-07
    Energy after sweep 13/87 is -198.682513996316
    Sweep 13/87 CPU time = 16.41s (Wall time = 1.053s)

    vN Entropy at center bond b=151 = 1.079233332223
    Eigs at center bond b=151: 0.6537 0.1935 0.0862 0.0264 0.0254 0.0079 0.0035 0.0012 0.0010 
    Largest link dim during sweep 14/87 was 36
    Largest truncation error: 8.1263e-07
    Energy after sweep 14/87 is -198.682550000914
    Sweep 14/87 CPU time = 16.52s (Wall time = 1.057s)

    vN Entropy at center bond b=151 = 1.085752983109
    Eigs at center bond b=151: 0.6499 0.1969 0.0857 0.0266 0.0259 0.0081 0.0035 0.0012 0.0011 
    Largest link dim during sweep 15/87 was 36
    Largest truncation error: 8.60714e-07
    Energy after sweep 15/87 is -198.682382660404
    Sweep 15/87 CPU time = 15.42s (Wall time = 0.991s)

    vN Entropy at center bond b=151 = 1.091219702861
    Eigs at center bond b=151: 0.6466 0.1998 0.0853 0.0267 0.0263 0.0083 0.0036 0.0012 0.0011 
    Largest link dim during sweep 16/87 was 36
    Largest truncation error: 8.60506e-07
    Energy after sweep 16/87 is -198.682399219500
    Sweep 16/87 CPU time = 15.58s (Wall time = 0.997s)

    vN Entropy at center bond b=151 = 1.095875403822
    Eigs at center bond b=151: 0.6438 0.2023 0.0850 0.0268 0.0266 0.0085 0.0036 0.0012 0.0011 
    Largest link dim during sweep 17/87 was 36
    Largest truncation error: 8.60434e-07
    Energy after sweep 17/87 is -198.682413953180
    Sweep 17/87 CPU time = 15.50s (Wall time = 0.997s)

    vN Entropy at center bond b=151 = 1.099775556400
    Eigs at center bond b=151: 0.6414 0.2045 0.0847 0.0269 0.0269 0.0086 0.0036 0.0012 0.0011 
    Largest link dim during sweep 18/87 was 36
    Largest truncation error: 8.60447e-07
    Energy after sweep 18/87 is -198.682433587330
    Sweep 18/87 CPU time = 15.67s (Wall time = 1.005s)

    vN Entropy at center bond b=151 = 1.103075607937
    Eigs at center bond b=151: 0.6394 0.2063 0.0844 0.0271 0.0270 0.0087 0.0036 0.0012 0.0012 
    Largest link dim during sweep 19/87 was 36
    Largest truncation error: 8.60438e-07
    Energy after sweep 19/87 is -198.682451406595
    Sweep 19/87 CPU time = 15.73s (Wall time = 1.004s)

    vN Entropy at center bond b=151 = 1.105990551846
    Eigs at center bond b=151: 0.6376 0.2079 0.0842 0.0274 0.0270 0.0088 0.0036 0.0012 0.0012 
    Largest link dim during sweep 20/87 was 36
    Largest truncation error: 8.60425e-07
    Energy after sweep 20/87 is -198.682464457304
    Sweep 20/87 CPU time = 15.67s (Wall time = 1.004s)

    vN Entropy at center bond b=151 = 1.108615625252
    Eigs at center bond b=151: 0.6359 0.2093 0.0840 0.0276 0.0271 0.0089 0.0036 0.0012 0.0012 
    Largest link dim during sweep 21/87 was 36
    Largest truncation error: 8.60417e-07
    Energy after sweep 21/87 is -198.682480236433
    Sweep 21/87 CPU time = 15.70s (Wall time = 1.008s)

    vN Entropy at center bond b=151 = 1.111001114676
    Eigs at center bond b=151: 0.6344 0.2106 0.0839 0.0277 0.0271 0.0090 0.0036 0.0012 0.0012 
    Largest link dim during sweep 22/87 was 36
    Largest truncation error: 8.60412e-07
    Energy after sweep 22/87 is -198.682494256742
    Sweep 22/87 CPU time = 15.81s (Wall time = 1.014s)

    vN Entropy at center bond b=151 = 1.112955165368
    Eigs at center bond b=151: 0.6332 0.2117 0.0837 0.0279 0.0272 0.0091 0.0036 0.0012 0.0012 
    Largest link dim during sweep 23/87 was 36
    Largest truncation error: 8.60409e-07
    Energy after sweep 23/87 is -198.682506107235
    Sweep 23/87 CPU time = 15.82s (Wall time = 1.014s)

    vN Entropy at center bond b=151 = 1.114524676933
    Eigs at center bond b=151: 0.6323 0.2125 0.0836 0.0280 0.0272 0.0092 0.0036 0.0012 0.0012 
    Largest link dim during sweep 24/87 was 36
    Largest truncation error: 8.60408e-07
    Energy after sweep 24/87 is -198.682516655635
    Sweep 24/87 CPU time = 15.76s (Wall time = 1.014s)

    vN Entropy at center bond b=151 = 1.115787907739
    Eigs at center bond b=151: 0.6315 0.2131 0.0836 0.0281 0.0273 0.0092 0.0036 0.0012 0.0012 
    Largest link dim during sweep 25/87 was 36
    Largest truncation error: 8.60407e-07
    Energy after sweep 25/87 is -198.682530679096
    Sweep 25/87 CPU time = 15.86s (Wall time = 1.017s)

    vN Entropy at center bond b=151 = 1.116769367508
    Eigs at center bond b=151: 0.6309 0.2136 0.0835 0.0282 0.0273 0.0093 0.0036 0.0012 0.0012 
    Largest link dim during sweep 26/87 was 36
    Largest truncation error: 8.60407e-07
    Energy after sweep 26/87 is -198.682539153380
    Sweep 26/87 CPU time = 15.85s (Wall time = 1.017s)

    vN Entropy at center bond b=151 = 1.117537528817
    Eigs at center bond b=151: 0.6305 0.2139 0.0835 0.0282 0.0273 0.0093 0.0036 0.0012 0.0012 
    Largest link dim during sweep 27/87 was 36
    Largest truncation error: 8.60406e-07
    Energy after sweep 27/87 is -198.682546980531
    Sweep 27/87 CPU time = 15.95s (Wall time = 1.019s)

    vN Entropy at center bond b=151 = 1.118105510652
    Eigs at center bond b=151: 0.6302 0.2142 0.0835 0.0283 0.0274 0.0093 0.0036 0.0012 0.0012 
    Largest link dim during sweep 28/87 was 36
    Largest truncation error: 8.60406e-07
    Energy after sweep 28/87 is -198.682552149697
    Sweep 28/87 CPU time = 15.97s (Wall time = 1.021s)

    vN Entropy at center bond b=151 = 1.118518963003
    Eigs at center bond b=151: 0.6300 0.2143 0.0835 0.0283 0.0274 0.0093 0.0037 0.0012 0.0012 
    Largest link dim during sweep 29/87 was 36
    Largest truncation error: 8.60406e-07
    Energy after sweep 29/87 is -198.682559359860
    Sweep 29/87 CPU time = 16.06s (Wall time = 1.033s)

    vN Entropy at center bond b=151 = 1.118888881471
    Eigs at center bond b=151: 0.6298 0.2144 0.0835 0.0283 0.0274 0.0093 0.0037 0.0012 0.0012 
    Largest link dim during sweep 30/87 was 36
    Largest truncation error: 8.60406e-07
    Energy after sweep 30/87 is -198.682569307019
    Sweep 30/87 CPU time = 15.96s (Wall time = 1.026s)

    vN Entropy at center bond b=151 = 1.119222104681
    Eigs at center bond b=151: 0.6297 0.2145 0.0835 0.0283 0.0274 0.0094 0.0037 0.0012 0.0012 
    Largest link dim during sweep 31/87 was 36
    Largest truncation error: 8.60406e-07
    Energy after sweep 31/87 is -198.682577962082
    Sweep 31/87 CPU time = 16.12s (Wall time = 1.032s)

    vN Entropy at center bond b=151 = 1.119512608652
    Eigs at center bond b=151: 0.6296 0.2145 0.0835 0.0283 0.0275 0.0094 0.0037 0.0012 0.0012 
    Largest link dim during sweep 32/87 was 36
    Largest truncation error: 8.60406e-07
    Energy after sweep 32/87 is -198.682588083855
    Sweep 32/87 CPU time = 16.16s (Wall time = 1.034s)

    vN Entropy at center bond b=151 = 1.119774401200
    Eigs at center bond b=151: 0.6295 0.2145 0.0835 0.0284 0.0275 0.0094 0.0037 0.0012 0.0012 
    Largest link dim during sweep 33/87 was 36
    Largest truncation error: 8.60406e-07
    Energy after sweep 33/87 is -198.682597878479
    Sweep 33/87 CPU time = 16.10s (Wall time = 1.032s)

    vN Entropy at center bond b=151 = 1.119991805053
    Eigs at center bond b=151: 0.6294 0.2146 0.0835 0.0284 0.0275 0.0094 0.0037 0.0013 0.0012 
    Largest link dim during sweep 34/87 was 36
    Largest truncation error: 8.60406e-07
    Energy after sweep 34/87 is -198.682608319285
    Sweep 34/87 CPU time = 16.17s (Wall time = 1.033s)

    vN Entropy at center bond b=151 = 1.120195813045
    Eigs at center bond b=151: 0.6293 0.2146 0.0835 0.0284 0.0275 0.0094 0.0037 0.0013 0.0012 
    Largest link dim during sweep 35/87 was 36
    Largest truncation error: 8.60406e-07
    Energy after sweep 35/87 is -198.682617237624
    Sweep 35/87 CPU time = 16.11s (Wall time = 1.033s)

    vN Entropy at center bond b=151 = 1.120403064191
    Eigs at center bond b=151: 0.6293 0.2146 0.0835 0.0284 0.0276 0.0094 0.0037 0.0013 0.0012 
    Largest link dim during sweep 36/87 was 36
    Largest truncation error: 8.60406e-07
    Energy after sweep 36/87 is -198.682621819721
    Sweep 36/87 CPU time = 16.13s (Wall time = 1.035s)

    vN Entropy at center bond b=151 = 1.123725368111
    Eigs at center bond b=151: 0.6277 0.2156 0.0835 0.0286 0.0277 0.0095 0.0037 0.0013 0.0012 
    Largest link dim during sweep 37/87 was 71
    Largest truncation error: 8.65251e-09
    Energy after sweep 37/87 is -198.683604226900
    Sweep 37/87 CPU time = 36.86s (Wall time = 2.380s)

    vN Entropy at center bond b=151 = 1.128391688021
    Eigs at center bond b=151: 0.6265 0.2153 0.0838 0.0287 0.0283 0.0098 0.0038 0.0013 0.0012 
    Largest link dim during sweep 38/87 was 87
    Largest truncation error: 8.51938e-09
    Energy after sweep 38/87 is -198.683960139844
    Sweep 38/87 CPU time = 53.69s (Wall time = 3.475s)

    vN Entropy at center bond b=151 = 0.624429368646
    Eigs at center bond b=151: 0.8184 0.1225 0.0490 0.0073 0.0018 
    Largest link dim during sweep 39/87 was 108
    Largest truncation error: 8.57879e-09
    Energy after sweep 39/87 is -198.757593823082
    Sweep 39/87 CPU time = 59.44s (Wall time = 3.818s)

    vN Entropy at center bond b=151 = 0.624440682333
    Eigs at center bond b=151: 0.8184 0.1225 0.0490 0.0073 0.0018 
    Largest link dim during sweep 40/87 was 48
    Largest truncation error: 8.63929e-09
    Energy after sweep 40/87 is -198.757733533254
    Sweep 40/87 CPU time = 37.42s (Wall time = 2.408s)

    vN Entropy at center bond b=151 = 0.624444195504
    Eigs at center bond b=151: 0.8184 0.1225 0.0490 0.0073 0.0018 
    Largest link dim during sweep 41/87 was 48
    Largest truncation error: 8.65755e-09
    Energy after sweep 41/87 is -198.757734145365
    Sweep 41/87 CPU time = 35.58s (Wall time = 2.286s)

    vN Entropy at center bond b=151 = 0.624445287709
    Eigs at center bond b=151: 0.8184 0.1225 0.0490 0.0073 0.0018 
    Largest link dim during sweep 42/87 was 48
    Largest truncation error: 8.66692e-09
    Energy after sweep 42/87 is -198.757734227647
    Sweep 42/87 CPU time = 35.73s (Wall time = 2.291s)

    vN Entropy at center bond b=151 = 0.624445637866
    Eigs at center bond b=151: 0.8184 0.1225 0.0490 0.0073 0.0018 
    Largest link dim during sweep 43/87 was 48
    Largest truncation error: 8.67172e-09
    Energy after sweep 43/87 is -198.757734218854
    Sweep 43/87 CPU time = 35.20s (Wall time = 2.259s)

    vN Entropy at center bond b=151 = 0.624445756093
    Eigs at center bond b=151: 0.8184 0.1225 0.0490 0.0073 0.0018 
    Largest link dim during sweep 44/87 was 48
    Largest truncation error: 8.6742e-09
    Energy after sweep 44/87 is -198.757734243390
    Sweep 44/87 CPU time = 35.61s (Wall time = 2.289s)

    vN Entropy at center bond b=151 = 0.624445794995
    Eigs at center bond b=151: 0.8184 0.1225 0.0490 0.0073 0.0018 
    Largest link dim during sweep 45/87 was 48
    Largest truncation error: 8.67542e-09
    Energy after sweep 45/87 is -198.757734247639
    Sweep 45/87 CPU time = 35.81s (Wall time = 2.302s)

    vN Entropy at center bond b=151 = 0.624445806594
    Eigs at center bond b=151: 0.8184 0.1225 0.0490 0.0073 0.0018 
    Largest link dim during sweep 46/87 was 48
    Largest truncation error: 8.67619e-09
    Energy after sweep 46/87 is -198.757734247940
    Sweep 46/87 CPU time = 35.63s (Wall time = 2.287s)

    vN Entropy at center bond b=151 = 0.624445809182
    Eigs at center bond b=151: 0.8184 0.1225 0.0490 0.0073 0.0018 
    Largest link dim during sweep 47/87 was 48
    Largest truncation error: 8.6767e-09
    Energy after sweep 47/87 is -198.757734247970
    Sweep 47/87 CPU time = 35.61s (Wall time = 2.284s)

    vN Entropy at center bond b=151 = 0.624445809115
    Eigs at center bond b=151: 0.8184 0.1225 0.0490 0.0073 0.0018 
    Largest link dim during sweep 48/87 was 48
    Largest truncation error: 8.67702e-09
    Energy after sweep 48/87 is -198.757734247944
    Sweep 48/87 CPU time = 36.01s (Wall time = 2.325s)

    vN Entropy at center bond b=151 = 0.624445808488
    Eigs at center bond b=151: 0.8184 0.1225 0.0490 0.0073 0.0018 
    Largest link dim during sweep 49/87 was 48
    Largest truncation error: 8.67721e-09
    Energy after sweep 49/87 is -198.757734247910
    Sweep 49/87 CPU time = 35.00s (Wall time = 2.251s)

    vN Entropy at center bond b=151 = 0.624445807906
    Eigs at center bond b=151: 0.8184 0.1225 0.0490 0.0073 0.0018 
    Largest link dim during sweep 50/87 was 48
    Largest truncation error: 8.67733e-09
    Energy after sweep 50/87 is -198.757734247885
    Sweep 50/87 CPU time = 35.62s (Wall time = 2.285s)

    vN Entropy at center bond b=151 = 0.624445807491
    Eigs at center bond b=151: 0.8184 0.1225 0.0490 0.0073 0.0018 
    Largest link dim during sweep 51/87 was 48
    Largest truncation error: 8.67741e-09
    Energy after sweep 51/87 is -198.757734247868
    Sweep 51/87 CPU time = 35.65s (Wall time = 2.281s)

    vN Entropy at center bond b=151 = 0.624445807225
    Eigs at center bond b=151: 0.8184 0.1225 0.0490 0.0073 0.0018 
    Largest link dim during sweep 52/87 was 48
    Largest truncation error: 8.67745e-09
    Energy after sweep 52/87 is -198.757734247851
    Sweep 52/87 CPU time = 35.92s (Wall time = 2.306s)

    vN Entropy at center bond b=151 = 0.624445807062
    Eigs at center bond b=151: 0.8184 0.1225 0.0490 0.0073 0.0018 
    Largest link dim during sweep 53/87 was 48
    Largest truncation error: 8.67748e-09
    Energy after sweep 53/87 is -198.757734247845
    Sweep 53/87 CPU time = 35.72s (Wall time = 2.299s)

    vN Entropy at center bond b=151 = 0.624445806966
    Eigs at center bond b=151: 0.8184 0.1225 0.0490 0.0073 0.0018 
    Largest link dim during sweep 54/87 was 48
    Largest truncation error: 8.6775e-09
    Energy after sweep 54/87 is -198.757734247839
    Sweep 54/87 CPU time = 35.61s (Wall time = 2.286s)

    vN Entropy at center bond b=151 = 0.624445806910
    Eigs at center bond b=151: 0.8184 0.1225 0.0490 0.0073 0.0018 
    Largest link dim during sweep 55/87 was 48
    Largest truncation error: 8.67751e-09
    Energy after sweep 55/87 is -198.757734247835
    Sweep 55/87 CPU time = 35.76s (Wall time = 2.287s)

    vN Entropy at center bond b=151 = 0.624445806877
    Eigs at center bond b=151: 0.8184 0.1225 0.0490 0.0073 0.0018 
    Largest link dim during sweep 56/87 was 48
    Largest truncation error: 8.67752e-09
    Energy after sweep 56/87 is -198.757734247837
    Sweep 56/87 CPU time = 35.72s (Wall time = 2.291s)

    vN Entropy at center bond b=151 = 0.624445806859
    Eigs at center bond b=151: 0.8184 0.1225 0.0490 0.0073 0.0018 
    Largest link dim during sweep 57/87 was 48
    Largest truncation error: 8.67752e-09
    Energy after sweep 57/87 is -198.757734247835
    Sweep 57/87 CPU time = 35.90s (Wall time = 2.326s)

    vN Entropy at center bond b=151 = 0.624445806849
    Eigs at center bond b=151: 0.8184 0.1225 0.0490 0.0073 0.0018 
    Largest link dim during sweep 58/87 was 48
    Largest truncation error: 8.67753e-09
    Energy after sweep 58/87 is -198.757734247830
    Sweep 58/87 CPU time = 35.63s (Wall time = 2.289s)

    vN Entropy at center bond b=151 = 0.624498746096
    Eigs at center bond b=151: 0.8184 0.1226 0.0490 0.0073 0.0018 
    Largest link dim during sweep 59/87 was 87
    Largest truncation error: 8.36405e-11
    Energy after sweep 59/87 is -198.757745204830
    Sweep 59/87 CPU time = 1m, 25.7s (Wall time = 5.516s)

    vN Entropy at center bond b=151 = 0.624508623821
    Eigs at center bond b=151: 0.8184 0.1226 0.0490 0.0073 0.0018 
    Largest link dim during sweep 60/87 was 90
    Largest truncation error: 8.20932e-11
    Energy after sweep 60/87 is -198.757745319215
    Sweep 60/87 CPU time = 2m, 17.2s (Wall time = 8.811s)

    vN Entropy at center bond b=151 = 0.624509942223
    Eigs at center bond b=151: 0.8184 0.1226 0.0490 0.0073 0.0018 
    Largest link dim during sweep 61/87 was 90
    Largest truncation error: 8.19959e-11
    Energy after sweep 61/87 is -198.757745323632
    Sweep 61/87 CPU time = 2m, 5.6s (Wall time = 8.071s)

    vN Entropy at center bond b=151 = 0.624510214097
    Eigs at center bond b=151: 0.8184 0.1226 0.0490 0.0073 0.0018 
    Largest link dim during sweep 62/87 was 90
    Largest truncation error: 8.20916e-11
    Energy after sweep 62/87 is -198.757745324031
    Sweep 62/87 CPU time = 2m, 10.2s (Wall time = 8.412s)

    vN Entropy at center bond b=151 = 0.624510300338
    Eigs at center bond b=151: 0.8184 0.1226 0.0490 0.0073 0.0018 
    Largest link dim during sweep 63/87 was 91
    Largest truncation error: 8.19022e-11
    Energy after sweep 63/87 is -198.757745327639
    Sweep 63/87 CPU time = 2m, 10.4s (Wall time = 8.372s)

    vN Entropy at center bond b=151 = 0.624510342175
    Eigs at center bond b=151: 0.8184 0.1226 0.0490 0.0073 0.0018 
    Largest link dim during sweep 64/87 was 91
    Largest truncation error: 8.19016e-11
    Energy after sweep 64/87 is -198.757745327969
    Sweep 64/87 CPU time = 2m, 12.6s (Wall time = 8.510s)

    vN Entropy at center bond b=151 = 0.624510390394
    Eigs at center bond b=151: 0.8184 0.1226 0.0490 0.0073 0.0018 
    Largest link dim during sweep 65/87 was 91
    Largest truncation error: 8.19233e-11
    Energy after sweep 65/87 is -198.757745328503
    Sweep 65/87 CPU time = 2m, 13.7s (Wall time = 8.595s)

    vN Entropy at center bond b=151 = 0.624510416043
    Eigs at center bond b=151: 0.8184 0.1226 0.0490 0.0073 0.0018 
    Largest link dim during sweep 66/87 was 91
    Largest truncation error: 8.2026e-11
    Energy after sweep 66/87 is -198.757745328725
    Sweep 66/87 CPU time = 2m, 13.7s (Wall time = 8.584s)

    vN Entropy at center bond b=151 = 0.624510428763
    Eigs at center bond b=151: 0.8184 0.1226 0.0490 0.0073 0.0018 
    Largest link dim during sweep 67/87 was 91
    Largest truncation error: 8.20258e-11
    Energy after sweep 67/87 is -198.757745329058
    Sweep 67/87 CPU time = 2m, 12.9s (Wall time = 8.547s)

    vN Entropy at center bond b=151 = 0.624510435389
    Eigs at center bond b=151: 0.8184 0.1226 0.0490 0.0073 0.0018 
    Largest link dim during sweep 68/87 was 91
    Largest truncation error: 8.2027e-11
    Energy after sweep 68/87 is -198.757745329098
    Sweep 68/87 CPU time = 2m, 8.7s (Wall time = 8.279s)

    vN Entropy at center bond b=151 = 0.624510439028
    Eigs at center bond b=151: 0.8184 0.1226 0.0490 0.0073 0.0018 
    Largest link dim during sweep 69/87 was 91
    Largest truncation error: 8.20275e-11
    Energy after sweep 69/87 is -198.757745329115
    Sweep 69/87 CPU time = 2m, 10.0s (Wall time = 8.392s)

    vN Entropy at center bond b=151 = 0.624510441092
    Eigs at center bond b=151: 0.8184 0.1226 0.0490 0.0073 0.0018 
    Largest link dim during sweep 70/87 was 91
    Largest truncation error: 8.20282e-11
    Energy after sweep 70/87 is -198.757745329126
    Sweep 70/87 CPU time = 2m, 9.2s (Wall time = 8.295s)

    vN Entropy at center bond b=151 = 0.624510442281
    Eigs at center bond b=151: 0.8184 0.1226 0.0490 0.0073 0.0018 
    Largest link dim during sweep 71/87 was 91
    Largest truncation error: 8.20283e-11
    Energy after sweep 71/87 is -198.757745329133
    Sweep 71/87 CPU time = 2m, 8.6s (Wall time = 8.275s)

    vN Entropy at center bond b=151 = 0.624510442972
    Eigs at center bond b=151: 0.8184 0.1226 0.0490 0.0073 0.0018 
    Largest link dim during sweep 72/87 was 91
    Largest truncation error: 8.20286e-11
    Energy after sweep 72/87 is -198.757745329138
    Sweep 72/87 CPU time = 2m, 8.8s (Wall time = 8.283s)

    vN Entropy at center bond b=151 = 0.624510443374
    Eigs at center bond b=151: 0.8184 0.1226 0.0490 0.0073 0.0018 
    Largest link dim during sweep 73/87 was 91
    Largest truncation error: 8.20287e-11
    Energy after sweep 73/87 is -198.757745329139
    Sweep 73/87 CPU time = 2m, 8.8s (Wall time = 8.283s)

    vN Entropy at center bond b=151 = 0.624510443608
    Eigs at center bond b=151: 0.8184 0.1226 0.0490 0.0073 0.0018 
    Largest link dim during sweep 74/87 was 91
    Largest truncation error: 8.20287e-11
    Energy after sweep 74/87 is -198.757745329140
    Sweep 74/87 CPU time = 2m, 8.6s (Wall time = 8.253s)

    vN Entropy at center bond b=151 = 0.624513947121
    Eigs at center bond b=151: 0.8184 0.1226 0.0490 0.0073 0.0018 
    Largest link dim during sweep 75/87 was 152
    Largest truncation error: 8.28266e-13
    Energy after sweep 75/87 is -198.757745466262
    Sweep 75/87 CPU time = 3m, 27.1s (Wall time = 13.36s)

    vN Entropy at center bond b=151 = 0.624514162094
    Eigs at center bond b=151: 0.8184 0.1226 0.0490 0.0073 0.0018 
    Largest link dim during sweep 76/87 was 160
    Largest truncation error: 8.19462e-13
    Energy after sweep 76/87 is -198.757745467919
    Sweep 76/87 CPU time = 4m, 50.9s (Wall time = 18.94s)

    vN Entropy at center bond b=151 = 0.624514259776
    Eigs at center bond b=151: 0.8184 0.1226 0.0490 0.0073 0.0018 
    Largest link dim during sweep 77/87 was 158
    Largest truncation error: 8.22025e-13
    Energy after sweep 77/87 is -198.757745468330
    Sweep 77/87 CPU time = 4m, 51.7s (Wall time = 18.87s)

    vN Entropy at center bond b=151 = 0.624514311062
    Eigs at center bond b=151: 0.8184 0.1226 0.0490 0.0073 0.0018 
    Largest link dim during sweep 78/87 was 158
    Largest truncation error: 8.15079e-13
    Energy after sweep 78/87 is -198.757745468493
    Sweep 78/87 CPU time = 4m, 40.4s (Wall time = 18.28s)

    vN Entropy at center bond b=151 = 0.624514340660
    Eigs at center bond b=151: 0.8184 0.1226 0.0490 0.0073 0.0018 
    Largest link dim during sweep 79/87 was 158
    Largest truncation error: 8.17991e-13
    Energy after sweep 79/87 is -198.757745468567
    Sweep 79/87 CPU time = 4m, 31.9s (Wall time = 17.65s)

    vN Entropy at center bond b=151 = 0.624514358436
    Eigs at center bond b=151: 0.8184 0.1226 0.0490 0.0073 0.0018 
    Largest link dim during sweep 80/87 was 158
    Largest truncation error: 8.17657e-13
    Energy after sweep 80/87 is -198.757745468596
    Sweep 80/87 CPU time = 4m, 31.1s (Wall time = 17.59s)

    vN Entropy at center bond b=151 = 0.624514369227
    Eigs at center bond b=151: 0.8184 0.1226 0.0490 0.0073 0.0018 
    Largest link dim during sweep 81/87 was 158
    Largest truncation error: 8.17172e-13
    Energy after sweep 81/87 is -198.757745468615
    Sweep 81/87 CPU time = 4m, 29.9s (Wall time = 17.51s)

    vN Entropy at center bond b=151 = 0.624514375866
    Eigs at center bond b=151: 0.8184 0.1226 0.0490 0.0073 0.0018 
    Largest link dim during sweep 82/87 was 158
    Largest truncation error: 8.18288e-13
    Energy after sweep 82/87 is -198.757745468620
    Sweep 82/87 CPU time = 4m, 44.3s (Wall time = 18.37s)

    vN Entropy at center bond b=151 = 0.624514732867
    Eigs at center bond b=151: 0.8184 0.1226 0.0490 0.0073 0.0018 
    Largest link dim during sweep 83/87 was 144
    Largest truncation error: 8.30547e-13
    Energy after sweep 83/87 is -198.757745468139
    Sweep 83/87 CPU time = 3m, 52.9s (Wall time = 15.01s)

    vN Entropy at center bond b=151 = 0.624514742618
    Eigs at center bond b=151: 0.8184 0.1226 0.0490 0.0073 0.0018 
    Largest link dim during sweep 84/87 was 236
    Largest truncation error: 8.3048e-15
    Energy after sweep 84/87 is -198.757745470236
    Sweep 84/87 CPU time = 9m, 8.5s (Wall time = 37.94s)

    vN Entropy at center bond b=151 = 0.624514752208
    Eigs at center bond b=151: 0.8184 0.1226 0.0490 0.0073 0.0018 
    Largest link dim during sweep 85/87 was 254
    Largest truncation error: 8.24932e-15
    Energy after sweep 85/87 is -198.757745470310
    Sweep 85/87 CPU time = 14m, 48s (Wall time = 58.82s)

    vN Entropy at center bond b=151 = 0.624514756540
    Eigs at center bond b=151: 0.8184 0.1226 0.0490 0.0073 0.0018 
    Largest link dim during sweep 86/87 was 250
    Largest truncation error: 8.31307e-15
    Energy after sweep 86/87 is -198.757745470332
    Sweep 86/87 CPU time = 15m, 36s (Wall time = 1m, 0.2s)

    vN Entropy at center bond b=151 = 0.624514758539
    Eigs at center bond b=151: 0.8184 0.1226 0.0490 0.0073 0.0018 
    Largest link dim during sweep 87/87 was 246
    Largest truncation error: 8.25437e-15
    Energy after sweep 87/87 is -198.757745470318
    Sweep 87/87 CPU time = 12m, 12s (Wall time = 47.13s)
Initial energy = 0.30000

Ground State Energy = -198.7577454703
run_outputs/outputpsi/N_303_sweep_87_t_0.030000_J_1.000000_V_0.600000_D_0.018000_U_-0.010000_mu_0.000000_E_0.100000 converge
Wall-clock time (s) = 2213.422677
