//////////////////////////
Reading input file ......

Got input.N = 300
Got input.t = 0.03
Got input.J = 1
Got input.V = 0.6
Got input.D = 0.018
Got input.U = -0.01
Got input.mu = 0
Got input.E = 0
Got input.nsweeps = 87
Sweeps:
1  MaxDim=20, MinDim=20, Cutoff=1.0E-06, Niter=8, Noise=1.0E-05
2  MaxDim=20, MinDim=20, Cutoff=1.0E-06, Niter=8, Noise=1.0E-05
3  MaxDim=20, MinDim=20, Cutoff=1.0E-06, Niter=8, Noise=1.0E-05
4  MaxDim=20, MinDim=20, Cutoff=1.0E-06, Niter=8, Noise=1.0E-05
5  MaxDim=20, MinDim=20, Cutoff=1.0E-06, Niter=8, Noise=1.0E-05
6  MaxDim=20, MinDim=20, Cutoff=1.0E-06, Niter=8, Noise=1.0E-05
7  MaxDim=20, MinDim=20, Cutoff=1.0E-06, Niter=8, Noise=1.0E-05
8  MaxDim=40, MinDim=20, Cutoff=1.0E-06, Niter=4, Noise=1.0E-05
9  MaxDim=40, MinDim=20, Cutoff=1.0E-06, Niter=4, Noise=1.0E-05
10  MaxDim=40, MinDim=20, Cutoff=1.0E-06, Niter=4, Noise=1.0E-05
11  MaxDim=40, MinDim=20, Cutoff=1.0E-06, Niter=4, Noise=1.0E-05
12  MaxDim=40, MinDim=20, Cutoff=1.0E-06, Niter=4, Noise=1.0E-05
13  MaxDim=40, MinDim=20, Cutoff=1.0E-06, Niter=4, Noise=1.0E-05
14  MaxDim=40, MinDim=20, Cutoff=1.0E-06, Niter=4, Noise=1.0E-05
15  MaxDim=80, MinDim=10, Cutoff=1.0E-06, Niter=4, Noise=1.0E-05
16  MaxDim=80, MinDim=10, Cutoff=1.0E-06, Niter=4, Noise=1.0E-05
17  MaxDim=80, MinDim=10, Cutoff=1.0E-06, Niter=4, Noise=1.0E-05
18  MaxDim=80, MinDim=10, Cutoff=1.0E-06, Niter=4, Noise=1.0E-05
19  MaxDim=80, MinDim=10, Cutoff=1.0E-06, Niter=4, Noise=1.0E-05
20  MaxDim=80, MinDim=10, Cutoff=1.0E-06, Niter=4, Noise=1.0E-05
21  MaxDim=80, MinDim=10, Cutoff=1.0E-06, Niter=4, Noise=1.0E-05
22  MaxDim=80, MinDim=10, Cutoff=1.0E-06, Niter=4, Noise=1.0E-05
23  MaxDim=80, MinDim=10, Cutoff=1.0E-06, Niter=4, Noise=1.0E-05
24  MaxDim=80, MinDim=10, Cutoff=1.0E-06, Niter=4, Noise=1.0E-05
25  MaxDim=80, MinDim=10, Cutoff=1.0E-06, Niter=4, Noise=1.0E-05
26  MaxDim=80, MinDim=10, Cutoff=1.0E-06, Niter=4, Noise=1.0E-05
27  MaxDim=80, MinDim=10, Cutoff=1.0E-06, Niter=4, Noise=1.0E-05
28  MaxDim=80, MinDim=10, Cutoff=1.0E-06, Niter=4, Noise=1.0E-05
29  MaxDim=80, MinDim=10, Cutoff=1.0E-06, Niter=4, Noise=1.0E-05
30  MaxDim=80, MinDim=10, Cutoff=1.0E-06, Niter=4, Noise=1.0E-05
31  MaxDim=80, MinDim=10, Cutoff=1.0E-06, Niter=4, Noise=1.0E-05
32  MaxDim=80, MinDim=10, Cutoff=1.0E-06, Niter=4, Noise=1.0E-05
33  MaxDim=80, MinDim=10, Cutoff=1.0E-06, Niter=4, Noise=1.0E-05
34  MaxDim=80, MinDim=10, Cutoff=1.0E-06, Niter=4, Noise=1.0E-05
35  MaxDim=80, MinDim=10, Cutoff=1.0E-06, Niter=4, Noise=1.0E-05
36  MaxDim=80, MinDim=10, Cutoff=1.0E-06, Niter=4, Noise=1.0E-05
37  MaxDim=160, MinDim=10, Cutoff=1.0E-08, Niter=4, Noise=1.0E-06
38  MaxDim=160, MinDim=10, Cutoff=1.0E-08, Niter=4, Noise=1.0E-06
39  MaxDim=160, MinDim=10, Cutoff=1.0E-08, Niter=4, Noise=1.0E-06
40  MaxDim=160, MinDim=10, Cutoff=1.0E-08, Niter=4, Noise=1.0E-06
41  MaxDim=160, MinDim=10, Cutoff=1.0E-08, Niter=4, Noise=1.0E-06
42  MaxDim=160, MinDim=10, Cutoff=1.0E-08, Niter=4, Noise=1.0E-06
43  MaxDim=160, MinDim=10, Cutoff=1.0E-08, Niter=4, Noise=1.0E-06
44  MaxDim=160, MinDim=10, Cutoff=1.0E-08, Niter=4, Noise=1.0E-06
45  MaxDim=160, MinDim=10, Cutoff=1.0E-08, Niter=4, Noise=1.0E-06
46  MaxDim=160, MinDim=10, Cutoff=1.0E-08, Niter=4, Noise=1.0E-06
47  MaxDim=160, MinDim=10, Cutoff=1.0E-08, Niter=4, Noise=1.0E-06
48  MaxDim=160, MinDim=10, Cutoff=1.0E-08, Niter=4, Noise=1.0E-06
49  MaxDim=160, MinDim=10, Cutoff=1.0E-08, Niter=4, Noise=1.0E-06
50  MaxDim=160, MinDim=10, Cutoff=1.0E-08, Niter=4, Noise=1.0E-06
51  MaxDim=160, MinDim=10, Cutoff=1.0E-08, Niter=4, Noise=1.0E-06
52  MaxDim=160, MinDim=10, Cutoff=1.0E-08, Niter=4, Noise=1.0E-06
53  MaxDim=160, MinDim=10, Cutoff=1.0E-08, Niter=4, Noise=1.0E-06
54  MaxDim=160, MinDim=10, Cutoff=1.0E-08, Niter=4, Noise=1.0E-06
55  MaxDim=160, MinDim=10, Cutoff=1.0E-08, Niter=4, Noise=1.0E-06
56  MaxDim=160, MinDim=10, Cutoff=1.0E-08, Niter=4, Noise=1.0E-06
57  MaxDim=160, MinDim=10, Cutoff=1.0E-08, Niter=4, Noise=1.0E-06
58  MaxDim=160, MinDim=10, Cutoff=1.0E-08, Niter=4, Noise=1.0E-06
59  MaxDim=320, MinDim=10, Cutoff=1.0E-10, Niter=4, Noise=1.0E-07
60  MaxDim=320, MinDim=10, Cutoff=1.0E-10, Niter=4, Noise=1.0E-07
61  MaxDim=320, MinDim=10, Cutoff=1.0E-10, Niter=4, Noise=1.0E-07
62  MaxDim=320, MinDim=10, Cutoff=1.0E-10, Niter=4, Noise=1.0E-07
63  MaxDim=320, MinDim=10, Cutoff=1.0E-10, Niter=4, Noise=1.0E-07
64  MaxDim=320, MinDim=10, Cutoff=1.0E-10, Niter=4, Noise=1.0E-07
65  MaxDim=320, MinDim=10, Cutoff=1.0E-10, Niter=4, Noise=1.0E-07
66  MaxDim=320, MinDim=10, Cutoff=1.0E-10, Niter=4, Noise=1.0E-07
67  MaxDim=320, MinDim=10, Cutoff=1.0E-10, Niter=4, Noise=1.0E-07
68  MaxDim=320, MinDim=10, Cutoff=1.0E-10, Niter=4, Noise=1.0E-07
69  MaxDim=320, MinDim=10, Cutoff=1.0E-10, Niter=4, Noise=1.0E-07
70  MaxDim=320, MinDim=10, Cutoff=1.0E-10, Niter=4, Noise=1.0E-07
71  MaxDim=320, MinDim=10, Cutoff=1.0E-10, Niter=4, Noise=1.0E-07
72  MaxDim=320, MinDim=10, Cutoff=1.0E-10, Niter=4, Noise=1.0E-07
73  MaxDim=320, MinDim=10, Cutoff=1.0E-10, Niter=4, Noise=1.0E-07
74  MaxDim=320, MinDim=10, Cutoff=1.0E-10, Niter=4, Noise=1.0E-07
75  MaxDim=640, MinDim=10, Cutoff=1.0E-12, Niter=2, Noise=1.0E-08
76  MaxDim=640, MinDim=10, Cutoff=1.0E-12, Niter=2, Noise=1.0E-08
77  MaxDim=640, MinDim=10, Cutoff=1.0E-12, Niter=2, Noise=1.0E-08
78  MaxDim=640, MinDim=10, Cutoff=1.0E-12, Niter=2, Noise=1.0E-08
79  MaxDim=640, MinDim=10, Cutoff=1.0E-12, Niter=2, Noise=1.0E-08
80  MaxDim=640, MinDim=10, Cutoff=1.0E-12, Niter=2, Noise=1.0E-08
81  MaxDim=640, MinDim=10, Cutoff=1.0E-12, Niter=2, Noise=1.0E-08
82  MaxDim=640, MinDim=10, Cutoff=1.0E-12, Niter=2, Noise=1.0E-08
83  MaxDim=1280, MinDim=10, Cutoff=1.0E-12, Niter=2, Noise=0.0E+00
84  MaxDim=1280, MinDim=10, Cutoff=1.0E-14, Niter=2, Noise=0.0E+00
85  MaxDim=1280, MinDim=10, Cutoff=1.0E-14, Niter=2, Noise=0.0E+00
86  MaxDim=1280, MinDim=10, Cutoff=1.0E-14, Niter=2, Noise=0.0E+00
87  MaxDim=1280, MinDim=10, Cutoff=1.0E-14, Niter=2, Noise=0.0E+00


    vN Entropy at center bond b=150 = 0.696952534796
    Eigs at center bond b=150: 0.7810 0.1726 0.0226 0.0152 0.0040 0.0032 
    Largest link dim during sweep 1/87 was 20
    Largest truncation error: 2.0107e-05
    Energy after sweep 1/87 is -196.313090975418
    Sweep 1/87 CPU time = 18.60s (Wall time = 1.211s)

    vN Entropy at center bond b=150 = 0.582552192823
    Eigs at center bond b=150: 0.8100 0.1642 0.0196 0.0040 0.0012 
    Largest link dim during sweep 2/87 was 20
    Largest truncation error: 1.00943e-05
    Energy after sweep 2/87 is -196.688710206020
    Sweep 2/87 CPU time = 26.14s (Wall time = 1.674s)

    vN Entropy at center bond b=150 = 0.583838123922
    Eigs at center bond b=150: 0.8099 0.1642 0.0196 0.0040 0.0013 
    Largest link dim during sweep 3/87 was 20
    Largest truncation error: 7.43233e-06
    Energy after sweep 3/87 is -196.691225799581
    Sweep 3/87 CPU time = 25.79s (Wall time = 1.656s)

    vN Entropy at center bond b=150 = 0.583850251388
    Eigs at center bond b=150: 0.8099 0.1642 0.0196 0.0040 0.0013 
    Largest link dim during sweep 4/87 was 20
    Largest truncation error: 8.35317e-06
    Energy after sweep 4/87 is -196.691640978105
    Sweep 4/87 CPU time = 25.81s (Wall time = 1.654s)

    vN Entropy at center bond b=150 = 0.583849992862
    Eigs at center bond b=150: 0.8099 0.1642 0.0196 0.0040 0.0013 
    Largest link dim during sweep 5/87 was 20
    Largest truncation error: 8.36619e-06
    Energy after sweep 5/87 is -196.691723202289
    Sweep 5/87 CPU time = 25.80s (Wall time = 1.652s)

    vN Entropy at center bond b=150 = 0.583849688928
    Eigs at center bond b=150: 0.8099 0.1642 0.0196 0.0040 0.0013 
    Largest link dim during sweep 6/87 was 20
    Largest truncation error: 8.46543e-06
    Energy after sweep 6/87 is -196.691747413028
    Sweep 6/87 CPU time = 25.71s (Wall time = 1.649s)

    vN Entropy at center bond b=150 = 0.583849717208
    Eigs at center bond b=150: 0.8099 0.1642 0.0196 0.0040 0.0013 
    Largest link dim during sweep 7/87 was 20
    Largest truncation error: 8.51635e-06
    Energy after sweep 7/87 is -196.691753475605
    Sweep 7/87 CPU time = 25.87s (Wall time = 1.662s)

    vN Entropy at center bond b=150 = 0.583837174685
    Eigs at center bond b=150: 0.8099 0.1642 0.0196 0.0040 0.0013 
    Largest link dim during sweep 8/87 was 34
    Largest truncation error: 8.13079e-07
    Energy after sweep 8/87 is -196.692434839769
    Sweep 8/87 CPU time = 17.03s (Wall time = 1.124s)

    vN Entropy at center bond b=150 = 0.583837462707
    Eigs at center bond b=150: 0.8099 0.1642 0.0196 0.0040 0.0013 
    Largest link dim during sweep 9/87 was 35
    Largest truncation error: 8.0323e-07
    Energy after sweep 9/87 is -196.692515596013
    Sweep 9/87 CPU time = 14.91s (Wall time = 0.958s)

    vN Entropy at center bond b=150 = 0.583837851198
    Eigs at center bond b=150: 0.8099 0.1642 0.0196 0.0040 0.0013 
    Largest link dim during sweep 10/87 was 35
    Largest truncation error: 7.99889e-07
    Energy after sweep 10/87 is -196.692564752862
    Sweep 10/87 CPU time = 15.02s (Wall time = 0.964s)

    vN Entropy at center bond b=150 = 0.583838658615
    Eigs at center bond b=150: 0.8099 0.1642 0.0196 0.0040 0.0013 
    Largest link dim during sweep 11/87 was 35
    Largest truncation error: 7.95758e-07
    Energy after sweep 11/87 is -196.692600733269
    Sweep 11/87 CPU time = 15.11s (Wall time = 0.965s)

    vN Entropy at center bond b=150 = 0.583839596699
    Eigs at center bond b=150: 0.8099 0.1642 0.0196 0.0040 0.0013 
    Largest link dim during sweep 12/87 was 36
    Largest truncation error: 7.96921e-07
    Energy after sweep 12/87 is -196.692625857967
    Sweep 12/87 CPU time = 15.08s (Wall time = 0.972s)

    vN Entropy at center bond b=150 = 0.583840270325
    Eigs at center bond b=150: 0.8099 0.1642 0.0196 0.0040 0.0013 
    Largest link dim during sweep 13/87 was 36
    Largest truncation error: 8.07104e-07
    Energy after sweep 13/87 is -196.692643995496
    Sweep 13/87 CPU time = 15.14s (Wall time = 0.968s)

    vN Entropy at center bond b=150 = 0.583840974144
    Eigs at center bond b=150: 0.8099 0.1642 0.0196 0.0040 0.0013 
    Largest link dim during sweep 14/87 was 36
    Largest truncation error: 7.9081e-07
    Energy after sweep 14/87 is -196.692660485532
    Sweep 14/87 CPU time = 15.16s (Wall time = 0.968s)

    vN Entropy at center bond b=150 = 0.583539187125
    Eigs at center bond b=150: 0.8099 0.1642 0.0196 0.0040 0.0013 
    Largest link dim during sweep 15/87 was 36
    Largest truncation error: 8.18659e-07
    Energy after sweep 15/87 is -196.692416193169
    Sweep 15/87 CPU time = 14.06s (Wall time = 0.901s)

    vN Entropy at center bond b=150 = 0.583402536777
    Eigs at center bond b=150: 0.8099 0.1642 0.0196 0.0040 0.0013 
    Largest link dim during sweep 16/87 was 36
    Largest truncation error: 8.09226e-07
    Energy after sweep 16/87 is -196.692424707279
    Sweep 16/87 CPU time = 13.92s (Wall time = 0.892s)

    vN Entropy at center bond b=150 = 0.583355139170
    Eigs at center bond b=150: 0.8099 0.1641 0.0196 0.0040 0.0013 
    Largest link dim during sweep 17/87 was 36
    Largest truncation error: 8.40126e-07
    Energy after sweep 17/87 is -196.692431210540
    Sweep 17/87 CPU time = 13.98s (Wall time = 0.897s)

    vN Entropy at center bond b=150 = 0.583338888752
    Eigs at center bond b=150: 0.8099 0.1641 0.0196 0.0040 0.0013 
    Largest link dim during sweep 18/87 was 36
    Largest truncation error: 8.1108e-07
    Energy after sweep 18/87 is -196.692439838462
    Sweep 18/87 CPU time = 13.99s (Wall time = 0.897s)

    vN Entropy at center bond b=150 = 0.583332819287
    Eigs at center bond b=150: 0.8099 0.1641 0.0196 0.0040 0.0013 
    Largest link dim during sweep 19/87 was 36
    Largest truncation error: 8.32926e-07
    Energy after sweep 19/87 is -196.692445516307
    Sweep 19/87 CPU time = 14.01s (Wall time = 0.897s)

    vN Entropy at center bond b=150 = 0.583329614552
    Eigs at center bond b=150: 0.8099 0.1641 0.0196 0.0040 0.0013 
    Largest link dim during sweep 20/87 was 36
    Largest truncation error: 8.39102e-07
    Energy after sweep 20/87 is -196.692450753560
    Sweep 20/87 CPU time = 14.14s (Wall time = 0.902s)

    vN Entropy at center bond b=150 = 0.583328136734
    Eigs at center bond b=150: 0.8100 0.1641 0.0196 0.0040 0.0013 
    Largest link dim during sweep 21/87 was 36
    Largest truncation error: 8.40408e-07
    Energy after sweep 21/87 is -196.692458718403
    Sweep 21/87 CPU time = 14.06s (Wall time = 0.901s)

    vN Entropy at center bond b=150 = 0.583325770396
    Eigs at center bond b=150: 0.8100 0.1641 0.0196 0.0040 0.0013 
    Largest link dim during sweep 22/87 was 36
    Largest truncation error: 8.40883e-07
    Energy after sweep 22/87 is -196.692464566151
    Sweep 22/87 CPU time = 14.10s (Wall time = 0.900s)

    vN Entropy at center bond b=150 = 0.583324366006
    Eigs at center bond b=150: 0.8100 0.1641 0.0196 0.0040 0.0013 
    Largest link dim during sweep 23/87 was 36
    Largest truncation error: 8.41097e-07
    Energy after sweep 23/87 is -196.692468252947
    Sweep 23/87 CPU time = 14.11s (Wall time = 0.904s)

    vN Entropy at center bond b=150 = 0.583323669105
    Eigs at center bond b=150: 0.8100 0.1641 0.0196 0.0040 0.0013 
    Largest link dim during sweep 24/87 was 36
    Largest truncation error: 8.41203e-07
    Energy after sweep 24/87 is -196.692469972108
    Sweep 24/87 CPU time = 14.06s (Wall time = 0.905s)

    vN Entropy at center bond b=150 = 0.583323463379
    Eigs at center bond b=150: 0.8100 0.1641 0.0196 0.0040 0.0013 
    Largest link dim during sweep 25/87 was 36
    Largest truncation error: 8.41259e-07
    Energy after sweep 25/87 is -196.692478197591
    Sweep 25/87 CPU time = 14.12s (Wall time = 0.904s)

    vN Entropy at center bond b=150 = 0.583322976958
    Eigs at center bond b=150: 0.8100 0.1641 0.0196 0.0040 0.0013 
    Largest link dim during sweep 26/87 was 36
    Largest truncation error: 8.41288e-07
    Energy after sweep 26/87 is -196.692482346422
    Sweep 26/87 CPU time = 14.14s (Wall time = 0.906s)

    vN Entropy at center bond b=150 = 0.583323431417
    Eigs at center bond b=150: 0.8100 0.1641 0.0196 0.0040 0.0013 
    Largest link dim during sweep 27/87 was 36
    Largest truncation error: 8.41304e-07
    Energy after sweep 27/87 is -196.692487936476
    Sweep 27/87 CPU time = 14.18s (Wall time = 0.907s)

    vN Entropy at center bond b=150 = 0.583323237212
    Eigs at center bond b=150: 0.8100 0.1641 0.0196 0.0040 0.0013 
    Largest link dim during sweep 28/87 was 36
    Largest truncation error: 8.41313e-07
    Energy after sweep 28/87 is -196.692494788590
    Sweep 28/87 CPU time = 14.13s (Wall time = 0.908s)

    vN Entropy at center bond b=150 = 0.583323197226
    Eigs at center bond b=150: 0.8100 0.1641 0.0196 0.0040 0.0013 
    Largest link dim during sweep 29/87 was 36
    Largest truncation error: 8.41318e-07
    Energy after sweep 29/87 is -196.692498878735
    Sweep 29/87 CPU time = 14.21s (Wall time = 0.909s)

    vN Entropy at center bond b=150 = 0.583323319382
    Eigs at center bond b=150: 0.8100 0.1641 0.0196 0.0040 0.0013 
    Largest link dim during sweep 30/87 was 36
    Largest truncation error: 8.4132e-07
    Energy after sweep 30/87 is -196.692501998294
    Sweep 30/87 CPU time = 14.17s (Wall time = 0.908s)

    vN Entropy at center bond b=150 = 0.583323324207
    Eigs at center bond b=150: 0.8100 0.1641 0.0196 0.0040 0.0013 
    Largest link dim during sweep 31/87 was 36
    Largest truncation error: 8.41322e-07
    Energy after sweep 31/87 is -196.692504670219
    Sweep 31/87 CPU time = 14.23s (Wall time = 0.908s)

    vN Entropy at center bond b=150 = 0.583323691658
    Eigs at center bond b=150: 0.8100 0.1641 0.0196 0.0040 0.0013 
    Largest link dim during sweep 32/87 was 36
    Largest truncation error: 8.41322e-07
    Energy after sweep 32/87 is -196.692506429382
    Sweep 32/87 CPU time = 14.21s (Wall time = 0.908s)

    vN Entropy at center bond b=150 = 0.583324418702
    Eigs at center bond b=150: 0.8100 0.1641 0.0196 0.0040 0.0013 
    Largest link dim during sweep 33/87 was 36
    Largest truncation error: 8.41323e-07
    Energy after sweep 33/87 is -196.692508481209
    Sweep 33/87 CPU time = 14.18s (Wall time = 0.908s)

    vN Entropy at center bond b=150 = 0.583324998403
    Eigs at center bond b=150: 0.8100 0.1641 0.0196 0.0040 0.0013 
    Largest link dim during sweep 34/87 was 36
    Largest truncation error: 8.41323e-07
    Energy after sweep 34/87 is -196.692509664202
    Sweep 34/87 CPU time = 14.20s (Wall time = 0.909s)

    vN Entropy at center bond b=150 = 0.583326321686
    Eigs at center bond b=150: 0.8100 0.1641 0.0196 0.0040 0.0013 
    Largest link dim during sweep 35/87 was 36
    Largest truncation error: 8.41323e-07
    Energy after sweep 35/87 is -196.692513657399
    Sweep 35/87 CPU time = 14.19s (Wall time = 0.913s)

    vN Entropy at center bond b=150 = 0.583330845791
    Eigs at center bond b=150: 0.8099 0.1641 0.0196 0.0040 0.0013 
    Largest link dim during sweep 36/87 was 36
    Largest truncation error: 8.41323e-07
    Energy after sweep 36/87 is -196.692516412064
    Sweep 36/87 CPU time = 14.22s (Wall time = 0.910s)

    vN Entropy at center bond b=150 = 0.584347595025
    Eigs at center bond b=150: 0.8096 0.1644 0.0197 0.0040 0.0013 
    Largest link dim during sweep 37/87 was 70
    Largest truncation error: 8.32177e-09
    Energy after sweep 37/87 is -196.693433582078
    Sweep 37/87 CPU time = 30.37s (Wall time = 1.995s)

    vN Entropy at center bond b=150 = 0.584690981839
    Eigs at center bond b=150: 0.8096 0.1644 0.0197 0.0040 0.0013 
    Largest link dim during sweep 38/87 was 74
    Largest truncation error: 8.42789e-09
    Energy after sweep 38/87 is -196.693498685097
    Sweep 38/87 CPU time = 43.50s (Wall time = 2.811s)

    vN Entropy at center bond b=150 = 0.585083213321
    Eigs at center bond b=150: 0.8095 0.1644 0.0197 0.0040 0.0013 
    Largest link dim during sweep 39/87 was 75
    Largest truncation error: 8.45631e-09
    Energy after sweep 39/87 is -196.693545635796
    Sweep 39/87 CPU time = 44.93s (Wall time = 2.884s)

    vN Entropy at center bond b=150 = 0.586431114961
    Eigs at center bond b=150: 0.8091 0.1647 0.0197 0.0040 0.0014 
    Largest link dim during sweep 40/87 was 76
    Largest truncation error: 8.46154e-09
    Energy after sweep 40/87 is -196.693584884039
    Sweep 40/87 CPU time = 46.35s (Wall time = 2.974s)

    vN Entropy at center bond b=150 = 0.589614905840
    Eigs at center bond b=150: 0.8083 0.1652 0.0196 0.0040 0.0016 
    Largest link dim during sweep 41/87 was 77
    Largest truncation error: 8.46339e-09
    Energy after sweep 41/87 is -196.693617035363
    Sweep 41/87 CPU time = 48.02s (Wall time = 3.084s)

    vN Entropy at center bond b=150 = 0.595136989666
    Eigs at center bond b=150: 0.8071 0.1657 0.0196 0.0040 0.0020 
    Largest link dim during sweep 42/87 was 78
    Largest truncation error: 8.46428e-09
    Energy after sweep 42/87 is -196.693643833946
    Sweep 42/87 CPU time = 49.14s (Wall time = 3.154s)

    vN Entropy at center bond b=150 = 0.603429645605
    Eigs at center bond b=150: 0.8053 0.1664 0.0196 0.0041 0.0026 
    Largest link dim during sweep 43/87 was 78
    Largest truncation error: 8.46476e-09
    Energy after sweep 43/87 is -196.693666607282
    Sweep 43/87 CPU time = 50.66s (Wall time = 3.253s)

    vN Entropy at center bond b=150 = 0.613906733036
    Eigs at center bond b=150: 0.8031 0.1671 0.0195 0.0041 0.0037 
    Largest link dim during sweep 44/87 was 78
    Largest truncation error: 8.46504e-09
    Energy after sweep 44/87 is -196.693685635684
    Sweep 44/87 CPU time = 51.96s (Wall time = 3.359s)

    vN Entropy at center bond b=150 = 0.625815761188
    Eigs at center bond b=150: 0.8006 0.1678 0.0195 0.0052 0.0041 0.0011 
    Largest link dim during sweep 45/87 was 79
    Largest truncation error: 8.46519e-09
    Energy after sweep 45/87 is -196.693701845692
    Sweep 45/87 CPU time = 53.50s (Wall time = 3.436s)

    vN Entropy at center bond b=150 = 0.638757856459
    Eigs at center bond b=150: 0.7977 0.1684 0.0194 0.0069 0.0041 0.0015 
    Largest link dim during sweep 46/87 was 79
    Largest truncation error: 8.46529e-09
    Energy after sweep 46/87 is -196.693715782592
    Sweep 46/87 CPU time = 54.70s (Wall time = 3.516s)

    vN Entropy at center bond b=150 = 0.652221182532
    Eigs at center bond b=150: 0.7947 0.1690 0.0193 0.0089 0.0041 0.0019 
    Largest link dim during sweep 47/87 was 79
    Largest truncation error: 8.46534e-09
    Energy after sweep 47/87 is -196.693727699505
    Sweep 47/87 CPU time = 55.56s (Wall time = 3.566s)

    vN Entropy at center bond b=150 = 0.665826959272
    Eigs at center bond b=150: 0.7915 0.1695 0.0192 0.0110 0.0041 0.0024 
    Largest link dim during sweep 48/87 was 79
    Largest truncation error: 8.46537e-09
    Energy after sweep 48/87 is -196.693737989455
    Sweep 48/87 CPU time = 56.18s (Wall time = 3.615s)

    vN Entropy at center bond b=150 = 0.679514533030
    Eigs at center bond b=150: 0.7882 0.1701 0.0192 0.0133 0.0042 0.0029 
    Largest link dim during sweep 49/87 was 80
    Largest truncation error: 8.4654e-09
    Energy after sweep 49/87 is -196.693747030720
    Sweep 49/87 CPU time = 57.39s (Wall time = 3.688s)

    vN Entropy at center bond b=150 = 0.693183537194
    Eigs at center bond b=150: 0.7848 0.1705 0.0191 0.0156 0.0042 0.0034 
    Largest link dim during sweep 50/87 was 80
    Largest truncation error: 8.46543e-09
    Energy after sweep 50/87 is -196.693755003722
    Sweep 50/87 CPU time = 59.93s (Wall time = 3.839s)

    vN Entropy at center bond b=150 = 0.706789695720
    Eigs at center bond b=150: 0.7813 0.1709 0.0190 0.0180 0.0042 0.0040 
    Largest link dim during sweep 51/87 was 80
    Largest truncation error: 8.46544e-09
    Energy after sweep 51/87 is -196.693762043354
    Sweep 51/87 CPU time = 1m, 1.0s (Wall time = 3.931s)

    vN Entropy at center bond b=150 = 0.720033390964
    Eigs at center bond b=150: 0.7779 0.1713 0.0206 0.0189 0.0045 0.0042 
    Largest link dim during sweep 52/87 was 80
    Largest truncation error: 8.46545e-09
    Energy after sweep 52/87 is -196.693768369711
    Sweep 52/87 CPU time = 1m, 1.8s (Wall time = 3.975s)

    vN Entropy at center bond b=150 = 0.732783846549
    Eigs at center bond b=150: 0.7745 0.1717 0.0230 0.0188 0.0051 0.0042 0.0010 
    Largest link dim during sweep 53/87 was 80
    Largest truncation error: 8.46546e-09
    Energy after sweep 53/87 is -196.693773932397
    Sweep 53/87 CPU time = 1m, 2.6s (Wall time = 4.022s)

    vN Entropy at center bond b=150 = 0.744894674497
    Eigs at center bond b=150: 0.7711 0.1720 0.0254 0.0187 0.0057 0.0042 0.0010 
    Largest link dim during sweep 54/87 was 80
    Largest truncation error: 8.46546e-09
    Energy after sweep 54/87 is -196.693778779106
    Sweep 54/87 CPU time = 1m, 3.3s (Wall time = 4.060s)

    vN Entropy at center bond b=150 = 0.756359089530
    Eigs at center bond b=150: 0.7679 0.1724 0.0278 0.0186 0.0062 0.0042 0.0010 
    Largest link dim during sweep 55/87 was 80
    Largest truncation error: 8.46546e-09
    Energy after sweep 55/87 is -196.693783334720
    Sweep 55/87 CPU time = 1m, 3.7s (Wall time = 4.097s)

    vN Entropy at center bond b=150 = 0.767242842471
    Eigs at center bond b=150: 0.7647 0.1727 0.0300 0.0186 0.0068 0.0042 0.0010 
    Largest link dim during sweep 56/87 was 80
    Largest truncation error: 8.46546e-09
    Energy after sweep 56/87 is -196.693787530104
    Sweep 56/87 CPU time = 1m, 4.5s (Wall time = 4.150s)

    vN Entropy at center bond b=150 = 0.777624517758
    Eigs at center bond b=150: 0.7617 0.1730 0.0323 0.0185 0.0073 0.0042 0.0010 
    Largest link dim during sweep 57/87 was 80
    Largest truncation error: 8.46546e-09
    Energy after sweep 57/87 is -196.693791388224
    Sweep 57/87 CPU time = 1m, 5.5s (Wall time = 4.208s)

    vN Entropy at center bond b=150 = 0.787453814306
    Eigs at center bond b=150: 0.7587 0.1733 0.0344 0.0184 0.0079 0.0042 0.0010 
    Largest link dim during sweep 58/87 was 80
    Largest truncation error: 8.46546e-09
    Energy after sweep 58/87 is -196.693794770122
    Sweep 58/87 CPU time = 1m, 6.3s (Wall time = 4.263s)

    vN Entropy at center bond b=150 = 0.797265710486
    Eigs at center bond b=150: 0.7557 0.1736 0.0365 0.0184 0.0084 0.0042 0.0010 
    Largest link dim during sweep 59/87 was 150
    Largest truncation error: 8.8175e-11
    Energy after sweep 59/87 is -196.693809750329
    Sweep 59/87 CPU time = 2m, 59.7s (Wall time = 11.63s)

    vN Entropy at center bond b=150 = 0.809072738869
    Eigs at center bond b=150: 0.7520 0.1740 0.0391 0.0183 0.0091 0.0042 0.0010 
    Largest link dim during sweep 60/87 was 148
    Largest truncation error: 8.83234e-11
    Energy after sweep 60/87 is -196.693814113654
    Sweep 60/87 CPU time = 3m, 43.3s (Wall time = 14.43s)

    vN Entropy at center bond b=150 = 0.820749767179
    Eigs at center bond b=150: 0.7482 0.1744 0.0418 0.0182 0.0097 0.0043 0.0010 0.0010 
    Largest link dim during sweep 61/87 was 164
    Largest truncation error: 8.83458e-11
    Energy after sweep 61/87 is -196.693818596816
    Sweep 61/87 CPU time = 3m, 43.5s (Wall time = 14.50s)

    vN Entropy at center bond b=150 = 0.831738797152
    Eigs at center bond b=150: 0.7447 0.1748 0.0443 0.0181 0.0104 0.0043 0.0011 0.0010 
    Largest link dim during sweep 62/87 was 161
    Largest truncation error: 8.83548e-11
    Energy after sweep 62/87 is -196.693822969806
    Sweep 62/87 CPU time = 3m, 54.3s (Wall time = 15.40s)

    vN Entropy at center bond b=150 = 0.844791441856
    Eigs at center bond b=150: 0.7403 0.1753 0.0474 0.0180 0.0112 0.0043 0.0012 0.0010 
    Largest link dim during sweep 63/87 was 152
    Largest truncation error: 8.83582e-11
    Energy after sweep 63/87 is -196.693827191192
    Sweep 63/87 CPU time = 3m, 58.5s (Wall time = 15.65s)

    vN Entropy at center bond b=150 = 0.857257257765
    Eigs at center bond b=150: 0.7361 0.1757 0.0504 0.0179 0.0120 0.0043 0.0012 0.0010 
    Largest link dim during sweep 64/87 was 157
    Largest truncation error: 8.83594e-11
    Energy after sweep 64/87 is -196.693831475455
    Sweep 64/87 CPU time = 4m, 10.1s (Wall time = 16.43s)

    vN Entropy at center bond b=150 = 0.870729560018
    Eigs at center bond b=150: 0.7313 0.1763 0.0536 0.0178 0.0129 0.0043 0.0013 0.0010 
    Largest link dim during sweep 65/87 was 156
    Largest truncation error: 8.83602e-11
    Energy after sweep 65/87 is -196.693835752218
    Sweep 65/87 CPU time = 4m, 33.6s (Wall time = 18.08s)

    vN Entropy at center bond b=150 = 0.884379764608
    Eigs at center bond b=150: 0.7264 0.1769 0.0569 0.0176 0.0139 0.0043 0.0014 0.0010 
    Largest link dim during sweep 66/87 was 152
    Largest truncation error: 8.83603e-11
    Energy after sweep 66/87 is -196.693839533414
    Sweep 66/87 CPU time = 4m, 39.6s (Wall time = 18.56s)

    vN Entropy at center bond b=150 = 0.897320912144
    Eigs at center bond b=150: 0.7217 0.1776 0.0601 0.0175 0.0148 0.0043 0.0015 0.0010 
    Largest link dim during sweep 67/87 was 154
    Largest truncation error: 8.83609e-11
    Energy after sweep 67/87 is -196.693843037198
    Sweep 67/87 CPU time = 4m, 32.3s (Wall time = 17.96s)

    vN Entropy at center bond b=150 = 0.910571638375
    Eigs at center bond b=150: 0.7166 0.1783 0.0634 0.0174 0.0158 0.0044 0.0015 0.0010 
    Largest link dim during sweep 68/87 was 155
    Largest truncation error: 8.83608e-11
    Energy after sweep 68/87 is -196.693849608244
    Sweep 68/87 CPU time = 4m, 27.4s (Wall time = 17.63s)

    vN Entropy at center bond b=150 = 0.584872308662
    Eigs at center bond b=150: 0.8095 0.1644 0.0197 0.0040 0.0013 
    Largest link dim during sweep 69/87 was 220
    Largest truncation error: 8.83604e-11
    Energy after sweep 69/87 is -196.722476432215
    Sweep 69/87 CPU time = 5m, 13.6s (Wall time = 20.78s)

    vN Entropy at center bond b=150 = 0.584839057383
    Eigs at center bond b=150: 0.8095 0.1644 0.0197 0.0040 0.0013 
    Largest link dim during sweep 70/87 was 159
    Largest truncation error: 8.83606e-11
    Energy after sweep 70/87 is -196.730418872533
    Sweep 70/87 CPU time = 4m, 13.7s (Wall time = 16.62s)

    vN Entropy at center bond b=150 = 0.584839907870
    Eigs at center bond b=150: 0.8095 0.1644 0.0197 0.0040 0.0013 
    Largest link dim during sweep 71/87 was 111
    Largest truncation error: 8.83605e-11
    Energy after sweep 71/87 is -196.730521280872
    Sweep 71/87 CPU time = 2m, 34.9s (Wall time = 10.01s)

    vN Entropy at center bond b=150 = 0.584840055812
    Eigs at center bond b=150: 0.8095 0.1644 0.0197 0.0040 0.0013 
    Largest link dim during sweep 72/87 was 86
    Largest truncation error: 8.83605e-11
    Energy after sweep 72/87 is -196.730525717075
    Sweep 72/87 CPU time = 2m, 16.0s (Wall time = 8.729s)

    vN Entropy at center bond b=150 = 0.584840084000
    Eigs at center bond b=150: 0.8095 0.1644 0.0197 0.0040 0.0013 
    Largest link dim during sweep 73/87 was 86
    Largest truncation error: 8.83607e-11
    Energy after sweep 73/87 is -196.730525813629
    Sweep 73/87 CPU time = 2m, 10.6s (Wall time = 8.393s)

    vN Entropy at center bond b=150 = 0.584840089498
    Eigs at center bond b=150: 0.8095 0.1644 0.0197 0.0040 0.0013 
    Largest link dim during sweep 74/87 was 86
    Largest truncation error: 8.83605e-11
    Energy after sweep 74/87 is -196.730525814718
    Sweep 74/87 CPU time = 2m, 9.0s (Wall time = 8.284s)

    vN Entropy at center bond b=150 = 0.584844177517
    Eigs at center bond b=150: 0.8095 0.1644 0.0197 0.0040 0.0013 
    Largest link dim during sweep 75/87 was 142
    Largest truncation error: 8.3567e-13
    Energy after sweep 75/87 is -196.730525947182
    Sweep 75/87 CPU time = 3m, 32.8s (Wall time = 13.66s)

    vN Entropy at center bond b=150 = 0.584844399975
    Eigs at center bond b=150: 0.8095 0.1644 0.0197 0.0040 0.0013 
    Largest link dim during sweep 76/87 was 147
    Largest truncation error: 8.35689e-13
    Energy after sweep 76/87 is -196.730525948712
    Sweep 76/87 CPU time = 4m, 17.4s (Wall time = 16.50s)

    vN Entropy at center bond b=150 = 0.584844498124
    Eigs at center bond b=150: 0.8095 0.1644 0.0197 0.0040 0.0013 
    Largest link dim during sweep 77/87 was 146
    Largest truncation error: 8.35548e-13
    Energy after sweep 77/87 is -196.730525949068
    Sweep 77/87 CPU time = 4m, 14.3s (Wall time = 16.38s)

    vN Entropy at center bond b=150 = 0.584844548815
    Eigs at center bond b=150: 0.8095 0.1644 0.0197 0.0040 0.0013 
    Largest link dim during sweep 78/87 was 146
    Largest truncation error: 8.35754e-13
    Energy after sweep 78/87 is -196.730525949213
    Sweep 78/87 CPU time = 4m, 17.5s (Wall time = 16.59s)

    vN Entropy at center bond b=150 = 0.584844577129
    Eigs at center bond b=150: 0.8095 0.1644 0.0197 0.0040 0.0013 
    Largest link dim during sweep 79/87 was 146
    Largest truncation error: 8.35813e-13
    Energy after sweep 79/87 is -196.730525949271
    Sweep 79/87 CPU time = 4m, 18.3s (Wall time = 16.59s)

    vN Entropy at center bond b=150 = 0.584844593320
    Eigs at center bond b=150: 0.8095 0.1644 0.0197 0.0040 0.0013 
    Largest link dim during sweep 80/87 was 146
    Largest truncation error: 8.35834e-13
    Energy after sweep 80/87 is -196.730525949307
    Sweep 80/87 CPU time = 4m, 35.0s (Wall time = 17.66s)

    vN Entropy at center bond b=150 = 0.584844602713
    Eigs at center bond b=150: 0.8095 0.1644 0.0197 0.0040 0.0013 
    Largest link dim during sweep 81/87 was 146
    Largest truncation error: 8.35624e-13
    Energy after sweep 81/87 is -196.730525949317
    Sweep 81/87 CPU time = 4m, 49.0s (Wall time = 18.59s)

    vN Entropy at center bond b=150 = 0.584844608277
    Eigs at center bond b=150: 0.8095 0.1644 0.0197 0.0040 0.0013 
    Largest link dim during sweep 82/87 was 146
    Largest truncation error: 8.36073e-13
    Energy after sweep 82/87 is -196.730525949326
    Sweep 82/87 CPU time = 4m, 46.4s (Wall time = 18.44s)

    vN Entropy at center bond b=150 = 0.584845030676
    Eigs at center bond b=150: 0.8095 0.1644 0.0197 0.0040 0.0013 
    Largest link dim during sweep 83/87 was 134
    Largest truncation error: 8.3076e-13
    Energy after sweep 83/87 is -196.730525948859
    Sweep 83/87 CPU time = 3m, 22.4s (Wall time = 12.98s)

    vN Entropy at center bond b=150 = 0.584845040172
    Eigs at center bond b=150: 0.8095 0.1644 0.0197 0.0040 0.0013 
    Largest link dim during sweep 84/87 was 223
    Largest truncation error: 8.251e-15
    Energy after sweep 84/87 is -196.730525950920
    Sweep 84/87 CPU time = 7m, 50.7s (Wall time = 31.50s)

    vN Entropy at center bond b=150 = 0.584845049805
    Eigs at center bond b=150: 0.8095 0.1644 0.0197 0.0040 0.0013 
    Largest link dim during sweep 85/87 was 239
    Largest truncation error: 8.33137e-15
    Energy after sweep 85/87 is -196.730525950992
    Sweep 85/87 CPU time = 15m, 26s (Wall time = 1m, 1.3s)

    vN Entropy at center bond b=150 = 0.584845054232
    Eigs at center bond b=150: 0.8095 0.1644 0.0197 0.0040 0.0013 
    Largest link dim during sweep 86/87 was 233
    Largest truncation error: 8.2576e-15
    Energy after sweep 86/87 is -196.730525951009
    Sweep 86/87 CPU time = 14m, 19s (Wall time = 55.26s)

    vN Entropy at center bond b=150 = 0.584845056297
    Eigs at center bond b=150: 0.8095 0.1644 0.0197 0.0040 0.0013 
    Largest link dim during sweep 87/87 was 229
    Largest truncation error: 8.24863e-15
    Energy after sweep 87/87 is -196.730525951006
    Sweep 87/87 CPU time = 11m, 51s (Wall time = 45.79s)
Initial energy = 0.00000

Ground State Energy = -196.7305259510
run_outputs/outputpsi/N_300_sweep_87_t_0.030000_J_1.000000_V_0.600000_D_0.018000_U_-0.010000_mu_0.000000_E_0.000000 converge
Wall-clock time (s) = 2236.864320
