//////////////////////////
Reading input file ......

Got input.N = 300
Got input.t = 0.03
Got input.J = 1
Got input.V = 0.6
Got input.D = 0.018
Got input.U = 2
Got input.mu = 0.02
Got input.E = 0.1
Got input.nsweeps = 87
Sweeps:
1  MaxDim=20, MinDim=20, Cutoff=1.0E-06, Niter=8, Noise=1.0E-05
2  MaxDim=20, MinDim=20, Cutoff=1.0E-06, Niter=8, Noise=1.0E-05
3  MaxDim=20, MinDim=20, Cutoff=1.0E-06, Niter=8, Noise=1.0E-05
4  MaxDim=20, MinDim=20, Cutoff=1.0E-06, Niter=8, Noise=1.0E-05
5  MaxDim=20, MinDim=20, Cutoff=1.0E-06, Niter=8, Noise=1.0E-05
6  MaxDim=20, MinDim=20, Cutoff=1.0E-06, Niter=8, Noise=1.0E-05
7  MaxDim=20, MinDim=20, Cutoff=1.0E-06, Niter=8, Noise=1.0E-05
8  MaxDim=40, MinDim=20, Cutoff=1.0E-06, Niter=4, Noise=1.0E-05
9  MaxDim=40, MinDim=20, Cutoff=1.0E-06, Niter=4, Noise=1.0E-05
10  MaxDim=40, MinDim=20, Cutoff=1.0E-06, Niter=4, Noise=1.0E-05
11  MaxDim=40, MinDim=20, Cutoff=1.0E-06, Niter=4, Noise=1.0E-05
12  MaxDim=40, MinDim=20, Cutoff=1.0E-06, Niter=4, Noise=1.0E-05
13  MaxDim=40, MinDim=20, Cutoff=1.0E-06, Niter=4, Noise=1.0E-05
14  MaxDim=40, MinDim=20, Cutoff=1.0E-06, Niter=4, Noise=1.0E-05
15  MaxDim=80, MinDim=10, Cutoff=1.0E-06, Niter=4, Noise=1.0E-05
16  MaxDim=80, MinDim=10, Cutoff=1.0E-06, Niter=4, Noise=1.0E-05
17  MaxDim=80, MinDim=10, Cutoff=1.0E-06, Niter=4, Noise=1.0E-05
18  MaxDim=80, MinDim=10, Cutoff=1.0E-06, Niter=4, Noise=1.0E-05
19  MaxDim=80, MinDim=10, Cutoff=1.0E-06, Niter=4, Noise=1.0E-05
20  MaxDim=80, MinDim=10, Cutoff=1.0E-06, Niter=4, Noise=1.0E-05
21  MaxDim=80, MinDim=10, Cutoff=1.0E-06, Niter=4, Noise=1.0E-05
22  MaxDim=80, MinDim=10, Cutoff=1.0E-06, Niter=4, Noise=1.0E-05
23  MaxDim=80, MinDim=10, Cutoff=1.0E-06, Niter=4, Noise=1.0E-05
24  MaxDim=80, MinDim=10, Cutoff=1.0E-06, Niter=4, Noise=1.0E-05
25  MaxDim=80, MinDim=10, Cutoff=1.0E-06, Niter=4, Noise=1.0E-05
26  MaxDim=80, MinDim=10, Cutoff=1.0E-06, Niter=4, Noise=1.0E-05
27  MaxDim=80, MinDim=10, Cutoff=1.0E-06, Niter=4, Noise=1.0E-05
28  MaxDim=80, MinDim=10, Cutoff=1.0E-06, Niter=4, Noise=1.0E-05
29  MaxDim=80, MinDim=10, Cutoff=1.0E-06, Niter=4, Noise=1.0E-05
30  MaxDim=80, MinDim=10, Cutoff=1.0E-06, Niter=4, Noise=1.0E-05
31  MaxDim=80, MinDim=10, Cutoff=1.0E-06, Niter=4, Noise=1.0E-05
32  MaxDim=80, MinDim=10, Cutoff=1.0E-06, Niter=4, Noise=1.0E-05
33  MaxDim=80, MinDim=10, Cutoff=1.0E-06, Niter=4, Noise=1.0E-05
34  MaxDim=80, MinDim=10, Cutoff=1.0E-06, Niter=4, Noise=1.0E-05
35  MaxDim=80, MinDim=10, Cutoff=1.0E-06, Niter=4, Noise=1.0E-05
36  MaxDim=80, MinDim=10, Cutoff=1.0E-06, Niter=4, Noise=1.0E-05
37  MaxDim=160, MinDim=10, Cutoff=1.0E-08, Niter=4, Noise=1.0E-06
38  MaxDim=160, MinDim=10, Cutoff=1.0E-08, Niter=4, Noise=1.0E-06
39  MaxDim=160, MinDim=10, Cutoff=1.0E-08, Niter=4, Noise=1.0E-06
40  MaxDim=160, MinDim=10, Cutoff=1.0E-08, Niter=4, Noise=1.0E-06
41  MaxDim=160, MinDim=10, Cutoff=1.0E-08, Niter=4, Noise=1.0E-06
42  MaxDim=160, MinDim=10, Cutoff=1.0E-08, Niter=4, Noise=1.0E-06
43  MaxDim=160, MinDim=10, Cutoff=1.0E-08, Niter=4, Noise=1.0E-06
44  MaxDim=160, MinDim=10, Cutoff=1.0E-08, Niter=4, Noise=1.0E-06
45  MaxDim=160, MinDim=10, Cutoff=1.0E-08, Niter=4, Noise=1.0E-06
46  MaxDim=160, MinDim=10, Cutoff=1.0E-08, Niter=4, Noise=1.0E-06
47  MaxDim=160, MinDim=10, Cutoff=1.0E-08, Niter=4, Noise=1.0E-06
48  MaxDim=160, MinDim=10, Cutoff=1.0E-08, Niter=4, Noise=1.0E-06
49  MaxDim=160, MinDim=10, Cutoff=1.0E-08, Niter=4, Noise=1.0E-06
50  MaxDim=160, MinDim=10, Cutoff=1.0E-08, Niter=4, Noise=1.0E-06
51  MaxDim=160, MinDim=10, Cutoff=1.0E-08, Niter=4, Noise=1.0E-06
52  MaxDim=160, MinDim=10, Cutoff=1.0E-08, Niter=4, Noise=1.0E-06
53  MaxDim=160, MinDim=10, Cutoff=1.0E-08, Niter=4, Noise=1.0E-06
54  MaxDim=160, MinDim=10, Cutoff=1.0E-08, Niter=4, Noise=1.0E-06
55  MaxDim=160, MinDim=10, Cutoff=1.0E-08, Niter=4, Noise=1.0E-06
56  MaxDim=160, MinDim=10, Cutoff=1.0E-08, Niter=4, Noise=1.0E-06
57  MaxDim=160, MinDim=10, Cutoff=1.0E-08, Niter=4, Noise=1.0E-06
58  MaxDim=160, MinDim=10, Cutoff=1.0E-08, Niter=4, Noise=1.0E-06
59  MaxDim=320, MinDim=10, Cutoff=1.0E-10, Niter=4, Noise=1.0E-07
60  MaxDim=320, MinDim=10, Cutoff=1.0E-10, Niter=4, Noise=1.0E-07
61  MaxDim=320, MinDim=10, Cutoff=1.0E-10, Niter=4, Noise=1.0E-07
62  MaxDim=320, MinDim=10, Cutoff=1.0E-10, Niter=4, Noise=1.0E-07
63  MaxDim=320, MinDim=10, Cutoff=1.0E-10, Niter=4, Noise=1.0E-07
64  MaxDim=320, MinDim=10, Cutoff=1.0E-10, Niter=4, Noise=1.0E-07
65  MaxDim=320, MinDim=10, Cutoff=1.0E-10, Niter=4, Noise=1.0E-07
66  MaxDim=320, MinDim=10, Cutoff=1.0E-10, Niter=4, Noise=1.0E-07
67  MaxDim=320, MinDim=10, Cutoff=1.0E-10, Niter=4, Noise=1.0E-07
68  MaxDim=320, MinDim=10, Cutoff=1.0E-10, Niter=4, Noise=1.0E-07
69  MaxDim=320, MinDim=10, Cutoff=1.0E-10, Niter=4, Noise=1.0E-07
70  MaxDim=320, MinDim=10, Cutoff=1.0E-10, Niter=4, Noise=1.0E-07
71  MaxDim=320, MinDim=10, Cutoff=1.0E-10, Niter=4, Noise=1.0E-07
72  MaxDim=320, MinDim=10, Cutoff=1.0E-10, Niter=4, Noise=1.0E-07
73  MaxDim=320, MinDim=10, Cutoff=1.0E-10, Niter=4, Noise=1.0E-07
74  MaxDim=320, MinDim=10, Cutoff=1.0E-10, Niter=4, Noise=1.0E-07
75  MaxDim=640, MinDim=10, Cutoff=1.0E-12, Niter=2, Noise=1.0E-08
76  MaxDim=640, MinDim=10, Cutoff=1.0E-12, Niter=2, Noise=1.0E-08
77  MaxDim=640, MinDim=10, Cutoff=1.0E-12, Niter=2, Noise=1.0E-08
78  MaxDim=640, MinDim=10, Cutoff=1.0E-12, Niter=2, Noise=1.0E-08
79  MaxDim=640, MinDim=10, Cutoff=1.0E-12, Niter=2, Noise=1.0E-08
80  MaxDim=640, MinDim=10, Cutoff=1.0E-12, Niter=2, Noise=1.0E-08
81  MaxDim=640, MinDim=10, Cutoff=1.0E-12, Niter=2, Noise=1.0E-08
82  MaxDim=640, MinDim=10, Cutoff=1.0E-12, Niter=2, Noise=1.0E-08
83  MaxDim=1280, MinDim=10, Cutoff=1.0E-12, Niter=2, Noise=0.0E+00
84  MaxDim=1280, MinDim=10, Cutoff=1.0E-14, Niter=2, Noise=0.0E+00
85  MaxDim=1280, MinDim=10, Cutoff=1.0E-14, Niter=2, Noise=0.0E+00
86  MaxDim=1280, MinDim=10, Cutoff=1.0E-14, Niter=2, Noise=0.0E+00
87  MaxDim=1280, MinDim=10, Cutoff=1.0E-14, Niter=2, Noise=0.0E+00


    vN Entropy at center bond b=150 = 0.531753454624
    Eigs at center bond b=150: 0.8485 0.1214 0.0175 0.0098 0.0016 
    Largest link dim during sweep 1/87 was 20
    Largest truncation error: 1.08033e-05
    Energy after sweep 1/87 is -141.408225331792
    Sweep 1/87 CPU time = 18.79s (Wall time = 1.249s)

    vN Entropy at center bond b=150 = 0.702850520723
    Eigs at center bond b=150: 0.7863 0.1613 0.0307 0.0116 0.0046 0.0032 
    Largest link dim during sweep 2/87 was 20
    Largest truncation error: 1.0987e-05
    Energy after sweep 2/87 is -141.464928467925
    Sweep 2/87 CPU time = 27.57s (Wall time = 1.776s)

    vN Entropy at center bond b=150 = 0.720166699538
    Eigs at center bond b=150: 0.7802 0.1646 0.0325 0.0116 0.0051 0.0036 
    Largest link dim during sweep 3/87 was 20
    Largest truncation error: 1.29718e-05
    Energy after sweep 3/87 is -141.466126474582
    Sweep 3/87 CPU time = 26.77s (Wall time = 1.725s)

    vN Entropy at center bond b=150 = 0.722036594043
    Eigs at center bond b=150: 0.7795 0.1649 0.0327 0.0115 0.0052 0.0036 
    Largest link dim during sweep 4/87 was 20
    Largest truncation error: 1.3032e-05
    Energy after sweep 4/87 is -141.466281644871
    Sweep 4/87 CPU time = 26.62s (Wall time = 1.709s)

    vN Entropy at center bond b=150 = 0.722347010398
    Eigs at center bond b=150: 0.7794 0.1649 0.0328 0.0115 0.0052 0.0036 
    Largest link dim during sweep 5/87 was 20
    Largest truncation error: 1.30731e-05
    Energy after sweep 5/87 is -141.466353242423
    Sweep 5/87 CPU time = 32.13s (Wall time = 2.122s)

    vN Entropy at center bond b=150 = 0.722431725747
    Eigs at center bond b=150: 0.7794 0.1649 0.0328 0.0115 0.0052 0.0036 
    Largest link dim during sweep 6/87 was 20
    Largest truncation error: 1.31333e-05
    Energy after sweep 6/87 is -141.466385503471
    Sweep 6/87 CPU time = 30.21s (Wall time = 1.947s)

    vN Entropy at center bond b=150 = 0.722462732992
    Eigs at center bond b=150: 0.7794 0.1649 0.0328 0.0115 0.0052 0.0036 
    Largest link dim during sweep 7/87 was 20
    Largest truncation error: 1.32027e-05
    Energy after sweep 7/87 is -141.466399428232
    Sweep 7/87 CPU time = 27.40s (Wall time = 1.756s)

    vN Entropy at center bond b=150 = 0.771779655767
    Eigs at center bond b=150: 0.7634 0.1719 0.0378 0.0115 0.0067 0.0050 0.0012 
    Largest link dim during sweep 8/87 was 40
    Largest truncation error: 7.781e-07
    Energy after sweep 8/87 is -141.496059679355
    Sweep 8/87 CPU time = 27.83s (Wall time = 1.804s)

    vN Entropy at center bond b=150 = 0.840935355455
    Eigs at center bond b=150: 0.7397 0.1820 0.0455 0.0111 0.0093 0.0067 0.0017 0.0012 0.0011 
    Largest link dim during sweep 9/87 was 40
    Largest truncation error: 1.82584e-06
    Energy after sweep 9/87 is -141.499566664075
    Sweep 9/87 CPU time = 49.38s (Wall time = 3.253s)

    vN Entropy at center bond b=150 = 0.880448031244
    Eigs at center bond b=150: 0.7248 0.1890 0.0502 0.0112 0.0107 0.0074 0.0019 0.0016 0.0013 
    Largest link dim during sweep 10/87 was 40
    Largest truncation error: 2.16164e-06
    Energy after sweep 10/87 is -141.500036724076
    Sweep 10/87 CPU time = 45.61s (Wall time = 2.969s)

    vN Entropy at center bond b=150 = 0.904644587712
    Eigs at center bond b=150: 0.7149 0.1941 0.0529 0.0125 0.0106 0.0077 0.0019 0.0018 0.0015 
    Largest link dim during sweep 11/87 was 40
    Largest truncation error: 2.29714e-06
    Energy after sweep 11/87 is -141.500184699867
    Sweep 11/87 CPU time = 42.87s (Wall time = 2.793s)

    vN Entropy at center bond b=150 = 0.921634512888
    Eigs at center bond b=150: 0.7076 0.1981 0.0547 0.0136 0.0104 0.0078 0.0020 0.0020 0.0016 
    Largest link dim during sweep 12/87 was 40
    Largest truncation error: 2.42186e-06
    Energy after sweep 12/87 is -141.500246899788
    Sweep 12/87 CPU time = 41.43s (Wall time = 2.669s)

    vN Entropy at center bond b=150 = 0.933845109439
    Eigs at center bond b=150: 0.7022 0.2012 0.0559 0.0144 0.0103 0.0079 0.0021 0.0020 0.0017 
    Largest link dim during sweep 13/87 was 40
    Largest truncation error: 2.4998e-06
    Energy after sweep 13/87 is -141.500273710046
    Sweep 13/87 CPU time = 41.73s (Wall time = 2.688s)

    vN Entropy at center bond b=150 = 0.942853043672
    Eigs at center bond b=150: 0.6980 0.2037 0.0567 0.0150 0.0103 0.0080 0.0021 0.0020 0.0017 
    Largest link dim during sweep 14/87 was 40
    Largest truncation error: 2.55862e-06
    Energy after sweep 14/87 is -141.500288644885
    Sweep 14/87 CPU time = 41.77s (Wall time = 2.698s)

    vN Entropy at center bond b=150 = 0.996282121569
    Eigs at center bond b=150: 0.6755 0.2158 0.0610 0.0184 0.0101 0.0089 0.0026 0.0024 0.0021 
    Largest link dim during sweep 15/87 was 57
    Largest truncation error: 7.26012e-07
    Energy after sweep 15/87 is -141.504680496777
    Sweep 15/87 CPU time = 1m, 2.6s (Wall time = 4.040s)

    vN Entropy at center bond b=150 = 1.103431269845
    Eigs at center bond b=150: 0.6204 0.2516 0.0662 0.0281 0.0111 0.0086 0.0034 0.0031 0.0029 0.0016 
    Largest link dim during sweep 16/87 was 65
    Largest truncation error: 7.40164e-07
    Energy after sweep 16/87 is -141.506495540864
    Sweep 16/87 CPU time = 1m, 16.6s (Wall time = 4.943s)

    vN Entropy at center bond b=150 = 1.171700042977
    Eigs at center bond b=150: 0.5763 0.2842 0.0654 0.0373 0.0119 0.0077 0.0043 0.0040 0.0030 0.0020 
    Largest link dim during sweep 17/87 was 70
    Largest truncation error: 7.45463e-07
    Energy after sweep 17/87 is -141.507454548935
    Sweep 17/87 CPU time = 1m, 30.3s (Wall time = 5.833s)

    vN Entropy at center bond b=150 = 1.194021306548
    Eigs at center bond b=150: 0.5619 0.2945 0.0646 0.0409 0.0123 0.0074 0.0046 0.0044 0.0030 0.0023 
    Largest link dim during sweep 18/87 was 72
    Largest truncation error: 7.47305e-07
    Energy after sweep 18/87 is -141.507802679358
    Sweep 18/87 CPU time = 1m, 41.6s (Wall time = 6.531s)

    vN Entropy at center bond b=150 = 1.200023223296
    Eigs at center bond b=150: 0.5589 0.2962 0.0646 0.0417 0.0125 0.0073 0.0047 0.0045 0.0031 0.0023 
    Largest link dim during sweep 19/87 was 73
    Largest truncation error: 7.47643e-07
    Energy after sweep 19/87 is -141.507910201803
    Sweep 19/87 CPU time = 1m, 47.1s (Wall time = 6.879s)

    vN Entropy at center bond b=150 = 1.201834700625
    Eigs at center bond b=150: 0.5582 0.2965 0.0646 0.0419 0.0125 0.0073 0.0048 0.0045 0.0031 0.0024 
    Largest link dim during sweep 20/87 was 74
    Largest truncation error: 7.47708e-07
    Energy after sweep 20/87 is -141.507953111632
    Sweep 20/87 CPU time = 1m, 50.8s (Wall time = 7.179s)

    vN Entropy at center bond b=150 = 1.202548327689
    Eigs at center bond b=150: 0.5580 0.2965 0.0647 0.0420 0.0126 0.0073 0.0048 0.0045 0.0031 0.0024 
    Largest link dim during sweep 21/87 was 74
    Largest truncation error: 7.47726e-07
    Energy after sweep 21/87 is -141.507965468410
    Sweep 21/87 CPU time = 1m, 51.7s (Wall time = 7.184s)

    vN Entropy at center bond b=150 = 1.202773341255
    Eigs at center bond b=150: 0.5579 0.2965 0.0647 0.0420 0.0126 0.0073 0.0048 0.0045 0.0031 0.0024 
    Largest link dim during sweep 22/87 was 74
    Largest truncation error: 7.47734e-07
    Energy after sweep 22/87 is -141.507969869174
    Sweep 22/87 CPU time = 1m, 52.7s (Wall time = 7.329s)

    vN Entropy at center bond b=150 = 1.202878330483
    Eigs at center bond b=150: 0.5579 0.2965 0.0647 0.0420 0.0126 0.0073 0.0048 0.0045 0.0031 0.0024 
    Largest link dim during sweep 23/87 was 74
    Largest truncation error: 7.47736e-07
    Energy after sweep 23/87 is -141.507972836970
    Sweep 23/87 CPU time = 1m, 53.3s (Wall time = 7.293s)

    vN Entropy at center bond b=150 = 1.202936695720
    Eigs at center bond b=150: 0.5578 0.2965 0.0647 0.0420 0.0126 0.0073 0.0048 0.0045 0.0031 0.0024 
    Largest link dim during sweep 24/87 was 74
    Largest truncation error: 7.47737e-07
    Energy after sweep 24/87 is -141.507974632577
    Sweep 24/87 CPU time = 1m, 52.1s (Wall time = 7.208s)

    vN Entropy at center bond b=150 = 1.202955142148
    Eigs at center bond b=150: 0.5578 0.2965 0.0647 0.0420 0.0126 0.0073 0.0048 0.0045 0.0031 0.0024 
    Largest link dim during sweep 25/87 was 74
    Largest truncation error: 7.47737e-07
    Energy after sweep 25/87 is -141.507975209241
    Sweep 25/87 CPU time = 1m, 49.7s (Wall time = 7.057s)

    vN Entropy at center bond b=150 = 1.202966767848
    Eigs at center bond b=150: 0.5578 0.2965 0.0647 0.0420 0.0126 0.0073 0.0048 0.0045 0.0031 0.0024 
    Largest link dim during sweep 26/87 was 74
    Largest truncation error: 7.47738e-07
    Energy after sweep 26/87 is -141.507975781229
    Sweep 26/87 CPU time = 1m, 49.8s (Wall time = 7.102s)

    vN Entropy at center bond b=150 = 1.202988860123
    Eigs at center bond b=150: 0.5578 0.2965 0.0647 0.0420 0.0126 0.0073 0.0048 0.0045 0.0031 0.0024 
    Largest link dim during sweep 27/87 was 74
    Largest truncation error: 7.47738e-07
    Energy after sweep 27/87 is -141.507976966629
    Sweep 27/87 CPU time = 1m, 51.2s (Wall time = 7.150s)

    vN Entropy at center bond b=150 = 1.203000201484
    Eigs at center bond b=150: 0.5578 0.2965 0.0647 0.0420 0.0126 0.0073 0.0048 0.0045 0.0031 0.0024 
    Largest link dim during sweep 28/87 was 74
    Largest truncation error: 7.47738e-07
    Energy after sweep 28/87 is -141.507977012152
    Sweep 28/87 CPU time = 1m, 49.2s (Wall time = 7.019s)

    vN Entropy at center bond b=150 = 1.203005124318
    Eigs at center bond b=150: 0.5578 0.2965 0.0647 0.0420 0.0126 0.0073 0.0048 0.0045 0.0031 0.0024 
    Largest link dim during sweep 29/87 was 74
    Largest truncation error: 7.47738e-07
    Energy after sweep 29/87 is -141.507977093089
    Sweep 29/87 CPU time = 1m, 48.4s (Wall time = 6.960s)

    vN Entropy at center bond b=150 = 1.203008902429
    Eigs at center bond b=150: 0.5578 0.2965 0.0647 0.0420 0.0126 0.0073 0.0048 0.0045 0.0031 0.0024 
    Largest link dim during sweep 30/87 was 74
    Largest truncation error: 7.47738e-07
    Energy after sweep 30/87 is -141.507977164275
    Sweep 30/87 CPU time = 1m, 49.4s (Wall time = 7.030s)

    vN Entropy at center bond b=150 = 1.203010943930
    Eigs at center bond b=150: 0.5578 0.2965 0.0647 0.0420 0.0126 0.0073 0.0048 0.0045 0.0031 0.0024 
    Largest link dim during sweep 31/87 was 74
    Largest truncation error: 7.47738e-07
    Energy after sweep 31/87 is -141.507977220296
    Sweep 31/87 CPU time = 1m, 46.5s (Wall time = 6.848s)

    vN Entropy at center bond b=150 = 1.203012203712
    Eigs at center bond b=150: 0.5578 0.2965 0.0647 0.0420 0.0126 0.0073 0.0048 0.0045 0.0031 0.0024 
    Largest link dim during sweep 32/87 was 74
    Largest truncation error: 7.47739e-07
    Energy after sweep 32/87 is -141.507977365998
    Sweep 32/87 CPU time = 1m, 50.2s (Wall time = 7.119s)

    vN Entropy at center bond b=150 = 1.203012936436
    Eigs at center bond b=150: 0.5578 0.2965 0.0647 0.0420 0.0126 0.0073 0.0048 0.0045 0.0031 0.0024 
    Largest link dim during sweep 33/87 was 74
    Largest truncation error: 7.4774e-07
    Energy after sweep 33/87 is -141.507977843084
    Sweep 33/87 CPU time = 1m, 50.7s (Wall time = 7.119s)

    vN Entropy at center bond b=150 = 1.203013483997
    Eigs at center bond b=150: 0.5578 0.2965 0.0647 0.0420 0.0126 0.0073 0.0048 0.0045 0.0031 0.0024 
    Largest link dim during sweep 34/87 was 74
    Largest truncation error: 7.4774e-07
    Energy after sweep 34/87 is -141.507977846269
    Sweep 34/87 CPU time = 1m, 51.0s (Wall time = 7.134s)

    vN Entropy at center bond b=150 = 1.203013670603
    Eigs at center bond b=150: 0.5578 0.2965 0.0647 0.0420 0.0126 0.0073 0.0048 0.0045 0.0031 0.0024 
    Largest link dim during sweep 35/87 was 74
    Largest truncation error: 7.4774e-07
    Energy after sweep 35/87 is -141.507977852922
    Sweep 35/87 CPU time = 1m, 51.9s (Wall time = 7.195s)

    vN Entropy at center bond b=150 = 1.203013806506
    Eigs at center bond b=150: 0.5578 0.2965 0.0647 0.0420 0.0126 0.0073 0.0048 0.0045 0.0031 0.0024 
    Largest link dim during sweep 36/87 was 74
    Largest truncation error: 7.4774e-07
    Energy after sweep 36/87 is -141.507977858154
    Sweep 36/87 CPU time = 1m, 50.4s (Wall time = 7.100s)

    vN Entropy at center bond b=150 = 1.233057134976
    Eigs at center bond b=150: 0.5499 0.2967 0.0664 0.0438 0.0140 0.0073 0.0055 0.0046 0.0037 0.0028 
    Largest link dim during sweep 37/87 was 160
    Largest truncation error: 8.36987e-09
    Energy after sweep 37/87 is -141.510332901088
    Sweep 37/87 CPU time = 6m, 26.3s (Wall time = 25.98s)

    vN Entropy at center bond b=150 = 1.248973182801
    Eigs at center bond b=150: 0.5464 0.2961 0.0673 0.0447 0.0147 0.0073 0.0058 0.0046 0.0040 0.0030 
    Largest link dim during sweep 38/87 was 160
    Largest truncation error: 2.49131e-08
    Energy after sweep 38/87 is -141.510388768421
    Sweep 38/87 CPU time = 10m, 45s (Wall time = 43.30s)

    vN Entropy at center bond b=150 = 1.250060833192
    Eigs at center bond b=150: 0.5462 0.2961 0.0673 0.0448 0.0147 0.0073 0.0058 0.0046 0.0041 0.0030 
    Largest link dim during sweep 39/87 was 160
    Largest truncation error: 2.715e-08
    Energy after sweep 39/87 is -141.510389884422
    Sweep 39/87 CPU time = 9m, 54.8s (Wall time = 39.42s)

    vN Entropy at center bond b=150 = 1.250159719735
    Eigs at center bond b=150: 0.5461 0.2961 0.0674 0.0448 0.0147 0.0073 0.0058 0.0046 0.0041 0.0030 
    Largest link dim during sweep 40/87 was 160
    Largest truncation error: 2.76074e-08
    Energy after sweep 40/87 is -141.510389970953
    Sweep 40/87 CPU time = 10m, 44s (Wall time = 43.33s)

    vN Entropy at center bond b=150 = 1.250174385009
    Eigs at center bond b=150: 0.5461 0.2961 0.0674 0.0448 0.0148 0.0073 0.0058 0.0046 0.0041 0.0030 
    Largest link dim during sweep 41/87 was 160
    Largest truncation error: 2.77538e-08
    Energy after sweep 41/87 is -141.510389976258
    Sweep 41/87 CPU time = 10m, 21s (Wall time = 41.20s)

    vN Entropy at center bond b=150 = 1.250177537415
    Eigs at center bond b=150: 0.5461 0.2961 0.0674 0.0448 0.0148 0.0073 0.0058 0.0046 0.0041 0.0030 
    Largest link dim during sweep 42/87 was 160
    Largest truncation error: 2.78018e-08
    Energy after sweep 42/87 is -141.510389976294
    Sweep 42/87 CPU time = 10m, 41s (Wall time = 42.76s)

    vN Entropy at center bond b=150 = 1.250178319228
    Eigs at center bond b=150: 0.5461 0.2961 0.0674 0.0448 0.0148 0.0073 0.0058 0.0046 0.0041 0.0030 
    Largest link dim during sweep 43/87 was 160
    Largest truncation error: 2.78222e-08
    Energy after sweep 43/87 is -141.510389980673
    Sweep 43/87 CPU time = 10m, 48s (Wall time = 44.14s)

    vN Entropy at center bond b=150 = 1.250178582819
    Eigs at center bond b=150: 0.5461 0.2961 0.0674 0.0448 0.0148 0.0073 0.0058 0.0046 0.0041 0.0030 
    Largest link dim during sweep 44/87 was 160
    Largest truncation error: 2.78324e-08
    Energy after sweep 44/87 is -141.510389980832
    Sweep 44/87 CPU time = 10m, 42s (Wall time = 43.43s)

    vN Entropy at center bond b=150 = 1.250178676743
    Eigs at center bond b=150: 0.5461 0.2961 0.0674 0.0448 0.0148 0.0073 0.0058 0.0046 0.0041 0.0030 
    Largest link dim during sweep 45/87 was 160
    Largest truncation error: 2.78381e-08
    Energy after sweep 45/87 is -141.510389981087
    Sweep 45/87 CPU time = 10m, 47s (Wall time = 43.79s)

    vN Entropy at center bond b=150 = 1.250178720928
    Eigs at center bond b=150: 0.5461 0.2961 0.0674 0.0448 0.0148 0.0073 0.0058 0.0046 0.0041 0.0030 
    Largest link dim during sweep 46/87 was 160
    Largest truncation error: 2.78414e-08
    Energy after sweep 46/87 is -141.510389981569
    Sweep 46/87 CPU time = 10m, 57s (Wall time = 45.05s)

    vN Entropy at center bond b=150 = 1.250178750357
    Eigs at center bond b=150: 0.5461 0.2961 0.0674 0.0448 0.0148 0.0073 0.0058 0.0046 0.0041 0.0030 
    Largest link dim during sweep 47/87 was 160
    Largest truncation error: 2.78434e-08
    Energy after sweep 47/87 is -141.510389982134
    Sweep 47/87 CPU time = 10m, 60s (Wall time = 45.00s)

    vN Entropy at center bond b=150 = 1.250178771489
    Eigs at center bond b=150: 0.5461 0.2961 0.0674 0.0448 0.0148 0.0073 0.0058 0.0046 0.0041 0.0030 
    Largest link dim during sweep 48/87 was 160
    Largest truncation error: 2.78447e-08
    Energy after sweep 48/87 is -141.510389982534
    Sweep 48/87 CPU time = 10m, 56s (Wall time = 44.46s)

    vN Entropy at center bond b=150 = 1.250178790185
    Eigs at center bond b=150: 0.5461 0.2961 0.0674 0.0448 0.0148 0.0073 0.0058 0.0046 0.0041 0.0030 
    Largest link dim during sweep 49/87 was 160
    Largest truncation error: 2.78456e-08
    Energy after sweep 49/87 is -141.510389986161
    Sweep 49/87 CPU time = 10m, 52s (Wall time = 44.37s)

    vN Entropy at center bond b=150 = 1.250178778442
    Eigs at center bond b=150: 0.5461 0.2961 0.0674 0.0448 0.0148 0.0073 0.0058 0.0046 0.0041 0.0030 
    Largest link dim during sweep 50/87 was 160
    Largest truncation error: 2.78462e-08
    Energy after sweep 50/87 is -141.510389986939
    Sweep 50/87 CPU time = 10m, 40s (Wall time = 43.26s)

    vN Entropy at center bond b=150 = 1.250178748112
    Eigs at center bond b=150: 0.5461 0.2961 0.0674 0.0448 0.0148 0.0073 0.0058 0.0046 0.0041 0.0030 
    Largest link dim during sweep 51/87 was 160
    Largest truncation error: 2.78468e-08
    Energy after sweep 51/87 is -141.510389987098
    Sweep 51/87 CPU time = 10m, 47s (Wall time = 43.84s)

    vN Entropy at center bond b=150 = 1.250178708239
    Eigs at center bond b=150: 0.5461 0.2961 0.0674 0.0448 0.0148 0.0073 0.0058 0.0046 0.0041 0.0030 
    Largest link dim during sweep 52/87 was 160
    Largest truncation error: 2.78473e-08
    Energy after sweep 52/87 is -141.510389986989
    Sweep 52/87 CPU time = 10m, 40s (Wall time = 43.47s)

    vN Entropy at center bond b=150 = 1.250178669037
    Eigs at center bond b=150: 0.5461 0.2961 0.0674 0.0448 0.0148 0.0073 0.0058 0.0046 0.0041 0.0030 
    Largest link dim during sweep 53/87 was 160
    Largest truncation error: 2.78476e-08
    Energy after sweep 53/87 is -141.510389986770
    Sweep 53/87 CPU time = 10m, 29s (Wall time = 42.84s)

    vN Entropy at center bond b=150 = 1.250178636060
    Eigs at center bond b=150: 0.5461 0.2961 0.0674 0.0448 0.0148 0.0073 0.0058 0.0046 0.0041 0.0030 
    Largest link dim during sweep 54/87 was 160
    Largest truncation error: 2.78479e-08
    Energy after sweep 54/87 is -141.510389986255
    Sweep 54/87 CPU time = 10m, 30s (Wall time = 42.81s)

    vN Entropy at center bond b=150 = 1.250178609854
    Eigs at center bond b=150: 0.5461 0.2961 0.0674 0.0448 0.0148 0.0073 0.0058 0.0046 0.0041 0.0030 
    Largest link dim during sweep 55/87 was 160
    Largest truncation error: 2.78482e-08
    Energy after sweep 55/87 is -141.510389985507
    Sweep 55/87 CPU time = 10m, 27s (Wall time = 42.82s)

    vN Entropy at center bond b=150 = 1.250178589414
    Eigs at center bond b=150: 0.5461 0.2961 0.0674 0.0448 0.0148 0.0073 0.0058 0.0046 0.0041 0.0030 
    Largest link dim during sweep 56/87 was 160
    Largest truncation error: 2.78486e-08
    Energy after sweep 56/87 is -141.510389984881
    Sweep 56/87 CPU time = 10m, 29s (Wall time = 42.67s)

    vN Entropy at center bond b=150 = 1.250178574749
    Eigs at center bond b=150: 0.5461 0.2961 0.0674 0.0448 0.0148 0.0073 0.0058 0.0046 0.0041 0.0030 
    Largest link dim during sweep 57/87 was 160
    Largest truncation error: 2.78489e-08
    Energy after sweep 57/87 is -141.510389984603
    Sweep 57/87 CPU time = 10m, 28s (Wall time = 42.33s)

    vN Entropy at center bond b=150 = 1.250178564264
    Eigs at center bond b=150: 0.5461 0.2961 0.0674 0.0448 0.0148 0.0073 0.0058 0.0046 0.0041 0.0030 
    Largest link dim during sweep 58/87 was 160
    Largest truncation error: 2.78492e-08
    Energy after sweep 58/87 is -141.510389984582
    Sweep 58/87 CPU time = 10m, 32s (Wall time = 43.06s)

    vN Entropy at center bond b=150 = 1.252303834156
    Eigs at center bond b=150: 0.5457 0.2960 0.0674 0.0449 0.0148 0.0073 0.0058 0.0046 0.0041 0.0031 
    Largest link dim during sweep 59/87 was 320
    Largest truncation error: 4.79025e-10
    Energy after sweep 59/87 is -141.510444565231
    Sweep 59/87 CPU time = 36m, 20s (Wall time = 2m, 26.8s)

    vN Entropy at center bond b=150 = 1.252795687461
    Eigs at center bond b=150: 0.5457 0.2960 0.0674 0.0449 0.0149 0.0073 0.0059 0.0046 0.0041 0.0031 
    Largest link dim during sweep 60/87 was 320
    Largest truncation error: 8.177e-10
    Energy after sweep 60/87 is -141.510444864556
    Sweep 60/87 CPU time = 46m, 24s (Wall time = 3m, 1.9s)

    vN Entropy at center bond b=150 = 1.252814541841
    Eigs at center bond b=150: 0.5456 0.2960 0.0674 0.0449 0.0149 0.0073 0.0059 0.0046 0.0041 0.0031 
    Largest link dim during sweep 61/87 was 320
    Largest truncation error: 8.4902e-10
    Energy after sweep 61/87 is -141.510444867394
    Sweep 61/87 CPU time = 45m, 50s (Wall time = 3m, 0.4s)

    vN Entropy at center bond b=150 = 1.252816346685
    Eigs at center bond b=150: 0.5456 0.2960 0.0674 0.0449 0.0149 0.0073 0.0059 0.0046 0.0041 0.0031 
    Largest link dim during sweep 62/87 was 320
    Largest truncation error: 8.54766e-10
    Energy after sweep 62/87 is -141.510444866782
    Sweep 62/87 CPU time = 46m, 37s (Wall time = 3m, 6.1s)

    vN Entropy at center bond b=150 = 1.252816667357
    Eigs at center bond b=150: 0.5456 0.2960 0.0674 0.0449 0.0149 0.0073 0.0059 0.0046 0.0041 0.0031 
    Largest link dim during sweep 63/87 was 320
    Largest truncation error: 8.56208e-10
    Energy after sweep 63/87 is -141.510444866693
    Sweep 63/87 CPU time = 46m, 41s (Wall time = 3m, 6.0s)

    vN Entropy at center bond b=150 = 1.252816733290
    Eigs at center bond b=150: 0.5456 0.2960 0.0674 0.0449 0.0149 0.0073 0.0059 0.0046 0.0041 0.0031 
    Largest link dim during sweep 64/87 was 320
    Largest truncation error: 8.56552e-10
    Energy after sweep 64/87 is -141.510444866656
    Sweep 64/87 CPU time = 47m, 12s (Wall time = 3m, 8.9s)

    vN Entropy at center bond b=150 = 1.252816750922
    Eigs at center bond b=150: 0.5456 0.2960 0.0674 0.0449 0.0149 0.0073 0.0059 0.0046 0.0041 0.0031 
    Largest link dim during sweep 65/87 was 320
    Largest truncation error: 8.56659e-10
    Energy after sweep 65/87 is -141.510444866649
    Sweep 65/87 CPU time = 50m, 15s (Wall time = 3m, 21.2s)

    vN Entropy at center bond b=150 = 1.252816756484
    Eigs at center bond b=150: 0.5456 0.2960 0.0674 0.0449 0.0149 0.0073 0.0059 0.0046 0.0041 0.0031 
    Largest link dim during sweep 66/87 was 320
    Largest truncation error: 8.56703e-10
    Energy after sweep 66/87 is -141.510444866653
    Sweep 66/87 CPU time = 50m, 20s (Wall time = 3m, 21.6s)

    vN Entropy at center bond b=150 = 1.252816759072
    Eigs at center bond b=150: 0.5456 0.2960 0.0674 0.0449 0.0149 0.0073 0.0059 0.0046 0.0041 0.0031 
    Largest link dim during sweep 67/87 was 320
    Largest truncation error: 8.5673e-10
    Energy after sweep 67/87 is -141.510444866657
    Sweep 67/87 CPU time = 48m, 54s (Wall time = 3m, 15.5s)

    vN Entropy at center bond b=150 = 1.252816760800
    Eigs at center bond b=150: 0.5456 0.2960 0.0674 0.0449 0.0149 0.0073 0.0059 0.0046 0.0041 0.0031 
    Largest link dim during sweep 68/87 was 320
    Largest truncation error: 8.56752e-10
    Energy after sweep 68/87 is -141.510444866658
    Sweep 68/87 CPU time = 48m, 11s (Wall time = 3m, 14.8s)

    vN Entropy at center bond b=150 = 1.252816761436
    Eigs at center bond b=150: 0.5456 0.2960 0.0674 0.0449 0.0149 0.0073 0.0059 0.0046 0.0041 0.0031 
    Largest link dim during sweep 69/87 was 320
    Largest truncation error: 8.5677e-10
    Energy after sweep 69/87 is -141.510444866662
    Sweep 69/87 CPU time = 49m, 35s (Wall time = 3m, 19.6s)

    vN Entropy at center bond b=150 = 1.252816761433
    Eigs at center bond b=150: 0.5456 0.2960 0.0674 0.0449 0.0149 0.0073 0.0059 0.0046 0.0041 0.0031 
    Largest link dim during sweep 70/87 was 320
    Largest truncation error: 8.56784e-10
    Energy after sweep 70/87 is -141.510444866663
    Sweep 70/87 CPU time = 47m, 3s (Wall time = 3m, 9.1s)

    vN Entropy at center bond b=150 = 1.252816761103
    Eigs at center bond b=150: 0.5456 0.2960 0.0674 0.0449 0.0149 0.0073 0.0059 0.0046 0.0041 0.0031 
    Largest link dim during sweep 71/87 was 320
    Largest truncation error: 8.56796e-10
    Energy after sweep 71/87 is -141.510444866663
    Sweep 71/87 CPU time = 47m, 34s (Wall time = 3m, 10.8s)

    vN Entropy at center bond b=150 = 1.252816760578
    Eigs at center bond b=150: 0.5456 0.2960 0.0674 0.0449 0.0149 0.0073 0.0059 0.0046 0.0041 0.0031 
    Largest link dim during sweep 72/87 was 320
    Largest truncation error: 8.56803e-10
    Energy after sweep 72/87 is -141.510444866664
    Sweep 72/87 CPU time = 50m, 36s (Wall time = 3m, 23.3s)

    vN Entropy at center bond b=150 = 1.252816760036
    Eigs at center bond b=150: 0.5456 0.2960 0.0674 0.0449 0.0149 0.0073 0.0059 0.0046 0.0041 0.0031 
    Largest link dim during sweep 73/87 was 320
    Largest truncation error: 8.56808e-10
    Energy after sweep 73/87 is -141.510444866665
    Sweep 73/87 CPU time = 50m, 8s (Wall time = 3m, 21.5s)

    vN Entropy at center bond b=150 = 1.252816759640
    Eigs at center bond b=150: 0.5456 0.2960 0.0674 0.0449 0.0149 0.0073 0.0059 0.0046 0.0041 0.0031 
    Largest link dim during sweep 74/87 was 320
    Largest truncation error: 8.56811e-10
    Energy after sweep 74/87 is -141.510444866664
    Sweep 74/87 CPU time = 50m, 16s (Wall time = 3m, 21.9s)

    vN Entropy at center bond b=150 = 1.252901253178
    Eigs at center bond b=150: 0.5456 0.2960 0.0674 0.0449 0.0149 0.0073 0.0059 0.0046 0.0041 0.0031 
    Largest link dim during sweep 75/87 was 640
    Largest truncation error: 1.05368e-11
    Energy after sweep 75/87 is -141.510446337523
    Sweep 75/87 CPU time = 2h, 17m, 3s (Wall time = 9m, 8.8s)

    vN Entropy at center bond b=150 = 1.252927051665
    Eigs at center bond b=150: 0.5456 0.2960 0.0674 0.0449 0.0149 0.0073 0.0059 0.0046 0.0041 0.0031 
    Largest link dim during sweep 76/87 was 640
    Largest truncation error: 1.42073e-11
    Energy after sweep 76/87 is -141.510446347807
    Sweep 76/87 CPU time = 2h, 46m, 20s (Wall time = 11m, 6s)

    vN Entropy at center bond b=150 = 1.252928566943
    Eigs at center bond b=150: 0.5456 0.2960 0.0674 0.0449 0.0149 0.0073 0.0059 0.0046 0.0041 0.0031 
    Largest link dim during sweep 77/87 was 640
    Largest truncation error: 1.4618e-11
    Energy after sweep 77/87 is -141.510446348087
    Sweep 77/87 CPU time = 2h, 48m, 50s (Wall time = 11m, 17s)

    vN Entropy at center bond b=150 = 1.252928751229
    Eigs at center bond b=150: 0.5456 0.2960 0.0674 0.0449 0.0149 0.0073 0.0059 0.0046 0.0041 0.0031 
    Largest link dim during sweep 78/87 was 640
    Largest truncation error: 1.47922e-11
    Energy after sweep 78/87 is -141.510446348087
    Sweep 78/87 CPU time = 2h, 44m, 2s (Wall time = 11m, 0s)

    vN Entropy at center bond b=150 = 1.252928786992
    Eigs at center bond b=150: 0.5456 0.2960 0.0674 0.0449 0.0149 0.0073 0.0059 0.0046 0.0041 0.0031 
    Largest link dim during sweep 79/87 was 640
    Largest truncation error: 1.48476e-11
    Energy after sweep 79/87 is -141.510446348077
    Sweep 79/87 CPU time = 2h, 46m, 11s (Wall time = 11m, 7s)

    vN Entropy at center bond b=150 = 1.252928796035
    Eigs at center bond b=150: 0.5456 0.2960 0.0674 0.0449 0.0149 0.0073 0.0059 0.0046 0.0041 0.0031 
    Largest link dim during sweep 80/87 was 640
    Largest truncation error: 1.48651e-11
    Energy after sweep 80/87 is -141.510446348075
    Sweep 80/87 CPU time = 2h, 45m, 41s (Wall time = 11m, 5s)

    vN Entropy at center bond b=150 = 1.252928798707
    Eigs at center bond b=150: 0.5456 0.2960 0.0674 0.0449 0.0149 0.0073 0.0059 0.0046 0.0041 0.0031 
    Largest link dim during sweep 81/87 was 640
    Largest truncation error: 1.48709e-11
    Energy after sweep 81/87 is -141.510446348074
    Sweep 81/87 CPU time = 2h, 44m, 12s (Wall time = 10m, 59s)

    vN Entropy at center bond b=150 = 1.252928799567
    Eigs at center bond b=150: 0.5456 0.2960 0.0674 0.0449 0.0149 0.0073 0.0059 0.0046 0.0041 0.0031 
    Largest link dim during sweep 82/87 was 640
    Largest truncation error: 1.48732e-11
    Energy after sweep 82/87 is -141.510446348072
    Sweep 82/87 CPU time = 2h, 46m, 53s (Wall time = 11m, 9s)

    vN Entropy at center bond b=150 = 1.252930664362
    Eigs at center bond b=150: 0.5456 0.2960 0.0674 0.0449 0.0149 0.0073 0.0059 0.0046 0.0041 0.0031 
    Largest link dim during sweep 83/87 was 979
    Largest truncation error: 7.24927e-13
    Energy after sweep 83/87 is -141.510446369369
    Sweep 83/87 CPU time = 4h, 30m, 11s (Wall time = 19m, 13s)

    vN Entropy at center bond b=150 = 1.252931462634
    Eigs at center bond b=150: 0.5456 0.2960 0.0674 0.0449 0.0149 0.0073 0.0059 0.0046 0.0041 0.0031 
    Largest link dim during sweep 84/87 was 1280
    Largest truncation error: 1.27099e-13
    Energy after sweep 84/87 is -141.510446373030
    Sweep 84/87 CPU time = 8h, 56m, 2s (Wall time = 40m, 45s)

    vN Entropy at center bond b=150 = 1.252931551105
    Eigs at center bond b=150: 0.5456 0.2960 0.0674 0.0449 0.0149 0.0073 0.0059 0.0046 0.0041 0.0031 
    Largest link dim during sweep 85/87 was 1280
    Largest truncation error: 1.25332e-13
    Energy after sweep 85/87 is -141.510446373058
    Sweep 85/87 CPU time = 10h, 26m, 16s (Wall time = 45m, 20s)

    vN Entropy at center bond b=150 = 1.252931558305
    Eigs at center bond b=150: 0.5456 0.2960 0.0674 0.0449 0.0149 0.0073 0.0059 0.0046 0.0041 0.0031 
    Largest link dim during sweep 86/87 was 1280
    Largest truncation error: 1.27095e-13
    Energy after sweep 86/87 is -141.510446373061
    Sweep 86/87 CPU time = 10h, 18m, 44s (Wall time = 43m, 25s)

    vN Entropy at center bond b=150 = 1.252931559388
    Eigs at center bond b=150: 0.5456 0.2960 0.0674 0.0449 0.0149 0.0073 0.0059 0.0046 0.0041 0.0031 
    Largest link dim during sweep 87/87 was 1280
    Largest truncation error: 1.27828e-13
    Energy after sweep 87/87 is -141.510446373058
    Sweep 87/87 CPU time = 10h, 24m, 26s (Wall time = 43m, 41s)
Initial energy = 3.00000

Ground State Energy = -141.5104463731
run_outputs/outputpsi/N_300_sweep_87_t_0.030000_J_1.000000_V_0.600000_D_0.018000_U_2.000000_mu_0.020000_E_0.100000 converge
Wall-clock time (s) = 131858.108365
