//////////////////////////
Reading input file ......

Got input.N = 300
Got input.t = 0.03
Got input.J = 1
Got input.V = 0.6
Got input.D = 0.018
Got input.U = 0.8
Got input.mu = 0
Got input.E = 0.001
Got input.nsweeps = 87
Sweeps:
1  MaxDim=20, MinDim=20, Cutoff=1.0E-06, Niter=8, Noise=1.0E-05
2  MaxDim=20, MinDim=20, Cutoff=1.0E-06, Niter=8, Noise=1.0E-05
3  MaxDim=20, MinDim=20, Cutoff=1.0E-06, Niter=8, Noise=1.0E-05
4  MaxDim=20, MinDim=20, Cutoff=1.0E-06, Niter=8, Noise=1.0E-05
5  MaxDim=20, MinDim=20, Cutoff=1.0E-06, Niter=8, Noise=1.0E-05
6  MaxDim=20, MinDim=20, Cutoff=1.0E-06, Niter=8, Noise=1.0E-05
7  MaxDim=20, MinDim=20, Cutoff=1.0E-06, Niter=8, Noise=1.0E-05
8  MaxDim=40, MinDim=20, Cutoff=1.0E-06, Niter=4, Noise=1.0E-05
9  MaxDim=40, MinDim=20, Cutoff=1.0E-06, Niter=4, Noise=1.0E-05
10  MaxDim=40, MinDim=20, Cutoff=1.0E-06, Niter=4, Noise=1.0E-05
11  MaxDim=40, MinDim=20, Cutoff=1.0E-06, Niter=4, Noise=1.0E-05
12  MaxDim=40, MinDim=20, Cutoff=1.0E-06, Niter=4, Noise=1.0E-05
13  MaxDim=40, MinDim=20, Cutoff=1.0E-06, Niter=4, Noise=1.0E-05
14  MaxDim=40, MinDim=20, Cutoff=1.0E-06, Niter=4, Noise=1.0E-05
15  MaxDim=80, MinDim=10, Cutoff=1.0E-06, Niter=4, Noise=1.0E-05
16  MaxDim=80, MinDim=10, Cutoff=1.0E-06, Niter=4, Noise=1.0E-05
17  MaxDim=80, MinDim=10, Cutoff=1.0E-06, Niter=4, Noise=1.0E-05
18  MaxDim=80, MinDim=10, Cutoff=1.0E-06, Niter=4, Noise=1.0E-05
19  MaxDim=80, MinDim=10, Cutoff=1.0E-06, Niter=4, Noise=1.0E-05
20  MaxDim=80, MinDim=10, Cutoff=1.0E-06, Niter=4, Noise=1.0E-05
21  MaxDim=80, MinDim=10, Cutoff=1.0E-06, Niter=4, Noise=1.0E-05
22  MaxDim=80, MinDim=10, Cutoff=1.0E-06, Niter=4, Noise=1.0E-05
23  MaxDim=80, MinDim=10, Cutoff=1.0E-06, Niter=4, Noise=1.0E-05
24  MaxDim=80, MinDim=10, Cutoff=1.0E-06, Niter=4, Noise=1.0E-05
25  MaxDim=80, MinDim=10, Cutoff=1.0E-06, Niter=4, Noise=1.0E-05
26  MaxDim=80, MinDim=10, Cutoff=1.0E-06, Niter=4, Noise=1.0E-05
27  MaxDim=80, MinDim=10, Cutoff=1.0E-06, Niter=4, Noise=1.0E-05
28  MaxDim=80, MinDim=10, Cutoff=1.0E-06, Niter=4, Noise=1.0E-05
29  MaxDim=80, MinDim=10, Cutoff=1.0E-06, Niter=4, Noise=1.0E-05
30  MaxDim=80, MinDim=10, Cutoff=1.0E-06, Niter=4, Noise=1.0E-05
31  MaxDim=80, MinDim=10, Cutoff=1.0E-06, Niter=4, Noise=1.0E-05
32  MaxDim=80, MinDim=10, Cutoff=1.0E-06, Niter=4, Noise=1.0E-05
33  MaxDim=80, MinDim=10, Cutoff=1.0E-06, Niter=4, Noise=1.0E-05
34  MaxDim=80, MinDim=10, Cutoff=1.0E-06, Niter=4, Noise=1.0E-05
35  MaxDim=80, MinDim=10, Cutoff=1.0E-06, Niter=4, Noise=1.0E-05
36  MaxDim=80, MinDim=10, Cutoff=1.0E-06, Niter=4, Noise=1.0E-05
37  MaxDim=160, MinDim=10, Cutoff=1.0E-08, Niter=4, Noise=1.0E-06
38  MaxDim=160, MinDim=10, Cutoff=1.0E-08, Niter=4, Noise=1.0E-06
39  MaxDim=160, MinDim=10, Cutoff=1.0E-08, Niter=4, Noise=1.0E-06
40  MaxDim=160, MinDim=10, Cutoff=1.0E-08, Niter=4, Noise=1.0E-06
41  MaxDim=160, MinDim=10, Cutoff=1.0E-08, Niter=4, Noise=1.0E-06
42  MaxDim=160, MinDim=10, Cutoff=1.0E-08, Niter=4, Noise=1.0E-06
43  MaxDim=160, MinDim=10, Cutoff=1.0E-08, Niter=4, Noise=1.0E-06
44  MaxDim=160, MinDim=10, Cutoff=1.0E-08, Niter=4, Noise=1.0E-06
45  MaxDim=160, MinDim=10, Cutoff=1.0E-08, Niter=4, Noise=1.0E-06
46  MaxDim=160, MinDim=10, Cutoff=1.0E-08, Niter=4, Noise=1.0E-06
47  MaxDim=160, MinDim=10, Cutoff=1.0E-08, Niter=4, Noise=1.0E-06
48  MaxDim=160, MinDim=10, Cutoff=1.0E-08, Niter=4, Noise=1.0E-06
49  MaxDim=160, MinDim=10, Cutoff=1.0E-08, Niter=4, Noise=1.0E-06
50  MaxDim=160, MinDim=10, Cutoff=1.0E-08, Niter=4, Noise=1.0E-06
51  MaxDim=160, MinDim=10, Cutoff=1.0E-08, Niter=4, Noise=1.0E-06
52  MaxDim=160, MinDim=10, Cutoff=1.0E-08, Niter=4, Noise=1.0E-06
53  MaxDim=160, MinDim=10, Cutoff=1.0E-08, Niter=4, Noise=1.0E-06
54  MaxDim=160, MinDim=10, Cutoff=1.0E-08, Niter=4, Noise=1.0E-06
55  MaxDim=160, MinDim=10, Cutoff=1.0E-08, Niter=4, Noise=1.0E-06
56  MaxDim=160, MinDim=10, Cutoff=1.0E-08, Niter=4, Noise=1.0E-06
57  MaxDim=160, MinDim=10, Cutoff=1.0E-08, Niter=4, Noise=1.0E-06
58  MaxDim=160, MinDim=10, Cutoff=1.0E-08, Niter=4, Noise=1.0E-06
59  MaxDim=320, MinDim=10, Cutoff=1.0E-10, Niter=4, Noise=1.0E-07
60  MaxDim=320, MinDim=10, Cutoff=1.0E-10, Niter=4, Noise=1.0E-07
61  MaxDim=320, MinDim=10, Cutoff=1.0E-10, Niter=4, Noise=1.0E-07
62  MaxDim=320, MinDim=10, Cutoff=1.0E-10, Niter=4, Noise=1.0E-07
63  MaxDim=320, MinDim=10, Cutoff=1.0E-10, Niter=4, Noise=1.0E-07
64  MaxDim=320, MinDim=10, Cutoff=1.0E-10, Niter=4, Noise=1.0E-07
65  MaxDim=320, MinDim=10, Cutoff=1.0E-10, Niter=4, Noise=1.0E-07
66  MaxDim=320, MinDim=10, Cutoff=1.0E-10, Niter=4, Noise=1.0E-07
67  MaxDim=320, MinDim=10, Cutoff=1.0E-10, Niter=4, Noise=1.0E-07
68  MaxDim=320, MinDim=10, Cutoff=1.0E-10, Niter=4, Noise=1.0E-07
69  MaxDim=320, MinDim=10, Cutoff=1.0E-10, Niter=4, Noise=1.0E-07
70  MaxDim=320, MinDim=10, Cutoff=1.0E-10, Niter=4, Noise=1.0E-07
71  MaxDim=320, MinDim=10, Cutoff=1.0E-10, Niter=4, Noise=1.0E-07
72  MaxDim=320, MinDim=10, Cutoff=1.0E-10, Niter=4, Noise=1.0E-07
73  MaxDim=320, MinDim=10, Cutoff=1.0E-10, Niter=4, Noise=1.0E-07
74  MaxDim=320, MinDim=10, Cutoff=1.0E-10, Niter=4, Noise=1.0E-07
75  MaxDim=640, MinDim=10, Cutoff=1.0E-12, Niter=2, Noise=1.0E-08
76  MaxDim=640, MinDim=10, Cutoff=1.0E-12, Niter=2, Noise=1.0E-08
77  MaxDim=640, MinDim=10, Cutoff=1.0E-12, Niter=2, Noise=1.0E-08
78  MaxDim=640, MinDim=10, Cutoff=1.0E-12, Niter=2, Noise=1.0E-08
79  MaxDim=640, MinDim=10, Cutoff=1.0E-12, Niter=2, Noise=1.0E-08
80  MaxDim=640, MinDim=10, Cutoff=1.0E-12, Niter=2, Noise=1.0E-08
81  MaxDim=640, MinDim=10, Cutoff=1.0E-12, Niter=2, Noise=1.0E-08
82  MaxDim=640, MinDim=10, Cutoff=1.0E-12, Niter=2, Noise=1.0E-08
83  MaxDim=1280, MinDim=10, Cutoff=1.0E-12, Niter=2, Noise=0.0E+00
84  MaxDim=1280, MinDim=10, Cutoff=1.0E-14, Niter=2, Noise=0.0E+00
85  MaxDim=1280, MinDim=10, Cutoff=1.0E-14, Niter=2, Noise=0.0E+00
86  MaxDim=1280, MinDim=10, Cutoff=1.0E-14, Niter=2, Noise=0.0E+00
87  MaxDim=1280, MinDim=10, Cutoff=1.0E-14, Niter=2, Noise=0.0E+00


    vN Entropy at center bond b=150 = 0.573337218749
    Eigs at center bond b=150: 0.8168 0.1581 0.0172 0.0055 0.0011 
    Largest link dim during sweep 1/87 was 20
    Largest truncation error: 4.33068e-05
    Energy after sweep 1/87 is -165.319742072201
    Sweep 1/87 CPU time = 18.22s (Wall time = 1.182s)

    vN Entropy at center bond b=150 = 0.651444766026
    Eigs at center bond b=150: 0.7785 0.1900 0.0208 0.0071 0.0016 0.0014 
    Largest link dim during sweep 2/87 was 20
    Largest truncation error: 2.48322e-06
    Energy after sweep 2/87 is -165.362519832931
    Sweep 2/87 CPU time = 25.56s (Wall time = 1.642s)

    vN Entropy at center bond b=150 = 0.657421539174
    Eigs at center bond b=150: 0.7745 0.1937 0.0210 0.0073 0.0016 0.0013 
    Largest link dim during sweep 3/87 was 20
    Largest truncation error: 2.3899e-06
    Energy after sweep 3/87 is -165.363483650714
    Sweep 3/87 CPU time = 25.58s (Wall time = 1.637s)

    vN Entropy at center bond b=150 = 0.659012519600
    Eigs at center bond b=150: 0.7734 0.1948 0.0210 0.0074 0.0016 0.0013 
    Largest link dim during sweep 4/87 was 20
    Largest truncation error: 2.3962e-06
    Energy after sweep 4/87 is -165.363625330771
    Sweep 4/87 CPU time = 25.98s (Wall time = 1.663s)

    vN Entropy at center bond b=150 = 0.659646478262
    Eigs at center bond b=150: 0.7729 0.1952 0.0211 0.0074 0.0016 0.0013 
    Largest link dim during sweep 5/87 was 20
    Largest truncation error: 2.4011e-06
    Energy after sweep 5/87 is -165.363658932269
    Sweep 5/87 CPU time = 25.42s (Wall time = 1.632s)

    vN Entropy at center bond b=150 = 0.659941004522
    Eigs at center bond b=150: 0.7727 0.1954 0.0211 0.0074 0.0016 0.0013 
    Largest link dim during sweep 6/87 was 20
    Largest truncation error: 2.40423e-06
    Energy after sweep 6/87 is -165.363669803455
    Sweep 6/87 CPU time = 25.45s (Wall time = 1.630s)

    vN Entropy at center bond b=150 = 0.660087092000
    Eigs at center bond b=150: 0.7726 0.1955 0.0211 0.0074 0.0016 0.0013 
    Largest link dim during sweep 7/87 was 20
    Largest truncation error: 2.40657e-06
    Energy after sweep 7/87 is -165.363674212140
    Sweep 7/87 CPU time = 25.45s (Wall time = 1.629s)

    vN Entropy at center bond b=150 = 0.661393589334
    Eigs at center bond b=150: 0.7723 0.1956 0.0212 0.0074 0.0016 0.0013 
    Largest link dim during sweep 8/87 was 28
    Largest truncation error: 7.72127e-07
    Energy after sweep 8/87 is -165.365914948190
    Sweep 8/87 CPU time = 16.41s (Wall time = 1.053s)

    vN Entropy at center bond b=150 = 0.661876960944
    Eigs at center bond b=150: 0.7723 0.1955 0.0212 0.0074 0.0016 0.0013 
    Largest link dim during sweep 9/87 was 28
    Largest truncation error: 7.70964e-07
    Energy after sweep 9/87 is -165.365992860922
    Sweep 9/87 CPU time = 17.69s (Wall time = 1.130s)

    vN Entropy at center bond b=150 = 0.661929896238
    Eigs at center bond b=150: 0.7724 0.1953 0.0212 0.0074 0.0016 0.0014 
    Largest link dim during sweep 10/87 was 28
    Largest truncation error: 7.68476e-07
    Energy after sweep 10/87 is -165.366002203876
    Sweep 10/87 CPU time = 17.71s (Wall time = 1.135s)

    vN Entropy at center bond b=150 = 0.661827176898
    Eigs at center bond b=150: 0.7725 0.1952 0.0212 0.0074 0.0016 0.0014 
    Largest link dim during sweep 11/87 was 28
    Largest truncation error: 7.68713e-07
    Energy after sweep 11/87 is -165.366004934480
    Sweep 11/87 CPU time = 17.86s (Wall time = 1.141s)

    vN Entropy at center bond b=150 = 0.661732037506
    Eigs at center bond b=150: 0.7726 0.1951 0.0212 0.0074 0.0016 0.0014 
    Largest link dim during sweep 12/87 was 28
    Largest truncation error: 7.66484e-07
    Energy after sweep 12/87 is -165.366007045716
    Sweep 12/87 CPU time = 17.82s (Wall time = 1.143s)

    vN Entropy at center bond b=150 = 0.661662958387
    Eigs at center bond b=150: 0.7727 0.1950 0.0212 0.0074 0.0016 0.0014 
    Largest link dim during sweep 13/87 was 28
    Largest truncation error: 7.69347e-07
    Energy after sweep 13/87 is -165.366007515197
    Sweep 13/87 CPU time = 17.92s (Wall time = 1.150s)

    vN Entropy at center bond b=150 = 0.661616076692
    Eigs at center bond b=150: 0.7728 0.1950 0.0212 0.0074 0.0016 0.0014 
    Largest link dim during sweep 14/87 was 28
    Largest truncation error: 7.66394e-07
    Energy after sweep 14/87 is -165.366010141057
    Sweep 14/87 CPU time = 17.90s (Wall time = 1.149s)

    vN Entropy at center bond b=150 = 0.661584851276
    Eigs at center bond b=150: 0.7728 0.1949 0.0212 0.0074 0.0016 0.0014 
    Largest link dim during sweep 15/87 was 28
    Largest truncation error: 7.68518e-07
    Energy after sweep 15/87 is -165.366004797654
    Sweep 15/87 CPU time = 17.85s (Wall time = 1.144s)

    vN Entropy at center bond b=150 = 0.661564077512
    Eigs at center bond b=150: 0.7728 0.1949 0.0212 0.0074 0.0016 0.0014 
    Largest link dim during sweep 16/87 was 28
    Largest truncation error: 7.6982e-07
    Energy after sweep 16/87 is -165.366004911603
    Sweep 16/87 CPU time = 17.79s (Wall time = 1.138s)

    vN Entropy at center bond b=150 = 0.661550241768
    Eigs at center bond b=150: 0.7728 0.1949 0.0212 0.0074 0.0016 0.0014 
    Largest link dim during sweep 17/87 was 28
    Largest truncation error: 7.68168e-07
    Energy after sweep 17/87 is -165.366004993876
    Sweep 17/87 CPU time = 17.84s (Wall time = 1.145s)

    vN Entropy at center bond b=150 = 0.661540962566
    Eigs at center bond b=150: 0.7728 0.1949 0.0212 0.0074 0.0016 0.0014 
    Largest link dim during sweep 18/87 was 28
    Largest truncation error: 7.68685e-07
    Energy after sweep 18/87 is -165.366005561178
    Sweep 18/87 CPU time = 17.79s (Wall time = 1.142s)

    vN Entropy at center bond b=150 = 0.661534681751
    Eigs at center bond b=150: 0.7728 0.1949 0.0212 0.0074 0.0016 0.0014 
    Largest link dim during sweep 19/87 was 28
    Largest truncation error: 7.69038e-07
    Energy after sweep 19/87 is -165.366005673111
    Sweep 19/87 CPU time = 17.71s (Wall time = 1.139s)

    vN Entropy at center bond b=150 = 0.661530396206
    Eigs at center bond b=150: 0.7728 0.1949 0.0212 0.0074 0.0016 0.0014 
    Largest link dim during sweep 20/87 was 28
    Largest truncation error: 7.69281e-07
    Energy after sweep 20/87 is -165.366006459670
    Sweep 20/87 CPU time = 17.83s (Wall time = 1.141s)

    vN Entropy at center bond b=150 = 0.661527439602
    Eigs at center bond b=150: 0.7728 0.1949 0.0212 0.0074 0.0016 0.0014 
    Largest link dim during sweep 21/87 was 28
    Largest truncation error: 7.69451e-07
    Energy after sweep 21/87 is -165.366006450260
    Sweep 21/87 CPU time = 18.02s (Wall time = 1.162s)

    vN Entropy at center bond b=150 = 0.661525380039
    Eigs at center bond b=150: 0.7728 0.1949 0.0212 0.0074 0.0016 0.0014 
    Largest link dim during sweep 22/87 was 28
    Largest truncation error: 7.6957e-07
    Energy after sweep 22/87 is -165.366006450674
    Sweep 22/87 CPU time = 17.91s (Wall time = 1.148s)

    vN Entropy at center bond b=150 = 0.661523940116
    Eigs at center bond b=150: 0.7728 0.1949 0.0212 0.0074 0.0016 0.0014 
    Largest link dim during sweep 23/87 was 28
    Largest truncation error: 7.69654e-07
    Energy after sweep 23/87 is -165.366006453141
    Sweep 23/87 CPU time = 17.73s (Wall time = 1.139s)

    vN Entropy at center bond b=150 = 0.661522933504
    Eigs at center bond b=150: 0.7728 0.1949 0.0212 0.0074 0.0016 0.0014 
    Largest link dim during sweep 24/87 was 28
    Largest truncation error: 7.69713e-07
    Energy after sweep 24/87 is -165.366006455464
    Sweep 24/87 CPU time = 17.80s (Wall time = 1.141s)

    vN Entropy at center bond b=150 = 0.661522230350
    Eigs at center bond b=150: 0.7728 0.1949 0.0212 0.0074 0.0016 0.0014 
    Largest link dim during sweep 25/87 was 28
    Largest truncation error: 7.69754e-07
    Energy after sweep 25/87 is -165.366006457246
    Sweep 25/87 CPU time = 17.79s (Wall time = 1.137s)

    vN Entropy at center bond b=150 = 0.661521739285
    Eigs at center bond b=150: 0.7728 0.1949 0.0212 0.0074 0.0016 0.0014 
    Largest link dim during sweep 26/87 was 28
    Largest truncation error: 7.69783e-07
    Energy after sweep 26/87 is -165.366006458521
    Sweep 26/87 CPU time = 17.79s (Wall time = 1.139s)

    vN Entropy at center bond b=150 = 0.661521396204
    Eigs at center bond b=150: 0.7729 0.1949 0.0212 0.0074 0.0016 0.0014 
    Largest link dim during sweep 27/87 was 28
    Largest truncation error: 7.69804e-07
    Energy after sweep 27/87 is -165.366006459412
    Sweep 27/87 CPU time = 17.83s (Wall time = 1.139s)

    vN Entropy at center bond b=150 = 0.661521156328
    Eigs at center bond b=150: 0.7729 0.1949 0.0212 0.0074 0.0016 0.0014 
    Largest link dim during sweep 28/87 was 28
    Largest truncation error: 7.69819e-07
    Energy after sweep 28/87 is -165.366006460034
    Sweep 28/87 CPU time = 17.81s (Wall time = 1.142s)

    vN Entropy at center bond b=150 = 0.661520988458
    Eigs at center bond b=150: 0.7729 0.1949 0.0212 0.0074 0.0016 0.0014 
    Largest link dim during sweep 29/87 was 28
    Largest truncation error: 7.69829e-07
    Energy after sweep 29/87 is -165.366006460464
    Sweep 29/87 CPU time = 17.86s (Wall time = 1.144s)

    vN Entropy at center bond b=150 = 0.661520870872
    Eigs at center bond b=150: 0.7729 0.1949 0.0212 0.0074 0.0016 0.0014 
    Largest link dim during sweep 30/87 was 28
    Largest truncation error: 7.69836e-07
    Energy after sweep 30/87 is -165.366006460765
    Sweep 30/87 CPU time = 17.81s (Wall time = 1.145s)

    vN Entropy at center bond b=150 = 0.661520788436
    Eigs at center bond b=150: 0.7729 0.1949 0.0212 0.0074 0.0016 0.0014 
    Largest link dim during sweep 31/87 was 28
    Largest truncation error: 7.69841e-07
    Energy after sweep 31/87 is -165.366006460975
    Sweep 31/87 CPU time = 18.01s (Wall time = 1.156s)

    vN Entropy at center bond b=150 = 0.661520730598
    Eigs at center bond b=150: 0.7729 0.1949 0.0212 0.0074 0.0016 0.0014 
    Largest link dim during sweep 32/87 was 28
    Largest truncation error: 7.69845e-07
    Energy after sweep 32/87 is -165.366006461121
    Sweep 32/87 CPU time = 17.81s (Wall time = 1.139s)

    vN Entropy at center bond b=150 = 0.661520689991
    Eigs at center bond b=150: 0.7729 0.1949 0.0212 0.0074 0.0016 0.0014 
    Largest link dim during sweep 33/87 was 28
    Largest truncation error: 7.69847e-07
    Energy after sweep 33/87 is -165.366006461222
    Sweep 33/87 CPU time = 17.73s (Wall time = 1.137s)

    vN Entropy at center bond b=150 = 0.661520661465
    Eigs at center bond b=150: 0.7729 0.1949 0.0212 0.0074 0.0016 0.0014 
    Largest link dim during sweep 34/87 was 28
    Largest truncation error: 7.69849e-07
    Energy after sweep 34/87 is -165.366006461290
    Sweep 34/87 CPU time = 17.76s (Wall time = 1.139s)

    vN Entropy at center bond b=150 = 0.661520641415
    Eigs at center bond b=150: 0.7729 0.1949 0.0212 0.0074 0.0016 0.0014 
    Largest link dim during sweep 35/87 was 28
    Largest truncation error: 7.69851e-07
    Energy after sweep 35/87 is -165.366006461341
    Sweep 35/87 CPU time = 17.93s (Wall time = 1.147s)

    vN Entropy at center bond b=150 = 0.661520627316
    Eigs at center bond b=150: 0.7729 0.1949 0.0212 0.0074 0.0016 0.0014 
    Largest link dim during sweep 36/87 was 28
    Largest truncation error: 7.69851e-07
    Energy after sweep 36/87 is -165.366006461379
    Sweep 36/87 CPU time = 17.74s (Wall time = 1.139s)

    vN Entropy at center bond b=150 = 0.668327790786
    Eigs at center bond b=150: 0.7720 0.1944 0.0218 0.0075 0.0017 0.0016 
    Largest link dim during sweep 37/87 was 63
    Largest truncation error: 7.7116e-09
    Energy after sweep 37/87 is -165.367971359111
    Sweep 37/87 CPU time = 49.04s (Wall time = 3.155s)

    vN Entropy at center bond b=150 = 0.756319817340
    Eigs at center bond b=150: 0.7567 0.1902 0.0286 0.0096 0.0080 0.0036 0.0013 
    Largest link dim during sweep 38/87 was 89
    Largest truncation error: 7.84235e-09
    Energy after sweep 38/87 is -165.369193218089
    Sweep 38/87 CPU time = 1m, 53.2s (Wall time = 7.319s)

    vN Entropy at center bond b=150 = 0.905980421947
    Eigs at center bond b=150: 0.7151 0.1891 0.0550 0.0157 0.0141 0.0060 0.0017 0.0011 
    Largest link dim during sweep 39/87 was 105
    Largest truncation error: 7.90185e-09
    Energy after sweep 39/87 is -165.369645494715
    Sweep 39/87 CPU time = 2m, 56.1s (Wall time = 11.32s)

    vN Entropy at center bond b=150 = 0.935204003615
    Eigs at center bond b=150: 0.7059 0.1922 0.0578 0.0163 0.0151 0.0062 0.0019 0.0016 0.0010 
    Largest link dim during sweep 40/87 was 121
    Largest truncation error: 7.90288e-09
    Energy after sweep 40/87 is -165.369734592235
    Sweep 40/87 CPU time = 3m, 37.7s (Wall time = 14.05s)

    vN Entropy at center bond b=150 = 0.950225677606
    Eigs at center bond b=150: 0.7060 0.1956 0.0490 0.0171 0.0129 0.0064 0.0060 0.0025 0.0014 
    Largest link dim during sweep 41/87 was 138
    Largest truncation error: 7.91159e-09
    Energy after sweep 41/87 is -165.369860096824
    Sweep 41/87 CPU time = 4m, 22.5s (Wall time = 17.00s)

    vN Entropy at center bond b=150 = 1.031546875671
    Eigs at center bond b=150: 0.6861 0.1987 0.0476 0.0250 0.0133 0.0109 0.0070 0.0051 0.0018 0.0012 
    Largest link dim during sweep 42/87 was 153
    Largest truncation error: 7.9333e-09
    Energy after sweep 42/87 is -165.369998414521
    Sweep 42/87 CPU time = 5m, 16.8s (Wall time = 21.40s)

    vN Entropy at center bond b=150 = 1.110970041215
    Eigs at center bond b=150: 0.6595 0.2023 0.0608 0.0270 0.0182 0.0107 0.0082 0.0050 0.0026 0.0014 
    Largest link dim during sweep 43/87 was 160
    Largest truncation error: 7.59079e-09
    Energy after sweep 43/87 is -165.370069618920
    Sweep 43/87 CPU time = 6m, 16.1s (Wall time = 25.87s)

    vN Entropy at center bond b=150 = 1.140626073690
    Eigs at center bond b=150: 0.6480 0.2046 0.0670 0.0267 0.0208 0.0105 0.0084 0.0050 0.0029 0.0016 
    Largest link dim during sweep 44/87 was 160
    Largest truncation error: 7.43436e-09
    Energy after sweep 44/87 is -165.370091727093
    Sweep 44/87 CPU time = 6m, 47.4s (Wall time = 27.98s)

    vN Entropy at center bond b=150 = 1.148461764123
    Eigs at center bond b=150: 0.6448 0.2053 0.0687 0.0266 0.0215 0.0105 0.0084 0.0050 0.0030 0.0016 
    Largest link dim during sweep 45/87 was 160
    Largest truncation error: 7.46788e-09
    Energy after sweep 45/87 is -165.370097461067
    Sweep 45/87 CPU time = 7m, 5.8s (Wall time = 29.42s)

    vN Entropy at center bond b=150 = 1.150598533297
    Eigs at center bond b=150: 0.6439 0.2056 0.0692 0.0265 0.0217 0.0105 0.0084 0.0050 0.0030 0.0016 
    Largest link dim during sweep 46/87 was 160
    Largest truncation error: 7.43236e-09
    Energy after sweep 46/87 is -165.370098965387
    Sweep 46/87 CPU time = 7m, 6.5s (Wall time = 29.53s)

    vN Entropy at center bond b=150 = 1.151376444114
    Eigs at center bond b=150: 0.6436 0.2056 0.0694 0.0265 0.0218 0.0105 0.0085 0.0050 0.0030 0.0016 
    Largest link dim during sweep 47/87 was 160
    Largest truncation error: 7.45702e-09
    Energy after sweep 47/87 is -165.370099495943
    Sweep 47/87 CPU time = 7m, 4.9s (Wall time = 29.54s)

    vN Entropy at center bond b=150 = 1.151732717567
    Eigs at center bond b=150: 0.6434 0.2057 0.0694 0.0265 0.0218 0.0105 0.0085 0.0050 0.0030 0.0016 
    Largest link dim during sweep 48/87 was 160
    Largest truncation error: 7.40517e-09
    Energy after sweep 48/87 is -165.370099748669
    Sweep 48/87 CPU time = 6m, 52.5s (Wall time = 28.04s)

    vN Entropy at center bond b=150 = 1.151914419151
    Eigs at center bond b=150: 0.6434 0.2057 0.0695 0.0265 0.0218 0.0105 0.0085 0.0050 0.0030 0.0016 
    Largest link dim during sweep 49/87 was 160
    Largest truncation error: 7.38315e-09
    Energy after sweep 49/87 is -165.370099878708
    Sweep 49/87 CPU time = 6m, 55.0s (Wall time = 28.02s)

    vN Entropy at center bond b=150 = 1.152015749963
    Eigs at center bond b=150: 0.6433 0.2057 0.0695 0.0265 0.0218 0.0105 0.0085 0.0050 0.0030 0.0016 
    Largest link dim during sweep 50/87 was 160
    Largest truncation error: 7.43914e-09
    Energy after sweep 50/87 is -165.370099937357
    Sweep 50/87 CPU time = 6m, 50.9s (Wall time = 27.72s)

    vN Entropy at center bond b=150 = 1.152075843317
    Eigs at center bond b=150: 0.6433 0.2057 0.0695 0.0265 0.0218 0.0105 0.0085 0.0050 0.0030 0.0016 
    Largest link dim during sweep 51/87 was 160
    Largest truncation error: 7.43554e-09
    Energy after sweep 51/87 is -165.370099971577
    Sweep 51/87 CPU time = 7m, 0.9s (Wall time = 29.13s)

    vN Entropy at center bond b=150 = 1.152109979137
    Eigs at center bond b=150: 0.6433 0.2057 0.0695 0.0265 0.0218 0.0105 0.0085 0.0050 0.0030 0.0016 
    Largest link dim during sweep 52/87 was 160
    Largest truncation error: 7.42775e-09
    Energy after sweep 52/87 is -165.370099996736
    Sweep 52/87 CPU time = 6m, 50.2s (Wall time = 28.34s)

    vN Entropy at center bond b=150 = 1.152131976870
    Eigs at center bond b=150: 0.6433 0.2057 0.0695 0.0265 0.0218 0.0105 0.0085 0.0050 0.0030 0.0016 
    Largest link dim during sweep 53/87 was 160
    Largest truncation error: 7.46218e-09
    Energy after sweep 53/87 is -165.370100014120
    Sweep 53/87 CPU time = 6m, 52.9s (Wall time = 28.55s)

    vN Entropy at center bond b=150 = 1.152144798788
    Eigs at center bond b=150: 0.6432 0.2057 0.0695 0.0265 0.0218 0.0105 0.0085 0.0050 0.0030 0.0016 
    Largest link dim during sweep 54/87 was 160
    Largest truncation error: 7.45803e-09
    Energy after sweep 54/87 is -165.370100021768
    Sweep 54/87 CPU time = 6m, 50.8s (Wall time = 28.42s)

    vN Entropy at center bond b=150 = 1.152152795780
    Eigs at center bond b=150: 0.6432 0.2057 0.0695 0.0265 0.0218 0.0105 0.0085 0.0050 0.0030 0.0016 
    Largest link dim during sweep 55/87 was 160
    Largest truncation error: 7.45708e-09
    Energy after sweep 55/87 is -165.370100029563
    Sweep 55/87 CPU time = 6m, 53.3s (Wall time = 28.55s)

    vN Entropy at center bond b=150 = 1.152158196417
    Eigs at center bond b=150: 0.6432 0.2057 0.0695 0.0265 0.0218 0.0105 0.0085 0.0050 0.0030 0.0016 
    Largest link dim during sweep 56/87 was 160
    Largest truncation error: 7.45651e-09
    Energy after sweep 56/87 is -165.370100034462
    Sweep 56/87 CPU time = 6m, 51.2s (Wall time = 27.42s)

    vN Entropy at center bond b=150 = 1.152161679721
    Eigs at center bond b=150: 0.6432 0.2057 0.0695 0.0265 0.0218 0.0105 0.0085 0.0050 0.0030 0.0016 
    Largest link dim during sweep 57/87 was 160
    Largest truncation error: 7.45615e-09
    Energy after sweep 57/87 is -165.370100034524
    Sweep 57/87 CPU time = 6m, 59.1s (Wall time = 28.16s)

    vN Entropy at center bond b=150 = 1.152163825743
    Eigs at center bond b=150: 0.6432 0.2057 0.0695 0.0265 0.0218 0.0105 0.0085 0.0050 0.0030 0.0016 
    Largest link dim during sweep 58/87 was 160
    Largest truncation error: 7.45593e-09
    Energy after sweep 58/87 is -165.370100036450
    Sweep 58/87 CPU time = 6m, 57.9s (Wall time = 27.98s)

    vN Entropy at center bond b=150 = 1.154178595127
    Eigs at center bond b=150: 0.6427 0.2057 0.0697 0.0267 0.0219 0.0105 0.0085 0.0050 0.0031 0.0016 
    Largest link dim during sweep 59/87 was 314
    Largest truncation error: 7.43727e-11
    Energy after sweep 59/87 is -165.370117504332
    Sweep 59/87 CPU time = 20m, 45s (Wall time = 1m, 24.7s)

    vN Entropy at center bond b=150 = 1.155226353585
    Eigs at center bond b=150: 0.6424 0.2056 0.0698 0.0267 0.0220 0.0105 0.0085 0.0050 0.0031 0.0016 
    Largest link dim during sweep 60/87 was 320
    Largest truncation error: 7.64222e-11
    Energy after sweep 60/87 is -165.370117639115
    Sweep 60/87 CPU time = 34m, 29s (Wall time = 2m, 17.3s)

    vN Entropy at center bond b=150 = 1.155325485803
    Eigs at center bond b=150: 0.6424 0.2056 0.0699 0.0267 0.0220 0.0105 0.0085 0.0050 0.0031 0.0016 
    Largest link dim during sweep 61/87 was 320
    Largest truncation error: 7.46085e-11
    Energy after sweep 61/87 is -165.370117644523
    Sweep 61/87 CPU time = 34m, 23s (Wall time = 2m, 14.8s)

    vN Entropy at center bond b=150 = 1.155339276855
    Eigs at center bond b=150: 0.6424 0.2056 0.0699 0.0267 0.0220 0.0105 0.0085 0.0050 0.0031 0.0016 
    Largest link dim during sweep 62/87 was 320
    Largest truncation error: 7.47564e-11
    Energy after sweep 62/87 is -165.370117645180
    Sweep 62/87 CPU time = 35m, 19s (Wall time = 2m, 20.4s)

    vN Entropy at center bond b=150 = 1.155341273675
    Eigs at center bond b=150: 0.6424 0.2056 0.0699 0.0267 0.0220 0.0105 0.0085 0.0050 0.0031 0.0016 
    Largest link dim during sweep 63/87 was 320
    Largest truncation error: 7.48118e-11
    Energy after sweep 63/87 is -165.370117645457
    Sweep 63/87 CPU time = 34m, 18s (Wall time = 2m, 16.6s)

    vN Entropy at center bond b=150 = 1.155341583229
    Eigs at center bond b=150: 0.6424 0.2056 0.0699 0.0267 0.0220 0.0105 0.0085 0.0050 0.0031 0.0016 
    Largest link dim during sweep 64/87 was 320
    Largest truncation error: 7.48239e-11
    Energy after sweep 64/87 is -165.370117645559
    Sweep 64/87 CPU time = 35m, 7s (Wall time = 2m, 20.2s)

    vN Entropy at center bond b=150 = 1.155341652929
    Eigs at center bond b=150: 0.6424 0.2056 0.0699 0.0267 0.0220 0.0105 0.0085 0.0050 0.0031 0.0016 
    Largest link dim during sweep 65/87 was 320
    Largest truncation error: 7.48259e-11
    Energy after sweep 65/87 is -165.370117645611
    Sweep 65/87 CPU time = 34m, 60s (Wall time = 2m, 18.7s)

    vN Entropy at center bond b=150 = 1.155341682088
    Eigs at center bond b=150: 0.6424 0.2056 0.0699 0.0267 0.0220 0.0105 0.0085 0.0050 0.0031 0.0016 
    Largest link dim during sweep 66/87 was 320
    Largest truncation error: 7.48254e-11
    Energy after sweep 66/87 is -165.370117645640
    Sweep 66/87 CPU time = 34m, 53s (Wall time = 2m, 19.0s)

    vN Entropy at center bond b=150 = 1.155341701402
    Eigs at center bond b=150: 0.6424 0.2056 0.0699 0.0267 0.0220 0.0105 0.0085 0.0050 0.0031 0.0016 
    Largest link dim during sweep 67/87 was 320
    Largest truncation error: 7.48242e-11
    Energy after sweep 67/87 is -165.370117645661
    Sweep 67/87 CPU time = 35m, 6s (Wall time = 2m, 20.9s)

    vN Entropy at center bond b=150 = 1.155341714567
    Eigs at center bond b=150: 0.6424 0.2056 0.0699 0.0267 0.0220 0.0105 0.0085 0.0050 0.0031 0.0016 
    Largest link dim during sweep 68/87 was 320
    Largest truncation error: 7.48232e-11
    Energy after sweep 68/87 is -165.370117645673
    Sweep 68/87 CPU time = 34m, 41s (Wall time = 2m, 17.3s)

    vN Entropy at center bond b=150 = 1.155341723326
    Eigs at center bond b=150: 0.6424 0.2056 0.0699 0.0267 0.0220 0.0105 0.0085 0.0050 0.0031 0.0016 
    Largest link dim during sweep 69/87 was 320
    Largest truncation error: 7.48224e-11
    Energy after sweep 69/87 is -165.370117645682
    Sweep 69/87 CPU time = 34m, 33s (Wall time = 2m, 16.2s)

    vN Entropy at center bond b=150 = 1.155341729128
    Eigs at center bond b=150: 0.6424 0.2056 0.0699 0.0267 0.0220 0.0105 0.0085 0.0050 0.0031 0.0016 
    Largest link dim during sweep 70/87 was 320
    Largest truncation error: 7.48218e-11
    Energy after sweep 70/87 is -165.370117645687
    Sweep 70/87 CPU time = 34m, 23s (Wall time = 2m, 15.4s)

    vN Entropy at center bond b=150 = 1.155341733749
    Eigs at center bond b=150: 0.6424 0.2056 0.0699 0.0267 0.0220 0.0105 0.0085 0.0050 0.0031 0.0016 
    Largest link dim during sweep 71/87 was 320
    Largest truncation error: 7.48215e-11
    Energy after sweep 71/87 is -165.370117645694
    Sweep 71/87 CPU time = 34m, 48s (Wall time = 2m, 17.3s)

    vN Entropy at center bond b=150 = 1.155341736976
    Eigs at center bond b=150: 0.6424 0.2056 0.0699 0.0267 0.0220 0.0105 0.0085 0.0050 0.0031 0.0016 
    Largest link dim during sweep 72/87 was 320
    Largest truncation error: 7.4821e-11
    Energy after sweep 72/87 is -165.370117645701
    Sweep 72/87 CPU time = 34m, 53s (Wall time = 2m, 18.7s)

    vN Entropy at center bond b=150 = 1.155341738881
    Eigs at center bond b=150: 0.6424 0.2056 0.0699 0.0267 0.0220 0.0105 0.0085 0.0050 0.0031 0.0016 
    Largest link dim during sweep 73/87 was 320
    Largest truncation error: 7.48209e-11
    Energy after sweep 73/87 is -165.370117645696
    Sweep 73/87 CPU time = 34m, 21s (Wall time = 2m, 15.4s)

    vN Entropy at center bond b=150 = 1.155341740079
    Eigs at center bond b=150: 0.6424 0.2056 0.0699 0.0267 0.0220 0.0105 0.0085 0.0050 0.0031 0.0016 
    Largest link dim during sweep 74/87 was 320
    Largest truncation error: 7.48208e-11
    Energy after sweep 74/87 is -165.370117645700
    Sweep 74/87 CPU time = 35m, 2s (Wall time = 2m, 18.4s)

    vN Entropy at center bond b=150 = 1.155357298682
    Eigs at center bond b=150: 0.6424 0.2056 0.0699 0.0267 0.0220 0.0105 0.0085 0.0050 0.0031 0.0016 
    Largest link dim during sweep 75/87 was 599
    Largest truncation error: 7.65018e-13
    Energy after sweep 75/87 is -165.370117842908
    Sweep 75/87 CPU time = 1h, 12m, 57s (Wall time = 4m, 55.2s)

    vN Entropy at center bond b=150 = 1.155371916180
    Eigs at center bond b=150: 0.6424 0.2056 0.0699 0.0267 0.0220 0.0105 0.0085 0.0050 0.0031 0.0016 
    Largest link dim during sweep 76/87 was 630
    Largest truncation error: 7.60569e-13
    Energy after sweep 76/87 is -165.370117844152
    Sweep 76/87 CPU time = 1h, 44m, 18s (Wall time = 6m, 54.6s)

    vN Entropy at center bond b=150 = 1.155376610101
    Eigs at center bond b=150: 0.6424 0.2056 0.0699 0.0267 0.0220 0.0105 0.0085 0.0050 0.0031 0.0016 
    Largest link dim during sweep 77/87 was 628
    Largest truncation error: 7.59552e-13
    Energy after sweep 77/87 is -165.370117844328
    Sweep 77/87 CPU time = 1h, 43m, 27s (Wall time = 6m, 49.8s)

    vN Entropy at center bond b=150 = 1.155377849992
    Eigs at center bond b=150: 0.6424 0.2056 0.0699 0.0267 0.0220 0.0105 0.0085 0.0050 0.0031 0.0016 
    Largest link dim during sweep 78/87 was 627
    Largest truncation error: 7.59529e-13
    Energy after sweep 78/87 is -165.370117844382
    Sweep 78/87 CPU time = 1h, 45m, 31s (Wall time = 7m, 0.5s)

    vN Entropy at center bond b=150 = 1.155378061842
    Eigs at center bond b=150: 0.6424 0.2056 0.0699 0.0267 0.0220 0.0105 0.0085 0.0050 0.0031 0.0016 
    Largest link dim during sweep 79/87 was 628
    Largest truncation error: 7.59698e-13
    Energy after sweep 79/87 is -165.370117844408
    Sweep 79/87 CPU time = 1h, 46m, 40s (Wall time = 7m, 7.2s)

    vN Entropy at center bond b=150 = 1.155378026336
    Eigs at center bond b=150: 0.6424 0.2056 0.0699 0.0267 0.0220 0.0105 0.0085 0.0050 0.0031 0.0016 
    Largest link dim during sweep 80/87 was 629
    Largest truncation error: 7.59423e-13
    Energy after sweep 80/87 is -165.370117844418
    Sweep 80/87 CPU time = 1h, 46m, 42s (Wall time = 7m, 8.7s)

    vN Entropy at center bond b=150 = 1.155377961537
    Eigs at center bond b=150: 0.6424 0.2056 0.0699 0.0267 0.0220 0.0105 0.0085 0.0050 0.0031 0.0016 
    Largest link dim during sweep 81/87 was 629
    Largest truncation error: 7.59538e-13
    Energy after sweep 81/87 is -165.370117844425
    Sweep 81/87 CPU time = 1h, 46m, 35s (Wall time = 7m, 6.5s)

    vN Entropy at center bond b=150 = 1.155377913233
    Eigs at center bond b=150: 0.6424 0.2056 0.0699 0.0267 0.0220 0.0105 0.0085 0.0050 0.0031 0.0016 
    Largest link dim during sweep 82/87 was 630
    Largest truncation error: 7.59544e-13
    Energy after sweep 82/87 is -165.370117844429
    Sweep 82/87 CPU time = 1h, 45m, 49s (Wall time = 7m, 1.5s)

    vN Entropy at center bond b=150 = 1.155378100116
    Eigs at center bond b=150: 0.6424 0.2056 0.0699 0.0267 0.0220 0.0105 0.0085 0.0050 0.0031 0.0016 
    Largest link dim during sweep 83/87 was 589
    Largest truncation error: 7.6605e-13
    Energy after sweep 83/87 is -165.370117843929
    Sweep 83/87 CPU time = 1h, 16m, 57s (Wall time = 5m, 1.7s)

    vN Entropy at center bond b=150 = 1.155378260367
    Eigs at center bond b=150: 0.6424 0.2056 0.0699 0.0267 0.0220 0.0105 0.0085 0.0050 0.0031 0.0016 
    Largest link dim during sweep 84/87 was 1059
    Largest truncation error: 7.49166e-15
    Energy after sweep 84/87 is -165.370117846668
    Sweep 84/87 CPU time = 3h, 35m, 28s (Wall time = 14m, 21s)

    vN Entropy at center bond b=150 = 1.155378401577
    Eigs at center bond b=150: 0.6424 0.2056 0.0699 0.0267 0.0220 0.0105 0.0085 0.0050 0.0031 0.0016 
    Largest link dim during sweep 85/87 was 1115
    Largest truncation error: 7.50187e-15
    Energy after sweep 85/87 is -165.370117846704
    Sweep 85/87 CPU time = 5h, 28m, 28s (Wall time = 24m, 23s)

    vN Entropy at center bond b=150 = 1.155378407298
    Eigs at center bond b=150: 0.6424 0.2056 0.0699 0.0267 0.0220 0.0105 0.0085 0.0050 0.0031 0.0016 
    Largest link dim during sweep 86/87 was 1101
    Largest truncation error: 7.49538e-15
    Energy after sweep 86/87 is -165.370117846705
    Sweep 86/87 CPU time = 5h, 20m, 56s (Wall time = 23m, 28s)

    vN Entropy at center bond b=150 = 1.155378403370
    Eigs at center bond b=150: 0.6424 0.2056 0.0699 0.0267 0.0220 0.0105 0.0085 0.0050 0.0031 0.0016 
    Largest link dim during sweep 87/87 was 1092
    Largest truncation error: 7.4966e-15
    Energy after sweep 87/87 is -165.370117846705
    Sweep 87/87 CPU time = 5h, 16m, 8s (Wall time = 22m, 50s)
Initial energy = 0.00000

Ground State Energy = -165.3701178467
run_outputs/outputpsi/N_300_sweep_87_t_0.030000_J_1.000000_V_0.600000_D_0.018000_U_0.800000_mu_0.000000_E_0.001000 converge
Wall-clock time (s) = 72240.548121
