//////////////////////////
Reading input file ......

Got input.N = 303
Got input.t = 0.03
Got input.J = 1
Got input.V = 0.6
Got input.D = 0.018
Got input.U = 1.5
Got input.mu = 1
Got input.E = 0.005
Got input.nsweeps = 87
Sweeps:
1  MaxDim=20, MinDim=20, Cutoff=1.0E-06, Niter=8, Noise=1.0E-05
2  MaxDim=20, MinDim=20, Cutoff=1.0E-06, Niter=8, Noise=1.0E-05
3  MaxDim=20, MinDim=20, Cutoff=1.0E-06, Niter=8, Noise=1.0E-05
4  MaxDim=20, MinDim=20, Cutoff=1.0E-06, Niter=8, Noise=1.0E-05
5  MaxDim=20, MinDim=20, Cutoff=1.0E-06, Niter=8, Noise=1.0E-05
6  MaxDim=20, MinDim=20, Cutoff=1.0E-06, Niter=8, Noise=1.0E-05
7  MaxDim=20, MinDim=20, Cutoff=1.0E-06, Niter=8, Noise=1.0E-05
8  MaxDim=40, MinDim=20, Cutoff=1.0E-06, Niter=4, Noise=1.0E-05
9  MaxDim=40, MinDim=20, Cutoff=1.0E-06, Niter=4, Noise=1.0E-05
10  MaxDim=40, MinDim=20, Cutoff=1.0E-06, Niter=4, Noise=1.0E-05
11  MaxDim=40, MinDim=20, Cutoff=1.0E-06, Niter=4, Noise=1.0E-05
12  MaxDim=40, MinDim=20, Cutoff=1.0E-06, Niter=4, Noise=1.0E-05
13  MaxDim=40, MinDim=20, Cutoff=1.0E-06, Niter=4, Noise=1.0E-05
14  MaxDim=40, MinDim=20, Cutoff=1.0E-06, Niter=4, Noise=1.0E-05
15  MaxDim=80, MinDim=10, Cutoff=1.0E-06, Niter=4, Noise=1.0E-05
16  MaxDim=80, MinDim=10, Cutoff=1.0E-06, Niter=4, Noise=1.0E-05
17  MaxDim=80, MinDim=10, Cutoff=1.0E-06, Niter=4, Noise=1.0E-05
18  MaxDim=80, MinDim=10, Cutoff=1.0E-06, Niter=4, Noise=1.0E-05
19  MaxDim=80, MinDim=10, Cutoff=1.0E-06, Niter=4, Noise=1.0E-05
20  MaxDim=80, MinDim=10, Cutoff=1.0E-06, Niter=4, Noise=1.0E-05
21  MaxDim=80, MinDim=10, Cutoff=1.0E-06, Niter=4, Noise=1.0E-05
22  MaxDim=80, MinDim=10, Cutoff=1.0E-06, Niter=4, Noise=1.0E-05
23  MaxDim=80, MinDim=10, Cutoff=1.0E-06, Niter=4, Noise=1.0E-05
24  MaxDim=80, MinDim=10, Cutoff=1.0E-06, Niter=4, Noise=1.0E-05
25  MaxDim=80, MinDim=10, Cutoff=1.0E-06, Niter=4, Noise=1.0E-05
26  MaxDim=80, MinDim=10, Cutoff=1.0E-06, Niter=4, Noise=1.0E-05
27  MaxDim=80, MinDim=10, Cutoff=1.0E-06, Niter=4, Noise=1.0E-05
28  MaxDim=80, MinDim=10, Cutoff=1.0E-06, Niter=4, Noise=1.0E-05
29  MaxDim=80, MinDim=10, Cutoff=1.0E-06, Niter=4, Noise=1.0E-05
30  MaxDim=80, MinDim=10, Cutoff=1.0E-06, Niter=4, Noise=1.0E-05
31  MaxDim=80, MinDim=10, Cutoff=1.0E-06, Niter=4, Noise=1.0E-05
32  MaxDim=80, MinDim=10, Cutoff=1.0E-06, Niter=4, Noise=1.0E-05
33  MaxDim=80, MinDim=10, Cutoff=1.0E-06, Niter=4, Noise=1.0E-05
34  MaxDim=80, MinDim=10, Cutoff=1.0E-06, Niter=4, Noise=1.0E-05
35  MaxDim=80, MinDim=10, Cutoff=1.0E-06, Niter=4, Noise=1.0E-05
36  MaxDim=80, MinDim=10, Cutoff=1.0E-06, Niter=4, Noise=1.0E-05
37  MaxDim=160, MinDim=10, Cutoff=1.0E-08, Niter=4, Noise=1.0E-06
38  MaxDim=160, MinDim=10, Cutoff=1.0E-08, Niter=4, Noise=1.0E-06
39  MaxDim=160, MinDim=10, Cutoff=1.0E-08, Niter=4, Noise=1.0E-06
40  MaxDim=160, MinDim=10, Cutoff=1.0E-08, Niter=4, Noise=1.0E-06
41  MaxDim=160, MinDim=10, Cutoff=1.0E-08, Niter=4, Noise=1.0E-06
42  MaxDim=160, MinDim=10, Cutoff=1.0E-08, Niter=4, Noise=1.0E-06
43  MaxDim=160, MinDim=10, Cutoff=1.0E-08, Niter=4, Noise=1.0E-06
44  MaxDim=160, MinDim=10, Cutoff=1.0E-08, Niter=4, Noise=1.0E-06
45  MaxDim=160, MinDim=10, Cutoff=1.0E-08, Niter=4, Noise=1.0E-06
46  MaxDim=160, MinDim=10, Cutoff=1.0E-08, Niter=4, Noise=1.0E-06
47  MaxDim=160, MinDim=10, Cutoff=1.0E-08, Niter=4, Noise=1.0E-06
48  MaxDim=160, MinDim=10, Cutoff=1.0E-08, Niter=4, Noise=1.0E-06
49  MaxDim=160, MinDim=10, Cutoff=1.0E-08, Niter=4, Noise=1.0E-06
50  MaxDim=160, MinDim=10, Cutoff=1.0E-08, Niter=4, Noise=1.0E-06
51  MaxDim=160, MinDim=10, Cutoff=1.0E-08, Niter=4, Noise=1.0E-06
52  MaxDim=160, MinDim=10, Cutoff=1.0E-08, Niter=4, Noise=1.0E-06
53  MaxDim=160, MinDim=10, Cutoff=1.0E-08, Niter=4, Noise=1.0E-06
54  MaxDim=160, MinDim=10, Cutoff=1.0E-08, Niter=4, Noise=1.0E-06
55  MaxDim=160, MinDim=10, Cutoff=1.0E-08, Niter=4, Noise=1.0E-06
56  MaxDim=160, MinDim=10, Cutoff=1.0E-08, Niter=4, Noise=1.0E-06
57  MaxDim=160, MinDim=10, Cutoff=1.0E-08, Niter=4, Noise=1.0E-06
58  MaxDim=160, MinDim=10, Cutoff=1.0E-08, Niter=4, Noise=1.0E-06
59  MaxDim=320, MinDim=10, Cutoff=1.0E-10, Niter=4, Noise=1.0E-07
60  MaxDim=320, MinDim=10, Cutoff=1.0E-10, Niter=4, Noise=1.0E-07
61  MaxDim=320, MinDim=10, Cutoff=1.0E-10, Niter=4, Noise=1.0E-07
62  MaxDim=320, MinDim=10, Cutoff=1.0E-10, Niter=4, Noise=1.0E-07
63  MaxDim=320, MinDim=10, Cutoff=1.0E-10, Niter=4, Noise=1.0E-07
64  MaxDim=320, MinDim=10, Cutoff=1.0E-10, Niter=4, Noise=1.0E-07
65  MaxDim=320, MinDim=10, Cutoff=1.0E-10, Niter=4, Noise=1.0E-07
66  MaxDim=320, MinDim=10, Cutoff=1.0E-10, Niter=4, Noise=1.0E-07
67  MaxDim=320, MinDim=10, Cutoff=1.0E-10, Niter=4, Noise=1.0E-07
68  MaxDim=320, MinDim=10, Cutoff=1.0E-10, Niter=4, Noise=1.0E-07
69  MaxDim=320, MinDim=10, Cutoff=1.0E-10, Niter=4, Noise=1.0E-07
70  MaxDim=320, MinDim=10, Cutoff=1.0E-10, Niter=4, Noise=1.0E-07
71  MaxDim=320, MinDim=10, Cutoff=1.0E-10, Niter=4, Noise=1.0E-07
72  MaxDim=320, MinDim=10, Cutoff=1.0E-10, Niter=4, Noise=1.0E-07
73  MaxDim=320, MinDim=10, Cutoff=1.0E-10, Niter=4, Noise=1.0E-07
74  MaxDim=320, MinDim=10, Cutoff=1.0E-10, Niter=4, Noise=1.0E-07
75  MaxDim=640, MinDim=10, Cutoff=1.0E-12, Niter=2, Noise=1.0E-08
76  MaxDim=640, MinDim=10, Cutoff=1.0E-12, Niter=2, Noise=1.0E-08
77  MaxDim=640, MinDim=10, Cutoff=1.0E-12, Niter=2, Noise=1.0E-08
78  MaxDim=640, MinDim=10, Cutoff=1.0E-12, Niter=2, Noise=1.0E-08
79  MaxDim=640, MinDim=10, Cutoff=1.0E-12, Niter=2, Noise=1.0E-08
80  MaxDim=640, MinDim=10, Cutoff=1.0E-12, Niter=2, Noise=1.0E-08
81  MaxDim=640, MinDim=10, Cutoff=1.0E-12, Niter=2, Noise=1.0E-08
82  MaxDim=640, MinDim=10, Cutoff=1.0E-12, Niter=2, Noise=1.0E-08
83  MaxDim=1280, MinDim=10, Cutoff=1.0E-12, Niter=2, Noise=0.0E+00
84  MaxDim=1280, MinDim=10, Cutoff=1.0E-14, Niter=2, Noise=0.0E+00
85  MaxDim=1280, MinDim=10, Cutoff=1.0E-14, Niter=2, Noise=0.0E+00
86  MaxDim=1280, MinDim=10, Cutoff=1.0E-14, Niter=2, Noise=0.0E+00
87  MaxDim=1280, MinDim=10, Cutoff=1.0E-14, Niter=2, Noise=0.0E+00


    vN Entropy at center bond b=151 = 0.592689376187
    Eigs at center bond b=151: 0.8180 0.1499 0.0223 0.0042 0.0034 0.0010 
    Largest link dim during sweep 1/87 was 20
    Largest truncation error: 4.40283e-05
    Energy after sweep 1/87 is -106.921170347537
    Sweep 1/87 CPU time = 18.74s (Wall time = 1.214s)

    vN Entropy at center bond b=151 = 0.753435230623
    Eigs at center bond b=151: 0.7574 0.1856 0.0375 0.0077 0.0060 0.0022 0.0014 0.0011 
    Largest link dim during sweep 2/87 was 20
    Largest truncation error: 7.31289e-05
    Energy after sweep 2/87 is -107.106869399514
    Sweep 2/87 CPU time = 26.42s (Wall time = 1.690s)

    vN Entropy at center bond b=151 = 0.770044481823
    Eigs at center bond b=151: 0.7517 0.1881 0.0394 0.0083 0.0063 0.0024 0.0015 0.0013 
    Largest link dim during sweep 3/87 was 20
    Largest truncation error: 6.88838e-05
    Energy after sweep 3/87 is -107.116666655559
    Sweep 3/87 CPU time = 26.57s (Wall time = 1.706s)

    vN Entropy at center bond b=151 = 0.771405282789
    Eigs at center bond b=151: 0.7512 0.1883 0.0395 0.0083 0.0063 0.0024 0.0016 0.0013 
    Largest link dim during sweep 4/87 was 20
    Largest truncation error: 7.03197e-05
    Energy after sweep 4/87 is -107.117892351221
    Sweep 4/87 CPU time = 26.52s (Wall time = 1.704s)

    vN Entropy at center bond b=151 = 0.771537091610
    Eigs at center bond b=151: 0.7511 0.1884 0.0396 0.0083 0.0063 0.0024 0.0016 0.0013 
    Largest link dim during sweep 5/87 was 20
    Largest truncation error: 6.90585e-05
    Energy after sweep 5/87 is -107.118322380067
    Sweep 5/87 CPU time = 26.85s (Wall time = 1.720s)

    vN Entropy at center bond b=151 = 0.771553679322
    Eigs at center bond b=151: 0.7511 0.1884 0.0396 0.0083 0.0063 0.0024 0.0016 0.0013 
    Largest link dim during sweep 6/87 was 20
    Largest truncation error: 6.8909e-05
    Energy after sweep 6/87 is -107.118472186521
    Sweep 6/87 CPU time = 26.51s (Wall time = 1.703s)

    vN Entropy at center bond b=151 = 0.771556016467
    Eigs at center bond b=151: 0.7511 0.1884 0.0396 0.0083 0.0063 0.0024 0.0016 0.0013 
    Largest link dim during sweep 7/87 was 20
    Largest truncation error: 6.91376e-05
    Energy after sweep 7/87 is -107.118535619631
    Sweep 7/87 CPU time = 26.48s (Wall time = 1.697s)

    vN Entropy at center bond b=151 = 0.829486009615
    Eigs at center bond b=151: 0.7328 0.1949 0.0452 0.0105 0.0080 0.0028 0.0022 0.0018 
    Largest link dim during sweep 8/87 was 40
    Largest truncation error: 5.96606e-06
    Energy after sweep 8/87 is -107.178291431660
    Sweep 8/87 CPU time = 30.37s (Wall time = 1.955s)

    vN Entropy at center bond b=151 = 0.884994573755
    Eigs at center bond b=151: 0.7145 0.2013 0.0507 0.0127 0.0099 0.0031 0.0029 0.0023 
    Largest link dim during sweep 9/87 was 40
    Largest truncation error: 1.09514e-05
    Energy after sweep 9/87 is -107.182999744509
    Sweep 9/87 CPU time = 41.00s (Wall time = 2.644s)

    vN Entropy at center bond b=151 = 0.900119416725
    Eigs at center bond b=151: 0.7093 0.2034 0.0522 0.0132 0.0103 0.0032 0.0031 0.0024 
    Largest link dim during sweep 10/87 was 40
    Largest truncation error: 1.18355e-05
    Energy after sweep 10/87 is -107.184266754724
    Sweep 10/87 CPU time = 41.05s (Wall time = 2.635s)

    vN Entropy at center bond b=151 = 0.904641227384
    Eigs at center bond b=151: 0.7076 0.2041 0.0527 0.0134 0.0105 0.0033 0.0031 0.0024 
    Largest link dim during sweep 11/87 was 40
    Largest truncation error: 1.20302e-05
    Energy after sweep 11/87 is -107.184910427127
    Sweep 11/87 CPU time = 40.26s (Wall time = 2.582s)

    vN Entropy at center bond b=151 = 0.905900609810
    Eigs at center bond b=151: 0.7071 0.2043 0.0528 0.0134 0.0105 0.0033 0.0031 0.0024 
    Largest link dim during sweep 12/87 was 40
    Largest truncation error: 1.24731e-05
    Energy after sweep 12/87 is -107.185320312443
    Sweep 12/87 CPU time = 41.11s (Wall time = 2.648s)

    vN Entropy at center bond b=151 = 0.906065773113
    Eigs at center bond b=151: 0.7071 0.2044 0.0528 0.0134 0.0105 0.0033 0.0031 0.0024 
    Largest link dim during sweep 13/87 was 40
    Largest truncation error: 1.32436e-05
    Energy after sweep 13/87 is -107.185599632779
    Sweep 13/87 CPU time = 41.27s (Wall time = 2.658s)

    vN Entropy at center bond b=151 = 0.905849787726
    Eigs at center bond b=151: 0.7072 0.2044 0.0528 0.0134 0.0105 0.0033 0.0031 0.0024 
    Largest link dim during sweep 14/87 was 40
    Largest truncation error: 1.37555e-05
    Energy after sweep 14/87 is -107.185789096268
    Sweep 14/87 CPU time = 41.24s (Wall time = 2.648s)

    vN Entropy at center bond b=151 = 0.945922940221
    Eigs at center bond b=151: 0.6938 0.2087 0.0567 0.0152 0.0118 0.0037 0.0036 0.0026 
    Largest link dim during sweep 15/87 was 80
    Largest truncation error: 9.63308e-07
    Energy after sweep 15/87 is -107.198331793994
    Sweep 15/87 CPU time = 1m, 13.9s (Wall time = 4.751s)

    vN Entropy at center bond b=151 = 1.018375544008
    Eigs at center bond b=151: 0.6674 0.2188 0.0634 0.0188 0.0142 0.0047 0.0045 0.0028 0.0014 0.0012 
    Largest link dim during sweep 16/87 was 80
    Largest truncation error: 1.92467e-06
    Energy after sweep 16/87 is -107.201401928745
    Sweep 16/87 CPU time = 1m, 54.8s (Wall time = 7.426s)

    vN Entropy at center bond b=151 = 1.107854539671
    Eigs at center bond b=151: 0.6300 0.2358 0.0711 0.0249 0.0167 0.0060 0.0054 0.0029 0.0021 0.0015 
    Largest link dim during sweep 17/87 was 80
    Largest truncation error: 2.27494e-06
    Energy after sweep 17/87 is -107.203415960132
    Sweep 17/87 CPU time = 2m, 14.7s (Wall time = 8.661s)

    vN Entropy at center bond b=151 = 1.201762921106
    Eigs at center bond b=151: 0.5811 0.2641 0.0765 0.0343 0.0184 0.0076 0.0056 0.0032 0.0027 0.0017 
    Largest link dim during sweep 18/87 was 80
    Largest truncation error: 2.54807e-06
    Energy after sweep 18/87 is -107.204887547662
    Sweep 18/87 CPU time = 2m, 36.0s (Wall time = 10.05s)

    vN Entropy at center bond b=151 = 1.262423581982
    Eigs at center bond b=151: 0.5405 0.2923 0.0768 0.0429 0.0188 0.0090 0.0055 0.0038 0.0029 0.0017 
    Largest link dim during sweep 19/87 was 80
    Largest truncation error: 2.74722e-06
    Energy after sweep 19/87 is -107.205721634026
    Sweep 19/87 CPU time = 2m, 49.1s (Wall time = 10.88s)

    vN Entropy at center bond b=151 = 1.285136122734
    Eigs at center bond b=151: 0.5223 0.3061 0.0759 0.0470 0.0188 0.0097 0.0053 0.0040 0.0029 0.0018 
    Largest link dim during sweep 20/87 was 80
    Largest truncation error: 2.90086e-06
    Energy after sweep 20/87 is -107.206098681300
    Sweep 20/87 CPU time = 2m, 55.4s (Wall time = 11.28s)

    vN Entropy at center bond b=151 = 1.291739040526
    Eigs at center bond b=151: 0.5165 0.3106 0.0754 0.0484 0.0188 0.0100 0.0052 0.0041 0.0029 0.0018 
    Largest link dim during sweep 21/87 was 80
    Largest truncation error: 2.98502e-06
    Energy after sweep 21/87 is -107.206290068984
    Sweep 21/87 CPU time = 2m, 57.3s (Wall time = 11.44s)

    vN Entropy at center bond b=151 = 1.293564641780
    Eigs at center bond b=151: 0.5148 0.3120 0.0752 0.0489 0.0188 0.0100 0.0052 0.0042 0.0029 0.0018 
    Largest link dim during sweep 22/87 was 80
    Largest truncation error: 3.02553e-06
    Energy after sweep 22/87 is -107.206414417062
    Sweep 22/87 CPU time = 2m, 57.3s (Wall time = 11.39s)

    vN Entropy at center bond b=151 = 1.293956566563
    Eigs at center bond b=151: 0.5143 0.3125 0.0752 0.0490 0.0187 0.0100 0.0052 0.0042 0.0029 0.0018 
    Largest link dim during sweep 23/87 was 80
    Largest truncation error: 3.05924e-06
    Energy after sweep 23/87 is -107.206500669500
    Sweep 23/87 CPU time = 2m, 55.8s (Wall time = 11.29s)

    vN Entropy at center bond b=151 = 1.293944912877
    Eigs at center bond b=151: 0.5141 0.3126 0.0751 0.0490 0.0187 0.0100 0.0052 0.0042 0.0029 0.0018 
    Largest link dim during sweep 24/87 was 80
    Largest truncation error: 3.07235e-06
    Energy after sweep 24/87 is -107.206560850652
    Sweep 24/87 CPU time = 2m, 57.3s (Wall time = 11.41s)

    vN Entropy at center bond b=151 = 1.293798232261
    Eigs at center bond b=151: 0.5141 0.3127 0.0751 0.0490 0.0187 0.0100 0.0052 0.0042 0.0029 0.0018 
    Largest link dim during sweep 25/87 was 80
    Largest truncation error: 3.06225e-06
    Energy after sweep 25/87 is -107.206608950244
    Sweep 25/87 CPU time = 2m, 57.7s (Wall time = 11.46s)

    vN Entropy at center bond b=151 = 1.293628714578
    Eigs at center bond b=151: 0.5142 0.3127 0.0751 0.0490 0.0187 0.0100 0.0052 0.0042 0.0029 0.0018 
    Largest link dim during sweep 26/87 was 80
    Largest truncation error: 3.05242e-06
    Energy after sweep 26/87 is -107.206645282100
    Sweep 26/87 CPU time = 2m, 55.6s (Wall time = 11.27s)

    vN Entropy at center bond b=151 = 1.293436415170
    Eigs at center bond b=151: 0.5142 0.3127 0.0751 0.0490 0.0187 0.0100 0.0052 0.0042 0.0029 0.0018 
    Largest link dim during sweep 27/87 was 80
    Largest truncation error: 3.04186e-06
    Energy after sweep 27/87 is -107.206673497434
    Sweep 27/87 CPU time = 2m, 57.3s (Wall time = 11.38s)

    vN Entropy at center bond b=151 = 1.293243636825
    Eigs at center bond b=151: 0.5143 0.3127 0.0751 0.0490 0.0187 0.0100 0.0052 0.0042 0.0029 0.0018 
    Largest link dim during sweep 28/87 was 80
    Largest truncation error: 3.02811e-06
    Energy after sweep 28/87 is -107.206696543144
    Sweep 28/87 CPU time = 2m, 56.0s (Wall time = 11.31s)

    vN Entropy at center bond b=151 = 1.293033581112
    Eigs at center bond b=151: 0.5143 0.3127 0.0751 0.0490 0.0187 0.0100 0.0052 0.0042 0.0029 0.0018 
    Largest link dim during sweep 29/87 was 80
    Largest truncation error: 3.04029e-06
    Energy after sweep 29/87 is -107.206713481323
    Sweep 29/87 CPU time = 2m, 57.2s (Wall time = 11.37s)

    vN Entropy at center bond b=151 = 1.292850641935
    Eigs at center bond b=151: 0.5144 0.3128 0.0750 0.0490 0.0187 0.0100 0.0052 0.0042 0.0029 0.0018 
    Largest link dim during sweep 30/87 was 80
    Largest truncation error: 3.1036e-06
    Energy after sweep 30/87 is -107.206730568084
    Sweep 30/87 CPU time = 2m, 56.8s (Wall time = 11.36s)

    vN Entropy at center bond b=151 = 1.292696002379
    Eigs at center bond b=151: 0.5144 0.3128 0.0750 0.0490 0.0187 0.0100 0.0052 0.0042 0.0029 0.0018 
    Largest link dim during sweep 31/87 was 80
    Largest truncation error: 3.14952e-06
    Energy after sweep 31/87 is -107.206746922487
    Sweep 31/87 CPU time = 2m, 56.2s (Wall time = 11.35s)

    vN Entropy at center bond b=151 = 1.292556822037
    Eigs at center bond b=151: 0.5145 0.3128 0.0750 0.0490 0.0186 0.0100 0.0052 0.0042 0.0029 0.0018 
    Largest link dim during sweep 32/87 was 80
    Largest truncation error: 3.18157e-06
    Energy after sweep 32/87 is -107.206757698956
    Sweep 32/87 CPU time = 2m, 53.5s (Wall time = 11.19s)

    vN Entropy at center bond b=151 = 1.292405912259
    Eigs at center bond b=151: 0.5145 0.3128 0.0750 0.0489 0.0186 0.0100 0.0052 0.0042 0.0029 0.0018 
    Largest link dim during sweep 33/87 was 80
    Largest truncation error: 3.20564e-06
    Energy after sweep 33/87 is -107.206767468136
    Sweep 33/87 CPU time = 2m, 56.4s (Wall time = 11.34s)

    vN Entropy at center bond b=151 = 1.292253837657
    Eigs at center bond b=151: 0.5145 0.3128 0.0750 0.0489 0.0186 0.0100 0.0051 0.0042 0.0029 0.0018 
    Largest link dim during sweep 34/87 was 80
    Largest truncation error: 3.22334e-06
    Energy after sweep 34/87 is -107.206777511936
    Sweep 34/87 CPU time = 2m, 55.3s (Wall time = 11.26s)

    vN Entropy at center bond b=151 = 1.292125857610
    Eigs at center bond b=151: 0.5145 0.3128 0.0749 0.0489 0.0186 0.0100 0.0051 0.0042 0.0029 0.0018 
    Largest link dim during sweep 35/87 was 80
    Largest truncation error: 3.23617e-06
    Energy after sweep 35/87 is -107.206786217977
    Sweep 35/87 CPU time = 2m, 56.5s (Wall time = 11.35s)

    vN Entropy at center bond b=151 = 1.292005429046
    Eigs at center bond b=151: 0.5146 0.3128 0.0749 0.0489 0.0186 0.0100 0.0051 0.0042 0.0029 0.0018 
    Largest link dim during sweep 36/87 was 80
    Largest truncation error: 3.24733e-06
    Energy after sweep 36/87 is -107.206793670444
    Sweep 36/87 CPU time = 2m, 54.1s (Wall time = 11.18s)

    vN Entropy at center bond b=151 = 1.324566543557
    Eigs at center bond b=151: 0.5070 0.3112 0.0769 0.0509 0.0202 0.0109 0.0058 0.0045 0.0032 0.0020 
    Largest link dim during sweep 37/87 was 160
    Largest truncation error: 1.569e-07
    Energy after sweep 37/87 is -107.211606490091
    Sweep 37/87 CPU time = 9m, 0.2s (Wall time = 36.75s)

    vN Entropy at center bond b=151 = 1.337223898813
    Eigs at center bond b=151: 0.5043 0.3104 0.0775 0.0516 0.0208 0.0113 0.0061 0.0047 0.0033 0.0021 
    Largest link dim during sweep 38/87 was 160
    Largest truncation error: 2.85563e-07
    Energy after sweep 38/87 is -107.212014055625
    Sweep 38/87 CPU time = 10m, 12s (Wall time = 39.49s)

    vN Entropy at center bond b=151 = 1.337447856265
    Eigs at center bond b=151: 0.5043 0.3104 0.0775 0.0516 0.0208 0.0113 0.0061 0.0047 0.0033 0.0021 
    Largest link dim during sweep 39/87 was 160
    Largest truncation error: 3.21181e-07
    Energy after sweep 39/87 is -107.212273709178
    Sweep 39/87 CPU time = 10m, 41s (Wall time = 41.23s)

    vN Entropy at center bond b=151 = 1.336782510984
    Eigs at center bond b=151: 0.5045 0.3104 0.0775 0.0516 0.0208 0.0112 0.0061 0.0047 0.0033 0.0021 
    Largest link dim during sweep 40/87 was 160
    Largest truncation error: 3.29484e-07
    Energy after sweep 40/87 is -107.212459655901
    Sweep 40/87 CPU time = 10m, 43s (Wall time = 41.31s)

    vN Entropy at center bond b=151 = 1.336028939799
    Eigs at center bond b=151: 0.5047 0.3104 0.0774 0.0515 0.0207 0.0112 0.0061 0.0046 0.0033 0.0021 
    Largest link dim during sweep 41/87 was 160
    Largest truncation error: 3.28529e-07
    Energy after sweep 41/87 is -107.212594106423
    Sweep 41/87 CPU time = 10m, 45s (Wall time = 41.53s)

    vN Entropy at center bond b=151 = 1.335274234589
    Eigs at center bond b=151: 0.5049 0.3105 0.0774 0.0515 0.0207 0.0112 0.0061 0.0046 0.0033 0.0021 
    Largest link dim during sweep 42/87 was 160
    Largest truncation error: 3.38873e-07
    Energy after sweep 42/87 is -107.212694211819
    Sweep 42/87 CPU time = 10m, 47s (Wall time = 42.02s)

    vN Entropy at center bond b=151 = 1.334560412554
    Eigs at center bond b=151: 0.5051 0.3105 0.0774 0.0514 0.0206 0.0112 0.0061 0.0046 0.0033 0.0021 
    Largest link dim during sweep 43/87 was 160
    Largest truncation error: 3.48818e-07
    Energy after sweep 43/87 is -107.212770352718
    Sweep 43/87 CPU time = 11m, 47s (Wall time = 49.48s)

    vN Entropy at center bond b=151 = 1.333890527364
    Eigs at center bond b=151: 0.5052 0.3105 0.0773 0.0514 0.0206 0.0111 0.0060 0.0046 0.0033 0.0021 
    Largest link dim during sweep 44/87 was 160
    Largest truncation error: 3.57442e-07
    Energy after sweep 44/87 is -107.212829266810
    Sweep 44/87 CPU time = 11m, 40s (Wall time = 48.61s)

    vN Entropy at center bond b=151 = 1.333245935337
    Eigs at center bond b=151: 0.5054 0.3105 0.0773 0.0513 0.0206 0.0111 0.0060 0.0046 0.0032 0.0021 
    Largest link dim during sweep 45/87 was 160
    Largest truncation error: 3.61743e-07
    Energy after sweep 45/87 is -107.212876558162
    Sweep 45/87 CPU time = 10m, 44s (Wall time = 44.37s)

    vN Entropy at center bond b=151 = 1.332636360053
    Eigs at center bond b=151: 0.5055 0.3105 0.0773 0.0513 0.0205 0.0111 0.0060 0.0046 0.0032 0.0021 
    Largest link dim during sweep 46/87 was 160
    Largest truncation error: 3.6347e-07
    Energy after sweep 46/87 is -107.212913899630
    Sweep 46/87 CPU time = 11m, 36s (Wall time = 48.19s)

    vN Entropy at center bond b=151 = 1.332063483414
    Eigs at center bond b=151: 0.5057 0.3106 0.0772 0.0513 0.0205 0.0111 0.0060 0.0046 0.0032 0.0021 
    Largest link dim during sweep 47/87 was 160
    Largest truncation error: 3.65063e-07
    Energy after sweep 47/87 is -107.212944992802
    Sweep 47/87 CPU time = 11m, 46s (Wall time = 49.08s)

    vN Entropy at center bond b=151 = 1.331508490665
    Eigs at center bond b=151: 0.5058 0.3106 0.0772 0.0512 0.0205 0.0111 0.0060 0.0046 0.0032 0.0021 
    Largest link dim during sweep 48/87 was 160
    Largest truncation error: 3.64507e-07
    Energy after sweep 48/87 is -107.212970472643
    Sweep 48/87 CPU time = 11m, 37s (Wall time = 47.81s)

    vN Entropy at center bond b=151 = 1.330988305556
    Eigs at center bond b=151: 0.5059 0.3106 0.0772 0.0512 0.0205 0.0110 0.0060 0.0046 0.0032 0.0021 
    Largest link dim during sweep 49/87 was 160
    Largest truncation error: 3.62854e-07
    Energy after sweep 49/87 is -107.212991867319
    Sweep 49/87 CPU time = 11m, 38s (Wall time = 47.46s)

    vN Entropy at center bond b=151 = 1.330495053366
    Eigs at center bond b=151: 0.5060 0.3106 0.0771 0.0512 0.0204 0.0110 0.0060 0.0046 0.0032 0.0021 
    Largest link dim during sweep 50/87 was 160
    Largest truncation error: 3.60019e-07
    Energy after sweep 50/87 is -107.213010184424
    Sweep 50/87 CPU time = 11m, 40s (Wall time = 47.98s)

    vN Entropy at center bond b=151 = 1.330040587578
    Eigs at center bond b=151: 0.5062 0.3107 0.0771 0.0511 0.0204 0.0110 0.0060 0.0046 0.0032 0.0021 
    Largest link dim during sweep 51/87 was 160
    Largest truncation error: 3.57946e-07
    Energy after sweep 51/87 is -107.213025602297
    Sweep 51/87 CPU time = 11m, 19s (Wall time = 46.78s)

    vN Entropy at center bond b=151 = 1.329607006765
    Eigs at center bond b=151: 0.5063 0.3107 0.0771 0.0511 0.0204 0.0110 0.0060 0.0046 0.0032 0.0021 
    Largest link dim during sweep 52/87 was 160
    Largest truncation error: 3.57396e-07
    Energy after sweep 52/87 is -107.213039484921
    Sweep 52/87 CPU time = 10m, 58s (Wall time = 45.19s)

    vN Entropy at center bond b=151 = 1.329207975891
    Eigs at center bond b=151: 0.5063 0.3107 0.0771 0.0511 0.0204 0.0110 0.0059 0.0046 0.0032 0.0021 
    Largest link dim during sweep 53/87 was 160
    Largest truncation error: 3.60984e-07
    Energy after sweep 53/87 is -107.213051146005
    Sweep 53/87 CPU time = 11m, 31s (Wall time = 47.47s)

    vN Entropy at center bond b=151 = 1.328840123103
    Eigs at center bond b=151: 0.5064 0.3107 0.0770 0.0511 0.0204 0.0110 0.0059 0.0046 0.0032 0.0021 
    Largest link dim during sweep 54/87 was 160
    Largest truncation error: 3.64654e-07
    Energy after sweep 54/87 is -107.213061293330
    Sweep 54/87 CPU time = 11m, 37s (Wall time = 48.03s)

    vN Entropy at center bond b=151 = 1.328513099167
    Eigs at center bond b=151: 0.5065 0.3107 0.0770 0.0511 0.0203 0.0110 0.0059 0.0046 0.0032 0.0021 
    Largest link dim during sweep 55/87 was 160
    Largest truncation error: 3.67989e-07
    Energy after sweep 55/87 is -107.213070222158
    Sweep 55/87 CPU time = 11m, 28s (Wall time = 47.29s)

    vN Entropy at center bond b=151 = 1.328236443176
    Eigs at center bond b=151: 0.5066 0.3108 0.0770 0.0510 0.0203 0.0110 0.0059 0.0046 0.0032 0.0021 
    Largest link dim during sweep 56/87 was 160
    Largest truncation error: 3.73606e-07
    Energy after sweep 56/87 is -107.213078218638
    Sweep 56/87 CPU time = 11m, 37s (Wall time = 47.79s)

    vN Entropy at center bond b=151 = 1.328043839950
    Eigs at center bond b=151: 0.5066 0.3108 0.0770 0.0510 0.0203 0.0109 0.0059 0.0046 0.0032 0.0021 
    Largest link dim during sweep 57/87 was 160
    Largest truncation error: 3.77625e-07
    Energy after sweep 57/87 is -107.213085123682
    Sweep 57/87 CPU time = 11m, 50s (Wall time = 48.58s)

    vN Entropy at center bond b=151 = 1.327934397714
    Eigs at center bond b=151: 0.5067 0.3108 0.0770 0.0510 0.0203 0.0109 0.0059 0.0045 0.0032 0.0021 
    Largest link dim during sweep 58/87 was 160
    Largest truncation error: 3.80795e-07
    Energy after sweep 58/87 is -107.213091311066
    Sweep 58/87 CPU time = 11m, 8s (Wall time = 45.82s)

    vN Entropy at center bond b=151 = 1.362825169935
    Eigs at center bond b=151: 0.5020 0.3091 0.0774 0.0516 0.0209 0.0113 0.0062 0.0047 0.0033 0.0022 
    Largest link dim during sweep 59/87 was 320
    Largest truncation error: 1.35317e-07
    Energy after sweep 59/87 is -107.511370583923
    Sweep 59/87 CPU time = 51m, 35s (Wall time = 3m, 27.2s)

    vN Entropy at center bond b=151 = 1.334782907911
    Eigs at center bond b=151: 0.4421 0.3911 0.0537 0.0497 0.0217 0.0157 0.0067 0.0066 0.0034 0.0028 
    Largest link dim during sweep 60/87 was 320
    Largest truncation error: 2.30499e-09
    Energy after sweep 60/87 is -107.534052640315
    Sweep 60/87 CPU time = 48m, 31s (Wall time = 3m, 9.4s)

    vN Entropy at center bond b=151 = 1.387451027455
    Eigs at center bond b=151: 0.4289 0.3906 0.0538 0.0516 0.0250 0.0190 0.0077 0.0075 0.0038 0.0033 
    Largest link dim during sweep 61/87 was 320
    Largest truncation error: 2.45307e-09
    Energy after sweep 61/87 is -107.534100660223
    Sweep 61/87 CPU time = 49m, 39s (Wall time = 3m, 13.5s)

    vN Entropy at center bond b=151 = 1.388290918239
    Eigs at center bond b=151: 0.4288 0.3906 0.0539 0.0516 0.0250 0.0190 0.0077 0.0075 0.0038 0.0033 
    Largest link dim during sweep 62/87 was 320
    Largest truncation error: 2.87397e-09
    Energy after sweep 62/87 is -107.534100869483
    Sweep 62/87 CPU time = 47m, 56s (Wall time = 3m, 6.0s)

    vN Entropy at center bond b=151 = 1.388320156863
    Eigs at center bond b=151: 0.4288 0.3906 0.0539 0.0516 0.0250 0.0190 0.0077 0.0075 0.0038 0.0033 
    Largest link dim during sweep 63/87 was 320
    Largest truncation error: 2.94153e-09
    Energy after sweep 63/87 is -107.534100869258
    Sweep 63/87 CPU time = 47m, 47s (Wall time = 3m, 4.6s)

    vN Entropy at center bond b=151 = 1.388323456695
    Eigs at center bond b=151: 0.4288 0.3906 0.0539 0.0516 0.0250 0.0190 0.0077 0.0075 0.0038 0.0033 
    Largest link dim during sweep 64/87 was 320
    Largest truncation error: 2.95493e-09
    Energy after sweep 64/87 is -107.534100869050
    Sweep 64/87 CPU time = 47m, 13s (Wall time = 3m, 2.4s)

    vN Entropy at center bond b=151 = 1.388323984588
    Eigs at center bond b=151: 0.4288 0.3906 0.0539 0.0516 0.0250 0.0190 0.0077 0.0075 0.0038 0.0033 
    Largest link dim during sweep 65/87 was 320
    Largest truncation error: 2.95778e-09
    Energy after sweep 65/87 is -107.534100868733
    Sweep 65/87 CPU time = 46m, 54s (Wall time = 3m, 0.9s)

    vN Entropy at center bond b=151 = 1.388324103755
    Eigs at center bond b=151: 0.4288 0.3906 0.0539 0.0516 0.0250 0.0190 0.0077 0.0075 0.0038 0.0033 
    Largest link dim during sweep 66/87 was 320
    Largest truncation error: 2.9585e-09
    Energy after sweep 66/87 is -107.534100868638
    Sweep 66/87 CPU time = 46m, 48s (Wall time = 3m, 0.5s)

    vN Entropy at center bond b=151 = 1.388324131545
    Eigs at center bond b=151: 0.4288 0.3906 0.0539 0.0516 0.0250 0.0190 0.0077 0.0075 0.0038 0.0033 
    Largest link dim during sweep 67/87 was 320
    Largest truncation error: 2.95871e-09
    Energy after sweep 67/87 is -107.534100868601
    Sweep 67/87 CPU time = 46m, 26s (Wall time = 2m, 59.1s)

    vN Entropy at center bond b=151 = 1.388324139825
    Eigs at center bond b=151: 0.4288 0.3906 0.0539 0.0516 0.0250 0.0190 0.0077 0.0075 0.0038 0.0033 
    Largest link dim during sweep 68/87 was 320
    Largest truncation error: 2.95879e-09
    Energy after sweep 68/87 is -107.534100868575
    Sweep 68/87 CPU time = 47m, 31s (Wall time = 3m, 3.2s)

    vN Entropy at center bond b=151 = 1.388324142569
    Eigs at center bond b=151: 0.4288 0.3906 0.0539 0.0516 0.0250 0.0190 0.0077 0.0075 0.0038 0.0033 
    Largest link dim during sweep 69/87 was 320
    Largest truncation error: 2.95883e-09
    Energy after sweep 69/87 is -107.534100868562
    Sweep 69/87 CPU time = 48m, 8s (Wall time = 3m, 5.5s)

    vN Entropy at center bond b=151 = 1.388324143916
    Eigs at center bond b=151: 0.4288 0.3906 0.0539 0.0516 0.0250 0.0190 0.0077 0.0075 0.0038 0.0033 
    Largest link dim during sweep 70/87 was 320
    Largest truncation error: 2.95884e-09
    Energy after sweep 70/87 is -107.534100868556
    Sweep 70/87 CPU time = 46m, 17s (Wall time = 2m, 58.3s)

    vN Entropy at center bond b=151 = 1.388324145004
    Eigs at center bond b=151: 0.4288 0.3906 0.0539 0.0516 0.0250 0.0190 0.0077 0.0075 0.0038 0.0033 
    Largest link dim during sweep 71/87 was 320
    Largest truncation error: 2.95886e-09
    Energy after sweep 71/87 is -107.534100868554
    Sweep 71/87 CPU time = 46m, 10s (Wall time = 2m, 57.8s)

    vN Entropy at center bond b=151 = 1.388324145130
    Eigs at center bond b=151: 0.4288 0.3906 0.0539 0.0516 0.0250 0.0190 0.0077 0.0075 0.0038 0.0033 
    Largest link dim during sweep 72/87 was 320
    Largest truncation error: 2.95887e-09
    Energy after sweep 72/87 is -107.534100868555
    Sweep 72/87 CPU time = 45m, 48s (Wall time = 2m, 56.3s)

    vN Entropy at center bond b=151 = 1.388324144087
    Eigs at center bond b=151: 0.4288 0.3906 0.0539 0.0516 0.0250 0.0190 0.0077 0.0075 0.0038 0.0033 
    Largest link dim during sweep 73/87 was 320
    Largest truncation error: 2.95887e-09
    Energy after sweep 73/87 is -107.534100868560
    Sweep 73/87 CPU time = 46m, 37s (Wall time = 2m, 59.4s)

    vN Entropy at center bond b=151 = 1.388324143100
    Eigs at center bond b=151: 0.4288 0.3906 0.0539 0.0516 0.0250 0.0190 0.0077 0.0075 0.0038 0.0033 
    Largest link dim during sweep 74/87 was 320
    Largest truncation error: 2.95888e-09
    Energy after sweep 74/87 is -107.534100868566
    Sweep 74/87 CPU time = 46m, 35s (Wall time = 2m, 59.3s)

    vN Entropy at center bond b=151 = 1.388584289350
    Eigs at center bond b=151: 0.4288 0.3905 0.0539 0.0516 0.0250 0.0190 0.0077 0.0075 0.0038 0.0033 
    Largest link dim during sweep 75/87 was 640
    Largest truncation error: 6.09633e-11
    Energy after sweep 75/87 is -107.534105903988
    Sweep 75/87 CPU time = 2h, 41m, 25s (Wall time = 10m, 43s)

    vN Entropy at center bond b=151 = 1.388658237709
    Eigs at center bond b=151: 0.4288 0.3905 0.0539 0.0516 0.0250 0.0190 0.0077 0.0075 0.0038 0.0033 
    Largest link dim during sweep 76/87 was 640
    Largest truncation error: 7.39225e-11
    Energy after sweep 76/87 is -107.534105934898
    Sweep 76/87 CPU time = 2h, 55m, 27s (Wall time = 11m, 40s)

    vN Entropy at center bond b=151 = 1.388662974338
    Eigs at center bond b=151: 0.4288 0.3905 0.0539 0.0516 0.0250 0.0190 0.0077 0.0075 0.0038 0.0033 
    Largest link dim during sweep 77/87 was 640
    Largest truncation error: 7.55892e-11
    Energy after sweep 77/87 is -107.534105935693
    Sweep 77/87 CPU time = 2h, 59m, 14s (Wall time = 11m, 56s)

    vN Entropy at center bond b=151 = 1.388663583731
    Eigs at center bond b=151: 0.4288 0.3905 0.0539 0.0516 0.0250 0.0190 0.0077 0.0075 0.0038 0.0033 
    Largest link dim during sweep 78/87 was 640
    Largest truncation error: 7.62537e-11
    Energy after sweep 78/87 is -107.534105935644
    Sweep 78/87 CPU time = 2h, 58m, 1s (Wall time = 11m, 52s)

    vN Entropy at center bond b=151 = 1.388663703923
    Eigs at center bond b=151: 0.4288 0.3905 0.0539 0.0516 0.0250 0.0190 0.0077 0.0075 0.0038 0.0033 
    Largest link dim during sweep 79/87 was 640
    Largest truncation error: 7.64216e-11
    Energy after sweep 79/87 is -107.534105935642
    Sweep 79/87 CPU time = 2h, 57m, 40s (Wall time = 11m, 51s)

    vN Entropy at center bond b=151 = 1.388663734216
    Eigs at center bond b=151: 0.4288 0.3905 0.0539 0.0516 0.0250 0.0190 0.0077 0.0075 0.0038 0.0033 
    Largest link dim during sweep 80/87 was 640
    Largest truncation error: 7.64835e-11
    Energy after sweep 80/87 is -107.534105935643
    Sweep 80/87 CPU time = 2h, 57m, 29s (Wall time = 11m, 50s)

    vN Entropy at center bond b=151 = 1.388663743071
    Eigs at center bond b=151: 0.4288 0.3905 0.0539 0.0516 0.0250 0.0190 0.0077 0.0075 0.0038 0.0033 
    Largest link dim during sweep 81/87 was 640
    Largest truncation error: 7.65045e-11
    Energy after sweep 81/87 is -107.534105935642
    Sweep 81/87 CPU time = 2h, 56m, 48s (Wall time = 11m, 47s)

    vN Entropy at center bond b=151 = 1.388663745851
    Eigs at center bond b=151: 0.4288 0.3905 0.0539 0.0516 0.0250 0.0190 0.0077 0.0075 0.0038 0.0033 
    Largest link dim during sweep 82/87 was 640
    Largest truncation error: 7.65129e-11
    Energy after sweep 82/87 is -107.534105935643
    Sweep 82/87 CPU time = 2h, 59m, 49s (Wall time = 11m, 59s)

    vN Entropy at center bond b=151 = 1.388673130443
    Eigs at center bond b=151: 0.4288 0.3905 0.0539 0.0516 0.0250 0.0190 0.0077 0.0075 0.0038 0.0033 
    Largest link dim during sweep 83/87 was 1280
    Largest truncation error: 8.2064e-13
    Energy after sweep 83/87 is -107.534106060489
    Sweep 83/87 CPU time = 6h, 50m, 2s (Wall time = 30m, 54s)

    vN Entropy at center bond b=151 = 1.388675616120
    Eigs at center bond b=151: 0.4288 0.3905 0.0539 0.0516 0.0250 0.0190 0.0077 0.0075 0.0038 0.0033 
    Largest link dim during sweep 84/87 was 1280
    Largest truncation error: 1.23045e-12
    Energy after sweep 84/87 is -107.534106063154
    Sweep 84/87 CPU time = 11h, 8m, 13s (Wall time = 53m, 40s)

    vN Entropy at center bond b=151 = 1.388675757611
    Eigs at center bond b=151: 0.4288 0.3905 0.0539 0.0516 0.0250 0.0190 0.0077 0.0075 0.0038 0.0033 
    Largest link dim during sweep 85/87 was 1280
    Largest truncation error: 1.21817e-12
    Energy after sweep 85/87 is -107.534106063184
    Sweep 85/87 CPU time = 12h, 5m, 8s (Wall time = 51m, 47s)

    vN Entropy at center bond b=151 = 1.388675772960
    Eigs at center bond b=151: 0.4288 0.3905 0.0539 0.0516 0.0250 0.0190 0.0077 0.0075 0.0038 0.0033 
    Largest link dim during sweep 86/87 was 1280
    Largest truncation error: 1.22816e-12
    Energy after sweep 86/87 is -107.534106063183
    Sweep 86/87 CPU time = 11h, 57m, 7s (Wall time = 50m, 4s)

    vN Entropy at center bond b=151 = 1.388675775764
    Eigs at center bond b=151: 0.4288 0.3905 0.0539 0.0516 0.0250 0.0190 0.0077 0.0075 0.0038 0.0033 
    Largest link dim during sweep 87/87 was 1280
    Largest truncation error: 1.23128e-12
    Energy after sweep 87/87 is -107.534106063182
    Sweep 87/87 CPU time = 11h, 59m, 52s (Wall time = 50m, 1s)
Initial energy = 151.51500

Ground State Energy = -107.5341060632
run_outputs/outputpsi/N_303_sweep_87_t_0.030000_J_1.000000_V_0.600000_D_0.018000_U_1.500000_mu_1.000000_E_0.005000 converge
Wall-clock time (s) = 147291.355132
