//////////////////////////
Reading input file ......

Got input.N = 300
Got input.t = 0.03
Got input.J = 1
Got input.V = 0.6
Got input.D = 0.018
Got input.U = -0.1
Got input.mu = 0.1
Got input.E = 0.2
Got input.nsweeps = 87
Sweeps:
1  MaxDim=20, MinDim=20, Cutoff=1.0E-06, Niter=8, Noise=1.0E-05
2  MaxDim=20, MinDim=20, Cutoff=1.0E-06, Niter=8, Noise=1.0E-05
3  MaxDim=20, MinDim=20, Cutoff=1.0E-06, Niter=8, Noise=1.0E-05
4  MaxDim=20, MinDim=20, Cutoff=1.0E-06, Niter=8, Noise=1.0E-05
5  MaxDim=20, MinDim=20, Cutoff=1.0E-06, Niter=8, Noise=1.0E-05
6  MaxDim=20, MinDim=20, Cutoff=1.0E-06, Niter=8, Noise=1.0E-05
7  MaxDim=20, MinDim=20, Cutoff=1.0E-06, Niter=8, Noise=1.0E-05
8  MaxDim=40, MinDim=20, Cutoff=1.0E-06, Niter=4, Noise=1.0E-05
9  MaxDim=40, MinDim=20, Cutoff=1.0E-06, Niter=4, Noise=1.0E-05
10  MaxDim=40, MinDim=20, Cutoff=1.0E-06, Niter=4, Noise=1.0E-05
11  MaxDim=40, MinDim=20, Cutoff=1.0E-06, Niter=4, Noise=1.0E-05
12  MaxDim=40, MinDim=20, Cutoff=1.0E-06, Niter=4, Noise=1.0E-05
13  MaxDim=40, MinDim=20, Cutoff=1.0E-06, Niter=4, Noise=1.0E-05
14  MaxDim=40, MinDim=20, Cutoff=1.0E-06, Niter=4, Noise=1.0E-05
15  MaxDim=80, MinDim=10, Cutoff=1.0E-06, Niter=4, Noise=1.0E-05
16  MaxDim=80, MinDim=10, Cutoff=1.0E-06, Niter=4, Noise=1.0E-05
17  MaxDim=80, MinDim=10, Cutoff=1.0E-06, Niter=4, Noise=1.0E-05
18  MaxDim=80, MinDim=10, Cutoff=1.0E-06, Niter=4, Noise=1.0E-05
19  MaxDim=80, MinDim=10, Cutoff=1.0E-06, Niter=4, Noise=1.0E-05
20  MaxDim=80, MinDim=10, Cutoff=1.0E-06, Niter=4, Noise=1.0E-05
21  MaxDim=80, MinDim=10, Cutoff=1.0E-06, Niter=4, Noise=1.0E-05
22  MaxDim=80, MinDim=10, Cutoff=1.0E-06, Niter=4, Noise=1.0E-05
23  MaxDim=80, MinDim=10, Cutoff=1.0E-06, Niter=4, Noise=1.0E-05
24  MaxDim=80, MinDim=10, Cutoff=1.0E-06, Niter=4, Noise=1.0E-05
25  MaxDim=80, MinDim=10, Cutoff=1.0E-06, Niter=4, Noise=1.0E-05
26  MaxDim=80, MinDim=10, Cutoff=1.0E-06, Niter=4, Noise=1.0E-05
27  MaxDim=80, MinDim=10, Cutoff=1.0E-06, Niter=4, Noise=1.0E-05
28  MaxDim=80, MinDim=10, Cutoff=1.0E-06, Niter=4, Noise=1.0E-05
29  MaxDim=80, MinDim=10, Cutoff=1.0E-06, Niter=4, Noise=1.0E-05
30  MaxDim=80, MinDim=10, Cutoff=1.0E-06, Niter=4, Noise=1.0E-05
31  MaxDim=80, MinDim=10, Cutoff=1.0E-06, Niter=4, Noise=1.0E-05
32  MaxDim=80, MinDim=10, Cutoff=1.0E-06, Niter=4, Noise=1.0E-05
33  MaxDim=80, MinDim=10, Cutoff=1.0E-06, Niter=4, Noise=1.0E-05
34  MaxDim=80, MinDim=10, Cutoff=1.0E-06, Niter=4, Noise=1.0E-05
35  MaxDim=80, MinDim=10, Cutoff=1.0E-06, Niter=4, Noise=1.0E-05
36  MaxDim=80, MinDim=10, Cutoff=1.0E-06, Niter=4, Noise=1.0E-05
37  MaxDim=160, MinDim=10, Cutoff=1.0E-08, Niter=4, Noise=1.0E-06
38  MaxDim=160, MinDim=10, Cutoff=1.0E-08, Niter=4, Noise=1.0E-06
39  MaxDim=160, MinDim=10, Cutoff=1.0E-08, Niter=4, Noise=1.0E-06
40  MaxDim=160, MinDim=10, Cutoff=1.0E-08, Niter=4, Noise=1.0E-06
41  MaxDim=160, MinDim=10, Cutoff=1.0E-08, Niter=4, Noise=1.0E-06
42  MaxDim=160, MinDim=10, Cutoff=1.0E-08, Niter=4, Noise=1.0E-06
43  MaxDim=160, MinDim=10, Cutoff=1.0E-08, Niter=4, Noise=1.0E-06
44  MaxDim=160, MinDim=10, Cutoff=1.0E-08, Niter=4, Noise=1.0E-06
45  MaxDim=160, MinDim=10, Cutoff=1.0E-08, Niter=4, Noise=1.0E-06
46  MaxDim=160, MinDim=10, Cutoff=1.0E-08, Niter=4, Noise=1.0E-06
47  MaxDim=160, MinDim=10, Cutoff=1.0E-08, Niter=4, Noise=1.0E-06
48  MaxDim=160, MinDim=10, Cutoff=1.0E-08, Niter=4, Noise=1.0E-06
49  MaxDim=160, MinDim=10, Cutoff=1.0E-08, Niter=4, Noise=1.0E-06
50  MaxDim=160, MinDim=10, Cutoff=1.0E-08, Niter=4, Noise=1.0E-06
51  MaxDim=160, MinDim=10, Cutoff=1.0E-08, Niter=4, Noise=1.0E-06
52  MaxDim=160, MinDim=10, Cutoff=1.0E-08, Niter=4, Noise=1.0E-06
53  MaxDim=160, MinDim=10, Cutoff=1.0E-08, Niter=4, Noise=1.0E-06
54  MaxDim=160, MinDim=10, Cutoff=1.0E-08, Niter=4, Noise=1.0E-06
55  MaxDim=160, MinDim=10, Cutoff=1.0E-08, Niter=4, Noise=1.0E-06
56  MaxDim=160, MinDim=10, Cutoff=1.0E-08, Niter=4, Noise=1.0E-06
57  MaxDim=160, MinDim=10, Cutoff=1.0E-08, Niter=4, Noise=1.0E-06
58  MaxDim=160, MinDim=10, Cutoff=1.0E-08, Niter=4, Noise=1.0E-06
59  MaxDim=320, MinDim=10, Cutoff=1.0E-10, Niter=4, Noise=1.0E-07
60  MaxDim=320, MinDim=10, Cutoff=1.0E-10, Niter=4, Noise=1.0E-07
61  MaxDim=320, MinDim=10, Cutoff=1.0E-10, Niter=4, Noise=1.0E-07
62  MaxDim=320, MinDim=10, Cutoff=1.0E-10, Niter=4, Noise=1.0E-07
63  MaxDim=320, MinDim=10, Cutoff=1.0E-10, Niter=4, Noise=1.0E-07
64  MaxDim=320, MinDim=10, Cutoff=1.0E-10, Niter=4, Noise=1.0E-07
65  MaxDim=320, MinDim=10, Cutoff=1.0E-10, Niter=4, Noise=1.0E-07
66  MaxDim=320, MinDim=10, Cutoff=1.0E-10, Niter=4, Noise=1.0E-07
67  MaxDim=320, MinDim=10, Cutoff=1.0E-10, Niter=4, Noise=1.0E-07
68  MaxDim=320, MinDim=10, Cutoff=1.0E-10, Niter=4, Noise=1.0E-07
69  MaxDim=320, MinDim=10, Cutoff=1.0E-10, Niter=4, Noise=1.0E-07
70  MaxDim=320, MinDim=10, Cutoff=1.0E-10, Niter=4, Noise=1.0E-07
71  MaxDim=320, MinDim=10, Cutoff=1.0E-10, Niter=4, Noise=1.0E-07
72  MaxDim=320, MinDim=10, Cutoff=1.0E-10, Niter=4, Noise=1.0E-07
73  MaxDim=320, MinDim=10, Cutoff=1.0E-10, Niter=4, Noise=1.0E-07
74  MaxDim=320, MinDim=10, Cutoff=1.0E-10, Niter=4, Noise=1.0E-07
75  MaxDim=640, MinDim=10, Cutoff=1.0E-12, Niter=2, Noise=1.0E-08
76  MaxDim=640, MinDim=10, Cutoff=1.0E-12, Niter=2, Noise=1.0E-08
77  MaxDim=640, MinDim=10, Cutoff=1.0E-12, Niter=2, Noise=1.0E-08
78  MaxDim=640, MinDim=10, Cutoff=1.0E-12, Niter=2, Noise=1.0E-08
79  MaxDim=640, MinDim=10, Cutoff=1.0E-12, Niter=2, Noise=1.0E-08
80  MaxDim=640, MinDim=10, Cutoff=1.0E-12, Niter=2, Noise=1.0E-08
81  MaxDim=640, MinDim=10, Cutoff=1.0E-12, Niter=2, Noise=1.0E-08
82  MaxDim=640, MinDim=10, Cutoff=1.0E-12, Niter=2, Noise=1.0E-08
83  MaxDim=1280, MinDim=10, Cutoff=1.0E-12, Niter=2, Noise=0.0E+00
84  MaxDim=1280, MinDim=10, Cutoff=1.0E-14, Niter=2, Noise=0.0E+00
85  MaxDim=1280, MinDim=10, Cutoff=1.0E-14, Niter=2, Noise=0.0E+00
86  MaxDim=1280, MinDim=10, Cutoff=1.0E-14, Niter=2, Noise=0.0E+00
87  MaxDim=1280, MinDim=10, Cutoff=1.0E-14, Niter=2, Noise=0.0E+00


    vN Entropy at center bond b=150 = 0.580504124798
    Eigs at center bond b=150: 0.7935 0.1904 0.0114 0.0030 
    Largest link dim during sweep 1/87 was 20
    Largest truncation error: 4.77155e-05
    Energy after sweep 1/87 is -212.438234451181
    Sweep 1/87 CPU time = 23.97s (Wall time = 1.702s)

    vN Entropy at center bond b=150 = 0.663201223070
    Eigs at center bond b=150: 0.7572 0.2154 0.0197 0.0059 
    Largest link dim during sweep 2/87 was 20
    Largest truncation error: 8.02089e-07
    Energy after sweep 2/87 is -212.474027084128
    Sweep 2/87 CPU time = 35.79s (Wall time = 2.385s)

    vN Entropy at center bond b=150 = 0.663214604069
    Eigs at center bond b=150: 0.7572 0.2154 0.0197 0.0059 
    Largest link dim during sweep 3/87 was 20
    Largest truncation error: 8.017e-07
    Energy after sweep 3/87 is -212.474037681011
    Sweep 3/87 CPU time = 33.49s (Wall time = 2.180s)

    vN Entropy at center bond b=150 = 0.663214711458
    Eigs at center bond b=150: 0.7572 0.2154 0.0197 0.0059 
    Largest link dim during sweep 4/87 was 20
    Largest truncation error: 8.01906e-07
    Energy after sweep 4/87 is -212.474037750227
    Sweep 4/87 CPU time = 33.35s (Wall time = 2.157s)

    vN Entropy at center bond b=150 = 0.663214717233
    Eigs at center bond b=150: 0.7572 0.2154 0.0197 0.0059 
    Largest link dim during sweep 5/87 was 20
    Largest truncation error: 8.01919e-07
    Energy after sweep 5/87 is -212.474037753704
    Sweep 5/87 CPU time = 33.06s (Wall time = 2.120s)

    vN Entropy at center bond b=150 = 0.663214717580
    Eigs at center bond b=150: 0.7572 0.2154 0.0197 0.0059 
    Largest link dim during sweep 6/87 was 20
    Largest truncation error: 8.0192e-07
    Energy after sweep 6/87 is -212.474037753892
    Sweep 6/87 CPU time = 32.97s (Wall time = 2.118s)

    vN Entropy at center bond b=150 = 0.663214717601
    Eigs at center bond b=150: 0.7572 0.2154 0.0197 0.0059 
    Largest link dim during sweep 7/87 was 20
    Largest truncation error: 8.0192e-07
    Energy after sweep 7/87 is -212.474037753901
    Sweep 7/87 CPU time = 33.02s (Wall time = 2.118s)

    vN Entropy at center bond b=150 = 0.663221909820
    Eigs at center bond b=150: 0.7571 0.2154 0.0197 0.0059 
    Largest link dim during sweep 8/87 was 21
    Largest truncation error: 6.91706e-07
    Energy after sweep 8/87 is -212.474055637781
    Sweep 8/87 CPU time = 18.51s (Wall time = 1.189s)

    vN Entropy at center bond b=150 = 0.663221815143
    Eigs at center bond b=150: 0.7571 0.2154 0.0197 0.0059 
    Largest link dim during sweep 9/87 was 21
    Largest truncation error: 6.91453e-07
    Energy after sweep 9/87 is -212.474055122793
    Sweep 9/87 CPU time = 19.07s (Wall time = 1.226s)

    vN Entropy at center bond b=150 = 0.663221754696
    Eigs at center bond b=150: 0.7571 0.2154 0.0197 0.0059 
    Largest link dim during sweep 10/87 was 21
    Largest truncation error: 6.91436e-07
    Energy after sweep 10/87 is -212.474055068293
    Sweep 10/87 CPU time = 18.89s (Wall time = 1.209s)

    vN Entropy at center bond b=150 = 0.663221749923
    Eigs at center bond b=150: 0.7571 0.2154 0.0197 0.0059 
    Largest link dim during sweep 11/87 was 21
    Largest truncation error: 6.91434e-07
    Energy after sweep 11/87 is -212.474055063019
    Sweep 11/87 CPU time = 19.07s (Wall time = 1.225s)

    vN Entropy at center bond b=150 = 0.663221749588
    Eigs at center bond b=150: 0.7571 0.2154 0.0197 0.0059 
    Largest link dim during sweep 12/87 was 21
    Largest truncation error: 6.91434e-07
    Energy after sweep 12/87 is -212.474055062510
    Sweep 12/87 CPU time = 18.88s (Wall time = 1.212s)

    vN Entropy at center bond b=150 = 0.663221749568
    Eigs at center bond b=150: 0.7571 0.2154 0.0197 0.0059 
    Largest link dim during sweep 13/87 was 21
    Largest truncation error: 6.91434e-07
    Energy after sweep 13/87 is -212.474055062465
    Sweep 13/87 CPU time = 19.30s (Wall time = 1.237s)

    vN Entropy at center bond b=150 = 0.663221749567
    Eigs at center bond b=150: 0.7571 0.2154 0.0197 0.0059 
    Largest link dim during sweep 14/87 was 21
    Largest truncation error: 6.91434e-07
    Energy after sweep 14/87 is -212.474055062460
    Sweep 14/87 CPU time = 19.31s (Wall time = 1.239s)

    vN Entropy at center bond b=150 = 0.662923927032
    Eigs at center bond b=150: 0.7572 0.2154 0.0197 0.0059 
    Largest link dim during sweep 15/87 was 21
    Largest truncation error: 7.69035e-07
    Energy after sweep 15/87 is -212.473620611620
    Sweep 15/87 CPU time = 17.30s (Wall time = 1.113s)

    vN Entropy at center bond b=150 = 0.662799678115
    Eigs at center bond b=150: 0.7572 0.2154 0.0196 0.0059 
    Largest link dim during sweep 16/87 was 21
    Largest truncation error: 7.56833e-07
    Energy after sweep 16/87 is -212.473463666855
    Sweep 16/87 CPU time = 16.54s (Wall time = 1.060s)

    vN Entropy at center bond b=150 = 0.662785379468
    Eigs at center bond b=150: 0.7572 0.2154 0.0196 0.0059 
    Largest link dim during sweep 17/87 was 21
    Largest truncation error: 7.56938e-07
    Energy after sweep 17/87 is -212.473449606565
    Sweep 17/87 CPU time = 16.32s (Wall time = 1.047s)

    vN Entropy at center bond b=150 = 0.662784710909
    Eigs at center bond b=150: 0.7572 0.2154 0.0196 0.0059 
    Largest link dim during sweep 18/87 was 21
    Largest truncation error: 7.56581e-07
    Energy after sweep 18/87 is -212.473441567188
    Sweep 18/87 CPU time = 16.40s (Wall time = 1.050s)

    vN Entropy at center bond b=150 = 0.662784663580
    Eigs at center bond b=150: 0.7572 0.2154 0.0196 0.0059 
    Largest link dim during sweep 19/87 was 21
    Largest truncation error: 7.56573e-07
    Energy after sweep 19/87 is -212.473434693643
    Sweep 19/87 CPU time = 16.32s (Wall time = 1.049s)

    vN Entropy at center bond b=150 = 0.662784660199
    Eigs at center bond b=150: 0.7572 0.2154 0.0196 0.0059 
    Largest link dim during sweep 20/87 was 21
    Largest truncation error: 7.56573e-07
    Energy after sweep 20/87 is -212.473429351091
    Sweep 20/87 CPU time = 16.40s (Wall time = 1.054s)

    vN Entropy at center bond b=150 = 0.662784659960
    Eigs at center bond b=150: 0.7572 0.2154 0.0196 0.0059 
    Largest link dim during sweep 21/87 was 21
    Largest truncation error: 7.56573e-07
    Energy after sweep 21/87 is -212.473429332630
    Sweep 21/87 CPU time = 16.45s (Wall time = 1.055s)

    vN Entropy at center bond b=150 = 0.662784659943
    Eigs at center bond b=150: 0.7572 0.2154 0.0196 0.0059 
    Largest link dim during sweep 22/87 was 21
    Largest truncation error: 7.56573e-07
    Energy after sweep 22/87 is -212.473429331826
    Sweep 22/87 CPU time = 16.51s (Wall time = 1.062s)

    vN Entropy at center bond b=150 = 0.662784659942
    Eigs at center bond b=150: 0.7572 0.2154 0.0196 0.0059 
    Largest link dim during sweep 23/87 was 21
    Largest truncation error: 7.56573e-07
    Energy after sweep 23/87 is -212.473429331795
    Sweep 23/87 CPU time = 16.76s (Wall time = 1.081s)

    vN Entropy at center bond b=150 = 0.662784659942
    Eigs at center bond b=150: 0.7572 0.2154 0.0196 0.0059 
    Largest link dim during sweep 24/87 was 21
    Largest truncation error: 7.56573e-07
    Energy after sweep 24/87 is -212.473429331791
    Sweep 24/87 CPU time = 16.69s (Wall time = 1.075s)

    vN Entropy at center bond b=150 = 0.662784659942
    Eigs at center bond b=150: 0.7572 0.2154 0.0196 0.0059 
    Largest link dim during sweep 25/87 was 21
    Largest truncation error: 7.56573e-07
    Energy after sweep 25/87 is -212.473429331792
    Sweep 25/87 CPU time = 16.63s (Wall time = 1.067s)

    vN Entropy at center bond b=150 = 0.662784659942
    Eigs at center bond b=150: 0.7572 0.2154 0.0196 0.0059 
    Largest link dim during sweep 26/87 was 21
    Largest truncation error: 7.56573e-07
    Energy after sweep 26/87 is -212.473429331788
    Sweep 26/87 CPU time = 16.55s (Wall time = 1.063s)

    vN Entropy at center bond b=150 = 0.662784659942
    Eigs at center bond b=150: 0.7572 0.2154 0.0196 0.0059 
    Largest link dim during sweep 27/87 was 21
    Largest truncation error: 7.56573e-07
    Energy after sweep 27/87 is -212.473429331793
    Sweep 27/87 CPU time = 16.48s (Wall time = 1.058s)

    vN Entropy at center bond b=150 = 0.662784659942
    Eigs at center bond b=150: 0.7572 0.2154 0.0196 0.0059 
    Largest link dim during sweep 28/87 was 21
    Largest truncation error: 7.56573e-07
    Energy after sweep 28/87 is -212.473429331793
    Sweep 28/87 CPU time = 16.44s (Wall time = 1.054s)

    vN Entropy at center bond b=150 = 0.662784659942
    Eigs at center bond b=150: 0.7572 0.2154 0.0196 0.0059 
    Largest link dim during sweep 29/87 was 21
    Largest truncation error: 7.56573e-07
    Energy after sweep 29/87 is -212.473429331794
    Sweep 29/87 CPU time = 16.32s (Wall time = 1.050s)

    vN Entropy at center bond b=150 = 0.662784659942
    Eigs at center bond b=150: 0.7572 0.2154 0.0196 0.0059 
    Largest link dim during sweep 30/87 was 21
    Largest truncation error: 7.56573e-07
    Energy after sweep 30/87 is -212.473429331789
    Sweep 30/87 CPU time = 16.39s (Wall time = 1.051s)

    vN Entropy at center bond b=150 = 0.662784659942
    Eigs at center bond b=150: 0.7572 0.2154 0.0196 0.0059 
    Largest link dim during sweep 31/87 was 21
    Largest truncation error: 7.56573e-07
    Energy after sweep 31/87 is -212.473429331789
    Sweep 31/87 CPU time = 16.35s (Wall time = 1.050s)

    vN Entropy at center bond b=150 = 0.662784659942
    Eigs at center bond b=150: 0.7572 0.2154 0.0196 0.0059 
    Largest link dim during sweep 32/87 was 21
    Largest truncation error: 7.56573e-07
    Energy after sweep 32/87 is -212.473429331791
    Sweep 32/87 CPU time = 16.45s (Wall time = 1.055s)

    vN Entropy at center bond b=150 = 0.662784659942
    Eigs at center bond b=150: 0.7572 0.2154 0.0196 0.0059 
    Largest link dim during sweep 33/87 was 21
    Largest truncation error: 7.56573e-07
    Energy after sweep 33/87 is -212.473429331788
    Sweep 33/87 CPU time = 16.59s (Wall time = 1.065s)

    vN Entropy at center bond b=150 = 0.662784659942
    Eigs at center bond b=150: 0.7572 0.2154 0.0196 0.0059 
    Largest link dim during sweep 34/87 was 21
    Largest truncation error: 7.56573e-07
    Energy after sweep 34/87 is -212.473429331793
    Sweep 34/87 CPU time = 16.37s (Wall time = 1.054s)

    vN Entropy at center bond b=150 = 0.662784659942
    Eigs at center bond b=150: 0.7572 0.2154 0.0196 0.0059 
    Largest link dim during sweep 35/87 was 21
    Largest truncation error: 7.56573e-07
    Energy after sweep 35/87 is -212.473429331791
    Sweep 35/87 CPU time = 16.48s (Wall time = 1.057s)

    vN Entropy at center bond b=150 = 0.662784659942
    Eigs at center bond b=150: 0.7572 0.2154 0.0196 0.0059 
    Largest link dim during sweep 36/87 was 21
    Largest truncation error: 7.56573e-07
    Energy after sweep 36/87 is -212.473429331790
    Sweep 36/87 CPU time = 16.45s (Wall time = 1.058s)

    vN Entropy at center bond b=150 = 0.663817349961
    Eigs at center bond b=150: 0.7568 0.2157 0.0197 0.0059 
    Largest link dim during sweep 37/87 was 40
    Largest truncation error: 7.7627e-09
    Energy after sweep 37/87 is -212.474636365635
    Sweep 37/87 CPU time = 38.04s (Wall time = 2.447s)

    vN Entropy at center bond b=150 = 0.663871041134
    Eigs at center bond b=150: 0.7568 0.2157 0.0197 0.0059 
    Largest link dim during sweep 38/87 was 41
    Largest truncation error: 7.67961e-09
    Energy after sweep 38/87 is -212.474638844987
    Sweep 38/87 CPU time = 52.67s (Wall time = 3.384s)

    vN Entropy at center bond b=150 = 0.663872367925
    Eigs at center bond b=150: 0.7568 0.2157 0.0197 0.0059 
    Largest link dim during sweep 39/87 was 41
    Largest truncation error: 7.67979e-09
    Energy after sweep 39/87 is -212.474638858519
    Sweep 39/87 CPU time = 54.22s (Wall time = 3.489s)

    vN Entropy at center bond b=150 = 0.663872414752
    Eigs at center bond b=150: 0.7568 0.2157 0.0197 0.0059 
    Largest link dim during sweep 40/87 was 41
    Largest truncation error: 7.67976e-09
    Energy after sweep 40/87 is -212.474638859604
    Sweep 40/87 CPU time = 52.61s (Wall time = 3.387s)

    vN Entropy at center bond b=150 = 0.663872417656
    Eigs at center bond b=150: 0.7568 0.2157 0.0197 0.0059 
    Largest link dim during sweep 41/87 was 41
    Largest truncation error: 7.67976e-09
    Energy after sweep 41/87 is -212.474638859574
    Sweep 41/87 CPU time = 52.76s (Wall time = 3.397s)

    vN Entropy at center bond b=150 = 0.663872417844
    Eigs at center bond b=150: 0.7568 0.2157 0.0197 0.0059 
    Largest link dim during sweep 42/87 was 41
    Largest truncation error: 7.67976e-09
    Energy after sweep 42/87 is -212.474638859548
    Sweep 42/87 CPU time = 52.62s (Wall time = 3.384s)

    vN Entropy at center bond b=150 = 0.663872417856
    Eigs at center bond b=150: 0.7568 0.2157 0.0197 0.0059 
    Largest link dim during sweep 43/87 was 41
    Largest truncation error: 7.67976e-09
    Energy after sweep 43/87 is -212.474638859531
    Sweep 43/87 CPU time = 51.66s (Wall time = 3.319s)

    vN Entropy at center bond b=150 = 0.663872417857
    Eigs at center bond b=150: 0.7568 0.2157 0.0197 0.0059 
    Largest link dim during sweep 44/87 was 41
    Largest truncation error: 7.67976e-09
    Energy after sweep 44/87 is -212.474638859507
    Sweep 44/87 CPU time = 52.05s (Wall time = 3.346s)

    vN Entropy at center bond b=150 = 0.663872417857
    Eigs at center bond b=150: 0.7568 0.2157 0.0197 0.0059 
    Largest link dim during sweep 45/87 was 41
    Largest truncation error: 7.67976e-09
    Energy after sweep 45/87 is -212.474638859497
    Sweep 45/87 CPU time = 52.17s (Wall time = 3.352s)

    vN Entropy at center bond b=150 = 0.663872417857
    Eigs at center bond b=150: 0.7568 0.2157 0.0197 0.0059 
    Largest link dim during sweep 46/87 was 41
    Largest truncation error: 7.67976e-09
    Energy after sweep 46/87 is -212.474638859491
    Sweep 46/87 CPU time = 52.04s (Wall time = 3.365s)

    vN Entropy at center bond b=150 = 0.663872417857
    Eigs at center bond b=150: 0.7568 0.2157 0.0197 0.0059 
    Largest link dim during sweep 47/87 was 41
    Largest truncation error: 7.67976e-09
    Energy after sweep 47/87 is -212.474638859486
    Sweep 47/87 CPU time = 1m, 5.2s (Wall time = 4.317s)

    vN Entropy at center bond b=150 = 0.663872417857
    Eigs at center bond b=150: 0.7568 0.2157 0.0197 0.0059 
    Largest link dim during sweep 48/87 was 41
    Largest truncation error: 7.67976e-09
    Energy after sweep 48/87 is -212.474638859484
    Sweep 48/87 CPU time = 56.62s (Wall time = 3.762s)

    vN Entropy at center bond b=150 = 0.663872417857
    Eigs at center bond b=150: 0.7568 0.2157 0.0197 0.0059 
    Largest link dim during sweep 49/87 was 41
    Largest truncation error: 7.67976e-09
    Energy after sweep 49/87 is -212.474638859480
    Sweep 49/87 CPU time = 51.41s (Wall time = 3.306s)

    vN Entropy at center bond b=150 = 0.663872417857
    Eigs at center bond b=150: 0.7568 0.2157 0.0197 0.0059 
    Largest link dim during sweep 50/87 was 41
    Largest truncation error: 7.67976e-09
    Energy after sweep 50/87 is -212.474638859478
    Sweep 50/87 CPU time = 50.13s (Wall time = 3.221s)

    vN Entropy at center bond b=150 = 0.663872417857
    Eigs at center bond b=150: 0.7568 0.2157 0.0197 0.0059 
    Largest link dim during sweep 51/87 was 41
    Largest truncation error: 7.67976e-09
    Energy after sweep 51/87 is -212.474638859483
    Sweep 51/87 CPU time = 51.49s (Wall time = 3.308s)

    vN Entropy at center bond b=150 = 0.663872417857
    Eigs at center bond b=150: 0.7568 0.2157 0.0197 0.0059 
    Largest link dim during sweep 52/87 was 41
    Largest truncation error: 7.67976e-09
    Energy after sweep 52/87 is -212.474638859482
    Sweep 52/87 CPU time = 50.95s (Wall time = 3.275s)

    vN Entropy at center bond b=150 = 0.663872417857
    Eigs at center bond b=150: 0.7568 0.2157 0.0197 0.0059 
    Largest link dim during sweep 53/87 was 41
    Largest truncation error: 7.67976e-09
    Energy after sweep 53/87 is -212.474638859492
    Sweep 53/87 CPU time = 50.56s (Wall time = 3.253s)

    vN Entropy at center bond b=150 = 0.663872417857
    Eigs at center bond b=150: 0.7568 0.2157 0.0197 0.0059 
    Largest link dim during sweep 54/87 was 41
    Largest truncation error: 7.67976e-09
    Energy after sweep 54/87 is -212.474638859487
    Sweep 54/87 CPU time = 51.25s (Wall time = 3.292s)

    vN Entropy at center bond b=150 = 0.663872417857
    Eigs at center bond b=150: 0.7568 0.2157 0.0197 0.0059 
    Largest link dim during sweep 55/87 was 41
    Largest truncation error: 7.67976e-09
    Energy after sweep 55/87 is -212.474638859491
    Sweep 55/87 CPU time = 50.23s (Wall time = 3.228s)

    vN Entropy at center bond b=150 = 0.663872417857
    Eigs at center bond b=150: 0.7568 0.2157 0.0197 0.0059 
    Largest link dim during sweep 56/87 was 41
    Largest truncation error: 7.67976e-09
    Energy after sweep 56/87 is -212.474638859495
    Sweep 56/87 CPU time = 49.90s (Wall time = 3.205s)

    vN Entropy at center bond b=150 = 0.663872417857
    Eigs at center bond b=150: 0.7568 0.2157 0.0197 0.0059 
    Largest link dim during sweep 57/87 was 41
    Largest truncation error: 7.67976e-09
    Energy after sweep 57/87 is -212.474638859491
    Sweep 57/87 CPU time = 50.02s (Wall time = 3.211s)

    vN Entropy at center bond b=150 = 0.663872417857
    Eigs at center bond b=150: 0.7568 0.2157 0.0197 0.0059 
    Largest link dim during sweep 58/87 was 41
    Largest truncation error: 7.67976e-09
    Energy after sweep 58/87 is -212.474638859490
    Sweep 58/87 CPU time = 49.01s (Wall time = 3.150s)

    vN Entropy at center bond b=150 = 0.663924492004
    Eigs at center bond b=150: 0.7568 0.2157 0.0197 0.0059 
    Largest link dim during sweep 59/87 was 69
    Largest truncation error: 7.77485e-11
    Energy after sweep 59/87 is -212.474649905085
    Sweep 59/87 CPU time = 2m, 13.2s (Wall time = 8.609s)

    vN Entropy at center bond b=150 = 0.663925410078
    Eigs at center bond b=150: 0.7568 0.2157 0.0197 0.0059 
    Largest link dim during sweep 60/87 was 71
    Largest truncation error: 7.78781e-11
    Energy after sweep 60/87 is -212.474649930856
    Sweep 60/87 CPU time = 3m, 4.5s (Wall time = 11.91s)

    vN Entropy at center bond b=150 = 0.663925455163
    Eigs at center bond b=150: 0.7568 0.2157 0.0197 0.0059 
    Largest link dim during sweep 61/87 was 72
    Largest truncation error: 7.81756e-11
    Energy after sweep 61/87 is -212.474649931896
    Sweep 61/87 CPU time = 3m, 7.2s (Wall time = 12.30s)

    vN Entropy at center bond b=150 = 0.663925457793
    Eigs at center bond b=150: 0.7568 0.2157 0.0197 0.0059 
    Largest link dim during sweep 62/87 was 72
    Largest truncation error: 7.82211e-11
    Energy after sweep 62/87 is -212.474649931896
    Sweep 62/87 CPU time = 2m, 57.2s (Wall time = 11.42s)

    vN Entropy at center bond b=150 = 0.663925457890
    Eigs at center bond b=150: 0.7568 0.2157 0.0197 0.0059 
    Largest link dim during sweep 63/87 was 72
    Largest truncation error: 7.82291e-11
    Energy after sweep 63/87 is -212.474649931897
    Sweep 63/87 CPU time = 2m, 51.9s (Wall time = 11.07s)

    vN Entropy at center bond b=150 = 0.663925457886
    Eigs at center bond b=150: 0.7568 0.2157 0.0197 0.0059 
    Largest link dim during sweep 64/87 was 72
    Largest truncation error: 7.8231e-11
    Energy after sweep 64/87 is -212.474649931888
    Sweep 64/87 CPU time = 3m, 2.4s (Wall time = 11.94s)

    vN Entropy at center bond b=150 = 0.663925457884
    Eigs at center bond b=150: 0.7568 0.2157 0.0197 0.0059 
    Largest link dim during sweep 65/87 was 72
    Largest truncation error: 7.82317e-11
    Energy after sweep 65/87 is -212.474649931888
    Sweep 65/87 CPU time = 2m, 31.4s (Wall time = 10.13s)

    vN Entropy at center bond b=150 = 0.663925457883
    Eigs at center bond b=150: 0.7568 0.2157 0.0197 0.0059 
    Largest link dim during sweep 66/87 was 72
    Largest truncation error: 7.82315e-11
    Energy after sweep 66/87 is -212.474649931892
    Sweep 66/87 CPU time = 2m, 12.9s (Wall time = 8.710s)

    vN Entropy at center bond b=150 = 0.663925457883
    Eigs at center bond b=150: 0.7568 0.2157 0.0197 0.0059 
    Largest link dim during sweep 67/87 was 72
    Largest truncation error: 7.82318e-11
    Energy after sweep 67/87 is -212.474649931887
    Sweep 67/87 CPU time = 2m, 9.0s (Wall time = 8.362s)

    vN Entropy at center bond b=150 = 0.663925457883
    Eigs at center bond b=150: 0.7568 0.2157 0.0197 0.0059 
    Largest link dim during sweep 68/87 was 72
    Largest truncation error: 7.82317e-11
    Energy after sweep 68/87 is -212.474649931889
    Sweep 68/87 CPU time = 2m, 0.1s (Wall time = 7.724s)

    vN Entropy at center bond b=150 = 0.663925457883
    Eigs at center bond b=150: 0.7568 0.2157 0.0197 0.0059 
    Largest link dim during sweep 69/87 was 72
    Largest truncation error: 7.82317e-11
    Energy after sweep 69/87 is -212.474649931891
    Sweep 69/87 CPU time = 2m, 2.1s (Wall time = 7.854s)

    vN Entropy at center bond b=150 = 0.663925457883
    Eigs at center bond b=150: 0.7568 0.2157 0.0197 0.0059 
    Largest link dim during sweep 70/87 was 72
    Largest truncation error: 7.82319e-11
    Energy after sweep 70/87 is -212.474649931889
    Sweep 70/87 CPU time = 2m, 2.8s (Wall time = 7.899s)

    vN Entropy at center bond b=150 = 0.663925457883
    Eigs at center bond b=150: 0.7568 0.2157 0.0197 0.0059 
    Largest link dim during sweep 71/87 was 72
    Largest truncation error: 7.82318e-11
    Energy after sweep 71/87 is -212.474649931888
    Sweep 71/87 CPU time = 2m, 2.8s (Wall time = 7.906s)

    vN Entropy at center bond b=150 = 0.663925457883
    Eigs at center bond b=150: 0.7568 0.2157 0.0197 0.0059 
    Largest link dim during sweep 72/87 was 72
    Largest truncation error: 7.82319e-11
    Energy after sweep 72/87 is -212.474649931888
    Sweep 72/87 CPU time = 2m, 2.2s (Wall time = 7.859s)

    vN Entropy at center bond b=150 = 0.663925457883
    Eigs at center bond b=150: 0.7568 0.2157 0.0197 0.0059 
    Largest link dim during sweep 73/87 was 72
    Largest truncation error: 7.82317e-11
    Energy after sweep 73/87 is -212.474649931890
    Sweep 73/87 CPU time = 2m, 1.8s (Wall time = 7.826s)

    vN Entropy at center bond b=150 = 0.663925457883
    Eigs at center bond b=150: 0.7568 0.2157 0.0197 0.0059 
    Largest link dim during sweep 74/87 was 72
    Largest truncation error: 7.82321e-11
    Energy after sweep 74/87 is -212.474649931888
    Sweep 74/87 CPU time = 2m, 6.3s (Wall time = 8.152s)

    vN Entropy at center bond b=150 = 0.663929644489
    Eigs at center bond b=150: 0.7568 0.2157 0.0197 0.0059 
    Largest link dim during sweep 75/87 was 122
    Largest truncation error: 8.1687e-13
    Energy after sweep 75/87 is -212.474650057872
    Sweep 75/87 CPU time = 4m, 0.4s (Wall time = 15.46s)

    vN Entropy at center bond b=150 = 0.663929692796
    Eigs at center bond b=150: 0.7568 0.2157 0.0197 0.0059 
    Largest link dim during sweep 76/87 was 124
    Largest truncation error: 8.1674e-13
    Energy after sweep 76/87 is -212.474650058346
    Sweep 76/87 CPU time = 4m, 32.5s (Wall time = 17.51s)

    vN Entropy at center bond b=150 = 0.663929694212
    Eigs at center bond b=150: 0.7568 0.2157 0.0197 0.0059 
    Largest link dim during sweep 77/87 was 124
    Largest truncation error: 8.16777e-13
    Energy after sweep 77/87 is -212.474650058376
    Sweep 77/87 CPU time = 4m, 8.0s (Wall time = 16.07s)

    vN Entropy at center bond b=150 = 0.663929694384
    Eigs at center bond b=150: 0.7568 0.2157 0.0197 0.0059 
    Largest link dim during sweep 78/87 was 123
    Largest truncation error: 8.16743e-13
    Energy after sweep 78/87 is -212.474650058380
    Sweep 78/87 CPU time = 4m, 18.2s (Wall time = 16.67s)

    vN Entropy at center bond b=150 = 0.663929694373
    Eigs at center bond b=150: 0.7568 0.2157 0.0197 0.0059 
    Largest link dim during sweep 79/87 was 123
    Largest truncation error: 8.16675e-13
    Energy after sweep 79/87 is -212.474650058379
    Sweep 79/87 CPU time = 4m, 11.6s (Wall time = 16.14s)

    vN Entropy at center bond b=150 = 0.663929694366
    Eigs at center bond b=150: 0.7568 0.2157 0.0197 0.0059 
    Largest link dim during sweep 80/87 was 124
    Largest truncation error: 8.16826e-13
    Energy after sweep 80/87 is -212.474650058377
    Sweep 80/87 CPU time = 4m, 9.9s (Wall time = 16.05s)

    vN Entropy at center bond b=150 = 0.663929694363
    Eigs at center bond b=150: 0.7568 0.2157 0.0197 0.0059 
    Largest link dim during sweep 81/87 was 124
    Largest truncation error: 8.16662e-13
    Energy after sweep 81/87 is -212.474650058378
    Sweep 81/87 CPU time = 4m, 6.0s (Wall time = 15.78s)

    vN Entropy at center bond b=150 = 0.663929694362
    Eigs at center bond b=150: 0.7568 0.2157 0.0197 0.0059 
    Largest link dim during sweep 82/87 was 124
    Largest truncation error: 8.16688e-13
    Energy after sweep 82/87 is -212.474650058377
    Sweep 82/87 CPU time = 4m, 9.5s (Wall time = 16.05s)

    vN Entropy at center bond b=150 = 0.663930127273
    Eigs at center bond b=150: 0.7568 0.2157 0.0197 0.0059 
    Largest link dim during sweep 83/87 was 111
    Largest truncation error: 7.601e-13
    Energy after sweep 83/87 is -212.474650057786
    Sweep 83/87 CPU time = 3m, 31.1s (Wall time = 13.55s)

    vN Entropy at center bond b=150 = 0.663930133663
    Eigs at center bond b=150: 0.7568 0.2157 0.0197 0.0059 
    Largest link dim during sweep 84/87 was 185
    Largest truncation error: 7.64453e-15
    Energy after sweep 84/87 is -212.474650060037
    Sweep 84/87 CPU time = 8m, 16.4s (Wall time = 34.80s)

    vN Entropy at center bond b=150 = 0.663930134738
    Eigs at center bond b=150: 0.7568 0.2157 0.0197 0.0059 
    Largest link dim during sweep 85/87 was 189
    Largest truncation error: 7.742e-15
    Energy after sweep 85/87 is -212.474650060046
    Sweep 85/87 CPU time = 12m, 35s (Wall time = 50.12s)

    vN Entropy at center bond b=150 = 0.663930134763
    Eigs at center bond b=150: 0.7568 0.2157 0.0197 0.0059 
    Largest link dim during sweep 86/87 was 186
    Largest truncation error: 7.73789e-15
    Energy after sweep 86/87 is -212.474650060053
    Sweep 86/87 CPU time = 11m, 56s (Wall time = 46.91s)

    vN Entropy at center bond b=150 = 0.663930134767
    Eigs at center bond b=150: 0.7568 0.2157 0.0197 0.0059 
    Largest link dim during sweep 87/87 was 186
    Largest truncation error: 7.74567e-15
    Energy after sweep 87/87 is -212.474650060053
    Sweep 87/87 CPU time = 11m, 41s (Wall time = 45.82s)
Initial energy = 15.00000

Ground State Energy = -212.4746500601
run_outputs/outputpsi/N_300_sweep_87_t_0.030000_J_1.000000_V_0.600000_D_0.018000_U_-0.100000_mu_0.100000_E_0.200000 converge
Wall-clock time (s) = 2476.467387
