//////////////////////////
Reading input file ......

Got input.N = 303
Got input.t = 0.03
Got input.J = 1
Got input.V = 0.6
Got input.D = 0.018
Got input.U = 0.3
Got input.mu = 0
Got input.E = 0.1
Got input.nsweeps = 87
Sweeps:
1  MaxDim=20, MinDim=20, Cutoff=1.0E-06, Niter=8, Noise=1.0E-05
2  MaxDim=20, MinDim=20, Cutoff=1.0E-06, Niter=8, Noise=1.0E-05
3  MaxDim=20, MinDim=20, Cutoff=1.0E-06, Niter=8, Noise=1.0E-05
4  MaxDim=20, MinDim=20, Cutoff=1.0E-06, Niter=8, Noise=1.0E-05
5  MaxDim=20, MinDim=20, Cutoff=1.0E-06, Niter=8, Noise=1.0E-05
6  MaxDim=20, MinDim=20, Cutoff=1.0E-06, Niter=8, Noise=1.0E-05
7  MaxDim=20, MinDim=20, Cutoff=1.0E-06, Niter=8, Noise=1.0E-05
8  MaxDim=40, MinDim=20, Cutoff=1.0E-06, Niter=4, Noise=1.0E-05
9  MaxDim=40, MinDim=20, Cutoff=1.0E-06, Niter=4, Noise=1.0E-05
10  MaxDim=40, MinDim=20, Cutoff=1.0E-06, Niter=4, Noise=1.0E-05
11  MaxDim=40, MinDim=20, Cutoff=1.0E-06, Niter=4, Noise=1.0E-05
12  MaxDim=40, MinDim=20, Cutoff=1.0E-06, Niter=4, Noise=1.0E-05
13  MaxDim=40, MinDim=20, Cutoff=1.0E-06, Niter=4, Noise=1.0E-05
14  MaxDim=40, MinDim=20, Cutoff=1.0E-06, Niter=4, Noise=1.0E-05
15  MaxDim=80, MinDim=10, Cutoff=1.0E-06, Niter=4, Noise=1.0E-05
16  MaxDim=80, MinDim=10, Cutoff=1.0E-06, Niter=4, Noise=1.0E-05
17  MaxDim=80, MinDim=10, Cutoff=1.0E-06, Niter=4, Noise=1.0E-05
18  MaxDim=80, MinDim=10, Cutoff=1.0E-06, Niter=4, Noise=1.0E-05
19  MaxDim=80, MinDim=10, Cutoff=1.0E-06, Niter=4, Noise=1.0E-05
20  MaxDim=80, MinDim=10, Cutoff=1.0E-06, Niter=4, Noise=1.0E-05
21  MaxDim=80, MinDim=10, Cutoff=1.0E-06, Niter=4, Noise=1.0E-05
22  MaxDim=80, MinDim=10, Cutoff=1.0E-06, Niter=4, Noise=1.0E-05
23  MaxDim=80, MinDim=10, Cutoff=1.0E-06, Niter=4, Noise=1.0E-05
24  MaxDim=80, MinDim=10, Cutoff=1.0E-06, Niter=4, Noise=1.0E-05
25  MaxDim=80, MinDim=10, Cutoff=1.0E-06, Niter=4, Noise=1.0E-05
26  MaxDim=80, MinDim=10, Cutoff=1.0E-06, Niter=4, Noise=1.0E-05
27  MaxDim=80, MinDim=10, Cutoff=1.0E-06, Niter=4, Noise=1.0E-05
28  MaxDim=80, MinDim=10, Cutoff=1.0E-06, Niter=4, Noise=1.0E-05
29  MaxDim=80, MinDim=10, Cutoff=1.0E-06, Niter=4, Noise=1.0E-05
30  MaxDim=80, MinDim=10, Cutoff=1.0E-06, Niter=4, Noise=1.0E-05
31  MaxDim=80, MinDim=10, Cutoff=1.0E-06, Niter=4, Noise=1.0E-05
32  MaxDim=80, MinDim=10, Cutoff=1.0E-06, Niter=4, Noise=1.0E-05
33  MaxDim=80, MinDim=10, Cutoff=1.0E-06, Niter=4, Noise=1.0E-05
34  MaxDim=80, MinDim=10, Cutoff=1.0E-06, Niter=4, Noise=1.0E-05
35  MaxDim=80, MinDim=10, Cutoff=1.0E-06, Niter=4, Noise=1.0E-05
36  MaxDim=80, MinDim=10, Cutoff=1.0E-06, Niter=4, Noise=1.0E-05
37  MaxDim=160, MinDim=10, Cutoff=1.0E-08, Niter=4, Noise=1.0E-06
38  MaxDim=160, MinDim=10, Cutoff=1.0E-08, Niter=4, Noise=1.0E-06
39  MaxDim=160, MinDim=10, Cutoff=1.0E-08, Niter=4, Noise=1.0E-06
40  MaxDim=160, MinDim=10, Cutoff=1.0E-08, Niter=4, Noise=1.0E-06
41  MaxDim=160, MinDim=10, Cutoff=1.0E-08, Niter=4, Noise=1.0E-06
42  MaxDim=160, MinDim=10, Cutoff=1.0E-08, Niter=4, Noise=1.0E-06
43  MaxDim=160, MinDim=10, Cutoff=1.0E-08, Niter=4, Noise=1.0E-06
44  MaxDim=160, MinDim=10, Cutoff=1.0E-08, Niter=4, Noise=1.0E-06
45  MaxDim=160, MinDim=10, Cutoff=1.0E-08, Niter=4, Noise=1.0E-06
46  MaxDim=160, MinDim=10, Cutoff=1.0E-08, Niter=4, Noise=1.0E-06
47  MaxDim=160, MinDim=10, Cutoff=1.0E-08, Niter=4, Noise=1.0E-06
48  MaxDim=160, MinDim=10, Cutoff=1.0E-08, Niter=4, Noise=1.0E-06
49  MaxDim=160, MinDim=10, Cutoff=1.0E-08, Niter=4, Noise=1.0E-06
50  MaxDim=160, MinDim=10, Cutoff=1.0E-08, Niter=4, Noise=1.0E-06
51  MaxDim=160, MinDim=10, Cutoff=1.0E-08, Niter=4, Noise=1.0E-06
52  MaxDim=160, MinDim=10, Cutoff=1.0E-08, Niter=4, Noise=1.0E-06
53  MaxDim=160, MinDim=10, Cutoff=1.0E-08, Niter=4, Noise=1.0E-06
54  MaxDim=160, MinDim=10, Cutoff=1.0E-08, Niter=4, Noise=1.0E-06
55  MaxDim=160, MinDim=10, Cutoff=1.0E-08, Niter=4, Noise=1.0E-06
56  MaxDim=160, MinDim=10, Cutoff=1.0E-08, Niter=4, Noise=1.0E-06
57  MaxDim=160, MinDim=10, Cutoff=1.0E-08, Niter=4, Noise=1.0E-06
58  MaxDim=160, MinDim=10, Cutoff=1.0E-08, Niter=4, Noise=1.0E-06
59  MaxDim=320, MinDim=10, Cutoff=1.0E-10, Niter=4, Noise=1.0E-07
60  MaxDim=320, MinDim=10, Cutoff=1.0E-10, Niter=4, Noise=1.0E-07
61  MaxDim=320, MinDim=10, Cutoff=1.0E-10, Niter=4, Noise=1.0E-07
62  MaxDim=320, MinDim=10, Cutoff=1.0E-10, Niter=4, Noise=1.0E-07
63  MaxDim=320, MinDim=10, Cutoff=1.0E-10, Niter=4, Noise=1.0E-07
64  MaxDim=320, MinDim=10, Cutoff=1.0E-10, Niter=4, Noise=1.0E-07
65  MaxDim=320, MinDim=10, Cutoff=1.0E-10, Niter=4, Noise=1.0E-07
66  MaxDim=320, MinDim=10, Cutoff=1.0E-10, Niter=4, Noise=1.0E-07
67  MaxDim=320, MinDim=10, Cutoff=1.0E-10, Niter=4, Noise=1.0E-07
68  MaxDim=320, MinDim=10, Cutoff=1.0E-10, Niter=4, Noise=1.0E-07
69  MaxDim=320, MinDim=10, Cutoff=1.0E-10, Niter=4, Noise=1.0E-07
70  MaxDim=320, MinDim=10, Cutoff=1.0E-10, Niter=4, Noise=1.0E-07
71  MaxDim=320, MinDim=10, Cutoff=1.0E-10, Niter=4, Noise=1.0E-07
72  MaxDim=320, MinDim=10, Cutoff=1.0E-10, Niter=4, Noise=1.0E-07
73  MaxDim=320, MinDim=10, Cutoff=1.0E-10, Niter=4, Noise=1.0E-07
74  MaxDim=320, MinDim=10, Cutoff=1.0E-10, Niter=4, Noise=1.0E-07
75  MaxDim=640, MinDim=10, Cutoff=1.0E-12, Niter=2, Noise=1.0E-08
76  MaxDim=640, MinDim=10, Cutoff=1.0E-12, Niter=2, Noise=1.0E-08
77  MaxDim=640, MinDim=10, Cutoff=1.0E-12, Niter=2, Noise=1.0E-08
78  MaxDim=640, MinDim=10, Cutoff=1.0E-12, Niter=2, Noise=1.0E-08
79  MaxDim=640, MinDim=10, Cutoff=1.0E-12, Niter=2, Noise=1.0E-08
80  MaxDim=640, MinDim=10, Cutoff=1.0E-12, Niter=2, Noise=1.0E-08
81  MaxDim=640, MinDim=10, Cutoff=1.0E-12, Niter=2, Noise=1.0E-08
82  MaxDim=640, MinDim=10, Cutoff=1.0E-12, Niter=2, Noise=1.0E-08
83  MaxDim=1280, MinDim=10, Cutoff=1.0E-12, Niter=2, Noise=0.0E+00
84  MaxDim=1280, MinDim=10, Cutoff=1.0E-14, Niter=2, Noise=0.0E+00
85  MaxDim=1280, MinDim=10, Cutoff=1.0E-14, Niter=2, Noise=0.0E+00
86  MaxDim=1280, MinDim=10, Cutoff=1.0E-14, Niter=2, Noise=0.0E+00
87  MaxDim=1280, MinDim=10, Cutoff=1.0E-14, Niter=2, Noise=0.0E+00


    vN Entropy at center bond b=151 = 0.763546610800
    Eigs at center bond b=151: 0.6915 0.2751 0.0179 0.0070 0.0065 0.0016 
    Largest link dim during sweep 1/87 was 20
    Largest truncation error: 6.89656e-06
    Energy after sweep 1/87 is -183.894322873280
    Sweep 1/87 CPU time = 18.23s (Wall time = 1.189s)

    vN Entropy at center bond b=151 = 0.786696155672
    Eigs at center bond b=151: 0.6732 0.2914 0.0189 0.0077 0.0064 0.0018 
    Largest link dim during sweep 2/87 was 20
    Largest truncation error: 1.60755e-06
    Energy after sweep 2/87 is -183.910748512128
    Sweep 2/87 CPU time = 25.93s (Wall time = 1.663s)

    vN Entropy at center bond b=151 = 0.786767883972
    Eigs at center bond b=151: 0.6732 0.2914 0.0189 0.0077 0.0064 0.0018 
    Largest link dim during sweep 3/87 was 20
    Largest truncation error: 1.61128e-06
    Energy after sweep 3/87 is -183.913388675433
    Sweep 3/87 CPU time = 25.39s (Wall time = 1.629s)

    vN Entropy at center bond b=151 = 0.786769057104
    Eigs at center bond b=151: 0.6732 0.2914 0.0189 0.0077 0.0064 0.0018 
    Largest link dim during sweep 4/87 was 20
    Largest truncation error: 1.61088e-06
    Energy after sweep 4/87 is -183.913396044924
    Sweep 4/87 CPU time = 25.59s (Wall time = 1.639s)

    vN Entropy at center bond b=151 = 0.786769098763
    Eigs at center bond b=151: 0.6732 0.2914 0.0189 0.0077 0.0064 0.0018 
    Largest link dim during sweep 5/87 was 20
    Largest truncation error: 1.61087e-06
    Energy after sweep 5/87 is -183.913396097798
    Sweep 5/87 CPU time = 25.41s (Wall time = 1.627s)

    vN Entropy at center bond b=151 = 0.786769100755
    Eigs at center bond b=151: 0.6732 0.2914 0.0189 0.0077 0.0064 0.0018 
    Largest link dim during sweep 6/87 was 20
    Largest truncation error: 1.61087e-06
    Energy after sweep 6/87 is -183.913396114814
    Sweep 6/87 CPU time = 25.39s (Wall time = 1.633s)

    vN Entropy at center bond b=151 = 0.786769100862
    Eigs at center bond b=151: 0.6732 0.2914 0.0189 0.0077 0.0064 0.0018 
    Largest link dim during sweep 7/87 was 20
    Largest truncation error: 1.61087e-06
    Energy after sweep 7/87 is -183.913396125481
    Sweep 7/87 CPU time = 25.68s (Wall time = 1.643s)

    vN Entropy at center bond b=151 = 0.786856072024
    Eigs at center bond b=151: 0.6732 0.2914 0.0189 0.0077 0.0064 0.0018 
    Largest link dim during sweep 8/87 was 25
    Largest truncation error: 7.50054e-07
    Energy after sweep 8/87 is -183.914001861063
    Sweep 8/87 CPU time = 14.51s (Wall time = 0.935s)

    vN Entropy at center bond b=151 = 0.786862979029
    Eigs at center bond b=151: 0.6732 0.2914 0.0189 0.0077 0.0064 0.0018 
    Largest link dim during sweep 9/87 was 25
    Largest truncation error: 7.50652e-07
    Energy after sweep 9/87 is -183.914002003700
    Sweep 9/87 CPU time = 14.82s (Wall time = 0.952s)

    vN Entropy at center bond b=151 = 0.786863255399
    Eigs at center bond b=151: 0.6732 0.2914 0.0189 0.0077 0.0064 0.0018 
    Largest link dim during sweep 10/87 was 25
    Largest truncation error: 7.50821e-07
    Energy after sweep 10/87 is -183.914001882424
    Sweep 10/87 CPU time = 14.72s (Wall time = 0.943s)

    vN Entropy at center bond b=151 = 0.786863284062
    Eigs at center bond b=151: 0.6732 0.2914 0.0189 0.0077 0.0064 0.0018 
    Largest link dim during sweep 11/87 was 25
    Largest truncation error: 7.5084e-07
    Energy after sweep 11/87 is -183.914001885906
    Sweep 11/87 CPU time = 15.08s (Wall time = 0.965s)

    vN Entropy at center bond b=151 = 0.786863287748
    Eigs at center bond b=151: 0.6732 0.2914 0.0189 0.0077 0.0064 0.0018 
    Largest link dim during sweep 12/87 was 25
    Largest truncation error: 7.50843e-07
    Energy after sweep 12/87 is -183.914001889944
    Sweep 12/87 CPU time = 14.70s (Wall time = 0.946s)

    vN Entropy at center bond b=151 = 0.786863288242
    Eigs at center bond b=151: 0.6732 0.2914 0.0189 0.0077 0.0064 0.0018 
    Largest link dim during sweep 13/87 was 25
    Largest truncation error: 7.50843e-07
    Energy after sweep 13/87 is -183.914001890435
    Sweep 13/87 CPU time = 14.68s (Wall time = 0.944s)

    vN Entropy at center bond b=151 = 0.786863288308
    Eigs at center bond b=151: 0.6732 0.2914 0.0189 0.0077 0.0064 0.0018 
    Largest link dim during sweep 14/87 was 25
    Largest truncation error: 7.50843e-07
    Energy after sweep 14/87 is -183.914001888848
    Sweep 14/87 CPU time = 14.75s (Wall time = 0.945s)

    vN Entropy at center bond b=151 = 0.786780885386
    Eigs at center bond b=151: 0.6732 0.2914 0.0189 0.0077 0.0064 0.0018 
    Largest link dim during sweep 15/87 was 25
    Largest truncation error: 7.50924e-07
    Energy after sweep 15/87 is -183.913960082993
    Sweep 15/87 CPU time = 14.47s (Wall time = 0.925s)

    vN Entropy at center bond b=151 = 0.786777913192
    Eigs at center bond b=151: 0.6732 0.2914 0.0189 0.0077 0.0064 0.0018 
    Largest link dim during sweep 16/87 was 25
    Largest truncation error: 7.51317e-07
    Energy after sweep 16/87 is -183.913959334554
    Sweep 16/87 CPU time = 14.38s (Wall time = 0.925s)

    vN Entropy at center bond b=151 = 0.786777729116
    Eigs at center bond b=151: 0.6732 0.2914 0.0189 0.0077 0.0064 0.0018 
    Largest link dim during sweep 17/87 was 25
    Largest truncation error: 7.51311e-07
    Energy after sweep 17/87 is -183.913959209760
    Sweep 17/87 CPU time = 14.58s (Wall time = 0.936s)

    vN Entropy at center bond b=151 = 0.786777695190
    Eigs at center bond b=151: 0.6732 0.2914 0.0189 0.0077 0.0064 0.0018 
    Largest link dim during sweep 18/87 was 25
    Largest truncation error: 7.51304e-07
    Energy after sweep 18/87 is -183.913959185443
    Sweep 18/87 CPU time = 14.45s (Wall time = 0.924s)

    vN Entropy at center bond b=151 = 0.786777688217
    Eigs at center bond b=151: 0.6732 0.2914 0.0189 0.0077 0.0064 0.0018 
    Largest link dim during sweep 19/87 was 25
    Largest truncation error: 7.51303e-07
    Energy after sweep 19/87 is -183.913959180643
    Sweep 19/87 CPU time = 14.37s (Wall time = 0.921s)

    vN Entropy at center bond b=151 = 0.786777686796
    Eigs at center bond b=151: 0.6732 0.2914 0.0189 0.0077 0.0064 0.0018 
    Largest link dim during sweep 20/87 was 25
    Largest truncation error: 7.51302e-07
    Energy after sweep 20/87 is -183.913959179687
    Sweep 20/87 CPU time = 14.40s (Wall time = 0.921s)

    vN Entropy at center bond b=151 = 0.786777686510
    Eigs at center bond b=151: 0.6732 0.2914 0.0189 0.0077 0.0064 0.0018 
    Largest link dim during sweep 21/87 was 25
    Largest truncation error: 7.51302e-07
    Energy after sweep 21/87 is -183.913959179500
    Sweep 21/87 CPU time = 14.37s (Wall time = 0.921s)

    vN Entropy at center bond b=151 = 0.786777686453
    Eigs at center bond b=151: 0.6732 0.2914 0.0189 0.0077 0.0064 0.0018 
    Largest link dim during sweep 22/87 was 25
    Largest truncation error: 7.51302e-07
    Energy after sweep 22/87 is -183.913959179462
    Sweep 22/87 CPU time = 14.39s (Wall time = 0.922s)

    vN Entropy at center bond b=151 = 0.786777686441
    Eigs at center bond b=151: 0.6732 0.2914 0.0189 0.0077 0.0064 0.0018 
    Largest link dim during sweep 23/87 was 25
    Largest truncation error: 7.51302e-07
    Energy after sweep 23/87 is -183.913959179458
    Sweep 23/87 CPU time = 14.34s (Wall time = 0.924s)

    vN Entropy at center bond b=151 = 0.786777686439
    Eigs at center bond b=151: 0.6732 0.2914 0.0189 0.0077 0.0064 0.0018 
    Largest link dim during sweep 24/87 was 25
    Largest truncation error: 7.51302e-07
    Energy after sweep 24/87 is -183.913959179453
    Sweep 24/87 CPU time = 14.28s (Wall time = 0.918s)

    vN Entropy at center bond b=151 = 0.786777686438
    Eigs at center bond b=151: 0.6732 0.2914 0.0189 0.0077 0.0064 0.0018 
    Largest link dim during sweep 25/87 was 25
    Largest truncation error: 7.51302e-07
    Energy after sweep 25/87 is -183.913959179454
    Sweep 25/87 CPU time = 14.38s (Wall time = 0.920s)

    vN Entropy at center bond b=151 = 0.786777686438
    Eigs at center bond b=151: 0.6732 0.2914 0.0189 0.0077 0.0064 0.0018 
    Largest link dim during sweep 26/87 was 25
    Largest truncation error: 7.51302e-07
    Energy after sweep 26/87 is -183.913959179455
    Sweep 26/87 CPU time = 14.39s (Wall time = 0.920s)

    vN Entropy at center bond b=151 = 0.786777686438
    Eigs at center bond b=151: 0.6732 0.2914 0.0189 0.0077 0.0064 0.0018 
    Largest link dim during sweep 27/87 was 25
    Largest truncation error: 7.51302e-07
    Energy after sweep 27/87 is -183.913959179455
    Sweep 27/87 CPU time = 14.40s (Wall time = 0.922s)

    vN Entropy at center bond b=151 = 0.786777686438
    Eigs at center bond b=151: 0.6732 0.2914 0.0189 0.0077 0.0064 0.0018 
    Largest link dim during sweep 28/87 was 25
    Largest truncation error: 7.51302e-07
    Energy after sweep 28/87 is -183.913959179454
    Sweep 28/87 CPU time = 14.34s (Wall time = 0.922s)

    vN Entropy at center bond b=151 = 0.786777686438
    Eigs at center bond b=151: 0.6732 0.2914 0.0189 0.0077 0.0064 0.0018 
    Largest link dim during sweep 29/87 was 25
    Largest truncation error: 7.51302e-07
    Energy after sweep 29/87 is -183.913959179458
    Sweep 29/87 CPU time = 14.37s (Wall time = 0.922s)

    vN Entropy at center bond b=151 = 0.786777686438
    Eigs at center bond b=151: 0.6732 0.2914 0.0189 0.0077 0.0064 0.0018 
    Largest link dim during sweep 30/87 was 25
    Largest truncation error: 7.51302e-07
    Energy after sweep 30/87 is -183.913959179452
    Sweep 30/87 CPU time = 14.29s (Wall time = 0.917s)

    vN Entropy at center bond b=151 = 0.786777686438
    Eigs at center bond b=151: 0.6732 0.2914 0.0189 0.0077 0.0064 0.0018 
    Largest link dim during sweep 31/87 was 25
    Largest truncation error: 7.51302e-07
    Energy after sweep 31/87 is -183.913959179451
    Sweep 31/87 CPU time = 14.33s (Wall time = 0.920s)

    vN Entropy at center bond b=151 = 0.786777686438
    Eigs at center bond b=151: 0.6732 0.2914 0.0189 0.0077 0.0064 0.0018 
    Largest link dim during sweep 32/87 was 25
    Largest truncation error: 7.51302e-07
    Energy after sweep 32/87 is -183.913959179454
    Sweep 32/87 CPU time = 14.49s (Wall time = 0.928s)

    vN Entropy at center bond b=151 = 0.786777686438
    Eigs at center bond b=151: 0.6732 0.2914 0.0189 0.0077 0.0064 0.0018 
    Largest link dim during sweep 33/87 was 25
    Largest truncation error: 7.51302e-07
    Energy after sweep 33/87 is -183.913959179455
    Sweep 33/87 CPU time = 14.53s (Wall time = 0.933s)

    vN Entropy at center bond b=151 = 0.786777686438
    Eigs at center bond b=151: 0.6732 0.2914 0.0189 0.0077 0.0064 0.0018 
    Largest link dim during sweep 34/87 was 25
    Largest truncation error: 7.51302e-07
    Energy after sweep 34/87 is -183.913959179453
    Sweep 34/87 CPU time = 14.36s (Wall time = 0.922s)

    vN Entropy at center bond b=151 = 0.786777686438
    Eigs at center bond b=151: 0.6732 0.2914 0.0189 0.0077 0.0064 0.0018 
    Largest link dim during sweep 35/87 was 25
    Largest truncation error: 7.51302e-07
    Energy after sweep 35/87 is -183.913959179451
    Sweep 35/87 CPU time = 14.42s (Wall time = 0.923s)

    vN Entropy at center bond b=151 = 0.786777686438
    Eigs at center bond b=151: 0.6732 0.2914 0.0189 0.0077 0.0064 0.0018 
    Largest link dim during sweep 36/87 was 25
    Largest truncation error: 7.51302e-07
    Energy after sweep 36/87 is -183.913959179454
    Sweep 36/87 CPU time = 14.35s (Wall time = 0.917s)

    vN Entropy at center bond b=151 = 0.787606891890
    Eigs at center bond b=151: 0.6728 0.2917 0.0190 0.0077 0.0064 0.0019 
    Largest link dim during sweep 37/87 was 48
    Largest truncation error: 7.50349e-09
    Energy after sweep 37/87 is -183.915085066113
    Sweep 37/87 CPU time = 32.12s (Wall time = 2.070s)

    vN Entropy at center bond b=151 = 0.787646684891
    Eigs at center bond b=151: 0.6728 0.2917 0.0190 0.0077 0.0064 0.0019 
    Largest link dim during sweep 38/87 was 51
    Largest truncation error: 7.64635e-09
    Energy after sweep 38/87 is -183.915088521016
    Sweep 38/87 CPU time = 42.29s (Wall time = 2.713s)

    vN Entropy at center bond b=151 = 0.787648792666
    Eigs at center bond b=151: 0.6728 0.2917 0.0190 0.0077 0.0064 0.0019 
    Largest link dim during sweep 39/87 was 51
    Largest truncation error: 7.69478e-09
    Energy after sweep 39/87 is -183.915088583523
    Sweep 39/87 CPU time = 44.01s (Wall time = 2.837s)

    vN Entropy at center bond b=151 = 0.787648770715
    Eigs at center bond b=151: 0.6728 0.2917 0.0190 0.0077 0.0064 0.0019 
    Largest link dim during sweep 40/87 was 51
    Largest truncation error: 7.70337e-09
    Energy after sweep 40/87 is -183.915088584556
    Sweep 40/87 CPU time = 43.77s (Wall time = 2.821s)

    vN Entropy at center bond b=151 = 0.787648782710
    Eigs at center bond b=151: 0.6728 0.2917 0.0190 0.0077 0.0064 0.0019 
    Largest link dim during sweep 41/87 was 51
    Largest truncation error: 7.70483e-09
    Energy after sweep 41/87 is -183.915088579056
    Sweep 41/87 CPU time = 44.18s (Wall time = 2.833s)

    vN Entropy at center bond b=151 = 0.787648783683
    Eigs at center bond b=151: 0.6728 0.2917 0.0190 0.0077 0.0064 0.0019 
    Largest link dim during sweep 42/87 was 51
    Largest truncation error: 7.70497e-09
    Energy after sweep 42/87 is -183.915088577854
    Sweep 42/87 CPU time = 43.87s (Wall time = 2.818s)

    vN Entropy at center bond b=151 = 0.787648783753
    Eigs at center bond b=151: 0.6728 0.2917 0.0190 0.0077 0.0064 0.0019 
    Largest link dim during sweep 43/87 was 51
    Largest truncation error: 7.70495e-09
    Energy after sweep 43/87 is -183.915088577520
    Sweep 43/87 CPU time = 43.54s (Wall time = 2.792s)

    vN Entropy at center bond b=151 = 0.787648783755
    Eigs at center bond b=151: 0.6728 0.2917 0.0190 0.0077 0.0064 0.0019 
    Largest link dim during sweep 44/87 was 51
    Largest truncation error: 7.70492e-09
    Energy after sweep 44/87 is -183.915088577405
    Sweep 44/87 CPU time = 44.09s (Wall time = 2.827s)

    vN Entropy at center bond b=151 = 0.787648783753
    Eigs at center bond b=151: 0.6728 0.2917 0.0190 0.0077 0.0064 0.0019 
    Largest link dim during sweep 45/87 was 51
    Largest truncation error: 7.70491e-09
    Energy after sweep 45/87 is -183.915088577365
    Sweep 45/87 CPU time = 43.97s (Wall time = 2.825s)

    vN Entropy at center bond b=151 = 0.787648783752
    Eigs at center bond b=151: 0.6728 0.2917 0.0190 0.0077 0.0064 0.0019 
    Largest link dim during sweep 46/87 was 51
    Largest truncation error: 7.70491e-09
    Energy after sweep 46/87 is -183.915088577344
    Sweep 46/87 CPU time = 43.99s (Wall time = 2.827s)

    vN Entropy at center bond b=151 = 0.787648783751
    Eigs at center bond b=151: 0.6728 0.2917 0.0190 0.0077 0.0064 0.0019 
    Largest link dim during sweep 47/87 was 51
    Largest truncation error: 7.70491e-09
    Energy after sweep 47/87 is -183.915088577337
    Sweep 47/87 CPU time = 43.96s (Wall time = 2.823s)

    vN Entropy at center bond b=151 = 0.787648783751
    Eigs at center bond b=151: 0.6728 0.2917 0.0190 0.0077 0.0064 0.0019 
    Largest link dim during sweep 48/87 was 51
    Largest truncation error: 7.70491e-09
    Energy after sweep 48/87 is -183.915088577336
    Sweep 48/87 CPU time = 44.14s (Wall time = 2.835s)

    vN Entropy at center bond b=151 = 0.787648783751
    Eigs at center bond b=151: 0.6728 0.2917 0.0190 0.0077 0.0064 0.0019 
    Largest link dim during sweep 49/87 was 51
    Largest truncation error: 7.70491e-09
    Energy after sweep 49/87 is -183.915088577334
    Sweep 49/87 CPU time = 43.97s (Wall time = 2.824s)

    vN Entropy at center bond b=151 = 0.787648783751
    Eigs at center bond b=151: 0.6728 0.2917 0.0190 0.0077 0.0064 0.0019 
    Largest link dim during sweep 50/87 was 51
    Largest truncation error: 7.70491e-09
    Energy after sweep 50/87 is -183.915088577335
    Sweep 50/87 CPU time = 44.20s (Wall time = 2.838s)

    vN Entropy at center bond b=151 = 0.787648783751
    Eigs at center bond b=151: 0.6728 0.2917 0.0190 0.0077 0.0064 0.0019 
    Largest link dim during sweep 51/87 was 51
    Largest truncation error: 7.70491e-09
    Energy after sweep 51/87 is -183.915088577336
    Sweep 51/87 CPU time = 44.13s (Wall time = 2.852s)

    vN Entropy at center bond b=151 = 0.787648783751
    Eigs at center bond b=151: 0.6728 0.2917 0.0190 0.0077 0.0064 0.0019 
    Largest link dim during sweep 52/87 was 51
    Largest truncation error: 7.70491e-09
    Energy after sweep 52/87 is -183.915088577336
    Sweep 52/87 CPU time = 44.04s (Wall time = 2.824s)

    vN Entropy at center bond b=151 = 0.787648783751
    Eigs at center bond b=151: 0.6728 0.2917 0.0190 0.0077 0.0064 0.0019 
    Largest link dim during sweep 53/87 was 51
    Largest truncation error: 7.70491e-09
    Energy after sweep 53/87 is -183.915088577352
    Sweep 53/87 CPU time = 43.80s (Wall time = 2.814s)

    vN Entropy at center bond b=151 = 0.787648783751
    Eigs at center bond b=151: 0.6728 0.2917 0.0190 0.0077 0.0064 0.0019 
    Largest link dim during sweep 54/87 was 51
    Largest truncation error: 7.70491e-09
    Energy after sweep 54/87 is -183.915088577399
    Sweep 54/87 CPU time = 43.80s (Wall time = 2.813s)

    vN Entropy at center bond b=151 = 0.787648783751
    Eigs at center bond b=151: 0.6728 0.2917 0.0190 0.0077 0.0064 0.0019 
    Largest link dim during sweep 55/87 was 51
    Largest truncation error: 7.70491e-09
    Energy after sweep 55/87 is -183.915088577428
    Sweep 55/87 CPU time = 43.82s (Wall time = 2.811s)

    vN Entropy at center bond b=151 = 0.787648783751
    Eigs at center bond b=151: 0.6728 0.2917 0.0190 0.0077 0.0064 0.0019 
    Largest link dim during sweep 56/87 was 51
    Largest truncation error: 7.70491e-09
    Energy after sweep 56/87 is -183.915088577437
    Sweep 56/87 CPU time = 43.75s (Wall time = 2.806s)

    vN Entropy at center bond b=151 = 0.787648783751
    Eigs at center bond b=151: 0.6728 0.2917 0.0190 0.0077 0.0064 0.0019 
    Largest link dim during sweep 57/87 was 51
    Largest truncation error: 7.70491e-09
    Energy after sweep 57/87 is -183.915088577415
    Sweep 57/87 CPU time = 43.76s (Wall time = 2.805s)

    vN Entropy at center bond b=151 = 0.787648783751
    Eigs at center bond b=151: 0.6728 0.2917 0.0190 0.0077 0.0064 0.0019 
    Largest link dim during sweep 58/87 was 51
    Largest truncation error: 7.70491e-09
    Energy after sweep 58/87 is -183.915088577390
    Sweep 58/87 CPU time = 43.87s (Wall time = 2.814s)

    vN Entropy at center bond b=151 = 0.787691781591
    Eigs at center bond b=151: 0.6728 0.2917 0.0190 0.0077 0.0064 0.0019 
    Largest link dim during sweep 59/87 was 91
    Largest truncation error: 7.63943e-11
    Energy after sweep 59/87 is -183.915101083660
    Sweep 59/87 CPU time = 2m, 6.3s (Wall time = 8.150s)

    vN Entropy at center bond b=151 = 0.787692784036
    Eigs at center bond b=151: 0.6728 0.2917 0.0190 0.0077 0.0064 0.0019 
    Largest link dim during sweep 60/87 was 94
    Largest truncation error: 7.65442e-11
    Energy after sweep 60/87 is -183.915101119340
    Sweep 60/87 CPU time = 2m, 48.0s (Wall time = 10.81s)

    vN Entropy at center bond b=151 = 0.787692822961
    Eigs at center bond b=151: 0.6728 0.2917 0.0190 0.0077 0.0064 0.0019 
    Largest link dim during sweep 61/87 was 94
    Largest truncation error: 7.55577e-11
    Energy after sweep 61/87 is -183.915101120019
    Sweep 61/87 CPU time = 2m, 46.3s (Wall time = 10.68s)

    vN Entropy at center bond b=151 = 0.787692826177
    Eigs at center bond b=151: 0.6728 0.2917 0.0190 0.0077 0.0064 0.0019 
    Largest link dim during sweep 62/87 was 94
    Largest truncation error: 7.56054e-11
    Energy after sweep 62/87 is -183.915101120032
    Sweep 62/87 CPU time = 2m, 47.3s (Wall time = 10.75s)

    vN Entropy at center bond b=151 = 0.787692826631
    Eigs at center bond b=151: 0.6728 0.2917 0.0190 0.0077 0.0064 0.0019 
    Largest link dim during sweep 63/87 was 94
    Largest truncation error: 7.5609e-11
    Energy after sweep 63/87 is -183.915101120022
    Sweep 63/87 CPU time = 2m, 48.1s (Wall time = 10.79s)

    vN Entropy at center bond b=151 = 0.787692826704
    Eigs at center bond b=151: 0.6728 0.2917 0.0190 0.0077 0.0064 0.0019 
    Largest link dim during sweep 64/87 was 94
    Largest truncation error: 7.56091e-11
    Energy after sweep 64/87 is -183.915101120021
    Sweep 64/87 CPU time = 2m, 46.3s (Wall time = 10.71s)

    vN Entropy at center bond b=151 = 0.787692826717
    Eigs at center bond b=151: 0.6728 0.2917 0.0190 0.0077 0.0064 0.0019 
    Largest link dim during sweep 65/87 was 94
    Largest truncation error: 7.5609e-11
    Energy after sweep 65/87 is -183.915101120017
    Sweep 65/87 CPU time = 2m, 48.0s (Wall time = 10.83s)

    vN Entropy at center bond b=151 = 0.787692826719
    Eigs at center bond b=151: 0.6728 0.2917 0.0190 0.0077 0.0064 0.0019 
    Largest link dim during sweep 66/87 was 94
    Largest truncation error: 7.56092e-11
    Energy after sweep 66/87 is -183.915101120018
    Sweep 66/87 CPU time = 2m, 48.4s (Wall time = 10.81s)

    vN Entropy at center bond b=151 = 0.787692826719
    Eigs at center bond b=151: 0.6728 0.2917 0.0190 0.0077 0.0064 0.0019 
    Largest link dim during sweep 67/87 was 94
    Largest truncation error: 7.56091e-11
    Energy after sweep 67/87 is -183.915101120022
    Sweep 67/87 CPU time = 2m, 49.0s (Wall time = 10.85s)

    vN Entropy at center bond b=151 = 0.787692826719
    Eigs at center bond b=151: 0.6728 0.2917 0.0190 0.0077 0.0064 0.0019 
    Largest link dim during sweep 68/87 was 94
    Largest truncation error: 7.56089e-11
    Energy after sweep 68/87 is -183.915101120015
    Sweep 68/87 CPU time = 2m, 48.9s (Wall time = 10.86s)

    vN Entropy at center bond b=151 = 0.787692826719
    Eigs at center bond b=151: 0.6728 0.2917 0.0190 0.0077 0.0064 0.0019 
    Largest link dim during sweep 69/87 was 94
    Largest truncation error: 7.56089e-11
    Energy after sweep 69/87 is -183.915101120016
    Sweep 69/87 CPU time = 2m, 47.5s (Wall time = 10.76s)

    vN Entropy at center bond b=151 = 0.787692826719
    Eigs at center bond b=151: 0.6728 0.2917 0.0190 0.0077 0.0064 0.0019 
    Largest link dim during sweep 70/87 was 94
    Largest truncation error: 7.56089e-11
    Energy after sweep 70/87 is -183.915101120015
    Sweep 70/87 CPU time = 2m, 47.7s (Wall time = 10.82s)

    vN Entropy at center bond b=151 = 0.787692826719
    Eigs at center bond b=151: 0.6728 0.2917 0.0190 0.0077 0.0064 0.0019 
    Largest link dim during sweep 71/87 was 94
    Largest truncation error: 7.56089e-11
    Energy after sweep 71/87 is -183.915101120019
    Sweep 71/87 CPU time = 2m, 46.2s (Wall time = 10.68s)

    vN Entropy at center bond b=151 = 0.787692826719
    Eigs at center bond b=151: 0.6728 0.2917 0.0190 0.0077 0.0064 0.0019 
    Largest link dim during sweep 72/87 was 94
    Largest truncation error: 7.56091e-11
    Energy after sweep 72/87 is -183.915101120019
    Sweep 72/87 CPU time = 2m, 47.9s (Wall time = 10.77s)

    vN Entropy at center bond b=151 = 0.787692826719
    Eigs at center bond b=151: 0.6728 0.2917 0.0190 0.0077 0.0064 0.0019 
    Largest link dim during sweep 73/87 was 94
    Largest truncation error: 7.56091e-11
    Energy after sweep 73/87 is -183.915101120020
    Sweep 73/87 CPU time = 2m, 48.1s (Wall time = 10.79s)

    vN Entropy at center bond b=151 = 0.787692826719
    Eigs at center bond b=151: 0.6728 0.2917 0.0190 0.0077 0.0064 0.0019 
    Largest link dim during sweep 74/87 was 94
    Largest truncation error: 7.56091e-11
    Energy after sweep 74/87 is -183.915101120018
    Sweep 74/87 CPU time = 2m, 48.6s (Wall time = 10.82s)

    vN Entropy at center bond b=151 = 0.787696003899
    Eigs at center bond b=151: 0.6728 0.2917 0.0190 0.0077 0.0064 0.0019 
    Largest link dim during sweep 75/87 was 165
    Largest truncation error: 8.35587e-13
    Energy after sweep 75/87 is -183.915101273524
    Sweep 75/87 CPU time = 5m, 0.7s (Wall time = 20.62s)

    vN Entropy at center bond b=151 = 0.787696052492
    Eigs at center bond b=151: 0.6728 0.2917 0.0190 0.0077 0.0064 0.0019 
    Largest link dim during sweep 76/87 was 166
    Largest truncation error: 8.35636e-13
    Energy after sweep 76/87 is -183.915101273878
    Sweep 76/87 CPU time = 6m, 15.3s (Wall time = 25.12s)

    vN Entropy at center bond b=151 = 0.787696054739
    Eigs at center bond b=151: 0.6728 0.2917 0.0190 0.0077 0.0064 0.0019 
    Largest link dim during sweep 77/87 was 166
    Largest truncation error: 8.35524e-13
    Energy after sweep 77/87 is -183.915101273887
    Sweep 77/87 CPU time = 6m, 20.5s (Wall time = 25.18s)

    vN Entropy at center bond b=151 = 0.787696055041
    Eigs at center bond b=151: 0.6728 0.2917 0.0190 0.0077 0.0064 0.0019 
    Largest link dim during sweep 78/87 was 166
    Largest truncation error: 8.35708e-13
    Energy after sweep 78/87 is -183.915101273887
    Sweep 78/87 CPU time = 6m, 23.6s (Wall time = 25.63s)

    vN Entropy at center bond b=151 = 0.787696055121
    Eigs at center bond b=151: 0.6728 0.2917 0.0190 0.0077 0.0064 0.0019 
    Largest link dim during sweep 79/87 was 166
    Largest truncation error: 8.35703e-13
    Energy after sweep 79/87 is -183.915101273888
    Sweep 79/87 CPU time = 6m, 25.8s (Wall time = 25.68s)

    vN Entropy at center bond b=151 = 0.787696055155
    Eigs at center bond b=151: 0.6728 0.2917 0.0190 0.0077 0.0064 0.0019 
    Largest link dim during sweep 80/87 was 166
    Largest truncation error: 8.35884e-13
    Energy after sweep 80/87 is -183.915101273888
    Sweep 80/87 CPU time = 6m, 21.0s (Wall time = 25.22s)

    vN Entropy at center bond b=151 = 0.787696055174
    Eigs at center bond b=151: 0.6728 0.2917 0.0190 0.0077 0.0064 0.0019 
    Largest link dim during sweep 81/87 was 166
    Largest truncation error: 8.35621e-13
    Energy after sweep 81/87 is -183.915101273887
    Sweep 81/87 CPU time = 6m, 10.1s (Wall time = 23.97s)

    vN Entropy at center bond b=151 = 0.787696055184
    Eigs at center bond b=151: 0.6728 0.2917 0.0190 0.0077 0.0064 0.0019 
    Largest link dim during sweep 82/87 was 166
    Largest truncation error: 8.35819e-13
    Energy after sweep 82/87 is -183.915101273887
    Sweep 82/87 CPU time = 6m, 12.8s (Wall time = 24.10s)

    vN Entropy at center bond b=151 = 0.787696376152
    Eigs at center bond b=151: 0.6728 0.2917 0.0190 0.0077 0.0064 0.0019 
    Largest link dim during sweep 83/87 was 154
    Largest truncation error: 7.50325e-13
    Energy after sweep 83/87 is -183.915101273374
    Sweep 83/87 CPU time = 4m, 54.4s (Wall time = 19.11s)

    vN Entropy at center bond b=151 = 0.787696382228
    Eigs at center bond b=151: 0.6728 0.2917 0.0190 0.0077 0.0064 0.0019 
    Largest link dim during sweep 84/87 was 259
    Largest truncation error: 7.61361e-15
    Energy after sweep 84/87 is -183.915101275814
    Sweep 84/87 CPU time = 13m, 2s (Wall time = 53.62s)

    vN Entropy at center bond b=151 = 0.787696383485
    Eigs at center bond b=151: 0.6728 0.2917 0.0190 0.0077 0.0064 0.0019 
    Largest link dim during sweep 85/87 was 262
    Largest truncation error: 7.52468e-15
    Energy after sweep 85/87 is -183.915101275811
    Sweep 85/87 CPU time = 21m, 30s (Wall time = 1m, 24.1s)

    vN Entropy at center bond b=151 = 0.787696383536
    Eigs at center bond b=151: 0.6728 0.2917 0.0190 0.0077 0.0064 0.0019 
    Largest link dim during sweep 86/87 was 261
    Largest truncation error: 7.51193e-15
    Energy after sweep 86/87 is -183.915101275812
    Sweep 86/87 CPU time = 18m, 54s (Wall time = 1m, 12.9s)

    vN Entropy at center bond b=151 = 0.787696383545
    Eigs at center bond b=151: 0.6728 0.2917 0.0190 0.0077 0.0064 0.0019 
    Largest link dim during sweep 87/87 was 261
    Largest truncation error: 7.51151e-15
    Energy after sweep 87/87 is -183.915101275809
    Sweep 87/87 CPU time = 18m, 55s (Wall time = 1m, 13.1s)
Initial energy = 0.30000

Ground State Energy = -183.9151012758
run_outputs/outputpsi/N_303_sweep_87_t_0.030000_J_1.000000_V_0.600000_D_0.018000_U_0.300000_mu_0.000000_E_0.100000 converge
Wall-clock time (s) = 3287.943585
