//////////////////////////
Reading input file ......

Got input.N = 303
Got input.t = 0.03
Got input.J = 1
Got input.V = 0.6
Got input.D = 0.018
Got input.U = 0.02
Got input.mu = 0.1
Got input.E = 0
Got input.nsweeps = 87
Sweeps:
1  MaxDim=20, MinDim=20, Cutoff=1.0E-06, Niter=8, Noise=1.0E-05
2  MaxDim=20, MinDim=20, Cutoff=1.0E-06, Niter=8, Noise=1.0E-05
3  MaxDim=20, MinDim=20, Cutoff=1.0E-06, Niter=8, Noise=1.0E-05
4  MaxDim=20, MinDim=20, Cutoff=1.0E-06, Niter=8, Noise=1.0E-05
5  MaxDim=20, MinDim=20, Cutoff=1.0E-06, Niter=8, Noise=1.0E-05
6  MaxDim=20, MinDim=20, Cutoff=1.0E-06, Niter=8, Noise=1.0E-05
7  MaxDim=20, MinDim=20, Cutoff=1.0E-06, Niter=8, Noise=1.0E-05
8  MaxDim=40, MinDim=20, Cutoff=1.0E-06, Niter=4, Noise=1.0E-05
9  MaxDim=40, MinDim=20, Cutoff=1.0E-06, Niter=4, Noise=1.0E-05
10  MaxDim=40, MinDim=20, Cutoff=1.0E-06, Niter=4, Noise=1.0E-05
11  MaxDim=40, MinDim=20, Cutoff=1.0E-06, Niter=4, Noise=1.0E-05
12  MaxDim=40, MinDim=20, Cutoff=1.0E-06, Niter=4, Noise=1.0E-05
13  MaxDim=40, MinDim=20, Cutoff=1.0E-06, Niter=4, Noise=1.0E-05
14  MaxDim=40, MinDim=20, Cutoff=1.0E-06, Niter=4, Noise=1.0E-05
15  MaxDim=80, MinDim=10, Cutoff=1.0E-06, Niter=4, Noise=1.0E-05
16  MaxDim=80, MinDim=10, Cutoff=1.0E-06, Niter=4, Noise=1.0E-05
17  MaxDim=80, MinDim=10, Cutoff=1.0E-06, Niter=4, Noise=1.0E-05
18  MaxDim=80, MinDim=10, Cutoff=1.0E-06, Niter=4, Noise=1.0E-05
19  MaxDim=80, MinDim=10, Cutoff=1.0E-06, Niter=4, Noise=1.0E-05
20  MaxDim=80, MinDim=10, Cutoff=1.0E-06, Niter=4, Noise=1.0E-05
21  MaxDim=80, MinDim=10, Cutoff=1.0E-06, Niter=4, Noise=1.0E-05
22  MaxDim=80, MinDim=10, Cutoff=1.0E-06, Niter=4, Noise=1.0E-05
23  MaxDim=80, MinDim=10, Cutoff=1.0E-06, Niter=4, Noise=1.0E-05
24  MaxDim=80, MinDim=10, Cutoff=1.0E-06, Niter=4, Noise=1.0E-05
25  MaxDim=80, MinDim=10, Cutoff=1.0E-06, Niter=4, Noise=1.0E-05
26  MaxDim=80, MinDim=10, Cutoff=1.0E-06, Niter=4, Noise=1.0E-05
27  MaxDim=80, MinDim=10, Cutoff=1.0E-06, Niter=4, Noise=1.0E-05
28  MaxDim=80, MinDim=10, Cutoff=1.0E-06, Niter=4, Noise=1.0E-05
29  MaxDim=80, MinDim=10, Cutoff=1.0E-06, Niter=4, Noise=1.0E-05
30  MaxDim=80, MinDim=10, Cutoff=1.0E-06, Niter=4, Noise=1.0E-05
31  MaxDim=80, MinDim=10, Cutoff=1.0E-06, Niter=4, Noise=1.0E-05
32  MaxDim=80, MinDim=10, Cutoff=1.0E-06, Niter=4, Noise=1.0E-05
33  MaxDim=80, MinDim=10, Cutoff=1.0E-06, Niter=4, Noise=1.0E-05
34  MaxDim=80, MinDim=10, Cutoff=1.0E-06, Niter=4, Noise=1.0E-05
35  MaxDim=80, MinDim=10, Cutoff=1.0E-06, Niter=4, Noise=1.0E-05
36  MaxDim=80, MinDim=10, Cutoff=1.0E-06, Niter=4, Noise=1.0E-05
37  MaxDim=160, MinDim=10, Cutoff=1.0E-08, Niter=4, Noise=1.0E-06
38  MaxDim=160, MinDim=10, Cutoff=1.0E-08, Niter=4, Noise=1.0E-06
39  MaxDim=160, MinDim=10, Cutoff=1.0E-08, Niter=4, Noise=1.0E-06
40  MaxDim=160, MinDim=10, Cutoff=1.0E-08, Niter=4, Noise=1.0E-06
41  MaxDim=160, MinDim=10, Cutoff=1.0E-08, Niter=4, Noise=1.0E-06
42  MaxDim=160, MinDim=10, Cutoff=1.0E-08, Niter=4, Noise=1.0E-06
43  MaxDim=160, MinDim=10, Cutoff=1.0E-08, Niter=4, Noise=1.0E-06
44  MaxDim=160, MinDim=10, Cutoff=1.0E-08, Niter=4, Noise=1.0E-06
45  MaxDim=160, MinDim=10, Cutoff=1.0E-08, Niter=4, Noise=1.0E-06
46  MaxDim=160, MinDim=10, Cutoff=1.0E-08, Niter=4, Noise=1.0E-06
47  MaxDim=160, MinDim=10, Cutoff=1.0E-08, Niter=4, Noise=1.0E-06
48  MaxDim=160, MinDim=10, Cutoff=1.0E-08, Niter=4, Noise=1.0E-06
49  MaxDim=160, MinDim=10, Cutoff=1.0E-08, Niter=4, Noise=1.0E-06
50  MaxDim=160, MinDim=10, Cutoff=1.0E-08, Niter=4, Noise=1.0E-06
51  MaxDim=160, MinDim=10, Cutoff=1.0E-08, Niter=4, Noise=1.0E-06
52  MaxDim=160, MinDim=10, Cutoff=1.0E-08, Niter=4, Noise=1.0E-06
53  MaxDim=160, MinDim=10, Cutoff=1.0E-08, Niter=4, Noise=1.0E-06
54  MaxDim=160, MinDim=10, Cutoff=1.0E-08, Niter=4, Noise=1.0E-06
55  MaxDim=160, MinDim=10, Cutoff=1.0E-08, Niter=4, Noise=1.0E-06
56  MaxDim=160, MinDim=10, Cutoff=1.0E-08, Niter=4, Noise=1.0E-06
57  MaxDim=160, MinDim=10, Cutoff=1.0E-08, Niter=4, Noise=1.0E-06
58  MaxDim=160, MinDim=10, Cutoff=1.0E-08, Niter=4, Noise=1.0E-06
59  MaxDim=320, MinDim=10, Cutoff=1.0E-10, Niter=4, Noise=1.0E-07
60  MaxDim=320, MinDim=10, Cutoff=1.0E-10, Niter=4, Noise=1.0E-07
61  MaxDim=320, MinDim=10, Cutoff=1.0E-10, Niter=4, Noise=1.0E-07
62  MaxDim=320, MinDim=10, Cutoff=1.0E-10, Niter=4, Noise=1.0E-07
63  MaxDim=320, MinDim=10, Cutoff=1.0E-10, Niter=4, Noise=1.0E-07
64  MaxDim=320, MinDim=10, Cutoff=1.0E-10, Niter=4, Noise=1.0E-07
65  MaxDim=320, MinDim=10, Cutoff=1.0E-10, Niter=4, Noise=1.0E-07
66  MaxDim=320, MinDim=10, Cutoff=1.0E-10, Niter=4, Noise=1.0E-07
67  MaxDim=320, MinDim=10, Cutoff=1.0E-10, Niter=4, Noise=1.0E-07
68  MaxDim=320, MinDim=10, Cutoff=1.0E-10, Niter=4, Noise=1.0E-07
69  MaxDim=320, MinDim=10, Cutoff=1.0E-10, Niter=4, Noise=1.0E-07
70  MaxDim=320, MinDim=10, Cutoff=1.0E-10, Niter=4, Noise=1.0E-07
71  MaxDim=320, MinDim=10, Cutoff=1.0E-10, Niter=4, Noise=1.0E-07
72  MaxDim=320, MinDim=10, Cutoff=1.0E-10, Niter=4, Noise=1.0E-07
73  MaxDim=320, MinDim=10, Cutoff=1.0E-10, Niter=4, Noise=1.0E-07
74  MaxDim=320, MinDim=10, Cutoff=1.0E-10, Niter=4, Noise=1.0E-07
75  MaxDim=640, MinDim=10, Cutoff=1.0E-12, Niter=2, Noise=1.0E-08
76  MaxDim=640, MinDim=10, Cutoff=1.0E-12, Niter=2, Noise=1.0E-08
77  MaxDim=640, MinDim=10, Cutoff=1.0E-12, Niter=2, Noise=1.0E-08
78  MaxDim=640, MinDim=10, Cutoff=1.0E-12, Niter=2, Noise=1.0E-08
79  MaxDim=640, MinDim=10, Cutoff=1.0E-12, Niter=2, Noise=1.0E-08
80  MaxDim=640, MinDim=10, Cutoff=1.0E-12, Niter=2, Noise=1.0E-08
81  MaxDim=640, MinDim=10, Cutoff=1.0E-12, Niter=2, Noise=1.0E-08
82  MaxDim=640, MinDim=10, Cutoff=1.0E-12, Niter=2, Noise=1.0E-08
83  MaxDim=1280, MinDim=10, Cutoff=1.0E-12, Niter=2, Noise=0.0E+00
84  MaxDim=1280, MinDim=10, Cutoff=1.0E-14, Niter=2, Noise=0.0E+00
85  MaxDim=1280, MinDim=10, Cutoff=1.0E-14, Niter=2, Noise=0.0E+00
86  MaxDim=1280, MinDim=10, Cutoff=1.0E-14, Niter=2, Noise=0.0E+00
87  MaxDim=1280, MinDim=10, Cutoff=1.0E-14, Niter=2, Noise=0.0E+00


    vN Entropy at center bond b=151 = 0.739636235347
    Eigs at center bond b=151: 0.7772 0.1204 0.0865 0.0128 0.0021 
    Largest link dim during sweep 1/87 was 20
    Largest truncation error: 3.15482e-05
    Energy after sweep 1/87 is -197.469442704881
    Sweep 1/87 CPU time = 18.24s (Wall time = 1.184s)

    vN Entropy at center bond b=151 = 0.779052617686
    Eigs at center bond b=151: 0.7006 0.2589 0.0222 0.0082 0.0067 0.0024 
    Largest link dim during sweep 2/87 was 20
    Largest truncation error: 6.83163e-06
    Energy after sweep 2/87 is -197.904177934567
    Sweep 2/87 CPU time = 25.51s (Wall time = 1.634s)

    vN Entropy at center bond b=151 = 0.808895813474
    Eigs at center bond b=151: 0.6792 0.2777 0.0227 0.0093 0.0071 0.0028 
    Largest link dim during sweep 3/87 was 20
    Largest truncation error: 1.80781e-06
    Energy after sweep 3/87 is -197.911334487683
    Sweep 3/87 CPU time = 25.36s (Wall time = 1.628s)

    vN Entropy at center bond b=151 = 0.808967089177
    Eigs at center bond b=151: 0.6792 0.2778 0.0227 0.0093 0.0071 0.0028 
    Largest link dim during sweep 4/87 was 20
    Largest truncation error: 1.82799e-06
    Energy after sweep 4/87 is -197.911366224429
    Sweep 4/87 CPU time = 25.34s (Wall time = 1.626s)

    vN Entropy at center bond b=151 = 0.808956204199
    Eigs at center bond b=151: 0.6792 0.2778 0.0227 0.0093 0.0071 0.0028 
    Largest link dim during sweep 5/87 was 20
    Largest truncation error: 1.82868e-06
    Energy after sweep 5/87 is -197.911368867761
    Sweep 5/87 CPU time = 25.37s (Wall time = 1.624s)

    vN Entropy at center bond b=151 = 0.808956125067
    Eigs at center bond b=151: 0.6792 0.2778 0.0227 0.0093 0.0071 0.0028 
    Largest link dim during sweep 6/87 was 20
    Largest truncation error: 1.82871e-06
    Energy after sweep 6/87 is -197.911369065419
    Sweep 6/87 CPU time = 25.32s (Wall time = 1.623s)

    vN Entropy at center bond b=151 = 0.808956179863
    Eigs at center bond b=151: 0.6792 0.2778 0.0227 0.0093 0.0071 0.0028 
    Largest link dim during sweep 7/87 was 20
    Largest truncation error: 1.82871e-06
    Energy after sweep 7/87 is -197.911370746601
    Sweep 7/87 CPU time = 25.39s (Wall time = 1.626s)

    vN Entropy at center bond b=151 = 0.809162172457
    Eigs at center bond b=151: 0.6791 0.2778 0.0227 0.0093 0.0072 0.0028 
    Largest link dim during sweep 8/87 was 25
    Largest truncation error: 7.44131e-07
    Energy after sweep 8/87 is -197.912085032470
    Sweep 8/87 CPU time = 14.68s (Wall time = 0.941s)

    vN Entropy at center bond b=151 = 0.809345030799
    Eigs at center bond b=151: 0.6791 0.2778 0.0228 0.0093 0.0072 0.0029 
    Largest link dim during sweep 9/87 was 25
    Largest truncation error: 7.44548e-07
    Energy after sweep 9/87 is -197.912090592604
    Sweep 9/87 CPU time = 14.91s (Wall time = 0.957s)

    vN Entropy at center bond b=151 = 0.809403731297
    Eigs at center bond b=151: 0.6790 0.2778 0.0228 0.0093 0.0072 0.0029 
    Largest link dim during sweep 10/87 was 25
    Largest truncation error: 7.44589e-07
    Energy after sweep 10/87 is -197.912092318139
    Sweep 10/87 CPU time = 15.03s (Wall time = 0.962s)

    vN Entropy at center bond b=151 = 0.809424392335
    Eigs at center bond b=151: 0.6790 0.2778 0.0228 0.0093 0.0072 0.0029 
    Largest link dim during sweep 11/87 was 25
    Largest truncation error: 7.4463e-07
    Energy after sweep 11/87 is -197.912091529802
    Sweep 11/87 CPU time = 14.98s (Wall time = 0.964s)

    vN Entropy at center bond b=151 = 0.809436036353
    Eigs at center bond b=151: 0.6790 0.2778 0.0228 0.0093 0.0072 0.0029 
    Largest link dim during sweep 12/87 was 25
    Largest truncation error: 7.44649e-07
    Energy after sweep 12/87 is -197.912093675870
    Sweep 12/87 CPU time = 14.96s (Wall time = 0.961s)

    vN Entropy at center bond b=151 = 0.809434608337
    Eigs at center bond b=151: 0.6790 0.2778 0.0228 0.0093 0.0072 0.0029 
    Largest link dim during sweep 13/87 was 25
    Largest truncation error: 7.44657e-07
    Energy after sweep 13/87 is -197.912092703785
    Sweep 13/87 CPU time = 14.99s (Wall time = 0.961s)

    vN Entropy at center bond b=151 = 0.809440796371
    Eigs at center bond b=151: 0.6790 0.2778 0.0228 0.0093 0.0072 0.0029 
    Largest link dim during sweep 14/87 was 25
    Largest truncation error: 7.4466e-07
    Energy after sweep 14/87 is -197.912092725327
    Sweep 14/87 CPU time = 14.99s (Wall time = 0.959s)

    vN Entropy at center bond b=151 = 0.809289346509
    Eigs at center bond b=151: 0.6791 0.2778 0.0228 0.0093 0.0072 0.0028 
    Largest link dim during sweep 15/87 was 24
    Largest truncation error: 7.37993e-07
    Energy after sweep 15/87 is -197.911986832988
    Sweep 15/87 CPU time = 14.20s (Wall time = 0.910s)

    vN Entropy at center bond b=151 = 0.809298221291
    Eigs at center bond b=151: 0.6791 0.2778 0.0228 0.0093 0.0072 0.0028 
    Largest link dim during sweep 16/87 was 24
    Largest truncation error: 7.38677e-07
    Energy after sweep 16/87 is -197.911984939922
    Sweep 16/87 CPU time = 14.13s (Wall time = 0.906s)

    vN Entropy at center bond b=151 = 0.809300951223
    Eigs at center bond b=151: 0.6791 0.2778 0.0228 0.0093 0.0072 0.0028 
    Largest link dim during sweep 17/87 was 24
    Largest truncation error: 7.37351e-07
    Energy after sweep 17/87 is -197.911984890379
    Sweep 17/87 CPU time = 14.12s (Wall time = 0.904s)

    vN Entropy at center bond b=151 = 0.809301797486
    Eigs at center bond b=151: 0.6791 0.2778 0.0228 0.0093 0.0072 0.0028 
    Largest link dim during sweep 18/87 was 24
    Largest truncation error: 7.36793e-07
    Energy after sweep 18/87 is -197.911984892847
    Sweep 18/87 CPU time = 14.04s (Wall time = 0.898s)

    vN Entropy at center bond b=151 = 0.809302057882
    Eigs at center bond b=151: 0.6791 0.2778 0.0228 0.0093 0.0072 0.0028 
    Largest link dim during sweep 19/87 was 24
    Largest truncation error: 7.36796e-07
    Energy after sweep 19/87 is -197.911984895301
    Sweep 19/87 CPU time = 14.03s (Wall time = 0.901s)

    vN Entropy at center bond b=151 = 0.809302137431
    Eigs at center bond b=151: 0.6791 0.2778 0.0228 0.0093 0.0072 0.0028 
    Largest link dim during sweep 20/87 was 24
    Largest truncation error: 7.36797e-07
    Energy after sweep 20/87 is -197.911984896636
    Sweep 20/87 CPU time = 14.10s (Wall time = 0.906s)

    vN Entropy at center bond b=151 = 0.809302161698
    Eigs at center bond b=151: 0.6791 0.2778 0.0228 0.0093 0.0072 0.0028 
    Largest link dim during sweep 21/87 was 24
    Largest truncation error: 7.36798e-07
    Energy after sweep 21/87 is -197.911984897252
    Sweep 21/87 CPU time = 13.96s (Wall time = 0.896s)

    vN Entropy at center bond b=151 = 0.809302169139
    Eigs at center bond b=151: 0.6791 0.2778 0.0228 0.0093 0.0072 0.0028 
    Largest link dim during sweep 22/87 was 24
    Largest truncation error: 7.36798e-07
    Energy after sweep 22/87 is -197.911984897517
    Sweep 22/87 CPU time = 14.15s (Wall time = 0.907s)

    vN Entropy at center bond b=151 = 0.809302171447
    Eigs at center bond b=151: 0.6791 0.2778 0.0228 0.0093 0.0072 0.0028 
    Largest link dim during sweep 23/87 was 24
    Largest truncation error: 7.36798e-07
    Energy after sweep 23/87 is -197.911984897629
    Sweep 23/87 CPU time = 14.05s (Wall time = 0.902s)

    vN Entropy at center bond b=151 = 0.809302172175
    Eigs at center bond b=151: 0.6791 0.2778 0.0228 0.0093 0.0072 0.0028 
    Largest link dim during sweep 24/87 was 24
    Largest truncation error: 7.36798e-07
    Energy after sweep 24/87 is -197.911984897670
    Sweep 24/87 CPU time = 14.08s (Wall time = 0.900s)

    vN Entropy at center bond b=151 = 0.809302172410
    Eigs at center bond b=151: 0.6791 0.2778 0.0228 0.0093 0.0072 0.0028 
    Largest link dim during sweep 25/87 was 24
    Largest truncation error: 7.36798e-07
    Energy after sweep 25/87 is -197.911984897687
    Sweep 25/87 CPU time = 14.17s (Wall time = 0.910s)

    vN Entropy at center bond b=151 = 0.809302172488
    Eigs at center bond b=151: 0.6791 0.2778 0.0228 0.0093 0.0072 0.0028 
    Largest link dim during sweep 26/87 was 24
    Largest truncation error: 7.36798e-07
    Energy after sweep 26/87 is -197.911984897693
    Sweep 26/87 CPU time = 14.19s (Wall time = 0.909s)

    vN Entropy at center bond b=151 = 0.809302172514
    Eigs at center bond b=151: 0.6791 0.2778 0.0228 0.0093 0.0072 0.0028 
    Largest link dim during sweep 27/87 was 24
    Largest truncation error: 7.36798e-07
    Energy after sweep 27/87 is -197.911984897689
    Sweep 27/87 CPU time = 14.18s (Wall time = 0.908s)

    vN Entropy at center bond b=151 = 0.809302172522
    Eigs at center bond b=151: 0.6791 0.2778 0.0228 0.0093 0.0072 0.0028 
    Largest link dim during sweep 28/87 was 24
    Largest truncation error: 7.36798e-07
    Energy after sweep 28/87 is -197.911984897682
    Sweep 28/87 CPU time = 14.15s (Wall time = 0.908s)

    vN Entropy at center bond b=151 = 0.809302172521
    Eigs at center bond b=151: 0.6791 0.2778 0.0228 0.0093 0.0072 0.0028 
    Largest link dim during sweep 29/87 was 24
    Largest truncation error: 7.36798e-07
    Energy after sweep 29/87 is -197.911984897663
    Sweep 29/87 CPU time = 14.22s (Wall time = 0.908s)

    vN Entropy at center bond b=151 = 0.809302172512
    Eigs at center bond b=151: 0.6791 0.2778 0.0228 0.0093 0.0072 0.0028 
    Largest link dim during sweep 30/87 was 24
    Largest truncation error: 7.36798e-07
    Energy after sweep 30/87 is -197.911984897612
    Sweep 30/87 CPU time = 14.17s (Wall time = 0.906s)

    vN Entropy at center bond b=151 = 0.809302172489
    Eigs at center bond b=151: 0.6791 0.2778 0.0228 0.0093 0.0072 0.0028 
    Largest link dim during sweep 31/87 was 24
    Largest truncation error: 7.36798e-07
    Energy after sweep 31/87 is -197.911984897496
    Sweep 31/87 CPU time = 14.21s (Wall time = 0.908s)

    vN Entropy at center bond b=151 = 0.809302172432
    Eigs at center bond b=151: 0.6791 0.2778 0.0228 0.0093 0.0072 0.0028 
    Largest link dim during sweep 32/87 was 24
    Largest truncation error: 7.36798e-07
    Energy after sweep 32/87 is -197.911984897212
    Sweep 32/87 CPU time = 14.23s (Wall time = 0.911s)

    vN Entropy at center bond b=151 = 0.809302172296
    Eigs at center bond b=151: 0.6791 0.2778 0.0228 0.0093 0.0072 0.0028 
    Largest link dim during sweep 33/87 was 24
    Largest truncation error: 7.36798e-07
    Energy after sweep 33/87 is -197.911984896545
    Sweep 33/87 CPU time = 14.18s (Wall time = 0.910s)

    vN Entropy at center bond b=151 = 0.809302171975
    Eigs at center bond b=151: 0.6791 0.2778 0.0228 0.0093 0.0072 0.0028 
    Largest link dim during sweep 34/87 was 24
    Largest truncation error: 7.36798e-07
    Energy after sweep 34/87 is -197.911984894967
    Sweep 34/87 CPU time = 14.18s (Wall time = 0.909s)

    vN Entropy at center bond b=151 = 0.809302171215
    Eigs at center bond b=151: 0.6791 0.2778 0.0228 0.0093 0.0072 0.0028 
    Largest link dim during sweep 35/87 was 24
    Largest truncation error: 7.36798e-07
    Energy after sweep 35/87 is -197.911984891247
    Sweep 35/87 CPU time = 14.17s (Wall time = 0.906s)

    vN Entropy at center bond b=151 = 0.809302169415
    Eigs at center bond b=151: 0.6791 0.2778 0.0228 0.0093 0.0072 0.0028 
    Largest link dim during sweep 36/87 was 24
    Largest truncation error: 7.36798e-07
    Energy after sweep 36/87 is -197.911984882542
    Sweep 36/87 CPU time = 14.15s (Wall time = 0.909s)

    vN Entropy at center bond b=151 = 0.810016367040
    Eigs at center bond b=151: 0.6790 0.2777 0.0228 0.0093 0.0072 0.0029 
    Largest link dim during sweep 37/87 was 46
    Largest truncation error: 8.0772e-09
    Energy after sweep 37/87 is -197.912934089958
    Sweep 37/87 CPU time = 30.39s (Wall time = 1.949s)

    vN Entropy at center bond b=151 = 0.810083659807
    Eigs at center bond b=151: 0.6790 0.2777 0.0228 0.0093 0.0072 0.0029 
    Largest link dim during sweep 38/87 was 48
    Largest truncation error: 8.11829e-09
    Energy after sweep 38/87 is -197.912938392820
    Sweep 38/87 CPU time = 40.68s (Wall time = 2.614s)

    vN Entropy at center bond b=151 = 0.810107624595
    Eigs at center bond b=151: 0.6790 0.2777 0.0228 0.0093 0.0072 0.0029 
    Largest link dim during sweep 39/87 was 48
    Largest truncation error: 8.12186e-09
    Energy after sweep 39/87 is -197.912939661693
    Sweep 39/87 CPU time = 40.52s (Wall time = 2.603s)

    vN Entropy at center bond b=151 = 0.810118265210
    Eigs at center bond b=151: 0.6790 0.2777 0.0228 0.0093 0.0072 0.0029 
    Largest link dim during sweep 40/87 was 49
    Largest truncation error: 8.12257e-09
    Energy after sweep 40/87 is -197.912939736940
    Sweep 40/87 CPU time = 41.35s (Wall time = 2.675s)

    vN Entropy at center bond b=151 = 0.810123107670
    Eigs at center bond b=151: 0.6790 0.2777 0.0228 0.0093 0.0072 0.0029 
    Largest link dim during sweep 41/87 was 49
    Largest truncation error: 8.12274e-09
    Energy after sweep 41/87 is -197.912939729241
    Sweep 41/87 CPU time = 41.22s (Wall time = 2.648s)

    vN Entropy at center bond b=151 = 0.810125242000
    Eigs at center bond b=151: 0.6790 0.2777 0.0228 0.0093 0.0072 0.0029 
    Largest link dim during sweep 42/87 was 49
    Largest truncation error: 8.12279e-09
    Energy after sweep 42/87 is -197.912939726166
    Sweep 42/87 CPU time = 41.19s (Wall time = 2.646s)

    vN Entropy at center bond b=151 = 0.810126096826
    Eigs at center bond b=151: 0.6790 0.2777 0.0228 0.0093 0.0072 0.0029 
    Largest link dim during sweep 43/87 was 49
    Largest truncation error: 8.1228e-09
    Energy after sweep 43/87 is -197.912939235959
    Sweep 43/87 CPU time = 41.30s (Wall time = 2.651s)

    vN Entropy at center bond b=151 = 0.810127637860
    Eigs at center bond b=151: 0.6790 0.2777 0.0228 0.0093 0.0072 0.0029 
    Largest link dim during sweep 44/87 was 49
    Largest truncation error: 8.1228e-09
    Energy after sweep 44/87 is -197.912939216617
    Sweep 44/87 CPU time = 41.21s (Wall time = 2.647s)

    vN Entropy at center bond b=151 = 0.810128439984
    Eigs at center bond b=151: 0.6790 0.2777 0.0228 0.0093 0.0072 0.0029 
    Largest link dim during sweep 45/87 was 49
    Largest truncation error: 8.12277e-09
    Energy after sweep 45/87 is -197.912939213578
    Sweep 45/87 CPU time = 41.19s (Wall time = 2.646s)

    vN Entropy at center bond b=151 = 0.810128816185
    Eigs at center bond b=151: 0.6790 0.2777 0.0228 0.0093 0.0072 0.0029 
    Largest link dim during sweep 46/87 was 49
    Largest truncation error: 8.12275e-09
    Energy after sweep 46/87 is -197.912939219818
    Sweep 46/87 CPU time = 41.25s (Wall time = 2.648s)

    vN Entropy at center bond b=151 = 0.810128984758
    Eigs at center bond b=151: 0.6790 0.2777 0.0228 0.0093 0.0072 0.0029 
    Largest link dim during sweep 47/87 was 49
    Largest truncation error: 8.1228e-09
    Energy after sweep 47/87 is -197.912939219222
    Sweep 47/87 CPU time = 41.44s (Wall time = 2.678s)

    vN Entropy at center bond b=151 = 0.810129058475
    Eigs at center bond b=151: 0.6790 0.2777 0.0228 0.0093 0.0072 0.0029 
    Largest link dim during sweep 48/87 was 49
    Largest truncation error: 8.12283e-09
    Energy after sweep 48/87 is -197.912939218988
    Sweep 48/87 CPU time = 41.18s (Wall time = 2.644s)

    vN Entropy at center bond b=151 = 0.810129090279
    Eigs at center bond b=151: 0.6790 0.2777 0.0228 0.0093 0.0072 0.0029 
    Largest link dim during sweep 49/87 was 49
    Largest truncation error: 8.12283e-09
    Energy after sweep 49/87 is -197.912939218902
    Sweep 49/87 CPU time = 41.18s (Wall time = 2.636s)

    vN Entropy at center bond b=151 = 0.810129103898
    Eigs at center bond b=151: 0.6790 0.2777 0.0228 0.0093 0.0072 0.0029 
    Largest link dim during sweep 50/87 was 49
    Largest truncation error: 8.12283e-09
    Energy after sweep 50/87 is -197.912939218864
    Sweep 50/87 CPU time = 40.64s (Wall time = 2.606s)

    vN Entropy at center bond b=151 = 0.810129109706
    Eigs at center bond b=151: 0.6790 0.2777 0.0228 0.0093 0.0072 0.0029 
    Largest link dim during sweep 51/87 was 49
    Largest truncation error: 8.12283e-09
    Energy after sweep 51/87 is -197.912939218847
    Sweep 51/87 CPU time = 40.60s (Wall time = 2.608s)

    vN Entropy at center bond b=151 = 0.810129112178
    Eigs at center bond b=151: 0.6790 0.2777 0.0228 0.0093 0.0072 0.0029 
    Largest link dim during sweep 52/87 was 49
    Largest truncation error: 8.12283e-09
    Energy after sweep 52/87 is -197.912939218842
    Sweep 52/87 CPU time = 40.52s (Wall time = 2.605s)

    vN Entropy at center bond b=151 = 0.810129113229
    Eigs at center bond b=151: 0.6790 0.2777 0.0228 0.0093 0.0072 0.0029 
    Largest link dim during sweep 53/87 was 49
    Largest truncation error: 8.12283e-09
    Energy after sweep 53/87 is -197.912939218840
    Sweep 53/87 CPU time = 40.57s (Wall time = 2.604s)

    vN Entropy at center bond b=151 = 0.810129113675
    Eigs at center bond b=151: 0.6790 0.2777 0.0228 0.0093 0.0072 0.0029 
    Largest link dim during sweep 54/87 was 49
    Largest truncation error: 8.12283e-09
    Energy after sweep 54/87 is -197.912939218836
    Sweep 54/87 CPU time = 40.64s (Wall time = 2.620s)

    vN Entropy at center bond b=151 = 0.810129113865
    Eigs at center bond b=151: 0.6790 0.2777 0.0228 0.0093 0.0072 0.0029 
    Largest link dim during sweep 55/87 was 49
    Largest truncation error: 8.12283e-09
    Energy after sweep 55/87 is -197.912939218838
    Sweep 55/87 CPU time = 40.58s (Wall time = 2.604s)

    vN Entropy at center bond b=151 = 0.810129113945
    Eigs at center bond b=151: 0.6790 0.2777 0.0228 0.0093 0.0072 0.0029 
    Largest link dim during sweep 56/87 was 49
    Largest truncation error: 8.12283e-09
    Energy after sweep 56/87 is -197.912939218836
    Sweep 56/87 CPU time = 40.60s (Wall time = 2.604s)

    vN Entropy at center bond b=151 = 0.810129113979
    Eigs at center bond b=151: 0.6790 0.2777 0.0228 0.0093 0.0072 0.0029 
    Largest link dim during sweep 57/87 was 49
    Largest truncation error: 8.12283e-09
    Energy after sweep 57/87 is -197.912939218793
    Sweep 57/87 CPU time = 40.63s (Wall time = 2.607s)

    vN Entropy at center bond b=151 = 0.810129113994
    Eigs at center bond b=151: 0.6790 0.2777 0.0228 0.0093 0.0072 0.0029 
    Largest link dim during sweep 58/87 was 49
    Largest truncation error: 8.12283e-09
    Energy after sweep 58/87 is -197.912939218112
    Sweep 58/87 CPU time = 40.71s (Wall time = 2.610s)

    vN Entropy at center bond b=151 = 0.810169149611
    Eigs at center bond b=151: 0.6790 0.2777 0.0228 0.0093 0.0072 0.0029 
    Largest link dim during sweep 59/87 was 88
    Largest truncation error: 7.7064e-11
    Energy after sweep 59/87 is -197.912950955936
    Sweep 59/87 CPU time = 1m, 46.9s (Wall time = 6.899s)

    vN Entropy at center bond b=151 = 0.810194957073
    Eigs at center bond b=151: 0.6790 0.2777 0.0228 0.0093 0.0072 0.0029 
    Largest link dim during sweep 60/87 was 91
    Largest truncation error: 7.70695e-11
    Energy after sweep 60/87 is -197.912951100509
    Sweep 60/87 CPU time = 2m, 38.9s (Wall time = 10.26s)

    vN Entropy at center bond b=151 = 0.810200441790
    Eigs at center bond b=151: 0.6790 0.2777 0.0228 0.0093 0.0072 0.0029 
    Largest link dim during sweep 61/87 was 92
    Largest truncation error: 7.70698e-11
    Energy after sweep 61/87 is -197.912951109120
    Sweep 61/87 CPU time = 2m, 25.6s (Wall time = 9.353s)

    vN Entropy at center bond b=151 = 0.810202024333
    Eigs at center bond b=151: 0.6790 0.2777 0.0228 0.0093 0.0072 0.0029 
    Largest link dim during sweep 62/87 was 92
    Largest truncation error: 7.70699e-11
    Energy after sweep 62/87 is -197.912951110587
    Sweep 62/87 CPU time = 2m, 27.6s (Wall time = 9.474s)

    vN Entropy at center bond b=151 = 0.810202682258
    Eigs at center bond b=151: 0.6790 0.2777 0.0228 0.0093 0.0072 0.0029 
    Largest link dim during sweep 63/87 was 92
    Largest truncation error: 7.70698e-11
    Energy after sweep 63/87 is -197.912951111035
    Sweep 63/87 CPU time = 2m, 30.8s (Wall time = 9.690s)

    vN Entropy at center bond b=151 = 0.810202977078
    Eigs at center bond b=151: 0.6790 0.2777 0.0228 0.0093 0.0072 0.0029 
    Largest link dim during sweep 64/87 was 92
    Largest truncation error: 7.707e-11
    Energy after sweep 64/87 is -197.912951111240
    Sweep 64/87 CPU time = 2m, 33.5s (Wall time = 9.862s)

    vN Entropy at center bond b=151 = 0.810203110957
    Eigs at center bond b=151: 0.6790 0.2777 0.0228 0.0093 0.0072 0.0029 
    Largest link dim during sweep 65/87 was 92
    Largest truncation error: 7.70698e-11
    Energy after sweep 65/87 is -197.912951111386
    Sweep 65/87 CPU time = 2m, 34.4s (Wall time = 9.911s)

    vN Entropy at center bond b=151 = 0.810203173920
    Eigs at center bond b=151: 0.6790 0.2777 0.0228 0.0093 0.0072 0.0029 
    Largest link dim during sweep 66/87 was 92
    Largest truncation error: 7.70699e-11
    Energy after sweep 66/87 is -197.912951111399
    Sweep 66/87 CPU time = 2m, 33.9s (Wall time = 9.882s)

    vN Entropy at center bond b=151 = 0.810203204601
    Eigs at center bond b=151: 0.6790 0.2777 0.0228 0.0093 0.0072 0.0029 
    Largest link dim during sweep 67/87 was 92
    Largest truncation error: 7.70699e-11
    Energy after sweep 67/87 is -197.912951111404
    Sweep 67/87 CPU time = 2m, 34.4s (Wall time = 9.983s)

    vN Entropy at center bond b=151 = 0.810203220002
    Eigs at center bond b=151: 0.6790 0.2777 0.0228 0.0093 0.0072 0.0029 
    Largest link dim during sweep 68/87 was 92
    Largest truncation error: 7.70698e-11
    Energy after sweep 68/87 is -197.912951111407
    Sweep 68/87 CPU time = 2m, 30.7s (Wall time = 9.692s)

    vN Entropy at center bond b=151 = 0.810203227905
    Eigs at center bond b=151: 0.6790 0.2777 0.0228 0.0093 0.0072 0.0029 
    Largest link dim during sweep 69/87 was 92
    Largest truncation error: 7.70699e-11
    Energy after sweep 69/87 is -197.912951111406
    Sweep 69/87 CPU time = 2m, 28.9s (Wall time = 9.566s)

    vN Entropy at center bond b=151 = 0.810203232024
    Eigs at center bond b=151: 0.6790 0.2777 0.0228 0.0093 0.0072 0.0029 
    Largest link dim during sweep 70/87 was 92
    Largest truncation error: 7.707e-11
    Energy after sweep 70/87 is -197.912951111406
    Sweep 70/87 CPU time = 2m, 28.3s (Wall time = 9.528s)

    vN Entropy at center bond b=151 = 0.810203234192
    Eigs at center bond b=151: 0.6790 0.2777 0.0228 0.0093 0.0072 0.0029 
    Largest link dim during sweep 71/87 was 92
    Largest truncation error: 7.70698e-11
    Energy after sweep 71/87 is -197.912951111408
    Sweep 71/87 CPU time = 2m, 28.4s (Wall time = 9.534s)

    vN Entropy at center bond b=151 = 0.810203235342
    Eigs at center bond b=151: 0.6790 0.2777 0.0228 0.0093 0.0072 0.0029 
    Largest link dim during sweep 72/87 was 92
    Largest truncation error: 7.70699e-11
    Energy after sweep 72/87 is -197.912951111409
    Sweep 72/87 CPU time = 2m, 28.2s (Wall time = 9.508s)

    vN Entropy at center bond b=151 = 0.810203235954
    Eigs at center bond b=151: 0.6790 0.2777 0.0228 0.0093 0.0072 0.0029 
    Largest link dim during sweep 73/87 was 92
    Largest truncation error: 7.707e-11
    Energy after sweep 73/87 is -197.912951111408
    Sweep 73/87 CPU time = 2m, 28.1s (Wall time = 9.513s)

    vN Entropy at center bond b=151 = 0.810203236281
    Eigs at center bond b=151: 0.6790 0.2777 0.0228 0.0093 0.0072 0.0029 
    Largest link dim during sweep 74/87 was 92
    Largest truncation error: 7.707e-11
    Energy after sweep 74/87 is -197.912951111410
    Sweep 74/87 CPU time = 2m, 28.3s (Wall time = 9.594s)

    vN Entropy at center bond b=151 = 0.810204570514
    Eigs at center bond b=151: 0.6790 0.2777 0.0228 0.0093 0.0072 0.0029 
    Largest link dim during sweep 75/87 was 156
    Largest truncation error: 7.85451e-13
    Energy after sweep 75/87 is -197.912951241221
    Sweep 75/87 CPU time = 4m, 40.2s (Wall time = 18.80s)

    vN Entropy at center bond b=151 = 0.810205469382
    Eigs at center bond b=151: 0.6790 0.2777 0.0228 0.0093 0.0072 0.0029 
    Largest link dim during sweep 76/87 was 161
    Largest truncation error: 7.85147e-13
    Energy after sweep 76/87 is -197.912951243038
    Sweep 76/87 CPU time = 6m, 57.3s (Wall time = 28.81s)

    vN Entropy at center bond b=151 = 0.810205853380
    Eigs at center bond b=151: 0.6790 0.2777 0.0228 0.0093 0.0072 0.0029 
    Largest link dim during sweep 77/87 was 160
    Largest truncation error: 7.8532e-13
    Energy after sweep 77/87 is -197.912951243256
    Sweep 77/87 CPU time = 6m, 34.3s (Wall time = 26.37s)

    vN Entropy at center bond b=151 = 0.810206029844
    Eigs at center bond b=151: 0.6790 0.2777 0.0228 0.0093 0.0072 0.0029 
    Largest link dim during sweep 78/87 was 159
    Largest truncation error: 7.85362e-13
    Energy after sweep 78/87 is -197.912951243309
    Sweep 78/87 CPU time = 6m, 12.2s (Wall time = 24.91s)

    vN Entropy at center bond b=151 = 0.810206117337
    Eigs at center bond b=151: 0.6790 0.2777 0.0228 0.0093 0.0072 0.0029 
    Largest link dim during sweep 79/87 was 159
    Largest truncation error: 7.85413e-13
    Energy after sweep 79/87 is -197.912951243330
    Sweep 79/87 CPU time = 6m, 7.9s (Wall time = 24.57s)

    vN Entropy at center bond b=151 = 0.810206161666
    Eigs at center bond b=151: 0.6790 0.2777 0.0228 0.0093 0.0072 0.0029 
    Largest link dim during sweep 80/87 was 159
    Largest truncation error: 7.85159e-13
    Energy after sweep 80/87 is -197.912951243338
    Sweep 80/87 CPU time = 6m, 53.8s (Wall time = 27.79s)

    vN Entropy at center bond b=151 = 0.810206184335
    Eigs at center bond b=151: 0.6790 0.2777 0.0228 0.0093 0.0072 0.0029 
    Largest link dim during sweep 81/87 was 159
    Largest truncation error: 7.85273e-13
    Energy after sweep 81/87 is -197.912951243337
    Sweep 81/87 CPU time = 6m, 25.8s (Wall time = 25.20s)

    vN Entropy at center bond b=151 = 0.810206196161
    Eigs at center bond b=151: 0.6790 0.2777 0.0228 0.0093 0.0072 0.0029 
    Largest link dim during sweep 82/87 was 159
    Largest truncation error: 7.85274e-13
    Energy after sweep 82/87 is -197.912951243338
    Sweep 82/87 CPU time = 5m, 58.3s (Wall time = 23.46s)

    vN Entropy at center bond b=151 = 0.810206269086
    Eigs at center bond b=151: 0.6790 0.2777 0.0228 0.0093 0.0072 0.0029 
    Largest link dim during sweep 83/87 was 143
    Largest truncation error: 7.49182e-13
    Energy after sweep 83/87 is -197.912951242763
    Sweep 83/87 CPU time = 4m, 20.5s (Wall time = 16.89s)

    vN Entropy at center bond b=151 = 0.810206286722
    Eigs at center bond b=151: 0.6790 0.2777 0.0228 0.0093 0.0072 0.0029 
    Largest link dim during sweep 84/87 was 237
    Largest truncation error: 7.37826e-15
    Energy after sweep 84/87 is -197.912951244881
    Sweep 84/87 CPU time = 11m, 48s (Wall time = 48.45s)

    vN Entropy at center bond b=151 = 0.810206303636
    Eigs at center bond b=151: 0.6790 0.2777 0.0228 0.0093 0.0072 0.0029 
    Largest link dim during sweep 85/87 was 248
    Largest truncation error: 7.40782e-15
    Energy after sweep 85/87 is -197.912951244923
    Sweep 85/87 CPU time = 18m, 21s (Wall time = 1m, 13.9s)

    vN Entropy at center bond b=151 = 0.810206309667
    Eigs at center bond b=151: 0.6790 0.2777 0.0228 0.0093 0.0072 0.0029 
    Largest link dim during sweep 86/87 was 246
    Largest truncation error: 7.37998e-15
    Energy after sweep 86/87 is -197.912951244933
    Sweep 86/87 CPU time = 17m, 29s (Wall time = 1m, 7.8s)

    vN Entropy at center bond b=151 = 0.810206312229
    Eigs at center bond b=151: 0.6790 0.2777 0.0228 0.0093 0.0072 0.0029 
    Largest link dim during sweep 87/87 was 244
    Largest truncation error: 7.37919e-15
    Energy after sweep 87/87 is -197.912951244931
    Sweep 87/87 CPU time = 14m, 57s (Wall time = 57.79s)
Initial energy = 15.15000

Ground State Energy = -197.9129512449
run_outputs/outputpsi/N_303_sweep_87_t_0.030000_J_1.000000_V_0.600000_D_0.018000_U_0.020000_mu_0.100000_E_0.000000 converge
Wall-clock time (s) = 2942.243654
