//////////////////////////
Reading input file ......

Got input.N = 303
Got input.t = 0.03
Got input.J = 1
Got input.V = 0.6
Got input.D = 0.018
Got input.U = 1.2
Got input.mu = 0
Got input.E = 0.2
Got input.nsweeps = 87
Sweeps:
1  MaxDim=20, MinDim=20, Cutoff=1.0E-06, Niter=8, Noise=1.0E-05
2  MaxDim=20, MinDim=20, Cutoff=1.0E-06, Niter=8, Noise=1.0E-05
3  MaxDim=20, MinDim=20, Cutoff=1.0E-06, Niter=8, Noise=1.0E-05
4  MaxDim=20, MinDim=20, Cutoff=1.0E-06, Niter=8, Noise=1.0E-05
5  MaxDim=20, MinDim=20, Cutoff=1.0E-06, Niter=8, Noise=1.0E-05
6  MaxDim=20, MinDim=20, Cutoff=1.0E-06, Niter=8, Noise=1.0E-05
7  MaxDim=20, MinDim=20, Cutoff=1.0E-06, Niter=8, Noise=1.0E-05
8  MaxDim=40, MinDim=20, Cutoff=1.0E-06, Niter=4, Noise=1.0E-05
9  MaxDim=40, MinDim=20, Cutoff=1.0E-06, Niter=4, Noise=1.0E-05
10  MaxDim=40, MinDim=20, Cutoff=1.0E-06, Niter=4, Noise=1.0E-05
11  MaxDim=40, MinDim=20, Cutoff=1.0E-06, Niter=4, Noise=1.0E-05
12  MaxDim=40, MinDim=20, Cutoff=1.0E-06, Niter=4, Noise=1.0E-05
13  MaxDim=40, MinDim=20, Cutoff=1.0E-06, Niter=4, Noise=1.0E-05
14  MaxDim=40, MinDim=20, Cutoff=1.0E-06, Niter=4, Noise=1.0E-05
15  MaxDim=80, MinDim=10, Cutoff=1.0E-06, Niter=4, Noise=1.0E-05
16  MaxDim=80, MinDim=10, Cutoff=1.0E-06, Niter=4, Noise=1.0E-05
17  MaxDim=80, MinDim=10, Cutoff=1.0E-06, Niter=4, Noise=1.0E-05
18  MaxDim=80, MinDim=10, Cutoff=1.0E-06, Niter=4, Noise=1.0E-05
19  MaxDim=80, MinDim=10, Cutoff=1.0E-06, Niter=4, Noise=1.0E-05
20  MaxDim=80, MinDim=10, Cutoff=1.0E-06, Niter=4, Noise=1.0E-05
21  MaxDim=80, MinDim=10, Cutoff=1.0E-06, Niter=4, Noise=1.0E-05
22  MaxDim=80, MinDim=10, Cutoff=1.0E-06, Niter=4, Noise=1.0E-05
23  MaxDim=80, MinDim=10, Cutoff=1.0E-06, Niter=4, Noise=1.0E-05
24  MaxDim=80, MinDim=10, Cutoff=1.0E-06, Niter=4, Noise=1.0E-05
25  MaxDim=80, MinDim=10, Cutoff=1.0E-06, Niter=4, Noise=1.0E-05
26  MaxDim=80, MinDim=10, Cutoff=1.0E-06, Niter=4, Noise=1.0E-05
27  MaxDim=80, MinDim=10, Cutoff=1.0E-06, Niter=4, Noise=1.0E-05
28  MaxDim=80, MinDim=10, Cutoff=1.0E-06, Niter=4, Noise=1.0E-05
29  MaxDim=80, MinDim=10, Cutoff=1.0E-06, Niter=4, Noise=1.0E-05
30  MaxDim=80, MinDim=10, Cutoff=1.0E-06, Niter=4, Noise=1.0E-05
31  MaxDim=80, MinDim=10, Cutoff=1.0E-06, Niter=4, Noise=1.0E-05
32  MaxDim=80, MinDim=10, Cutoff=1.0E-06, Niter=4, Noise=1.0E-05
33  MaxDim=80, MinDim=10, Cutoff=1.0E-06, Niter=4, Noise=1.0E-05
34  MaxDim=80, MinDim=10, Cutoff=1.0E-06, Niter=4, Noise=1.0E-05
35  MaxDim=80, MinDim=10, Cutoff=1.0E-06, Niter=4, Noise=1.0E-05
36  MaxDim=80, MinDim=10, Cutoff=1.0E-06, Niter=4, Noise=1.0E-05
37  MaxDim=160, MinDim=10, Cutoff=1.0E-08, Niter=4, Noise=1.0E-06
38  MaxDim=160, MinDim=10, Cutoff=1.0E-08, Niter=4, Noise=1.0E-06
39  MaxDim=160, MinDim=10, Cutoff=1.0E-08, Niter=4, Noise=1.0E-06
40  MaxDim=160, MinDim=10, Cutoff=1.0E-08, Niter=4, Noise=1.0E-06
41  MaxDim=160, MinDim=10, Cutoff=1.0E-08, Niter=4, Noise=1.0E-06
42  MaxDim=160, MinDim=10, Cutoff=1.0E-08, Niter=4, Noise=1.0E-06
43  MaxDim=160, MinDim=10, Cutoff=1.0E-08, Niter=4, Noise=1.0E-06
44  MaxDim=160, MinDim=10, Cutoff=1.0E-08, Niter=4, Noise=1.0E-06
45  MaxDim=160, MinDim=10, Cutoff=1.0E-08, Niter=4, Noise=1.0E-06
46  MaxDim=160, MinDim=10, Cutoff=1.0E-08, Niter=4, Noise=1.0E-06
47  MaxDim=160, MinDim=10, Cutoff=1.0E-08, Niter=4, Noise=1.0E-06
48  MaxDim=160, MinDim=10, Cutoff=1.0E-08, Niter=4, Noise=1.0E-06
49  MaxDim=160, MinDim=10, Cutoff=1.0E-08, Niter=4, Noise=1.0E-06
50  MaxDim=160, MinDim=10, Cutoff=1.0E-08, Niter=4, Noise=1.0E-06
51  MaxDim=160, MinDim=10, Cutoff=1.0E-08, Niter=4, Noise=1.0E-06
52  MaxDim=160, MinDim=10, Cutoff=1.0E-08, Niter=4, Noise=1.0E-06
53  MaxDim=160, MinDim=10, Cutoff=1.0E-08, Niter=4, Noise=1.0E-06
54  MaxDim=160, MinDim=10, Cutoff=1.0E-08, Niter=4, Noise=1.0E-06
55  MaxDim=160, MinDim=10, Cutoff=1.0E-08, Niter=4, Noise=1.0E-06
56  MaxDim=160, MinDim=10, Cutoff=1.0E-08, Niter=4, Noise=1.0E-06
57  MaxDim=160, MinDim=10, Cutoff=1.0E-08, Niter=4, Noise=1.0E-06
58  MaxDim=160, MinDim=10, Cutoff=1.0E-08, Niter=4, Noise=1.0E-06
59  MaxDim=320, MinDim=10, Cutoff=1.0E-10, Niter=4, Noise=1.0E-07
60  MaxDim=320, MinDim=10, Cutoff=1.0E-10, Niter=4, Noise=1.0E-07
61  MaxDim=320, MinDim=10, Cutoff=1.0E-10, Niter=4, Noise=1.0E-07
62  MaxDim=320, MinDim=10, Cutoff=1.0E-10, Niter=4, Noise=1.0E-07
63  MaxDim=320, MinDim=10, Cutoff=1.0E-10, Niter=4, Noise=1.0E-07
64  MaxDim=320, MinDim=10, Cutoff=1.0E-10, Niter=4, Noise=1.0E-07
65  MaxDim=320, MinDim=10, Cutoff=1.0E-10, Niter=4, Noise=1.0E-07
66  MaxDim=320, MinDim=10, Cutoff=1.0E-10, Niter=4, Noise=1.0E-07
67  MaxDim=320, MinDim=10, Cutoff=1.0E-10, Niter=4, Noise=1.0E-07
68  MaxDim=320, MinDim=10, Cutoff=1.0E-10, Niter=4, Noise=1.0E-07
69  MaxDim=320, MinDim=10, Cutoff=1.0E-10, Niter=4, Noise=1.0E-07
70  MaxDim=320, MinDim=10, Cutoff=1.0E-10, Niter=4, Noise=1.0E-07
71  MaxDim=320, MinDim=10, Cutoff=1.0E-10, Niter=4, Noise=1.0E-07
72  MaxDim=320, MinDim=10, Cutoff=1.0E-10, Niter=4, Noise=1.0E-07
73  MaxDim=320, MinDim=10, Cutoff=1.0E-10, Niter=4, Noise=1.0E-07
74  MaxDim=320, MinDim=10, Cutoff=1.0E-10, Niter=4, Noise=1.0E-07
75  MaxDim=640, MinDim=10, Cutoff=1.0E-12, Niter=2, Noise=1.0E-08
76  MaxDim=640, MinDim=10, Cutoff=1.0E-12, Niter=2, Noise=1.0E-08
77  MaxDim=640, MinDim=10, Cutoff=1.0E-12, Niter=2, Noise=1.0E-08
78  MaxDim=640, MinDim=10, Cutoff=1.0E-12, Niter=2, Noise=1.0E-08
79  MaxDim=640, MinDim=10, Cutoff=1.0E-12, Niter=2, Noise=1.0E-08
80  MaxDim=640, MinDim=10, Cutoff=1.0E-12, Niter=2, Noise=1.0E-08
81  MaxDim=640, MinDim=10, Cutoff=1.0E-12, Niter=2, Noise=1.0E-08
82  MaxDim=640, MinDim=10, Cutoff=1.0E-12, Niter=2, Noise=1.0E-08
83  MaxDim=1280, MinDim=10, Cutoff=1.0E-12, Niter=2, Noise=0.0E+00
84  MaxDim=1280, MinDim=10, Cutoff=1.0E-14, Niter=2, Noise=0.0E+00
85  MaxDim=1280, MinDim=10, Cutoff=1.0E-14, Niter=2, Noise=0.0E+00
86  MaxDim=1280, MinDim=10, Cutoff=1.0E-14, Niter=2, Noise=0.0E+00
87  MaxDim=1280, MinDim=10, Cutoff=1.0E-14, Niter=2, Noise=0.0E+00


    vN Entropy at center bond b=151 = 0.656304848041
    Eigs at center bond b=151: 0.7843 0.1795 0.0254 0.0048 0.0036 0.0012 
    Largest link dim during sweep 1/87 was 20
    Largest truncation error: 1.94046e-05
    Energy after sweep 1/87 is -157.024572388560
    Sweep 1/87 CPU time = 18.29s (Wall time = 1.187s)

    vN Entropy at center bond b=151 = 0.806110659110
    Eigs at center bond b=151: 0.7279 0.2081 0.0426 0.0100 0.0059 0.0020 0.0014 0.0011 
    Largest link dim during sweep 2/87 was 20
    Largest truncation error: 9.60184e-06
    Energy after sweep 2/87 is -157.062920821435
    Sweep 2/87 CPU time = 25.37s (Wall time = 1.630s)

    vN Entropy at center bond b=151 = 0.820771442223
    Eigs at center bond b=151: 0.7228 0.2100 0.0444 0.0107 0.0062 0.0021 0.0015 0.0012 
    Largest link dim during sweep 3/87 was 20
    Largest truncation error: 1.24959e-05
    Energy after sweep 3/87 is -157.063959432609
    Sweep 3/87 CPU time = 25.52s (Wall time = 1.633s)

    vN Entropy at center bond b=151 = 0.822660751297
    Eigs at center bond b=151: 0.7222 0.2101 0.0447 0.0108 0.0063 0.0021 0.0015 0.0012 
    Largest link dim during sweep 4/87 was 20
    Largest truncation error: 1.34204e-05
    Energy after sweep 4/87 is -157.064085684341
    Sweep 4/87 CPU time = 25.41s (Wall time = 1.629s)

    vN Entropy at center bond b=151 = 0.823037414361
    Eigs at center bond b=151: 0.7221 0.2101 0.0448 0.0108 0.0063 0.0021 0.0015 0.0012 
    Largest link dim during sweep 5/87 was 20
    Largest truncation error: 1.34941e-05
    Energy after sweep 5/87 is -157.064124075893
    Sweep 5/87 CPU time = 25.41s (Wall time = 1.628s)

    vN Entropy at center bond b=151 = 0.823146531130
    Eigs at center bond b=151: 0.7221 0.2101 0.0448 0.0108 0.0063 0.0021 0.0015 0.0012 
    Largest link dim during sweep 6/87 was 20
    Largest truncation error: 1.35315e-05
    Energy after sweep 6/87 is -157.064140811572
    Sweep 6/87 CPU time = 25.41s (Wall time = 1.633s)

    vN Entropy at center bond b=151 = 0.823187406440
    Eigs at center bond b=151: 0.7221 0.2101 0.0448 0.0108 0.0063 0.0021 0.0015 0.0012 
    Largest link dim during sweep 7/87 was 20
    Largest truncation error: 1.35836e-05
    Energy after sweep 7/87 is -157.064149976064
    Sweep 7/87 CPU time = 25.46s (Wall time = 1.631s)

    vN Entropy at center bond b=151 = 0.870829228510
    Eigs at center bond b=151: 0.7076 0.2130 0.0513 0.0130 0.0076 0.0023 0.0020 0.0016 
    Largest link dim during sweep 8/87 was 39
    Largest truncation error: 7.67111e-07
    Energy after sweep 8/87 is -157.086075010760
    Sweep 8/87 CPU time = 23.77s (Wall time = 1.529s)

    vN Entropy at center bond b=151 = 0.931163343718
    Eigs at center bond b=151: 0.6893 0.2152 0.0602 0.0161 0.0093 0.0027 0.0026 0.0020 
    Largest link dim during sweep 9/87 was 40
    Largest truncation error: 1.31521e-06
    Energy after sweep 9/87 is -157.089289454414
    Sweep 9/87 CPU time = 36.87s (Wall time = 2.379s)

    vN Entropy at center bond b=151 = 0.963598725077
    Eigs at center bond b=151: 0.6799 0.2144 0.0664 0.0182 0.0100 0.0030 0.0029 0.0022 
    Largest link dim during sweep 10/87 was 40
    Largest truncation error: 1.68785e-06
    Energy after sweep 10/87 is -157.089604477510
    Sweep 10/87 CPU time = 38.36s (Wall time = 2.471s)

    vN Entropy at center bond b=151 = 0.975969675155
    Eigs at center bond b=151: 0.6765 0.2132 0.0696 0.0191 0.0101 0.0031 0.0030 0.0022 
    Largest link dim during sweep 11/87 was 40
    Largest truncation error: 1.79785e-06
    Energy after sweep 11/87 is -157.089660845817
    Sweep 11/87 CPU time = 38.11s (Wall time = 2.453s)

    vN Entropy at center bond b=151 = 0.981315229758
    Eigs at center bond b=151: 0.6751 0.2124 0.0712 0.0196 0.0100 0.0032 0.0030 0.0022 
    Largest link dim during sweep 12/87 was 40
    Largest truncation error: 1.843e-06
    Energy after sweep 12/87 is -157.089673693943
    Sweep 12/87 CPU time = 38.18s (Wall time = 2.448s)

    vN Entropy at center bond b=151 = 0.984029913307
    Eigs at center bond b=151: 0.6743 0.2119 0.0722 0.0199 0.0100 0.0033 0.0030 0.0022 
    Largest link dim during sweep 13/87 was 40
    Largest truncation error: 1.86482e-06
    Energy after sweep 13/87 is -157.089678363882
    Sweep 13/87 CPU time = 38.27s (Wall time = 2.464s)

    vN Entropy at center bond b=151 = 0.985537855039
    Eigs at center bond b=151: 0.6739 0.2116 0.0727 0.0200 0.0099 0.0033 0.0030 0.0022 
    Largest link dim during sweep 14/87 was 40
    Largest truncation error: 1.8765e-06
    Energy after sweep 14/87 is -157.089680158794
    Sweep 14/87 CPU time = 38.06s (Wall time = 2.445s)

    vN Entropy at center bond b=151 = 1.002965428539
    Eigs at center bond b=151: 0.6688 0.2111 0.0760 0.0212 0.0103 0.0036 0.0032 0.0022 0.0011 
    Largest link dim during sweep 15/87 was 51
    Largest truncation error: 7.71454e-07
    Energy after sweep 15/87 is -157.091388796688
    Sweep 15/87 CPU time = 47.10s (Wall time = 3.023s)

    vN Entropy at center bond b=151 = 1.033627818516
    Eigs at center bond b=151: 0.6597 0.2092 0.0829 0.0235 0.0107 0.0041 0.0034 0.0023 0.0012 
    Largest link dim during sweep 16/87 was 54
    Largest truncation error: 7.74324e-07
    Energy after sweep 16/87 is -157.091847669613
    Sweep 16/87 CPU time = 53.81s (Wall time = 3.468s)

    vN Entropy at center bond b=151 = 1.060911639464
    Eigs at center bond b=151: 0.6514 0.2066 0.0900 0.0258 0.0108 0.0045 0.0035 0.0023 0.0013 
    Largest link dim during sweep 17/87 was 56
    Largest truncation error: 7.54687e-07
    Energy after sweep 17/87 is -157.092125462707
    Sweep 17/87 CPU time = 56.88s (Wall time = 3.677s)

    vN Entropy at center bond b=151 = 1.085441301723
    Eigs at center bond b=151: 0.6436 0.2040 0.0971 0.0282 0.0109 0.0050 0.0036 0.0023 0.0015 
    Largest link dim during sweep 18/87 was 58
    Largest truncation error: 7.58089e-07
    Energy after sweep 18/87 is -157.092316979589
    Sweep 18/87 CPU time = 59.05s (Wall time = 3.791s)

    vN Entropy at center bond b=151 = 1.108725971993
    Eigs at center bond b=151: 0.6358 0.2013 0.1042 0.0305 0.0110 0.0053 0.0036 0.0023 0.0016 0.0010 
    Largest link dim during sweep 19/87 was 59
    Largest truncation error: 7.61496e-07
    Energy after sweep 19/87 is -157.092474704347
    Sweep 19/87 CPU time = 1m, 0.7s (Wall time = 3.902s)

    vN Entropy at center bond b=151 = 1.131275246117
    Eigs at center bond b=151: 0.6278 0.1987 0.1114 0.0330 0.0110 0.0056 0.0037 0.0023 0.0018 0.0011 
    Largest link dim during sweep 20/87 was 60
    Largest truncation error: 7.65488e-07
    Energy after sweep 20/87 is -157.092618187602
    Sweep 20/87 CPU time = 1m, 2.6s (Wall time = 4.015s)

    vN Entropy at center bond b=151 = 1.153340787061
    Eigs at center bond b=151: 0.6195 0.1963 0.1186 0.0355 0.0111 0.0059 0.0038 0.0022 0.0019 0.0012 
    Largest link dim during sweep 21/87 was 61
    Largest truncation error: 7.69321e-07
    Energy after sweep 21/87 is -157.092746073889
    Sweep 21/87 CPU time = 1m, 4.0s (Wall time = 4.103s)

    vN Entropy at center bond b=151 = 1.174866087227
    Eigs at center bond b=151: 0.6110 0.1941 0.1258 0.0382 0.0112 0.0061 0.0039 0.0022 0.0021 0.0012 
    Largest link dim during sweep 22/87 was 62
    Largest truncation error: 7.30066e-07
    Energy after sweep 22/87 is -157.092870917885
    Sweep 22/87 CPU time = 1m, 5.1s (Wall time = 4.229s)

    vN Entropy at center bond b=151 = 1.196166668383
    Eigs at center bond b=151: 0.6021 0.1923 0.1329 0.0410 0.0114 0.0062 0.0040 0.0023 0.0022 0.0013 
    Largest link dim during sweep 23/87 was 63
    Largest truncation error: 7.36334e-07
    Energy after sweep 23/87 is -157.092980393520
    Sweep 23/87 CPU time = 1m, 6.6s (Wall time = 4.279s)

    vN Entropy at center bond b=151 = 1.216500753528
    Eigs at center bond b=151: 0.5930 0.1912 0.1395 0.0439 0.0115 0.0063 0.0042 0.0024 0.0022 0.0014 
    Largest link dim during sweep 24/87 was 64
    Largest truncation error: 7.42357e-07
    Energy after sweep 24/87 is -157.093085504611
    Sweep 24/87 CPU time = 1m, 8.0s (Wall time = 4.371s)

    vN Entropy at center bond b=151 = 1.236667610392
    Eigs at center bond b=151: 0.5835 0.1912 0.1452 0.0469 0.0116 0.0063 0.0044 0.0026 0.0021 0.0015 
    Largest link dim during sweep 25/87 was 65
    Largest truncation error: 7.34609e-07
    Energy after sweep 25/87 is -157.093193276497
    Sweep 25/87 CPU time = 1m, 9.5s (Wall time = 4.461s)

    vN Entropy at center bond b=151 = 1.255507456947
    Eigs at center bond b=151: 0.5741 0.1927 0.1493 0.0499 0.0117 0.0063 0.0046 0.0027 0.0021 0.0015 
    Largest link dim during sweep 26/87 was 66
    Largest truncation error: 7.30426e-07
    Energy after sweep 26/87 is -157.093293522737
    Sweep 26/87 CPU time = 1m, 10.6s (Wall time = 4.542s)

    vN Entropy at center bond b=151 = 1.271935272682
    Eigs at center bond b=151: 0.5654 0.1957 0.1516 0.0528 0.0118 0.0062 0.0048 0.0028 0.0021 0.0016 
    Largest link dim during sweep 27/87 was 67
    Largest truncation error: 7.36779e-07
    Energy after sweep 27/87 is -157.093373676185
    Sweep 27/87 CPU time = 1m, 11.8s (Wall time = 4.626s)

    vN Entropy at center bond b=151 = 1.285453149286
    Eigs at center bond b=151: 0.5579 0.1995 0.1523 0.0552 0.0118 0.0062 0.0051 0.0029 0.0021 0.0016 
    Largest link dim during sweep 28/87 was 68
    Largest truncation error: 7.13094e-07
    Energy after sweep 28/87 is -157.093447934516
    Sweep 28/87 CPU time = 1m, 12.7s (Wall time = 4.671s)

    vN Entropy at center bond b=151 = 1.296261735329
    Eigs at center bond b=151: 0.5517 0.2033 0.1522 0.0573 0.0118 0.0061 0.0053 0.0029 0.0021 0.0017 
    Largest link dim during sweep 29/87 was 68
    Largest truncation error: 7.05884e-07
    Energy after sweep 29/87 is -157.093509258682
    Sweep 29/87 CPU time = 1m, 13.6s (Wall time = 4.729s)

    vN Entropy at center bond b=151 = 1.304296789168
    Eigs at center bond b=151: 0.5469 0.2066 0.1518 0.0589 0.0119 0.0061 0.0054 0.0029 0.0022 0.0017 
    Largest link dim during sweep 30/87 was 68
    Largest truncation error: 7.12583e-07
    Energy after sweep 30/87 is -157.093557157218
    Sweep 30/87 CPU time = 1m, 14.7s (Wall time = 4.805s)

    vN Entropy at center bond b=151 = 1.309900616485
    Eigs at center bond b=151: 0.5435 0.2091 0.1514 0.0600 0.0119 0.0061 0.0055 0.0029 0.0022 0.0017 
    Largest link dim during sweep 31/87 was 69
    Largest truncation error: 7.16906e-07
    Energy after sweep 31/87 is -157.093583187687
    Sweep 31/87 CPU time = 1m, 15.0s (Wall time = 4.815s)

    vN Entropy at center bond b=151 = 1.313710037518
    Eigs at center bond b=151: 0.5411 0.2109 0.1511 0.0608 0.0119 0.0060 0.0056 0.0030 0.0022 0.0017 
    Largest link dim during sweep 32/87 was 69
    Largest truncation error: 7.18681e-07
    Energy after sweep 32/87 is -157.093605865459
    Sweep 32/87 CPU time = 1m, 15.8s (Wall time = 4.864s)

    vN Entropy at center bond b=151 = 1.316270555100
    Eigs at center bond b=151: 0.5395 0.2121 0.1508 0.0613 0.0119 0.0060 0.0057 0.0030 0.0022 0.0017 
    Largest link dim during sweep 33/87 was 69
    Largest truncation error: 7.19524e-07
    Energy after sweep 33/87 is -157.093620370128
    Sweep 33/87 CPU time = 1m, 16.3s (Wall time = 4.907s)

    vN Entropy at center bond b=151 = 1.318069311780
    Eigs at center bond b=151: 0.5384 0.2130 0.1506 0.0617 0.0119 0.0060 0.0057 0.0030 0.0022 0.0017 
    Largest link dim during sweep 34/87 was 69
    Largest truncation error: 7.19985e-07
    Energy after sweep 34/87 is -157.093634777189
    Sweep 34/87 CPU time = 1m, 16.8s (Wall time = 4.977s)

    vN Entropy at center bond b=151 = 1.319293238478
    Eigs at center bond b=151: 0.5376 0.2136 0.1505 0.0620 0.0119 0.0060 0.0058 0.0030 0.0022 0.0017 
    Largest link dim during sweep 35/87 was 69
    Largest truncation error: 7.31886e-07
    Energy after sweep 35/87 is -157.093640529831
    Sweep 35/87 CPU time = 1m, 17.1s (Wall time = 4.951s)

    vN Entropy at center bond b=151 = 1.320053754620
    Eigs at center bond b=151: 0.5371 0.2140 0.1504 0.0621 0.0119 0.0060 0.0058 0.0030 0.0022 0.0017 
    Largest link dim during sweep 36/87 was 69
    Largest truncation error: 7.32289e-07
    Energy after sweep 36/87 is -157.093643313149
    Sweep 36/87 CPU time = 1m, 17.2s (Wall time = 4.963s)

    vN Entropy at center bond b=151 = 1.351843059817
    Eigs at center bond b=151: 0.5279 0.2163 0.1502 0.0642 0.0132 0.0068 0.0065 0.0033 0.0025 0.0020 
    Largest link dim during sweep 37/87 was 160
    Largest truncation error: 7.706e-09
    Energy after sweep 37/87 is -157.095812442432
    Sweep 37/87 CPU time = 4m, 51.3s (Wall time = 19.38s)

    vN Entropy at center bond b=151 = 1.369314189750
    Eigs at center bond b=151: 0.5236 0.2168 0.1502 0.0650 0.0140 0.0072 0.0070 0.0036 0.0026 0.0021 
    Largest link dim during sweep 38/87 was 160
    Largest truncation error: 1.81788e-08
    Energy after sweep 38/87 is -157.095879197240
    Sweep 38/87 CPU time = 9m, 37.4s (Wall time = 39.61s)

    vN Entropy at center bond b=151 = 1.370634344482
    Eigs at center bond b=151: 0.5233 0.2168 0.1502 0.0651 0.0140 0.0073 0.0070 0.0036 0.0026 0.0021 
    Largest link dim during sweep 39/87 was 160
    Largest truncation error: 2.02339e-08
    Energy after sweep 39/87 is -157.095881094823
    Sweep 39/87 CPU time = 9m, 25.7s (Wall time = 37.80s)

    vN Entropy at center bond b=151 = 1.370747529971
    Eigs at center bond b=151: 0.5233 0.2168 0.1502 0.0651 0.0140 0.0073 0.0070 0.0036 0.0026 0.0021 
    Largest link dim during sweep 40/87 was 160
    Largest truncation error: 2.07853e-08
    Energy after sweep 40/87 is -157.095881215250
    Sweep 40/87 CPU time = 9m, 47.7s (Wall time = 40.10s)

    vN Entropy at center bond b=151 = 1.370763833747
    Eigs at center bond b=151: 0.5233 0.2168 0.1502 0.0651 0.0140 0.0073 0.0070 0.0036 0.0026 0.0021 
    Largest link dim during sweep 41/87 was 160
    Largest truncation error: 2.08827e-08
    Energy after sweep 41/87 is -157.095881247437
    Sweep 41/87 CPU time = 9m, 41.9s (Wall time = 39.56s)

    vN Entropy at center bond b=151 = 1.370766949046
    Eigs at center bond b=151: 0.5233 0.2168 0.1502 0.0651 0.0140 0.0073 0.0070 0.0036 0.0026 0.0021 
    Largest link dim during sweep 42/87 was 160
    Largest truncation error: 2.09095e-08
    Energy after sweep 42/87 is -157.095881251418
    Sweep 42/87 CPU time = 9m, 52.6s (Wall time = 40.10s)

    vN Entropy at center bond b=151 = 1.370767582614
    Eigs at center bond b=151: 0.5233 0.2168 0.1502 0.0651 0.0140 0.0073 0.0070 0.0036 0.0026 0.0021 
    Largest link dim during sweep 43/87 was 160
    Largest truncation error: 2.09175e-08
    Energy after sweep 43/87 is -157.095881250251
    Sweep 43/87 CPU time = 9m, 50.6s (Wall time = 40.53s)

    vN Entropy at center bond b=151 = 1.370767751937
    Eigs at center bond b=151: 0.5233 0.2168 0.1502 0.0651 0.0140 0.0073 0.0070 0.0036 0.0026 0.0021 
    Largest link dim during sweep 44/87 was 160
    Largest truncation error: 2.09245e-08
    Energy after sweep 44/87 is -157.095881249377
    Sweep 44/87 CPU time = 9m, 45.7s (Wall time = 40.18s)

    vN Entropy at center bond b=151 = 1.370767816655
    Eigs at center bond b=151: 0.5233 0.2168 0.1502 0.0651 0.0140 0.0073 0.0070 0.0036 0.0026 0.0021 
    Largest link dim during sweep 45/87 was 160
    Largest truncation error: 2.09322e-08
    Energy after sweep 45/87 is -157.095881248837
    Sweep 45/87 CPU time = 9m, 41.7s (Wall time = 39.81s)

    vN Entropy at center bond b=151 = 1.370767865210
    Eigs at center bond b=151: 0.5233 0.2168 0.1502 0.0651 0.0140 0.0073 0.0070 0.0036 0.0026 0.0021 
    Largest link dim during sweep 46/87 was 160
    Largest truncation error: 2.09373e-08
    Energy after sweep 46/87 is -157.095881248781
    Sweep 46/87 CPU time = 9m, 47.4s (Wall time = 40.18s)

    vN Entropy at center bond b=151 = 1.370767906051
    Eigs at center bond b=151: 0.5233 0.2168 0.1502 0.0651 0.0140 0.0073 0.0070 0.0036 0.0026 0.0021 
    Largest link dim during sweep 47/87 was 160
    Largest truncation error: 2.09402e-08
    Energy after sweep 47/87 is -157.095881248601
    Sweep 47/87 CPU time = 9m, 56.7s (Wall time = 41.05s)

    vN Entropy at center bond b=151 = 1.370767932560
    Eigs at center bond b=151: 0.5233 0.2168 0.1502 0.0651 0.0140 0.0073 0.0070 0.0036 0.0026 0.0021 
    Largest link dim during sweep 48/87 was 160
    Largest truncation error: 2.09416e-08
    Energy after sweep 48/87 is -157.095881248375
    Sweep 48/87 CPU time = 9m, 57.4s (Wall time = 41.09s)

    vN Entropy at center bond b=151 = 1.370767944493
    Eigs at center bond b=151: 0.5233 0.2168 0.1502 0.0651 0.0140 0.0073 0.0070 0.0036 0.0026 0.0021 
    Largest link dim during sweep 49/87 was 160
    Largest truncation error: 2.09424e-08
    Energy after sweep 49/87 is -157.095881248407
    Sweep 49/87 CPU time = 10m, 0s (Wall time = 41.34s)

    vN Entropy at center bond b=151 = 1.370767947659
    Eigs at center bond b=151: 0.5233 0.2168 0.1502 0.0651 0.0140 0.0073 0.0070 0.0036 0.0026 0.0021 
    Largest link dim during sweep 50/87 was 160
    Largest truncation error: 2.09427e-08
    Energy after sweep 50/87 is -157.095881248831
    Sweep 50/87 CPU time = 9m, 56.1s (Wall time = 41.14s)

    vN Entropy at center bond b=151 = 1.370767945658
    Eigs at center bond b=151: 0.5233 0.2168 0.1502 0.0651 0.0140 0.0073 0.0070 0.0036 0.0026 0.0021 
    Largest link dim during sweep 51/87 was 160
    Largest truncation error: 2.09429e-08
    Energy after sweep 51/87 is -157.095881249620
    Sweep 51/87 CPU time = 10m, 1s (Wall time = 41.53s)

    vN Entropy at center bond b=151 = 1.370767945730
    Eigs at center bond b=151: 0.5233 0.2168 0.1502 0.0651 0.0140 0.0073 0.0070 0.0036 0.0026 0.0021 
    Largest link dim during sweep 52/87 was 160
    Largest truncation error: 2.0943e-08
    Energy after sweep 52/87 is -157.095881250389
    Sweep 52/87 CPU time = 9m, 59.5s (Wall time = 41.39s)

    vN Entropy at center bond b=151 = 1.370767945968
    Eigs at center bond b=151: 0.5233 0.2168 0.1502 0.0651 0.0140 0.0073 0.0070 0.0036 0.0026 0.0021 
    Largest link dim during sweep 53/87 was 160
    Largest truncation error: 2.0943e-08
    Energy after sweep 53/87 is -157.095881250942
    Sweep 53/87 CPU time = 8m, 58.9s (Wall time = 35.09s)

    vN Entropy at center bond b=151 = 1.370767944831
    Eigs at center bond b=151: 0.5233 0.2168 0.1502 0.0651 0.0140 0.0073 0.0070 0.0036 0.0026 0.0021 
    Largest link dim during sweep 54/87 was 160
    Largest truncation error: 2.09431e-08
    Energy after sweep 54/87 is -157.095881251274
    Sweep 54/87 CPU time = 9m, 21.2s (Wall time = 36.82s)

    vN Entropy at center bond b=151 = 1.370767942978
    Eigs at center bond b=151: 0.5233 0.2168 0.1502 0.0651 0.0140 0.0073 0.0070 0.0036 0.0026 0.0021 
    Largest link dim during sweep 55/87 was 160
    Largest truncation error: 2.09431e-08
    Energy after sweep 55/87 is -157.095881251458
    Sweep 55/87 CPU time = 9m, 18.2s (Wall time = 36.53s)

    vN Entropy at center bond b=151 = 1.370767940678
    Eigs at center bond b=151: 0.5233 0.2168 0.1502 0.0651 0.0140 0.0073 0.0070 0.0036 0.0026 0.0021 
    Largest link dim during sweep 56/87 was 160
    Largest truncation error: 2.09431e-08
    Energy after sweep 56/87 is -157.095881251552
    Sweep 56/87 CPU time = 9m, 16.5s (Wall time = 36.59s)

    vN Entropy at center bond b=151 = 1.370767937923
    Eigs at center bond b=151: 0.5233 0.2168 0.1502 0.0651 0.0140 0.0073 0.0070 0.0036 0.0026 0.0021 
    Largest link dim during sweep 57/87 was 160
    Largest truncation error: 2.09431e-08
    Energy after sweep 57/87 is -157.095881251608
    Sweep 57/87 CPU time = 9m, 12.2s (Wall time = 36.09s)

    vN Entropy at center bond b=151 = 1.370767934743
    Eigs at center bond b=151: 0.5233 0.2168 0.1502 0.0651 0.0140 0.0073 0.0070 0.0036 0.0026 0.0021 
    Largest link dim during sweep 58/87 was 160
    Largest truncation error: 2.0943e-08
    Energy after sweep 58/87 is -157.095881251648
    Sweep 58/87 CPU time = 9m, 15.4s (Wall time = 36.37s)

    vN Entropy at center bond b=151 = 1.372398260878
    Eigs at center bond b=151: 0.5229 0.2168 0.1502 0.0651 0.0141 0.0073 0.0070 0.0036 0.0027 0.0021 
    Largest link dim during sweep 59/87 was 320
    Largest truncation error: 3.07642e-10
    Energy after sweep 59/87 is -157.095917481963
    Sweep 59/87 CPU time = 34m, 53s (Wall time = 2m, 21.3s)

    vN Entropy at center bond b=151 = 1.372766518534
    Eigs at center bond b=151: 0.5229 0.2168 0.1502 0.0652 0.0141 0.0073 0.0070 0.0036 0.0027 0.0021 
    Largest link dim during sweep 60/87 was 320
    Largest truncation error: 5.52629e-10
    Energy after sweep 60/87 is -157.095917725019
    Sweep 60/87 CPU time = 48m, 29s (Wall time = 3m, 9.9s)

    vN Entropy at center bond b=151 = 1.372781615857
    Eigs at center bond b=151: 0.5229 0.2168 0.1502 0.0652 0.0141 0.0073 0.0070 0.0036 0.0027 0.0021 
    Largest link dim during sweep 61/87 was 320
    Largest truncation error: 5.75998e-10
    Energy after sweep 61/87 is -157.095917728029
    Sweep 61/87 CPU time = 47m, 40s (Wall time = 3m, 7.8s)

    vN Entropy at center bond b=151 = 1.372783044389
    Eigs at center bond b=151: 0.5229 0.2168 0.1502 0.0652 0.0141 0.0073 0.0070 0.0036 0.0027 0.0021 
    Largest link dim during sweep 62/87 was 320
    Largest truncation error: 5.80344e-10
    Energy after sweep 62/87 is -157.095917728407
    Sweep 62/87 CPU time = 48m, 14s (Wall time = 3m, 11.2s)

    vN Entropy at center bond b=151 = 1.372783262122
    Eigs at center bond b=151: 0.5229 0.2168 0.1502 0.0652 0.0141 0.0073 0.0070 0.0036 0.0027 0.0021 
    Largest link dim during sweep 63/87 was 320
    Largest truncation error: 5.8128e-10
    Energy after sweep 63/87 is -157.095917728334
    Sweep 63/87 CPU time = 49m, 0s (Wall time = 3m, 15.7s)

    vN Entropy at center bond b=151 = 1.372783309783
    Eigs at center bond b=151: 0.5229 0.2168 0.1502 0.0652 0.0141 0.0073 0.0070 0.0036 0.0027 0.0021 
    Largest link dim during sweep 64/87 was 320
    Largest truncation error: 5.81522e-10
    Energy after sweep 64/87 is -157.095917728364
    Sweep 64/87 CPU time = 47m, 17s (Wall time = 3m, 9.3s)

    vN Entropy at center bond b=151 = 1.372783321787
    Eigs at center bond b=151: 0.5229 0.2168 0.1502 0.0652 0.0141 0.0073 0.0070 0.0036 0.0027 0.0021 
    Largest link dim during sweep 65/87 was 320
    Largest truncation error: 5.81616e-10
    Energy after sweep 65/87 is -157.095917728351
    Sweep 65/87 CPU time = 47m, 16s (Wall time = 3m, 8.4s)

    vN Entropy at center bond b=151 = 1.372783326239
    Eigs at center bond b=151: 0.5229 0.2168 0.1502 0.0652 0.0141 0.0073 0.0070 0.0036 0.0027 0.0021 
    Largest link dim during sweep 66/87 was 320
    Largest truncation error: 5.81672e-10
    Energy after sweep 66/87 is -157.095917728337
    Sweep 66/87 CPU time = 47m, 33s (Wall time = 3m, 10.4s)

    vN Entropy at center bond b=151 = 1.372783328765
    Eigs at center bond b=151: 0.5229 0.2168 0.1502 0.0652 0.0141 0.0073 0.0070 0.0036 0.0027 0.0021 
    Largest link dim during sweep 67/87 was 320
    Largest truncation error: 5.81707e-10
    Energy after sweep 67/87 is -157.095917728338
    Sweep 67/87 CPU time = 47m, 35s (Wall time = 3m, 10.5s)

    vN Entropy at center bond b=151 = 1.372783330811
    Eigs at center bond b=151: 0.5229 0.2168 0.1502 0.0652 0.0141 0.0073 0.0070 0.0036 0.0027 0.0021 
    Largest link dim during sweep 68/87 was 320
    Largest truncation error: 5.81729e-10
    Energy after sweep 68/87 is -157.095917728330
    Sweep 68/87 CPU time = 48m, 21s (Wall time = 3m, 13.4s)

    vN Entropy at center bond b=151 = 1.372783332637
    Eigs at center bond b=151: 0.5229 0.2168 0.1502 0.0652 0.0141 0.0073 0.0070 0.0036 0.0027 0.0021 
    Largest link dim during sweep 69/87 was 320
    Largest truncation error: 5.81741e-10
    Energy after sweep 69/87 is -157.095917728335
    Sweep 69/87 CPU time = 50m, 33s (Wall time = 3m, 22.2s)

    vN Entropy at center bond b=151 = 1.372783334103
    Eigs at center bond b=151: 0.5229 0.2168 0.1502 0.0652 0.0141 0.0073 0.0070 0.0036 0.0027 0.0021 
    Largest link dim during sweep 70/87 was 320
    Largest truncation error: 5.81749e-10
    Energy after sweep 70/87 is -157.095917728337
    Sweep 70/87 CPU time = 50m, 34s (Wall time = 3m, 22.3s)

    vN Entropy at center bond b=151 = 1.372783335156
    Eigs at center bond b=151: 0.5229 0.2168 0.1502 0.0652 0.0141 0.0073 0.0070 0.0036 0.0027 0.0021 
    Largest link dim during sweep 71/87 was 320
    Largest truncation error: 5.81754e-10
    Energy after sweep 71/87 is -157.095917728335
    Sweep 71/87 CPU time = 49m, 46s (Wall time = 3m, 19.1s)

    vN Entropy at center bond b=151 = 1.372783335894
    Eigs at center bond b=151: 0.5229 0.2168 0.1502 0.0652 0.0141 0.0073 0.0070 0.0036 0.0027 0.0021 
    Largest link dim during sweep 72/87 was 320
    Largest truncation error: 5.81757e-10
    Energy after sweep 72/87 is -157.095917728335
    Sweep 72/87 CPU time = 47m, 57s (Wall time = 3m, 10.3s)

    vN Entropy at center bond b=151 = 1.372783336477
    Eigs at center bond b=151: 0.5229 0.2168 0.1502 0.0652 0.0141 0.0073 0.0070 0.0036 0.0027 0.0021 
    Largest link dim during sweep 73/87 was 320
    Largest truncation error: 5.81759e-10
    Energy after sweep 73/87 is -157.095917728334
    Sweep 73/87 CPU time = 52m, 24s (Wall time = 3m, 29.7s)

    vN Entropy at center bond b=151 = 1.372783336994
    Eigs at center bond b=151: 0.5229 0.2168 0.1502 0.0652 0.0141 0.0073 0.0070 0.0036 0.0027 0.0021 
    Largest link dim during sweep 74/87 was 320
    Largest truncation error: 5.8176e-10
    Energy after sweep 74/87 is -157.095917728329
    Sweep 74/87 CPU time = 52m, 59s (Wall time = 3m, 32.1s)

    vN Entropy at center bond b=151 = 1.372841584761
    Eigs at center bond b=151: 0.5229 0.2168 0.1502 0.0652 0.0141 0.0073 0.0070 0.0036 0.0027 0.0021 
    Largest link dim during sweep 75/87 was 640
    Largest truncation error: 6.14071e-12
    Energy after sweep 75/87 is -157.095918581206
    Sweep 75/87 CPU time = 2h, 22m, 2s (Wall time = 9m, 29.4s)

    vN Entropy at center bond b=151 = 1.372859001958
    Eigs at center bond b=151: 0.5229 0.2168 0.1502 0.0652 0.0141 0.0073 0.0070 0.0036 0.0027 0.0021 
    Largest link dim during sweep 76/87 was 640
    Largest truncation error: 8.5485e-12
    Energy after sweep 76/87 is -157.095918587131
    Sweep 76/87 CPU time = 2h, 52m, 19s (Wall time = 11m, 26s)

    vN Entropy at center bond b=151 = 1.372860027208
    Eigs at center bond b=151: 0.5229 0.2168 0.1502 0.0652 0.0141 0.0073 0.0070 0.0036 0.0027 0.0021 
    Largest link dim during sweep 77/87 was 640
    Largest truncation error: 8.73916e-12
    Energy after sweep 77/87 is -157.095918587306
    Sweep 77/87 CPU time = 2h, 53m, 3s (Wall time = 11m, 32s)

    vN Entropy at center bond b=151 = 1.372860155079
    Eigs at center bond b=151: 0.5229 0.2168 0.1502 0.0652 0.0141 0.0073 0.0070 0.0036 0.0027 0.0021 
    Largest link dim during sweep 78/87 was 640
    Largest truncation error: 8.8453e-12
    Energy after sweep 78/87 is -157.095918587312
    Sweep 78/87 CPU time = 2h, 53m, 44s (Wall time = 11m, 37s)

    vN Entropy at center bond b=151 = 1.372860180935
    Eigs at center bond b=151: 0.5229 0.2168 0.1502 0.0652 0.0141 0.0073 0.0070 0.0036 0.0027 0.0021 
    Largest link dim during sweep 79/87 was 640
    Largest truncation error: 8.88352e-12
    Energy after sweep 79/87 is -157.095918587306
    Sweep 79/87 CPU time = 2h, 48m, 5s (Wall time = 11m, 14s)

    vN Entropy at center bond b=151 = 1.372860187676
    Eigs at center bond b=151: 0.5229 0.2168 0.1502 0.0652 0.0141 0.0073 0.0070 0.0036 0.0027 0.0021 
    Largest link dim during sweep 80/87 was 640
    Largest truncation error: 8.89819e-12
    Energy after sweep 80/87 is -157.095918587306
    Sweep 80/87 CPU time = 2h, 47m, 49s (Wall time = 11m, 13s)

    vN Entropy at center bond b=151 = 1.372860189786
    Eigs at center bond b=151: 0.5229 0.2168 0.1502 0.0652 0.0141 0.0073 0.0070 0.0036 0.0027 0.0021 
    Largest link dim during sweep 81/87 was 640
    Largest truncation error: 8.90435e-12
    Energy after sweep 81/87 is -157.095918587302
    Sweep 81/87 CPU time = 2h, 43m, 49s (Wall time = 10m, 56s)

    vN Entropy at center bond b=151 = 1.372860190509
    Eigs at center bond b=151: 0.5229 0.2168 0.1502 0.0652 0.0141 0.0073 0.0070 0.0036 0.0027 0.0021 
    Largest link dim during sweep 82/87 was 640
    Largest truncation error: 8.90701e-12
    Energy after sweep 82/87 is -157.095918587304
    Sweep 82/87 CPU time = 2h, 47m, 43s (Wall time = 11m, 12s)

    vN Entropy at center bond b=151 = 1.372861295012
    Eigs at center bond b=151: 0.5229 0.2168 0.1502 0.0652 0.0141 0.0073 0.0070 0.0036 0.0027 0.0021 
    Largest link dim during sweep 83/87 was 905
    Largest truncation error: 7.54894e-13
    Energy after sweep 83/87 is -157.095918596977
    Sweep 83/87 CPU time = 4h, 6s (Wall time = 16m, 56s)

    vN Entropy at center bond b=151 = 1.372861864436
    Eigs at center bond b=151: 0.5229 0.2168 0.1502 0.0652 0.0141 0.0073 0.0070 0.0036 0.0027 0.0021 
    Largest link dim during sweep 84/87 was 1280
    Largest truncation error: 6.42919e-14
    Energy after sweep 84/87 is -157.095918600213
    Sweep 84/87 CPU time = 8h, 27m, 3s (Wall time = 38m, 10s)

    vN Entropy at center bond b=151 = 1.372861939976
    Eigs at center bond b=151: 0.5229 0.2168 0.1502 0.0652 0.0141 0.0073 0.0070 0.0036 0.0027 0.0021 
    Largest link dim during sweep 85/87 was 1280
    Largest truncation error: 6.46852e-14
    Energy after sweep 85/87 is -157.095918600246
    Sweep 85/87 CPU time = 10h, 21m, 32s (Wall time = 46m, 13s)

    vN Entropy at center bond b=151 = 1.372861945573
    Eigs at center bond b=151: 0.5229 0.2168 0.1502 0.0652 0.0141 0.0073 0.0070 0.0036 0.0027 0.0021 
    Largest link dim during sweep 86/87 was 1280
    Largest truncation error: 6.53277e-14
    Energy after sweep 86/87 is -157.095918600246
    Sweep 86/87 CPU time = 10h, 20m, 52s (Wall time = 45m, 20s)

    vN Entropy at center bond b=151 = 1.372861946389
    Eigs at center bond b=151: 0.5229 0.2168 0.1502 0.0652 0.0141 0.0073 0.0070 0.0036 0.0027 0.0021 
    Largest link dim during sweep 87/87 was 1280
    Largest truncation error: 6.57324e-14
    Energy after sweep 87/87 is -157.095918600246
    Sweep 87/87 CPU time = 10h, 23m, 5s (Wall time = 45m, 4s)
Initial energy = 0.60000

Ground State Energy = -157.0959186002
run_outputs/outputpsi/N_303_sweep_87_t_0.030000_J_1.000000_V_0.600000_D_0.018000_U_1.200000_mu_0.000000_E_0.200000 converge
Wall-clock time (s) = 140217.240182
