//////////////////////////
Reading input file ......

Got input.N = 303
Got input.t = 0.03
Got input.J = 1
Got input.V = 0.6
Got input.D = 0.018
Got input.U = 1.1
Got input.mu = 0
Got input.E = 0.005
Got input.nsweeps = 87
Sweeps:
1  MaxDim=20, MinDim=20, Cutoff=1.0E-06, Niter=8, Noise=1.0E-05
2  MaxDim=20, MinDim=20, Cutoff=1.0E-06, Niter=8, Noise=1.0E-05
3  MaxDim=20, MinDim=20, Cutoff=1.0E-06, Niter=8, Noise=1.0E-05
4  MaxDim=20, MinDim=20, Cutoff=1.0E-06, Niter=8, Noise=1.0E-05
5  MaxDim=20, MinDim=20, Cutoff=1.0E-06, Niter=8, Noise=1.0E-05
6  MaxDim=20, MinDim=20, Cutoff=1.0E-06, Niter=8, Noise=1.0E-05
7  MaxDim=20, MinDim=20, Cutoff=1.0E-06, Niter=8, Noise=1.0E-05
8  MaxDim=40, MinDim=20, Cutoff=1.0E-06, Niter=4, Noise=1.0E-05
9  MaxDim=40, MinDim=20, Cutoff=1.0E-06, Niter=4, Noise=1.0E-05
10  MaxDim=40, MinDim=20, Cutoff=1.0E-06, Niter=4, Noise=1.0E-05
11  MaxDim=40, MinDim=20, Cutoff=1.0E-06, Niter=4, Noise=1.0E-05
12  MaxDim=40, MinDim=20, Cutoff=1.0E-06, Niter=4, Noise=1.0E-05
13  MaxDim=40, MinDim=20, Cutoff=1.0E-06, Niter=4, Noise=1.0E-05
14  MaxDim=40, MinDim=20, Cutoff=1.0E-06, Niter=4, Noise=1.0E-05
15  MaxDim=80, MinDim=10, Cutoff=1.0E-06, Niter=4, Noise=1.0E-05
16  MaxDim=80, MinDim=10, Cutoff=1.0E-06, Niter=4, Noise=1.0E-05
17  MaxDim=80, MinDim=10, Cutoff=1.0E-06, Niter=4, Noise=1.0E-05
18  MaxDim=80, MinDim=10, Cutoff=1.0E-06, Niter=4, Noise=1.0E-05
19  MaxDim=80, MinDim=10, Cutoff=1.0E-06, Niter=4, Noise=1.0E-05
20  MaxDim=80, MinDim=10, Cutoff=1.0E-06, Niter=4, Noise=1.0E-05
21  MaxDim=80, MinDim=10, Cutoff=1.0E-06, Niter=4, Noise=1.0E-05
22  MaxDim=80, MinDim=10, Cutoff=1.0E-06, Niter=4, Noise=1.0E-05
23  MaxDim=80, MinDim=10, Cutoff=1.0E-06, Niter=4, Noise=1.0E-05
24  MaxDim=80, MinDim=10, Cutoff=1.0E-06, Niter=4, Noise=1.0E-05
25  MaxDim=80, MinDim=10, Cutoff=1.0E-06, Niter=4, Noise=1.0E-05
26  MaxDim=80, MinDim=10, Cutoff=1.0E-06, Niter=4, Noise=1.0E-05
27  MaxDim=80, MinDim=10, Cutoff=1.0E-06, Niter=4, Noise=1.0E-05
28  MaxDim=80, MinDim=10, Cutoff=1.0E-06, Niter=4, Noise=1.0E-05
29  MaxDim=80, MinDim=10, Cutoff=1.0E-06, Niter=4, Noise=1.0E-05
30  MaxDim=80, MinDim=10, Cutoff=1.0E-06, Niter=4, Noise=1.0E-05
31  MaxDim=80, MinDim=10, Cutoff=1.0E-06, Niter=4, Noise=1.0E-05
32  MaxDim=80, MinDim=10, Cutoff=1.0E-06, Niter=4, Noise=1.0E-05
33  MaxDim=80, MinDim=10, Cutoff=1.0E-06, Niter=4, Noise=1.0E-05
34  MaxDim=80, MinDim=10, Cutoff=1.0E-06, Niter=4, Noise=1.0E-05
35  MaxDim=80, MinDim=10, Cutoff=1.0E-06, Niter=4, Noise=1.0E-05
36  MaxDim=80, MinDim=10, Cutoff=1.0E-06, Niter=4, Noise=1.0E-05
37  MaxDim=160, MinDim=10, Cutoff=1.0E-08, Niter=4, Noise=1.0E-06
38  MaxDim=160, MinDim=10, Cutoff=1.0E-08, Niter=4, Noise=1.0E-06
39  MaxDim=160, MinDim=10, Cutoff=1.0E-08, Niter=4, Noise=1.0E-06
40  MaxDim=160, MinDim=10, Cutoff=1.0E-08, Niter=4, Noise=1.0E-06
41  MaxDim=160, MinDim=10, Cutoff=1.0E-08, Niter=4, Noise=1.0E-06
42  MaxDim=160, MinDim=10, Cutoff=1.0E-08, Niter=4, Noise=1.0E-06
43  MaxDim=160, MinDim=10, Cutoff=1.0E-08, Niter=4, Noise=1.0E-06
44  MaxDim=160, MinDim=10, Cutoff=1.0E-08, Niter=4, Noise=1.0E-06
45  MaxDim=160, MinDim=10, Cutoff=1.0E-08, Niter=4, Noise=1.0E-06
46  MaxDim=160, MinDim=10, Cutoff=1.0E-08, Niter=4, Noise=1.0E-06
47  MaxDim=160, MinDim=10, Cutoff=1.0E-08, Niter=4, Noise=1.0E-06
48  MaxDim=160, MinDim=10, Cutoff=1.0E-08, Niter=4, Noise=1.0E-06
49  MaxDim=160, MinDim=10, Cutoff=1.0E-08, Niter=4, Noise=1.0E-06
50  MaxDim=160, MinDim=10, Cutoff=1.0E-08, Niter=4, Noise=1.0E-06
51  MaxDim=160, MinDim=10, Cutoff=1.0E-08, Niter=4, Noise=1.0E-06
52  MaxDim=160, MinDim=10, Cutoff=1.0E-08, Niter=4, Noise=1.0E-06
53  MaxDim=160, MinDim=10, Cutoff=1.0E-08, Niter=4, Noise=1.0E-06
54  MaxDim=160, MinDim=10, Cutoff=1.0E-08, Niter=4, Noise=1.0E-06
55  MaxDim=160, MinDim=10, Cutoff=1.0E-08, Niter=4, Noise=1.0E-06
56  MaxDim=160, MinDim=10, Cutoff=1.0E-08, Niter=4, Noise=1.0E-06
57  MaxDim=160, MinDim=10, Cutoff=1.0E-08, Niter=4, Noise=1.0E-06
58  MaxDim=160, MinDim=10, Cutoff=1.0E-08, Niter=4, Noise=1.0E-06
59  MaxDim=320, MinDim=10, Cutoff=1.0E-10, Niter=4, Noise=1.0E-07
60  MaxDim=320, MinDim=10, Cutoff=1.0E-10, Niter=4, Noise=1.0E-07
61  MaxDim=320, MinDim=10, Cutoff=1.0E-10, Niter=4, Noise=1.0E-07
62  MaxDim=320, MinDim=10, Cutoff=1.0E-10, Niter=4, Noise=1.0E-07
63  MaxDim=320, MinDim=10, Cutoff=1.0E-10, Niter=4, Noise=1.0E-07
64  MaxDim=320, MinDim=10, Cutoff=1.0E-10, Niter=4, Noise=1.0E-07
65  MaxDim=320, MinDim=10, Cutoff=1.0E-10, Niter=4, Noise=1.0E-07
66  MaxDim=320, MinDim=10, Cutoff=1.0E-10, Niter=4, Noise=1.0E-07
67  MaxDim=320, MinDim=10, Cutoff=1.0E-10, Niter=4, Noise=1.0E-07
68  MaxDim=320, MinDim=10, Cutoff=1.0E-10, Niter=4, Noise=1.0E-07
69  MaxDim=320, MinDim=10, Cutoff=1.0E-10, Niter=4, Noise=1.0E-07
70  MaxDim=320, MinDim=10, Cutoff=1.0E-10, Niter=4, Noise=1.0E-07
71  MaxDim=320, MinDim=10, Cutoff=1.0E-10, Niter=4, Noise=1.0E-07
72  MaxDim=320, MinDim=10, Cutoff=1.0E-10, Niter=4, Noise=1.0E-07
73  MaxDim=320, MinDim=10, Cutoff=1.0E-10, Niter=4, Noise=1.0E-07
74  MaxDim=320, MinDim=10, Cutoff=1.0E-10, Niter=4, Noise=1.0E-07
75  MaxDim=640, MinDim=10, Cutoff=1.0E-12, Niter=2, Noise=1.0E-08
76  MaxDim=640, MinDim=10, Cutoff=1.0E-12, Niter=2, Noise=1.0E-08
77  MaxDim=640, MinDim=10, Cutoff=1.0E-12, Niter=2, Noise=1.0E-08
78  MaxDim=640, MinDim=10, Cutoff=1.0E-12, Niter=2, Noise=1.0E-08
79  MaxDim=640, MinDim=10, Cutoff=1.0E-12, Niter=2, Noise=1.0E-08
80  MaxDim=640, MinDim=10, Cutoff=1.0E-12, Niter=2, Noise=1.0E-08
81  MaxDim=640, MinDim=10, Cutoff=1.0E-12, Niter=2, Noise=1.0E-08
82  MaxDim=640, MinDim=10, Cutoff=1.0E-12, Niter=2, Noise=1.0E-08
83  MaxDim=1280, MinDim=10, Cutoff=1.0E-12, Niter=2, Noise=0.0E+00
84  MaxDim=1280, MinDim=10, Cutoff=1.0E-14, Niter=2, Noise=0.0E+00
85  MaxDim=1280, MinDim=10, Cutoff=1.0E-14, Niter=2, Noise=0.0E+00
86  MaxDim=1280, MinDim=10, Cutoff=1.0E-14, Niter=2, Noise=0.0E+00
87  MaxDim=1280, MinDim=10, Cutoff=1.0E-14, Niter=2, Noise=0.0E+00


    vN Entropy at center bond b=151 = 0.653085845327
    Eigs at center bond b=151: 0.7831 0.1827 0.0237 0.0046 0.0037 0.0011 
    Largest link dim during sweep 1/87 was 20
    Largest truncation error: 1.06543e-05
    Energy after sweep 1/87 is -159.303329888675
    Sweep 1/87 CPU time = 18.72s (Wall time = 1.215s)

    vN Entropy at center bond b=151 = 0.808191908489
    Eigs at center bond b=151: 0.7256 0.2112 0.0417 0.0100 0.0060 0.0019 0.0014 0.0011 
    Largest link dim during sweep 2/87 was 20
    Largest truncation error: 9.97872e-06
    Energy after sweep 2/87 is -159.339995025276
    Sweep 2/87 CPU time = 25.96s (Wall time = 1.663s)

    vN Entropy at center bond b=151 = 0.821042574303
    Eigs at center bond b=151: 0.7210 0.2129 0.0434 0.0106 0.0063 0.0020 0.0015 0.0012 
    Largest link dim during sweep 3/87 was 20
    Largest truncation error: 1.21209e-05
    Energy after sweep 3/87 is -159.340758371121
    Sweep 3/87 CPU time = 25.75s (Wall time = 1.652s)

    vN Entropy at center bond b=151 = 0.822659453261
    Eigs at center bond b=151: 0.7205 0.2131 0.0436 0.0107 0.0064 0.0020 0.0015 0.0012 
    Largest link dim during sweep 4/87 was 20
    Largest truncation error: 1.31383e-05
    Energy after sweep 4/87 is -159.340836685382
    Sweep 4/87 CPU time = 25.82s (Wall time = 1.654s)

    vN Entropy at center bond b=151 = 0.823077615149
    Eigs at center bond b=151: 0.7203 0.2131 0.0437 0.0108 0.0064 0.0020 0.0015 0.0012 
    Largest link dim during sweep 5/87 was 20
    Largest truncation error: 1.33358e-05
    Energy after sweep 5/87 is -159.340875380315
    Sweep 5/87 CPU time = 26.22s (Wall time = 1.682s)

    vN Entropy at center bond b=151 = 0.823303952288
    Eigs at center bond b=151: 0.7202 0.2131 0.0437 0.0108 0.0064 0.0020 0.0015 0.0012 
    Largest link dim during sweep 6/87 was 20
    Largest truncation error: 1.33641e-05
    Energy after sweep 6/87 is -159.340908206050
    Sweep 6/87 CPU time = 26.39s (Wall time = 1.690s)

    vN Entropy at center bond b=151 = 0.823659034560
    Eigs at center bond b=151: 0.7201 0.2132 0.0438 0.0108 0.0063 0.0020 0.0015 0.0012 
    Largest link dim during sweep 7/87 was 20
    Largest truncation error: 1.33563e-05
    Energy after sweep 7/87 is -159.340953838603
    Sweep 7/87 CPU time = 26.36s (Wall time = 1.685s)

    vN Entropy at center bond b=151 = 0.868388312455
    Eigs at center bond b=151: 0.7065 0.2157 0.0501 0.0130 0.0075 0.0022 0.0020 0.0015 
    Largest link dim during sweep 8/87 was 39
    Largest truncation error: 7.78115e-07
    Energy after sweep 8/87 is -159.361312626671
    Sweep 8/87 CPU time = 24.30s (Wall time = 1.569s)

    vN Entropy at center bond b=151 = 0.927793744410
    Eigs at center bond b=151: 0.6881 0.2180 0.0594 0.0163 0.0089 0.0026 0.0025 0.0018 
    Largest link dim during sweep 9/87 was 40
    Largest truncation error: 1.28801e-06
    Energy after sweep 9/87 is -159.364786850095
    Sweep 9/87 CPU time = 37.95s (Wall time = 2.441s)

    vN Entropy at center bond b=151 = 0.968182219112
    Eigs at center bond b=151: 0.6752 0.2181 0.0675 0.0192 0.0092 0.0031 0.0027 0.0019 
    Largest link dim during sweep 10/87 was 40
    Largest truncation error: 1.63999e-06
    Energy after sweep 10/87 is -159.365229591815
    Sweep 10/87 CPU time = 42.02s (Wall time = 2.708s)

    vN Entropy at center bond b=151 = 0.987638487479
    Eigs at center bond b=151: 0.6688 0.2177 0.0722 0.0209 0.0091 0.0034 0.0027 0.0019 
    Largest link dim during sweep 11/87 was 40
    Largest truncation error: 1.77226e-06
    Energy after sweep 11/87 is -159.365312598112
    Sweep 11/87 CPU time = 39.44s (Wall time = 2.526s)

    vN Entropy at center bond b=151 = 0.997766109156
    Eigs at center bond b=151: 0.6653 0.2173 0.0750 0.0219 0.0090 0.0036 0.0027 0.0020 
    Largest link dim during sweep 12/87 was 40
    Largest truncation error: 1.83413e-06
    Energy after sweep 12/87 is -159.365341422942
    Sweep 12/87 CPU time = 39.08s (Wall time = 2.512s)

    vN Entropy at center bond b=151 = 1.003892197014
    Eigs at center bond b=151: 0.6632 0.2170 0.0767 0.0225 0.0089 0.0037 0.0027 0.0020 
    Largest link dim during sweep 13/87 was 40
    Largest truncation error: 1.86626e-06
    Energy after sweep 13/87 is -159.365356047165
    Sweep 13/87 CPU time = 40.22s (Wall time = 2.589s)

    vN Entropy at center bond b=151 = 1.007892915004
    Eigs at center bond b=151: 0.6618 0.2169 0.0778 0.0229 0.0088 0.0038 0.0027 0.0020 
    Largest link dim during sweep 14/87 was 40
    Largest truncation error: 1.89864e-06
    Energy after sweep 14/87 is -159.365363949827
    Sweep 14/87 CPU time = 40.18s (Wall time = 2.581s)

    vN Entropy at center bond b=151 = 1.032549883745
    Eigs at center bond b=151: 0.6536 0.2167 0.0829 0.0249 0.0090 0.0042 0.0028 0.0020 0.0011 
    Largest link dim during sweep 15/87 was 52
    Largest truncation error: 8.24124e-07
    Energy after sweep 15/87 is -159.367209700347
    Sweep 15/87 CPU time = 50.51s (Wall time = 3.245s)

    vN Entropy at center bond b=151 = 1.085868146446
    Eigs at center bond b=151: 0.6343 0.2169 0.0947 0.0299 0.0090 0.0052 0.0030 0.0021 0.0012 
    Largest link dim during sweep 16/87 was 56
    Largest truncation error: 8.26102e-07
    Energy after sweep 16/87 is -159.367891122595
    Sweep 16/87 CPU time = 59.04s (Wall time = 3.814s)

    vN Entropy at center bond b=151 = 1.149907651499
    Eigs at center bond b=151: 0.6082 0.2192 0.1088 0.0371 0.0087 0.0065 0.0032 0.0022 0.0014 0.0012 
    Largest link dim during sweep 17/87 was 59
    Largest truncation error: 8.28358e-07
    Energy after sweep 17/87 is -159.368461021234
    Sweep 17/87 CPU time = 1m, 1.4s (Wall time = 3.943s)

    vN Entropy at center bond b=151 = 1.218302231397
    Eigs at center bond b=151: 0.5756 0.2281 0.1206 0.0464 0.0085 0.0075 0.0037 0.0024 0.0016 0.0016 
    Largest link dim during sweep 18/87 was 62
    Largest truncation error: 8.30748e-07
    Energy after sweep 18/87 is -159.369013902850
    Sweep 18/87 CPU time = 1m, 7.6s (Wall time = 4.338s)

    vN Entropy at center bond b=151 = 1.277941789511
    Eigs at center bond b=151: 0.5411 0.2456 0.1248 0.0566 0.0090 0.0073 0.0044 0.0027 0.0019 0.0016 
    Largest link dim during sweep 19/87 was 65
    Largest truncation error: 8.32945e-07
    Energy after sweep 19/87 is -159.369477630040
    Sweep 19/87 CPU time = 1m, 14.0s (Wall time = 4.755s)

    vN Entropy at center bond b=151 = 1.314382701060
    Eigs at center bond b=151: 0.5161 0.2623 0.1239 0.0643 0.0094 0.0069 0.0052 0.0030 0.0020 0.0016 
    Largest link dim during sweep 20/87 was 68
    Largest truncation error: 8.34321e-07
    Energy after sweep 20/87 is -159.369754623906
    Sweep 20/87 CPU time = 1m, 19.7s (Wall time = 5.129s)

    vN Entropy at center bond b=151 = 1.330140856478
    Eigs at center bond b=151: 0.5043 0.2708 0.1225 0.0680 0.0096 0.0066 0.0056 0.0031 0.0020 0.0016 
    Largest link dim during sweep 21/87 was 69
    Largest truncation error: 8.34919e-07
    Energy after sweep 21/87 is -159.369884115617
    Sweep 21/87 CPU time = 1m, 17.7s (Wall time = 5.006s)

    vN Entropy at center bond b=151 = 1.335987462083
    Eigs at center bond b=151: 0.5000 0.2740 0.1220 0.0694 0.0096 0.0065 0.0058 0.0032 0.0021 0.0015 
    Largest link dim during sweep 22/87 was 69
    Largest truncation error: 8.35135e-07
    Energy after sweep 22/87 is -159.369933176053
    Sweep 22/87 CPU time = 1m, 22.0s (Wall time = 5.260s)

    vN Entropy at center bond b=151 = 1.338083951167
    Eigs at center bond b=151: 0.4985 0.2750 0.1218 0.0699 0.0097 0.0065 0.0059 0.0032 0.0021 0.0015 
    Largest link dim during sweep 23/87 was 70
    Largest truncation error: 8.35204e-07
    Energy after sweep 23/87 is -159.369952408443
    Sweep 23/87 CPU time = 1m, 23.1s (Wall time = 5.338s)

    vN Entropy at center bond b=151 = 1.338921455930
    Eigs at center bond b=151: 0.4980 0.2754 0.1217 0.0700 0.0097 0.0065 0.0059 0.0033 0.0021 0.0015 
    Largest link dim during sweep 24/87 was 70
    Largest truncation error: 8.35226e-07
    Energy after sweep 24/87 is -159.369957983408
    Sweep 24/87 CPU time = 1m, 19.9s (Wall time = 5.143s)

    vN Entropy at center bond b=151 = 1.339227468645
    Eigs at center bond b=151: 0.4978 0.2755 0.1217 0.0701 0.0097 0.0065 0.0059 0.0033 0.0021 0.0015 
    Largest link dim during sweep 25/87 was 70
    Largest truncation error: 8.35235e-07
    Energy after sweep 25/87 is -159.369962994259
    Sweep 25/87 CPU time = 1m, 22.3s (Wall time = 5.334s)

    vN Entropy at center bond b=151 = 1.339358534066
    Eigs at center bond b=151: 0.4977 0.2755 0.1217 0.0701 0.0097 0.0065 0.0059 0.0033 0.0021 0.0015 
    Largest link dim during sweep 26/87 was 70
    Largest truncation error: 8.35238e-07
    Energy after sweep 26/87 is -159.369965802183
    Sweep 26/87 CPU time = 1m, 22.5s (Wall time = 5.299s)

    vN Entropy at center bond b=151 = 1.339446400957
    Eigs at center bond b=151: 0.4977 0.2755 0.1217 0.0701 0.0097 0.0065 0.0059 0.0033 0.0021 0.0015 
    Largest link dim during sweep 27/87 was 70
    Largest truncation error: 8.35239e-07
    Energy after sweep 27/87 is -159.369966820793
    Sweep 27/87 CPU time = 1m, 21.7s (Wall time = 5.250s)

    vN Entropy at center bond b=151 = 1.339479108187
    Eigs at center bond b=151: 0.4977 0.2755 0.1217 0.0701 0.0097 0.0065 0.0059 0.0033 0.0021 0.0015 
    Largest link dim during sweep 28/87 was 70
    Largest truncation error: 8.35239e-07
    Energy after sweep 28/87 is -159.369967472532
    Sweep 28/87 CPU time = 1m, 21.0s (Wall time = 5.200s)

    vN Entropy at center bond b=151 = 1.339497865466
    Eigs at center bond b=151: 0.4977 0.2755 0.1217 0.0701 0.0097 0.0065 0.0059 0.0033 0.0021 0.0015 
    Largest link dim during sweep 29/87 was 70
    Largest truncation error: 8.35239e-07
    Energy after sweep 29/87 is -159.369969550907
    Sweep 29/87 CPU time = 1m, 22.5s (Wall time = 5.303s)

    vN Entropy at center bond b=151 = 1.339515303244
    Eigs at center bond b=151: 0.4977 0.2755 0.1217 0.0701 0.0097 0.0065 0.0059 0.0033 0.0021 0.0015 
    Largest link dim during sweep 30/87 was 70
    Largest truncation error: 8.3524e-07
    Energy after sweep 30/87 is -159.369969986222
    Sweep 30/87 CPU time = 1m, 23.0s (Wall time = 5.331s)

    vN Entropy at center bond b=151 = 1.339519743523
    Eigs at center bond b=151: 0.4977 0.2755 0.1217 0.0701 0.0097 0.0065 0.0059 0.0033 0.0021 0.0015 
    Largest link dim during sweep 31/87 was 70
    Largest truncation error: 8.3524e-07
    Energy after sweep 31/87 is -159.369970098720
    Sweep 31/87 CPU time = 1m, 19.8s (Wall time = 5.149s)

    vN Entropy at center bond b=151 = 1.339522751375
    Eigs at center bond b=151: 0.4977 0.2755 0.1217 0.0701 0.0097 0.0065 0.0059 0.0033 0.0021 0.0015 
    Largest link dim during sweep 32/87 was 70
    Largest truncation error: 8.3524e-07
    Energy after sweep 32/87 is -159.369970176770
    Sweep 32/87 CPU time = 1m, 22.8s (Wall time = 5.321s)

    vN Entropy at center bond b=151 = 1.339524215388
    Eigs at center bond b=151: 0.4977 0.2755 0.1217 0.0701 0.0097 0.0065 0.0059 0.0033 0.0021 0.0015 
    Largest link dim during sweep 33/87 was 70
    Largest truncation error: 8.3524e-07
    Energy after sweep 33/87 is -159.369971611193
    Sweep 33/87 CPU time = 1m, 23.5s (Wall time = 5.363s)

    vN Entropy at center bond b=151 = 1.339526819673
    Eigs at center bond b=151: 0.4977 0.2755 0.1217 0.0701 0.0097 0.0065 0.0059 0.0033 0.0021 0.0015 
    Largest link dim during sweep 34/87 was 70
    Largest truncation error: 8.3524e-07
    Energy after sweep 34/87 is -159.369971665100
    Sweep 34/87 CPU time = 1m, 19.3s (Wall time = 5.096s)

    vN Entropy at center bond b=151 = 1.339527693447
    Eigs at center bond b=151: 0.4977 0.2756 0.1217 0.0701 0.0097 0.0065 0.0059 0.0033 0.0021 0.0015 
    Largest link dim during sweep 35/87 was 70
    Largest truncation error: 8.3524e-07
    Energy after sweep 35/87 is -159.369971694952
    Sweep 35/87 CPU time = 1m, 22.8s (Wall time = 5.319s)

    vN Entropy at center bond b=151 = 1.339528046215
    Eigs at center bond b=151: 0.4977 0.2756 0.1217 0.0701 0.0097 0.0065 0.0059 0.0033 0.0021 0.0015 
    Largest link dim during sweep 36/87 was 70
    Largest truncation error: 8.3524e-07
    Energy after sweep 36/87 is -159.369971706564
    Sweep 36/87 CPU time = 1m, 22.8s (Wall time = 5.310s)

    vN Entropy at center bond b=151 = 1.369765650074
    Eigs at center bond b=151: 0.4904 0.2754 0.1225 0.0717 0.0110 0.0072 0.0066 0.0038 0.0024 0.0017 
    Largest link dim during sweep 37/87 was 159
    Largest truncation error: 7.51089e-09
    Energy after sweep 37/87 is -159.372100710928
    Sweep 37/87 CPU time = 5m, 21.7s (Wall time = 21.71s)

    vN Entropy at center bond b=151 = 1.388865986683
    Eigs at center bond b=151: 0.4864 0.2746 0.1230 0.0725 0.0118 0.0078 0.0071 0.0042 0.0026 0.0018 
    Largest link dim during sweep 38/87 was 160
    Largest truncation error: 1.97256e-08
    Energy after sweep 38/87 is -159.372173404506
    Sweep 38/87 CPU time = 10m, 38s (Wall time = 43.97s)

    vN Entropy at center bond b=151 = 1.390629793372
    Eigs at center bond b=151: 0.4861 0.2745 0.1230 0.0726 0.0118 0.0078 0.0072 0.0042 0.0027 0.0018 
    Largest link dim during sweep 39/87 was 160
    Largest truncation error: 2.2446e-08
    Energy after sweep 39/87 is -159.372175354663
    Sweep 39/87 CPU time = 10m, 22s (Wall time = 41.68s)

    vN Entropy at center bond b=151 = 1.390793768649
    Eigs at center bond b=151: 0.4861 0.2745 0.1230 0.0726 0.0118 0.0078 0.0072 0.0042 0.0027 0.0018 
    Largest link dim during sweep 40/87 was 160
    Largest truncation error: 2.28553e-08
    Energy after sweep 40/87 is -159.372175429812
    Sweep 40/87 CPU time = 10m, 30s (Wall time = 42.49s)

    vN Entropy at center bond b=151 = 1.390818076189
    Eigs at center bond b=151: 0.4861 0.2745 0.1230 0.0726 0.0118 0.0078 0.0072 0.0042 0.0027 0.0018 
    Largest link dim during sweep 41/87 was 160
    Largest truncation error: 2.2949e-08
    Energy after sweep 41/87 is -159.372175445546
    Sweep 41/87 CPU time = 10m, 51s (Wall time = 44.94s)

    vN Entropy at center bond b=151 = 1.390822949590
    Eigs at center bond b=151: 0.4861 0.2745 0.1230 0.0726 0.0118 0.0078 0.0072 0.0042 0.0027 0.0018 
    Largest link dim during sweep 42/87 was 160
    Largest truncation error: 2.29749e-08
    Energy after sweep 42/87 is -159.372175443836
    Sweep 42/87 CPU time = 10m, 41s (Wall time = 44.17s)

    vN Entropy at center bond b=151 = 1.390824148420
    Eigs at center bond b=151: 0.4861 0.2745 0.1230 0.0726 0.0118 0.0078 0.0072 0.0042 0.0027 0.0018 
    Largest link dim during sweep 43/87 was 160
    Largest truncation error: 2.29831e-08
    Energy after sweep 43/87 is -159.372175445931
    Sweep 43/87 CPU time = 10m, 41s (Wall time = 43.54s)

    vN Entropy at center bond b=151 = 1.390824572292
    Eigs at center bond b=151: 0.4861 0.2745 0.1230 0.0726 0.0118 0.0078 0.0072 0.0042 0.0027 0.0018 
    Largest link dim during sweep 44/87 was 160
    Largest truncation error: 2.29861e-08
    Energy after sweep 44/87 is -159.372175446600
    Sweep 44/87 CPU time = 10m, 42s (Wall time = 44.45s)

    vN Entropy at center bond b=151 = 1.390824765242
    Eigs at center bond b=151: 0.4861 0.2745 0.1230 0.0726 0.0118 0.0078 0.0072 0.0042 0.0027 0.0018 
    Largest link dim during sweep 45/87 was 160
    Largest truncation error: 2.29873e-08
    Energy after sweep 45/87 is -159.372175447254
    Sweep 45/87 CPU time = 10m, 43s (Wall time = 44.30s)

    vN Entropy at center bond b=151 = 1.390824876639
    Eigs at center bond b=151: 0.4861 0.2745 0.1230 0.0726 0.0118 0.0078 0.0072 0.0042 0.0027 0.0018 
    Largest link dim during sweep 46/87 was 160
    Largest truncation error: 2.29879e-08
    Energy after sweep 46/87 is -159.372175447428
    Sweep 46/87 CPU time = 10m, 15s (Wall time = 40.32s)

    vN Entropy at center bond b=151 = 1.390824943756
    Eigs at center bond b=151: 0.4861 0.2745 0.1230 0.0726 0.0118 0.0078 0.0072 0.0042 0.0027 0.0018 
    Largest link dim during sweep 47/87 was 160
    Largest truncation error: 2.29881e-08
    Energy after sweep 47/87 is -159.372175447435
    Sweep 47/87 CPU time = 9m, 48.5s (Wall time = 38.38s)

    vN Entropy at center bond b=151 = 1.390825000458
    Eigs at center bond b=151: 0.4861 0.2745 0.1230 0.0726 0.0118 0.0078 0.0072 0.0042 0.0027 0.0018 
    Largest link dim during sweep 48/87 was 160
    Largest truncation error: 2.29884e-08
    Energy after sweep 48/87 is -159.372175447470
    Sweep 48/87 CPU time = 10m, 11s (Wall time = 40.04s)

    vN Entropy at center bond b=151 = 1.390825034033
    Eigs at center bond b=151: 0.4861 0.2745 0.1230 0.0726 0.0118 0.0078 0.0072 0.0042 0.0027 0.0018 
    Largest link dim during sweep 49/87 was 160
    Largest truncation error: 2.29888e-08
    Energy after sweep 49/87 is -159.372175447584
    Sweep 49/87 CPU time = 10m, 31s (Wall time = 41.82s)

    vN Entropy at center bond b=151 = 1.390825057719
    Eigs at center bond b=151: 0.4861 0.2745 0.1230 0.0726 0.0118 0.0078 0.0072 0.0042 0.0027 0.0018 
    Largest link dim during sweep 50/87 was 160
    Largest truncation error: 2.29898e-08
    Energy after sweep 50/87 is -159.372175447622
    Sweep 50/87 CPU time = 10m, 33s (Wall time = 41.82s)

    vN Entropy at center bond b=151 = 1.390825080914
    Eigs at center bond b=151: 0.4861 0.2745 0.1230 0.0726 0.0118 0.0078 0.0072 0.0042 0.0027 0.0018 
    Largest link dim during sweep 51/87 was 160
    Largest truncation error: 2.29908e-08
    Energy after sweep 51/87 is -159.372175447518
    Sweep 51/87 CPU time = 10m, 27s (Wall time = 41.27s)

    vN Entropy at center bond b=151 = 1.390825104398
    Eigs at center bond b=151: 0.4861 0.2745 0.1230 0.0726 0.0118 0.0078 0.0072 0.0042 0.0027 0.0018 
    Largest link dim during sweep 52/87 was 160
    Largest truncation error: 2.29915e-08
    Energy after sweep 52/87 is -159.372175447294
    Sweep 52/87 CPU time = 10m, 31s (Wall time = 41.58s)

    vN Entropy at center bond b=151 = 1.390825126651
    Eigs at center bond b=151: 0.4861 0.2745 0.1230 0.0726 0.0118 0.0078 0.0072 0.0042 0.0027 0.0018 
    Largest link dim during sweep 53/87 was 160
    Largest truncation error: 2.2992e-08
    Energy after sweep 53/87 is -159.372175447030
    Sweep 53/87 CPU time = 10m, 17s (Wall time = 40.47s)

    vN Entropy at center bond b=151 = 1.390825147548
    Eigs at center bond b=151: 0.4861 0.2745 0.1230 0.0726 0.0118 0.0078 0.0072 0.0042 0.0027 0.0018 
    Largest link dim during sweep 54/87 was 160
    Largest truncation error: 2.29922e-08
    Energy after sweep 54/87 is -159.372175446802
    Sweep 54/87 CPU time = 9m, 54.7s (Wall time = 38.78s)

    vN Entropy at center bond b=151 = 1.390825175509
    Eigs at center bond b=151: 0.4861 0.2745 0.1230 0.0726 0.0118 0.0078 0.0072 0.0042 0.0027 0.0018 
    Largest link dim during sweep 55/87 was 160
    Largest truncation error: 2.29923e-08
    Energy after sweep 55/87 is -159.372175446821
    Sweep 55/87 CPU time = 9m, 50.0s (Wall time = 38.25s)

    vN Entropy at center bond b=151 = 1.390825250301
    Eigs at center bond b=151: 0.4861 0.2745 0.1230 0.0726 0.0118 0.0078 0.0072 0.0042 0.0027 0.0018 
    Largest link dim during sweep 56/87 was 160
    Largest truncation error: 2.29924e-08
    Energy after sweep 56/87 is -159.372175448548
    Sweep 56/87 CPU time = 9m, 50.2s (Wall time = 37.95s)

    vN Entropy at center bond b=151 = 1.390825296781
    Eigs at center bond b=151: 0.4861 0.2745 0.1230 0.0726 0.0118 0.0078 0.0072 0.0042 0.0027 0.0018 
    Largest link dim during sweep 57/87 was 160
    Largest truncation error: 2.29924e-08
    Energy after sweep 57/87 is -159.372175448972
    Sweep 57/87 CPU time = 9m, 50.5s (Wall time = 38.23s)

    vN Entropy at center bond b=151 = 1.390825318185
    Eigs at center bond b=151: 0.4861 0.2745 0.1230 0.0726 0.0118 0.0078 0.0072 0.0042 0.0027 0.0018 
    Largest link dim during sweep 58/87 was 160
    Largest truncation error: 2.29925e-08
    Energy after sweep 58/87 is -159.372175449328
    Sweep 58/87 CPU time = 10m, 33s (Wall time = 42.37s)

    vN Entropy at center bond b=151 = 1.392677782369
    Eigs at center bond b=151: 0.4857 0.2744 0.1230 0.0726 0.0119 0.0079 0.0072 0.0042 0.0027 0.0019 
    Largest link dim during sweep 59/87 was 320
    Largest truncation error: 3.38767e-10
    Energy after sweep 59/87 is -159.372213426692
    Sweep 59/87 CPU time = 37m, 27s (Wall time = 2m, 31.9s)

    vN Entropy at center bond b=151 = 1.393142083338
    Eigs at center bond b=151: 0.4857 0.2744 0.1230 0.0726 0.0119 0.0079 0.0072 0.0042 0.0027 0.0019 
    Largest link dim during sweep 60/87 was 320
    Largest truncation error: 6.05896e-10
    Energy after sweep 60/87 is -159.372213702720
    Sweep 60/87 CPU time = 49m, 60s (Wall time = 3m, 18.7s)

    vN Entropy at center bond b=151 = 1.393164731506
    Eigs at center bond b=151: 0.4857 0.2744 0.1230 0.0726 0.0119 0.0079 0.0072 0.0042 0.0027 0.0019 
    Largest link dim during sweep 61/87 was 320
    Largest truncation error: 6.39469e-10
    Energy after sweep 61/87 is -159.372213706066
    Sweep 61/87 CPU time = 46m, 52s (Wall time = 3m, 3.0s)

    vN Entropy at center bond b=151 = 1.393167126081
    Eigs at center bond b=151: 0.4857 0.2744 0.1230 0.0726 0.0119 0.0079 0.0072 0.0042 0.0027 0.0019 
    Largest link dim during sweep 62/87 was 320
    Largest truncation error: 6.46003e-10
    Energy after sweep 62/87 is -159.372213705769
    Sweep 62/87 CPU time = 48m, 46s (Wall time = 3m, 13.5s)

    vN Entropy at center bond b=151 = 1.393167550452
    Eigs at center bond b=151: 0.4857 0.2744 0.1230 0.0726 0.0119 0.0079 0.0072 0.0042 0.0027 0.0019 
    Largest link dim during sweep 63/87 was 320
    Largest truncation error: 6.4753e-10
    Energy after sweep 63/87 is -159.372213705611
    Sweep 63/87 CPU time = 47m, 55s (Wall time = 3m, 9.0s)

    vN Entropy at center bond b=151 = 1.393167639365
    Eigs at center bond b=151: 0.4857 0.2744 0.1230 0.0726 0.0119 0.0079 0.0072 0.0042 0.0027 0.0019 
    Largest link dim during sweep 64/87 was 320
    Largest truncation error: 6.47955e-10
    Energy after sweep 64/87 is -159.372213705528
    Sweep 64/87 CPU time = 49m, 16s (Wall time = 3m, 16.9s)

    vN Entropy at center bond b=151 = 1.393167663560
    Eigs at center bond b=151: 0.4857 0.2744 0.1230 0.0726 0.0119 0.0079 0.0072 0.0042 0.0027 0.0019 
    Largest link dim during sweep 65/87 was 320
    Largest truncation error: 6.4809e-10
    Energy after sweep 65/87 is -159.372213705496
    Sweep 65/87 CPU time = 49m, 2s (Wall time = 3m, 16.3s)

    vN Entropy at center bond b=151 = 1.393167671159
    Eigs at center bond b=151: 0.4857 0.2744 0.1230 0.0726 0.0119 0.0079 0.0072 0.0042 0.0027 0.0019 
    Largest link dim during sweep 66/87 was 320
    Largest truncation error: 6.4814e-10
    Energy after sweep 66/87 is -159.372213705485
    Sweep 66/87 CPU time = 49m, 17s (Wall time = 3m, 17.0s)

    vN Entropy at center bond b=151 = 1.393167673279
    Eigs at center bond b=151: 0.4857 0.2744 0.1230 0.0726 0.0119 0.0079 0.0072 0.0042 0.0027 0.0019 
    Largest link dim during sweep 67/87 was 320
    Largest truncation error: 6.48161e-10
    Energy after sweep 67/87 is -159.372213705475
    Sweep 67/87 CPU time = 49m, 32s (Wall time = 3m, 17.8s)

    vN Entropy at center bond b=151 = 1.393167674440
    Eigs at center bond b=151: 0.4857 0.2744 0.1230 0.0726 0.0119 0.0079 0.0072 0.0042 0.0027 0.0019 
    Largest link dim during sweep 68/87 was 320
    Largest truncation error: 6.48172e-10
    Energy after sweep 68/87 is -159.372213705475
    Sweep 68/87 CPU time = 49m, 32s (Wall time = 3m, 18.1s)

    vN Entropy at center bond b=151 = 1.393167675963
    Eigs at center bond b=151: 0.4857 0.2744 0.1230 0.0726 0.0119 0.0079 0.0072 0.0042 0.0027 0.0019 
    Largest link dim during sweep 69/87 was 320
    Largest truncation error: 6.48179e-10
    Energy after sweep 69/87 is -159.372213705489
    Sweep 69/87 CPU time = 48m, 59s (Wall time = 3m, 15.9s)

    vN Entropy at center bond b=151 = 1.393167676983
    Eigs at center bond b=151: 0.4857 0.2744 0.1230 0.0726 0.0119 0.0079 0.0072 0.0042 0.0027 0.0019 
    Largest link dim during sweep 70/87 was 320
    Largest truncation error: 6.48184e-10
    Energy after sweep 70/87 is -159.372213705484
    Sweep 70/87 CPU time = 49m, 4s (Wall time = 3m, 16.1s)

    vN Entropy at center bond b=151 = 1.393167677608
    Eigs at center bond b=151: 0.4857 0.2744 0.1230 0.0726 0.0119 0.0079 0.0072 0.0042 0.0027 0.0019 
    Largest link dim during sweep 71/87 was 320
    Largest truncation error: 6.48186e-10
    Energy after sweep 71/87 is -159.372213705485
    Sweep 71/87 CPU time = 49m, 7s (Wall time = 3m, 16.4s)

    vN Entropy at center bond b=151 = 1.393167677914
    Eigs at center bond b=151: 0.4857 0.2744 0.1230 0.0726 0.0119 0.0079 0.0072 0.0042 0.0027 0.0019 
    Largest link dim during sweep 72/87 was 320
    Largest truncation error: 6.48188e-10
    Energy after sweep 72/87 is -159.372213705485
    Sweep 72/87 CPU time = 49m, 11s (Wall time = 3m, 16.6s)

    vN Entropy at center bond b=151 = 1.393167678014
    Eigs at center bond b=151: 0.4857 0.2744 0.1230 0.0726 0.0119 0.0079 0.0072 0.0042 0.0027 0.0019 
    Largest link dim during sweep 73/87 was 320
    Largest truncation error: 6.48189e-10
    Energy after sweep 73/87 is -159.372213705477
    Sweep 73/87 CPU time = 49m, 16s (Wall time = 3m, 16.8s)

    vN Entropy at center bond b=151 = 1.393167678142
    Eigs at center bond b=151: 0.4857 0.2744 0.1230 0.0726 0.0119 0.0079 0.0072 0.0042 0.0027 0.0019 
    Largest link dim during sweep 74/87 was 320
    Largest truncation error: 6.48191e-10
    Energy after sweep 74/87 is -159.372213705475
    Sweep 74/87 CPU time = 49m, 10s (Wall time = 3m, 16.4s)

    vN Entropy at center bond b=151 = 1.393236080455
    Eigs at center bond b=151: 0.4857 0.2744 0.1230 0.0726 0.0119 0.0079 0.0072 0.0042 0.0027 0.0019 
    Largest link dim during sweep 75/87 was 640
    Largest truncation error: 7.03173e-12
    Energy after sweep 75/87 is -159.372214639096
    Sweep 75/87 CPU time = 2h, 15m, 42s (Wall time = 9m, 1.9s)

    vN Entropy at center bond b=151 = 1.393259931386
    Eigs at center bond b=151: 0.4857 0.2744 0.1230 0.0726 0.0119 0.0079 0.0072 0.0042 0.0027 0.0019 
    Largest link dim during sweep 76/87 was 640
    Largest truncation error: 9.73773e-12
    Energy after sweep 76/87 is -159.372214646461
    Sweep 76/87 CPU time = 2h, 46m, 32s (Wall time = 11m, 1s)

    vN Entropy at center bond b=151 = 1.393261532804
    Eigs at center bond b=151: 0.4857 0.2744 0.1230 0.0726 0.0119 0.0079 0.0072 0.0042 0.0027 0.0019 
    Largest link dim during sweep 77/87 was 640
    Largest truncation error: 9.97188e-12
    Energy after sweep 77/87 is -159.372214646724
    Sweep 77/87 CPU time = 2h, 44m, 22s (Wall time = 10m, 57s)

    vN Entropy at center bond b=151 = 1.393261741797
    Eigs at center bond b=151: 0.4857 0.2744 0.1230 0.0726 0.0119 0.0079 0.0072 0.0042 0.0027 0.0019 
    Largest link dim during sweep 78/87 was 640
    Largest truncation error: 1.0111e-11
    Energy after sweep 78/87 is -159.372214646736
    Sweep 78/87 CPU time = 2h, 43m, 34s (Wall time = 10m, 54s)

    vN Entropy at center bond b=151 = 1.393261784361
    Eigs at center bond b=151: 0.4857 0.2744 0.1230 0.0726 0.0119 0.0079 0.0072 0.0042 0.0027 0.0019 
    Largest link dim during sweep 79/87 was 640
    Largest truncation error: 1.01629e-11
    Energy after sweep 79/87 is -159.372214646726
    Sweep 79/87 CPU time = 2h, 44m, 28s (Wall time = 10m, 57s)

    vN Entropy at center bond b=151 = 1.393261795560
    Eigs at center bond b=151: 0.4857 0.2744 0.1230 0.0726 0.0119 0.0079 0.0072 0.0042 0.0027 0.0019 
    Largest link dim during sweep 80/87 was 640
    Largest truncation error: 1.01781e-11
    Energy after sweep 80/87 is -159.372214646721
    Sweep 80/87 CPU time = 2h, 43m, 39s (Wall time = 10m, 54s)

    vN Entropy at center bond b=151 = 1.393261799349
    Eigs at center bond b=151: 0.4857 0.2744 0.1230 0.0726 0.0119 0.0079 0.0072 0.0042 0.0027 0.0019 
    Largest link dim during sweep 81/87 was 640
    Largest truncation error: 1.01904e-11
    Energy after sweep 81/87 is -159.372214646722
    Sweep 81/87 CPU time = 2h, 43m, 40s (Wall time = 10m, 54s)

    vN Entropy at center bond b=151 = 1.393261800639
    Eigs at center bond b=151: 0.4857 0.2744 0.1230 0.0726 0.0119 0.0079 0.0072 0.0042 0.0027 0.0019 
    Largest link dim during sweep 82/87 was 640
    Largest truncation error: 1.01944e-11
    Energy after sweep 82/87 is -159.372214646728
    Sweep 82/87 CPU time = 2h, 44m, 36s (Wall time = 10m, 57s)

    vN Entropy at center bond b=151 = 1.393263148301
    Eigs at center bond b=151: 0.4857 0.2744 0.1230 0.0726 0.0119 0.0079 0.0072 0.0042 0.0027 0.0019 
    Largest link dim during sweep 83/87 was 926
    Largest truncation error: 7.47726e-13
    Energy after sweep 83/87 is -159.372214658087
    Sweep 83/87 CPU time = 4h, 3m, 42s (Wall time = 17m, 7s)

    vN Entropy at center bond b=151 = 1.393263871794
    Eigs at center bond b=151: 0.4857 0.2744 0.1230 0.0726 0.0119 0.0079 0.0072 0.0042 0.0027 0.0019 
    Largest link dim during sweep 84/87 was 1280
    Largest truncation error: 7.78797e-14
    Energy after sweep 84/87 is -159.372214661285
    Sweep 84/87 CPU time = 8h, 29m, 60s (Wall time = 38m, 9s)

    vN Entropy at center bond b=151 = 1.393263974806
    Eigs at center bond b=151: 0.4857 0.2744 0.1230 0.0726 0.0119 0.0079 0.0072 0.0042 0.0027 0.0019 
    Largest link dim during sweep 85/87 was 1280
    Largest truncation error: 7.8045e-14
    Energy after sweep 85/87 is -159.372214661314
    Sweep 85/87 CPU time = 10h, 17m, 2s (Wall time = 45m, 5s)

    vN Entropy at center bond b=151 = 1.393263983299
    Eigs at center bond b=151: 0.4857 0.2744 0.1230 0.0726 0.0119 0.0079 0.0072 0.0042 0.0027 0.0019 
    Largest link dim during sweep 86/87 was 1280
    Largest truncation error: 7.84943e-14
    Energy after sweep 86/87 is -159.372214661325
    Sweep 86/87 CPU time = 10h, 23m, 25s (Wall time = 44m, 52s)

    vN Entropy at center bond b=151 = 1.393263984567
    Eigs at center bond b=151: 0.4857 0.2744 0.1230 0.0726 0.0119 0.0079 0.0072 0.0042 0.0027 0.0019 
    Largest link dim during sweep 87/87 was 1280
    Largest truncation error: 7.90865e-14
    Energy after sweep 87/87 is -159.372214661326
    Sweep 87/87 CPU time = 10h, 24m, 33s (Wall time = 44m, 33s)
Initial energy = 0.01500

Ground State Energy = -159.3722146613
run_outputs/outputpsi/N_303_sweep_87_t_0.030000_J_1.000000_V_0.600000_D_0.018000_U_1.100000_mu_0.000000_E_0.005000 converge
Wall-clock time (s) = 134158.478996
