//////////////////////////
Reading input file ......

Got input.N = 300
Got input.t = 0.03
Got input.J = 1
Got input.V = 0.6
Got input.D = 0.018
Got input.U = 1.2
Got input.mu = 0.02
Got input.E = 0.005
Got input.nsweeps = 87
Sweeps:
1  MaxDim=20, MinDim=20, Cutoff=1.0E-06, Niter=8, Noise=1.0E-05
2  MaxDim=20, MinDim=20, Cutoff=1.0E-06, Niter=8, Noise=1.0E-05
3  MaxDim=20, MinDim=20, Cutoff=1.0E-06, Niter=8, Noise=1.0E-05
4  MaxDim=20, MinDim=20, Cutoff=1.0E-06, Niter=8, Noise=1.0E-05
5  MaxDim=20, MinDim=20, Cutoff=1.0E-06, Niter=8, Noise=1.0E-05
6  MaxDim=20, MinDim=20, Cutoff=1.0E-06, Niter=8, Noise=1.0E-05
7  MaxDim=20, MinDim=20, Cutoff=1.0E-06, Niter=8, Noise=1.0E-05
8  MaxDim=40, MinDim=20, Cutoff=1.0E-06, Niter=4, Noise=1.0E-05
9  MaxDim=40, MinDim=20, Cutoff=1.0E-06, Niter=4, Noise=1.0E-05
10  MaxDim=40, MinDim=20, Cutoff=1.0E-06, Niter=4, Noise=1.0E-05
11  MaxDim=40, MinDim=20, Cutoff=1.0E-06, Niter=4, Noise=1.0E-05
12  MaxDim=40, MinDim=20, Cutoff=1.0E-06, Niter=4, Noise=1.0E-05
13  MaxDim=40, MinDim=20, Cutoff=1.0E-06, Niter=4, Noise=1.0E-05
14  MaxDim=40, MinDim=20, Cutoff=1.0E-06, Niter=4, Noise=1.0E-05
15  MaxDim=80, MinDim=10, Cutoff=1.0E-06, Niter=4, Noise=1.0E-05
16  MaxDim=80, MinDim=10, Cutoff=1.0E-06, Niter=4, Noise=1.0E-05
17  MaxDim=80, MinDim=10, Cutoff=1.0E-06, Niter=4, Noise=1.0E-05
18  MaxDim=80, MinDim=10, Cutoff=1.0E-06, Niter=4, Noise=1.0E-05
19  MaxDim=80, MinDim=10, Cutoff=1.0E-06, Niter=4, Noise=1.0E-05
20  MaxDim=80, MinDim=10, Cutoff=1.0E-06, Niter=4, Noise=1.0E-05
21  MaxDim=80, MinDim=10, Cutoff=1.0E-06, Niter=4, Noise=1.0E-05
22  MaxDim=80, MinDim=10, Cutoff=1.0E-06, Niter=4, Noise=1.0E-05
23  MaxDim=80, MinDim=10, Cutoff=1.0E-06, Niter=4, Noise=1.0E-05
24  MaxDim=80, MinDim=10, Cutoff=1.0E-06, Niter=4, Noise=1.0E-05
25  MaxDim=80, MinDim=10, Cutoff=1.0E-06, Niter=4, Noise=1.0E-05
26  MaxDim=80, MinDim=10, Cutoff=1.0E-06, Niter=4, Noise=1.0E-05
27  MaxDim=80, MinDim=10, Cutoff=1.0E-06, Niter=4, Noise=1.0E-05
28  MaxDim=80, MinDim=10, Cutoff=1.0E-06, Niter=4, Noise=1.0E-05
29  MaxDim=80, MinDim=10, Cutoff=1.0E-06, Niter=4, Noise=1.0E-05
30  MaxDim=80, MinDim=10, Cutoff=1.0E-06, Niter=4, Noise=1.0E-05
31  MaxDim=80, MinDim=10, Cutoff=1.0E-06, Niter=4, Noise=1.0E-05
32  MaxDim=80, MinDim=10, Cutoff=1.0E-06, Niter=4, Noise=1.0E-05
33  MaxDim=80, MinDim=10, Cutoff=1.0E-06, Niter=4, Noise=1.0E-05
34  MaxDim=80, MinDim=10, Cutoff=1.0E-06, Niter=4, Noise=1.0E-05
35  MaxDim=80, MinDim=10, Cutoff=1.0E-06, Niter=4, Noise=1.0E-05
36  MaxDim=80, MinDim=10, Cutoff=1.0E-06, Niter=4, Noise=1.0E-05
37  MaxDim=160, MinDim=10, Cutoff=1.0E-08, Niter=4, Noise=1.0E-06
38  MaxDim=160, MinDim=10, Cutoff=1.0E-08, Niter=4, Noise=1.0E-06
39  MaxDim=160, MinDim=10, Cutoff=1.0E-08, Niter=4, Noise=1.0E-06
40  MaxDim=160, MinDim=10, Cutoff=1.0E-08, Niter=4, Noise=1.0E-06
41  MaxDim=160, MinDim=10, Cutoff=1.0E-08, Niter=4, Noise=1.0E-06
42  MaxDim=160, MinDim=10, Cutoff=1.0E-08, Niter=4, Noise=1.0E-06
43  MaxDim=160, MinDim=10, Cutoff=1.0E-08, Niter=4, Noise=1.0E-06
44  MaxDim=160, MinDim=10, Cutoff=1.0E-08, Niter=4, Noise=1.0E-06
45  MaxDim=160, MinDim=10, Cutoff=1.0E-08, Niter=4, Noise=1.0E-06
46  MaxDim=160, MinDim=10, Cutoff=1.0E-08, Niter=4, Noise=1.0E-06
47  MaxDim=160, MinDim=10, Cutoff=1.0E-08, Niter=4, Noise=1.0E-06
48  MaxDim=160, MinDim=10, Cutoff=1.0E-08, Niter=4, Noise=1.0E-06
49  MaxDim=160, MinDim=10, Cutoff=1.0E-08, Niter=4, Noise=1.0E-06
50  MaxDim=160, MinDim=10, Cutoff=1.0E-08, Niter=4, Noise=1.0E-06
51  MaxDim=160, MinDim=10, Cutoff=1.0E-08, Niter=4, Noise=1.0E-06
52  MaxDim=160, MinDim=10, Cutoff=1.0E-08, Niter=4, Noise=1.0E-06
53  MaxDim=160, MinDim=10, Cutoff=1.0E-08, Niter=4, Noise=1.0E-06
54  MaxDim=160, MinDim=10, Cutoff=1.0E-08, Niter=4, Noise=1.0E-06
55  MaxDim=160, MinDim=10, Cutoff=1.0E-08, Niter=4, Noise=1.0E-06
56  MaxDim=160, MinDim=10, Cutoff=1.0E-08, Niter=4, Noise=1.0E-06
57  MaxDim=160, MinDim=10, Cutoff=1.0E-08, Niter=4, Noise=1.0E-06
58  MaxDim=160, MinDim=10, Cutoff=1.0E-08, Niter=4, Noise=1.0E-06
59  MaxDim=320, MinDim=10, Cutoff=1.0E-10, Niter=4, Noise=1.0E-07
60  MaxDim=320, MinDim=10, Cutoff=1.0E-10, Niter=4, Noise=1.0E-07
61  MaxDim=320, MinDim=10, Cutoff=1.0E-10, Niter=4, Noise=1.0E-07
62  MaxDim=320, MinDim=10, Cutoff=1.0E-10, Niter=4, Noise=1.0E-07
63  MaxDim=320, MinDim=10, Cutoff=1.0E-10, Niter=4, Noise=1.0E-07
64  MaxDim=320, MinDim=10, Cutoff=1.0E-10, Niter=4, Noise=1.0E-07
65  MaxDim=320, MinDim=10, Cutoff=1.0E-10, Niter=4, Noise=1.0E-07
66  MaxDim=320, MinDim=10, Cutoff=1.0E-10, Niter=4, Noise=1.0E-07
67  MaxDim=320, MinDim=10, Cutoff=1.0E-10, Niter=4, Noise=1.0E-07
68  MaxDim=320, MinDim=10, Cutoff=1.0E-10, Niter=4, Noise=1.0E-07
69  MaxDim=320, MinDim=10, Cutoff=1.0E-10, Niter=4, Noise=1.0E-07
70  MaxDim=320, MinDim=10, Cutoff=1.0E-10, Niter=4, Noise=1.0E-07
71  MaxDim=320, MinDim=10, Cutoff=1.0E-10, Niter=4, Noise=1.0E-07
72  MaxDim=320, MinDim=10, Cutoff=1.0E-10, Niter=4, Noise=1.0E-07
73  MaxDim=320, MinDim=10, Cutoff=1.0E-10, Niter=4, Noise=1.0E-07
74  MaxDim=320, MinDim=10, Cutoff=1.0E-10, Niter=4, Noise=1.0E-07
75  MaxDim=640, MinDim=10, Cutoff=1.0E-12, Niter=2, Noise=1.0E-08
76  MaxDim=640, MinDim=10, Cutoff=1.0E-12, Niter=2, Noise=1.0E-08
77  MaxDim=640, MinDim=10, Cutoff=1.0E-12, Niter=2, Noise=1.0E-08
78  MaxDim=640, MinDim=10, Cutoff=1.0E-12, Niter=2, Noise=1.0E-08
79  MaxDim=640, MinDim=10, Cutoff=1.0E-12, Niter=2, Noise=1.0E-08
80  MaxDim=640, MinDim=10, Cutoff=1.0E-12, Niter=2, Noise=1.0E-08
81  MaxDim=640, MinDim=10, Cutoff=1.0E-12, Niter=2, Noise=1.0E-08
82  MaxDim=640, MinDim=10, Cutoff=1.0E-12, Niter=2, Noise=1.0E-08
83  MaxDim=1280, MinDim=10, Cutoff=1.0E-12, Niter=2, Noise=0.0E+00
84  MaxDim=1280, MinDim=10, Cutoff=1.0E-14, Niter=2, Noise=0.0E+00
85  MaxDim=1280, MinDim=10, Cutoff=1.0E-14, Niter=2, Noise=0.0E+00
86  MaxDim=1280, MinDim=10, Cutoff=1.0E-14, Niter=2, Noise=0.0E+00
87  MaxDim=1280, MinDim=10, Cutoff=1.0E-14, Niter=2, Noise=0.0E+00


    vN Entropy at center bond b=150 = 0.536190108731
    Eigs at center bond b=150: 0.8419 0.1308 0.0177 0.0066 0.0015 
    Largest link dim during sweep 1/87 was 20
    Largest truncation error: 1.29158e-05
    Energy after sweep 1/87 is -154.350598700616
    Sweep 1/87 CPU time = 18.08s (Wall time = 1.177s)

    vN Entropy at center bond b=150 = 0.687096901373
    Eigs at center bond b=150: 0.7891 0.1613 0.0324 0.0073 0.0049 0.0034 
    Largest link dim during sweep 2/87 was 20
    Largest truncation error: 1.02418e-05
    Energy after sweep 2/87 is -154.389503339460
    Sweep 2/87 CPU time = 25.20s (Wall time = 1.622s)

    vN Entropy at center bond b=150 = 0.700829724082
    Eigs at center bond b=150: 0.7842 0.1638 0.0338 0.0074 0.0052 0.0037 
    Largest link dim during sweep 3/87 was 20
    Largest truncation error: 1.3388e-05
    Energy after sweep 3/87 is -154.390628525389
    Sweep 3/87 CPU time = 25.28s (Wall time = 1.619s)

    vN Entropy at center bond b=150 = 0.703127196197
    Eigs at center bond b=150: 0.7834 0.1643 0.0340 0.0074 0.0053 0.0038 
    Largest link dim during sweep 4/87 was 20
    Largest truncation error: 1.42785e-05
    Energy after sweep 4/87 is -154.390775752193
    Sweep 4/87 CPU time = 25.30s (Wall time = 1.621s)

    vN Entropy at center bond b=150 = 0.703673908719
    Eigs at center bond b=150: 0.7832 0.1644 0.0340 0.0074 0.0053 0.0038 
    Largest link dim during sweep 5/87 was 20
    Largest truncation error: 1.42e-05
    Energy after sweep 5/87 is -154.390832367897
    Sweep 5/87 CPU time = 25.25s (Wall time = 1.619s)

    vN Entropy at center bond b=150 = 0.703787610938
    Eigs at center bond b=150: 0.7831 0.1645 0.0340 0.0074 0.0053 0.0038 
    Largest link dim during sweep 6/87 was 20
    Largest truncation error: 1.42737e-05
    Energy after sweep 6/87 is -154.390863008701
    Sweep 6/87 CPU time = 25.27s (Wall time = 1.619s)

    vN Entropy at center bond b=150 = 0.703809472336
    Eigs at center bond b=150: 0.7831 0.1645 0.0340 0.0074 0.0053 0.0038 
    Largest link dim during sweep 7/87 was 20
    Largest truncation error: 1.42671e-05
    Energy after sweep 7/87 is -154.390880085784
    Sweep 7/87 CPU time = 25.23s (Wall time = 1.618s)

    vN Entropy at center bond b=150 = 0.749770222128
    Eigs at center bond b=150: 0.7685 0.1703 0.0390 0.0079 0.0065 0.0049 0.0012 
    Largest link dim during sweep 8/87 was 40
    Largest truncation error: 7.74306e-07
    Energy after sweep 8/87 is -154.413043319839
    Sweep 8/87 CPU time = 23.62s (Wall time = 1.513s)

    vN Entropy at center bond b=150 = 0.807172456515
    Eigs at center bond b=150: 0.7509 0.1761 0.0452 0.0094 0.0078 0.0058 0.0018 0.0014 
    Largest link dim during sweep 9/87 was 40
    Largest truncation error: 1.42667e-06
    Energy after sweep 9/87 is -154.416479953096
    Sweep 9/87 CPU time = 36.64s (Wall time = 2.357s)

    vN Entropy at center bond b=150 = 0.843676289724
    Eigs at center bond b=150: 0.7405 0.1779 0.0495 0.0108 0.0089 0.0061 0.0023 0.0020 
    Largest link dim during sweep 10/87 was 40
    Largest truncation error: 1.79243e-06
    Energy after sweep 10/87 is -154.416908470433
    Sweep 10/87 CPU time = 37.99s (Wall time = 2.458s)

    vN Entropy at center bond b=150 = 0.862864297329
    Eigs at center bond b=150: 0.7352 0.1782 0.0521 0.0116 0.0095 0.0063 0.0025 0.0022 
    Largest link dim during sweep 11/87 was 40
    Largest truncation error: 1.92633e-06
    Energy after sweep 11/87 is -154.417015075497
    Sweep 11/87 CPU time = 37.39s (Wall time = 2.397s)

    vN Entropy at center bond b=150 = 0.874745966604
    Eigs at center bond b=150: 0.7319 0.1783 0.0539 0.0121 0.0099 0.0064 0.0027 0.0024 
    Largest link dim during sweep 12/87 was 40
    Largest truncation error: 2.00237e-06
    Energy after sweep 12/87 is -154.417058613988
    Sweep 12/87 CPU time = 38.21s (Wall time = 2.453s)

    vN Entropy at center bond b=150 = 0.883048722565
    Eigs at center bond b=150: 0.7295 0.1784 0.0551 0.0125 0.0102 0.0064 0.0028 0.0025 
    Largest link dim during sweep 13/87 was 40
    Largest truncation error: 2.05239e-06
    Energy after sweep 13/87 is -154.417079256254
    Sweep 13/87 CPU time = 38.28s (Wall time = 2.471s)

    vN Entropy at center bond b=150 = 0.889242590088
    Eigs at center bond b=150: 0.7277 0.1785 0.0561 0.0128 0.0105 0.0064 0.0028 0.0026 
    Largest link dim during sweep 14/87 was 40
    Largest truncation error: 2.08571e-06
    Energy after sweep 14/87 is -154.417092376342
    Sweep 14/87 CPU time = 38.13s (Wall time = 2.451s)

    vN Entropy at center bond b=150 = 0.925626249427
    Eigs at center bond b=150: 0.7165 0.1803 0.0608 0.0146 0.0120 0.0065 0.0032 0.0030 0.0010 
    Largest link dim during sweep 15/87 was 54
    Largest truncation error: 7.53055e-07
    Energy after sweep 15/87 is -154.419586112839
    Sweep 15/87 CPU time = 49.94s (Wall time = 3.205s)

    vN Entropy at center bond b=150 = 1.007143216843
    Eigs at center bond b=150: 0.6889 0.1856 0.0727 0.0190 0.0154 0.0066 0.0038 0.0036 0.0016 
    Largest link dim during sweep 16/87 was 59
    Largest truncation error: 7.6393e-07
    Energy after sweep 16/87 is -154.420693629896
    Sweep 16/87 CPU time = 59.87s (Wall time = 3.863s)

    vN Entropy at center bond b=150 = 1.094071172568
    Eigs at center bond b=150: 0.6541 0.1971 0.0844 0.0257 0.0179 0.0066 0.0046 0.0038 0.0023 
    Largest link dim during sweep 17/87 was 64
    Largest truncation error: 7.32886e-07
    Energy after sweep 17/87 is -154.421577591699
    Sweep 17/87 CPU time = 1m, 7.2s (Wall time = 4.324s)

    vN Entropy at center bond b=150 = 1.149273119107
    Eigs at center bond b=150: 0.6286 0.2093 0.0893 0.0313 0.0188 0.0065 0.0054 0.0039 0.0027 
    Largest link dim during sweep 18/87 was 68
    Largest truncation error: 7.22091e-07
    Energy after sweep 18/87 is -154.422107827826
    Sweep 18/87 CPU time = 1m, 14.2s (Wall time = 4.761s)

    vN Entropy at center bond b=150 = 1.169671740791
    Eigs at center bond b=150: 0.6188 0.2145 0.0904 0.0336 0.0192 0.0065 0.0058 0.0040 0.0028 0.0010 
    Largest link dim during sweep 19/87 was 69
    Largest truncation error: 7.26396e-07
    Energy after sweep 19/87 is -154.422317138251
    Sweep 19/87 CPU time = 1m, 18.7s (Wall time = 5.056s)

    vN Entropy at center bond b=150 = 1.175977899426
    Eigs at center bond b=150: 0.6160 0.2159 0.0908 0.0343 0.0193 0.0065 0.0059 0.0040 0.0028 0.0010 
    Largest link dim during sweep 20/87 was 70
    Largest truncation error: 7.27543e-07
    Energy after sweep 20/87 is -154.422396743207
    Sweep 20/87 CPU time = 1m, 20.5s (Wall time = 5.199s)

    vN Entropy at center bond b=150 = 1.178034284052
    Eigs at center bond b=150: 0.6151 0.2162 0.0909 0.0345 0.0194 0.0065 0.0060 0.0040 0.0028 0.0010 
    Largest link dim during sweep 21/87 was 70
    Largest truncation error: 7.27859e-07
    Energy after sweep 21/87 is -154.422421915317
    Sweep 21/87 CPU time = 1m, 21.6s (Wall time = 5.267s)

    vN Entropy at center bond b=150 = 1.178763383658
    Eigs at center bond b=150: 0.6149 0.2163 0.0909 0.0345 0.0194 0.0065 0.0060 0.0040 0.0028 0.0010 
    Largest link dim during sweep 22/87 was 70
    Largest truncation error: 7.2795e-07
    Energy after sweep 22/87 is -154.422428990284
    Sweep 22/87 CPU time = 1m, 22.5s (Wall time = 5.301s)

    vN Entropy at center bond b=150 = 1.179031989910
    Eigs at center bond b=150: 0.6148 0.2163 0.0910 0.0346 0.0194 0.0065 0.0060 0.0040 0.0028 0.0010 
    Largest link dim during sweep 23/87 was 70
    Largest truncation error: 7.27973e-07
    Energy after sweep 23/87 is -154.422432084856
    Sweep 23/87 CPU time = 1m, 25.1s (Wall time = 5.465s)

    vN Entropy at center bond b=150 = 1.179190658756
    Eigs at center bond b=150: 0.6147 0.2163 0.0910 0.0346 0.0194 0.0065 0.0060 0.0040 0.0028 0.0011 
    Largest link dim during sweep 24/87 was 70
    Largest truncation error: 7.27981e-07
    Energy after sweep 24/87 is -154.422435154110
    Sweep 24/87 CPU time = 1m, 29.8s (Wall time = 5.756s)

    vN Entropy at center bond b=150 = 1.179265568247
    Eigs at center bond b=150: 0.6147 0.2164 0.0910 0.0346 0.0194 0.0065 0.0060 0.0040 0.0028 0.0011 
    Largest link dim during sweep 25/87 was 70
    Largest truncation error: 7.27986e-07
    Energy after sweep 25/87 is -154.422436105824
    Sweep 25/87 CPU time = 1m, 31.2s (Wall time = 5.894s)

    vN Entropy at center bond b=150 = 1.179321240752
    Eigs at center bond b=150: 0.6147 0.2164 0.0910 0.0346 0.0195 0.0065 0.0060 0.0040 0.0028 0.0011 
    Largest link dim during sweep 26/87 was 70
    Largest truncation error: 7.27989e-07
    Energy after sweep 26/87 is -154.422437940559
    Sweep 26/87 CPU time = 1m, 33.7s (Wall time = 6.016s)

    vN Entropy at center bond b=150 = 1.179406586305
    Eigs at center bond b=150: 0.6146 0.2164 0.0910 0.0346 0.0195 0.0065 0.0060 0.0040 0.0028 0.0011 
    Largest link dim during sweep 27/87 was 70
    Largest truncation error: 7.27992e-07
    Energy after sweep 27/87 is -154.422438667986
    Sweep 27/87 CPU time = 1m, 38.3s (Wall time = 6.320s)

    vN Entropy at center bond b=150 = 1.179428130160
    Eigs at center bond b=150: 0.6146 0.2164 0.0910 0.0346 0.0195 0.0065 0.0060 0.0040 0.0028 0.0011 
    Largest link dim during sweep 28/87 was 70
    Largest truncation error: 7.27997e-07
    Energy after sweep 28/87 is -154.422438965518
    Sweep 28/87 CPU time = 1m, 38.6s (Wall time = 6.334s)

    vN Entropy at center bond b=150 = 1.179444650391
    Eigs at center bond b=150: 0.6146 0.2164 0.0910 0.0346 0.0195 0.0065 0.0060 0.0040 0.0028 0.0011 
    Largest link dim during sweep 29/87 was 70
    Largest truncation error: 7.27999e-07
    Energy after sweep 29/87 is -154.422439606964
    Sweep 29/87 CPU time = 1m, 38.8s (Wall time = 6.347s)

    vN Entropy at center bond b=150 = 1.179463224145
    Eigs at center bond b=150: 0.6146 0.2164 0.0910 0.0346 0.0195 0.0065 0.0060 0.0040 0.0028 0.0011 
    Largest link dim during sweep 30/87 was 70
    Largest truncation error: 7.28e-07
    Energy after sweep 30/87 is -154.422440491195
    Sweep 30/87 CPU time = 1m, 38.8s (Wall time = 6.364s)

    vN Entropy at center bond b=150 = 1.179470282005
    Eigs at center bond b=150: 0.6146 0.2164 0.0910 0.0346 0.0195 0.0065 0.0060 0.0040 0.0028 0.0011 
    Largest link dim during sweep 31/87 was 70
    Largest truncation error: 7.28001e-07
    Energy after sweep 31/87 is -154.422440561069
    Sweep 31/87 CPU time = 1m, 38.1s (Wall time = 6.333s)

    vN Entropy at center bond b=150 = 1.179472928410
    Eigs at center bond b=150: 0.6146 0.2164 0.0910 0.0346 0.0195 0.0065 0.0060 0.0040 0.0028 0.0011 
    Largest link dim during sweep 32/87 was 70
    Largest truncation error: 7.28001e-07
    Energy after sweep 32/87 is -154.422440619270
    Sweep 32/87 CPU time = 1m, 35.2s (Wall time = 6.114s)

    vN Entropy at center bond b=150 = 1.179474757219
    Eigs at center bond b=150: 0.6146 0.2164 0.0910 0.0346 0.0195 0.0065 0.0060 0.0040 0.0028 0.0011 
    Largest link dim during sweep 33/87 was 70
    Largest truncation error: 7.28001e-07
    Energy after sweep 33/87 is -154.422440675284
    Sweep 33/87 CPU time = 1m, 34.5s (Wall time = 6.062s)

    vN Entropy at center bond b=150 = 1.179476323355
    Eigs at center bond b=150: 0.6146 0.2164 0.0910 0.0346 0.0195 0.0065 0.0060 0.0040 0.0028 0.0011 
    Largest link dim during sweep 34/87 was 70
    Largest truncation error: 7.28001e-07
    Energy after sweep 34/87 is -154.422440717123
    Sweep 34/87 CPU time = 1m, 31.7s (Wall time = 5.889s)

    vN Entropy at center bond b=150 = 1.179477518112
    Eigs at center bond b=150: 0.6146 0.2164 0.0910 0.0346 0.0195 0.0065 0.0060 0.0040 0.0028 0.0011 
    Largest link dim during sweep 35/87 was 70
    Largest truncation error: 7.28001e-07
    Energy after sweep 35/87 is -154.422440741765
    Sweep 35/87 CPU time = 1m, 27.5s (Wall time = 5.615s)

    vN Entropy at center bond b=150 = 1.179478310345
    Eigs at center bond b=150: 0.6146 0.2164 0.0910 0.0346 0.0195 0.0065 0.0060 0.0040 0.0028 0.0011 
    Largest link dim during sweep 36/87 was 71
    Largest truncation error: 7.28001e-07
    Energy after sweep 36/87 is -154.422441295856
    Sweep 36/87 CPU time = 1m, 26.0s (Wall time = 5.529s)

    vN Entropy at center bond b=150 = 1.213610184070
    Eigs at center bond b=150: 0.6042 0.2171 0.0942 0.0369 0.0211 0.0067 0.0064 0.0045 0.0032 0.0013 
    Largest link dim during sweep 37/87 was 160
    Largest truncation error: 7.62146e-09
    Energy after sweep 37/87 is -154.424584111859
    Sweep 37/87 CPU time = 5m, 19.3s (Wall time = 21.41s)

    vN Entropy at center bond b=150 = 1.233525757122
    Eigs at center bond b=150: 0.5986 0.2176 0.0955 0.0380 0.0221 0.0071 0.0064 0.0048 0.0035 0.0014 
    Largest link dim during sweep 38/87 was 160
    Largest truncation error: 2.09708e-08
    Energy after sweep 38/87 is -154.424650184068
    Sweep 38/87 CPU time = 10m, 11s (Wall time = 41.48s)

    vN Entropy at center bond b=150 = 1.235087771508
    Eigs at center bond b=150: 0.5982 0.2176 0.0955 0.0381 0.0222 0.0071 0.0064 0.0048 0.0035 0.0014 
    Largest link dim during sweep 39/87 was 160
    Largest truncation error: 2.30814e-08
    Energy after sweep 39/87 is -154.424651682033
    Sweep 39/87 CPU time = 9m, 37.6s (Wall time = 37.47s)

    vN Entropy at center bond b=150 = 1.235228607230
    Eigs at center bond b=150: 0.5982 0.2176 0.0955 0.0381 0.0222 0.0071 0.0064 0.0048 0.0035 0.0014 
    Largest link dim during sweep 40/87 was 160
    Largest truncation error: 2.34168e-08
    Energy after sweep 40/87 is -154.424651792323
    Sweep 40/87 CPU time = 10m, 4s (Wall time = 39.73s)

    vN Entropy at center bond b=150 = 1.235250370307
    Eigs at center bond b=150: 0.5982 0.2176 0.0955 0.0381 0.0222 0.0071 0.0064 0.0048 0.0035 0.0014 
    Largest link dim during sweep 41/87 was 160
    Largest truncation error: 2.35026e-08
    Energy after sweep 41/87 is -154.424651807991
    Sweep 41/87 CPU time = 9m, 32.2s (Wall time = 37.40s)

    vN Entropy at center bond b=150 = 1.235254635063
    Eigs at center bond b=150: 0.5982 0.2176 0.0955 0.0381 0.0222 0.0071 0.0064 0.0048 0.0035 0.0014 
    Largest link dim during sweep 42/87 was 160
    Largest truncation error: 2.35254e-08
    Energy after sweep 42/87 is -154.424651807966
    Sweep 42/87 CPU time = 9m, 38.3s (Wall time = 37.79s)

    vN Entropy at center bond b=150 = 1.235255692551
    Eigs at center bond b=150: 0.5982 0.2176 0.0955 0.0381 0.0222 0.0071 0.0064 0.0048 0.0035 0.0014 
    Largest link dim during sweep 43/87 was 160
    Largest truncation error: 2.35322e-08
    Energy after sweep 43/87 is -154.424651810858
    Sweep 43/87 CPU time = 9m, 41.9s (Wall time = 38.06s)

    vN Entropy at center bond b=150 = 1.235256021059
    Eigs at center bond b=150: 0.5982 0.2176 0.0955 0.0381 0.0222 0.0071 0.0064 0.0048 0.0035 0.0014 
    Largest link dim during sweep 44/87 was 160
    Largest truncation error: 2.35344e-08
    Energy after sweep 44/87 is -154.424651811379
    Sweep 44/87 CPU time = 10m, 15s (Wall time = 41.77s)

    vN Entropy at center bond b=150 = 1.235256166170
    Eigs at center bond b=150: 0.5982 0.2176 0.0955 0.0381 0.0222 0.0071 0.0064 0.0048 0.0035 0.0014 
    Largest link dim during sweep 45/87 was 160
    Largest truncation error: 2.35352e-08
    Energy after sweep 45/87 is -154.424651811847
    Sweep 45/87 CPU time = 10m, 8s (Wall time = 40.47s)

    vN Entropy at center bond b=150 = 1.235256243848
    Eigs at center bond b=150: 0.5982 0.2176 0.0955 0.0381 0.0222 0.0071 0.0064 0.0048 0.0035 0.0014 
    Largest link dim during sweep 46/87 was 160
    Largest truncation error: 2.35356e-08
    Energy after sweep 46/87 is -154.424651812051
    Sweep 46/87 CPU time = 9m, 59.6s (Wall time = 39.42s)

    vN Entropy at center bond b=150 = 1.235256306751
    Eigs at center bond b=150: 0.5982 0.2176 0.0955 0.0381 0.0222 0.0071 0.0064 0.0048 0.0035 0.0014 
    Largest link dim during sweep 47/87 was 160
    Largest truncation error: 2.35358e-08
    Energy after sweep 47/87 is -154.424651812412
    Sweep 47/87 CPU time = 10m, 10s (Wall time = 40.27s)

    vN Entropy at center bond b=150 = 1.235256386666
    Eigs at center bond b=150: 0.5982 0.2176 0.0955 0.0381 0.0222 0.0071 0.0064 0.0048 0.0035 0.0014 
    Largest link dim during sweep 48/87 was 160
    Largest truncation error: 2.3536e-08
    Energy after sweep 48/87 is -154.424651812856
    Sweep 48/87 CPU time = 12m, 24s (Wall time = 50.20s)

    vN Entropy at center bond b=150 = 1.235256458154
    Eigs at center bond b=150: 0.5982 0.2176 0.0955 0.0381 0.0222 0.0071 0.0064 0.0048 0.0035 0.0014 
    Largest link dim during sweep 49/87 was 160
    Largest truncation error: 2.35363e-08
    Energy after sweep 49/87 is -154.424651813314
    Sweep 49/87 CPU time = 11m, 18s (Wall time = 46.40s)

    vN Entropy at center bond b=150 = 1.235256491205
    Eigs at center bond b=150: 0.5982 0.2176 0.0955 0.0381 0.0222 0.0071 0.0064 0.0048 0.0035 0.0014 
    Largest link dim during sweep 50/87 was 160
    Largest truncation error: 2.35366e-08
    Energy after sweep 50/87 is -154.424651813719
    Sweep 50/87 CPU time = 10m, 19s (Wall time = 42.47s)

    vN Entropy at center bond b=150 = 1.235256505742
    Eigs at center bond b=150: 0.5982 0.2176 0.0955 0.0381 0.0222 0.0071 0.0064 0.0048 0.0035 0.0014 
    Largest link dim during sweep 51/87 was 160
    Largest truncation error: 2.35368e-08
    Energy after sweep 51/87 is -154.424651813935
    Sweep 51/87 CPU time = 10m, 22s (Wall time = 42.65s)

    vN Entropy at center bond b=150 = 1.235256514318
    Eigs at center bond b=150: 0.5982 0.2176 0.0955 0.0381 0.0222 0.0071 0.0064 0.0048 0.0035 0.0014 
    Largest link dim during sweep 52/87 was 160
    Largest truncation error: 2.3537e-08
    Energy after sweep 52/87 is -154.424651813955
    Sweep 52/87 CPU time = 10m, 20s (Wall time = 42.54s)

    vN Entropy at center bond b=150 = 1.235256518233
    Eigs at center bond b=150: 0.5982 0.2176 0.0955 0.0381 0.0222 0.0071 0.0064 0.0048 0.0035 0.0014 
    Largest link dim during sweep 53/87 was 160
    Largest truncation error: 2.35372e-08
    Energy after sweep 53/87 is -154.424651813898
    Sweep 53/87 CPU time = 10m, 19s (Wall time = 42.66s)

    vN Entropy at center bond b=150 = 1.235256519406
    Eigs at center bond b=150: 0.5982 0.2176 0.0955 0.0381 0.0222 0.0071 0.0064 0.0048 0.0035 0.0014 
    Largest link dim during sweep 54/87 was 160
    Largest truncation error: 2.35372e-08
    Energy after sweep 54/87 is -154.424651813837
    Sweep 54/87 CPU time = 10m, 8s (Wall time = 41.16s)

    vN Entropy at center bond b=150 = 1.235256520722
    Eigs at center bond b=150: 0.5982 0.2176 0.0955 0.0381 0.0222 0.0071 0.0064 0.0048 0.0035 0.0014 
    Largest link dim during sweep 55/87 was 160
    Largest truncation error: 2.35373e-08
    Energy after sweep 55/87 is -154.424651813786
    Sweep 55/87 CPU time = 10m, 11s (Wall time = 41.93s)

    vN Entropy at center bond b=150 = 1.235256524359
    Eigs at center bond b=150: 0.5982 0.2176 0.0955 0.0381 0.0222 0.0071 0.0064 0.0048 0.0035 0.0014 
    Largest link dim during sweep 56/87 was 160
    Largest truncation error: 2.35373e-08
    Energy after sweep 56/87 is -154.424651813723
    Sweep 56/87 CPU time = 10m, 7s (Wall time = 40.71s)

    vN Entropy at center bond b=150 = 1.235256532678
    Eigs at center bond b=150: 0.5982 0.2176 0.0955 0.0381 0.0222 0.0071 0.0064 0.0048 0.0035 0.0014 
    Largest link dim during sweep 57/87 was 160
    Largest truncation error: 2.35372e-08
    Energy after sweep 57/87 is -154.424651813649
    Sweep 57/87 CPU time = 9m, 51.4s (Wall time = 39.51s)

    vN Entropy at center bond b=150 = 1.235256547058
    Eigs at center bond b=150: 0.5982 0.2176 0.0955 0.0381 0.0222 0.0071 0.0064 0.0048 0.0035 0.0014 
    Largest link dim during sweep 58/87 was 160
    Largest truncation error: 2.35372e-08
    Energy after sweep 58/87 is -154.424651813596
    Sweep 58/87 CPU time = 9m, 59.6s (Wall time = 40.81s)

    vN Entropy at center bond b=150 = 1.237253780221
    Eigs at center bond b=150: 0.5977 0.2176 0.0956 0.0382 0.0222 0.0072 0.0064 0.0048 0.0035 0.0015 
    Largest link dim during sweep 59/87 was 320
    Largest truncation error: 3.61258e-10
    Energy after sweep 59/87 is -154.424692263912
    Sweep 59/87 CPU time = 38m, 48s (Wall time = 2m, 36.9s)

    vN Entropy at center bond b=150 = 1.237732577115
    Eigs at center bond b=150: 0.5976 0.2176 0.0956 0.0382 0.0223 0.0072 0.0064 0.0048 0.0035 0.0015 
    Largest link dim during sweep 60/87 was 320
    Largest truncation error: 6.43585e-10
    Energy after sweep 60/87 is -154.424692539828
    Sweep 60/87 CPU time = 46m, 34s (Wall time = 3m, 3.7s)

    vN Entropy at center bond b=150 = 1.237754130698
    Eigs at center bond b=150: 0.5976 0.2176 0.0956 0.0382 0.0223 0.0072 0.0064 0.0048 0.0035 0.0015 
    Largest link dim during sweep 61/87 was 320
    Largest truncation error: 6.75145e-10
    Energy after sweep 61/87 is -154.424692542833
    Sweep 61/87 CPU time = 43m, 45s (Wall time = 2m, 51.1s)

    vN Entropy at center bond b=150 = 1.237756303495
    Eigs at center bond b=150: 0.5976 0.2176 0.0956 0.0382 0.0223 0.0072 0.0064 0.0048 0.0035 0.0015 
    Largest link dim during sweep 62/87 was 320
    Largest truncation error: 6.82019e-10
    Energy after sweep 62/87 is -154.424692542398
    Sweep 62/87 CPU time = 48m, 45s (Wall time = 3m, 14.5s)

    vN Entropy at center bond b=150 = 1.237756655360
    Eigs at center bond b=150: 0.5976 0.2176 0.0956 0.0382 0.0223 0.0072 0.0064 0.0048 0.0035 0.0015 
    Largest link dim during sweep 63/87 was 320
    Largest truncation error: 6.83626e-10
    Energy after sweep 63/87 is -154.424692542305
    Sweep 63/87 CPU time = 46m, 16s (Wall time = 3m, 4.8s)

    vN Entropy at center bond b=150 = 1.237756728642
    Eigs at center bond b=150: 0.5976 0.2176 0.0956 0.0382 0.0223 0.0072 0.0064 0.0048 0.0035 0.0015 
    Largest link dim during sweep 64/87 was 320
    Largest truncation error: 6.84034e-10
    Energy after sweep 64/87 is -154.424692542245
    Sweep 64/87 CPU time = 48m, 6s (Wall time = 3m, 12.0s)

    vN Entropy at center bond b=150 = 1.237756747189
    Eigs at center bond b=150: 0.5976 0.2176 0.0956 0.0382 0.0223 0.0072 0.0064 0.0048 0.0035 0.0015 
    Largest link dim during sweep 65/87 was 320
    Largest truncation error: 6.84123e-10
    Energy after sweep 65/87 is -154.424692542225
    Sweep 65/87 CPU time = 47m, 13s (Wall time = 3m, 8.7s)

    vN Entropy at center bond b=150 = 1.237756753403
    Eigs at center bond b=150: 0.5976 0.2176 0.0956 0.0382 0.0223 0.0072 0.0064 0.0048 0.0035 0.0015 
    Largest link dim during sweep 66/87 was 320
    Largest truncation error: 6.84118e-10
    Energy after sweep 66/87 is -154.424692542215
    Sweep 66/87 CPU time = 46m, 31s (Wall time = 3m, 5.9s)

    vN Entropy at center bond b=150 = 1.237756755952
    Eigs at center bond b=150: 0.5976 0.2176 0.0956 0.0382 0.0223 0.0072 0.0064 0.0048 0.0035 0.0015 
    Largest link dim during sweep 67/87 was 320
    Largest truncation error: 6.84084e-10
    Energy after sweep 67/87 is -154.424692542217
    Sweep 67/87 CPU time = 49m, 10s (Wall time = 3m, 16.4s)

    vN Entropy at center bond b=150 = 1.237756757293
    Eigs at center bond b=150: 0.5976 0.2176 0.0956 0.0382 0.0223 0.0072 0.0064 0.0048 0.0035 0.0015 
    Largest link dim during sweep 68/87 was 320
    Largest truncation error: 6.84044e-10
    Energy after sweep 68/87 is -154.424692542213
    Sweep 68/87 CPU time = 46m, 39s (Wall time = 3m, 6.5s)

    vN Entropy at center bond b=150 = 1.237756758034
    Eigs at center bond b=150: 0.5976 0.2176 0.0956 0.0382 0.0223 0.0072 0.0064 0.0048 0.0035 0.0015 
    Largest link dim during sweep 69/87 was 320
    Largest truncation error: 6.84006e-10
    Energy after sweep 69/87 is -154.424692542213
    Sweep 69/87 CPU time = 46m, 33s (Wall time = 3m, 5.9s)

    vN Entropy at center bond b=150 = 1.237756758555
    Eigs at center bond b=150: 0.5976 0.2176 0.0956 0.0382 0.0223 0.0072 0.0064 0.0048 0.0035 0.0015 
    Largest link dim during sweep 70/87 was 320
    Largest truncation error: 6.83974e-10
    Energy after sweep 70/87 is -154.424692542209
    Sweep 70/87 CPU time = 48m, 43s (Wall time = 3m, 14.7s)

    vN Entropy at center bond b=150 = 1.237756759085
    Eigs at center bond b=150: 0.5976 0.2176 0.0956 0.0382 0.0223 0.0072 0.0064 0.0048 0.0035 0.0015 
    Largest link dim during sweep 71/87 was 320
    Largest truncation error: 6.8395e-10
    Energy after sweep 71/87 is -154.424692542210
    Sweep 71/87 CPU time = 46m, 11s (Wall time = 3m, 4.4s)

    vN Entropy at center bond b=150 = 1.237756759599
    Eigs at center bond b=150: 0.5976 0.2176 0.0956 0.0382 0.0223 0.0072 0.0064 0.0048 0.0035 0.0015 
    Largest link dim during sweep 72/87 was 320
    Largest truncation error: 6.83932e-10
    Energy after sweep 72/87 is -154.424692542207
    Sweep 72/87 CPU time = 47m, 40s (Wall time = 3m, 10.3s)

    vN Entropy at center bond b=150 = 1.237756760030
    Eigs at center bond b=150: 0.5976 0.2176 0.0956 0.0382 0.0223 0.0072 0.0064 0.0048 0.0035 0.0015 
    Largest link dim during sweep 73/87 was 320
    Largest truncation error: 6.83918e-10
    Energy after sweep 73/87 is -154.424692542208
    Sweep 73/87 CPU time = 47m, 0s (Wall time = 3m, 7.5s)

    vN Entropy at center bond b=150 = 1.237756760417
    Eigs at center bond b=150: 0.5976 0.2176 0.0956 0.0382 0.0223 0.0072 0.0064 0.0048 0.0035 0.0015 
    Largest link dim during sweep 74/87 was 320
    Largest truncation error: 6.83907e-10
    Energy after sweep 74/87 is -154.424692542205
    Sweep 74/87 CPU time = 46m, 7s (Wall time = 3m, 3.9s)

    vN Entropy at center bond b=150 = 1.237831095558
    Eigs at center bond b=150: 0.5976 0.2176 0.0956 0.0382 0.0223 0.0072 0.0064 0.0048 0.0035 0.0015 
    Largest link dim during sweep 75/87 was 640
    Largest truncation error: 7.62698e-12
    Energy after sweep 75/87 is -154.424693563640
    Sweep 75/87 CPU time = 2h, 12m, 22s (Wall time = 8m, 48.8s)

    vN Entropy at center bond b=150 = 1.237855344786
    Eigs at center bond b=150: 0.5976 0.2176 0.0956 0.0382 0.0223 0.0072 0.0064 0.0048 0.0035 0.0015 
    Largest link dim during sweep 76/87 was 640
    Largest truncation error: 1.05414e-11
    Energy after sweep 76/87 is -154.424693571112
    Sweep 76/87 CPU time = 2h, 44m, 12s (Wall time = 10m, 53s)

    vN Entropy at center bond b=150 = 1.237856868112
    Eigs at center bond b=150: 0.5976 0.2176 0.0956 0.0382 0.0223 0.0072 0.0064 0.0048 0.0035 0.0015 
    Largest link dim during sweep 77/87 was 640
    Largest truncation error: 1.08191e-11
    Energy after sweep 77/87 is -154.424693571358
    Sweep 77/87 CPU time = 2h, 40m, 28s (Wall time = 10m, 40s)

    vN Entropy at center bond b=150 = 1.237857063798
    Eigs at center bond b=150: 0.5976 0.2176 0.0956 0.0382 0.0223 0.0072 0.0064 0.0048 0.0035 0.0015 
    Largest link dim during sweep 78/87 was 640
    Largest truncation error: 1.09616e-11
    Energy after sweep 78/87 is -154.424693571360
    Sweep 78/87 CPU time = 2h, 38m, 50s (Wall time = 10m, 34s)

    vN Entropy at center bond b=150 = 1.237857103159
    Eigs at center bond b=150: 0.5976 0.2176 0.0956 0.0382 0.0223 0.0072 0.0064 0.0048 0.0035 0.0015 
    Largest link dim during sweep 79/87 was 640
    Largest truncation error: 1.10137e-11
    Energy after sweep 79/87 is -154.424693571353
    Sweep 79/87 CPU time = 2h, 40m, 8s (Wall time = 10m, 39s)

    vN Entropy at center bond b=150 = 1.237857113895
    Eigs at center bond b=150: 0.5976 0.2176 0.0956 0.0382 0.0223 0.0072 0.0064 0.0048 0.0035 0.0015 
    Largest link dim during sweep 80/87 was 640
    Largest truncation error: 1.10343e-11
    Energy after sweep 80/87 is -154.424693571351
    Sweep 80/87 CPU time = 2h, 37m, 57s (Wall time = 10m, 31s)

    vN Entropy at center bond b=150 = 1.237857117243
    Eigs at center bond b=150: 0.5976 0.2176 0.0956 0.0382 0.0223 0.0072 0.0064 0.0048 0.0035 0.0015 
    Largest link dim during sweep 81/87 was 640
    Largest truncation error: 1.10429e-11
    Energy after sweep 81/87 is -154.424693571348
    Sweep 81/87 CPU time = 2h, 39m, 39s (Wall time = 10m, 38s)

    vN Entropy at center bond b=150 = 1.237857118418
    Eigs at center bond b=150: 0.5976 0.2176 0.0956 0.0382 0.0223 0.0072 0.0064 0.0048 0.0035 0.0015 
    Largest link dim during sweep 82/87 was 640
    Largest truncation error: 1.10467e-11
    Energy after sweep 82/87 is -154.424693571354
    Sweep 82/87 CPU time = 2h, 39m, 37s (Wall time = 10m, 38s)

    vN Entropy at center bond b=150 = 1.237858622800
    Eigs at center bond b=150: 0.5976 0.2176 0.0956 0.0382 0.0223 0.0072 0.0064 0.0048 0.0035 0.0015 
    Largest link dim during sweep 83/87 was 940
    Largest truncation error: 7.59911e-13
    Energy after sweep 83/87 is -154.424693584364
    Sweep 83/87 CPU time = 3h, 59m, 17s (Wall time = 16m, 56s)

    vN Entropy at center bond b=150 = 1.237859372593
    Eigs at center bond b=150: 0.5976 0.2176 0.0956 0.0382 0.0223 0.0072 0.0064 0.0048 0.0035 0.0015 
    Largest link dim during sweep 84/87 was 1280
    Largest truncation error: 8.66104e-14
    Energy after sweep 84/87 is -154.424693587578
    Sweep 84/87 CPU time = 8h, 20m, 36s (Wall time = 37m, 44s)

    vN Entropy at center bond b=150 = 1.237859471284
    Eigs at center bond b=150: 0.5976 0.2176 0.0956 0.0382 0.0223 0.0072 0.0064 0.0048 0.0035 0.0015 
    Largest link dim during sweep 85/87 was 1280
    Largest truncation error: 8.70734e-14
    Energy after sweep 85/87 is -154.424693587614
    Sweep 85/87 CPU time = 10h, 1m, 24s (Wall time = 43m, 34s)

    vN Entropy at center bond b=150 = 1.237859479146
    Eigs at center bond b=150: 0.5976 0.2176 0.0956 0.0382 0.0223 0.0072 0.0064 0.0048 0.0035 0.0015 
    Largest link dim during sweep 86/87 was 1280
    Largest truncation error: 8.76099e-14
    Energy after sweep 86/87 is -154.424693587615
    Sweep 86/87 CPU time = 9h, 59m, 55s (Wall time = 42m, 48s)

    vN Entropy at center bond b=150 = 1.237859480291
    Eigs at center bond b=150: 0.5976 0.2176 0.0956 0.0382 0.0223 0.0072 0.0064 0.0048 0.0035 0.0015 
    Largest link dim during sweep 87/87 was 1280
    Largest truncation error: 8.82009e-14
    Energy after sweep 87/87 is -154.424693587616
    Sweep 87/87 CPU time = 9h, 57m, 58s (Wall time = 42m, 16s)
Initial energy = 3.00000

Ground State Energy = -154.4246935876
run_outputs/outputpsi/N_300_sweep_87_t_0.030000_J_1.000000_V_0.600000_D_0.018000_U_1.200000_mu_0.020000_E_0.005000 converge
Wall-clock time (s) = 134097.247600
