//////////////////////////
Reading input file ......

Got input.N = 300
Got input.t = 0.03
Got input.J = 1
Got input.V = 0.6
Got input.D = 0.018
Got input.U = 0.8
Got input.mu = 0.02
Got input.E = 0
Got input.nsweeps = 87
Sweeps:
1  MaxDim=20, MinDim=20, Cutoff=1.0E-06, Niter=8, Noise=1.0E-05
2  MaxDim=20, MinDim=20, Cutoff=1.0E-06, Niter=8, Noise=1.0E-05
3  MaxDim=20, MinDim=20, Cutoff=1.0E-06, Niter=8, Noise=1.0E-05
4  MaxDim=20, MinDim=20, Cutoff=1.0E-06, Niter=8, Noise=1.0E-05
5  MaxDim=20, MinDim=20, Cutoff=1.0E-06, Niter=8, Noise=1.0E-05
6  MaxDim=20, MinDim=20, Cutoff=1.0E-06, Niter=8, Noise=1.0E-05
7  MaxDim=20, MinDim=20, Cutoff=1.0E-06, Niter=8, Noise=1.0E-05
8  MaxDim=40, MinDim=20, Cutoff=1.0E-06, Niter=4, Noise=1.0E-05
9  MaxDim=40, MinDim=20, Cutoff=1.0E-06, Niter=4, Noise=1.0E-05
10  MaxDim=40, MinDim=20, Cutoff=1.0E-06, Niter=4, Noise=1.0E-05
11  MaxDim=40, MinDim=20, Cutoff=1.0E-06, Niter=4, Noise=1.0E-05
12  MaxDim=40, MinDim=20, Cutoff=1.0E-06, Niter=4, Noise=1.0E-05
13  MaxDim=40, MinDim=20, Cutoff=1.0E-06, Niter=4, Noise=1.0E-05
14  MaxDim=40, MinDim=20, Cutoff=1.0E-06, Niter=4, Noise=1.0E-05
15  MaxDim=80, MinDim=10, Cutoff=1.0E-06, Niter=4, Noise=1.0E-05
16  MaxDim=80, MinDim=10, Cutoff=1.0E-06, Niter=4, Noise=1.0E-05
17  MaxDim=80, MinDim=10, Cutoff=1.0E-06, Niter=4, Noise=1.0E-05
18  MaxDim=80, MinDim=10, Cutoff=1.0E-06, Niter=4, Noise=1.0E-05
19  MaxDim=80, MinDim=10, Cutoff=1.0E-06, Niter=4, Noise=1.0E-05
20  MaxDim=80, MinDim=10, Cutoff=1.0E-06, Niter=4, Noise=1.0E-05
21  MaxDim=80, MinDim=10, Cutoff=1.0E-06, Niter=4, Noise=1.0E-05
22  MaxDim=80, MinDim=10, Cutoff=1.0E-06, Niter=4, Noise=1.0E-05
23  MaxDim=80, MinDim=10, Cutoff=1.0E-06, Niter=4, Noise=1.0E-05
24  MaxDim=80, MinDim=10, Cutoff=1.0E-06, Niter=4, Noise=1.0E-05
25  MaxDim=80, MinDim=10, Cutoff=1.0E-06, Niter=4, Noise=1.0E-05
26  MaxDim=80, MinDim=10, Cutoff=1.0E-06, Niter=4, Noise=1.0E-05
27  MaxDim=80, MinDim=10, Cutoff=1.0E-06, Niter=4, Noise=1.0E-05
28  MaxDim=80, MinDim=10, Cutoff=1.0E-06, Niter=4, Noise=1.0E-05
29  MaxDim=80, MinDim=10, Cutoff=1.0E-06, Niter=4, Noise=1.0E-05
30  MaxDim=80, MinDim=10, Cutoff=1.0E-06, Niter=4, Noise=1.0E-05
31  MaxDim=80, MinDim=10, Cutoff=1.0E-06, Niter=4, Noise=1.0E-05
32  MaxDim=80, MinDim=10, Cutoff=1.0E-06, Niter=4, Noise=1.0E-05
33  MaxDim=80, MinDim=10, Cutoff=1.0E-06, Niter=4, Noise=1.0E-05
34  MaxDim=80, MinDim=10, Cutoff=1.0E-06, Niter=4, Noise=1.0E-05
35  MaxDim=80, MinDim=10, Cutoff=1.0E-06, Niter=4, Noise=1.0E-05
36  MaxDim=80, MinDim=10, Cutoff=1.0E-06, Niter=4, Noise=1.0E-05
37  MaxDim=160, MinDim=10, Cutoff=1.0E-08, Niter=4, Noise=1.0E-06
38  MaxDim=160, MinDim=10, Cutoff=1.0E-08, Niter=4, Noise=1.0E-06
39  MaxDim=160, MinDim=10, Cutoff=1.0E-08, Niter=4, Noise=1.0E-06
40  MaxDim=160, MinDim=10, Cutoff=1.0E-08, Niter=4, Noise=1.0E-06
41  MaxDim=160, MinDim=10, Cutoff=1.0E-08, Niter=4, Noise=1.0E-06
42  MaxDim=160, MinDim=10, Cutoff=1.0E-08, Niter=4, Noise=1.0E-06
43  MaxDim=160, MinDim=10, Cutoff=1.0E-08, Niter=4, Noise=1.0E-06
44  MaxDim=160, MinDim=10, Cutoff=1.0E-08, Niter=4, Noise=1.0E-06
45  MaxDim=160, MinDim=10, Cutoff=1.0E-08, Niter=4, Noise=1.0E-06
46  MaxDim=160, MinDim=10, Cutoff=1.0E-08, Niter=4, Noise=1.0E-06
47  MaxDim=160, MinDim=10, Cutoff=1.0E-08, Niter=4, Noise=1.0E-06
48  MaxDim=160, MinDim=10, Cutoff=1.0E-08, Niter=4, Noise=1.0E-06
49  MaxDim=160, MinDim=10, Cutoff=1.0E-08, Niter=4, Noise=1.0E-06
50  MaxDim=160, MinDim=10, Cutoff=1.0E-08, Niter=4, Noise=1.0E-06
51  MaxDim=160, MinDim=10, Cutoff=1.0E-08, Niter=4, Noise=1.0E-06
52  MaxDim=160, MinDim=10, Cutoff=1.0E-08, Niter=4, Noise=1.0E-06
53  MaxDim=160, MinDim=10, Cutoff=1.0E-08, Niter=4, Noise=1.0E-06
54  MaxDim=160, MinDim=10, Cutoff=1.0E-08, Niter=4, Noise=1.0E-06
55  MaxDim=160, MinDim=10, Cutoff=1.0E-08, Niter=4, Noise=1.0E-06
56  MaxDim=160, MinDim=10, Cutoff=1.0E-08, Niter=4, Noise=1.0E-06
57  MaxDim=160, MinDim=10, Cutoff=1.0E-08, Niter=4, Noise=1.0E-06
58  MaxDim=160, MinDim=10, Cutoff=1.0E-08, Niter=4, Noise=1.0E-06
59  MaxDim=320, MinDim=10, Cutoff=1.0E-10, Niter=4, Noise=1.0E-07
60  MaxDim=320, MinDim=10, Cutoff=1.0E-10, Niter=4, Noise=1.0E-07
61  MaxDim=320, MinDim=10, Cutoff=1.0E-10, Niter=4, Noise=1.0E-07
62  MaxDim=320, MinDim=10, Cutoff=1.0E-10, Niter=4, Noise=1.0E-07
63  MaxDim=320, MinDim=10, Cutoff=1.0E-10, Niter=4, Noise=1.0E-07
64  MaxDim=320, MinDim=10, Cutoff=1.0E-10, Niter=4, Noise=1.0E-07
65  MaxDim=320, MinDim=10, Cutoff=1.0E-10, Niter=4, Noise=1.0E-07
66  MaxDim=320, MinDim=10, Cutoff=1.0E-10, Niter=4, Noise=1.0E-07
67  MaxDim=320, MinDim=10, Cutoff=1.0E-10, Niter=4, Noise=1.0E-07
68  MaxDim=320, MinDim=10, Cutoff=1.0E-10, Niter=4, Noise=1.0E-07
69  MaxDim=320, MinDim=10, Cutoff=1.0E-10, Niter=4, Noise=1.0E-07
70  MaxDim=320, MinDim=10, Cutoff=1.0E-10, Niter=4, Noise=1.0E-07
71  MaxDim=320, MinDim=10, Cutoff=1.0E-10, Niter=4, Noise=1.0E-07
72  MaxDim=320, MinDim=10, Cutoff=1.0E-10, Niter=4, Noise=1.0E-07
73  MaxDim=320, MinDim=10, Cutoff=1.0E-10, Niter=4, Noise=1.0E-07
74  MaxDim=320, MinDim=10, Cutoff=1.0E-10, Niter=4, Noise=1.0E-07
75  MaxDim=640, MinDim=10, Cutoff=1.0E-12, Niter=2, Noise=1.0E-08
76  MaxDim=640, MinDim=10, Cutoff=1.0E-12, Niter=2, Noise=1.0E-08
77  MaxDim=640, MinDim=10, Cutoff=1.0E-12, Niter=2, Noise=1.0E-08
78  MaxDim=640, MinDim=10, Cutoff=1.0E-12, Niter=2, Noise=1.0E-08
79  MaxDim=640, MinDim=10, Cutoff=1.0E-12, Niter=2, Noise=1.0E-08
80  MaxDim=640, MinDim=10, Cutoff=1.0E-12, Niter=2, Noise=1.0E-08
81  MaxDim=640, MinDim=10, Cutoff=1.0E-12, Niter=2, Noise=1.0E-08
82  MaxDim=640, MinDim=10, Cutoff=1.0E-12, Niter=2, Noise=1.0E-08
83  MaxDim=1280, MinDim=10, Cutoff=1.0E-12, Niter=2, Noise=0.0E+00
84  MaxDim=1280, MinDim=10, Cutoff=1.0E-14, Niter=2, Noise=0.0E+00
85  MaxDim=1280, MinDim=10, Cutoff=1.0E-14, Niter=2, Noise=0.0E+00
86  MaxDim=1280, MinDim=10, Cutoff=1.0E-14, Niter=2, Noise=0.0E+00
87  MaxDim=1280, MinDim=10, Cutoff=1.0E-14, Niter=2, Noise=0.0E+00


    vN Entropy at center bond b=150 = 0.583005527315
    Eigs at center bond b=150: 0.8108 0.1643 0.0168 0.0057 0.0011 
    Largest link dim during sweep 1/87 was 20
    Largest truncation error: 5.72601e-05
    Energy after sweep 1/87 is -164.284319898217
    Sweep 1/87 CPU time = 17.93s (Wall time = 1.163s)

    vN Entropy at center bond b=150 = 0.684520295562
    Eigs at center bond b=150: 0.7569 0.2100 0.0216 0.0080 0.0017 0.0012 
    Largest link dim during sweep 2/87 was 20
    Largest truncation error: 2.34772e-06
    Energy after sweep 2/87 is -164.357029659940
    Sweep 2/87 CPU time = 24.87s (Wall time = 1.596s)

    vN Entropy at center bond b=150 = 0.695391101469
    Eigs at center bond b=150: 0.7500 0.2161 0.0220 0.0083 0.0017 0.0012 
    Largest link dim during sweep 3/87 was 20
    Largest truncation error: 2.49565e-06
    Energy after sweep 3/87 is -164.360218654790
    Sweep 3/87 CPU time = 24.91s (Wall time = 1.594s)

    vN Entropy at center bond b=150 = 0.696965800908
    Eigs at center bond b=150: 0.7490 0.2169 0.0221 0.0083 0.0017 0.0012 
    Largest link dim during sweep 4/87 was 20
    Largest truncation error: 2.58214e-06
    Energy after sweep 4/87 is -164.360559916768
    Sweep 4/87 CPU time = 24.82s (Wall time = 1.591s)

    vN Entropy at center bond b=150 = 0.697192478069
    Eigs at center bond b=150: 0.7489 0.2171 0.0221 0.0083 0.0017 0.0012 
    Largest link dim during sweep 5/87 was 20
    Largest truncation error: 2.59549e-06
    Energy after sweep 5/87 is -164.360607971104
    Sweep 5/87 CPU time = 24.80s (Wall time = 1.588s)

    vN Entropy at center bond b=150 = 0.697230010244
    Eigs at center bond b=150: 0.7489 0.2171 0.0221 0.0083 0.0017 0.0012 
    Largest link dim during sweep 6/87 was 20
    Largest truncation error: 2.60214e-06
    Energy after sweep 6/87 is -164.360614626899
    Sweep 6/87 CPU time = 24.77s (Wall time = 1.588s)

    vN Entropy at center bond b=150 = 0.697237325015
    Eigs at center bond b=150: 0.7489 0.2171 0.0221 0.0083 0.0017 0.0012 
    Largest link dim during sweep 7/87 was 20
    Largest truncation error: 2.60252e-06
    Energy after sweep 7/87 is -164.360615558255
    Sweep 7/87 CPU time = 24.80s (Wall time = 1.588s)

    vN Entropy at center bond b=150 = 0.697983419953
    Eigs at center bond b=150: 0.7487 0.2171 0.0221 0.0084 0.0018 0.0013 
    Largest link dim during sweep 8/87 was 28
    Largest truncation error: 7.61655e-07
    Energy after sweep 8/87 is -164.362895613993
    Sweep 8/87 CPU time = 15.99s (Wall time = 1.026s)

    vN Entropy at center bond b=150 = 0.698053015382
    Eigs at center bond b=150: 0.7487 0.2171 0.0221 0.0084 0.0018 0.0013 
    Largest link dim during sweep 9/87 was 28
    Largest truncation error: 7.48716e-07
    Energy after sweep 9/87 is -164.362918165960
    Sweep 9/87 CPU time = 16.59s (Wall time = 1.063s)

    vN Entropy at center bond b=150 = 0.698056755604
    Eigs at center bond b=150: 0.7487 0.2171 0.0221 0.0084 0.0018 0.0013 
    Largest link dim during sweep 10/87 was 28
    Largest truncation error: 7.48324e-07
    Energy after sweep 10/87 is -164.362919421081
    Sweep 10/87 CPU time = 16.81s (Wall time = 1.077s)

    vN Entropy at center bond b=150 = 0.698057122410
    Eigs at center bond b=150: 0.7487 0.2171 0.0221 0.0084 0.0018 0.0013 
    Largest link dim during sweep 11/87 was 28
    Largest truncation error: 7.48565e-07
    Energy after sweep 11/87 is -164.362919410588
    Sweep 11/87 CPU time = 16.81s (Wall time = 1.074s)

    vN Entropy at center bond b=150 = 0.698057181712
    Eigs at center bond b=150: 0.7487 0.2171 0.0221 0.0084 0.0018 0.0013 
    Largest link dim during sweep 12/87 was 28
    Largest truncation error: 7.48579e-07
    Energy after sweep 12/87 is -164.362919408435
    Sweep 12/87 CPU time = 16.76s (Wall time = 1.075s)

    vN Entropy at center bond b=150 = 0.698057192307
    Eigs at center bond b=150: 0.7487 0.2171 0.0221 0.0084 0.0018 0.0013 
    Largest link dim during sweep 13/87 was 28
    Largest truncation error: 7.4858e-07
    Energy after sweep 13/87 is -164.362919408289
    Sweep 13/87 CPU time = 16.64s (Wall time = 1.067s)

    vN Entropy at center bond b=150 = 0.698057194372
    Eigs at center bond b=150: 0.7487 0.2171 0.0221 0.0084 0.0018 0.0013 
    Largest link dim during sweep 14/87 was 28
    Largest truncation error: 7.4858e-07
    Energy after sweep 14/87 is -164.362919408341
    Sweep 14/87 CPU time = 16.65s (Wall time = 1.070s)

    vN Entropy at center bond b=150 = 0.698057194852
    Eigs at center bond b=150: 0.7487 0.2171 0.0221 0.0084 0.0018 0.0013 
    Largest link dim during sweep 15/87 was 28
    Largest truncation error: 7.67746e-07
    Energy after sweep 15/87 is -164.362912223313
    Sweep 15/87 CPU time = 16.78s (Wall time = 1.079s)

    vN Entropy at center bond b=150 = 0.698057194961
    Eigs at center bond b=150: 0.7487 0.2171 0.0221 0.0084 0.0018 0.0013 
    Largest link dim during sweep 16/87 was 28
    Largest truncation error: 7.6504e-07
    Energy after sweep 16/87 is -164.362912237195
    Sweep 16/87 CPU time = 16.79s (Wall time = 1.073s)

    vN Entropy at center bond b=150 = 0.698057194990
    Eigs at center bond b=150: 0.7487 0.2171 0.0221 0.0084 0.0018 0.0013 
    Largest link dim during sweep 17/87 was 28
    Largest truncation error: 7.6499e-07
    Energy after sweep 17/87 is -164.362912238889
    Sweep 17/87 CPU time = 16.73s (Wall time = 1.068s)

    vN Entropy at center bond b=150 = 0.698057194998
    Eigs at center bond b=150: 0.7487 0.2171 0.0221 0.0084 0.0018 0.0013 
    Largest link dim during sweep 18/87 was 28
    Largest truncation error: 7.64985e-07
    Energy after sweep 18/87 is -164.362912239216
    Sweep 18/87 CPU time = 16.83s (Wall time = 1.078s)

    vN Entropy at center bond b=150 = 0.698057195001
    Eigs at center bond b=150: 0.7487 0.2171 0.0221 0.0084 0.0018 0.0013 
    Largest link dim during sweep 19/87 was 28
    Largest truncation error: 7.64984e-07
    Energy after sweep 19/87 is -164.362912239276
    Sweep 19/87 CPU time = 16.78s (Wall time = 1.073s)

    vN Entropy at center bond b=150 = 0.698057195001
    Eigs at center bond b=150: 0.7487 0.2171 0.0221 0.0084 0.0018 0.0013 
    Largest link dim during sweep 20/87 was 28
    Largest truncation error: 7.64984e-07
    Energy after sweep 20/87 is -164.362912239292
    Sweep 20/87 CPU time = 16.76s (Wall time = 1.072s)

    vN Entropy at center bond b=150 = 0.698057195002
    Eigs at center bond b=150: 0.7487 0.2171 0.0221 0.0084 0.0018 0.0013 
    Largest link dim during sweep 21/87 was 28
    Largest truncation error: 7.64984e-07
    Energy after sweep 21/87 is -164.362912239292
    Sweep 21/87 CPU time = 16.72s (Wall time = 1.072s)

    vN Entropy at center bond b=150 = 0.698057195002
    Eigs at center bond b=150: 0.7487 0.2171 0.0221 0.0084 0.0018 0.0013 
    Largest link dim during sweep 22/87 was 28
    Largest truncation error: 7.64984e-07
    Energy after sweep 22/87 is -164.362912239294
    Sweep 22/87 CPU time = 16.79s (Wall time = 1.074s)

    vN Entropy at center bond b=150 = 0.698057195002
    Eigs at center bond b=150: 0.7487 0.2171 0.0221 0.0084 0.0018 0.0013 
    Largest link dim during sweep 23/87 was 28
    Largest truncation error: 7.64984e-07
    Energy after sweep 23/87 is -164.362912239292
    Sweep 23/87 CPU time = 16.73s (Wall time = 1.070s)

    vN Entropy at center bond b=150 = 0.698057195002
    Eigs at center bond b=150: 0.7487 0.2171 0.0221 0.0084 0.0018 0.0013 
    Largest link dim during sweep 24/87 was 28
    Largest truncation error: 7.64984e-07
    Energy after sweep 24/87 is -164.362912239291
    Sweep 24/87 CPU time = 16.87s (Wall time = 1.080s)

    vN Entropy at center bond b=150 = 0.698057195002
    Eigs at center bond b=150: 0.7487 0.2171 0.0221 0.0084 0.0018 0.0013 
    Largest link dim during sweep 25/87 was 28
    Largest truncation error: 7.64984e-07
    Energy after sweep 25/87 is -164.362912239290
    Sweep 25/87 CPU time = 16.74s (Wall time = 1.076s)

    vN Entropy at center bond b=150 = 0.698057195002
    Eigs at center bond b=150: 0.7487 0.2171 0.0221 0.0084 0.0018 0.0013 
    Largest link dim during sweep 26/87 was 28
    Largest truncation error: 7.64984e-07
    Energy after sweep 26/87 is -164.362912239291
    Sweep 26/87 CPU time = 16.75s (Wall time = 1.073s)

    vN Entropy at center bond b=150 = 0.698057195002
    Eigs at center bond b=150: 0.7487 0.2171 0.0221 0.0084 0.0018 0.0013 
    Largest link dim during sweep 27/87 was 28
    Largest truncation error: 7.64984e-07
    Energy after sweep 27/87 is -164.362912239290
    Sweep 27/87 CPU time = 16.76s (Wall time = 1.074s)

    vN Entropy at center bond b=150 = 0.698057195002
    Eigs at center bond b=150: 0.7487 0.2171 0.0221 0.0084 0.0018 0.0013 
    Largest link dim during sweep 28/87 was 28
    Largest truncation error: 7.64984e-07
    Energy after sweep 28/87 is -164.362912239289
    Sweep 28/87 CPU time = 16.76s (Wall time = 1.075s)

    vN Entropy at center bond b=150 = 0.698057195002
    Eigs at center bond b=150: 0.7487 0.2171 0.0221 0.0084 0.0018 0.0013 
    Largest link dim during sweep 29/87 was 28
    Largest truncation error: 7.64984e-07
    Energy after sweep 29/87 is -164.362912239290
    Sweep 29/87 CPU time = 16.77s (Wall time = 1.074s)

    vN Entropy at center bond b=150 = 0.698057195002
    Eigs at center bond b=150: 0.7487 0.2171 0.0221 0.0084 0.0018 0.0013 
    Largest link dim during sweep 30/87 was 28
    Largest truncation error: 7.64984e-07
    Energy after sweep 30/87 is -164.362912239288
    Sweep 30/87 CPU time = 16.69s (Wall time = 1.071s)

    vN Entropy at center bond b=150 = 0.698057195002
    Eigs at center bond b=150: 0.7487 0.2171 0.0221 0.0084 0.0018 0.0013 
    Largest link dim during sweep 31/87 was 28
    Largest truncation error: 7.64984e-07
    Energy after sweep 31/87 is -164.362912239288
    Sweep 31/87 CPU time = 16.78s (Wall time = 1.072s)

    vN Entropy at center bond b=150 = 0.698057195002
    Eigs at center bond b=150: 0.7487 0.2171 0.0221 0.0084 0.0018 0.0013 
    Largest link dim during sweep 32/87 was 28
    Largest truncation error: 7.64984e-07
    Energy after sweep 32/87 is -164.362912239292
    Sweep 32/87 CPU time = 16.80s (Wall time = 1.080s)

    vN Entropy at center bond b=150 = 0.698057195002
    Eigs at center bond b=150: 0.7487 0.2171 0.0221 0.0084 0.0018 0.0013 
    Largest link dim during sweep 33/87 was 28
    Largest truncation error: 7.64984e-07
    Energy after sweep 33/87 is -164.362912239290
    Sweep 33/87 CPU time = 16.60s (Wall time = 1.068s)

    vN Entropy at center bond b=150 = 0.698057195002
    Eigs at center bond b=150: 0.7487 0.2171 0.0221 0.0084 0.0018 0.0013 
    Largest link dim during sweep 34/87 was 28
    Largest truncation error: 7.64984e-07
    Energy after sweep 34/87 is -164.362912239292
    Sweep 34/87 CPU time = 16.73s (Wall time = 1.071s)

    vN Entropy at center bond b=150 = 0.698057195002
    Eigs at center bond b=150: 0.7487 0.2171 0.0221 0.0084 0.0018 0.0013 
    Largest link dim during sweep 35/87 was 28
    Largest truncation error: 7.64984e-07
    Energy after sweep 35/87 is -164.362912239289
    Sweep 35/87 CPU time = 16.67s (Wall time = 1.067s)

    vN Entropy at center bond b=150 = 0.698057195002
    Eigs at center bond b=150: 0.7487 0.2171 0.0221 0.0084 0.0018 0.0013 
    Largest link dim during sweep 36/87 was 28
    Largest truncation error: 7.64984e-07
    Energy after sweep 36/87 is -164.362912239293
    Sweep 36/87 CPU time = 16.74s (Wall time = 1.072s)

    vN Entropy at center bond b=150 = 0.699059598621
    Eigs at center bond b=150: 0.7484 0.2172 0.0222 0.0084 0.0018 0.0013 
    Largest link dim during sweep 37/87 was 57
    Largest truncation error: 7.4773e-09
    Energy after sweep 37/87 is -164.364374911552
    Sweep 37/87 CPU time = 42.99s (Wall time = 2.760s)

    vN Entropy at center bond b=150 = 0.699284317990
    Eigs at center bond b=150: 0.7484 0.2172 0.0222 0.0084 0.0018 0.0013 
    Largest link dim during sweep 38/87 was 62
    Largest truncation error: 7.48999e-09
    Energy after sweep 38/87 is -164.364390521608
    Sweep 38/87 CPU time = 1m, 5.9s (Wall time = 4.247s)

    vN Entropy at center bond b=150 = 0.699342650474
    Eigs at center bond b=150: 0.7484 0.2172 0.0222 0.0084 0.0018 0.0013 
    Largest link dim during sweep 39/87 was 61
    Largest truncation error: 7.5778e-09
    Energy after sweep 39/87 is -164.364392546828
    Sweep 39/87 CPU time = 1m, 10.5s (Wall time = 4.539s)

    vN Entropy at center bond b=150 = 0.699375596297
    Eigs at center bond b=150: 0.7484 0.2173 0.0222 0.0084 0.0018 0.0013 
    Largest link dim during sweep 40/87 was 62
    Largest truncation error: 7.58863e-09
    Energy after sweep 40/87 is -164.364393220831
    Sweep 40/87 CPU time = 1m, 11.0s (Wall time = 4.559s)

    vN Entropy at center bond b=150 = 0.699394777055
    Eigs at center bond b=150: 0.7484 0.2173 0.0222 0.0084 0.0018 0.0013 
    Largest link dim during sweep 41/87 was 62
    Largest truncation error: 7.59165e-09
    Energy after sweep 41/87 is -164.364393903809
    Sweep 41/87 CPU time = 1m, 12.0s (Wall time = 4.620s)

    vN Entropy at center bond b=150 = 0.699404323155
    Eigs at center bond b=150: 0.7484 0.2173 0.0222 0.0084 0.0018 0.0013 
    Largest link dim during sweep 42/87 was 62
    Largest truncation error: 7.59134e-09
    Energy after sweep 42/87 is -164.364394051593
    Sweep 42/87 CPU time = 1m, 13.1s (Wall time = 4.684s)

    vN Entropy at center bond b=150 = 0.699408689495
    Eigs at center bond b=150: 0.7484 0.2173 0.0222 0.0084 0.0018 0.0013 
    Largest link dim during sweep 43/87 was 62
    Largest truncation error: 7.59131e-09
    Energy after sweep 43/87 is -164.364394098866
    Sweep 43/87 CPU time = 1m, 13.2s (Wall time = 4.712s)

    vN Entropy at center bond b=150 = 0.699410709697
    Eigs at center bond b=150: 0.7484 0.2173 0.0222 0.0084 0.0018 0.0013 
    Largest link dim during sweep 44/87 was 62
    Largest truncation error: 7.59135e-09
    Energy after sweep 44/87 is -164.364394113689
    Sweep 44/87 CPU time = 1m, 13.2s (Wall time = 4.719s)

    vN Entropy at center bond b=150 = 0.699411622177
    Eigs at center bond b=150: 0.7484 0.2173 0.0222 0.0084 0.0018 0.0013 
    Largest link dim during sweep 45/87 was 62
    Largest truncation error: 7.59137e-09
    Energy after sweep 45/87 is -164.364394114956
    Sweep 45/87 CPU time = 1m, 12.3s (Wall time = 4.633s)

    vN Entropy at center bond b=150 = 0.699413451961
    Eigs at center bond b=150: 0.7484 0.2173 0.0222 0.0084 0.0018 0.0013 
    Largest link dim during sweep 46/87 was 62
    Largest truncation error: 7.59138e-09
    Energy after sweep 46/87 is -164.364394119538
    Sweep 46/87 CPU time = 1m, 13.3s (Wall time = 4.707s)

    vN Entropy at center bond b=150 = 0.699417059393
    Eigs at center bond b=150: 0.7484 0.2173 0.0222 0.0084 0.0018 0.0013 
    Largest link dim during sweep 47/87 was 62
    Largest truncation error: 7.59138e-09
    Energy after sweep 47/87 is -164.364394121544
    Sweep 47/87 CPU time = 1m, 13.9s (Wall time = 4.743s)

    vN Entropy at center bond b=150 = 0.699418074437
    Eigs at center bond b=150: 0.7484 0.2173 0.0222 0.0084 0.0018 0.0013 
    Largest link dim during sweep 48/87 was 62
    Largest truncation error: 7.59138e-09
    Energy after sweep 48/87 is -164.364394122872
    Sweep 48/87 CPU time = 1m, 13.7s (Wall time = 4.735s)

    vN Entropy at center bond b=150 = 0.699418509947
    Eigs at center bond b=150: 0.7484 0.2173 0.0222 0.0084 0.0018 0.0013 
    Largest link dim during sweep 49/87 was 62
    Largest truncation error: 7.59138e-09
    Energy after sweep 49/87 is -164.364394123882
    Sweep 49/87 CPU time = 1m, 14.0s (Wall time = 4.756s)

    vN Entropy at center bond b=150 = 0.699418703918
    Eigs at center bond b=150: 0.7484 0.2173 0.0222 0.0084 0.0018 0.0013 
    Largest link dim during sweep 50/87 was 62
    Largest truncation error: 7.59138e-09
    Energy after sweep 50/87 is -164.364394124369
    Sweep 50/87 CPU time = 1m, 16.3s (Wall time = 4.900s)

    vN Entropy at center bond b=150 = 0.699418790972
    Eigs at center bond b=150: 0.7484 0.2173 0.0222 0.0084 0.0018 0.0013 
    Largest link dim during sweep 51/87 was 62
    Largest truncation error: 7.59138e-09
    Energy after sweep 51/87 is -164.364394124525
    Sweep 51/87 CPU time = 1m, 14.9s (Wall time = 4.807s)

    vN Entropy at center bond b=150 = 0.699418830562
    Eigs at center bond b=150: 0.7484 0.2173 0.0222 0.0084 0.0018 0.0013 
    Largest link dim during sweep 52/87 was 62
    Largest truncation error: 7.59138e-09
    Energy after sweep 52/87 is -164.364394124700
    Sweep 52/87 CPU time = 1m, 16.9s (Wall time = 4.937s)

    vN Entropy at center bond b=150 = 0.699418848844
    Eigs at center bond b=150: 0.7484 0.2173 0.0222 0.0084 0.0018 0.0013 
    Largest link dim during sweep 53/87 was 62
    Largest truncation error: 7.59138e-09
    Energy after sweep 53/87 is -164.364394124735
    Sweep 53/87 CPU time = 1m, 15.7s (Wall time = 4.886s)

    vN Entropy at center bond b=150 = 0.699418857370
    Eigs at center bond b=150: 0.7484 0.2173 0.0222 0.0084 0.0018 0.0013 
    Largest link dim during sweep 54/87 was 62
    Largest truncation error: 7.59138e-09
    Energy after sweep 54/87 is -164.364394124736
    Sweep 54/87 CPU time = 1m, 16.6s (Wall time = 4.930s)

    vN Entropy at center bond b=150 = 0.699418861369
    Eigs at center bond b=150: 0.7484 0.2173 0.0222 0.0084 0.0018 0.0013 
    Largest link dim during sweep 55/87 was 62
    Largest truncation error: 7.59138e-09
    Energy after sweep 55/87 is -164.364394124733
    Sweep 55/87 CPU time = 1m, 16.3s (Wall time = 4.899s)

    vN Entropy at center bond b=150 = 0.699418863248
    Eigs at center bond b=150: 0.7484 0.2173 0.0222 0.0084 0.0018 0.0013 
    Largest link dim during sweep 56/87 was 62
    Largest truncation error: 7.59138e-09
    Energy after sweep 56/87 is -164.364394124726
    Sweep 56/87 CPU time = 1m, 17.1s (Wall time = 4.945s)

    vN Entropy at center bond b=150 = 0.699418864129
    Eigs at center bond b=150: 0.7484 0.2173 0.0222 0.0084 0.0018 0.0013 
    Largest link dim during sweep 57/87 was 62
    Largest truncation error: 7.59138e-09
    Energy after sweep 57/87 is -164.364394124722
    Sweep 57/87 CPU time = 1m, 15.0s (Wall time = 4.816s)

    vN Entropy at center bond b=150 = 0.699418864540
    Eigs at center bond b=150: 0.7484 0.2173 0.0222 0.0084 0.0018 0.0013 
    Largest link dim during sweep 58/87 was 62
    Largest truncation error: 7.59138e-09
    Energy after sweep 58/87 is -164.364394124716
    Sweep 58/87 CPU time = 1m, 15.5s (Wall time = 4.854s)

    vN Entropy at center bond b=150 = 0.699623969580
    Eigs at center bond b=150: 0.7483 0.2173 0.0222 0.0084 0.0018 0.0013 
    Largest link dim during sweep 59/87 was 124
    Largest truncation error: 7.57616e-11
    Energy after sweep 59/87 is -164.364412632868
    Sweep 59/87 CPU time = 3m, 44.8s (Wall time = 14.47s)

    vN Entropy at center bond b=150 = 0.699788320627
    Eigs at center bond b=150: 0.7483 0.2173 0.0222 0.0084 0.0018 0.0013 
    Largest link dim during sweep 60/87 was 135
    Largest truncation error: 7.66998e-11
    Energy after sweep 60/87 is -164.364413020325
    Sweep 60/87 CPU time = 6m, 3.8s (Wall time = 25.34s)

    vN Entropy at center bond b=150 = 0.699803344988
    Eigs at center bond b=150: 0.7483 0.2173 0.0222 0.0084 0.0018 0.0013 
    Largest link dim during sweep 61/87 was 136
    Largest truncation error: 7.53624e-11
    Energy after sweep 61/87 is -164.364413029680
    Sweep 61/87 CPU time = 6m, 37.3s (Wall time = 27.02s)

    vN Entropy at center bond b=150 = 0.699805217224
    Eigs at center bond b=150: 0.7483 0.2173 0.0222 0.0084 0.0018 0.0013 
    Largest link dim during sweep 62/87 was 136
    Largest truncation error: 7.52363e-11
    Energy after sweep 62/87 is -164.364413030412
    Sweep 62/87 CPU time = 6m, 37.2s (Wall time = 26.94s)

    vN Entropy at center bond b=150 = 0.699805600056
    Eigs at center bond b=150: 0.7483 0.2173 0.0222 0.0084 0.0018 0.0013 
    Largest link dim during sweep 63/87 was 136
    Largest truncation error: 7.52363e-11
    Energy after sweep 63/87 is -164.364413030539
    Sweep 63/87 CPU time = 6m, 40.2s (Wall time = 27.22s)

    vN Entropy at center bond b=150 = 0.699805692043
    Eigs at center bond b=150: 0.7483 0.2173 0.0222 0.0084 0.0018 0.0013 
    Largest link dim during sweep 64/87 was 136
    Largest truncation error: 7.52365e-11
    Energy after sweep 64/87 is -164.364413030682
    Sweep 64/87 CPU time = 7m, 18.9s (Wall time = 30.41s)

    vN Entropy at center bond b=150 = 0.699805715745
    Eigs at center bond b=150: 0.7483 0.2173 0.0222 0.0084 0.0018 0.0013 
    Largest link dim during sweep 65/87 was 136
    Largest truncation error: 7.52365e-11
    Energy after sweep 65/87 is -164.364413030643
    Sweep 65/87 CPU time = 7m, 10.5s (Wall time = 29.62s)

    vN Entropy at center bond b=150 = 0.699805722245
    Eigs at center bond b=150: 0.7483 0.2173 0.0222 0.0084 0.0018 0.0013 
    Largest link dim during sweep 66/87 was 136
    Largest truncation error: 7.52367e-11
    Energy after sweep 66/87 is -164.364413030644
    Sweep 66/87 CPU time = 7m, 17.5s (Wall time = 30.54s)

    vN Entropy at center bond b=150 = 0.699805723988
    Eigs at center bond b=150: 0.7483 0.2173 0.0222 0.0084 0.0018 0.0013 
    Largest link dim during sweep 67/87 was 136
    Largest truncation error: 7.52368e-11
    Energy after sweep 67/87 is -164.364413030643
    Sweep 67/87 CPU time = 7m, 13.1s (Wall time = 29.96s)

    vN Entropy at center bond b=150 = 0.699805724451
    Eigs at center bond b=150: 0.7483 0.2173 0.0222 0.0084 0.0018 0.0013 
    Largest link dim during sweep 68/87 was 136
    Largest truncation error: 7.52366e-11
    Energy after sweep 68/87 is -164.364413030642
    Sweep 68/87 CPU time = 7m, 21.2s (Wall time = 30.65s)

    vN Entropy at center bond b=150 = 0.699805724574
    Eigs at center bond b=150: 0.7483 0.2173 0.0222 0.0084 0.0018 0.0013 
    Largest link dim during sweep 69/87 was 136
    Largest truncation error: 7.52364e-11
    Energy after sweep 69/87 is -164.364413030640
    Sweep 69/87 CPU time = 7m, 22.1s (Wall time = 30.61s)

    vN Entropy at center bond b=150 = 0.699805724606
    Eigs at center bond b=150: 0.7483 0.2173 0.0222 0.0084 0.0018 0.0013 
    Largest link dim during sweep 70/87 was 136
    Largest truncation error: 7.52366e-11
    Energy after sweep 70/87 is -164.364413030643
    Sweep 70/87 CPU time = 7m, 19.3s (Wall time = 30.70s)

    vN Entropy at center bond b=150 = 0.699805724614
    Eigs at center bond b=150: 0.7483 0.2173 0.0222 0.0084 0.0018 0.0013 
    Largest link dim during sweep 71/87 was 136
    Largest truncation error: 7.52367e-11
    Energy after sweep 71/87 is -164.364413030643
    Sweep 71/87 CPU time = 7m, 20.3s (Wall time = 30.30s)

    vN Entropy at center bond b=150 = 0.699805724616
    Eigs at center bond b=150: 0.7483 0.2173 0.0222 0.0084 0.0018 0.0013 
    Largest link dim during sweep 72/87 was 136
    Largest truncation error: 7.52363e-11
    Energy after sweep 72/87 is -164.364413030644
    Sweep 72/87 CPU time = 7m, 23.1s (Wall time = 30.82s)

    vN Entropy at center bond b=150 = 0.699805724616
    Eigs at center bond b=150: 0.7483 0.2173 0.0222 0.0084 0.0018 0.0013 
    Largest link dim during sweep 73/87 was 136
    Largest truncation error: 7.52364e-11
    Energy after sweep 73/87 is -164.364413030641
    Sweep 73/87 CPU time = 7m, 26.2s (Wall time = 31.00s)

    vN Entropy at center bond b=150 = 0.699805724616
    Eigs at center bond b=150: 0.7483 0.2173 0.0222 0.0084 0.0018 0.0013 
    Largest link dim during sweep 74/87 was 136
    Largest truncation error: 7.52364e-11
    Energy after sweep 74/87 is -164.364413030644
    Sweep 74/87 CPU time = 7m, 7.6s (Wall time = 29.31s)

    vN Entropy at center bond b=150 = 0.699810678136
    Eigs at center bond b=150: 0.7483 0.2173 0.0222 0.0084 0.0018 0.0013 
    Largest link dim during sweep 75/87 was 248
    Largest truncation error: 7.69318e-13
    Energy after sweep 75/87 is -164.364413220887
    Sweep 75/87 CPU time = 13m, 38s (Wall time = 56.01s)

    vN Entropy at center bond b=150 = 0.699812872232
    Eigs at center bond b=150: 0.7483 0.2173 0.0222 0.0084 0.0018 0.0013 
    Largest link dim during sweep 76/87 was 254
    Largest truncation error: 7.86509e-13
    Energy after sweep 76/87 is -164.364413221660
    Sweep 76/87 CPU time = 20m, 10s (Wall time = 1m, 20.4s)

    vN Entropy at center bond b=150 = 0.699813444742
    Eigs at center bond b=150: 0.7483 0.2173 0.0222 0.0084 0.0018 0.0013 
    Largest link dim during sweep 77/87 was 255
    Largest truncation error: 7.86134e-13
    Energy after sweep 77/87 is -164.364413221687
    Sweep 77/87 CPU time = 20m, 7s (Wall time = 1m, 20.3s)

    vN Entropy at center bond b=150 = 0.699813627034
    Eigs at center bond b=150: 0.7483 0.2173 0.0222 0.0084 0.0018 0.0013 
    Largest link dim during sweep 78/87 was 255
    Largest truncation error: 7.86169e-13
    Energy after sweep 78/87 is -164.364413221692
    Sweep 78/87 CPU time = 20m, 9s (Wall time = 1m, 21.5s)

    vN Entropy at center bond b=150 = 0.699813691391
    Eigs at center bond b=150: 0.7483 0.2173 0.0222 0.0084 0.0018 0.0013 
    Largest link dim during sweep 79/87 was 255
    Largest truncation error: 7.86191e-13
    Energy after sweep 79/87 is -164.364413221696
    Sweep 79/87 CPU time = 20m, 14s (Wall time = 1m, 21.6s)

    vN Entropy at center bond b=150 = 0.699813716337
    Eigs at center bond b=150: 0.7483 0.2173 0.0222 0.0084 0.0018 0.0013 
    Largest link dim during sweep 80/87 was 255
    Largest truncation error: 7.86145e-13
    Energy after sweep 80/87 is -164.364413221695
    Sweep 80/87 CPU time = 20m, 9s (Wall time = 1m, 21.3s)

    vN Entropy at center bond b=150 = 0.699813726850
    Eigs at center bond b=150: 0.7483 0.2173 0.0222 0.0084 0.0018 0.0013 
    Largest link dim during sweep 81/87 was 255
    Largest truncation error: 7.8617e-13
    Energy after sweep 81/87 is -164.364413221698
    Sweep 81/87 CPU time = 20m, 12s (Wall time = 1m, 21.7s)

    vN Entropy at center bond b=150 = 0.699813731565
    Eigs at center bond b=150: 0.7483 0.2173 0.0222 0.0084 0.0018 0.0013 
    Largest link dim during sweep 82/87 was 255
    Largest truncation error: 7.8614e-13
    Energy after sweep 82/87 is -164.364413221696
    Sweep 82/87 CPU time = 20m, 12s (Wall time = 1m, 21.0s)

    vN Entropy at center bond b=150 = 0.699813965023
    Eigs at center bond b=150: 0.7483 0.2173 0.0222 0.0084 0.0018 0.0013 
    Largest link dim during sweep 83/87 was 239
    Largest truncation error: 7.67861e-13
    Energy after sweep 83/87 is -164.364413221227
    Sweep 83/87 CPU time = 16m, 19s (Wall time = 1m, 4.3s)

    vN Entropy at center bond b=150 = 0.699814012632
    Eigs at center bond b=150: 0.7483 0.2173 0.0222 0.0084 0.0018 0.0013 
    Largest link dim during sweep 84/87 was 420
    Largest truncation error: 7.79463e-15
    Energy after sweep 84/87 is -164.364413223919
    Sweep 84/87 CPU time = 42m, 51s (Wall time = 2m, 52.6s)

    vN Entropy at center bond b=150 = 0.699814049647
    Eigs at center bond b=150: 0.7483 0.2173 0.0222 0.0084 0.0018 0.0013 
    Largest link dim during sweep 85/87 was 429
    Largest truncation error: 7.88218e-15
    Energy after sweep 85/87 is -164.364413223938
    Sweep 85/87 CPU time = 1h, 3m, 42s (Wall time = 4m, 9.3s)

    vN Entropy at center bond b=150 = 0.699814059112
    Eigs at center bond b=150: 0.7483 0.2173 0.0222 0.0084 0.0018 0.0013 
    Largest link dim during sweep 86/87 was 429
    Largest truncation error: 7.88977e-15
    Energy after sweep 86/87 is -164.364413223941
    Sweep 86/87 CPU time = 1h, 2m, 40s (Wall time = 4m, 8.1s)

    vN Entropy at center bond b=150 = 0.699814062156
    Eigs at center bond b=150: 0.7483 0.2173 0.0222 0.0084 0.0018 0.0013 
    Largest link dim during sweep 87/87 was 429
    Largest truncation error: 7.88979e-15
    Energy after sweep 87/87 is -164.364413223939
    Sweep 87/87 CPU time = 1h, 2m, 18s (Wall time = 4m, 4.0s)
Initial energy = 3.00000

Ground State Energy = -164.3644132239
run_outputs/outputpsi/N_300_sweep_87_t_0.030000_J_1.000000_V_0.600000_D_0.018000_U_0.800000_mu_0.020000_E_0.000000 converge
Wall-clock time (s) = 11816.212664
