//////////////////////////
Reading input file ......

Got input.N = 303
Got input.t = 0.03
Got input.J = 1
Got input.V = 0.6
Got input.D = 0.018
Got input.U = 2
Got input.mu = 0
Got input.E = 0.1
Got input.nsweeps = 87
Sweeps:
1  MaxDim=20, MinDim=20, Cutoff=1.0E-06, Niter=8, Noise=1.0E-05
2  MaxDim=20, MinDim=20, Cutoff=1.0E-06, Niter=8, Noise=1.0E-05
3  MaxDim=20, MinDim=20, Cutoff=1.0E-06, Niter=8, Noise=1.0E-05
4  MaxDim=20, MinDim=20, Cutoff=1.0E-06, Niter=8, Noise=1.0E-05
5  MaxDim=20, MinDim=20, Cutoff=1.0E-06, Niter=8, Noise=1.0E-05
6  MaxDim=20, MinDim=20, Cutoff=1.0E-06, Niter=8, Noise=1.0E-05
7  MaxDim=20, MinDim=20, Cutoff=1.0E-06, Niter=8, Noise=1.0E-05
8  MaxDim=40, MinDim=20, Cutoff=1.0E-06, Niter=4, Noise=1.0E-05
9  MaxDim=40, MinDim=20, Cutoff=1.0E-06, Niter=4, Noise=1.0E-05
10  MaxDim=40, MinDim=20, Cutoff=1.0E-06, Niter=4, Noise=1.0E-05
11  MaxDim=40, MinDim=20, Cutoff=1.0E-06, Niter=4, Noise=1.0E-05
12  MaxDim=40, MinDim=20, Cutoff=1.0E-06, Niter=4, Noise=1.0E-05
13  MaxDim=40, MinDim=20, Cutoff=1.0E-06, Niter=4, Noise=1.0E-05
14  MaxDim=40, MinDim=20, Cutoff=1.0E-06, Niter=4, Noise=1.0E-05
15  MaxDim=80, MinDim=10, Cutoff=1.0E-06, Niter=4, Noise=1.0E-05
16  MaxDim=80, MinDim=10, Cutoff=1.0E-06, Niter=4, Noise=1.0E-05
17  MaxDim=80, MinDim=10, Cutoff=1.0E-06, Niter=4, Noise=1.0E-05
18  MaxDim=80, MinDim=10, Cutoff=1.0E-06, Niter=4, Noise=1.0E-05
19  MaxDim=80, MinDim=10, Cutoff=1.0E-06, Niter=4, Noise=1.0E-05
20  MaxDim=80, MinDim=10, Cutoff=1.0E-06, Niter=4, Noise=1.0E-05
21  MaxDim=80, MinDim=10, Cutoff=1.0E-06, Niter=4, Noise=1.0E-05
22  MaxDim=80, MinDim=10, Cutoff=1.0E-06, Niter=4, Noise=1.0E-05
23  MaxDim=80, MinDim=10, Cutoff=1.0E-06, Niter=4, Noise=1.0E-05
24  MaxDim=80, MinDim=10, Cutoff=1.0E-06, Niter=4, Noise=1.0E-05
25  MaxDim=80, MinDim=10, Cutoff=1.0E-06, Niter=4, Noise=1.0E-05
26  MaxDim=80, MinDim=10, Cutoff=1.0E-06, Niter=4, Noise=1.0E-05
27  MaxDim=80, MinDim=10, Cutoff=1.0E-06, Niter=4, Noise=1.0E-05
28  MaxDim=80, MinDim=10, Cutoff=1.0E-06, Niter=4, Noise=1.0E-05
29  MaxDim=80, MinDim=10, Cutoff=1.0E-06, Niter=4, Noise=1.0E-05
30  MaxDim=80, MinDim=10, Cutoff=1.0E-06, Niter=4, Noise=1.0E-05
31  MaxDim=80, MinDim=10, Cutoff=1.0E-06, Niter=4, Noise=1.0E-05
32  MaxDim=80, MinDim=10, Cutoff=1.0E-06, Niter=4, Noise=1.0E-05
33  MaxDim=80, MinDim=10, Cutoff=1.0E-06, Niter=4, Noise=1.0E-05
34  MaxDim=80, MinDim=10, Cutoff=1.0E-06, Niter=4, Noise=1.0E-05
35  MaxDim=80, MinDim=10, Cutoff=1.0E-06, Niter=4, Noise=1.0E-05
36  MaxDim=80, MinDim=10, Cutoff=1.0E-06, Niter=4, Noise=1.0E-05
37  MaxDim=160, MinDim=10, Cutoff=1.0E-08, Niter=4, Noise=1.0E-06
38  MaxDim=160, MinDim=10, Cutoff=1.0E-08, Niter=4, Noise=1.0E-06
39  MaxDim=160, MinDim=10, Cutoff=1.0E-08, Niter=4, Noise=1.0E-06
40  MaxDim=160, MinDim=10, Cutoff=1.0E-08, Niter=4, Noise=1.0E-06
41  MaxDim=160, MinDim=10, Cutoff=1.0E-08, Niter=4, Noise=1.0E-06
42  MaxDim=160, MinDim=10, Cutoff=1.0E-08, Niter=4, Noise=1.0E-06
43  MaxDim=160, MinDim=10, Cutoff=1.0E-08, Niter=4, Noise=1.0E-06
44  MaxDim=160, MinDim=10, Cutoff=1.0E-08, Niter=4, Noise=1.0E-06
45  MaxDim=160, MinDim=10, Cutoff=1.0E-08, Niter=4, Noise=1.0E-06
46  MaxDim=160, MinDim=10, Cutoff=1.0E-08, Niter=4, Noise=1.0E-06
47  MaxDim=160, MinDim=10, Cutoff=1.0E-08, Niter=4, Noise=1.0E-06
48  MaxDim=160, MinDim=10, Cutoff=1.0E-08, Niter=4, Noise=1.0E-06
49  MaxDim=160, MinDim=10, Cutoff=1.0E-08, Niter=4, Noise=1.0E-06
50  MaxDim=160, MinDim=10, Cutoff=1.0E-08, Niter=4, Noise=1.0E-06
51  MaxDim=160, MinDim=10, Cutoff=1.0E-08, Niter=4, Noise=1.0E-06
52  MaxDim=160, MinDim=10, Cutoff=1.0E-08, Niter=4, Noise=1.0E-06
53  MaxDim=160, MinDim=10, Cutoff=1.0E-08, Niter=4, Noise=1.0E-06
54  MaxDim=160, MinDim=10, Cutoff=1.0E-08, Niter=4, Noise=1.0E-06
55  MaxDim=160, MinDim=10, Cutoff=1.0E-08, Niter=4, Noise=1.0E-06
56  MaxDim=160, MinDim=10, Cutoff=1.0E-08, Niter=4, Noise=1.0E-06
57  MaxDim=160, MinDim=10, Cutoff=1.0E-08, Niter=4, Noise=1.0E-06
58  MaxDim=160, MinDim=10, Cutoff=1.0E-08, Niter=4, Noise=1.0E-06
59  MaxDim=320, MinDim=10, Cutoff=1.0E-10, Niter=4, Noise=1.0E-07
60  MaxDim=320, MinDim=10, Cutoff=1.0E-10, Niter=4, Noise=1.0E-07
61  MaxDim=320, MinDim=10, Cutoff=1.0E-10, Niter=4, Noise=1.0E-07
62  MaxDim=320, MinDim=10, Cutoff=1.0E-10, Niter=4, Noise=1.0E-07
63  MaxDim=320, MinDim=10, Cutoff=1.0E-10, Niter=4, Noise=1.0E-07
64  MaxDim=320, MinDim=10, Cutoff=1.0E-10, Niter=4, Noise=1.0E-07
65  MaxDim=320, MinDim=10, Cutoff=1.0E-10, Niter=4, Noise=1.0E-07
66  MaxDim=320, MinDim=10, Cutoff=1.0E-10, Niter=4, Noise=1.0E-07
67  MaxDim=320, MinDim=10, Cutoff=1.0E-10, Niter=4, Noise=1.0E-07
68  MaxDim=320, MinDim=10, Cutoff=1.0E-10, Niter=4, Noise=1.0E-07
69  MaxDim=320, MinDim=10, Cutoff=1.0E-10, Niter=4, Noise=1.0E-07
70  MaxDim=320, MinDim=10, Cutoff=1.0E-10, Niter=4, Noise=1.0E-07
71  MaxDim=320, MinDim=10, Cutoff=1.0E-10, Niter=4, Noise=1.0E-07
72  MaxDim=320, MinDim=10, Cutoff=1.0E-10, Niter=4, Noise=1.0E-07
73  MaxDim=320, MinDim=10, Cutoff=1.0E-10, Niter=4, Noise=1.0E-07
74  MaxDim=320, MinDim=10, Cutoff=1.0E-10, Niter=4, Noise=1.0E-07
75  MaxDim=640, MinDim=10, Cutoff=1.0E-12, Niter=2, Noise=1.0E-08
76  MaxDim=640, MinDim=10, Cutoff=1.0E-12, Niter=2, Noise=1.0E-08
77  MaxDim=640, MinDim=10, Cutoff=1.0E-12, Niter=2, Noise=1.0E-08
78  MaxDim=640, MinDim=10, Cutoff=1.0E-12, Niter=2, Noise=1.0E-08
79  MaxDim=640, MinDim=10, Cutoff=1.0E-12, Niter=2, Noise=1.0E-08
80  MaxDim=640, MinDim=10, Cutoff=1.0E-12, Niter=2, Noise=1.0E-08
81  MaxDim=640, MinDim=10, Cutoff=1.0E-12, Niter=2, Noise=1.0E-08
82  MaxDim=640, MinDim=10, Cutoff=1.0E-12, Niter=2, Noise=1.0E-08
83  MaxDim=1280, MinDim=10, Cutoff=1.0E-12, Niter=2, Noise=0.0E+00
84  MaxDim=1280, MinDim=10, Cutoff=1.0E-14, Niter=2, Noise=0.0E+00
85  MaxDim=1280, MinDim=10, Cutoff=1.0E-14, Niter=2, Noise=0.0E+00
86  MaxDim=1280, MinDim=10, Cutoff=1.0E-14, Niter=2, Noise=0.0E+00
87  MaxDim=1280, MinDim=10, Cutoff=1.0E-14, Niter=2, Noise=0.0E+00


    vN Entropy at center bond b=151 = 0.646778601097
    Eigs at center bond b=151: 0.7933 0.1688 0.0262 0.0057 0.0035 0.0011 
    Largest link dim during sweep 1/87 was 20
    Largest truncation error: 1.07136e-05
    Energy after sweep 1/87 is -144.142546786057
    Sweep 1/87 CPU time = 18.66s (Wall time = 1.208s)

    vN Entropy at center bond b=151 = 0.805180021863
    Eigs at center bond b=151: 0.7345 0.1998 0.0429 0.0091 0.0067 0.0033 0.0017 
    Largest link dim during sweep 2/87 was 20
    Largest truncation error: 1.02179e-05
    Energy after sweep 2/87 is -144.199367175702
    Sweep 2/87 CPU time = 26.80s (Wall time = 1.716s)

    vN Entropy at center bond b=151 = 0.822985720036
    Eigs at center bond b=151: 0.7282 0.2026 0.0448 0.0097 0.0071 0.0036 0.0018 0.0011 
    Largest link dim during sweep 3/87 was 20
    Largest truncation error: 1.25727e-05
    Energy after sweep 3/87 is -144.200539297051
    Sweep 3/87 CPU time = 26.92s (Wall time = 1.720s)

    vN Entropy at center bond b=151 = 0.824790690021
    Eigs at center bond b=151: 0.7275 0.2030 0.0449 0.0098 0.0071 0.0036 0.0018 0.0011 
    Largest link dim during sweep 4/87 was 20
    Largest truncation error: 1.27864e-05
    Energy after sweep 4/87 is -144.200718663675
    Sweep 4/87 CPU time = 26.74s (Wall time = 1.715s)

    vN Entropy at center bond b=151 = 0.825064620454
    Eigs at center bond b=151: 0.7273 0.2031 0.0448 0.0098 0.0071 0.0037 0.0018 0.0011 
    Largest link dim during sweep 5/87 was 20
    Largest truncation error: 1.29005e-05
    Energy after sweep 5/87 is -144.200796842406
    Sweep 5/87 CPU time = 26.69s (Wall time = 1.712s)

    vN Entropy at center bond b=151 = 0.825133209719
    Eigs at center bond b=151: 0.7273 0.2032 0.0448 0.0098 0.0071 0.0037 0.0018 0.0011 
    Largest link dim during sweep 6/87 was 20
    Largest truncation error: 1.28798e-05
    Energy after sweep 6/87 is -144.200830218806
    Sweep 6/87 CPU time = 26.84s (Wall time = 1.718s)

    vN Entropy at center bond b=151 = 0.825156686650
    Eigs at center bond b=151: 0.7272 0.2032 0.0448 0.0098 0.0071 0.0037 0.0018 0.0011 
    Largest link dim during sweep 7/87 was 20
    Largest truncation error: 1.28723e-05
    Energy after sweep 7/87 is -144.200844087638
    Sweep 7/87 CPU time = 26.70s (Wall time = 1.714s)

    vN Entropy at center bond b=151 = 0.872203308692
    Eigs at center bond b=151: 0.7120 0.2086 0.0493 0.0115 0.0086 0.0043 0.0024 0.0015 
    Largest link dim during sweep 8/87 was 40
    Largest truncation error: 7.68099e-07
    Energy after sweep 8/87 is -144.229787447508
    Sweep 8/87 CPU time = 27.87s (Wall time = 1.793s)

    vN Entropy at center bond b=151 = 0.937372586763
    Eigs at center bond b=151: 0.6892 0.2190 0.0531 0.0137 0.0118 0.0049 0.0035 0.0019 
    Largest link dim during sweep 9/87 was 40
    Largest truncation error: 1.76881e-06
    Energy after sweep 9/87 is -144.233290586037
    Sweep 9/87 CPU time = 42.22s (Wall time = 2.730s)

    vN Entropy at center bond b=151 = 0.968716521451
    Eigs at center bond b=151: 0.6765 0.2270 0.0526 0.0150 0.0138 0.0055 0.0042 0.0020 
    Largest link dim during sweep 10/87 was 40
    Largest truncation error: 2.05477e-06
    Energy after sweep 10/87 is -144.233662360563
    Sweep 10/87 CPU time = 41.72s (Wall time = 2.678s)

    vN Entropy at center bond b=151 = 0.983389428658
    Eigs at center bond b=151: 0.6699 0.2320 0.0515 0.0165 0.0141 0.0060 0.0044 0.0021 0.0011 
    Largest link dim during sweep 11/87 was 40
    Largest truncation error: 2.15201e-06
    Energy after sweep 11/87 is -144.233750617278
    Sweep 11/87 CPU time = 41.64s (Wall time = 2.671s)

    vN Entropy at center bond b=151 = 0.992035374865
    Eigs at center bond b=151: 0.6658 0.2351 0.0507 0.0175 0.0142 0.0064 0.0044 0.0021 0.0011 
    Largest link dim during sweep 12/87 was 40
    Largest truncation error: 2.20212e-06
    Energy after sweep 12/87 is -144.233779423014
    Sweep 12/87 CPU time = 41.78s (Wall time = 2.699s)

    vN Entropy at center bond b=151 = 0.997481262558
    Eigs at center bond b=151: 0.6632 0.2372 0.0502 0.0182 0.0142 0.0067 0.0045 0.0021 0.0012 
    Largest link dim during sweep 13/87 was 40
    Largest truncation error: 2.24202e-06
    Energy after sweep 13/87 is -144.233790330998
    Sweep 13/87 CPU time = 41.23s (Wall time = 2.643s)

    vN Entropy at center bond b=151 = 1.000991686249
    Eigs at center bond b=151: 0.6614 0.2385 0.0499 0.0187 0.0142 0.0068 0.0045 0.0021 0.0012 
    Largest link dim during sweep 14/87 was 40
    Largest truncation error: 2.26715e-06
    Energy after sweep 14/87 is -144.233794975022
    Sweep 14/87 CPU time = 40.12s (Wall time = 2.572s)

    vN Entropy at center bond b=151 = 1.033414091835
    Eigs at center bond b=151: 0.6487 0.2451 0.0499 0.0217 0.0149 0.0082 0.0046 0.0022 0.0015 
    Largest link dim during sweep 15/87 was 55
    Largest truncation error: 7.16102e-07
    Energy after sweep 15/87 is -144.237120845495
    Sweep 15/87 CPU time = 57.10s (Wall time = 3.682s)

    vN Entropy at center bond b=151 = 1.101345527596
    Eigs at center bond b=151: 0.6178 0.2640 0.0480 0.0287 0.0163 0.0121 0.0046 0.0025 0.0019 
    Largest link dim during sweep 16/87 was 60
    Largest truncation error: 7.29117e-07
    Energy after sweep 16/87 is -144.238315924061
    Sweep 16/87 CPU time = 1m, 9.9s (Wall time = 4.503s)

    vN Entropy at center bond b=151 = 1.177149620303
    Eigs at center bond b=151: 0.5749 0.2932 0.0444 0.0362 0.0187 0.0176 0.0045 0.0030 0.0022 0.0012 
    Largest link dim during sweep 17/87 was 65
    Largest truncation error: 7.35601e-07
    Energy after sweep 17/87 is -144.239221971211
    Sweep 17/87 CPU time = 1m, 18.8s (Wall time = 5.060s)

    vN Entropy at center bond b=151 = 1.238143324604
    Eigs at center bond b=151: 0.5287 0.3281 0.0431 0.0385 0.0245 0.0207 0.0043 0.0034 0.0023 0.0017 
    Largest link dim during sweep 18/87 was 68
    Largest truncation error: 7.13717e-07
    Energy after sweep 18/87 is -144.239861711328
    Sweep 18/87 CPU time = 1m, 28.5s (Wall time = 5.686s)

    vN Entropy at center bond b=151 = 1.272643264458
    Eigs at center bond b=151: 0.4935 0.3568 0.0441 0.0367 0.0285 0.0233 0.0042 0.0034 0.0026 0.0020 
    Largest link dim during sweep 19/87 was 71
    Largest truncation error: 7.15545e-07
    Energy after sweep 19/87 is -144.240243663219
    Sweep 19/87 CPU time = 1m, 36.1s (Wall time = 6.196s)

    vN Entropy at center bond b=151 = 1.286898829497
    Eigs at center bond b=151: 0.4750 0.3723 0.0443 0.0364 0.0296 0.0248 0.0041 0.0033 0.0028 0.0021 
    Largest link dim during sweep 20/87 was 72
    Largest truncation error: 7.15987e-07
    Energy after sweep 20/87 is -144.240413477687
    Sweep 20/87 CPU time = 1m, 40.4s (Wall time = 6.500s)

    vN Entropy at center bond b=151 = 1.292171370119
    Eigs at center bond b=151: 0.4678 0.3784 0.0444 0.0365 0.0296 0.0255 0.0041 0.0032 0.0030 0.0021 
    Largest link dim during sweep 21/87 was 73
    Largest truncation error: 7.16019e-07
    Energy after sweep 21/87 is -144.240479974103
    Sweep 21/87 CPU time = 1m, 46.1s (Wall time = 6.807s)

    vN Entropy at center bond b=151 = 1.294107791521
    Eigs at center bond b=151: 0.4653 0.3804 0.0444 0.0366 0.0296 0.0258 0.0041 0.0032 0.0030 0.0021 
    Largest link dim during sweep 22/87 was 73
    Largest truncation error: 7.16011e-07
    Energy after sweep 22/87 is -144.240516918028
    Sweep 22/87 CPU time = 1m, 47.0s (Wall time = 6.871s)

    vN Entropy at center bond b=151 = 1.294866799201
    Eigs at center bond b=151: 0.4644 0.3811 0.0445 0.0367 0.0296 0.0259 0.0041 0.0032 0.0031 0.0021 
    Largest link dim during sweep 23/87 was 73
    Largest truncation error: 7.16009e-07
    Energy after sweep 23/87 is -144.240528582168
    Sweep 23/87 CPU time = 1m, 47.0s (Wall time = 6.887s)

    vN Entropy at center bond b=151 = 1.295158899053
    Eigs at center bond b=151: 0.4642 0.3813 0.0445 0.0367 0.0296 0.0259 0.0041 0.0032 0.0031 0.0021 
    Largest link dim during sweep 24/87 was 73
    Largest truncation error: 7.1601e-07
    Energy after sweep 24/87 is -144.240533649421
    Sweep 24/87 CPU time = 1m, 44.4s (Wall time = 6.737s)

    vN Entropy at center bond b=151 = 1.295275862912
    Eigs at center bond b=151: 0.4641 0.3813 0.0445 0.0367 0.0296 0.0259 0.0041 0.0031 0.0031 0.0021 
    Largest link dim during sweep 25/87 was 73
    Largest truncation error: 7.16054e-07
    Energy after sweep 25/87 is -144.240537504871
    Sweep 25/87 CPU time = 1m, 47.2s (Wall time = 6.888s)

    vN Entropy at center bond b=151 = 1.295342845100
    Eigs at center bond b=151: 0.4640 0.3814 0.0445 0.0367 0.0296 0.0259 0.0041 0.0031 0.0031 0.0021 
    Largest link dim during sweep 26/87 was 73
    Largest truncation error: 7.16058e-07
    Energy after sweep 26/87 is -144.240538391733
    Sweep 26/87 CPU time = 1m, 47.7s (Wall time = 6.926s)

    vN Entropy at center bond b=151 = 1.295379257888
    Eigs at center bond b=151: 0.4640 0.3814 0.0445 0.0367 0.0296 0.0259 0.0041 0.0031 0.0031 0.0021 
    Largest link dim during sweep 27/87 was 73
    Largest truncation error: 7.16059e-07
    Energy after sweep 27/87 is -144.240538571703
    Sweep 27/87 CPU time = 1m, 46.9s (Wall time = 6.866s)

    vN Entropy at center bond b=151 = 1.295393933222
    Eigs at center bond b=151: 0.4640 0.3814 0.0445 0.0367 0.0296 0.0259 0.0041 0.0031 0.0031 0.0021 
    Largest link dim during sweep 28/87 was 73
    Largest truncation error: 7.16059e-07
    Energy after sweep 28/87 is -144.240539165051
    Sweep 28/87 CPU time = 1m, 45.2s (Wall time = 6.774s)

    vN Entropy at center bond b=151 = 1.295403076324
    Eigs at center bond b=151: 0.4640 0.3814 0.0445 0.0367 0.0296 0.0259 0.0041 0.0031 0.0031 0.0021 
    Largest link dim during sweep 29/87 was 73
    Largest truncation error: 7.16059e-07
    Energy after sweep 29/87 is -144.240539274844
    Sweep 29/87 CPU time = 1m, 47.5s (Wall time = 6.911s)

    vN Entropy at center bond b=151 = 1.295408933784
    Eigs at center bond b=151: 0.4640 0.3814 0.0445 0.0367 0.0296 0.0259 0.0041 0.0031 0.0031 0.0021 
    Largest link dim during sweep 30/87 was 73
    Largest truncation error: 7.16059e-07
    Energy after sweep 30/87 is -144.240539364726
    Sweep 30/87 CPU time = 1m, 47.7s (Wall time = 6.924s)

    vN Entropy at center bond b=151 = 1.295413008474
    Eigs at center bond b=151: 0.4640 0.3814 0.0445 0.0367 0.0296 0.0259 0.0041 0.0031 0.0031 0.0021 
    Largest link dim during sweep 31/87 was 73
    Largest truncation error: 7.16059e-07
    Energy after sweep 31/87 is -144.240539430829
    Sweep 31/87 CPU time = 1m, 46.0s (Wall time = 6.804s)

    vN Entropy at center bond b=151 = 1.295415971404
    Eigs at center bond b=151: 0.4640 0.3814 0.0445 0.0367 0.0296 0.0259 0.0041 0.0031 0.0031 0.0021 
    Largest link dim during sweep 32/87 was 73
    Largest truncation error: 7.16059e-07
    Energy after sweep 32/87 is -144.240539481766
    Sweep 32/87 CPU time = 1m, 37.6s (Wall time = 6.269s)

    vN Entropy at center bond b=151 = 1.295424261337
    Eigs at center bond b=151: 0.4640 0.3814 0.0445 0.0367 0.0296 0.0259 0.0041 0.0031 0.0031 0.0021 
    Largest link dim during sweep 33/87 was 73
    Largest truncation error: 7.16059e-07
    Energy after sweep 33/87 is -144.240540254602
    Sweep 33/87 CPU time = 1m, 37.6s (Wall time = 6.274s)

    vN Entropy at center bond b=151 = 1.295455040501
    Eigs at center bond b=151: 0.4640 0.3814 0.0445 0.0367 0.0296 0.0259 0.0041 0.0031 0.0031 0.0021 
    Largest link dim during sweep 34/87 was 73
    Largest truncation error: 7.16059e-07
    Energy after sweep 34/87 is -144.240541155292
    Sweep 34/87 CPU time = 1m, 44.1s (Wall time = 6.686s)

    vN Entropy at center bond b=151 = 1.295463412013
    Eigs at center bond b=151: 0.4640 0.3814 0.0445 0.0367 0.0296 0.0259 0.0041 0.0031 0.0031 0.0021 
    Largest link dim during sweep 35/87 was 73
    Largest truncation error: 7.16059e-07
    Energy after sweep 35/87 is -144.240541672384
    Sweep 35/87 CPU time = 1m, 48.7s (Wall time = 7.018s)

    vN Entropy at center bond b=151 = 1.295474170667
    Eigs at center bond b=151: 0.4640 0.3814 0.0445 0.0367 0.0296 0.0259 0.0041 0.0031 0.0031 0.0021 
    Largest link dim during sweep 36/87 was 73
    Largest truncation error: 7.16059e-07
    Energy after sweep 36/87 is -144.240542161566
    Sweep 36/87 CPU time = 1m, 48.1s (Wall time = 6.946s)

    vN Entropy at center bond b=151 = 1.326714476379
    Eigs at center bond b=151: 0.4584 0.3776 0.0466 0.0389 0.0313 0.0271 0.0042 0.0036 0.0034 0.0024 
    Largest link dim during sweep 37/87 was 160
    Largest truncation error: 7.70571e-09
    Energy after sweep 37/87 is -144.242925794060
    Sweep 37/87 CPU time = 6m, 21.1s (Wall time = 25.70s)

    vN Entropy at center bond b=151 = 1.343395130523
    Eigs at center bond b=151: 0.4554 0.3760 0.0476 0.0398 0.0320 0.0277 0.0042 0.0038 0.0036 0.0026 
    Largest link dim during sweep 38/87 was 160
    Largest truncation error: 2.36071e-08
    Energy after sweep 38/87 is -144.242985148541
    Sweep 38/87 CPU time = 11m, 51s (Wall time = 47.91s)

    vN Entropy at center bond b=151 = 1.344533544169
    Eigs at center bond b=151: 0.4552 0.3759 0.0476 0.0399 0.0320 0.0277 0.0042 0.0038 0.0036 0.0026 
    Largest link dim during sweep 39/87 was 160
    Largest truncation error: 2.59168e-08
    Energy after sweep 39/87 is -144.242986366584
    Sweep 39/87 CPU time = 10m, 48s (Wall time = 42.86s)

    vN Entropy at center bond b=151 = 1.344633785413
    Eigs at center bond b=151: 0.4552 0.3759 0.0476 0.0399 0.0320 0.0277 0.0042 0.0038 0.0036 0.0026 
    Largest link dim during sweep 40/87 was 160
    Largest truncation error: 2.63372e-08
    Energy after sweep 40/87 is -144.242986445409
    Sweep 40/87 CPU time = 11m, 22s (Wall time = 45.76s)

    vN Entropy at center bond b=151 = 1.344648197271
    Eigs at center bond b=151: 0.4552 0.3759 0.0476 0.0399 0.0320 0.0277 0.0042 0.0038 0.0036 0.0026 
    Largest link dim during sweep 41/87 was 160
    Largest truncation error: 2.64277e-08
    Energy after sweep 41/87 is -144.242986465931
    Sweep 41/87 CPU time = 11m, 17s (Wall time = 46.60s)

    vN Entropy at center bond b=151 = 1.344650935544
    Eigs at center bond b=151: 0.4552 0.3759 0.0476 0.0399 0.0320 0.0277 0.0042 0.0038 0.0036 0.0026 
    Largest link dim during sweep 42/87 was 160
    Largest truncation error: 2.64511e-08
    Energy after sweep 42/87 is -144.242986466938
    Sweep 42/87 CPU time = 11m, 20s (Wall time = 46.42s)

    vN Entropy at center bond b=151 = 1.344651593936
    Eigs at center bond b=151: 0.4552 0.3759 0.0476 0.0399 0.0320 0.0277 0.0042 0.0038 0.0036 0.0026 
    Largest link dim during sweep 43/87 was 160
    Largest truncation error: 2.64586e-08
    Energy after sweep 43/87 is -144.242986465261
    Sweep 43/87 CPU time = 11m, 26s (Wall time = 47.26s)

    vN Entropy at center bond b=151 = 1.344651821700
    Eigs at center bond b=151: 0.4552 0.3759 0.0476 0.0399 0.0320 0.0277 0.0042 0.0038 0.0036 0.0026 
    Largest link dim during sweep 44/87 was 160
    Largest truncation error: 2.64613e-08
    Energy after sweep 44/87 is -144.242986464230
    Sweep 44/87 CPU time = 11m, 15s (Wall time = 46.48s)

    vN Entropy at center bond b=151 = 1.344651938641
    Eigs at center bond b=151: 0.4552 0.3759 0.0476 0.0399 0.0320 0.0277 0.0042 0.0038 0.0036 0.0026 
    Largest link dim during sweep 45/87 was 160
    Largest truncation error: 2.64625e-08
    Energy after sweep 45/87 is -144.242986463315
    Sweep 45/87 CPU time = 11m, 3s (Wall time = 45.21s)

    vN Entropy at center bond b=151 = 1.344652018915
    Eigs at center bond b=151: 0.4552 0.3759 0.0476 0.0399 0.0320 0.0277 0.0042 0.0038 0.0036 0.0026 
    Largest link dim during sweep 46/87 was 160
    Largest truncation error: 2.64632e-08
    Energy after sweep 46/87 is -144.242986462740
    Sweep 46/87 CPU time = 11m, 23s (Wall time = 46.83s)

    vN Entropy at center bond b=151 = 1.344652080186
    Eigs at center bond b=151: 0.4552 0.3759 0.0476 0.0399 0.0320 0.0277 0.0042 0.0038 0.0036 0.0026 
    Largest link dim during sweep 47/87 was 160
    Largest truncation error: 2.64635e-08
    Energy after sweep 47/87 is -144.242986462512
    Sweep 47/87 CPU time = 11m, 15s (Wall time = 46.20s)

    vN Entropy at center bond b=151 = 1.344652133351
    Eigs at center bond b=151: 0.4552 0.3759 0.0476 0.0399 0.0320 0.0277 0.0042 0.0038 0.0036 0.0026 
    Largest link dim during sweep 48/87 was 160
    Largest truncation error: 2.64638e-08
    Energy after sweep 48/87 is -144.242986462294
    Sweep 48/87 CPU time = 11m, 20s (Wall time = 46.35s)

    vN Entropy at center bond b=151 = 1.344652185101
    Eigs at center bond b=151: 0.4552 0.3759 0.0476 0.0399 0.0320 0.0277 0.0042 0.0038 0.0036 0.0026 
    Largest link dim during sweep 49/87 was 160
    Largest truncation error: 2.6464e-08
    Energy after sweep 49/87 is -144.242986461862
    Sweep 49/87 CPU time = 11m, 20s (Wall time = 46.90s)

    vN Entropy at center bond b=151 = 1.344652237091
    Eigs at center bond b=151: 0.4552 0.3759 0.0476 0.0399 0.0320 0.0277 0.0042 0.0038 0.0036 0.0026 
    Largest link dim during sweep 50/87 was 160
    Largest truncation error: 2.64644e-08
    Energy after sweep 50/87 is -144.242986461291
    Sweep 50/87 CPU time = 11m, 29s (Wall time = 47.86s)

    vN Entropy at center bond b=151 = 1.344652283813
    Eigs at center bond b=151: 0.4552 0.3759 0.0476 0.0399 0.0320 0.0277 0.0042 0.0038 0.0036 0.0026 
    Largest link dim during sweep 51/87 was 160
    Largest truncation error: 2.64647e-08
    Energy after sweep 51/87 is -144.242986460760
    Sweep 51/87 CPU time = 11m, 19s (Wall time = 46.67s)

    vN Entropy at center bond b=151 = 1.344652318239
    Eigs at center bond b=151: 0.4552 0.3759 0.0476 0.0399 0.0320 0.0277 0.0042 0.0038 0.0036 0.0026 
    Largest link dim during sweep 52/87 was 160
    Largest truncation error: 2.6465e-08
    Energy after sweep 52/87 is -144.242986460342
    Sweep 52/87 CPU time = 10m, 56s (Wall time = 45.35s)

    vN Entropy at center bond b=151 = 1.344652338019
    Eigs at center bond b=151: 0.4552 0.3759 0.0476 0.0399 0.0320 0.0277 0.0042 0.0038 0.0036 0.0026 
    Largest link dim during sweep 53/87 was 160
    Largest truncation error: 2.64651e-08
    Energy after sweep 53/87 is -144.242986459982
    Sweep 53/87 CPU time = 11m, 23s (Wall time = 47.27s)

    vN Entropy at center bond b=151 = 1.344652345661
    Eigs at center bond b=151: 0.4552 0.3759 0.0476 0.0399 0.0320 0.0277 0.0042 0.0038 0.0036 0.0026 
    Largest link dim during sweep 54/87 was 160
    Largest truncation error: 2.64652e-08
    Energy after sweep 54/87 is -144.242986459633
    Sweep 54/87 CPU time = 11m, 19s (Wall time = 46.96s)

    vN Entropy at center bond b=151 = 1.344652346120
    Eigs at center bond b=151: 0.4552 0.3759 0.0476 0.0399 0.0320 0.0277 0.0042 0.0038 0.0036 0.0026 
    Largest link dim during sweep 55/87 was 160
    Largest truncation error: 2.64653e-08
    Energy after sweep 55/87 is -144.242986459314
    Sweep 55/87 CPU time = 11m, 24s (Wall time = 46.96s)

    vN Entropy at center bond b=151 = 1.344652344073
    Eigs at center bond b=151: 0.4552 0.3759 0.0476 0.0399 0.0320 0.0277 0.0042 0.0038 0.0036 0.0026 
    Largest link dim during sweep 56/87 was 160
    Largest truncation error: 2.64654e-08
    Energy after sweep 56/87 is -144.242986459072
    Sweep 56/87 CPU time = 11m, 13s (Wall time = 46.10s)

    vN Entropy at center bond b=151 = 1.344652342183
    Eigs at center bond b=151: 0.4552 0.3759 0.0476 0.0399 0.0320 0.0277 0.0042 0.0038 0.0036 0.0026 
    Largest link dim during sweep 57/87 was 160
    Largest truncation error: 2.64654e-08
    Energy after sweep 57/87 is -144.242986458903
    Sweep 57/87 CPU time = 11m, 27s (Wall time = 47.53s)

    vN Entropy at center bond b=151 = 1.344652341152
    Eigs at center bond b=151: 0.4552 0.3759 0.0476 0.0399 0.0320 0.0277 0.0042 0.0038 0.0036 0.0026 
    Largest link dim during sweep 58/87 was 160
    Largest truncation error: 2.64655e-08
    Energy after sweep 58/87 is -144.242986458790
    Sweep 58/87 CPU time = 11m, 19s (Wall time = 46.88s)

    vN Entropy at center bond b=151 = 1.346711401500
    Eigs at center bond b=151: 0.4549 0.3757 0.0477 0.0400 0.0321 0.0278 0.0042 0.0038 0.0036 0.0026 
    Largest link dim during sweep 59/87 was 320
    Largest truncation error: 4.44559e-10
    Energy after sweep 59/87 is -144.243038505480
    Sweep 59/87 CPU time = 40m, 42s (Wall time = 2m, 45.1s)

    vN Entropy at center bond b=151 = 1.347185080983
    Eigs at center bond b=151: 0.4548 0.3756 0.0477 0.0400 0.0321 0.0278 0.0042 0.0038 0.0036 0.0027 
    Largest link dim during sweep 60/87 was 320
    Largest truncation error: 7.53722e-10
    Energy after sweep 60/87 is -144.243038796147
    Sweep 60/87 CPU time = 50m, 40s (Wall time = 3m, 17.6s)

    vN Entropy at center bond b=151 = 1.347202963164
    Eigs at center bond b=151: 0.4548 0.3756 0.0477 0.0400 0.0321 0.0278 0.0042 0.0038 0.0036 0.0027 
    Largest link dim during sweep 61/87 was 320
    Largest truncation error: 7.84164e-10
    Energy after sweep 61/87 is -144.243038798742
    Sweep 61/87 CPU time = 52m, 38s (Wall time = 3m, 29.8s)

    vN Entropy at center bond b=151 = 1.347204671559
    Eigs at center bond b=151: 0.4548 0.3756 0.0477 0.0400 0.0321 0.0278 0.0042 0.0038 0.0036 0.0027 
    Largest link dim during sweep 62/87 was 320
    Largest truncation error: 7.89435e-10
    Energy after sweep 62/87 is -144.243038798428
    Sweep 62/87 CPU time = 52m, 56s (Wall time = 3m, 31.7s)

    vN Entropy at center bond b=151 = 1.347204928514
    Eigs at center bond b=151: 0.4548 0.3756 0.0477 0.0400 0.0321 0.0278 0.0042 0.0038 0.0036 0.0027 
    Largest link dim during sweep 63/87 was 320
    Largest truncation error: 7.90783e-10
    Energy after sweep 63/87 is -144.243038798470
    Sweep 63/87 CPU time = 52m, 58s (Wall time = 3m, 33.2s)

    vN Entropy at center bond b=151 = 1.347204997227
    Eigs at center bond b=151: 0.4548 0.3756 0.0477 0.0400 0.0321 0.0278 0.0042 0.0038 0.0036 0.0027 
    Largest link dim during sweep 64/87 was 320
    Largest truncation error: 7.91198e-10
    Energy after sweep 64/87 is -144.243038798434
    Sweep 64/87 CPU time = 52m, 20s (Wall time = 3m, 29.1s)

    vN Entropy at center bond b=151 = 1.347205012864
    Eigs at center bond b=151: 0.4548 0.3756 0.0477 0.0400 0.0321 0.0278 0.0042 0.0038 0.0036 0.0027 
    Largest link dim during sweep 65/87 was 320
    Largest truncation error: 7.91342e-10
    Energy after sweep 65/87 is -144.243038798413
    Sweep 65/87 CPU time = 51m, 45s (Wall time = 3m, 26.2s)

    vN Entropy at center bond b=151 = 1.347205017636
    Eigs at center bond b=151: 0.4548 0.3756 0.0477 0.0400 0.0321 0.0278 0.0042 0.0038 0.0036 0.0027 
    Largest link dim during sweep 66/87 was 320
    Largest truncation error: 7.91404e-10
    Energy after sweep 66/87 is -144.243038798406
    Sweep 66/87 CPU time = 50m, 55s (Wall time = 3m, 23.8s)

    vN Entropy at center bond b=151 = 1.347205020043
    Eigs at center bond b=151: 0.4548 0.3756 0.0477 0.0400 0.0321 0.0278 0.0042 0.0038 0.0036 0.0027 
    Largest link dim during sweep 67/87 was 320
    Largest truncation error: 7.91437e-10
    Energy after sweep 67/87 is -144.243038798419
    Sweep 67/87 CPU time = 47m, 44s (Wall time = 3m, 10.7s)

    vN Entropy at center bond b=151 = 1.347205022793
    Eigs at center bond b=151: 0.4548 0.3756 0.0477 0.0400 0.0321 0.0278 0.0042 0.0038 0.0036 0.0027 
    Largest link dim during sweep 68/87 was 320
    Largest truncation error: 7.91456e-10
    Energy after sweep 68/87 is -144.243038798429
    Sweep 68/87 CPU time = 54m, 31s (Wall time = 3m, 37.7s)

    vN Entropy at center bond b=151 = 1.347205024801
    Eigs at center bond b=151: 0.4548 0.3756 0.0477 0.0400 0.0321 0.0278 0.0042 0.0038 0.0036 0.0027 
    Largest link dim during sweep 69/87 was 320
    Largest truncation error: 7.91466e-10
    Energy after sweep 69/87 is -144.243038798434
    Sweep 69/87 CPU time = 54m, 30s (Wall time = 3m, 38.2s)

    vN Entropy at center bond b=151 = 1.347205025808
    Eigs at center bond b=151: 0.4548 0.3756 0.0477 0.0400 0.0321 0.0278 0.0042 0.0038 0.0036 0.0027 
    Largest link dim during sweep 70/87 was 320
    Largest truncation error: 7.91471e-10
    Energy after sweep 70/87 is -144.243038798436
    Sweep 70/87 CPU time = 54m, 30s (Wall time = 3m, 38.1s)

    vN Entropy at center bond b=151 = 1.347205026325
    Eigs at center bond b=151: 0.4548 0.3756 0.0477 0.0400 0.0321 0.0278 0.0042 0.0038 0.0036 0.0027 
    Largest link dim during sweep 71/87 was 320
    Largest truncation error: 7.91473e-10
    Energy after sweep 71/87 is -144.243038798433
    Sweep 71/87 CPU time = 54m, 53s (Wall time = 3m, 39.5s)

    vN Entropy at center bond b=151 = 1.347205026825
    Eigs at center bond b=151: 0.4548 0.3756 0.0477 0.0400 0.0321 0.0278 0.0042 0.0038 0.0036 0.0027 
    Largest link dim during sweep 72/87 was 320
    Largest truncation error: 7.91476e-10
    Energy after sweep 72/87 is -144.243038798430
    Sweep 72/87 CPU time = 54m, 57s (Wall time = 3m, 39.8s)

    vN Entropy at center bond b=151 = 1.347205027604
    Eigs at center bond b=151: 0.4548 0.3756 0.0477 0.0400 0.0321 0.0278 0.0042 0.0038 0.0036 0.0027 
    Largest link dim during sweep 73/87 was 320
    Largest truncation error: 7.91481e-10
    Energy after sweep 73/87 is -144.243038798430
    Sweep 73/87 CPU time = 54m, 42s (Wall time = 3m, 38.8s)

    vN Entropy at center bond b=151 = 1.347205028746
    Eigs at center bond b=151: 0.4548 0.3756 0.0477 0.0400 0.0321 0.0278 0.0042 0.0038 0.0036 0.0027 
    Largest link dim during sweep 74/87 was 320
    Largest truncation error: 7.91486e-10
    Energy after sweep 74/87 is -144.243038798437
    Sweep 74/87 CPU time = 54m, 47s (Wall time = 3m, 38.9s)

    vN Entropy at center bond b=151 = 1.347284635015
    Eigs at center bond b=151: 0.4548 0.3756 0.0477 0.0400 0.0321 0.0278 0.0042 0.0038 0.0036 0.0027 
    Largest link dim during sweep 75/87 was 640
    Largest truncation error: 9.43075e-12
    Energy after sweep 75/87 is -144.243040163940
    Sweep 75/87 CPU time = 2h, 34m, 59s (Wall time = 10m, 19s)

    vN Entropy at center bond b=151 = 1.347308648973
    Eigs at center bond b=151: 0.4548 0.3756 0.0477 0.0400 0.0321 0.0278 0.0042 0.0038 0.0036 0.0027 
    Largest link dim during sweep 76/87 was 640
    Largest truncation error: 1.27316e-11
    Energy after sweep 76/87 is -144.243040173387
    Sweep 76/87 CPU time = 3h, 6m, 34s (Wall time = 12m, 22s)

    vN Entropy at center bond b=151 = 1.347310023513
    Eigs at center bond b=151: 0.4548 0.3756 0.0477 0.0400 0.0321 0.0278 0.0042 0.0038 0.0036 0.0027 
    Largest link dim during sweep 77/87 was 640
    Largest truncation error: 1.30934e-11
    Energy after sweep 77/87 is -144.243040173638
    Sweep 77/87 CPU time = 3h, 6m, 16s (Wall time = 12m, 23s)

    vN Entropy at center bond b=151 = 1.347310187949
    Eigs at center bond b=151: 0.4548 0.3756 0.0477 0.0400 0.0321 0.0278 0.0042 0.0038 0.0036 0.0027 
    Largest link dim during sweep 78/87 was 640
    Largest truncation error: 1.32506e-11
    Energy after sweep 78/87 is -144.243040173631
    Sweep 78/87 CPU time = 3h, 3m, 55s (Wall time = 12m, 14s)

    vN Entropy at center bond b=151 = 1.347310219684
    Eigs at center bond b=151: 0.4548 0.3756 0.0477 0.0400 0.0321 0.0278 0.0042 0.0038 0.0036 0.0027 
    Largest link dim during sweep 79/87 was 640
    Largest truncation error: 1.32983e-11
    Energy after sweep 79/87 is -144.243040173628
    Sweep 79/87 CPU time = 3h, 3m, 41s (Wall time = 12m, 12s)

    vN Entropy at center bond b=151 = 1.347310227812
    Eigs at center bond b=151: 0.4548 0.3756 0.0477 0.0400 0.0321 0.0278 0.0042 0.0038 0.0036 0.0027 
    Largest link dim during sweep 80/87 was 640
    Largest truncation error: 1.3313e-11
    Energy after sweep 80/87 is -144.243040173626
    Sweep 80/87 CPU time = 3h, 3m, 46s (Wall time = 12m, 14s)

    vN Entropy at center bond b=151 = 1.347310230179
    Eigs at center bond b=151: 0.4548 0.3756 0.0477 0.0400 0.0321 0.0278 0.0042 0.0038 0.0036 0.0027 
    Largest link dim during sweep 81/87 was 640
    Largest truncation error: 1.33178e-11
    Energy after sweep 81/87 is -144.243040173623
    Sweep 81/87 CPU time = 3h, 2m, 44s (Wall time = 12m, 10s)

    vN Entropy at center bond b=151 = 1.347310230961
    Eigs at center bond b=151: 0.4548 0.3756 0.0477 0.0400 0.0321 0.0278 0.0042 0.0038 0.0036 0.0027 
    Largest link dim during sweep 82/87 was 640
    Largest truncation error: 1.33195e-11
    Energy after sweep 82/87 is -144.243040173622
    Sweep 82/87 CPU time = 3h, 3m, 2s (Wall time = 12m, 12s)

    vN Entropy at center bond b=151 = 1.347311905196
    Eigs at center bond b=151: 0.4548 0.3756 0.0477 0.0400 0.0321 0.0278 0.0042 0.0038 0.0036 0.0027 
    Largest link dim during sweep 83/87 was 961
    Largest truncation error: 7.21896e-13
    Energy after sweep 83/87 is -144.243040192512
    Sweep 83/87 CPU time = 4h, 40m, 42s (Wall time = 20m, 25s)

    vN Entropy at center bond b=151 = 1.347312653185
    Eigs at center bond b=151: 0.4548 0.3756 0.0477 0.0400 0.0321 0.0278 0.0042 0.0038 0.0036 0.0027 
    Largest link dim during sweep 84/87 was 1280
    Largest truncation error: 1.10865e-13
    Energy after sweep 84/87 is -144.243040196204
    Sweep 84/87 CPU time = 9h, 38m, 48s (Wall time = 44m, 23s)

    vN Entropy at center bond b=151 = 1.347312738009
    Eigs at center bond b=151: 0.4548 0.3756 0.0477 0.0400 0.0321 0.0278 0.0042 0.0038 0.0036 0.0027 
    Largest link dim during sweep 85/87 was 1280
    Largest truncation error: 1.09147e-13
    Energy after sweep 85/87 is -144.243040196234
    Sweep 85/87 CPU time = 11h, 32m, 41s (Wall time = 50m, 43s)

    vN Entropy at center bond b=151 = 1.347312744632
    Eigs at center bond b=151: 0.4548 0.3756 0.0477 0.0400 0.0321 0.0278 0.0042 0.0038 0.0036 0.0027 
    Largest link dim during sweep 86/87 was 1280
    Largest truncation error: 1.10745e-13
    Energy after sweep 86/87 is -144.243040196237
    Sweep 86/87 CPU time = 11h, 24m, 28s (Wall time = 49m, 10s)

    vN Entropy at center bond b=151 = 1.347312745609
    Eigs at center bond b=151: 0.4548 0.3756 0.0477 0.0400 0.0321 0.0278 0.0042 0.0038 0.0036 0.0027 
    Largest link dim during sweep 87/87 was 1280
    Largest truncation error: 1.1138e-13
    Energy after sweep 87/87 is -144.243040196236
    Sweep 87/87 CPU time = 11h, 30m, 30s (Wall time = 49m, 24s)
Initial energy = 0.30000

Ground State Energy = -144.2430401962
run_outputs/outputpsi/N_303_sweep_87_t_0.030000_J_1.000000_V_0.600000_D_0.018000_U_2.000000_mu_0.000000_E_0.100000 converge
Wall-clock time (s) = 137101.300818
