//////////////////////////
Reading input file ......

Got input.N = 300
Got input.t = 0.03
Got input.J = 1
Got input.V = 0.6
Got input.D = 0.018
Got input.U = 0.1
Got input.mu = 0.1
Got input.E = 0.001
Got input.nsweeps = 87
Sweeps:
1  MaxDim=20, MinDim=20, Cutoff=1.0E-06, Niter=8, Noise=1.0E-05
2  MaxDim=20, MinDim=20, Cutoff=1.0E-06, Niter=8, Noise=1.0E-05
3  MaxDim=20, MinDim=20, Cutoff=1.0E-06, Niter=8, Noise=1.0E-05
4  MaxDim=20, MinDim=20, Cutoff=1.0E-06, Niter=8, Noise=1.0E-05
5  MaxDim=20, MinDim=20, Cutoff=1.0E-06, Niter=8, Noise=1.0E-05
6  MaxDim=20, MinDim=20, Cutoff=1.0E-06, Niter=8, Noise=1.0E-05
7  MaxDim=20, MinDim=20, Cutoff=1.0E-06, Niter=8, Noise=1.0E-05
8  MaxDim=40, MinDim=20, Cutoff=1.0E-06, Niter=4, Noise=1.0E-05
9  MaxDim=40, MinDim=20, Cutoff=1.0E-06, Niter=4, Noise=1.0E-05
10  MaxDim=40, MinDim=20, Cutoff=1.0E-06, Niter=4, Noise=1.0E-05
11  MaxDim=40, MinDim=20, Cutoff=1.0E-06, Niter=4, Noise=1.0E-05
12  MaxDim=40, MinDim=20, Cutoff=1.0E-06, Niter=4, Noise=1.0E-05
13  MaxDim=40, MinDim=20, Cutoff=1.0E-06, Niter=4, Noise=1.0E-05
14  MaxDim=40, MinDim=20, Cutoff=1.0E-06, Niter=4, Noise=1.0E-05
15  MaxDim=80, MinDim=10, Cutoff=1.0E-06, Niter=4, Noise=1.0E-05
16  MaxDim=80, MinDim=10, Cutoff=1.0E-06, Niter=4, Noise=1.0E-05
17  MaxDim=80, MinDim=10, Cutoff=1.0E-06, Niter=4, Noise=1.0E-05
18  MaxDim=80, MinDim=10, Cutoff=1.0E-06, Niter=4, Noise=1.0E-05
19  MaxDim=80, MinDim=10, Cutoff=1.0E-06, Niter=4, Noise=1.0E-05
20  MaxDim=80, MinDim=10, Cutoff=1.0E-06, Niter=4, Noise=1.0E-05
21  MaxDim=80, MinDim=10, Cutoff=1.0E-06, Niter=4, Noise=1.0E-05
22  MaxDim=80, MinDim=10, Cutoff=1.0E-06, Niter=4, Noise=1.0E-05
23  MaxDim=80, MinDim=10, Cutoff=1.0E-06, Niter=4, Noise=1.0E-05
24  MaxDim=80, MinDim=10, Cutoff=1.0E-06, Niter=4, Noise=1.0E-05
25  MaxDim=80, MinDim=10, Cutoff=1.0E-06, Niter=4, Noise=1.0E-05
26  MaxDim=80, MinDim=10, Cutoff=1.0E-06, Niter=4, Noise=1.0E-05
27  MaxDim=80, MinDim=10, Cutoff=1.0E-06, Niter=4, Noise=1.0E-05
28  MaxDim=80, MinDim=10, Cutoff=1.0E-06, Niter=4, Noise=1.0E-05
29  MaxDim=80, MinDim=10, Cutoff=1.0E-06, Niter=4, Noise=1.0E-05
30  MaxDim=80, MinDim=10, Cutoff=1.0E-06, Niter=4, Noise=1.0E-05
31  MaxDim=80, MinDim=10, Cutoff=1.0E-06, Niter=4, Noise=1.0E-05
32  MaxDim=80, MinDim=10, Cutoff=1.0E-06, Niter=4, Noise=1.0E-05
33  MaxDim=80, MinDim=10, Cutoff=1.0E-06, Niter=4, Noise=1.0E-05
34  MaxDim=80, MinDim=10, Cutoff=1.0E-06, Niter=4, Noise=1.0E-05
35  MaxDim=80, MinDim=10, Cutoff=1.0E-06, Niter=4, Noise=1.0E-05
36  MaxDim=80, MinDim=10, Cutoff=1.0E-06, Niter=4, Noise=1.0E-05
37  MaxDim=160, MinDim=10, Cutoff=1.0E-08, Niter=4, Noise=1.0E-06
38  MaxDim=160, MinDim=10, Cutoff=1.0E-08, Niter=4, Noise=1.0E-06
39  MaxDim=160, MinDim=10, Cutoff=1.0E-08, Niter=4, Noise=1.0E-06
40  MaxDim=160, MinDim=10, Cutoff=1.0E-08, Niter=4, Noise=1.0E-06
41  MaxDim=160, MinDim=10, Cutoff=1.0E-08, Niter=4, Noise=1.0E-06
42  MaxDim=160, MinDim=10, Cutoff=1.0E-08, Niter=4, Noise=1.0E-06
43  MaxDim=160, MinDim=10, Cutoff=1.0E-08, Niter=4, Noise=1.0E-06
44  MaxDim=160, MinDim=10, Cutoff=1.0E-08, Niter=4, Noise=1.0E-06
45  MaxDim=160, MinDim=10, Cutoff=1.0E-08, Niter=4, Noise=1.0E-06
46  MaxDim=160, MinDim=10, Cutoff=1.0E-08, Niter=4, Noise=1.0E-06
47  MaxDim=160, MinDim=10, Cutoff=1.0E-08, Niter=4, Noise=1.0E-06
48  MaxDim=160, MinDim=10, Cutoff=1.0E-08, Niter=4, Noise=1.0E-06
49  MaxDim=160, MinDim=10, Cutoff=1.0E-08, Niter=4, Noise=1.0E-06
50  MaxDim=160, MinDim=10, Cutoff=1.0E-08, Niter=4, Noise=1.0E-06
51  MaxDim=160, MinDim=10, Cutoff=1.0E-08, Niter=4, Noise=1.0E-06
52  MaxDim=160, MinDim=10, Cutoff=1.0E-08, Niter=4, Noise=1.0E-06
53  MaxDim=160, MinDim=10, Cutoff=1.0E-08, Niter=4, Noise=1.0E-06
54  MaxDim=160, MinDim=10, Cutoff=1.0E-08, Niter=4, Noise=1.0E-06
55  MaxDim=160, MinDim=10, Cutoff=1.0E-08, Niter=4, Noise=1.0E-06
56  MaxDim=160, MinDim=10, Cutoff=1.0E-08, Niter=4, Noise=1.0E-06
57  MaxDim=160, MinDim=10, Cutoff=1.0E-08, Niter=4, Noise=1.0E-06
58  MaxDim=160, MinDim=10, Cutoff=1.0E-08, Niter=4, Noise=1.0E-06
59  MaxDim=320, MinDim=10, Cutoff=1.0E-10, Niter=4, Noise=1.0E-07
60  MaxDim=320, MinDim=10, Cutoff=1.0E-10, Niter=4, Noise=1.0E-07
61  MaxDim=320, MinDim=10, Cutoff=1.0E-10, Niter=4, Noise=1.0E-07
62  MaxDim=320, MinDim=10, Cutoff=1.0E-10, Niter=4, Noise=1.0E-07
63  MaxDim=320, MinDim=10, Cutoff=1.0E-10, Niter=4, Noise=1.0E-07
64  MaxDim=320, MinDim=10, Cutoff=1.0E-10, Niter=4, Noise=1.0E-07
65  MaxDim=320, MinDim=10, Cutoff=1.0E-10, Niter=4, Noise=1.0E-07
66  MaxDim=320, MinDim=10, Cutoff=1.0E-10, Niter=4, Noise=1.0E-07
67  MaxDim=320, MinDim=10, Cutoff=1.0E-10, Niter=4, Noise=1.0E-07
68  MaxDim=320, MinDim=10, Cutoff=1.0E-10, Niter=4, Noise=1.0E-07
69  MaxDim=320, MinDim=10, Cutoff=1.0E-10, Niter=4, Noise=1.0E-07
70  MaxDim=320, MinDim=10, Cutoff=1.0E-10, Niter=4, Noise=1.0E-07
71  MaxDim=320, MinDim=10, Cutoff=1.0E-10, Niter=4, Noise=1.0E-07
72  MaxDim=320, MinDim=10, Cutoff=1.0E-10, Niter=4, Noise=1.0E-07
73  MaxDim=320, MinDim=10, Cutoff=1.0E-10, Niter=4, Noise=1.0E-07
74  MaxDim=320, MinDim=10, Cutoff=1.0E-10, Niter=4, Noise=1.0E-07
75  MaxDim=640, MinDim=10, Cutoff=1.0E-12, Niter=2, Noise=1.0E-08
76  MaxDim=640, MinDim=10, Cutoff=1.0E-12, Niter=2, Noise=1.0E-08
77  MaxDim=640, MinDim=10, Cutoff=1.0E-12, Niter=2, Noise=1.0E-08
78  MaxDim=640, MinDim=10, Cutoff=1.0E-12, Niter=2, Noise=1.0E-08
79  MaxDim=640, MinDim=10, Cutoff=1.0E-12, Niter=2, Noise=1.0E-08
80  MaxDim=640, MinDim=10, Cutoff=1.0E-12, Niter=2, Noise=1.0E-08
81  MaxDim=640, MinDim=10, Cutoff=1.0E-12, Niter=2, Noise=1.0E-08
82  MaxDim=640, MinDim=10, Cutoff=1.0E-12, Niter=2, Noise=1.0E-08
83  MaxDim=1280, MinDim=10, Cutoff=1.0E-12, Niter=2, Noise=0.0E+00
84  MaxDim=1280, MinDim=10, Cutoff=1.0E-14, Niter=2, Noise=0.0E+00
85  MaxDim=1280, MinDim=10, Cutoff=1.0E-14, Niter=2, Noise=0.0E+00
86  MaxDim=1280, MinDim=10, Cutoff=1.0E-14, Niter=2, Noise=0.0E+00
87  MaxDim=1280, MinDim=10, Cutoff=1.0E-14, Niter=2, Noise=0.0E+00


    vN Entropy at center bond b=150 = 0.645443042727
    Eigs at center bond b=150: 0.7862 0.1816 0.0201 0.0056 0.0044 0.0012 
    Largest link dim during sweep 1/87 was 20
    Largest truncation error: 8.16898e-06
    Energy after sweep 1/87 is -187.927024956736
    Sweep 1/87 CPU time = 18.08s (Wall time = 1.174s)

    vN Entropy at center bond b=150 = 0.722270072764
    Eigs at center bond b=150: 0.7662 0.1864 0.0252 0.0119 0.0058 0.0027 
    Largest link dim during sweep 2/87 was 20
    Largest truncation error: 4.61106e-06
    Energy after sweep 2/87 is -187.943925040079
    Sweep 2/87 CPU time = 25.38s (Wall time = 1.628s)

    vN Entropy at center bond b=150 = 0.726604431206
    Eigs at center bond b=150: 0.7654 0.1864 0.0254 0.0123 0.0058 0.0028 
    Largest link dim during sweep 3/87 was 20
    Largest truncation error: 7.08508e-06
    Energy after sweep 3/87 is -187.944179394238
    Sweep 3/87 CPU time = 26.53s (Wall time = 1.706s)

    vN Entropy at center bond b=150 = 0.727017159927
    Eigs at center bond b=150: 0.7653 0.1864 0.0255 0.0123 0.0058 0.0028 
    Largest link dim during sweep 4/87 was 20
    Largest truncation error: 7.72152e-06
    Energy after sweep 4/87 is -187.944186565269
    Sweep 4/87 CPU time = 25.40s (Wall time = 1.624s)

    vN Entropy at center bond b=150 = 0.727049800414
    Eigs at center bond b=150: 0.7653 0.1864 0.0255 0.0123 0.0058 0.0028 
    Largest link dim during sweep 5/87 was 20
    Largest truncation error: 7.91986e-06
    Energy after sweep 5/87 is -187.944187303025
    Sweep 5/87 CPU time = 25.23s (Wall time = 1.618s)

    vN Entropy at center bond b=150 = 0.727052746766
    Eigs at center bond b=150: 0.7653 0.1864 0.0255 0.0123 0.0058 0.0028 
    Largest link dim during sweep 6/87 was 20
    Largest truncation error: 7.98715e-06
    Energy after sweep 6/87 is -187.944187253865
    Sweep 6/87 CPU time = 25.35s (Wall time = 1.620s)

    vN Entropy at center bond b=150 = 0.727053035724
    Eigs at center bond b=150: 0.7653 0.1864 0.0255 0.0123 0.0058 0.0028 
    Largest link dim during sweep 7/87 was 20
    Largest truncation error: 8.0081e-06
    Energy after sweep 7/87 is -187.944187201619
    Sweep 7/87 CPU time = 25.36s (Wall time = 1.624s)

    vN Entropy at center bond b=150 = 0.730107836358
    Eigs at center bond b=150: 0.7647 0.1864 0.0256 0.0125 0.0059 0.0028 
    Largest link dim during sweep 8/87 was 32
    Largest truncation error: 7.8479e-07
    Energy after sweep 8/87 is -187.948122742768
    Sweep 8/87 CPU time = 18.21s (Wall time = 1.171s)

    vN Entropy at center bond b=150 = 0.733020177363
    Eigs at center bond b=150: 0.7641 0.1864 0.0258 0.0127 0.0059 0.0029 
    Largest link dim during sweep 9/87 was 34
    Largest truncation error: 7.74615e-07
    Energy after sweep 9/87 is -187.948299363252
    Sweep 9/87 CPU time = 20.72s (Wall time = 1.331s)

    vN Entropy at center bond b=150 = 0.733874951347
    Eigs at center bond b=150: 0.7639 0.1864 0.0258 0.0128 0.0059 0.0029 
    Largest link dim during sweep 10/87 was 34
    Largest truncation error: 7.73083e-07
    Energy after sweep 10/87 is -187.948329847378
    Sweep 10/87 CPU time = 21.26s (Wall time = 1.366s)

    vN Entropy at center bond b=150 = 0.734184090422
    Eigs at center bond b=150: 0.7638 0.1864 0.0258 0.0128 0.0059 0.0029 
    Largest link dim during sweep 11/87 was 34
    Largest truncation error: 7.69078e-07
    Energy after sweep 11/87 is -187.948334865448
    Sweep 11/87 CPU time = 21.18s (Wall time = 1.357s)

    vN Entropy at center bond b=150 = 0.734309925931
    Eigs at center bond b=150: 0.7638 0.1864 0.0258 0.0128 0.0059 0.0029 
    Largest link dim during sweep 12/87 was 35
    Largest truncation error: 7.71869e-07
    Energy after sweep 12/87 is -187.948338058490
    Sweep 12/87 CPU time = 21.23s (Wall time = 1.364s)

    vN Entropy at center bond b=150 = 0.734363102450
    Eigs at center bond b=150: 0.7638 0.1864 0.0258 0.0128 0.0059 0.0029 
    Largest link dim during sweep 13/87 was 35
    Largest truncation error: 7.74166e-07
    Energy after sweep 13/87 is -187.948337994214
    Sweep 13/87 CPU time = 26.10s (Wall time = 1.693s)

    vN Entropy at center bond b=150 = 0.734386031166
    Eigs at center bond b=150: 0.7638 0.1864 0.0258 0.0128 0.0059 0.0029 
    Largest link dim during sweep 14/87 was 35
    Largest truncation error: 7.76042e-07
    Energy after sweep 14/87 is -187.948339079847
    Sweep 14/87 CPU time = 21.29s (Wall time = 1.361s)

    vN Entropy at center bond b=150 = 0.734396064894
    Eigs at center bond b=150: 0.7638 0.1864 0.0258 0.0128 0.0059 0.0029 
    Largest link dim during sweep 15/87 was 35
    Largest truncation error: 8.56851e-07
    Energy after sweep 15/87 is -187.948337482797
    Sweep 15/87 CPU time = 21.33s (Wall time = 1.364s)

    vN Entropy at center bond b=150 = 0.734400510665
    Eigs at center bond b=150: 0.7638 0.1864 0.0258 0.0128 0.0059 0.0029 
    Largest link dim during sweep 16/87 was 35
    Largest truncation error: 8.56972e-07
    Energy after sweep 16/87 is -187.948337415726
    Sweep 16/87 CPU time = 21.32s (Wall time = 1.368s)

    vN Entropy at center bond b=150 = 0.734402502624
    Eigs at center bond b=150: 0.7638 0.1864 0.0258 0.0128 0.0059 0.0029 
    Largest link dim during sweep 17/87 was 35
    Largest truncation error: 8.5707e-07
    Energy after sweep 17/87 is -187.948337378690
    Sweep 17/87 CPU time = 21.24s (Wall time = 1.360s)

    vN Entropy at center bond b=150 = 0.734403404414
    Eigs at center bond b=150: 0.7638 0.1864 0.0258 0.0128 0.0059 0.0029 
    Largest link dim during sweep 18/87 was 35
    Largest truncation error: 8.57128e-07
    Energy after sweep 18/87 is -187.948337356347
    Sweep 18/87 CPU time = 21.31s (Wall time = 1.364s)

    vN Entropy at center bond b=150 = 0.734403816654
    Eigs at center bond b=150: 0.7638 0.1864 0.0258 0.0128 0.0059 0.0029 
    Largest link dim during sweep 19/87 was 35
    Largest truncation error: 8.57159e-07
    Energy after sweep 19/87 is -187.948337341240
    Sweep 19/87 CPU time = 21.27s (Wall time = 1.362s)

    vN Entropy at center bond b=150 = 0.734404006837
    Eigs at center bond b=150: 0.7638 0.1864 0.0258 0.0128 0.0059 0.0029 
    Largest link dim during sweep 20/87 was 35
    Largest truncation error: 8.57177e-07
    Energy after sweep 20/87 is -187.948337882538
    Sweep 20/87 CPU time = 21.31s (Wall time = 1.362s)

    vN Entropy at center bond b=150 = 0.734404095338
    Eigs at center bond b=150: 0.7638 0.1864 0.0258 0.0128 0.0059 0.0029 
    Largest link dim during sweep 21/87 was 35
    Largest truncation error: 8.57186e-07
    Energy after sweep 21/87 is -187.948337921060
    Sweep 21/87 CPU time = 21.24s (Wall time = 1.361s)

    vN Entropy at center bond b=150 = 0.734404136855
    Eigs at center bond b=150: 0.7638 0.1864 0.0258 0.0128 0.0059 0.0029 
    Largest link dim during sweep 22/87 was 35
    Largest truncation error: 8.57192e-07
    Energy after sweep 22/87 is -187.948337951294
    Sweep 22/87 CPU time = 21.35s (Wall time = 1.364s)

    vN Entropy at center bond b=150 = 0.734404156479
    Eigs at center bond b=150: 0.7638 0.1864 0.0258 0.0128 0.0059 0.0029 
    Largest link dim during sweep 23/87 was 35
    Largest truncation error: 8.57195e-07
    Energy after sweep 23/87 is -187.948337972309
    Sweep 23/87 CPU time = 21.28s (Wall time = 1.360s)

    vN Entropy at center bond b=150 = 0.734404165819
    Eigs at center bond b=150: 0.7638 0.1864 0.0258 0.0128 0.0059 0.0029 
    Largest link dim during sweep 24/87 was 35
    Largest truncation error: 8.57197e-07
    Energy after sweep 24/87 is -187.948337986002
    Sweep 24/87 CPU time = 21.27s (Wall time = 1.371s)

    vN Entropy at center bond b=150 = 0.734404170292
    Eigs at center bond b=150: 0.7638 0.1864 0.0258 0.0128 0.0059 0.0029 
    Largest link dim during sweep 25/87 was 35
    Largest truncation error: 8.57199e-07
    Energy after sweep 25/87 is -187.948337994677
    Sweep 25/87 CPU time = 21.23s (Wall time = 1.358s)

    vN Entropy at center bond b=150 = 0.734404172449
    Eigs at center bond b=150: 0.7638 0.1864 0.0258 0.0128 0.0059 0.0029 
    Largest link dim during sweep 26/87 was 35
    Largest truncation error: 8.572e-07
    Energy after sweep 26/87 is -187.948338000243
    Sweep 26/87 CPU time = 21.27s (Wall time = 1.364s)

    vN Entropy at center bond b=150 = 0.734404173492
    Eigs at center bond b=150: 0.7638 0.1864 0.0258 0.0128 0.0059 0.0029 
    Largest link dim during sweep 27/87 was 35
    Largest truncation error: 8.572e-07
    Energy after sweep 27/87 is -187.948338003969
    Sweep 27/87 CPU time = 21.22s (Wall time = 1.362s)

    vN Entropy at center bond b=150 = 0.734404174000
    Eigs at center bond b=150: 0.7638 0.1864 0.0258 0.0128 0.0059 0.0029 
    Largest link dim during sweep 28/87 was 35
    Largest truncation error: 8.57201e-07
    Energy after sweep 28/87 is -187.948338006560
    Sweep 28/87 CPU time = 21.30s (Wall time = 1.364s)

    vN Entropy at center bond b=150 = 0.734404174249
    Eigs at center bond b=150: 0.7638 0.1864 0.0258 0.0128 0.0059 0.0029 
    Largest link dim during sweep 29/87 was 35
    Largest truncation error: 8.57201e-07
    Energy after sweep 29/87 is -187.948338008428
    Sweep 29/87 CPU time = 21.34s (Wall time = 1.364s)

    vN Entropy at center bond b=150 = 0.734404174370
    Eigs at center bond b=150: 0.7638 0.1864 0.0258 0.0128 0.0059 0.0029 
    Largest link dim during sweep 30/87 was 35
    Largest truncation error: 8.57201e-07
    Energy after sweep 30/87 is -187.948338009814
    Sweep 30/87 CPU time = 21.31s (Wall time = 1.362s)

    vN Entropy at center bond b=150 = 0.734404174430
    Eigs at center bond b=150: 0.7638 0.1864 0.0258 0.0128 0.0059 0.0029 
    Largest link dim during sweep 31/87 was 35
    Largest truncation error: 8.57201e-07
    Energy after sweep 31/87 is -187.948338010878
    Sweep 31/87 CPU time = 21.30s (Wall time = 1.364s)

    vN Entropy at center bond b=150 = 0.734404174460
    Eigs at center bond b=150: 0.7638 0.1864 0.0258 0.0128 0.0059 0.0029 
    Largest link dim during sweep 32/87 was 35
    Largest truncation error: 8.57201e-07
    Energy after sweep 32/87 is -187.948338011715
    Sweep 32/87 CPU time = 21.22s (Wall time = 1.362s)

    vN Entropy at center bond b=150 = 0.734404174475
    Eigs at center bond b=150: 0.7638 0.1864 0.0258 0.0128 0.0059 0.0029 
    Largest link dim during sweep 33/87 was 35
    Largest truncation error: 8.57201e-07
    Energy after sweep 33/87 is -187.948338012403
    Sweep 33/87 CPU time = 21.22s (Wall time = 1.362s)

    vN Entropy at center bond b=150 = 0.734404174481
    Eigs at center bond b=150: 0.7638 0.1864 0.0258 0.0128 0.0059 0.0029 
    Largest link dim during sweep 34/87 was 35
    Largest truncation error: 8.57201e-07
    Energy after sweep 34/87 is -187.948338012987
    Sweep 34/87 CPU time = 21.32s (Wall time = 1.365s)

    vN Entropy at center bond b=150 = 0.734404174485
    Eigs at center bond b=150: 0.7638 0.1864 0.0258 0.0128 0.0059 0.0029 
    Largest link dim during sweep 35/87 was 35
    Largest truncation error: 8.57202e-07
    Energy after sweep 35/87 is -187.948338013509
    Sweep 35/87 CPU time = 21.78s (Wall time = 1.399s)

    vN Entropy at center bond b=150 = 0.734404174487
    Eigs at center bond b=150: 0.7638 0.1864 0.0258 0.0128 0.0059 0.0029 
    Largest link dim during sweep 36/87 was 35
    Largest truncation error: 8.57202e-07
    Energy after sweep 36/87 is -187.948338013989
    Sweep 36/87 CPU time = 21.37s (Wall time = 1.363s)

    vN Entropy at center bond b=150 = 0.737124014158
    Eigs at center bond b=150: 0.7631 0.1866 0.0260 0.0130 0.0060 0.0030 0.0010 
    Largest link dim during sweep 37/87 was 78
    Largest truncation error: 8.26833e-09
    Energy after sweep 37/87 is -187.949587844670
    Sweep 37/87 CPU time = 58.62s (Wall time = 3.775s)

    vN Entropy at center bond b=150 = 0.739816724775
    Eigs at center bond b=150: 0.7626 0.1866 0.0261 0.0132 0.0060 0.0030 0.0010 
    Largest link dim during sweep 38/87 was 88
    Largest truncation error: 8.44749e-09
    Energy after sweep 38/87 is -187.949666179123
    Sweep 38/87 CPU time = 1m, 43.5s (Wall time = 6.709s)

    vN Entropy at center bond b=150 = 0.740343317844
    Eigs at center bond b=150: 0.7625 0.1866 0.0261 0.0132 0.0060 0.0030 0.0010 
    Largest link dim during sweep 39/87 was 90
    Largest truncation error: 8.50027e-09
    Energy after sweep 39/87 is -187.949673459105
    Sweep 39/87 CPU time = 1m, 59.8s (Wall time = 7.703s)

    vN Entropy at center bond b=150 = 0.740462532987
    Eigs at center bond b=150: 0.7625 0.1866 0.0261 0.0132 0.0060 0.0030 0.0010 
    Largest link dim during sweep 40/87 was 91
    Largest truncation error: 8.5187e-09
    Energy after sweep 40/87 is -187.949675121042
    Sweep 40/87 CPU time = 1m, 60.0s (Wall time = 7.711s)

    vN Entropy at center bond b=150 = 0.740504752473
    Eigs at center bond b=150: 0.7625 0.1866 0.0261 0.0132 0.0060 0.0030 0.0010 
    Largest link dim during sweep 41/87 was 91
    Largest truncation error: 8.5258e-09
    Energy after sweep 41/87 is -187.949675409740
    Sweep 41/87 CPU time = 2m, 7.2s (Wall time = 8.239s)

    vN Entropy at center bond b=150 = 0.740525651577
    Eigs at center bond b=150: 0.7625 0.1866 0.0261 0.0132 0.0060 0.0030 0.0010 
    Largest link dim during sweep 42/87 was 92
    Largest truncation error: 8.52928e-09
    Energy after sweep 42/87 is -187.949675777752
    Sweep 42/87 CPU time = 2m, 8.1s (Wall time = 8.245s)

    vN Entropy at center bond b=150 = 0.740537631418
    Eigs at center bond b=150: 0.7625 0.1866 0.0261 0.0132 0.0060 0.0030 0.0010 
    Largest link dim during sweep 43/87 was 92
    Largest truncation error: 8.53115e-09
    Energy after sweep 43/87 is -187.949676082872
    Sweep 43/87 CPU time = 2m, 11.4s (Wall time = 8.426s)

    vN Entropy at center bond b=150 = 0.740551045308
    Eigs at center bond b=150: 0.7625 0.1866 0.0261 0.0132 0.0060 0.0030 0.0010 
    Largest link dim during sweep 44/87 was 92
    Largest truncation error: 8.53223e-09
    Energy after sweep 44/87 is -187.949676387319
    Sweep 44/87 CPU time = 2m, 6.3s (Wall time = 8.117s)

    vN Entropy at center bond b=150 = 0.740561743051
    Eigs at center bond b=150: 0.7625 0.1866 0.0261 0.0132 0.0060 0.0030 0.0010 
    Largest link dim during sweep 45/87 was 92
    Largest truncation error: 8.53287e-09
    Energy after sweep 45/87 is -187.949676671588
    Sweep 45/87 CPU time = 2m, 6.9s (Wall time = 8.146s)

    vN Entropy at center bond b=150 = 0.740576185043
    Eigs at center bond b=150: 0.7625 0.1866 0.0261 0.0132 0.0060 0.0030 0.0010 
    Largest link dim during sweep 46/87 was 92
    Largest truncation error: 8.53327e-09
    Energy after sweep 46/87 is -187.949677157982
    Sweep 46/87 CPU time = 2m, 6.9s (Wall time = 8.150s)

    vN Entropy at center bond b=150 = 0.740587565020
    Eigs at center bond b=150: 0.7625 0.1866 0.0261 0.0132 0.0060 0.0030 0.0010 
    Largest link dim during sweep 47/87 was 92
    Largest truncation error: 8.53353e-09
    Energy after sweep 47/87 is -187.949677196442
    Sweep 47/87 CPU time = 2m, 7.3s (Wall time = 8.221s)

    vN Entropy at center bond b=150 = 0.740594904677
    Eigs at center bond b=150: 0.7625 0.1866 0.0261 0.0132 0.0060 0.0030 0.0010 
    Largest link dim during sweep 48/87 was 92
    Largest truncation error: 8.5337e-09
    Energy after sweep 48/87 is -187.949677216245
    Sweep 48/87 CPU time = 2m, 8.7s (Wall time = 8.271s)

    vN Entropy at center bond b=150 = 0.740598924881
    Eigs at center bond b=150: 0.7625 0.1866 0.0261 0.0132 0.0060 0.0030 0.0010 
    Largest link dim during sweep 49/87 was 92
    Largest truncation error: 8.53381e-09
    Energy after sweep 49/87 is -187.949677221801
    Sweep 49/87 CPU time = 2m, 8.1s (Wall time = 8.226s)

    vN Entropy at center bond b=150 = 0.740600928436
    Eigs at center bond b=150: 0.7625 0.1866 0.0261 0.0132 0.0060 0.0030 0.0010 
    Largest link dim during sweep 50/87 was 92
    Largest truncation error: 8.53387e-09
    Energy after sweep 50/87 is -187.949677223760
    Sweep 50/87 CPU time = 2m, 7.9s (Wall time = 8.209s)

    vN Entropy at center bond b=150 = 0.740601879426
    Eigs at center bond b=150: 0.7625 0.1866 0.0261 0.0132 0.0060 0.0030 0.0010 
    Largest link dim during sweep 51/87 was 92
    Largest truncation error: 8.53392e-09
    Energy after sweep 51/87 is -187.949677226744
    Sweep 51/87 CPU time = 2m, 10.2s (Wall time = 8.391s)

    vN Entropy at center bond b=150 = 0.740602319686
    Eigs at center bond b=150: 0.7625 0.1866 0.0261 0.0132 0.0060 0.0030 0.0010 
    Largest link dim during sweep 52/87 was 92
    Largest truncation error: 8.53396e-09
    Energy after sweep 52/87 is -187.949677226089
    Sweep 52/87 CPU time = 2m, 8.6s (Wall time = 8.268s)

    vN Entropy at center bond b=150 = 0.740602520888
    Eigs at center bond b=150: 0.7625 0.1866 0.0261 0.0132 0.0060 0.0030 0.0010 
    Largest link dim during sweep 53/87 was 92
    Largest truncation error: 8.53399e-09
    Energy after sweep 53/87 is -187.949677225542
    Sweep 53/87 CPU time = 2m, 8.1s (Wall time = 8.223s)

    vN Entropy at center bond b=150 = 0.740602612212
    Eigs at center bond b=150: 0.7625 0.1866 0.0261 0.0132 0.0060 0.0030 0.0010 
    Largest link dim during sweep 54/87 was 92
    Largest truncation error: 8.534e-09
    Energy after sweep 54/87 is -187.949677225188
    Sweep 54/87 CPU time = 2m, 9.9s (Wall time = 8.390s)

    vN Entropy at center bond b=150 = 0.740602653513
    Eigs at center bond b=150: 0.7625 0.1866 0.0261 0.0132 0.0060 0.0030 0.0010 
    Largest link dim during sweep 55/87 was 92
    Largest truncation error: 8.534e-09
    Energy after sweep 55/87 is -187.949677224913
    Sweep 55/87 CPU time = 2m, 8.3s (Wall time = 8.241s)

    vN Entropy at center bond b=150 = 0.740602672152
    Eigs at center bond b=150: 0.7625 0.1866 0.0261 0.0132 0.0060 0.0030 0.0010 
    Largest link dim during sweep 56/87 was 92
    Largest truncation error: 8.53401e-09
    Energy after sweep 56/87 is -187.949677228699
    Sweep 56/87 CPU time = 2m, 7.0s (Wall time = 8.157s)

    vN Entropy at center bond b=150 = 0.740602680554
    Eigs at center bond b=150: 0.7625 0.1866 0.0261 0.0132 0.0060 0.0030 0.0010 
    Largest link dim during sweep 57/87 was 92
    Largest truncation error: 8.53401e-09
    Energy after sweep 57/87 is -187.949677228498
    Sweep 57/87 CPU time = 2m, 7.4s (Wall time = 8.165s)

    vN Entropy at center bond b=150 = 0.740602684340
    Eigs at center bond b=150: 0.7625 0.1866 0.0261 0.0132 0.0060 0.0030 0.0010 
    Largest link dim during sweep 58/87 was 92
    Largest truncation error: 8.53401e-09
    Energy after sweep 58/87 is -187.949677228364
    Sweep 58/87 CPU time = 2m, 7.9s (Wall time = 8.217s)

    vN Entropy at center bond b=150 = 0.740748857930
    Eigs at center bond b=150: 0.7624 0.1866 0.0261 0.0132 0.0060 0.0030 0.0010 
    Largest link dim during sweep 59/87 was 183
    Largest truncation error: 8.28307e-11
    Energy after sweep 59/87 is -187.949690367280
    Sweep 59/87 CPU time = 6m, 37.6s (Wall time = 27.28s)

    vN Entropy at center bond b=150 = 0.740822770968
    Eigs at center bond b=150: 0.7624 0.1866 0.0261 0.0132 0.0060 0.0030 0.0010 
    Largest link dim during sweep 60/87 was 197
    Largest truncation error: 8.28956e-11
    Energy after sweep 60/87 is -187.949690776798
    Sweep 60/87 CPU time = 10m, 57s (Wall time = 45.03s)

    vN Entropy at center bond b=150 = 0.740836140191
    Eigs at center bond b=150: 0.7624 0.1866 0.0261 0.0132 0.0060 0.0030 0.0010 
    Largest link dim during sweep 61/87 was 199
    Largest truncation error: 8.29115e-11
    Energy after sweep 61/87 is -187.949690820252
    Sweep 61/87 CPU time = 11m, 44s (Wall time = 46.53s)

    vN Entropy at center bond b=150 = 0.740839078180
    Eigs at center bond b=150: 0.7624 0.1866 0.0261 0.0132 0.0060 0.0030 0.0010 
    Largest link dim during sweep 62/87 was 199
    Largest truncation error: 8.29158e-11
    Energy after sweep 62/87 is -187.949690827541
    Sweep 62/87 CPU time = 11m, 49s (Wall time = 46.23s)

    vN Entropy at center bond b=150 = 0.740840036897
    Eigs at center bond b=150: 0.7624 0.1866 0.0261 0.0132 0.0060 0.0030 0.0010 
    Largest link dim during sweep 63/87 was 199
    Largest truncation error: 8.29172e-11
    Energy after sweep 63/87 is -187.949690831833
    Sweep 63/87 CPU time = 11m, 57s (Wall time = 47.10s)

    vN Entropy at center bond b=150 = 0.740840454940
    Eigs at center bond b=150: 0.7624 0.1866 0.0261 0.0132 0.0060 0.0030 0.0010 
    Largest link dim during sweep 64/87 was 199
    Largest truncation error: 8.29178e-11
    Energy after sweep 64/87 is -187.949690831923
    Sweep 64/87 CPU time = 11m, 42s (Wall time = 45.76s)

    vN Entropy at center bond b=150 = 0.740840626721
    Eigs at center bond b=150: 0.7624 0.1866 0.0261 0.0132 0.0060 0.0030 0.0010 
    Largest link dim during sweep 65/87 was 199
    Largest truncation error: 8.29182e-11
    Energy after sweep 65/87 is -187.949690832319
    Sweep 65/87 CPU time = 11m, 33s (Wall time = 44.92s)

    vN Entropy at center bond b=150 = 0.740840739613
    Eigs at center bond b=150: 0.7624 0.1866 0.0261 0.0132 0.0060 0.0030 0.0010 
    Largest link dim during sweep 66/87 was 200
    Largest truncation error: 8.29185e-11
    Energy after sweep 66/87 is -187.949690832630
    Sweep 66/87 CPU time = 11m, 30s (Wall time = 44.86s)

    vN Entropy at center bond b=150 = 0.740840789053
    Eigs at center bond b=150: 0.7624 0.1866 0.0261 0.0132 0.0060 0.0030 0.0010 
    Largest link dim during sweep 67/87 was 200
    Largest truncation error: 8.29187e-11
    Energy after sweep 67/87 is -187.949690832805
    Sweep 67/87 CPU time = 11m, 28s (Wall time = 44.79s)

    vN Entropy at center bond b=150 = 0.740840813073
    Eigs at center bond b=150: 0.7624 0.1866 0.0261 0.0132 0.0060 0.0030 0.0010 
    Largest link dim during sweep 68/87 was 200
    Largest truncation error: 8.29187e-11
    Energy after sweep 68/87 is -187.949690833034
    Sweep 68/87 CPU time = 11m, 31s (Wall time = 45.21s)

    vN Entropy at center bond b=150 = 0.740840829711
    Eigs at center bond b=150: 0.7624 0.1866 0.0261 0.0132 0.0060 0.0030 0.0010 
    Largest link dim during sweep 69/87 was 200
    Largest truncation error: 8.29186e-11
    Energy after sweep 69/87 is -187.949690834337
    Sweep 69/87 CPU time = 11m, 30s (Wall time = 44.82s)

    vN Entropy at center bond b=150 = 0.740840851053
    Eigs at center bond b=150: 0.7624 0.1866 0.0261 0.0132 0.0060 0.0030 0.0010 
    Largest link dim during sweep 70/87 was 200
    Largest truncation error: 8.29185e-11
    Energy after sweep 70/87 is -187.949690834365
    Sweep 70/87 CPU time = 11m, 36s (Wall time = 45.38s)

    vN Entropy at center bond b=150 = 0.740840858709
    Eigs at center bond b=150: 0.7624 0.1866 0.0261 0.0132 0.0060 0.0030 0.0010 
    Largest link dim during sweep 71/87 was 200
    Largest truncation error: 8.29186e-11
    Energy after sweep 71/87 is -187.949690834389
    Sweep 71/87 CPU time = 11m, 33s (Wall time = 45.42s)

    vN Entropy at center bond b=150 = 0.740840862106
    Eigs at center bond b=150: 0.7624 0.1866 0.0261 0.0132 0.0060 0.0030 0.0010 
    Largest link dim during sweep 72/87 was 200
    Largest truncation error: 8.29188e-11
    Energy after sweep 72/87 is -187.949690834382
    Sweep 72/87 CPU time = 11m, 35s (Wall time = 45.49s)

    vN Entropy at center bond b=150 = 0.740840863798
    Eigs at center bond b=150: 0.7624 0.1866 0.0261 0.0132 0.0060 0.0030 0.0010 
    Largest link dim during sweep 73/87 was 200
    Largest truncation error: 8.29186e-11
    Energy after sweep 73/87 is -187.949690834374
    Sweep 73/87 CPU time = 11m, 37s (Wall time = 45.69s)

    vN Entropy at center bond b=150 = 0.740840864693
    Eigs at center bond b=150: 0.7624 0.1866 0.0261 0.0132 0.0060 0.0030 0.0010 
    Largest link dim during sweep 74/87 was 200
    Largest truncation error: 8.29185e-11
    Energy after sweep 74/87 is -187.949690834391
    Sweep 74/87 CPU time = 11m, 34s (Wall time = 45.30s)

    vN Entropy at center bond b=150 = 0.740846016762
    Eigs at center bond b=150: 0.7624 0.1866 0.0261 0.0132 0.0060 0.0030 0.0010 
    Largest link dim during sweep 75/87 was 371
    Largest truncation error: 8.15473e-13
    Energy after sweep 75/87 is -187.949690985864
    Sweep 75/87 CPU time = 26m, 20s (Wall time = 1m, 46.8s)

    vN Entropy at center bond b=150 = 0.740847787000
    Eigs at center bond b=150: 0.7624 0.1866 0.0261 0.0132 0.0060 0.0030 0.0010 
    Largest link dim during sweep 76/87 was 399
    Largest truncation error: 8.15516e-13
    Energy after sweep 76/87 is -187.949690992107
    Sweep 76/87 CPU time = 49m, 48s (Wall time = 3m, 20.6s)

    vN Entropy at center bond b=150 = 0.740848572787
    Eigs at center bond b=150: 0.7624 0.1866 0.0261 0.0132 0.0060 0.0030 0.0010 
    Largest link dim during sweep 77/87 was 391
    Largest truncation error: 8.15523e-13
    Energy after sweep 77/87 is -187.949690993535
    Sweep 77/87 CPU time = 47m, 28s (Wall time = 3m, 9.2s)

    vN Entropy at center bond b=150 = 0.740848950535
    Eigs at center bond b=150: 0.7624 0.1866 0.0261 0.0132 0.0060 0.0030 0.0010 
    Largest link dim during sweep 78/87 was 389
    Largest truncation error: 8.15418e-13
    Energy after sweep 78/87 is -187.949690993987
    Sweep 78/87 CPU time = 46m, 7s (Wall time = 3m, 6.2s)

    vN Entropy at center bond b=150 = 0.740849156952
    Eigs at center bond b=150: 0.7624 0.1866 0.0261 0.0132 0.0060 0.0030 0.0010 
    Largest link dim during sweep 79/87 was 388
    Largest truncation error: 8.15676e-13
    Energy after sweep 79/87 is -187.949690994189
    Sweep 79/87 CPU time = 44m, 49s (Wall time = 2m, 59.2s)

    vN Entropy at center bond b=150 = 0.740849277436
    Eigs at center bond b=150: 0.7624 0.1866 0.0261 0.0132 0.0060 0.0030 0.0010 
    Largest link dim during sweep 80/87 was 388
    Largest truncation error: 8.1594e-13
    Energy after sweep 80/87 is -187.949690994303
    Sweep 80/87 CPU time = 43m, 31s (Wall time = 2m, 49.4s)

    vN Entropy at center bond b=150 = 0.740849350555
    Eigs at center bond b=150: 0.7624 0.1866 0.0261 0.0132 0.0060 0.0030 0.0010 
    Largest link dim during sweep 81/87 was 388
    Largest truncation error: 8.15532e-13
    Energy after sweep 81/87 is -187.949690994369
    Sweep 81/87 CPU time = 44m, 23s (Wall time = 2m, 53.0s)

    vN Entropy at center bond b=150 = 0.740849396366
    Eigs at center bond b=150: 0.7624 0.1866 0.0261 0.0132 0.0060 0.0030 0.0010 
    Largest link dim during sweep 82/87 was 389
    Largest truncation error: 8.15595e-13
    Energy after sweep 82/87 is -187.949690994410
    Sweep 82/87 CPU time = 44m, 12s (Wall time = 2m, 51.5s)

    vN Entropy at center bond b=150 = 0.740849835910
    Eigs at center bond b=150: 0.7624 0.1866 0.0261 0.0132 0.0060 0.0030 0.0010 
    Largest link dim during sweep 83/87 was 367
    Largest truncation error: 7.77345e-13
    Energy after sweep 83/87 is -187.949690994065
    Sweep 83/87 CPU time = 37m, 30s (Wall time = 2m, 27.9s)

    vN Entropy at center bond b=150 = 0.740849886120
    Eigs at center bond b=150: 0.7624 0.1866 0.0261 0.0132 0.0060 0.0030 0.0010 
    Largest link dim during sweep 84/87 was 668
    Largest truncation error: 7.72742e-15
    Energy after sweep 84/87 is -187.949690996221
    Sweep 84/87 CPU time = 1h, 36m, 2s (Wall time = 6m, 30.1s)

    vN Entropy at center bond b=150 = 0.740849943921
    Eigs at center bond b=150: 0.7624 0.1866 0.0261 0.0132 0.0060 0.0030 0.0010 
    Largest link dim during sweep 85/87 was 719
    Largest truncation error: 7.73081e-15
    Energy after sweep 85/87 is -187.949690996327
    Sweep 85/87 CPU time = 2h, 55m, 45s (Wall time = 11m, 43s)

    vN Entropy at center bond b=150 = 0.740849970878
    Eigs at center bond b=150: 0.7624 0.1866 0.0261 0.0132 0.0060 0.0030 0.0010 
    Largest link dim during sweep 86/87 was 710
    Largest truncation error: 7.73048e-15
    Energy after sweep 86/87 is -187.949690996347
    Sweep 86/87 CPU time = 2h, 58m, 56s (Wall time = 11m, 53s)

    vN Entropy at center bond b=150 = 0.740849984370
    Eigs at center bond b=150: 0.7624 0.1866 0.0261 0.0132 0.0060 0.0030 0.0010 
    Largest link dim during sweep 87/87 was 698
    Largest truncation error: 7.72934e-15
    Energy after sweep 87/87 is -187.949690996352
    Sweep 87/87 CPU time = 2h, 58m, 6s (Wall time = 11m, 47s)
Initial energy = 15.00000

Ground State Energy = -187.9496909964
run_outputs/outputpsi/N_300_sweep_87_t_0.030000_J_1.000000_V_0.600000_D_0.018000_U_0.100000_mu_0.100000_E_0.001000 converge
Wall-clock time (s) = 31295.619061
