//////////////////////////
Reading input file ......

Got input.N = 300
Got input.t = 0.03
Got input.J = 1
Got input.V = 0.6
Got input.D = 0.018
Got input.U = 0.9
Got input.mu = 0.1
Got input.E = 0.001
Got input.nsweeps = 87
Sweeps:
1  MaxDim=20, MinDim=20, Cutoff=1.0E-06, Niter=8, Noise=1.0E-05
2  MaxDim=20, MinDim=20, Cutoff=1.0E-06, Niter=8, Noise=1.0E-05
3  MaxDim=20, MinDim=20, Cutoff=1.0E-06, Niter=8, Noise=1.0E-05
4  MaxDim=20, MinDim=20, Cutoff=1.0E-06, Niter=8, Noise=1.0E-05
5  MaxDim=20, MinDim=20, Cutoff=1.0E-06, Niter=8, Noise=1.0E-05
6  MaxDim=20, MinDim=20, Cutoff=1.0E-06, Niter=8, Noise=1.0E-05
7  MaxDim=20, MinDim=20, Cutoff=1.0E-06, Niter=8, Noise=1.0E-05
8  MaxDim=40, MinDim=20, Cutoff=1.0E-06, Niter=4, Noise=1.0E-05
9  MaxDim=40, MinDim=20, Cutoff=1.0E-06, Niter=4, Noise=1.0E-05
10  MaxDim=40, MinDim=20, Cutoff=1.0E-06, Niter=4, Noise=1.0E-05
11  MaxDim=40, MinDim=20, Cutoff=1.0E-06, Niter=4, Noise=1.0E-05
12  MaxDim=40, MinDim=20, Cutoff=1.0E-06, Niter=4, Noise=1.0E-05
13  MaxDim=40, MinDim=20, Cutoff=1.0E-06, Niter=4, Noise=1.0E-05
14  MaxDim=40, MinDim=20, Cutoff=1.0E-06, Niter=4, Noise=1.0E-05
15  MaxDim=80, MinDim=10, Cutoff=1.0E-06, Niter=4, Noise=1.0E-05
16  MaxDim=80, MinDim=10, Cutoff=1.0E-06, Niter=4, Noise=1.0E-05
17  MaxDim=80, MinDim=10, Cutoff=1.0E-06, Niter=4, Noise=1.0E-05
18  MaxDim=80, MinDim=10, Cutoff=1.0E-06, Niter=4, Noise=1.0E-05
19  MaxDim=80, MinDim=10, Cutoff=1.0E-06, Niter=4, Noise=1.0E-05
20  MaxDim=80, MinDim=10, Cutoff=1.0E-06, Niter=4, Noise=1.0E-05
21  MaxDim=80, MinDim=10, Cutoff=1.0E-06, Niter=4, Noise=1.0E-05
22  MaxDim=80, MinDim=10, Cutoff=1.0E-06, Niter=4, Noise=1.0E-05
23  MaxDim=80, MinDim=10, Cutoff=1.0E-06, Niter=4, Noise=1.0E-05
24  MaxDim=80, MinDim=10, Cutoff=1.0E-06, Niter=4, Noise=1.0E-05
25  MaxDim=80, MinDim=10, Cutoff=1.0E-06, Niter=4, Noise=1.0E-05
26  MaxDim=80, MinDim=10, Cutoff=1.0E-06, Niter=4, Noise=1.0E-05
27  MaxDim=80, MinDim=10, Cutoff=1.0E-06, Niter=4, Noise=1.0E-05
28  MaxDim=80, MinDim=10, Cutoff=1.0E-06, Niter=4, Noise=1.0E-05
29  MaxDim=80, MinDim=10, Cutoff=1.0E-06, Niter=4, Noise=1.0E-05
30  MaxDim=80, MinDim=10, Cutoff=1.0E-06, Niter=4, Noise=1.0E-05
31  MaxDim=80, MinDim=10, Cutoff=1.0E-06, Niter=4, Noise=1.0E-05
32  MaxDim=80, MinDim=10, Cutoff=1.0E-06, Niter=4, Noise=1.0E-05
33  MaxDim=80, MinDim=10, Cutoff=1.0E-06, Niter=4, Noise=1.0E-05
34  MaxDim=80, MinDim=10, Cutoff=1.0E-06, Niter=4, Noise=1.0E-05
35  MaxDim=80, MinDim=10, Cutoff=1.0E-06, Niter=4, Noise=1.0E-05
36  MaxDim=80, MinDim=10, Cutoff=1.0E-06, Niter=4, Noise=1.0E-05
37  MaxDim=160, MinDim=10, Cutoff=1.0E-08, Niter=4, Noise=1.0E-06
38  MaxDim=160, MinDim=10, Cutoff=1.0E-08, Niter=4, Noise=1.0E-06
39  MaxDim=160, MinDim=10, Cutoff=1.0E-08, Niter=4, Noise=1.0E-06
40  MaxDim=160, MinDim=10, Cutoff=1.0E-08, Niter=4, Noise=1.0E-06
41  MaxDim=160, MinDim=10, Cutoff=1.0E-08, Niter=4, Noise=1.0E-06
42  MaxDim=160, MinDim=10, Cutoff=1.0E-08, Niter=4, Noise=1.0E-06
43  MaxDim=160, MinDim=10, Cutoff=1.0E-08, Niter=4, Noise=1.0E-06
44  MaxDim=160, MinDim=10, Cutoff=1.0E-08, Niter=4, Noise=1.0E-06
45  MaxDim=160, MinDim=10, Cutoff=1.0E-08, Niter=4, Noise=1.0E-06
46  MaxDim=160, MinDim=10, Cutoff=1.0E-08, Niter=4, Noise=1.0E-06
47  MaxDim=160, MinDim=10, Cutoff=1.0E-08, Niter=4, Noise=1.0E-06
48  MaxDim=160, MinDim=10, Cutoff=1.0E-08, Niter=4, Noise=1.0E-06
49  MaxDim=160, MinDim=10, Cutoff=1.0E-08, Niter=4, Noise=1.0E-06
50  MaxDim=160, MinDim=10, Cutoff=1.0E-08, Niter=4, Noise=1.0E-06
51  MaxDim=160, MinDim=10, Cutoff=1.0E-08, Niter=4, Noise=1.0E-06
52  MaxDim=160, MinDim=10, Cutoff=1.0E-08, Niter=4, Noise=1.0E-06
53  MaxDim=160, MinDim=10, Cutoff=1.0E-08, Niter=4, Noise=1.0E-06
54  MaxDim=160, MinDim=10, Cutoff=1.0E-08, Niter=4, Noise=1.0E-06
55  MaxDim=160, MinDim=10, Cutoff=1.0E-08, Niter=4, Noise=1.0E-06
56  MaxDim=160, MinDim=10, Cutoff=1.0E-08, Niter=4, Noise=1.0E-06
57  MaxDim=160, MinDim=10, Cutoff=1.0E-08, Niter=4, Noise=1.0E-06
58  MaxDim=160, MinDim=10, Cutoff=1.0E-08, Niter=4, Noise=1.0E-06
59  MaxDim=320, MinDim=10, Cutoff=1.0E-10, Niter=4, Noise=1.0E-07
60  MaxDim=320, MinDim=10, Cutoff=1.0E-10, Niter=4, Noise=1.0E-07
61  MaxDim=320, MinDim=10, Cutoff=1.0E-10, Niter=4, Noise=1.0E-07
62  MaxDim=320, MinDim=10, Cutoff=1.0E-10, Niter=4, Noise=1.0E-07
63  MaxDim=320, MinDim=10, Cutoff=1.0E-10, Niter=4, Noise=1.0E-07
64  MaxDim=320, MinDim=10, Cutoff=1.0E-10, Niter=4, Noise=1.0E-07
65  MaxDim=320, MinDim=10, Cutoff=1.0E-10, Niter=4, Noise=1.0E-07
66  MaxDim=320, MinDim=10, Cutoff=1.0E-10, Niter=4, Noise=1.0E-07
67  MaxDim=320, MinDim=10, Cutoff=1.0E-10, Niter=4, Noise=1.0E-07
68  MaxDim=320, MinDim=10, Cutoff=1.0E-10, Niter=4, Noise=1.0E-07
69  MaxDim=320, MinDim=10, Cutoff=1.0E-10, Niter=4, Noise=1.0E-07
70  MaxDim=320, MinDim=10, Cutoff=1.0E-10, Niter=4, Noise=1.0E-07
71  MaxDim=320, MinDim=10, Cutoff=1.0E-10, Niter=4, Noise=1.0E-07
72  MaxDim=320, MinDim=10, Cutoff=1.0E-10, Niter=4, Noise=1.0E-07
73  MaxDim=320, MinDim=10, Cutoff=1.0E-10, Niter=4, Noise=1.0E-07
74  MaxDim=320, MinDim=10, Cutoff=1.0E-10, Niter=4, Noise=1.0E-07
75  MaxDim=640, MinDim=10, Cutoff=1.0E-12, Niter=2, Noise=1.0E-08
76  MaxDim=640, MinDim=10, Cutoff=1.0E-12, Niter=2, Noise=1.0E-08
77  MaxDim=640, MinDim=10, Cutoff=1.0E-12, Niter=2, Noise=1.0E-08
78  MaxDim=640, MinDim=10, Cutoff=1.0E-12, Niter=2, Noise=1.0E-08
79  MaxDim=640, MinDim=10, Cutoff=1.0E-12, Niter=2, Noise=1.0E-08
80  MaxDim=640, MinDim=10, Cutoff=1.0E-12, Niter=2, Noise=1.0E-08
81  MaxDim=640, MinDim=10, Cutoff=1.0E-12, Niter=2, Noise=1.0E-08
82  MaxDim=640, MinDim=10, Cutoff=1.0E-12, Niter=2, Noise=1.0E-08
83  MaxDim=1280, MinDim=10, Cutoff=1.0E-12, Niter=2, Noise=0.0E+00
84  MaxDim=1280, MinDim=10, Cutoff=1.0E-14, Niter=2, Noise=0.0E+00
85  MaxDim=1280, MinDim=10, Cutoff=1.0E-14, Niter=2, Noise=0.0E+00
86  MaxDim=1280, MinDim=10, Cutoff=1.0E-14, Niter=2, Noise=0.0E+00
87  MaxDim=1280, MinDim=10, Cutoff=1.0E-14, Niter=2, Noise=0.0E+00


    vN Entropy at center bond b=150 = 0.614908461005
    Eigs at center bond b=150: 0.7937 0.1798 0.0165 0.0072 0.0012 0.0011 
    Largest link dim during sweep 1/87 was 20
    Largest truncation error: 6.93086e-05
    Energy after sweep 1/87 is -157.253771514166
    Sweep 1/87 CPU time = 18.31s (Wall time = 1.192s)

    vN Entropy at center bond b=150 = 0.703113386910
    Eigs at center bond b=150: 0.7489 0.2155 0.0221 0.0096 0.0020 0.0013 
    Largest link dim during sweep 2/87 was 20
    Largest truncation error: 2.79576e-06
    Energy after sweep 2/87 is -157.332154611389
    Sweep 2/87 CPU time = 25.68s (Wall time = 1.648s)

    vN Entropy at center bond b=150 = 0.704387553775
    Eigs at center bond b=150: 0.7482 0.2161 0.0221 0.0096 0.0020 0.0013 
    Largest link dim during sweep 3/87 was 20
    Largest truncation error: 2.97992e-06
    Energy after sweep 3/87 is -157.332696044863
    Sweep 3/87 CPU time = 25.65s (Wall time = 1.649s)

    vN Entropy at center bond b=150 = 0.704411149125
    Eigs at center bond b=150: 0.7482 0.2161 0.0221 0.0096 0.0020 0.0013 
    Largest link dim during sweep 4/87 was 20
    Largest truncation error: 2.97302e-06
    Energy after sweep 4/87 is -157.332702992294
    Sweep 4/87 CPU time = 25.58s (Wall time = 1.646s)

    vN Entropy at center bond b=150 = 0.704412401737
    Eigs at center bond b=150: 0.7482 0.2161 0.0221 0.0096 0.0020 0.0013 
    Largest link dim during sweep 5/87 was 20
    Largest truncation error: 2.97281e-06
    Energy after sweep 5/87 is -157.332703376560
    Sweep 5/87 CPU time = 25.77s (Wall time = 1.648s)

    vN Entropy at center bond b=150 = 0.704412521317
    Eigs at center bond b=150: 0.7482 0.2161 0.0221 0.0096 0.0020 0.0013 
    Largest link dim during sweep 6/87 was 20
    Largest truncation error: 2.97298e-06
    Energy after sweep 6/87 is -157.332703386538
    Sweep 6/87 CPU time = 25.73s (Wall time = 1.648s)

    vN Entropy at center bond b=150 = 0.704412536809
    Eigs at center bond b=150: 0.7482 0.2161 0.0221 0.0096 0.0020 0.0013 
    Largest link dim during sweep 7/87 was 20
    Largest truncation error: 2.97306e-06
    Energy after sweep 7/87 is -157.332703362553
    Sweep 7/87 CPU time = 25.68s (Wall time = 1.647s)

    vN Entropy at center bond b=150 = 0.705475872761
    Eigs at center bond b=150: 0.7480 0.2161 0.0222 0.0097 0.0020 0.0013 
    Largest link dim during sweep 8/87 was 29
    Largest truncation error: 7.55263e-07
    Energy after sweep 8/87 is -157.335920282500
    Sweep 8/87 CPU time = 17.72s (Wall time = 1.141s)

    vN Entropy at center bond b=150 = 0.705608185868
    Eigs at center bond b=150: 0.7479 0.2161 0.0222 0.0097 0.0020 0.0013 
    Largest link dim during sweep 9/87 was 30
    Largest truncation error: 7.57156e-07
    Energy after sweep 9/87 is -157.335971369513
    Sweep 9/87 CPU time = 19.49s (Wall time = 1.249s)

    vN Entropy at center bond b=150 = 0.705612388150
    Eigs at center bond b=150: 0.7479 0.2161 0.0222 0.0097 0.0020 0.0013 
    Largest link dim during sweep 10/87 was 30
    Largest truncation error: 7.47577e-07
    Energy after sweep 10/87 is -157.335984348887
    Sweep 10/87 CPU time = 19.50s (Wall time = 1.256s)

    vN Entropy at center bond b=150 = 0.705612589817
    Eigs at center bond b=150: 0.7479 0.2161 0.0222 0.0097 0.0020 0.0013 
    Largest link dim during sweep 11/87 was 30
    Largest truncation error: 7.47843e-07
    Energy after sweep 11/87 is -157.335985761618
    Sweep 11/87 CPU time = 19.51s (Wall time = 1.252s)

    vN Entropy at center bond b=150 = 0.705612609194
    Eigs at center bond b=150: 0.7479 0.2161 0.0222 0.0097 0.0020 0.0013 
    Largest link dim during sweep 12/87 was 30
    Largest truncation error: 7.47884e-07
    Energy after sweep 12/87 is -157.335985783956
    Sweep 12/87 CPU time = 19.47s (Wall time = 1.246s)

    vN Entropy at center bond b=150 = 0.705612611712
    Eigs at center bond b=150: 0.7479 0.2161 0.0222 0.0097 0.0020 0.0013 
    Largest link dim during sweep 13/87 was 30
    Largest truncation error: 7.47888e-07
    Energy after sweep 13/87 is -157.335985787315
    Sweep 13/87 CPU time = 19.61s (Wall time = 1.256s)

    vN Entropy at center bond b=150 = 0.705612612065
    Eigs at center bond b=150: 0.7479 0.2161 0.0222 0.0097 0.0020 0.0013 
    Largest link dim during sweep 14/87 was 30
    Largest truncation error: 7.47889e-07
    Energy after sweep 14/87 is -157.335985788099
    Sweep 14/87 CPU time = 19.56s (Wall time = 1.254s)

    vN Entropy at center bond b=150 = 0.705612612131
    Eigs at center bond b=150: 0.7479 0.2161 0.0222 0.0097 0.0020 0.0013 
    Largest link dim during sweep 15/87 was 30
    Largest truncation error: 7.55643e-07
    Energy after sweep 15/87 is -157.335982418111
    Sweep 15/87 CPU time = 19.63s (Wall time = 1.256s)

    vN Entropy at center bond b=150 = 0.705612612138
    Eigs at center bond b=150: 0.7479 0.2161 0.0222 0.0097 0.0020 0.0013 
    Largest link dim during sweep 16/87 was 30
    Largest truncation error: 7.53288e-07
    Energy after sweep 16/87 is -157.335982429706
    Sweep 16/87 CPU time = 19.52s (Wall time = 1.250s)

    vN Entropy at center bond b=150 = 0.705612612139
    Eigs at center bond b=150: 0.7479 0.2161 0.0222 0.0097 0.0020 0.0013 
    Largest link dim during sweep 17/87 was 30
    Largest truncation error: 7.53132e-07
    Energy after sweep 17/87 is -157.335982442583
    Sweep 17/87 CPU time = 19.49s (Wall time = 1.257s)

    vN Entropy at center bond b=150 = 0.705612612140
    Eigs at center bond b=150: 0.7479 0.2161 0.0222 0.0097 0.0020 0.0013 
    Largest link dim during sweep 18/87 was 30
    Largest truncation error: 7.53114e-07
    Energy after sweep 18/87 is -157.335982497567
    Sweep 18/87 CPU time = 19.49s (Wall time = 1.248s)

    vN Entropy at center bond b=150 = 0.705612612139
    Eigs at center bond b=150: 0.7479 0.2161 0.0222 0.0097 0.0020 0.0013 
    Largest link dim during sweep 19/87 was 30
    Largest truncation error: 7.53112e-07
    Energy after sweep 19/87 is -157.335982801034
    Sweep 19/87 CPU time = 19.43s (Wall time = 1.247s)

    vN Entropy at center bond b=150 = 0.705612612140
    Eigs at center bond b=150: 0.7479 0.2161 0.0222 0.0097 0.0020 0.0013 
    Largest link dim during sweep 20/87 was 30
    Largest truncation error: 7.53112e-07
    Energy after sweep 20/87 is -157.335983353420
    Sweep 20/87 CPU time = 19.44s (Wall time = 1.248s)

    vN Entropy at center bond b=150 = 0.705612612140
    Eigs at center bond b=150: 0.7479 0.2161 0.0222 0.0097 0.0020 0.0013 
    Largest link dim during sweep 21/87 was 30
    Largest truncation error: 7.53112e-07
    Energy after sweep 21/87 is -157.335983359919
    Sweep 21/87 CPU time = 19.48s (Wall time = 1.251s)

    vN Entropy at center bond b=150 = 0.705612612140
    Eigs at center bond b=150: 0.7479 0.2161 0.0222 0.0097 0.0020 0.0013 
    Largest link dim during sweep 22/87 was 30
    Largest truncation error: 7.53112e-07
    Energy after sweep 22/87 is -157.335983360026
    Sweep 22/87 CPU time = 19.52s (Wall time = 1.253s)

    vN Entropy at center bond b=150 = 0.705612612140
    Eigs at center bond b=150: 0.7479 0.2161 0.0222 0.0097 0.0020 0.0013 
    Largest link dim during sweep 23/87 was 30
    Largest truncation error: 7.53112e-07
    Energy after sweep 23/87 is -157.335983360025
    Sweep 23/87 CPU time = 19.53s (Wall time = 1.252s)

    vN Entropy at center bond b=150 = 0.705612612140
    Eigs at center bond b=150: 0.7479 0.2161 0.0222 0.0097 0.0020 0.0013 
    Largest link dim during sweep 24/87 was 30
    Largest truncation error: 7.53112e-07
    Energy after sweep 24/87 is -157.335983360028
    Sweep 24/87 CPU time = 19.45s (Wall time = 1.248s)

    vN Entropy at center bond b=150 = 0.705612612140
    Eigs at center bond b=150: 0.7479 0.2161 0.0222 0.0097 0.0020 0.0013 
    Largest link dim during sweep 25/87 was 30
    Largest truncation error: 7.53112e-07
    Energy after sweep 25/87 is -157.335983360030
    Sweep 25/87 CPU time = 19.43s (Wall time = 1.251s)

    vN Entropy at center bond b=150 = 0.705612612140
    Eigs at center bond b=150: 0.7479 0.2161 0.0222 0.0097 0.0020 0.0013 
    Largest link dim during sweep 26/87 was 30
    Largest truncation error: 7.53112e-07
    Energy after sweep 26/87 is -157.335983360026
    Sweep 26/87 CPU time = 19.51s (Wall time = 1.248s)

    vN Entropy at center bond b=150 = 0.705612612140
    Eigs at center bond b=150: 0.7479 0.2161 0.0222 0.0097 0.0020 0.0013 
    Largest link dim during sweep 27/87 was 30
    Largest truncation error: 7.53112e-07
    Energy after sweep 27/87 is -157.335983360030
    Sweep 27/87 CPU time = 19.50s (Wall time = 1.252s)

    vN Entropy at center bond b=150 = 0.705612612140
    Eigs at center bond b=150: 0.7479 0.2161 0.0222 0.0097 0.0020 0.0013 
    Largest link dim during sweep 28/87 was 30
    Largest truncation error: 7.53112e-07
    Energy after sweep 28/87 is -157.335983360025
    Sweep 28/87 CPU time = 19.45s (Wall time = 1.254s)

    vN Entropy at center bond b=150 = 0.705612612140
    Eigs at center bond b=150: 0.7479 0.2161 0.0222 0.0097 0.0020 0.0013 
    Largest link dim during sweep 29/87 was 30
    Largest truncation error: 7.53112e-07
    Energy after sweep 29/87 is -157.335983360026
    Sweep 29/87 CPU time = 19.54s (Wall time = 1.253s)

    vN Entropy at center bond b=150 = 0.705612612140
    Eigs at center bond b=150: 0.7479 0.2161 0.0222 0.0097 0.0020 0.0013 
    Largest link dim during sweep 30/87 was 30
    Largest truncation error: 7.53112e-07
    Energy after sweep 30/87 is -157.335983360029
    Sweep 30/87 CPU time = 19.54s (Wall time = 1.249s)

    vN Entropy at center bond b=150 = 0.705612612140
    Eigs at center bond b=150: 0.7479 0.2161 0.0222 0.0097 0.0020 0.0013 
    Largest link dim during sweep 31/87 was 30
    Largest truncation error: 7.53112e-07
    Energy after sweep 31/87 is -157.335983360029
    Sweep 31/87 CPU time = 19.58s (Wall time = 1.255s)

    vN Entropy at center bond b=150 = 0.705612612140
    Eigs at center bond b=150: 0.7479 0.2161 0.0222 0.0097 0.0020 0.0013 
    Largest link dim during sweep 32/87 was 30
    Largest truncation error: 7.53112e-07
    Energy after sweep 32/87 is -157.335983360029
    Sweep 32/87 CPU time = 19.46s (Wall time = 1.248s)

    vN Entropy at center bond b=150 = 0.705612612140
    Eigs at center bond b=150: 0.7479 0.2161 0.0222 0.0097 0.0020 0.0013 
    Largest link dim during sweep 33/87 was 30
    Largest truncation error: 7.53112e-07
    Energy after sweep 33/87 is -157.335983360027
    Sweep 33/87 CPU time = 19.52s (Wall time = 1.249s)

    vN Entropy at center bond b=150 = 0.705612612140
    Eigs at center bond b=150: 0.7479 0.2161 0.0222 0.0097 0.0020 0.0013 
    Largest link dim during sweep 34/87 was 30
    Largest truncation error: 7.53112e-07
    Energy after sweep 34/87 is -157.335983360029
    Sweep 34/87 CPU time = 19.45s (Wall time = 1.246s)

    vN Entropy at center bond b=150 = 0.705612612140
    Eigs at center bond b=150: 0.7479 0.2161 0.0222 0.0097 0.0020 0.0013 
    Largest link dim during sweep 35/87 was 30
    Largest truncation error: 7.53112e-07
    Energy after sweep 35/87 is -157.335983360029
    Sweep 35/87 CPU time = 19.56s (Wall time = 1.251s)

    vN Entropy at center bond b=150 = 0.705612612140
    Eigs at center bond b=150: 0.7479 0.2161 0.0222 0.0097 0.0020 0.0013 
    Largest link dim during sweep 36/87 was 30
    Largest truncation error: 7.53112e-07
    Energy after sweep 36/87 is -157.335983360027
    Sweep 36/87 CPU time = 19.59s (Wall time = 1.254s)

    vN Entropy at center bond b=150 = 0.706684859087
    Eigs at center bond b=150: 0.7476 0.2163 0.0223 0.0097 0.0021 0.0013 
    Largest link dim during sweep 37/87 was 60
    Largest truncation error: 7.66823e-09
    Energy after sweep 37/87 is -157.337529729138
    Sweep 37/87 CPU time = 51.55s (Wall time = 3.318s)

    vN Entropy at center bond b=150 = 0.706827213878
    Eigs at center bond b=150: 0.7476 0.2163 0.0223 0.0097 0.0021 0.0013 
    Largest link dim during sweep 38/87 was 64
    Largest truncation error: 7.58004e-09
    Energy after sweep 38/87 is -157.337539137181
    Sweep 38/87 CPU time = 1m, 18.4s (Wall time = 5.039s)

    vN Entropy at center bond b=150 = 0.706834732333
    Eigs at center bond b=150: 0.7476 0.2163 0.0223 0.0097 0.0021 0.0013 
    Largest link dim during sweep 39/87 was 65
    Largest truncation error: 7.47354e-09
    Energy after sweep 39/87 is -157.337540110067
    Sweep 39/87 CPU time = 1m, 24.6s (Wall time = 5.442s)

    vN Entropy at center bond b=150 = 0.706835581371
    Eigs at center bond b=150: 0.7476 0.2163 0.0223 0.0097 0.0021 0.0013 
    Largest link dim during sweep 40/87 was 65
    Largest truncation error: 7.50865e-09
    Energy after sweep 40/87 is -157.337540130036
    Sweep 40/87 CPU time = 1m, 24.6s (Wall time = 5.486s)

    vN Entropy at center bond b=150 = 0.706835719340
    Eigs at center bond b=150: 0.7476 0.2163 0.0223 0.0097 0.0021 0.0013 
    Largest link dim during sweep 41/87 was 65
    Largest truncation error: 7.51532e-09
    Energy after sweep 41/87 is -157.337540122667
    Sweep 41/87 CPU time = 1m, 26.0s (Wall time = 5.536s)

    vN Entropy at center bond b=150 = 0.706835745614
    Eigs at center bond b=150: 0.7476 0.2163 0.0223 0.0097 0.0021 0.0013 
    Largest link dim during sweep 42/87 was 65
    Largest truncation error: 7.5165e-09
    Energy after sweep 42/87 is -157.337540129034
    Sweep 42/87 CPU time = 1m, 26.4s (Wall time = 5.548s)

    vN Entropy at center bond b=150 = 0.706835750762
    Eigs at center bond b=150: 0.7476 0.2163 0.0223 0.0097 0.0021 0.0013 
    Largest link dim during sweep 43/87 was 65
    Largest truncation error: 7.51671e-09
    Energy after sweep 43/87 is -157.337540128990
    Sweep 43/87 CPU time = 1m, 26.3s (Wall time = 5.557s)

    vN Entropy at center bond b=150 = 0.706835751778
    Eigs at center bond b=150: 0.7476 0.2163 0.0223 0.0097 0.0021 0.0013 
    Largest link dim during sweep 44/87 was 65
    Largest truncation error: 7.51675e-09
    Energy after sweep 44/87 is -157.337540128983
    Sweep 44/87 CPU time = 1m, 23.9s (Wall time = 5.393s)

    vN Entropy at center bond b=150 = 0.706835751979
    Eigs at center bond b=150: 0.7476 0.2163 0.0223 0.0097 0.0021 0.0013 
    Largest link dim during sweep 45/87 was 65
    Largest truncation error: 7.51676e-09
    Energy after sweep 45/87 is -157.337540128980
    Sweep 45/87 CPU time = 1m, 24.8s (Wall time = 5.448s)

    vN Entropy at center bond b=150 = 0.706835752019
    Eigs at center bond b=150: 0.7476 0.2163 0.0223 0.0097 0.0021 0.0013 
    Largest link dim during sweep 46/87 was 65
    Largest truncation error: 7.51676e-09
    Energy after sweep 46/87 is -157.337540128982
    Sweep 46/87 CPU time = 1m, 25.7s (Wall time = 5.512s)

    vN Entropy at center bond b=150 = 0.706835752027
    Eigs at center bond b=150: 0.7476 0.2163 0.0223 0.0097 0.0021 0.0013 
    Largest link dim during sweep 47/87 was 65
    Largest truncation error: 7.51676e-09
    Energy after sweep 47/87 is -157.337540128980
    Sweep 47/87 CPU time = 1m, 25.8s (Wall time = 5.516s)

    vN Entropy at center bond b=150 = 0.706835752028
    Eigs at center bond b=150: 0.7476 0.2163 0.0223 0.0097 0.0021 0.0013 
    Largest link dim during sweep 48/87 was 65
    Largest truncation error: 7.51676e-09
    Energy after sweep 48/87 is -157.337540128977
    Sweep 48/87 CPU time = 1m, 26.3s (Wall time = 5.579s)

    vN Entropy at center bond b=150 = 0.706835752028
    Eigs at center bond b=150: 0.7476 0.2163 0.0223 0.0097 0.0021 0.0013 
    Largest link dim during sweep 49/87 was 65
    Largest truncation error: 7.51676e-09
    Energy after sweep 49/87 is -157.337540128980
    Sweep 49/87 CPU time = 1m, 26.5s (Wall time = 5.562s)

    vN Entropy at center bond b=150 = 0.706835752029
    Eigs at center bond b=150: 0.7476 0.2163 0.0223 0.0097 0.0021 0.0013 
    Largest link dim during sweep 50/87 was 65
    Largest truncation error: 7.51676e-09
    Energy after sweep 50/87 is -157.337540128977
    Sweep 50/87 CPU time = 1m, 26.5s (Wall time = 5.558s)

    vN Entropy at center bond b=150 = 0.706835752029
    Eigs at center bond b=150: 0.7476 0.2163 0.0223 0.0097 0.0021 0.0013 
    Largest link dim during sweep 51/87 was 65
    Largest truncation error: 7.51676e-09
    Energy after sweep 51/87 is -157.337540128976
    Sweep 51/87 CPU time = 1m, 26.2s (Wall time = 5.539s)

    vN Entropy at center bond b=150 = 0.706835752029
    Eigs at center bond b=150: 0.7476 0.2163 0.0223 0.0097 0.0021 0.0013 
    Largest link dim during sweep 52/87 was 65
    Largest truncation error: 7.51676e-09
    Energy after sweep 52/87 is -157.337540128980
    Sweep 52/87 CPU time = 1m, 26.2s (Wall time = 5.539s)

    vN Entropy at center bond b=150 = 0.706835752029
    Eigs at center bond b=150: 0.7476 0.2163 0.0223 0.0097 0.0021 0.0013 
    Largest link dim during sweep 53/87 was 65
    Largest truncation error: 7.51676e-09
    Energy after sweep 53/87 is -157.337540128976
    Sweep 53/87 CPU time = 1m, 26.2s (Wall time = 5.547s)

    vN Entropy at center bond b=150 = 0.706835752029
    Eigs at center bond b=150: 0.7476 0.2163 0.0223 0.0097 0.0021 0.0013 
    Largest link dim during sweep 54/87 was 65
    Largest truncation error: 7.51676e-09
    Energy after sweep 54/87 is -157.337540128978
    Sweep 54/87 CPU time = 1m, 25.7s (Wall time = 5.517s)

    vN Entropy at center bond b=150 = 0.706835752029
    Eigs at center bond b=150: 0.7476 0.2163 0.0223 0.0097 0.0021 0.0013 
    Largest link dim during sweep 55/87 was 65
    Largest truncation error: 7.51676e-09
    Energy after sweep 55/87 is -157.337540128979
    Sweep 55/87 CPU time = 1m, 25.0s (Wall time = 5.469s)

    vN Entropy at center bond b=150 = 0.706835752029
    Eigs at center bond b=150: 0.7476 0.2163 0.0223 0.0097 0.0021 0.0013 
    Largest link dim during sweep 56/87 was 65
    Largest truncation error: 7.51676e-09
    Energy after sweep 56/87 is -157.337540128977
    Sweep 56/87 CPU time = 1m, 24.5s (Wall time = 5.427s)

    vN Entropy at center bond b=150 = 0.706835752029
    Eigs at center bond b=150: 0.7476 0.2163 0.0223 0.0097 0.0021 0.0013 
    Largest link dim during sweep 57/87 was 65
    Largest truncation error: 7.51676e-09
    Energy after sweep 57/87 is -157.337540128979
    Sweep 57/87 CPU time = 1m, 25.2s (Wall time = 5.471s)

    vN Entropy at center bond b=150 = 0.706835752029
    Eigs at center bond b=150: 0.7476 0.2163 0.0223 0.0097 0.0021 0.0013 
    Largest link dim during sweep 58/87 was 65
    Largest truncation error: 7.51676e-09
    Energy after sweep 58/87 is -157.337540128981
    Sweep 58/87 CPU time = 1m, 23.3s (Wall time = 5.354s)

    vN Entropy at center bond b=150 = 0.706885028330
    Eigs at center bond b=150: 0.7476 0.2163 0.0223 0.0097 0.0021 0.0013 
    Largest link dim during sweep 59/87 was 122
    Largest truncation error: 7.58432e-11
    Energy after sweep 59/87 is -157.337555714184
    Sweep 59/87 CPU time = 4m, 8.3s (Wall time = 15.97s)

    vN Entropy at center bond b=150 = 0.706898006062
    Eigs at center bond b=150: 0.7476 0.2163 0.0223 0.0097 0.0021 0.0013 
    Largest link dim during sweep 60/87 was 128
    Largest truncation error: 7.52347e-11
    Energy after sweep 60/87 is -157.337555920654
    Sweep 60/87 CPU time = 6m, 8.4s (Wall time = 25.38s)

    vN Entropy at center bond b=150 = 0.706901206235
    Eigs at center bond b=150: 0.7476 0.2163 0.0223 0.0097 0.0021 0.0013 
    Largest link dim during sweep 61/87 was 130
    Largest truncation error: 7.60348e-11
    Energy after sweep 61/87 is -157.337555945352
    Sweep 61/87 CPU time = 7m, 6.8s (Wall time = 29.70s)

    vN Entropy at center bond b=150 = 0.706901896940
    Eigs at center bond b=150: 0.7476 0.2163 0.0223 0.0097 0.0021 0.0013 
    Largest link dim during sweep 62/87 was 130
    Largest truncation error: 7.68392e-11
    Energy after sweep 62/87 is -157.337555947021
    Sweep 62/87 CPU time = 6m, 53.2s (Wall time = 28.25s)

    vN Entropy at center bond b=150 = 0.706902057186
    Eigs at center bond b=150: 0.7476 0.2163 0.0223 0.0097 0.0021 0.0013 
    Largest link dim during sweep 63/87 was 130
    Largest truncation error: 7.68886e-11
    Energy after sweep 63/87 is -157.337555947104
    Sweep 63/87 CPU time = 6m, 54.3s (Wall time = 28.42s)

    vN Entropy at center bond b=150 = 0.706902095528
    Eigs at center bond b=150: 0.7476 0.2163 0.0223 0.0097 0.0021 0.0013 
    Largest link dim during sweep 64/87 was 131
    Largest truncation error: 7.68986e-11
    Energy after sweep 64/87 is -157.337555948705
    Sweep 64/87 CPU time = 6m, 53.8s (Wall time = 28.51s)

    vN Entropy at center bond b=150 = 0.706902108886
    Eigs at center bond b=150: 0.7476 0.2163 0.0223 0.0097 0.0021 0.0013 
    Largest link dim during sweep 65/87 was 131
    Largest truncation error: 7.69009e-11
    Energy after sweep 65/87 is -157.337555948776
    Sweep 65/87 CPU time = 7m, 6.4s (Wall time = 29.81s)

    vN Entropy at center bond b=150 = 0.706902111821
    Eigs at center bond b=150: 0.7476 0.2163 0.0223 0.0097 0.0021 0.0013 
    Largest link dim during sweep 66/87 was 131
    Largest truncation error: 7.69016e-11
    Energy after sweep 66/87 is -157.337555948812
    Sweep 66/87 CPU time = 7m, 14.1s (Wall time = 30.78s)

    vN Entropy at center bond b=150 = 0.706902112521
    Eigs at center bond b=150: 0.7476 0.2163 0.0223 0.0097 0.0021 0.0013 
    Largest link dim during sweep 67/87 was 131
    Largest truncation error: 7.69018e-11
    Energy after sweep 67/87 is -157.337555948843
    Sweep 67/87 CPU time = 7m, 7.7s (Wall time = 30.05s)

    vN Entropy at center bond b=150 = 0.706902112694
    Eigs at center bond b=150: 0.7476 0.2163 0.0223 0.0097 0.0021 0.0013 
    Largest link dim during sweep 68/87 was 131
    Largest truncation error: 7.69015e-11
    Energy after sweep 68/87 is -157.337555948843
    Sweep 68/87 CPU time = 7m, 11.6s (Wall time = 30.44s)

    vN Entropy at center bond b=150 = 0.706902112737
    Eigs at center bond b=150: 0.7476 0.2163 0.0223 0.0097 0.0021 0.0013 
    Largest link dim during sweep 69/87 was 131
    Largest truncation error: 7.69016e-11
    Energy after sweep 69/87 is -157.337555948840
    Sweep 69/87 CPU time = 7m, 1.0s (Wall time = 29.58s)

    vN Entropy at center bond b=150 = 0.706902112748
    Eigs at center bond b=150: 0.7476 0.2163 0.0223 0.0097 0.0021 0.0013 
    Largest link dim during sweep 70/87 was 131
    Largest truncation error: 7.69017e-11
    Energy after sweep 70/87 is -157.337555948839
    Sweep 70/87 CPU time = 7m, 14.6s (Wall time = 30.72s)

    vN Entropy at center bond b=150 = 0.706902112751
    Eigs at center bond b=150: 0.7476 0.2163 0.0223 0.0097 0.0021 0.0013 
    Largest link dim during sweep 71/87 was 131
    Largest truncation error: 7.69021e-11
    Energy after sweep 71/87 is -157.337555948840
    Sweep 71/87 CPU time = 7m, 6.9s (Wall time = 30.10s)

    vN Entropy at center bond b=150 = 0.706902112752
    Eigs at center bond b=150: 0.7476 0.2163 0.0223 0.0097 0.0021 0.0013 
    Largest link dim during sweep 72/87 was 131
    Largest truncation error: 7.69015e-11
    Energy after sweep 72/87 is -157.337555948840
    Sweep 72/87 CPU time = 7m, 6.8s (Wall time = 29.99s)

    vN Entropy at center bond b=150 = 0.706902112752
    Eigs at center bond b=150: 0.7476 0.2163 0.0223 0.0097 0.0021 0.0013 
    Largest link dim during sweep 73/87 was 131
    Largest truncation error: 7.69019e-11
    Energy after sweep 73/87 is -157.337555948838
    Sweep 73/87 CPU time = 6m, 35.9s (Wall time = 26.35s)

    vN Entropy at center bond b=150 = 0.706902112752
    Eigs at center bond b=150: 0.7476 0.2163 0.0223 0.0097 0.0021 0.0013 
    Largest link dim during sweep 74/87 was 131
    Largest truncation error: 7.69017e-11
    Energy after sweep 74/87 is -157.337555948836
    Sweep 74/87 CPU time = 6m, 36.1s (Wall time = 26.53s)

    vN Entropy at center bond b=150 = 0.706905551559
    Eigs at center bond b=150: 0.7476 0.2163 0.0223 0.0097 0.0021 0.0013 
    Largest link dim during sweep 75/87 was 243
    Largest truncation error: 7.92911e-13
    Energy after sweep 75/87 is -157.337556152059
    Sweep 75/87 CPU time = 13m, 34s (Wall time = 56.28s)

    vN Entropy at center bond b=150 = 0.706906298296
    Eigs at center bond b=150: 0.7476 0.2163 0.0223 0.0097 0.0021 0.0013 
    Largest link dim during sweep 76/87 was 250
    Largest truncation error: 7.59397e-13
    Energy after sweep 76/87 is -157.337556153127
    Sweep 76/87 CPU time = 20m, 10s (Wall time = 1m, 19.8s)

    vN Entropy at center bond b=150 = 0.706906390424
    Eigs at center bond b=150: 0.7476 0.2163 0.0223 0.0097 0.0021 0.0013 
    Largest link dim during sweep 77/87 was 250
    Largest truncation error: 7.59347e-13
    Energy after sweep 77/87 is -157.337556153134
    Sweep 77/87 CPU time = 20m, 51s (Wall time = 1m, 22.7s)

    vN Entropy at center bond b=150 = 0.706906406477
    Eigs at center bond b=150: 0.7476 0.2163 0.0223 0.0097 0.0021 0.0013 
    Largest link dim during sweep 78/87 was 250
    Largest truncation error: 7.59323e-13
    Energy after sweep 78/87 is -157.337556153137
    Sweep 78/87 CPU time = 21m, 36s (Wall time = 1m, 26.1s)

    vN Entropy at center bond b=150 = 0.706906410195
    Eigs at center bond b=150: 0.7476 0.2163 0.0223 0.0097 0.0021 0.0013 
    Largest link dim during sweep 79/87 was 250
    Largest truncation error: 7.59347e-13
    Energy after sweep 79/87 is -157.337556153144
    Sweep 79/87 CPU time = 21m, 0s (Wall time = 1m, 23.9s)

    vN Entropy at center bond b=150 = 0.706906411350
    Eigs at center bond b=150: 0.7476 0.2163 0.0223 0.0097 0.0021 0.0013 
    Largest link dim during sweep 80/87 was 250
    Largest truncation error: 7.5928e-13
    Energy after sweep 80/87 is -157.337556153145
    Sweep 80/87 CPU time = 20m, 30s (Wall time = 1m, 22.3s)

    vN Entropy at center bond b=150 = 0.706906411751
    Eigs at center bond b=150: 0.7476 0.2163 0.0223 0.0097 0.0021 0.0013 
    Largest link dim during sweep 81/87 was 250
    Largest truncation error: 7.59274e-13
    Energy after sweep 81/87 is -157.337556153146
    Sweep 81/87 CPU time = 20m, 24s (Wall time = 1m, 21.9s)

    vN Entropy at center bond b=150 = 0.706906412047
    Eigs at center bond b=150: 0.7476 0.2163 0.0223 0.0097 0.0021 0.0013 
    Largest link dim during sweep 82/87 was 250
    Largest truncation error: 7.5937e-13
    Energy after sweep 82/87 is -157.337556153147
    Sweep 82/87 CPU time = 20m, 25s (Wall time = 1m, 22.6s)

    vN Entropy at center bond b=150 = 0.706906638462
    Eigs at center bond b=150: 0.7476 0.2163 0.0223 0.0097 0.0021 0.0013 
    Largest link dim during sweep 83/87 was 234
    Largest truncation error: 7.56274e-13
    Energy after sweep 83/87 is -157.337556152664
    Sweep 83/87 CPU time = 15m, 4s (Wall time = 59.95s)

    vN Entropy at center bond b=150 = 0.706906664207
    Eigs at center bond b=150: 0.7476 0.2163 0.0223 0.0097 0.0021 0.0013 
    Largest link dim during sweep 84/87 was 417
    Largest truncation error: 7.52367e-15
    Energy after sweep 84/87 is -157.337556155375
    Sweep 84/87 CPU time = 41m, 58s (Wall time = 2m, 50.2s)

    vN Entropy at center bond b=150 = 0.706906676587
    Eigs at center bond b=150: 0.7476 0.2163 0.0223 0.0097 0.0021 0.0013 
    Largest link dim during sweep 85/87 was 426
    Largest truncation error: 7.52637e-15
    Energy after sweep 85/87 is -157.337556155393
    Sweep 85/87 CPU time = 1h, 3m, 3s (Wall time = 4m, 7.3s)

    vN Entropy at center bond b=150 = 0.706906678013
    Eigs at center bond b=150: 0.7476 0.2163 0.0223 0.0097 0.0021 0.0013 
    Largest link dim during sweep 86/87 was 426
    Largest truncation error: 7.51445e-15
    Energy after sweep 86/87 is -157.337556155398
    Sweep 86/87 CPU time = 1h, 2m, 10s (Wall time = 4m, 3.8s)

    vN Entropy at center bond b=150 = 0.706906678275
    Eigs at center bond b=150: 0.7476 0.2163 0.0223 0.0097 0.0021 0.0013 
    Largest link dim during sweep 87/87 was 426
    Largest truncation error: 7.51775e-15
    Energy after sweep 87/87 is -157.337556155392
    Sweep 87/87 CPU time = 1h, 5m, 11s (Wall time = 4m, 16.4s)
Initial energy = 15.00000

Ground State Energy = -157.3375561554
run_outputs/outputpsi/N_300_sweep_87_t_0.030000_J_1.000000_V_0.600000_D_0.018000_U_0.900000_mu_0.100000_E_0.001000 converge
Wall-clock time (s) = 12163.767382
