//////////////////////////
Reading input file ......

Got input.N = 303
Got input.t = 0.03
Got input.J = 1
Got input.V = 0.6
Got input.D = 0.018
Got input.U = 1.5
Got input.mu = 0.02
Got input.E = 0
Got input.nsweeps = 87
Sweeps:
1  MaxDim=20, MinDim=20, Cutoff=1.0E-06, Niter=8, Noise=1.0E-05
2  MaxDim=20, MinDim=20, Cutoff=1.0E-06, Niter=8, Noise=1.0E-05
3  MaxDim=20, MinDim=20, Cutoff=1.0E-06, Niter=8, Noise=1.0E-05
4  MaxDim=20, MinDim=20, Cutoff=1.0E-06, Niter=8, Noise=1.0E-05
5  MaxDim=20, MinDim=20, Cutoff=1.0E-06, Niter=8, Noise=1.0E-05
6  MaxDim=20, MinDim=20, Cutoff=1.0E-06, Niter=8, Noise=1.0E-05
7  MaxDim=20, MinDim=20, Cutoff=1.0E-06, Niter=8, Noise=1.0E-05
8  MaxDim=40, MinDim=20, Cutoff=1.0E-06, Niter=4, Noise=1.0E-05
9  MaxDim=40, MinDim=20, Cutoff=1.0E-06, Niter=4, Noise=1.0E-05
10  MaxDim=40, MinDim=20, Cutoff=1.0E-06, Niter=4, Noise=1.0E-05
11  MaxDim=40, MinDim=20, Cutoff=1.0E-06, Niter=4, Noise=1.0E-05
12  MaxDim=40, MinDim=20, Cutoff=1.0E-06, Niter=4, Noise=1.0E-05
13  MaxDim=40, MinDim=20, Cutoff=1.0E-06, Niter=4, Noise=1.0E-05
14  MaxDim=40, MinDim=20, Cutoff=1.0E-06, Niter=4, Noise=1.0E-05
15  MaxDim=80, MinDim=10, Cutoff=1.0E-06, Niter=4, Noise=1.0E-05
16  MaxDim=80, MinDim=10, Cutoff=1.0E-06, Niter=4, Noise=1.0E-05
17  MaxDim=80, MinDim=10, Cutoff=1.0E-06, Niter=4, Noise=1.0E-05
18  MaxDim=80, MinDim=10, Cutoff=1.0E-06, Niter=4, Noise=1.0E-05
19  MaxDim=80, MinDim=10, Cutoff=1.0E-06, Niter=4, Noise=1.0E-05
20  MaxDim=80, MinDim=10, Cutoff=1.0E-06, Niter=4, Noise=1.0E-05
21  MaxDim=80, MinDim=10, Cutoff=1.0E-06, Niter=4, Noise=1.0E-05
22  MaxDim=80, MinDim=10, Cutoff=1.0E-06, Niter=4, Noise=1.0E-05
23  MaxDim=80, MinDim=10, Cutoff=1.0E-06, Niter=4, Noise=1.0E-05
24  MaxDim=80, MinDim=10, Cutoff=1.0E-06, Niter=4, Noise=1.0E-05
25  MaxDim=80, MinDim=10, Cutoff=1.0E-06, Niter=4, Noise=1.0E-05
26  MaxDim=80, MinDim=10, Cutoff=1.0E-06, Niter=4, Noise=1.0E-05
27  MaxDim=80, MinDim=10, Cutoff=1.0E-06, Niter=4, Noise=1.0E-05
28  MaxDim=80, MinDim=10, Cutoff=1.0E-06, Niter=4, Noise=1.0E-05
29  MaxDim=80, MinDim=10, Cutoff=1.0E-06, Niter=4, Noise=1.0E-05
30  MaxDim=80, MinDim=10, Cutoff=1.0E-06, Niter=4, Noise=1.0E-05
31  MaxDim=80, MinDim=10, Cutoff=1.0E-06, Niter=4, Noise=1.0E-05
32  MaxDim=80, MinDim=10, Cutoff=1.0E-06, Niter=4, Noise=1.0E-05
33  MaxDim=80, MinDim=10, Cutoff=1.0E-06, Niter=4, Noise=1.0E-05
34  MaxDim=80, MinDim=10, Cutoff=1.0E-06, Niter=4, Noise=1.0E-05
35  MaxDim=80, MinDim=10, Cutoff=1.0E-06, Niter=4, Noise=1.0E-05
36  MaxDim=80, MinDim=10, Cutoff=1.0E-06, Niter=4, Noise=1.0E-05
37  MaxDim=160, MinDim=10, Cutoff=1.0E-08, Niter=4, Noise=1.0E-06
38  MaxDim=160, MinDim=10, Cutoff=1.0E-08, Niter=4, Noise=1.0E-06
39  MaxDim=160, MinDim=10, Cutoff=1.0E-08, Niter=4, Noise=1.0E-06
40  MaxDim=160, MinDim=10, Cutoff=1.0E-08, Niter=4, Noise=1.0E-06
41  MaxDim=160, MinDim=10, Cutoff=1.0E-08, Niter=4, Noise=1.0E-06
42  MaxDim=160, MinDim=10, Cutoff=1.0E-08, Niter=4, Noise=1.0E-06
43  MaxDim=160, MinDim=10, Cutoff=1.0E-08, Niter=4, Noise=1.0E-06
44  MaxDim=160, MinDim=10, Cutoff=1.0E-08, Niter=4, Noise=1.0E-06
45  MaxDim=160, MinDim=10, Cutoff=1.0E-08, Niter=4, Noise=1.0E-06
46  MaxDim=160, MinDim=10, Cutoff=1.0E-08, Niter=4, Noise=1.0E-06
47  MaxDim=160, MinDim=10, Cutoff=1.0E-08, Niter=4, Noise=1.0E-06
48  MaxDim=160, MinDim=10, Cutoff=1.0E-08, Niter=4, Noise=1.0E-06
49  MaxDim=160, MinDim=10, Cutoff=1.0E-08, Niter=4, Noise=1.0E-06
50  MaxDim=160, MinDim=10, Cutoff=1.0E-08, Niter=4, Noise=1.0E-06
51  MaxDim=160, MinDim=10, Cutoff=1.0E-08, Niter=4, Noise=1.0E-06
52  MaxDim=160, MinDim=10, Cutoff=1.0E-08, Niter=4, Noise=1.0E-06
53  MaxDim=160, MinDim=10, Cutoff=1.0E-08, Niter=4, Noise=1.0E-06
54  MaxDim=160, MinDim=10, Cutoff=1.0E-08, Niter=4, Noise=1.0E-06
55  MaxDim=160, MinDim=10, Cutoff=1.0E-08, Niter=4, Noise=1.0E-06
56  MaxDim=160, MinDim=10, Cutoff=1.0E-08, Niter=4, Noise=1.0E-06
57  MaxDim=160, MinDim=10, Cutoff=1.0E-08, Niter=4, Noise=1.0E-06
58  MaxDim=160, MinDim=10, Cutoff=1.0E-08, Niter=4, Noise=1.0E-06
59  MaxDim=320, MinDim=10, Cutoff=1.0E-10, Niter=4, Noise=1.0E-07
60  MaxDim=320, MinDim=10, Cutoff=1.0E-10, Niter=4, Noise=1.0E-07
61  MaxDim=320, MinDim=10, Cutoff=1.0E-10, Niter=4, Noise=1.0E-07
62  MaxDim=320, MinDim=10, Cutoff=1.0E-10, Niter=4, Noise=1.0E-07
63  MaxDim=320, MinDim=10, Cutoff=1.0E-10, Niter=4, Noise=1.0E-07
64  MaxDim=320, MinDim=10, Cutoff=1.0E-10, Niter=4, Noise=1.0E-07
65  MaxDim=320, MinDim=10, Cutoff=1.0E-10, Niter=4, Noise=1.0E-07
66  MaxDim=320, MinDim=10, Cutoff=1.0E-10, Niter=4, Noise=1.0E-07
67  MaxDim=320, MinDim=10, Cutoff=1.0E-10, Niter=4, Noise=1.0E-07
68  MaxDim=320, MinDim=10, Cutoff=1.0E-10, Niter=4, Noise=1.0E-07
69  MaxDim=320, MinDim=10, Cutoff=1.0E-10, Niter=4, Noise=1.0E-07
70  MaxDim=320, MinDim=10, Cutoff=1.0E-10, Niter=4, Noise=1.0E-07
71  MaxDim=320, MinDim=10, Cutoff=1.0E-10, Niter=4, Noise=1.0E-07
72  MaxDim=320, MinDim=10, Cutoff=1.0E-10, Niter=4, Noise=1.0E-07
73  MaxDim=320, MinDim=10, Cutoff=1.0E-10, Niter=4, Noise=1.0E-07
74  MaxDim=320, MinDim=10, Cutoff=1.0E-10, Niter=4, Noise=1.0E-07
75  MaxDim=640, MinDim=10, Cutoff=1.0E-12, Niter=2, Noise=1.0E-08
76  MaxDim=640, MinDim=10, Cutoff=1.0E-12, Niter=2, Noise=1.0E-08
77  MaxDim=640, MinDim=10, Cutoff=1.0E-12, Niter=2, Noise=1.0E-08
78  MaxDim=640, MinDim=10, Cutoff=1.0E-12, Niter=2, Noise=1.0E-08
79  MaxDim=640, MinDim=10, Cutoff=1.0E-12, Niter=2, Noise=1.0E-08
80  MaxDim=640, MinDim=10, Cutoff=1.0E-12, Niter=2, Noise=1.0E-08
81  MaxDim=640, MinDim=10, Cutoff=1.0E-12, Niter=2, Noise=1.0E-08
82  MaxDim=640, MinDim=10, Cutoff=1.0E-12, Niter=2, Noise=1.0E-08
83  MaxDim=1280, MinDim=10, Cutoff=1.0E-12, Niter=2, Noise=0.0E+00
84  MaxDim=1280, MinDim=10, Cutoff=1.0E-14, Niter=2, Noise=0.0E+00
85  MaxDim=1280, MinDim=10, Cutoff=1.0E-14, Niter=2, Noise=0.0E+00
86  MaxDim=1280, MinDim=10, Cutoff=1.0E-14, Niter=2, Noise=0.0E+00
87  MaxDim=1280, MinDim=10, Cutoff=1.0E-14, Niter=2, Noise=0.0E+00


    vN Entropy at center bond b=151 = 0.659950036830
    Eigs at center bond b=151: 0.7851 0.1769 0.0266 0.0050 0.0038 0.0013 
    Largest link dim during sweep 1/87 was 20
    Largest truncation error: 8.88767e-06
    Energy after sweep 1/87 is -150.188060905205
    Sweep 1/87 CPU time = 25.33s (Wall time = 1.695s)

    vN Entropy at center bond b=151 = 0.804845310588
    Eigs at center bond b=151: 0.7310 0.2042 0.0431 0.0096 0.0059 0.0026 0.0014 0.0010 
    Largest link dim during sweep 2/87 was 20
    Largest truncation error: 1.05554e-05
    Energy after sweep 2/87 is -150.235095138300
    Sweep 2/87 CPU time = 37.29s (Wall time = 2.496s)

    vN Entropy at center bond b=151 = 0.821273515727
    Eigs at center bond b=151: 0.7254 0.2064 0.0450 0.0103 0.0064 0.0028 0.0016 0.0011 
    Largest link dim during sweep 3/87 was 20
    Largest truncation error: 1.28462e-05
    Energy after sweep 3/87 is -150.236341178107
    Sweep 3/87 CPU time = 33.37s (Wall time = 2.148s)

    vN Entropy at center bond b=151 = 0.824170530608
    Eigs at center bond b=151: 0.7244 0.2068 0.0453 0.0104 0.0064 0.0028 0.0016 0.0011 
    Largest link dim during sweep 4/87 was 20
    Largest truncation error: 1.34085e-05
    Energy after sweep 4/87 is -150.236455818033
    Sweep 4/87 CPU time = 32.73s (Wall time = 2.102s)

    vN Entropy at center bond b=151 = 0.824796310810
    Eigs at center bond b=151: 0.7242 0.2068 0.0454 0.0105 0.0064 0.0028 0.0016 0.0011 
    Largest link dim during sweep 5/87 was 20
    Largest truncation error: 1.3681e-05
    Energy after sweep 5/87 is -150.236496301368
    Sweep 5/87 CPU time = 32.11s (Wall time = 2.070s)

    vN Entropy at center bond b=151 = 0.824953778468
    Eigs at center bond b=151: 0.7241 0.2069 0.0454 0.0105 0.0064 0.0028 0.0016 0.0012 
    Largest link dim during sweep 6/87 was 20
    Largest truncation error: 1.37804e-05
    Energy after sweep 6/87 is -150.236515825449
    Sweep 6/87 CPU time = 33.67s (Wall time = 2.163s)

    vN Entropy at center bond b=151 = 0.825000982128
    Eigs at center bond b=151: 0.7241 0.2069 0.0454 0.0105 0.0064 0.0028 0.0016 0.0012 
    Largest link dim during sweep 7/87 was 20
    Largest truncation error: 1.38233e-05
    Energy after sweep 7/87 is -150.236526131045
    Sweep 7/87 CPU time = 33.79s (Wall time = 2.169s)

    vN Entropy at center bond b=151 = 0.874148240642
    Eigs at center bond b=151: 0.7085 0.2115 0.0509 0.0125 0.0080 0.0031 0.0021 0.0016 
    Largest link dim during sweep 8/87 was 40
    Largest truncation error: 7.70764e-07
    Energy after sweep 8/87 is -150.262784414233
    Sweep 8/87 CPU time = 38.50s (Wall time = 2.475s)

    vN Entropy at center bond b=151 = 0.935118975043
    Eigs at center bond b=151: 0.6888 0.2174 0.0569 0.0151 0.0105 0.0036 0.0029 0.0021 
    Largest link dim during sweep 9/87 was 40
    Largest truncation error: 1.54622e-06
    Energy after sweep 9/87 is -150.265883241769
    Sweep 9/87 CPU time = 1m, 2.5s (Wall time = 4.080s)

    vN Entropy at center bond b=151 = 0.958486310364
    Eigs at center bond b=151: 0.6813 0.2197 0.0587 0.0160 0.0118 0.0039 0.0031 0.0023 
    Largest link dim during sweep 10/87 was 40
    Largest truncation error: 1.85353e-06
    Energy after sweep 10/87 is -150.266114365994
    Sweep 10/87 CPU time = 57.83s (Wall time = 3.716s)

    vN Entropy at center bond b=151 = 0.964689892113
    Eigs at center bond b=151: 0.6792 0.2205 0.0589 0.0162 0.0123 0.0041 0.0032 0.0023 
    Largest link dim during sweep 11/87 was 40
    Largest truncation error: 1.91025e-06
    Energy after sweep 11/87 is -150.266136729814
    Sweep 11/87 CPU time = 57.96s (Wall time = 3.725s)

    vN Entropy at center bond b=151 = 0.966451263100
    Eigs at center bond b=151: 0.6786 0.2209 0.0588 0.0162 0.0125 0.0041 0.0032 0.0023 
    Largest link dim during sweep 12/87 was 40
    Largest truncation error: 1.92769e-06
    Energy after sweep 12/87 is -150.266140220243
    Sweep 12/87 CPU time = 58.49s (Wall time = 3.757s)

    vN Entropy at center bond b=151 = 0.967027766767
    Eigs at center bond b=151: 0.6784 0.2211 0.0587 0.0162 0.0126 0.0042 0.0032 0.0023 
    Largest link dim during sweep 13/87 was 40
    Largest truncation error: 1.93385e-06
    Energy after sweep 13/87 is -150.266140858477
    Sweep 13/87 CPU time = 58.30s (Wall time = 3.789s)

    vN Entropy at center bond b=151 = 0.967248585555
    Eigs at center bond b=151: 0.6783 0.2211 0.0587 0.0162 0.0126 0.0042 0.0032 0.0023 
    Largest link dim during sweep 14/87 was 40
    Largest truncation error: 1.93622e-06
    Energy after sweep 14/87 is -150.266140937573
    Sweep 14/87 CPU time = 58.60s (Wall time = 3.776s)

    vN Entropy at center bond b=151 = 0.982756179880
    Eigs at center bond b=151: 0.6734 0.2226 0.0597 0.0167 0.0136 0.0045 0.0033 0.0024 0.0011 
    Largest link dim during sweep 15/87 was 52
    Largest truncation error: 7.77297e-07
    Energy after sweep 15/87 is -150.268311035399
    Sweep 15/87 CPU time = 1m, 18.2s (Wall time = 5.036s)

    vN Entropy at center bond b=151 = 1.003905133568
    Eigs at center bond b=151: 0.6668 0.2246 0.0608 0.0175 0.0150 0.0051 0.0034 0.0026 0.0012 
    Largest link dim during sweep 16/87 was 55
    Largest truncation error: 7.80965e-07
    Energy after sweep 16/87 is -150.268770808664
    Sweep 16/87 CPU time = 1m, 34.3s (Wall time = 6.079s)

    vN Entropy at center bond b=151 = 1.016653216991
    Eigs at center bond b=151: 0.6627 0.2261 0.0611 0.0180 0.0160 0.0055 0.0034 0.0027 0.0013 
    Largest link dim during sweep 17/87 was 56
    Largest truncation error: 7.84542e-07
    Energy after sweep 17/87 is -150.268969720038
    Sweep 17/87 CPU time = 1m, 39.4s (Wall time = 6.396s)

    vN Entropy at center bond b=151 = 1.024253325964
    Eigs at center bond b=151: 0.6603 0.2271 0.0610 0.0183 0.0166 0.0059 0.0035 0.0027 0.0014 
    Largest link dim during sweep 18/87 was 57
    Largest truncation error: 7.86868e-07
    Energy after sweep 18/87 is -150.269073885841
    Sweep 18/87 CPU time = 1m, 40.8s (Wall time = 6.480s)

    vN Entropy at center bond b=151 = 1.028537340675
    Eigs at center bond b=151: 0.6588 0.2278 0.0608 0.0185 0.0169 0.0061 0.0035 0.0027 0.0015 
    Largest link dim during sweep 19/87 was 58
    Largest truncation error: 7.88374e-07
    Energy after sweep 19/87 is -150.269123094478
    Sweep 19/87 CPU time = 1m, 44.9s (Wall time = 6.784s)

    vN Entropy at center bond b=151 = 1.031561762167
    Eigs at center bond b=151: 0.6578 0.2284 0.0606 0.0188 0.0170 0.0062 0.0035 0.0027 0.0015 
    Largest link dim during sweep 20/87 was 58
    Largest truncation error: 7.91782e-07
    Energy after sweep 20/87 is -150.269161702621
    Sweep 20/87 CPU time = 1m, 42.9s (Wall time = 6.706s)

    vN Entropy at center bond b=151 = 1.033658276153
    Eigs at center bond b=151: 0.6571 0.2288 0.0605 0.0190 0.0171 0.0064 0.0035 0.0027 0.0015 
    Largest link dim during sweep 21/87 was 58
    Largest truncation error: 7.95476e-07
    Energy after sweep 21/87 is -150.269190054229
    Sweep 21/87 CPU time = 1m, 44.4s (Wall time = 6.816s)

    vN Entropy at center bond b=151 = 1.035007159136
    Eigs at center bond b=151: 0.6566 0.2291 0.0604 0.0191 0.0172 0.0064 0.0035 0.0027 0.0016 
    Largest link dim during sweep 22/87 was 58
    Largest truncation error: 7.97021e-07
    Energy after sweep 22/87 is -150.269204430350
    Sweep 22/87 CPU time = 1m, 45.0s (Wall time = 6.758s)

    vN Entropy at center bond b=151 = 1.035816901703
    Eigs at center bond b=151: 0.6563 0.2292 0.0603 0.0192 0.0172 0.0065 0.0035 0.0027 0.0016 
    Largest link dim during sweep 23/87 was 58
    Largest truncation error: 7.97533e-07
    Energy after sweep 23/87 is -150.269208019626
    Sweep 23/87 CPU time = 1m, 37.7s (Wall time = 6.285s)

    vN Entropy at center bond b=151 = 1.036306850442
    Eigs at center bond b=151: 0.6561 0.2294 0.0602 0.0193 0.0172 0.0065 0.0035 0.0027 0.0016 
    Largest link dim during sweep 24/87 was 58
    Largest truncation error: 7.9779e-07
    Energy after sweep 24/87 is -150.269212458305
    Sweep 24/87 CPU time = 1m, 38.5s (Wall time = 6.332s)

    vN Entropy at center bond b=151 = 1.036633453148
    Eigs at center bond b=151: 0.6560 0.2294 0.0602 0.0193 0.0172 0.0065 0.0035 0.0027 0.0016 
    Largest link dim during sweep 25/87 was 58
    Largest truncation error: 7.97955e-07
    Energy after sweep 25/87 is -150.269214192030
    Sweep 25/87 CPU time = 1m, 42.7s (Wall time = 6.602s)

    vN Entropy at center bond b=151 = 1.036904571115
    Eigs at center bond b=151: 0.6559 0.2295 0.0602 0.0193 0.0172 0.0066 0.0035 0.0027 0.0016 
    Largest link dim during sweep 26/87 was 58
    Largest truncation error: 7.98079e-07
    Energy after sweep 26/87 is -150.269216621590
    Sweep 26/87 CPU time = 1m, 38.4s (Wall time = 6.330s)

    vN Entropy at center bond b=151 = 1.037135557575
    Eigs at center bond b=151: 0.6558 0.2296 0.0601 0.0194 0.0172 0.0066 0.0035 0.0027 0.0016 
    Largest link dim during sweep 27/87 was 58
    Largest truncation error: 7.98177e-07
    Energy after sweep 27/87 is -150.269218456072
    Sweep 27/87 CPU time = 1m, 46.7s (Wall time = 6.865s)

    vN Entropy at center bond b=151 = 1.037313064615
    Eigs at center bond b=151: 0.6558 0.2296 0.0601 0.0194 0.0173 0.0066 0.0035 0.0027 0.0016 
    Largest link dim during sweep 28/87 was 58
    Largest truncation error: 7.98245e-07
    Energy after sweep 28/87 is -150.269220562075
    Sweep 28/87 CPU time = 1m, 44.4s (Wall time = 6.719s)

    vN Entropy at center bond b=151 = 1.037414159996
    Eigs at center bond b=151: 0.6557 0.2296 0.0601 0.0194 0.0173 0.0066 0.0035 0.0027 0.0016 
    Largest link dim during sweep 29/87 was 58
    Largest truncation error: 7.98291e-07
    Energy after sweep 29/87 is -150.269221704950
    Sweep 29/87 CPU time = 1m, 48.8s (Wall time = 7.001s)

    vN Entropy at center bond b=151 = 1.037475893674
    Eigs at center bond b=151: 0.6557 0.2296 0.0601 0.0194 0.0173 0.0066 0.0035 0.0027 0.0016 
    Largest link dim during sweep 30/87 was 58
    Largest truncation error: 7.98321e-07
    Energy after sweep 30/87 is -150.269221787701
    Sweep 30/87 CPU time = 1m, 47.1s (Wall time = 6.891s)

    vN Entropy at center bond b=151 = 1.037513320705
    Eigs at center bond b=151: 0.6557 0.2296 0.0601 0.0194 0.0173 0.0066 0.0035 0.0027 0.0016 
    Largest link dim during sweep 31/87 was 58
    Largest truncation error: 7.98484e-07
    Energy after sweep 31/87 is -150.269221973367
    Sweep 31/87 CPU time = 1m, 43.8s (Wall time = 6.679s)

    vN Entropy at center bond b=151 = 1.037538406211
    Eigs at center bond b=151: 0.6557 0.2297 0.0601 0.0194 0.0173 0.0066 0.0035 0.0027 0.0016 
    Largest link dim during sweep 32/87 was 58
    Largest truncation error: 7.98479e-07
    Energy after sweep 32/87 is -150.269223138500
    Sweep 32/87 CPU time = 1m, 44.6s (Wall time = 6.729s)

    vN Entropy at center bond b=151 = 1.037565059579
    Eigs at center bond b=151: 0.6557 0.2297 0.0601 0.0194 0.0173 0.0066 0.0035 0.0027 0.0016 
    Largest link dim during sweep 33/87 was 58
    Largest truncation error: 7.98463e-07
    Energy after sweep 33/87 is -150.269223190011
    Sweep 33/87 CPU time = 1m, 46.0s (Wall time = 6.824s)

    vN Entropy at center bond b=151 = 1.037581027323
    Eigs at center bond b=151: 0.6557 0.2297 0.0601 0.0194 0.0173 0.0066 0.0035 0.0027 0.0016 
    Largest link dim during sweep 34/87 was 58
    Largest truncation error: 7.98459e-07
    Energy after sweep 34/87 is -150.269223216373
    Sweep 34/87 CPU time = 1m, 48.4s (Wall time = 6.978s)

    vN Entropy at center bond b=151 = 1.037591277483
    Eigs at center bond b=151: 0.6557 0.2297 0.0601 0.0194 0.0173 0.0066 0.0035 0.0027 0.0016 
    Largest link dim during sweep 35/87 was 58
    Largest truncation error: 7.98466e-07
    Energy after sweep 35/87 is -150.269223249092
    Sweep 35/87 CPU time = 1m, 48.3s (Wall time = 6.966s)

    vN Entropy at center bond b=151 = 1.037598441930
    Eigs at center bond b=151: 0.6556 0.2297 0.0601 0.0194 0.0173 0.0066 0.0035 0.0027 0.0016 
    Largest link dim during sweep 36/87 was 58
    Largest truncation error: 7.98468e-07
    Energy after sweep 36/87 is -150.269223266136
    Sweep 36/87 CPU time = 1m, 44.4s (Wall time = 6.710s)

    vN Entropy at center bond b=151 = 1.103436322781
    Eigs at center bond b=151: 0.6349 0.2361 0.0612 0.0254 0.0191 0.0094 0.0036 0.0031 0.0023 0.0011 
    Largest link dim during sweep 37/87 was 142
    Largest truncation error: 8.28618e-09
    Energy after sweep 37/87 is -150.271781766417
    Sweep 37/87 CPU time = 7m, 19.0s (Wall time = 28.84s)

    vN Entropy at center bond b=151 = 1.235571547403
    Eigs at center bond b=151: 0.5806 0.2631 0.0550 0.0421 0.0229 0.0176 0.0044 0.0037 0.0028 0.0017 
    Largest link dim during sweep 38/87 was 160
    Largest truncation error: 1.7154e-08
    Energy after sweep 38/87 is -150.272340827927
    Sweep 38/87 CPU time = 16m, 31s (Wall time = 1m, 8.7s)

    vN Entropy at center bond b=151 = 1.339098090933
    Eigs at center bond b=151: 0.5104 0.3116 0.0574 0.0413 0.0360 0.0220 0.0051 0.0036 0.0031 0.0026 
    Largest link dim during sweep 39/87 was 160
    Largest truncation error: 2.38496e-08
    Energy after sweep 39/87 is -150.272548756891
    Sweep 39/87 CPU time = 16m, 16s (Wall time = 1m, 6.4s)

    vN Entropy at center bond b=151 = 1.356047388369
    Eigs at center bond b=151: 0.4933 0.3253 0.0575 0.0408 0.0382 0.0231 0.0051 0.0035 0.0034 0.0027 
    Largest link dim during sweep 40/87 was 160
    Largest truncation error: 2.63769e-08
    Energy after sweep 40/87 is -150.272572914448
    Sweep 40/87 CPU time = 16m, 7s (Wall time = 1m, 6.1s)

    vN Entropy at center bond b=151 = 1.357710212291
    Eigs at center bond b=151: 0.4915 0.3268 0.0574 0.0410 0.0383 0.0232 0.0051 0.0035 0.0034 0.0027 
    Largest link dim during sweep 41/87 was 160
    Largest truncation error: 2.60639e-08
    Energy after sweep 41/87 is -150.272575851437
    Sweep 41/87 CPU time = 15m, 34s (Wall time = 1m, 3.4s)

    vN Entropy at center bond b=151 = 1.357976310503
    Eigs at center bond b=151: 0.4912 0.3270 0.0574 0.0410 0.0383 0.0232 0.0051 0.0035 0.0034 0.0027 
    Largest link dim during sweep 42/87 was 160
    Largest truncation error: 2.58914e-08
    Energy after sweep 42/87 is -150.272576416518
    Sweep 42/87 CPU time = 15m, 32s (Wall time = 1m, 3.9s)

    vN Entropy at center bond b=151 = 1.358039677573
    Eigs at center bond b=151: 0.4911 0.3271 0.0574 0.0410 0.0383 0.0232 0.0051 0.0035 0.0034 0.0027 
    Largest link dim during sweep 43/87 was 160
    Largest truncation error: 2.58342e-08
    Energy after sweep 43/87 is -150.272576568420
    Sweep 43/87 CPU time = 15m, 29s (Wall time = 1m, 3.1s)

    vN Entropy at center bond b=151 = 1.358057671236
    Eigs at center bond b=151: 0.4911 0.3271 0.0574 0.0410 0.0383 0.0232 0.0051 0.0035 0.0034 0.0027 
    Largest link dim during sweep 44/87 was 160
    Largest truncation error: 2.58158e-08
    Energy after sweep 44/87 is -150.272576609622
    Sweep 44/87 CPU time = 15m, 25s (Wall time = 1m, 4.3s)

    vN Entropy at center bond b=151 = 1.358063079784
    Eigs at center bond b=151: 0.4911 0.3271 0.0574 0.0410 0.0383 0.0232 0.0051 0.0035 0.0034 0.0027 
    Largest link dim during sweep 45/87 was 160
    Largest truncation error: 2.58095e-08
    Energy after sweep 45/87 is -150.272576610955
    Sweep 45/87 CPU time = 15m, 23s (Wall time = 1m, 4.0s)

    vN Entropy at center bond b=151 = 1.358064767964
    Eigs at center bond b=151: 0.4911 0.3271 0.0574 0.0410 0.0383 0.0232 0.0051 0.0035 0.0034 0.0027 
    Largest link dim during sweep 46/87 was 160
    Largest truncation error: 2.58069e-08
    Energy after sweep 46/87 is -150.272576616126
    Sweep 46/87 CPU time = 15m, 58s (Wall time = 1m, 7.4s)

    vN Entropy at center bond b=151 = 1.358065307342
    Eigs at center bond b=151: 0.4911 0.3271 0.0574 0.0410 0.0383 0.0232 0.0051 0.0035 0.0034 0.0027 
    Largest link dim during sweep 47/87 was 160
    Largest truncation error: 2.58053e-08
    Energy after sweep 47/87 is -150.272576617978
    Sweep 47/87 CPU time = 15m, 55s (Wall time = 1m, 6.3s)

    vN Entropy at center bond b=151 = 1.358065483083
    Eigs at center bond b=151: 0.4911 0.3271 0.0574 0.0410 0.0383 0.0232 0.0051 0.0035 0.0034 0.0027 
    Largest link dim during sweep 48/87 was 160
    Largest truncation error: 2.5804e-08
    Energy after sweep 48/87 is -150.272576618741
    Sweep 48/87 CPU time = 15m, 41s (Wall time = 1m, 5.1s)

    vN Entropy at center bond b=151 = 1.358065539041
    Eigs at center bond b=151: 0.4911 0.3271 0.0574 0.0410 0.0383 0.0232 0.0051 0.0035 0.0034 0.0027 
    Largest link dim during sweep 49/87 was 160
    Largest truncation error: 2.58028e-08
    Energy after sweep 49/87 is -150.272576619144
    Sweep 49/87 CPU time = 15m, 38s (Wall time = 1m, 4.5s)

    vN Entropy at center bond b=151 = 1.358065553606
    Eigs at center bond b=151: 0.4911 0.3271 0.0574 0.0410 0.0383 0.0232 0.0051 0.0035 0.0034 0.0027 
    Largest link dim during sweep 50/87 was 160
    Largest truncation error: 2.58016e-08
    Energy after sweep 50/87 is -150.272576619426
    Sweep 50/87 CPU time = 15m, 40s (Wall time = 1m, 4.5s)

    vN Entropy at center bond b=151 = 1.358065553881
    Eigs at center bond b=151: 0.4911 0.3271 0.0574 0.0410 0.0383 0.0232 0.0051 0.0035 0.0034 0.0027 
    Largest link dim during sweep 51/87 was 160
    Largest truncation error: 2.58003e-08
    Energy after sweep 51/87 is -150.272576619676
    Sweep 51/87 CPU time = 15m, 24s (Wall time = 1m, 2.8s)

    vN Entropy at center bond b=151 = 1.358065549744
    Eigs at center bond b=151: 0.4911 0.3271 0.0574 0.0410 0.0383 0.0232 0.0051 0.0035 0.0034 0.0027 
    Largest link dim during sweep 52/87 was 160
    Largest truncation error: 2.57991e-08
    Energy after sweep 52/87 is -150.272576619896
    Sweep 52/87 CPU time = 15m, 55s (Wall time = 1m, 6.2s)

    vN Entropy at center bond b=151 = 1.358065544416
    Eigs at center bond b=151: 0.4911 0.3271 0.0574 0.0410 0.0383 0.0232 0.0051 0.0035 0.0034 0.0027 
    Largest link dim during sweep 53/87 was 160
    Largest truncation error: 2.57978e-08
    Energy after sweep 53/87 is -150.272576620095
    Sweep 53/87 CPU time = 15m, 45s (Wall time = 1m, 4.7s)

    vN Entropy at center bond b=151 = 1.358065538646
    Eigs at center bond b=151: 0.4911 0.3271 0.0574 0.0410 0.0383 0.0232 0.0051 0.0035 0.0034 0.0027 
    Largest link dim during sweep 54/87 was 160
    Largest truncation error: 2.57965e-08
    Energy after sweep 54/87 is -150.272576620275
    Sweep 54/87 CPU time = 16m, 4s (Wall time = 1m, 7.7s)

    vN Entropy at center bond b=151 = 1.358065542239
    Eigs at center bond b=151: 0.4911 0.3271 0.0574 0.0410 0.0383 0.0232 0.0051 0.0035 0.0034 0.0027 
    Largest link dim during sweep 55/87 was 160
    Largest truncation error: 2.57951e-08
    Energy after sweep 55/87 is -150.272576620377
    Sweep 55/87 CPU time = 14m, 39s (Wall time = 1m, 0.3s)

    vN Entropy at center bond b=151 = 1.358065539421
    Eigs at center bond b=151: 0.4911 0.3271 0.0574 0.0410 0.0383 0.0232 0.0051 0.0035 0.0034 0.0027 
    Largest link dim during sweep 56/87 was 160
    Largest truncation error: 2.57936e-08
    Energy after sweep 56/87 is -150.272576620520
    Sweep 56/87 CPU time = 15m, 4s (Wall time = 1m, 1.4s)

    vN Entropy at center bond b=151 = 1.358065536456
    Eigs at center bond b=151: 0.4911 0.3271 0.0574 0.0410 0.0383 0.0232 0.0051 0.0035 0.0034 0.0027 
    Largest link dim during sweep 57/87 was 160
    Largest truncation error: 2.57921e-08
    Energy after sweep 57/87 is -150.272576620659
    Sweep 57/87 CPU time = 16m, 11s (Wall time = 1m, 7.2s)

    vN Entropy at center bond b=151 = 1.358065534163
    Eigs at center bond b=151: 0.4911 0.3271 0.0574 0.0410 0.0383 0.0232 0.0051 0.0035 0.0034 0.0027 
    Largest link dim during sweep 58/87 was 160
    Largest truncation error: 2.57905e-08
    Energy after sweep 58/87 is -150.272576620778
    Sweep 58/87 CPU time = 16m, 24s (Wall time = 1m, 7.2s)

    vN Entropy at center bond b=151 = 1.360209849695
    Eigs at center bond b=151: 0.4907 0.3270 0.0575 0.0411 0.0383 0.0233 0.0051 0.0035 0.0034 0.0027 
    Largest link dim during sweep 59/87 was 320
    Largest truncation error: 4.38324e-10
    Energy after sweep 59/87 is -150.272625367999
    Sweep 59/87 CPU time = 53m, 2s (Wall time = 3m, 34.9s)

    vN Entropy at center bond b=151 = 1.360701154825
    Eigs at center bond b=151: 0.4906 0.3269 0.0576 0.0411 0.0383 0.0233 0.0051 0.0035 0.0034 0.0028 
    Largest link dim during sweep 60/87 was 320
    Largest truncation error: 7.4899e-10
    Energy after sweep 60/87 is -150.272625650509
    Sweep 60/87 CPU time = 1h, 6m, 15s (Wall time = 4m, 28.8s)

    vN Entropy at center bond b=151 = 1.360720372094
    Eigs at center bond b=151: 0.4906 0.3269 0.0576 0.0411 0.0383 0.0233 0.0051 0.0035 0.0034 0.0028 
    Largest link dim during sweep 61/87 was 320
    Largest truncation error: 7.77434e-10
    Energy after sweep 61/87 is -150.272625652556
    Sweep 61/87 CPU time = 1h, 5m, 29s (Wall time = 4m, 23.2s)

    vN Entropy at center bond b=151 = 1.360722177011
    Eigs at center bond b=151: 0.4906 0.3269 0.0576 0.0411 0.0383 0.0233 0.0051 0.0035 0.0034 0.0028 
    Largest link dim during sweep 62/87 was 320
    Largest truncation error: 7.82379e-10
    Energy after sweep 62/87 is -150.272625652055
    Sweep 62/87 CPU time = 1h, 5m, 37s (Wall time = 4m, 24.5s)

    vN Entropy at center bond b=151 = 1.360722458726
    Eigs at center bond b=151: 0.4906 0.3269 0.0576 0.0411 0.0383 0.0233 0.0051 0.0035 0.0034 0.0028 
    Largest link dim during sweep 63/87 was 320
    Largest truncation error: 7.83405e-10
    Energy after sweep 63/87 is -150.272625651927
    Sweep 63/87 CPU time = 1h, 4m, 15s (Wall time = 4m, 19.6s)

    vN Entropy at center bond b=151 = 1.360722520715
    Eigs at center bond b=151: 0.4906 0.3269 0.0576 0.0411 0.0383 0.0233 0.0051 0.0035 0.0034 0.0028 
    Largest link dim during sweep 64/87 was 320
    Largest truncation error: 7.83623e-10
    Energy after sweep 64/87 is -150.272625651855
    Sweep 64/87 CPU time = 1h, 4m, 58s (Wall time = 4m, 21.1s)

    vN Entropy at center bond b=151 = 1.360722535093
    Eigs at center bond b=151: 0.4906 0.3269 0.0576 0.0411 0.0383 0.0233 0.0051 0.0035 0.0034 0.0028 
    Largest link dim during sweep 65/87 was 320
    Largest truncation error: 7.83661e-10
    Energy after sweep 65/87 is -150.272625651838
    Sweep 65/87 CPU time = 1h, 4m, 48s (Wall time = 4m, 22.5s)

    vN Entropy at center bond b=151 = 1.360722539860
    Eigs at center bond b=151: 0.4906 0.3269 0.0576 0.0411 0.0383 0.0233 0.0051 0.0035 0.0034 0.0028 
    Largest link dim during sweep 66/87 was 320
    Largest truncation error: 7.83664e-10
    Energy after sweep 66/87 is -150.272625651828
    Sweep 66/87 CPU time = 1h, 6m, 52s (Wall time = 4m, 30.6s)

    vN Entropy at center bond b=151 = 1.360722541274
    Eigs at center bond b=151: 0.4906 0.3269 0.0576 0.0411 0.0383 0.0233 0.0051 0.0035 0.0034 0.0028 
    Largest link dim during sweep 67/87 was 320
    Largest truncation error: 7.83658e-10
    Energy after sweep 67/87 is -150.272625651814
    Sweep 67/87 CPU time = 1h, 6m, 57s (Wall time = 4m, 30.2s)

    vN Entropy at center bond b=151 = 1.360722541781
    Eigs at center bond b=151: 0.4906 0.3269 0.0576 0.0411 0.0383 0.0233 0.0051 0.0035 0.0034 0.0028 
    Largest link dim during sweep 68/87 was 320
    Largest truncation error: 7.83644e-10
    Energy after sweep 68/87 is -150.272625651794
    Sweep 68/87 CPU time = 1h, 6m, 9s (Wall time = 4m, 27.4s)

    vN Entropy at center bond b=151 = 1.360722542166
    Eigs at center bond b=151: 0.4906 0.3269 0.0576 0.0411 0.0383 0.0233 0.0051 0.0035 0.0034 0.0028 
    Largest link dim during sweep 69/87 was 320
    Largest truncation error: 7.83629e-10
    Energy after sweep 69/87 is -150.272625651783
    Sweep 69/87 CPU time = 1h, 6m, 52s (Wall time = 4m, 29.2s)

    vN Entropy at center bond b=151 = 1.360722542546
    Eigs at center bond b=151: 0.4906 0.3269 0.0576 0.0411 0.0383 0.0233 0.0051 0.0035 0.0034 0.0028 
    Largest link dim during sweep 70/87 was 320
    Largest truncation error: 7.83614e-10
    Energy after sweep 70/87 is -150.272625651777
    Sweep 70/87 CPU time = 1h, 6m, 24s (Wall time = 4m, 26.0s)

    vN Entropy at center bond b=151 = 1.360722542891
    Eigs at center bond b=151: 0.4906 0.3269 0.0576 0.0411 0.0383 0.0233 0.0051 0.0035 0.0034 0.0028 
    Largest link dim during sweep 71/87 was 320
    Largest truncation error: 7.836e-10
    Energy after sweep 71/87 is -150.272625651776
    Sweep 71/87 CPU time = 1h, 6m, 23s (Wall time = 4m, 25.1s)

    vN Entropy at center bond b=151 = 1.360722543208
    Eigs at center bond b=151: 0.4906 0.3269 0.0576 0.0411 0.0383 0.0233 0.0051 0.0035 0.0034 0.0028 
    Largest link dim during sweep 72/87 was 320
    Largest truncation error: 7.83589e-10
    Energy after sweep 72/87 is -150.272625651779
    Sweep 72/87 CPU time = 1h, 5m, 4s (Wall time = 4m, 18.7s)

    vN Entropy at center bond b=151 = 1.360722543534
    Eigs at center bond b=151: 0.4906 0.3269 0.0576 0.0411 0.0383 0.0233 0.0051 0.0035 0.0034 0.0028 
    Largest link dim during sweep 73/87 was 320
    Largest truncation error: 7.8358e-10
    Energy after sweep 73/87 is -150.272625651785
    Sweep 73/87 CPU time = 1h, 6m, 33s (Wall time = 4m, 26.1s)

    vN Entropy at center bond b=151 = 1.360722543842
    Eigs at center bond b=151: 0.4906 0.3269 0.0576 0.0411 0.0383 0.0233 0.0051 0.0035 0.0034 0.0028 
    Largest link dim during sweep 74/87 was 320
    Largest truncation error: 7.83574e-10
    Energy after sweep 74/87 is -150.272625651784
    Sweep 74/87 CPU time = 1h, 8m, 60s (Wall time = 4m, 37.4s)

    vN Entropy at center bond b=151 = 1.360805884177
    Eigs at center bond b=151: 0.4906 0.3269 0.0576 0.0411 0.0383 0.0233 0.0051 0.0035 0.0034 0.0028 
    Largest link dim during sweep 75/87 was 640
    Largest truncation error: 9.57881e-12
    Energy after sweep 75/87 is -150.272626947444
    Sweep 75/87 CPU time = 2h, 52m, 7s (Wall time = 11m, 30s)

    vN Entropy at center bond b=151 = 1.360830889939
    Eigs at center bond b=151: 0.4906 0.3269 0.0576 0.0411 0.0384 0.0233 0.0051 0.0035 0.0034 0.0028 
    Largest link dim during sweep 76/87 was 640
    Largest truncation error: 1.32431e-11
    Energy after sweep 76/87 is -150.272626956142
    Sweep 76/87 CPU time = 3h, 5m, 16s (Wall time = 12m, 20s)

    vN Entropy at center bond b=151 = 1.360832349763
    Eigs at center bond b=151: 0.4906 0.3269 0.0576 0.0411 0.0384 0.0233 0.0051 0.0035 0.0034 0.0028 
    Largest link dim during sweep 77/87 was 640
    Largest truncation error: 1.35741e-11
    Energy after sweep 77/87 is -150.272626956398
    Sweep 77/87 CPU time = 3h, 11m, 41s (Wall time = 12m, 48s)

    vN Entropy at center bond b=151 = 1.360832530405
    Eigs at center bond b=151: 0.4906 0.3269 0.0576 0.0411 0.0384 0.0233 0.0051 0.0035 0.0034 0.0028 
    Largest link dim during sweep 78/87 was 640
    Largest truncation error: 1.3722e-11
    Energy after sweep 78/87 is -150.272626956405
    Sweep 78/87 CPU time = 3h, 14m, 22s (Wall time = 12m, 58s)

    vN Entropy at center bond b=151 = 1.360832566707
    Eigs at center bond b=151: 0.4906 0.3269 0.0576 0.0411 0.0384 0.0233 0.0051 0.0035 0.0034 0.0028 
    Largest link dim during sweep 79/87 was 640
    Largest truncation error: 1.37702e-11
    Energy after sweep 79/87 is -150.272626956398
    Sweep 79/87 CPU time = 3h, 11m, 49s (Wall time = 12m, 47s)

    vN Entropy at center bond b=151 = 1.360832575971
    Eigs at center bond b=151: 0.4906 0.3269 0.0576 0.0411 0.0384 0.0233 0.0051 0.0035 0.0034 0.0028 
    Largest link dim during sweep 80/87 was 640
    Largest truncation error: 1.37866e-11
    Energy after sweep 80/87 is -150.272626956393
    Sweep 80/87 CPU time = 3h, 13m, 12s (Wall time = 12m, 53s)

    vN Entropy at center bond b=151 = 1.360832578770
    Eigs at center bond b=151: 0.4906 0.3269 0.0576 0.0411 0.0384 0.0233 0.0051 0.0035 0.0034 0.0028 
    Largest link dim during sweep 81/87 was 640
    Largest truncation error: 1.3792e-11
    Energy after sweep 81/87 is -150.272626956389
    Sweep 81/87 CPU time = 3h, 13m, 53s (Wall time = 13m, 2s)

    vN Entropy at center bond b=151 = 1.360832579723
    Eigs at center bond b=151: 0.4906 0.3269 0.0576 0.0411 0.0384 0.0233 0.0051 0.0035 0.0034 0.0028 
    Largest link dim during sweep 82/87 was 640
    Largest truncation error: 1.37943e-11
    Energy after sweep 82/87 is -150.272626956392
    Sweep 82/87 CPU time = 3h, 14m, 3s (Wall time = 12m, 58s)

    vN Entropy at center bond b=151 = 1.360834348595
    Eigs at center bond b=151: 0.4906 0.3269 0.0576 0.0411 0.0384 0.0233 0.0051 0.0035 0.0034 0.0028 
    Largest link dim during sweep 83/87 was 969
    Largest truncation error: 7.48678e-13
    Energy after sweep 83/87 is -150.272626974441
    Sweep 83/87 CPU time = 5h, 13s (Wall time = 22m, 15s)

    vN Entropy at center bond b=151 = 1.360835135814
    Eigs at center bond b=151: 0.4906 0.3269 0.0576 0.0411 0.0384 0.0233 0.0051 0.0035 0.0034 0.0028 
    Largest link dim during sweep 84/87 was 1280
    Largest truncation error: 1.12902e-13
    Energy after sweep 84/87 is -150.272626977885
    Sweep 84/87 CPU time = 10h, 10m, 6s (Wall time = 48m, 7s)

    vN Entropy at center bond b=151 = 1.360835224528
    Eigs at center bond b=151: 0.4906 0.3269 0.0576 0.0411 0.0384 0.0233 0.0051 0.0035 0.0034 0.0028 
    Largest link dim during sweep 85/87 was 1280
    Largest truncation error: 1.11307e-13
    Energy after sweep 85/87 is -150.272626977910
    Sweep 85/87 CPU time = 11h, 45m, 56s (Wall time = 52m, 51s)

    vN Entropy at center bond b=151 = 1.360835231520
    Eigs at center bond b=151: 0.4906 0.3269 0.0576 0.0411 0.0384 0.0233 0.0051 0.0035 0.0034 0.0028 
    Largest link dim during sweep 86/87 was 1280
    Largest truncation error: 1.12885e-13
    Energy after sweep 86/87 is -150.272626977911
    Sweep 86/87 CPU time = 12h, 4m, 29s (Wall time = 53m, 52s)

    vN Entropy at center bond b=151 = 1.360835232545
    Eigs at center bond b=151: 0.4906 0.3269 0.0576 0.0411 0.0384 0.0233 0.0051 0.0035 0.0034 0.0028 
    Largest link dim during sweep 87/87 was 1280
    Largest truncation error: 1.13501e-13
    Energy after sweep 87/87 is -150.272626977910
    Sweep 87/87 CPU time = 12h, 29m, 39s (Wall time = 56m, 10s)
Initial energy = 3.03000

Ground State Energy = -150.2726269779
run_outputs/outputpsi/N_303_sweep_87_t_0.030000_J_1.000000_V_0.600000_D_0.018000_U_1.500000_mu_0.020000_E_0.000000 converge
Wall-clock time (s) = 170881.395840
