//////////////////////////
Reading input file ......

Got input.N = 300
Got input.t = 0.03
Got input.J = 1
Got input.V = 0.6
Got input.D = 0.018
Got input.U = 5
Got input.mu = 1
Got input.E = 0.1
Got input.nsweeps = 87
Sweeps:
1  MaxDim=20, MinDim=20, Cutoff=1.0E-06, Niter=8, Noise=1.0E-05
2  MaxDim=20, MinDim=20, Cutoff=1.0E-06, Niter=8, Noise=1.0E-05
3  MaxDim=20, MinDim=20, Cutoff=1.0E-06, Niter=8, Noise=1.0E-05
4  MaxDim=20, MinDim=20, Cutoff=1.0E-06, Niter=8, Noise=1.0E-05
5  MaxDim=20, MinDim=20, Cutoff=1.0E-06, Niter=8, Noise=1.0E-05
6  MaxDim=20, MinDim=20, Cutoff=1.0E-06, Niter=8, Noise=1.0E-05
7  MaxDim=20, MinDim=20, Cutoff=1.0E-06, Niter=8, Noise=1.0E-05
8  MaxDim=40, MinDim=20, Cutoff=1.0E-06, Niter=4, Noise=1.0E-05
9  MaxDim=40, MinDim=20, Cutoff=1.0E-06, Niter=4, Noise=1.0E-05
10  MaxDim=40, MinDim=20, Cutoff=1.0E-06, Niter=4, Noise=1.0E-05
11  MaxDim=40, MinDim=20, Cutoff=1.0E-06, Niter=4, Noise=1.0E-05
12  MaxDim=40, MinDim=20, Cutoff=1.0E-06, Niter=4, Noise=1.0E-05
13  MaxDim=40, MinDim=20, Cutoff=1.0E-06, Niter=4, Noise=1.0E-05
14  MaxDim=40, MinDim=20, Cutoff=1.0E-06, Niter=4, Noise=1.0E-05
15  MaxDim=80, MinDim=10, Cutoff=1.0E-06, Niter=4, Noise=1.0E-05
16  MaxDim=80, MinDim=10, Cutoff=1.0E-06, Niter=4, Noise=1.0E-05
17  MaxDim=80, MinDim=10, Cutoff=1.0E-06, Niter=4, Noise=1.0E-05
18  MaxDim=80, MinDim=10, Cutoff=1.0E-06, Niter=4, Noise=1.0E-05
19  MaxDim=80, MinDim=10, Cutoff=1.0E-06, Niter=4, Noise=1.0E-05
20  MaxDim=80, MinDim=10, Cutoff=1.0E-06, Niter=4, Noise=1.0E-05
21  MaxDim=80, MinDim=10, Cutoff=1.0E-06, Niter=4, Noise=1.0E-05
22  MaxDim=80, MinDim=10, Cutoff=1.0E-06, Niter=4, Noise=1.0E-05
23  MaxDim=80, MinDim=10, Cutoff=1.0E-06, Niter=4, Noise=1.0E-05
24  MaxDim=80, MinDim=10, Cutoff=1.0E-06, Niter=4, Noise=1.0E-05
25  MaxDim=80, MinDim=10, Cutoff=1.0E-06, Niter=4, Noise=1.0E-05
26  MaxDim=80, MinDim=10, Cutoff=1.0E-06, Niter=4, Noise=1.0E-05
27  MaxDim=80, MinDim=10, Cutoff=1.0E-06, Niter=4, Noise=1.0E-05
28  MaxDim=80, MinDim=10, Cutoff=1.0E-06, Niter=4, Noise=1.0E-05
29  MaxDim=80, MinDim=10, Cutoff=1.0E-06, Niter=4, Noise=1.0E-05
30  MaxDim=80, MinDim=10, Cutoff=1.0E-06, Niter=4, Noise=1.0E-05
31  MaxDim=80, MinDim=10, Cutoff=1.0E-06, Niter=4, Noise=1.0E-05
32  MaxDim=80, MinDim=10, Cutoff=1.0E-06, Niter=4, Noise=1.0E-05
33  MaxDim=80, MinDim=10, Cutoff=1.0E-06, Niter=4, Noise=1.0E-05
34  MaxDim=80, MinDim=10, Cutoff=1.0E-06, Niter=4, Noise=1.0E-05
35  MaxDim=80, MinDim=10, Cutoff=1.0E-06, Niter=4, Noise=1.0E-05
36  MaxDim=80, MinDim=10, Cutoff=1.0E-06, Niter=4, Noise=1.0E-05
37  MaxDim=160, MinDim=10, Cutoff=1.0E-08, Niter=4, Noise=1.0E-06
38  MaxDim=160, MinDim=10, Cutoff=1.0E-08, Niter=4, Noise=1.0E-06
39  MaxDim=160, MinDim=10, Cutoff=1.0E-08, Niter=4, Noise=1.0E-06
40  MaxDim=160, MinDim=10, Cutoff=1.0E-08, Niter=4, Noise=1.0E-06
41  MaxDim=160, MinDim=10, Cutoff=1.0E-08, Niter=4, Noise=1.0E-06
42  MaxDim=160, MinDim=10, Cutoff=1.0E-08, Niter=4, Noise=1.0E-06
43  MaxDim=160, MinDim=10, Cutoff=1.0E-08, Niter=4, Noise=1.0E-06
44  MaxDim=160, MinDim=10, Cutoff=1.0E-08, Niter=4, Noise=1.0E-06
45  MaxDim=160, MinDim=10, Cutoff=1.0E-08, Niter=4, Noise=1.0E-06
46  MaxDim=160, MinDim=10, Cutoff=1.0E-08, Niter=4, Noise=1.0E-06
47  MaxDim=160, MinDim=10, Cutoff=1.0E-08, Niter=4, Noise=1.0E-06
48  MaxDim=160, MinDim=10, Cutoff=1.0E-08, Niter=4, Noise=1.0E-06
49  MaxDim=160, MinDim=10, Cutoff=1.0E-08, Niter=4, Noise=1.0E-06
50  MaxDim=160, MinDim=10, Cutoff=1.0E-08, Niter=4, Noise=1.0E-06
51  MaxDim=160, MinDim=10, Cutoff=1.0E-08, Niter=4, Noise=1.0E-06
52  MaxDim=160, MinDim=10, Cutoff=1.0E-08, Niter=4, Noise=1.0E-06
53  MaxDim=160, MinDim=10, Cutoff=1.0E-08, Niter=4, Noise=1.0E-06
54  MaxDim=160, MinDim=10, Cutoff=1.0E-08, Niter=4, Noise=1.0E-06
55  MaxDim=160, MinDim=10, Cutoff=1.0E-08, Niter=4, Noise=1.0E-06
56  MaxDim=160, MinDim=10, Cutoff=1.0E-08, Niter=4, Noise=1.0E-06
57  MaxDim=160, MinDim=10, Cutoff=1.0E-08, Niter=4, Noise=1.0E-06
58  MaxDim=160, MinDim=10, Cutoff=1.0E-08, Niter=4, Noise=1.0E-06
59  MaxDim=320, MinDim=10, Cutoff=1.0E-10, Niter=4, Noise=1.0E-07
60  MaxDim=320, MinDim=10, Cutoff=1.0E-10, Niter=4, Noise=1.0E-07
61  MaxDim=320, MinDim=10, Cutoff=1.0E-10, Niter=4, Noise=1.0E-07
62  MaxDim=320, MinDim=10, Cutoff=1.0E-10, Niter=4, Noise=1.0E-07
63  MaxDim=320, MinDim=10, Cutoff=1.0E-10, Niter=4, Noise=1.0E-07
64  MaxDim=320, MinDim=10, Cutoff=1.0E-10, Niter=4, Noise=1.0E-07
65  MaxDim=320, MinDim=10, Cutoff=1.0E-10, Niter=4, Noise=1.0E-07
66  MaxDim=320, MinDim=10, Cutoff=1.0E-10, Niter=4, Noise=1.0E-07
67  MaxDim=320, MinDim=10, Cutoff=1.0E-10, Niter=4, Noise=1.0E-07
68  MaxDim=320, MinDim=10, Cutoff=1.0E-10, Niter=4, Noise=1.0E-07
69  MaxDim=320, MinDim=10, Cutoff=1.0E-10, Niter=4, Noise=1.0E-07
70  MaxDim=320, MinDim=10, Cutoff=1.0E-10, Niter=4, Noise=1.0E-07
71  MaxDim=320, MinDim=10, Cutoff=1.0E-10, Niter=4, Noise=1.0E-07
72  MaxDim=320, MinDim=10, Cutoff=1.0E-10, Niter=4, Noise=1.0E-07
73  MaxDim=320, MinDim=10, Cutoff=1.0E-10, Niter=4, Noise=1.0E-07
74  MaxDim=320, MinDim=10, Cutoff=1.0E-10, Niter=4, Noise=1.0E-07
75  MaxDim=640, MinDim=10, Cutoff=1.0E-12, Niter=2, Noise=1.0E-08
76  MaxDim=640, MinDim=10, Cutoff=1.0E-12, Niter=2, Noise=1.0E-08
77  MaxDim=640, MinDim=10, Cutoff=1.0E-12, Niter=2, Noise=1.0E-08
78  MaxDim=640, MinDim=10, Cutoff=1.0E-12, Niter=2, Noise=1.0E-08
79  MaxDim=640, MinDim=10, Cutoff=1.0E-12, Niter=2, Noise=1.0E-08
80  MaxDim=640, MinDim=10, Cutoff=1.0E-12, Niter=2, Noise=1.0E-08
81  MaxDim=640, MinDim=10, Cutoff=1.0E-12, Niter=2, Noise=1.0E-08
82  MaxDim=640, MinDim=10, Cutoff=1.0E-12, Niter=2, Noise=1.0E-08
83  MaxDim=1280, MinDim=10, Cutoff=1.0E-12, Niter=2, Noise=0.0E+00
84  MaxDim=1280, MinDim=10, Cutoff=1.0E-14, Niter=2, Noise=0.0E+00
85  MaxDim=1280, MinDim=10, Cutoff=1.0E-14, Niter=2, Noise=0.0E+00
86  MaxDim=1280, MinDim=10, Cutoff=1.0E-14, Niter=2, Noise=0.0E+00
87  MaxDim=1280, MinDim=10, Cutoff=1.0E-14, Niter=2, Noise=0.0E+00


    vN Entropy at center bond b=150 = 0.566456667575
    Eigs at center bond b=150: 0.8556 0.0615 0.0592 0.0225 
    Largest link dim during sweep 1/87 was 20
    Largest truncation error: 7.65145e-05
    Energy after sweep 1/87 is -64.063847908768
    Sweep 1/87 CPU time = 17.89s (Wall time = 1.160s)

    vN Entropy at center bond b=150 = 0.528970823790
    Eigs at center bond b=150: 0.8739 0.0661 0.0321 0.0211 0.0052 
    Largest link dim during sweep 2/87 was 20
    Largest truncation error: 2.38237e-05
    Energy after sweep 2/87 is -64.414224618004
    Sweep 2/87 CPU time = 25.01s (Wall time = 1.604s)

    vN Entropy at center bond b=150 = 0.529207018448
    Eigs at center bond b=150: 0.8738 0.0661 0.0320 0.0211 0.0053 
    Largest link dim during sweep 3/87 was 20
    Largest truncation error: 1.20618e-05
    Energy after sweep 3/87 is -64.415095373129
    Sweep 3/87 CPU time = 25.00s (Wall time = 1.600s)

    vN Entropy at center bond b=150 = 0.529203752416
    Eigs at center bond b=150: 0.8738 0.0661 0.0320 0.0211 0.0053 
    Largest link dim during sweep 4/87 was 20
    Largest truncation error: 1.24267e-05
    Energy after sweep 4/87 is -64.415099062167
    Sweep 4/87 CPU time = 24.99s (Wall time = 1.597s)

    vN Entropy at center bond b=150 = 0.529201569619
    Eigs at center bond b=150: 0.8738 0.0661 0.0320 0.0211 0.0053 
    Largest link dim during sweep 5/87 was 20
    Largest truncation error: 1.25391e-05
    Energy after sweep 5/87 is -64.415101878949
    Sweep 5/87 CPU time = 24.89s (Wall time = 1.596s)

    vN Entropy at center bond b=150 = 0.529200801256
    Eigs at center bond b=150: 0.8738 0.0661 0.0320 0.0211 0.0053 
    Largest link dim during sweep 6/87 was 20
    Largest truncation error: 1.25686e-05
    Energy after sweep 6/87 is -64.415102619328
    Sweep 6/87 CPU time = 25.01s (Wall time = 1.600s)

    vN Entropy at center bond b=150 = 0.529200546460
    Eigs at center bond b=150: 0.8738 0.0661 0.0320 0.0211 0.0053 
    Largest link dim during sweep 7/87 was 20
    Largest truncation error: 1.25724e-05
    Energy after sweep 7/87 is -64.415102894131
    Sweep 7/87 CPU time = 25.02s (Wall time = 1.603s)

    vN Entropy at center bond b=150 = 0.530441038057
    Eigs at center bond b=150: 0.8736 0.0662 0.0321 0.0212 0.0053 
    Largest link dim during sweep 8/87 was 36
    Largest truncation error: 9.02464e-07
    Energy after sweep 8/87 is -64.420933390491
    Sweep 8/87 CPU time = 18.10s (Wall time = 1.159s)

    vN Entropy at center bond b=150 = 0.530691330735
    Eigs at center bond b=150: 0.8735 0.0662 0.0321 0.0212 0.0053 
    Largest link dim during sweep 9/87 was 37
    Largest truncation error: 9.05093e-07
    Energy after sweep 9/87 is -64.421199093907
    Sweep 9/87 CPU time = 20.23s (Wall time = 1.295s)

    vN Entropy at center bond b=150 = 0.530722088761
    Eigs at center bond b=150: 0.8735 0.0662 0.0321 0.0212 0.0053 
    Largest link dim during sweep 10/87 was 38
    Largest truncation error: 9.06616e-07
    Energy after sweep 10/87 is -64.421284421046
    Sweep 10/87 CPU time = 20.51s (Wall time = 1.320s)

    vN Entropy at center bond b=150 = 0.530750902067
    Eigs at center bond b=150: 0.8735 0.0662 0.0321 0.0212 0.0053 
    Largest link dim during sweep 11/87 was 38
    Largest truncation error: 9.06404e-07
    Energy after sweep 11/87 is -64.421286065399
    Sweep 11/87 CPU time = 20.58s (Wall time = 1.316s)

    vN Entropy at center bond b=150 = 0.530751514501
    Eigs at center bond b=150: 0.8735 0.0662 0.0321 0.0212 0.0053 
    Largest link dim during sweep 12/87 was 38
    Largest truncation error: 9.06308e-07
    Energy after sweep 12/87 is -64.421285812355
    Sweep 12/87 CPU time = 20.47s (Wall time = 1.314s)

    vN Entropy at center bond b=150 = 0.530751551816
    Eigs at center bond b=150: 0.8735 0.0662 0.0321 0.0212 0.0053 
    Largest link dim during sweep 13/87 was 38
    Largest truncation error: 9.06245e-07
    Energy after sweep 13/87 is -64.421285798263
    Sweep 13/87 CPU time = 20.61s (Wall time = 1.320s)

    vN Entropy at center bond b=150 = 0.530751557031
    Eigs at center bond b=150: 0.8735 0.0662 0.0321 0.0212 0.0053 
    Largest link dim during sweep 14/87 was 38
    Largest truncation error: 9.06204e-07
    Energy after sweep 14/87 is -64.421285783777
    Sweep 14/87 CPU time = 20.59s (Wall time = 1.321s)

    vN Entropy at center bond b=150 = 0.530751557799
    Eigs at center bond b=150: 0.8735 0.0662 0.0321 0.0212 0.0053 
    Largest link dim during sweep 15/87 was 38
    Largest truncation error: 8.73736e-07
    Energy after sweep 15/87 is -64.421281556646
    Sweep 15/87 CPU time = 20.58s (Wall time = 1.318s)

    vN Entropy at center bond b=150 = 0.530751557909
    Eigs at center bond b=150: 0.8735 0.0662 0.0321 0.0212 0.0053 
    Largest link dim during sweep 16/87 was 38
    Largest truncation error: 8.74019e-07
    Energy after sweep 16/87 is -64.421281561784
    Sweep 16/87 CPU time = 20.54s (Wall time = 1.313s)

    vN Entropy at center bond b=150 = 0.530751557927
    Eigs at center bond b=150: 0.8735 0.0662 0.0321 0.0212 0.0053 
    Largest link dim during sweep 17/87 was 38
    Largest truncation error: 8.74223e-07
    Energy after sweep 17/87 is -64.421281564343
    Sweep 17/87 CPU time = 20.56s (Wall time = 1.316s)

    vN Entropy at center bond b=150 = 0.530751557930
    Eigs at center bond b=150: 0.8735 0.0662 0.0321 0.0212 0.0053 
    Largest link dim during sweep 18/87 was 38
    Largest truncation error: 8.74356e-07
    Energy after sweep 18/87 is -64.421281565234
    Sweep 18/87 CPU time = 20.56s (Wall time = 1.315s)

    vN Entropy at center bond b=150 = 0.530751557930
    Eigs at center bond b=150: 0.8735 0.0662 0.0321 0.0212 0.0053 
    Largest link dim during sweep 19/87 was 38
    Largest truncation error: 8.74443e-07
    Energy after sweep 19/87 is -64.421281565477
    Sweep 19/87 CPU time = 20.54s (Wall time = 1.321s)

    vN Entropy at center bond b=150 = 0.530751557930
    Eigs at center bond b=150: 0.8735 0.0662 0.0321 0.0212 0.0053 
    Largest link dim during sweep 20/87 was 38
    Largest truncation error: 8.74499e-07
    Energy after sweep 20/87 is -64.421281565495
    Sweep 20/87 CPU time = 20.56s (Wall time = 1.318s)

    vN Entropy at center bond b=150 = 0.530751557930
    Eigs at center bond b=150: 0.8735 0.0662 0.0321 0.0212 0.0053 
    Largest link dim during sweep 21/87 was 38
    Largest truncation error: 8.74536e-07
    Energy after sweep 21/87 is -64.421281565458
    Sweep 21/87 CPU time = 20.55s (Wall time = 1.318s)

    vN Entropy at center bond b=150 = 0.530751557930
    Eigs at center bond b=150: 0.8735 0.0662 0.0321 0.0212 0.0053 
    Largest link dim during sweep 22/87 was 38
    Largest truncation error: 8.74559e-07
    Energy after sweep 22/87 is -64.421281565422
    Sweep 22/87 CPU time = 20.53s (Wall time = 1.315s)

    vN Entropy at center bond b=150 = 0.530751557930
    Eigs at center bond b=150: 0.8735 0.0662 0.0321 0.0212 0.0053 
    Largest link dim during sweep 23/87 was 38
    Largest truncation error: 8.74575e-07
    Energy after sweep 23/87 is -64.421281565423
    Sweep 23/87 CPU time = 20.59s (Wall time = 1.317s)

    vN Entropy at center bond b=150 = 0.530751557930
    Eigs at center bond b=150: 0.8735 0.0662 0.0321 0.0212 0.0053 
    Largest link dim during sweep 24/87 was 38
    Largest truncation error: 8.74584e-07
    Energy after sweep 24/87 is -64.421281565505
    Sweep 24/87 CPU time = 20.51s (Wall time = 1.316s)

    vN Entropy at center bond b=150 = 0.530751557930
    Eigs at center bond b=150: 0.8735 0.0662 0.0321 0.0212 0.0053 
    Largest link dim during sweep 25/87 was 38
    Largest truncation error: 8.74591e-07
    Energy after sweep 25/87 is -64.421281565792
    Sweep 25/87 CPU time = 20.54s (Wall time = 1.316s)

    vN Entropy at center bond b=150 = 0.530751557930
    Eigs at center bond b=150: 0.8735 0.0662 0.0321 0.0212 0.0053 
    Largest link dim during sweep 26/87 was 38
    Largest truncation error: 8.74595e-07
    Energy after sweep 26/87 is -64.421281566606
    Sweep 26/87 CPU time = 20.57s (Wall time = 1.316s)

    vN Entropy at center bond b=150 = 0.530751557930
    Eigs at center bond b=150: 0.8735 0.0662 0.0321 0.0212 0.0053 
    Largest link dim during sweep 27/87 was 38
    Largest truncation error: 8.74598e-07
    Energy after sweep 27/87 is -64.421281568586
    Sweep 27/87 CPU time = 20.62s (Wall time = 1.323s)

    vN Entropy at center bond b=150 = 0.530751557930
    Eigs at center bond b=150: 0.8735 0.0662 0.0321 0.0212 0.0053 
    Largest link dim during sweep 28/87 was 38
    Largest truncation error: 8.746e-07
    Energy after sweep 28/87 is -64.421281571974
    Sweep 28/87 CPU time = 20.54s (Wall time = 1.315s)

    vN Entropy at center bond b=150 = 0.530751557923
    Eigs at center bond b=150: 0.8735 0.0662 0.0321 0.0212 0.0053 
    Largest link dim during sweep 29/87 was 38
    Largest truncation error: 8.74601e-07
    Energy after sweep 29/87 is -64.421282209147
    Sweep 29/87 CPU time = 20.53s (Wall time = 1.314s)

    vN Entropy at center bond b=150 = 0.530751557922
    Eigs at center bond b=150: 0.8735 0.0662 0.0321 0.0212 0.0053 
    Largest link dim during sweep 30/87 was 38
    Largest truncation error: 8.74601e-07
    Energy after sweep 30/87 is -64.421282256392
    Sweep 30/87 CPU time = 20.44s (Wall time = 1.313s)

    vN Entropy at center bond b=150 = 0.530751557922
    Eigs at center bond b=150: 0.8735 0.0662 0.0321 0.0212 0.0053 
    Largest link dim during sweep 31/87 was 38
    Largest truncation error: 8.74602e-07
    Energy after sweep 31/87 is -64.421282258029
    Sweep 31/87 CPU time = 20.59s (Wall time = 1.317s)

    vN Entropy at center bond b=150 = 0.530751557922
    Eigs at center bond b=150: 0.8735 0.0662 0.0321 0.0212 0.0053 
    Largest link dim during sweep 32/87 was 38
    Largest truncation error: 8.74602e-07
    Energy after sweep 32/87 is -64.421282258224
    Sweep 32/87 CPU time = 20.53s (Wall time = 1.317s)

    vN Entropy at center bond b=150 = 0.530751557922
    Eigs at center bond b=150: 0.8735 0.0662 0.0321 0.0212 0.0053 
    Largest link dim during sweep 33/87 was 38
    Largest truncation error: 8.74602e-07
    Energy after sweep 33/87 is -64.421282258273
    Sweep 33/87 CPU time = 20.52s (Wall time = 1.314s)

    vN Entropy at center bond b=150 = 0.530751557922
    Eigs at center bond b=150: 0.8735 0.0662 0.0321 0.0212 0.0053 
    Largest link dim during sweep 34/87 was 38
    Largest truncation error: 8.74602e-07
    Energy after sweep 34/87 is -64.421282258310
    Sweep 34/87 CPU time = 20.54s (Wall time = 1.315s)

    vN Entropy at center bond b=150 = 0.530751557922
    Eigs at center bond b=150: 0.8735 0.0662 0.0321 0.0212 0.0053 
    Largest link dim during sweep 35/87 was 38
    Largest truncation error: 8.74603e-07
    Energy after sweep 35/87 is -64.421282258341
    Sweep 35/87 CPU time = 20.52s (Wall time = 1.308s)

    vN Entropy at center bond b=150 = 0.530751557922
    Eigs at center bond b=150: 0.8735 0.0662 0.0321 0.0212 0.0053 
    Largest link dim during sweep 36/87 was 38
    Largest truncation error: 8.74603e-07
    Energy after sweep 36/87 is -64.421282258368
    Sweep 36/87 CPU time = 20.49s (Wall time = 1.315s)

    vN Entropy at center bond b=150 = 0.531657216094
    Eigs at center bond b=150: 0.8733 0.0662 0.0322 0.0213 0.0054 
    Largest link dim during sweep 37/87 was 81
    Largest truncation error: 8.95974e-09
    Energy after sweep 37/87 is -64.423267539355
    Sweep 37/87 CPU time = 54.47s (Wall time = 3.497s)

    vN Entropy at center bond b=150 = 0.531731533429
    Eigs at center bond b=150: 0.8733 0.0662 0.0322 0.0213 0.0054 
    Largest link dim during sweep 38/87 was 88
    Largest truncation error: 8.95846e-09
    Energy after sweep 38/87 is -64.423280039715
    Sweep 38/87 CPU time = 1m, 25.4s (Wall time = 5.489s)

    vN Entropy at center bond b=150 = 0.531733448063
    Eigs at center bond b=150: 0.8733 0.0662 0.0322 0.0213 0.0054 
    Largest link dim during sweep 39/87 was 89
    Largest truncation error: 8.95846e-09
    Energy after sweep 39/87 is -64.423280939254
    Sweep 39/87 CPU time = 1m, 27.2s (Wall time = 5.632s)

    vN Entropy at center bond b=150 = 0.531733524365
    Eigs at center bond b=150: 0.8733 0.0662 0.0322 0.0213 0.0054 
    Largest link dim during sweep 40/87 was 89
    Largest truncation error: 8.958e-09
    Energy after sweep 40/87 is -64.423280956538
    Sweep 40/87 CPU time = 1m, 26.0s (Wall time = 5.522s)

    vN Entropy at center bond b=150 = 0.531733527304
    Eigs at center bond b=150: 0.8733 0.0662 0.0322 0.0213 0.0054 
    Largest link dim during sweep 41/87 was 89
    Largest truncation error: 8.95764e-09
    Energy after sweep 41/87 is -64.423280957656
    Sweep 41/87 CPU time = 1m, 26.1s (Wall time = 5.526s)

    vN Entropy at center bond b=150 = 0.531733527516
    Eigs at center bond b=150: 0.8733 0.0662 0.0322 0.0213 0.0054 
    Largest link dim during sweep 42/87 was 89
    Largest truncation error: 8.95764e-09
    Energy after sweep 42/87 is -64.423280957967
    Sweep 42/87 CPU time = 1m, 25.8s (Wall time = 5.508s)

    vN Entropy at center bond b=150 = 0.531733527536
    Eigs at center bond b=150: 0.8733 0.0662 0.0322 0.0213 0.0054 
    Largest link dim during sweep 43/87 was 89
    Largest truncation error: 8.95763e-09
    Energy after sweep 43/87 is -64.423280958062
    Sweep 43/87 CPU time = 1m, 25.9s (Wall time = 5.534s)

    vN Entropy at center bond b=150 = 0.531733527538
    Eigs at center bond b=150: 0.8733 0.0662 0.0322 0.0213 0.0054 
    Largest link dim during sweep 44/87 was 89
    Largest truncation error: 8.95763e-09
    Energy after sweep 44/87 is -64.423280958105
    Sweep 44/87 CPU time = 1m, 26.0s (Wall time = 5.551s)

    vN Entropy at center bond b=150 = 0.531733527538
    Eigs at center bond b=150: 0.8733 0.0662 0.0322 0.0213 0.0054 
    Largest link dim during sweep 45/87 was 89
    Largest truncation error: 8.95763e-09
    Energy after sweep 45/87 is -64.423280958130
    Sweep 45/87 CPU time = 1m, 26.0s (Wall time = 5.518s)

    vN Entropy at center bond b=150 = 0.531733527538
    Eigs at center bond b=150: 0.8733 0.0662 0.0322 0.0213 0.0054 
    Largest link dim during sweep 46/87 was 89
    Largest truncation error: 8.95763e-09
    Energy after sweep 46/87 is -64.423280958148
    Sweep 46/87 CPU time = 1m, 25.5s (Wall time = 5.484s)

    vN Entropy at center bond b=150 = 0.531733527538
    Eigs at center bond b=150: 0.8733 0.0662 0.0322 0.0213 0.0054 
    Largest link dim during sweep 47/87 was 89
    Largest truncation error: 8.95763e-09
    Energy after sweep 47/87 is -64.423280958161
    Sweep 47/87 CPU time = 1m, 25.7s (Wall time = 5.505s)

    vN Entropy at center bond b=150 = 0.531733527538
    Eigs at center bond b=150: 0.8733 0.0662 0.0322 0.0213 0.0054 
    Largest link dim during sweep 48/87 was 89
    Largest truncation error: 8.95763e-09
    Energy after sweep 48/87 is -64.423280958169
    Sweep 48/87 CPU time = 1m, 25.7s (Wall time = 5.503s)

    vN Entropy at center bond b=150 = 0.531733527538
    Eigs at center bond b=150: 0.8733 0.0662 0.0322 0.0213 0.0054 
    Largest link dim during sweep 49/87 was 89
    Largest truncation error: 8.95763e-09
    Energy after sweep 49/87 is -64.423280958175
    Sweep 49/87 CPU time = 1m, 25.5s (Wall time = 5.484s)

    vN Entropy at center bond b=150 = 0.531733527538
    Eigs at center bond b=150: 0.8733 0.0662 0.0322 0.0213 0.0054 
    Largest link dim during sweep 50/87 was 89
    Largest truncation error: 8.95763e-09
    Energy after sweep 50/87 is -64.423280958178
    Sweep 50/87 CPU time = 1m, 25.7s (Wall time = 5.532s)

    vN Entropy at center bond b=150 = 0.531733527538
    Eigs at center bond b=150: 0.8733 0.0662 0.0322 0.0213 0.0054 
    Largest link dim during sweep 51/87 was 89
    Largest truncation error: 8.95763e-09
    Energy after sweep 51/87 is -64.423280958180
    Sweep 51/87 CPU time = 1m, 24.8s (Wall time = 5.441s)

    vN Entropy at center bond b=150 = 0.531733527538
    Eigs at center bond b=150: 0.8733 0.0662 0.0322 0.0213 0.0054 
    Largest link dim during sweep 52/87 was 89
    Largest truncation error: 8.95763e-09
    Energy after sweep 52/87 is -64.423280958183
    Sweep 52/87 CPU time = 1m, 25.8s (Wall time = 5.507s)

    vN Entropy at center bond b=150 = 0.531733527538
    Eigs at center bond b=150: 0.8733 0.0662 0.0322 0.0213 0.0054 
    Largest link dim during sweep 53/87 was 89
    Largest truncation error: 8.95763e-09
    Energy after sweep 53/87 is -64.423280958184
    Sweep 53/87 CPU time = 1m, 25.7s (Wall time = 5.497s)

    vN Entropy at center bond b=150 = 0.531733527538
    Eigs at center bond b=150: 0.8733 0.0662 0.0322 0.0213 0.0054 
    Largest link dim during sweep 54/87 was 89
    Largest truncation error: 8.95763e-09
    Energy after sweep 54/87 is -64.423280958185
    Sweep 54/87 CPU time = 1m, 26.0s (Wall time = 5.518s)

    vN Entropy at center bond b=150 = 0.531733527538
    Eigs at center bond b=150: 0.8733 0.0662 0.0322 0.0213 0.0054 
    Largest link dim during sweep 55/87 was 89
    Largest truncation error: 8.95764e-09
    Energy after sweep 55/87 is -64.423280958186
    Sweep 55/87 CPU time = 1m, 25.9s (Wall time = 5.514s)

    vN Entropy at center bond b=150 = 0.531733527538
    Eigs at center bond b=150: 0.8733 0.0662 0.0322 0.0213 0.0054 
    Largest link dim during sweep 56/87 was 89
    Largest truncation error: 8.95763e-09
    Energy after sweep 56/87 is -64.423280958184
    Sweep 56/87 CPU time = 1m, 25.9s (Wall time = 5.514s)

    vN Entropy at center bond b=150 = 0.531733527538
    Eigs at center bond b=150: 0.8733 0.0662 0.0322 0.0213 0.0054 
    Largest link dim during sweep 57/87 was 89
    Largest truncation error: 8.95763e-09
    Energy after sweep 57/87 is -64.423280958185
    Sweep 57/87 CPU time = 1m, 26.1s (Wall time = 5.537s)

    vN Entropy at center bond b=150 = 0.531733527538
    Eigs at center bond b=150: 0.8733 0.0662 0.0322 0.0213 0.0054 
    Largest link dim during sweep 58/87 was 89
    Largest truncation error: 8.95763e-09
    Energy after sweep 58/87 is -64.423280958185
    Sweep 58/87 CPU time = 1m, 26.0s (Wall time = 5.547s)

    vN Entropy at center bond b=150 = 0.531767029288
    Eigs at center bond b=150: 0.8733 0.0663 0.0322 0.0213 0.0054 
    Largest link dim during sweep 59/87 was 171
    Largest truncation error: 8.72873e-11
    Energy after sweep 59/87 is -64.423306396028
    Sweep 59/87 CPU time = 4m, 15.5s (Wall time = 16.47s)

    vN Entropy at center bond b=150 = 0.531768452780
    Eigs at center bond b=150: 0.8733 0.0663 0.0322 0.0213 0.0054 
    Largest link dim during sweep 60/87 was 179
    Largest truncation error: 8.71776e-11
    Energy after sweep 60/87 is -64.423306492121
    Sweep 60/87 CPU time = 5m, 49.0s (Wall time = 22.52s)

    vN Entropy at center bond b=150 = 0.531768480159
    Eigs at center bond b=150: 0.8733 0.0663 0.0322 0.0213 0.0054 
    Largest link dim during sweep 61/87 was 180
    Largest truncation error: 8.73199e-11
    Energy after sweep 61/87 is -64.423306493461
    Sweep 61/87 CPU time = 5m, 56.1s (Wall time = 23.03s)

    vN Entropy at center bond b=150 = 0.531768481052
    Eigs at center bond b=150: 0.8733 0.0663 0.0322 0.0213 0.0054 
    Largest link dim during sweep 62/87 was 180
    Largest truncation error: 8.73437e-11
    Energy after sweep 62/87 is -64.423306493648
    Sweep 62/87 CPU time = 5m, 51.9s (Wall time = 22.71s)

    vN Entropy at center bond b=150 = 0.531768481123
    Eigs at center bond b=150: 0.8733 0.0663 0.0322 0.0213 0.0054 
    Largest link dim during sweep 63/87 was 180
    Largest truncation error: 8.73692e-11
    Energy after sweep 63/87 is -64.423306493663
    Sweep 63/87 CPU time = 5m, 54.0s (Wall time = 22.84s)

    vN Entropy at center bond b=150 = 0.531768481127
    Eigs at center bond b=150: 0.8733 0.0663 0.0322 0.0213 0.0054 
    Largest link dim during sweep 64/87 was 180
    Largest truncation error: 8.74e-11
    Energy after sweep 64/87 is -64.423306493666
    Sweep 64/87 CPU time = 5m, 49.3s (Wall time = 22.39s)

    vN Entropy at center bond b=150 = 0.531768481126
    Eigs at center bond b=150: 0.8733 0.0663 0.0322 0.0213 0.0054 
    Largest link dim during sweep 65/87 was 180
    Largest truncation error: 8.741e-11
    Energy after sweep 65/87 is -64.423306493666
    Sweep 65/87 CPU time = 5m, 49.0s (Wall time = 22.41s)

    vN Entropy at center bond b=150 = 0.531768481127
    Eigs at center bond b=150: 0.8733 0.0663 0.0322 0.0213 0.0054 
    Largest link dim during sweep 66/87 was 180
    Largest truncation error: 8.74142e-11
    Energy after sweep 66/87 is -64.423306493666
    Sweep 66/87 CPU time = 5m, 49.8s (Wall time = 22.47s)

    vN Entropy at center bond b=150 = 0.531768481127
    Eigs at center bond b=150: 0.8733 0.0663 0.0322 0.0213 0.0054 
    Largest link dim during sweep 67/87 was 180
    Largest truncation error: 8.74154e-11
    Energy after sweep 67/87 is -64.423306493666
    Sweep 67/87 CPU time = 5m, 48.3s (Wall time = 22.37s)

    vN Entropy at center bond b=150 = 0.531768481128
    Eigs at center bond b=150: 0.8733 0.0663 0.0322 0.0213 0.0054 
    Largest link dim during sweep 68/87 was 180
    Largest truncation error: 8.7416e-11
    Energy after sweep 68/87 is -64.423306493665
    Sweep 68/87 CPU time = 5m, 49.4s (Wall time = 22.39s)

    vN Entropy at center bond b=150 = 0.531768481128
    Eigs at center bond b=150: 0.8733 0.0663 0.0322 0.0213 0.0054 
    Largest link dim during sweep 69/87 was 180
    Largest truncation error: 8.74165e-11
    Energy after sweep 69/87 is -64.423306493664
    Sweep 69/87 CPU time = 5m, 48.9s (Wall time = 22.42s)

    vN Entropy at center bond b=150 = 0.531768481128
    Eigs at center bond b=150: 0.8733 0.0663 0.0322 0.0213 0.0054 
    Largest link dim during sweep 70/87 was 180
    Largest truncation error: 8.74167e-11
    Energy after sweep 70/87 is -64.423306493664
    Sweep 70/87 CPU time = 5m, 50.1s (Wall time = 22.50s)

    vN Entropy at center bond b=150 = 0.531768481128
    Eigs at center bond b=150: 0.8733 0.0663 0.0322 0.0213 0.0054 
    Largest link dim during sweep 71/87 was 180
    Largest truncation error: 8.74168e-11
    Energy after sweep 71/87 is -64.423306493665
    Sweep 71/87 CPU time = 5m, 49.7s (Wall time = 22.42s)

    vN Entropy at center bond b=150 = 0.531768481128
    Eigs at center bond b=150: 0.8733 0.0663 0.0322 0.0213 0.0054 
    Largest link dim during sweep 72/87 was 180
    Largest truncation error: 8.74167e-11
    Energy after sweep 72/87 is -64.423306493664
    Sweep 72/87 CPU time = 5m, 48.6s (Wall time = 22.37s)

    vN Entropy at center bond b=150 = 0.531768481128
    Eigs at center bond b=150: 0.8733 0.0663 0.0322 0.0213 0.0054 
    Largest link dim during sweep 73/87 was 180
    Largest truncation error: 8.74171e-11
    Energy after sweep 73/87 is -64.423306493664
    Sweep 73/87 CPU time = 5m, 49.7s (Wall time = 22.49s)

    vN Entropy at center bond b=150 = 0.531768481128
    Eigs at center bond b=150: 0.8733 0.0663 0.0322 0.0213 0.0054 
    Largest link dim during sweep 74/87 was 180
    Largest truncation error: 8.74167e-11
    Energy after sweep 74/87 is -64.423306493664
    Sweep 74/87 CPU time = 5m, 50.1s (Wall time = 22.44s)

    vN Entropy at center bond b=150 = 0.531770032095
    Eigs at center bond b=150: 0.8733 0.0663 0.0322 0.0213 0.0054 
    Largest link dim during sweep 75/87 was 333
    Largest truncation error: 8.92387e-13
    Energy after sweep 75/87 is -64.423306795164
    Sweep 75/87 CPU time = 12m, 5s (Wall time = 48.09s)

    vN Entropy at center bond b=150 = 0.531770082180
    Eigs at center bond b=150: 0.8733 0.0663 0.0322 0.0213 0.0054 
    Largest link dim during sweep 76/87 was 341
    Largest truncation error: 8.92031e-13
    Energy after sweep 76/87 is -64.423306796202
    Sweep 76/87 CPU time = 16m, 50s (Wall time = 1m, 4.9s)

    vN Entropy at center bond b=150 = 0.531770083869
    Eigs at center bond b=150: 0.8733 0.0663 0.0322 0.0213 0.0054 
    Largest link dim during sweep 77/87 was 342
    Largest truncation error: 8.9194e-13
    Energy after sweep 77/87 is -64.423306796239
    Sweep 77/87 CPU time = 17m, 1s (Wall time = 1m, 5.6s)

    vN Entropy at center bond b=150 = 0.531770084025
    Eigs at center bond b=150: 0.8733 0.0663 0.0322 0.0213 0.0054 
    Largest link dim during sweep 78/87 was 342
    Largest truncation error: 8.91966e-13
    Energy after sweep 78/87 is -64.423306796278
    Sweep 78/87 CPU time = 17m, 30s (Wall time = 1m, 7.5s)

    vN Entropy at center bond b=150 = 0.531770084055
    Eigs at center bond b=150: 0.8733 0.0663 0.0322 0.0213 0.0054 
    Largest link dim during sweep 79/87 was 342
    Largest truncation error: 8.92061e-13
    Energy after sweep 79/87 is -64.423306796277
    Sweep 79/87 CPU time = 24m, 16s (Wall time = 1m, 34.1s)

    vN Entropy at center bond b=150 = 0.531770084059
    Eigs at center bond b=150: 0.8733 0.0663 0.0322 0.0213 0.0054 
    Largest link dim during sweep 80/87 was 342
    Largest truncation error: 8.91914e-13
    Energy after sweep 80/87 is -64.423306796278
    Sweep 80/87 CPU time = 22m, 8s (Wall time = 1m, 25.7s)

    vN Entropy at center bond b=150 = 0.531770084060
    Eigs at center bond b=150: 0.8733 0.0663 0.0322 0.0213 0.0054 
    Largest link dim during sweep 81/87 was 342
    Largest truncation error: 8.92046e-13
    Energy after sweep 81/87 is -64.423306796278
    Sweep 81/87 CPU time = 17m, 29s (Wall time = 1m, 7.5s)

    vN Entropy at center bond b=150 = 0.531770084060
    Eigs at center bond b=150: 0.8733 0.0663 0.0322 0.0213 0.0054 
    Largest link dim during sweep 82/87 was 342
    Largest truncation error: 8.91912e-13
    Energy after sweep 82/87 is -64.423306796279
    Sweep 82/87 CPU time = 17m, 33s (Wall time = 1m, 7.7s)

    vN Entropy at center bond b=150 = 0.531770208877
    Eigs at center bond b=150: 0.8733 0.0663 0.0322 0.0213 0.0054 
    Largest link dim during sweep 83/87 was 321
    Largest truncation error: 8.74603e-13
    Energy after sweep 83/87 is -64.423306795300
    Sweep 83/87 CPU time = 12m, 39s (Wall time = 48.81s)

    vN Entropy at center bond b=150 = 0.531770217034
    Eigs at center bond b=150: 0.8733 0.0663 0.0322 0.0213 0.0054 
    Largest link dim during sweep 84/87 was 569
    Largest truncation error: 8.76361e-15
    Energy after sweep 84/87 is -64.423306799883
    Sweep 84/87 CPU time = 38m, 6s (Wall time = 2m, 34.6s)

    vN Entropy at center bond b=150 = 0.531770218284
    Eigs at center bond b=150: 0.8733 0.0663 0.0322 0.0213 0.0054 
    Largest link dim during sweep 85/87 was 580
    Largest truncation error: 8.78251e-15
    Energy after sweep 85/87 is -64.423306799902
    Sweep 85/87 CPU time = 59m, 47s (Wall time = 3m, 55.9s)

    vN Entropy at center bond b=150 = 0.531770218322
    Eigs at center bond b=150: 0.8733 0.0663 0.0322 0.0213 0.0054 
    Largest link dim during sweep 86/87 was 579
    Largest truncation error: 8.77772e-15
    Energy after sweep 86/87 is -64.423306799903
    Sweep 86/87 CPU time = 55m, 54s (Wall time = 3m, 36.5s)

    vN Entropy at center bond b=150 = 0.531770218325
    Eigs at center bond b=150: 0.8733 0.0663 0.0322 0.0213 0.0054 
    Largest link dim during sweep 87/87 was 579
    Largest truncation error: 8.7437e-15
    Energy after sweep 87/87 is -64.423306799905
    Sweep 87/87 CPU time = 56m, 43s (Wall time = 3m, 41.5s)
Initial energy = 150.00000

Ground State Energy = -64.4233067999
run_outputs/outputpsi/N_300_sweep_87_t_0.030000_J_1.000000_V_0.600000_D_0.018000_U_5.000000_mu_1.000000_E_0.100000 converge
Wall-clock time (s) = 10215.880485
