//////////////////////////
Reading input file ......

Got input.N = 303
Got input.t = 0.03
Got input.J = 1
Got input.V = 0.6
Got input.D = 0.018
Got input.U = 0.5
Got input.mu = 0
Got input.E = 0.2
Got input.nsweeps = 87
Sweeps:
1  MaxDim=20, MinDim=20, Cutoff=1.0E-06, Niter=8, Noise=1.0E-05
2  MaxDim=20, MinDim=20, Cutoff=1.0E-06, Niter=8, Noise=1.0E-05
3  MaxDim=20, MinDim=20, Cutoff=1.0E-06, Niter=8, Noise=1.0E-05
4  MaxDim=20, MinDim=20, Cutoff=1.0E-06, Niter=8, Noise=1.0E-05
5  MaxDim=20, MinDim=20, Cutoff=1.0E-06, Niter=8, Noise=1.0E-05
6  MaxDim=20, MinDim=20, Cutoff=1.0E-06, Niter=8, Noise=1.0E-05
7  MaxDim=20, MinDim=20, Cutoff=1.0E-06, Niter=8, Noise=1.0E-05
8  MaxDim=40, MinDim=20, Cutoff=1.0E-06, Niter=4, Noise=1.0E-05
9  MaxDim=40, MinDim=20, Cutoff=1.0E-06, Niter=4, Noise=1.0E-05
10  MaxDim=40, MinDim=20, Cutoff=1.0E-06, Niter=4, Noise=1.0E-05
11  MaxDim=40, MinDim=20, Cutoff=1.0E-06, Niter=4, Noise=1.0E-05
12  MaxDim=40, MinDim=20, Cutoff=1.0E-06, Niter=4, Noise=1.0E-05
13  MaxDim=40, MinDim=20, Cutoff=1.0E-06, Niter=4, Noise=1.0E-05
14  MaxDim=40, MinDim=20, Cutoff=1.0E-06, Niter=4, Noise=1.0E-05
15  MaxDim=80, MinDim=10, Cutoff=1.0E-06, Niter=4, Noise=1.0E-05
16  MaxDim=80, MinDim=10, Cutoff=1.0E-06, Niter=4, Noise=1.0E-05
17  MaxDim=80, MinDim=10, Cutoff=1.0E-06, Niter=4, Noise=1.0E-05
18  MaxDim=80, MinDim=10, Cutoff=1.0E-06, Niter=4, Noise=1.0E-05
19  MaxDim=80, MinDim=10, Cutoff=1.0E-06, Niter=4, Noise=1.0E-05
20  MaxDim=80, MinDim=10, Cutoff=1.0E-06, Niter=4, Noise=1.0E-05
21  MaxDim=80, MinDim=10, Cutoff=1.0E-06, Niter=4, Noise=1.0E-05
22  MaxDim=80, MinDim=10, Cutoff=1.0E-06, Niter=4, Noise=1.0E-05
23  MaxDim=80, MinDim=10, Cutoff=1.0E-06, Niter=4, Noise=1.0E-05
24  MaxDim=80, MinDim=10, Cutoff=1.0E-06, Niter=4, Noise=1.0E-05
25  MaxDim=80, MinDim=10, Cutoff=1.0E-06, Niter=4, Noise=1.0E-05
26  MaxDim=80, MinDim=10, Cutoff=1.0E-06, Niter=4, Noise=1.0E-05
27  MaxDim=80, MinDim=10, Cutoff=1.0E-06, Niter=4, Noise=1.0E-05
28  MaxDim=80, MinDim=10, Cutoff=1.0E-06, Niter=4, Noise=1.0E-05
29  MaxDim=80, MinDim=10, Cutoff=1.0E-06, Niter=4, Noise=1.0E-05
30  MaxDim=80, MinDim=10, Cutoff=1.0E-06, Niter=4, Noise=1.0E-05
31  MaxDim=80, MinDim=10, Cutoff=1.0E-06, Niter=4, Noise=1.0E-05
32  MaxDim=80, MinDim=10, Cutoff=1.0E-06, Niter=4, Noise=1.0E-05
33  MaxDim=80, MinDim=10, Cutoff=1.0E-06, Niter=4, Noise=1.0E-05
34  MaxDim=80, MinDim=10, Cutoff=1.0E-06, Niter=4, Noise=1.0E-05
35  MaxDim=80, MinDim=10, Cutoff=1.0E-06, Niter=4, Noise=1.0E-05
36  MaxDim=80, MinDim=10, Cutoff=1.0E-06, Niter=4, Noise=1.0E-05
37  MaxDim=160, MinDim=10, Cutoff=1.0E-08, Niter=4, Noise=1.0E-06
38  MaxDim=160, MinDim=10, Cutoff=1.0E-08, Niter=4, Noise=1.0E-06
39  MaxDim=160, MinDim=10, Cutoff=1.0E-08, Niter=4, Noise=1.0E-06
40  MaxDim=160, MinDim=10, Cutoff=1.0E-08, Niter=4, Noise=1.0E-06
41  MaxDim=160, MinDim=10, Cutoff=1.0E-08, Niter=4, Noise=1.0E-06
42  MaxDim=160, MinDim=10, Cutoff=1.0E-08, Niter=4, Noise=1.0E-06
43  MaxDim=160, MinDim=10, Cutoff=1.0E-08, Niter=4, Noise=1.0E-06
44  MaxDim=160, MinDim=10, Cutoff=1.0E-08, Niter=4, Noise=1.0E-06
45  MaxDim=160, MinDim=10, Cutoff=1.0E-08, Niter=4, Noise=1.0E-06
46  MaxDim=160, MinDim=10, Cutoff=1.0E-08, Niter=4, Noise=1.0E-06
47  MaxDim=160, MinDim=10, Cutoff=1.0E-08, Niter=4, Noise=1.0E-06
48  MaxDim=160, MinDim=10, Cutoff=1.0E-08, Niter=4, Noise=1.0E-06
49  MaxDim=160, MinDim=10, Cutoff=1.0E-08, Niter=4, Noise=1.0E-06
50  MaxDim=160, MinDim=10, Cutoff=1.0E-08, Niter=4, Noise=1.0E-06
51  MaxDim=160, MinDim=10, Cutoff=1.0E-08, Niter=4, Noise=1.0E-06
52  MaxDim=160, MinDim=10, Cutoff=1.0E-08, Niter=4, Noise=1.0E-06
53  MaxDim=160, MinDim=10, Cutoff=1.0E-08, Niter=4, Noise=1.0E-06
54  MaxDim=160, MinDim=10, Cutoff=1.0E-08, Niter=4, Noise=1.0E-06
55  MaxDim=160, MinDim=10, Cutoff=1.0E-08, Niter=4, Noise=1.0E-06
56  MaxDim=160, MinDim=10, Cutoff=1.0E-08, Niter=4, Noise=1.0E-06
57  MaxDim=160, MinDim=10, Cutoff=1.0E-08, Niter=4, Noise=1.0E-06
58  MaxDim=160, MinDim=10, Cutoff=1.0E-08, Niter=4, Noise=1.0E-06
59  MaxDim=320, MinDim=10, Cutoff=1.0E-10, Niter=4, Noise=1.0E-07
60  MaxDim=320, MinDim=10, Cutoff=1.0E-10, Niter=4, Noise=1.0E-07
61  MaxDim=320, MinDim=10, Cutoff=1.0E-10, Niter=4, Noise=1.0E-07
62  MaxDim=320, MinDim=10, Cutoff=1.0E-10, Niter=4, Noise=1.0E-07
63  MaxDim=320, MinDim=10, Cutoff=1.0E-10, Niter=4, Noise=1.0E-07
64  MaxDim=320, MinDim=10, Cutoff=1.0E-10, Niter=4, Noise=1.0E-07
65  MaxDim=320, MinDim=10, Cutoff=1.0E-10, Niter=4, Noise=1.0E-07
66  MaxDim=320, MinDim=10, Cutoff=1.0E-10, Niter=4, Noise=1.0E-07
67  MaxDim=320, MinDim=10, Cutoff=1.0E-10, Niter=4, Noise=1.0E-07
68  MaxDim=320, MinDim=10, Cutoff=1.0E-10, Niter=4, Noise=1.0E-07
69  MaxDim=320, MinDim=10, Cutoff=1.0E-10, Niter=4, Noise=1.0E-07
70  MaxDim=320, MinDim=10, Cutoff=1.0E-10, Niter=4, Noise=1.0E-07
71  MaxDim=320, MinDim=10, Cutoff=1.0E-10, Niter=4, Noise=1.0E-07
72  MaxDim=320, MinDim=10, Cutoff=1.0E-10, Niter=4, Noise=1.0E-07
73  MaxDim=320, MinDim=10, Cutoff=1.0E-10, Niter=4, Noise=1.0E-07
74  MaxDim=320, MinDim=10, Cutoff=1.0E-10, Niter=4, Noise=1.0E-07
75  MaxDim=640, MinDim=10, Cutoff=1.0E-12, Niter=2, Noise=1.0E-08
76  MaxDim=640, MinDim=10, Cutoff=1.0E-12, Niter=2, Noise=1.0E-08
77  MaxDim=640, MinDim=10, Cutoff=1.0E-12, Niter=2, Noise=1.0E-08
78  MaxDim=640, MinDim=10, Cutoff=1.0E-12, Niter=2, Noise=1.0E-08
79  MaxDim=640, MinDim=10, Cutoff=1.0E-12, Niter=2, Noise=1.0E-08
80  MaxDim=640, MinDim=10, Cutoff=1.0E-12, Niter=2, Noise=1.0E-08
81  MaxDim=640, MinDim=10, Cutoff=1.0E-12, Niter=2, Noise=1.0E-08
82  MaxDim=640, MinDim=10, Cutoff=1.0E-12, Niter=2, Noise=1.0E-08
83  MaxDim=1280, MinDim=10, Cutoff=1.0E-12, Niter=2, Noise=0.0E+00
84  MaxDim=1280, MinDim=10, Cutoff=1.0E-14, Niter=2, Noise=0.0E+00
85  MaxDim=1280, MinDim=10, Cutoff=1.0E-14, Niter=2, Noise=0.0E+00
86  MaxDim=1280, MinDim=10, Cutoff=1.0E-14, Niter=2, Noise=0.0E+00
87  MaxDim=1280, MinDim=10, Cutoff=1.0E-14, Niter=2, Noise=0.0E+00


    vN Entropy at center bond b=151 = 0.768870908273
    Eigs at center bond b=151: 0.6849 0.2820 0.0181 0.0067 0.0064 0.0013 
    Largest link dim during sweep 1/87 was 20
    Largest truncation error: 2.62483e-06
    Energy after sweep 1/87 is -176.757666179664
    Sweep 1/87 CPU time = 18.09s (Wall time = 1.175s)

    vN Entropy at center bond b=151 = 0.793891170519
    Eigs at center bond b=151: 0.6645 0.3001 0.0193 0.0078 0.0060 0.0016 
    Largest link dim during sweep 2/87 was 20
    Largest truncation error: 2.11092e-06
    Energy after sweep 2/87 is -176.763424485975
    Sweep 2/87 CPU time = 25.19s (Wall time = 1.613s)

    vN Entropy at center bond b=151 = 0.793984227520
    Eigs at center bond b=151: 0.6645 0.3001 0.0193 0.0078 0.0060 0.0016 
    Largest link dim during sweep 3/87 was 20
    Largest truncation error: 2.27319e-06
    Energy after sweep 3/87 is -176.763442688556
    Sweep 3/87 CPU time = 25.18s (Wall time = 1.613s)

    vN Entropy at center bond b=151 = 0.793985806469
    Eigs at center bond b=151: 0.6645 0.3001 0.0193 0.0078 0.0060 0.0016 
    Largest link dim during sweep 4/87 was 20
    Largest truncation error: 2.28432e-06
    Energy after sweep 4/87 is -176.763442998962
    Sweep 4/87 CPU time = 25.09s (Wall time = 1.612s)

    vN Entropy at center bond b=151 = 0.793985863672
    Eigs at center bond b=151: 0.6645 0.3001 0.0193 0.0078 0.0060 0.0016 
    Largest link dim during sweep 5/87 was 20
    Largest truncation error: 2.28748e-06
    Energy after sweep 5/87 is -176.763442966852
    Sweep 5/87 CPU time = 25.09s (Wall time = 1.610s)

    vN Entropy at center bond b=151 = 0.793985869066
    Eigs at center bond b=151: 0.6645 0.3001 0.0193 0.0078 0.0060 0.0016 
    Largest link dim during sweep 6/87 was 20
    Largest truncation error: 2.28847e-06
    Energy after sweep 6/87 is -176.763442946380
    Sweep 6/87 CPU time = 25.22s (Wall time = 1.613s)

    vN Entropy at center bond b=151 = 0.793985869781
    Eigs at center bond b=151: 0.6645 0.3001 0.0193 0.0078 0.0060 0.0016 
    Largest link dim during sweep 7/87 was 20
    Largest truncation error: 2.28879e-06
    Energy after sweep 7/87 is -176.763442937776
    Sweep 7/87 CPU time = 25.19s (Wall time = 1.613s)

    vN Entropy at center bond b=151 = 0.794255279202
    Eigs at center bond b=151: 0.6644 0.3001 0.0193 0.0078 0.0060 0.0016 
    Largest link dim during sweep 8/87 was 27
    Largest truncation error: 7.50682e-07
    Energy after sweep 8/87 is -176.764597890891
    Sweep 8/87 CPU time = 14.72s (Wall time = 0.940s)

    vN Entropy at center bond b=151 = 0.794397047095
    Eigs at center bond b=151: 0.6644 0.3001 0.0193 0.0078 0.0060 0.0016 
    Largest link dim during sweep 9/87 was 27
    Largest truncation error: 7.49593e-07
    Energy after sweep 9/87 is -176.764642637899
    Sweep 9/87 CPU time = 15.31s (Wall time = 0.981s)

    vN Entropy at center bond b=151 = 0.794398191931
    Eigs at center bond b=151: 0.6644 0.3001 0.0193 0.0078 0.0060 0.0016 
    Largest link dim during sweep 10/87 was 27
    Largest truncation error: 7.51235e-07
    Energy after sweep 10/87 is -176.764643796169
    Sweep 10/87 CPU time = 15.40s (Wall time = 0.986s)

    vN Entropy at center bond b=151 = 0.794398110801
    Eigs at center bond b=151: 0.6644 0.3001 0.0193 0.0078 0.0060 0.0016 
    Largest link dim during sweep 11/87 was 27
    Largest truncation error: 7.52459e-07
    Energy after sweep 11/87 is -176.764643702335
    Sweep 11/87 CPU time = 15.36s (Wall time = 0.984s)

    vN Entropy at center bond b=151 = 0.794398104707
    Eigs at center bond b=151: 0.6644 0.3001 0.0193 0.0078 0.0060 0.0016 
    Largest link dim during sweep 12/87 was 27
    Largest truncation error: 7.52632e-07
    Energy after sweep 12/87 is -176.764643689036
    Sweep 12/87 CPU time = 15.36s (Wall time = 0.983s)

    vN Entropy at center bond b=151 = 0.794398104195
    Eigs at center bond b=151: 0.6644 0.3001 0.0193 0.0078 0.0060 0.0016 
    Largest link dim during sweep 13/87 was 27
    Largest truncation error: 7.52657e-07
    Energy after sweep 13/87 is -176.764643687166
    Sweep 13/87 CPU time = 15.39s (Wall time = 0.983s)

    vN Entropy at center bond b=151 = 0.794398104142
    Eigs at center bond b=151: 0.6644 0.3001 0.0193 0.0078 0.0060 0.0016 
    Largest link dim during sweep 14/87 was 27
    Largest truncation error: 7.5266e-07
    Energy after sweep 14/87 is -176.764643686837
    Sweep 14/87 CPU time = 15.38s (Wall time = 0.984s)

    vN Entropy at center bond b=151 = 0.794398104167
    Eigs at center bond b=151: 0.6644 0.3001 0.0193 0.0078 0.0060 0.0016 
    Largest link dim during sweep 15/87 was 27
    Largest truncation error: 7.59537e-07
    Energy after sweep 15/87 is -176.764634667324
    Sweep 15/87 CPU time = 15.31s (Wall time = 0.985s)

    vN Entropy at center bond b=151 = 0.794398104166
    Eigs at center bond b=151: 0.6644 0.3001 0.0193 0.0078 0.0060 0.0016 
    Largest link dim during sweep 16/87 was 27
    Largest truncation error: 7.52112e-07
    Energy after sweep 16/87 is -176.764634714795
    Sweep 16/87 CPU time = 15.29s (Wall time = 0.980s)

    vN Entropy at center bond b=151 = 0.794398104166
    Eigs at center bond b=151: 0.6644 0.3001 0.0193 0.0078 0.0060 0.0016 
    Largest link dim during sweep 17/87 was 27
    Largest truncation error: 7.51462e-07
    Energy after sweep 17/87 is -176.764634720442
    Sweep 17/87 CPU time = 15.35s (Wall time = 0.981s)

    vN Entropy at center bond b=151 = 0.794398104166
    Eigs at center bond b=151: 0.6644 0.3001 0.0193 0.0078 0.0060 0.0016 
    Largest link dim during sweep 18/87 was 27
    Largest truncation error: 7.51362e-07
    Energy after sweep 18/87 is -176.764634721222
    Sweep 18/87 CPU time = 15.30s (Wall time = 0.980s)

    vN Entropy at center bond b=151 = 0.794398104166
    Eigs at center bond b=151: 0.6644 0.3001 0.0193 0.0078 0.0060 0.0016 
    Largest link dim during sweep 19/87 was 27
    Largest truncation error: 7.51346e-07
    Energy after sweep 19/87 is -176.764634721261
    Sweep 19/87 CPU time = 15.43s (Wall time = 0.985s)

    vN Entropy at center bond b=151 = 0.794398104166
    Eigs at center bond b=151: 0.6644 0.3001 0.0193 0.0078 0.0060 0.0016 
    Largest link dim during sweep 20/87 was 27
    Largest truncation error: 7.51344e-07
    Energy after sweep 20/87 is -176.764634721177
    Sweep 20/87 CPU time = 15.39s (Wall time = 0.982s)

    vN Entropy at center bond b=151 = 0.794398104166
    Eigs at center bond b=151: 0.6644 0.3001 0.0193 0.0078 0.0060 0.0016 
    Largest link dim during sweep 21/87 was 27
    Largest truncation error: 7.51343e-07
    Energy after sweep 21/87 is -176.764634721063
    Sweep 21/87 CPU time = 15.35s (Wall time = 0.981s)

    vN Entropy at center bond b=151 = 0.794398104166
    Eigs at center bond b=151: 0.6644 0.3001 0.0193 0.0078 0.0060 0.0016 
    Largest link dim during sweep 22/87 was 27
    Largest truncation error: 7.51343e-07
    Energy after sweep 22/87 is -176.764634720937
    Sweep 22/87 CPU time = 15.28s (Wall time = 0.977s)

    vN Entropy at center bond b=151 = 0.794398104166
    Eigs at center bond b=151: 0.6644 0.3001 0.0193 0.0078 0.0060 0.0016 
    Largest link dim during sweep 23/87 was 27
    Largest truncation error: 7.51342e-07
    Energy after sweep 23/87 is -176.764634720798
    Sweep 23/87 CPU time = 15.28s (Wall time = 0.979s)

    vN Entropy at center bond b=151 = 0.794398104166
    Eigs at center bond b=151: 0.6644 0.3001 0.0193 0.0078 0.0060 0.0016 
    Largest link dim during sweep 24/87 was 27
    Largest truncation error: 7.51342e-07
    Energy after sweep 24/87 is -176.764634720647
    Sweep 24/87 CPU time = 15.35s (Wall time = 0.982s)

    vN Entropy at center bond b=151 = 0.794398104166
    Eigs at center bond b=151: 0.6644 0.3001 0.0193 0.0078 0.0060 0.0016 
    Largest link dim during sweep 25/87 was 27
    Largest truncation error: 7.51342e-07
    Energy after sweep 25/87 is -176.764634720486
    Sweep 25/87 CPU time = 15.34s (Wall time = 0.980s)

    vN Entropy at center bond b=151 = 0.794398104166
    Eigs at center bond b=151: 0.6644 0.3001 0.0193 0.0078 0.0060 0.0016 
    Largest link dim during sweep 26/87 was 27
    Largest truncation error: 7.51341e-07
    Energy after sweep 26/87 is -176.764634720303
    Sweep 26/87 CPU time = 15.35s (Wall time = 0.985s)

    vN Entropy at center bond b=151 = 0.794398104166
    Eigs at center bond b=151: 0.6644 0.3001 0.0193 0.0078 0.0060 0.0016 
    Largest link dim during sweep 27/87 was 27
    Largest truncation error: 7.51341e-07
    Energy after sweep 27/87 is -176.764634720110
    Sweep 27/87 CPU time = 15.31s (Wall time = 0.978s)

    vN Entropy at center bond b=151 = 0.794398104166
    Eigs at center bond b=151: 0.6644 0.3001 0.0193 0.0078 0.0060 0.0016 
    Largest link dim during sweep 28/87 was 27
    Largest truncation error: 7.5134e-07
    Energy after sweep 28/87 is -176.764634719895
    Sweep 28/87 CPU time = 15.28s (Wall time = 0.976s)

    vN Entropy at center bond b=151 = 0.794398104166
    Eigs at center bond b=151: 0.6644 0.3001 0.0193 0.0078 0.0060 0.0016 
    Largest link dim during sweep 29/87 was 27
    Largest truncation error: 7.5134e-07
    Energy after sweep 29/87 is -176.764634719660
    Sweep 29/87 CPU time = 15.33s (Wall time = 0.981s)

    vN Entropy at center bond b=151 = 0.794398104166
    Eigs at center bond b=151: 0.6644 0.3001 0.0193 0.0078 0.0060 0.0016 
    Largest link dim during sweep 30/87 was 27
    Largest truncation error: 7.51339e-07
    Energy after sweep 30/87 is -176.764634719401
    Sweep 30/87 CPU time = 15.37s (Wall time = 0.981s)

    vN Entropy at center bond b=151 = 0.794398104166
    Eigs at center bond b=151: 0.6644 0.3001 0.0193 0.0078 0.0060 0.0016 
    Largest link dim during sweep 31/87 was 27
    Largest truncation error: 7.51338e-07
    Energy after sweep 31/87 is -176.764634719113
    Sweep 31/87 CPU time = 15.34s (Wall time = 0.982s)

    vN Entropy at center bond b=151 = 0.794398104166
    Eigs at center bond b=151: 0.6644 0.3001 0.0193 0.0078 0.0060 0.0016 
    Largest link dim during sweep 32/87 was 27
    Largest truncation error: 7.51338e-07
    Energy after sweep 32/87 is -176.764634718797
    Sweep 32/87 CPU time = 15.27s (Wall time = 0.973s)

    vN Entropy at center bond b=151 = 0.794398104166
    Eigs at center bond b=151: 0.6644 0.3001 0.0193 0.0078 0.0060 0.0016 
    Largest link dim during sweep 33/87 was 27
    Largest truncation error: 7.51337e-07
    Energy after sweep 33/87 is -176.764634718438
    Sweep 33/87 CPU time = 15.31s (Wall time = 0.980s)

    vN Entropy at center bond b=151 = 0.794398104166
    Eigs at center bond b=151: 0.6644 0.3001 0.0193 0.0078 0.0060 0.0016 
    Largest link dim during sweep 34/87 was 27
    Largest truncation error: 7.51336e-07
    Energy after sweep 34/87 is -176.764634718044
    Sweep 34/87 CPU time = 15.39s (Wall time = 0.986s)

    vN Entropy at center bond b=151 = 0.794398104166
    Eigs at center bond b=151: 0.6644 0.3001 0.0193 0.0078 0.0060 0.0016 
    Largest link dim during sweep 35/87 was 27
    Largest truncation error: 7.51335e-07
    Energy after sweep 35/87 is -176.764634717600
    Sweep 35/87 CPU time = 15.34s (Wall time = 0.978s)

    vN Entropy at center bond b=151 = 0.794398104166
    Eigs at center bond b=151: 0.6644 0.3001 0.0193 0.0078 0.0060 0.0016 
    Largest link dim during sweep 36/87 was 27
    Largest truncation error: 7.51334e-07
    Energy after sweep 36/87 is -176.764634717096
    Sweep 36/87 CPU time = 15.32s (Wall time = 0.980s)

    vN Entropy at center bond b=151 = 0.795062131980
    Eigs at center bond b=151: 0.6641 0.3003 0.0194 0.0079 0.0060 0.0016 
    Largest link dim during sweep 37/87 was 54
    Largest truncation error: 7.60464e-09
    Energy after sweep 37/87 is -176.765739570430
    Sweep 37/87 CPU time = 34.10s (Wall time = 2.192s)

    vN Entropy at center bond b=151 = 0.795122785979
    Eigs at center bond b=151: 0.6641 0.3003 0.0194 0.0079 0.0060 0.0016 
    Largest link dim during sweep 38/87 was 56
    Largest truncation error: 7.60412e-09
    Energy after sweep 38/87 is -176.765746315453
    Sweep 38/87 CPU time = 47.87s (Wall time = 3.071s)

    vN Entropy at center bond b=151 = 0.795125368875
    Eigs at center bond b=151: 0.6641 0.3003 0.0194 0.0079 0.0060 0.0016 
    Largest link dim during sweep 39/87 was 56
    Largest truncation error: 7.60363e-09
    Energy after sweep 39/87 is -176.765747142667
    Sweep 39/87 CPU time = 50.38s (Wall time = 3.231s)

    vN Entropy at center bond b=151 = 0.795125477127
    Eigs at center bond b=151: 0.6641 0.3003 0.0194 0.0079 0.0060 0.0016 
    Largest link dim during sweep 40/87 was 56
    Largest truncation error: 7.6036e-09
    Energy after sweep 40/87 is -176.765747171670
    Sweep 40/87 CPU time = 49.44s (Wall time = 3.187s)

    vN Entropy at center bond b=151 = 0.795125480508
    Eigs at center bond b=151: 0.6641 0.3003 0.0194 0.0079 0.0060 0.0016 
    Largest link dim during sweep 41/87 was 56
    Largest truncation error: 7.60359e-09
    Energy after sweep 41/87 is -176.765747171503
    Sweep 41/87 CPU time = 49.36s (Wall time = 3.171s)

    vN Entropy at center bond b=151 = 0.795125480632
    Eigs at center bond b=151: 0.6641 0.3003 0.0194 0.0079 0.0060 0.0016 
    Largest link dim during sweep 42/87 was 56
    Largest truncation error: 7.60359e-09
    Energy after sweep 42/87 is -176.765747171441
    Sweep 42/87 CPU time = 49.63s (Wall time = 3.179s)

    vN Entropy at center bond b=151 = 0.795125480637
    Eigs at center bond b=151: 0.6641 0.3003 0.0194 0.0079 0.0060 0.0016 
    Largest link dim during sweep 43/87 was 56
    Largest truncation error: 7.60359e-09
    Energy after sweep 43/87 is -176.765747171421
    Sweep 43/87 CPU time = 49.47s (Wall time = 3.168s)

    vN Entropy at center bond b=151 = 0.795125480637
    Eigs at center bond b=151: 0.6641 0.3003 0.0194 0.0079 0.0060 0.0016 
    Largest link dim during sweep 44/87 was 56
    Largest truncation error: 7.60359e-09
    Energy after sweep 44/87 is -176.765747171413
    Sweep 44/87 CPU time = 49.40s (Wall time = 3.170s)

    vN Entropy at center bond b=151 = 0.795125480637
    Eigs at center bond b=151: 0.6641 0.3003 0.0194 0.0079 0.0060 0.0016 
    Largest link dim during sweep 45/87 was 56
    Largest truncation error: 7.60359e-09
    Energy after sweep 45/87 is -176.765747171411
    Sweep 45/87 CPU time = 49.44s (Wall time = 3.169s)

    vN Entropy at center bond b=151 = 0.795125480637
    Eigs at center bond b=151: 0.6641 0.3003 0.0194 0.0079 0.0060 0.0016 
    Largest link dim during sweep 46/87 was 56
    Largest truncation error: 7.60359e-09
    Energy after sweep 46/87 is -176.765747171409
    Sweep 46/87 CPU time = 49.41s (Wall time = 3.167s)

    vN Entropy at center bond b=151 = 0.795125480637
    Eigs at center bond b=151: 0.6641 0.3003 0.0194 0.0079 0.0060 0.0016 
    Largest link dim during sweep 47/87 was 56
    Largest truncation error: 7.60359e-09
    Energy after sweep 47/87 is -176.765747171405
    Sweep 47/87 CPU time = 49.45s (Wall time = 3.191s)

    vN Entropy at center bond b=151 = 0.795125480637
    Eigs at center bond b=151: 0.6641 0.3003 0.0194 0.0079 0.0060 0.0016 
    Largest link dim during sweep 48/87 was 56
    Largest truncation error: 7.60359e-09
    Energy after sweep 48/87 is -176.765747171407
    Sweep 48/87 CPU time = 49.36s (Wall time = 3.165s)

    vN Entropy at center bond b=151 = 0.795125480637
    Eigs at center bond b=151: 0.6641 0.3003 0.0194 0.0079 0.0060 0.0016 
    Largest link dim during sweep 49/87 was 56
    Largest truncation error: 7.60359e-09
    Energy after sweep 49/87 is -176.765747171404
    Sweep 49/87 CPU time = 49.44s (Wall time = 3.170s)

    vN Entropy at center bond b=151 = 0.795125480637
    Eigs at center bond b=151: 0.6641 0.3003 0.0194 0.0079 0.0060 0.0016 
    Largest link dim during sweep 50/87 was 56
    Largest truncation error: 7.60359e-09
    Energy after sweep 50/87 is -176.765747171408
    Sweep 50/87 CPU time = 49.47s (Wall time = 3.169s)

    vN Entropy at center bond b=151 = 0.795125480637
    Eigs at center bond b=151: 0.6641 0.3003 0.0194 0.0079 0.0060 0.0016 
    Largest link dim during sweep 51/87 was 56
    Largest truncation error: 7.60359e-09
    Energy after sweep 51/87 is -176.765747171409
    Sweep 51/87 CPU time = 49.51s (Wall time = 3.171s)

    vN Entropy at center bond b=151 = 0.795125480637
    Eigs at center bond b=151: 0.6641 0.3003 0.0194 0.0079 0.0060 0.0016 
    Largest link dim during sweep 52/87 was 56
    Largest truncation error: 7.60359e-09
    Energy after sweep 52/87 is -176.765747171410
    Sweep 52/87 CPU time = 49.45s (Wall time = 3.170s)

    vN Entropy at center bond b=151 = 0.795125480637
    Eigs at center bond b=151: 0.6641 0.3003 0.0194 0.0079 0.0060 0.0016 
    Largest link dim during sweep 53/87 was 56
    Largest truncation error: 7.60359e-09
    Energy after sweep 53/87 is -176.765747171407
    Sweep 53/87 CPU time = 49.28s (Wall time = 3.164s)

    vN Entropy at center bond b=151 = 0.795125480637
    Eigs at center bond b=151: 0.6641 0.3003 0.0194 0.0079 0.0060 0.0016 
    Largest link dim during sweep 54/87 was 56
    Largest truncation error: 7.60359e-09
    Energy after sweep 54/87 is -176.765747171408
    Sweep 54/87 CPU time = 49.52s (Wall time = 3.169s)

    vN Entropy at center bond b=151 = 0.795125480637
    Eigs at center bond b=151: 0.6641 0.3003 0.0194 0.0079 0.0060 0.0016 
    Largest link dim during sweep 55/87 was 56
    Largest truncation error: 7.60359e-09
    Energy after sweep 55/87 is -176.765747171407
    Sweep 55/87 CPU time = 49.51s (Wall time = 3.176s)

    vN Entropy at center bond b=151 = 0.795125480637
    Eigs at center bond b=151: 0.6641 0.3003 0.0194 0.0079 0.0060 0.0016 
    Largest link dim during sweep 56/87 was 56
    Largest truncation error: 7.60359e-09
    Energy after sweep 56/87 is -176.765747171410
    Sweep 56/87 CPU time = 49.33s (Wall time = 3.159s)

    vN Entropy at center bond b=151 = 0.795125480637
    Eigs at center bond b=151: 0.6641 0.3003 0.0194 0.0079 0.0060 0.0016 
    Largest link dim during sweep 57/87 was 56
    Largest truncation error: 7.60359e-09
    Energy after sweep 57/87 is -176.765747171406
    Sweep 57/87 CPU time = 49.39s (Wall time = 3.171s)

    vN Entropy at center bond b=151 = 0.795125480637
    Eigs at center bond b=151: 0.6641 0.3003 0.0194 0.0079 0.0060 0.0016 
    Largest link dim during sweep 58/87 was 56
    Largest truncation error: 7.60359e-09
    Energy after sweep 58/87 is -176.765747171408
    Sweep 58/87 CPU time = 49.22s (Wall time = 3.155s)

    vN Entropy at center bond b=151 = 0.795164058643
    Eigs at center bond b=151: 0.6640 0.3004 0.0194 0.0079 0.0060 0.0016 
    Largest link dim during sweep 59/87 was 105
    Largest truncation error: 8.22746e-11
    Energy after sweep 59/87 is -176.765760667241
    Sweep 59/87 CPU time = 2m, 27.5s (Wall time = 9.487s)

    vN Entropy at center bond b=151 = 0.795165235198
    Eigs at center bond b=151: 0.6640 0.3004 0.0194 0.0079 0.0060 0.0016 
    Largest link dim during sweep 60/87 was 107
    Largest truncation error: 8.22857e-11
    Energy after sweep 60/87 is -176.765760719198
    Sweep 60/87 CPU time = 3m, 13.5s (Wall time = 12.49s)

    vN Entropy at center bond b=151 = 0.795165255793
    Eigs at center bond b=151: 0.6640 0.3004 0.0194 0.0079 0.0060 0.0016 
    Largest link dim during sweep 61/87 was 107
    Largest truncation error: 8.22857e-11
    Energy after sweep 61/87 is -176.765760719824
    Sweep 61/87 CPU time = 2m, 59.3s (Wall time = 11.51s)

    vN Entropy at center bond b=151 = 0.795165256332
    Eigs at center bond b=151: 0.6640 0.3004 0.0194 0.0079 0.0060 0.0016 
    Largest link dim during sweep 62/87 was 107
    Largest truncation error: 8.22858e-11
    Energy after sweep 62/87 is -176.765760719904
    Sweep 62/87 CPU time = 2m, 59.5s (Wall time = 11.52s)

    vN Entropy at center bond b=151 = 0.795165256358
    Eigs at center bond b=151: 0.6640 0.3004 0.0194 0.0079 0.0060 0.0016 
    Largest link dim during sweep 63/87 was 107
    Largest truncation error: 8.22856e-11
    Energy after sweep 63/87 is -176.765760719851
    Sweep 63/87 CPU time = 3m, 0.4s (Wall time = 11.58s)

    vN Entropy at center bond b=151 = 0.795165256360
    Eigs at center bond b=151: 0.6640 0.3004 0.0194 0.0079 0.0060 0.0016 
    Largest link dim during sweep 64/87 was 107
    Largest truncation error: 8.22856e-11
    Energy after sweep 64/87 is -176.765760719856
    Sweep 64/87 CPU time = 3m, 0.4s (Wall time = 11.58s)

    vN Entropy at center bond b=151 = 0.795165256361
    Eigs at center bond b=151: 0.6640 0.3004 0.0194 0.0079 0.0060 0.0016 
    Largest link dim during sweep 65/87 was 107
    Largest truncation error: 8.22856e-11
    Energy after sweep 65/87 is -176.765760719856
    Sweep 65/87 CPU time = 3m, 0.2s (Wall time = 11.56s)

    vN Entropy at center bond b=151 = 0.795165256361
    Eigs at center bond b=151: 0.6640 0.3004 0.0194 0.0079 0.0060 0.0016 
    Largest link dim during sweep 66/87 was 107
    Largest truncation error: 8.22855e-11
    Energy after sweep 66/87 is -176.765760719856
    Sweep 66/87 CPU time = 3m, 0.7s (Wall time = 11.67s)

    vN Entropy at center bond b=151 = 0.795165256361
    Eigs at center bond b=151: 0.6640 0.3004 0.0194 0.0079 0.0060 0.0016 
    Largest link dim during sweep 67/87 was 107
    Largest truncation error: 8.22856e-11
    Energy after sweep 67/87 is -176.765760719858
    Sweep 67/87 CPU time = 3m, 0.5s (Wall time = 11.59s)

    vN Entropy at center bond b=151 = 0.795165256361
    Eigs at center bond b=151: 0.6640 0.3004 0.0194 0.0079 0.0060 0.0016 
    Largest link dim during sweep 68/87 was 107
    Largest truncation error: 8.22856e-11
    Energy after sweep 68/87 is -176.765760719857
    Sweep 68/87 CPU time = 3m, 0.2s (Wall time = 11.57s)

    vN Entropy at center bond b=151 = 0.795165256361
    Eigs at center bond b=151: 0.6640 0.3004 0.0194 0.0079 0.0060 0.0016 
    Largest link dim during sweep 69/87 was 107
    Largest truncation error: 8.22856e-11
    Energy after sweep 69/87 is -176.765760719858
    Sweep 69/87 CPU time = 3m, 0.2s (Wall time = 11.56s)

    vN Entropy at center bond b=151 = 0.795165256361
    Eigs at center bond b=151: 0.6640 0.3004 0.0194 0.0079 0.0060 0.0016 
    Largest link dim during sweep 70/87 was 107
    Largest truncation error: 8.22857e-11
    Energy after sweep 70/87 is -176.765760719859
    Sweep 70/87 CPU time = 2m, 59.9s (Wall time = 11.54s)

    vN Entropy at center bond b=151 = 0.795165256361
    Eigs at center bond b=151: 0.6640 0.3004 0.0194 0.0079 0.0060 0.0016 
    Largest link dim during sweep 71/87 was 107
    Largest truncation error: 8.22856e-11
    Energy after sweep 71/87 is -176.765760719861
    Sweep 71/87 CPU time = 3m, 0.6s (Wall time = 11.65s)

    vN Entropy at center bond b=151 = 0.795165256361
    Eigs at center bond b=151: 0.6640 0.3004 0.0194 0.0079 0.0060 0.0016 
    Largest link dim during sweep 72/87 was 107
    Largest truncation error: 8.22857e-11
    Energy after sweep 72/87 is -176.765760719860
    Sweep 72/87 CPU time = 3m, 0.0s (Wall time = 11.55s)

    vN Entropy at center bond b=151 = 0.795165256361
    Eigs at center bond b=151: 0.6640 0.3004 0.0194 0.0079 0.0060 0.0016 
    Largest link dim during sweep 73/87 was 107
    Largest truncation error: 8.22858e-11
    Energy after sweep 73/87 is -176.765760719859
    Sweep 73/87 CPU time = 3m, 0.1s (Wall time = 11.55s)

    vN Entropy at center bond b=151 = 0.795165256361
    Eigs at center bond b=151: 0.6640 0.3004 0.0194 0.0079 0.0060 0.0016 
    Largest link dim during sweep 74/87 was 107
    Largest truncation error: 8.22858e-11
    Energy after sweep 74/87 is -176.765760719864
    Sweep 74/87 CPU time = 2m, 60.0s (Wall time = 11.55s)

    vN Entropy at center bond b=151 = 0.795167940187
    Eigs at center bond b=151: 0.6640 0.3004 0.0194 0.0079 0.0060 0.0016 
    Largest link dim during sweep 75/87 was 186
    Largest truncation error: 7.5063e-13
    Energy after sweep 75/87 is -176.765760890242
    Sweep 75/87 CPU time = 5m, 23.8s (Wall time = 22.05s)

    vN Entropy at center bond b=151 = 0.795167988782
    Eigs at center bond b=151: 0.6640 0.3004 0.0194 0.0079 0.0060 0.0016 
    Largest link dim during sweep 76/87 was 189
    Largest truncation error: 7.55436e-13
    Energy after sweep 76/87 is -176.765760890688
    Sweep 76/87 CPU time = 6m, 50.1s (Wall time = 26.81s)

    vN Entropy at center bond b=151 = 0.795167990325
    Eigs at center bond b=151: 0.6640 0.3004 0.0194 0.0079 0.0060 0.0016 
    Largest link dim during sweep 77/87 was 189
    Largest truncation error: 7.55311e-13
    Energy after sweep 77/87 is -176.765760890714
    Sweep 77/87 CPU time = 6m, 59.8s (Wall time = 27.44s)

    vN Entropy at center bond b=151 = 0.795167990610
    Eigs at center bond b=151: 0.6640 0.3004 0.0194 0.0079 0.0060 0.0016 
    Largest link dim during sweep 78/87 was 189
    Largest truncation error: 7.56487e-13
    Energy after sweep 78/87 is -176.765760890711
    Sweep 78/87 CPU time = 7m, 1.9s (Wall time = 27.28s)

    vN Entropy at center bond b=151 = 0.795167990570
    Eigs at center bond b=151: 0.6640 0.3004 0.0194 0.0079 0.0060 0.0016 
    Largest link dim during sweep 79/87 was 189
    Largest truncation error: 7.5677e-13
    Energy after sweep 79/87 is -176.765760890714
    Sweep 79/87 CPU time = 7m, 2.4s (Wall time = 27.27s)

    vN Entropy at center bond b=151 = 0.795167990569
    Eigs at center bond b=151: 0.6640 0.3004 0.0194 0.0079 0.0060 0.0016 
    Largest link dim during sweep 80/87 was 189
    Largest truncation error: 7.5715e-13
    Energy after sweep 80/87 is -176.765760890716
    Sweep 80/87 CPU time = 7m, 12.2s (Wall time = 28.35s)

    vN Entropy at center bond b=151 = 0.795167990569
    Eigs at center bond b=151: 0.6640 0.3004 0.0194 0.0079 0.0060 0.0016 
    Largest link dim during sweep 81/87 was 189
    Largest truncation error: 7.57001e-13
    Energy after sweep 81/87 is -176.765760890714
    Sweep 81/87 CPU time = 7m, 12.7s (Wall time = 28.61s)

    vN Entropy at center bond b=151 = 0.795167990569
    Eigs at center bond b=151: 0.6640 0.3004 0.0194 0.0079 0.0060 0.0016 
    Largest link dim during sweep 82/87 was 189
    Largest truncation error: 7.57059e-13
    Energy after sweep 82/87 is -176.765760890714
    Sweep 82/87 CPU time = 7m, 11.2s (Wall time = 28.42s)

    vN Entropy at center bond b=151 = 0.795168250769
    Eigs at center bond b=151: 0.6640 0.3004 0.0194 0.0079 0.0060 0.0016 
    Largest link dim during sweep 83/87 was 176
    Largest truncation error: 7.5676e-13
    Energy after sweep 83/87 is -176.765760890156
    Sweep 83/87 CPU time = 5m, 24.1s (Wall time = 21.00s)

    vN Entropy at center bond b=151 = 0.795168257411
    Eigs at center bond b=151: 0.6640 0.3004 0.0194 0.0079 0.0060 0.0016 
    Largest link dim during sweep 84/87 was 298
    Largest truncation error: 7.51049e-15
    Energy after sweep 84/87 is -176.765760892718
    Sweep 84/87 CPU time = 14m, 32s (Wall time = 59.09s)

    vN Entropy at center bond b=151 = 0.795168258651
    Eigs at center bond b=151: 0.6640 0.3004 0.0194 0.0079 0.0060 0.0016 
    Largest link dim during sweep 85/87 was 301
    Largest truncation error: 7.67298e-15
    Energy after sweep 85/87 is -176.765760892740
    Sweep 85/87 CPU time = 21m, 8s (Wall time = 1m, 21.4s)

    vN Entropy at center bond b=151 = 0.795168258693
    Eigs at center bond b=151: 0.6640 0.3004 0.0194 0.0079 0.0060 0.0016 
    Largest link dim during sweep 86/87 was 301
    Largest truncation error: 7.6606e-15
    Energy after sweep 86/87 is -176.765760892737
    Sweep 86/87 CPU time = 19m, 36s (Wall time = 1m, 15.8s)

    vN Entropy at center bond b=151 = 0.795168258698
    Eigs at center bond b=151: 0.6640 0.3004 0.0194 0.0079 0.0060 0.0016 
    Largest link dim during sweep 87/87 was 301
    Largest truncation error: 7.66174e-15
    Energy after sweep 87/87 is -176.765760892732
    Sweep 87/87 CPU time = 19m, 41s (Wall time = 1m, 16.1s)
Initial energy = 0.60000

Ground State Energy = -176.7657608927
run_outputs/outputpsi/N_303_sweep_87_t_0.030000_J_1.000000_V_0.600000_D_0.018000_U_0.500000_mu_0.000000_E_0.200000 converge
Wall-clock time (s) = 3987.031003
