//////////////////////////
Reading input file ......

Got input.N = 300
Got input.t = 0.03
Got input.J = 1
Got input.V = 0.6
Got input.D = 0.018
Got input.U = 0.5
Got input.mu = 0.1
Got input.E = 0.005
Got input.nsweeps = 87
Sweeps:
1  MaxDim=20, MinDim=20, Cutoff=1.0E-06, Niter=8, Noise=1.0E-05
2  MaxDim=20, MinDim=20, Cutoff=1.0E-06, Niter=8, Noise=1.0E-05
3  MaxDim=20, MinDim=20, Cutoff=1.0E-06, Niter=8, Noise=1.0E-05
4  MaxDim=20, MinDim=20, Cutoff=1.0E-06, Niter=8, Noise=1.0E-05
5  MaxDim=20, MinDim=20, Cutoff=1.0E-06, Niter=8, Noise=1.0E-05
6  MaxDim=20, MinDim=20, Cutoff=1.0E-06, Niter=8, Noise=1.0E-05
7  MaxDim=20, MinDim=20, Cutoff=1.0E-06, Niter=8, Noise=1.0E-05
8  MaxDim=40, MinDim=20, Cutoff=1.0E-06, Niter=4, Noise=1.0E-05
9  MaxDim=40, MinDim=20, Cutoff=1.0E-06, Niter=4, Noise=1.0E-05
10  MaxDim=40, MinDim=20, Cutoff=1.0E-06, Niter=4, Noise=1.0E-05
11  MaxDim=40, MinDim=20, Cutoff=1.0E-06, Niter=4, Noise=1.0E-05
12  MaxDim=40, MinDim=20, Cutoff=1.0E-06, Niter=4, Noise=1.0E-05
13  MaxDim=40, MinDim=20, Cutoff=1.0E-06, Niter=4, Noise=1.0E-05
14  MaxDim=40, MinDim=20, Cutoff=1.0E-06, Niter=4, Noise=1.0E-05
15  MaxDim=80, MinDim=10, Cutoff=1.0E-06, Niter=4, Noise=1.0E-05
16  MaxDim=80, MinDim=10, Cutoff=1.0E-06, Niter=4, Noise=1.0E-05
17  MaxDim=80, MinDim=10, Cutoff=1.0E-06, Niter=4, Noise=1.0E-05
18  MaxDim=80, MinDim=10, Cutoff=1.0E-06, Niter=4, Noise=1.0E-05
19  MaxDim=80, MinDim=10, Cutoff=1.0E-06, Niter=4, Noise=1.0E-05
20  MaxDim=80, MinDim=10, Cutoff=1.0E-06, Niter=4, Noise=1.0E-05
21  MaxDim=80, MinDim=10, Cutoff=1.0E-06, Niter=4, Noise=1.0E-05
22  MaxDim=80, MinDim=10, Cutoff=1.0E-06, Niter=4, Noise=1.0E-05
23  MaxDim=80, MinDim=10, Cutoff=1.0E-06, Niter=4, Noise=1.0E-05
24  MaxDim=80, MinDim=10, Cutoff=1.0E-06, Niter=4, Noise=1.0E-05
25  MaxDim=80, MinDim=10, Cutoff=1.0E-06, Niter=4, Noise=1.0E-05
26  MaxDim=80, MinDim=10, Cutoff=1.0E-06, Niter=4, Noise=1.0E-05
27  MaxDim=80, MinDim=10, Cutoff=1.0E-06, Niter=4, Noise=1.0E-05
28  MaxDim=80, MinDim=10, Cutoff=1.0E-06, Niter=4, Noise=1.0E-05
29  MaxDim=80, MinDim=10, Cutoff=1.0E-06, Niter=4, Noise=1.0E-05
30  MaxDim=80, MinDim=10, Cutoff=1.0E-06, Niter=4, Noise=1.0E-05
31  MaxDim=80, MinDim=10, Cutoff=1.0E-06, Niter=4, Noise=1.0E-05
32  MaxDim=80, MinDim=10, Cutoff=1.0E-06, Niter=4, Noise=1.0E-05
33  MaxDim=80, MinDim=10, Cutoff=1.0E-06, Niter=4, Noise=1.0E-05
34  MaxDim=80, MinDim=10, Cutoff=1.0E-06, Niter=4, Noise=1.0E-05
35  MaxDim=80, MinDim=10, Cutoff=1.0E-06, Niter=4, Noise=1.0E-05
36  MaxDim=80, MinDim=10, Cutoff=1.0E-06, Niter=4, Noise=1.0E-05
37  MaxDim=160, MinDim=10, Cutoff=1.0E-08, Niter=4, Noise=1.0E-06
38  MaxDim=160, MinDim=10, Cutoff=1.0E-08, Niter=4, Noise=1.0E-06
39  MaxDim=160, MinDim=10, Cutoff=1.0E-08, Niter=4, Noise=1.0E-06
40  MaxDim=160, MinDim=10, Cutoff=1.0E-08, Niter=4, Noise=1.0E-06
41  MaxDim=160, MinDim=10, Cutoff=1.0E-08, Niter=4, Noise=1.0E-06
42  MaxDim=160, MinDim=10, Cutoff=1.0E-08, Niter=4, Noise=1.0E-06
43  MaxDim=160, MinDim=10, Cutoff=1.0E-08, Niter=4, Noise=1.0E-06
44  MaxDim=160, MinDim=10, Cutoff=1.0E-08, Niter=4, Noise=1.0E-06
45  MaxDim=160, MinDim=10, Cutoff=1.0E-08, Niter=4, Noise=1.0E-06
46  MaxDim=160, MinDim=10, Cutoff=1.0E-08, Niter=4, Noise=1.0E-06
47  MaxDim=160, MinDim=10, Cutoff=1.0E-08, Niter=4, Noise=1.0E-06
48  MaxDim=160, MinDim=10, Cutoff=1.0E-08, Niter=4, Noise=1.0E-06
49  MaxDim=160, MinDim=10, Cutoff=1.0E-08, Niter=4, Noise=1.0E-06
50  MaxDim=160, MinDim=10, Cutoff=1.0E-08, Niter=4, Noise=1.0E-06
51  MaxDim=160, MinDim=10, Cutoff=1.0E-08, Niter=4, Noise=1.0E-06
52  MaxDim=160, MinDim=10, Cutoff=1.0E-08, Niter=4, Noise=1.0E-06
53  MaxDim=160, MinDim=10, Cutoff=1.0E-08, Niter=4, Noise=1.0E-06
54  MaxDim=160, MinDim=10, Cutoff=1.0E-08, Niter=4, Noise=1.0E-06
55  MaxDim=160, MinDim=10, Cutoff=1.0E-08, Niter=4, Noise=1.0E-06
56  MaxDim=160, MinDim=10, Cutoff=1.0E-08, Niter=4, Noise=1.0E-06
57  MaxDim=160, MinDim=10, Cutoff=1.0E-08, Niter=4, Noise=1.0E-06
58  MaxDim=160, MinDim=10, Cutoff=1.0E-08, Niter=4, Noise=1.0E-06
59  MaxDim=320, MinDim=10, Cutoff=1.0E-10, Niter=4, Noise=1.0E-07
60  MaxDim=320, MinDim=10, Cutoff=1.0E-10, Niter=4, Noise=1.0E-07
61  MaxDim=320, MinDim=10, Cutoff=1.0E-10, Niter=4, Noise=1.0E-07
62  MaxDim=320, MinDim=10, Cutoff=1.0E-10, Niter=4, Noise=1.0E-07
63  MaxDim=320, MinDim=10, Cutoff=1.0E-10, Niter=4, Noise=1.0E-07
64  MaxDim=320, MinDim=10, Cutoff=1.0E-10, Niter=4, Noise=1.0E-07
65  MaxDim=320, MinDim=10, Cutoff=1.0E-10, Niter=4, Noise=1.0E-07
66  MaxDim=320, MinDim=10, Cutoff=1.0E-10, Niter=4, Noise=1.0E-07
67  MaxDim=320, MinDim=10, Cutoff=1.0E-10, Niter=4, Noise=1.0E-07
68  MaxDim=320, MinDim=10, Cutoff=1.0E-10, Niter=4, Noise=1.0E-07
69  MaxDim=320, MinDim=10, Cutoff=1.0E-10, Niter=4, Noise=1.0E-07
70  MaxDim=320, MinDim=10, Cutoff=1.0E-10, Niter=4, Noise=1.0E-07
71  MaxDim=320, MinDim=10, Cutoff=1.0E-10, Niter=4, Noise=1.0E-07
72  MaxDim=320, MinDim=10, Cutoff=1.0E-10, Niter=4, Noise=1.0E-07
73  MaxDim=320, MinDim=10, Cutoff=1.0E-10, Niter=4, Noise=1.0E-07
74  MaxDim=320, MinDim=10, Cutoff=1.0E-10, Niter=4, Noise=1.0E-07
75  MaxDim=640, MinDim=10, Cutoff=1.0E-12, Niter=2, Noise=1.0E-08
76  MaxDim=640, MinDim=10, Cutoff=1.0E-12, Niter=2, Noise=1.0E-08
77  MaxDim=640, MinDim=10, Cutoff=1.0E-12, Niter=2, Noise=1.0E-08
78  MaxDim=640, MinDim=10, Cutoff=1.0E-12, Niter=2, Noise=1.0E-08
79  MaxDim=640, MinDim=10, Cutoff=1.0E-12, Niter=2, Noise=1.0E-08
80  MaxDim=640, MinDim=10, Cutoff=1.0E-12, Niter=2, Noise=1.0E-08
81  MaxDim=640, MinDim=10, Cutoff=1.0E-12, Niter=2, Noise=1.0E-08
82  MaxDim=640, MinDim=10, Cutoff=1.0E-12, Niter=2, Noise=1.0E-08
83  MaxDim=1280, MinDim=10, Cutoff=1.0E-12, Niter=2, Noise=0.0E+00
84  MaxDim=1280, MinDim=10, Cutoff=1.0E-14, Niter=2, Noise=0.0E+00
85  MaxDim=1280, MinDim=10, Cutoff=1.0E-14, Niter=2, Noise=0.0E+00
86  MaxDim=1280, MinDim=10, Cutoff=1.0E-14, Niter=2, Noise=0.0E+00
87  MaxDim=1280, MinDim=10, Cutoff=1.0E-14, Niter=2, Noise=0.0E+00


    vN Entropy at center bond b=150 = 0.668534963588
    Eigs at center bond b=150: 0.7573 0.2136 0.0209 0.0059 0.0011 
    Largest link dim during sweep 1/87 was 20
    Largest truncation error: 2.21596e-06
    Energy after sweep 1/87 is -170.112225627101
    Sweep 1/87 CPU time = 22.72s (Wall time = 2.102s)

    vN Entropy at center bond b=150 = 0.682383355831
    Eigs at center bond b=150: 0.7506 0.2187 0.0217 0.0063 0.0012 
    Largest link dim during sweep 2/87 was 20
    Largest truncation error: 1.78689e-06
    Energy after sweep 2/87 is -170.115680832649
    Sweep 2/87 CPU time = 31.07s (Wall time = 1.998s)

    vN Entropy at center bond b=150 = 0.682407327008
    Eigs at center bond b=150: 0.7506 0.2187 0.0217 0.0063 0.0012 
    Largest link dim during sweep 3/87 was 20
    Largest truncation error: 1.81486e-06
    Energy after sweep 3/87 is -170.115683778061
    Sweep 3/87 CPU time = 30.87s (Wall time = 1.981s)

    vN Entropy at center bond b=150 = 0.682407787340
    Eigs at center bond b=150: 0.7506 0.2187 0.0217 0.0063 0.0012 
    Largest link dim during sweep 4/87 was 20
    Largest truncation error: 1.81657e-06
    Energy after sweep 4/87 is -170.115683880969
    Sweep 4/87 CPU time = 30.77s (Wall time = 1.982s)

    vN Entropy at center bond b=150 = 0.682407812619
    Eigs at center bond b=150: 0.7506 0.2187 0.0217 0.0063 0.0012 
    Largest link dim during sweep 5/87 was 20
    Largest truncation error: 1.81659e-06
    Energy after sweep 5/87 is -170.115683897306
    Sweep 5/87 CPU time = 30.52s (Wall time = 1.955s)

    vN Entropy at center bond b=150 = 0.682407815679
    Eigs at center bond b=150: 0.7506 0.2187 0.0217 0.0063 0.0012 
    Largest link dim during sweep 6/87 was 20
    Largest truncation error: 1.81623e-06
    Energy after sweep 6/87 is -170.115683926231
    Sweep 6/87 CPU time = 30.43s (Wall time = 1.952s)

    vN Entropy at center bond b=150 = 0.682407816157
    Eigs at center bond b=150: 0.7506 0.2187 0.0217 0.0063 0.0012 
    Largest link dim during sweep 7/87 was 20
    Largest truncation error: 1.8163e-06
    Energy after sweep 7/87 is -170.115683945266
    Sweep 7/87 CPU time = 30.48s (Wall time = 1.951s)

    vN Entropy at center bond b=150 = 0.682764749742
    Eigs at center bond b=150: 0.7505 0.2187 0.0218 0.0063 0.0012 
    Largest link dim during sweep 8/87 was 25
    Largest truncation error: 7.50429e-07
    Energy after sweep 8/87 is -170.116976517979
    Sweep 8/87 CPU time = 18.82s (Wall time = 1.207s)

    vN Entropy at center bond b=150 = 0.682860864184
    Eigs at center bond b=150: 0.7505 0.2187 0.0218 0.0063 0.0012 
    Largest link dim during sweep 9/87 was 25
    Largest truncation error: 7.44827e-07
    Energy after sweep 9/87 is -170.117054156145
    Sweep 9/87 CPU time = 19.74s (Wall time = 1.274s)

    vN Entropy at center bond b=150 = 0.682864736108
    Eigs at center bond b=150: 0.7505 0.2187 0.0218 0.0063 0.0012 
    Largest link dim during sweep 10/87 was 25
    Largest truncation error: 7.45156e-07
    Energy after sweep 10/87 is -170.117056084791
    Sweep 10/87 CPU time = 19.76s (Wall time = 1.266s)

    vN Entropy at center bond b=150 = 0.682864719596
    Eigs at center bond b=150: 0.7505 0.2187 0.0218 0.0063 0.0012 
    Largest link dim during sweep 11/87 was 25
    Largest truncation error: 7.45149e-07
    Energy after sweep 11/87 is -170.117056088388
    Sweep 11/87 CPU time = 19.73s (Wall time = 1.265s)

    vN Entropy at center bond b=150 = 0.682864712604
    Eigs at center bond b=150: 0.7505 0.2187 0.0218 0.0063 0.0012 
    Largest link dim during sweep 12/87 was 25
    Largest truncation error: 7.45147e-07
    Energy after sweep 12/87 is -170.117056087777
    Sweep 12/87 CPU time = 19.67s (Wall time = 1.265s)

    vN Entropy at center bond b=150 = 0.682864711874
    Eigs at center bond b=150: 0.7505 0.2187 0.0218 0.0063 0.0012 
    Largest link dim during sweep 13/87 was 25
    Largest truncation error: 7.45148e-07
    Energy after sweep 13/87 is -170.117056086024
    Sweep 13/87 CPU time = 19.74s (Wall time = 1.266s)

    vN Entropy at center bond b=150 = 0.682864711805
    Eigs at center bond b=150: 0.7505 0.2187 0.0218 0.0063 0.0012 
    Largest link dim during sweep 14/87 was 25
    Largest truncation error: 7.45153e-07
    Energy after sweep 14/87 is -170.117056082164
    Sweep 14/87 CPU time = 19.95s (Wall time = 1.278s)

    vN Entropy at center bond b=150 = 0.682864711843
    Eigs at center bond b=150: 0.7505 0.2187 0.0218 0.0063 0.0012 
    Largest link dim during sweep 15/87 was 25
    Largest truncation error: 7.92895e-07
    Energy after sweep 15/87 is -170.117046385433
    Sweep 15/87 CPU time = 19.74s (Wall time = 1.269s)

    vN Entropy at center bond b=150 = 0.682864711842
    Eigs at center bond b=150: 0.7505 0.2187 0.0218 0.0063 0.0012 
    Largest link dim during sweep 16/87 was 25
    Largest truncation error: 7.43798e-07
    Energy after sweep 16/87 is -170.117046411325
    Sweep 16/87 CPU time = 19.72s (Wall time = 1.266s)

    vN Entropy at center bond b=150 = 0.682864711842
    Eigs at center bond b=150: 0.7505 0.2187 0.0218 0.0063 0.0012 
    Largest link dim during sweep 17/87 was 25
    Largest truncation error: 7.43795e-07
    Energy after sweep 17/87 is -170.117046415865
    Sweep 17/87 CPU time = 19.85s (Wall time = 1.273s)

    vN Entropy at center bond b=150 = 0.682864711842
    Eigs at center bond b=150: 0.7505 0.2187 0.0218 0.0063 0.0012 
    Largest link dim during sweep 18/87 was 25
    Largest truncation error: 7.43794e-07
    Energy after sweep 18/87 is -170.117046417012
    Sweep 18/87 CPU time = 19.78s (Wall time = 1.265s)

    vN Entropy at center bond b=150 = 0.682864711842
    Eigs at center bond b=150: 0.7505 0.2187 0.0218 0.0063 0.0012 
    Largest link dim during sweep 19/87 was 25
    Largest truncation error: 7.43794e-07
    Energy after sweep 19/87 is -170.117046417359
    Sweep 19/87 CPU time = 19.67s (Wall time = 1.261s)

    vN Entropy at center bond b=150 = 0.682864711842
    Eigs at center bond b=150: 0.7505 0.2187 0.0218 0.0063 0.0012 
    Largest link dim during sweep 20/87 was 25
    Largest truncation error: 7.43794e-07
    Energy after sweep 20/87 is -170.117046417479
    Sweep 20/87 CPU time = 19.64s (Wall time = 1.260s)

    vN Entropy at center bond b=150 = 0.682864711842
    Eigs at center bond b=150: 0.7505 0.2187 0.0218 0.0063 0.0012 
    Largest link dim during sweep 21/87 was 25
    Largest truncation error: 7.43794e-07
    Energy after sweep 21/87 is -170.117046417561
    Sweep 21/87 CPU time = 19.59s (Wall time = 1.260s)

    vN Entropy at center bond b=150 = 0.682864711842
    Eigs at center bond b=150: 0.7505 0.2187 0.0218 0.0063 0.0012 
    Largest link dim during sweep 22/87 was 25
    Largest truncation error: 7.43794e-07
    Energy after sweep 22/87 is -170.117046417741
    Sweep 22/87 CPU time = 19.61s (Wall time = 1.267s)

    vN Entropy at center bond b=150 = 0.682864711842
    Eigs at center bond b=150: 0.7505 0.2187 0.0218 0.0063 0.0012 
    Largest link dim during sweep 23/87 was 25
    Largest truncation error: 7.43794e-07
    Energy after sweep 23/87 is -170.117046418342
    Sweep 23/87 CPU time = 19.57s (Wall time = 1.253s)

    vN Entropy at center bond b=150 = 0.682864711841
    Eigs at center bond b=150: 0.7505 0.2187 0.0218 0.0063 0.0012 
    Largest link dim during sweep 24/87 was 25
    Largest truncation error: 7.43794e-07
    Energy after sweep 24/87 is -170.117046420883
    Sweep 24/87 CPU time = 19.49s (Wall time = 1.250s)

    vN Entropy at center bond b=150 = 0.682864711841
    Eigs at center bond b=150: 0.7505 0.2187 0.0218 0.0063 0.0012 
    Largest link dim during sweep 25/87 was 25
    Largest truncation error: 7.43794e-07
    Energy after sweep 25/87 is -170.117046433230
    Sweep 25/87 CPU time = 19.48s (Wall time = 1.249s)

    vN Entropy at center bond b=150 = 0.682864711846
    Eigs at center bond b=150: 0.7505 0.2187 0.0218 0.0063 0.0012 
    Largest link dim during sweep 26/87 was 25
    Largest truncation error: 7.43794e-07
    Energy after sweep 26/87 is -170.117046486383
    Sweep 26/87 CPU time = 19.44s (Wall time = 1.249s)

    vN Entropy at center bond b=150 = 0.682864711863
    Eigs at center bond b=150: 0.7505 0.2187 0.0218 0.0063 0.0012 
    Largest link dim during sweep 27/87 was 25
    Largest truncation error: 7.43794e-07
    Energy after sweep 27/87 is -170.117046635707
    Sweep 27/87 CPU time = 19.53s (Wall time = 1.254s)

    vN Entropy at center bond b=150 = 0.682864711883
    Eigs at center bond b=150: 0.7505 0.2187 0.0218 0.0063 0.0012 
    Largest link dim during sweep 28/87 was 25
    Largest truncation error: 7.43794e-07
    Energy after sweep 28/87 is -170.117046826743
    Sweep 28/87 CPU time = 19.65s (Wall time = 1.257s)

    vN Entropy at center bond b=150 = 0.682864711895
    Eigs at center bond b=150: 0.7505 0.2187 0.0218 0.0063 0.0012 
    Largest link dim during sweep 29/87 was 25
    Largest truncation error: 7.43794e-07
    Energy after sweep 29/87 is -170.117046978805
    Sweep 29/87 CPU time = 19.80s (Wall time = 1.270s)

    vN Entropy at center bond b=150 = 0.682864711904
    Eigs at center bond b=150: 0.7505 0.2187 0.0218 0.0063 0.0012 
    Largest link dim during sweep 30/87 was 25
    Largest truncation error: 7.43794e-07
    Energy after sweep 30/87 is -170.117047168165
    Sweep 30/87 CPU time = 19.82s (Wall time = 1.270s)

    vN Entropy at center bond b=150 = 0.682864711911
    Eigs at center bond b=150: 0.7505 0.2187 0.0218 0.0063 0.0012 
    Largest link dim during sweep 31/87 was 25
    Largest truncation error: 7.43794e-07
    Energy after sweep 31/87 is -170.117047350624
    Sweep 31/87 CPU time = 19.76s (Wall time = 1.270s)

    vN Entropy at center bond b=150 = 0.682864711914
    Eigs at center bond b=150: 0.7505 0.2187 0.0218 0.0063 0.0012 
    Largest link dim during sweep 32/87 was 25
    Largest truncation error: 7.43794e-07
    Energy after sweep 32/87 is -170.117047495037
    Sweep 32/87 CPU time = 19.50s (Wall time = 1.249s)

    vN Entropy at center bond b=150 = 0.682864711917
    Eigs at center bond b=150: 0.7505 0.2187 0.0218 0.0063 0.0012 
    Largest link dim during sweep 33/87 was 25
    Largest truncation error: 7.43794e-07
    Energy after sweep 33/87 is -170.117047678277
    Sweep 33/87 CPU time = 19.90s (Wall time = 1.275s)

    vN Entropy at center bond b=150 = 0.682864711919
    Eigs at center bond b=150: 0.7505 0.2187 0.0218 0.0063 0.0012 
    Largest link dim during sweep 34/87 was 25
    Largest truncation error: 7.43794e-07
    Energy after sweep 34/87 is -170.117047847196
    Sweep 34/87 CPU time = 19.73s (Wall time = 1.267s)

    vN Entropy at center bond b=150 = 0.682864711919
    Eigs at center bond b=150: 0.7505 0.2187 0.0218 0.0063 0.0012 
    Largest link dim during sweep 35/87 was 25
    Largest truncation error: 7.43794e-07
    Energy after sweep 35/87 is -170.117047975450
    Sweep 35/87 CPU time = 19.89s (Wall time = 1.271s)

    vN Entropy at center bond b=150 = 0.682864711920
    Eigs at center bond b=150: 0.7505 0.2187 0.0218 0.0063 0.0012 
    Largest link dim during sweep 36/87 was 25
    Largest truncation error: 7.43794e-07
    Energy after sweep 36/87 is -170.117048141159
    Sweep 36/87 CPU time = 19.50s (Wall time = 1.252s)

    vN Entropy at center bond b=150 = 0.683674080196
    Eigs at center bond b=150: 0.7502 0.2189 0.0218 0.0063 0.0012 
    Largest link dim during sweep 37/87 was 50
    Largest truncation error: 7.63868e-09
    Energy after sweep 37/87 is -170.118154124326
    Sweep 37/87 CPU time = 48.16s (Wall time = 3.094s)

    vN Entropy at center bond b=150 = 0.683751967470
    Eigs at center bond b=150: 0.7502 0.2189 0.0218 0.0064 0.0012 
    Largest link dim during sweep 38/87 was 53
    Largest truncation error: 7.50925e-09
    Energy after sweep 38/87 is -170.118161040827
    Sweep 38/87 CPU time = 1m, 15.3s (Wall time = 4.829s)

    vN Entropy at center bond b=150 = 0.683756400510
    Eigs at center bond b=150: 0.7502 0.2189 0.0218 0.0064 0.0012 
    Largest link dim during sweep 39/87 was 53
    Largest truncation error: 7.46715e-09
    Energy after sweep 39/87 is -170.118161769471
    Sweep 39/87 CPU time = 1m, 22.0s (Wall time = 5.267s)

    vN Entropy at center bond b=150 = 0.683756650987
    Eigs at center bond b=150: 0.7502 0.2189 0.0218 0.0064 0.0012 
    Largest link dim during sweep 40/87 was 53
    Largest truncation error: 7.48637e-09
    Energy after sweep 40/87 is -170.118161775315
    Sweep 40/87 CPU time = 1m, 22.8s (Wall time = 5.392s)

    vN Entropy at center bond b=150 = 0.683756660813
    Eigs at center bond b=150: 0.7502 0.2189 0.0218 0.0064 0.0012 
    Largest link dim during sweep 41/87 was 53
    Largest truncation error: 7.49104e-09
    Energy after sweep 41/87 is -170.118161775952
    Sweep 41/87 CPU time = 1m, 23.2s (Wall time = 5.338s)

    vN Entropy at center bond b=150 = 0.683756661328
    Eigs at center bond b=150: 0.7502 0.2189 0.0218 0.0064 0.0012 
    Largest link dim during sweep 42/87 was 53
    Largest truncation error: 7.49143e-09
    Energy after sweep 42/87 is -170.118161776047
    Sweep 42/87 CPU time = 1m, 21.9s (Wall time = 5.257s)

    vN Entropy at center bond b=150 = 0.683756661362
    Eigs at center bond b=150: 0.7502 0.2189 0.0218 0.0064 0.0012 
    Largest link dim during sweep 43/87 was 53
    Largest truncation error: 7.49146e-09
    Energy after sweep 43/87 is -170.118161776064
    Sweep 43/87 CPU time = 1m, 20.7s (Wall time = 5.187s)

    vN Entropy at center bond b=150 = 0.683756661365
    Eigs at center bond b=150: 0.7502 0.2189 0.0218 0.0064 0.0012 
    Largest link dim during sweep 44/87 was 53
    Largest truncation error: 7.49146e-09
    Energy after sweep 44/87 is -170.118161776069
    Sweep 44/87 CPU time = 1m, 21.1s (Wall time = 5.212s)

    vN Entropy at center bond b=150 = 0.683756661365
    Eigs at center bond b=150: 0.7502 0.2189 0.0218 0.0064 0.0012 
    Largest link dim during sweep 45/87 was 53
    Largest truncation error: 7.49146e-09
    Energy after sweep 45/87 is -170.118161776071
    Sweep 45/87 CPU time = 1m, 21.8s (Wall time = 5.260s)

    vN Entropy at center bond b=150 = 0.683756661365
    Eigs at center bond b=150: 0.7502 0.2189 0.0218 0.0064 0.0012 
    Largest link dim during sweep 46/87 was 53
    Largest truncation error: 7.49146e-09
    Energy after sweep 46/87 is -170.118161776071
    Sweep 46/87 CPU time = 1m, 22.6s (Wall time = 5.303s)

    vN Entropy at center bond b=150 = 0.683756661365
    Eigs at center bond b=150: 0.7502 0.2189 0.0218 0.0064 0.0012 
    Largest link dim during sweep 47/87 was 53
    Largest truncation error: 7.49146e-09
    Energy after sweep 47/87 is -170.118161776073
    Sweep 47/87 CPU time = 1m, 22.2s (Wall time = 5.279s)

    vN Entropy at center bond b=150 = 0.683756661365
    Eigs at center bond b=150: 0.7502 0.2189 0.0218 0.0064 0.0012 
    Largest link dim during sweep 48/87 was 53
    Largest truncation error: 7.49146e-09
    Energy after sweep 48/87 is -170.118161776074
    Sweep 48/87 CPU time = 1m, 21.2s (Wall time = 5.214s)

    vN Entropy at center bond b=150 = 0.683756661365
    Eigs at center bond b=150: 0.7502 0.2189 0.0218 0.0064 0.0012 
    Largest link dim during sweep 49/87 was 53
    Largest truncation error: 7.49146e-09
    Energy after sweep 49/87 is -170.118161776073
    Sweep 49/87 CPU time = 1m, 22.6s (Wall time = 5.308s)

    vN Entropy at center bond b=150 = 0.683756661365
    Eigs at center bond b=150: 0.7502 0.2189 0.0218 0.0064 0.0012 
    Largest link dim during sweep 50/87 was 53
    Largest truncation error: 7.49146e-09
    Energy after sweep 50/87 is -170.118161776073
    Sweep 50/87 CPU time = 1m, 22.5s (Wall time = 5.314s)

    vN Entropy at center bond b=150 = 0.683756661365
    Eigs at center bond b=150: 0.7502 0.2189 0.0218 0.0064 0.0012 
    Largest link dim during sweep 51/87 was 53
    Largest truncation error: 7.49146e-09
    Energy after sweep 51/87 is -170.118161776073
    Sweep 51/87 CPU time = 1m, 21.6s (Wall time = 5.248s)

    vN Entropy at center bond b=150 = 0.683756661365
    Eigs at center bond b=150: 0.7502 0.2189 0.0218 0.0064 0.0012 
    Largest link dim during sweep 52/87 was 53
    Largest truncation error: 7.49146e-09
    Energy after sweep 52/87 is -170.118161776073
    Sweep 52/87 CPU time = 1m, 21.1s (Wall time = 5.212s)

    vN Entropy at center bond b=150 = 0.683756661365
    Eigs at center bond b=150: 0.7502 0.2189 0.0218 0.0064 0.0012 
    Largest link dim during sweep 53/87 was 53
    Largest truncation error: 7.49146e-09
    Energy after sweep 53/87 is -170.118161776074
    Sweep 53/87 CPU time = 1m, 21.0s (Wall time = 5.220s)

    vN Entropy at center bond b=150 = 0.683756661365
    Eigs at center bond b=150: 0.7502 0.2189 0.0218 0.0064 0.0012 
    Largest link dim during sweep 54/87 was 53
    Largest truncation error: 7.49146e-09
    Energy after sweep 54/87 is -170.118161776074
    Sweep 54/87 CPU time = 1m, 22.1s (Wall time = 5.304s)

    vN Entropy at center bond b=150 = 0.683756661365
    Eigs at center bond b=150: 0.7502 0.2189 0.0218 0.0064 0.0012 
    Largest link dim during sweep 55/87 was 53
    Largest truncation error: 7.49146e-09
    Energy after sweep 55/87 is -170.118161776075
    Sweep 55/87 CPU time = 1m, 22.2s (Wall time = 5.281s)

    vN Entropy at center bond b=150 = 0.683756661365
    Eigs at center bond b=150: 0.7502 0.2189 0.0218 0.0064 0.0012 
    Largest link dim during sweep 56/87 was 53
    Largest truncation error: 7.49146e-09
    Energy after sweep 56/87 is -170.118161776073
    Sweep 56/87 CPU time = 1m, 22.2s (Wall time = 5.277s)

    vN Entropy at center bond b=150 = 0.683756661365
    Eigs at center bond b=150: 0.7502 0.2189 0.0218 0.0064 0.0012 
    Largest link dim during sweep 57/87 was 53
    Largest truncation error: 7.49146e-09
    Energy after sweep 57/87 is -170.118161776072
    Sweep 57/87 CPU time = 1m, 21.7s (Wall time = 5.243s)

    vN Entropy at center bond b=150 = 0.683756661365
    Eigs at center bond b=150: 0.7502 0.2189 0.0218 0.0064 0.0012 
    Largest link dim during sweep 58/87 was 53
    Largest truncation error: 7.49146e-09
    Energy after sweep 58/87 is -170.118161776072
    Sweep 58/87 CPU time = 1m, 22.0s (Wall time = 5.260s)

    vN Entropy at center bond b=150 = 0.683798391588
    Eigs at center bond b=150: 0.7501 0.2189 0.0218 0.0064 0.0012 
    Largest link dim during sweep 59/87 was 99
    Largest truncation error: 8.1576e-11
    Energy after sweep 59/87 is -170.118174996450
    Sweep 59/87 CPU time = 4m, 2.5s (Wall time = 15.59s)

    vN Entropy at center bond b=150 = 0.683799780484
    Eigs at center bond b=150: 0.7501 0.2189 0.0218 0.0064 0.0012 
    Largest link dim during sweep 60/87 was 102
    Largest truncation error: 8.15857e-11
    Energy after sweep 60/87 is -170.118175043218
    Sweep 60/87 CPU time = 4m, 53.8s (Wall time = 18.88s)

    vN Entropy at center bond b=150 = 0.683799802887
    Eigs at center bond b=150: 0.7501 0.2189 0.0218 0.0064 0.0012 
    Largest link dim during sweep 61/87 was 102
    Largest truncation error: 8.15869e-11
    Energy after sweep 61/87 is -170.118175043752
    Sweep 61/87 CPU time = 4m, 40.5s (Wall time = 18.01s)

    vN Entropy at center bond b=150 = 0.683799803633
    Eigs at center bond b=150: 0.7501 0.2189 0.0218 0.0064 0.0012 
    Largest link dim during sweep 62/87 was 102
    Largest truncation error: 8.15872e-11
    Energy after sweep 62/87 is -170.118175043763
    Sweep 62/87 CPU time = 4m, 42.7s (Wall time = 18.22s)

    vN Entropy at center bond b=150 = 0.683799803691
    Eigs at center bond b=150: 0.7501 0.2189 0.0218 0.0064 0.0012 
    Largest link dim during sweep 63/87 was 102
    Largest truncation error: 8.15872e-11
    Energy after sweep 63/87 is -170.118175043814
    Sweep 63/87 CPU time = 4m, 43.9s (Wall time = 18.37s)

    vN Entropy at center bond b=150 = 0.683799803698
    Eigs at center bond b=150: 0.7501 0.2189 0.0218 0.0064 0.0012 
    Largest link dim during sweep 64/87 was 102
    Largest truncation error: 8.15872e-11
    Energy after sweep 64/87 is -170.118175043814
    Sweep 64/87 CPU time = 4m, 46.3s (Wall time = 18.38s)

    vN Entropy at center bond b=150 = 0.683799803699
    Eigs at center bond b=150: 0.7501 0.2189 0.0218 0.0064 0.0012 
    Largest link dim during sweep 65/87 was 102
    Largest truncation error: 8.15873e-11
    Energy after sweep 65/87 is -170.118175043825
    Sweep 65/87 CPU time = 4m, 38.5s (Wall time = 17.89s)

    vN Entropy at center bond b=150 = 0.683799803699
    Eigs at center bond b=150: 0.7501 0.2189 0.0218 0.0064 0.0012 
    Largest link dim during sweep 66/87 was 102
    Largest truncation error: 8.15875e-11
    Energy after sweep 66/87 is -170.118175043915
    Sweep 66/87 CPU time = 4m, 32.1s (Wall time = 17.61s)

    vN Entropy at center bond b=150 = 0.683799803699
    Eigs at center bond b=150: 0.7501 0.2189 0.0218 0.0064 0.0012 
    Largest link dim during sweep 67/87 was 102
    Largest truncation error: 8.1587e-11
    Energy after sweep 67/87 is -170.118175043922
    Sweep 67/87 CPU time = 4m, 38.3s (Wall time = 18.04s)

    vN Entropy at center bond b=150 = 0.683799803699
    Eigs at center bond b=150: 0.7501 0.2189 0.0218 0.0064 0.0012 
    Largest link dim during sweep 68/87 was 102
    Largest truncation error: 8.15873e-11
    Energy after sweep 68/87 is -170.118175043919
    Sweep 68/87 CPU time = 4m, 43.5s (Wall time = 18.19s)

    vN Entropy at center bond b=150 = 0.683799803699
    Eigs at center bond b=150: 0.7501 0.2189 0.0218 0.0064 0.0012 
    Largest link dim during sweep 69/87 was 102
    Largest truncation error: 8.15871e-11
    Energy after sweep 69/87 is -170.118175043920
    Sweep 69/87 CPU time = 4m, 38.4s (Wall time = 17.87s)

    vN Entropy at center bond b=150 = 0.683799803699
    Eigs at center bond b=150: 0.7501 0.2189 0.0218 0.0064 0.0012 
    Largest link dim during sweep 70/87 was 102
    Largest truncation error: 8.15872e-11
    Energy after sweep 70/87 is -170.118175043921
    Sweep 70/87 CPU time = 4m, 49.1s (Wall time = 18.55s)

    vN Entropy at center bond b=150 = 0.683799803699
    Eigs at center bond b=150: 0.7501 0.2189 0.0218 0.0064 0.0012 
    Largest link dim during sweep 71/87 was 102
    Largest truncation error: 8.15871e-11
    Energy after sweep 71/87 is -170.118175043921
    Sweep 71/87 CPU time = 4m, 46.6s (Wall time = 18.62s)

    vN Entropy at center bond b=150 = 0.683799803699
    Eigs at center bond b=150: 0.7501 0.2189 0.0218 0.0064 0.0012 
    Largest link dim during sweep 72/87 was 102
    Largest truncation error: 8.15872e-11
    Energy after sweep 72/87 is -170.118175043921
    Sweep 72/87 CPU time = 4m, 39.8s (Wall time = 17.95s)

    vN Entropy at center bond b=150 = 0.683799803699
    Eigs at center bond b=150: 0.7501 0.2189 0.0218 0.0064 0.0012 
    Largest link dim during sweep 73/87 was 102
    Largest truncation error: 8.1587e-11
    Energy after sweep 73/87 is -170.118175043922
    Sweep 73/87 CPU time = 4m, 47.4s (Wall time = 18.45s)

    vN Entropy at center bond b=150 = 0.683799803699
    Eigs at center bond b=150: 0.7501 0.2189 0.0218 0.0064 0.0012 
    Largest link dim during sweep 74/87 was 102
    Largest truncation error: 8.15871e-11
    Energy after sweep 74/87 is -170.118175043923
    Sweep 74/87 CPU time = 4m, 48.0s (Wall time = 18.49s)

    vN Entropy at center bond b=150 = 0.683802740365
    Eigs at center bond b=150: 0.7501 0.2189 0.0218 0.0064 0.0012 
    Largest link dim during sweep 75/87 was 181
    Largest truncation error: 7.66298e-13
    Energy after sweep 75/87 is -170.118175217504
    Sweep 75/87 CPU time = 9m, 21.9s (Wall time = 37.66s)

    vN Entropy at center bond b=150 = 0.683802799374
    Eigs at center bond b=150: 0.7501 0.2189 0.0218 0.0064 0.0012 
    Largest link dim during sweep 76/87 was 183
    Largest truncation error: 7.61151e-13
    Energy after sweep 76/87 is -170.118175217907
    Sweep 76/87 CPU time = 12m, 8s (Wall time = 47.98s)

    vN Entropy at center bond b=150 = 0.683802802041
    Eigs at center bond b=150: 0.7501 0.2189 0.0218 0.0064 0.0012 
    Largest link dim during sweep 77/87 was 183
    Largest truncation error: 7.52424e-13
    Energy after sweep 77/87 is -170.118175217912
    Sweep 77/87 CPU time = 12m, 17s (Wall time = 48.66s)

    vN Entropy at center bond b=150 = 0.683802802298
    Eigs at center bond b=150: 0.7501 0.2189 0.0218 0.0064 0.0012 
    Largest link dim during sweep 78/87 was 183
    Largest truncation error: 7.5377e-13
    Energy after sweep 78/87 is -170.118175217912
    Sweep 78/87 CPU time = 12m, 50s (Wall time = 49.90s)

    vN Entropy at center bond b=150 = 0.683802802325
    Eigs at center bond b=150: 0.7501 0.2189 0.0218 0.0064 0.0012 
    Largest link dim during sweep 79/87 was 183
    Largest truncation error: 7.54181e-13
    Energy after sweep 79/87 is -170.118175217915
    Sweep 79/87 CPU time = 12m, 42s (Wall time = 50.05s)

    vN Entropy at center bond b=150 = 0.683802802326
    Eigs at center bond b=150: 0.7501 0.2189 0.0218 0.0064 0.0012 
    Largest link dim during sweep 80/87 was 183
    Largest truncation error: 7.54128e-13
    Energy after sweep 80/87 is -170.118175217912
    Sweep 80/87 CPU time = 12m, 45s (Wall time = 50.91s)

    vN Entropy at center bond b=150 = 0.683802802325
    Eigs at center bond b=150: 0.7501 0.2189 0.0218 0.0064 0.0012 
    Largest link dim during sweep 81/87 was 183
    Largest truncation error: 7.54092e-13
    Energy after sweep 81/87 is -170.118175217910
    Sweep 81/87 CPU time = 12m, 55s (Wall time = 51.18s)

    vN Entropy at center bond b=150 = 0.683802802324
    Eigs at center bond b=150: 0.7501 0.2189 0.0218 0.0064 0.0012 
    Largest link dim during sweep 82/87 was 183
    Largest truncation error: 7.54148e-13
    Energy after sweep 82/87 is -170.118175217912
    Sweep 82/87 CPU time = 13m, 1s (Wall time = 51.62s)

    vN Entropy at center bond b=150 = 0.683803089155
    Eigs at center bond b=150: 0.7501 0.2189 0.0218 0.0064 0.0012 
    Largest link dim during sweep 83/87 was 169
    Largest truncation error: 7.56905e-13
    Energy after sweep 83/87 is -170.118175217382
    Sweep 83/87 CPU time = 9m, 34.8s (Wall time = 37.39s)

    vN Entropy at center bond b=150 = 0.683803096117
    Eigs at center bond b=150: 0.7501 0.2189 0.0218 0.0064 0.0012 
    Largest link dim during sweep 84/87 was 287
    Largest truncation error: 7.67606e-15
    Energy after sweep 84/87 is -170.118175219921
    Sweep 84/87 CPU time = 23m, 44s (Wall time = 1m, 34.8s)

    vN Entropy at center bond b=150 = 0.683803097408
    Eigs at center bond b=150: 0.7501 0.2189 0.0218 0.0064 0.0012 
    Largest link dim during sweep 85/87 was 292
    Largest truncation error: 7.52862e-15
    Energy after sweep 85/87 is -170.118175219930
    Sweep 85/87 CPU time = 31m, 25s (Wall time = 2m, 3.8s)

    vN Entropy at center bond b=150 = 0.683803097463
    Eigs at center bond b=150: 0.7501 0.2189 0.0218 0.0064 0.0012 
    Largest link dim during sweep 86/87 was 291
    Largest truncation error: 7.50145e-15
    Energy after sweep 86/87 is -170.118175219930
    Sweep 86/87 CPU time = 28m, 22s (Wall time = 1m, 49.8s)

    vN Entropy at center bond b=150 = 0.683803097468
    Eigs at center bond b=150: 0.7501 0.2189 0.0218 0.0064 0.0012 
    Largest link dim during sweep 87/87 was 291
    Largest truncation error: 7.50073e-15
    Energy after sweep 87/87 is -170.118175219929
    Sweep 87/87 CPU time = 27m, 14s (Wall time = 1m, 45.5s)
Initial energy = 15.00000

Ground State Energy = -170.1181752199
run_outputs/outputpsi/N_300_sweep_87_t_0.030000_J_1.000000_V_0.600000_D_0.018000_U_0.500000_mu_0.100000_E_0.005000 converge
Wall-clock time (s) = 6171.064701
