//////////////////////////
Reading input file ......

Got input.N = 303
Got input.t = 0.03
Got input.J = 1
Got input.V = 0.6
Got input.D = 0.018
Got input.U = 1.1
Got input.mu = 0.1
Got input.E = 0.2
Got input.nsweeps = 87
Sweeps:
1  MaxDim=20, MinDim=20, Cutoff=1.0E-06, Niter=8, Noise=1.0E-05
2  MaxDim=20, MinDim=20, Cutoff=1.0E-06, Niter=8, Noise=1.0E-05
3  MaxDim=20, MinDim=20, Cutoff=1.0E-06, Niter=8, Noise=1.0E-05
4  MaxDim=20, MinDim=20, Cutoff=1.0E-06, Niter=8, Noise=1.0E-05
5  MaxDim=20, MinDim=20, Cutoff=1.0E-06, Niter=8, Noise=1.0E-05
6  MaxDim=20, MinDim=20, Cutoff=1.0E-06, Niter=8, Noise=1.0E-05
7  MaxDim=20, MinDim=20, Cutoff=1.0E-06, Niter=8, Noise=1.0E-05
8  MaxDim=40, MinDim=20, Cutoff=1.0E-06, Niter=4, Noise=1.0E-05
9  MaxDim=40, MinDim=20, Cutoff=1.0E-06, Niter=4, Noise=1.0E-05
10  MaxDim=40, MinDim=20, Cutoff=1.0E-06, Niter=4, Noise=1.0E-05
11  MaxDim=40, MinDim=20, Cutoff=1.0E-06, Niter=4, Noise=1.0E-05
12  MaxDim=40, MinDim=20, Cutoff=1.0E-06, Niter=4, Noise=1.0E-05
13  MaxDim=40, MinDim=20, Cutoff=1.0E-06, Niter=4, Noise=1.0E-05
14  MaxDim=40, MinDim=20, Cutoff=1.0E-06, Niter=4, Noise=1.0E-05
15  MaxDim=80, MinDim=10, Cutoff=1.0E-06, Niter=4, Noise=1.0E-05
16  MaxDim=80, MinDim=10, Cutoff=1.0E-06, Niter=4, Noise=1.0E-05
17  MaxDim=80, MinDim=10, Cutoff=1.0E-06, Niter=4, Noise=1.0E-05
18  MaxDim=80, MinDim=10, Cutoff=1.0E-06, Niter=4, Noise=1.0E-05
19  MaxDim=80, MinDim=10, Cutoff=1.0E-06, Niter=4, Noise=1.0E-05
20  MaxDim=80, MinDim=10, Cutoff=1.0E-06, Niter=4, Noise=1.0E-05
21  MaxDim=80, MinDim=10, Cutoff=1.0E-06, Niter=4, Noise=1.0E-05
22  MaxDim=80, MinDim=10, Cutoff=1.0E-06, Niter=4, Noise=1.0E-05
23  MaxDim=80, MinDim=10, Cutoff=1.0E-06, Niter=4, Noise=1.0E-05
24  MaxDim=80, MinDim=10, Cutoff=1.0E-06, Niter=4, Noise=1.0E-05
25  MaxDim=80, MinDim=10, Cutoff=1.0E-06, Niter=4, Noise=1.0E-05
26  MaxDim=80, MinDim=10, Cutoff=1.0E-06, Niter=4, Noise=1.0E-05
27  MaxDim=80, MinDim=10, Cutoff=1.0E-06, Niter=4, Noise=1.0E-05
28  MaxDim=80, MinDim=10, Cutoff=1.0E-06, Niter=4, Noise=1.0E-05
29  MaxDim=80, MinDim=10, Cutoff=1.0E-06, Niter=4, Noise=1.0E-05
30  MaxDim=80, MinDim=10, Cutoff=1.0E-06, Niter=4, Noise=1.0E-05
31  MaxDim=80, MinDim=10, Cutoff=1.0E-06, Niter=4, Noise=1.0E-05
32  MaxDim=80, MinDim=10, Cutoff=1.0E-06, Niter=4, Noise=1.0E-05
33  MaxDim=80, MinDim=10, Cutoff=1.0E-06, Niter=4, Noise=1.0E-05
34  MaxDim=80, MinDim=10, Cutoff=1.0E-06, Niter=4, Noise=1.0E-05
35  MaxDim=80, MinDim=10, Cutoff=1.0E-06, Niter=4, Noise=1.0E-05
36  MaxDim=80, MinDim=10, Cutoff=1.0E-06, Niter=4, Noise=1.0E-05
37  MaxDim=160, MinDim=10, Cutoff=1.0E-08, Niter=4, Noise=1.0E-06
38  MaxDim=160, MinDim=10, Cutoff=1.0E-08, Niter=4, Noise=1.0E-06
39  MaxDim=160, MinDim=10, Cutoff=1.0E-08, Niter=4, Noise=1.0E-06
40  MaxDim=160, MinDim=10, Cutoff=1.0E-08, Niter=4, Noise=1.0E-06
41  MaxDim=160, MinDim=10, Cutoff=1.0E-08, Niter=4, Noise=1.0E-06
42  MaxDim=160, MinDim=10, Cutoff=1.0E-08, Niter=4, Noise=1.0E-06
43  MaxDim=160, MinDim=10, Cutoff=1.0E-08, Niter=4, Noise=1.0E-06
44  MaxDim=160, MinDim=10, Cutoff=1.0E-08, Niter=4, Noise=1.0E-06
45  MaxDim=160, MinDim=10, Cutoff=1.0E-08, Niter=4, Noise=1.0E-06
46  MaxDim=160, MinDim=10, Cutoff=1.0E-08, Niter=4, Noise=1.0E-06
47  MaxDim=160, MinDim=10, Cutoff=1.0E-08, Niter=4, Noise=1.0E-06
48  MaxDim=160, MinDim=10, Cutoff=1.0E-08, Niter=4, Noise=1.0E-06
49  MaxDim=160, MinDim=10, Cutoff=1.0E-08, Niter=4, Noise=1.0E-06
50  MaxDim=160, MinDim=10, Cutoff=1.0E-08, Niter=4, Noise=1.0E-06
51  MaxDim=160, MinDim=10, Cutoff=1.0E-08, Niter=4, Noise=1.0E-06
52  MaxDim=160, MinDim=10, Cutoff=1.0E-08, Niter=4, Noise=1.0E-06
53  MaxDim=160, MinDim=10, Cutoff=1.0E-08, Niter=4, Noise=1.0E-06
54  MaxDim=160, MinDim=10, Cutoff=1.0E-08, Niter=4, Noise=1.0E-06
55  MaxDim=160, MinDim=10, Cutoff=1.0E-08, Niter=4, Noise=1.0E-06
56  MaxDim=160, MinDim=10, Cutoff=1.0E-08, Niter=4, Noise=1.0E-06
57  MaxDim=160, MinDim=10, Cutoff=1.0E-08, Niter=4, Noise=1.0E-06
58  MaxDim=160, MinDim=10, Cutoff=1.0E-08, Niter=4, Noise=1.0E-06
59  MaxDim=320, MinDim=10, Cutoff=1.0E-10, Niter=4, Noise=1.0E-07
60  MaxDim=320, MinDim=10, Cutoff=1.0E-10, Niter=4, Noise=1.0E-07
61  MaxDim=320, MinDim=10, Cutoff=1.0E-10, Niter=4, Noise=1.0E-07
62  MaxDim=320, MinDim=10, Cutoff=1.0E-10, Niter=4, Noise=1.0E-07
63  MaxDim=320, MinDim=10, Cutoff=1.0E-10, Niter=4, Noise=1.0E-07
64  MaxDim=320, MinDim=10, Cutoff=1.0E-10, Niter=4, Noise=1.0E-07
65  MaxDim=320, MinDim=10, Cutoff=1.0E-10, Niter=4, Noise=1.0E-07
66  MaxDim=320, MinDim=10, Cutoff=1.0E-10, Niter=4, Noise=1.0E-07
67  MaxDim=320, MinDim=10, Cutoff=1.0E-10, Niter=4, Noise=1.0E-07
68  MaxDim=320, MinDim=10, Cutoff=1.0E-10, Niter=4, Noise=1.0E-07
69  MaxDim=320, MinDim=10, Cutoff=1.0E-10, Niter=4, Noise=1.0E-07
70  MaxDim=320, MinDim=10, Cutoff=1.0E-10, Niter=4, Noise=1.0E-07
71  MaxDim=320, MinDim=10, Cutoff=1.0E-10, Niter=4, Noise=1.0E-07
72  MaxDim=320, MinDim=10, Cutoff=1.0E-10, Niter=4, Noise=1.0E-07
73  MaxDim=320, MinDim=10, Cutoff=1.0E-10, Niter=4, Noise=1.0E-07
74  MaxDim=320, MinDim=10, Cutoff=1.0E-10, Niter=4, Noise=1.0E-07
75  MaxDim=640, MinDim=10, Cutoff=1.0E-12, Niter=2, Noise=1.0E-08
76  MaxDim=640, MinDim=10, Cutoff=1.0E-12, Niter=2, Noise=1.0E-08
77  MaxDim=640, MinDim=10, Cutoff=1.0E-12, Niter=2, Noise=1.0E-08
78  MaxDim=640, MinDim=10, Cutoff=1.0E-12, Niter=2, Noise=1.0E-08
79  MaxDim=640, MinDim=10, Cutoff=1.0E-12, Niter=2, Noise=1.0E-08
80  MaxDim=640, MinDim=10, Cutoff=1.0E-12, Niter=2, Noise=1.0E-08
81  MaxDim=640, MinDim=10, Cutoff=1.0E-12, Niter=2, Noise=1.0E-08
82  MaxDim=640, MinDim=10, Cutoff=1.0E-12, Niter=2, Noise=1.0E-08
83  MaxDim=1280, MinDim=10, Cutoff=1.0E-12, Niter=2, Noise=0.0E+00
84  MaxDim=1280, MinDim=10, Cutoff=1.0E-14, Niter=2, Noise=0.0E+00
85  MaxDim=1280, MinDim=10, Cutoff=1.0E-14, Niter=2, Noise=0.0E+00
86  MaxDim=1280, MinDim=10, Cutoff=1.0E-14, Niter=2, Noise=0.0E+00
87  MaxDim=1280, MinDim=10, Cutoff=1.0E-14, Niter=2, Noise=0.0E+00


    vN Entropy at center bond b=151 = 0.682855813357
    Eigs at center bond b=151: 0.7621 0.2047 0.0215 0.0048 0.0043 0.0012 
    Largest link dim during sweep 1/87 was 20
    Largest truncation error: 2.32775e-05
    Energy after sweep 1/87 is -153.238622304615
    Sweep 1/87 CPU time = 18.53s (Wall time = 1.203s)

    vN Entropy at center bond b=151 = 0.802832325791
    Eigs at center bond b=151: 0.7170 0.2295 0.0321 0.0085 0.0065 0.0024 0.0016 0.0012 
    Largest link dim during sweep 2/87 was 20
    Largest truncation error: 8.0005e-06
    Energy after sweep 2/87 is -153.280245553978
    Sweep 2/87 CPU time = 25.97s (Wall time = 1.664s)

    vN Entropy at center bond b=151 = 0.819870629596
    Eigs at center bond b=151: 0.7115 0.2310 0.0345 0.0093 0.0068 0.0025 0.0017 0.0013 
    Largest link dim during sweep 3/87 was 20
    Largest truncation error: 1.09502e-05
    Energy after sweep 3/87 is -153.281241876583
    Sweep 3/87 CPU time = 26.49s (Wall time = 1.702s)

    vN Entropy at center bond b=151 = 0.821471854590
    Eigs at center bond b=151: 0.7110 0.2312 0.0348 0.0094 0.0068 0.0025 0.0017 0.0013 
    Largest link dim during sweep 4/87 was 20
    Largest truncation error: 1.14514e-05
    Energy after sweep 4/87 is -153.281364255770
    Sweep 4/87 CPU time = 26.69s (Wall time = 1.713s)

    vN Entropy at center bond b=151 = 0.821738003323
    Eigs at center bond b=151: 0.7109 0.2312 0.0348 0.0094 0.0068 0.0025 0.0017 0.0013 
    Largest link dim during sweep 5/87 was 20
    Largest truncation error: 1.1608e-05
    Energy after sweep 5/87 is -153.281400400279
    Sweep 5/87 CPU time = 26.63s (Wall time = 1.710s)

    vN Entropy at center bond b=151 = 0.821828351823
    Eigs at center bond b=151: 0.7109 0.2312 0.0348 0.0094 0.0068 0.0025 0.0017 0.0013 
    Largest link dim during sweep 6/87 was 20
    Largest truncation error: 1.17598e-05
    Energy after sweep 6/87 is -153.281428343989
    Sweep 6/87 CPU time = 26.81s (Wall time = 1.716s)

    vN Entropy at center bond b=151 = 0.821872524721
    Eigs at center bond b=151: 0.7109 0.2312 0.0348 0.0094 0.0068 0.0025 0.0017 0.0013 
    Largest link dim during sweep 7/87 was 20
    Largest truncation error: 1.19718e-05
    Energy after sweep 7/87 is -153.281443946119
    Sweep 7/87 CPU time = 26.67s (Wall time = 1.712s)

    vN Entropy at center bond b=151 = 0.875512885207
    Eigs at center bond b=151: 0.6955 0.2331 0.0425 0.0122 0.0081 0.0029 0.0023 0.0016 
    Largest link dim during sweep 8/87 was 38
    Largest truncation error: 7.84939e-07
    Energy after sweep 8/87 is -153.302673606940
    Sweep 8/87 CPU time = 25.39s (Wall time = 1.633s)

    vN Entropy at center bond b=151 = 0.923020998615
    Eigs at center bond b=151: 0.6806 0.2352 0.0501 0.0151 0.0090 0.0032 0.0027 0.0018 
    Largest link dim during sweep 9/87 was 40
    Largest truncation error: 1.19821e-06
    Energy after sweep 9/87 is -153.305242536971
    Sweep 9/87 CPU time = 39.32s (Wall time = 2.547s)

    vN Entropy at center bond b=151 = 0.947403673923
    Eigs at center bond b=151: 0.6737 0.2350 0.0543 0.0167 0.0095 0.0033 0.0029 0.0019 
    Largest link dim during sweep 10/87 was 40
    Largest truncation error: 1.65788e-06
    Energy after sweep 10/87 is -153.305705321243
    Sweep 10/87 CPU time = 42.48s (Wall time = 2.725s)

    vN Entropy at center bond b=151 = 0.960731151211
    Eigs at center bond b=151: 0.6702 0.2342 0.0569 0.0175 0.0099 0.0033 0.0031 0.0019 
    Largest link dim during sweep 11/87 was 40
    Largest truncation error: 1.78242e-06
    Energy after sweep 11/87 is -153.305799330821
    Sweep 11/87 CPU time = 40.22s (Wall time = 2.578s)

    vN Entropy at center bond b=151 = 0.967653697849
    Eigs at center bond b=151: 0.6684 0.2335 0.0585 0.0180 0.0100 0.0034 0.0031 0.0019 
    Largest link dim during sweep 12/87 was 40
    Largest truncation error: 1.8374e-06
    Energy after sweep 12/87 is -153.305825693846
    Sweep 12/87 CPU time = 40.95s (Wall time = 2.625s)

    vN Entropy at center bond b=151 = 0.971187827830
    Eigs at center bond b=151: 0.6676 0.2330 0.0593 0.0183 0.0101 0.0034 0.0031 0.0019 
    Largest link dim during sweep 13/87 was 40
    Largest truncation error: 1.86114e-06
    Energy after sweep 13/87 is -153.305833080891
    Sweep 13/87 CPU time = 41.80s (Wall time = 2.695s)

    vN Entropy at center bond b=151 = 0.972952975277
    Eigs at center bond b=151: 0.6671 0.2328 0.0598 0.0185 0.0101 0.0034 0.0032 0.0019 
    Largest link dim during sweep 14/87 was 40
    Largest truncation error: 1.87212e-06
    Energy after sweep 14/87 is -153.305836777091
    Sweep 14/87 CPU time = 41.63s (Wall time = 2.668s)

    vN Entropy at center bond b=151 = 0.985632123183
    Eigs at center bond b=151: 0.6636 0.2323 0.0622 0.0193 0.0104 0.0035 0.0033 0.0020 0.0010 
    Largest link dim during sweep 15/87 was 52
    Largest truncation error: 7.85081e-07
    Energy after sweep 15/87 is -153.307346097659
    Sweep 15/87 CPU time = 51.06s (Wall time = 3.278s)

    vN Entropy at center bond b=151 = 1.006194436316
    Eigs at center bond b=151: 0.6578 0.2312 0.0664 0.0208 0.0109 0.0036 0.0034 0.0020 0.0011 
    Largest link dim during sweep 16/87 was 54
    Largest truncation error: 7.89421e-07
    Energy after sweep 16/87 is -153.307709975492
    Sweep 16/87 CPU time = 57.55s (Wall time = 3.691s)

    vN Entropy at center bond b=151 = 1.022083124137
    Eigs at center bond b=151: 0.6533 0.2300 0.0700 0.0221 0.0112 0.0037 0.0036 0.0021 0.0012 
    Largest link dim during sweep 17/87 was 54
    Largest truncation error: 7.92327e-07
    Energy after sweep 17/87 is -153.307908668637
    Sweep 17/87 CPU time = 1m, 0.2s (Wall time = 3.904s)

    vN Entropy at center bond b=151 = 1.034918383842
    Eigs at center bond b=151: 0.6496 0.2288 0.0732 0.0232 0.0114 0.0038 0.0036 0.0021 0.0012 
    Largest link dim during sweep 18/87 was 55
    Largest truncation error: 7.69227e-07
    Energy after sweep 18/87 is -153.308044434236
    Sweep 18/87 CPU time = 1m, 1.7s (Wall time = 3.964s)

    vN Entropy at center bond b=151 = 1.045684558040
    Eigs at center bond b=151: 0.6464 0.2277 0.0760 0.0242 0.0115 0.0038 0.0037 0.0021 0.0013 
    Largest link dim during sweep 19/87 was 55
    Largest truncation error: 7.71355e-07
    Energy after sweep 19/87 is -153.308140658823
    Sweep 19/87 CPU time = 1m, 4.6s (Wall time = 4.151s)

    vN Entropy at center bond b=151 = 1.054333596195
    Eigs at center bond b=151: 0.6439 0.2268 0.0783 0.0250 0.0116 0.0038 0.0037 0.0021 0.0014 
    Largest link dim during sweep 20/87 was 55
    Largest truncation error: 7.72827e-07
    Energy after sweep 20/87 is -153.308201265127
    Sweep 20/87 CPU time = 1m, 5.8s (Wall time = 4.224s)

    vN Entropy at center bond b=151 = 1.060945979245
    Eigs at center bond b=151: 0.6419 0.2261 0.0802 0.0257 0.0117 0.0039 0.0038 0.0021 0.0014 
    Largest link dim during sweep 21/87 was 56
    Largest truncation error: 7.74023e-07
    Energy after sweep 21/87 is -153.308246520701
    Sweep 21/87 CPU time = 1m, 7.0s (Wall time = 4.337s)

    vN Entropy at center bond b=151 = 1.065860129204
    Eigs at center bond b=151: 0.6404 0.2255 0.0815 0.0261 0.0118 0.0039 0.0038 0.0021 0.0014 
    Largest link dim during sweep 22/87 was 56
    Largest truncation error: 7.74897e-07
    Energy after sweep 22/87 is -153.308267767229
    Sweep 22/87 CPU time = 1m, 5.0s (Wall time = 4.179s)

    vN Entropy at center bond b=151 = 1.069342267806
    Eigs at center bond b=151: 0.6393 0.2251 0.0826 0.0265 0.0118 0.0039 0.0038 0.0021 0.0015 
    Largest link dim during sweep 23/87 was 57
    Largest truncation error: 7.75535e-07
    Energy after sweep 23/87 is -153.308302142908
    Sweep 23/87 CPU time = 1m, 6.9s (Wall time = 4.299s)

    vN Entropy at center bond b=151 = 1.072160635640
    Eigs at center bond b=151: 0.6384 0.2248 0.0834 0.0268 0.0118 0.0039 0.0038 0.0021 0.0015 
    Largest link dim during sweep 24/87 was 57
    Largest truncation error: 7.76038e-07
    Energy after sweep 24/87 is -153.308326003716
    Sweep 24/87 CPU time = 1m, 7.3s (Wall time = 4.314s)

    vN Entropy at center bond b=151 = 1.074400930939
    Eigs at center bond b=151: 0.6377 0.2245 0.0840 0.0270 0.0118 0.0039 0.0038 0.0021 0.0015 
    Largest link dim during sweep 25/87 was 57
    Largest truncation error: 7.7642e-07
    Energy after sweep 25/87 is -153.308342034988
    Sweep 25/87 CPU time = 1m, 7.0s (Wall time = 4.304s)

    vN Entropy at center bond b=151 = 1.076264228262
    Eigs at center bond b=151: 0.6372 0.2243 0.0846 0.0272 0.0119 0.0039 0.0038 0.0021 0.0015 
    Largest link dim during sweep 26/87 was 57
    Largest truncation error: 7.76722e-07
    Energy after sweep 26/87 is -153.308351543992
    Sweep 26/87 CPU time = 1m, 6.7s (Wall time = 4.294s)

    vN Entropy at center bond b=151 = 1.077675963566
    Eigs at center bond b=151: 0.6367 0.2241 0.0850 0.0273 0.0119 0.0040 0.0038 0.0021 0.0015 
    Largest link dim during sweep 27/87 was 57
    Largest truncation error: 7.76952e-07
    Energy after sweep 27/87 is -153.308355023514
    Sweep 27/87 CPU time = 1m, 5.7s (Wall time = 4.230s)

    vN Entropy at center bond b=151 = 1.078706806804
    Eigs at center bond b=151: 0.6364 0.2240 0.0853 0.0275 0.0119 0.0040 0.0038 0.0021 0.0015 
    Largest link dim during sweep 28/87 was 57
    Largest truncation error: 7.77132e-07
    Energy after sweep 28/87 is -153.308358767119
    Sweep 28/87 CPU time = 1m, 7.1s (Wall time = 4.303s)

    vN Entropy at center bond b=151 = 1.079451533339
    Eigs at center bond b=151: 0.6362 0.2239 0.0855 0.0275 0.0119 0.0040 0.0038 0.0021 0.0015 
    Largest link dim during sweep 29/87 was 57
    Largest truncation error: 7.7736e-07
    Energy after sweep 29/87 is -153.308361445528
    Sweep 29/87 CPU time = 1m, 7.1s (Wall time = 4.306s)

    vN Entropy at center bond b=151 = 1.080153121897
    Eigs at center bond b=151: 0.6359 0.2238 0.0857 0.0276 0.0119 0.0040 0.0038 0.0021 0.0015 
    Largest link dim during sweep 30/87 was 57
    Largest truncation error: 7.77486e-07
    Energy after sweep 30/87 is -153.308363505001
    Sweep 30/87 CPU time = 1m, 7.6s (Wall time = 4.336s)

    vN Entropy at center bond b=151 = 1.080692137064
    Eigs at center bond b=151: 0.6358 0.2237 0.0859 0.0277 0.0119 0.0040 0.0038 0.0021 0.0015 
    Largest link dim during sweep 31/87 was 57
    Largest truncation error: 7.77584e-07
    Energy after sweep 31/87 is -153.308366130099
    Sweep 31/87 CPU time = 1m, 4.9s (Wall time = 4.158s)

    vN Entropy at center bond b=151 = 1.081121718456
    Eigs at center bond b=151: 0.6356 0.2237 0.0860 0.0277 0.0119 0.0040 0.0039 0.0021 0.0015 
    Largest link dim during sweep 32/87 was 57
    Largest truncation error: 7.77659e-07
    Energy after sweep 32/87 is -153.308368064538
    Sweep 32/87 CPU time = 1m, 7.3s (Wall time = 4.324s)

    vN Entropy at center bond b=151 = 1.081435413611
    Eigs at center bond b=151: 0.6355 0.2237 0.0861 0.0277 0.0119 0.0040 0.0039 0.0021 0.0015 
    Largest link dim during sweep 33/87 was 57
    Largest truncation error: 7.77715e-07
    Energy after sweep 33/87 is -153.308368970080
    Sweep 33/87 CPU time = 1m, 7.3s (Wall time = 4.325s)

    vN Entropy at center bond b=151 = 1.081696115355
    Eigs at center bond b=151: 0.6355 0.2236 0.0862 0.0278 0.0119 0.0040 0.0039 0.0021 0.0015 
    Largest link dim during sweep 34/87 was 57
    Largest truncation error: 7.77759e-07
    Energy after sweep 34/87 is -153.308369683608
    Sweep 34/87 CPU time = 1m, 7.2s (Wall time = 4.313s)

    vN Entropy at center bond b=151 = 1.081905811084
    Eigs at center bond b=151: 0.6354 0.2236 0.0863 0.0278 0.0119 0.0040 0.0039 0.0021 0.0015 
    Largest link dim during sweep 35/87 was 57
    Largest truncation error: 7.77793e-07
    Energy after sweep 35/87 is -153.308369788882
    Sweep 35/87 CPU time = 1m, 6.7s (Wall time = 4.276s)

    vN Entropy at center bond b=151 = 1.082047605064
    Eigs at center bond b=151: 0.6353 0.2236 0.0863 0.0278 0.0119 0.0040 0.0039 0.0021 0.0015 
    Largest link dim during sweep 36/87 was 57
    Largest truncation error: 7.77824e-07
    Energy after sweep 36/87 is -153.308372336639
    Sweep 36/87 CPU time = 1m, 6.5s (Wall time = 4.297s)

    vN Entropy at center bond b=151 = 1.174840586814
    Eigs at center bond b=151: 0.6053 0.2157 0.1099 0.0368 0.0133 0.0046 0.0044 0.0024 0.0021 0.0012 
    Largest link dim during sweep 37/87 was 142
    Largest truncation error: 8.16784e-09
    Energy after sweep 37/87 is -153.311073128697
    Sweep 37/87 CPU time = 4m, 25.8s (Wall time = 17.08s)

    vN Entropy at center bond b=151 = 1.372408905840
    Eigs at center bond b=151: 0.5222 0.1951 0.1749 0.0648 0.0149 0.0063 0.0051 0.0044 0.0021 0.0019 
    Largest link dim during sweep 38/87 was 160
    Largest truncation error: 1.6435e-08
    Energy after sweep 38/87 is -153.311947748875
    Sweep 38/87 CPU time = 10m, 58s (Wall time = 45.81s)

    vN Entropy at center bond b=151 = 1.422874720547
    Eigs at center bond b=151: 0.4960 0.2105 0.1726 0.0738 0.0153 0.0076 0.0051 0.0047 0.0024 0.0022 
    Largest link dim during sweep 39/87 was 160
    Largest truncation error: 3.27301e-08
    Energy after sweep 39/87 is -153.312087849860
    Sweep 39/87 CPU time = 10m, 51s (Wall time = 43.64s)

    vN Entropy at center bond b=151 = 1.426387065582
    Eigs at center bond b=151: 0.4951 0.2106 0.1726 0.0740 0.0155 0.0077 0.0051 0.0048 0.0025 0.0022 
    Largest link dim during sweep 40/87 was 160
    Largest truncation error: 3.76793e-08
    Energy after sweep 40/87 is -153.312095611438
    Sweep 40/87 CPU time = 10m, 56s (Wall time = 44.94s)

    vN Entropy at center bond b=151 = 1.427084084918
    Eigs at center bond b=151: 0.4950 0.2105 0.1726 0.0740 0.0156 0.0078 0.0051 0.0048 0.0025 0.0022 
    Largest link dim during sweep 41/87 was 160
    Largest truncation error: 3.87698e-08
    Energy after sweep 41/87 is -153.312096266200
    Sweep 41/87 CPU time = 10m, 34s (Wall time = 41.57s)

    vN Entropy at center bond b=151 = 1.427298422106
    Eigs at center bond b=151: 0.4950 0.2104 0.1727 0.0740 0.0156 0.0078 0.0051 0.0048 0.0025 0.0022 
    Largest link dim during sweep 42/87 was 160
    Largest truncation error: 3.91571e-08
    Energy after sweep 42/87 is -153.312096349056
    Sweep 42/87 CPU time = 10m, 51s (Wall time = 44.27s)

    vN Entropy at center bond b=151 = 1.427377150241
    Eigs at center bond b=151: 0.4950 0.2104 0.1727 0.0740 0.0156 0.0078 0.0051 0.0048 0.0025 0.0022 
    Largest link dim during sweep 43/87 was 160
    Largest truncation error: 3.94102e-08
    Energy after sweep 43/87 is -153.312096358049
    Sweep 43/87 CPU time = 11m, 10s (Wall time = 46.38s)

    vN Entropy at center bond b=151 = 1.427409824764
    Eigs at center bond b=151: 0.4950 0.2104 0.1727 0.0740 0.0156 0.0078 0.0051 0.0048 0.0025 0.0022 
    Largest link dim during sweep 44/87 was 160
    Largest truncation error: 3.95228e-08
    Energy after sweep 44/87 is -153.312096354001
    Sweep 44/87 CPU time = 10m, 57s (Wall time = 45.55s)

    vN Entropy at center bond b=151 = 1.427424334518
    Eigs at center bond b=151: 0.4950 0.2104 0.1727 0.0740 0.0156 0.0078 0.0051 0.0048 0.0025 0.0022 
    Largest link dim during sweep 45/87 was 160
    Largest truncation error: 3.95734e-08
    Energy after sweep 45/87 is -153.312096350611
    Sweep 45/87 CPU time = 10m, 54s (Wall time = 44.57s)

    vN Entropy at center bond b=151 = 1.427431029095
    Eigs at center bond b=151: 0.4950 0.2104 0.1727 0.0740 0.0156 0.0078 0.0051 0.0048 0.0025 0.0022 
    Largest link dim during sweep 46/87 was 160
    Largest truncation error: 3.95956e-08
    Energy after sweep 46/87 is -153.312096349042
    Sweep 46/87 CPU time = 10m, 58s (Wall time = 45.35s)

    vN Entropy at center bond b=151 = 1.427434253220
    Eigs at center bond b=151: 0.4950 0.2104 0.1727 0.0740 0.0156 0.0078 0.0051 0.0048 0.0025 0.0022 
    Largest link dim during sweep 47/87 was 160
    Largest truncation error: 3.96047e-08
    Energy after sweep 47/87 is -153.312096348659
    Sweep 47/87 CPU time = 11m, 10s (Wall time = 46.33s)

    vN Entropy at center bond b=151 = 1.427435939786
    Eigs at center bond b=151: 0.4950 0.2104 0.1727 0.0740 0.0156 0.0078 0.0051 0.0048 0.0025 0.0022 
    Largest link dim during sweep 48/87 was 160
    Largest truncation error: 3.96084e-08
    Energy after sweep 48/87 is -153.312096348867
    Sweep 48/87 CPU time = 11m, 6s (Wall time = 46.48s)

    vN Entropy at center bond b=151 = 1.427436994597
    Eigs at center bond b=151: 0.4950 0.2104 0.1727 0.0740 0.0156 0.0078 0.0051 0.0048 0.0025 0.0022 
    Largest link dim during sweep 49/87 was 160
    Largest truncation error: 3.96101e-08
    Energy after sweep 49/87 is -153.312096349408
    Sweep 49/87 CPU time = 11m, 10s (Wall time = 46.28s)

    vN Entropy at center bond b=151 = 1.427437834344
    Eigs at center bond b=151: 0.4950 0.2104 0.1727 0.0740 0.0156 0.0078 0.0051 0.0048 0.0025 0.0022 
    Largest link dim during sweep 50/87 was 160
    Largest truncation error: 3.96109e-08
    Energy after sweep 50/87 is -153.312096350262
    Sweep 50/87 CPU time = 10m, 44s (Wall time = 42.90s)

    vN Entropy at center bond b=151 = 1.427438611883
    Eigs at center bond b=151: 0.4950 0.2104 0.1727 0.0740 0.0156 0.0078 0.0051 0.0048 0.0025 0.0022 
    Largest link dim during sweep 51/87 was 160
    Largest truncation error: 3.96114e-08
    Energy after sweep 51/87 is -153.312096351486
    Sweep 51/87 CPU time = 11m, 13s (Wall time = 46.09s)

    vN Entropy at center bond b=151 = 1.427439316682
    Eigs at center bond b=151: 0.4950 0.2104 0.1727 0.0740 0.0156 0.0078 0.0051 0.0048 0.0025 0.0022 
    Largest link dim during sweep 52/87 was 160
    Largest truncation error: 3.96118e-08
    Energy after sweep 52/87 is -153.312096352475
    Sweep 52/87 CPU time = 11m, 17s (Wall time = 47.13s)

    vN Entropy at center bond b=151 = 1.427439743581
    Eigs at center bond b=151: 0.4950 0.2104 0.1727 0.0740 0.0156 0.0078 0.0051 0.0048 0.0025 0.0022 
    Largest link dim during sweep 53/87 was 160
    Largest truncation error: 3.9612e-08
    Energy after sweep 53/87 is -153.312096353464
    Sweep 53/87 CPU time = 11m, 15s (Wall time = 46.98s)

    vN Entropy at center bond b=151 = 1.427440060096
    Eigs at center bond b=151: 0.4950 0.2104 0.1727 0.0740 0.0156 0.0078 0.0051 0.0048 0.0025 0.0022 
    Largest link dim during sweep 54/87 was 160
    Largest truncation error: 3.96123e-08
    Energy after sweep 54/87 is -153.312096355106
    Sweep 54/87 CPU time = 11m, 16s (Wall time = 46.71s)

    vN Entropy at center bond b=151 = 1.427440334841
    Eigs at center bond b=151: 0.4950 0.2104 0.1727 0.0740 0.0156 0.0078 0.0051 0.0048 0.0025 0.0022 
    Largest link dim during sweep 55/87 was 160
    Largest truncation error: 3.96127e-08
    Energy after sweep 55/87 is -153.312096355898
    Sweep 55/87 CPU time = 11m, 18s (Wall time = 47.09s)

    vN Entropy at center bond b=151 = 1.427440446026
    Eigs at center bond b=151: 0.4950 0.2104 0.1727 0.0740 0.0156 0.0078 0.0051 0.0048 0.0025 0.0022 
    Largest link dim during sweep 56/87 was 160
    Largest truncation error: 3.9613e-08
    Energy after sweep 56/87 is -153.312096355994
    Sweep 56/87 CPU time = 11m, 20s (Wall time = 47.19s)

    vN Entropy at center bond b=151 = 1.427440481242
    Eigs at center bond b=151: 0.4950 0.2104 0.1727 0.0740 0.0156 0.0078 0.0051 0.0048 0.0025 0.0022 
    Largest link dim during sweep 57/87 was 160
    Largest truncation error: 3.96134e-08
    Energy after sweep 57/87 is -153.312096355924
    Sweep 57/87 CPU time = 11m, 12s (Wall time = 46.67s)

    vN Entropy at center bond b=151 = 1.427440499003
    Eigs at center bond b=151: 0.4950 0.2104 0.1727 0.0740 0.0156 0.0078 0.0051 0.0048 0.0025 0.0022 
    Largest link dim during sweep 58/87 was 160
    Largest truncation error: 3.96137e-08
    Energy after sweep 58/87 is -153.312096355807
    Sweep 58/87 CPU time = 11m, 9s (Wall time = 46.73s)

    vN Entropy at center bond b=151 = 1.432549019330
    Eigs at center bond b=151: 0.4941 0.2102 0.1727 0.0741 0.0159 0.0079 0.0052 0.0049 0.0026 0.0022 
    Largest link dim during sweep 59/87 was 320
    Largest truncation error: 7.21289e-10
    Energy after sweep 59/87 is -153.312162793407
    Sweep 59/87 CPU time = 43m, 26s (Wall time = 2m, 56.0s)

    vN Entropy at center bond b=151 = 1.434428521463
    Eigs at center bond b=151: 0.4938 0.2101 0.1727 0.0741 0.0159 0.0079 0.0052 0.0050 0.0026 0.0022 
    Largest link dim during sweep 60/87 was 320
    Largest truncation error: 1.28246e-09
    Energy after sweep 60/87 is -153.312163946979
    Sweep 60/87 CPU time = 50m, 33s (Wall time = 3m, 18.2s)

    vN Entropy at center bond b=151 = 1.434632633462
    Eigs at center bond b=151: 0.4938 0.2101 0.1727 0.0741 0.0160 0.0080 0.0052 0.0050 0.0026 0.0022 
    Largest link dim during sweep 61/87 was 320
    Largest truncation error: 1.37967e-09
    Energy after sweep 61/87 is -153.312164003360
    Sweep 61/87 CPU time = 52m, 49s (Wall time = 3m, 30.7s)

    vN Entropy at center bond b=151 = 1.434673355336
    Eigs at center bond b=151: 0.4938 0.2101 0.1727 0.0741 0.0160 0.0080 0.0052 0.0050 0.0026 0.0022 
    Largest link dim during sweep 62/87 was 320
    Largest truncation error: 1.40706e-09
    Energy after sweep 62/87 is -153.312164006135
    Sweep 62/87 CPU time = 52m, 31s (Wall time = 3m, 29.1s)

    vN Entropy at center bond b=151 = 1.434684304208
    Eigs at center bond b=151: 0.4938 0.2101 0.1727 0.0741 0.0160 0.0080 0.0052 0.0050 0.0026 0.0022 
    Largest link dim during sweep 63/87 was 320
    Largest truncation error: 1.41436e-09
    Energy after sweep 63/87 is -153.312164005277
    Sweep 63/87 CPU time = 52m, 35s (Wall time = 3m, 29.7s)

    vN Entropy at center bond b=151 = 1.434687804057
    Eigs at center bond b=151: 0.4938 0.2101 0.1727 0.0741 0.0160 0.0080 0.0052 0.0050 0.0026 0.0022 
    Largest link dim during sweep 64/87 was 320
    Largest truncation error: 1.42237e-09
    Energy after sweep 64/87 is -153.312164004883
    Sweep 64/87 CPU time = 52m, 31s (Wall time = 3m, 29.7s)

    vN Entropy at center bond b=151 = 1.434689112296
    Eigs at center bond b=151: 0.4938 0.2101 0.1727 0.0741 0.0160 0.0080 0.0052 0.0050 0.0026 0.0022 
    Largest link dim during sweep 65/87 was 320
    Largest truncation error: 1.42451e-09
    Energy after sweep 65/87 is -153.312164004606
    Sweep 65/87 CPU time = 52m, 49s (Wall time = 3m, 31.1s)

    vN Entropy at center bond b=151 = 1.434689626592
    Eigs at center bond b=151: 0.4938 0.2101 0.1727 0.0741 0.0160 0.0080 0.0052 0.0050 0.0026 0.0022 
    Largest link dim during sweep 66/87 was 320
    Largest truncation error: 1.4254e-09
    Energy after sweep 66/87 is -153.312164004468
    Sweep 66/87 CPU time = 52m, 56s (Wall time = 3m, 31.5s)

    vN Entropy at center bond b=151 = 1.434689858056
    Eigs at center bond b=151: 0.4938 0.2101 0.1727 0.0741 0.0160 0.0080 0.0052 0.0050 0.0026 0.0022 
    Largest link dim during sweep 67/87 was 320
    Largest truncation error: 1.42581e-09
    Energy after sweep 67/87 is -153.312164004398
    Sweep 67/87 CPU time = 52m, 37s (Wall time = 3m, 30.3s)

    vN Entropy at center bond b=151 = 1.434689970820
    Eigs at center bond b=151: 0.4938 0.2101 0.1727 0.0741 0.0160 0.0080 0.0052 0.0050 0.0026 0.0022 
    Largest link dim during sweep 68/87 was 320
    Largest truncation error: 1.42603e-09
    Energy after sweep 68/87 is -153.312164004361
    Sweep 68/87 CPU time = 52m, 31s (Wall time = 3m, 29.8s)

    vN Entropy at center bond b=151 = 1.434690031284
    Eigs at center bond b=151: 0.4938 0.2101 0.1727 0.0741 0.0160 0.0080 0.0052 0.0050 0.0026 0.0022 
    Largest link dim during sweep 69/87 was 320
    Largest truncation error: 1.42616e-09
    Energy after sweep 69/87 is -153.312164004344
    Sweep 69/87 CPU time = 52m, 32s (Wall time = 3m, 30.1s)

    vN Entropy at center bond b=151 = 1.434690067773
    Eigs at center bond b=151: 0.4938 0.2101 0.1727 0.0741 0.0160 0.0080 0.0052 0.0050 0.0026 0.0022 
    Largest link dim during sweep 70/87 was 320
    Largest truncation error: 1.42625e-09
    Energy after sweep 70/87 is -153.312164004329
    Sweep 70/87 CPU time = 52m, 35s (Wall time = 3m, 30.7s)

    vN Entropy at center bond b=151 = 1.434690090949
    Eigs at center bond b=151: 0.4938 0.2101 0.1727 0.0741 0.0160 0.0080 0.0052 0.0050 0.0026 0.0022 
    Largest link dim during sweep 71/87 was 320
    Largest truncation error: 1.42635e-09
    Energy after sweep 71/87 is -153.312164004322
    Sweep 71/87 CPU time = 52m, 38s (Wall time = 3m, 31.2s)

    vN Entropy at center bond b=151 = 1.434690106129
    Eigs at center bond b=151: 0.4938 0.2101 0.1727 0.0741 0.0160 0.0080 0.0052 0.0050 0.0026 0.0022 
    Largest link dim during sweep 72/87 was 320
    Largest truncation error: 1.42642e-09
    Energy after sweep 72/87 is -153.312164004319
    Sweep 72/87 CPU time = 52m, 21s (Wall time = 3m, 29.6s)

    vN Entropy at center bond b=151 = 1.434690116970
    Eigs at center bond b=151: 0.4938 0.2101 0.1727 0.0741 0.0160 0.0080 0.0052 0.0050 0.0026 0.0022 
    Largest link dim during sweep 73/87 was 320
    Largest truncation error: 1.42648e-09
    Energy after sweep 73/87 is -153.312164004310
    Sweep 73/87 CPU time = 52m, 42s (Wall time = 3m, 30.6s)

    vN Entropy at center bond b=151 = 1.434690125803
    Eigs at center bond b=151: 0.4938 0.2101 0.1727 0.0741 0.0160 0.0080 0.0052 0.0050 0.0026 0.0022 
    Largest link dim during sweep 74/87 was 320
    Largest truncation error: 1.42651e-09
    Energy after sweep 74/87 is -153.312164004306
    Sweep 74/87 CPU time = 52m, 46s (Wall time = 3m, 30.8s)

    vN Entropy at center bond b=151 = 1.434928160343
    Eigs at center bond b=151: 0.4938 0.2101 0.1727 0.0741 0.0160 0.0080 0.0052 0.0050 0.0026 0.0022 
    Largest link dim during sweep 75/87 was 640
    Largest truncation error: 2.14962e-11
    Energy after sweep 75/87 is -153.312166301810
    Sweep 75/87 CPU time = 2h, 34m, 56s (Wall time = 10m, 18s)

    vN Entropy at center bond b=151 = 1.435079237323
    Eigs at center bond b=151: 0.4937 0.2101 0.1727 0.0741 0.0160 0.0080 0.0052 0.0050 0.0026 0.0022 
    Largest link dim during sweep 76/87 was 640
    Largest truncation error: 3.30034e-11
    Energy after sweep 76/87 is -153.312166345872
    Sweep 76/87 CPU time = 2h, 59m, 11s (Wall time = 11m, 52s)

    vN Entropy at center bond b=151 = 1.435107371584
    Eigs at center bond b=151: 0.4937 0.2100 0.1727 0.0741 0.0160 0.0080 0.0052 0.0050 0.0026 0.0022 
    Largest link dim during sweep 77/87 was 640
    Largest truncation error: 3.32466e-11
    Energy after sweep 77/87 is -153.312166349696
    Sweep 77/87 CPU time = 2h, 57m, 46s (Wall time = 11m, 47s)

    vN Entropy at center bond b=151 = 1.435114045071
    Eigs at center bond b=151: 0.4937 0.2100 0.1727 0.0741 0.0160 0.0080 0.0052 0.0050 0.0026 0.0022 
    Largest link dim during sweep 78/87 was 640
    Largest truncation error: 3.40032e-11
    Energy after sweep 78/87 is -153.312166350174
    Sweep 78/87 CPU time = 2h, 58m, 17s (Wall time = 11m, 53s)

    vN Entropy at center bond b=151 = 1.435115861291
    Eigs at center bond b=151: 0.4937 0.2100 0.1727 0.0741 0.0160 0.0080 0.0052 0.0050 0.0026 0.0022 
    Largest link dim during sweep 79/87 was 640
    Largest truncation error: 3.4402e-11
    Energy after sweep 79/87 is -153.312166350223
    Sweep 79/87 CPU time = 2h, 58m, 15s (Wall time = 11m, 53s)

    vN Entropy at center bond b=151 = 1.435116421572
    Eigs at center bond b=151: 0.4937 0.2100 0.1727 0.0741 0.0160 0.0080 0.0052 0.0050 0.0026 0.0022 
    Largest link dim during sweep 80/87 was 640
    Largest truncation error: 3.45511e-11
    Energy after sweep 80/87 is -153.312166350224
    Sweep 80/87 CPU time = 2h, 56m, 53s (Wall time = 11m, 48s)

    vN Entropy at center bond b=151 = 1.435116617406
    Eigs at center bond b=151: 0.4937 0.2100 0.1727 0.0741 0.0160 0.0080 0.0052 0.0050 0.0026 0.0022 
    Largest link dim during sweep 81/87 was 640
    Largest truncation error: 3.46658e-11
    Energy after sweep 81/87 is -153.312166350225
    Sweep 81/87 CPU time = 2h, 56m, 44s (Wall time = 11m, 47s)

    vN Entropy at center bond b=151 = 1.435116693593
    Eigs at center bond b=151: 0.4937 0.2100 0.1727 0.0741 0.0160 0.0080 0.0052 0.0050 0.0026 0.0022 
    Largest link dim during sweep 82/87 was 640
    Largest truncation error: 3.47039e-11
    Energy after sweep 82/87 is -153.312166350215
    Sweep 82/87 CPU time = 2h, 56m, 40s (Wall time = 11m, 47s)

    vN Entropy at center bond b=151 = 1.435123615392
    Eigs at center bond b=151: 0.4937 0.2100 0.1727 0.0741 0.0160 0.0080 0.0052 0.0050 0.0026 0.0022 
    Largest link dim during sweep 83/87 was 1133
    Largest truncation error: 7.48836e-13
    Energy after sweep 83/87 is -153.312166395661
    Sweep 83/87 CPU time = 5h, 17m, 38s (Wall time = 23m, 37s)

    vN Entropy at center bond b=151 = 1.435128276880
    Eigs at center bond b=151: 0.4937 0.2100 0.1727 0.0741 0.0160 0.0080 0.0052 0.0050 0.0026 0.0022 
    Largest link dim during sweep 84/87 was 1280
    Largest truncation error: 3.82635e-13
    Energy after sweep 84/87 is -153.312166399118
    Sweep 84/87 CPU time = 9h, 51m, 8s (Wall time = 47m, 6s)

    vN Entropy at center bond b=151 = 1.435129146596
    Eigs at center bond b=151: 0.4937 0.2100 0.1727 0.0741 0.0160 0.0080 0.0052 0.0050 0.0026 0.0022 
    Largest link dim during sweep 85/87 was 1280
    Largest truncation error: 3.76051e-13
    Energy after sweep 85/87 is -153.312166399194
    Sweep 85/87 CPU time = 11h, 13m, 18s (Wall time = 49m, 3s)

    vN Entropy at center bond b=151 = 1.435129311647
    Eigs at center bond b=151: 0.4937 0.2100 0.1727 0.0741 0.0160 0.0080 0.0052 0.0050 0.0026 0.0022 
    Largest link dim during sweep 86/87 was 1280
    Largest truncation error: 3.80982e-13
    Energy after sweep 86/87 is -153.312166399205
    Sweep 86/87 CPU time = 11h, 14m, 44s (Wall time = 48m, 11s)

    vN Entropy at center bond b=151 = 1.435129350705
    Eigs at center bond b=151: 0.4937 0.2100 0.1727 0.0741 0.0160 0.0080 0.0052 0.0050 0.0026 0.0022 
    Largest link dim during sweep 87/87 was 1280
    Largest truncation error: 3.85337e-13
    Energy after sweep 87/87 is -153.312166399206
    Sweep 87/87 CPU time = 11h, 6m, 18s (Wall time = 47m, 3s)
Initial energy = 15.75000

Ground State Energy = -153.3121663992
run_outputs/outputpsi/N_303_sweep_87_t_0.030000_J_1.000000_V_0.600000_D_0.018000_U_1.100000_mu_0.100000_E_0.200000 converge
Wall-clock time (s) = 142722.498103
