//////////////////////////
Reading input file ......

Got input.N = 300
Got input.t = 0.03
Got input.J = 1
Got input.V = 0.6
Got input.D = 0.018
Got input.U = 1.2
Got input.mu = 0.02
Got input.E = 0.1
Got input.nsweeps = 87
Sweeps:
1  MaxDim=20, MinDim=20, Cutoff=1.0E-06, Niter=8, Noise=1.0E-05
2  MaxDim=20, MinDim=20, Cutoff=1.0E-06, Niter=8, Noise=1.0E-05
3  MaxDim=20, MinDim=20, Cutoff=1.0E-06, Niter=8, Noise=1.0E-05
4  MaxDim=20, MinDim=20, Cutoff=1.0E-06, Niter=8, Noise=1.0E-05
5  MaxDim=20, MinDim=20, Cutoff=1.0E-06, Niter=8, Noise=1.0E-05
6  MaxDim=20, MinDim=20, Cutoff=1.0E-06, Niter=8, Noise=1.0E-05
7  MaxDim=20, MinDim=20, Cutoff=1.0E-06, Niter=8, Noise=1.0E-05
8  MaxDim=40, MinDim=20, Cutoff=1.0E-06, Niter=4, Noise=1.0E-05
9  MaxDim=40, MinDim=20, Cutoff=1.0E-06, Niter=4, Noise=1.0E-05
10  MaxDim=40, MinDim=20, Cutoff=1.0E-06, Niter=4, Noise=1.0E-05
11  MaxDim=40, MinDim=20, Cutoff=1.0E-06, Niter=4, Noise=1.0E-05
12  MaxDim=40, MinDim=20, Cutoff=1.0E-06, Niter=4, Noise=1.0E-05
13  MaxDim=40, MinDim=20, Cutoff=1.0E-06, Niter=4, Noise=1.0E-05
14  MaxDim=40, MinDim=20, Cutoff=1.0E-06, Niter=4, Noise=1.0E-05
15  MaxDim=80, MinDim=10, Cutoff=1.0E-06, Niter=4, Noise=1.0E-05
16  MaxDim=80, MinDim=10, Cutoff=1.0E-06, Niter=4, Noise=1.0E-05
17  MaxDim=80, MinDim=10, Cutoff=1.0E-06, Niter=4, Noise=1.0E-05
18  MaxDim=80, MinDim=10, Cutoff=1.0E-06, Niter=4, Noise=1.0E-05
19  MaxDim=80, MinDim=10, Cutoff=1.0E-06, Niter=4, Noise=1.0E-05
20  MaxDim=80, MinDim=10, Cutoff=1.0E-06, Niter=4, Noise=1.0E-05
21  MaxDim=80, MinDim=10, Cutoff=1.0E-06, Niter=4, Noise=1.0E-05
22  MaxDim=80, MinDim=10, Cutoff=1.0E-06, Niter=4, Noise=1.0E-05
23  MaxDim=80, MinDim=10, Cutoff=1.0E-06, Niter=4, Noise=1.0E-05
24  MaxDim=80, MinDim=10, Cutoff=1.0E-06, Niter=4, Noise=1.0E-05
25  MaxDim=80, MinDim=10, Cutoff=1.0E-06, Niter=4, Noise=1.0E-05
26  MaxDim=80, MinDim=10, Cutoff=1.0E-06, Niter=4, Noise=1.0E-05
27  MaxDim=80, MinDim=10, Cutoff=1.0E-06, Niter=4, Noise=1.0E-05
28  MaxDim=80, MinDim=10, Cutoff=1.0E-06, Niter=4, Noise=1.0E-05
29  MaxDim=80, MinDim=10, Cutoff=1.0E-06, Niter=4, Noise=1.0E-05
30  MaxDim=80, MinDim=10, Cutoff=1.0E-06, Niter=4, Noise=1.0E-05
31  MaxDim=80, MinDim=10, Cutoff=1.0E-06, Niter=4, Noise=1.0E-05
32  MaxDim=80, MinDim=10, Cutoff=1.0E-06, Niter=4, Noise=1.0E-05
33  MaxDim=80, MinDim=10, Cutoff=1.0E-06, Niter=4, Noise=1.0E-05
34  MaxDim=80, MinDim=10, Cutoff=1.0E-06, Niter=4, Noise=1.0E-05
35  MaxDim=80, MinDim=10, Cutoff=1.0E-06, Niter=4, Noise=1.0E-05
36  MaxDim=80, MinDim=10, Cutoff=1.0E-06, Niter=4, Noise=1.0E-05
37  MaxDim=160, MinDim=10, Cutoff=1.0E-08, Niter=4, Noise=1.0E-06
38  MaxDim=160, MinDim=10, Cutoff=1.0E-08, Niter=4, Noise=1.0E-06
39  MaxDim=160, MinDim=10, Cutoff=1.0E-08, Niter=4, Noise=1.0E-06
40  MaxDim=160, MinDim=10, Cutoff=1.0E-08, Niter=4, Noise=1.0E-06
41  MaxDim=160, MinDim=10, Cutoff=1.0E-08, Niter=4, Noise=1.0E-06
42  MaxDim=160, MinDim=10, Cutoff=1.0E-08, Niter=4, Noise=1.0E-06
43  MaxDim=160, MinDim=10, Cutoff=1.0E-08, Niter=4, Noise=1.0E-06
44  MaxDim=160, MinDim=10, Cutoff=1.0E-08, Niter=4, Noise=1.0E-06
45  MaxDim=160, MinDim=10, Cutoff=1.0E-08, Niter=4, Noise=1.0E-06
46  MaxDim=160, MinDim=10, Cutoff=1.0E-08, Niter=4, Noise=1.0E-06
47  MaxDim=160, MinDim=10, Cutoff=1.0E-08, Niter=4, Noise=1.0E-06
48  MaxDim=160, MinDim=10, Cutoff=1.0E-08, Niter=4, Noise=1.0E-06
49  MaxDim=160, MinDim=10, Cutoff=1.0E-08, Niter=4, Noise=1.0E-06
50  MaxDim=160, MinDim=10, Cutoff=1.0E-08, Niter=4, Noise=1.0E-06
51  MaxDim=160, MinDim=10, Cutoff=1.0E-08, Niter=4, Noise=1.0E-06
52  MaxDim=160, MinDim=10, Cutoff=1.0E-08, Niter=4, Noise=1.0E-06
53  MaxDim=160, MinDim=10, Cutoff=1.0E-08, Niter=4, Noise=1.0E-06
54  MaxDim=160, MinDim=10, Cutoff=1.0E-08, Niter=4, Noise=1.0E-06
55  MaxDim=160, MinDim=10, Cutoff=1.0E-08, Niter=4, Noise=1.0E-06
56  MaxDim=160, MinDim=10, Cutoff=1.0E-08, Niter=4, Noise=1.0E-06
57  MaxDim=160, MinDim=10, Cutoff=1.0E-08, Niter=4, Noise=1.0E-06
58  MaxDim=160, MinDim=10, Cutoff=1.0E-08, Niter=4, Noise=1.0E-06
59  MaxDim=320, MinDim=10, Cutoff=1.0E-10, Niter=4, Noise=1.0E-07
60  MaxDim=320, MinDim=10, Cutoff=1.0E-10, Niter=4, Noise=1.0E-07
61  MaxDim=320, MinDim=10, Cutoff=1.0E-10, Niter=4, Noise=1.0E-07
62  MaxDim=320, MinDim=10, Cutoff=1.0E-10, Niter=4, Noise=1.0E-07
63  MaxDim=320, MinDim=10, Cutoff=1.0E-10, Niter=4, Noise=1.0E-07
64  MaxDim=320, MinDim=10, Cutoff=1.0E-10, Niter=4, Noise=1.0E-07
65  MaxDim=320, MinDim=10, Cutoff=1.0E-10, Niter=4, Noise=1.0E-07
66  MaxDim=320, MinDim=10, Cutoff=1.0E-10, Niter=4, Noise=1.0E-07
67  MaxDim=320, MinDim=10, Cutoff=1.0E-10, Niter=4, Noise=1.0E-07
68  MaxDim=320, MinDim=10, Cutoff=1.0E-10, Niter=4, Noise=1.0E-07
69  MaxDim=320, MinDim=10, Cutoff=1.0E-10, Niter=4, Noise=1.0E-07
70  MaxDim=320, MinDim=10, Cutoff=1.0E-10, Niter=4, Noise=1.0E-07
71  MaxDim=320, MinDim=10, Cutoff=1.0E-10, Niter=4, Noise=1.0E-07
72  MaxDim=320, MinDim=10, Cutoff=1.0E-10, Niter=4, Noise=1.0E-07
73  MaxDim=320, MinDim=10, Cutoff=1.0E-10, Niter=4, Noise=1.0E-07
74  MaxDim=320, MinDim=10, Cutoff=1.0E-10, Niter=4, Noise=1.0E-07
75  MaxDim=640, MinDim=10, Cutoff=1.0E-12, Niter=2, Noise=1.0E-08
76  MaxDim=640, MinDim=10, Cutoff=1.0E-12, Niter=2, Noise=1.0E-08
77  MaxDim=640, MinDim=10, Cutoff=1.0E-12, Niter=2, Noise=1.0E-08
78  MaxDim=640, MinDim=10, Cutoff=1.0E-12, Niter=2, Noise=1.0E-08
79  MaxDim=640, MinDim=10, Cutoff=1.0E-12, Niter=2, Noise=1.0E-08
80  MaxDim=640, MinDim=10, Cutoff=1.0E-12, Niter=2, Noise=1.0E-08
81  MaxDim=640, MinDim=10, Cutoff=1.0E-12, Niter=2, Noise=1.0E-08
82  MaxDim=640, MinDim=10, Cutoff=1.0E-12, Niter=2, Noise=1.0E-08
83  MaxDim=1280, MinDim=10, Cutoff=1.0E-12, Niter=2, Noise=0.0E+00
84  MaxDim=1280, MinDim=10, Cutoff=1.0E-14, Niter=2, Noise=0.0E+00
85  MaxDim=1280, MinDim=10, Cutoff=1.0E-14, Niter=2, Noise=0.0E+00
86  MaxDim=1280, MinDim=10, Cutoff=1.0E-14, Niter=2, Noise=0.0E+00
87  MaxDim=1280, MinDim=10, Cutoff=1.0E-14, Niter=2, Noise=0.0E+00


    vN Entropy at center bond b=150 = 0.532864871876
    Eigs at center bond b=150: 0.8420 0.1322 0.0167 0.0065 0.0014 
    Largest link dim during sweep 1/87 was 20
    Largest truncation error: 1.35016e-05
    Energy after sweep 1/87 is -154.392670821887
    Sweep 1/87 CPU time = 19.77s (Wall time = 1.277s)

    vN Entropy at center bond b=150 = 0.687276033706
    Eigs at center bond b=150: 0.7890 0.1614 0.0323 0.0073 0.0049 0.0034 
    Largest link dim during sweep 2/87 was 20
    Largest truncation error: 1.0005e-05
    Energy after sweep 2/87 is -154.433245950370
    Sweep 2/87 CPU time = 27.70s (Wall time = 1.784s)

    vN Entropy at center bond b=150 = 0.700870056057
    Eigs at center bond b=150: 0.7841 0.1640 0.0337 0.0074 0.0052 0.0037 
    Largest link dim during sweep 3/87 was 20
    Largest truncation error: 1.34487e-05
    Energy after sweep 3/87 is -154.434508539225
    Sweep 3/87 CPU time = 27.46s (Wall time = 1.763s)

    vN Entropy at center bond b=150 = 0.703144585128
    Eigs at center bond b=150: 0.7833 0.1644 0.0339 0.0074 0.0053 0.0038 
    Largest link dim during sweep 4/87 was 20
    Largest truncation error: 1.3922e-05
    Energy after sweep 4/87 is -154.434663257547
    Sweep 4/87 CPU time = 26.47s (Wall time = 1.697s)

    vN Entropy at center bond b=150 = 0.703704500859
    Eigs at center bond b=150: 0.7831 0.1646 0.0339 0.0074 0.0053 0.0038 
    Largest link dim during sweep 5/87 was 20
    Largest truncation error: 1.38092e-05
    Energy after sweep 5/87 is -154.434721848596
    Sweep 5/87 CPU time = 26.32s (Wall time = 1.690s)

    vN Entropy at center bond b=150 = 0.703810258996
    Eigs at center bond b=150: 0.7830 0.1647 0.0339 0.0074 0.0053 0.0038 
    Largest link dim during sweep 6/87 was 20
    Largest truncation error: 1.37907e-05
    Energy after sweep 6/87 is -154.434751455760
    Sweep 6/87 CPU time = 27.13s (Wall time = 1.746s)

    vN Entropy at center bond b=150 = 0.703825315354
    Eigs at center bond b=150: 0.7830 0.1647 0.0339 0.0074 0.0053 0.0038 
    Largest link dim during sweep 7/87 was 20
    Largest truncation error: 1.38322e-05
    Energy after sweep 7/87 is -154.434758293461
    Sweep 7/87 CPU time = 27.21s (Wall time = 1.747s)

    vN Entropy at center bond b=150 = 0.749888556725
    Eigs at center bond b=150: 0.7683 0.1706 0.0388 0.0079 0.0065 0.0049 0.0012 
    Largest link dim during sweep 8/87 was 40
    Largest truncation error: 7.78242e-07
    Energy after sweep 8/87 is -154.456829247247
    Sweep 8/87 CPU time = 26.56s (Wall time = 1.708s)

    vN Entropy at center bond b=150 = 0.808550369303
    Eigs at center bond b=150: 0.7496 0.1783 0.0439 0.0094 0.0081 0.0058 0.0019 0.0014 
    Largest link dim during sweep 9/87 was 40
    Largest truncation error: 1.39923e-06
    Energy after sweep 9/87 is -154.460265286855
    Sweep 9/87 CPU time = 42.85s (Wall time = 2.785s)

    vN Entropy at center bond b=150 = 0.848173221939
    Eigs at center bond b=150: 0.7371 0.1831 0.0465 0.0114 0.0092 0.0062 0.0026 0.0019 
    Largest link dim during sweep 10/87 was 40
    Largest truncation error: 1.80637e-06
    Energy after sweep 10/87 is -154.460724668165
    Sweep 10/87 CPU time = 43.71s (Wall time = 2.807s)

    vN Entropy at center bond b=150 = 0.870773950109
    Eigs at center bond b=150: 0.7299 0.1859 0.0479 0.0128 0.0098 0.0063 0.0030 0.0021 
    Largest link dim during sweep 11/87 was 40
    Largest truncation error: 1.95574e-06
    Energy after sweep 11/87 is -154.460850961471
    Sweep 11/87 CPU time = 40.99s (Wall time = 2.629s)

    vN Entropy at center bond b=150 = 0.885964027794
    Eigs at center bond b=150: 0.7249 0.1878 0.0488 0.0138 0.0103 0.0064 0.0033 0.0022 
    Largest link dim during sweep 12/87 was 40
    Largest truncation error: 2.05088e-06
    Energy after sweep 12/87 is -154.460903562684
    Sweep 12/87 CPU time = 40.88s (Wall time = 2.648s)

    vN Entropy at center bond b=150 = 0.897357215696
    Eigs at center bond b=150: 0.7210 0.1894 0.0496 0.0145 0.0107 0.0064 0.0035 0.0023 
    Largest link dim during sweep 13/87 was 40
    Largest truncation error: 2.11512e-06
    Energy after sweep 13/87 is -154.460930717338
    Sweep 13/87 CPU time = 42.90s (Wall time = 2.756s)

    vN Entropy at center bond b=150 = 0.906344593504
    Eigs at center bond b=150: 0.7179 0.1906 0.0502 0.0151 0.0110 0.0065 0.0036 0.0024 
    Largest link dim during sweep 14/87 was 40
    Largest truncation error: 2.17649e-06
    Energy after sweep 14/87 is -154.460946234341
    Sweep 14/87 CPU time = 43.56s (Wall time = 2.808s)

    vN Entropy at center bond b=150 = 0.951097212146
    Eigs at center bond b=150: 0.7027 0.1958 0.0541 0.0176 0.0129 0.0066 0.0044 0.0027 0.0012 
    Largest link dim during sweep 15/87 was 54
    Largest truncation error: 7.39138e-07
    Energy after sweep 15/87 is -154.463684655932
    Sweep 15/87 CPU time = 58.28s (Wall time = 3.765s)

    vN Entropy at center bond b=150 = 1.046376121451
    Eigs at center bond b=150: 0.6651 0.2120 0.0624 0.0219 0.0182 0.0067 0.0057 0.0030 0.0019 
    Largest link dim during sweep 16/87 was 61
    Largest truncation error: 7.53503e-07
    Energy after sweep 16/87 is -154.464935267638
    Sweep 16/87 CPU time = 1m, 6.1s (Wall time = 4.274s)

    vN Entropy at center bond b=150 = 1.127254857369
    Eigs at center bond b=150: 0.6268 0.2331 0.0681 0.0267 0.0221 0.0073 0.0065 0.0032 0.0023 
    Largest link dim during sweep 17/87 was 66
    Largest truncation error: 7.67899e-07
    Energy after sweep 17/87 is -154.465781681448
    Sweep 17/87 CPU time = 1m, 19.3s (Wall time = 5.111s)

    vN Entropy at center bond b=150 = 1.162631599834
    Eigs at center bond b=150: 0.6086 0.2440 0.0698 0.0302 0.0228 0.0080 0.0064 0.0032 0.0025 0.0010 
    Largest link dim during sweep 18/87 was 68
    Largest truncation error: 7.49795e-07
    Energy after sweep 18/87 is -154.466154075236
    Sweep 18/87 CPU time = 1m, 32.0s (Wall time = 5.950s)

    vN Entropy at center bond b=150 = 1.173413450353
    Eigs at center bond b=150: 0.6033 0.2468 0.0704 0.0313 0.0231 0.0083 0.0064 0.0033 0.0026 0.0011 
    Largest link dim during sweep 19/87 was 70
    Largest truncation error: 7.51148e-07
    Energy after sweep 19/87 is -154.466285609423
    Sweep 19/87 CPU time = 1m, 26.0s (Wall time = 5.551s)

    vN Entropy at center bond b=150 = 1.176622502511
    Eigs at center bond b=150: 0.6019 0.2475 0.0705 0.0316 0.0232 0.0084 0.0064 0.0033 0.0026 0.0011 
    Largest link dim during sweep 20/87 was 70
    Largest truncation error: 7.514e-07
    Energy after sweep 20/87 is -154.466324968733
    Sweep 20/87 CPU time = 1m, 33.2s (Wall time = 6.022s)

    vN Entropy at center bond b=150 = 1.177650952008
    Eigs at center bond b=150: 0.6015 0.2477 0.0706 0.0317 0.0232 0.0084 0.0064 0.0033 0.0026 0.0011 
    Largest link dim during sweep 21/87 was 70
    Largest truncation error: 7.51453e-07
    Energy after sweep 21/87 is -154.466333665452
    Sweep 21/87 CPU time = 1m, 31.3s (Wall time = 5.873s)

    vN Entropy at center bond b=150 = 1.177982318780
    Eigs at center bond b=150: 0.6014 0.2477 0.0706 0.0317 0.0233 0.0084 0.0064 0.0033 0.0026 0.0011 
    Largest link dim during sweep 22/87 was 70
    Largest truncation error: 7.51468e-07
    Energy after sweep 22/87 is -154.466338965353
    Sweep 22/87 CPU time = 1m, 31.0s (Wall time = 5.854s)

    vN Entropy at center bond b=150 = 1.178180447664
    Eigs at center bond b=150: 0.6013 0.2477 0.0706 0.0317 0.0233 0.0084 0.0064 0.0033 0.0026 0.0011 
    Largest link dim during sweep 23/87 was 71
    Largest truncation error: 7.51474e-07
    Energy after sweep 23/87 is -154.466346391576
    Sweep 23/87 CPU time = 1m, 36.1s (Wall time = 6.183s)

    vN Entropy at center bond b=150 = 1.178314168696
    Eigs at center bond b=150: 0.6013 0.2477 0.0706 0.0317 0.0233 0.0084 0.0064 0.0033 0.0026 0.0011 
    Largest link dim during sweep 24/87 was 71
    Largest truncation error: 7.51477e-07
    Energy after sweep 24/87 is -154.466349848889
    Sweep 24/87 CPU time = 1m, 28.3s (Wall time = 5.711s)

    vN Entropy at center bond b=150 = 1.178390117966
    Eigs at center bond b=150: 0.6012 0.2478 0.0706 0.0317 0.0233 0.0084 0.0064 0.0033 0.0026 0.0011 
    Largest link dim during sweep 25/87 was 71
    Largest truncation error: 7.51479e-07
    Energy after sweep 25/87 is -154.466351897920
    Sweep 25/87 CPU time = 1m, 34.4s (Wall time = 6.076s)

    vN Entropy at center bond b=150 = 1.178454034671
    Eigs at center bond b=150: 0.6012 0.2478 0.0706 0.0317 0.0233 0.0084 0.0064 0.0033 0.0026 0.0011 
    Largest link dim during sweep 26/87 was 71
    Largest truncation error: 7.5148e-07
    Energy after sweep 26/87 is -154.466353649870
    Sweep 26/87 CPU time = 1m, 32.3s (Wall time = 5.936s)

    vN Entropy at center bond b=150 = 1.178506593336
    Eigs at center bond b=150: 0.6012 0.2478 0.0706 0.0317 0.0233 0.0084 0.0064 0.0033 0.0026 0.0011 
    Largest link dim during sweep 27/87 was 71
    Largest truncation error: 7.5148e-07
    Energy after sweep 27/87 is -154.466353827012
    Sweep 27/87 CPU time = 1m, 31.1s (Wall time = 5.858s)

    vN Entropy at center bond b=150 = 1.178516791133
    Eigs at center bond b=150: 0.6012 0.2478 0.0706 0.0317 0.0233 0.0084 0.0064 0.0033 0.0026 0.0011 
    Largest link dim during sweep 28/87 was 71
    Largest truncation error: 7.51481e-07
    Energy after sweep 28/87 is -154.466353905646
    Sweep 28/87 CPU time = 1m, 38.7s (Wall time = 6.371s)

    vN Entropy at center bond b=150 = 1.178520699618
    Eigs at center bond b=150: 0.6012 0.2478 0.0706 0.0317 0.0233 0.0084 0.0064 0.0033 0.0026 0.0011 
    Largest link dim during sweep 29/87 was 71
    Largest truncation error: 7.51481e-07
    Energy after sweep 29/87 is -154.466353955529
    Sweep 29/87 CPU time = 1m, 28.0s (Wall time = 5.674s)

    vN Entropy at center bond b=150 = 1.178527890353
    Eigs at center bond b=150: 0.6012 0.2478 0.0706 0.0317 0.0233 0.0084 0.0064 0.0033 0.0026 0.0011 
    Largest link dim during sweep 30/87 was 71
    Largest truncation error: 7.51481e-07
    Energy after sweep 30/87 is -154.466354034265
    Sweep 30/87 CPU time = 1m, 34.4s (Wall time = 6.096s)

    vN Entropy at center bond b=150 = 1.178529418674
    Eigs at center bond b=150: 0.6012 0.2478 0.0706 0.0317 0.0233 0.0084 0.0064 0.0033 0.0026 0.0011 
    Largest link dim during sweep 31/87 was 71
    Largest truncation error: 7.51481e-07
    Energy after sweep 31/87 is -154.466354081613
    Sweep 31/87 CPU time = 1m, 31.9s (Wall time = 5.915s)

    vN Entropy at center bond b=150 = 1.178529537085
    Eigs at center bond b=150: 0.6012 0.2478 0.0706 0.0317 0.0233 0.0084 0.0064 0.0033 0.0026 0.0011 
    Largest link dim during sweep 32/87 was 71
    Largest truncation error: 7.51481e-07
    Energy after sweep 32/87 is -154.466354103334
    Sweep 32/87 CPU time = 1m, 31.1s (Wall time = 5.853s)

    vN Entropy at center bond b=150 = 1.178530638882
    Eigs at center bond b=150: 0.6012 0.2478 0.0706 0.0317 0.0233 0.0084 0.0064 0.0033 0.0026 0.0011 
    Largest link dim during sweep 33/87 was 71
    Largest truncation error: 7.51481e-07
    Energy after sweep 33/87 is -154.466354118631
    Sweep 33/87 CPU time = 1m, 37.3s (Wall time = 6.253s)

    vN Entropy at center bond b=150 = 1.178539341134
    Eigs at center bond b=150: 0.6012 0.2478 0.0706 0.0317 0.0233 0.0084 0.0064 0.0033 0.0026 0.0011 
    Largest link dim during sweep 34/87 was 71
    Largest truncation error: 7.51482e-07
    Energy after sweep 34/87 is -154.466354657051
    Sweep 34/87 CPU time = 1m, 28.8s (Wall time = 5.715s)

    vN Entropy at center bond b=150 = 1.178541980699
    Eigs at center bond b=150: 0.6012 0.2478 0.0706 0.0317 0.0233 0.0084 0.0064 0.0033 0.0026 0.0011 
    Largest link dim during sweep 35/87 was 71
    Largest truncation error: 7.51482e-07
    Energy after sweep 35/87 is -154.466354671441
    Sweep 35/87 CPU time = 1m, 36.3s (Wall time = 6.187s)

    vN Entropy at center bond b=150 = 1.178542319734
    Eigs at center bond b=150: 0.6012 0.2478 0.0706 0.0317 0.0233 0.0084 0.0064 0.0033 0.0026 0.0011 
    Largest link dim during sweep 36/87 was 71
    Largest truncation error: 7.51482e-07
    Energy after sweep 36/87 is -154.466354681627
    Sweep 36/87 CPU time = 1m, 33.8s (Wall time = 6.058s)

    vN Entropy at center bond b=150 = 1.212130218554
    Eigs at center bond b=150: 0.5914 0.2479 0.0738 0.0340 0.0249 0.0093 0.0063 0.0037 0.0030 0.0013 
    Largest link dim during sweep 37/87 was 160
    Largest truncation error: 8.01568e-09
    Energy after sweep 37/87 is -154.468488470282
    Sweep 37/87 CPU time = 6m, 3.3s (Wall time = 24.39s)

    vN Entropy at center bond b=150 = 1.231309611215
    Eigs at center bond b=150: 0.5862 0.2480 0.0751 0.0351 0.0259 0.0097 0.0063 0.0040 0.0032 0.0014 
    Largest link dim during sweep 38/87 was 160
    Largest truncation error: 2.07031e-08
    Energy after sweep 38/87 is -154.468552746570
    Sweep 38/87 CPU time = 11m, 51s (Wall time = 48.83s)

    vN Entropy at center bond b=150 = 1.232788556084
    Eigs at center bond b=150: 0.5859 0.2480 0.0751 0.0352 0.0259 0.0097 0.0063 0.0040 0.0032 0.0014 
    Largest link dim during sweep 39/87 was 160
    Largest truncation error: 2.26042e-08
    Energy after sweep 39/87 is -154.468554319686
    Sweep 39/87 CPU time = 11m, 4s (Wall time = 43.99s)

    vN Entropy at center bond b=150 = 1.232921087962
    Eigs at center bond b=150: 0.5859 0.2480 0.0751 0.0352 0.0259 0.0097 0.0063 0.0040 0.0032 0.0014 
    Largest link dim during sweep 40/87 was 160
    Largest truncation error: 2.28446e-08
    Energy after sweep 40/87 is -154.468554422449
    Sweep 40/87 CPU time = 10m, 36s (Wall time = 40.98s)

    vN Entropy at center bond b=150 = 1.232940647265
    Eigs at center bond b=150: 0.5859 0.2480 0.0751 0.0352 0.0259 0.0097 0.0063 0.0040 0.0032 0.0014 
    Largest link dim during sweep 41/87 was 160
    Largest truncation error: 2.30154e-08
    Energy after sweep 41/87 is -154.468554439648
    Sweep 41/87 CPU time = 10m, 30s (Wall time = 40.60s)

    vN Entropy at center bond b=150 = 1.232944642504
    Eigs at center bond b=150: 0.5859 0.2480 0.0751 0.0352 0.0259 0.0097 0.0063 0.0040 0.0032 0.0014 
    Largest link dim during sweep 42/87 was 160
    Largest truncation error: 2.30533e-08
    Energy after sweep 42/87 is -154.468554438472
    Sweep 42/87 CPU time = 10m, 15s (Wall time = 39.50s)

    vN Entropy at center bond b=150 = 1.232945642577
    Eigs at center bond b=150: 0.5859 0.2480 0.0751 0.0352 0.0259 0.0097 0.0063 0.0040 0.0032 0.0014 
    Largest link dim during sweep 43/87 was 160
    Largest truncation error: 2.30784e-08
    Energy after sweep 43/87 is -154.468554436656
    Sweep 43/87 CPU time = 10m, 28s (Wall time = 40.46s)

    vN Entropy at center bond b=150 = 1.232946016302
    Eigs at center bond b=150: 0.5859 0.2480 0.0751 0.0352 0.0259 0.0097 0.0063 0.0040 0.0032 0.0014 
    Largest link dim during sweep 44/87 was 160
    Largest truncation error: 2.30905e-08
    Energy after sweep 44/87 is -154.468554448115
    Sweep 44/87 CPU time = 10m, 13s (Wall time = 39.33s)

    vN Entropy at center bond b=150 = 1.232946281890
    Eigs at center bond b=150: 0.5859 0.2480 0.0751 0.0352 0.0259 0.0097 0.0063 0.0040 0.0032 0.0014 
    Largest link dim during sweep 45/87 was 160
    Largest truncation error: 2.30962e-08
    Energy after sweep 45/87 is -154.468554449305
    Sweep 45/87 CPU time = 10m, 23s (Wall time = 40.06s)

    vN Entropy at center bond b=150 = 1.232946399353
    Eigs at center bond b=150: 0.5859 0.2480 0.0751 0.0352 0.0259 0.0097 0.0063 0.0040 0.0032 0.0014 
    Largest link dim during sweep 46/87 was 160
    Largest truncation error: 2.30989e-08
    Energy after sweep 46/87 is -154.468554449667
    Sweep 46/87 CPU time = 10m, 7s (Wall time = 38.96s)

    vN Entropy at center bond b=150 = 1.232946459510
    Eigs at center bond b=150: 0.5859 0.2480 0.0751 0.0352 0.0259 0.0097 0.0063 0.0040 0.0032 0.0014 
    Largest link dim during sweep 47/87 was 160
    Largest truncation error: 2.31001e-08
    Energy after sweep 47/87 is -154.468554449806
    Sweep 47/87 CPU time = 10m, 23s (Wall time = 40.03s)

    vN Entropy at center bond b=150 = 1.232946500618
    Eigs at center bond b=150: 0.5859 0.2480 0.0751 0.0352 0.0259 0.0097 0.0063 0.0040 0.0032 0.0014 
    Largest link dim during sweep 48/87 was 160
    Largest truncation error: 2.31007e-08
    Energy after sweep 48/87 is -154.468554449939
    Sweep 48/87 CPU time = 10m, 18s (Wall time = 39.69s)

    vN Entropy at center bond b=150 = 1.232946537818
    Eigs at center bond b=150: 0.5859 0.2480 0.0751 0.0352 0.0259 0.0097 0.0063 0.0040 0.0032 0.0014 
    Largest link dim during sweep 49/87 was 160
    Largest truncation error: 2.3101e-08
    Energy after sweep 49/87 is -154.468554449999
    Sweep 49/87 CPU time = 10m, 17s (Wall time = 39.61s)

    vN Entropy at center bond b=150 = 1.232946560083
    Eigs at center bond b=150: 0.5859 0.2480 0.0751 0.0352 0.0259 0.0097 0.0063 0.0040 0.0032 0.0014 
    Largest link dim during sweep 50/87 was 160
    Largest truncation error: 2.31011e-08
    Energy after sweep 50/87 is -154.468554449821
    Sweep 50/87 CPU time = 10m, 23s (Wall time = 40.04s)

    vN Entropy at center bond b=150 = 1.232946587569
    Eigs at center bond b=150: 0.5859 0.2480 0.0751 0.0352 0.0259 0.0097 0.0063 0.0040 0.0032 0.0014 
    Largest link dim during sweep 51/87 was 160
    Largest truncation error: 2.31012e-08
    Energy after sweep 51/87 is -154.468554449498
    Sweep 51/87 CPU time = 10m, 8s (Wall time = 39.06s)

    vN Entropy at center bond b=150 = 1.232946610290
    Eigs at center bond b=150: 0.5859 0.2480 0.0751 0.0352 0.0259 0.0097 0.0063 0.0040 0.0032 0.0014 
    Largest link dim during sweep 52/87 was 160
    Largest truncation error: 2.31013e-08
    Energy after sweep 52/87 is -154.468554449205
    Sweep 52/87 CPU time = 10m, 22s (Wall time = 39.94s)

    vN Entropy at center bond b=150 = 1.232946626354
    Eigs at center bond b=150: 0.5859 0.2480 0.0751 0.0352 0.0259 0.0097 0.0063 0.0040 0.0032 0.0014 
    Largest link dim during sweep 53/87 was 160
    Largest truncation error: 2.31013e-08
    Energy after sweep 53/87 is -154.468554448948
    Sweep 53/87 CPU time = 10m, 3s (Wall time = 38.71s)

    vN Entropy at center bond b=150 = 1.232946637164
    Eigs at center bond b=150: 0.5859 0.2480 0.0751 0.0352 0.0259 0.0097 0.0063 0.0040 0.0032 0.0014 
    Largest link dim during sweep 54/87 was 160
    Largest truncation error: 2.31014e-08
    Energy after sweep 54/87 is -154.468554448717
    Sweep 54/87 CPU time = 10m, 18s (Wall time = 39.63s)

    vN Entropy at center bond b=150 = 1.232946644481
    Eigs at center bond b=150: 0.5859 0.2480 0.0751 0.0352 0.0259 0.0097 0.0063 0.0040 0.0032 0.0014 
    Largest link dim during sweep 55/87 was 160
    Largest truncation error: 2.31014e-08
    Energy after sweep 55/87 is -154.468554448517
    Sweep 55/87 CPU time = 10m, 9s (Wall time = 39.05s)

    vN Entropy at center bond b=150 = 1.232946649641
    Eigs at center bond b=150: 0.5859 0.2480 0.0751 0.0352 0.0259 0.0097 0.0063 0.0040 0.0032 0.0014 
    Largest link dim during sweep 56/87 was 160
    Largest truncation error: 2.31014e-08
    Energy after sweep 56/87 is -154.468554448364
    Sweep 56/87 CPU time = 10m, 24s (Wall time = 40.12s)

    vN Entropy at center bond b=150 = 1.232946653586
    Eigs at center bond b=150: 0.5859 0.2480 0.0751 0.0352 0.0259 0.0097 0.0063 0.0040 0.0032 0.0014 
    Largest link dim during sweep 57/87 was 160
    Largest truncation error: 2.31014e-08
    Energy after sweep 57/87 is -154.468554448277
    Sweep 57/87 CPU time = 10m, 12s (Wall time = 39.26s)

    vN Entropy at center bond b=150 = 1.232946657261
    Eigs at center bond b=150: 0.5859 0.2480 0.0751 0.0352 0.0259 0.0097 0.0063 0.0040 0.0032 0.0014 
    Largest link dim during sweep 58/87 was 160
    Largest truncation error: 2.31015e-08
    Energy after sweep 58/87 is -154.468554448249
    Sweep 58/87 CPU time = 10m, 18s (Wall time = 39.66s)

    vN Entropy at center bond b=150 = 1.234851207574
    Eigs at center bond b=150: 0.5854 0.2480 0.0752 0.0353 0.0260 0.0098 0.0063 0.0040 0.0033 0.0014 
    Largest link dim during sweep 59/87 was 320
    Largest truncation error: 3.45055e-10
    Energy after sweep 59/87 is -154.468593478292
    Sweep 59/87 CPU time = 39m, 21s (Wall time = 2m, 40.2s)

    vN Entropy at center bond b=150 = 1.235296952967
    Eigs at center bond b=150: 0.5854 0.2480 0.0753 0.0353 0.0260 0.0098 0.0063 0.0040 0.0033 0.0015 
    Largest link dim during sweep 60/87 was 320
    Largest truncation error: 6.20271e-10
    Energy after sweep 60/87 is -154.468593737516
    Sweep 60/87 CPU time = 50m, 21s (Wall time = 3m, 17.0s)

    vN Entropy at center bond b=150 = 1.235316569997
    Eigs at center bond b=150: 0.5854 0.2480 0.0753 0.0353 0.0260 0.0098 0.0063 0.0040 0.0033 0.0015 
    Largest link dim during sweep 61/87 was 320
    Largest truncation error: 6.51807e-10
    Energy after sweep 61/87 is -154.468593740212
    Sweep 61/87 CPU time = 51m, 38s (Wall time = 3m, 25.6s)

    vN Entropy at center bond b=150 = 1.235318542150
    Eigs at center bond b=150: 0.5853 0.2480 0.0753 0.0353 0.0260 0.0098 0.0063 0.0040 0.0033 0.0015 
    Largest link dim during sweep 62/87 was 320
    Largest truncation error: 6.57471e-10
    Energy after sweep 62/87 is -154.468593740000
    Sweep 62/87 CPU time = 51m, 37s (Wall time = 3m, 27.3s)

    vN Entropy at center bond b=150 = 1.235318841614
    Eigs at center bond b=150: 0.5853 0.2480 0.0753 0.0353 0.0260 0.0098 0.0063 0.0040 0.0033 0.0015 
    Largest link dim during sweep 63/87 was 320
    Largest truncation error: 6.5864e-10
    Energy after sweep 63/87 is -154.468593739903
    Sweep 63/87 CPU time = 51m, 44s (Wall time = 3m, 28.5s)

    vN Entropy at center bond b=150 = 1.235318917590
    Eigs at center bond b=150: 0.5853 0.2480 0.0753 0.0353 0.0260 0.0098 0.0063 0.0040 0.0033 0.0015 
    Largest link dim during sweep 64/87 was 320
    Largest truncation error: 6.58926e-10
    Energy after sweep 64/87 is -154.468593739837
    Sweep 64/87 CPU time = 51m, 4s (Wall time = 3m, 23.4s)

    vN Entropy at center bond b=150 = 1.235318933277
    Eigs at center bond b=150: 0.5853 0.2480 0.0753 0.0353 0.0260 0.0098 0.0063 0.0040 0.0033 0.0015 
    Largest link dim during sweep 65/87 was 320
    Largest truncation error: 6.59009e-10
    Energy after sweep 65/87 is -154.468593739815
    Sweep 65/87 CPU time = 51m, 19s (Wall time = 3m, 24.9s)

    vN Entropy at center bond b=150 = 1.235318938029
    Eigs at center bond b=150: 0.5853 0.2480 0.0753 0.0353 0.0260 0.0098 0.0063 0.0040 0.0033 0.0015 
    Largest link dim during sweep 66/87 was 320
    Largest truncation error: 6.59037e-10
    Energy after sweep 66/87 is -154.468593739813
    Sweep 66/87 CPU time = 51m, 3s (Wall time = 3m, 23.4s)

    vN Entropy at center bond b=150 = 1.235318939926
    Eigs at center bond b=150: 0.5853 0.2480 0.0753 0.0353 0.0260 0.0098 0.0063 0.0040 0.0033 0.0015 
    Largest link dim during sweep 67/87 was 320
    Largest truncation error: 6.5905e-10
    Energy after sweep 67/87 is -154.468593739813
    Sweep 67/87 CPU time = 50m, 51s (Wall time = 3m, 23.0s)

    vN Entropy at center bond b=150 = 1.235318940876
    Eigs at center bond b=150: 0.5853 0.2480 0.0753 0.0353 0.0260 0.0098 0.0063 0.0040 0.0033 0.0015 
    Largest link dim during sweep 68/87 was 320
    Largest truncation error: 6.59058e-10
    Energy after sweep 68/87 is -154.468593739823
    Sweep 68/87 CPU time = 50m, 47s (Wall time = 3m, 23.0s)

    vN Entropy at center bond b=150 = 1.235318941413
    Eigs at center bond b=150: 0.5853 0.2480 0.0753 0.0353 0.0260 0.0098 0.0063 0.0040 0.0033 0.0015 
    Largest link dim during sweep 69/87 was 320
    Largest truncation error: 6.59065e-10
    Energy after sweep 69/87 is -154.468593739836
    Sweep 69/87 CPU time = 50m, 54s (Wall time = 3m, 23.3s)

    vN Entropy at center bond b=150 = 1.235318941842
    Eigs at center bond b=150: 0.5853 0.2480 0.0753 0.0353 0.0260 0.0098 0.0063 0.0040 0.0033 0.0015 
    Largest link dim during sweep 70/87 was 320
    Largest truncation error: 6.59072e-10
    Energy after sweep 70/87 is -154.468593739845
    Sweep 70/87 CPU time = 50m, 39s (Wall time = 3m, 22.2s)

    vN Entropy at center bond b=150 = 1.235318942227
    Eigs at center bond b=150: 0.5853 0.2480 0.0753 0.0353 0.0260 0.0098 0.0063 0.0040 0.0033 0.0015 
    Largest link dim during sweep 71/87 was 320
    Largest truncation error: 6.5908e-10
    Energy after sweep 71/87 is -154.468593739846
    Sweep 71/87 CPU time = 50m, 39s (Wall time = 3m, 22.5s)

    vN Entropy at center bond b=150 = 1.235318942515
    Eigs at center bond b=150: 0.5853 0.2480 0.0753 0.0353 0.0260 0.0098 0.0063 0.0040 0.0033 0.0015 
    Largest link dim during sweep 72/87 was 320
    Largest truncation error: 6.59088e-10
    Energy after sweep 72/87 is -154.468593739848
    Sweep 72/87 CPU time = 50m, 38s (Wall time = 3m, 21.8s)

    vN Entropy at center bond b=150 = 1.235318942601
    Eigs at center bond b=150: 0.5853 0.2480 0.0753 0.0353 0.0260 0.0098 0.0063 0.0040 0.0033 0.0015 
    Largest link dim during sweep 73/87 was 320
    Largest truncation error: 6.59098e-10
    Energy after sweep 73/87 is -154.468593739848
    Sweep 73/87 CPU time = 45m, 46s (Wall time = 3m, 2.6s)

    vN Entropy at center bond b=150 = 1.235318942720
    Eigs at center bond b=150: 0.5853 0.2480 0.0753 0.0353 0.0260 0.0098 0.0063 0.0040 0.0033 0.0015 
    Largest link dim during sweep 74/87 was 320
    Largest truncation error: 6.59108e-10
    Energy after sweep 74/87 is -154.468593739850
    Sweep 74/87 CPU time = 43m, 52s (Wall time = 2m, 54.8s)

    vN Entropy at center bond b=150 = 1.235388715568
    Eigs at center bond b=150: 0.5853 0.2480 0.0753 0.0353 0.0260 0.0098 0.0063 0.0040 0.0033 0.0015 
    Largest link dim during sweep 75/87 was 640
    Largest truncation error: 7.20274e-12
    Energy after sweep 75/87 is -154.468594707564
    Sweep 75/87 CPU time = 2h, 3m, 32s (Wall time = 8m, 11.9s)

    vN Entropy at center bond b=150 = 1.235411118885
    Eigs at center bond b=150: 0.5853 0.2480 0.0753 0.0353 0.0260 0.0098 0.0063 0.0040 0.0033 0.0015 
    Largest link dim during sweep 76/87 was 640
    Largest truncation error: 9.93128e-12
    Energy after sweep 76/87 is -154.468594714514
    Sweep 76/87 CPU time = 2h, 34m, 40s (Wall time = 10m, 13s)

    vN Entropy at center bond b=150 = 1.235412508950
    Eigs at center bond b=150: 0.5853 0.2480 0.0753 0.0353 0.0260 0.0098 0.0063 0.0040 0.0033 0.0015 
    Largest link dim during sweep 77/87 was 640
    Largest truncation error: 1.01668e-11
    Energy after sweep 77/87 is -154.468594714748
    Sweep 77/87 CPU time = 2h, 41m, 2s (Wall time = 10m, 42s)

    vN Entropy at center bond b=150 = 1.235412686521
    Eigs at center bond b=150: 0.5853 0.2480 0.0753 0.0353 0.0260 0.0098 0.0063 0.0040 0.0033 0.0015 
    Largest link dim during sweep 78/87 was 640
    Largest truncation error: 1.02972e-11
    Energy after sweep 78/87 is -154.468594714752
    Sweep 78/87 CPU time = 2h, 40m, 52s (Wall time = 10m, 43s)

    vN Entropy at center bond b=150 = 1.235412721994
    Eigs at center bond b=150: 0.5853 0.2480 0.0753 0.0353 0.0260 0.0098 0.0063 0.0040 0.0033 0.0015 
    Largest link dim during sweep 79/87 was 640
    Largest truncation error: 1.03422e-11
    Energy after sweep 79/87 is -154.468594714748
    Sweep 79/87 CPU time = 2h, 40m, 17s (Wall time = 10m, 40s)

    vN Entropy at center bond b=150 = 1.235412731369
    Eigs at center bond b=150: 0.5853 0.2480 0.0753 0.0353 0.0260 0.0098 0.0063 0.0040 0.0033 0.0015 
    Largest link dim during sweep 80/87 was 640
    Largest truncation error: 1.03577e-11
    Energy after sweep 80/87 is -154.468594714746
    Sweep 80/87 CPU time = 2h, 38m, 47s (Wall time = 10m, 33s)

    vN Entropy at center bond b=150 = 1.235412734267
    Eigs at center bond b=150: 0.5853 0.2480 0.0753 0.0353 0.0260 0.0098 0.0063 0.0040 0.0033 0.0015 
    Largest link dim during sweep 81/87 was 640
    Largest truncation error: 1.0363e-11
    Energy after sweep 81/87 is -154.468594714748
    Sweep 81/87 CPU time = 2h, 37m, 31s (Wall time = 10m, 29s)

    vN Entropy at center bond b=150 = 1.235412735252
    Eigs at center bond b=150: 0.5853 0.2480 0.0753 0.0353 0.0260 0.0098 0.0063 0.0040 0.0033 0.0015 
    Largest link dim during sweep 82/87 was 640
    Largest truncation error: 1.03649e-11
    Energy after sweep 82/87 is -154.468594714747
    Sweep 82/87 CPU time = 2h, 42m, 39s (Wall time = 10m, 50s)

    vN Entropy at center bond b=150 = 1.235414123312
    Eigs at center bond b=150: 0.5853 0.2480 0.0753 0.0353 0.0260 0.0098 0.0063 0.0040 0.0033 0.0015 
    Largest link dim during sweep 83/87 was 931
    Largest truncation error: 7.62593e-13
    Energy after sweep 83/87 is -154.468594726725
    Sweep 83/87 CPU time = 4h, 3m, 49s (Wall time = 17m, 14s)

    vN Entropy at center bond b=150 = 1.235414821695
    Eigs at center bond b=150: 0.5853 0.2480 0.0753 0.0353 0.0260 0.0098 0.0063 0.0040 0.0033 0.0015 
    Largest link dim during sweep 84/87 was 1280
    Largest truncation error: 8.07075e-14
    Energy after sweep 84/87 is -154.468594729948
    Sweep 84/87 CPU time = 8h, 33m, 56s (Wall time = 38m, 35s)

    vN Entropy at center bond b=150 = 1.235414914768
    Eigs at center bond b=150: 0.5853 0.2480 0.0753 0.0353 0.0260 0.0098 0.0063 0.0040 0.0033 0.0015 
    Largest link dim during sweep 85/87 was 1280
    Largest truncation error: 8.13589e-14
    Energy after sweep 85/87 is -154.468594729973
    Sweep 85/87 CPU time = 10h, 8m, 3s (Wall time = 44m, 3s)

    vN Entropy at center bond b=150 = 1.235414921964
    Eigs at center bond b=150: 0.5853 0.2480 0.0753 0.0353 0.0260 0.0098 0.0063 0.0040 0.0033 0.0015 
    Largest link dim during sweep 86/87 was 1280
    Largest truncation error: 8.18864e-14
    Energy after sweep 86/87 is -154.468594729975
    Sweep 86/87 CPU time = 10h, 22m, 16s (Wall time = 44m, 35s)

    vN Entropy at center bond b=150 = 1.235414922991
    Eigs at center bond b=150: 0.5853 0.2480 0.0753 0.0353 0.0260 0.0098 0.0063 0.0040 0.0033 0.0015 
    Largest link dim during sweep 87/87 was 1280
    Largest truncation error: 8.24006e-14
    Energy after sweep 87/87 is -154.468594729975
    Sweep 87/87 CPU time = 10h, 27m, 43s (Wall time = 44m, 42s)
Initial energy = 3.00000

Ground State Energy = -154.4685947300
run_outputs/outputpsi/N_300_sweep_87_t_0.030000_J_1.000000_V_0.600000_D_0.018000_U_1.200000_mu_0.020000_E_0.100000 converge
Wall-clock time (s) = 140215.133225
