//////////////////////////
Reading input file ......

Got input.N = 300
Got input.t = 0.03
Got input.J = 1
Got input.V = 0.6
Got input.D = 0.018
Got input.U = 0.3
Got input.mu = 1
Got input.E = 0.005
Got input.nsweeps = 87
Sweeps:
1  MaxDim=20, MinDim=20, Cutoff=1.0E-06, Niter=8, Noise=1.0E-05
2  MaxDim=20, MinDim=20, Cutoff=1.0E-06, Niter=8, Noise=1.0E-05
3  MaxDim=20, MinDim=20, Cutoff=1.0E-06, Niter=8, Noise=1.0E-05
4  MaxDim=20, MinDim=20, Cutoff=1.0E-06, Niter=8, Noise=1.0E-05
5  MaxDim=20, MinDim=20, Cutoff=1.0E-06, Niter=8, Noise=1.0E-05
6  MaxDim=20, MinDim=20, Cutoff=1.0E-06, Niter=8, Noise=1.0E-05
7  MaxDim=20, MinDim=20, Cutoff=1.0E-06, Niter=8, Noise=1.0E-05
8  MaxDim=40, MinDim=20, Cutoff=1.0E-06, Niter=4, Noise=1.0E-05
9  MaxDim=40, MinDim=20, Cutoff=1.0E-06, Niter=4, Noise=1.0E-05
10  MaxDim=40, MinDim=20, Cutoff=1.0E-06, Niter=4, Noise=1.0E-05
11  MaxDim=40, MinDim=20, Cutoff=1.0E-06, Niter=4, Noise=1.0E-05
12  MaxDim=40, MinDim=20, Cutoff=1.0E-06, Niter=4, Noise=1.0E-05
13  MaxDim=40, MinDim=20, Cutoff=1.0E-06, Niter=4, Noise=1.0E-05
14  MaxDim=40, MinDim=20, Cutoff=1.0E-06, Niter=4, Noise=1.0E-05
15  MaxDim=80, MinDim=10, Cutoff=1.0E-06, Niter=4, Noise=1.0E-05
16  MaxDim=80, MinDim=10, Cutoff=1.0E-06, Niter=4, Noise=1.0E-05
17  MaxDim=80, MinDim=10, Cutoff=1.0E-06, Niter=4, Noise=1.0E-05
18  MaxDim=80, MinDim=10, Cutoff=1.0E-06, Niter=4, Noise=1.0E-05
19  MaxDim=80, MinDim=10, Cutoff=1.0E-06, Niter=4, Noise=1.0E-05
20  MaxDim=80, MinDim=10, Cutoff=1.0E-06, Niter=4, Noise=1.0E-05
21  MaxDim=80, MinDim=10, Cutoff=1.0E-06, Niter=4, Noise=1.0E-05
22  MaxDim=80, MinDim=10, Cutoff=1.0E-06, Niter=4, Noise=1.0E-05
23  MaxDim=80, MinDim=10, Cutoff=1.0E-06, Niter=4, Noise=1.0E-05
24  MaxDim=80, MinDim=10, Cutoff=1.0E-06, Niter=4, Noise=1.0E-05
25  MaxDim=80, MinDim=10, Cutoff=1.0E-06, Niter=4, Noise=1.0E-05
26  MaxDim=80, MinDim=10, Cutoff=1.0E-06, Niter=4, Noise=1.0E-05
27  MaxDim=80, MinDim=10, Cutoff=1.0E-06, Niter=4, Noise=1.0E-05
28  MaxDim=80, MinDim=10, Cutoff=1.0E-06, Niter=4, Noise=1.0E-05
29  MaxDim=80, MinDim=10, Cutoff=1.0E-06, Niter=4, Noise=1.0E-05
30  MaxDim=80, MinDim=10, Cutoff=1.0E-06, Niter=4, Noise=1.0E-05
31  MaxDim=80, MinDim=10, Cutoff=1.0E-06, Niter=4, Noise=1.0E-05
32  MaxDim=80, MinDim=10, Cutoff=1.0E-06, Niter=4, Noise=1.0E-05
33  MaxDim=80, MinDim=10, Cutoff=1.0E-06, Niter=4, Noise=1.0E-05
34  MaxDim=80, MinDim=10, Cutoff=1.0E-06, Niter=4, Noise=1.0E-05
35  MaxDim=80, MinDim=10, Cutoff=1.0E-06, Niter=4, Noise=1.0E-05
36  MaxDim=80, MinDim=10, Cutoff=1.0E-06, Niter=4, Noise=1.0E-05
37  MaxDim=160, MinDim=10, Cutoff=1.0E-08, Niter=4, Noise=1.0E-06
38  MaxDim=160, MinDim=10, Cutoff=1.0E-08, Niter=4, Noise=1.0E-06
39  MaxDim=160, MinDim=10, Cutoff=1.0E-08, Niter=4, Noise=1.0E-06
40  MaxDim=160, MinDim=10, Cutoff=1.0E-08, Niter=4, Noise=1.0E-06
41  MaxDim=160, MinDim=10, Cutoff=1.0E-08, Niter=4, Noise=1.0E-06
42  MaxDim=160, MinDim=10, Cutoff=1.0E-08, Niter=4, Noise=1.0E-06
43  MaxDim=160, MinDim=10, Cutoff=1.0E-08, Niter=4, Noise=1.0E-06
44  MaxDim=160, MinDim=10, Cutoff=1.0E-08, Niter=4, Noise=1.0E-06
45  MaxDim=160, MinDim=10, Cutoff=1.0E-08, Niter=4, Noise=1.0E-06
46  MaxDim=160, MinDim=10, Cutoff=1.0E-08, Niter=4, Noise=1.0E-06
47  MaxDim=160, MinDim=10, Cutoff=1.0E-08, Niter=4, Noise=1.0E-06
48  MaxDim=160, MinDim=10, Cutoff=1.0E-08, Niter=4, Noise=1.0E-06
49  MaxDim=160, MinDim=10, Cutoff=1.0E-08, Niter=4, Noise=1.0E-06
50  MaxDim=160, MinDim=10, Cutoff=1.0E-08, Niter=4, Noise=1.0E-06
51  MaxDim=160, MinDim=10, Cutoff=1.0E-08, Niter=4, Noise=1.0E-06
52  MaxDim=160, MinDim=10, Cutoff=1.0E-08, Niter=4, Noise=1.0E-06
53  MaxDim=160, MinDim=10, Cutoff=1.0E-08, Niter=4, Noise=1.0E-06
54  MaxDim=160, MinDim=10, Cutoff=1.0E-08, Niter=4, Noise=1.0E-06
55  MaxDim=160, MinDim=10, Cutoff=1.0E-08, Niter=4, Noise=1.0E-06
56  MaxDim=160, MinDim=10, Cutoff=1.0E-08, Niter=4, Noise=1.0E-06
57  MaxDim=160, MinDim=10, Cutoff=1.0E-08, Niter=4, Noise=1.0E-06
58  MaxDim=160, MinDim=10, Cutoff=1.0E-08, Niter=4, Noise=1.0E-06
59  MaxDim=320, MinDim=10, Cutoff=1.0E-10, Niter=4, Noise=1.0E-07
60  MaxDim=320, MinDim=10, Cutoff=1.0E-10, Niter=4, Noise=1.0E-07
61  MaxDim=320, MinDim=10, Cutoff=1.0E-10, Niter=4, Noise=1.0E-07
62  MaxDim=320, MinDim=10, Cutoff=1.0E-10, Niter=4, Noise=1.0E-07
63  MaxDim=320, MinDim=10, Cutoff=1.0E-10, Niter=4, Noise=1.0E-07
64  MaxDim=320, MinDim=10, Cutoff=1.0E-10, Niter=4, Noise=1.0E-07
65  MaxDim=320, MinDim=10, Cutoff=1.0E-10, Niter=4, Noise=1.0E-07
66  MaxDim=320, MinDim=10, Cutoff=1.0E-10, Niter=4, Noise=1.0E-07
67  MaxDim=320, MinDim=10, Cutoff=1.0E-10, Niter=4, Noise=1.0E-07
68  MaxDim=320, MinDim=10, Cutoff=1.0E-10, Niter=4, Noise=1.0E-07
69  MaxDim=320, MinDim=10, Cutoff=1.0E-10, Niter=4, Noise=1.0E-07
70  MaxDim=320, MinDim=10, Cutoff=1.0E-10, Niter=4, Noise=1.0E-07
71  MaxDim=320, MinDim=10, Cutoff=1.0E-10, Niter=4, Noise=1.0E-07
72  MaxDim=320, MinDim=10, Cutoff=1.0E-10, Niter=4, Noise=1.0E-07
73  MaxDim=320, MinDim=10, Cutoff=1.0E-10, Niter=4, Noise=1.0E-07
74  MaxDim=320, MinDim=10, Cutoff=1.0E-10, Niter=4, Noise=1.0E-07
75  MaxDim=640, MinDim=10, Cutoff=1.0E-12, Niter=2, Noise=1.0E-08
76  MaxDim=640, MinDim=10, Cutoff=1.0E-12, Niter=2, Noise=1.0E-08
77  MaxDim=640, MinDim=10, Cutoff=1.0E-12, Niter=2, Noise=1.0E-08
78  MaxDim=640, MinDim=10, Cutoff=1.0E-12, Niter=2, Noise=1.0E-08
79  MaxDim=640, MinDim=10, Cutoff=1.0E-12, Niter=2, Noise=1.0E-08
80  MaxDim=640, MinDim=10, Cutoff=1.0E-12, Niter=2, Noise=1.0E-08
81  MaxDim=640, MinDim=10, Cutoff=1.0E-12, Niter=2, Noise=1.0E-08
82  MaxDim=640, MinDim=10, Cutoff=1.0E-12, Niter=2, Noise=1.0E-08
83  MaxDim=1280, MinDim=10, Cutoff=1.0E-12, Niter=2, Noise=0.0E+00
84  MaxDim=1280, MinDim=10, Cutoff=1.0E-14, Niter=2, Noise=0.0E+00
85  MaxDim=1280, MinDim=10, Cutoff=1.0E-14, Niter=2, Noise=0.0E+00
86  MaxDim=1280, MinDim=10, Cutoff=1.0E-14, Niter=2, Noise=0.0E+00
87  MaxDim=1280, MinDim=10, Cutoff=1.0E-14, Niter=2, Noise=0.0E+00


    vN Entropy at center bond b=150 = 0.576446267024
    Eigs at center bond b=150: 0.8026 0.1775 0.0152 0.0033 
    Largest link dim during sweep 1/87 was 20
    Largest truncation error: 5.24197e-06
    Energy after sweep 1/87 is -202.359262954934
    Sweep 1/87 CPU time = 18.62s (Wall time = 1.205s)

    vN Entropy at center bond b=150 = 0.670724261409
    Eigs at center bond b=150: 0.7526 0.2187 0.0211 0.0058 0.0010 
    Largest link dim during sweep 2/87 was 20
    Largest truncation error: 2.09013e-06
    Energy after sweep 2/87 is -202.423172063059
    Sweep 2/87 CPU time = 26.30s (Wall time = 1.686s)

    vN Entropy at center bond b=150 = 0.671244289920
    Eigs at center bond b=150: 0.7523 0.2190 0.0212 0.0058 0.0010 
    Largest link dim during sweep 3/87 was 20
    Largest truncation error: 1.19799e-06
    Energy after sweep 3/87 is -202.424254066449
    Sweep 3/87 CPU time = 26.27s (Wall time = 1.684s)

    vN Entropy at center bond b=150 = 0.671252553520
    Eigs at center bond b=150: 0.7523 0.2190 0.0212 0.0058 0.0010 
    Largest link dim during sweep 4/87 was 20
    Largest truncation error: 1.12522e-06
    Energy after sweep 4/87 is -202.424328807795
    Sweep 4/87 CPU time = 26.05s (Wall time = 1.676s)

    vN Entropy at center bond b=150 = 0.671252873363
    Eigs at center bond b=150: 0.7523 0.2190 0.0212 0.0058 0.0010 
    Largest link dim during sweep 5/87 was 20
    Largest truncation error: 1.11105e-06
    Energy after sweep 5/87 is -202.424337811635
    Sweep 5/87 CPU time = 26.15s (Wall time = 1.678s)

    vN Entropy at center bond b=150 = 0.671252897542
    Eigs at center bond b=150: 0.7523 0.2190 0.0212 0.0058 0.0010 
    Largest link dim during sweep 6/87 was 20
    Largest truncation error: 1.10837e-06
    Energy after sweep 6/87 is -202.424339117250
    Sweep 6/87 CPU time = 26.20s (Wall time = 1.684s)

    vN Entropy at center bond b=150 = 0.671252901125
    Eigs at center bond b=150: 0.7523 0.2190 0.0212 0.0058 0.0010 
    Largest link dim during sweep 7/87 was 20
    Largest truncation error: 1.10823e-06
    Energy after sweep 7/87 is -202.424339325255
    Sweep 7/87 CPU time = 26.32s (Wall time = 1.686s)

    vN Entropy at center bond b=150 = 0.671290037633
    Eigs at center bond b=150: 0.7523 0.2190 0.0212 0.0058 0.0010 
    Largest link dim during sweep 8/87 was 22
    Largest truncation error: 7.0004e-07
    Energy after sweep 8/87 is -202.424517013293
    Sweep 8/87 CPU time = 14.28s (Wall time = 0.915s)

    vN Entropy at center bond b=150 = 0.671300918582
    Eigs at center bond b=150: 0.7523 0.2190 0.0212 0.0058 0.0010 
    Largest link dim during sweep 9/87 was 22
    Largest truncation error: 6.99935e-07
    Energy after sweep 9/87 is -202.424530031098
    Sweep 9/87 CPU time = 14.37s (Wall time = 0.920s)

    vN Entropy at center bond b=150 = 0.671301141285
    Eigs at center bond b=150: 0.7523 0.2190 0.0212 0.0058 0.0010 
    Largest link dim during sweep 10/87 was 22
    Largest truncation error: 6.99896e-07
    Energy after sweep 10/87 is -202.424530174868
    Sweep 10/87 CPU time = 14.34s (Wall time = 0.920s)

    vN Entropy at center bond b=150 = 0.671301024019
    Eigs at center bond b=150: 0.7523 0.2190 0.0212 0.0058 0.0010 
    Largest link dim during sweep 11/87 was 22
    Largest truncation error: 6.99882e-07
    Energy after sweep 11/87 is -202.424530192341
    Sweep 11/87 CPU time = 14.34s (Wall time = 0.922s)

    vN Entropy at center bond b=150 = 0.671300980351
    Eigs at center bond b=150: 0.7523 0.2190 0.0212 0.0058 0.0010 
    Largest link dim during sweep 12/87 was 22
    Largest truncation error: 6.99876e-07
    Energy after sweep 12/87 is -202.424530197728
    Sweep 12/87 CPU time = 14.27s (Wall time = 0.917s)

    vN Entropy at center bond b=150 = 0.671300968098
    Eigs at center bond b=150: 0.7523 0.2190 0.0212 0.0058 0.0010 
    Largest link dim during sweep 13/87 was 22
    Largest truncation error: 6.99873e-07
    Energy after sweep 13/87 is -202.424530200306
    Sweep 13/87 CPU time = 14.19s (Wall time = 0.910s)

    vN Entropy at center bond b=150 = 0.671300964882
    Eigs at center bond b=150: 0.7523 0.2190 0.0212 0.0058 0.0010 
    Largest link dim during sweep 14/87 was 22
    Largest truncation error: 6.99872e-07
    Energy after sweep 14/87 is -202.424530201710
    Sweep 14/87 CPU time = 14.31s (Wall time = 0.919s)

    vN Entropy at center bond b=150 = 0.671210145557
    Eigs at center bond b=150: 0.7523 0.2190 0.0212 0.0058 0.0010 
    Largest link dim during sweep 15/87 was 22
    Largest truncation error: 7.52379e-07
    Energy after sweep 15/87 is -202.424341042988
    Sweep 15/87 CPU time = 13.52s (Wall time = 0.867s)

    vN Entropy at center bond b=150 = 0.671157958552
    Eigs at center bond b=150: 0.7523 0.2190 0.0212 0.0058 0.0010 
    Largest link dim during sweep 16/87 was 22
    Largest truncation error: 7.50606e-07
    Energy after sweep 16/87 is -202.424334084315
    Sweep 16/87 CPU time = 13.50s (Wall time = 0.863s)

    vN Entropy at center bond b=150 = 0.671155286505
    Eigs at center bond b=150: 0.7523 0.2190 0.0212 0.0058 0.0010 
    Largest link dim during sweep 17/87 was 22
    Largest truncation error: 7.52222e-07
    Energy after sweep 17/87 is -202.424333414990
    Sweep 17/87 CPU time = 13.45s (Wall time = 0.860s)

    vN Entropy at center bond b=150 = 0.671155055351
    Eigs at center bond b=150: 0.7523 0.2190 0.0212 0.0058 0.0010 
    Largest link dim during sweep 18/87 was 22
    Largest truncation error: 7.46664e-07
    Energy after sweep 18/87 is -202.424332384494
    Sweep 18/87 CPU time = 13.35s (Wall time = 0.857s)

    vN Entropy at center bond b=150 = 0.671155021919
    Eigs at center bond b=150: 0.7523 0.2190 0.0212 0.0058 0.0010 
    Largest link dim during sweep 19/87 was 22
    Largest truncation error: 7.46264e-07
    Energy after sweep 19/87 is -202.424332353398
    Sweep 19/87 CPU time = 13.40s (Wall time = 0.858s)

    vN Entropy at center bond b=150 = 0.671155016796
    Eigs at center bond b=150: 0.7523 0.2190 0.0212 0.0058 0.0010 
    Largest link dim during sweep 20/87 was 22
    Largest truncation error: 7.46193e-07
    Energy after sweep 20/87 is -202.424332347340
    Sweep 20/87 CPU time = 13.34s (Wall time = 0.857s)

    vN Entropy at center bond b=150 = 0.671155016005
    Eigs at center bond b=150: 0.7523 0.2190 0.0212 0.0058 0.0010 
    Largest link dim during sweep 21/87 was 22
    Largest truncation error: 7.4618e-07
    Energy after sweep 21/87 is -202.424332346170
    Sweep 21/87 CPU time = 13.42s (Wall time = 0.858s)

    vN Entropy at center bond b=150 = 0.671155015882
    Eigs at center bond b=150: 0.7523 0.2190 0.0212 0.0058 0.0010 
    Largest link dim during sweep 22/87 was 22
    Largest truncation error: 7.46178e-07
    Energy after sweep 22/87 is -202.424332345966
    Sweep 22/87 CPU time = 13.41s (Wall time = 0.857s)

    vN Entropy at center bond b=150 = 0.671155015863
    Eigs at center bond b=150: 0.7523 0.2190 0.0212 0.0058 0.0010 
    Largest link dim during sweep 23/87 was 22
    Largest truncation error: 7.46178e-07
    Energy after sweep 23/87 is -202.424332345976
    Sweep 23/87 CPU time = 13.35s (Wall time = 0.856s)

    vN Entropy at center bond b=150 = 0.671155015860
    Eigs at center bond b=150: 0.7523 0.2190 0.0212 0.0058 0.0010 
    Largest link dim during sweep 24/87 was 22
    Largest truncation error: 7.46178e-07
    Energy after sweep 24/87 is -202.424332346122
    Sweep 24/87 CPU time = 13.44s (Wall time = 0.862s)

    vN Entropy at center bond b=150 = 0.671155015859
    Eigs at center bond b=150: 0.7523 0.2190 0.0212 0.0058 0.0010 
    Largest link dim during sweep 25/87 was 22
    Largest truncation error: 7.46178e-07
    Energy after sweep 25/87 is -202.424332346491
    Sweep 25/87 CPU time = 13.40s (Wall time = 0.857s)

    vN Entropy at center bond b=150 = 0.671155015859
    Eigs at center bond b=150: 0.7523 0.2190 0.0212 0.0058 0.0010 
    Largest link dim during sweep 26/87 was 22
    Largest truncation error: 7.46179e-07
    Energy after sweep 26/87 is -202.424332347411
    Sweep 26/87 CPU time = 13.67s (Wall time = 0.875s)

    vN Entropy at center bond b=150 = 0.671155015859
    Eigs at center bond b=150: 0.7523 0.2190 0.0212 0.0058 0.0010 
    Largest link dim during sweep 27/87 was 22
    Largest truncation error: 7.46179e-07
    Energy after sweep 27/87 is -202.424332349589
    Sweep 27/87 CPU time = 13.57s (Wall time = 0.870s)

    vN Entropy at center bond b=150 = 0.671155015859
    Eigs at center bond b=150: 0.7523 0.2190 0.0212 0.0058 0.0010 
    Largest link dim during sweep 28/87 was 22
    Largest truncation error: 7.46179e-07
    Energy after sweep 28/87 is -202.424332354408
    Sweep 28/87 CPU time = 13.40s (Wall time = 0.858s)

    vN Entropy at center bond b=150 = 0.671155015858
    Eigs at center bond b=150: 0.7523 0.2190 0.0212 0.0058 0.0010 
    Largest link dim during sweep 29/87 was 22
    Largest truncation error: 7.46179e-07
    Energy after sweep 29/87 is -202.424332363513
    Sweep 29/87 CPU time = 13.40s (Wall time = 0.858s)

    vN Entropy at center bond b=150 = 0.671155015856
    Eigs at center bond b=150: 0.7523 0.2190 0.0212 0.0058 0.0010 
    Largest link dim during sweep 30/87 was 22
    Largest truncation error: 7.46177e-07
    Energy after sweep 30/87 is -202.424332376942
    Sweep 30/87 CPU time = 13.40s (Wall time = 0.857s)

    vN Entropy at center bond b=150 = 0.671155015853
    Eigs at center bond b=150: 0.7523 0.2190 0.0212 0.0058 0.0010 
    Largest link dim during sweep 31/87 was 22
    Largest truncation error: 7.46173e-07
    Energy after sweep 31/87 is -202.424332392111
    Sweep 31/87 CPU time = 13.35s (Wall time = 0.856s)

    vN Entropy at center bond b=150 = 0.671155015848
    Eigs at center bond b=150: 0.7523 0.2190 0.0212 0.0058 0.0010 
    Largest link dim during sweep 32/87 was 22
    Largest truncation error: 7.4617e-07
    Energy after sweep 32/87 is -202.424332406708
    Sweep 32/87 CPU time = 13.37s (Wall time = 0.858s)

    vN Entropy at center bond b=150 = 0.671155015836
    Eigs at center bond b=150: 0.7523 0.2190 0.0212 0.0058 0.0010 
    Largest link dim during sweep 33/87 was 22
    Largest truncation error: 7.46172e-07
    Energy after sweep 33/87 is -202.424332420542
    Sweep 33/87 CPU time = 13.38s (Wall time = 0.859s)

    vN Entropy at center bond b=150 = 0.671155015813
    Eigs at center bond b=150: 0.7523 0.2190 0.0212 0.0058 0.0010 
    Largest link dim during sweep 34/87 was 22
    Largest truncation error: 7.46182e-07
    Energy after sweep 34/87 is -202.424332434283
    Sweep 34/87 CPU time = 13.40s (Wall time = 0.860s)

    vN Entropy at center bond b=150 = 0.671155015767
    Eigs at center bond b=150: 0.7523 0.2190 0.0212 0.0058 0.0010 
    Largest link dim during sweep 35/87 was 22
    Largest truncation error: 7.46204e-07
    Energy after sweep 35/87 is -202.424332448286
    Sweep 35/87 CPU time = 13.38s (Wall time = 0.857s)

    vN Entropy at center bond b=150 = 0.671155015675
    Eigs at center bond b=150: 0.7523 0.2190 0.0212 0.0058 0.0010 
    Largest link dim during sweep 36/87 was 22
    Largest truncation error: 7.46315e-07
    Energy after sweep 36/87 is -202.424332462523
    Sweep 36/87 CPU time = 13.30s (Wall time = 0.853s)

    vN Entropy at center bond b=150 = 0.671836795667
    Eigs at center bond b=150: 0.7522 0.2190 0.0213 0.0058 0.0010 
    Largest link dim during sweep 37/87 was 44
    Largest truncation error: 7.75924e-09
    Energy after sweep 37/87 is -202.425428085741
    Sweep 37/87 CPU time = 27.19s (Wall time = 1.746s)

    vN Entropy at center bond b=150 = 0.671945286500
    Eigs at center bond b=150: 0.7521 0.2190 0.0213 0.0058 0.0010 
    Largest link dim during sweep 38/87 was 46
    Largest truncation error: 7.76466e-09
    Energy after sweep 38/87 is -202.425438126047
    Sweep 38/87 CPU time = 37.39s (Wall time = 2.405s)

    vN Entropy at center bond b=150 = 0.671981103741
    Eigs at center bond b=150: 0.7521 0.2190 0.0213 0.0058 0.0010 
    Largest link dim during sweep 39/87 was 47
    Largest truncation error: 7.76944e-09
    Energy after sweep 39/87 is -202.425440675913
    Sweep 39/87 CPU time = 39.88s (Wall time = 2.563s)

    vN Entropy at center bond b=150 = 0.671997430061
    Eigs at center bond b=150: 0.7521 0.2190 0.0213 0.0058 0.0010 
    Largest link dim during sweep 40/87 was 48
    Largest truncation error: 7.77009e-09
    Energy after sweep 40/87 is -202.425441179903
    Sweep 40/87 CPU time = 40.87s (Wall time = 2.635s)

    vN Entropy at center bond b=150 = 0.672003937829
    Eigs at center bond b=150: 0.7521 0.2190 0.0213 0.0058 0.0010 
    Largest link dim during sweep 41/87 was 48
    Largest truncation error: 7.7703e-09
    Energy after sweep 41/87 is -202.425441330986
    Sweep 41/87 CPU time = 40.82s (Wall time = 2.621s)

    vN Entropy at center bond b=150 = 0.672005728537
    Eigs at center bond b=150: 0.7521 0.2190 0.0213 0.0058 0.0010 
    Largest link dim during sweep 42/87 was 48
    Largest truncation error: 7.77037e-09
    Energy after sweep 42/87 is -202.425441391642
    Sweep 42/87 CPU time = 40.97s (Wall time = 2.626s)

    vN Entropy at center bond b=150 = 0.672006150648
    Eigs at center bond b=150: 0.7521 0.2190 0.0213 0.0058 0.0010 
    Largest link dim during sweep 43/87 was 48
    Largest truncation error: 7.77039e-09
    Energy after sweep 43/87 is -202.425441392739
    Sweep 43/87 CPU time = 40.84s (Wall time = 2.625s)

    vN Entropy at center bond b=150 = 0.672006263862
    Eigs at center bond b=150: 0.7521 0.2190 0.0213 0.0058 0.0010 
    Largest link dim during sweep 44/87 was 48
    Largest truncation error: 7.7704e-09
    Energy after sweep 44/87 is -202.425441393975
    Sweep 44/87 CPU time = 40.95s (Wall time = 2.629s)

    vN Entropy at center bond b=150 = 0.672006294025
    Eigs at center bond b=150: 0.7521 0.2190 0.0213 0.0058 0.0010 
    Largest link dim during sweep 45/87 was 48
    Largest truncation error: 7.7704e-09
    Energy after sweep 45/87 is -202.425441386639
    Sweep 45/87 CPU time = 44.72s (Wall time = 2.901s)

    vN Entropy at center bond b=150 = 0.672006301258
    Eigs at center bond b=150: 0.7521 0.2190 0.0213 0.0058 0.0010 
    Largest link dim during sweep 46/87 was 48
    Largest truncation error: 7.7704e-09
    Energy after sweep 46/87 is -202.425441386662
    Sweep 46/87 CPU time = 40.88s (Wall time = 2.624s)

    vN Entropy at center bond b=150 = 0.672006302516
    Eigs at center bond b=150: 0.7521 0.2190 0.0213 0.0058 0.0010 
    Largest link dim during sweep 47/87 was 48
    Largest truncation error: 7.7704e-09
    Energy after sweep 47/87 is -202.425441386666
    Sweep 47/87 CPU time = 40.93s (Wall time = 2.626s)

    vN Entropy at center bond b=150 = 0.672006302439
    Eigs at center bond b=150: 0.7521 0.2190 0.0213 0.0058 0.0010 
    Largest link dim during sweep 48/87 was 48
    Largest truncation error: 7.7704e-09
    Energy after sweep 48/87 is -202.425441386676
    Sweep 48/87 CPU time = 40.97s (Wall time = 2.635s)

    vN Entropy at center bond b=150 = 0.672006302189
    Eigs at center bond b=150: 0.7521 0.2190 0.0213 0.0058 0.0010 
    Largest link dim during sweep 49/87 was 48
    Largest truncation error: 7.7704e-09
    Energy after sweep 49/87 is -202.425441386668
    Sweep 49/87 CPU time = 40.76s (Wall time = 2.623s)

    vN Entropy at center bond b=150 = 0.672006301994
    Eigs at center bond b=150: 0.7521 0.2190 0.0213 0.0058 0.0010 
    Largest link dim during sweep 50/87 was 48
    Largest truncation error: 7.7704e-09
    Energy after sweep 50/87 is -202.425441386620
    Sweep 50/87 CPU time = 40.82s (Wall time = 2.623s)

    vN Entropy at center bond b=150 = 0.672006301867
    Eigs at center bond b=150: 0.7521 0.2190 0.0213 0.0058 0.0010 
    Largest link dim during sweep 51/87 was 48
    Largest truncation error: 7.7704e-09
    Energy after sweep 51/87 is -202.425441386553
    Sweep 51/87 CPU time = 40.80s (Wall time = 2.621s)

    vN Entropy at center bond b=150 = 0.672006301786
    Eigs at center bond b=150: 0.7521 0.2190 0.0213 0.0058 0.0010 
    Largest link dim during sweep 52/87 was 48
    Largest truncation error: 7.7704e-09
    Energy after sweep 52/87 is -202.425441386475
    Sweep 52/87 CPU time = 40.79s (Wall time = 2.623s)

    vN Entropy at center bond b=150 = 0.672006301733
    Eigs at center bond b=150: 0.7521 0.2190 0.0213 0.0058 0.0010 
    Largest link dim during sweep 53/87 was 48
    Largest truncation error: 7.7704e-09
    Energy after sweep 53/87 is -202.425441386411
    Sweep 53/87 CPU time = 40.79s (Wall time = 2.623s)

    vN Entropy at center bond b=150 = 0.672006301699
    Eigs at center bond b=150: 0.7521 0.2190 0.0213 0.0058 0.0010 
    Largest link dim during sweep 54/87 was 48
    Largest truncation error: 7.7704e-09
    Energy after sweep 54/87 is -202.425441386355
    Sweep 54/87 CPU time = 40.87s (Wall time = 2.622s)

    vN Entropy at center bond b=150 = 0.672006301675
    Eigs at center bond b=150: 0.7521 0.2190 0.0213 0.0058 0.0010 
    Largest link dim during sweep 55/87 was 48
    Largest truncation error: 7.7704e-09
    Energy after sweep 55/87 is -202.425441386316
    Sweep 55/87 CPU time = 40.75s (Wall time = 2.619s)

    vN Entropy at center bond b=150 = 0.672006301660
    Eigs at center bond b=150: 0.7521 0.2190 0.0213 0.0058 0.0010 
    Largest link dim during sweep 56/87 was 48
    Largest truncation error: 7.7704e-09
    Energy after sweep 56/87 is -202.425441386286
    Sweep 56/87 CPU time = 40.77s (Wall time = 2.620s)

    vN Entropy at center bond b=150 = 0.672006301649
    Eigs at center bond b=150: 0.7521 0.2190 0.0213 0.0058 0.0010 
    Largest link dim during sweep 57/87 was 48
    Largest truncation error: 7.7704e-09
    Energy after sweep 57/87 is -202.425441386258
    Sweep 57/87 CPU time = 40.80s (Wall time = 2.622s)

    vN Entropy at center bond b=150 = 0.672006301642
    Eigs at center bond b=150: 0.7521 0.2190 0.0213 0.0058 0.0010 
    Largest link dim during sweep 58/87 was 48
    Largest truncation error: 7.7704e-09
    Energy after sweep 58/87 is -202.425441386245
    Sweep 58/87 CPU time = 40.72s (Wall time = 2.614s)

    vN Entropy at center bond b=150 = 0.672109660220
    Eigs at center bond b=150: 0.7521 0.2190 0.0213 0.0058 0.0010 
    Largest link dim during sweep 59/87 was 87
    Largest truncation error: 7.59818e-11
    Energy after sweep 59/87 is -202.425454914860
    Sweep 59/87 CPU time = 1m, 43.5s (Wall time = 6.714s)

    vN Entropy at center bond b=150 = 0.672144519375
    Eigs at center bond b=150: 0.7521 0.2190 0.0213 0.0058 0.0010 
    Largest link dim during sweep 60/87 was 91
    Largest truncation error: 7.5172e-11
    Energy after sweep 60/87 is -202.425455060999
    Sweep 60/87 CPU time = 2m, 28.9s (Wall time = 9.569s)

    vN Entropy at center bond b=150 = 0.672146403490
    Eigs at center bond b=150: 0.7521 0.2190 0.0213 0.0058 0.0010 
    Largest link dim during sweep 61/87 was 92
    Largest truncation error: 7.51989e-11
    Energy after sweep 61/87 is -202.425455066826
    Sweep 61/87 CPU time = 2m, 39.8s (Wall time = 10.29s)

    vN Entropy at center bond b=150 = 0.672146575187
    Eigs at center bond b=150: 0.7521 0.2190 0.0213 0.0058 0.0010 
    Largest link dim during sweep 62/87 was 92
    Largest truncation error: 7.52087e-11
    Energy after sweep 62/87 is -202.425455067210
    Sweep 62/87 CPU time = 2m, 37.5s (Wall time = 10.12s)

    vN Entropy at center bond b=150 = 0.672146600855
    Eigs at center bond b=150: 0.7521 0.2190 0.0213 0.0058 0.0010 
    Largest link dim during sweep 63/87 was 92
    Largest truncation error: 7.50855e-11
    Energy after sweep 63/87 is -202.425455067336
    Sweep 63/87 CPU time = 2m, 39.0s (Wall time = 10.24s)

    vN Entropy at center bond b=150 = 0.672146605663
    Eigs at center bond b=150: 0.7521 0.2190 0.0213 0.0058 0.0010 
    Largest link dim during sweep 64/87 was 92
    Largest truncation error: 7.51782e-11
    Energy after sweep 64/87 is -202.425455067341
    Sweep 64/87 CPU time = 2m, 39.0s (Wall time = 10.22s)

    vN Entropy at center bond b=150 = 0.672146606651
    Eigs at center bond b=150: 0.7521 0.2190 0.0213 0.0058 0.0010 
    Largest link dim during sweep 65/87 was 92
    Largest truncation error: 7.51207e-11
    Energy after sweep 65/87 is -202.425455067446
    Sweep 65/87 CPU time = 2m, 39.4s (Wall time = 10.26s)

    vN Entropy at center bond b=150 = 0.672146606861
    Eigs at center bond b=150: 0.7521 0.2190 0.0213 0.0058 0.0010 
    Largest link dim during sweep 66/87 was 92
    Largest truncation error: 7.51268e-11
    Energy after sweep 66/87 is -202.425455067392
    Sweep 66/87 CPU time = 2m, 38.5s (Wall time = 10.22s)

    vN Entropy at center bond b=150 = 0.672146606907
    Eigs at center bond b=150: 0.7521 0.2190 0.0213 0.0058 0.0010 
    Largest link dim during sweep 67/87 was 92
    Largest truncation error: 7.5126e-11
    Energy after sweep 67/87 is -202.425455067394
    Sweep 67/87 CPU time = 2m, 32.7s (Wall time = 9.811s)

    vN Entropy at center bond b=150 = 0.672146606917
    Eigs at center bond b=150: 0.7521 0.2190 0.0213 0.0058 0.0010 
    Largest link dim during sweep 68/87 was 92
    Largest truncation error: 7.5125e-11
    Energy after sweep 68/87 is -202.425455067395
    Sweep 68/87 CPU time = 2m, 38.7s (Wall time = 10.19s)

    vN Entropy at center bond b=150 = 0.672146606919
    Eigs at center bond b=150: 0.7521 0.2190 0.0213 0.0058 0.0010 
    Largest link dim during sweep 69/87 was 92
    Largest truncation error: 7.51343e-11
    Energy after sweep 69/87 is -202.425455067426
    Sweep 69/87 CPU time = 2m, 34.9s (Wall time = 9.944s)

    vN Entropy at center bond b=150 = 0.672146606920
    Eigs at center bond b=150: 0.7521 0.2190 0.0213 0.0058 0.0010 
    Largest link dim during sweep 70/87 was 92
    Largest truncation error: 7.51347e-11
    Energy after sweep 70/87 is -202.425455067428
    Sweep 70/87 CPU time = 2m, 37.5s (Wall time = 10.13s)

    vN Entropy at center bond b=150 = 0.672146606921
    Eigs at center bond b=150: 0.7521 0.2190 0.0213 0.0058 0.0010 
    Largest link dim during sweep 71/87 was 92
    Largest truncation error: 7.51339e-11
    Energy after sweep 71/87 is -202.425455067449
    Sweep 71/87 CPU time = 2m, 37.6s (Wall time = 10.13s)

    vN Entropy at center bond b=150 = 0.672146606922
    Eigs at center bond b=150: 0.7521 0.2190 0.0213 0.0058 0.0010 
    Largest link dim during sweep 72/87 was 92
    Largest truncation error: 7.51357e-11
    Energy after sweep 72/87 is -202.425455067449
    Sweep 72/87 CPU time = 2m, 39.3s (Wall time = 10.23s)

    vN Entropy at center bond b=150 = 0.672146606922
    Eigs at center bond b=150: 0.7521 0.2190 0.0213 0.0058 0.0010 
    Largest link dim during sweep 73/87 was 92
    Largest truncation error: 7.51361e-11
    Energy after sweep 73/87 is -202.425455067450
    Sweep 73/87 CPU time = 2m, 41.6s (Wall time = 10.43s)

    vN Entropy at center bond b=150 = 0.672146606922
    Eigs at center bond b=150: 0.7521 0.2190 0.0213 0.0058 0.0010 
    Largest link dim during sweep 74/87 was 92
    Largest truncation error: 7.51361e-11
    Energy after sweep 74/87 is -202.425455067448
    Sweep 74/87 CPU time = 2m, 37.3s (Wall time = 10.16s)

    vN Entropy at center bond b=150 = 0.672150319549
    Eigs at center bond b=150: 0.7521 0.2190 0.0213 0.0058 0.0010 
    Largest link dim during sweep 75/87 was 158
    Largest truncation error: 7.93484e-13
    Energy after sweep 75/87 is -202.425455239353
    Sweep 75/87 CPU time = 4m, 27.6s (Wall time = 18.25s)

    vN Entropy at center bond b=150 = 0.672151128464
    Eigs at center bond b=150: 0.7521 0.2190 0.0213 0.0058 0.0010 
    Largest link dim during sweep 76/87 was 161
    Largest truncation error: 7.93402e-13
    Energy after sweep 76/87 is -202.425455240004
    Sweep 76/87 CPU time = 6m, 0.6s (Wall time = 23.85s)

    vN Entropy at center bond b=150 = 0.672151218819
    Eigs at center bond b=150: 0.7521 0.2190 0.0213 0.0058 0.0010 
    Largest link dim during sweep 77/87 was 161
    Largest truncation error: 7.93401e-13
    Energy after sweep 77/87 is -202.425455240033
    Sweep 77/87 CPU time = 5m, 58.5s (Wall time = 23.52s)

    vN Entropy at center bond b=150 = 0.672151234814
    Eigs at center bond b=150: 0.7521 0.2190 0.0213 0.0058 0.0010 
    Largest link dim during sweep 78/87 was 161
    Largest truncation error: 7.93481e-13
    Energy after sweep 78/87 is -202.425455240037
    Sweep 78/87 CPU time = 6m, 7.2s (Wall time = 24.44s)

    vN Entropy at center bond b=150 = 0.672151238779
    Eigs at center bond b=150: 0.7521 0.2190 0.0213 0.0058 0.0010 
    Largest link dim during sweep 79/87 was 161
    Largest truncation error: 7.93522e-13
    Energy after sweep 79/87 is -202.425455240043
    Sweep 79/87 CPU time = 6m, 8.3s (Wall time = 24.50s)

    vN Entropy at center bond b=150 = 0.672151240031
    Eigs at center bond b=150: 0.7521 0.2190 0.0213 0.0058 0.0010 
    Largest link dim during sweep 80/87 was 161
    Largest truncation error: 7.93406e-13
    Energy after sweep 80/87 is -202.425455240040
    Sweep 80/87 CPU time = 6m, 7.1s (Wall time = 24.40s)

    vN Entropy at center bond b=150 = 0.672151240486
    Eigs at center bond b=150: 0.7521 0.2190 0.0213 0.0058 0.0010 
    Largest link dim during sweep 81/87 was 161
    Largest truncation error: 7.93498e-13
    Energy after sweep 81/87 is -202.425455240043
    Sweep 81/87 CPU time = 5m, 57.4s (Wall time = 23.22s)

    vN Entropy at center bond b=150 = 0.672151240665
    Eigs at center bond b=150: 0.7521 0.2190 0.0213 0.0058 0.0010 
    Largest link dim during sweep 82/87 was 161
    Largest truncation error: 7.93591e-13
    Energy after sweep 82/87 is -202.425455240048
    Sweep 82/87 CPU time = 5m, 58.8s (Wall time = 23.45s)

    vN Entropy at center bond b=150 = 0.672151455637
    Eigs at center bond b=150: 0.7521 0.2190 0.0213 0.0058 0.0010 
    Largest link dim during sweep 83/87 was 147
    Largest truncation error: 7.51747e-13
    Energy after sweep 83/87 is -202.425455239435
    Sweep 83/87 CPU time = 4m, 44.7s (Wall time = 18.67s)

    vN Entropy at center bond b=150 = 0.672151483173
    Eigs at center bond b=150: 0.7521 0.2190 0.0213 0.0058 0.0010 
    Largest link dim during sweep 84/87 was 251
    Largest truncation error: 7.51962e-15
    Energy after sweep 84/87 is -202.425455241941
    Sweep 84/87 CPU time = 11m, 40s (Wall time = 47.63s)

    vN Entropy at center bond b=150 = 0.672151495589
    Eigs at center bond b=150: 0.7521 0.2190 0.0213 0.0058 0.0010 
    Largest link dim during sweep 85/87 was 260
    Largest truncation error: 7.55633e-15
    Energy after sweep 85/87 is -202.425455241956
    Sweep 85/87 CPU time = 17m, 41s (Wall time = 1m, 9.0s)

    vN Entropy at center bond b=150 = 0.672151497544
    Eigs at center bond b=150: 0.7521 0.2190 0.0213 0.0058 0.0010 
    Largest link dim during sweep 86/87 was 258
    Largest truncation error: 7.52333e-15
    Energy after sweep 86/87 is -202.425455241952
    Sweep 86/87 CPU time = 17m, 24s (Wall time = 1m, 7.3s)

    vN Entropy at center bond b=150 = 0.672151498199
    Eigs at center bond b=150: 0.7521 0.2190 0.0213 0.0058 0.0010 
    Largest link dim during sweep 87/87 was 257
    Largest truncation error: 7.52329e-15
    Energy after sweep 87/87 is -202.425455241957
    Sweep 87/87 CPU time = 17m, 9s (Wall time = 1m, 6.3s)
Initial energy = 150.00000

Ground State Energy = -202.4254552420
run_outputs/outputpsi/N_300_sweep_87_t_0.030000_J_1.000000_V_0.600000_D_0.018000_U_0.300000_mu_1.000000_E_0.005000 converge
Wall-clock time (s) = 3076.535301
