//////////////////////////
Reading input file ......

Got input.N = 150
Got input.t = 0.03
Got input.J = 1
Got input.V = 0.6
Got input.D = 0.018
Got input.U = 0.22
Got input.mu = 0
Got input.E = 0
Got input.nsweeps = 87
Sweeps:
1  MaxDim=20, MinDim=20, Cutoff=1.0E-06, Niter=8, Noise=1.0E-05
2  MaxDim=20, MinDim=20, Cutoff=1.0E-06, Niter=8, Noise=1.0E-05
3  MaxDim=20, MinDim=20, Cutoff=1.0E-06, Niter=8, Noise=1.0E-05
4  MaxDim=20, MinDim=20, Cutoff=1.0E-06, Niter=8, Noise=1.0E-05
5  MaxDim=20, MinDim=20, Cutoff=1.0E-06, Niter=8, Noise=1.0E-05
6  MaxDim=20, MinDim=20, Cutoff=1.0E-06, Niter=8, Noise=1.0E-05
7  MaxDim=20, MinDim=20, Cutoff=1.0E-06, Niter=8, Noise=1.0E-05
8  MaxDim=40, MinDim=20, Cutoff=1.0E-06, Niter=4, Noise=1.0E-05
9  MaxDim=40, MinDim=20, Cutoff=1.0E-06, Niter=4, Noise=1.0E-05
10  MaxDim=40, MinDim=20, Cutoff=1.0E-06, Niter=4, Noise=1.0E-05
11  MaxDim=40, MinDim=20, Cutoff=1.0E-06, Niter=4, Noise=1.0E-05
12  MaxDim=40, MinDim=20, Cutoff=1.0E-06, Niter=4, Noise=1.0E-05
13  MaxDim=40, MinDim=20, Cutoff=1.0E-06, Niter=4, Noise=1.0E-05
14  MaxDim=40, MinDim=20, Cutoff=1.0E-06, Niter=4, Noise=1.0E-05
15  MaxDim=80, MinDim=10, Cutoff=1.0E-06, Niter=4, Noise=1.0E-05
16  MaxDim=80, MinDim=10, Cutoff=1.0E-06, Niter=4, Noise=1.0E-05
17  MaxDim=80, MinDim=10, Cutoff=1.0E-06, Niter=4, Noise=1.0E-05
18  MaxDim=80, MinDim=10, Cutoff=1.0E-06, Niter=4, Noise=1.0E-05
19  MaxDim=80, MinDim=10, Cutoff=1.0E-06, Niter=4, Noise=1.0E-05
20  MaxDim=80, MinDim=10, Cutoff=1.0E-06, Niter=4, Noise=1.0E-05
21  MaxDim=80, MinDim=10, Cutoff=1.0E-06, Niter=4, Noise=1.0E-05
22  MaxDim=80, MinDim=10, Cutoff=1.0E-06, Niter=4, Noise=1.0E-05
23  MaxDim=80, MinDim=10, Cutoff=1.0E-06, Niter=4, Noise=1.0E-05
24  MaxDim=80, MinDim=10, Cutoff=1.0E-06, Niter=4, Noise=1.0E-05
25  MaxDim=80, MinDim=10, Cutoff=1.0E-06, Niter=4, Noise=1.0E-05
26  MaxDim=80, MinDim=10, Cutoff=1.0E-06, Niter=4, Noise=1.0E-05
27  MaxDim=80, MinDim=10, Cutoff=1.0E-06, Niter=4, Noise=1.0E-05
28  MaxDim=80, MinDim=10, Cutoff=1.0E-06, Niter=4, Noise=1.0E-05
29  MaxDim=80, MinDim=10, Cutoff=1.0E-06, Niter=4, Noise=1.0E-05
30  MaxDim=80, MinDim=10, Cutoff=1.0E-06, Niter=4, Noise=1.0E-05
31  MaxDim=80, MinDim=10, Cutoff=1.0E-06, Niter=4, Noise=1.0E-05
32  MaxDim=80, MinDim=10, Cutoff=1.0E-06, Niter=4, Noise=1.0E-05
33  MaxDim=80, MinDim=10, Cutoff=1.0E-06, Niter=4, Noise=1.0E-05
34  MaxDim=80, MinDim=10, Cutoff=1.0E-06, Niter=4, Noise=1.0E-05
35  MaxDim=80, MinDim=10, Cutoff=1.0E-06, Niter=4, Noise=1.0E-05
36  MaxDim=80, MinDim=10, Cutoff=1.0E-06, Niter=4, Noise=1.0E-05
37  MaxDim=160, MinDim=10, Cutoff=1.0E-08, Niter=4, Noise=1.0E-06
38  MaxDim=160, MinDim=10, Cutoff=1.0E-08, Niter=4, Noise=1.0E-06
39  MaxDim=160, MinDim=10, Cutoff=1.0E-08, Niter=4, Noise=1.0E-06
40  MaxDim=160, MinDim=10, Cutoff=1.0E-08, Niter=4, Noise=1.0E-06
41  MaxDim=160, MinDim=10, Cutoff=1.0E-08, Niter=4, Noise=1.0E-06
42  MaxDim=160, MinDim=10, Cutoff=1.0E-08, Niter=4, Noise=1.0E-06
43  MaxDim=160, MinDim=10, Cutoff=1.0E-08, Niter=4, Noise=1.0E-06
44  MaxDim=160, MinDim=10, Cutoff=1.0E-08, Niter=4, Noise=1.0E-06
45  MaxDim=160, MinDim=10, Cutoff=1.0E-08, Niter=4, Noise=1.0E-06
46  MaxDim=160, MinDim=10, Cutoff=1.0E-08, Niter=4, Noise=1.0E-06
47  MaxDim=160, MinDim=10, Cutoff=1.0E-08, Niter=4, Noise=1.0E-06
48  MaxDim=160, MinDim=10, Cutoff=1.0E-08, Niter=4, Noise=1.0E-06
49  MaxDim=160, MinDim=10, Cutoff=1.0E-08, Niter=4, Noise=1.0E-06
50  MaxDim=160, MinDim=10, Cutoff=1.0E-08, Niter=4, Noise=1.0E-06
51  MaxDim=160, MinDim=10, Cutoff=1.0E-08, Niter=4, Noise=1.0E-06
52  MaxDim=160, MinDim=10, Cutoff=1.0E-08, Niter=4, Noise=1.0E-06
53  MaxDim=160, MinDim=10, Cutoff=1.0E-08, Niter=4, Noise=1.0E-06
54  MaxDim=160, MinDim=10, Cutoff=1.0E-08, Niter=4, Noise=1.0E-06
55  MaxDim=160, MinDim=10, Cutoff=1.0E-08, Niter=4, Noise=1.0E-06
56  MaxDim=160, MinDim=10, Cutoff=1.0E-08, Niter=4, Noise=1.0E-06
57  MaxDim=160, MinDim=10, Cutoff=1.0E-08, Niter=4, Noise=1.0E-06
58  MaxDim=160, MinDim=10, Cutoff=1.0E-08, Niter=4, Noise=1.0E-06
59  MaxDim=320, MinDim=10, Cutoff=1.0E-10, Niter=4, Noise=1.0E-07
60  MaxDim=320, MinDim=10, Cutoff=1.0E-10, Niter=4, Noise=1.0E-07
61  MaxDim=320, MinDim=10, Cutoff=1.0E-10, Niter=4, Noise=1.0E-07
62  MaxDim=320, MinDim=10, Cutoff=1.0E-10, Niter=4, Noise=1.0E-07
63  MaxDim=320, MinDim=10, Cutoff=1.0E-10, Niter=4, Noise=1.0E-07
64  MaxDim=320, MinDim=10, Cutoff=1.0E-10, Niter=4, Noise=1.0E-07
65  MaxDim=320, MinDim=10, Cutoff=1.0E-10, Niter=4, Noise=1.0E-07
66  MaxDim=320, MinDim=10, Cutoff=1.0E-10, Niter=4, Noise=1.0E-07
67  MaxDim=320, MinDim=10, Cutoff=1.0E-10, Niter=4, Noise=1.0E-07
68  MaxDim=320, MinDim=10, Cutoff=1.0E-10, Niter=4, Noise=1.0E-07
69  MaxDim=320, MinDim=10, Cutoff=1.0E-10, Niter=4, Noise=1.0E-07
70  MaxDim=320, MinDim=10, Cutoff=1.0E-10, Niter=4, Noise=1.0E-07
71  MaxDim=320, MinDim=10, Cutoff=1.0E-10, Niter=4, Noise=1.0E-07
72  MaxDim=320, MinDim=10, Cutoff=1.0E-10, Niter=4, Noise=1.0E-07
73  MaxDim=320, MinDim=10, Cutoff=1.0E-10, Niter=4, Noise=1.0E-07
74  MaxDim=320, MinDim=10, Cutoff=1.0E-10, Niter=4, Noise=1.0E-07
75  MaxDim=640, MinDim=10, Cutoff=1.0E-12, Niter=2, Noise=1.0E-08
76  MaxDim=640, MinDim=10, Cutoff=1.0E-12, Niter=2, Noise=1.0E-08
77  MaxDim=640, MinDim=10, Cutoff=1.0E-12, Niter=2, Noise=1.0E-08
78  MaxDim=640, MinDim=10, Cutoff=1.0E-12, Niter=2, Noise=1.0E-08
79  MaxDim=640, MinDim=10, Cutoff=1.0E-12, Niter=2, Noise=1.0E-08
80  MaxDim=640, MinDim=10, Cutoff=1.0E-12, Niter=2, Noise=1.0E-08
81  MaxDim=640, MinDim=10, Cutoff=1.0E-12, Niter=2, Noise=1.0E-08
82  MaxDim=640, MinDim=10, Cutoff=1.0E-12, Niter=2, Noise=1.0E-08
83  MaxDim=1280, MinDim=10, Cutoff=1.0E-12, Niter=2, Noise=0.0E+00
84  MaxDim=1280, MinDim=10, Cutoff=1.0E-14, Niter=2, Noise=0.0E+00
85  MaxDim=1280, MinDim=10, Cutoff=1.0E-14, Niter=2, Noise=0.0E+00
86  MaxDim=1280, MinDim=10, Cutoff=1.0E-14, Niter=2, Noise=0.0E+00
87  MaxDim=1280, MinDim=10, Cutoff=1.0E-14, Niter=2, Noise=0.0E+00


    vN Entropy at center bond b=75 = 0.650235015058
    Eigs at center bond b=75: 0.7643 0.2095 0.0192 0.0050 0.0011 
    Largest link dim during sweep 1/87 was 20
    Largest truncation error: 4.69557e-05
    Energy after sweep 1/87 is -92.348651322995
    Sweep 1/87 CPU time = 4.299s (Wall time = 0.559s)

    vN Entropy at center bond b=75 = 0.679136689408
    Eigs at center bond b=75: 0.7516 0.2186 0.0211 0.0058 0.0014 
    Largest link dim during sweep 2/87 was 20
    Largest truncation error: 1.81914e-06
    Energy after sweep 2/87 is -92.365311536630
    Sweep 2/87 CPU time = 5.936s (Wall time = 0.763s)

    vN Entropy at center bond b=75 = 0.679313448281
    Eigs at center bond b=75: 0.7516 0.2185 0.0211 0.0059 0.0014 
    Largest link dim during sweep 3/87 was 20
    Largest truncation error: 1.82669e-06
    Energy after sweep 3/87 is -92.365316248465
    Sweep 3/87 CPU time = 5.958s (Wall time = 0.762s)

    vN Entropy at center bond b=75 = 0.679317558127
    Eigs at center bond b=75: 0.7516 0.2185 0.0211 0.0059 0.0014 
    Largest link dim during sweep 4/87 was 20
    Largest truncation error: 1.82632e-06
    Energy after sweep 4/87 is -92.365316546927
    Sweep 4/87 CPU time = 5.960s (Wall time = 0.764s)

    vN Entropy at center bond b=75 = 0.679317963447
    Eigs at center bond b=75: 0.7516 0.2185 0.0211 0.0059 0.0014 
    Largest link dim during sweep 5/87 was 20
    Largest truncation error: 1.82627e-06
    Energy after sweep 5/87 is -92.365316586919
    Sweep 5/87 CPU time = 5.992s (Wall time = 0.764s)

    vN Entropy at center bond b=75 = 0.679318013258
    Eigs at center bond b=75: 0.7516 0.2185 0.0211 0.0059 0.0014 
    Largest link dim during sweep 6/87 was 20
    Largest truncation error: 1.82627e-06
    Energy after sweep 6/87 is -92.365316592895
    Sweep 6/87 CPU time = 5.981s (Wall time = 0.763s)

    vN Entropy at center bond b=75 = 0.679318019611
    Eigs at center bond b=75: 0.7516 0.2185 0.0211 0.0059 0.0014 
    Largest link dim during sweep 7/87 was 20
    Largest truncation error: 1.82627e-06
    Energy after sweep 7/87 is -92.365316593951
    Sweep 7/87 CPU time = 5.979s (Wall time = 0.764s)

    vN Entropy at center bond b=75 = 0.679469140190
    Eigs at center bond b=75: 0.7516 0.2185 0.0211 0.0059 0.0014 
    Largest link dim during sweep 8/87 was 25
    Largest truncation error: 7.38263e-07
    Energy after sweep 8/87 is -92.365620298225
    Sweep 8/87 CPU time = 3.473s (Wall time = 0.443s)

    vN Entropy at center bond b=75 = 0.679518828374
    Eigs at center bond b=75: 0.7516 0.2185 0.0211 0.0059 0.0014 
    Largest link dim during sweep 9/87 was 25
    Largest truncation error: 7.4176e-07
    Energy after sweep 9/87 is -92.365621052867
    Sweep 9/87 CPU time = 3.560s (Wall time = 0.454s)

    vN Entropy at center bond b=75 = 0.679530581671
    Eigs at center bond b=75: 0.7516 0.2185 0.0211 0.0059 0.0014 
    Largest link dim during sweep 10/87 was 25
    Largest truncation error: 7.42701e-07
    Energy after sweep 10/87 is -92.365621078832
    Sweep 10/87 CPU time = 3.550s (Wall time = 0.453s)

    vN Entropy at center bond b=75 = 0.679539130793
    Eigs at center bond b=75: 0.7516 0.2185 0.0211 0.0059 0.0014 
    Largest link dim during sweep 11/87 was 25
    Largest truncation error: 7.42986e-07
    Energy after sweep 11/87 is -92.365621077903
    Sweep 11/87 CPU time = 3.546s (Wall time = 0.453s)

    vN Entropy at center bond b=75 = 0.679539419938
    Eigs at center bond b=75: 0.7516 0.2185 0.0211 0.0059 0.0014 
    Largest link dim during sweep 12/87 was 25
    Largest truncation error: 7.43072e-07
    Energy after sweep 12/87 is -92.365621079939
    Sweep 12/87 CPU time = 3.547s (Wall time = 0.453s)

    vN Entropy at center bond b=75 = 0.679539500058
    Eigs at center bond b=75: 0.7516 0.2185 0.0211 0.0059 0.0014 
    Largest link dim during sweep 13/87 was 25
    Largest truncation error: 7.43097e-07
    Energy after sweep 13/87 is -92.365621081014
    Sweep 13/87 CPU time = 3.544s (Wall time = 0.452s)

    vN Entropy at center bond b=75 = 0.679539522456
    Eigs at center bond b=75: 0.7516 0.2185 0.0211 0.0059 0.0014 
    Largest link dim during sweep 14/87 was 25
    Largest truncation error: 7.43105e-07
    Energy after sweep 14/87 is -92.365621081379
    Sweep 14/87 CPU time = 3.565s (Wall time = 0.453s)

    vN Entropy at center bond b=75 = 0.679463048379
    Eigs at center bond b=75: 0.7516 0.2185 0.0211 0.0059 0.0014 
    Largest link dim during sweep 15/87 was 25
    Largest truncation error: 7.47743e-07
    Energy after sweep 15/87 is -92.365605516055
    Sweep 15/87 CPU time = 3.471s (Wall time = 0.445s)

    vN Entropy at center bond b=75 = 0.679462549246
    Eigs at center bond b=75: 0.7516 0.2185 0.0211 0.0059 0.0014 
    Largest link dim during sweep 16/87 was 25
    Largest truncation error: 7.81556e-07
    Energy after sweep 16/87 is -92.365605355464
    Sweep 16/87 CPU time = 3.444s (Wall time = 0.440s)

    vN Entropy at center bond b=75 = 0.679462468583
    Eigs at center bond b=75: 0.7516 0.2185 0.0211 0.0059 0.0014 
    Largest link dim during sweep 17/87 was 25
    Largest truncation error: 7.78452e-07
    Energy after sweep 17/87 is -92.365605338723
    Sweep 17/87 CPU time = 3.435s (Wall time = 0.441s)

    vN Entropy at center bond b=75 = 0.679462435671
    Eigs at center bond b=75: 0.7516 0.2185 0.0211 0.0059 0.0014 
    Largest link dim during sweep 18/87 was 25
    Largest truncation error: 7.78018e-07
    Energy after sweep 18/87 is -92.365605336079
    Sweep 18/87 CPU time = 3.459s (Wall time = 0.441s)

    vN Entropy at center bond b=75 = 0.679462425701
    Eigs at center bond b=75: 0.7516 0.2185 0.0211 0.0059 0.0014 
    Largest link dim during sweep 19/87 was 25
    Largest truncation error: 7.77928e-07
    Energy after sweep 19/87 is -92.365606050953
    Sweep 19/87 CPU time = 3.460s (Wall time = 0.441s)

    vN Entropy at center bond b=75 = 0.679462422916
    Eigs at center bond b=75: 0.7516 0.2185 0.0211 0.0059 0.0014 
    Largest link dim during sweep 20/87 was 25
    Largest truncation error: 7.77907e-07
    Energy after sweep 20/87 is -92.365606052692
    Sweep 20/87 CPU time = 3.467s (Wall time = 0.443s)

    vN Entropy at center bond b=75 = 0.679462422155
    Eigs at center bond b=75: 0.7516 0.2185 0.0211 0.0059 0.0014 
    Largest link dim during sweep 21/87 was 25
    Largest truncation error: 7.77902e-07
    Energy after sweep 21/87 is -92.365606052737
    Sweep 21/87 CPU time = 3.444s (Wall time = 0.441s)

    vN Entropy at center bond b=75 = 0.679462421949
    Eigs at center bond b=75: 0.7516 0.2185 0.0211 0.0059 0.0014 
    Largest link dim during sweep 22/87 was 25
    Largest truncation error: 7.77901e-07
    Energy after sweep 22/87 is -92.365606052738
    Sweep 22/87 CPU time = 3.437s (Wall time = 0.441s)

    vN Entropy at center bond b=75 = 0.679462421893
    Eigs at center bond b=75: 0.7516 0.2185 0.0211 0.0059 0.0014 
    Largest link dim during sweep 23/87 was 25
    Largest truncation error: 7.77901e-07
    Energy after sweep 23/87 is -92.365606052736
    Sweep 23/87 CPU time = 3.445s (Wall time = 0.441s)

    vN Entropy at center bond b=75 = 0.679462421878
    Eigs at center bond b=75: 0.7516 0.2185 0.0211 0.0059 0.0014 
    Largest link dim during sweep 24/87 was 25
    Largest truncation error: 7.77901e-07
    Energy after sweep 24/87 is -92.365606052737
    Sweep 24/87 CPU time = 3.457s (Wall time = 0.441s)

    vN Entropy at center bond b=75 = 0.679462421874
    Eigs at center bond b=75: 0.7516 0.2185 0.0211 0.0059 0.0014 
    Largest link dim during sweep 25/87 was 25
    Largest truncation error: 7.77901e-07
    Energy after sweep 25/87 is -92.365606052736
    Sweep 25/87 CPU time = 3.424s (Wall time = 0.441s)

    vN Entropy at center bond b=75 = 0.679462421873
    Eigs at center bond b=75: 0.7516 0.2185 0.0211 0.0059 0.0014 
    Largest link dim during sweep 26/87 was 25
    Largest truncation error: 7.77901e-07
    Energy after sweep 26/87 is -92.365606052736
    Sweep 26/87 CPU time = 3.443s (Wall time = 0.441s)

    vN Entropy at center bond b=75 = 0.679462421873
    Eigs at center bond b=75: 0.7516 0.2185 0.0211 0.0059 0.0014 
    Largest link dim during sweep 27/87 was 25
    Largest truncation error: 7.77901e-07
    Energy after sweep 27/87 is -92.365606052736
    Sweep 27/87 CPU time = 3.461s (Wall time = 0.441s)

    vN Entropy at center bond b=75 = 0.679462421873
    Eigs at center bond b=75: 0.7516 0.2185 0.0211 0.0059 0.0014 
    Largest link dim during sweep 28/87 was 25
    Largest truncation error: 7.77901e-07
    Energy after sweep 28/87 is -92.365606052735
    Sweep 28/87 CPU time = 3.466s (Wall time = 0.442s)

    vN Entropy at center bond b=75 = 0.679462421873
    Eigs at center bond b=75: 0.7516 0.2185 0.0211 0.0059 0.0014 
    Largest link dim during sweep 29/87 was 25
    Largest truncation error: 7.77901e-07
    Energy after sweep 29/87 is -92.365606052735
    Sweep 29/87 CPU time = 3.439s (Wall time = 0.442s)

    vN Entropy at center bond b=75 = 0.679462421873
    Eigs at center bond b=75: 0.7516 0.2185 0.0211 0.0059 0.0014 
    Largest link dim during sweep 30/87 was 25
    Largest truncation error: 7.77901e-07
    Energy after sweep 30/87 is -92.365606052735
    Sweep 30/87 CPU time = 3.443s (Wall time = 0.441s)

    vN Entropy at center bond b=75 = 0.679462421873
    Eigs at center bond b=75: 0.7516 0.2185 0.0211 0.0059 0.0014 
    Largest link dim during sweep 31/87 was 25
    Largest truncation error: 7.77901e-07
    Energy after sweep 31/87 is -92.365606052735
    Sweep 31/87 CPU time = 3.436s (Wall time = 0.440s)

    vN Entropy at center bond b=75 = 0.679462421873
    Eigs at center bond b=75: 0.7516 0.2185 0.0211 0.0059 0.0014 
    Largest link dim during sweep 32/87 was 25
    Largest truncation error: 7.77901e-07
    Energy after sweep 32/87 is -92.365606052736
    Sweep 32/87 CPU time = 3.460s (Wall time = 0.441s)

    vN Entropy at center bond b=75 = 0.679462421873
    Eigs at center bond b=75: 0.7516 0.2185 0.0211 0.0059 0.0014 
    Largest link dim during sweep 33/87 was 25
    Largest truncation error: 7.77901e-07
    Energy after sweep 33/87 is -92.365606052735
    Sweep 33/87 CPU time = 3.457s (Wall time = 0.441s)

    vN Entropy at center bond b=75 = 0.679462421873
    Eigs at center bond b=75: 0.7516 0.2185 0.0211 0.0059 0.0014 
    Largest link dim during sweep 34/87 was 25
    Largest truncation error: 7.77901e-07
    Energy after sweep 34/87 is -92.365606052736
    Sweep 34/87 CPU time = 3.453s (Wall time = 0.441s)

    vN Entropy at center bond b=75 = 0.679462421873
    Eigs at center bond b=75: 0.7516 0.2185 0.0211 0.0059 0.0014 
    Largest link dim during sweep 35/87 was 25
    Largest truncation error: 7.77901e-07
    Energy after sweep 35/87 is -92.365606052736
    Sweep 35/87 CPU time = 3.444s (Wall time = 0.440s)

    vN Entropy at center bond b=75 = 0.679462421873
    Eigs at center bond b=75: 0.7516 0.2185 0.0211 0.0059 0.0014 
    Largest link dim during sweep 36/87 was 25
    Largest truncation error: 7.77901e-07
    Energy after sweep 36/87 is -92.365606052736
    Sweep 36/87 CPU time = 3.456s (Wall time = 0.441s)

    vN Entropy at center bond b=75 = 0.680147242397
    Eigs at center bond b=75: 0.7514 0.2187 0.0212 0.0059 0.0014 
    Largest link dim during sweep 37/87 was 46
    Largest truncation error: 7.57179e-09
    Energy after sweep 37/87 is -92.366060930163
    Sweep 37/87 CPU time = 7.367s (Wall time = 0.944s)

    vN Entropy at center bond b=75 = 0.680226284314
    Eigs at center bond b=75: 0.7514 0.2187 0.0212 0.0059 0.0014 
    Largest link dim during sweep 38/87 was 48
    Largest truncation error: 7.80614e-09
    Energy after sweep 38/87 is -92.366062329298
    Sweep 38/87 CPU time = 9.762s (Wall time = 1.256s)

    vN Entropy at center bond b=75 = 0.680230970987
    Eigs at center bond b=75: 0.7514 0.2187 0.0212 0.0059 0.0014 
    Largest link dim during sweep 39/87 was 49
    Largest truncation error: 7.85071e-09
    Energy after sweep 39/87 is -92.366062365672
    Sweep 39/87 CPU time = 9.999s (Wall time = 1.280s)

    vN Entropy at center bond b=75 = 0.680231439056
    Eigs at center bond b=75: 0.7514 0.2187 0.0212 0.0059 0.0014 
    Largest link dim during sweep 40/87 was 49
    Largest truncation error: 7.86141e-09
    Energy after sweep 40/87 is -92.366062376064
    Sweep 40/87 CPU time = 10.04s (Wall time = 1.284s)

    vN Entropy at center bond b=75 = 0.680231502376
    Eigs at center bond b=75: 0.7514 0.2187 0.0212 0.0059 0.0014 
    Largest link dim during sweep 41/87 was 49
    Largest truncation error: 7.86458e-09
    Energy after sweep 41/87 is -92.366062375726
    Sweep 41/87 CPU time = 10.02s (Wall time = 1.284s)

    vN Entropy at center bond b=75 = 0.680231512865
    Eigs at center bond b=75: 0.7514 0.2187 0.0212 0.0059 0.0014 
    Largest link dim during sweep 42/87 was 49
    Largest truncation error: 7.8655e-09
    Energy after sweep 42/87 is -92.366062375655
    Sweep 42/87 CPU time = 10.00s (Wall time = 1.282s)

    vN Entropy at center bond b=75 = 0.680231514933
    Eigs at center bond b=75: 0.7514 0.2187 0.0212 0.0059 0.0014 
    Largest link dim during sweep 43/87 was 49
    Largest truncation error: 7.86576e-09
    Energy after sweep 43/87 is -92.366062375640
    Sweep 43/87 CPU time = 10.08s (Wall time = 1.293s)

    vN Entropy at center bond b=75 = 0.680231515390
    Eigs at center bond b=75: 0.7514 0.2187 0.0212 0.0059 0.0014 
    Largest link dim during sweep 44/87 was 49
    Largest truncation error: 7.86583e-09
    Energy after sweep 44/87 is -92.366062375637
    Sweep 44/87 CPU time = 9.998s (Wall time = 1.283s)

    vN Entropy at center bond b=75 = 0.680231515497
    Eigs at center bond b=75: 0.7514 0.2187 0.0212 0.0059 0.0014 
    Largest link dim during sweep 45/87 was 49
    Largest truncation error: 7.86586e-09
    Energy after sweep 45/87 is -92.366062375634
    Sweep 45/87 CPU time = 9.996s (Wall time = 1.281s)

    vN Entropy at center bond b=75 = 0.680231515523
    Eigs at center bond b=75: 0.7514 0.2187 0.0212 0.0059 0.0014 
    Largest link dim during sweep 46/87 was 49
    Largest truncation error: 7.86586e-09
    Energy after sweep 46/87 is -92.366062375636
    Sweep 46/87 CPU time = 10.03s (Wall time = 1.284s)

    vN Entropy at center bond b=75 = 0.680231515529
    Eigs at center bond b=75: 0.7514 0.2187 0.0212 0.0059 0.0014 
    Largest link dim during sweep 47/87 was 49
    Largest truncation error: 7.86586e-09
    Energy after sweep 47/87 is -92.366062375635
    Sweep 47/87 CPU time = 9.999s (Wall time = 1.283s)

    vN Entropy at center bond b=75 = 0.680231515531
    Eigs at center bond b=75: 0.7514 0.2187 0.0212 0.0059 0.0014 
    Largest link dim during sweep 48/87 was 49
    Largest truncation error: 7.86586e-09
    Energy after sweep 48/87 is -92.366062375635
    Sweep 48/87 CPU time = 10.02s (Wall time = 1.284s)

    vN Entropy at center bond b=75 = 0.680231515531
    Eigs at center bond b=75: 0.7514 0.2187 0.0212 0.0059 0.0014 
    Largest link dim during sweep 49/87 was 49
    Largest truncation error: 7.86586e-09
    Energy after sweep 49/87 is -92.366062375635
    Sweep 49/87 CPU time = 10.05s (Wall time = 1.290s)

    vN Entropy at center bond b=75 = 0.680231515531
    Eigs at center bond b=75: 0.7514 0.2187 0.0212 0.0059 0.0014 
    Largest link dim during sweep 50/87 was 49
    Largest truncation error: 7.86586e-09
    Energy after sweep 50/87 is -92.366062375634
    Sweep 50/87 CPU time = 10.02s (Wall time = 1.286s)

    vN Entropy at center bond b=75 = 0.680231515531
    Eigs at center bond b=75: 0.7514 0.2187 0.0212 0.0059 0.0014 
    Largest link dim during sweep 51/87 was 49
    Largest truncation error: 7.86586e-09
    Energy after sweep 51/87 is -92.366062375634
    Sweep 51/87 CPU time = 9.998s (Wall time = 1.283s)

    vN Entropy at center bond b=75 = 0.680231515531
    Eigs at center bond b=75: 0.7514 0.2187 0.0212 0.0059 0.0014 
    Largest link dim during sweep 52/87 was 49
    Largest truncation error: 7.86586e-09
    Energy after sweep 52/87 is -92.366062375634
    Sweep 52/87 CPU time = 10.01s (Wall time = 1.281s)

    vN Entropy at center bond b=75 = 0.680231515531
    Eigs at center bond b=75: 0.7514 0.2187 0.0212 0.0059 0.0014 
    Largest link dim during sweep 53/87 was 49
    Largest truncation error: 7.86586e-09
    Energy after sweep 53/87 is -92.366062375636
    Sweep 53/87 CPU time = 9.991s (Wall time = 1.279s)

    vN Entropy at center bond b=75 = 0.680231515531
    Eigs at center bond b=75: 0.7514 0.2187 0.0212 0.0059 0.0014 
    Largest link dim during sweep 54/87 was 49
    Largest truncation error: 7.86586e-09
    Energy after sweep 54/87 is -92.366062375635
    Sweep 54/87 CPU time = 10.03s (Wall time = 1.283s)

    vN Entropy at center bond b=75 = 0.680231515531
    Eigs at center bond b=75: 0.7514 0.2187 0.0212 0.0059 0.0014 
    Largest link dim during sweep 55/87 was 49
    Largest truncation error: 7.86586e-09
    Energy after sweep 55/87 is -92.366062375635
    Sweep 55/87 CPU time = 10.00s (Wall time = 1.284s)

    vN Entropy at center bond b=75 = 0.680231515531
    Eigs at center bond b=75: 0.7514 0.2187 0.0212 0.0059 0.0014 
    Largest link dim during sweep 56/87 was 49
    Largest truncation error: 7.86586e-09
    Energy after sweep 56/87 is -92.366062375636
    Sweep 56/87 CPU time = 10.05s (Wall time = 1.296s)

    vN Entropy at center bond b=75 = 0.680231515531
    Eigs at center bond b=75: 0.7514 0.2187 0.0212 0.0059 0.0014 
    Largest link dim during sweep 57/87 was 49
    Largest truncation error: 7.86586e-09
    Energy after sweep 57/87 is -92.366062375635
    Sweep 57/87 CPU time = 9.998s (Wall time = 1.284s)

    vN Entropy at center bond b=75 = 0.680231515531
    Eigs at center bond b=75: 0.7514 0.2187 0.0212 0.0059 0.0014 
    Largest link dim during sweep 58/87 was 49
    Largest truncation error: 7.86586e-09
    Energy after sweep 58/87 is -92.366062375635
    Sweep 58/87 CPU time = 10.02s (Wall time = 1.283s)

    vN Entropy at center bond b=75 = 0.680253220333
    Eigs at center bond b=75: 0.7513 0.2187 0.0212 0.0059 0.0014 
    Largest link dim during sweep 59/87 was 88
    Largest truncation error: 7.60623e-11
    Energy after sweep 59/87 is -92.366068279889
    Sweep 59/87 CPU time = 26.99s (Wall time = 3.462s)

    vN Entropy at center bond b=75 = 0.680254944436
    Eigs at center bond b=75: 0.7513 0.2187 0.0212 0.0059 0.0014 
    Largest link dim during sweep 60/87 was 91
    Largest truncation error: 7.68043e-11
    Energy after sweep 60/87 is -92.366068291111
    Sweep 60/87 CPU time = 37.18s (Wall time = 4.762s)

    vN Entropy at center bond b=75 = 0.680255044847
    Eigs at center bond b=75: 0.7513 0.2187 0.0212 0.0059 0.0014 
    Largest link dim during sweep 61/87 was 91
    Largest truncation error: 7.72709e-11
    Energy after sweep 61/87 is -92.366068291383
    Sweep 61/87 CPU time = 36.58s (Wall time = 4.696s)

    vN Entropy at center bond b=75 = 0.680255062317
    Eigs at center bond b=75: 0.7513 0.2187 0.0212 0.0059 0.0014 
    Largest link dim during sweep 62/87 was 91
    Largest truncation error: 7.73216e-11
    Energy after sweep 62/87 is -92.366068291375
    Sweep 62/87 CPU time = 36.31s (Wall time = 4.642s)

    vN Entropy at center bond b=75 = 0.680255066438
    Eigs at center bond b=75: 0.7513 0.2187 0.0212 0.0059 0.0014 
    Largest link dim during sweep 63/87 was 91
    Largest truncation error: 7.73386e-11
    Energy after sweep 63/87 is -92.366068291371
    Sweep 63/87 CPU time = 36.40s (Wall time = 4.654s)

    vN Entropy at center bond b=75 = 0.680255067482
    Eigs at center bond b=75: 0.7513 0.2187 0.0212 0.0059 0.0014 
    Largest link dim during sweep 64/87 was 91
    Largest truncation error: 7.7344e-11
    Energy after sweep 64/87 is -92.366068291370
    Sweep 64/87 CPU time = 36.39s (Wall time = 4.662s)

    vN Entropy at center bond b=75 = 0.680255067754
    Eigs at center bond b=75: 0.7513 0.2187 0.0212 0.0059 0.0014 
    Largest link dim during sweep 65/87 was 91
    Largest truncation error: 7.73457e-11
    Energy after sweep 65/87 is -92.366068291370
    Sweep 65/87 CPU time = 36.26s (Wall time = 4.635s)

    vN Entropy at center bond b=75 = 0.680255067828
    Eigs at center bond b=75: 0.7513 0.2187 0.0212 0.0059 0.0014 
    Largest link dim during sweep 66/87 was 91
    Largest truncation error: 7.73464e-11
    Energy after sweep 66/87 is -92.366068291370
    Sweep 66/87 CPU time = 36.27s (Wall time = 4.635s)

    vN Entropy at center bond b=75 = 0.680255067849
    Eigs at center bond b=75: 0.7513 0.2187 0.0212 0.0059 0.0014 
    Largest link dim during sweep 67/87 was 91
    Largest truncation error: 7.73467e-11
    Energy after sweep 67/87 is -92.366068291369
    Sweep 67/87 CPU time = 36.26s (Wall time = 4.660s)

    vN Entropy at center bond b=75 = 0.680255067855
    Eigs at center bond b=75: 0.7513 0.2187 0.0212 0.0059 0.0014 
    Largest link dim during sweep 68/87 was 91
    Largest truncation error: 7.73467e-11
    Energy after sweep 68/87 is -92.366068291369
    Sweep 68/87 CPU time = 36.38s (Wall time = 4.657s)

    vN Entropy at center bond b=75 = 0.680255067857
    Eigs at center bond b=75: 0.7513 0.2187 0.0212 0.0059 0.0014 
    Largest link dim during sweep 69/87 was 91
    Largest truncation error: 7.73468e-11
    Energy after sweep 69/87 is -92.366068291370
    Sweep 69/87 CPU time = 36.37s (Wall time = 4.652s)

    vN Entropy at center bond b=75 = 0.680255067858
    Eigs at center bond b=75: 0.7513 0.2187 0.0212 0.0059 0.0014 
    Largest link dim during sweep 70/87 was 91
    Largest truncation error: 7.73467e-11
    Energy after sweep 70/87 is -92.366068291369
    Sweep 70/87 CPU time = 36.39s (Wall time = 4.651s)

    vN Entropy at center bond b=75 = 0.680255067858
    Eigs at center bond b=75: 0.7513 0.2187 0.0212 0.0059 0.0014 
    Largest link dim during sweep 71/87 was 91
    Largest truncation error: 7.73465e-11
    Energy after sweep 71/87 is -92.366068291369
    Sweep 71/87 CPU time = 36.33s (Wall time = 4.649s)

    vN Entropy at center bond b=75 = 0.680255067858
    Eigs at center bond b=75: 0.7513 0.2187 0.0212 0.0059 0.0014 
    Largest link dim during sweep 72/87 was 91
    Largest truncation error: 7.73467e-11
    Energy after sweep 72/87 is -92.366068291368
    Sweep 72/87 CPU time = 36.41s (Wall time = 4.653s)

    vN Entropy at center bond b=75 = 0.680255067858
    Eigs at center bond b=75: 0.7513 0.2187 0.0212 0.0059 0.0014 
    Largest link dim during sweep 73/87 was 91
    Largest truncation error: 7.73468e-11
    Energy after sweep 73/87 is -92.366068291369
    Sweep 73/87 CPU time = 36.42s (Wall time = 4.658s)

    vN Entropy at center bond b=75 = 0.680255067858
    Eigs at center bond b=75: 0.7513 0.2187 0.0212 0.0059 0.0014 
    Largest link dim during sweep 74/87 was 91
    Largest truncation error: 7.73466e-11
    Energy after sweep 74/87 is -92.366068291369
    Sweep 74/87 CPU time = 36.40s (Wall time = 4.648s)

    vN Entropy at center bond b=75 = 0.680255952631
    Eigs at center bond b=75: 0.7513 0.2187 0.0212 0.0059 0.0014 
    Largest link dim during sweep 75/87 was 156
    Largest truncation error: 7.58355e-13
    Energy after sweep 75/87 is -92.366068361955
    Sweep 75/87 CPU time = 1m, 6.0s (Wall time = 8.777s)

    vN Entropy at center bond b=75 = 0.680256032090
    Eigs at center bond b=75: 0.7513 0.2187 0.0212 0.0059 0.0014 
    Largest link dim during sweep 76/87 was 158
    Largest truncation error: 7.64267e-13
    Energy after sweep 76/87 is -92.366068362209
    Sweep 76/87 CPU time = 1m, 23.6s (Wall time = 11.09s)

    vN Entropy at center bond b=75 = 0.680256042553
    Eigs at center bond b=75: 0.7513 0.2187 0.0212 0.0059 0.0014 
    Largest link dim during sweep 77/87 was 158
    Largest truncation error: 7.54964e-13
    Energy after sweep 77/87 is -92.366068362225
    Sweep 77/87 CPU time = 1m, 20.2s (Wall time = 10.43s)

    vN Entropy at center bond b=75 = 0.680256046002
    Eigs at center bond b=75: 0.7513 0.2187 0.0212 0.0059 0.0014 
    Largest link dim during sweep 78/87 was 158
    Largest truncation error: 7.55294e-13
    Energy after sweep 78/87 is -92.366068362230
    Sweep 78/87 CPU time = 1m, 20.3s (Wall time = 10.44s)

    vN Entropy at center bond b=75 = 0.680256047670
    Eigs at center bond b=75: 0.7513 0.2187 0.0212 0.0059 0.0014 
    Largest link dim during sweep 79/87 was 158
    Largest truncation error: 7.51232e-13
    Energy after sweep 79/87 is -92.366068362235
    Sweep 79/87 CPU time = 1m, 19.8s (Wall time = 10.33s)

    vN Entropy at center bond b=75 = 0.680256048602
    Eigs at center bond b=75: 0.7513 0.2187 0.0212 0.0059 0.0014 
    Largest link dim during sweep 80/87 was 158
    Largest truncation error: 7.51085e-13
    Energy after sweep 80/87 is -92.366068362236
    Sweep 80/87 CPU time = 1m, 20.0s (Wall time = 10.38s)

    vN Entropy at center bond b=75 = 0.680256049125
    Eigs at center bond b=75: 0.7513 0.2187 0.0212 0.0059 0.0014 
    Largest link dim during sweep 81/87 was 158
    Largest truncation error: 7.51739e-13
    Energy after sweep 81/87 is -92.366068362237
    Sweep 81/87 CPU time = 1m, 20.1s (Wall time = 10.40s)

    vN Entropy at center bond b=75 = 0.680256049422
    Eigs at center bond b=75: 0.7513 0.2187 0.0212 0.0059 0.0014 
    Largest link dim during sweep 82/87 was 158
    Largest truncation error: 7.52583e-13
    Energy after sweep 82/87 is -92.366068362239
    Sweep 82/87 CPU time = 1m, 20.1s (Wall time = 10.41s)

    vN Entropy at center bond b=75 = 0.680256113556
    Eigs at center bond b=75: 0.7513 0.2187 0.0212 0.0059 0.0014 
    Largest link dim during sweep 83/87 was 144
    Largest truncation error: 7.52806e-13
    Energy after sweep 83/87 is -92.366068361974
    Sweep 83/87 CPU time = 1m, 4.9s (Wall time = 8.379s)

    vN Entropy at center bond b=75 = 0.680256119787
    Eigs at center bond b=75: 0.7513 0.2187 0.0212 0.0059 0.0014 
    Largest link dim during sweep 84/87 was 246
    Largest truncation error: 7.54349e-15
    Energy after sweep 84/87 is -92.366068363085
    Sweep 84/87 CPU time = 2m, 42.1s (Wall time = 22.04s)

    vN Entropy at center bond b=75 = 0.680256121715
    Eigs at center bond b=75: 0.7513 0.2187 0.0212 0.0059 0.0014 
    Largest link dim during sweep 85/87 was 252
    Largest truncation error: 7.66444e-15
    Energy after sweep 85/87 is -92.366068363090
    Sweep 85/87 CPU time = 4m, 31.4s (Wall time = 35.21s)

    vN Entropy at center bond b=75 = 0.680256122013
    Eigs at center bond b=75: 0.7513 0.2187 0.0212 0.0059 0.0014 
    Largest link dim during sweep 86/87 was 250
    Largest truncation error: 7.57757e-15
    Energy after sweep 86/87 is -92.366068363091
    Sweep 86/87 CPU time = 4m, 10.1s (Wall time = 32.01s)

    vN Entropy at center bond b=75 = 0.680256122157
    Eigs at center bond b=75: 0.7513 0.2187 0.0212 0.0059 0.0014 
    Largest link dim during sweep 87/87 was 250
    Largest truncation error: 7.51148e-15
    Energy after sweep 87/87 is -92.366068363092
    Sweep 87/87 CPU time = 4m, 7.0s (Wall time = 31.59s)
Initial energy = 32.34000

Ground State Energy = -92.3660683631
run_outputs/outputpsi/N_150_sweep_87_t_0.030000_J_1.000000_V_0.600000_D_0.018000_U_0.220000_mu_0.000000_E_0.000000 converge
Wall-clock time (s) = 680.786501
