//////////////////////////
Reading input file ......

Got input.N = 150
Got input.t = 0.03
Got input.J = 1
Got input.V = 0.6
Got input.D = 0.018
Got input.U = 0.09
Got input.mu = 0
Got input.E = 0
Got input.nsweeps = 87
Sweeps:
1  MaxDim=20, MinDim=20, Cutoff=1.0E-06, Niter=8, Noise=1.0E-05
2  MaxDim=20, MinDim=20, Cutoff=1.0E-06, Niter=8, Noise=1.0E-05
3  MaxDim=20, MinDim=20, Cutoff=1.0E-06, Niter=8, Noise=1.0E-05
4  MaxDim=20, MinDim=20, Cutoff=1.0E-06, Niter=8, Noise=1.0E-05
5  MaxDim=20, MinDim=20, Cutoff=1.0E-06, Niter=8, Noise=1.0E-05
6  MaxDim=20, MinDim=20, Cutoff=1.0E-06, Niter=8, Noise=1.0E-05
7  MaxDim=20, MinDim=20, Cutoff=1.0E-06, Niter=8, Noise=1.0E-05
8  MaxDim=40, MinDim=20, Cutoff=1.0E-06, Niter=4, Noise=1.0E-05
9  MaxDim=40, MinDim=20, Cutoff=1.0E-06, Niter=4, Noise=1.0E-05
10  MaxDim=40, MinDim=20, Cutoff=1.0E-06, Niter=4, Noise=1.0E-05
11  MaxDim=40, MinDim=20, Cutoff=1.0E-06, Niter=4, Noise=1.0E-05
12  MaxDim=40, MinDim=20, Cutoff=1.0E-06, Niter=4, Noise=1.0E-05
13  MaxDim=40, MinDim=20, Cutoff=1.0E-06, Niter=4, Noise=1.0E-05
14  MaxDim=40, MinDim=20, Cutoff=1.0E-06, Niter=4, Noise=1.0E-05
15  MaxDim=80, MinDim=10, Cutoff=1.0E-06, Niter=4, Noise=1.0E-05
16  MaxDim=80, MinDim=10, Cutoff=1.0E-06, Niter=4, Noise=1.0E-05
17  MaxDim=80, MinDim=10, Cutoff=1.0E-06, Niter=4, Noise=1.0E-05
18  MaxDim=80, MinDim=10, Cutoff=1.0E-06, Niter=4, Noise=1.0E-05
19  MaxDim=80, MinDim=10, Cutoff=1.0E-06, Niter=4, Noise=1.0E-05
20  MaxDim=80, MinDim=10, Cutoff=1.0E-06, Niter=4, Noise=1.0E-05
21  MaxDim=80, MinDim=10, Cutoff=1.0E-06, Niter=4, Noise=1.0E-05
22  MaxDim=80, MinDim=10, Cutoff=1.0E-06, Niter=4, Noise=1.0E-05
23  MaxDim=80, MinDim=10, Cutoff=1.0E-06, Niter=4, Noise=1.0E-05
24  MaxDim=80, MinDim=10, Cutoff=1.0E-06, Niter=4, Noise=1.0E-05
25  MaxDim=80, MinDim=10, Cutoff=1.0E-06, Niter=4, Noise=1.0E-05
26  MaxDim=80, MinDim=10, Cutoff=1.0E-06, Niter=4, Noise=1.0E-05
27  MaxDim=80, MinDim=10, Cutoff=1.0E-06, Niter=4, Noise=1.0E-05
28  MaxDim=80, MinDim=10, Cutoff=1.0E-06, Niter=4, Noise=1.0E-05
29  MaxDim=80, MinDim=10, Cutoff=1.0E-06, Niter=4, Noise=1.0E-05
30  MaxDim=80, MinDim=10, Cutoff=1.0E-06, Niter=4, Noise=1.0E-05
31  MaxDim=80, MinDim=10, Cutoff=1.0E-06, Niter=4, Noise=1.0E-05
32  MaxDim=80, MinDim=10, Cutoff=1.0E-06, Niter=4, Noise=1.0E-05
33  MaxDim=80, MinDim=10, Cutoff=1.0E-06, Niter=4, Noise=1.0E-05
34  MaxDim=80, MinDim=10, Cutoff=1.0E-06, Niter=4, Noise=1.0E-05
35  MaxDim=80, MinDim=10, Cutoff=1.0E-06, Niter=4, Noise=1.0E-05
36  MaxDim=80, MinDim=10, Cutoff=1.0E-06, Niter=4, Noise=1.0E-05
37  MaxDim=160, MinDim=10, Cutoff=1.0E-08, Niter=4, Noise=1.0E-06
38  MaxDim=160, MinDim=10, Cutoff=1.0E-08, Niter=4, Noise=1.0E-06
39  MaxDim=160, MinDim=10, Cutoff=1.0E-08, Niter=4, Noise=1.0E-06
40  MaxDim=160, MinDim=10, Cutoff=1.0E-08, Niter=4, Noise=1.0E-06
41  MaxDim=160, MinDim=10, Cutoff=1.0E-08, Niter=4, Noise=1.0E-06
42  MaxDim=160, MinDim=10, Cutoff=1.0E-08, Niter=4, Noise=1.0E-06
43  MaxDim=160, MinDim=10, Cutoff=1.0E-08, Niter=4, Noise=1.0E-06
44  MaxDim=160, MinDim=10, Cutoff=1.0E-08, Niter=4, Noise=1.0E-06
45  MaxDim=160, MinDim=10, Cutoff=1.0E-08, Niter=4, Noise=1.0E-06
46  MaxDim=160, MinDim=10, Cutoff=1.0E-08, Niter=4, Noise=1.0E-06
47  MaxDim=160, MinDim=10, Cutoff=1.0E-08, Niter=4, Noise=1.0E-06
48  MaxDim=160, MinDim=10, Cutoff=1.0E-08, Niter=4, Noise=1.0E-06
49  MaxDim=160, MinDim=10, Cutoff=1.0E-08, Niter=4, Noise=1.0E-06
50  MaxDim=160, MinDim=10, Cutoff=1.0E-08, Niter=4, Noise=1.0E-06
51  MaxDim=160, MinDim=10, Cutoff=1.0E-08, Niter=4, Noise=1.0E-06
52  MaxDim=160, MinDim=10, Cutoff=1.0E-08, Niter=4, Noise=1.0E-06
53  MaxDim=160, MinDim=10, Cutoff=1.0E-08, Niter=4, Noise=1.0E-06
54  MaxDim=160, MinDim=10, Cutoff=1.0E-08, Niter=4, Noise=1.0E-06
55  MaxDim=160, MinDim=10, Cutoff=1.0E-08, Niter=4, Noise=1.0E-06
56  MaxDim=160, MinDim=10, Cutoff=1.0E-08, Niter=4, Noise=1.0E-06
57  MaxDim=160, MinDim=10, Cutoff=1.0E-08, Niter=4, Noise=1.0E-06
58  MaxDim=160, MinDim=10, Cutoff=1.0E-08, Niter=4, Noise=1.0E-06
59  MaxDim=320, MinDim=10, Cutoff=1.0E-10, Niter=4, Noise=1.0E-07
60  MaxDim=320, MinDim=10, Cutoff=1.0E-10, Niter=4, Noise=1.0E-07
61  MaxDim=320, MinDim=10, Cutoff=1.0E-10, Niter=4, Noise=1.0E-07
62  MaxDim=320, MinDim=10, Cutoff=1.0E-10, Niter=4, Noise=1.0E-07
63  MaxDim=320, MinDim=10, Cutoff=1.0E-10, Niter=4, Noise=1.0E-07
64  MaxDim=320, MinDim=10, Cutoff=1.0E-10, Niter=4, Noise=1.0E-07
65  MaxDim=320, MinDim=10, Cutoff=1.0E-10, Niter=4, Noise=1.0E-07
66  MaxDim=320, MinDim=10, Cutoff=1.0E-10, Niter=4, Noise=1.0E-07
67  MaxDim=320, MinDim=10, Cutoff=1.0E-10, Niter=4, Noise=1.0E-07
68  MaxDim=320, MinDim=10, Cutoff=1.0E-10, Niter=4, Noise=1.0E-07
69  MaxDim=320, MinDim=10, Cutoff=1.0E-10, Niter=4, Noise=1.0E-07
70  MaxDim=320, MinDim=10, Cutoff=1.0E-10, Niter=4, Noise=1.0E-07
71  MaxDim=320, MinDim=10, Cutoff=1.0E-10, Niter=4, Noise=1.0E-07
72  MaxDim=320, MinDim=10, Cutoff=1.0E-10, Niter=4, Noise=1.0E-07
73  MaxDim=320, MinDim=10, Cutoff=1.0E-10, Niter=4, Noise=1.0E-07
74  MaxDim=320, MinDim=10, Cutoff=1.0E-10, Niter=4, Noise=1.0E-07
75  MaxDim=640, MinDim=10, Cutoff=1.0E-12, Niter=2, Noise=1.0E-08
76  MaxDim=640, MinDim=10, Cutoff=1.0E-12, Niter=2, Noise=1.0E-08
77  MaxDim=640, MinDim=10, Cutoff=1.0E-12, Niter=2, Noise=1.0E-08
78  MaxDim=640, MinDim=10, Cutoff=1.0E-12, Niter=2, Noise=1.0E-08
79  MaxDim=640, MinDim=10, Cutoff=1.0E-12, Niter=2, Noise=1.0E-08
80  MaxDim=640, MinDim=10, Cutoff=1.0E-12, Niter=2, Noise=1.0E-08
81  MaxDim=640, MinDim=10, Cutoff=1.0E-12, Niter=2, Noise=1.0E-08
82  MaxDim=640, MinDim=10, Cutoff=1.0E-12, Niter=2, Noise=1.0E-08
83  MaxDim=1280, MinDim=10, Cutoff=1.0E-12, Niter=2, Noise=0.0E+00
84  MaxDim=1280, MinDim=10, Cutoff=1.0E-14, Niter=2, Noise=0.0E+00
85  MaxDim=1280, MinDim=10, Cutoff=1.0E-14, Niter=2, Noise=0.0E+00
86  MaxDim=1280, MinDim=10, Cutoff=1.0E-14, Niter=2, Noise=0.0E+00
87  MaxDim=1280, MinDim=10, Cutoff=1.0E-14, Niter=2, Noise=0.0E+00


    vN Entropy at center bond b=75 = 0.634737051786
    Eigs at center bond b=75: 0.7882 0.1824 0.0186 0.0048 0.0042 0.0011 
    Largest link dim during sweep 1/87 was 20
    Largest truncation error: 6.96162e-06
    Energy after sweep 1/87 is -94.826556137948
    Sweep 1/87 CPU time = 4.402s (Wall time = 0.571s)

    vN Entropy at center bond b=75 = 0.818212402971
    Eigs at center bond b=75: 0.7242 0.2141 0.0295 0.0166 0.0090 0.0046 
    Largest link dim during sweep 2/87 was 20
    Largest truncation error: 4.57724e-06
    Energy after sweep 2/87 is -94.881980946248
    Sweep 2/87 CPU time = 6.169s (Wall time = 0.790s)

    vN Entropy at center bond b=75 = 0.851957399218
    Eigs at center bond b=75: 0.7164 0.2115 0.0365 0.0175 0.0110 0.0049 
    Largest link dim during sweep 3/87 was 20
    Largest truncation error: 3.80083e-06
    Energy after sweep 3/87 is -94.885075082346
    Sweep 3/87 CPU time = 6.132s (Wall time = 0.790s)

    vN Entropy at center bond b=75 = 0.852242334198
    Eigs at center bond b=75: 0.7166 0.2110 0.0367 0.0175 0.0110 0.0049 
    Largest link dim during sweep 4/87 was 20
    Largest truncation error: 4.05146e-06
    Energy after sweep 4/87 is -94.885353741779
    Sweep 4/87 CPU time = 6.178s (Wall time = 0.790s)

    vN Entropy at center bond b=75 = 0.845480501020
    Eigs at center bond b=75: 0.7187 0.2108 0.0353 0.0175 0.0106 0.0048 
    Largest link dim during sweep 5/87 was 20
    Largest truncation error: 4.05485e-06
    Energy after sweep 5/87 is -94.885429906936
    Sweep 5/87 CPU time = 6.193s (Wall time = 0.792s)

    vN Entropy at center bond b=75 = 0.836444257837
    Eigs at center bond b=75: 0.7214 0.2106 0.0335 0.0174 0.0100 0.0048 
    Largest link dim during sweep 6/87 was 20
    Largest truncation error: 4.03985e-06
    Energy after sweep 6/87 is -94.885466753714
    Sweep 6/87 CPU time = 6.203s (Wall time = 0.791s)

    vN Entropy at center bond b=75 = 0.826977631455
    Eigs at center bond b=75: 0.7241 0.2106 0.0317 0.0173 0.0094 0.0047 
    Largest link dim during sweep 7/87 was 20
    Largest truncation error: 4.02409e-06
    Energy after sweep 7/87 is -94.885497085044
    Sweep 7/87 CPU time = 6.185s (Wall time = 0.793s)

    vN Entropy at center bond b=75 = 0.827670609939
    Eigs at center bond b=75: 0.7241 0.2105 0.0317 0.0174 0.0094 0.0048 
    Largest link dim during sweep 8/87 was 30
    Largest truncation error: 7.28445e-07
    Energy after sweep 8/87 is -94.887159125716
    Sweep 8/87 CPU time = 4.293s (Wall time = 0.548s)

    vN Entropy at center bond b=75 = 0.838458774125
    Eigs at center bond b=75: 0.7212 0.2103 0.0338 0.0176 0.0101 0.0048 
    Largest link dim during sweep 9/87 was 31
    Largest truncation error: 7.15382e-07
    Energy after sweep 9/87 is -94.887330854929
    Sweep 9/87 CPU time = 4.929s (Wall time = 0.628s)

    vN Entropy at center bond b=75 = 0.847869439340
    Eigs at center bond b=75: 0.7186 0.2101 0.0357 0.0177 0.0107 0.0049 
    Largest link dim during sweep 10/87 was 31
    Largest truncation error: 7.20497e-07
    Energy after sweep 10/87 is -94.887424453578
    Sweep 10/87 CPU time = 5.047s (Wall time = 0.644s)

    vN Entropy at center bond b=75 = 0.855894631887
    Eigs at center bond b=75: 0.7163 0.2100 0.0374 0.0177 0.0112 0.0049 
    Largest link dim during sweep 11/87 was 31
    Largest truncation error: 7.1625e-07
    Energy after sweep 11/87 is -94.887525982669
    Sweep 11/87 CPU time = 5.179s (Wall time = 0.660s)

    vN Entropy at center bond b=75 = 0.862741314215
    Eigs at center bond b=75: 0.7143 0.2099 0.0388 0.0178 0.0117 0.0049 
    Largest link dim during sweep 12/87 was 31
    Largest truncation error: 7.06312e-07
    Energy after sweep 12/87 is -94.887560568737
    Sweep 12/87 CPU time = 5.209s (Wall time = 0.667s)

    vN Entropy at center bond b=75 = 0.868157509378
    Eigs at center bond b=75: 0.7127 0.2099 0.0400 0.0178 0.0120 0.0050 0.0010 
    Largest link dim during sweep 13/87 was 31
    Largest truncation error: 7.10206e-07
    Energy after sweep 13/87 is -94.887586247090
    Sweep 13/87 CPU time = 5.271s (Wall time = 0.669s)

    vN Entropy at center bond b=75 = 0.872502683717
    Eigs at center bond b=75: 0.7114 0.2098 0.0410 0.0178 0.0124 0.0050 0.0011 
    Largest link dim during sweep 14/87 was 31
    Largest truncation error: 7.05969e-07
    Energy after sweep 14/87 is -94.887605711102
    Sweep 14/87 CPU time = 5.209s (Wall time = 0.666s)

    vN Entropy at center bond b=75 = 0.876025125821
    Eigs at center bond b=75: 0.7104 0.2098 0.0418 0.0178 0.0126 0.0050 0.0011 
    Largest link dim during sweep 15/87 was 31
    Largest truncation error: 7.01664e-07
    Energy after sweep 15/87 is -94.887619498893
    Sweep 15/87 CPU time = 5.236s (Wall time = 0.668s)

    vN Entropy at center bond b=75 = 0.878937441813
    Eigs at center bond b=75: 0.7095 0.2098 0.0424 0.0178 0.0128 0.0050 0.0011 
    Largest link dim during sweep 16/87 was 32
    Largest truncation error: 7.03963e-07
    Energy after sweep 16/87 is -94.887635982201
    Sweep 16/87 CPU time = 5.229s (Wall time = 0.670s)

    vN Entropy at center bond b=75 = 0.881360150415
    Eigs at center bond b=75: 0.7088 0.2098 0.0430 0.0178 0.0130 0.0050 0.0011 
    Largest link dim during sweep 17/87 was 32
    Largest truncation error: 7.05762e-07
    Energy after sweep 17/87 is -94.887648511967
    Sweep 17/87 CPU time = 5.245s (Wall time = 0.668s)

    vN Entropy at center bond b=75 = 0.883366882752
    Eigs at center bond b=75: 0.7081 0.2098 0.0434 0.0178 0.0132 0.0050 0.0011 
    Largest link dim during sweep 18/87 was 32
    Largest truncation error: 7.07173e-07
    Energy after sweep 18/87 is -94.887657997746
    Sweep 18/87 CPU time = 5.262s (Wall time = 0.670s)

    vN Entropy at center bond b=75 = 0.885005810705
    Eigs at center bond b=75: 0.7076 0.2098 0.0438 0.0178 0.0133 0.0050 0.0011 
    Largest link dim during sweep 19/87 was 32
    Largest truncation error: 7.08279e-07
    Energy after sweep 19/87 is -94.887664289875
    Sweep 19/87 CPU time = 5.261s (Wall time = 0.671s)

    vN Entropy at center bond b=75 = 0.886334087580
    Eigs at center bond b=75: 0.7072 0.2098 0.0441 0.0178 0.0134 0.0050 0.0011 
    Largest link dim during sweep 20/87 was 32
    Largest truncation error: 7.02148e-07
    Energy after sweep 20/87 is -94.887669846848
    Sweep 20/87 CPU time = 5.266s (Wall time = 0.672s)

    vN Entropy at center bond b=75 = 0.887407515325
    Eigs at center bond b=75: 0.7069 0.2098 0.0444 0.0178 0.0135 0.0050 0.0012 
    Largest link dim during sweep 21/87 was 32
    Largest truncation error: 7.00826e-07
    Energy after sweep 21/87 is -94.887674035889
    Sweep 21/87 CPU time = 5.248s (Wall time = 0.673s)

    vN Entropy at center bond b=75 = 0.888274881758
    Eigs at center bond b=75: 0.7066 0.2098 0.0446 0.0178 0.0135 0.0050 0.0012 
    Largest link dim during sweep 22/87 was 32
    Largest truncation error: 7.01242e-07
    Energy after sweep 22/87 is -94.887677221655
    Sweep 22/87 CPU time = 5.261s (Wall time = 0.674s)

    vN Entropy at center bond b=75 = 0.888975032669
    Eigs at center bond b=75: 0.7064 0.2098 0.0447 0.0178 0.0136 0.0050 0.0012 
    Largest link dim during sweep 23/87 was 32
    Largest truncation error: 7.02213e-07
    Energy after sweep 23/87 is -94.887679412744
    Sweep 23/87 CPU time = 5.228s (Wall time = 0.669s)

    vN Entropy at center bond b=75 = 0.889541466680
    Eigs at center bond b=75: 0.7062 0.2098 0.0449 0.0178 0.0136 0.0050 0.0012 
    Largest link dim during sweep 24/87 was 32
    Largest truncation error: 7.01324e-07
    Energy after sweep 24/87 is -94.887681699203
    Sweep 24/87 CPU time = 5.250s (Wall time = 0.671s)

    vN Entropy at center bond b=75 = 0.889998955680
    Eigs at center bond b=75: 0.7061 0.2097 0.0450 0.0178 0.0137 0.0050 0.0012 
    Largest link dim during sweep 25/87 was 32
    Largest truncation error: 7.01427e-07
    Energy after sweep 25/87 is -94.887683089229
    Sweep 25/87 CPU time = 5.232s (Wall time = 0.670s)

    vN Entropy at center bond b=75 = 0.890369047767
    Eigs at center bond b=75: 0.7060 0.2097 0.0450 0.0178 0.0137 0.0050 0.0012 
    Largest link dim during sweep 26/87 was 32
    Largest truncation error: 7.01509e-07
    Energy after sweep 26/87 is -94.887684221915
    Sweep 26/87 CPU time = 5.268s (Wall time = 0.671s)

    vN Entropy at center bond b=75 = 0.890668126080
    Eigs at center bond b=75: 0.7059 0.2097 0.0451 0.0178 0.0137 0.0050 0.0012 
    Largest link dim during sweep 27/87 was 32
    Largest truncation error: 7.02715e-07
    Energy after sweep 27/87 is -94.887685757818
    Sweep 27/87 CPU time = 5.218s (Wall time = 0.669s)

    vN Entropy at center bond b=75 = 0.890910036164
    Eigs at center bond b=75: 0.7058 0.2097 0.0452 0.0178 0.0137 0.0050 0.0012 
    Largest link dim during sweep 28/87 was 32
    Largest truncation error: 7.04126e-07
    Energy after sweep 28/87 is -94.887686493772
    Sweep 28/87 CPU time = 5.250s (Wall time = 0.671s)

    vN Entropy at center bond b=75 = 0.891105772748
    Eigs at center bond b=75: 0.7057 0.2097 0.0452 0.0178 0.0137 0.0050 0.0012 
    Largest link dim during sweep 29/87 was 32
    Largest truncation error: 7.01667e-07
    Energy after sweep 29/87 is -94.887687091188
    Sweep 29/87 CPU time = 5.250s (Wall time = 0.676s)

    vN Entropy at center bond b=75 = 0.891264133013
    Eigs at center bond b=75: 0.7057 0.2097 0.0453 0.0178 0.0138 0.0050 0.0012 
    Largest link dim during sweep 30/87 was 32
    Largest truncation error: 7.01699e-07
    Energy after sweep 30/87 is -94.887688088599
    Sweep 30/87 CPU time = 5.251s (Wall time = 0.671s)

    vN Entropy at center bond b=75 = 0.891392235592
    Eigs at center bond b=75: 0.7056 0.2097 0.0453 0.0178 0.0138 0.0050 0.0012 
    Largest link dim during sweep 31/87 was 32
    Largest truncation error: 7.01724e-07
    Energy after sweep 31/87 is -94.887688858350
    Sweep 31/87 CPU time = 5.243s (Wall time = 0.672s)

    vN Entropy at center bond b=75 = 0.891495879905
    Eigs at center bond b=75: 0.7056 0.2097 0.0453 0.0178 0.0138 0.0050 0.0012 
    Largest link dim during sweep 32/87 was 32
    Largest truncation error: 7.01745e-07
    Energy after sweep 32/87 is -94.887689136413
    Sweep 32/87 CPU time = 5.242s (Wall time = 0.672s)

    vN Entropy at center bond b=75 = 0.891579768287
    Eigs at center bond b=75: 0.7056 0.2097 0.0453 0.0178 0.0138 0.0050 0.0012 
    Largest link dim during sweep 33/87 was 32
    Largest truncation error: 7.0176e-07
    Energy after sweep 33/87 is -94.887689337546
    Sweep 33/87 CPU time = 5.238s (Wall time = 0.670s)

    vN Entropy at center bond b=75 = 0.891647704342
    Eigs at center bond b=75: 0.7056 0.2097 0.0453 0.0178 0.0138 0.0050 0.0012 
    Largest link dim during sweep 34/87 was 32
    Largest truncation error: 7.01947e-07
    Energy after sweep 34/87 is -94.887689502774
    Sweep 34/87 CPU time = 5.258s (Wall time = 0.672s)

    vN Entropy at center bond b=75 = 0.891702758356
    Eigs at center bond b=75: 0.7055 0.2097 0.0454 0.0178 0.0138 0.0050 0.0012 
    Largest link dim during sweep 35/87 was 32
    Largest truncation error: 7.02348e-07
    Energy after sweep 35/87 is -94.887689640956
    Sweep 35/87 CPU time = 5.259s (Wall time = 0.671s)

    vN Entropy at center bond b=75 = 0.891747407097
    Eigs at center bond b=75: 0.7055 0.2097 0.0454 0.0178 0.0138 0.0050 0.0012 
    Largest link dim during sweep 36/87 was 32
    Largest truncation error: 7.02681e-07
    Energy after sweep 36/87 is -94.887689756299
    Sweep 36/87 CPU time = 5.248s (Wall time = 0.672s)

    vN Entropy at center bond b=75 = 0.894637462056
    Eigs at center bond b=75: 0.7047 0.2098 0.0459 0.0178 0.0140 0.0050 0.0012 
    Largest link dim during sweep 37/87 was 68
    Largest truncation error: 7.28077e-09
    Energy after sweep 37/87 is -94.888158470780
    Sweep 37/87 CPU time = 14.05s (Wall time = 1.807s)

    vN Entropy at center bond b=75 = 0.901218111441
    Eigs at center bond b=75: 0.7029 0.2094 0.0474 0.0179 0.0144 0.0051 0.0012 
    Largest link dim during sweep 38/87 was 75
    Largest truncation error: 7.35202e-09
    Energy after sweep 38/87 is -94.888197618746
    Sweep 38/87 CPU time = 21.80s (Wall time = 2.800s)

    vN Entropy at center bond b=75 = 0.907340693166
    Eigs at center bond b=75: 0.7013 0.2090 0.0488 0.0179 0.0149 0.0051 0.0013 
    Largest link dim during sweep 39/87 was 79
    Largest truncation error: 7.16306e-09
    Energy after sweep 39/87 is -94.888214079459
    Sweep 39/87 CPU time = 26.02s (Wall time = 3.327s)

    vN Entropy at center bond b=75 = 0.911549036777
    Eigs at center bond b=75: 0.7002 0.2088 0.0498 0.0179 0.0151 0.0051 0.0013 
    Largest link dim during sweep 40/87 was 82
    Largest truncation error: 7.21376e-09
    Energy after sweep 40/87 is -94.888221050473
    Sweep 40/87 CPU time = 29.09s (Wall time = 3.735s)

    vN Entropy at center bond b=75 = 0.914180767509
    Eigs at center bond b=75: 0.6995 0.2086 0.0503 0.0179 0.0153 0.0051 0.0013 
    Largest link dim during sweep 41/87 was 84
    Largest truncation error: 7.16787e-09
    Energy after sweep 41/87 is -94.888223887987
    Sweep 41/87 CPU time = 30.76s (Wall time = 3.953s)

    vN Entropy at center bond b=75 = 0.915700816982
    Eigs at center bond b=75: 0.6991 0.2085 0.0507 0.0179 0.0154 0.0051 0.0013 
    Largest link dim during sweep 42/87 was 85
    Largest truncation error: 7.16904e-09
    Energy after sweep 42/87 is -94.888225075777
    Sweep 42/87 CPU time = 32.59s (Wall time = 4.174s)

    vN Entropy at center bond b=75 = 0.916608381940
    Eigs at center bond b=75: 0.6989 0.2085 0.0508 0.0179 0.0155 0.0051 0.0013 
    Largest link dim during sweep 43/87 was 85
    Largest truncation error: 7.16978e-09
    Energy after sweep 43/87 is -94.888225641600
    Sweep 43/87 CPU time = 32.79s (Wall time = 4.195s)

    vN Entropy at center bond b=75 = 0.917200756842
    Eigs at center bond b=75: 0.6988 0.2084 0.0510 0.0179 0.0155 0.0051 0.0013 
    Largest link dim during sweep 44/87 was 85
    Largest truncation error: 7.17027e-09
    Energy after sweep 44/87 is -94.888225956508
    Sweep 44/87 CPU time = 32.64s (Wall time = 4.187s)

    vN Entropy at center bond b=75 = 0.917613333730
    Eigs at center bond b=75: 0.6987 0.2084 0.0510 0.0179 0.0155 0.0051 0.0013 
    Largest link dim during sweep 45/87 was 85
    Largest truncation error: 7.17061e-09
    Energy after sweep 45/87 is -94.888226141324
    Sweep 45/87 CPU time = 32.62s (Wall time = 4.195s)

    vN Entropy at center bond b=75 = 0.917915256574
    Eigs at center bond b=75: 0.6986 0.2084 0.0511 0.0179 0.0155 0.0051 0.0013 
    Largest link dim during sweep 46/87 was 85
    Largest truncation error: 7.17084e-09
    Energy after sweep 46/87 is -94.888226273689
    Sweep 46/87 CPU time = 32.75s (Wall time = 4.192s)

    vN Entropy at center bond b=75 = 0.918145327861
    Eigs at center bond b=75: 0.6985 0.2084 0.0511 0.0179 0.0156 0.0051 0.0014 
    Largest link dim during sweep 47/87 was 85
    Largest truncation error: 7.171e-09
    Energy after sweep 47/87 is -94.888226367384
    Sweep 47/87 CPU time = 33.88s (Wall time = 4.342s)

    vN Entropy at center bond b=75 = 0.918325182340
    Eigs at center bond b=75: 0.6985 0.2084 0.0512 0.0179 0.0156 0.0051 0.0014 
    Largest link dim during sweep 48/87 was 85
    Largest truncation error: 7.17112e-09
    Energy after sweep 48/87 is -94.888226450154
    Sweep 48/87 CPU time = 34.40s (Wall time = 4.403s)

    vN Entropy at center bond b=75 = 0.918468346050
    Eigs at center bond b=75: 0.6985 0.2084 0.0512 0.0179 0.0156 0.0051 0.0014 
    Largest link dim during sweep 49/87 was 86
    Largest truncation error: 7.1712e-09
    Energy after sweep 49/87 is -94.888226490259
    Sweep 49/87 CPU time = 34.87s (Wall time = 4.464s)

    vN Entropy at center bond b=75 = 0.918581972476
    Eigs at center bond b=75: 0.6984 0.2084 0.0512 0.0179 0.0156 0.0051 0.0014 
    Largest link dim during sweep 50/87 was 86
    Largest truncation error: 7.17126e-09
    Energy after sweep 50/87 is -94.888226548088
    Sweep 50/87 CPU time = 34.79s (Wall time = 4.452s)

    vN Entropy at center bond b=75 = 0.918673349498
    Eigs at center bond b=75: 0.6984 0.2084 0.0512 0.0179 0.0156 0.0051 0.0014 
    Largest link dim during sweep 51/87 was 86
    Largest truncation error: 7.17131e-09
    Energy after sweep 51/87 is -94.888226575855
    Sweep 51/87 CPU time = 34.81s (Wall time = 4.455s)

    vN Entropy at center bond b=75 = 0.918746478762
    Eigs at center bond b=75: 0.6984 0.2084 0.0512 0.0179 0.0156 0.0051 0.0014 
    Largest link dim during sweep 52/87 was 86
    Largest truncation error: 7.17134e-09
    Energy after sweep 52/87 is -94.888226595340
    Sweep 52/87 CPU time = 34.90s (Wall time = 4.464s)

    vN Entropy at center bond b=75 = 0.918806103595
    Eigs at center bond b=75: 0.6984 0.2083 0.0512 0.0179 0.0156 0.0051 0.0014 
    Largest link dim during sweep 53/87 was 86
    Largest truncation error: 7.17136e-09
    Energy after sweep 53/87 is -94.888226611796
    Sweep 53/87 CPU time = 35.12s (Wall time = 4.491s)

    vN Entropy at center bond b=75 = 0.918854274489
    Eigs at center bond b=75: 0.6984 0.2083 0.0513 0.0179 0.0156 0.0051 0.0014 
    Largest link dim during sweep 54/87 was 86
    Largest truncation error: 7.17138e-09
    Energy after sweep 54/87 is -94.888226636451
    Sweep 54/87 CPU time = 35.80s (Wall time = 4.587s)

    vN Entropy at center bond b=75 = 0.918893897450
    Eigs at center bond b=75: 0.6984 0.2083 0.0513 0.0179 0.0156 0.0051 0.0014 
    Largest link dim during sweep 55/87 was 86
    Largest truncation error: 7.17139e-09
    Energy after sweep 55/87 is -94.888226649309
    Sweep 55/87 CPU time = 35.63s (Wall time = 4.561s)

    vN Entropy at center bond b=75 = 0.918926451141
    Eigs at center bond b=75: 0.6984 0.2083 0.0513 0.0179 0.0156 0.0051 0.0014 
    Largest link dim during sweep 56/87 was 86
    Largest truncation error: 7.1714e-09
    Energy after sweep 56/87 is -94.888226650367
    Sweep 56/87 CPU time = 35.69s (Wall time = 4.569s)

    vN Entropy at center bond b=75 = 0.918952505058
    Eigs at center bond b=75: 0.6984 0.2083 0.0513 0.0179 0.0156 0.0051 0.0014 
    Largest link dim during sweep 57/87 was 86
    Largest truncation error: 7.17141e-09
    Energy after sweep 57/87 is -94.888226660560
    Sweep 57/87 CPU time = 35.55s (Wall time = 4.549s)

    vN Entropy at center bond b=75 = 0.918973726703
    Eigs at center bond b=75: 0.6984 0.2083 0.0513 0.0179 0.0156 0.0051 0.0014 
    Largest link dim during sweep 58/87 was 86
    Largest truncation error: 7.17141e-09
    Energy after sweep 58/87 is -94.888226664330
    Sweep 58/87 CPU time = 35.90s (Wall time = 4.600s)

    vN Entropy at center bond b=75 = 0.919283822910
    Eigs at center bond b=75: 0.6983 0.2083 0.0513 0.0179 0.0156 0.0051 0.0014 
    Largest link dim during sweep 59/87 was 159
    Largest truncation error: 7.21448e-11
    Energy after sweep 59/87 is -94.888232735916
    Sweep 59/87 CPU time = 1m, 39.4s (Wall time = 13.42s)

    vN Entropy at center bond b=75 = 0.919882541049
    Eigs at center bond b=75: 0.6982 0.2083 0.0514 0.0179 0.0156 0.0051 0.0014 
    Largest link dim during sweep 60/87 was 170
    Largest truncation error: 7.18166e-11
    Energy after sweep 60/87 is -94.888232976277
    Sweep 60/87 CPU time = 2m, 28.5s (Wall time = 20.54s)

    vN Entropy at center bond b=75 = 0.920286036491
    Eigs at center bond b=75: 0.6981 0.2083 0.0515 0.0179 0.0157 0.0051 0.0014 
    Largest link dim during sweep 61/87 was 173
    Largest truncation error: 7.17045e-11
    Energy after sweep 61/87 is -94.888233064273
    Sweep 61/87 CPU time = 2m, 37.3s (Wall time = 21.48s)

    vN Entropy at center bond b=75 = 0.920520490110
    Eigs at center bond b=75: 0.6980 0.2083 0.0515 0.0179 0.0157 0.0051 0.0014 
    Largest link dim during sweep 62/87 was 175
    Largest truncation error: 7.16868e-11
    Energy after sweep 62/87 is -94.888233099279
    Sweep 62/87 CPU time = 2m, 45.4s (Wall time = 22.86s)

    vN Entropy at center bond b=75 = 0.920647277413
    Eigs at center bond b=75: 0.6980 0.2083 0.0515 0.0179 0.0157 0.0051 0.0014 
    Largest link dim during sweep 63/87 was 176
    Largest truncation error: 7.16872e-11
    Energy after sweep 63/87 is -94.888233114005
    Sweep 63/87 CPU time = 2m, 54.5s (Wall time = 24.15s)

    vN Entropy at center bond b=75 = 0.920719859763
    Eigs at center bond b=75: 0.6980 0.2083 0.0515 0.0179 0.0157 0.0051 0.0014 
    Largest link dim during sweep 64/87 was 177
    Largest truncation error: 7.16906e-11
    Energy after sweep 64/87 is -94.888233120801
    Sweep 64/87 CPU time = 2m, 55.9s (Wall time = 24.30s)

    vN Entropy at center bond b=75 = 0.920765265299
    Eigs at center bond b=75: 0.6980 0.2083 0.0515 0.0179 0.0157 0.0051 0.0014 
    Largest link dim during sweep 65/87 was 178
    Largest truncation error: 7.16935e-11
    Energy after sweep 65/87 is -94.888233124634
    Sweep 65/87 CPU time = 3m, 3.8s (Wall time = 25.43s)

    vN Entropy at center bond b=75 = 0.920795756016
    Eigs at center bond b=75: 0.6980 0.2083 0.0515 0.0179 0.0157 0.0051 0.0014 
    Largest link dim during sweep 66/87 was 178
    Largest truncation error: 7.1696e-11
    Energy after sweep 66/87 is -94.888233126976
    Sweep 66/87 CPU time = 3m, 2.6s (Wall time = 25.19s)

    vN Entropy at center bond b=75 = 0.920817343336
    Eigs at center bond b=75: 0.6980 0.2083 0.0515 0.0179 0.0157 0.0051 0.0014 
    Largest link dim during sweep 67/87 was 178
    Largest truncation error: 7.16976e-11
    Energy after sweep 67/87 is -94.888233128455
    Sweep 67/87 CPU time = 3m, 5.4s (Wall time = 25.45s)

    vN Entropy at center bond b=75 = 0.920833149724
    Eigs at center bond b=75: 0.6980 0.2083 0.0515 0.0179 0.0157 0.0051 0.0014 
    Largest link dim during sweep 68/87 was 178
    Largest truncation error: 7.1699e-11
    Energy after sweep 68/87 is -94.888233129556
    Sweep 68/87 CPU time = 3m, 5.0s (Wall time = 25.69s)

    vN Entropy at center bond b=75 = 0.920844957671
    Eigs at center bond b=75: 0.6980 0.2083 0.0515 0.0179 0.0157 0.0051 0.0014 
    Largest link dim during sweep 69/87 was 178
    Largest truncation error: 7.16998e-11
    Energy after sweep 69/87 is -94.888233130193
    Sweep 69/87 CPU time = 3m, 9.6s (Wall time = 26.19s)

    vN Entropy at center bond b=75 = 0.920853886730
    Eigs at center bond b=75: 0.6980 0.2083 0.0515 0.0179 0.0157 0.0051 0.0014 
    Largest link dim during sweep 70/87 was 179
    Largest truncation error: 7.17003e-11
    Energy after sweep 70/87 is -94.888233130883
    Sweep 70/87 CPU time = 3m, 8.5s (Wall time = 26.04s)

    vN Entropy at center bond b=75 = 0.920860783395
    Eigs at center bond b=75: 0.6980 0.2083 0.0515 0.0179 0.0157 0.0051 0.0014 
    Largest link dim during sweep 71/87 was 179
    Largest truncation error: 7.17009e-11
    Energy after sweep 71/87 is -94.888233131504
    Sweep 71/87 CPU time = 3m, 8.5s (Wall time = 26.03s)

    vN Entropy at center bond b=75 = 0.920866119289
    Eigs at center bond b=75: 0.6980 0.2083 0.0515 0.0179 0.0157 0.0051 0.0014 
    Largest link dim during sweep 72/87 was 179
    Largest truncation error: 7.17011e-11
    Energy after sweep 72/87 is -94.888233131743
    Sweep 72/87 CPU time = 3m, 8.4s (Wall time = 26.09s)

    vN Entropy at center bond b=75 = 0.920870258255
    Eigs at center bond b=75: 0.6980 0.2083 0.0515 0.0179 0.0157 0.0051 0.0014 
    Largest link dim during sweep 73/87 was 179
    Largest truncation error: 7.17012e-11
    Energy after sweep 73/87 is -94.888233132085
    Sweep 73/87 CPU time = 3m, 6.8s (Wall time = 25.80s)

    vN Entropy at center bond b=75 = 0.920873537611
    Eigs at center bond b=75: 0.6980 0.2083 0.0515 0.0179 0.0157 0.0051 0.0014 
    Largest link dim during sweep 74/87 was 179
    Largest truncation error: 7.17013e-11
    Energy after sweep 74/87 is -94.888233132272
    Sweep 74/87 CPU time = 3m, 7.0s (Wall time = 25.46s)

    vN Entropy at center bond b=75 = 0.920879466982
    Eigs at center bond b=75: 0.6980 0.2083 0.0515 0.0179 0.0157 0.0051 0.0014 
    Largest link dim during sweep 75/87 was 323
    Largest truncation error: 7.32523e-13
    Energy after sweep 75/87 is -94.888233199965
    Sweep 75/87 CPU time = 6m, 10.7s (Wall time = 49.68s)

    vN Entropy at center bond b=75 = 0.920887554307
    Eigs at center bond b=75: 0.6980 0.2083 0.0516 0.0179 0.0157 0.0051 0.0014 
    Largest link dim during sweep 76/87 was 347
    Largest truncation error: 7.31776e-13
    Energy after sweep 76/87 is -94.888233201823
    Sweep 76/87 CPU time = 9m, 50.4s (Wall time = 1m, 17.8s)

    vN Entropy at center bond b=75 = 0.920894239249
    Eigs at center bond b=75: 0.6980 0.2083 0.0516 0.0179 0.0157 0.0051 0.0014 
    Largest link dim during sweep 77/87 was 345
    Largest truncation error: 7.31727e-13
    Energy after sweep 77/87 is -94.888233202558
    Sweep 77/87 CPU time = 9m, 23.1s (Wall time = 1m, 12.1s)

    vN Entropy at center bond b=75 = 0.920899712692
    Eigs at center bond b=75: 0.6980 0.2083 0.0516 0.0179 0.0157 0.0051 0.0014 
    Largest link dim during sweep 78/87 was 345
    Largest truncation error: 7.31774e-13
    Energy after sweep 78/87 is -94.888233203014
    Sweep 78/87 CPU time = 9m, 18.2s (Wall time = 1m, 11.4s)

    vN Entropy at center bond b=75 = 0.920904354943
    Eigs at center bond b=75: 0.6980 0.2083 0.0516 0.0179 0.0157 0.0051 0.0014 
    Largest link dim during sweep 79/87 was 345
    Largest truncation error: 7.31694e-13
    Energy after sweep 79/87 is -94.888233203333
    Sweep 79/87 CPU time = 9m, 16.1s (Wall time = 1m, 11.1s)

    vN Entropy at center bond b=75 = 0.920908341698
    Eigs at center bond b=75: 0.6980 0.2083 0.0516 0.0179 0.0157 0.0051 0.0014 
    Largest link dim during sweep 80/87 was 345
    Largest truncation error: 7.31805e-13
    Energy after sweep 80/87 is -94.888233203564
    Sweep 80/87 CPU time = 9m, 16.8s (Wall time = 1m, 11.1s)

    vN Entropy at center bond b=75 = 0.920911784883
    Eigs at center bond b=75: 0.6980 0.2083 0.0516 0.0179 0.0157 0.0051 0.0014 
    Largest link dim during sweep 81/87 was 344
    Largest truncation error: 7.31673e-13
    Energy after sweep 81/87 is -94.888233203742
    Sweep 81/87 CPU time = 9m, 16.8s (Wall time = 1m, 11.2s)

    vN Entropy at center bond b=75 = 0.920914768966
    Eigs at center bond b=75: 0.6980 0.2083 0.0516 0.0179 0.0157 0.0051 0.0014 
    Largest link dim during sweep 82/87 was 344
    Largest truncation error: 7.31843e-13
    Energy after sweep 82/87 is -94.888233203876
    Sweep 82/87 CPU time = 9m, 14.1s (Wall time = 1m, 10.8s)

    vN Entropy at center bond b=75 = 0.920917451040
    Eigs at center bond b=75: 0.6980 0.2083 0.0516 0.0179 0.0157 0.0051 0.0014 
    Largest link dim during sweep 83/87 was 320
    Largest truncation error: 7.18376e-13
    Energy after sweep 83/87 is -94.888233203762
    Sweep 83/87 CPU time = 7m, 21.3s (Wall time = 56.45s)

    vN Entropy at center bond b=75 = 0.920920153294
    Eigs at center bond b=75: 0.6980 0.2083 0.0516 0.0179 0.0157 0.0051 0.0014 
    Largest link dim during sweep 84/87 was 587
    Largest truncation error: 7.06787e-15
    Energy after sweep 84/87 is -94.888233204901
    Sweep 84/87 CPU time = 19m, 58s (Wall time = 2m, 42.3s)

    vN Entropy at center bond b=75 = 0.920923385098
    Eigs at center bond b=75: 0.6980 0.2083 0.0516 0.0179 0.0157 0.0051 0.0014 
    Largest link dim during sweep 85/87 was 618
    Largest truncation error: 7.06287e-15
    Energy after sweep 85/87 is -94.888233205046
    Sweep 85/87 CPU time = 36m, 9s (Wall time = 4m, 48.0s)

    vN Entropy at center bond b=75 = 0.920925616532
    Eigs at center bond b=75: 0.6980 0.2083 0.0516 0.0179 0.0157 0.0051 0.0014 
    Largest link dim during sweep 86/87 was 619
    Largest truncation error: 7.13444e-15
    Energy after sweep 86/87 is -94.888233205123
    Sweep 86/87 CPU time = 34m, 7s (Wall time = 4m, 31.1s)

    vN Entropy at center bond b=75 = 0.920927398079
    Eigs at center bond b=75: 0.6980 0.2083 0.0516 0.0179 0.0157 0.0051 0.0014 
    Largest link dim during sweep 87/87 was 689
    Largest truncation error: 7.22233e-15
    Energy after sweep 87/87 is -94.888233205175
    Sweep 87/87 CPU time = 34m, 28s (Wall time = 4m, 36.9s)
Initial energy = 13.23000

Ground State Energy = -94.8882332052
run_outputs/outputpsi/N_150_sweep_87_t_0.030000_J_1.000000_V_0.600000_D_0.018000_U_0.090000_mu_0.000000_E_0.000000 notconverge
Wall-clock time (s) = 5333.213269
