//////////////////////////
Reading input file ......

Got input.N = 90
Got input.t = 0.03
Got input.J = 1
Got input.V = 0.6
Got input.D = 0.018
Got input.U = 0.295
Got input.mu = 0
Got input.E = 0
Got input.nsweeps = 87
Sweeps:
1  MaxDim=20, MinDim=20, Cutoff=1.0E-06, Niter=8, Noise=1.0E-05
2  MaxDim=20, MinDim=20, Cutoff=1.0E-06, Niter=8, Noise=1.0E-05
3  MaxDim=20, MinDim=20, Cutoff=1.0E-06, Niter=8, Noise=1.0E-05
4  MaxDim=20, MinDim=20, Cutoff=1.0E-06, Niter=8, Noise=1.0E-05
5  MaxDim=20, MinDim=20, Cutoff=1.0E-06, Niter=8, Noise=1.0E-05
6  MaxDim=20, MinDim=20, Cutoff=1.0E-06, Niter=8, Noise=1.0E-05
7  MaxDim=20, MinDim=20, Cutoff=1.0E-06, Niter=8, Noise=1.0E-05
8  MaxDim=40, MinDim=20, Cutoff=1.0E-06, Niter=4, Noise=1.0E-05
9  MaxDim=40, MinDim=20, Cutoff=1.0E-06, Niter=4, Noise=1.0E-05
10  MaxDim=40, MinDim=20, Cutoff=1.0E-06, Niter=4, Noise=1.0E-05
11  MaxDim=40, MinDim=20, Cutoff=1.0E-06, Niter=4, Noise=1.0E-05
12  MaxDim=40, MinDim=20, Cutoff=1.0E-06, Niter=4, Noise=1.0E-05
13  MaxDim=40, MinDim=20, Cutoff=1.0E-06, Niter=4, Noise=1.0E-05
14  MaxDim=40, MinDim=20, Cutoff=1.0E-06, Niter=4, Noise=1.0E-05
15  MaxDim=80, MinDim=10, Cutoff=1.0E-06, Niter=4, Noise=1.0E-05
16  MaxDim=80, MinDim=10, Cutoff=1.0E-06, Niter=4, Noise=1.0E-05
17  MaxDim=80, MinDim=10, Cutoff=1.0E-06, Niter=4, Noise=1.0E-05
18  MaxDim=80, MinDim=10, Cutoff=1.0E-06, Niter=4, Noise=1.0E-05
19  MaxDim=80, MinDim=10, Cutoff=1.0E-06, Niter=4, Noise=1.0E-05
20  MaxDim=80, MinDim=10, Cutoff=1.0E-06, Niter=4, Noise=1.0E-05
21  MaxDim=80, MinDim=10, Cutoff=1.0E-06, Niter=4, Noise=1.0E-05
22  MaxDim=80, MinDim=10, Cutoff=1.0E-06, Niter=4, Noise=1.0E-05
23  MaxDim=80, MinDim=10, Cutoff=1.0E-06, Niter=4, Noise=1.0E-05
24  MaxDim=80, MinDim=10, Cutoff=1.0E-06, Niter=4, Noise=1.0E-05
25  MaxDim=80, MinDim=10, Cutoff=1.0E-06, Niter=4, Noise=1.0E-05
26  MaxDim=80, MinDim=10, Cutoff=1.0E-06, Niter=4, Noise=1.0E-05
27  MaxDim=80, MinDim=10, Cutoff=1.0E-06, Niter=4, Noise=1.0E-05
28  MaxDim=80, MinDim=10, Cutoff=1.0E-06, Niter=4, Noise=1.0E-05
29  MaxDim=80, MinDim=10, Cutoff=1.0E-06, Niter=4, Noise=1.0E-05
30  MaxDim=80, MinDim=10, Cutoff=1.0E-06, Niter=4, Noise=1.0E-05
31  MaxDim=80, MinDim=10, Cutoff=1.0E-06, Niter=4, Noise=1.0E-05
32  MaxDim=80, MinDim=10, Cutoff=1.0E-06, Niter=4, Noise=1.0E-05
33  MaxDim=80, MinDim=10, Cutoff=1.0E-06, Niter=4, Noise=1.0E-05
34  MaxDim=80, MinDim=10, Cutoff=1.0E-06, Niter=4, Noise=1.0E-05
35  MaxDim=80, MinDim=10, Cutoff=1.0E-06, Niter=4, Noise=1.0E-05
36  MaxDim=80, MinDim=10, Cutoff=1.0E-06, Niter=4, Noise=1.0E-05
37  MaxDim=160, MinDim=10, Cutoff=1.0E-08, Niter=4, Noise=1.0E-06
38  MaxDim=160, MinDim=10, Cutoff=1.0E-08, Niter=4, Noise=1.0E-06
39  MaxDim=160, MinDim=10, Cutoff=1.0E-08, Niter=4, Noise=1.0E-06
40  MaxDim=160, MinDim=10, Cutoff=1.0E-08, Niter=4, Noise=1.0E-06
41  MaxDim=160, MinDim=10, Cutoff=1.0E-08, Niter=4, Noise=1.0E-06
42  MaxDim=160, MinDim=10, Cutoff=1.0E-08, Niter=4, Noise=1.0E-06
43  MaxDim=160, MinDim=10, Cutoff=1.0E-08, Niter=4, Noise=1.0E-06
44  MaxDim=160, MinDim=10, Cutoff=1.0E-08, Niter=4, Noise=1.0E-06
45  MaxDim=160, MinDim=10, Cutoff=1.0E-08, Niter=4, Noise=1.0E-06
46  MaxDim=160, MinDim=10, Cutoff=1.0E-08, Niter=4, Noise=1.0E-06
47  MaxDim=160, MinDim=10, Cutoff=1.0E-08, Niter=4, Noise=1.0E-06
48  MaxDim=160, MinDim=10, Cutoff=1.0E-08, Niter=4, Noise=1.0E-06
49  MaxDim=160, MinDim=10, Cutoff=1.0E-08, Niter=4, Noise=1.0E-06
50  MaxDim=160, MinDim=10, Cutoff=1.0E-08, Niter=4, Noise=1.0E-06
51  MaxDim=160, MinDim=10, Cutoff=1.0E-08, Niter=4, Noise=1.0E-06
52  MaxDim=160, MinDim=10, Cutoff=1.0E-08, Niter=4, Noise=1.0E-06
53  MaxDim=160, MinDim=10, Cutoff=1.0E-08, Niter=4, Noise=1.0E-06
54  MaxDim=160, MinDim=10, Cutoff=1.0E-08, Niter=4, Noise=1.0E-06
55  MaxDim=160, MinDim=10, Cutoff=1.0E-08, Niter=4, Noise=1.0E-06
56  MaxDim=160, MinDim=10, Cutoff=1.0E-08, Niter=4, Noise=1.0E-06
57  MaxDim=160, MinDim=10, Cutoff=1.0E-08, Niter=4, Noise=1.0E-06
58  MaxDim=160, MinDim=10, Cutoff=1.0E-08, Niter=4, Noise=1.0E-06
59  MaxDim=320, MinDim=10, Cutoff=1.0E-10, Niter=4, Noise=1.0E-07
60  MaxDim=320, MinDim=10, Cutoff=1.0E-10, Niter=4, Noise=1.0E-07
61  MaxDim=320, MinDim=10, Cutoff=1.0E-10, Niter=4, Noise=1.0E-07
62  MaxDim=320, MinDim=10, Cutoff=1.0E-10, Niter=4, Noise=1.0E-07
63  MaxDim=320, MinDim=10, Cutoff=1.0E-10, Niter=4, Noise=1.0E-07
64  MaxDim=320, MinDim=10, Cutoff=1.0E-10, Niter=4, Noise=1.0E-07
65  MaxDim=320, MinDim=10, Cutoff=1.0E-10, Niter=4, Noise=1.0E-07
66  MaxDim=320, MinDim=10, Cutoff=1.0E-10, Niter=4, Noise=1.0E-07
67  MaxDim=320, MinDim=10, Cutoff=1.0E-10, Niter=4, Noise=1.0E-07
68  MaxDim=320, MinDim=10, Cutoff=1.0E-10, Niter=4, Noise=1.0E-07
69  MaxDim=320, MinDim=10, Cutoff=1.0E-10, Niter=4, Noise=1.0E-07
70  MaxDim=320, MinDim=10, Cutoff=1.0E-10, Niter=4, Noise=1.0E-07
71  MaxDim=320, MinDim=10, Cutoff=1.0E-10, Niter=4, Noise=1.0E-07
72  MaxDim=320, MinDim=10, Cutoff=1.0E-10, Niter=4, Noise=1.0E-07
73  MaxDim=320, MinDim=10, Cutoff=1.0E-10, Niter=4, Noise=1.0E-07
74  MaxDim=320, MinDim=10, Cutoff=1.0E-10, Niter=4, Noise=1.0E-07
75  MaxDim=640, MinDim=10, Cutoff=1.0E-12, Niter=2, Noise=1.0E-08
76  MaxDim=640, MinDim=10, Cutoff=1.0E-12, Niter=2, Noise=1.0E-08
77  MaxDim=640, MinDim=10, Cutoff=1.0E-12, Niter=2, Noise=1.0E-08
78  MaxDim=640, MinDim=10, Cutoff=1.0E-12, Niter=2, Noise=1.0E-08
79  MaxDim=640, MinDim=10, Cutoff=1.0E-12, Niter=2, Noise=1.0E-08
80  MaxDim=640, MinDim=10, Cutoff=1.0E-12, Niter=2, Noise=1.0E-08
81  MaxDim=640, MinDim=10, Cutoff=1.0E-12, Niter=2, Noise=1.0E-08
82  MaxDim=640, MinDim=10, Cutoff=1.0E-12, Niter=2, Noise=1.0E-08
83  MaxDim=1280, MinDim=10, Cutoff=1.0E-12, Niter=2, Noise=0.0E+00
84  MaxDim=1280, MinDim=10, Cutoff=1.0E-14, Niter=2, Noise=0.0E+00
85  MaxDim=1280, MinDim=10, Cutoff=1.0E-14, Niter=2, Noise=0.0E+00
86  MaxDim=1280, MinDim=10, Cutoff=1.0E-14, Niter=2, Noise=0.0E+00
87  MaxDim=1280, MinDim=10, Cutoff=1.0E-14, Niter=2, Noise=0.0E+00


    vN Entropy at center bond b=45 = 0.653885754242
    Eigs at center bond b=45: 0.7591 0.2157 0.0185 0.0050 
    Largest link dim during sweep 1/87 was 20
    Largest truncation error: 5.07811e-06
    Energy after sweep 1/87 is -54.449210522367
    Sweep 1/87 CPU time = 2.539s (Wall time = 0.334s)

    vN Entropy at center bond b=45 = 0.676565202014
    Eigs at center bond b=45: 0.7516 0.2189 0.0213 0.0059 0.0011 
    Largest link dim during sweep 2/87 was 20
    Largest truncation error: 1.62938e-06
    Energy after sweep 2/87 is -54.451523400453
    Sweep 2/87 CPU time = 3.528s (Wall time = 0.451s)

    vN Entropy at center bond b=45 = 0.676636712744
    Eigs at center bond b=45: 0.7516 0.2189 0.0213 0.0059 0.0011 
    Largest link dim during sweep 3/87 was 20
    Largest truncation error: 1.62789e-06
    Energy after sweep 3/87 is -54.451525513568
    Sweep 3/87 CPU time = 3.520s (Wall time = 0.452s)

    vN Entropy at center bond b=45 = 0.676637737229
    Eigs at center bond b=45: 0.7516 0.2189 0.0213 0.0059 0.0011 
    Largest link dim during sweep 4/87 was 20
    Largest truncation error: 1.62803e-06
    Energy after sweep 4/87 is -54.451525570757
    Sweep 4/87 CPU time = 3.513s (Wall time = 0.450s)

    vN Entropy at center bond b=45 = 0.676637767774
    Eigs at center bond b=45: 0.7516 0.2189 0.0213 0.0059 0.0011 
    Largest link dim during sweep 5/87 was 20
    Largest truncation error: 1.62805e-06
    Energy after sweep 5/87 is -54.451525576683
    Sweep 5/87 CPU time = 3.567s (Wall time = 0.454s)

    vN Entropy at center bond b=45 = 0.676637769196
    Eigs at center bond b=45: 0.7516 0.2189 0.0213 0.0059 0.0011 
    Largest link dim during sweep 6/87 was 20
    Largest truncation error: 1.62805e-06
    Energy after sweep 6/87 is -54.451525577350
    Sweep 6/87 CPU time = 3.541s (Wall time = 0.453s)

    vN Entropy at center bond b=45 = 0.676637769272
    Eigs at center bond b=45: 0.7516 0.2189 0.0213 0.0059 0.0011 
    Largest link dim during sweep 7/87 was 20
    Largest truncation error: 1.62805e-06
    Energy after sweep 7/87 is -54.451525577426
    Sweep 7/87 CPU time = 3.532s (Wall time = 0.452s)

    vN Entropy at center bond b=45 = 0.676759366295
    Eigs at center bond b=45: 0.7516 0.2189 0.0213 0.0059 0.0011 
    Largest link dim during sweep 8/87 was 24
    Largest truncation error: 7.52845e-07
    Energy after sweep 8/87 is -54.451692732115
    Sweep 8/87 CPU time = 2.016s (Wall time = 0.260s)

    vN Entropy at center bond b=45 = 0.676773466130
    Eigs at center bond b=45: 0.7516 0.2189 0.0213 0.0059 0.0011 
    Largest link dim during sweep 9/87 was 24
    Largest truncation error: 7.57472e-07
    Energy after sweep 9/87 is -54.451693803033
    Sweep 9/87 CPU time = 2.056s (Wall time = 0.264s)

    vN Entropy at center bond b=45 = 0.676774154117
    Eigs at center bond b=45: 0.7516 0.2189 0.0213 0.0059 0.0011 
    Largest link dim during sweep 10/87 was 24
    Largest truncation error: 7.57684e-07
    Energy after sweep 10/87 is -54.451693782935
    Sweep 10/87 CPU time = 2.059s (Wall time = 0.263s)

    vN Entropy at center bond b=45 = 0.676774213934
    Eigs at center bond b=45: 0.7516 0.2189 0.0213 0.0059 0.0011 
    Largest link dim during sweep 11/87 was 24
    Largest truncation error: 7.57707e-07
    Energy after sweep 11/87 is -54.451693783648
    Sweep 11/87 CPU time = 2.043s (Wall time = 0.263s)

    vN Entropy at center bond b=45 = 0.676774220706
    Eigs at center bond b=45: 0.7516 0.2189 0.0213 0.0059 0.0011 
    Largest link dim during sweep 12/87 was 24
    Largest truncation error: 7.5771e-07
    Energy after sweep 12/87 is -54.451693784353
    Sweep 12/87 CPU time = 2.077s (Wall time = 0.265s)

    vN Entropy at center bond b=45 = 0.676774221567
    Eigs at center bond b=45: 0.7516 0.2189 0.0213 0.0059 0.0011 
    Largest link dim during sweep 13/87 was 24
    Largest truncation error: 7.5771e-07
    Energy after sweep 13/87 is -54.451693784630
    Sweep 13/87 CPU time = 2.058s (Wall time = 0.265s)

    vN Entropy at center bond b=45 = 0.676774221681
    Eigs at center bond b=45: 0.7516 0.2189 0.0213 0.0059 0.0011 
    Largest link dim during sweep 14/87 was 24
    Largest truncation error: 7.5771e-07
    Energy after sweep 14/87 is -54.451693784731
    Sweep 14/87 CPU time = 2.066s (Wall time = 0.264s)

    vN Entropy at center bond b=45 = 0.676700977231
    Eigs at center bond b=45: 0.7516 0.2189 0.0213 0.0059 0.0011 
    Largest link dim during sweep 15/87 was 24
    Largest truncation error: 7.48106e-07
    Energy after sweep 15/87 is -54.451680896229
    Sweep 15/87 CPU time = 2.022s (Wall time = 0.260s)

    vN Entropy at center bond b=45 = 0.676700191106
    Eigs at center bond b=45: 0.7516 0.2189 0.0213 0.0059 0.0011 
    Largest link dim during sweep 16/87 was 24
    Largest truncation error: 7.48379e-07
    Energy after sweep 16/87 is -54.451680846739
    Sweep 16/87 CPU time = 2.011s (Wall time = 0.258s)

    vN Entropy at center bond b=45 = 0.676700155606
    Eigs at center bond b=45: 0.7516 0.2189 0.0213 0.0059 0.0011 
    Largest link dim during sweep 17/87 was 24
    Largest truncation error: 7.48381e-07
    Energy after sweep 17/87 is -54.451680834425
    Sweep 17/87 CPU time = 2.033s (Wall time = 0.260s)

    vN Entropy at center bond b=45 = 0.676700149737
    Eigs at center bond b=45: 0.7516 0.2189 0.0213 0.0059 0.0011 
    Largest link dim during sweep 18/87 was 24
    Largest truncation error: 7.48375e-07
    Energy after sweep 18/87 is -54.451680831149
    Sweep 18/87 CPU time = 2.029s (Wall time = 0.259s)

    vN Entropy at center bond b=45 = 0.676700148842
    Eigs at center bond b=45: 0.7516 0.2189 0.0213 0.0059 0.0011 
    Largest link dim during sweep 19/87 was 24
    Largest truncation error: 7.48372e-07
    Energy after sweep 19/87 is -54.451680830203
    Sweep 19/87 CPU time = 2.007s (Wall time = 0.257s)

    vN Entropy at center bond b=45 = 0.676700148714
    Eigs at center bond b=45: 0.7516 0.2189 0.0213 0.0059 0.0011 
    Largest link dim during sweep 20/87 was 24
    Largest truncation error: 7.48371e-07
    Energy after sweep 20/87 is -54.451680829906
    Sweep 20/87 CPU time = 2.016s (Wall time = 0.258s)

    vN Entropy at center bond b=45 = 0.676700148696
    Eigs at center bond b=45: 0.7516 0.2189 0.0213 0.0059 0.0011 
    Largest link dim during sweep 21/87 was 24
    Largest truncation error: 7.4837e-07
    Energy after sweep 21/87 is -54.451680829806
    Sweep 21/87 CPU time = 1.999s (Wall time = 0.257s)

    vN Entropy at center bond b=45 = 0.676700148694
    Eigs at center bond b=45: 0.7516 0.2189 0.0213 0.0059 0.0011 
    Largest link dim during sweep 22/87 was 24
    Largest truncation error: 7.4837e-07
    Energy after sweep 22/87 is -54.451680829770
    Sweep 22/87 CPU time = 2.028s (Wall time = 0.258s)

    vN Entropy at center bond b=45 = 0.676700148694
    Eigs at center bond b=45: 0.7516 0.2189 0.0213 0.0059 0.0011 
    Largest link dim during sweep 23/87 was 24
    Largest truncation error: 7.4837e-07
    Energy after sweep 23/87 is -54.451680829757
    Sweep 23/87 CPU time = 2.004s (Wall time = 0.258s)

    vN Entropy at center bond b=45 = 0.676700148694
    Eigs at center bond b=45: 0.7516 0.2189 0.0213 0.0059 0.0011 
    Largest link dim during sweep 24/87 was 24
    Largest truncation error: 7.4837e-07
    Energy after sweep 24/87 is -54.451680829752
    Sweep 24/87 CPU time = 2.001s (Wall time = 0.257s)

    vN Entropy at center bond b=45 = 0.676700148694
    Eigs at center bond b=45: 0.7516 0.2189 0.0213 0.0059 0.0011 
    Largest link dim during sweep 25/87 was 24
    Largest truncation error: 7.4837e-07
    Energy after sweep 25/87 is -54.451680829750
    Sweep 25/87 CPU time = 2.003s (Wall time = 0.258s)

    vN Entropy at center bond b=45 = 0.676700148694
    Eigs at center bond b=45: 0.7516 0.2189 0.0213 0.0059 0.0011 
    Largest link dim during sweep 26/87 was 24
    Largest truncation error: 7.4837e-07
    Energy after sweep 26/87 is -54.451680829750
    Sweep 26/87 CPU time = 2.023s (Wall time = 0.258s)

    vN Entropy at center bond b=45 = 0.676700148694
    Eigs at center bond b=45: 0.7516 0.2189 0.0213 0.0059 0.0011 
    Largest link dim during sweep 27/87 was 24
    Largest truncation error: 7.4837e-07
    Energy after sweep 27/87 is -54.451680829750
    Sweep 27/87 CPU time = 2.031s (Wall time = 0.258s)

    vN Entropy at center bond b=45 = 0.676700148694
    Eigs at center bond b=45: 0.7516 0.2189 0.0213 0.0059 0.0011 
    Largest link dim during sweep 28/87 was 24
    Largest truncation error: 7.4837e-07
    Energy after sweep 28/87 is -54.451680829750
    Sweep 28/87 CPU time = 2.040s (Wall time = 0.260s)

    vN Entropy at center bond b=45 = 0.676700148694
    Eigs at center bond b=45: 0.7516 0.2189 0.0213 0.0059 0.0011 
    Largest link dim during sweep 29/87 was 24
    Largest truncation error: 7.4837e-07
    Energy after sweep 29/87 is -54.451680829750
    Sweep 29/87 CPU time = 2.008s (Wall time = 0.257s)

    vN Entropy at center bond b=45 = 0.676700148694
    Eigs at center bond b=45: 0.7516 0.2189 0.0213 0.0059 0.0011 
    Largest link dim during sweep 30/87 was 24
    Largest truncation error: 7.4837e-07
    Energy after sweep 30/87 is -54.451680829750
    Sweep 30/87 CPU time = 2.011s (Wall time = 0.258s)

    vN Entropy at center bond b=45 = 0.676700148694
    Eigs at center bond b=45: 0.7516 0.2189 0.0213 0.0059 0.0011 
    Largest link dim during sweep 31/87 was 24
    Largest truncation error: 7.4837e-07
    Energy after sweep 31/87 is -54.451680829749
    Sweep 31/87 CPU time = 2.020s (Wall time = 0.258s)

    vN Entropy at center bond b=45 = 0.676700148694
    Eigs at center bond b=45: 0.7516 0.2189 0.0213 0.0059 0.0011 
    Largest link dim during sweep 32/87 was 24
    Largest truncation error: 7.4837e-07
    Energy after sweep 32/87 is -54.451680829750
    Sweep 32/87 CPU time = 2.013s (Wall time = 0.258s)

    vN Entropy at center bond b=45 = 0.676700148694
    Eigs at center bond b=45: 0.7516 0.2189 0.0213 0.0059 0.0011 
    Largest link dim during sweep 33/87 was 24
    Largest truncation error: 7.4837e-07
    Energy after sweep 33/87 is -54.451680829749
    Sweep 33/87 CPU time = 2.022s (Wall time = 0.258s)

    vN Entropy at center bond b=45 = 0.676700148694
    Eigs at center bond b=45: 0.7516 0.2189 0.0213 0.0059 0.0011 
    Largest link dim during sweep 34/87 was 24
    Largest truncation error: 7.4837e-07
    Energy after sweep 34/87 is -54.451680829750
    Sweep 34/87 CPU time = 2.019s (Wall time = 0.257s)

    vN Entropy at center bond b=45 = 0.676700148694
    Eigs at center bond b=45: 0.7516 0.2189 0.0213 0.0059 0.0011 
    Largest link dim during sweep 35/87 was 24
    Largest truncation error: 7.4837e-07
    Energy after sweep 35/87 is -54.451680829750
    Sweep 35/87 CPU time = 2.015s (Wall time = 0.258s)

    vN Entropy at center bond b=45 = 0.676700148694
    Eigs at center bond b=45: 0.7516 0.2189 0.0213 0.0059 0.0011 
    Largest link dim during sweep 36/87 was 24
    Largest truncation error: 7.4837e-07
    Energy after sweep 36/87 is -54.451680829750
    Sweep 36/87 CPU time = 2.036s (Wall time = 0.259s)

    vN Entropy at center bond b=45 = 0.677245359250
    Eigs at center bond b=45: 0.7515 0.2190 0.0213 0.0059 0.0011 
    Largest link dim during sweep 37/87 was 46
    Largest truncation error: 7.61197e-09
    Energy after sweep 37/87 is -54.451970500593
    Sweep 37/87 CPU time = 4.261s (Wall time = 0.547s)

    vN Entropy at center bond b=45 = 0.677293850879
    Eigs at center bond b=45: 0.7515 0.2190 0.0213 0.0059 0.0011 
    Largest link dim during sweep 38/87 was 48
    Largest truncation error: 7.49731e-09
    Energy after sweep 38/87 is -54.451971350247
    Sweep 38/87 CPU time = 5.668s (Wall time = 0.723s)

    vN Entropy at center bond b=45 = 0.677296538701
    Eigs at center bond b=45: 0.7515 0.2190 0.0213 0.0059 0.0011 
    Largest link dim during sweep 39/87 was 48
    Largest truncation error: 7.50942e-09
    Energy after sweep 39/87 is -54.451971347193
    Sweep 39/87 CPU time = 5.734s (Wall time = 0.735s)

    vN Entropy at center bond b=45 = 0.677296648108
    Eigs at center bond b=45: 0.7515 0.2190 0.0213 0.0059 0.0011 
    Largest link dim during sweep 40/87 was 49
    Largest truncation error: 7.45426e-09
    Energy after sweep 40/87 is -54.451971370857
    Sweep 40/87 CPU time = 5.755s (Wall time = 0.736s)

    vN Entropy at center bond b=45 = 0.677296659496
    Eigs at center bond b=45: 0.7515 0.2190 0.0213 0.0059 0.0011 
    Largest link dim during sweep 41/87 was 49
    Largest truncation error: 7.4547e-09
    Energy after sweep 41/87 is -54.451971367780
    Sweep 41/87 CPU time = 5.761s (Wall time = 0.743s)

    vN Entropy at center bond b=45 = 0.677296661060
    Eigs at center bond b=45: 0.7515 0.2190 0.0213 0.0059 0.0011 
    Largest link dim during sweep 42/87 was 49
    Largest truncation error: 7.45476e-09
    Energy after sweep 42/87 is -54.451971367973
    Sweep 42/87 CPU time = 5.731s (Wall time = 0.736s)

    vN Entropy at center bond b=45 = 0.677296661142
    Eigs at center bond b=45: 0.7515 0.2190 0.0213 0.0059 0.0011 
    Largest link dim during sweep 43/87 was 49
    Largest truncation error: 7.45477e-09
    Energy after sweep 43/87 is -54.451971368034
    Sweep 43/87 CPU time = 5.752s (Wall time = 0.735s)

    vN Entropy at center bond b=45 = 0.677296661091
    Eigs at center bond b=45: 0.7515 0.2190 0.0213 0.0059 0.0011 
    Largest link dim during sweep 44/87 was 49
    Largest truncation error: 7.45477e-09
    Energy after sweep 44/87 is -54.451971368050
    Sweep 44/87 CPU time = 5.735s (Wall time = 0.736s)

    vN Entropy at center bond b=45 = 0.677296661062
    Eigs at center bond b=45: 0.7515 0.2190 0.0213 0.0059 0.0011 
    Largest link dim during sweep 45/87 was 49
    Largest truncation error: 7.45477e-09
    Energy after sweep 45/87 is -54.451971368054
    Sweep 45/87 CPU time = 5.770s (Wall time = 0.742s)

    vN Entropy at center bond b=45 = 0.677296661052
    Eigs at center bond b=45: 0.7515 0.2190 0.0213 0.0059 0.0011 
    Largest link dim during sweep 46/87 was 49
    Largest truncation error: 7.45477e-09
    Energy after sweep 46/87 is -54.451971368055
    Sweep 46/87 CPU time = 5.739s (Wall time = 0.737s)

    vN Entropy at center bond b=45 = 0.677296661048
    Eigs at center bond b=45: 0.7515 0.2190 0.0213 0.0059 0.0011 
    Largest link dim during sweep 47/87 was 49
    Largest truncation error: 7.45477e-09
    Energy after sweep 47/87 is -54.451971368056
    Sweep 47/87 CPU time = 5.746s (Wall time = 0.736s)

    vN Entropy at center bond b=45 = 0.677296661047
    Eigs at center bond b=45: 0.7515 0.2190 0.0213 0.0059 0.0011 
    Largest link dim during sweep 48/87 was 49
    Largest truncation error: 7.45477e-09
    Energy after sweep 48/87 is -54.451971368056
    Sweep 48/87 CPU time = 5.697s (Wall time = 0.735s)

    vN Entropy at center bond b=45 = 0.677296661047
    Eigs at center bond b=45: 0.7515 0.2190 0.0213 0.0059 0.0011 
    Largest link dim during sweep 49/87 was 49
    Largest truncation error: 7.45477e-09
    Energy after sweep 49/87 is -54.451971368055
    Sweep 49/87 CPU time = 5.668s (Wall time = 0.725s)

    vN Entropy at center bond b=45 = 0.677296661047
    Eigs at center bond b=45: 0.7515 0.2190 0.0213 0.0059 0.0011 
    Largest link dim during sweep 50/87 was 49
    Largest truncation error: 7.45477e-09
    Energy after sweep 50/87 is -54.451971368056
    Sweep 50/87 CPU time = 5.742s (Wall time = 0.736s)

    vN Entropy at center bond b=45 = 0.677296661047
    Eigs at center bond b=45: 0.7515 0.2190 0.0213 0.0059 0.0011 
    Largest link dim during sweep 51/87 was 49
    Largest truncation error: 7.45477e-09
    Energy after sweep 51/87 is -54.451971368056
    Sweep 51/87 CPU time = 5.749s (Wall time = 0.737s)

    vN Entropy at center bond b=45 = 0.677296661047
    Eigs at center bond b=45: 0.7515 0.2190 0.0213 0.0059 0.0011 
    Largest link dim during sweep 52/87 was 49
    Largest truncation error: 7.45477e-09
    Energy after sweep 52/87 is -54.451971368056
    Sweep 52/87 CPU time = 5.759s (Wall time = 0.736s)

    vN Entropy at center bond b=45 = 0.677296661047
    Eigs at center bond b=45: 0.7515 0.2190 0.0213 0.0059 0.0011 
    Largest link dim during sweep 53/87 was 49
    Largest truncation error: 7.45477e-09
    Energy after sweep 53/87 is -54.451971368056
    Sweep 53/87 CPU time = 5.778s (Wall time = 0.740s)

    vN Entropy at center bond b=45 = 0.677296661047
    Eigs at center bond b=45: 0.7515 0.2190 0.0213 0.0059 0.0011 
    Largest link dim during sweep 54/87 was 49
    Largest truncation error: 7.45477e-09
    Energy after sweep 54/87 is -54.451971368056
    Sweep 54/87 CPU time = 5.732s (Wall time = 0.741s)

    vN Entropy at center bond b=45 = 0.677296661047
    Eigs at center bond b=45: 0.7515 0.2190 0.0213 0.0059 0.0011 
    Largest link dim during sweep 55/87 was 49
    Largest truncation error: 7.45477e-09
    Energy after sweep 55/87 is -54.451971368056
    Sweep 55/87 CPU time = 5.757s (Wall time = 0.736s)

    vN Entropy at center bond b=45 = 0.677296661047
    Eigs at center bond b=45: 0.7515 0.2190 0.0213 0.0059 0.0011 
    Largest link dim during sweep 56/87 was 49
    Largest truncation error: 7.45477e-09
    Energy after sweep 56/87 is -54.451971368056
    Sweep 56/87 CPU time = 5.767s (Wall time = 0.737s)

    vN Entropy at center bond b=45 = 0.677296661047
    Eigs at center bond b=45: 0.7515 0.2190 0.0213 0.0059 0.0011 
    Largest link dim during sweep 57/87 was 49
    Largest truncation error: 7.45477e-09
    Energy after sweep 57/87 is -54.451971368056
    Sweep 57/87 CPU time = 5.724s (Wall time = 0.735s)

    vN Entropy at center bond b=45 = 0.677296661047
    Eigs at center bond b=45: 0.7515 0.2190 0.0213 0.0059 0.0011 
    Largest link dim during sweep 58/87 was 49
    Largest truncation error: 7.45477e-09
    Energy after sweep 58/87 is -54.451971368056
    Sweep 58/87 CPU time = 5.726s (Wall time = 0.734s)

    vN Entropy at center bond b=45 = 0.677307156303
    Eigs at center bond b=45: 0.7514 0.2190 0.0213 0.0059 0.0011 
    Largest link dim during sweep 59/87 was 87
    Largest truncation error: 7.51429e-11
    Energy after sweep 59/87 is -54.451974788383
    Sweep 59/87 CPU time = 15.80s (Wall time = 2.031s)

    vN Entropy at center bond b=45 = 0.677308368275
    Eigs at center bond b=45: 0.7514 0.2190 0.0213 0.0059 0.0011 
    Largest link dim during sweep 60/87 was 89
    Largest truncation error: 7.56576e-11
    Energy after sweep 60/87 is -54.451974795956
    Sweep 60/87 CPU time = 20.61s (Wall time = 2.646s)

    vN Entropy at center bond b=45 = 0.677308412086
    Eigs at center bond b=45: 0.7514 0.2190 0.0213 0.0059 0.0011 
    Largest link dim during sweep 61/87 was 89
    Largest truncation error: 7.57861e-11
    Energy after sweep 61/87 is -54.451974796153
    Sweep 61/87 CPU time = 20.88s (Wall time = 2.680s)

    vN Entropy at center bond b=45 = 0.677308415696
    Eigs at center bond b=45: 0.7514 0.2190 0.0213 0.0059 0.0011 
    Largest link dim during sweep 62/87 was 89
    Largest truncation error: 7.58008e-11
    Energy after sweep 62/87 is -54.451974796128
    Sweep 62/87 CPU time = 21.34s (Wall time = 2.738s)

    vN Entropy at center bond b=45 = 0.677308416148
    Eigs at center bond b=45: 0.7514 0.2190 0.0213 0.0059 0.0011 
    Largest link dim during sweep 63/87 was 89
    Largest truncation error: 7.58036e-11
    Energy after sweep 63/87 is -54.451974796164
    Sweep 63/87 CPU time = 20.88s (Wall time = 2.683s)

    vN Entropy at center bond b=45 = 0.677308416215
    Eigs at center bond b=45: 0.7514 0.2190 0.0213 0.0059 0.0011 
    Largest link dim during sweep 64/87 was 89
    Largest truncation error: 7.58042e-11
    Energy after sweep 64/87 is -54.451974796164
    Sweep 64/87 CPU time = 20.91s (Wall time = 2.674s)

    vN Entropy at center bond b=45 = 0.677308416226
    Eigs at center bond b=45: 0.7514 0.2190 0.0213 0.0059 0.0011 
    Largest link dim during sweep 65/87 was 89
    Largest truncation error: 7.58042e-11
    Energy after sweep 65/87 is -54.451974796164
    Sweep 65/87 CPU time = 21.18s (Wall time = 2.715s)

    vN Entropy at center bond b=45 = 0.677308416228
    Eigs at center bond b=45: 0.7514 0.2190 0.0213 0.0059 0.0011 
    Largest link dim during sweep 66/87 was 89
    Largest truncation error: 7.58041e-11
    Energy after sweep 66/87 is -54.451974796165
    Sweep 66/87 CPU time = 21.27s (Wall time = 2.731s)

    vN Entropy at center bond b=45 = 0.677308416231
    Eigs at center bond b=45: 0.7514 0.2190 0.0213 0.0059 0.0011 
    Largest link dim during sweep 67/87 was 89
    Largest truncation error: 7.58045e-11
    Energy after sweep 67/87 is -54.451974796171
    Sweep 67/87 CPU time = 21.28s (Wall time = 2.720s)

    vN Entropy at center bond b=45 = 0.677308416231
    Eigs at center bond b=45: 0.7514 0.2190 0.0213 0.0059 0.0011 
    Largest link dim during sweep 68/87 was 89
    Largest truncation error: 7.58043e-11
    Energy after sweep 68/87 is -54.451974796172
    Sweep 68/87 CPU time = 21.19s (Wall time = 2.711s)

    vN Entropy at center bond b=45 = 0.677308416231
    Eigs at center bond b=45: 0.7514 0.2190 0.0213 0.0059 0.0011 
    Largest link dim during sweep 69/87 was 89
    Largest truncation error: 7.58041e-11
    Energy after sweep 69/87 is -54.451974796172
    Sweep 69/87 CPU time = 21.27s (Wall time = 2.721s)

    vN Entropy at center bond b=45 = 0.677308416231
    Eigs at center bond b=45: 0.7514 0.2190 0.0213 0.0059 0.0011 
    Largest link dim during sweep 70/87 was 89
    Largest truncation error: 7.5804e-11
    Energy after sweep 70/87 is -54.451974796172
    Sweep 70/87 CPU time = 21.20s (Wall time = 2.717s)

    vN Entropy at center bond b=45 = 0.677308416231
    Eigs at center bond b=45: 0.7514 0.2190 0.0213 0.0059 0.0011 
    Largest link dim during sweep 71/87 was 89
    Largest truncation error: 7.58044e-11
    Energy after sweep 71/87 is -54.451974796171
    Sweep 71/87 CPU time = 22.81s (Wall time = 2.963s)

    vN Entropy at center bond b=45 = 0.677308416231
    Eigs at center bond b=45: 0.7514 0.2190 0.0213 0.0059 0.0011 
    Largest link dim during sweep 72/87 was 89
    Largest truncation error: 7.58042e-11
    Energy after sweep 72/87 is -54.451974796172
    Sweep 72/87 CPU time = 21.17s (Wall time = 2.709s)

    vN Entropy at center bond b=45 = 0.677308416231
    Eigs at center bond b=45: 0.7514 0.2190 0.0213 0.0059 0.0011 
    Largest link dim during sweep 73/87 was 89
    Largest truncation error: 7.58043e-11
    Energy after sweep 73/87 is -54.451974796172
    Sweep 73/87 CPU time = 21.18s (Wall time = 2.713s)

    vN Entropy at center bond b=45 = 0.677308416231
    Eigs at center bond b=45: 0.7514 0.2190 0.0213 0.0059 0.0011 
    Largest link dim during sweep 74/87 was 89
    Largest truncation error: 7.58042e-11
    Energy after sweep 74/87 is -54.451974796172
    Sweep 74/87 CPU time = 21.22s (Wall time = 2.719s)

    vN Entropy at center bond b=45 = 0.677308234501
    Eigs at center bond b=45: 0.7514 0.2190 0.0213 0.0059 0.0011 
    Largest link dim during sweep 75/87 was 155
    Largest truncation error: 7.66121e-13
    Energy after sweep 75/87 is -54.451974837294
    Sweep 75/87 CPU time = 36.56s (Wall time = 4.807s)

    vN Entropy at center bond b=45 = 0.677308291273
    Eigs at center bond b=45: 0.7514 0.2190 0.0213 0.0059 0.0011 
    Largest link dim during sweep 76/87 was 157
    Largest truncation error: 7.51031e-13
    Energy after sweep 76/87 is -54.451974837381
    Sweep 76/87 CPU time = 46.50s (Wall time = 6.167s)

    vN Entropy at center bond b=45 = 0.677308294542
    Eigs at center bond b=45: 0.7514 0.2190 0.0213 0.0059 0.0011 
    Largest link dim during sweep 77/87 was 157
    Largest truncation error: 7.51305e-13
    Energy after sweep 77/87 is -54.451974837387
    Sweep 77/87 CPU time = 45.51s (Wall time = 5.886s)

    vN Entropy at center bond b=45 = 0.677308295022
    Eigs at center bond b=45: 0.7514 0.2190 0.0213 0.0059 0.0011 
    Largest link dim during sweep 78/87 was 157
    Largest truncation error: 7.51052e-13
    Energy after sweep 78/87 is -54.451974837388
    Sweep 78/87 CPU time = 45.79s (Wall time = 5.949s)

    vN Entropy at center bond b=45 = 0.677308295133
    Eigs at center bond b=45: 0.7514 0.2190 0.0213 0.0059 0.0011 
    Largest link dim during sweep 79/87 was 157
    Largest truncation error: 7.51175e-13
    Energy after sweep 79/87 is -54.451974837387
    Sweep 79/87 CPU time = 45.96s (Wall time = 5.973s)

    vN Entropy at center bond b=45 = 0.677308295174
    Eigs at center bond b=45: 0.7514 0.2190 0.0213 0.0059 0.0011 
    Largest link dim during sweep 80/87 was 157
    Largest truncation error: 7.51306e-13
    Energy after sweep 80/87 is -54.451974837388
    Sweep 80/87 CPU time = 45.67s (Wall time = 5.907s)

    vN Entropy at center bond b=45 = 0.677308295196
    Eigs at center bond b=45: 0.7514 0.2190 0.0213 0.0059 0.0011 
    Largest link dim during sweep 81/87 was 157
    Largest truncation error: 7.51705e-13
    Energy after sweep 81/87 is -54.451974837388
    Sweep 81/87 CPU time = 45.82s (Wall time = 5.848s)

    vN Entropy at center bond b=45 = 0.677308295208
    Eigs at center bond b=45: 0.7514 0.2190 0.0213 0.0059 0.0011 
    Largest link dim during sweep 82/87 was 157
    Largest truncation error: 7.51835e-13
    Energy after sweep 82/87 is -54.451974837388
    Sweep 82/87 CPU time = 46.02s (Wall time = 5.926s)

    vN Entropy at center bond b=45 = 0.677308241608
    Eigs at center bond b=45: 0.7514 0.2190 0.0213 0.0059 0.0011 
    Largest link dim during sweep 83/87 was 143
    Largest truncation error: 7.52136e-13
    Energy after sweep 83/87 is -54.451974837231
    Sweep 83/87 CPU time = 36.08s (Wall time = 4.645s)

    vN Entropy at center bond b=45 = 0.677308247927
    Eigs at center bond b=45: 0.7514 0.2190 0.0213 0.0059 0.0011 
    Largest link dim during sweep 84/87 was 242
    Largest truncation error: 7.64025e-15
    Energy after sweep 84/87 is -54.451974837887
    Sweep 84/87 CPU time = 1m, 32.7s (Wall time = 12.62s)

    vN Entropy at center bond b=45 = 0.677308249387
    Eigs at center bond b=45: 0.7514 0.2190 0.0213 0.0059 0.0011 
    Largest link dim during sweep 85/87 was 245
    Largest truncation error: 7.5787e-15
    Energy after sweep 85/87 is -54.451974837889
    Sweep 85/87 CPU time = 2m, 32.6s (Wall time = 20.34s)

    vN Entropy at center bond b=45 = 0.677308249463
    Eigs at center bond b=45: 0.7514 0.2190 0.0213 0.0059 0.0011 
    Largest link dim during sweep 86/87 was 244
    Largest truncation error: 7.58619e-15
    Energy after sweep 86/87 is -54.451974837888
    Sweep 86/87 CPU time = 2m, 33.4s (Wall time = 19.65s)

    vN Entropy at center bond b=45 = 0.677308249476
    Eigs at center bond b=45: 0.7514 0.2190 0.0213 0.0059 0.0011 
    Largest link dim during sweep 87/87 was 244
    Largest truncation error: 7.5635e-15
    Energy after sweep 87/87 is -54.451974837888
    Sweep 87/87 CPU time = 2m, 33.6s (Wall time = 19.73s)
Initial energy = 25.66500

Ground State Energy = -54.4519748379
run_outputs/outputpsi/N_90_sweep_87_t_0.030000_J_1.000000_V_0.600000_D_0.018000_U_0.295000_mu_0.000000_E_0.000000 converge
Wall-clock time (s) = 275.235230
