//////////////////////////
Reading input file ......

Got input.N = 300
Got input.t = 0.03
Got input.J = 1
Got input.V = 0.6
Got input.D = 0.018
Got input.U = 0.08
Got input.mu = 0
Got input.E = 0
Got input.nsweeps = 87
Sweeps:
1  MaxDim=20, MinDim=20, Cutoff=1.0E-06, Niter=8, Noise=1.0E-05
2  MaxDim=20, MinDim=20, Cutoff=1.0E-06, Niter=8, Noise=1.0E-05
3  MaxDim=20, MinDim=20, Cutoff=1.0E-06, Niter=8, Noise=1.0E-05
4  MaxDim=20, MinDim=20, Cutoff=1.0E-06, Niter=8, Noise=1.0E-05
5  MaxDim=20, MinDim=20, Cutoff=1.0E-06, Niter=8, Noise=1.0E-05
6  MaxDim=20, MinDim=20, Cutoff=1.0E-06, Niter=8, Noise=1.0E-05
7  MaxDim=20, MinDim=20, Cutoff=1.0E-06, Niter=8, Noise=1.0E-05
8  MaxDim=40, MinDim=20, Cutoff=1.0E-06, Niter=4, Noise=1.0E-05
9  MaxDim=40, MinDim=20, Cutoff=1.0E-06, Niter=4, Noise=1.0E-05
10  MaxDim=40, MinDim=20, Cutoff=1.0E-06, Niter=4, Noise=1.0E-05
11  MaxDim=40, MinDim=20, Cutoff=1.0E-06, Niter=4, Noise=1.0E-05
12  MaxDim=40, MinDim=20, Cutoff=1.0E-06, Niter=4, Noise=1.0E-05
13  MaxDim=40, MinDim=20, Cutoff=1.0E-06, Niter=4, Noise=1.0E-05
14  MaxDim=40, MinDim=20, Cutoff=1.0E-06, Niter=4, Noise=1.0E-05
15  MaxDim=80, MinDim=10, Cutoff=1.0E-06, Niter=4, Noise=1.0E-05
16  MaxDim=80, MinDim=10, Cutoff=1.0E-06, Niter=4, Noise=1.0E-05
17  MaxDim=80, MinDim=10, Cutoff=1.0E-06, Niter=4, Noise=1.0E-05
18  MaxDim=80, MinDim=10, Cutoff=1.0E-06, Niter=4, Noise=1.0E-05
19  MaxDim=80, MinDim=10, Cutoff=1.0E-06, Niter=4, Noise=1.0E-05
20  MaxDim=80, MinDim=10, Cutoff=1.0E-06, Niter=4, Noise=1.0E-05
21  MaxDim=80, MinDim=10, Cutoff=1.0E-06, Niter=4, Noise=1.0E-05
22  MaxDim=80, MinDim=10, Cutoff=1.0E-06, Niter=4, Noise=1.0E-05
23  MaxDim=80, MinDim=10, Cutoff=1.0E-06, Niter=4, Noise=1.0E-05
24  MaxDim=80, MinDim=10, Cutoff=1.0E-06, Niter=4, Noise=1.0E-05
25  MaxDim=80, MinDim=10, Cutoff=1.0E-06, Niter=4, Noise=1.0E-05
26  MaxDim=80, MinDim=10, Cutoff=1.0E-06, Niter=4, Noise=1.0E-05
27  MaxDim=80, MinDim=10, Cutoff=1.0E-06, Niter=4, Noise=1.0E-05
28  MaxDim=80, MinDim=10, Cutoff=1.0E-06, Niter=4, Noise=1.0E-05
29  MaxDim=80, MinDim=10, Cutoff=1.0E-06, Niter=4, Noise=1.0E-05
30  MaxDim=80, MinDim=10, Cutoff=1.0E-06, Niter=4, Noise=1.0E-05
31  MaxDim=80, MinDim=10, Cutoff=1.0E-06, Niter=4, Noise=1.0E-05
32  MaxDim=80, MinDim=10, Cutoff=1.0E-06, Niter=4, Noise=1.0E-05
33  MaxDim=80, MinDim=10, Cutoff=1.0E-06, Niter=4, Noise=1.0E-05
34  MaxDim=80, MinDim=10, Cutoff=1.0E-06, Niter=4, Noise=1.0E-05
35  MaxDim=80, MinDim=10, Cutoff=1.0E-06, Niter=4, Noise=1.0E-05
36  MaxDim=80, MinDim=10, Cutoff=1.0E-06, Niter=4, Noise=1.0E-05
37  MaxDim=160, MinDim=10, Cutoff=1.0E-08, Niter=4, Noise=1.0E-06
38  MaxDim=160, MinDim=10, Cutoff=1.0E-08, Niter=4, Noise=1.0E-06
39  MaxDim=160, MinDim=10, Cutoff=1.0E-08, Niter=4, Noise=1.0E-06
40  MaxDim=160, MinDim=10, Cutoff=1.0E-08, Niter=4, Noise=1.0E-06
41  MaxDim=160, MinDim=10, Cutoff=1.0E-08, Niter=4, Noise=1.0E-06
42  MaxDim=160, MinDim=10, Cutoff=1.0E-08, Niter=4, Noise=1.0E-06
43  MaxDim=160, MinDim=10, Cutoff=1.0E-08, Niter=4, Noise=1.0E-06
44  MaxDim=160, MinDim=10, Cutoff=1.0E-08, Niter=4, Noise=1.0E-06
45  MaxDim=160, MinDim=10, Cutoff=1.0E-08, Niter=4, Noise=1.0E-06
46  MaxDim=160, MinDim=10, Cutoff=1.0E-08, Niter=4, Noise=1.0E-06
47  MaxDim=160, MinDim=10, Cutoff=1.0E-08, Niter=4, Noise=1.0E-06
48  MaxDim=160, MinDim=10, Cutoff=1.0E-08, Niter=4, Noise=1.0E-06
49  MaxDim=160, MinDim=10, Cutoff=1.0E-08, Niter=4, Noise=1.0E-06
50  MaxDim=160, MinDim=10, Cutoff=1.0E-08, Niter=4, Noise=1.0E-06
51  MaxDim=160, MinDim=10, Cutoff=1.0E-08, Niter=4, Noise=1.0E-06
52  MaxDim=160, MinDim=10, Cutoff=1.0E-08, Niter=4, Noise=1.0E-06
53  MaxDim=160, MinDim=10, Cutoff=1.0E-08, Niter=4, Noise=1.0E-06
54  MaxDim=160, MinDim=10, Cutoff=1.0E-08, Niter=4, Noise=1.0E-06
55  MaxDim=160, MinDim=10, Cutoff=1.0E-08, Niter=4, Noise=1.0E-06
56  MaxDim=160, MinDim=10, Cutoff=1.0E-08, Niter=4, Noise=1.0E-06
57  MaxDim=160, MinDim=10, Cutoff=1.0E-08, Niter=4, Noise=1.0E-06
58  MaxDim=160, MinDim=10, Cutoff=1.0E-08, Niter=4, Noise=1.0E-06
59  MaxDim=320, MinDim=10, Cutoff=1.0E-10, Niter=4, Noise=1.0E-07
60  MaxDim=320, MinDim=10, Cutoff=1.0E-10, Niter=4, Noise=1.0E-07
61  MaxDim=320, MinDim=10, Cutoff=1.0E-10, Niter=4, Noise=1.0E-07
62  MaxDim=320, MinDim=10, Cutoff=1.0E-10, Niter=4, Noise=1.0E-07
63  MaxDim=320, MinDim=10, Cutoff=1.0E-10, Niter=4, Noise=1.0E-07
64  MaxDim=320, MinDim=10, Cutoff=1.0E-10, Niter=4, Noise=1.0E-07
65  MaxDim=320, MinDim=10, Cutoff=1.0E-10, Niter=4, Noise=1.0E-07
66  MaxDim=320, MinDim=10, Cutoff=1.0E-10, Niter=4, Noise=1.0E-07
67  MaxDim=320, MinDim=10, Cutoff=1.0E-10, Niter=4, Noise=1.0E-07
68  MaxDim=320, MinDim=10, Cutoff=1.0E-10, Niter=4, Noise=1.0E-07
69  MaxDim=320, MinDim=10, Cutoff=1.0E-10, Niter=4, Noise=1.0E-07
70  MaxDim=320, MinDim=10, Cutoff=1.0E-10, Niter=4, Noise=1.0E-07
71  MaxDim=320, MinDim=10, Cutoff=1.0E-10, Niter=4, Noise=1.0E-07
72  MaxDim=320, MinDim=10, Cutoff=1.0E-10, Niter=4, Noise=1.0E-07
73  MaxDim=320, MinDim=10, Cutoff=1.0E-10, Niter=4, Noise=1.0E-07
74  MaxDim=320, MinDim=10, Cutoff=1.0E-10, Niter=4, Noise=1.0E-07
75  MaxDim=640, MinDim=10, Cutoff=1.0E-12, Niter=2, Noise=1.0E-08
76  MaxDim=640, MinDim=10, Cutoff=1.0E-12, Niter=2, Noise=1.0E-08
77  MaxDim=640, MinDim=10, Cutoff=1.0E-12, Niter=2, Noise=1.0E-08
78  MaxDim=640, MinDim=10, Cutoff=1.0E-12, Niter=2, Noise=1.0E-08
79  MaxDim=640, MinDim=10, Cutoff=1.0E-12, Niter=2, Noise=1.0E-08
80  MaxDim=640, MinDim=10, Cutoff=1.0E-12, Niter=2, Noise=1.0E-08
81  MaxDim=640, MinDim=10, Cutoff=1.0E-12, Niter=2, Noise=1.0E-08
82  MaxDim=640, MinDim=10, Cutoff=1.0E-12, Niter=2, Noise=1.0E-08
83  MaxDim=1280, MinDim=10, Cutoff=1.0E-12, Niter=2, Noise=0.0E+00
84  MaxDim=1280, MinDim=10, Cutoff=1.0E-14, Niter=2, Noise=0.0E+00
85  MaxDim=1280, MinDim=10, Cutoff=1.0E-14, Niter=2, Noise=0.0E+00
86  MaxDim=1280, MinDim=10, Cutoff=1.0E-14, Niter=2, Noise=0.0E+00
87  MaxDim=1280, MinDim=10, Cutoff=1.0E-14, Niter=2, Noise=0.0E+00


    vN Entropy at center bond b=150 = 0.647166908818
    Eigs at center bond b=150: 0.7851 0.1832 0.0189 0.0060 0.0044 0.0014 
    Largest link dim during sweep 1/87 was 20
    Largest truncation error: 7.88715e-06
    Energy after sweep 1/87 is -190.548864474907
    Sweep 1/87 CPU time = 8.934s (Wall time = 1.154s)

    vN Entropy at center bond b=150 = 0.920256918249
    Eigs at center bond b=150: 0.6966 0.2085 0.0533 0.0177 0.0161 0.0051 0.0014 
    Largest link dim during sweep 2/87 was 20
    Largest truncation error: 4.93316e-06
    Energy after sweep 2/87 is -190.680471071525
    Sweep 2/87 CPU time = 14.32s (Wall time = 1.879s)

    vN Entropy at center bond b=150 = 0.809486000500
    Eigs at center bond b=150: 0.7342 0.2023 0.0305 0.0179 0.0084 0.0047 
    Largest link dim during sweep 3/87 was 20
    Largest truncation error: 4.44127e-06
    Energy after sweep 3/87 is -190.686244551779
    Sweep 3/87 CPU time = 12.60s (Wall time = 1.623s)

    vN Entropy at center bond b=150 = 0.726812220234
    Eigs at center bond b=150: 0.7534 0.2045 0.0213 0.0108 0.0056 0.0028 
    Largest link dim during sweep 4/87 was 20
    Largest truncation error: 4.09848e-06
    Energy after sweep 4/87 is -190.686630027698
    Sweep 4/87 CPU time = 12.42s (Wall time = 1.593s)

    vN Entropy at center bond b=150 = 0.699850536496
    Eigs at center bond b=150: 0.7586 0.2051 0.0209 0.0068 0.0055 0.0017 
    Largest link dim during sweep 5/87 was 20
    Largest truncation error: 4.00605e-06
    Energy after sweep 5/87 is -190.686691899887
    Sweep 5/87 CPU time = 12.52s (Wall time = 1.608s)

    vN Entropy at center bond b=150 = 0.689629626304
    Eigs at center bond b=150: 0.7604 0.2053 0.0208 0.0054 0.0053 0.0014 
    Largest link dim during sweep 6/87 was 20
    Largest truncation error: 4.02369e-06
    Energy after sweep 6/87 is -190.686709019097
    Sweep 6/87 CPU time = 12.42s (Wall time = 1.591s)

    vN Entropy at center bond b=150 = 0.685138744666
    Eigs at center bond b=150: 0.7612 0.2054 0.0208 0.0054 0.0047 0.0012 
    Largest link dim during sweep 7/87 was 20
    Largest truncation error: 4.00237e-06
    Energy after sweep 7/87 is -190.686709547027
    Sweep 7/87 CPU time = 12.46s (Wall time = 1.593s)

    vN Entropy at center bond b=150 = 0.684572411902
    Eigs at center bond b=150: 0.7613 0.2054 0.0208 0.0054 0.0046 0.0012 
    Largest link dim during sweep 8/87 was 30
    Largest truncation error: 7.63827e-07
    Energy after sweep 8/87 is -190.687336183027
    Sweep 8/87 CPU time = 7.098s (Wall time = 0.906s)

    vN Entropy at center bond b=150 = 0.688464019903
    Eigs at center bond b=150: 0.7606 0.2054 0.0208 0.0054 0.0051 0.0013 
    Largest link dim during sweep 9/87 was 31
    Largest truncation error: 7.44733e-07
    Energy after sweep 9/87 is -190.687379745196
    Sweep 9/87 CPU time = 7.421s (Wall time = 0.952s)

    vN Entropy at center bond b=150 = 0.692278599286
    Eigs at center bond b=150: 0.7599 0.2053 0.0208 0.0056 0.0055 0.0014 
    Largest link dim during sweep 10/87 was 31
    Largest truncation error: 7.58639e-07
    Energy after sweep 10/87 is -190.687396614727
    Sweep 10/87 CPU time = 7.375s (Wall time = 0.947s)

    vN Entropy at center bond b=150 = 0.695638994759
    Eigs at center bond b=150: 0.7593 0.2053 0.0209 0.0061 0.0055 0.0016 
    Largest link dim during sweep 11/87 was 31
    Largest truncation error: 7.53236e-07
    Energy after sweep 11/87 is -190.687407873310
    Sweep 11/87 CPU time = 7.365s (Wall time = 0.947s)

    vN Entropy at center bond b=150 = 0.698591061584
    Eigs at center bond b=150: 0.7588 0.2052 0.0209 0.0065 0.0055 0.0017 
    Largest link dim during sweep 12/87 was 31
    Largest truncation error: 7.62656e-07
    Energy after sweep 12/87 is -190.687417732557
    Sweep 12/87 CPU time = 7.391s (Wall time = 0.944s)

    vN Entropy at center bond b=150 = 0.701320174014
    Eigs at center bond b=150: 0.7583 0.2052 0.0209 0.0069 0.0055 0.0018 
    Largest link dim during sweep 13/87 was 31
    Largest truncation error: 7.62351e-07
    Energy after sweep 13/87 is -190.687425142485
    Sweep 13/87 CPU time = 7.372s (Wall time = 0.945s)

    vN Entropy at center bond b=150 = 0.703750331129
    Eigs at center bond b=150: 0.7578 0.2051 0.0210 0.0072 0.0055 0.0019 
    Largest link dim during sweep 14/87 was 31
    Largest truncation error: 7.6498e-07
    Energy after sweep 14/87 is -190.687428763454
    Sweep 14/87 CPU time = 7.541s (Wall time = 0.966s)

    vN Entropy at center bond b=150 = 0.705805375807
    Eigs at center bond b=150: 0.7574 0.2051 0.0210 0.0075 0.0055 0.0019 
    Largest link dim during sweep 15/87 was 32
    Largest truncation error: 8.02271e-07
    Energy after sweep 15/87 is -190.687148579561
    Sweep 15/87 CPU time = 6.715s (Wall time = 0.858s)

    vN Entropy at center bond b=150 = 0.707724208769
    Eigs at center bond b=150: 0.7570 0.2051 0.0210 0.0078 0.0055 0.0020 
    Largest link dim during sweep 16/87 was 32
    Largest truncation error: 7.7276e-07
    Energy after sweep 16/87 is -190.687152474157
    Sweep 16/87 CPU time = 6.620s (Wall time = 0.846s)

    vN Entropy at center bond b=150 = 0.709459506224
    Eigs at center bond b=150: 0.7567 0.2050 0.0211 0.0081 0.0056 0.0021 
    Largest link dim during sweep 17/87 was 32
    Largest truncation error: 7.665e-07
    Energy after sweep 17/87 is -190.687156024788
    Sweep 17/87 CPU time = 6.640s (Wall time = 0.847s)

    vN Entropy at center bond b=150 = 0.710935357855
    Eigs at center bond b=150: 0.7564 0.2050 0.0211 0.0083 0.0056 0.0021 
    Largest link dim during sweep 18/87 was 32
    Largest truncation error: 7.81524e-07
    Energy after sweep 18/87 is -190.687154411467
    Sweep 18/87 CPU time = 6.614s (Wall time = 0.846s)

    vN Entropy at center bond b=150 = 0.712217729712
    Eigs at center bond b=150: 0.7562 0.2050 0.0211 0.0085 0.0056 0.0022 
    Largest link dim during sweep 19/87 was 32
    Largest truncation error: 7.68749e-07
    Energy after sweep 19/87 is -190.687157485296
    Sweep 19/87 CPU time = 6.620s (Wall time = 0.849s)

    vN Entropy at center bond b=150 = 0.713355182452
    Eigs at center bond b=150: 0.7559 0.2050 0.0211 0.0086 0.0056 0.0022 
    Largest link dim during sweep 20/87 was 32
    Largest truncation error: 7.66869e-07
    Energy after sweep 20/87 is -190.687156293779
    Sweep 20/87 CPU time = 6.660s (Wall time = 0.854s)

    vN Entropy at center bond b=150 = 0.714457224509
    Eigs at center bond b=150: 0.7557 0.2049 0.0212 0.0088 0.0056 0.0023 
    Largest link dim during sweep 21/87 was 32
    Largest truncation error: 7.66059e-07
    Energy after sweep 21/87 is -190.687157141874
    Sweep 21/87 CPU time = 6.629s (Wall time = 0.850s)

    vN Entropy at center bond b=150 = 0.715464120824
    Eigs at center bond b=150: 0.7555 0.2049 0.0212 0.0090 0.0056 0.0023 
    Largest link dim during sweep 22/87 was 32
    Largest truncation error: 7.66017e-07
    Energy after sweep 22/87 is -190.687158021373
    Sweep 22/87 CPU time = 6.657s (Wall time = 0.851s)

    vN Entropy at center bond b=150 = 0.716384992371
    Eigs at center bond b=150: 0.7553 0.2049 0.0212 0.0091 0.0056 0.0023 
    Largest link dim during sweep 23/87 was 32
    Largest truncation error: 7.65988e-07
    Energy after sweep 23/87 is -190.687160163238
    Sweep 23/87 CPU time = 6.658s (Wall time = 0.851s)

    vN Entropy at center bond b=150 = 0.717264437106
    Eigs at center bond b=150: 0.7552 0.2049 0.0212 0.0092 0.0056 0.0024 
    Largest link dim during sweep 24/87 was 32
    Largest truncation error: 7.67752e-07
    Energy after sweep 24/87 is -190.687161453556
    Sweep 24/87 CPU time = 6.647s (Wall time = 0.853s)

    vN Entropy at center bond b=150 = 0.718086600086
    Eigs at center bond b=150: 0.7550 0.2049 0.0212 0.0093 0.0056 0.0024 
    Largest link dim during sweep 25/87 was 32
    Largest truncation error: 7.67754e-07
    Energy after sweep 25/87 is -190.687165102494
    Sweep 25/87 CPU time = 6.667s (Wall time = 0.853s)

    vN Entropy at center bond b=150 = 0.718902380665
    Eigs at center bond b=150: 0.7548 0.2048 0.0212 0.0095 0.0056 0.0024 
    Largest link dim during sweep 26/87 was 32
    Largest truncation error: 7.67887e-07
    Energy after sweep 26/87 is -190.687164441940
    Sweep 26/87 CPU time = 6.614s (Wall time = 0.848s)

    vN Entropy at center bond b=150 = 0.719745106537
    Eigs at center bond b=150: 0.7547 0.2048 0.0213 0.0096 0.0056 0.0025 
    Largest link dim during sweep 27/87 was 32
    Largest truncation error: 7.67181e-07
    Energy after sweep 27/87 is -190.687166613618
    Sweep 27/87 CPU time = 6.571s (Wall time = 0.845s)

    vN Entropy at center bond b=150 = 0.720684415117
    Eigs at center bond b=150: 0.7545 0.2048 0.0213 0.0097 0.0056 0.0025 
    Largest link dim during sweep 28/87 was 32
    Largest truncation error: 7.67155e-07
    Energy after sweep 28/87 is -190.687167939489
    Sweep 28/87 CPU time = 6.597s (Wall time = 0.842s)

    vN Entropy at center bond b=150 = 0.721643919294
    Eigs at center bond b=150: 0.7543 0.2048 0.0213 0.0099 0.0056 0.0025 
    Largest link dim during sweep 29/87 was 32
    Largest truncation error: 7.67138e-07
    Energy after sweep 29/87 is -190.687169448428
    Sweep 29/87 CPU time = 6.580s (Wall time = 0.842s)

    vN Entropy at center bond b=150 = 0.722747392317
    Eigs at center bond b=150: 0.7541 0.2047 0.0213 0.0100 0.0056 0.0026 
    Largest link dim during sweep 30/87 was 32
    Largest truncation error: 7.67127e-07
    Energy after sweep 30/87 is -190.687170741321
    Sweep 30/87 CPU time = 6.595s (Wall time = 0.842s)

    vN Entropy at center bond b=150 = 0.723824392535
    Eigs at center bond b=150: 0.7539 0.2047 0.0213 0.0102 0.0057 0.0026 
    Largest link dim during sweep 31/87 was 32
    Largest truncation error: 7.6712e-07
    Energy after sweep 31/87 is -190.687171227301
    Sweep 31/87 CPU time = 6.616s (Wall time = 0.845s)

    vN Entropy at center bond b=150 = 0.724930465710
    Eigs at center bond b=150: 0.7537 0.2047 0.0214 0.0104 0.0057 0.0027 
    Largest link dim during sweep 32/87 was 32
    Largest truncation error: 7.67115e-07
    Energy after sweep 32/87 is -190.687172203369
    Sweep 32/87 CPU time = 6.620s (Wall time = 0.848s)

    vN Entropy at center bond b=150 = 0.725971368902
    Eigs at center bond b=150: 0.7535 0.2046 0.0214 0.0105 0.0057 0.0027 
    Largest link dim during sweep 33/87 was 32
    Largest truncation error: 7.67133e-07
    Energy after sweep 33/87 is -190.687174131080
    Sweep 33/87 CPU time = 6.697s (Wall time = 0.860s)

    vN Entropy at center bond b=150 = 0.726943632376
    Eigs at center bond b=150: 0.7533 0.2046 0.0214 0.0107 0.0057 0.0027 
    Largest link dim during sweep 34/87 was 32
    Largest truncation error: 7.6711e-07
    Energy after sweep 34/87 is -190.687176669931
    Sweep 34/87 CPU time = 6.717s (Wall time = 0.859s)

    vN Entropy at center bond b=150 = 0.727881992988
    Eigs at center bond b=150: 0.7531 0.2046 0.0214 0.0108 0.0057 0.0028 
    Largest link dim during sweep 35/87 was 32
    Largest truncation error: 7.67109e-07
    Energy after sweep 35/87 is -190.687177579611
    Sweep 35/87 CPU time = 6.663s (Wall time = 0.855s)

    vN Entropy at center bond b=150 = 0.728775173485
    Eigs at center bond b=150: 0.7529 0.2046 0.0215 0.0109 0.0057 0.0028 
    Largest link dim during sweep 36/87 was 32
    Largest truncation error: 7.67108e-07
    Energy after sweep 36/87 is -190.687178312540
    Sweep 36/87 CPU time = 6.674s (Wall time = 0.858s)

    vN Entropy at center bond b=150 = 0.739362178123
    Eigs at center bond b=150: 0.7506 0.2044 0.0218 0.0124 0.0058 0.0032 
    Largest link dim during sweep 37/87 was 67
    Largest truncation error: 7.65433e-09
    Energy after sweep 37/87 is -190.688140724001
    Sweep 37/87 CPU time = 13.96s (Wall time = 1.791s)

    vN Entropy at center bond b=150 = 0.763969233731
    Eigs at center bond b=150: 0.7455 0.2035 0.0233 0.0156 0.0063 0.0040 
    Largest link dim during sweep 38/87 was 71
    Largest truncation error: 7.67023e-09
    Energy after sweep 38/87 is -190.688209443330
    Sweep 38/87 CPU time = 19.87s (Wall time = 2.547s)

    vN Entropy at center bond b=150 = 0.791553413420
    Eigs at center bond b=150: 0.7392 0.2024 0.0269 0.0175 0.0073 0.0046 
    Largest link dim during sweep 39/87 was 72
    Largest truncation error: 7.68345e-09
    Energy after sweep 39/87 is -190.688261655687
    Sweep 39/87 CPU time = 21.48s (Wall time = 2.756s)

    vN Entropy at center bond b=150 = 0.819585492068
    Eigs at center bond b=150: 0.7323 0.2012 0.0323 0.0183 0.0088 0.0048 
    Largest link dim during sweep 40/87 was 74
    Largest truncation error: 7.79622e-09
    Energy after sweep 40/87 is -190.688303659222
    Sweep 40/87 CPU time = 22.88s (Wall time = 2.942s)

    vN Entropy at center bond b=150 = 0.846982078868
    Eigs at center bond b=150: 0.7252 0.1999 0.0385 0.0185 0.0106 0.0049 
    Largest link dim during sweep 41/87 was 75
    Largest truncation error: 7.90791e-09
    Energy after sweep 41/87 is -190.688337116456
    Sweep 41/87 CPU time = 24.28s (Wall time = 3.118s)

    vN Entropy at center bond b=150 = 0.872866396431
    Eigs at center bond b=150: 0.7180 0.1986 0.0449 0.0185 0.0124 0.0049 0.0012 
    Largest link dim during sweep 42/87 was 75
    Largest truncation error: 7.68703e-09
    Energy after sweep 42/87 is -190.688364525828
    Sweep 42/87 CPU time = 25.87s (Wall time = 3.310s)

    vN Entropy at center bond b=150 = 0.896911998909
    Eigs at center bond b=150: 0.7109 0.1974 0.0512 0.0184 0.0142 0.0049 0.0013 
    Largest link dim during sweep 43/87 was 76
    Largest truncation error: 7.77747e-09
    Energy after sweep 43/87 is -190.688386896616
    Sweep 43/87 CPU time = 27.25s (Wall time = 3.488s)

    vN Entropy at center bond b=150 = 0.918897935565
    Eigs at center bond b=150: 0.7041 0.1962 0.0573 0.0184 0.0159 0.0049 0.0015 
    Largest link dim during sweep 44/87 was 76
    Largest truncation error: 7.71374e-09
    Energy after sweep 44/87 is -190.688405357016
    Sweep 44/87 CPU time = 28.12s (Wall time = 3.608s)

    vN Entropy at center bond b=150 = 0.938817541185
    Eigs at center bond b=150: 0.6977 0.1952 0.0630 0.0183 0.0176 0.0049 0.0017 
    Largest link dim during sweep 45/87 was 77
    Largest truncation error: 7.80181e-09
    Energy after sweep 45/87 is -190.688420794419
    Sweep 45/87 CPU time = 29.28s (Wall time = 3.754s)

    vN Entropy at center bond b=150 = 0.956788232576
    Eigs at center bond b=150: 0.6916 0.1942 0.0684 0.0192 0.0181 0.0049 0.0018 
    Largest link dim during sweep 46/87 was 77
    Largest truncation error: 7.72721e-09
    Energy after sweep 46/87 is -190.688433802225
    Sweep 46/87 CPU time = 29.94s (Wall time = 3.843s)

    vN Entropy at center bond b=150 = 0.972934647149
    Eigs at center bond b=150: 0.6860 0.1933 0.0733 0.0207 0.0180 0.0049 0.0020 
    Largest link dim during sweep 47/87 was 78
    Largest truncation error: 7.73168e-09
    Energy after sweep 47/87 is -190.688445029279
    Sweep 47/87 CPU time = 31.43s (Wall time = 4.035s)

    vN Entropy at center bond b=150 = 0.987438993970
    Eigs at center bond b=150: 0.6807 0.1926 0.0779 0.0220 0.0179 0.0049 0.0021 
    Largest link dim during sweep 48/87 was 78
    Largest truncation error: 7.73517e-09
    Energy after sweep 48/87 is -190.688454544431
    Sweep 48/87 CPU time = 31.88s (Wall time = 4.086s)

    vN Entropy at center bond b=150 = 1.000469801804
    Eigs at center bond b=150: 0.6759 0.1919 0.0821 0.0233 0.0178 0.0049 0.0022 
    Largest link dim during sweep 49/87 was 78
    Largest truncation error: 7.73793e-09
    Energy after sweep 49/87 is -190.688462668656
    Sweep 49/87 CPU time = 32.02s (Wall time = 4.095s)

    vN Entropy at center bond b=150 = 1.012210315799
    Eigs at center bond b=150: 0.6714 0.1914 0.0860 0.0245 0.0177 0.0049 0.0023 
    Largest link dim during sweep 50/87 was 78
    Largest truncation error: 7.74015e-09
    Energy after sweep 50/87 is -190.688469718810
    Sweep 50/87 CPU time = 32.79s (Wall time = 4.204s)

    vN Entropy at center bond b=150 = 1.022724983718
    Eigs at center bond b=150: 0.6672 0.1909 0.0894 0.0256 0.0176 0.0049 0.0024 
    Largest link dim during sweep 51/87 was 78
    Largest truncation error: 7.74199e-09
    Energy after sweep 51/87 is -190.688475759637
    Sweep 51/87 CPU time = 34.39s (Wall time = 4.407s)

    vN Entropy at center bond b=150 = 1.032205098806
    Eigs at center bond b=150: 0.6634 0.1905 0.0926 0.0266 0.0175 0.0049 0.0025 
    Largest link dim during sweep 52/87 was 78
    Largest truncation error: 7.74357e-09
    Energy after sweep 52/87 is -190.688481144664
    Sweep 52/87 CPU time = 35.10s (Wall time = 4.509s)

    vN Entropy at center bond b=150 = 1.040718329442
    Eigs at center bond b=150: 0.6599 0.1901 0.0955 0.0276 0.0175 0.0049 0.0026 
    Largest link dim during sweep 53/87 was 78
    Largest truncation error: 7.74502e-09
    Energy after sweep 53/87 is -190.688485905528
    Sweep 53/87 CPU time = 35.00s (Wall time = 4.490s)

    vN Entropy at center bond b=150 = 1.048359175352
    Eigs at center bond b=150: 0.6567 0.1899 0.0981 0.0284 0.0174 0.0049 0.0026 
    Largest link dim during sweep 54/87 was 79
    Largest truncation error: 7.74649e-09
    Energy after sweep 54/87 is -190.688490109245
    Sweep 54/87 CPU time = 35.73s (Wall time = 4.580s)

    vN Entropy at center bond b=150 = 1.055283043701
    Eigs at center bond b=150: 0.6537 0.1897 0.1005 0.0292 0.0173 0.0049 0.0027 
    Largest link dim during sweep 55/87 was 79
    Largest truncation error: 7.74819e-09
    Energy after sweep 55/87 is -190.688493888277
    Sweep 55/87 CPU time = 36.27s (Wall time = 4.657s)

    vN Entropy at center bond b=150 = 1.061506883437
    Eigs at center bond b=150: 0.6510 0.1895 0.1026 0.0299 0.0173 0.0049 0.0027 
    Largest link dim during sweep 56/87 was 79
    Largest truncation error: 7.75041e-09
    Energy after sweep 56/87 is -190.688497364487
    Sweep 56/87 CPU time = 37.15s (Wall time = 4.767s)

    vN Entropy at center bond b=150 = 1.067139272129
    Eigs at center bond b=150: 0.6486 0.1894 0.1045 0.0306 0.0172 0.0049 0.0028 
    Largest link dim during sweep 57/87 was 79
    Largest truncation error: 7.75386e-09
    Energy after sweep 57/87 is -190.688500683634
    Sweep 57/87 CPU time = 37.93s (Wall time = 4.858s)

    vN Entropy at center bond b=150 = 1.072193422597
    Eigs at center bond b=150: 0.6463 0.1893 0.1063 0.0312 0.0171 0.0049 0.0028 
    Largest link dim during sweep 58/87 was 79
    Largest truncation error: 7.76049e-09
    Energy after sweep 58/87 is -190.688504042948
    Sweep 58/87 CPU time = 38.52s (Wall time = 4.937s)

    vN Entropy at center bond b=150 = 1.077875491044
    Eigs at center bond b=150: 0.6437 0.1892 0.1082 0.0319 0.0171 0.0049 0.0029 
    Largest link dim during sweep 59/87 was 146
    Largest truncation error: 8.09131e-11
    Energy after sweep 59/87 is -190.688520769092
    Sweep 59/87 CPU time = 1m, 56.4s (Wall time = 14.99s)

    vN Entropy at center bond b=150 = 1.085038851433
    Eigs at center bond b=150: 0.6405 0.1891 0.1107 0.0327 0.0170 0.0049 0.0030 
    Largest link dim during sweep 60/87 was 149
    Largest truncation error: 8.12837e-11
    Energy after sweep 60/87 is -190.688529161046
    Sweep 60/87 CPU time = 2m, 49.3s (Wall time = 22.62s)

    vN Entropy at center bond b=150 = 1.091190603415
    Eigs at center bond b=150: 0.6377 0.1890 0.1128 0.0335 0.0169 0.0049 0.0030 
    Largest link dim during sweep 61/87 was 152
    Largest truncation error: 8.15296e-11
    Energy after sweep 61/87 is -190.688546132960
    Sweep 61/87 CPU time = 3m, 7.3s (Wall time = 25.03s)

    vN Entropy at center bond b=150 = 1.092536871251
    Eigs at center bond b=150: 0.6372 0.1883 0.1137 0.0337 0.0169 0.0049 0.0030 
    Largest link dim during sweep 62/87 was 181
    Largest truncation error: 8.16697e-11
    Energy after sweep 62/87 is -190.688600065919
    Sweep 62/87 CPU time = 3m, 48.8s (Wall time = 30.55s)

    vN Entropy at center bond b=150 = 1.073500967355
    Eigs at center bond b=150: 0.6467 0.1865 0.1084 0.0313 0.0172 0.0048 0.0029 
    Largest link dim during sweep 63/87 was 200
    Largest truncation error: 7.66952e-11
    Energy after sweep 63/87 is -190.688831126182
    Sweep 63/87 CPU time = 4m, 46.8s (Wall time = 38.15s)

    vN Entropy at center bond b=150 = 0.984378202843
    Eigs at center bond b=150: 0.6840 0.1883 0.0789 0.0217 0.0182 0.0048 0.0021 
    Largest link dim during sweep 64/87 was 230
    Largest truncation error: 7.66236e-11
    Energy after sweep 64/87 is -190.690314752225
    Sweep 64/87 CPU time = 6m, 6.2s (Wall time = 48.21s)

    vN Entropy at center bond b=150 = 0.711589025711
    Eigs at center bond b=150: 0.7580 0.2029 0.0207 0.0090 0.0053 0.0024 
    Largest link dim during sweep 65/87 was 251
    Largest truncation error: 7.66844e-11
    Energy after sweep 65/87 is -190.692296133488
    Sweep 65/87 CPU time = 6m, 24.1s (Wall time = 50.63s)

    vN Entropy at center bond b=150 = 0.654830008781
    Eigs at center bond b=150: 0.7666 0.2049 0.0207 0.0053 
    Largest link dim during sweep 66/87 was 215
    Largest truncation error: 7.6743e-11
    Energy after sweep 66/87 is -190.692767092731
    Sweep 66/87 CPU time = 4m, 22.4s (Wall time = 33.66s)

    vN Entropy at center bond b=150 = 0.647286392794
    Eigs at center bond b=150: 0.7674 0.2051 0.0207 0.0053 
    Largest link dim during sweep 67/87 was 179
    Largest truncation error: 7.85879e-11
    Energy after sweep 67/87 is -190.692900836934
    Sweep 67/87 CPU time = 3m, 23.7s (Wall time = 26.15s)

    vN Entropy at center bond b=150 = 0.646841808595
    Eigs at center bond b=150: 0.7675 0.2051 0.0207 0.0053 
    Largest link dim during sweep 68/87 was 188
    Largest truncation error: 7.67612e-11
    Energy after sweep 68/87 is -190.692950423273
    Sweep 68/87 CPU time = 2m, 44.9s (Wall time = 21.18s)

    vN Entropy at center bond b=150 = 0.646830929233
    Eigs at center bond b=150: 0.7675 0.2051 0.0207 0.0053 
    Largest link dim during sweep 69/87 was 147
    Largest truncation error: 7.67394e-11
    Energy after sweep 69/87 is -190.692961759844
    Sweep 69/87 CPU time = 2m, 5.9s (Wall time = 16.18s)

    vN Entropy at center bond b=150 = 0.646832044350
    Eigs at center bond b=150: 0.7675 0.2051 0.0207 0.0053 
    Largest link dim during sweep 70/87 was 118
    Largest truncation error: 7.67249e-11
    Energy after sweep 70/87 is -190.692963805375
    Sweep 70/87 CPU time = 1m, 46.3s (Wall time = 13.64s)

    vN Entropy at center bond b=150 = 0.646832353278
    Eigs at center bond b=150: 0.7675 0.2051 0.0207 0.0053 
    Largest link dim during sweep 71/87 was 111
    Largest truncation error: 7.65419e-11
    Energy after sweep 71/87 is -190.692964143787
    Sweep 71/87 CPU time = 1m, 32.3s (Wall time = 11.84s)

    vN Entropy at center bond b=150 = 0.646832446421
    Eigs at center bond b=150: 0.7675 0.2051 0.0207 0.0053 
    Largest link dim during sweep 72/87 was 111
    Largest truncation error: 7.67445e-11
    Energy after sweep 72/87 is -190.692964175595
    Sweep 72/87 CPU time = 1m, 29.2s (Wall time = 11.47s)

    vN Entropy at center bond b=150 = 0.646832446094
    Eigs at center bond b=150: 0.7675 0.2051 0.0207 0.0053 
    Largest link dim during sweep 73/87 was 110
    Largest truncation error: 7.67448e-11
    Energy after sweep 73/87 is -190.692964179140
    Sweep 73/87 CPU time = 1m, 27.1s (Wall time = 11.15s)

    vN Entropy at center bond b=150 = 0.646832377369
    Eigs at center bond b=150: 0.7675 0.2051 0.0207 0.0053 
    Largest link dim during sweep 74/87 was 110
    Largest truncation error: 7.66838e-11
    Energy after sweep 74/87 is -190.692964179485
    Sweep 74/87 CPU time = 1m, 26.5s (Wall time = 11.11s)

    vN Entropy at center bond b=150 = 0.646836152667
    Eigs at center bond b=150: 0.7675 0.2051 0.0207 0.0053 
    Largest link dim during sweep 75/87 was 193
    Largest truncation error: 7.79475e-13
    Energy after sweep 75/87 is -190.692964316639
    Sweep 75/87 CPU time = 2m, 39.3s (Wall time = 20.43s)

    vN Entropy at center bond b=150 = 0.646836909534
    Eigs at center bond b=150: 0.7675 0.2051 0.0207 0.0053 
    Largest link dim during sweep 76/87 was 204
    Largest truncation error: 7.78577e-13
    Energy after sweep 76/87 is -190.692964320360
    Sweep 76/87 CPU time = 4m, 8.9s (Wall time = 32.13s)

    vN Entropy at center bond b=150 = 0.646837453305
    Eigs at center bond b=150: 0.7675 0.2051 0.0207 0.0053 
    Largest link dim during sweep 77/87 was 202
    Largest truncation error: 7.76269e-13
    Energy after sweep 77/87 is -190.692964321619
    Sweep 77/87 CPU time = 4m, 22.2s (Wall time = 33.84s)

    vN Entropy at center bond b=150 = 0.646837880915
    Eigs at center bond b=150: 0.7675 0.2051 0.0207 0.0053 
    Largest link dim during sweep 78/87 was 202
    Largest truncation error: 7.76331e-13
    Energy after sweep 78/87 is -190.692964322321
    Sweep 78/87 CPU time = 4m, 19.8s (Wall time = 33.60s)

    vN Entropy at center bond b=150 = 0.646838244624
    Eigs at center bond b=150: 0.7675 0.2051 0.0207 0.0053 
    Largest link dim during sweep 79/87 was 201
    Largest truncation error: 7.80145e-13
    Energy after sweep 79/87 is -190.692964322753
    Sweep 79/87 CPU time = 4m, 4.0s (Wall time = 31.48s)

    vN Entropy at center bond b=150 = 0.646838565579
    Eigs at center bond b=150: 0.7675 0.2051 0.0207 0.0053 
    Largest link dim during sweep 80/87 was 201
    Largest truncation error: 7.79728e-13
    Energy after sweep 80/87 is -190.692964323065
    Sweep 80/87 CPU time = 4m, 7.5s (Wall time = 31.92s)

    vN Entropy at center bond b=150 = 0.646838852983
    Eigs at center bond b=150: 0.7675 0.2051 0.0207 0.0053 
    Largest link dim during sweep 81/87 was 201
    Largest truncation error: 7.79972e-13
    Energy after sweep 81/87 is -190.692964323302
    Sweep 81/87 CPU time = 4m, 8.3s (Wall time = 32.11s)

    vN Entropy at center bond b=150 = 0.646839112214
    Eigs at center bond b=150: 0.7675 0.2051 0.0207 0.0053 
    Largest link dim during sweep 82/87 was 201
    Largest truncation error: 7.80399e-13
    Energy after sweep 82/87 is -190.692964323483
    Sweep 82/87 CPU time = 4m, 9.5s (Wall time = 32.19s)

    vN Entropy at center bond b=150 = 0.646839705564
    Eigs at center bond b=150: 0.7675 0.2051 0.0207 0.0053 
    Largest link dim during sweep 83/87 was 186
    Largest truncation error: 7.67378e-13
    Energy after sweep 83/87 is -190.692964323131
    Sweep 83/87 CPU time = 3m, 22.3s (Wall time = 26.04s)

    vN Entropy at center bond b=150 = 0.646839967595
    Eigs at center bond b=150: 0.7675 0.2051 0.0207 0.0053 
    Largest link dim during sweep 84/87 was 327
    Largest truncation error: 7.72227e-15
    Energy after sweep 84/87 is -190.692964325462
    Sweep 84/87 CPU time = 8m, 40.6s (Wall time = 1m, 9.3s)

    vN Entropy at center bond b=150 = 0.646840328419
    Eigs at center bond b=150: 0.7675 0.2051 0.0207 0.0053 
    Largest link dim during sweep 85/87 was 354
    Largest truncation error: 7.67362e-15
    Energy after sweep 85/87 is -190.692964325716
    Sweep 85/87 CPU time = 16m, 15s (Wall time = 2m, 7.6s)

    vN Entropy at center bond b=150 = 0.646840623797
    Eigs at center bond b=150: 0.7675 0.2051 0.0207 0.0053 
    Largest link dim during sweep 86/87 was 352
    Largest truncation error: 7.68358e-15
    Energy after sweep 86/87 is -190.692964325836
    Sweep 86/87 CPU time = 15m, 53s (Wall time = 2m, 6.3s)

    vN Entropy at center bond b=150 = 0.646840861892
    Eigs at center bond b=150: 0.7675 0.2051 0.0207 0.0053 
    Largest link dim during sweep 87/87 was 351
    Largest truncation error: 7.67338e-15
    Energy after sweep 87/87 is -190.692964325926
    Sweep 87/87 CPU time = 15m, 37s (Wall time = 2m, 1.9s)
Initial energy = 23.76000

Ground State Energy = -190.6929643259
run_outputs/outputpsi/N_300_sweep_87_t_0.030000_J_1.000000_V_0.600000_D_0.018000_U_0.080000_mu_0.000000_E_0.000000 notconverge
Wall-clock time (s) = 5618.307817
