//////////////////////////
Reading input file ......

Got input.N = 300
Got input.t = 0.03
Got input.J = 1
Got input.V = 0.6
Got input.D = 0.018
Got input.U = 0.29
Got input.mu = 0
Got input.E = 0
Got input.nsweeps = 87
Sweeps:
1  MaxDim=20, MinDim=20, Cutoff=1.0E-06, Niter=8, Noise=1.0E-05
2  MaxDim=20, MinDim=20, Cutoff=1.0E-06, Niter=8, Noise=1.0E-05
3  MaxDim=20, MinDim=20, Cutoff=1.0E-06, Niter=8, Noise=1.0E-05
4  MaxDim=20, MinDim=20, Cutoff=1.0E-06, Niter=8, Noise=1.0E-05
5  MaxDim=20, MinDim=20, Cutoff=1.0E-06, Niter=8, Noise=1.0E-05
6  MaxDim=20, MinDim=20, Cutoff=1.0E-06, Niter=8, Noise=1.0E-05
7  MaxDim=20, MinDim=20, Cutoff=1.0E-06, Niter=8, Noise=1.0E-05
8  MaxDim=40, MinDim=20, Cutoff=1.0E-06, Niter=4, Noise=1.0E-05
9  MaxDim=40, MinDim=20, Cutoff=1.0E-06, Niter=4, Noise=1.0E-05
10  MaxDim=40, MinDim=20, Cutoff=1.0E-06, Niter=4, Noise=1.0E-05
11  MaxDim=40, MinDim=20, Cutoff=1.0E-06, Niter=4, Noise=1.0E-05
12  MaxDim=40, MinDim=20, Cutoff=1.0E-06, Niter=4, Noise=1.0E-05
13  MaxDim=40, MinDim=20, Cutoff=1.0E-06, Niter=4, Noise=1.0E-05
14  MaxDim=40, MinDim=20, Cutoff=1.0E-06, Niter=4, Noise=1.0E-05
15  MaxDim=80, MinDim=10, Cutoff=1.0E-06, Niter=4, Noise=1.0E-05
16  MaxDim=80, MinDim=10, Cutoff=1.0E-06, Niter=4, Noise=1.0E-05
17  MaxDim=80, MinDim=10, Cutoff=1.0E-06, Niter=4, Noise=1.0E-05
18  MaxDim=80, MinDim=10, Cutoff=1.0E-06, Niter=4, Noise=1.0E-05
19  MaxDim=80, MinDim=10, Cutoff=1.0E-06, Niter=4, Noise=1.0E-05
20  MaxDim=80, MinDim=10, Cutoff=1.0E-06, Niter=4, Noise=1.0E-05
21  MaxDim=80, MinDim=10, Cutoff=1.0E-06, Niter=4, Noise=1.0E-05
22  MaxDim=80, MinDim=10, Cutoff=1.0E-06, Niter=4, Noise=1.0E-05
23  MaxDim=80, MinDim=10, Cutoff=1.0E-06, Niter=4, Noise=1.0E-05
24  MaxDim=80, MinDim=10, Cutoff=1.0E-06, Niter=4, Noise=1.0E-05
25  MaxDim=80, MinDim=10, Cutoff=1.0E-06, Niter=4, Noise=1.0E-05
26  MaxDim=80, MinDim=10, Cutoff=1.0E-06, Niter=4, Noise=1.0E-05
27  MaxDim=80, MinDim=10, Cutoff=1.0E-06, Niter=4, Noise=1.0E-05
28  MaxDim=80, MinDim=10, Cutoff=1.0E-06, Niter=4, Noise=1.0E-05
29  MaxDim=80, MinDim=10, Cutoff=1.0E-06, Niter=4, Noise=1.0E-05
30  MaxDim=80, MinDim=10, Cutoff=1.0E-06, Niter=4, Noise=1.0E-05
31  MaxDim=80, MinDim=10, Cutoff=1.0E-06, Niter=4, Noise=1.0E-05
32  MaxDim=80, MinDim=10, Cutoff=1.0E-06, Niter=4, Noise=1.0E-05
33  MaxDim=80, MinDim=10, Cutoff=1.0E-06, Niter=4, Noise=1.0E-05
34  MaxDim=80, MinDim=10, Cutoff=1.0E-06, Niter=4, Noise=1.0E-05
35  MaxDim=80, MinDim=10, Cutoff=1.0E-06, Niter=4, Noise=1.0E-05
36  MaxDim=80, MinDim=10, Cutoff=1.0E-06, Niter=4, Noise=1.0E-05
37  MaxDim=160, MinDim=10, Cutoff=1.0E-08, Niter=4, Noise=1.0E-06
38  MaxDim=160, MinDim=10, Cutoff=1.0E-08, Niter=4, Noise=1.0E-06
39  MaxDim=160, MinDim=10, Cutoff=1.0E-08, Niter=4, Noise=1.0E-06
40  MaxDim=160, MinDim=10, Cutoff=1.0E-08, Niter=4, Noise=1.0E-06
41  MaxDim=160, MinDim=10, Cutoff=1.0E-08, Niter=4, Noise=1.0E-06
42  MaxDim=160, MinDim=10, Cutoff=1.0E-08, Niter=4, Noise=1.0E-06
43  MaxDim=160, MinDim=10, Cutoff=1.0E-08, Niter=4, Noise=1.0E-06
44  MaxDim=160, MinDim=10, Cutoff=1.0E-08, Niter=4, Noise=1.0E-06
45  MaxDim=160, MinDim=10, Cutoff=1.0E-08, Niter=4, Noise=1.0E-06
46  MaxDim=160, MinDim=10, Cutoff=1.0E-08, Niter=4, Noise=1.0E-06
47  MaxDim=160, MinDim=10, Cutoff=1.0E-08, Niter=4, Noise=1.0E-06
48  MaxDim=160, MinDim=10, Cutoff=1.0E-08, Niter=4, Noise=1.0E-06
49  MaxDim=160, MinDim=10, Cutoff=1.0E-08, Niter=4, Noise=1.0E-06
50  MaxDim=160, MinDim=10, Cutoff=1.0E-08, Niter=4, Noise=1.0E-06
51  MaxDim=160, MinDim=10, Cutoff=1.0E-08, Niter=4, Noise=1.0E-06
52  MaxDim=160, MinDim=10, Cutoff=1.0E-08, Niter=4, Noise=1.0E-06
53  MaxDim=160, MinDim=10, Cutoff=1.0E-08, Niter=4, Noise=1.0E-06
54  MaxDim=160, MinDim=10, Cutoff=1.0E-08, Niter=4, Noise=1.0E-06
55  MaxDim=160, MinDim=10, Cutoff=1.0E-08, Niter=4, Noise=1.0E-06
56  MaxDim=160, MinDim=10, Cutoff=1.0E-08, Niter=4, Noise=1.0E-06
57  MaxDim=160, MinDim=10, Cutoff=1.0E-08, Niter=4, Noise=1.0E-06
58  MaxDim=160, MinDim=10, Cutoff=1.0E-08, Niter=4, Noise=1.0E-06
59  MaxDim=320, MinDim=10, Cutoff=1.0E-10, Niter=4, Noise=1.0E-07
60  MaxDim=320, MinDim=10, Cutoff=1.0E-10, Niter=4, Noise=1.0E-07
61  MaxDim=320, MinDim=10, Cutoff=1.0E-10, Niter=4, Noise=1.0E-07
62  MaxDim=320, MinDim=10, Cutoff=1.0E-10, Niter=4, Noise=1.0E-07
63  MaxDim=320, MinDim=10, Cutoff=1.0E-10, Niter=4, Noise=1.0E-07
64  MaxDim=320, MinDim=10, Cutoff=1.0E-10, Niter=4, Noise=1.0E-07
65  MaxDim=320, MinDim=10, Cutoff=1.0E-10, Niter=4, Noise=1.0E-07
66  MaxDim=320, MinDim=10, Cutoff=1.0E-10, Niter=4, Noise=1.0E-07
67  MaxDim=320, MinDim=10, Cutoff=1.0E-10, Niter=4, Noise=1.0E-07
68  MaxDim=320, MinDim=10, Cutoff=1.0E-10, Niter=4, Noise=1.0E-07
69  MaxDim=320, MinDim=10, Cutoff=1.0E-10, Niter=4, Noise=1.0E-07
70  MaxDim=320, MinDim=10, Cutoff=1.0E-10, Niter=4, Noise=1.0E-07
71  MaxDim=320, MinDim=10, Cutoff=1.0E-10, Niter=4, Noise=1.0E-07
72  MaxDim=320, MinDim=10, Cutoff=1.0E-10, Niter=4, Noise=1.0E-07
73  MaxDim=320, MinDim=10, Cutoff=1.0E-10, Niter=4, Noise=1.0E-07
74  MaxDim=320, MinDim=10, Cutoff=1.0E-10, Niter=4, Noise=1.0E-07
75  MaxDim=640, MinDim=10, Cutoff=1.0E-12, Niter=2, Noise=1.0E-08
76  MaxDim=640, MinDim=10, Cutoff=1.0E-12, Niter=2, Noise=1.0E-08
77  MaxDim=640, MinDim=10, Cutoff=1.0E-12, Niter=2, Noise=1.0E-08
78  MaxDim=640, MinDim=10, Cutoff=1.0E-12, Niter=2, Noise=1.0E-08
79  MaxDim=640, MinDim=10, Cutoff=1.0E-12, Niter=2, Noise=1.0E-08
80  MaxDim=640, MinDim=10, Cutoff=1.0E-12, Niter=2, Noise=1.0E-08
81  MaxDim=640, MinDim=10, Cutoff=1.0E-12, Niter=2, Noise=1.0E-08
82  MaxDim=640, MinDim=10, Cutoff=1.0E-12, Niter=2, Noise=1.0E-08
83  MaxDim=1280, MinDim=10, Cutoff=1.0E-12, Niter=2, Noise=0.0E+00
84  MaxDim=1280, MinDim=10, Cutoff=1.0E-14, Niter=2, Noise=0.0E+00
85  MaxDim=1280, MinDim=10, Cutoff=1.0E-14, Niter=2, Noise=0.0E+00
86  MaxDim=1280, MinDim=10, Cutoff=1.0E-14, Niter=2, Noise=0.0E+00
87  MaxDim=1280, MinDim=10, Cutoff=1.0E-14, Niter=2, Noise=0.0E+00


    vN Entropy at center bond b=150 = 0.656074684724
    Eigs at center bond b=150: 0.7583 0.2159 0.0189 0.0051 
    Largest link dim during sweep 1/87 was 20
    Largest truncation error: 5.43224e-06
    Energy after sweep 1/87 is -182.518830806184
    Sweep 1/87 CPU time = 9.443s (Wall time = 1.347s)

    vN Entropy at center bond b=150 = 0.676264571295
    Eigs at center bond b=150: 0.7518 0.2187 0.0212 0.0059 0.0011 
    Largest link dim during sweep 2/87 was 20
    Largest truncation error: 1.51229e-06
    Energy after sweep 2/87 is -182.525340808732
    Sweep 2/87 CPU time = 14.13s (Wall time = 1.819s)

    vN Entropy at center bond b=150 = 0.676329224815
    Eigs at center bond b=150: 0.7518 0.2187 0.0212 0.0059 0.0011 
    Largest link dim during sweep 3/87 was 20
    Largest truncation error: 1.51264e-06
    Energy after sweep 3/87 is -182.525348279849
    Sweep 3/87 CPU time = 14.25s (Wall time = 1.954s)

    vN Entropy at center bond b=150 = 0.676330312222
    Eigs at center bond b=150: 0.7518 0.2187 0.0212 0.0059 0.0011 
    Largest link dim during sweep 4/87 was 20
    Largest truncation error: 1.51267e-06
    Energy after sweep 4/87 is -182.525348419441
    Sweep 4/87 CPU time = 14.15s (Wall time = 1.964s)

    vN Entropy at center bond b=150 = 0.676330350835
    Eigs at center bond b=150: 0.7518 0.2187 0.0212 0.0059 0.0011 
    Largest link dim during sweep 5/87 was 20
    Largest truncation error: 1.51267e-06
    Energy after sweep 5/87 is -182.525348426180
    Sweep 5/87 CPU time = 14.00s (Wall time = 1.896s)

    vN Entropy at center bond b=150 = 0.676330352718
    Eigs at center bond b=150: 0.7518 0.2187 0.0212 0.0059 0.0011 
    Largest link dim during sweep 6/87 was 20
    Largest truncation error: 1.51268e-06
    Energy after sweep 6/87 is -182.525348426588
    Sweep 6/87 CPU time = 14.04s (Wall time = 1.793s)

    vN Entropy at center bond b=150 = 0.676330352819
    Eigs at center bond b=150: 0.7518 0.2187 0.0212 0.0059 0.0011 
    Largest link dim during sweep 7/87 was 20
    Largest truncation error: 1.51268e-06
    Energy after sweep 7/87 is -182.525348426638
    Sweep 7/87 CPU time = 14.14s (Wall time = 1.813s)

    vN Entropy at center bond b=150 = 0.676451924322
    Eigs at center bond b=150: 0.7518 0.2187 0.0213 0.0059 0.0011 
    Largest link dim during sweep 8/87 was 24
    Largest truncation error: 7.56337e-07
    Energy after sweep 8/87 is -182.525904722083
    Sweep 8/87 CPU time = 8.496s (Wall time = 1.093s)

    vN Entropy at center bond b=150 = 0.676466220853
    Eigs at center bond b=150: 0.7518 0.2187 0.0213 0.0059 0.0011 
    Largest link dim during sweep 9/87 was 24
    Largest truncation error: 7.50564e-07
    Energy after sweep 9/87 is -182.525905393032
    Sweep 9/87 CPU time = 8.586s (Wall time = 1.101s)

    vN Entropy at center bond b=150 = 0.676466919589
    Eigs at center bond b=150: 0.7518 0.2187 0.0213 0.0059 0.0011 
    Largest link dim during sweep 10/87 was 24
    Largest truncation error: 7.50733e-07
    Energy after sweep 10/87 is -182.525905316771
    Sweep 10/87 CPU time = 8.641s (Wall time = 1.105s)

    vN Entropy at center bond b=150 = 0.676466980189
    Eigs at center bond b=150: 0.7518 0.2187 0.0213 0.0059 0.0011 
    Largest link dim during sweep 11/87 was 24
    Largest truncation error: 7.5075e-07
    Energy after sweep 11/87 is -182.525905312112
    Sweep 11/87 CPU time = 8.665s (Wall time = 1.111s)

    vN Entropy at center bond b=150 = 0.676466987319
    Eigs at center bond b=150: 0.7518 0.2187 0.0213 0.0059 0.0011 
    Largest link dim during sweep 12/87 was 24
    Largest truncation error: 7.50752e-07
    Energy after sweep 12/87 is -182.525905311765
    Sweep 12/87 CPU time = 8.565s (Wall time = 1.098s)

    vN Entropy at center bond b=150 = 0.676466988267
    Eigs at center bond b=150: 0.7518 0.2187 0.0213 0.0059 0.0011 
    Largest link dim during sweep 13/87 was 24
    Largest truncation error: 7.50752e-07
    Energy after sweep 13/87 is -182.525905311733
    Sweep 13/87 CPU time = 8.629s (Wall time = 1.101s)

    vN Entropy at center bond b=150 = 0.676466988399
    Eigs at center bond b=150: 0.7518 0.2187 0.0213 0.0059 0.0011 
    Largest link dim during sweep 14/87 was 24
    Largest truncation error: 7.50752e-07
    Energy after sweep 14/87 is -182.525905311727
    Sweep 14/87 CPU time = 8.699s (Wall time = 1.110s)

    vN Entropy at center bond b=150 = 0.676381415908
    Eigs at center bond b=150: 0.7518 0.2187 0.0213 0.0059 0.0011 
    Largest link dim during sweep 15/87 was 24
    Largest truncation error: 7.50661e-07
    Energy after sweep 15/87 is -182.525877611824
    Sweep 15/87 CPU time = 8.449s (Wall time = 1.085s)

    vN Entropy at center bond b=150 = 0.676377893367
    Eigs at center bond b=150: 0.7518 0.2187 0.0213 0.0059 0.0011 
    Largest link dim during sweep 16/87 was 24
    Largest truncation error: 7.5101e-07
    Energy after sweep 16/87 is -182.525876967910
    Sweep 16/87 CPU time = 8.548s (Wall time = 1.091s)

    vN Entropy at center bond b=150 = 0.676377702829
    Eigs at center bond b=150: 0.7518 0.2187 0.0213 0.0059 0.0011 
    Largest link dim during sweep 17/87 was 24
    Largest truncation error: 7.51014e-07
    Energy after sweep 17/87 is -182.525876855687
    Sweep 17/87 CPU time = 8.441s (Wall time = 1.082s)

    vN Entropy at center bond b=150 = 0.676377670229
    Eigs at center bond b=150: 0.7518 0.2187 0.0213 0.0059 0.0011 
    Largest link dim during sweep 18/87 was 24
    Largest truncation error: 7.5101e-07
    Energy after sweep 18/87 is -182.525876831780
    Sweep 18/87 CPU time = 8.403s (Wall time = 1.098s)

    vN Entropy at center bond b=150 = 0.676377663741
    Eigs at center bond b=150: 0.7518 0.2187 0.0213 0.0059 0.0011 
    Largest link dim during sweep 19/87 was 24
    Largest truncation error: 7.51009e-07
    Energy after sweep 19/87 is -182.525876824902
    Sweep 19/87 CPU time = 8.368s (Wall time = 1.230s)

    vN Entropy at center bond b=150 = 0.676377662460
    Eigs at center bond b=150: 0.7518 0.2187 0.0213 0.0059 0.0011 
    Largest link dim during sweep 20/87 was 24
    Largest truncation error: 7.51009e-07
    Energy after sweep 20/87 is -182.525876821187
    Sweep 20/87 CPU time = 8.294s (Wall time = 1.221s)

    vN Entropy at center bond b=150 = 0.676377662210
    Eigs at center bond b=150: 0.7518 0.2187 0.0213 0.0059 0.0011 
    Largest link dim during sweep 21/87 was 24
    Largest truncation error: 7.51009e-07
    Energy after sweep 21/87 is -182.525876818653
    Sweep 21/87 CPU time = 8.312s (Wall time = 1.131s)

    vN Entropy at center bond b=150 = 0.676377662161
    Eigs at center bond b=150: 0.7518 0.2187 0.0213 0.0059 0.0011 
    Largest link dim during sweep 22/87 was 24
    Largest truncation error: 7.51009e-07
    Energy after sweep 22/87 is -182.525876817178
    Sweep 22/87 CPU time = 8.448s (Wall time = 1.081s)

    vN Entropy at center bond b=150 = 0.676377662152
    Eigs at center bond b=150: 0.7518 0.2187 0.0213 0.0059 0.0011 
    Largest link dim during sweep 23/87 was 24
    Largest truncation error: 7.51009e-07
    Energy after sweep 23/87 is -182.525876816420
    Sweep 23/87 CPU time = 8.328s (Wall time = 1.066s)

    vN Entropy at center bond b=150 = 0.676377662150
    Eigs at center bond b=150: 0.7518 0.2187 0.0213 0.0059 0.0011 
    Largest link dim during sweep 24/87 was 24
    Largest truncation error: 7.51009e-07
    Energy after sweep 24/87 is -182.525876816059
    Sweep 24/87 CPU time = 8.343s (Wall time = 1.064s)

    vN Entropy at center bond b=150 = 0.676377662150
    Eigs at center bond b=150: 0.7518 0.2187 0.0213 0.0059 0.0011 
    Largest link dim during sweep 25/87 was 24
    Largest truncation error: 7.51009e-07
    Energy after sweep 25/87 is -182.525876815896
    Sweep 25/87 CPU time = 8.413s (Wall time = 1.077s)

    vN Entropy at center bond b=150 = 0.676377662150
    Eigs at center bond b=150: 0.7518 0.2187 0.0213 0.0059 0.0011 
    Largest link dim during sweep 26/87 was 24
    Largest truncation error: 7.51009e-07
    Energy after sweep 26/87 is -182.525876815817
    Sweep 26/87 CPU time = 8.341s (Wall time = 1.067s)

    vN Entropy at center bond b=150 = 0.676377662150
    Eigs at center bond b=150: 0.7518 0.2187 0.0213 0.0059 0.0011 
    Largest link dim during sweep 27/87 was 24
    Largest truncation error: 7.51009e-07
    Energy after sweep 27/87 is -182.525876815779
    Sweep 27/87 CPU time = 8.933s (Wall time = 1.160s)

    vN Entropy at center bond b=150 = 0.676377662150
    Eigs at center bond b=150: 0.7518 0.2187 0.0213 0.0059 0.0011 
    Largest link dim during sweep 28/87 was 24
    Largest truncation error: 7.51009e-07
    Energy after sweep 28/87 is -182.525876815764
    Sweep 28/87 CPU time = 8.341s (Wall time = 1.068s)

    vN Entropy at center bond b=150 = 0.676377662150
    Eigs at center bond b=150: 0.7518 0.2187 0.0213 0.0059 0.0011 
    Largest link dim during sweep 29/87 was 24
    Largest truncation error: 7.51009e-07
    Energy after sweep 29/87 is -182.525876815757
    Sweep 29/87 CPU time = 8.290s (Wall time = 1.073s)

    vN Entropy at center bond b=150 = 0.676377662150
    Eigs at center bond b=150: 0.7518 0.2187 0.0213 0.0059 0.0011 
    Largest link dim during sweep 30/87 was 24
    Largest truncation error: 7.51009e-07
    Energy after sweep 30/87 is -182.525876815751
    Sweep 30/87 CPU time = 8.334s (Wall time = 1.222s)

    vN Entropy at center bond b=150 = 0.676377662150
    Eigs at center bond b=150: 0.7518 0.2187 0.0213 0.0059 0.0011 
    Largest link dim during sweep 31/87 was 24
    Largest truncation error: 7.51009e-07
    Energy after sweep 31/87 is -182.525876815748
    Sweep 31/87 CPU time = 8.331s (Wall time = 1.221s)

    vN Entropy at center bond b=150 = 0.676377662150
    Eigs at center bond b=150: 0.7518 0.2187 0.0213 0.0059 0.0011 
    Largest link dim during sweep 32/87 was 24
    Largest truncation error: 7.51009e-07
    Energy after sweep 32/87 is -182.525876815748
    Sweep 32/87 CPU time = 8.326s (Wall time = 1.224s)

    vN Entropy at center bond b=150 = 0.676377662150
    Eigs at center bond b=150: 0.7518 0.2187 0.0213 0.0059 0.0011 
    Largest link dim during sweep 33/87 was 24
    Largest truncation error: 7.51009e-07
    Energy after sweep 33/87 is -182.525876815747
    Sweep 33/87 CPU time = 8.359s (Wall time = 1.225s)

    vN Entropy at center bond b=150 = 0.676377662150
    Eigs at center bond b=150: 0.7518 0.2187 0.0213 0.0059 0.0011 
    Largest link dim during sweep 34/87 was 24
    Largest truncation error: 7.51009e-07
    Energy after sweep 34/87 is -182.525876815751
    Sweep 34/87 CPU time = 8.335s (Wall time = 1.226s)

    vN Entropy at center bond b=150 = 0.676377662150
    Eigs at center bond b=150: 0.7518 0.2187 0.0213 0.0059 0.0011 
    Largest link dim during sweep 35/87 was 24
    Largest truncation error: 7.51009e-07
    Energy after sweep 35/87 is -182.525876815748
    Sweep 35/87 CPU time = 8.327s (Wall time = 1.223s)

    vN Entropy at center bond b=150 = 0.676377662150
    Eigs at center bond b=150: 0.7518 0.2187 0.0213 0.0059 0.0011 
    Largest link dim during sweep 36/87 was 24
    Largest truncation error: 7.51009e-07
    Energy after sweep 36/87 is -182.525876815749
    Sweep 36/87 CPU time = 8.424s (Wall time = 1.178s)

    vN Entropy at center bond b=150 = 0.677245900693
    Eigs at center bond b=150: 0.7515 0.2189 0.0213 0.0059 0.0011 
    Largest link dim during sweep 37/87 was 45
    Largest truncation error: 7.52264e-09
    Energy after sweep 37/87 is -182.526971221473
    Sweep 37/87 CPU time = 19.23s (Wall time = 2.491s)

    vN Entropy at center bond b=150 = 0.677297875176
    Eigs at center bond b=150: 0.7515 0.2189 0.0213 0.0059 0.0011 
    Largest link dim during sweep 38/87 was 48
    Largest truncation error: 7.90052e-09
    Energy after sweep 38/87 is -182.526974426522
    Sweep 38/87 CPU time = 26.07s (Wall time = 3.393s)

    vN Entropy at center bond b=150 = 0.677300726822
    Eigs at center bond b=150: 0.7515 0.2189 0.0213 0.0059 0.0011 
    Largest link dim during sweep 39/87 was 48
    Largest truncation error: 7.50298e-09
    Energy after sweep 39/87 is -182.526974376841
    Sweep 39/87 CPU time = 26.26s (Wall time = 3.370s)

    vN Entropy at center bond b=150 = 0.677300847127
    Eigs at center bond b=150: 0.7515 0.2189 0.0213 0.0059 0.0011 
    Largest link dim during sweep 40/87 was 48
    Largest truncation error: 7.48803e-09
    Energy after sweep 40/87 is -182.526974379293
    Sweep 40/87 CPU time = 26.23s (Wall time = 3.360s)

    vN Entropy at center bond b=150 = 0.677300857940
    Eigs at center bond b=150: 0.7515 0.2189 0.0213 0.0059 0.0011 
    Largest link dim during sweep 41/87 was 48
    Largest truncation error: 7.48803e-09
    Energy after sweep 41/87 is -182.526974379859
    Sweep 41/87 CPU time = 26.36s (Wall time = 3.385s)

    vN Entropy at center bond b=150 = 0.677300859702
    Eigs at center bond b=150: 0.7515 0.2189 0.0213 0.0059 0.0011 
    Largest link dim during sweep 42/87 was 48
    Largest truncation error: 7.48803e-09
    Energy after sweep 42/87 is -182.526974380239
    Sweep 42/87 CPU time = 26.23s (Wall time = 3.361s)

    vN Entropy at center bond b=150 = 0.677300859982
    Eigs at center bond b=150: 0.7515 0.2189 0.0213 0.0059 0.0011 
    Largest link dim during sweep 43/87 was 48
    Largest truncation error: 7.48803e-09
    Energy after sweep 43/87 is -182.526974380364
    Sweep 43/87 CPU time = 26.29s (Wall time = 3.364s)

    vN Entropy at center bond b=150 = 0.677300860013
    Eigs at center bond b=150: 0.7515 0.2189 0.0213 0.0059 0.0011 
    Largest link dim during sweep 44/87 was 48
    Largest truncation error: 7.48803e-09
    Energy after sweep 44/87 is -182.526974380396
    Sweep 44/87 CPU time = 26.08s (Wall time = 3.349s)

    vN Entropy at center bond b=150 = 0.677300860011
    Eigs at center bond b=150: 0.7515 0.2189 0.0213 0.0059 0.0011 
    Largest link dim during sweep 45/87 was 48
    Largest truncation error: 7.48803e-09
    Energy after sweep 45/87 is -182.526974380408
    Sweep 45/87 CPU time = 26.41s (Wall time = 3.383s)

    vN Entropy at center bond b=150 = 0.677300860009
    Eigs at center bond b=150: 0.7515 0.2189 0.0213 0.0059 0.0011 
    Largest link dim during sweep 46/87 was 48
    Largest truncation error: 7.48803e-09
    Energy after sweep 46/87 is -182.526974380412
    Sweep 46/87 CPU time = 26.32s (Wall time = 3.376s)

    vN Entropy at center bond b=150 = 0.677300860008
    Eigs at center bond b=150: 0.7515 0.2189 0.0213 0.0059 0.0011 
    Largest link dim during sweep 47/87 was 48
    Largest truncation error: 7.48803e-09
    Energy after sweep 47/87 is -182.526974380411
    Sweep 47/87 CPU time = 26.32s (Wall time = 3.377s)

    vN Entropy at center bond b=150 = 0.677300860007
    Eigs at center bond b=150: 0.7515 0.2189 0.0213 0.0059 0.0011 
    Largest link dim during sweep 48/87 was 48
    Largest truncation error: 7.48803e-09
    Energy after sweep 48/87 is -182.526974380413
    Sweep 48/87 CPU time = 26.36s (Wall time = 3.377s)

    vN Entropy at center bond b=150 = 0.677300860007
    Eigs at center bond b=150: 0.7515 0.2189 0.0213 0.0059 0.0011 
    Largest link dim during sweep 49/87 was 48
    Largest truncation error: 7.48803e-09
    Energy after sweep 49/87 is -182.526974380414
    Sweep 49/87 CPU time = 26.41s (Wall time = 3.389s)

    vN Entropy at center bond b=150 = 0.677300860007
    Eigs at center bond b=150: 0.7515 0.2189 0.0213 0.0059 0.0011 
    Largest link dim during sweep 50/87 was 48
    Largest truncation error: 7.48803e-09
    Energy after sweep 50/87 is -182.526974380413
    Sweep 50/87 CPU time = 26.45s (Wall time = 3.393s)

    vN Entropy at center bond b=150 = 0.677300860007
    Eigs at center bond b=150: 0.7515 0.2189 0.0213 0.0059 0.0011 
    Largest link dim during sweep 51/87 was 48
    Largest truncation error: 7.48803e-09
    Energy after sweep 51/87 is -182.526974380413
    Sweep 51/87 CPU time = 26.38s (Wall time = 3.382s)

    vN Entropy at center bond b=150 = 0.677300860007
    Eigs at center bond b=150: 0.7515 0.2189 0.0213 0.0059 0.0011 
    Largest link dim during sweep 52/87 was 48
    Largest truncation error: 7.48803e-09
    Energy after sweep 52/87 is -182.526974380412
    Sweep 52/87 CPU time = 36.58s (Wall time = 5.266s)

    vN Entropy at center bond b=150 = 0.677300860007
    Eigs at center bond b=150: 0.7515 0.2189 0.0213 0.0059 0.0011 
    Largest link dim during sweep 53/87 was 48
    Largest truncation error: 7.48803e-09
    Energy after sweep 53/87 is -182.526974380413
    Sweep 53/87 CPU time = 24.94s (Wall time = 3.196s)

    vN Entropy at center bond b=150 = 0.677300860007
    Eigs at center bond b=150: 0.7515 0.2189 0.0213 0.0059 0.0011 
    Largest link dim during sweep 54/87 was 48
    Largest truncation error: 7.48803e-09
    Energy after sweep 54/87 is -182.526974380412
    Sweep 54/87 CPU time = 25.03s (Wall time = 3.205s)

    vN Entropy at center bond b=150 = 0.677300860007
    Eigs at center bond b=150: 0.7515 0.2189 0.0213 0.0059 0.0011 
    Largest link dim during sweep 55/87 was 48
    Largest truncation error: 7.48803e-09
    Energy after sweep 55/87 is -182.526974380412
    Sweep 55/87 CPU time = 24.99s (Wall time = 3.204s)

    vN Entropy at center bond b=150 = 0.677300860007
    Eigs at center bond b=150: 0.7515 0.2189 0.0213 0.0059 0.0011 
    Largest link dim during sweep 56/87 was 48
    Largest truncation error: 7.48803e-09
    Energy after sweep 56/87 is -182.526974380413
    Sweep 56/87 CPU time = 24.99s (Wall time = 3.207s)

    vN Entropy at center bond b=150 = 0.677300860007
    Eigs at center bond b=150: 0.7515 0.2189 0.0213 0.0059 0.0011 
    Largest link dim during sweep 57/87 was 48
    Largest truncation error: 7.48803e-09
    Energy after sweep 57/87 is -182.526974380411
    Sweep 57/87 CPU time = 25.03s (Wall time = 3.216s)

    vN Entropy at center bond b=150 = 0.677300860007
    Eigs at center bond b=150: 0.7515 0.2189 0.0213 0.0059 0.0011 
    Largest link dim during sweep 58/87 was 48
    Largest truncation error: 7.48803e-09
    Energy after sweep 58/87 is -182.526974380414
    Sweep 58/87 CPU time = 24.94s (Wall time = 3.199s)

    vN Entropy at center bond b=150 = 0.677344565244
    Eigs at center bond b=150: 0.7515 0.2189 0.0213 0.0059 0.0011 
    Largest link dim during sweep 59/87 was 87
    Largest truncation error: 7.51878e-11
    Energy after sweep 59/87 is -182.526986756732
    Sweep 59/87 CPU time = 1m, 19.2s (Wall time = 10.17s)

    vN Entropy at center bond b=150 = 0.677345798737
    Eigs at center bond b=150: 0.7515 0.2189 0.0213 0.0059 0.0011 
    Largest link dim during sweep 60/87 was 89
    Largest truncation error: 7.52974e-11
    Energy after sweep 60/87 is -182.526986786326
    Sweep 60/87 CPU time = 1m, 41.7s (Wall time = 13.03s)

    vN Entropy at center bond b=150 = 0.677345836980
    Eigs at center bond b=150: 0.7515 0.2189 0.0213 0.0059 0.0011 
    Largest link dim during sweep 61/87 was 89
    Largest truncation error: 7.54342e-11
    Energy after sweep 61/87 is -182.526986790180
    Sweep 61/87 CPU time = 1m, 40.8s (Wall time = 12.93s)

    vN Entropy at center bond b=150 = 0.677345847091
    Eigs at center bond b=150: 0.7515 0.2189 0.0213 0.0059 0.0011 
    Largest link dim during sweep 62/87 was 89
    Largest truncation error: 7.5452e-11
    Energy after sweep 62/87 is -182.526986790020
    Sweep 62/87 CPU time = 1m, 44.8s (Wall time = 14.08s)

    vN Entropy at center bond b=150 = 0.677345847832
    Eigs at center bond b=150: 0.7515 0.2189 0.0213 0.0059 0.0011 
    Largest link dim during sweep 63/87 was 89
    Largest truncation error: 7.54552e-11
    Energy after sweep 63/87 is -182.526986789985
    Sweep 63/87 CPU time = 1m, 43.6s (Wall time = 13.28s)

    vN Entropy at center bond b=150 = 0.677345847949
    Eigs at center bond b=150: 0.7515 0.2189 0.0213 0.0059 0.0011 
    Largest link dim during sweep 64/87 was 89
    Largest truncation error: 7.54559e-11
    Energy after sweep 64/87 is -182.526986789981
    Sweep 64/87 CPU time = 1m, 50.1s (Wall time = 15.32s)

    vN Entropy at center bond b=150 = 0.677345847969
    Eigs at center bond b=150: 0.7515 0.2189 0.0213 0.0059 0.0011 
    Largest link dim during sweep 65/87 was 89
    Largest truncation error: 7.5456e-11
    Energy after sweep 65/87 is -182.526986789978
    Sweep 65/87 CPU time = 1m, 43.0s (Wall time = 13.36s)

    vN Entropy at center bond b=150 = 0.677345847973
    Eigs at center bond b=150: 0.7515 0.2189 0.0213 0.0059 0.0011 
    Largest link dim during sweep 66/87 was 89
    Largest truncation error: 7.54558e-11
    Energy after sweep 66/87 is -182.526986789980
    Sweep 66/87 CPU time = 1m, 45.3s (Wall time = 14.09s)

    vN Entropy at center bond b=150 = 0.677345847974
    Eigs at center bond b=150: 0.7515 0.2189 0.0213 0.0059 0.0011 
    Largest link dim during sweep 67/87 was 89
    Largest truncation error: 7.54561e-11
    Energy after sweep 67/87 is -182.526986789978
    Sweep 67/87 CPU time = 1m, 41.6s (Wall time = 14.29s)

    vN Entropy at center bond b=150 = 0.677345847974
    Eigs at center bond b=150: 0.7515 0.2189 0.0213 0.0059 0.0011 
    Largest link dim during sweep 68/87 was 89
    Largest truncation error: 7.54564e-11
    Energy after sweep 68/87 is -182.526986789976
    Sweep 68/87 CPU time = 1m, 44.3s (Wall time = 13.59s)

    vN Entropy at center bond b=150 = 0.677345847974
    Eigs at center bond b=150: 0.7515 0.2189 0.0213 0.0059 0.0011 
    Largest link dim during sweep 69/87 was 89
    Largest truncation error: 7.54563e-11
    Energy after sweep 69/87 is -182.526986789980
    Sweep 69/87 CPU time = 1m, 42.8s (Wall time = 13.17s)

    vN Entropy at center bond b=150 = 0.677345847974
    Eigs at center bond b=150: 0.7515 0.2189 0.0213 0.0059 0.0011 
    Largest link dim during sweep 70/87 was 89
    Largest truncation error: 7.54562e-11
    Energy after sweep 70/87 is -182.526986789978
    Sweep 70/87 CPU time = 1m, 40.8s (Wall time = 13.19s)

    vN Entropy at center bond b=150 = 0.677345847974
    Eigs at center bond b=150: 0.7515 0.2189 0.0213 0.0059 0.0011 
    Largest link dim during sweep 71/87 was 89
    Largest truncation error: 7.54561e-11
    Energy after sweep 71/87 is -182.526986789979
    Sweep 71/87 CPU time = 1m, 36.7s (Wall time = 12.38s)

    vN Entropy at center bond b=150 = 0.677345847974
    Eigs at center bond b=150: 0.7515 0.2189 0.0213 0.0059 0.0011 
    Largest link dim during sweep 72/87 was 89
    Largest truncation error: 7.54562e-11
    Energy after sweep 72/87 is -182.526986789980
    Sweep 72/87 CPU time = 1m, 37.2s (Wall time = 12.46s)

    vN Entropy at center bond b=150 = 0.677345847974
    Eigs at center bond b=150: 0.7515 0.2189 0.0213 0.0059 0.0011 
    Largest link dim during sweep 73/87 was 89
    Largest truncation error: 7.54562e-11
    Energy after sweep 73/87 is -182.526986789978
    Sweep 73/87 CPU time = 1m, 36.3s (Wall time = 12.34s)

    vN Entropy at center bond b=150 = 0.677345847974
    Eigs at center bond b=150: 0.7515 0.2189 0.0213 0.0059 0.0011 
    Largest link dim during sweep 74/87 was 89
    Largest truncation error: 7.5456e-11
    Energy after sweep 74/87 is -182.526986789979
    Sweep 74/87 CPU time = 1m, 37.2s (Wall time = 12.50s)

    vN Entropy at center bond b=150 = 0.677349024979
    Eigs at center bond b=150: 0.7515 0.2189 0.0213 0.0059 0.0011 
    Largest link dim during sweep 75/87 was 155
    Largest truncation error: 7.64563e-13
    Energy after sweep 75/87 is -182.526986939834
    Sweep 75/87 CPU time = 2m, 53.7s (Wall time = 23.23s)

    vN Entropy at center bond b=150 = 0.677349082054
    Eigs at center bond b=150: 0.7515 0.2189 0.0213 0.0059 0.0011 
    Largest link dim during sweep 76/87 was 156
    Largest truncation error: 7.50583e-13
    Energy after sweep 76/87 is -182.526986940185
    Sweep 76/87 CPU time = 3m, 29.3s (Wall time = 27.37s)

    vN Entropy at center bond b=150 = 0.677349085465
    Eigs at center bond b=150: 0.7515 0.2189 0.0213 0.0059 0.0011 
    Largest link dim during sweep 77/87 was 157
    Largest truncation error: 7.52028e-13
    Energy after sweep 77/87 is -182.526986940192
    Sweep 77/87 CPU time = 3m, 31.8s (Wall time = 27.64s)

    vN Entropy at center bond b=150 = 0.677349085950
    Eigs at center bond b=150: 0.7515 0.2189 0.0213 0.0059 0.0011 
    Largest link dim during sweep 78/87 was 157
    Largest truncation error: 7.5439e-13
    Energy after sweep 78/87 is -182.526986940196
    Sweep 78/87 CPU time = 3m, 31.4s (Wall time = 27.21s)

    vN Entropy at center bond b=150 = 0.677349086069
    Eigs at center bond b=150: 0.7515 0.2189 0.0213 0.0059 0.0011 
    Largest link dim during sweep 79/87 was 157
    Largest truncation error: 7.51367e-13
    Energy after sweep 79/87 is -182.526986940196
    Sweep 79/87 CPU time = 3m, 29.7s (Wall time = 27.05s)

    vN Entropy at center bond b=150 = 0.677349086118
    Eigs at center bond b=150: 0.7515 0.2189 0.0213 0.0059 0.0011 
    Largest link dim during sweep 80/87 was 157
    Largest truncation error: 7.51782e-13
    Energy after sweep 80/87 is -182.526986940195
    Sweep 80/87 CPU time = 3m, 25.2s (Wall time = 26.88s)

    vN Entropy at center bond b=150 = 0.677349086144
    Eigs at center bond b=150: 0.7515 0.2189 0.0213 0.0059 0.0011 
    Largest link dim during sweep 81/87 was 157
    Largest truncation error: 7.51653e-13
    Energy after sweep 81/87 is -182.526986940196
    Sweep 81/87 CPU time = 3m, 28.9s (Wall time = 26.97s)

    vN Entropy at center bond b=150 = 0.677349086159
    Eigs at center bond b=150: 0.7515 0.2189 0.0213 0.0059 0.0011 
    Largest link dim during sweep 82/87 was 157
    Largest truncation error: 7.51856e-13
    Energy after sweep 82/87 is -182.526986940197
    Sweep 82/87 CPU time = 3m, 31.1s (Wall time = 27.15s)

    vN Entropy at center bond b=150 = 0.677349406119
    Eigs at center bond b=150: 0.7515 0.2189 0.0213 0.0059 0.0011 
    Largest link dim during sweep 83/87 was 143
    Largest truncation error: 7.51234e-13
    Energy after sweep 83/87 is -182.526986939683
    Sweep 83/87 CPU time = 2m, 46.8s (Wall time = 21.35s)

    vN Entropy at center bond b=150 = 0.677349412480
    Eigs at center bond b=150: 0.7515 0.2189 0.0213 0.0059 0.0011 
    Largest link dim during sweep 84/87 was 242
    Largest truncation error: 7.65361e-15
    Energy after sweep 84/87 is -182.526986942066
    Sweep 84/87 CPU time = 7m, 6.7s (Wall time = 58.01s)

    vN Entropy at center bond b=150 = 0.677349413902
    Eigs at center bond b=150: 0.7515 0.2189 0.0213 0.0059 0.0011 
    Largest link dim during sweep 85/87 was 245
    Largest truncation error: 7.55308e-15
    Energy after sweep 85/87 is -182.526986942073
    Sweep 85/87 CPU time = 11m, 36s (Wall time = 1m, 33.7s)

    vN Entropy at center bond b=150 = 0.677349413977
    Eigs at center bond b=150: 0.7515 0.2189 0.0213 0.0059 0.0011 
    Largest link dim during sweep 86/87 was 244
    Largest truncation error: 7.57697e-15
    Energy after sweep 86/87 is -182.526986942074
    Sweep 86/87 CPU time = 10m, 0s (Wall time = 1m, 17.6s)

    vN Entropy at center bond b=150 = 0.677349413990
    Eigs at center bond b=150: 0.7515 0.2189 0.0213 0.0059 0.0011 
    Largest link dim during sweep 87/87 was 244
    Largest truncation error: 7.55828e-15
    Energy after sweep 87/87 is -182.526986942069
    Sweep 87/87 CPU time = 10m, 34s (Wall time = 1m, 28.6s)
Initial energy = 86.13000

Ground State Energy = -182.5269869421
run_outputs/outputpsi/N_300_sweep_87_t_0.030000_J_1.000000_V_0.600000_D_0.018000_U_0.290000_mu_0.000000_E_0.000000 converge
Wall-clock time (s) = 4677.276174
