//////////////////////////
Reading input file ......

Got input.N = 300
Got input.t = 0.03
Got input.J = 1
Got input.V = 0.6
Got input.D = 0.018
Got input.U = 0.17
Got input.mu = 0
Got input.E = 0
Got input.nsweeps = 87
Sweeps:
1  MaxDim=20, MinDim=20, Cutoff=1.0E-06, Niter=8, Noise=1.0E-05
2  MaxDim=20, MinDim=20, Cutoff=1.0E-06, Niter=8, Noise=1.0E-05
3  MaxDim=20, MinDim=20, Cutoff=1.0E-06, Niter=8, Noise=1.0E-05
4  MaxDim=20, MinDim=20, Cutoff=1.0E-06, Niter=8, Noise=1.0E-05
5  MaxDim=20, MinDim=20, Cutoff=1.0E-06, Niter=8, Noise=1.0E-05
6  MaxDim=20, MinDim=20, Cutoff=1.0E-06, Niter=8, Noise=1.0E-05
7  MaxDim=20, MinDim=20, Cutoff=1.0E-06, Niter=8, Noise=1.0E-05
8  MaxDim=40, MinDim=20, Cutoff=1.0E-06, Niter=4, Noise=1.0E-05
9  MaxDim=40, MinDim=20, Cutoff=1.0E-06, Niter=4, Noise=1.0E-05
10  MaxDim=40, MinDim=20, Cutoff=1.0E-06, Niter=4, Noise=1.0E-05
11  MaxDim=40, MinDim=20, Cutoff=1.0E-06, Niter=4, Noise=1.0E-05
12  MaxDim=40, MinDim=20, Cutoff=1.0E-06, Niter=4, Noise=1.0E-05
13  MaxDim=40, MinDim=20, Cutoff=1.0E-06, Niter=4, Noise=1.0E-05
14  MaxDim=40, MinDim=20, Cutoff=1.0E-06, Niter=4, Noise=1.0E-05
15  MaxDim=80, MinDim=10, Cutoff=1.0E-06, Niter=4, Noise=1.0E-05
16  MaxDim=80, MinDim=10, Cutoff=1.0E-06, Niter=4, Noise=1.0E-05
17  MaxDim=80, MinDim=10, Cutoff=1.0E-06, Niter=4, Noise=1.0E-05
18  MaxDim=80, MinDim=10, Cutoff=1.0E-06, Niter=4, Noise=1.0E-05
19  MaxDim=80, MinDim=10, Cutoff=1.0E-06, Niter=4, Noise=1.0E-05
20  MaxDim=80, MinDim=10, Cutoff=1.0E-06, Niter=4, Noise=1.0E-05
21  MaxDim=80, MinDim=10, Cutoff=1.0E-06, Niter=4, Noise=1.0E-05
22  MaxDim=80, MinDim=10, Cutoff=1.0E-06, Niter=4, Noise=1.0E-05
23  MaxDim=80, MinDim=10, Cutoff=1.0E-06, Niter=4, Noise=1.0E-05
24  MaxDim=80, MinDim=10, Cutoff=1.0E-06, Niter=4, Noise=1.0E-05
25  MaxDim=80, MinDim=10, Cutoff=1.0E-06, Niter=4, Noise=1.0E-05
26  MaxDim=80, MinDim=10, Cutoff=1.0E-06, Niter=4, Noise=1.0E-05
27  MaxDim=80, MinDim=10, Cutoff=1.0E-06, Niter=4, Noise=1.0E-05
28  MaxDim=80, MinDim=10, Cutoff=1.0E-06, Niter=4, Noise=1.0E-05
29  MaxDim=80, MinDim=10, Cutoff=1.0E-06, Niter=4, Noise=1.0E-05
30  MaxDim=80, MinDim=10, Cutoff=1.0E-06, Niter=4, Noise=1.0E-05
31  MaxDim=80, MinDim=10, Cutoff=1.0E-06, Niter=4, Noise=1.0E-05
32  MaxDim=80, MinDim=10, Cutoff=1.0E-06, Niter=4, Noise=1.0E-05
33  MaxDim=80, MinDim=10, Cutoff=1.0E-06, Niter=4, Noise=1.0E-05
34  MaxDim=80, MinDim=10, Cutoff=1.0E-06, Niter=4, Noise=1.0E-05
35  MaxDim=80, MinDim=10, Cutoff=1.0E-06, Niter=4, Noise=1.0E-05
36  MaxDim=80, MinDim=10, Cutoff=1.0E-06, Niter=4, Noise=1.0E-05
37  MaxDim=160, MinDim=10, Cutoff=1.0E-08, Niter=4, Noise=1.0E-06
38  MaxDim=160, MinDim=10, Cutoff=1.0E-08, Niter=4, Noise=1.0E-06
39  MaxDim=160, MinDim=10, Cutoff=1.0E-08, Niter=4, Noise=1.0E-06
40  MaxDim=160, MinDim=10, Cutoff=1.0E-08, Niter=4, Noise=1.0E-06
41  MaxDim=160, MinDim=10, Cutoff=1.0E-08, Niter=4, Noise=1.0E-06
42  MaxDim=160, MinDim=10, Cutoff=1.0E-08, Niter=4, Noise=1.0E-06
43  MaxDim=160, MinDim=10, Cutoff=1.0E-08, Niter=4, Noise=1.0E-06
44  MaxDim=160, MinDim=10, Cutoff=1.0E-08, Niter=4, Noise=1.0E-06
45  MaxDim=160, MinDim=10, Cutoff=1.0E-08, Niter=4, Noise=1.0E-06
46  MaxDim=160, MinDim=10, Cutoff=1.0E-08, Niter=4, Noise=1.0E-06
47  MaxDim=160, MinDim=10, Cutoff=1.0E-08, Niter=4, Noise=1.0E-06
48  MaxDim=160, MinDim=10, Cutoff=1.0E-08, Niter=4, Noise=1.0E-06
49  MaxDim=160, MinDim=10, Cutoff=1.0E-08, Niter=4, Noise=1.0E-06
50  MaxDim=160, MinDim=10, Cutoff=1.0E-08, Niter=4, Noise=1.0E-06
51  MaxDim=160, MinDim=10, Cutoff=1.0E-08, Niter=4, Noise=1.0E-06
52  MaxDim=160, MinDim=10, Cutoff=1.0E-08, Niter=4, Noise=1.0E-06
53  MaxDim=160, MinDim=10, Cutoff=1.0E-08, Niter=4, Noise=1.0E-06
54  MaxDim=160, MinDim=10, Cutoff=1.0E-08, Niter=4, Noise=1.0E-06
55  MaxDim=160, MinDim=10, Cutoff=1.0E-08, Niter=4, Noise=1.0E-06
56  MaxDim=160, MinDim=10, Cutoff=1.0E-08, Niter=4, Noise=1.0E-06
57  MaxDim=160, MinDim=10, Cutoff=1.0E-08, Niter=4, Noise=1.0E-06
58  MaxDim=160, MinDim=10, Cutoff=1.0E-08, Niter=4, Noise=1.0E-06
59  MaxDim=320, MinDim=10, Cutoff=1.0E-10, Niter=4, Noise=1.0E-07
60  MaxDim=320, MinDim=10, Cutoff=1.0E-10, Niter=4, Noise=1.0E-07
61  MaxDim=320, MinDim=10, Cutoff=1.0E-10, Niter=4, Noise=1.0E-07
62  MaxDim=320, MinDim=10, Cutoff=1.0E-10, Niter=4, Noise=1.0E-07
63  MaxDim=320, MinDim=10, Cutoff=1.0E-10, Niter=4, Noise=1.0E-07
64  MaxDim=320, MinDim=10, Cutoff=1.0E-10, Niter=4, Noise=1.0E-07
65  MaxDim=320, MinDim=10, Cutoff=1.0E-10, Niter=4, Noise=1.0E-07
66  MaxDim=320, MinDim=10, Cutoff=1.0E-10, Niter=4, Noise=1.0E-07
67  MaxDim=320, MinDim=10, Cutoff=1.0E-10, Niter=4, Noise=1.0E-07
68  MaxDim=320, MinDim=10, Cutoff=1.0E-10, Niter=4, Noise=1.0E-07
69  MaxDim=320, MinDim=10, Cutoff=1.0E-10, Niter=4, Noise=1.0E-07
70  MaxDim=320, MinDim=10, Cutoff=1.0E-10, Niter=4, Noise=1.0E-07
71  MaxDim=320, MinDim=10, Cutoff=1.0E-10, Niter=4, Noise=1.0E-07
72  MaxDim=320, MinDim=10, Cutoff=1.0E-10, Niter=4, Noise=1.0E-07
73  MaxDim=320, MinDim=10, Cutoff=1.0E-10, Niter=4, Noise=1.0E-07
74  MaxDim=320, MinDim=10, Cutoff=1.0E-10, Niter=4, Noise=1.0E-07
75  MaxDim=640, MinDim=10, Cutoff=1.0E-12, Niter=2, Noise=1.0E-08
76  MaxDim=640, MinDim=10, Cutoff=1.0E-12, Niter=2, Noise=1.0E-08
77  MaxDim=640, MinDim=10, Cutoff=1.0E-12, Niter=2, Noise=1.0E-08
78  MaxDim=640, MinDim=10, Cutoff=1.0E-12, Niter=2, Noise=1.0E-08
79  MaxDim=640, MinDim=10, Cutoff=1.0E-12, Niter=2, Noise=1.0E-08
80  MaxDim=640, MinDim=10, Cutoff=1.0E-12, Niter=2, Noise=1.0E-08
81  MaxDim=640, MinDim=10, Cutoff=1.0E-12, Niter=2, Noise=1.0E-08
82  MaxDim=640, MinDim=10, Cutoff=1.0E-12, Niter=2, Noise=1.0E-08
83  MaxDim=1280, MinDim=10, Cutoff=1.0E-12, Niter=2, Noise=0.0E+00
84  MaxDim=1280, MinDim=10, Cutoff=1.0E-14, Niter=2, Noise=0.0E+00
85  MaxDim=1280, MinDim=10, Cutoff=1.0E-14, Niter=2, Noise=0.0E+00
86  MaxDim=1280, MinDim=10, Cutoff=1.0E-14, Niter=2, Noise=0.0E+00
87  MaxDim=1280, MinDim=10, Cutoff=1.0E-14, Niter=2, Noise=0.0E+00


    vN Entropy at center bond b=150 = 0.632684162037
    Eigs at center bond b=150: 0.7811 0.1910 0.0206 0.0048 0.0015 
    Largest link dim during sweep 1/87 was 20
    Largest truncation error: 2.77537e-05
    Energy after sweep 1/87 is -186.975710536807
    Sweep 1/87 CPU time = 8.916s (Wall time = 1.153s)

    vN Entropy at center bond b=150 = 0.686575746400
    Eigs at center bond b=150: 0.7509 0.2181 0.0210 0.0059 0.0022 
    Largest link dim during sweep 2/87 was 20
    Largest truncation error: 1.82921e-06
    Energy after sweep 2/87 is -187.018299730900
    Sweep 2/87 CPU time = 12.51s (Wall time = 1.598s)

    vN Entropy at center bond b=150 = 0.687201840577
    Eigs at center bond b=150: 0.7508 0.2181 0.0211 0.0059 0.0023 
    Largest link dim during sweep 3/87 was 20
    Largest truncation error: 1.80044e-06
    Energy after sweep 3/87 is -187.018307537624
    Sweep 3/87 CPU time = 12.45s (Wall time = 1.596s)

    vN Entropy at center bond b=150 = 0.687210572475
    Eigs at center bond b=150: 0.7508 0.2181 0.0211 0.0059 0.0023 
    Largest link dim during sweep 4/87 was 20
    Largest truncation error: 1.79998e-06
    Energy after sweep 4/87 is -187.018307414016
    Sweep 4/87 CPU time = 12.43s (Wall time = 1.592s)

    vN Entropy at center bond b=150 = 0.687210874128
    Eigs at center bond b=150: 0.7508 0.2181 0.0211 0.0059 0.0023 
    Largest link dim during sweep 5/87 was 20
    Largest truncation error: 1.79994e-06
    Energy after sweep 5/87 is -187.018307409378
    Sweep 5/87 CPU time = 12.37s (Wall time = 1.588s)

    vN Entropy at center bond b=150 = 0.687210885080
    Eigs at center bond b=150: 0.7508 0.2181 0.0211 0.0059 0.0023 
    Largest link dim during sweep 6/87 was 20
    Largest truncation error: 1.79993e-06
    Energy after sweep 6/87 is -187.018307409275
    Sweep 6/87 CPU time = 12.40s (Wall time = 1.589s)

    vN Entropy at center bond b=150 = 0.687210885481
    Eigs at center bond b=150: 0.7508 0.2181 0.0211 0.0059 0.0023 
    Largest link dim during sweep 7/87 was 20
    Largest truncation error: 1.79993e-06
    Energy after sweep 7/87 is -187.018307409290
    Sweep 7/87 CPU time = 12.38s (Wall time = 1.591s)

    vN Entropy at center bond b=150 = 0.687396657880
    Eigs at center bond b=150: 0.7507 0.2181 0.0211 0.0059 0.0023 
    Largest link dim during sweep 8/87 was 25
    Largest truncation error: 7.49597e-07
    Energy after sweep 8/87 is -187.018895444879
    Sweep 8/87 CPU time = 7.366s (Wall time = 0.941s)

    vN Entropy at center bond b=150 = 0.687414871116
    Eigs at center bond b=150: 0.7507 0.2181 0.0211 0.0059 0.0023 
    Largest link dim during sweep 9/87 was 25
    Largest truncation error: 7.49576e-07
    Energy after sweep 9/87 is -187.018899069890
    Sweep 9/87 CPU time = 7.569s (Wall time = 0.968s)

    vN Entropy at center bond b=150 = 0.687415251481
    Eigs at center bond b=150: 0.7507 0.2181 0.0211 0.0059 0.0023 
    Largest link dim during sweep 10/87 was 25
    Largest truncation error: 7.49489e-07
    Energy after sweep 10/87 is -187.018899122384
    Sweep 10/87 CPU time = 7.524s (Wall time = 0.964s)

    vN Entropy at center bond b=150 = 0.687415151892
    Eigs at center bond b=150: 0.7507 0.2181 0.0211 0.0059 0.0023 
    Largest link dim during sweep 11/87 was 25
    Largest truncation error: 7.49467e-07
    Energy after sweep 11/87 is -187.018899150112
    Sweep 11/87 CPU time = 7.535s (Wall time = 0.962s)

    vN Entropy at center bond b=150 = 0.687415110204
    Eigs at center bond b=150: 0.7507 0.2181 0.0211 0.0059 0.0023 
    Largest link dim during sweep 12/87 was 25
    Largest truncation error: 7.49461e-07
    Energy after sweep 12/87 is -187.018899196901
    Sweep 12/87 CPU time = 7.576s (Wall time = 0.968s)

    vN Entropy at center bond b=150 = 0.687415098029
    Eigs at center bond b=150: 0.7507 0.2181 0.0211 0.0059 0.0023 
    Largest link dim during sweep 13/87 was 25
    Largest truncation error: 7.4946e-07
    Energy after sweep 13/87 is -187.018899177078
    Sweep 13/87 CPU time = 7.517s (Wall time = 0.970s)

    vN Entropy at center bond b=150 = 0.687415094743
    Eigs at center bond b=150: 0.7507 0.2181 0.0211 0.0059 0.0023 
    Largest link dim during sweep 14/87 was 25
    Largest truncation error: 7.49459e-07
    Energy after sweep 14/87 is -187.018899175661
    Sweep 14/87 CPU time = 7.563s (Wall time = 0.967s)

    vN Entropy at center bond b=150 = 0.687352340290
    Eigs at center bond b=150: 0.7507 0.2181 0.0211 0.0059 0.0023 
    Largest link dim during sweep 15/87 was 25
    Largest truncation error: 7.48734e-07
    Energy after sweep 15/87 is -187.018870621532
    Sweep 15/87 CPU time = 7.450s (Wall time = 0.952s)

    vN Entropy at center bond b=150 = 0.687351743290
    Eigs at center bond b=150: 0.7507 0.2181 0.0211 0.0059 0.0023 
    Largest link dim during sweep 16/87 was 25
    Largest truncation error: 7.48189e-07
    Energy after sweep 16/87 is -187.018870543363
    Sweep 16/87 CPU time = 7.440s (Wall time = 0.952s)

    vN Entropy at center bond b=150 = 0.687351488982
    Eigs at center bond b=150: 0.7507 0.2181 0.0211 0.0059 0.0023 
    Largest link dim during sweep 17/87 was 25
    Largest truncation error: 7.48117e-07
    Energy after sweep 17/87 is -187.018869260746
    Sweep 17/87 CPU time = 7.458s (Wall time = 0.952s)

    vN Entropy at center bond b=150 = 0.687351398345
    Eigs at center bond b=150: 0.7507 0.2181 0.0211 0.0059 0.0023 
    Largest link dim during sweep 18/87 was 25
    Largest truncation error: 7.66681e-07
    Energy after sweep 18/87 is -187.018870536942
    Sweep 18/87 CPU time = 7.418s (Wall time = 0.949s)

    vN Entropy at center bond b=150 = 0.687351371924
    Eigs at center bond b=150: 0.7507 0.2181 0.0211 0.0059 0.0023 
    Largest link dim during sweep 19/87 was 25
    Largest truncation error: 7.66185e-07
    Energy after sweep 19/87 is -187.018869251749
    Sweep 19/87 CPU time = 7.445s (Wall time = 0.951s)

    vN Entropy at center bond b=150 = 0.687351364638
    Eigs at center bond b=150: 0.7507 0.2181 0.0211 0.0059 0.0023 
    Largest link dim during sweep 20/87 was 25
    Largest truncation error: 7.65531e-07
    Energy after sweep 20/87 is -187.018870536936
    Sweep 20/87 CPU time = 7.430s (Wall time = 0.948s)

    vN Entropy at center bond b=150 = 0.687351362675
    Eigs at center bond b=150: 0.7507 0.2181 0.0211 0.0059 0.0023 
    Largest link dim during sweep 21/87 was 25
    Largest truncation error: 7.66115e-07
    Energy after sweep 21/87 is -187.018869251778
    Sweep 21/87 CPU time = 7.439s (Wall time = 0.953s)

    vN Entropy at center bond b=150 = 0.687351362138
    Eigs at center bond b=150: 0.7507 0.2181 0.0211 0.0059 0.0023 
    Largest link dim during sweep 22/87 was 25
    Largest truncation error: 7.65509e-07
    Energy after sweep 22/87 is -187.018870536945
    Sweep 22/87 CPU time = 7.431s (Wall time = 0.951s)

    vN Entropy at center bond b=150 = 0.687351362002
    Eigs at center bond b=150: 0.7507 0.2181 0.0211 0.0059 0.0023 
    Largest link dim during sweep 23/87 was 25
    Largest truncation error: 7.66108e-07
    Energy after sweep 23/87 is -187.018869251785
    Sweep 23/87 CPU time = 7.396s (Wall time = 0.948s)

    vN Entropy at center bond b=150 = 0.687351361957
    Eigs at center bond b=150: 0.7507 0.2181 0.0211 0.0059 0.0023 
    Largest link dim during sweep 24/87 was 25
    Largest truncation error: 7.65507e-07
    Energy after sweep 24/87 is -187.018870536946
    Sweep 24/87 CPU time = 7.424s (Wall time = 0.950s)

    vN Entropy at center bond b=150 = 0.687351361953
    Eigs at center bond b=150: 0.7507 0.2181 0.0211 0.0059 0.0023 
    Largest link dim during sweep 25/87 was 25
    Largest truncation error: 7.66107e-07
    Energy after sweep 25/87 is -187.018869251792
    Sweep 25/87 CPU time = 7.457s (Wall time = 0.952s)

    vN Entropy at center bond b=150 = 0.687351361944
    Eigs at center bond b=150: 0.7507 0.2181 0.0211 0.0059 0.0023 
    Largest link dim during sweep 26/87 was 25
    Largest truncation error: 7.65507e-07
    Energy after sweep 26/87 is -187.018870536949
    Sweep 26/87 CPU time = 7.397s (Wall time = 0.947s)

    vN Entropy at center bond b=150 = 0.687351361950
    Eigs at center bond b=150: 0.7507 0.2181 0.0211 0.0059 0.0023 
    Largest link dim during sweep 27/87 was 25
    Largest truncation error: 7.66107e-07
    Energy after sweep 27/87 is -187.018869251789
    Sweep 27/87 CPU time = 7.435s (Wall time = 0.950s)

    vN Entropy at center bond b=150 = 0.687351361943
    Eigs at center bond b=150: 0.7507 0.2181 0.0211 0.0059 0.0023 
    Largest link dim during sweep 28/87 was 25
    Largest truncation error: 7.65507e-07
    Energy after sweep 28/87 is -187.018870536944
    Sweep 28/87 CPU time = 7.461s (Wall time = 0.958s)

    vN Entropy at center bond b=150 = 0.687351361949
    Eigs at center bond b=150: 0.7507 0.2181 0.0211 0.0059 0.0023 
    Largest link dim during sweep 29/87 was 25
    Largest truncation error: 7.66107e-07
    Energy after sweep 29/87 is -187.018869251788
    Sweep 29/87 CPU time = 7.409s (Wall time = 0.950s)

    vN Entropy at center bond b=150 = 0.687351361943
    Eigs at center bond b=150: 0.7507 0.2181 0.0211 0.0059 0.0023 
    Largest link dim during sweep 30/87 was 25
    Largest truncation error: 7.65507e-07
    Energy after sweep 30/87 is -187.018870536945
    Sweep 30/87 CPU time = 7.408s (Wall time = 0.950s)

    vN Entropy at center bond b=150 = 0.687351361949
    Eigs at center bond b=150: 0.7507 0.2181 0.0211 0.0059 0.0023 
    Largest link dim during sweep 31/87 was 25
    Largest truncation error: 7.66107e-07
    Energy after sweep 31/87 is -187.018869251789
    Sweep 31/87 CPU time = 7.404s (Wall time = 0.949s)

    vN Entropy at center bond b=150 = 0.687351361943
    Eigs at center bond b=150: 0.7507 0.2181 0.0211 0.0059 0.0023 
    Largest link dim during sweep 32/87 was 25
    Largest truncation error: 7.65507e-07
    Energy after sweep 32/87 is -187.018870536943
    Sweep 32/87 CPU time = 7.414s (Wall time = 0.952s)

    vN Entropy at center bond b=150 = 0.687351361949
    Eigs at center bond b=150: 0.7507 0.2181 0.0211 0.0059 0.0023 
    Largest link dim during sweep 33/87 was 25
    Largest truncation error: 7.66107e-07
    Energy after sweep 33/87 is -187.018869251784
    Sweep 33/87 CPU time = 7.424s (Wall time = 0.950s)

    vN Entropy at center bond b=150 = 0.687351361943
    Eigs at center bond b=150: 0.7507 0.2181 0.0211 0.0059 0.0023 
    Largest link dim during sweep 34/87 was 25
    Largest truncation error: 7.65507e-07
    Energy after sweep 34/87 is -187.018870536943
    Sweep 34/87 CPU time = 7.428s (Wall time = 0.951s)

    vN Entropy at center bond b=150 = 0.687351361949
    Eigs at center bond b=150: 0.7507 0.2181 0.0211 0.0059 0.0023 
    Largest link dim during sweep 35/87 was 25
    Largest truncation error: 7.66107e-07
    Energy after sweep 35/87 is -187.018869251788
    Sweep 35/87 CPU time = 7.440s (Wall time = 0.951s)

    vN Entropy at center bond b=150 = 0.687351361943
    Eigs at center bond b=150: 0.7507 0.2181 0.0211 0.0059 0.0023 
    Largest link dim during sweep 36/87 was 25
    Largest truncation error: 7.65507e-07
    Energy after sweep 36/87 is -187.018870536945
    Sweep 36/87 CPU time = 7.430s (Wall time = 0.951s)

    vN Entropy at center bond b=150 = 0.688358368676
    Eigs at center bond b=150: 0.7504 0.2183 0.0211 0.0059 0.0023 
    Largest link dim during sweep 37/87 was 47
    Largest truncation error: 8.26812e-09
    Energy after sweep 37/87 is -187.019909326513
    Sweep 37/87 CPU time = 16.47s (Wall time = 2.119s)

    vN Entropy at center bond b=150 = 0.688529729576
    Eigs at center bond b=150: 0.7504 0.2183 0.0211 0.0059 0.0023 
    Largest link dim during sweep 38/87 was 50
    Largest truncation error: 8.28765e-09
    Energy after sweep 38/87 is -187.019913294490
    Sweep 38/87 CPU time = 22.50s (Wall time = 2.881s)

    vN Entropy at center bond b=150 = 0.688544168426
    Eigs at center bond b=150: 0.7504 0.2183 0.0211 0.0059 0.0023 
    Largest link dim during sweep 39/87 was 50
    Largest truncation error: 8.29065e-09
    Energy after sweep 39/87 is -187.019913392630
    Sweep 39/87 CPU time = 22.87s (Wall time = 2.930s)

    vN Entropy at center bond b=150 = 0.688547274080
    Eigs at center bond b=150: 0.7504 0.2183 0.0211 0.0059 0.0023 
    Largest link dim during sweep 40/87 was 50
    Largest truncation error: 8.29143e-09
    Energy after sweep 40/87 is -187.019913397554
    Sweep 40/87 CPU time = 22.99s (Wall time = 2.948s)

    vN Entropy at center bond b=150 = 0.688548119891
    Eigs at center bond b=150: 0.7504 0.2183 0.0211 0.0059 0.0023 
    Largest link dim during sweep 41/87 was 50
    Largest truncation error: 8.29172e-09
    Energy after sweep 41/87 is -187.019913397250
    Sweep 41/87 CPU time = 22.75s (Wall time = 2.936s)

    vN Entropy at center bond b=150 = 0.688548371692
    Eigs at center bond b=150: 0.7504 0.2183 0.0211 0.0059 0.0023 
    Largest link dim during sweep 42/87 was 50
    Largest truncation error: 8.29183e-09
    Energy after sweep 42/87 is -187.019913396936
    Sweep 42/87 CPU time = 22.88s (Wall time = 2.933s)

    vN Entropy at center bond b=150 = 0.688548449811
    Eigs at center bond b=150: 0.7504 0.2183 0.0211 0.0059 0.0023 
    Largest link dim during sweep 43/87 was 50
    Largest truncation error: 8.29187e-09
    Energy after sweep 43/87 is -187.019913396813
    Sweep 43/87 CPU time = 22.87s (Wall time = 2.933s)

    vN Entropy at center bond b=150 = 0.688548474534
    Eigs at center bond b=150: 0.7504 0.2183 0.0211 0.0059 0.0023 
    Largest link dim during sweep 44/87 was 50
    Largest truncation error: 8.29188e-09
    Energy after sweep 44/87 is -187.019913396769
    Sweep 44/87 CPU time = 22.92s (Wall time = 2.938s)

    vN Entropy at center bond b=150 = 0.688548482433
    Eigs at center bond b=150: 0.7504 0.2183 0.0211 0.0059 0.0023 
    Largest link dim during sweep 45/87 was 50
    Largest truncation error: 8.29189e-09
    Energy after sweep 45/87 is -187.019913396755
    Sweep 45/87 CPU time = 22.90s (Wall time = 2.947s)

    vN Entropy at center bond b=150 = 0.688548484968
    Eigs at center bond b=150: 0.7504 0.2183 0.0211 0.0059 0.0023 
    Largest link dim during sweep 46/87 was 50
    Largest truncation error: 8.29189e-09
    Energy after sweep 46/87 is -187.019913396749
    Sweep 46/87 CPU time = 22.97s (Wall time = 2.949s)

    vN Entropy at center bond b=150 = 0.688548485784
    Eigs at center bond b=150: 0.7504 0.2183 0.0211 0.0059 0.0023 
    Largest link dim during sweep 47/87 was 50
    Largest truncation error: 8.29189e-09
    Energy after sweep 47/87 is -187.019913396750
    Sweep 47/87 CPU time = 22.79s (Wall time = 2.923s)

    vN Entropy at center bond b=150 = 0.688548486047
    Eigs at center bond b=150: 0.7504 0.2183 0.0211 0.0059 0.0023 
    Largest link dim during sweep 48/87 was 50
    Largest truncation error: 8.29189e-09
    Energy after sweep 48/87 is -187.019913396746
    Sweep 48/87 CPU time = 22.98s (Wall time = 2.943s)

    vN Entropy at center bond b=150 = 0.688548486132
    Eigs at center bond b=150: 0.7504 0.2183 0.0211 0.0059 0.0023 
    Largest link dim during sweep 49/87 was 50
    Largest truncation error: 8.29189e-09
    Energy after sweep 49/87 is -187.019913396747
    Sweep 49/87 CPU time = 22.89s (Wall time = 2.937s)

    vN Entropy at center bond b=150 = 0.688548486159
    Eigs at center bond b=150: 0.7504 0.2183 0.0211 0.0059 0.0023 
    Largest link dim during sweep 50/87 was 50
    Largest truncation error: 8.29189e-09
    Energy after sweep 50/87 is -187.019913396747
    Sweep 50/87 CPU time = 23.28s (Wall time = 2.983s)

    vN Entropy at center bond b=150 = 0.688548486167
    Eigs at center bond b=150: 0.7504 0.2183 0.0211 0.0059 0.0023 
    Largest link dim during sweep 51/87 was 50
    Largest truncation error: 8.29189e-09
    Energy after sweep 51/87 is -187.019913396748
    Sweep 51/87 CPU time = 23.08s (Wall time = 2.963s)

    vN Entropy at center bond b=150 = 0.688548486170
    Eigs at center bond b=150: 0.7504 0.2183 0.0211 0.0059 0.0023 
    Largest link dim during sweep 52/87 was 50
    Largest truncation error: 8.29189e-09
    Energy after sweep 52/87 is -187.019913396748
    Sweep 52/87 CPU time = 22.66s (Wall time = 2.911s)

    vN Entropy at center bond b=150 = 0.688548486171
    Eigs at center bond b=150: 0.7504 0.2183 0.0211 0.0059 0.0023 
    Largest link dim during sweep 53/87 was 50
    Largest truncation error: 8.29189e-09
    Energy after sweep 53/87 is -187.019913396744
    Sweep 53/87 CPU time = 23.14s (Wall time = 2.970s)

    vN Entropy at center bond b=150 = 0.688548486171
    Eigs at center bond b=150: 0.7504 0.2183 0.0211 0.0059 0.0023 
    Largest link dim during sweep 54/87 was 50
    Largest truncation error: 8.29189e-09
    Energy after sweep 54/87 is -187.019913396749
    Sweep 54/87 CPU time = 23.19s (Wall time = 2.976s)

    vN Entropy at center bond b=150 = 0.688548486172
    Eigs at center bond b=150: 0.7504 0.2183 0.0211 0.0059 0.0023 
    Largest link dim during sweep 55/87 was 50
    Largest truncation error: 8.29189e-09
    Energy after sweep 55/87 is -187.019913396747
    Sweep 55/87 CPU time = 23.08s (Wall time = 2.954s)

    vN Entropy at center bond b=150 = 0.688548486172
    Eigs at center bond b=150: 0.7504 0.2183 0.0211 0.0059 0.0023 
    Largest link dim during sweep 56/87 was 50
    Largest truncation error: 8.29189e-09
    Energy after sweep 56/87 is -187.019913396748
    Sweep 56/87 CPU time = 23.17s (Wall time = 2.966s)

    vN Entropy at center bond b=150 = 0.688548486172
    Eigs at center bond b=150: 0.7504 0.2183 0.0211 0.0059 0.0023 
    Largest link dim during sweep 57/87 was 50
    Largest truncation error: 8.29189e-09
    Energy after sweep 57/87 is -187.019913396747
    Sweep 57/87 CPU time = 23.27s (Wall time = 2.980s)

    vN Entropy at center bond b=150 = 0.688548486171
    Eigs at center bond b=150: 0.7504 0.2183 0.0211 0.0059 0.0023 
    Largest link dim during sweep 58/87 was 50
    Largest truncation error: 8.29189e-09
    Energy after sweep 58/87 is -187.019913396746
    Sweep 58/87 CPU time = 23.15s (Wall time = 2.972s)

    vN Entropy at center bond b=150 = 0.688597752176
    Eigs at center bond b=150: 0.7503 0.2183 0.0211 0.0059 0.0023 
    Largest link dim during sweep 59/87 was 92
    Largest truncation error: 7.47583e-11
    Energy after sweep 59/87 is -187.019925255034
    Sweep 59/87 CPU time = 1m, 6.8s (Wall time = 8.589s)

    vN Entropy at center bond b=150 = 0.688600464135
    Eigs at center bond b=150: 0.7503 0.2183 0.0211 0.0059 0.0023 
    Largest link dim during sweep 60/87 was 95
    Largest truncation error: 7.56692e-11
    Energy after sweep 60/87 is -187.019925294191
    Sweep 60/87 CPU time = 1m, 33.5s (Wall time = 11.99s)

    vN Entropy at center bond b=150 = 0.688600739694
    Eigs at center bond b=150: 0.7503 0.2183 0.0211 0.0059 0.0023 
    Largest link dim during sweep 61/87 was 95
    Largest truncation error: 7.49268e-11
    Energy after sweep 61/87 is -187.019925297656
    Sweep 61/87 CPU time = 1m, 28.2s (Wall time = 11.31s)

    vN Entropy at center bond b=150 = 0.688600821756
    Eigs at center bond b=150: 0.7503 0.2183 0.0211 0.0059 0.0023 
    Largest link dim during sweep 62/87 was 95
    Largest truncation error: 7.49365e-11
    Energy after sweep 62/87 is -187.019925297796
    Sweep 62/87 CPU time = 1m, 29.2s (Wall time = 11.43s)

    vN Entropy at center bond b=150 = 0.688600852331
    Eigs at center bond b=150: 0.7503 0.2183 0.0211 0.0059 0.0023 
    Largest link dim during sweep 63/87 was 95
    Largest truncation error: 7.4966e-11
    Energy after sweep 63/87 is -187.019925297843
    Sweep 63/87 CPU time = 1m, 30.4s (Wall time = 11.57s)

    vN Entropy at center bond b=150 = 0.688600863725
    Eigs at center bond b=150: 0.7503 0.2183 0.0211 0.0059 0.0023 
    Largest link dim during sweep 64/87 was 95
    Largest truncation error: 7.4982e-11
    Energy after sweep 64/87 is -187.019925297842
    Sweep 64/87 CPU time = 1m, 30.0s (Wall time = 11.55s)

    vN Entropy at center bond b=150 = 0.688600867915
    Eigs at center bond b=150: 0.7503 0.2183 0.0211 0.0059 0.0023 
    Largest link dim during sweep 65/87 was 95
    Largest truncation error: 7.49897e-11
    Energy after sweep 65/87 is -187.019925297880
    Sweep 65/87 CPU time = 1m, 29.1s (Wall time = 11.43s)

    vN Entropy at center bond b=150 = 0.688600869447
    Eigs at center bond b=150: 0.7503 0.2183 0.0211 0.0059 0.0023 
    Largest link dim during sweep 66/87 was 95
    Largest truncation error: 7.49965e-11
    Energy after sweep 66/87 is -187.019925297877
    Sweep 66/87 CPU time = 1m, 29.9s (Wall time = 11.52s)

    vN Entropy at center bond b=150 = 0.688600870005
    Eigs at center bond b=150: 0.7503 0.2183 0.0211 0.0059 0.0023 
    Largest link dim during sweep 67/87 was 95
    Largest truncation error: 7.49929e-11
    Energy after sweep 67/87 is -187.019925297880
    Sweep 67/87 CPU time = 1m, 30.1s (Wall time = 11.54s)

    vN Entropy at center bond b=150 = 0.688600870208
    Eigs at center bond b=150: 0.7503 0.2183 0.0211 0.0059 0.0023 
    Largest link dim during sweep 68/87 was 95
    Largest truncation error: 7.4993e-11
    Energy after sweep 68/87 is -187.019925297878
    Sweep 68/87 CPU time = 1m, 31.3s (Wall time = 11.68s)

    vN Entropy at center bond b=150 = 0.688600870282
    Eigs at center bond b=150: 0.7503 0.2183 0.0211 0.0059 0.0023 
    Largest link dim during sweep 69/87 was 95
    Largest truncation error: 7.49935e-11
    Energy after sweep 69/87 is -187.019925297877
    Sweep 69/87 CPU time = 1m, 30.4s (Wall time = 11.57s)

    vN Entropy at center bond b=150 = 0.688600870309
    Eigs at center bond b=150: 0.7503 0.2183 0.0211 0.0059 0.0023 
    Largest link dim during sweep 70/87 was 95
    Largest truncation error: 7.49931e-11
    Energy after sweep 70/87 is -187.019925297875
    Sweep 70/87 CPU time = 1m, 29.2s (Wall time = 11.43s)

    vN Entropy at center bond b=150 = 0.688600870319
    Eigs at center bond b=150: 0.7503 0.2183 0.0211 0.0059 0.0023 
    Largest link dim during sweep 71/87 was 95
    Largest truncation error: 7.49931e-11
    Energy after sweep 71/87 is -187.019925297878
    Sweep 71/87 CPU time = 1m, 29.1s (Wall time = 11.41s)

    vN Entropy at center bond b=150 = 0.688600870322
    Eigs at center bond b=150: 0.7503 0.2183 0.0211 0.0059 0.0023 
    Largest link dim during sweep 72/87 was 95
    Largest truncation error: 7.49933e-11
    Energy after sweep 72/87 is -187.019925297879
    Sweep 72/87 CPU time = 1m, 27.3s (Wall time = 11.17s)

    vN Entropy at center bond b=150 = 0.688600870324
    Eigs at center bond b=150: 0.7503 0.2183 0.0211 0.0059 0.0023 
    Largest link dim during sweep 73/87 was 95
    Largest truncation error: 7.49934e-11
    Energy after sweep 73/87 is -187.019925297879
    Sweep 73/87 CPU time = 1m, 27.4s (Wall time = 11.24s)

    vN Entropy at center bond b=150 = 0.688600870324
    Eigs at center bond b=150: 0.7503 0.2183 0.0211 0.0059 0.0023 
    Largest link dim during sweep 74/87 was 95
    Largest truncation error: 7.49933e-11
    Energy after sweep 74/87 is -187.019925297877
    Sweep 74/87 CPU time = 1m, 29.4s (Wall time = 11.45s)

    vN Entropy at center bond b=150 = 0.688604359905
    Eigs at center bond b=150: 0.7503 0.2183 0.0211 0.0059 0.0023 
    Largest link dim during sweep 75/87 was 163
    Largest truncation error: 7.761e-13
    Energy after sweep 75/87 is -187.019925436551
    Sweep 75/87 CPU time = 2m, 54.7s (Wall time = 23.69s)

    vN Entropy at center bond b=150 = 0.688604464731
    Eigs at center bond b=150: 0.7503 0.2183 0.0211 0.0059 0.0023 
    Largest link dim during sweep 76/87 was 167
    Largest truncation error: 7.53387e-13
    Energy after sweep 76/87 is -187.019925437630
    Sweep 76/87 CPU time = 4m, 1.1s (Wall time = 31.92s)

    vN Entropy at center bond b=150 = 0.688604493759
    Eigs at center bond b=150: 0.7503 0.2183 0.0211 0.0059 0.0023 
    Largest link dim during sweep 77/87 was 166
    Largest truncation error: 7.60972e-13
    Energy after sweep 77/87 is -187.019925437789
    Sweep 77/87 CPU time = 3m, 39.0s (Wall time = 28.95s)

    vN Entropy at center bond b=150 = 0.688604508860
    Eigs at center bond b=150: 0.7503 0.2183 0.0211 0.0059 0.0023 
    Largest link dim during sweep 78/87 was 166
    Largest truncation error: 7.55776e-13
    Energy after sweep 78/87 is -187.019925437845
    Sweep 78/87 CPU time = 3m, 40.8s (Wall time = 29.21s)

    vN Entropy at center bond b=150 = 0.688604518283
    Eigs at center bond b=150: 0.7503 0.2183 0.0211 0.0059 0.0023 
    Largest link dim during sweep 79/87 was 166
    Largest truncation error: 7.502e-13
    Energy after sweep 79/87 is -187.019925437872
    Sweep 79/87 CPU time = 3m, 42.8s (Wall time = 29.81s)

    vN Entropy at center bond b=150 = 0.688604524320
    Eigs at center bond b=150: 0.7503 0.2183 0.0211 0.0059 0.0023 
    Largest link dim during sweep 80/87 was 166
    Largest truncation error: 7.50226e-13
    Energy after sweep 80/87 is -187.019925437887
    Sweep 80/87 CPU time = 3m, 41.8s (Wall time = 29.78s)

    vN Entropy at center bond b=150 = 0.688604528055
    Eigs at center bond b=150: 0.7503 0.2183 0.0211 0.0059 0.0023 
    Largest link dim during sweep 81/87 was 166
    Largest truncation error: 7.49985e-13
    Energy after sweep 81/87 is -187.019925437895
    Sweep 81/87 CPU time = 3m, 37.3s (Wall time = 29.05s)

    vN Entropy at center bond b=150 = 0.688604530308
    Eigs at center bond b=150: 0.7503 0.2183 0.0211 0.0059 0.0023 
    Largest link dim during sweep 82/87 was 166
    Largest truncation error: 7.51198e-13
    Energy after sweep 82/87 is -187.019925437894
    Sweep 82/87 CPU time = 3m, 37.7s (Wall time = 29.09s)

    vN Entropy at center bond b=150 = 0.688604885823
    Eigs at center bond b=150: 0.7503 0.2183 0.0211 0.0059 0.0023 
    Largest link dim during sweep 83/87 was 153
    Largest truncation error: 7.64182e-13
    Energy after sweep 83/87 is -187.019925437335
    Sweep 83/87 CPU time = 2m, 52.4s (Wall time = 22.53s)

    vN Entropy at center bond b=150 = 0.688604893387
    Eigs at center bond b=150: 0.7503 0.2183 0.0211 0.0059 0.0023 
    Largest link dim during sweep 84/87 was 264
    Largest truncation error: 7.57627e-15
    Energy after sweep 84/87 is -187.019925439622
    Sweep 84/87 CPU time = 7m, 36.1s (Wall time = 1m, 1.7s)

    vN Entropy at center bond b=150 = 0.688604897248
    Eigs at center bond b=150: 0.7503 0.2183 0.0211 0.0059 0.0023 
    Largest link dim during sweep 85/87 was 273
    Largest truncation error: 7.59604e-15
    Energy after sweep 85/87 is -187.019925439635
    Sweep 85/87 CPU time = 13m, 25s (Wall time = 1m, 45.2s)

    vN Entropy at center bond b=150 = 0.688604898206
    Eigs at center bond b=150: 0.7503 0.2183 0.0211 0.0059 0.0023 
    Largest link dim during sweep 86/87 was 269
    Largest truncation error: 7.56632e-15
    Energy after sweep 86/87 is -187.019925439634
    Sweep 86/87 CPU time = 11m, 58s (Wall time = 1m, 32.1s)

    vN Entropy at center bond b=150 = 0.688604898709
    Eigs at center bond b=150: 0.7503 0.2183 0.0211 0.0059 0.0023 
    Largest link dim during sweep 87/87 was 268
    Largest truncation error: 7.51904e-15
    Energy after sweep 87/87 is -187.019925439639
    Sweep 87/87 CPU time = 11m, 6s (Wall time = 1m, 25.5s)
Initial energy = 50.49000

Ground State Energy = -187.0199254396
run_outputs/outputpsi/N_300_sweep_87_t_0.030000_J_1.000000_V_0.600000_D_0.018000_U_0.170000_mu_0.000000_E_0.000000 converge
Wall-clock time (s) = 4199.894103
