//////////////////////////
Reading input file ......

Got input.N = 300
Got input.t = 0.03
Got input.J = 1
Got input.V = 0.6
Got input.D = 0.018
Got input.U = 0.14
Got input.mu = 0
Got input.E = 0
Got input.nsweeps = 87
Sweeps:
1  MaxDim=20, MinDim=20, Cutoff=1.0E-06, Niter=8, Noise=1.0E-05
2  MaxDim=20, MinDim=20, Cutoff=1.0E-06, Niter=8, Noise=1.0E-05
3  MaxDim=20, MinDim=20, Cutoff=1.0E-06, Niter=8, Noise=1.0E-05
4  MaxDim=20, MinDim=20, Cutoff=1.0E-06, Niter=8, Noise=1.0E-05
5  MaxDim=20, MinDim=20, Cutoff=1.0E-06, Niter=8, Noise=1.0E-05
6  MaxDim=20, MinDim=20, Cutoff=1.0E-06, Niter=8, Noise=1.0E-05
7  MaxDim=20, MinDim=20, Cutoff=1.0E-06, Niter=8, Noise=1.0E-05
8  MaxDim=40, MinDim=20, Cutoff=1.0E-06, Niter=4, Noise=1.0E-05
9  MaxDim=40, MinDim=20, Cutoff=1.0E-06, Niter=4, Noise=1.0E-05
10  MaxDim=40, MinDim=20, Cutoff=1.0E-06, Niter=4, Noise=1.0E-05
11  MaxDim=40, MinDim=20, Cutoff=1.0E-06, Niter=4, Noise=1.0E-05
12  MaxDim=40, MinDim=20, Cutoff=1.0E-06, Niter=4, Noise=1.0E-05
13  MaxDim=40, MinDim=20, Cutoff=1.0E-06, Niter=4, Noise=1.0E-05
14  MaxDim=40, MinDim=20, Cutoff=1.0E-06, Niter=4, Noise=1.0E-05
15  MaxDim=80, MinDim=10, Cutoff=1.0E-06, Niter=4, Noise=1.0E-05
16  MaxDim=80, MinDim=10, Cutoff=1.0E-06, Niter=4, Noise=1.0E-05
17  MaxDim=80, MinDim=10, Cutoff=1.0E-06, Niter=4, Noise=1.0E-05
18  MaxDim=80, MinDim=10, Cutoff=1.0E-06, Niter=4, Noise=1.0E-05
19  MaxDim=80, MinDim=10, Cutoff=1.0E-06, Niter=4, Noise=1.0E-05
20  MaxDim=80, MinDim=10, Cutoff=1.0E-06, Niter=4, Noise=1.0E-05
21  MaxDim=80, MinDim=10, Cutoff=1.0E-06, Niter=4, Noise=1.0E-05
22  MaxDim=80, MinDim=10, Cutoff=1.0E-06, Niter=4, Noise=1.0E-05
23  MaxDim=80, MinDim=10, Cutoff=1.0E-06, Niter=4, Noise=1.0E-05
24  MaxDim=80, MinDim=10, Cutoff=1.0E-06, Niter=4, Noise=1.0E-05
25  MaxDim=80, MinDim=10, Cutoff=1.0E-06, Niter=4, Noise=1.0E-05
26  MaxDim=80, MinDim=10, Cutoff=1.0E-06, Niter=4, Noise=1.0E-05
27  MaxDim=80, MinDim=10, Cutoff=1.0E-06, Niter=4, Noise=1.0E-05
28  MaxDim=80, MinDim=10, Cutoff=1.0E-06, Niter=4, Noise=1.0E-05
29  MaxDim=80, MinDim=10, Cutoff=1.0E-06, Niter=4, Noise=1.0E-05
30  MaxDim=80, MinDim=10, Cutoff=1.0E-06, Niter=4, Noise=1.0E-05
31  MaxDim=80, MinDim=10, Cutoff=1.0E-06, Niter=4, Noise=1.0E-05
32  MaxDim=80, MinDim=10, Cutoff=1.0E-06, Niter=4, Noise=1.0E-05
33  MaxDim=80, MinDim=10, Cutoff=1.0E-06, Niter=4, Noise=1.0E-05
34  MaxDim=80, MinDim=10, Cutoff=1.0E-06, Niter=4, Noise=1.0E-05
35  MaxDim=80, MinDim=10, Cutoff=1.0E-06, Niter=4, Noise=1.0E-05
36  MaxDim=80, MinDim=10, Cutoff=1.0E-06, Niter=4, Noise=1.0E-05
37  MaxDim=160, MinDim=10, Cutoff=1.0E-08, Niter=4, Noise=1.0E-06
38  MaxDim=160, MinDim=10, Cutoff=1.0E-08, Niter=4, Noise=1.0E-06
39  MaxDim=160, MinDim=10, Cutoff=1.0E-08, Niter=4, Noise=1.0E-06
40  MaxDim=160, MinDim=10, Cutoff=1.0E-08, Niter=4, Noise=1.0E-06
41  MaxDim=160, MinDim=10, Cutoff=1.0E-08, Niter=4, Noise=1.0E-06
42  MaxDim=160, MinDim=10, Cutoff=1.0E-08, Niter=4, Noise=1.0E-06
43  MaxDim=160, MinDim=10, Cutoff=1.0E-08, Niter=4, Noise=1.0E-06
44  MaxDim=160, MinDim=10, Cutoff=1.0E-08, Niter=4, Noise=1.0E-06
45  MaxDim=160, MinDim=10, Cutoff=1.0E-08, Niter=4, Noise=1.0E-06
46  MaxDim=160, MinDim=10, Cutoff=1.0E-08, Niter=4, Noise=1.0E-06
47  MaxDim=160, MinDim=10, Cutoff=1.0E-08, Niter=4, Noise=1.0E-06
48  MaxDim=160, MinDim=10, Cutoff=1.0E-08, Niter=4, Noise=1.0E-06
49  MaxDim=160, MinDim=10, Cutoff=1.0E-08, Niter=4, Noise=1.0E-06
50  MaxDim=160, MinDim=10, Cutoff=1.0E-08, Niter=4, Noise=1.0E-06
51  MaxDim=160, MinDim=10, Cutoff=1.0E-08, Niter=4, Noise=1.0E-06
52  MaxDim=160, MinDim=10, Cutoff=1.0E-08, Niter=4, Noise=1.0E-06
53  MaxDim=160, MinDim=10, Cutoff=1.0E-08, Niter=4, Noise=1.0E-06
54  MaxDim=160, MinDim=10, Cutoff=1.0E-08, Niter=4, Noise=1.0E-06
55  MaxDim=160, MinDim=10, Cutoff=1.0E-08, Niter=4, Noise=1.0E-06
56  MaxDim=160, MinDim=10, Cutoff=1.0E-08, Niter=4, Noise=1.0E-06
57  MaxDim=160, MinDim=10, Cutoff=1.0E-08, Niter=4, Noise=1.0E-06
58  MaxDim=160, MinDim=10, Cutoff=1.0E-08, Niter=4, Noise=1.0E-06
59  MaxDim=320, MinDim=10, Cutoff=1.0E-10, Niter=4, Noise=1.0E-07
60  MaxDim=320, MinDim=10, Cutoff=1.0E-10, Niter=4, Noise=1.0E-07
61  MaxDim=320, MinDim=10, Cutoff=1.0E-10, Niter=4, Noise=1.0E-07
62  MaxDim=320, MinDim=10, Cutoff=1.0E-10, Niter=4, Noise=1.0E-07
63  MaxDim=320, MinDim=10, Cutoff=1.0E-10, Niter=4, Noise=1.0E-07
64  MaxDim=320, MinDim=10, Cutoff=1.0E-10, Niter=4, Noise=1.0E-07
65  MaxDim=320, MinDim=10, Cutoff=1.0E-10, Niter=4, Noise=1.0E-07
66  MaxDim=320, MinDim=10, Cutoff=1.0E-10, Niter=4, Noise=1.0E-07
67  MaxDim=320, MinDim=10, Cutoff=1.0E-10, Niter=4, Noise=1.0E-07
68  MaxDim=320, MinDim=10, Cutoff=1.0E-10, Niter=4, Noise=1.0E-07
69  MaxDim=320, MinDim=10, Cutoff=1.0E-10, Niter=4, Noise=1.0E-07
70  MaxDim=320, MinDim=10, Cutoff=1.0E-10, Niter=4, Noise=1.0E-07
71  MaxDim=320, MinDim=10, Cutoff=1.0E-10, Niter=4, Noise=1.0E-07
72  MaxDim=320, MinDim=10, Cutoff=1.0E-10, Niter=4, Noise=1.0E-07
73  MaxDim=320, MinDim=10, Cutoff=1.0E-10, Niter=4, Noise=1.0E-07
74  MaxDim=320, MinDim=10, Cutoff=1.0E-10, Niter=4, Noise=1.0E-07
75  MaxDim=640, MinDim=10, Cutoff=1.0E-12, Niter=2, Noise=1.0E-08
76  MaxDim=640, MinDim=10, Cutoff=1.0E-12, Niter=2, Noise=1.0E-08
77  MaxDim=640, MinDim=10, Cutoff=1.0E-12, Niter=2, Noise=1.0E-08
78  MaxDim=640, MinDim=10, Cutoff=1.0E-12, Niter=2, Noise=1.0E-08
79  MaxDim=640, MinDim=10, Cutoff=1.0E-12, Niter=2, Noise=1.0E-08
80  MaxDim=640, MinDim=10, Cutoff=1.0E-12, Niter=2, Noise=1.0E-08
81  MaxDim=640, MinDim=10, Cutoff=1.0E-12, Niter=2, Noise=1.0E-08
82  MaxDim=640, MinDim=10, Cutoff=1.0E-12, Niter=2, Noise=1.0E-08
83  MaxDim=1280, MinDim=10, Cutoff=1.0E-12, Niter=2, Noise=0.0E+00
84  MaxDim=1280, MinDim=10, Cutoff=1.0E-14, Niter=2, Noise=0.0E+00
85  MaxDim=1280, MinDim=10, Cutoff=1.0E-14, Niter=2, Noise=0.0E+00
86  MaxDim=1280, MinDim=10, Cutoff=1.0E-14, Niter=2, Noise=0.0E+00
87  MaxDim=1280, MinDim=10, Cutoff=1.0E-14, Niter=2, Noise=0.0E+00


    vN Entropy at center bond b=150 = 0.609056918721
    Eigs at center bond b=150: 0.7993 0.1720 0.0211 0.0044 0.0021 
    Largest link dim during sweep 1/87 was 20
    Largest truncation error: 1.52761e-05
    Energy after sweep 1/87 is -188.059648685053
    Sweep 1/87 CPU time = 8.831s (Wall time = 1.142s)

    vN Entropy at center bond b=150 = 0.698775440324
    Eigs at center bond b=150: 0.7490 0.2177 0.0211 0.0060 0.0038 0.0011 
    Largest link dim during sweep 2/87 was 20
    Largest truncation error: 1.36404e-05
    Energy after sweep 2/87 is -188.182235589817
    Sweep 2/87 CPU time = 12.66s (Wall time = 1.627s)

    vN Entropy at center bond b=150 = 0.700075788693
    Eigs at center bond b=150: 0.7489 0.2177 0.0211 0.0060 0.0039 0.0011 
    Largest link dim during sweep 3/87 was 20
    Largest truncation error: 2.01269e-06
    Energy after sweep 3/87 is -188.182299545325
    Sweep 3/87 CPU time = 12.29s (Wall time = 1.577s)

    vN Entropy at center bond b=150 = 0.700104384152
    Eigs at center bond b=150: 0.7489 0.2177 0.0211 0.0060 0.0039 0.0011 
    Largest link dim during sweep 4/87 was 20
    Largest truncation error: 2.01355e-06
    Energy after sweep 4/87 is -188.182299429629
    Sweep 4/87 CPU time = 12.31s (Wall time = 1.573s)

    vN Entropy at center bond b=150 = 0.700106085085
    Eigs at center bond b=150: 0.7488 0.2177 0.0211 0.0060 0.0039 0.0011 
    Largest link dim during sweep 5/87 was 20
    Largest truncation error: 2.01355e-06
    Energy after sweep 5/87 is -188.182299417985
    Sweep 5/87 CPU time = 12.28s (Wall time = 1.577s)

    vN Entropy at center bond b=150 = 0.700106196096
    Eigs at center bond b=150: 0.7488 0.2177 0.0211 0.0060 0.0039 0.0011 
    Largest link dim during sweep 6/87 was 20
    Largest truncation error: 2.01355e-06
    Energy after sweep 6/87 is -188.182299418048
    Sweep 6/87 CPU time = 12.34s (Wall time = 1.579s)

    vN Entropy at center bond b=150 = 0.700106203401
    Eigs at center bond b=150: 0.7488 0.2177 0.0211 0.0060 0.0039 0.0011 
    Largest link dim during sweep 7/87 was 20
    Largest truncation error: 2.01355e-06
    Energy after sweep 7/87 is -188.182299418184
    Sweep 7/87 CPU time = 12.42s (Wall time = 1.598s)

    vN Entropy at center bond b=150 = 0.700329554954
    Eigs at center bond b=150: 0.7488 0.2177 0.0212 0.0060 0.0039 0.0011 
    Largest link dim during sweep 8/87 was 26
    Largest truncation error: 7.24279e-07
    Energy after sweep 8/87 is -188.183112054544
    Sweep 8/87 CPU time = 7.404s (Wall time = 0.949s)

    vN Entropy at center bond b=150 = 0.700434266538
    Eigs at center bond b=150: 0.7488 0.2177 0.0212 0.0060 0.0039 0.0011 
    Largest link dim during sweep 9/87 was 26
    Largest truncation error: 7.32484e-07
    Energy after sweep 9/87 is -188.183115971073
    Sweep 9/87 CPU time = 7.754s (Wall time = 0.993s)

    vN Entropy at center bond b=150 = 0.700462815107
    Eigs at center bond b=150: 0.7488 0.2177 0.0212 0.0060 0.0039 0.0011 
    Largest link dim during sweep 10/87 was 26
    Largest truncation error: 7.3303e-07
    Energy after sweep 10/87 is -188.183116501724
    Sweep 10/87 CPU time = 7.740s (Wall time = 0.987s)

    vN Entropy at center bond b=150 = 0.700471181511
    Eigs at center bond b=150: 0.7488 0.2177 0.0212 0.0060 0.0039 0.0011 
    Largest link dim during sweep 11/87 was 26
    Largest truncation error: 7.33237e-07
    Energy after sweep 11/87 is -188.183116516849
    Sweep 11/87 CPU time = 7.720s (Wall time = 0.990s)

    vN Entropy at center bond b=150 = 0.700473893068
    Eigs at center bond b=150: 0.7488 0.2177 0.0212 0.0060 0.0039 0.0011 
    Largest link dim during sweep 12/87 was 26
    Largest truncation error: 7.3331e-07
    Energy after sweep 12/87 is -188.183116521316
    Sweep 12/87 CPU time = 7.757s (Wall time = 0.994s)

    vN Entropy at center bond b=150 = 0.700474849543
    Eigs at center bond b=150: 0.7488 0.2177 0.0212 0.0060 0.0039 0.0011 
    Largest link dim during sweep 13/87 was 26
    Largest truncation error: 7.33335e-07
    Energy after sweep 13/87 is -188.183116522873
    Sweep 13/87 CPU time = 7.648s (Wall time = 0.981s)

    vN Entropy at center bond b=150 = 0.700475195907
    Eigs at center bond b=150: 0.7488 0.2177 0.0212 0.0060 0.0039 0.0011 
    Largest link dim during sweep 14/87 was 26
    Largest truncation error: 7.33344e-07
    Energy after sweep 14/87 is -188.183116523420
    Sweep 14/87 CPU time = 7.718s (Wall time = 0.989s)

    vN Entropy at center bond b=150 = 0.700338706998
    Eigs at center bond b=150: 0.7488 0.2177 0.0212 0.0060 0.0039 0.0011 
    Largest link dim during sweep 15/87 was 26
    Largest truncation error: 7.48791e-07
    Energy after sweep 15/87 is -188.183064209946
    Sweep 15/87 CPU time = 7.507s (Wall time = 0.965s)

    vN Entropy at center bond b=150 = 0.700321593637
    Eigs at center bond b=150: 0.7488 0.2177 0.0212 0.0060 0.0039 0.0011 
    Largest link dim during sweep 16/87 was 26
    Largest truncation error: 7.48331e-07
    Energy after sweep 16/87 is -188.183063315479
    Sweep 16/87 CPU time = 7.511s (Wall time = 0.963s)

    vN Entropy at center bond b=150 = 0.700316295548
    Eigs at center bond b=150: 0.7488 0.2177 0.0212 0.0060 0.0039 0.0011 
    Largest link dim during sweep 17/87 was 26
    Largest truncation error: 7.48256e-07
    Energy after sweep 17/87 is -188.183062765094
    Sweep 17/87 CPU time = 7.526s (Wall time = 0.958s)

    vN Entropy at center bond b=150 = 0.700314422646
    Eigs at center bond b=150: 0.7488 0.2177 0.0212 0.0060 0.0039 0.0011 
    Largest link dim during sweep 18/87 was 26
    Largest truncation error: 7.48229e-07
    Energy after sweep 18/87 is -188.183062755597
    Sweep 18/87 CPU time = 7.492s (Wall time = 0.960s)

    vN Entropy at center bond b=150 = 0.700313746934
    Eigs at center bond b=150: 0.7488 0.2177 0.0212 0.0060 0.0039 0.0011 
    Largest link dim during sweep 19/87 was 26
    Largest truncation error: 7.48219e-07
    Energy after sweep 19/87 is -188.183062755068
    Sweep 19/87 CPU time = 7.477s (Wall time = 0.958s)

    vN Entropy at center bond b=150 = 0.700313501557
    Eigs at center bond b=150: 0.7488 0.2177 0.0212 0.0060 0.0039 0.0011 
    Largest link dim during sweep 20/87 was 26
    Largest truncation error: 7.48215e-07
    Energy after sweep 20/87 is -188.183062755483
    Sweep 20/87 CPU time = 7.525s (Wall time = 0.963s)

    vN Entropy at center bond b=150 = 0.700313412245
    Eigs at center bond b=150: 0.7488 0.2177 0.0212 0.0060 0.0039 0.0011 
    Largest link dim during sweep 21/87 was 26
    Largest truncation error: 7.48214e-07
    Energy after sweep 21/87 is -188.183062755885
    Sweep 21/87 CPU time = 7.485s (Wall time = 0.958s)

    vN Entropy at center bond b=150 = 0.700313379710
    Eigs at center bond b=150: 0.7488 0.2177 0.0212 0.0060 0.0039 0.0011 
    Largest link dim during sweep 22/87 was 26
    Largest truncation error: 7.48213e-07
    Energy after sweep 22/87 is -188.183062756141
    Sweep 22/87 CPU time = 7.443s (Wall time = 0.956s)

    vN Entropy at center bond b=150 = 0.700313367854
    Eigs at center bond b=150: 0.7488 0.2177 0.0212 0.0060 0.0039 0.0011 
    Largest link dim during sweep 23/87 was 26
    Largest truncation error: 7.48213e-07
    Energy after sweep 23/87 is -188.183062756283
    Sweep 23/87 CPU time = 7.498s (Wall time = 0.958s)

    vN Entropy at center bond b=150 = 0.700313363533
    Eigs at center bond b=150: 0.7488 0.2177 0.0212 0.0060 0.0039 0.0011 
    Largest link dim during sweep 24/87 was 26
    Largest truncation error: 7.48213e-07
    Energy after sweep 24/87 is -188.183062756364
    Sweep 24/87 CPU time = 7.493s (Wall time = 0.958s)

    vN Entropy at center bond b=150 = 0.700313361958
    Eigs at center bond b=150: 0.7488 0.2177 0.0212 0.0060 0.0039 0.0011 
    Largest link dim during sweep 25/87 was 26
    Largest truncation error: 7.48213e-07
    Energy after sweep 25/87 is -188.183062756401
    Sweep 25/87 CPU time = 7.469s (Wall time = 0.957s)

    vN Entropy at center bond b=150 = 0.700313361384
    Eigs at center bond b=150: 0.7488 0.2177 0.0212 0.0060 0.0039 0.0011 
    Largest link dim during sweep 26/87 was 26
    Largest truncation error: 7.48213e-07
    Energy after sweep 26/87 is -188.183062756421
    Sweep 26/87 CPU time = 7.472s (Wall time = 0.956s)

    vN Entropy at center bond b=150 = 0.700313361175
    Eigs at center bond b=150: 0.7488 0.2177 0.0212 0.0060 0.0039 0.0011 
    Largest link dim during sweep 27/87 was 26
    Largest truncation error: 7.48213e-07
    Energy after sweep 27/87 is -188.183062756434
    Sweep 27/87 CPU time = 7.504s (Wall time = 0.958s)

    vN Entropy at center bond b=150 = 0.700313361099
    Eigs at center bond b=150: 0.7488 0.2177 0.0212 0.0060 0.0039 0.0011 
    Largest link dim during sweep 28/87 was 26
    Largest truncation error: 7.48213e-07
    Energy after sweep 28/87 is -188.183062756439
    Sweep 28/87 CPU time = 7.484s (Wall time = 0.959s)

    vN Entropy at center bond b=150 = 0.700313361071
    Eigs at center bond b=150: 0.7488 0.2177 0.0212 0.0060 0.0039 0.0011 
    Largest link dim during sweep 29/87 was 26
    Largest truncation error: 7.48213e-07
    Energy after sweep 29/87 is -188.183062756439
    Sweep 29/87 CPU time = 7.440s (Wall time = 0.956s)

    vN Entropy at center bond b=150 = 0.700313361061
    Eigs at center bond b=150: 0.7488 0.2177 0.0212 0.0060 0.0039 0.0011 
    Largest link dim during sweep 30/87 was 26
    Largest truncation error: 7.48213e-07
    Energy after sweep 30/87 is -188.183062756441
    Sweep 30/87 CPU time = 7.446s (Wall time = 0.954s)

    vN Entropy at center bond b=150 = 0.700313361057
    Eigs at center bond b=150: 0.7488 0.2177 0.0212 0.0060 0.0039 0.0011 
    Largest link dim during sweep 31/87 was 26
    Largest truncation error: 7.48213e-07
    Energy after sweep 31/87 is -188.183062756440
    Sweep 31/87 CPU time = 7.523s (Wall time = 0.957s)

    vN Entropy at center bond b=150 = 0.700313361056
    Eigs at center bond b=150: 0.7488 0.2177 0.0212 0.0060 0.0039 0.0011 
    Largest link dim during sweep 32/87 was 26
    Largest truncation error: 7.48213e-07
    Energy after sweep 32/87 is -188.183062756442
    Sweep 32/87 CPU time = 7.458s (Wall time = 0.957s)

    vN Entropy at center bond b=150 = 0.700313361055
    Eigs at center bond b=150: 0.7488 0.2177 0.0212 0.0060 0.0039 0.0011 
    Largest link dim during sweep 33/87 was 26
    Largest truncation error: 7.48213e-07
    Energy after sweep 33/87 is -188.183062756441
    Sweep 33/87 CPU time = 7.449s (Wall time = 0.955s)

    vN Entropy at center bond b=150 = 0.700313361055
    Eigs at center bond b=150: 0.7488 0.2177 0.0212 0.0060 0.0039 0.0011 
    Largest link dim during sweep 34/87 was 26
    Largest truncation error: 7.48213e-07
    Energy after sweep 34/87 is -188.183062756441
    Sweep 34/87 CPU time = 7.490s (Wall time = 0.957s)

    vN Entropy at center bond b=150 = 0.700313361055
    Eigs at center bond b=150: 0.7488 0.2177 0.0212 0.0060 0.0039 0.0011 
    Largest link dim during sweep 35/87 was 26
    Largest truncation error: 7.48213e-07
    Energy after sweep 35/87 is -188.183062756440
    Sweep 35/87 CPU time = 7.498s (Wall time = 0.957s)

    vN Entropy at center bond b=150 = 0.700313361055
    Eigs at center bond b=150: 0.7488 0.2177 0.0212 0.0060 0.0039 0.0011 
    Largest link dim during sweep 36/87 was 26
    Largest truncation error: 7.48213e-07
    Energy after sweep 36/87 is -188.183062756439
    Sweep 36/87 CPU time = 7.526s (Wall time = 0.960s)

    vN Entropy at center bond b=150 = 0.701571577128
    Eigs at center bond b=150: 0.7484 0.2179 0.0212 0.0060 0.0040 0.0012 
    Largest link dim during sweep 37/87 was 50
    Largest truncation error: 8.11578e-09
    Energy after sweep 37/87 is -188.184120442749
    Sweep 37/87 CPU time = 17.10s (Wall time = 2.192s)

    vN Entropy at center bond b=150 = 0.701939525137
    Eigs at center bond b=150: 0.7483 0.2179 0.0212 0.0060 0.0040 0.0012 
    Largest link dim during sweep 38/87 was 52
    Largest truncation error: 8.1253e-09
    Energy after sweep 38/87 is -188.184125232137
    Sweep 38/87 CPU time = 24.04s (Wall time = 3.080s)

    vN Entropy at center bond b=150 = 0.701983795044
    Eigs at center bond b=150: 0.7483 0.2179 0.0212 0.0060 0.0040 0.0012 
    Largest link dim during sweep 39/87 was 52
    Largest truncation error: 8.12932e-09
    Energy after sweep 39/87 is -188.184125395821
    Sweep 39/87 CPU time = 24.85s (Wall time = 3.182s)

    vN Entropy at center bond b=150 = 0.701996891671
    Eigs at center bond b=150: 0.7483 0.2179 0.0212 0.0060 0.0040 0.0012 
    Largest link dim during sweep 40/87 was 52
    Largest truncation error: 8.13037e-09
    Energy after sweep 40/87 is -188.184125409814
    Sweep 40/87 CPU time = 24.94s (Wall time = 3.194s)

    vN Entropy at center bond b=150 = 0.702001620836
    Eigs at center bond b=150: 0.7483 0.2179 0.0212 0.0060 0.0040 0.0012 
    Largest link dim during sweep 41/87 was 52
    Largest truncation error: 8.13083e-09
    Energy after sweep 41/87 is -188.184125416105
    Sweep 41/87 CPU time = 24.80s (Wall time = 3.193s)

    vN Entropy at center bond b=150 = 0.702003431203
    Eigs at center bond b=150: 0.7483 0.2179 0.0212 0.0060 0.0040 0.0012 
    Largest link dim during sweep 42/87 was 52
    Largest truncation error: 8.1311e-09
    Energy after sweep 42/87 is -188.184125412106
    Sweep 42/87 CPU time = 25.02s (Wall time = 3.209s)

    vN Entropy at center bond b=150 = 0.702004142047
    Eigs at center bond b=150: 0.7483 0.2179 0.0212 0.0060 0.0040 0.0012 
    Largest link dim during sweep 43/87 was 52
    Largest truncation error: 8.13121e-09
    Energy after sweep 43/87 is -188.184125411745
    Sweep 43/87 CPU time = 25.13s (Wall time = 3.215s)

    vN Entropy at center bond b=150 = 0.702004424923
    Eigs at center bond b=150: 0.7483 0.2179 0.0212 0.0060 0.0040 0.0012 
    Largest link dim during sweep 44/87 was 52
    Largest truncation error: 8.13126e-09
    Energy after sweep 44/87 is -188.184125419167
    Sweep 44/87 CPU time = 25.08s (Wall time = 3.211s)

    vN Entropy at center bond b=150 = 0.702004538333
    Eigs at center bond b=150: 0.7483 0.2179 0.0212 0.0060 0.0040 0.0012 
    Largest link dim during sweep 45/87 was 52
    Largest truncation error: 8.13129e-09
    Energy after sweep 45/87 is -188.184125407539
    Sweep 45/87 CPU time = 25.27s (Wall time = 3.237s)

    vN Entropy at center bond b=150 = 0.702004583989
    Eigs at center bond b=150: 0.7483 0.2179 0.0212 0.0060 0.0040 0.0012 
    Largest link dim during sweep 46/87 was 52
    Largest truncation error: 8.1313e-09
    Energy after sweep 46/87 is -188.184125407484
    Sweep 46/87 CPU time = 25.13s (Wall time = 3.220s)

    vN Entropy at center bond b=150 = 0.702004602411
    Eigs at center bond b=150: 0.7483 0.2179 0.0212 0.0060 0.0040 0.0012 
    Largest link dim during sweep 47/87 was 52
    Largest truncation error: 8.13131e-09
    Energy after sweep 47/87 is -188.184125407437
    Sweep 47/87 CPU time = 25.12s (Wall time = 3.228s)

    vN Entropy at center bond b=150 = 0.702004609853
    Eigs at center bond b=150: 0.7483 0.2179 0.0212 0.0060 0.0040 0.0012 
    Largest link dim during sweep 48/87 was 52
    Largest truncation error: 8.13131e-09
    Energy after sweep 48/87 is -188.184125407416
    Sweep 48/87 CPU time = 25.02s (Wall time = 3.220s)

    vN Entropy at center bond b=150 = 0.702004612861
    Eigs at center bond b=150: 0.7483 0.2179 0.0212 0.0060 0.0040 0.0012 
    Largest link dim during sweep 49/87 was 52
    Largest truncation error: 8.13132e-09
    Energy after sweep 49/87 is -188.184125407401
    Sweep 49/87 CPU time = 25.20s (Wall time = 3.235s)

    vN Entropy at center bond b=150 = 0.702004614078
    Eigs at center bond b=150: 0.7483 0.2179 0.0212 0.0060 0.0040 0.0012 
    Largest link dim during sweep 50/87 was 52
    Largest truncation error: 8.13132e-09
    Energy after sweep 50/87 is -188.184125407391
    Sweep 50/87 CPU time = 25.09s (Wall time = 3.213s)

    vN Entropy at center bond b=150 = 0.702004614570
    Eigs at center bond b=150: 0.7483 0.2179 0.0212 0.0060 0.0040 0.0012 
    Largest link dim during sweep 51/87 was 52
    Largest truncation error: 8.13132e-09
    Energy after sweep 51/87 is -188.184125407385
    Sweep 51/87 CPU time = 24.89s (Wall time = 3.190s)

    vN Entropy at center bond b=150 = 0.702004614769
    Eigs at center bond b=150: 0.7483 0.2179 0.0212 0.0060 0.0040 0.0012 
    Largest link dim during sweep 52/87 was 52
    Largest truncation error: 8.13132e-09
    Energy after sweep 52/87 is -188.184125407384
    Sweep 52/87 CPU time = 25.17s (Wall time = 3.220s)

    vN Entropy at center bond b=150 = 0.702004614849
    Eigs at center bond b=150: 0.7483 0.2179 0.0212 0.0060 0.0040 0.0012 
    Largest link dim during sweep 53/87 was 52
    Largest truncation error: 8.13132e-09
    Energy after sweep 53/87 is -188.184125407379
    Sweep 53/87 CPU time = 25.16s (Wall time = 3.226s)

    vN Entropy at center bond b=150 = 0.702004614882
    Eigs at center bond b=150: 0.7483 0.2179 0.0212 0.0060 0.0040 0.0012 
    Largest link dim during sweep 54/87 was 52
    Largest truncation error: 8.13132e-09
    Energy after sweep 54/87 is -188.184125407368
    Sweep 54/87 CPU time = 25.21s (Wall time = 3.226s)

    vN Entropy at center bond b=150 = 0.702004614895
    Eigs at center bond b=150: 0.7483 0.2179 0.0212 0.0060 0.0040 0.0012 
    Largest link dim during sweep 55/87 was 52
    Largest truncation error: 8.13132e-09
    Energy after sweep 55/87 is -188.184125407190
    Sweep 55/87 CPU time = 25.15s (Wall time = 3.222s)

    vN Entropy at center bond b=150 = 0.702004614900
    Eigs at center bond b=150: 0.7483 0.2179 0.0212 0.0060 0.0040 0.0012 
    Largest link dim during sweep 56/87 was 52
    Largest truncation error: 8.13132e-09
    Energy after sweep 56/87 is -188.184125405684
    Sweep 56/87 CPU time = 25.14s (Wall time = 3.218s)

    vN Entropy at center bond b=150 = 0.702004614902
    Eigs at center bond b=150: 0.7483 0.2179 0.0212 0.0060 0.0040 0.0012 
    Largest link dim during sweep 57/87 was 52
    Largest truncation error: 8.13132e-09
    Energy after sweep 57/87 is -188.184125404645
    Sweep 57/87 CPU time = 25.27s (Wall time = 3.234s)

    vN Entropy at center bond b=150 = 0.702004614903
    Eigs at center bond b=150: 0.7483 0.2179 0.0212 0.0060 0.0040 0.0012 
    Largest link dim during sweep 58/87 was 52
    Largest truncation error: 8.13132e-09
    Energy after sweep 58/87 is -188.184125404274
    Sweep 58/87 CPU time = 25.22s (Wall time = 3.231s)

    vN Entropy at center bond b=150 = 0.702060202126
    Eigs at center bond b=150: 0.7483 0.2179 0.0212 0.0060 0.0040 0.0012 
    Largest link dim during sweep 59/87 was 96
    Largest truncation error: 7.57674e-11
    Energy after sweep 59/87 is -188.184137478682
    Sweep 59/87 CPU time = 1m, 14.7s (Wall time = 9.607s)

    vN Entropy at center bond b=150 = 0.702068389210
    Eigs at center bond b=150: 0.7483 0.2179 0.0212 0.0060 0.0040 0.0012 
    Largest link dim during sweep 60/87 was 100
    Largest truncation error: 7.57897e-11
    Energy after sweep 60/87 is -188.184137560344
    Sweep 60/87 CPU time = 1m, 36.1s (Wall time = 12.30s)

    vN Entropy at center bond b=150 = 0.702070242568
    Eigs at center bond b=150: 0.7483 0.2179 0.0212 0.0060 0.0040 0.0012 
    Largest link dim during sweep 61/87 was 100
    Largest truncation error: 7.60805e-11
    Energy after sweep 61/87 is -188.184137563220
    Sweep 61/87 CPU time = 1m, 31.0s (Wall time = 11.64s)

    vN Entropy at center bond b=150 = 0.702070875620
    Eigs at center bond b=150: 0.7483 0.2179 0.0212 0.0060 0.0040 0.0012 
    Largest link dim during sweep 62/87 was 100
    Largest truncation error: 7.57981e-11
    Energy after sweep 62/87 is -188.184137564180
    Sweep 62/87 CPU time = 1m, 35.6s (Wall time = 12.23s)

    vN Entropy at center bond b=150 = 0.702071124391
    Eigs at center bond b=150: 0.7483 0.2179 0.0212 0.0060 0.0040 0.0012 
    Largest link dim during sweep 63/87 was 100
    Largest truncation error: 7.57988e-11
    Energy after sweep 63/87 is -188.184137564342
    Sweep 63/87 CPU time = 1m, 35.1s (Wall time = 12.20s)

    vN Entropy at center bond b=150 = 0.702071226456
    Eigs at center bond b=150: 0.7483 0.2179 0.0212 0.0060 0.0040 0.0012 
    Largest link dim during sweep 64/87 was 100
    Largest truncation error: 7.57992e-11
    Energy after sweep 64/87 is -188.184137564367
    Sweep 64/87 CPU time = 1m, 36.1s (Wall time = 12.33s)

    vN Entropy at center bond b=150 = 0.702071270082
    Eigs at center bond b=150: 0.7483 0.2179 0.0212 0.0060 0.0040 0.0012 
    Largest link dim during sweep 65/87 was 100
    Largest truncation error: 7.57993e-11
    Energy after sweep 65/87 is -188.184137564394
    Sweep 65/87 CPU time = 1m, 34.8s (Wall time = 12.15s)

    vN Entropy at center bond b=150 = 0.702071293465
    Eigs at center bond b=150: 0.7483 0.2179 0.0212 0.0060 0.0040 0.0012 
    Largest link dim during sweep 66/87 was 100
    Largest truncation error: 7.57993e-11
    Energy after sweep 66/87 is -188.184137568605
    Sweep 66/87 CPU time = 1m, 36.1s (Wall time = 12.32s)

    vN Entropy at center bond b=150 = 0.702071307681
    Eigs at center bond b=150: 0.7483 0.2179 0.0212 0.0060 0.0040 0.0012 
    Largest link dim during sweep 67/87 was 100
    Largest truncation error: 7.57993e-11
    Energy after sweep 67/87 is -188.184137568627
    Sweep 67/87 CPU time = 1m, 37.5s (Wall time = 12.49s)

    vN Entropy at center bond b=150 = 0.702071314438
    Eigs at center bond b=150: 0.7483 0.2179 0.0212 0.0060 0.0040 0.0012 
    Largest link dim during sweep 68/87 was 100
    Largest truncation error: 7.57992e-11
    Energy after sweep 68/87 is -188.184137568666
    Sweep 68/87 CPU time = 1m, 37.6s (Wall time = 12.52s)

    vN Entropy at center bond b=150 = 0.702071318323
    Eigs at center bond b=150: 0.7483 0.2179 0.0212 0.0060 0.0040 0.0012 
    Largest link dim during sweep 69/87 was 100
    Largest truncation error: 7.57993e-11
    Energy after sweep 69/87 is -188.184137568657
    Sweep 69/87 CPU time = 1m, 37.2s (Wall time = 12.43s)

    vN Entropy at center bond b=150 = 0.702071320579
    Eigs at center bond b=150: 0.7483 0.2179 0.0212 0.0060 0.0040 0.0012 
    Largest link dim during sweep 70/87 was 100
    Largest truncation error: 7.57993e-11
    Energy after sweep 70/87 is -188.184137568650
    Sweep 70/87 CPU time = 1m, 32.8s (Wall time = 11.89s)

    vN Entropy at center bond b=150 = 0.702071321875
    Eigs at center bond b=150: 0.7483 0.2179 0.0212 0.0060 0.0040 0.0012 
    Largest link dim during sweep 71/87 was 100
    Largest truncation error: 7.57993e-11
    Energy after sweep 71/87 is -188.184137568649
    Sweep 71/87 CPU time = 1m, 33.2s (Wall time = 11.92s)

    vN Entropy at center bond b=150 = 0.702071322616
    Eigs at center bond b=150: 0.7483 0.2179 0.0212 0.0060 0.0040 0.0012 
    Largest link dim during sweep 72/87 was 100
    Largest truncation error: 7.57993e-11
    Energy after sweep 72/87 is -188.184137568648
    Sweep 72/87 CPU time = 1m, 32.6s (Wall time = 11.87s)

    vN Entropy at center bond b=150 = 0.702071323039
    Eigs at center bond b=150: 0.7483 0.2179 0.0212 0.0060 0.0040 0.0012 
    Largest link dim during sweep 73/87 was 100
    Largest truncation error: 7.57995e-11
    Energy after sweep 73/87 is -188.184137568644
    Sweep 73/87 CPU time = 1m, 32.3s (Wall time = 11.84s)

    vN Entropy at center bond b=150 = 0.702071323282
    Eigs at center bond b=150: 0.7483 0.2179 0.0212 0.0060 0.0040 0.0012 
    Largest link dim during sweep 74/87 was 100
    Largest truncation error: 7.57995e-11
    Energy after sweep 74/87 is -188.184137568645
    Sweep 74/87 CPU time = 1m, 32.5s (Wall time = 11.83s)

    vN Entropy at center bond b=150 = 0.702074968170
    Eigs at center bond b=150: 0.7483 0.2179 0.0212 0.0060 0.0040 0.0012 
    Largest link dim during sweep 75/87 was 176
    Largest truncation error: 7.48068e-13
    Energy after sweep 75/87 is -188.184137711198
    Sweep 75/87 CPU time = 3m, 18.5s (Wall time = 26.71s)

    vN Entropy at center bond b=150 = 0.702075215725
    Eigs at center bond b=150: 0.7483 0.2179 0.0212 0.0060 0.0040 0.0012 
    Largest link dim during sweep 76/87 was 181
    Largest truncation error: 7.48234e-13
    Energy after sweep 76/87 is -188.184137713364
    Sweep 76/87 CPU time = 4m, 39.8s (Wall time = 36.58s)

    vN Entropy at center bond b=150 = 0.702075320675
    Eigs at center bond b=150: 0.7483 0.2179 0.0212 0.0060 0.0040 0.0012 
    Largest link dim during sweep 77/87 was 180
    Largest truncation error: 7.62533e-13
    Energy after sweep 77/87 is -188.184137713663
    Sweep 77/87 CPU time = 4m, 33.1s (Wall time = 35.63s)

    vN Entropy at center bond b=150 = 0.702075381501
    Eigs at center bond b=150: 0.7483 0.2179 0.0212 0.0060 0.0040 0.0012 
    Largest link dim during sweep 78/87 was 179
    Largest truncation error: 7.59319e-13
    Energy after sweep 78/87 is -188.184137713745
    Sweep 78/87 CPU time = 4m, 28.1s (Wall time = 35.22s)

    vN Entropy at center bond b=150 = 0.702075420966
    Eigs at center bond b=150: 0.7483 0.2179 0.0212 0.0060 0.0040 0.0012 
    Largest link dim during sweep 79/87 was 179
    Largest truncation error: 7.57046e-13
    Energy after sweep 79/87 is -188.184137713802
    Sweep 79/87 CPU time = 4m, 35.9s (Wall time = 36.14s)

    vN Entropy at center bond b=150 = 0.702075446833
    Eigs at center bond b=150: 0.7483 0.2179 0.0212 0.0060 0.0040 0.0012 
    Largest link dim during sweep 80/87 was 179
    Largest truncation error: 7.57593e-13
    Energy after sweep 80/87 is -188.184137713841
    Sweep 80/87 CPU time = 4m, 26.9s (Wall time = 34.29s)

    vN Entropy at center bond b=150 = 0.702075463539
    Eigs at center bond b=150: 0.7483 0.2179 0.0212 0.0060 0.0040 0.0012 
    Largest link dim during sweep 81/87 was 180
    Largest truncation error: 7.57649e-13
    Energy after sweep 81/87 is -188.184137713837
    Sweep 81/87 CPU time = 4m, 27.8s (Wall time = 34.93s)

    vN Entropy at center bond b=150 = 0.702075474149
    Eigs at center bond b=150: 0.7483 0.2179 0.0212 0.0060 0.0040 0.0012 
    Largest link dim during sweep 82/87 was 180
    Largest truncation error: 7.57908e-13
    Energy after sweep 82/87 is -188.184137713845
    Sweep 82/87 CPU time = 4m, 28.7s (Wall time = 34.96s)

    vN Entropy at center bond b=150 = 0.702075844861
    Eigs at center bond b=150: 0.7483 0.2179 0.0212 0.0060 0.0040 0.0012 
    Largest link dim during sweep 83/87 was 165
    Largest truncation error: 7.47622e-13
    Energy after sweep 83/87 is -188.184137713267
    Sweep 83/87 CPU time = 3m, 16.0s (Wall time = 25.26s)

    vN Entropy at center bond b=150 = 0.702075856978
    Eigs at center bond b=150: 0.7483 0.2179 0.0212 0.0060 0.0040 0.0012 
    Largest link dim during sweep 84/87 was 286
    Largest truncation error: 7.48298e-15
    Energy after sweep 84/87 is -188.184137715537
    Sweep 84/87 CPU time = 8m, 56.2s (Wall time = 1m, 12.2s)

    vN Entropy at center bond b=150 = 0.702075865184
    Eigs at center bond b=150: 0.7483 0.2179 0.0212 0.0060 0.0040 0.0012 
    Largest link dim during sweep 85/87 was 296
    Largest truncation error: 7.54981e-15
    Energy after sweep 85/87 is -188.184137715562
    Sweep 85/87 CPU time = 16m, 41s (Wall time = 2m, 10.5s)

    vN Entropy at center bond b=150 = 0.702075868295
    Eigs at center bond b=150: 0.7483 0.2179 0.0212 0.0060 0.0040 0.0012 
    Largest link dim during sweep 86/87 was 292
    Largest truncation error: 7.53144e-15
    Energy after sweep 86/87 is -188.184137715558
    Sweep 86/87 CPU time = 14m, 4s (Wall time = 1m, 48.1s)

    vN Entropy at center bond b=150 = 0.702075870058
    Eigs at center bond b=150: 0.7483 0.2179 0.0212 0.0060 0.0040 0.0012 
    Largest link dim during sweep 87/87 was 291
    Largest truncation error: 7.53963e-15
    Energy after sweep 87/87 is -188.184137715561
    Sweep 87/87 CPU time = 13m, 48s (Wall time = 1m, 46.1s)
Initial energy = 41.58000

Ground State Energy = -188.1841377156
run_outputs/outputpsi/N_300_sweep_87_t_0.030000_J_1.000000_V_0.600000_D_0.018000_U_0.140000_mu_0.000000_E_0.000000 converge
Wall-clock time (s) = 5074.508021
