//////////////////////////
Reading input file ......

Got input.N = 150
Got input.t = 0.03
Got input.J = 1
Got input.V = 0.6
Got input.D = 0.018
Got input.U = 0.155
Got input.mu = 0
Got input.E = 0
Got input.nsweeps = 87
Sweeps:
1  MaxDim=20, MinDim=20, Cutoff=1.0E-06, Niter=8, Noise=1.0E-05
2  MaxDim=20, MinDim=20, Cutoff=1.0E-06, Niter=8, Noise=1.0E-05
3  MaxDim=20, MinDim=20, Cutoff=1.0E-06, Niter=8, Noise=1.0E-05
4  MaxDim=20, MinDim=20, Cutoff=1.0E-06, Niter=8, Noise=1.0E-05
5  MaxDim=20, MinDim=20, Cutoff=1.0E-06, Niter=8, Noise=1.0E-05
6  MaxDim=20, MinDim=20, Cutoff=1.0E-06, Niter=8, Noise=1.0E-05
7  MaxDim=20, MinDim=20, Cutoff=1.0E-06, Niter=8, Noise=1.0E-05
8  MaxDim=40, MinDim=20, Cutoff=1.0E-06, Niter=4, Noise=1.0E-05
9  MaxDim=40, MinDim=20, Cutoff=1.0E-06, Niter=4, Noise=1.0E-05
10  MaxDim=40, MinDim=20, Cutoff=1.0E-06, Niter=4, Noise=1.0E-05
11  MaxDim=40, MinDim=20, Cutoff=1.0E-06, Niter=4, Noise=1.0E-05
12  MaxDim=40, MinDim=20, Cutoff=1.0E-06, Niter=4, Noise=1.0E-05
13  MaxDim=40, MinDim=20, Cutoff=1.0E-06, Niter=4, Noise=1.0E-05
14  MaxDim=40, MinDim=20, Cutoff=1.0E-06, Niter=4, Noise=1.0E-05
15  MaxDim=80, MinDim=10, Cutoff=1.0E-06, Niter=4, Noise=1.0E-05
16  MaxDim=80, MinDim=10, Cutoff=1.0E-06, Niter=4, Noise=1.0E-05
17  MaxDim=80, MinDim=10, Cutoff=1.0E-06, Niter=4, Noise=1.0E-05
18  MaxDim=80, MinDim=10, Cutoff=1.0E-06, Niter=4, Noise=1.0E-05
19  MaxDim=80, MinDim=10, Cutoff=1.0E-06, Niter=4, Noise=1.0E-05
20  MaxDim=80, MinDim=10, Cutoff=1.0E-06, Niter=4, Noise=1.0E-05
21  MaxDim=80, MinDim=10, Cutoff=1.0E-06, Niter=4, Noise=1.0E-05
22  MaxDim=80, MinDim=10, Cutoff=1.0E-06, Niter=4, Noise=1.0E-05
23  MaxDim=80, MinDim=10, Cutoff=1.0E-06, Niter=4, Noise=1.0E-05
24  MaxDim=80, MinDim=10, Cutoff=1.0E-06, Niter=4, Noise=1.0E-05
25  MaxDim=80, MinDim=10, Cutoff=1.0E-06, Niter=4, Noise=1.0E-05
26  MaxDim=80, MinDim=10, Cutoff=1.0E-06, Niter=4, Noise=1.0E-05
27  MaxDim=80, MinDim=10, Cutoff=1.0E-06, Niter=4, Noise=1.0E-05
28  MaxDim=80, MinDim=10, Cutoff=1.0E-06, Niter=4, Noise=1.0E-05
29  MaxDim=80, MinDim=10, Cutoff=1.0E-06, Niter=4, Noise=1.0E-05
30  MaxDim=80, MinDim=10, Cutoff=1.0E-06, Niter=4, Noise=1.0E-05
31  MaxDim=80, MinDim=10, Cutoff=1.0E-06, Niter=4, Noise=1.0E-05
32  MaxDim=80, MinDim=10, Cutoff=1.0E-06, Niter=4, Noise=1.0E-05
33  MaxDim=80, MinDim=10, Cutoff=1.0E-06, Niter=4, Noise=1.0E-05
34  MaxDim=80, MinDim=10, Cutoff=1.0E-06, Niter=4, Noise=1.0E-05
35  MaxDim=80, MinDim=10, Cutoff=1.0E-06, Niter=4, Noise=1.0E-05
36  MaxDim=80, MinDim=10, Cutoff=1.0E-06, Niter=4, Noise=1.0E-05
37  MaxDim=160, MinDim=10, Cutoff=1.0E-08, Niter=4, Noise=1.0E-06
38  MaxDim=160, MinDim=10, Cutoff=1.0E-08, Niter=4, Noise=1.0E-06
39  MaxDim=160, MinDim=10, Cutoff=1.0E-08, Niter=4, Noise=1.0E-06
40  MaxDim=160, MinDim=10, Cutoff=1.0E-08, Niter=4, Noise=1.0E-06
41  MaxDim=160, MinDim=10, Cutoff=1.0E-08, Niter=4, Noise=1.0E-06
42  MaxDim=160, MinDim=10, Cutoff=1.0E-08, Niter=4, Noise=1.0E-06
43  MaxDim=160, MinDim=10, Cutoff=1.0E-08, Niter=4, Noise=1.0E-06
44  MaxDim=160, MinDim=10, Cutoff=1.0E-08, Niter=4, Noise=1.0E-06
45  MaxDim=160, MinDim=10, Cutoff=1.0E-08, Niter=4, Noise=1.0E-06
46  MaxDim=160, MinDim=10, Cutoff=1.0E-08, Niter=4, Noise=1.0E-06
47  MaxDim=160, MinDim=10, Cutoff=1.0E-08, Niter=4, Noise=1.0E-06
48  MaxDim=160, MinDim=10, Cutoff=1.0E-08, Niter=4, Noise=1.0E-06
49  MaxDim=160, MinDim=10, Cutoff=1.0E-08, Niter=4, Noise=1.0E-06
50  MaxDim=160, MinDim=10, Cutoff=1.0E-08, Niter=4, Noise=1.0E-06
51  MaxDim=160, MinDim=10, Cutoff=1.0E-08, Niter=4, Noise=1.0E-06
52  MaxDim=160, MinDim=10, Cutoff=1.0E-08, Niter=4, Noise=1.0E-06
53  MaxDim=160, MinDim=10, Cutoff=1.0E-08, Niter=4, Noise=1.0E-06
54  MaxDim=160, MinDim=10, Cutoff=1.0E-08, Niter=4, Noise=1.0E-06
55  MaxDim=160, MinDim=10, Cutoff=1.0E-08, Niter=4, Noise=1.0E-06
56  MaxDim=160, MinDim=10, Cutoff=1.0E-08, Niter=4, Noise=1.0E-06
57  MaxDim=160, MinDim=10, Cutoff=1.0E-08, Niter=4, Noise=1.0E-06
58  MaxDim=160, MinDim=10, Cutoff=1.0E-08, Niter=4, Noise=1.0E-06
59  MaxDim=320, MinDim=10, Cutoff=1.0E-10, Niter=4, Noise=1.0E-07
60  MaxDim=320, MinDim=10, Cutoff=1.0E-10, Niter=4, Noise=1.0E-07
61  MaxDim=320, MinDim=10, Cutoff=1.0E-10, Niter=4, Noise=1.0E-07
62  MaxDim=320, MinDim=10, Cutoff=1.0E-10, Niter=4, Noise=1.0E-07
63  MaxDim=320, MinDim=10, Cutoff=1.0E-10, Niter=4, Noise=1.0E-07
64  MaxDim=320, MinDim=10, Cutoff=1.0E-10, Niter=4, Noise=1.0E-07
65  MaxDim=320, MinDim=10, Cutoff=1.0E-10, Niter=4, Noise=1.0E-07
66  MaxDim=320, MinDim=10, Cutoff=1.0E-10, Niter=4, Noise=1.0E-07
67  MaxDim=320, MinDim=10, Cutoff=1.0E-10, Niter=4, Noise=1.0E-07
68  MaxDim=320, MinDim=10, Cutoff=1.0E-10, Niter=4, Noise=1.0E-07
69  MaxDim=320, MinDim=10, Cutoff=1.0E-10, Niter=4, Noise=1.0E-07
70  MaxDim=320, MinDim=10, Cutoff=1.0E-10, Niter=4, Noise=1.0E-07
71  MaxDim=320, MinDim=10, Cutoff=1.0E-10, Niter=4, Noise=1.0E-07
72  MaxDim=320, MinDim=10, Cutoff=1.0E-10, Niter=4, Noise=1.0E-07
73  MaxDim=320, MinDim=10, Cutoff=1.0E-10, Niter=4, Noise=1.0E-07
74  MaxDim=320, MinDim=10, Cutoff=1.0E-10, Niter=4, Noise=1.0E-07
75  MaxDim=640, MinDim=10, Cutoff=1.0E-12, Niter=2, Noise=1.0E-08
76  MaxDim=640, MinDim=10, Cutoff=1.0E-12, Niter=2, Noise=1.0E-08
77  MaxDim=640, MinDim=10, Cutoff=1.0E-12, Niter=2, Noise=1.0E-08
78  MaxDim=640, MinDim=10, Cutoff=1.0E-12, Niter=2, Noise=1.0E-08
79  MaxDim=640, MinDim=10, Cutoff=1.0E-12, Niter=2, Noise=1.0E-08
80  MaxDim=640, MinDim=10, Cutoff=1.0E-12, Niter=2, Noise=1.0E-08
81  MaxDim=640, MinDim=10, Cutoff=1.0E-12, Niter=2, Noise=1.0E-08
82  MaxDim=640, MinDim=10, Cutoff=1.0E-12, Niter=2, Noise=1.0E-08
83  MaxDim=1280, MinDim=10, Cutoff=1.0E-12, Niter=2, Noise=0.0E+00
84  MaxDim=1280, MinDim=10, Cutoff=1.0E-14, Niter=2, Noise=0.0E+00
85  MaxDim=1280, MinDim=10, Cutoff=1.0E-14, Niter=2, Noise=0.0E+00
86  MaxDim=1280, MinDim=10, Cutoff=1.0E-14, Niter=2, Noise=0.0E+00
87  MaxDim=1280, MinDim=10, Cutoff=1.0E-14, Niter=2, Noise=0.0E+00


    vN Entropy at center bond b=75 = 0.607791845459
    Eigs at center bond b=75: 0.7985 0.1733 0.0211 0.0044 0.0017 
    Largest link dim during sweep 1/87 was 20
    Largest truncation error: 3.63499e-05
    Energy after sweep 1/87 is -93.496652676343
    Sweep 1/87 CPU time = 4.411s (Wall time = 0.573s)

    vN Entropy at center bond b=75 = 0.691459561440
    Eigs at center bond b=75: 0.7501 0.2181 0.0211 0.0059 0.0028 
    Largest link dim during sweep 2/87 was 20
    Largest truncation error: 1.03995e-05
    Energy after sweep 2/87 is -93.590507044217
    Sweep 2/87 CPU time = 6.179s (Wall time = 0.792s)

    vN Entropy at center bond b=75 = 0.692530605491
    Eigs at center bond b=75: 0.7499 0.2180 0.0211 0.0059 0.0029 
    Largest link dim during sweep 3/87 was 20
    Largest truncation error: 2.01844e-06
    Energy after sweep 3/87 is -93.591164990781
    Sweep 3/87 CPU time = 6.187s (Wall time = 0.789s)

    vN Entropy at center bond b=75 = 0.692547010542
    Eigs at center bond b=75: 0.7499 0.2180 0.0211 0.0059 0.0029 
    Largest link dim during sweep 4/87 was 20
    Largest truncation error: 2.01698e-06
    Energy after sweep 4/87 is -93.591165003033
    Sweep 4/87 CPU time = 6.203s (Wall time = 0.795s)

    vN Entropy at center bond b=75 = 0.692547760101
    Eigs at center bond b=75: 0.7499 0.2180 0.0211 0.0059 0.0029 
    Largest link dim during sweep 5/87 was 20
    Largest truncation error: 2.01695e-06
    Energy after sweep 5/87 is -93.591164999826
    Sweep 5/87 CPU time = 6.472s (Wall time = 0.837s)

    vN Entropy at center bond b=75 = 0.692547796347
    Eigs at center bond b=75: 0.7499 0.2180 0.0211 0.0059 0.0029 
    Largest link dim during sweep 6/87 was 20
    Largest truncation error: 2.01695e-06
    Energy after sweep 6/87 is -93.591164999831
    Sweep 6/87 CPU time = 6.136s (Wall time = 0.787s)

    vN Entropy at center bond b=75 = 0.692547798140
    Eigs at center bond b=75: 0.7499 0.2180 0.0211 0.0059 0.0029 
    Largest link dim during sweep 7/87 was 20
    Largest truncation error: 2.01695e-06
    Energy after sweep 7/87 is -93.591164999860
    Sweep 7/87 CPU time = 6.157s (Wall time = 0.786s)

    vN Entropy at center bond b=75 = 0.692773097592
    Eigs at center bond b=75: 0.7499 0.2180 0.0211 0.0059 0.0029 
    Largest link dim during sweep 8/87 was 26
    Largest truncation error: 7.29167e-07
    Energy after sweep 8/87 is -93.591530250094
    Sweep 8/87 CPU time = 3.698s (Wall time = 0.475s)

    vN Entropy at center bond b=75 = 0.692803061297
    Eigs at center bond b=75: 0.7499 0.2180 0.0211 0.0059 0.0029 
    Largest link dim during sweep 9/87 was 26
    Largest truncation error: 7.32046e-07
    Energy after sweep 9/87 is -93.591531113959
    Sweep 9/87 CPU time = 3.796s (Wall time = 0.486s)

    vN Entropy at center bond b=75 = 0.692804760660
    Eigs at center bond b=75: 0.7499 0.2180 0.0211 0.0059 0.0029 
    Largest link dim during sweep 10/87 was 26
    Largest truncation error: 7.32033e-07
    Energy after sweep 10/87 is -93.591531124584
    Sweep 10/87 CPU time = 3.806s (Wall time = 0.487s)

    vN Entropy at center bond b=75 = 0.692804813200
    Eigs at center bond b=75: 0.7499 0.2180 0.0211 0.0059 0.0029 
    Largest link dim during sweep 11/87 was 26
    Largest truncation error: 7.32014e-07
    Energy after sweep 11/87 is -93.591531124806
    Sweep 11/87 CPU time = 3.798s (Wall time = 0.488s)

    vN Entropy at center bond b=75 = 0.692804783799
    Eigs at center bond b=75: 0.7499 0.2180 0.0211 0.0059 0.0029 
    Largest link dim during sweep 12/87 was 26
    Largest truncation error: 7.32008e-07
    Energy after sweep 12/87 is -93.591531124876
    Sweep 12/87 CPU time = 3.783s (Wall time = 0.485s)

    vN Entropy at center bond b=75 = 0.692804770374
    Eigs at center bond b=75: 0.7499 0.2180 0.0211 0.0059 0.0029 
    Largest link dim during sweep 13/87 was 26
    Largest truncation error: 7.32006e-07
    Energy after sweep 13/87 is -93.591531124901
    Sweep 13/87 CPU time = 3.803s (Wall time = 0.486s)

    vN Entropy at center bond b=75 = 0.692804765881
    Eigs at center bond b=75: 0.7499 0.2180 0.0211 0.0059 0.0029 
    Largest link dim during sweep 14/87 was 26
    Largest truncation error: 7.32005e-07
    Energy after sweep 14/87 is -93.591531124907
    Sweep 14/87 CPU time = 3.830s (Wall time = 0.490s)

    vN Entropy at center bond b=75 = 0.692728330413
    Eigs at center bond b=75: 0.7499 0.2180 0.0211 0.0059 0.0029 
    Largest link dim during sweep 15/87 was 25
    Largest truncation error: 7.50085e-07
    Energy after sweep 15/87 is -93.591488872040
    Sweep 15/87 CPU time = 3.718s (Wall time = 0.479s)

    vN Entropy at center bond b=75 = 0.692722615377
    Eigs at center bond b=75: 0.7499 0.2180 0.0211 0.0059 0.0029 
    Largest link dim during sweep 16/87 was 25
    Largest truncation error: 7.66858e-07
    Energy after sweep 16/87 is -93.591487862119
    Sweep 16/87 CPU time = 5.542s (Wall time = 0.747s)

    vN Entropy at center bond b=75 = 0.692721722932
    Eigs at center bond b=75: 0.7499 0.2180 0.0211 0.0059 0.0029 
    Largest link dim during sweep 17/87 was 25
    Largest truncation error: 7.6509e-07
    Energy after sweep 17/87 is -93.591487155650
    Sweep 17/87 CPU time = 3.716s (Wall time = 0.474s)

    vN Entropy at center bond b=75 = 0.692721479511
    Eigs at center bond b=75: 0.7499 0.2180 0.0211 0.0059 0.0029 
    Largest link dim during sweep 18/87 was 25
    Largest truncation error: 7.64777e-07
    Energy after sweep 18/87 is -93.591487858829
    Sweep 18/87 CPU time = 3.710s (Wall time = 0.477s)

    vN Entropy at center bond b=75 = 0.692721423120
    Eigs at center bond b=75: 0.7499 0.2180 0.0211 0.0059 0.0029 
    Largest link dim during sweep 19/87 was 25
    Largest truncation error: 7.64676e-07
    Energy after sweep 19/87 is -93.591487155163
    Sweep 19/87 CPU time = 3.722s (Wall time = 0.477s)

    vN Entropy at center bond b=75 = 0.692721393195
    Eigs at center bond b=75: 0.7499 0.2180 0.0211 0.0059 0.0029 
    Largest link dim during sweep 20/87 was 25
    Largest truncation error: 7.64643e-07
    Energy after sweep 20/87 is -93.591487858661
    Sweep 20/87 CPU time = 3.738s (Wall time = 0.477s)

    vN Entropy at center bond b=75 = 0.692721397390
    Eigs at center bond b=75: 0.7499 0.2180 0.0211 0.0059 0.0029 
    Largest link dim during sweep 21/87 was 25
    Largest truncation error: 7.64632e-07
    Energy after sweep 21/87 is -93.591487155102
    Sweep 21/87 CPU time = 3.741s (Wall time = 0.477s)

    vN Entropy at center bond b=75 = 0.692721385425
    Eigs at center bond b=75: 0.7499 0.2180 0.0211 0.0059 0.0029 
    Largest link dim during sweep 22/87 was 25
    Largest truncation error: 7.64628e-07
    Energy after sweep 22/87 is -93.591487858640
    Sweep 22/87 CPU time = 3.708s (Wall time = 0.475s)

    vN Entropy at center bond b=75 = 0.692721395032
    Eigs at center bond b=75: 0.7499 0.2180 0.0211 0.0059 0.0029 
    Largest link dim during sweep 23/87 was 25
    Largest truncation error: 7.64627e-07
    Energy after sweep 23/87 is -93.591487155095
    Sweep 23/87 CPU time = 3.702s (Wall time = 0.475s)

    vN Entropy at center bond b=75 = 0.692721384708
    Eigs at center bond b=75: 0.7499 0.2180 0.0211 0.0059 0.0029 
    Largest link dim during sweep 24/87 was 25
    Largest truncation error: 7.64626e-07
    Energy after sweep 24/87 is -93.591487858638
    Sweep 24/87 CPU time = 3.737s (Wall time = 0.478s)

    vN Entropy at center bond b=75 = 0.692721394814
    Eigs at center bond b=75: 0.7499 0.2180 0.0211 0.0059 0.0029 
    Largest link dim during sweep 25/87 was 25
    Largest truncation error: 7.64626e-07
    Energy after sweep 25/87 is -93.591487155094
    Sweep 25/87 CPU time = 3.714s (Wall time = 0.475s)

    vN Entropy at center bond b=75 = 0.692721384642
    Eigs at center bond b=75: 0.7499 0.2180 0.0211 0.0059 0.0029 
    Largest link dim during sweep 26/87 was 25
    Largest truncation error: 7.64626e-07
    Energy after sweep 26/87 is -93.591487858638
    Sweep 26/87 CPU time = 3.703s (Wall time = 0.479s)

    vN Entropy at center bond b=75 = 0.692721394794
    Eigs at center bond b=75: 0.7499 0.2180 0.0211 0.0059 0.0029 
    Largest link dim during sweep 27/87 was 25
    Largest truncation error: 7.64626e-07
    Energy after sweep 27/87 is -93.591487155094
    Sweep 27/87 CPU time = 3.709s (Wall time = 0.473s)

    vN Entropy at center bond b=75 = 0.692721384636
    Eigs at center bond b=75: 0.7499 0.2180 0.0211 0.0059 0.0029 
    Largest link dim during sweep 28/87 was 25
    Largest truncation error: 7.64626e-07
    Energy after sweep 28/87 is -93.591487858638
    Sweep 28/87 CPU time = 3.708s (Wall time = 0.475s)

    vN Entropy at center bond b=75 = 0.692721394792
    Eigs at center bond b=75: 0.7499 0.2180 0.0211 0.0059 0.0029 
    Largest link dim during sweep 29/87 was 25
    Largest truncation error: 7.64626e-07
    Energy after sweep 29/87 is -93.591487155095
    Sweep 29/87 CPU time = 3.709s (Wall time = 0.475s)

    vN Entropy at center bond b=75 = 0.692721384636
    Eigs at center bond b=75: 0.7499 0.2180 0.0211 0.0059 0.0029 
    Largest link dim during sweep 30/87 was 25
    Largest truncation error: 7.64626e-07
    Energy after sweep 30/87 is -93.591487858638
    Sweep 30/87 CPU time = 3.684s (Wall time = 0.474s)

    vN Entropy at center bond b=75 = 0.692721394792
    Eigs at center bond b=75: 0.7499 0.2180 0.0211 0.0059 0.0029 
    Largest link dim during sweep 31/87 was 25
    Largest truncation error: 7.64626e-07
    Energy after sweep 31/87 is -93.591487155094
    Sweep 31/87 CPU time = 3.627s (Wall time = 0.466s)

    vN Entropy at center bond b=75 = 0.692721384636
    Eigs at center bond b=75: 0.7499 0.2180 0.0211 0.0059 0.0029 
    Largest link dim during sweep 32/87 was 25
    Largest truncation error: 7.64626e-07
    Energy after sweep 32/87 is -93.591487858638
    Sweep 32/87 CPU time = 3.710s (Wall time = 0.473s)

    vN Entropy at center bond b=75 = 0.692721394792
    Eigs at center bond b=75: 0.7499 0.2180 0.0211 0.0059 0.0029 
    Largest link dim during sweep 33/87 was 25
    Largest truncation error: 7.64626e-07
    Energy after sweep 33/87 is -93.591487155095
    Sweep 33/87 CPU time = 3.712s (Wall time = 0.475s)

    vN Entropy at center bond b=75 = 0.692721384636
    Eigs at center bond b=75: 0.7499 0.2180 0.0211 0.0059 0.0029 
    Largest link dim during sweep 34/87 was 25
    Largest truncation error: 7.64626e-07
    Energy after sweep 34/87 is -93.591487858639
    Sweep 34/87 CPU time = 3.687s (Wall time = 0.475s)

    vN Entropy at center bond b=75 = 0.692721394792
    Eigs at center bond b=75: 0.7499 0.2180 0.0211 0.0059 0.0029 
    Largest link dim during sweep 35/87 was 25
    Largest truncation error: 7.64626e-07
    Energy after sweep 35/87 is -93.591487155094
    Sweep 35/87 CPU time = 3.714s (Wall time = 0.475s)

    vN Entropy at center bond b=75 = 0.692721384635
    Eigs at center bond b=75: 0.7499 0.2180 0.0211 0.0059 0.0029 
    Largest link dim during sweep 36/87 was 25
    Largest truncation error: 7.64626e-07
    Energy after sweep 36/87 is -93.591487858639
    Sweep 36/87 CPU time = 3.712s (Wall time = 0.474s)

    vN Entropy at center bond b=75 = 0.693577324922
    Eigs at center bond b=75: 0.7496 0.2182 0.0211 0.0060 0.0030 
    Largest link dim during sweep 37/87 was 48
    Largest truncation error: 7.8462e-09
    Energy after sweep 37/87 is -93.591979092678
    Sweep 37/87 CPU time = 8.245s (Wall time = 1.058s)

    vN Entropy at center bond b=75 = 0.693821917882
    Eigs at center bond b=75: 0.7496 0.2181 0.0212 0.0060 0.0030 
    Largest link dim during sweep 38/87 was 51
    Largest truncation error: 7.46905e-09
    Energy after sweep 38/87 is -93.591980970540
    Sweep 38/87 CPU time = 11.23s (Wall time = 1.437s)

    vN Entropy at center bond b=75 = 0.693846322932
    Eigs at center bond b=75: 0.7496 0.2181 0.0212 0.0060 0.0030 
    Largest link dim during sweep 39/87 was 51
    Largest truncation error: 7.75908e-09
    Energy after sweep 39/87 is -93.591981028345
    Sweep 39/87 CPU time = 11.27s (Wall time = 1.447s)

    vN Entropy at center bond b=75 = 0.693852361677
    Eigs at center bond b=75: 0.7496 0.2181 0.0212 0.0060 0.0030 
    Largest link dim during sweep 40/87 was 51
    Largest truncation error: 7.79579e-09
    Energy after sweep 40/87 is -93.591981031705
    Sweep 40/87 CPU time = 11.39s (Wall time = 1.469s)

    vN Entropy at center bond b=75 = 0.693854213009
    Eigs at center bond b=75: 0.7496 0.2181 0.0212 0.0060 0.0030 
    Largest link dim during sweep 41/87 was 51
    Largest truncation error: 7.81248e-09
    Energy after sweep 41/87 is -93.591981031864
    Sweep 41/87 CPU time = 11.43s (Wall time = 1.458s)

    vN Entropy at center bond b=75 = 0.693854827235
    Eigs at center bond b=75: 0.7496 0.2181 0.0212 0.0060 0.0030 
    Largest link dim during sweep 42/87 was 51
    Largest truncation error: 7.82001e-09
    Energy after sweep 42/87 is -93.591981038241
    Sweep 42/87 CPU time = 11.40s (Wall time = 1.458s)

    vN Entropy at center bond b=75 = 0.693855039042
    Eigs at center bond b=75: 0.7496 0.2181 0.0212 0.0060 0.0030 
    Largest link dim during sweep 43/87 was 51
    Largest truncation error: 7.83168e-09
    Energy after sweep 43/87 is -93.591981038360
    Sweep 43/87 CPU time = 11.37s (Wall time = 1.459s)

    vN Entropy at center bond b=75 = 0.693855113542
    Eigs at center bond b=75: 0.7496 0.2181 0.0212 0.0060 0.0030 
    Largest link dim during sweep 44/87 was 51
    Largest truncation error: 7.83834e-09
    Energy after sweep 44/87 is -93.591981038397
    Sweep 44/87 CPU time = 11.37s (Wall time = 1.457s)

    vN Entropy at center bond b=75 = 0.693855140013
    Eigs at center bond b=75: 0.7496 0.2181 0.0212 0.0060 0.0030 
    Largest link dim during sweep 45/87 was 51
    Largest truncation error: 7.842e-09
    Energy after sweep 45/87 is -93.591981038408
    Sweep 45/87 CPU time = 11.43s (Wall time = 1.472s)

    vN Entropy at center bond b=75 = 0.693855149467
    Eigs at center bond b=75: 0.7496 0.2181 0.0212 0.0060 0.0030 
    Largest link dim during sweep 46/87 was 51
    Largest truncation error: 7.84398e-09
    Energy after sweep 46/87 is -93.591981038414
    Sweep 46/87 CPU time = 11.39s (Wall time = 1.465s)

    vN Entropy at center bond b=75 = 0.693855152853
    Eigs at center bond b=75: 0.7496 0.2181 0.0212 0.0060 0.0030 
    Largest link dim during sweep 47/87 was 51
    Largest truncation error: 7.84503e-09
    Energy after sweep 47/87 is -93.591981038416
    Sweep 47/87 CPU time = 11.46s (Wall time = 1.468s)

    vN Entropy at center bond b=75 = 0.693855154066
    Eigs at center bond b=75: 0.7496 0.2181 0.0212 0.0060 0.0030 
    Largest link dim during sweep 48/87 was 51
    Largest truncation error: 7.84558e-09
    Energy after sweep 48/87 is -93.591981038418
    Sweep 48/87 CPU time = 11.46s (Wall time = 1.464s)

    vN Entropy at center bond b=75 = 0.693855154502
    Eigs at center bond b=75: 0.7496 0.2181 0.0212 0.0060 0.0030 
    Largest link dim during sweep 49/87 was 51
    Largest truncation error: 7.84587e-09
    Energy after sweep 49/87 is -93.591981038418
    Sweep 49/87 CPU time = 11.46s (Wall time = 1.467s)

    vN Entropy at center bond b=75 = 0.693855154658
    Eigs at center bond b=75: 0.7496 0.2181 0.0212 0.0060 0.0030 
    Largest link dim during sweep 50/87 was 51
    Largest truncation error: 7.84602e-09
    Energy after sweep 50/87 is -93.591981038419
    Sweep 50/87 CPU time = 11.44s (Wall time = 1.465s)

    vN Entropy at center bond b=75 = 0.693855154714
    Eigs at center bond b=75: 0.7496 0.2181 0.0212 0.0060 0.0030 
    Largest link dim during sweep 51/87 was 51
    Largest truncation error: 7.8461e-09
    Energy after sweep 51/87 is -93.591981038420
    Sweep 51/87 CPU time = 11.41s (Wall time = 1.464s)

    vN Entropy at center bond b=75 = 0.693855154734
    Eigs at center bond b=75: 0.7496 0.2181 0.0212 0.0060 0.0030 
    Largest link dim during sweep 52/87 was 51
    Largest truncation error: 7.84614e-09
    Energy after sweep 52/87 is -93.591981038419
    Sweep 52/87 CPU time = 11.49s (Wall time = 1.472s)

    vN Entropy at center bond b=75 = 0.693855154742
    Eigs at center bond b=75: 0.7496 0.2181 0.0212 0.0060 0.0030 
    Largest link dim during sweep 53/87 was 51
    Largest truncation error: 7.84616e-09
    Energy after sweep 53/87 is -93.591981038418
    Sweep 53/87 CPU time = 11.54s (Wall time = 1.476s)

    vN Entropy at center bond b=75 = 0.693855154744
    Eigs at center bond b=75: 0.7496 0.2181 0.0212 0.0060 0.0030 
    Largest link dim during sweep 54/87 was 51
    Largest truncation error: 7.84617e-09
    Energy after sweep 54/87 is -93.591981038420
    Sweep 54/87 CPU time = 11.41s (Wall time = 1.466s)

    vN Entropy at center bond b=75 = 0.693855154745
    Eigs at center bond b=75: 0.7496 0.2181 0.0212 0.0060 0.0030 
    Largest link dim during sweep 55/87 was 51
    Largest truncation error: 7.84618e-09
    Energy after sweep 55/87 is -93.591981038419
    Sweep 55/87 CPU time = 11.44s (Wall time = 1.467s)

    vN Entropy at center bond b=75 = 0.693855154745
    Eigs at center bond b=75: 0.7496 0.2181 0.0212 0.0060 0.0030 
    Largest link dim during sweep 56/87 was 51
    Largest truncation error: 7.84618e-09
    Energy after sweep 56/87 is -93.591981038419
    Sweep 56/87 CPU time = 11.46s (Wall time = 1.469s)

    vN Entropy at center bond b=75 = 0.693855154746
    Eigs at center bond b=75: 0.7496 0.2181 0.0212 0.0060 0.0030 
    Largest link dim during sweep 57/87 was 51
    Largest truncation error: 7.84618e-09
    Energy after sweep 57/87 is -93.591981038421
    Sweep 57/87 CPU time = 11.47s (Wall time = 1.470s)

    vN Entropy at center bond b=75 = 0.693855154746
    Eigs at center bond b=75: 0.7496 0.2181 0.0212 0.0060 0.0030 
    Largest link dim during sweep 58/87 was 51
    Largest truncation error: 7.84618e-09
    Energy after sweep 58/87 is -93.591981038421
    Sweep 58/87 CPU time = 11.42s (Wall time = 1.465s)

    vN Entropy at center bond b=75 = 0.693882336270
    Eigs at center bond b=75: 0.7496 0.2182 0.0212 0.0060 0.0030 
    Largest link dim during sweep 59/87 was 93
    Largest truncation error: 7.68604e-11
    Energy after sweep 59/87 is -93.591986865126
    Sweep 59/87 CPU time = 34.67s (Wall time = 4.449s)

    vN Entropy at center bond b=75 = 0.693886716375
    Eigs at center bond b=75: 0.7496 0.2182 0.0212 0.0060 0.0030 
    Largest link dim during sweep 60/87 was 97
    Largest truncation error: 7.68611e-11
    Energy after sweep 60/87 is -93.591986886778
    Sweep 60/87 CPU time = 46.61s (Wall time = 6.009s)

    vN Entropy at center bond b=75 = 0.693887409871
    Eigs at center bond b=75: 0.7496 0.2182 0.0212 0.0060 0.0030 
    Largest link dim during sweep 61/87 was 97
    Largest truncation error: 7.68612e-11
    Energy after sweep 61/87 is -93.591986888704
    Sweep 61/87 CPU time = 50.01s (Wall time = 6.408s)

    vN Entropy at center bond b=75 = 0.693887644428
    Eigs at center bond b=75: 0.7496 0.2182 0.0212 0.0060 0.0030 
    Largest link dim during sweep 62/87 was 97
    Largest truncation error: 7.68609e-11
    Energy after sweep 62/87 is -93.591986889036
    Sweep 62/87 CPU time = 49.99s (Wall time = 6.402s)

    vN Entropy at center bond b=75 = 0.693887733440
    Eigs at center bond b=75: 0.7496 0.2182 0.0212 0.0060 0.0030 
    Largest link dim during sweep 63/87 was 97
    Largest truncation error: 7.68609e-11
    Energy after sweep 63/87 is -93.591986889035
    Sweep 63/87 CPU time = 50.04s (Wall time = 6.412s)

    vN Entropy at center bond b=75 = 0.693887768227
    Eigs at center bond b=75: 0.7496 0.2182 0.0212 0.0060 0.0030 
    Largest link dim during sweep 64/87 was 97
    Largest truncation error: 7.68611e-11
    Energy after sweep 64/87 is -93.591986889045
    Sweep 64/87 CPU time = 51.54s (Wall time = 6.610s)

    vN Entropy at center bond b=75 = 0.693887782663
    Eigs at center bond b=75: 0.7496 0.2182 0.0212 0.0060 0.0030 
    Largest link dim during sweep 65/87 was 97
    Largest truncation error: 7.68612e-11
    Energy after sweep 65/87 is -93.591986889036
    Sweep 65/87 CPU time = 51.26s (Wall time = 6.565s)

    vN Entropy at center bond b=75 = 0.693887789251
    Eigs at center bond b=75: 0.7496 0.2182 0.0212 0.0060 0.0030 
    Largest link dim during sweep 66/87 was 97
    Largest truncation error: 7.68609e-11
    Energy after sweep 66/87 is -93.591986889008
    Sweep 66/87 CPU time = 51.16s (Wall time = 6.542s)

    vN Entropy at center bond b=75 = 0.693887792541
    Eigs at center bond b=75: 0.7496 0.2182 0.0212 0.0060 0.0030 
    Largest link dim during sweep 67/87 was 97
    Largest truncation error: 7.6861e-11
    Energy after sweep 67/87 is -93.591986888998
    Sweep 67/87 CPU time = 51.57s (Wall time = 6.605s)

    vN Entropy at center bond b=75 = 0.693887794288
    Eigs at center bond b=75: 0.7496 0.2182 0.0212 0.0060 0.0030 
    Largest link dim during sweep 68/87 was 97
    Largest truncation error: 7.68608e-11
    Energy after sweep 68/87 is -93.591986888990
    Sweep 68/87 CPU time = 51.78s (Wall time = 6.629s)

    vN Entropy at center bond b=75 = 0.693887795239
    Eigs at center bond b=75: 0.7496 0.2182 0.0212 0.0060 0.0030 
    Largest link dim during sweep 69/87 was 97
    Largest truncation error: 7.68611e-11
    Energy after sweep 69/87 is -93.591986888987
    Sweep 69/87 CPU time = 52.24s (Wall time = 6.685s)

    vN Entropy at center bond b=75 = 0.693887795754
    Eigs at center bond b=75: 0.7496 0.2182 0.0212 0.0060 0.0030 
    Largest link dim during sweep 70/87 was 97
    Largest truncation error: 7.68612e-11
    Energy after sweep 70/87 is -93.591986888985
    Sweep 70/87 CPU time = 52.35s (Wall time = 6.710s)

    vN Entropy at center bond b=75 = 0.693887796027
    Eigs at center bond b=75: 0.7496 0.2182 0.0212 0.0060 0.0030 
    Largest link dim during sweep 71/87 was 97
    Largest truncation error: 7.6861e-11
    Energy after sweep 71/87 is -93.591986888987
    Sweep 71/87 CPU time = 52.20s (Wall time = 6.685s)

    vN Entropy at center bond b=75 = 0.693887796169
    Eigs at center bond b=75: 0.7496 0.2182 0.0212 0.0060 0.0030 
    Largest link dim during sweep 72/87 was 97
    Largest truncation error: 7.68609e-11
    Energy after sweep 72/87 is -93.591986888987
    Sweep 72/87 CPU time = 52.30s (Wall time = 6.689s)

    vN Entropy at center bond b=75 = 0.693887796241
    Eigs at center bond b=75: 0.7496 0.2182 0.0212 0.0060 0.0030 
    Largest link dim during sweep 73/87 was 97
    Largest truncation error: 7.68608e-11
    Energy after sweep 73/87 is -93.591986888984
    Sweep 73/87 CPU time = 52.70s (Wall time = 6.740s)

    vN Entropy at center bond b=75 = 0.693887796277
    Eigs at center bond b=75: 0.7496 0.2182 0.0212 0.0060 0.0030 
    Largest link dim during sweep 74/87 was 97
    Largest truncation error: 7.68611e-11
    Energy after sweep 74/87 is -93.591986888984
    Sweep 74/87 CPU time = 52.38s (Wall time = 6.708s)

    vN Entropy at center bond b=75 = 0.693888803076
    Eigs at center bond b=75: 0.7496 0.2182 0.0212 0.0060 0.0030 
    Largest link dim during sweep 75/87 was 168
    Largest truncation error: 7.49363e-13
    Energy after sweep 75/87 is -93.591986957810
    Sweep 75/87 CPU time = 1m, 36.1s (Wall time = 12.97s)

    vN Entropy at center bond b=75 = 0.693888958011
    Eigs at center bond b=75: 0.7496 0.2182 0.0212 0.0060 0.0030 
    Largest link dim during sweep 76/87 was 173
    Largest truncation error: 7.60368e-13
    Energy after sweep 76/87 is -93.591986958671
    Sweep 76/87 CPU time = 2m, 16.2s (Wall time = 17.96s)

    vN Entropy at center bond b=75 = 0.693889015644
    Eigs at center bond b=75: 0.7496 0.2182 0.0212 0.0060 0.0030 
    Largest link dim during sweep 77/87 was 172
    Largest truncation error: 7.50493e-13
    Energy after sweep 77/87 is -93.591986958808
    Sweep 77/87 CPU time = 2m, 8.5s (Wall time = 16.82s)

    vN Entropy at center bond b=75 = 0.693889048433
    Eigs at center bond b=75: 0.7496 0.2182 0.0212 0.0060 0.0030 
    Largest link dim during sweep 78/87 was 171
    Largest truncation error: 7.49379e-13
    Energy after sweep 78/87 is -93.591986958847
    Sweep 78/87 CPU time = 2m, 10.7s (Wall time = 17.27s)

    vN Entropy at center bond b=75 = 0.693889069613
    Eigs at center bond b=75: 0.7496 0.2182 0.0212 0.0060 0.0030 
    Largest link dim during sweep 79/87 was 171
    Largest truncation error: 7.49177e-13
    Energy after sweep 79/87 is -93.591986958864
    Sweep 79/87 CPU time = 2m, 8.5s (Wall time = 16.92s)

    vN Entropy at center bond b=75 = 0.693889083203
    Eigs at center bond b=75: 0.7496 0.2182 0.0212 0.0060 0.0030 
    Largest link dim during sweep 80/87 was 172
    Largest truncation error: 7.48958e-13
    Energy after sweep 80/87 is -93.591986958875
    Sweep 80/87 CPU time = 2m, 8.4s (Wall time = 16.92s)

    vN Entropy at center bond b=75 = 0.693889091660
    Eigs at center bond b=75: 0.7496 0.2182 0.0212 0.0060 0.0030 
    Largest link dim during sweep 81/87 was 172
    Largest truncation error: 7.49631e-13
    Energy after sweep 81/87 is -93.591986958878
    Sweep 81/87 CPU time = 2m, 9.0s (Wall time = 17.04s)

    vN Entropy at center bond b=75 = 0.693889096792
    Eigs at center bond b=75: 0.7496 0.2182 0.0212 0.0060 0.0030 
    Largest link dim during sweep 82/87 was 172
    Largest truncation error: 7.49103e-13
    Energy after sweep 82/87 is -93.591986958878
    Sweep 82/87 CPU time = 2m, 9.2s (Wall time = 17.02s)

    vN Entropy at center bond b=75 = 0.693889175469
    Eigs at center bond b=75: 0.7496 0.2182 0.0212 0.0060 0.0030 
    Largest link dim during sweep 83/87 was 158
    Largest truncation error: 7.50148e-13
    Energy after sweep 83/87 is -93.591986958609
    Sweep 83/87 CPU time = 1m, 37.1s (Wall time = 12.60s)

    vN Entropy at center bond b=75 = 0.693889184364
    Eigs at center bond b=75: 0.7496 0.2182 0.0212 0.0060 0.0030 
    Largest link dim during sweep 84/87 was 273
    Largest truncation error: 7.53898e-15
    Energy after sweep 84/87 is -93.591986959698
    Sweep 84/87 CPU time = 4m, 13.3s (Wall time = 34.16s)

    vN Entropy at center bond b=75 = 0.693889189406
    Eigs at center bond b=75: 0.7496 0.2182 0.0212 0.0060 0.0030 
    Largest link dim during sweep 85/87 was 282
    Largest truncation error: 7.52663e-15
    Energy after sweep 85/87 is -93.591986959705
    Sweep 85/87 CPU time = 7m, 14.7s (Wall time = 57.76s)

    vN Entropy at center bond b=75 = 0.693889190853
    Eigs at center bond b=75: 0.7496 0.2182 0.0212 0.0060 0.0030 
    Largest link dim during sweep 86/87 was 278
    Largest truncation error: 7.6237e-15
    Energy after sweep 86/87 is -93.591986959707
    Sweep 86/87 CPU time = 6m, 3.3s (Wall time = 47.95s)

    vN Entropy at center bond b=75 = 0.693889191612
    Eigs at center bond b=75: 0.7496 0.2182 0.0212 0.0060 0.0030 
    Largest link dim during sweep 87/87 was 277
    Largest truncation error: 7.57676e-15
    Energy after sweep 87/87 is -93.591986959708
    Sweep 87/87 CPU time = 6m, 6.5s (Wall time = 49.83s)
Initial energy = 22.78500

Ground State Energy = -93.5919869597
run_outputs/outputpsi/N_150_sweep_87_t_0.030000_J_1.000000_V_0.600000_D_0.018000_U_0.155000_mu_0.000000_E_0.000000 converge
Wall-clock time (s) = 961.064281
