//////////////////////////
Reading input file ......

Got input.N = 150
Got input.t = 0.03
Got input.J = 1
Got input.V = 0.6
Got input.D = 0.018
Got input.U = 1.01
Got input.mu = 0
Got input.E = 0
Got input.nsweeps = 87
Sweeps:
1  MaxDim=20, MinDim=20, Cutoff=1.0E-06, Niter=8, Noise=1.0E-05
2  MaxDim=20, MinDim=20, Cutoff=1.0E-06, Niter=8, Noise=1.0E-05
3  MaxDim=20, MinDim=20, Cutoff=1.0E-06, Niter=8, Noise=1.0E-05
4  MaxDim=20, MinDim=20, Cutoff=1.0E-06, Niter=8, Noise=1.0E-05
5  MaxDim=20, MinDim=20, Cutoff=1.0E-06, Niter=8, Noise=1.0E-05
6  MaxDim=20, MinDim=20, Cutoff=1.0E-06, Niter=8, Noise=1.0E-05
7  MaxDim=20, MinDim=20, Cutoff=1.0E-06, Niter=8, Noise=1.0E-05
8  MaxDim=40, MinDim=20, Cutoff=1.0E-06, Niter=4, Noise=1.0E-05
9  MaxDim=40, MinDim=20, Cutoff=1.0E-06, Niter=4, Noise=1.0E-05
10  MaxDim=40, MinDim=20, Cutoff=1.0E-06, Niter=4, Noise=1.0E-05
11  MaxDim=40, MinDim=20, Cutoff=1.0E-06, Niter=4, Noise=1.0E-05
12  MaxDim=40, MinDim=20, Cutoff=1.0E-06, Niter=4, Noise=1.0E-05
13  MaxDim=40, MinDim=20, Cutoff=1.0E-06, Niter=4, Noise=1.0E-05
14  MaxDim=40, MinDim=20, Cutoff=1.0E-06, Niter=4, Noise=1.0E-05
15  MaxDim=80, MinDim=10, Cutoff=1.0E-06, Niter=4, Noise=1.0E-05
16  MaxDim=80, MinDim=10, Cutoff=1.0E-06, Niter=4, Noise=1.0E-05
17  MaxDim=80, MinDim=10, Cutoff=1.0E-06, Niter=4, Noise=1.0E-05
18  MaxDim=80, MinDim=10, Cutoff=1.0E-06, Niter=4, Noise=1.0E-05
19  MaxDim=80, MinDim=10, Cutoff=1.0E-06, Niter=4, Noise=1.0E-05
20  MaxDim=80, MinDim=10, Cutoff=1.0E-06, Niter=4, Noise=1.0E-05
21  MaxDim=80, MinDim=10, Cutoff=1.0E-06, Niter=4, Noise=1.0E-05
22  MaxDim=80, MinDim=10, Cutoff=1.0E-06, Niter=4, Noise=1.0E-05
23  MaxDim=80, MinDim=10, Cutoff=1.0E-06, Niter=4, Noise=1.0E-05
24  MaxDim=80, MinDim=10, Cutoff=1.0E-06, Niter=4, Noise=1.0E-05
25  MaxDim=80, MinDim=10, Cutoff=1.0E-06, Niter=4, Noise=1.0E-05
26  MaxDim=80, MinDim=10, Cutoff=1.0E-06, Niter=4, Noise=1.0E-05
27  MaxDim=80, MinDim=10, Cutoff=1.0E-06, Niter=4, Noise=1.0E-05
28  MaxDim=80, MinDim=10, Cutoff=1.0E-06, Niter=4, Noise=1.0E-05
29  MaxDim=80, MinDim=10, Cutoff=1.0E-06, Niter=4, Noise=1.0E-05
30  MaxDim=80, MinDim=10, Cutoff=1.0E-06, Niter=4, Noise=1.0E-05
31  MaxDim=80, MinDim=10, Cutoff=1.0E-06, Niter=4, Noise=1.0E-05
32  MaxDim=80, MinDim=10, Cutoff=1.0E-06, Niter=4, Noise=1.0E-05
33  MaxDim=80, MinDim=10, Cutoff=1.0E-06, Niter=4, Noise=1.0E-05
34  MaxDim=80, MinDim=10, Cutoff=1.0E-06, Niter=4, Noise=1.0E-05
35  MaxDim=80, MinDim=10, Cutoff=1.0E-06, Niter=4, Noise=1.0E-05
36  MaxDim=80, MinDim=10, Cutoff=1.0E-06, Niter=4, Noise=1.0E-05
37  MaxDim=160, MinDim=10, Cutoff=1.0E-08, Niter=4, Noise=1.0E-06
38  MaxDim=160, MinDim=10, Cutoff=1.0E-08, Niter=4, Noise=1.0E-06
39  MaxDim=160, MinDim=10, Cutoff=1.0E-08, Niter=4, Noise=1.0E-06
40  MaxDim=160, MinDim=10, Cutoff=1.0E-08, Niter=4, Noise=1.0E-06
41  MaxDim=160, MinDim=10, Cutoff=1.0E-08, Niter=4, Noise=1.0E-06
42  MaxDim=160, MinDim=10, Cutoff=1.0E-08, Niter=4, Noise=1.0E-06
43  MaxDim=160, MinDim=10, Cutoff=1.0E-08, Niter=4, Noise=1.0E-06
44  MaxDim=160, MinDim=10, Cutoff=1.0E-08, Niter=4, Noise=1.0E-06
45  MaxDim=160, MinDim=10, Cutoff=1.0E-08, Niter=4, Noise=1.0E-06
46  MaxDim=160, MinDim=10, Cutoff=1.0E-08, Niter=4, Noise=1.0E-06
47  MaxDim=160, MinDim=10, Cutoff=1.0E-08, Niter=4, Noise=1.0E-06
48  MaxDim=160, MinDim=10, Cutoff=1.0E-08, Niter=4, Noise=1.0E-06
49  MaxDim=160, MinDim=10, Cutoff=1.0E-08, Niter=4, Noise=1.0E-06
50  MaxDim=160, MinDim=10, Cutoff=1.0E-08, Niter=4, Noise=1.0E-06
51  MaxDim=160, MinDim=10, Cutoff=1.0E-08, Niter=4, Noise=1.0E-06
52  MaxDim=160, MinDim=10, Cutoff=1.0E-08, Niter=4, Noise=1.0E-06
53  MaxDim=160, MinDim=10, Cutoff=1.0E-08, Niter=4, Noise=1.0E-06
54  MaxDim=160, MinDim=10, Cutoff=1.0E-08, Niter=4, Noise=1.0E-06
55  MaxDim=160, MinDim=10, Cutoff=1.0E-08, Niter=4, Noise=1.0E-06
56  MaxDim=160, MinDim=10, Cutoff=1.0E-08, Niter=4, Noise=1.0E-06
57  MaxDim=160, MinDim=10, Cutoff=1.0E-08, Niter=4, Noise=1.0E-06
58  MaxDim=160, MinDim=10, Cutoff=1.0E-08, Niter=4, Noise=1.0E-06
59  MaxDim=320, MinDim=10, Cutoff=1.0E-10, Niter=4, Noise=1.0E-07
60  MaxDim=320, MinDim=10, Cutoff=1.0E-10, Niter=4, Noise=1.0E-07
61  MaxDim=320, MinDim=10, Cutoff=1.0E-10, Niter=4, Noise=1.0E-07
62  MaxDim=320, MinDim=10, Cutoff=1.0E-10, Niter=4, Noise=1.0E-07
63  MaxDim=320, MinDim=10, Cutoff=1.0E-10, Niter=4, Noise=1.0E-07
64  MaxDim=320, MinDim=10, Cutoff=1.0E-10, Niter=4, Noise=1.0E-07
65  MaxDim=320, MinDim=10, Cutoff=1.0E-10, Niter=4, Noise=1.0E-07
66  MaxDim=320, MinDim=10, Cutoff=1.0E-10, Niter=4, Noise=1.0E-07
67  MaxDim=320, MinDim=10, Cutoff=1.0E-10, Niter=4, Noise=1.0E-07
68  MaxDim=320, MinDim=10, Cutoff=1.0E-10, Niter=4, Noise=1.0E-07
69  MaxDim=320, MinDim=10, Cutoff=1.0E-10, Niter=4, Noise=1.0E-07
70  MaxDim=320, MinDim=10, Cutoff=1.0E-10, Niter=4, Noise=1.0E-07
71  MaxDim=320, MinDim=10, Cutoff=1.0E-10, Niter=4, Noise=1.0E-07
72  MaxDim=320, MinDim=10, Cutoff=1.0E-10, Niter=4, Noise=1.0E-07
73  MaxDim=320, MinDim=10, Cutoff=1.0E-10, Niter=4, Noise=1.0E-07
74  MaxDim=320, MinDim=10, Cutoff=1.0E-10, Niter=4, Noise=1.0E-07
75  MaxDim=640, MinDim=10, Cutoff=1.0E-12, Niter=2, Noise=1.0E-08
76  MaxDim=640, MinDim=10, Cutoff=1.0E-12, Niter=2, Noise=1.0E-08
77  MaxDim=640, MinDim=10, Cutoff=1.0E-12, Niter=2, Noise=1.0E-08
78  MaxDim=640, MinDim=10, Cutoff=1.0E-12, Niter=2, Noise=1.0E-08
79  MaxDim=640, MinDim=10, Cutoff=1.0E-12, Niter=2, Noise=1.0E-08
80  MaxDim=640, MinDim=10, Cutoff=1.0E-12, Niter=2, Noise=1.0E-08
81  MaxDim=640, MinDim=10, Cutoff=1.0E-12, Niter=2, Noise=1.0E-08
82  MaxDim=640, MinDim=10, Cutoff=1.0E-12, Niter=2, Noise=1.0E-08
83  MaxDim=1280, MinDim=10, Cutoff=1.0E-12, Niter=2, Noise=0.0E+00
84  MaxDim=1280, MinDim=10, Cutoff=1.0E-14, Niter=2, Noise=0.0E+00
85  MaxDim=1280, MinDim=10, Cutoff=1.0E-14, Niter=2, Noise=0.0E+00
86  MaxDim=1280, MinDim=10, Cutoff=1.0E-14, Niter=2, Noise=0.0E+00
87  MaxDim=1280, MinDim=10, Cutoff=1.0E-14, Niter=2, Noise=0.0E+00


    vN Entropy at center bond b=75 = 0.517903705172
    Eigs at center bond b=75: 0.8429 0.1361 0.0138 0.0050 0.0011 
    Largest link dim during sweep 1/87 was 20
    Largest truncation error: 6.66284e-06
    Energy after sweep 1/87 is -79.825339491806
    Sweep 1/87 CPU time = 4.337s (Wall time = 0.566s)

    vN Entropy at center bond b=75 = 0.685961048579
    Eigs at center bond b=75: 0.7878 0.1638 0.0317 0.0067 0.0051 0.0033 
    Largest link dim during sweep 2/87 was 20
    Largest truncation error: 9.80817e-06
    Energy after sweep 2/87 is -79.849687394466
    Sweep 2/87 CPU time = 6.087s (Wall time = 0.779s)

    vN Entropy at center bond b=75 = 0.706031343375
    Eigs at center bond b=75: 0.7807 0.1675 0.0337 0.0070 0.0057 0.0036 
    Largest link dim during sweep 3/87 was 20
    Largest truncation error: 1.17376e-05
    Energy after sweep 3/87 is -79.850302399785
    Sweep 3/87 CPU time = 6.063s (Wall time = 0.778s)

    vN Entropy at center bond b=75 = 0.708785421594
    Eigs at center bond b=75: 0.7797 0.1680 0.0339 0.0070 0.0057 0.0037 
    Largest link dim during sweep 4/87 was 20
    Largest truncation error: 1.19856e-05
    Energy after sweep 4/87 is -79.850384129064
    Sweep 4/87 CPU time = 6.116s (Wall time = 0.781s)

    vN Entropy at center bond b=75 = 0.709335571775
    Eigs at center bond b=75: 0.7795 0.1681 0.0340 0.0071 0.0057 0.0037 
    Largest link dim during sweep 5/87 was 20
    Largest truncation error: 1.20492e-05
    Energy after sweep 5/87 is -79.850407052918
    Sweep 5/87 CPU time = 6.150s (Wall time = 0.782s)

    vN Entropy at center bond b=75 = 0.709421202142
    Eigs at center bond b=75: 0.7795 0.1681 0.0340 0.0071 0.0057 0.0037 
    Largest link dim during sweep 6/87 was 20
    Largest truncation error: 1.20422e-05
    Energy after sweep 6/87 is -79.850415321766
    Sweep 6/87 CPU time = 6.095s (Wall time = 0.781s)

    vN Entropy at center bond b=75 = 0.709413241350
    Eigs at center bond b=75: 0.7795 0.1681 0.0340 0.0071 0.0057 0.0037 
    Largest link dim during sweep 7/87 was 20
    Largest truncation error: 1.20332e-05
    Energy after sweep 7/87 is -79.850419667009
    Sweep 7/87 CPU time = 6.112s (Wall time = 0.782s)

    vN Entropy at center bond b=75 = 0.763794134617
    Eigs at center bond b=75: 0.7619 0.1753 0.0396 0.0084 0.0072 0.0045 0.0014 
    Largest link dim during sweep 8/87 was 38
    Largest truncation error: 7.78035e-07
    Energy after sweep 8/87 is -79.859973235496
    Sweep 8/87 CPU time = 5.549s (Wall time = 0.710s)

    vN Entropy at center bond b=75 = 0.841652508212
    Eigs at center bond b=75: 0.7387 0.1820 0.0475 0.0111 0.0093 0.0050 0.0024 0.0020 
    Largest link dim during sweep 9/87 was 40
    Largest truncation error: 1.28317e-06
    Energy after sweep 9/87 is -79.861500626372
    Sweep 9/87 CPU time = 8.314s (Wall time = 1.068s)

    vN Entropy at center bond b=75 = 0.886575966194
    Eigs at center bond b=75: 0.7263 0.1835 0.0525 0.0130 0.0108 0.0051 0.0033 0.0028 
    Largest link dim during sweep 10/87 was 40
    Largest truncation error: 1.79435e-06
    Energy after sweep 10/87 is -79.861763296135
    Sweep 10/87 CPU time = 8.751s (Wall time = 1.123s)

    vN Entropy at center bond b=75 = 0.912064693409
    Eigs at center bond b=75: 0.7188 0.1845 0.0558 0.0141 0.0119 0.0053 0.0037 0.0031 
    Largest link dim during sweep 11/87 was 40
    Largest truncation error: 2.05269e-06
    Energy after sweep 11/87 is -79.861892095757
    Sweep 11/87 CPU time = 8.836s (Wall time = 1.134s)

    vN Entropy at center bond b=75 = 0.934855152881
    Eigs at center bond b=75: 0.7112 0.1863 0.0589 0.0150 0.0129 0.0054 0.0039 0.0034 0.0011 
    Largest link dim during sweep 12/87 was 40
    Largest truncation error: 2.25487e-06
    Energy after sweep 12/87 is -79.861986584540
    Sweep 12/87 CPU time = 8.827s (Wall time = 1.128s)

    vN Entropy at center bond b=75 = 0.955826746972
    Eigs at center bond b=75: 0.7035 0.1887 0.0617 0.0160 0.0137 0.0055 0.0040 0.0035 0.0012 
    Largest link dim during sweep 13/87 was 40
    Largest truncation error: 2.39901e-06
    Energy after sweep 13/87 is -79.862059217901
    Sweep 13/87 CPU time = 8.863s (Wall time = 1.139s)

    vN Entropy at center bond b=75 = 0.974474143917
    Eigs at center bond b=75: 0.6961 0.1915 0.0642 0.0170 0.0143 0.0055 0.0040 0.0036 0.0014 
    Largest link dim during sweep 14/87 was 40
    Largest truncation error: 2.50676e-06
    Energy after sweep 14/87 is -79.862115250480
    Sweep 14/87 CPU time = 8.830s (Wall time = 1.132s)

    vN Entropy at center bond b=75 = 1.008500349242
    Eigs at center bond b=75: 0.6836 0.1958 0.0681 0.0190 0.0156 0.0056 0.0042 0.0040 0.0016 
    Largest link dim during sweep 15/87 was 54
    Largest truncation error: 7.73433e-07
    Energy after sweep 15/87 is -79.863094166145
    Sweep 15/87 CPU time = 11.11s (Wall time = 1.427s)

    vN Entropy at center bond b=75 = 1.045075047774
    Eigs at center bond b=75: 0.6685 0.2022 0.0721 0.0215 0.0165 0.0057 0.0044 0.0043 0.0018 
    Largest link dim during sweep 16/87 was 58
    Largest truncation error: 7.53242e-07
    Energy after sweep 16/87 is -79.863327159850
    Sweep 16/87 CPU time = 12.67s (Wall time = 1.627s)

    vN Entropy at center bond b=75 = 1.065125722284
    Eigs at center bond b=75: 0.6592 0.2071 0.0739 0.0232 0.0168 0.0057 0.0047 0.0043 0.0019 
    Largest link dim during sweep 17/87 was 59
    Largest truncation error: 7.56982e-07
    Energy after sweep 17/87 is -79.863435540697
    Sweep 17/87 CPU time = 13.18s (Wall time = 1.690s)

    vN Entropy at center bond b=75 = 1.075275827815
    Eigs at center bond b=75: 0.6542 0.2099 0.0747 0.0241 0.0169 0.0057 0.0048 0.0043 0.0020 
    Largest link dim during sweep 18/87 was 59
    Largest truncation error: 7.61183e-07
    Energy after sweep 18/87 is -79.863487573006
    Sweep 18/87 CPU time = 13.37s (Wall time = 1.721s)

    vN Entropy at center bond b=75 = 1.080197233102
    Eigs at center bond b=75: 0.6517 0.2114 0.0751 0.0246 0.0169 0.0057 0.0049 0.0043 0.0020 
    Largest link dim during sweep 19/87 was 59
    Largest truncation error: 7.64408e-07
    Energy after sweep 19/87 is -79.863512998964
    Sweep 19/87 CPU time = 13.50s (Wall time = 1.726s)

    vN Entropy at center bond b=75 = 1.082594845330
    Eigs at center bond b=75: 0.6505 0.2121 0.0753 0.0248 0.0169 0.0057 0.0049 0.0043 0.0020 
    Largest link dim during sweep 20/87 was 60
    Largest truncation error: 7.66524e-07
    Energy after sweep 20/87 is -79.863523622580
    Sweep 20/87 CPU time = 13.45s (Wall time = 1.725s)

    vN Entropy at center bond b=75 = 1.083799330825
    Eigs at center bond b=75: 0.6499 0.2126 0.0754 0.0249 0.0169 0.0057 0.0049 0.0043 0.0020 
    Largest link dim during sweep 21/87 was 60
    Largest truncation error: 7.6778e-07
    Energy after sweep 21/87 is -79.863529496210
    Sweep 21/87 CPU time = 13.43s (Wall time = 1.719s)

    vN Entropy at center bond b=75 = 1.084469595425
    Eigs at center bond b=75: 0.6495 0.2128 0.0754 0.0250 0.0169 0.0057 0.0049 0.0043 0.0020 
    Largest link dim during sweep 22/87 was 60
    Largest truncation error: 7.68473e-07
    Energy after sweep 22/87 is -79.863533985458
    Sweep 22/87 CPU time = 13.53s (Wall time = 1.731s)

    vN Entropy at center bond b=75 = 1.084865228704
    Eigs at center bond b=75: 0.6493 0.2129 0.0755 0.0250 0.0169 0.0057 0.0049 0.0043 0.0020 
    Largest link dim during sweep 23/87 was 60
    Largest truncation error: 7.68834e-07
    Energy after sweep 23/87 is -79.863535562185
    Sweep 23/87 CPU time = 13.52s (Wall time = 1.732s)

    vN Entropy at center bond b=75 = 1.085094433793
    Eigs at center bond b=75: 0.6492 0.2130 0.0755 0.0250 0.0169 0.0057 0.0049 0.0043 0.0020 
    Largest link dim during sweep 24/87 was 60
    Largest truncation error: 7.69002e-07
    Energy after sweep 24/87 is -79.863537019235
    Sweep 24/87 CPU time = 13.58s (Wall time = 1.738s)

    vN Entropy at center bond b=75 = 1.085215345520
    Eigs at center bond b=75: 0.6491 0.2130 0.0755 0.0251 0.0169 0.0057 0.0049 0.0043 0.0020 
    Largest link dim during sweep 25/87 was 60
    Largest truncation error: 7.69066e-07
    Energy after sweep 25/87 is -79.863537479325
    Sweep 25/87 CPU time = 13.57s (Wall time = 1.736s)

    vN Entropy at center bond b=75 = 1.085279947231
    Eigs at center bond b=75: 0.6491 0.2131 0.0755 0.0251 0.0169 0.0057 0.0049 0.0043 0.0020 
    Largest link dim during sweep 26/87 was 60
    Largest truncation error: 7.69082e-07
    Energy after sweep 26/87 is -79.863537738185
    Sweep 26/87 CPU time = 13.58s (Wall time = 1.741s)

    vN Entropy at center bond b=75 = 1.085315820152
    Eigs at center bond b=75: 0.6490 0.2131 0.0755 0.0251 0.0169 0.0057 0.0049 0.0043 0.0020 
    Largest link dim during sweep 27/87 was 60
    Largest truncation error: 7.69079e-07
    Energy after sweep 27/87 is -79.863537889034
    Sweep 27/87 CPU time = 13.58s (Wall time = 1.746s)

    vN Entropy at center bond b=75 = 1.085335374274
    Eigs at center bond b=75: 0.6490 0.2131 0.0755 0.0251 0.0169 0.0057 0.0049 0.0043 0.0020 
    Largest link dim during sweep 28/87 was 60
    Largest truncation error: 7.69069e-07
    Energy after sweep 28/87 is -79.863537975139
    Sweep 28/87 CPU time = 13.53s (Wall time = 1.734s)

    vN Entropy at center bond b=75 = 1.085345624629
    Eigs at center bond b=75: 0.6490 0.2131 0.0755 0.0251 0.0169 0.0057 0.0049 0.0043 0.0020 
    Largest link dim during sweep 29/87 was 60
    Largest truncation error: 7.69059e-07
    Energy after sweep 29/87 is -79.863538022842
    Sweep 29/87 CPU time = 13.56s (Wall time = 1.738s)

    vN Entropy at center bond b=75 = 1.085350705910
    Eigs at center bond b=75: 0.6490 0.2131 0.0755 0.0251 0.0169 0.0057 0.0049 0.0043 0.0020 
    Largest link dim during sweep 30/87 was 60
    Largest truncation error: 7.69051e-07
    Energy after sweep 30/87 is -79.863538051958
    Sweep 30/87 CPU time = 13.56s (Wall time = 1.735s)

    vN Entropy at center bond b=75 = 1.085353133363
    Eigs at center bond b=75: 0.6490 0.2131 0.0755 0.0251 0.0169 0.0057 0.0049 0.0043 0.0020 
    Largest link dim during sweep 31/87 was 60
    Largest truncation error: 7.69045e-07
    Energy after sweep 31/87 is -79.863538077964
    Sweep 31/87 CPU time = 13.57s (Wall time = 1.737s)

    vN Entropy at center bond b=75 = 1.085354403684
    Eigs at center bond b=75: 0.6490 0.2131 0.0755 0.0251 0.0169 0.0057 0.0049 0.0043 0.0020 
    Largest link dim during sweep 32/87 was 60
    Largest truncation error: 7.6904e-07
    Energy after sweep 32/87 is -79.863538111412
    Sweep 32/87 CPU time = 13.55s (Wall time = 1.734s)

    vN Entropy at center bond b=75 = 1.085355302715
    Eigs at center bond b=75: 0.6490 0.2131 0.0755 0.0251 0.0169 0.0057 0.0049 0.0043 0.0020 
    Largest link dim during sweep 33/87 was 60
    Largest truncation error: 7.69036e-07
    Energy after sweep 33/87 is -79.863538160724
    Sweep 33/87 CPU time = 13.54s (Wall time = 1.735s)

    vN Entropy at center bond b=75 = 1.085356164513
    Eigs at center bond b=75: 0.6490 0.2131 0.0755 0.0251 0.0169 0.0057 0.0049 0.0043 0.0020 
    Largest link dim during sweep 34/87 was 60
    Largest truncation error: 7.69034e-07
    Energy after sweep 34/87 is -79.863538245293
    Sweep 34/87 CPU time = 13.56s (Wall time = 1.735s)

    vN Entropy at center bond b=75 = 1.085356999249
    Eigs at center bond b=75: 0.6490 0.2131 0.0755 0.0251 0.0169 0.0057 0.0049 0.0043 0.0020 
    Largest link dim during sweep 35/87 was 60
    Largest truncation error: 7.69032e-07
    Energy after sweep 35/87 is -79.863538464930
    Sweep 35/87 CPU time = 13.56s (Wall time = 1.749s)

    vN Entropy at center bond b=75 = 1.085357375914
    Eigs at center bond b=75: 0.6490 0.2131 0.0755 0.0251 0.0169 0.0057 0.0049 0.0043 0.0020 
    Largest link dim during sweep 36/87 was 60
    Largest truncation error: 7.6903e-07
    Energy after sweep 36/87 is -79.863538788053
    Sweep 36/87 CPU time = 13.60s (Wall time = 1.739s)

    vN Entropy at center bond b=75 = 1.102414036565
    Eigs at center bond b=75: 0.6442 0.2131 0.0771 0.0260 0.0179 0.0058 0.0052 0.0045 0.0022 
    Largest link dim during sweep 37/87 was 137
    Largest truncation error: 7.48236e-09
    Energy after sweep 37/87 is -79.864402111807
    Sweep 37/87 CPU time = 47.02s (Wall time = 6.033s)

    vN Entropy at center bond b=75 = 1.108172770997
    Eigs at center bond b=75: 0.6427 0.2131 0.0776 0.0263 0.0182 0.0058 0.0053 0.0046 0.0023 0.0010 
    Largest link dim during sweep 38/87 was 156
    Largest truncation error: 7.40461e-09
    Energy after sweep 38/87 is -79.864416534806
    Sweep 38/87 CPU time = 1m, 33.3s (Wall time = 12.72s)

    vN Entropy at center bond b=75 = 1.108575785938
    Eigs at center bond b=75: 0.6426 0.2131 0.0777 0.0263 0.0182 0.0058 0.0053 0.0046 0.0023 0.0010 
    Largest link dim during sweep 39/87 was 160
    Largest truncation error: 7.50379e-09
    Energy after sweep 39/87 is -79.864417473879
    Sweep 39/87 CPU time = 1m, 41.3s (Wall time = 13.37s)

    vN Entropy at center bond b=75 = 1.108624743221
    Eigs at center bond b=75: 0.6426 0.2131 0.0777 0.0263 0.0182 0.0058 0.0053 0.0046 0.0023 0.0010 
    Largest link dim during sweep 40/87 was 160
    Largest truncation error: 7.52329e-09
    Energy after sweep 40/87 is -79.864417611368
    Sweep 40/87 CPU time = 1m, 44.5s (Wall time = 13.93s)

    vN Entropy at center bond b=75 = 1.108633948081
    Eigs at center bond b=75: 0.6426 0.2131 0.0777 0.0263 0.0182 0.0058 0.0053 0.0046 0.0023 0.0010 
    Largest link dim during sweep 41/87 was 160
    Largest truncation error: 7.52658e-09
    Energy after sweep 41/87 is -79.864417620137
    Sweep 41/87 CPU time = 1m, 44.4s (Wall time = 14.00s)

    vN Entropy at center bond b=75 = 1.108635606334
    Eigs at center bond b=75: 0.6426 0.2131 0.0777 0.0263 0.0182 0.0058 0.0053 0.0046 0.0023 0.0010 
    Largest link dim during sweep 42/87 was 160
    Largest truncation error: 7.52724e-09
    Energy after sweep 42/87 is -79.864417620874
    Sweep 42/87 CPU time = 1m, 50.0s (Wall time = 14.77s)

    vN Entropy at center bond b=75 = 1.108635895943
    Eigs at center bond b=75: 0.6426 0.2131 0.0777 0.0263 0.0182 0.0058 0.0053 0.0046 0.0023 0.0010 
    Largest link dim during sweep 43/87 was 160
    Largest truncation error: 7.52742e-09
    Energy after sweep 43/87 is -79.864417621423
    Sweep 43/87 CPU time = 1m, 48.3s (Wall time = 14.29s)

    vN Entropy at center bond b=75 = 1.108635970693
    Eigs at center bond b=75: 0.6426 0.2131 0.0777 0.0263 0.0182 0.0058 0.0053 0.0046 0.0023 0.0010 
    Largest link dim during sweep 44/87 was 160
    Largest truncation error: 7.52748e-09
    Energy after sweep 44/87 is -79.864417623382
    Sweep 44/87 CPU time = 1m, 47.2s (Wall time = 14.24s)

    vN Entropy at center bond b=75 = 1.108636021111
    Eigs at center bond b=75: 0.6426 0.2131 0.0777 0.0263 0.0182 0.0058 0.0053 0.0046 0.0023 0.0010 
    Largest link dim during sweep 45/87 was 160
    Largest truncation error: 7.5275e-09
    Energy after sweep 45/87 is -79.864417623421
    Sweep 45/87 CPU time = 1m, 47.6s (Wall time = 14.17s)

    vN Entropy at center bond b=75 = 1.108636034832
    Eigs at center bond b=75: 0.6426 0.2131 0.0777 0.0263 0.0182 0.0058 0.0053 0.0046 0.0023 0.0010 
    Largest link dim during sweep 46/87 was 160
    Largest truncation error: 7.52751e-09
    Energy after sweep 46/87 is -79.864417623406
    Sweep 46/87 CPU time = 1m, 46.6s (Wall time = 14.04s)

    vN Entropy at center bond b=75 = 1.108636038294
    Eigs at center bond b=75: 0.6426 0.2131 0.0777 0.0263 0.0182 0.0058 0.0053 0.0046 0.0023 0.0010 
    Largest link dim during sweep 47/87 was 160
    Largest truncation error: 7.52752e-09
    Energy after sweep 47/87 is -79.864417623402
    Sweep 47/87 CPU time = 1m, 47.6s (Wall time = 14.22s)

    vN Entropy at center bond b=75 = 1.108636039152
    Eigs at center bond b=75: 0.6426 0.2131 0.0777 0.0263 0.0182 0.0058 0.0053 0.0046 0.0023 0.0010 
    Largest link dim during sweep 48/87 was 160
    Largest truncation error: 7.52752e-09
    Energy after sweep 48/87 is -79.864417623399
    Sweep 48/87 CPU time = 1m, 47.2s (Wall time = 14.20s)

    vN Entropy at center bond b=75 = 1.108636039595
    Eigs at center bond b=75: 0.6426 0.2131 0.0777 0.0263 0.0182 0.0058 0.0053 0.0046 0.0023 0.0010 
    Largest link dim during sweep 49/87 was 160
    Largest truncation error: 7.52752e-09
    Energy after sweep 49/87 is -79.864417623396
    Sweep 49/87 CPU time = 1m, 47.1s (Wall time = 14.28s)

    vN Entropy at center bond b=75 = 1.108636039901
    Eigs at center bond b=75: 0.6426 0.2131 0.0777 0.0263 0.0182 0.0058 0.0053 0.0046 0.0023 0.0010 
    Largest link dim during sweep 50/87 was 160
    Largest truncation error: 7.52753e-09
    Energy after sweep 50/87 is -79.864417623391
    Sweep 50/87 CPU time = 1m, 48.1s (Wall time = 14.69s)

    vN Entropy at center bond b=75 = 1.108636040113
    Eigs at center bond b=75: 0.6426 0.2131 0.0777 0.0263 0.0182 0.0058 0.0053 0.0046 0.0023 0.0010 
    Largest link dim during sweep 51/87 was 160
    Largest truncation error: 7.52753e-09
    Energy after sweep 51/87 is -79.864417623381
    Sweep 51/87 CPU time = 1m, 47.6s (Wall time = 14.40s)

    vN Entropy at center bond b=75 = 1.108636040254
    Eigs at center bond b=75: 0.6426 0.2131 0.0777 0.0263 0.0182 0.0058 0.0053 0.0046 0.0023 0.0010 
    Largest link dim during sweep 52/87 was 160
    Largest truncation error: 7.52753e-09
    Energy after sweep 52/87 is -79.864417623362
    Sweep 52/87 CPU time = 1m, 47.8s (Wall time = 14.46s)

    vN Entropy at center bond b=75 = 1.108636040343
    Eigs at center bond b=75: 0.6426 0.2131 0.0777 0.0263 0.0182 0.0058 0.0053 0.0046 0.0023 0.0010 
    Largest link dim during sweep 53/87 was 160
    Largest truncation error: 7.52754e-09
    Energy after sweep 53/87 is -79.864417623329
    Sweep 53/87 CPU time = 1m, 47.3s (Wall time = 14.26s)

    vN Entropy at center bond b=75 = 1.108636040399
    Eigs at center bond b=75: 0.6426 0.2131 0.0777 0.0263 0.0182 0.0058 0.0053 0.0046 0.0023 0.0010 
    Largest link dim during sweep 54/87 was 160
    Largest truncation error: 7.52755e-09
    Energy after sweep 54/87 is -79.864417623265
    Sweep 54/87 CPU time = 1m, 47.6s (Wall time = 14.27s)

    vN Entropy at center bond b=75 = 1.108636040433
    Eigs at center bond b=75: 0.6426 0.2131 0.0777 0.0263 0.0182 0.0058 0.0053 0.0046 0.0023 0.0010 
    Largest link dim during sweep 55/87 was 160
    Largest truncation error: 7.52757e-09
    Energy after sweep 55/87 is -79.864417623156
    Sweep 55/87 CPU time = 1m, 48.2s (Wall time = 14.80s)

    vN Entropy at center bond b=75 = 1.108636040486
    Eigs at center bond b=75: 0.6426 0.2131 0.0777 0.0263 0.0182 0.0058 0.0053 0.0046 0.0023 0.0010 
    Largest link dim during sweep 56/87 was 160
    Largest truncation error: 7.52761e-09
    Energy after sweep 56/87 is -79.864417622988
    Sweep 56/87 CPU time = 1m, 48.6s (Wall time = 14.75s)

    vN Entropy at center bond b=75 = 1.108636040625
    Eigs at center bond b=75: 0.6426 0.2131 0.0777 0.0263 0.0182 0.0058 0.0053 0.0046 0.0023 0.0010 
    Largest link dim during sweep 57/87 was 160
    Largest truncation error: 7.52767e-09
    Energy after sweep 57/87 is -79.864417622760
    Sweep 57/87 CPU time = 1m, 47.1s (Wall time = 14.13s)

    vN Entropy at center bond b=75 = 1.108636040928
    Eigs at center bond b=75: 0.6426 0.2131 0.0777 0.0263 0.0182 0.0058 0.0053 0.0046 0.0023 0.0010 
    Largest link dim during sweep 58/87 was 160
    Largest truncation error: 7.52776e-09
    Energy after sweep 58/87 is -79.864417622496
    Sweep 58/87 CPU time = 1m, 47.5s (Wall time = 14.33s)

    vN Entropy at center bond b=75 = 1.109001336604
    Eigs at center bond b=75: 0.6425 0.2131 0.0777 0.0264 0.0182 0.0058 0.0053 0.0046 0.0023 0.0010 
    Largest link dim during sweep 59/87 was 320
    Largest truncation error: 8.50737e-11
    Energy after sweep 59/87 is -79.864426570924
    Sweep 59/87 CPU time = 5m, 45.7s (Wall time = 46.27s)

    vN Entropy at center bond b=75 = 1.109058033504
    Eigs at center bond b=75: 0.6425 0.2131 0.0777 0.0264 0.0182 0.0058 0.0053 0.0046 0.0023 0.0010 
    Largest link dim during sweep 60/87 was 320
    Largest truncation error: 1.02919e-10
    Energy after sweep 60/87 is -79.864426621821
    Sweep 60/87 CPU time = 9m, 48.6s (Wall time = 1m, 17.2s)

    vN Entropy at center bond b=75 = 1.109059561503
    Eigs at center bond b=75: 0.6425 0.2131 0.0777 0.0264 0.0182 0.0058 0.0053 0.0046 0.0023 0.0010 
    Largest link dim during sweep 61/87 was 320
    Largest truncation error: 1.05696e-10
    Energy after sweep 61/87 is -79.864426623724
    Sweep 61/87 CPU time = 10m, 1s (Wall time = 1m, 19.6s)

    vN Entropy at center bond b=75 = 1.109059676728
    Eigs at center bond b=75: 0.6425 0.2131 0.0777 0.0264 0.0182 0.0058 0.0053 0.0046 0.0023 0.0010 
    Largest link dim during sweep 62/87 was 320
    Largest truncation error: 1.06169e-10
    Energy after sweep 62/87 is -79.864426623866
    Sweep 62/87 CPU time = 10m, 0s (Wall time = 1m, 19.1s)

    vN Entropy at center bond b=75 = 1.109059690875
    Eigs at center bond b=75: 0.6425 0.2131 0.0777 0.0264 0.0182 0.0058 0.0053 0.0046 0.0023 0.0010 
    Largest link dim during sweep 63/87 was 320
    Largest truncation error: 1.06213e-10
    Energy after sweep 63/87 is -79.864426623910
    Sweep 63/87 CPU time = 10m, 1s (Wall time = 1m, 19.6s)

    vN Entropy at center bond b=75 = 1.109059693101
    Eigs at center bond b=75: 0.6425 0.2131 0.0777 0.0264 0.0182 0.0058 0.0053 0.0046 0.0023 0.0010 
    Largest link dim during sweep 64/87 was 320
    Largest truncation error: 1.0622e-10
    Energy after sweep 64/87 is -79.864426623908
    Sweep 64/87 CPU time = 9m, 59.5s (Wall time = 1m, 18.7s)

    vN Entropy at center bond b=75 = 1.109059693611
    Eigs at center bond b=75: 0.6425 0.2131 0.0777 0.0264 0.0182 0.0058 0.0053 0.0046 0.0023 0.0010 
    Largest link dim during sweep 65/87 was 320
    Largest truncation error: 1.06221e-10
    Energy after sweep 65/87 is -79.864426623907
    Sweep 65/87 CPU time = 10m, 1s (Wall time = 1m, 19.2s)

    vN Entropy at center bond b=75 = 1.109059693767
    Eigs at center bond b=75: 0.6425 0.2131 0.0777 0.0264 0.0182 0.0058 0.0053 0.0046 0.0023 0.0010 
    Largest link dim during sweep 66/87 was 320
    Largest truncation error: 1.06221e-10
    Energy after sweep 66/87 is -79.864426623906
    Sweep 66/87 CPU time = 10m, 5s (Wall time = 1m, 20.4s)

    vN Entropy at center bond b=75 = 1.109059693827
    Eigs at center bond b=75: 0.6425 0.2131 0.0777 0.0264 0.0182 0.0058 0.0053 0.0046 0.0023 0.0010 
    Largest link dim during sweep 67/87 was 320
    Largest truncation error: 1.0622e-10
    Energy after sweep 67/87 is -79.864426623905
    Sweep 67/87 CPU time = 9m, 59.2s (Wall time = 1m, 20.0s)

    vN Entropy at center bond b=75 = 1.109059693877
    Eigs at center bond b=75: 0.6425 0.2131 0.0777 0.0264 0.0182 0.0058 0.0053 0.0046 0.0023 0.0010 
    Largest link dim during sweep 68/87 was 320
    Largest truncation error: 1.06219e-10
    Energy after sweep 68/87 is -79.864426623905
    Sweep 68/87 CPU time = 10m, 8s (Wall time = 1m, 20.7s)

    vN Entropy at center bond b=75 = 1.109059693930
    Eigs at center bond b=75: 0.6425 0.2131 0.0777 0.0264 0.0182 0.0058 0.0053 0.0046 0.0023 0.0010 
    Largest link dim during sweep 69/87 was 320
    Largest truncation error: 1.06218e-10
    Energy after sweep 69/87 is -79.864426623906
    Sweep 69/87 CPU time = 9m, 57.8s (Wall time = 1m, 18.5s)

    vN Entropy at center bond b=75 = 1.109059693968
    Eigs at center bond b=75: 0.6425 0.2131 0.0777 0.0264 0.0182 0.0058 0.0053 0.0046 0.0023 0.0010 
    Largest link dim during sweep 70/87 was 320
    Largest truncation error: 1.06218e-10
    Energy after sweep 70/87 is -79.864426623905
    Sweep 70/87 CPU time = 9m, 53.3s (Wall time = 1m, 18.0s)

    vN Entropy at center bond b=75 = 1.109059693984
    Eigs at center bond b=75: 0.6425 0.2131 0.0777 0.0264 0.0182 0.0058 0.0053 0.0046 0.0023 0.0010 
    Largest link dim during sweep 71/87 was 320
    Largest truncation error: 1.06218e-10
    Energy after sweep 71/87 is -79.864426623904
    Sweep 71/87 CPU time = 10m, 7s (Wall time = 1m, 21.4s)

    vN Entropy at center bond b=75 = 1.109059693987
    Eigs at center bond b=75: 0.6425 0.2131 0.0777 0.0264 0.0182 0.0058 0.0053 0.0046 0.0023 0.0010 
    Largest link dim during sweep 72/87 was 320
    Largest truncation error: 1.06218e-10
    Energy after sweep 72/87 is -79.864426623903
    Sweep 72/87 CPU time = 9m, 58.4s (Wall time = 1m, 19.4s)

    vN Entropy at center bond b=75 = 1.109059693977
    Eigs at center bond b=75: 0.6425 0.2131 0.0777 0.0264 0.0182 0.0058 0.0053 0.0046 0.0023 0.0010 
    Largest link dim during sweep 73/87 was 320
    Largest truncation error: 1.06218e-10
    Energy after sweep 73/87 is -79.864426623902
    Sweep 73/87 CPU time = 10m, 2s (Wall time = 1m, 19.8s)

    vN Entropy at center bond b=75 = 1.109059693969
    Eigs at center bond b=75: 0.6425 0.2131 0.0777 0.0264 0.0182 0.0058 0.0053 0.0046 0.0023 0.0010 
    Largest link dim during sweep 74/87 was 320
    Largest truncation error: 1.06218e-10
    Energy after sweep 74/87 is -79.864426623903
    Sweep 74/87 CPU time = 10m, 0s (Wall time = 1m, 19.8s)

    vN Entropy at center bond b=75 = 1.109064427661
    Eigs at center bond b=75: 0.6425 0.2131 0.0777 0.0264 0.0182 0.0058 0.0053 0.0046 0.0023 0.0010 
    Largest link dim during sweep 75/87 was 640
    Largest truncation error: 7.85233e-13
    Energy after sweep 75/87 is -79.864426728953
    Sweep 75/87 CPU time = 21m, 3s (Wall time = 2m, 50.5s)

    vN Entropy at center bond b=75 = 1.109065913557
    Eigs at center bond b=75: 0.6425 0.2131 0.0777 0.0264 0.0182 0.0058 0.0053 0.0046 0.0023 0.0010 
    Largest link dim during sweep 76/87 was 640
    Largest truncation error: 7.85184e-13
    Energy after sweep 76/87 is -79.864426729391
    Sweep 76/87 CPU time = 31m, 1s (Wall time = 4m, 7.5s)

    vN Entropy at center bond b=75 = 1.109065977084
    Eigs at center bond b=75: 0.6425 0.2131 0.0777 0.0264 0.0182 0.0058 0.0053 0.0046 0.0023 0.0010 
    Largest link dim during sweep 77/87 was 640
    Largest truncation error: 7.8516e-13
    Energy after sweep 77/87 is -79.864426729405
    Sweep 77/87 CPU time = 30m, 54s (Wall time = 4m, 7.7s)

    vN Entropy at center bond b=75 = 1.109065981877
    Eigs at center bond b=75: 0.6425 0.2131 0.0777 0.0264 0.0182 0.0058 0.0053 0.0046 0.0023 0.0010 
    Largest link dim during sweep 78/87 was 640
    Largest truncation error: 7.86058e-13
    Energy after sweep 78/87 is -79.864426729407
    Sweep 78/87 CPU time = 31m, 6s (Wall time = 4m, 9.0s)

    vN Entropy at center bond b=75 = 1.109065982526
    Eigs at center bond b=75: 0.6425 0.2131 0.0777 0.0264 0.0182 0.0058 0.0053 0.0046 0.0023 0.0010 
    Largest link dim during sweep 79/87 was 640
    Largest truncation error: 7.86826e-13
    Energy after sweep 79/87 is -79.864426729407
    Sweep 79/87 CPU time = 30m, 27s (Wall time = 4m, 5.1s)

    vN Entropy at center bond b=75 = 1.109065982680
    Eigs at center bond b=75: 0.6425 0.2131 0.0777 0.0264 0.0182 0.0058 0.0053 0.0046 0.0023 0.0010 
    Largest link dim during sweep 80/87 was 640
    Largest truncation error: 7.8833e-13
    Energy after sweep 80/87 is -79.864426729406
    Sweep 80/87 CPU time = 29m, 49s (Wall time = 3m, 59.8s)

    vN Entropy at center bond b=75 = 1.109065982731
    Eigs at center bond b=75: 0.6425 0.2131 0.0777 0.0264 0.0182 0.0058 0.0053 0.0046 0.0023 0.0010 
    Largest link dim during sweep 81/87 was 640
    Largest truncation error: 7.89328e-13
    Energy after sweep 81/87 is -79.864426729407
    Sweep 81/87 CPU time = 30m, 0s (Wall time = 4m, 1.7s)

    vN Entropy at center bond b=75 = 1.109065982759
    Eigs at center bond b=75: 0.6425 0.2131 0.0777 0.0264 0.0182 0.0058 0.0053 0.0046 0.0023 0.0010 
    Largest link dim during sweep 82/87 was 640
    Largest truncation error: 7.89269e-13
    Energy after sweep 82/87 is -79.864426729407
    Sweep 82/87 CPU time = 30m, 19s (Wall time = 4m, 4.8s)

    vN Entropy at center bond b=75 = 1.109065972118
    Eigs at center bond b=75: 0.6425 0.2131 0.0777 0.0264 0.0182 0.0058 0.0053 0.0046 0.0023 0.0010 
    Largest link dim during sweep 83/87 was 629
    Largest truncation error: 7.4799e-13
    Energy after sweep 83/87 is -79.864426729163
    Sweep 83/87 CPU time = 23m, 31s (Wall time = 3m, 8.2s)

    vN Entropy at center bond b=75 = 1.109066039464
    Eigs at center bond b=75: 0.6425 0.2131 0.0777 0.0264 0.0182 0.0058 0.0053 0.0046 0.0023 0.0010 
    Largest link dim during sweep 84/87 was 1123
    Largest truncation error: 7.43262e-15
    Energy after sweep 84/87 is -79.864426730536
    Sweep 84/87 CPU time = 1h, 3m, 12s (Wall time = 8m, 27.4s)

    vN Entropy at center bond b=75 = 1.109066057611
    Eigs at center bond b=75: 0.6425 0.2131 0.0777 0.0264 0.0182 0.0058 0.0053 0.0046 0.0023 0.0010 
    Largest link dim during sweep 85/87 was 1151
    Largest truncation error: 7.53188e-15
    Energy after sweep 85/87 is -79.864426730544
    Sweep 85/87 CPU time = 1h, 33m, 53s (Wall time = 13m, 50s)

    vN Entropy at center bond b=75 = 1.109066058403
    Eigs at center bond b=75: 0.6425 0.2131 0.0777 0.0264 0.0182 0.0058 0.0053 0.0046 0.0023 0.0010 
    Largest link dim during sweep 86/87 was 1151
    Largest truncation error: 7.48859e-15
    Energy after sweep 86/87 is -79.864426730542
    Sweep 86/87 CPU time = 1h, 32m, 18s (Wall time = 13m, 27s)

    vN Entropy at center bond b=75 = 1.109066058476
    Eigs at center bond b=75: 0.6425 0.2131 0.0777 0.0264 0.0182 0.0058 0.0053 0.0046 0.0023 0.0010 
    Largest link dim during sweep 87/87 was 1151
    Largest truncation error: 7.49e-15
    Energy after sweep 87/87 is -79.864426730542
    Sweep 87/87 CPU time = 1h, 31m, 42s (Wall time = 13m, 12s)
Initial energy = 148.47000

Ground State Energy = -79.8644267305
run_outputs/outputpsi/N_150_sweep_87_t_0.030000_J_1.000000_V_0.600000_D_0.018000_U_1.010000_mu_0.000000_E_0.000000 converge
Wall-clock time (s) = 17628.154638
