//////////////////////////
Reading input file ......

Got input.N = 150
Got input.t = 0.03
Got input.J = 1
Got input.V = 0.6
Got input.D = 0.018
Got input.U = 0.96
Got input.mu = 0
Got input.E = 0
Got input.nsweeps = 87
Sweeps:
1  MaxDim=20, MinDim=20, Cutoff=1.0E-06, Niter=8, Noise=1.0E-05
2  MaxDim=20, MinDim=20, Cutoff=1.0E-06, Niter=8, Noise=1.0E-05
3  MaxDim=20, MinDim=20, Cutoff=1.0E-06, Niter=8, Noise=1.0E-05
4  MaxDim=20, MinDim=20, Cutoff=1.0E-06, Niter=8, Noise=1.0E-05
5  MaxDim=20, MinDim=20, Cutoff=1.0E-06, Niter=8, Noise=1.0E-05
6  MaxDim=20, MinDim=20, Cutoff=1.0E-06, Niter=8, Noise=1.0E-05
7  MaxDim=20, MinDim=20, Cutoff=1.0E-06, Niter=8, Noise=1.0E-05
8  MaxDim=40, MinDim=20, Cutoff=1.0E-06, Niter=4, Noise=1.0E-05
9  MaxDim=40, MinDim=20, Cutoff=1.0E-06, Niter=4, Noise=1.0E-05
10  MaxDim=40, MinDim=20, Cutoff=1.0E-06, Niter=4, Noise=1.0E-05
11  MaxDim=40, MinDim=20, Cutoff=1.0E-06, Niter=4, Noise=1.0E-05
12  MaxDim=40, MinDim=20, Cutoff=1.0E-06, Niter=4, Noise=1.0E-05
13  MaxDim=40, MinDim=20, Cutoff=1.0E-06, Niter=4, Noise=1.0E-05
14  MaxDim=40, MinDim=20, Cutoff=1.0E-06, Niter=4, Noise=1.0E-05
15  MaxDim=80, MinDim=10, Cutoff=1.0E-06, Niter=4, Noise=1.0E-05
16  MaxDim=80, MinDim=10, Cutoff=1.0E-06, Niter=4, Noise=1.0E-05
17  MaxDim=80, MinDim=10, Cutoff=1.0E-06, Niter=4, Noise=1.0E-05
18  MaxDim=80, MinDim=10, Cutoff=1.0E-06, Niter=4, Noise=1.0E-05
19  MaxDim=80, MinDim=10, Cutoff=1.0E-06, Niter=4, Noise=1.0E-05
20  MaxDim=80, MinDim=10, Cutoff=1.0E-06, Niter=4, Noise=1.0E-05
21  MaxDim=80, MinDim=10, Cutoff=1.0E-06, Niter=4, Noise=1.0E-05
22  MaxDim=80, MinDim=10, Cutoff=1.0E-06, Niter=4, Noise=1.0E-05
23  MaxDim=80, MinDim=10, Cutoff=1.0E-06, Niter=4, Noise=1.0E-05
24  MaxDim=80, MinDim=10, Cutoff=1.0E-06, Niter=4, Noise=1.0E-05
25  MaxDim=80, MinDim=10, Cutoff=1.0E-06, Niter=4, Noise=1.0E-05
26  MaxDim=80, MinDim=10, Cutoff=1.0E-06, Niter=4, Noise=1.0E-05
27  MaxDim=80, MinDim=10, Cutoff=1.0E-06, Niter=4, Noise=1.0E-05
28  MaxDim=80, MinDim=10, Cutoff=1.0E-06, Niter=4, Noise=1.0E-05
29  MaxDim=80, MinDim=10, Cutoff=1.0E-06, Niter=4, Noise=1.0E-05
30  MaxDim=80, MinDim=10, Cutoff=1.0E-06, Niter=4, Noise=1.0E-05
31  MaxDim=80, MinDim=10, Cutoff=1.0E-06, Niter=4, Noise=1.0E-05
32  MaxDim=80, MinDim=10, Cutoff=1.0E-06, Niter=4, Noise=1.0E-05
33  MaxDim=80, MinDim=10, Cutoff=1.0E-06, Niter=4, Noise=1.0E-05
34  MaxDim=80, MinDim=10, Cutoff=1.0E-06, Niter=4, Noise=1.0E-05
35  MaxDim=80, MinDim=10, Cutoff=1.0E-06, Niter=4, Noise=1.0E-05
36  MaxDim=80, MinDim=10, Cutoff=1.0E-06, Niter=4, Noise=1.0E-05
37  MaxDim=160, MinDim=10, Cutoff=1.0E-08, Niter=4, Noise=1.0E-06
38  MaxDim=160, MinDim=10, Cutoff=1.0E-08, Niter=4, Noise=1.0E-06
39  MaxDim=160, MinDim=10, Cutoff=1.0E-08, Niter=4, Noise=1.0E-06
40  MaxDim=160, MinDim=10, Cutoff=1.0E-08, Niter=4, Noise=1.0E-06
41  MaxDim=160, MinDim=10, Cutoff=1.0E-08, Niter=4, Noise=1.0E-06
42  MaxDim=160, MinDim=10, Cutoff=1.0E-08, Niter=4, Noise=1.0E-06
43  MaxDim=160, MinDim=10, Cutoff=1.0E-08, Niter=4, Noise=1.0E-06
44  MaxDim=160, MinDim=10, Cutoff=1.0E-08, Niter=4, Noise=1.0E-06
45  MaxDim=160, MinDim=10, Cutoff=1.0E-08, Niter=4, Noise=1.0E-06
46  MaxDim=160, MinDim=10, Cutoff=1.0E-08, Niter=4, Noise=1.0E-06
47  MaxDim=160, MinDim=10, Cutoff=1.0E-08, Niter=4, Noise=1.0E-06
48  MaxDim=160, MinDim=10, Cutoff=1.0E-08, Niter=4, Noise=1.0E-06
49  MaxDim=160, MinDim=10, Cutoff=1.0E-08, Niter=4, Noise=1.0E-06
50  MaxDim=160, MinDim=10, Cutoff=1.0E-08, Niter=4, Noise=1.0E-06
51  MaxDim=160, MinDim=10, Cutoff=1.0E-08, Niter=4, Noise=1.0E-06
52  MaxDim=160, MinDim=10, Cutoff=1.0E-08, Niter=4, Noise=1.0E-06
53  MaxDim=160, MinDim=10, Cutoff=1.0E-08, Niter=4, Noise=1.0E-06
54  MaxDim=160, MinDim=10, Cutoff=1.0E-08, Niter=4, Noise=1.0E-06
55  MaxDim=160, MinDim=10, Cutoff=1.0E-08, Niter=4, Noise=1.0E-06
56  MaxDim=160, MinDim=10, Cutoff=1.0E-08, Niter=4, Noise=1.0E-06
57  MaxDim=160, MinDim=10, Cutoff=1.0E-08, Niter=4, Noise=1.0E-06
58  MaxDim=160, MinDim=10, Cutoff=1.0E-08, Niter=4, Noise=1.0E-06
59  MaxDim=320, MinDim=10, Cutoff=1.0E-10, Niter=4, Noise=1.0E-07
60  MaxDim=320, MinDim=10, Cutoff=1.0E-10, Niter=4, Noise=1.0E-07
61  MaxDim=320, MinDim=10, Cutoff=1.0E-10, Niter=4, Noise=1.0E-07
62  MaxDim=320, MinDim=10, Cutoff=1.0E-10, Niter=4, Noise=1.0E-07
63  MaxDim=320, MinDim=10, Cutoff=1.0E-10, Niter=4, Noise=1.0E-07
64  MaxDim=320, MinDim=10, Cutoff=1.0E-10, Niter=4, Noise=1.0E-07
65  MaxDim=320, MinDim=10, Cutoff=1.0E-10, Niter=4, Noise=1.0E-07
66  MaxDim=320, MinDim=10, Cutoff=1.0E-10, Niter=4, Noise=1.0E-07
67  MaxDim=320, MinDim=10, Cutoff=1.0E-10, Niter=4, Noise=1.0E-07
68  MaxDim=320, MinDim=10, Cutoff=1.0E-10, Niter=4, Noise=1.0E-07
69  MaxDim=320, MinDim=10, Cutoff=1.0E-10, Niter=4, Noise=1.0E-07
70  MaxDim=320, MinDim=10, Cutoff=1.0E-10, Niter=4, Noise=1.0E-07
71  MaxDim=320, MinDim=10, Cutoff=1.0E-10, Niter=4, Noise=1.0E-07
72  MaxDim=320, MinDim=10, Cutoff=1.0E-10, Niter=4, Noise=1.0E-07
73  MaxDim=320, MinDim=10, Cutoff=1.0E-10, Niter=4, Noise=1.0E-07
74  MaxDim=320, MinDim=10, Cutoff=1.0E-10, Niter=4, Noise=1.0E-07
75  MaxDim=640, MinDim=10, Cutoff=1.0E-12, Niter=2, Noise=1.0E-08
76  MaxDim=640, MinDim=10, Cutoff=1.0E-12, Niter=2, Noise=1.0E-08
77  MaxDim=640, MinDim=10, Cutoff=1.0E-12, Niter=2, Noise=1.0E-08
78  MaxDim=640, MinDim=10, Cutoff=1.0E-12, Niter=2, Noise=1.0E-08
79  MaxDim=640, MinDim=10, Cutoff=1.0E-12, Niter=2, Noise=1.0E-08
80  MaxDim=640, MinDim=10, Cutoff=1.0E-12, Niter=2, Noise=1.0E-08
81  MaxDim=640, MinDim=10, Cutoff=1.0E-12, Niter=2, Noise=1.0E-08
82  MaxDim=640, MinDim=10, Cutoff=1.0E-12, Niter=2, Noise=1.0E-08
83  MaxDim=1280, MinDim=10, Cutoff=1.0E-12, Niter=2, Noise=0.0E+00
84  MaxDim=1280, MinDim=10, Cutoff=1.0E-14, Niter=2, Noise=0.0E+00
85  MaxDim=1280, MinDim=10, Cutoff=1.0E-14, Niter=2, Noise=0.0E+00
86  MaxDim=1280, MinDim=10, Cutoff=1.0E-14, Niter=2, Noise=0.0E+00
87  MaxDim=1280, MinDim=10, Cutoff=1.0E-14, Niter=2, Noise=0.0E+00


    vN Entropy at center bond b=75 = 0.514908386181
    Eigs at center bond b=75: 0.8441 0.1347 0.0142 0.0049 0.0010 
    Largest link dim during sweep 1/87 was 20
    Largest truncation error: 5.9475e-06
    Energy after sweep 1/87 is -80.427168818625
    Sweep 1/87 CPU time = 4.347s (Wall time = 0.565s)

    vN Entropy at center bond b=75 = 0.682621101880
    Eigs at center bond b=75: 0.7895 0.1619 0.0322 0.0068 0.0049 0.0031 
    Largest link dim during sweep 2/87 was 20
    Largest truncation error: 8.72101e-06
    Energy after sweep 2/87 is -80.452048558072
    Sweep 2/87 CPU time = 6.053s (Wall time = 0.772s)

    vN Entropy at center bond b=75 = 0.708549037807
    Eigs at center bond b=75: 0.7806 0.1659 0.0353 0.0072 0.0055 0.0035 
    Largest link dim during sweep 3/87 was 20
    Largest truncation error: 1.08874e-05
    Energy after sweep 3/87 is -80.452878539874
    Sweep 3/87 CPU time = 5.999s (Wall time = 0.772s)

    vN Entropy at center bond b=75 = 0.713437939743
    Eigs at center bond b=75: 0.7789 0.1668 0.0359 0.0073 0.0056 0.0035 
    Largest link dim during sweep 4/87 was 20
    Largest truncation error: 1.14904e-05
    Energy after sweep 4/87 is -80.453011618662
    Sweep 4/87 CPU time = 6.097s (Wall time = 0.778s)

    vN Entropy at center bond b=75 = 0.715114052963
    Eigs at center bond b=75: 0.7783 0.1671 0.0361 0.0074 0.0055 0.0035 
    Largest link dim during sweep 5/87 was 20
    Largest truncation error: 1.1263e-05
    Energy after sweep 5/87 is -80.453039247087
    Sweep 5/87 CPU time = 6.048s (Wall time = 0.777s)

    vN Entropy at center bond b=75 = 0.715782277889
    Eigs at center bond b=75: 0.7780 0.1672 0.0362 0.0074 0.0055 0.0036 
    Largest link dim during sweep 6/87 was 20
    Largest truncation error: 1.135e-05
    Energy after sweep 6/87 is -80.453045086593
    Sweep 6/87 CPU time = 6.032s (Wall time = 0.776s)

    vN Entropy at center bond b=75 = 0.716108896406
    Eigs at center bond b=75: 0.7779 0.1673 0.0362 0.0074 0.0055 0.0036 
    Largest link dim during sweep 7/87 was 20
    Largest truncation error: 1.16492e-05
    Energy after sweep 7/87 is -80.453046322854
    Sweep 7/87 CPU time = 6.062s (Wall time = 0.777s)

    vN Entropy at center bond b=75 = 0.777726389409
    Eigs at center bond b=75: 0.7591 0.1723 0.0449 0.0092 0.0068 0.0043 0.0013 0.0011 
    Largest link dim during sweep 8/87 was 39
    Largest truncation error: 7.7981e-07
    Energy after sweep 8/87 is -80.462844566891
    Sweep 8/87 CPU time = 5.452s (Wall time = 0.699s)

    vN Entropy at center bond b=75 = 0.916464843529
    Eigs at center bond b=75: 0.7140 0.1860 0.0611 0.0145 0.0108 0.0049 0.0035 0.0026 
    Largest link dim during sweep 9/87 was 40
    Largest truncation error: 1.49981e-06
    Energy after sweep 9/87 is -80.466082470385
    Sweep 9/87 CPU time = 8.255s (Wall time = 1.058s)

    vN Entropy at center bond b=75 = 1.029453417161
    Eigs at center bond b=75: 0.6694 0.2038 0.0741 0.0219 0.0139 0.0051 0.0041 0.0037 0.0015 
    Largest link dim during sweep 10/87 was 40
    Largest truncation error: 2.37844e-06
    Energy after sweep 10/87 is -80.467173840678
    Sweep 10/87 CPU time = 8.631s (Wall time = 1.104s)

    vN Entropy at center bond b=75 = 1.050771199724
    Eigs at center bond b=75: 0.6604 0.2078 0.0761 0.0237 0.0143 0.0051 0.0041 0.0040 0.0017 
    Largest link dim during sweep 11/87 was 40
    Largest truncation error: 2.58072e-06
    Energy after sweep 11/87 is -80.467326446249
    Sweep 11/87 CPU time = 8.560s (Wall time = 1.112s)

    vN Entropy at center bond b=75 = 1.053943421183
    Eigs at center bond b=75: 0.6592 0.2083 0.0764 0.0240 0.0144 0.0051 0.0042 0.0040 0.0017 
    Largest link dim during sweep 12/87 was 40
    Largest truncation error: 2.61221e-06
    Energy after sweep 12/87 is -80.467351577697
    Sweep 12/87 CPU time = 8.601s (Wall time = 1.101s)

    vN Entropy at center bond b=75 = 1.054606174576
    Eigs at center bond b=75: 0.6589 0.2084 0.0764 0.0240 0.0145 0.0051 0.0042 0.0040 0.0017 
    Largest link dim during sweep 13/87 was 40
    Largest truncation error: 2.6205e-06
    Energy after sweep 13/87 is -80.467357076584
    Sweep 13/87 CPU time = 8.652s (Wall time = 1.106s)

    vN Entropy at center bond b=75 = 1.054771770377
    Eigs at center bond b=75: 0.6588 0.2084 0.0764 0.0240 0.0145 0.0051 0.0042 0.0040 0.0017 
    Largest link dim during sweep 14/87 was 40
    Largest truncation error: 2.62293e-06
    Energy after sweep 14/87 is -80.467358826776
    Sweep 14/87 CPU time = 8.619s (Wall time = 1.110s)

    vN Entropy at center bond b=75 = 1.067334840956
    Eigs at center bond b=75: 0.6554 0.2083 0.0778 0.0247 0.0152 0.0051 0.0043 0.0043 0.0018 
    Largest link dim during sweep 15/87 was 55
    Largest truncation error: 8.24243e-07
    Energy after sweep 15/87 is -80.468306665928
    Sweep 15/87 CPU time = 10.88s (Wall time = 1.398s)

    vN Entropy at center bond b=75 = 1.077547049382
    Eigs at center bond b=75: 0.6523 0.2085 0.0789 0.0253 0.0158 0.0052 0.0045 0.0044 0.0020 
    Largest link dim during sweep 16/87 was 58
    Largest truncation error: 8.24656e-07
    Energy after sweep 16/87 is -80.468417983047
    Sweep 16/87 CPU time = 12.40s (Wall time = 1.599s)

    vN Entropy at center bond b=75 = 1.080403432494
    Eigs at center bond b=75: 0.6515 0.2086 0.0791 0.0255 0.0159 0.0052 0.0045 0.0045 0.0020 
    Largest link dim during sweep 17/87 was 58
    Largest truncation error: 8.24765e-07
    Energy after sweep 17/87 is -80.468449084558
    Sweep 17/87 CPU time = 12.60s (Wall time = 1.616s)

    vN Entropy at center bond b=75 = 1.081620153341
    Eigs at center bond b=75: 0.6511 0.2086 0.0792 0.0255 0.0160 0.0052 0.0045 0.0045 0.0020 
    Largest link dim during sweep 18/87 was 59
    Largest truncation error: 8.24784e-07
    Energy after sweep 18/87 is -80.468464356950
    Sweep 18/87 CPU time = 12.81s (Wall time = 1.638s)

    vN Entropy at center bond b=75 = 1.081932096183
    Eigs at center bond b=75: 0.6510 0.2086 0.0793 0.0256 0.0160 0.0052 0.0045 0.0045 0.0020 
    Largest link dim during sweep 19/87 was 59
    Largest truncation error: 8.24789e-07
    Energy after sweep 19/87 is -80.468467074653
    Sweep 19/87 CPU time = 12.86s (Wall time = 1.652s)

    vN Entropy at center bond b=75 = 1.082074613023
    Eigs at center bond b=75: 0.6510 0.2086 0.0793 0.0256 0.0160 0.0052 0.0045 0.0045 0.0020 
    Largest link dim during sweep 20/87 was 59
    Largest truncation error: 8.24791e-07
    Energy after sweep 20/87 is -80.468469654750
    Sweep 20/87 CPU time = 12.85s (Wall time = 1.643s)

    vN Entropy at center bond b=75 = 1.082115977859
    Eigs at center bond b=75: 0.6510 0.2086 0.0793 0.0256 0.0160 0.0052 0.0045 0.0045 0.0020 
    Largest link dim during sweep 21/87 was 59
    Largest truncation error: 8.24792e-07
    Energy after sweep 21/87 is -80.468470165822
    Sweep 21/87 CPU time = 12.76s (Wall time = 1.635s)

    vN Entropy at center bond b=75 = 1.082127511904
    Eigs at center bond b=75: 0.6510 0.2086 0.0793 0.0256 0.0160 0.0052 0.0045 0.0045 0.0020 
    Largest link dim during sweep 22/87 was 59
    Largest truncation error: 8.24792e-07
    Energy after sweep 22/87 is -80.468470415942
    Sweep 22/87 CPU time = 12.90s (Wall time = 1.651s)

    vN Entropy at center bond b=75 = 1.082133372753
    Eigs at center bond b=75: 0.6510 0.2087 0.0793 0.0256 0.0160 0.0052 0.0045 0.0045 0.0020 
    Largest link dim during sweep 23/87 was 59
    Largest truncation error: 8.24792e-07
    Energy after sweep 23/87 is -80.468470667062
    Sweep 23/87 CPU time = 13.05s (Wall time = 1.662s)

    vN Entropy at center bond b=75 = 1.082137984847
    Eigs at center bond b=75: 0.6510 0.2087 0.0793 0.0256 0.0160 0.0052 0.0045 0.0045 0.0020 
    Largest link dim during sweep 24/87 was 59
    Largest truncation error: 8.24792e-07
    Energy after sweep 24/87 is -80.468470757487
    Sweep 24/87 CPU time = 12.95s (Wall time = 1.661s)

    vN Entropy at center bond b=75 = 1.082140688932
    Eigs at center bond b=75: 0.6510 0.2087 0.0793 0.0256 0.0160 0.0052 0.0045 0.0045 0.0020 
    Largest link dim during sweep 25/87 was 59
    Largest truncation error: 8.24792e-07
    Energy after sweep 25/87 is -80.468470831071
    Sweep 25/87 CPU time = 13.04s (Wall time = 1.674s)

    vN Entropy at center bond b=75 = 1.082142544173
    Eigs at center bond b=75: 0.6510 0.2087 0.0793 0.0256 0.0160 0.0052 0.0045 0.0045 0.0020 
    Largest link dim during sweep 26/87 was 59
    Largest truncation error: 8.24792e-07
    Energy after sweep 26/87 is -80.468470983241
    Sweep 26/87 CPU time = 13.00s (Wall time = 1.660s)

    vN Entropy at center bond b=75 = 1.082163986829
    Eigs at center bond b=75: 0.6509 0.2087 0.0793 0.0256 0.0160 0.0052 0.0045 0.0045 0.0020 
    Largest link dim during sweep 27/87 was 59
    Largest truncation error: 8.24792e-07
    Energy after sweep 27/87 is -80.468471635095
    Sweep 27/87 CPU time = 13.00s (Wall time = 1.664s)

    vN Entropy at center bond b=75 = 1.082165552587
    Eigs at center bond b=75: 0.6509 0.2087 0.0793 0.0256 0.0160 0.0052 0.0045 0.0045 0.0020 
    Largest link dim during sweep 28/87 was 59
    Largest truncation error: 8.24792e-07
    Energy after sweep 28/87 is -80.468471974366
    Sweep 28/87 CPU time = 12.96s (Wall time = 1.663s)

    vN Entropy at center bond b=75 = 1.082175101731
    Eigs at center bond b=75: 0.6509 0.2087 0.0793 0.0256 0.0160 0.0052 0.0045 0.0045 0.0020 
    Largest link dim during sweep 29/87 was 59
    Largest truncation error: 8.24792e-07
    Energy after sweep 29/87 is -80.468473494097
    Sweep 29/87 CPU time = 13.02s (Wall time = 1.664s)

    vN Entropy at center bond b=75 = 1.082181255743
    Eigs at center bond b=75: 0.6509 0.2087 0.0793 0.0256 0.0160 0.0052 0.0045 0.0045 0.0020 
    Largest link dim during sweep 30/87 was 59
    Largest truncation error: 8.24792e-07
    Energy after sweep 30/87 is -80.468473631531
    Sweep 30/87 CPU time = 13.01s (Wall time = 1.666s)

    vN Entropy at center bond b=75 = 1.082185523512
    Eigs at center bond b=75: 0.6509 0.2087 0.0793 0.0256 0.0160 0.0052 0.0045 0.0045 0.0020 
    Largest link dim during sweep 31/87 was 59
    Largest truncation error: 8.24792e-07
    Energy after sweep 31/87 is -80.468473726618
    Sweep 31/87 CPU time = 13.00s (Wall time = 1.665s)

    vN Entropy at center bond b=75 = 1.082188355112
    Eigs at center bond b=75: 0.6509 0.2087 0.0793 0.0256 0.0160 0.0052 0.0045 0.0045 0.0020 
    Largest link dim during sweep 32/87 was 59
    Largest truncation error: 8.24792e-07
    Energy after sweep 32/87 is -80.468473760497
    Sweep 32/87 CPU time = 13.02s (Wall time = 1.664s)

    vN Entropy at center bond b=75 = 1.082189749284
    Eigs at center bond b=75: 0.6509 0.2087 0.0793 0.0256 0.0160 0.0052 0.0045 0.0045 0.0020 
    Largest link dim during sweep 33/87 was 59
    Largest truncation error: 8.24793e-07
    Energy after sweep 33/87 is -80.468473781753
    Sweep 33/87 CPU time = 12.96s (Wall time = 1.657s)

    vN Entropy at center bond b=75 = 1.082189991075
    Eigs at center bond b=75: 0.6509 0.2087 0.0793 0.0256 0.0160 0.0052 0.0045 0.0045 0.0020 
    Largest link dim during sweep 34/87 was 59
    Largest truncation error: 8.24793e-07
    Energy after sweep 34/87 is -80.468473795031
    Sweep 34/87 CPU time = 13.02s (Wall time = 1.665s)

    vN Entropy at center bond b=75 = 1.082189758009
    Eigs at center bond b=75: 0.6509 0.2087 0.0793 0.0256 0.0160 0.0052 0.0045 0.0045 0.0020 
    Largest link dim during sweep 35/87 was 59
    Largest truncation error: 8.24793e-07
    Energy after sweep 35/87 is -80.468473802852
    Sweep 35/87 CPU time = 12.95s (Wall time = 1.665s)

    vN Entropy at center bond b=75 = 1.082193074540
    Eigs at center bond b=75: 0.6509 0.2087 0.0793 0.0256 0.0160 0.0052 0.0045 0.0045 0.0020 
    Largest link dim during sweep 36/87 was 59
    Largest truncation error: 8.24793e-07
    Energy after sweep 36/87 is -80.468474098853
    Sweep 36/87 CPU time = 12.97s (Wall time = 1.660s)

    vN Entropy at center bond b=75 = 1.099419994485
    Eigs at center bond b=75: 0.6461 0.2087 0.0809 0.0265 0.0170 0.0052 0.0048 0.0047 0.0022 
    Largest link dim during sweep 37/87 was 134
    Largest truncation error: 7.51017e-09
    Energy after sweep 37/87 is -80.469320947893
    Sweep 37/87 CPU time = 45.52s (Wall time = 5.845s)

    vN Entropy at center bond b=75 = 1.105173724526
    Eigs at center bond b=75: 0.6446 0.2087 0.0814 0.0268 0.0173 0.0053 0.0049 0.0048 0.0023 
    Largest link dim during sweep 38/87 was 153
    Largest truncation error: 7.44412e-09
    Energy after sweep 38/87 is -80.469335081820
    Sweep 38/87 CPU time = 1m, 26.5s (Wall time = 11.61s)

    vN Entropy at center bond b=75 = 1.105578539669
    Eigs at center bond b=75: 0.6445 0.2087 0.0815 0.0269 0.0173 0.0053 0.0049 0.0048 0.0023 0.0010 
    Largest link dim during sweep 39/87 was 158
    Largest truncation error: 7.27995e-09
    Energy after sweep 39/87 is -80.469336027811
    Sweep 39/87 CPU time = 1m, 35.1s (Wall time = 12.86s)

    vN Entropy at center bond b=75 = 1.105626529297
    Eigs at center bond b=75: 0.6445 0.2087 0.0815 0.0269 0.0173 0.0053 0.0049 0.0048 0.0023 0.0010 
    Largest link dim during sweep 40/87 was 160
    Largest truncation error: 7.40857e-09
    Energy after sweep 40/87 is -80.469336141595
    Sweep 40/87 CPU time = 1m, 35.9s (Wall time = 12.66s)

    vN Entropy at center bond b=75 = 1.105635963272
    Eigs at center bond b=75: 0.6445 0.2087 0.0815 0.0269 0.0173 0.0053 0.0049 0.0048 0.0023 0.0010 
    Largest link dim during sweep 41/87 was 160
    Largest truncation error: 7.42994e-09
    Energy after sweep 41/87 is -80.469336175453
    Sweep 41/87 CPU time = 1m, 38.6s (Wall time = 13.51s)

    vN Entropy at center bond b=75 = 1.105638858473
    Eigs at center bond b=75: 0.6445 0.2087 0.0815 0.0269 0.0173 0.0053 0.0049 0.0048 0.0023 0.0010 
    Largest link dim during sweep 42/87 was 160
    Largest truncation error: 7.43295e-09
    Energy after sweep 42/87 is -80.469336178252
    Sweep 42/87 CPU time = 1m, 42.9s (Wall time = 13.87s)

    vN Entropy at center bond b=75 = 1.105639441852
    Eigs at center bond b=75: 0.6445 0.2087 0.0815 0.0269 0.0173 0.0053 0.0049 0.0048 0.0023 0.0010 
    Largest link dim during sweep 43/87 was 160
    Largest truncation error: 7.43341e-09
    Energy after sweep 43/87 is -80.469336184242
    Sweep 43/87 CPU time = 1m, 45.7s (Wall time = 14.41s)

    vN Entropy at center bond b=75 = 1.105639586482
    Eigs at center bond b=75: 0.6445 0.2087 0.0815 0.0269 0.0173 0.0053 0.0049 0.0048 0.0023 0.0010 
    Largest link dim during sweep 44/87 was 160
    Largest truncation error: 7.43348e-09
    Energy after sweep 44/87 is -80.469336184425
    Sweep 44/87 CPU time = 1m, 46.3s (Wall time = 14.59s)

    vN Entropy at center bond b=75 = 1.105639618440
    Eigs at center bond b=75: 0.6445 0.2087 0.0815 0.0269 0.0173 0.0053 0.0049 0.0048 0.0023 0.0010 
    Largest link dim during sweep 45/87 was 160
    Largest truncation error: 7.43349e-09
    Energy after sweep 45/87 is -80.469336184490
    Sweep 45/87 CPU time = 1m, 43.8s (Wall time = 13.88s)

    vN Entropy at center bond b=75 = 1.105639630312
    Eigs at center bond b=75: 0.6445 0.2087 0.0815 0.0269 0.0173 0.0053 0.0049 0.0048 0.0023 0.0010 
    Largest link dim during sweep 46/87 was 160
    Largest truncation error: 7.43349e-09
    Energy after sweep 46/87 is -80.469336184526
    Sweep 46/87 CPU time = 1m, 44.3s (Wall time = 14.12s)

    vN Entropy at center bond b=75 = 1.105639636046
    Eigs at center bond b=75: 0.6445 0.2087 0.0815 0.0269 0.0173 0.0053 0.0049 0.0048 0.0023 0.0010 
    Largest link dim during sweep 47/87 was 160
    Largest truncation error: 7.4335e-09
    Energy after sweep 47/87 is -80.469336184549
    Sweep 47/87 CPU time = 1m, 43.9s (Wall time = 14.17s)

    vN Entropy at center bond b=75 = 1.105639639091
    Eigs at center bond b=75: 0.6445 0.2087 0.0815 0.0269 0.0173 0.0053 0.0049 0.0048 0.0023 0.0010 
    Largest link dim during sweep 48/87 was 160
    Largest truncation error: 7.4335e-09
    Energy after sweep 48/87 is -80.469336184561
    Sweep 48/87 CPU time = 1m, 43.2s (Wall time = 13.88s)

    vN Entropy at center bond b=75 = 1.105639676407
    Eigs at center bond b=75: 0.6445 0.2087 0.0815 0.0269 0.0173 0.0053 0.0049 0.0048 0.0023 0.0010 
    Largest link dim during sweep 49/87 was 160
    Largest truncation error: 7.4335e-09
    Energy after sweep 49/87 is -80.469336184784
    Sweep 49/87 CPU time = 1m, 44.8s (Wall time = 14.37s)

    vN Entropy at center bond b=75 = 1.105639676792
    Eigs at center bond b=75: 0.6445 0.2087 0.0815 0.0269 0.0173 0.0053 0.0049 0.0048 0.0023 0.0010 
    Largest link dim during sweep 50/87 was 160
    Largest truncation error: 7.4335e-09
    Energy after sweep 50/87 is -80.469336184793
    Sweep 50/87 CPU time = 1m, 44.4s (Wall time = 14.15s)

    vN Entropy at center bond b=75 = 1.105639674078
    Eigs at center bond b=75: 0.6445 0.2087 0.0815 0.0269 0.0173 0.0053 0.0049 0.0048 0.0023 0.0010 
    Largest link dim during sweep 51/87 was 160
    Largest truncation error: 7.4335e-09
    Energy after sweep 51/87 is -80.469336184786
    Sweep 51/87 CPU time = 1m, 44.2s (Wall time = 14.21s)

    vN Entropy at center bond b=75 = 1.105639667316
    Eigs at center bond b=75: 0.6445 0.2087 0.0815 0.0269 0.0173 0.0053 0.0049 0.0048 0.0023 0.0010 
    Largest link dim during sweep 52/87 was 160
    Largest truncation error: 7.4335e-09
    Energy after sweep 52/87 is -80.469336184767
    Sweep 52/87 CPU time = 1m, 45.2s (Wall time = 14.39s)

    vN Entropy at center bond b=75 = 1.105639657736
    Eigs at center bond b=75: 0.6445 0.2087 0.0815 0.0269 0.0173 0.0053 0.0049 0.0048 0.0023 0.0010 
    Largest link dim during sweep 53/87 was 160
    Largest truncation error: 7.4335e-09
    Energy after sweep 53/87 is -80.469336184743
    Sweep 53/87 CPU time = 1m, 45.3s (Wall time = 14.40s)

    vN Entropy at center bond b=75 = 1.105639648487
    Eigs at center bond b=75: 0.6445 0.2087 0.0815 0.0269 0.0173 0.0053 0.0049 0.0048 0.0023 0.0010 
    Largest link dim during sweep 54/87 was 160
    Largest truncation error: 7.43349e-09
    Energy after sweep 54/87 is -80.469336184726
    Sweep 54/87 CPU time = 1m, 43.9s (Wall time = 14.06s)

    vN Entropy at center bond b=75 = 1.105639641553
    Eigs at center bond b=75: 0.6445 0.2087 0.0815 0.0269 0.0173 0.0053 0.0049 0.0048 0.0023 0.0010 
    Largest link dim during sweep 55/87 was 160
    Largest truncation error: 7.4335e-09
    Energy after sweep 55/87 is -80.469336184717
    Sweep 55/87 CPU time = 1m, 44.8s (Wall time = 14.33s)

    vN Entropy at center bond b=75 = 1.105639637104
    Eigs at center bond b=75: 0.6445 0.2087 0.0815 0.0269 0.0173 0.0053 0.0049 0.0048 0.0023 0.0010 
    Largest link dim during sweep 56/87 was 160
    Largest truncation error: 7.4335e-09
    Energy after sweep 56/87 is -80.469336184712
    Sweep 56/87 CPU time = 1m, 45.4s (Wall time = 14.41s)

    vN Entropy at center bond b=75 = 1.105639634494
    Eigs at center bond b=75: 0.6445 0.2087 0.0815 0.0269 0.0173 0.0053 0.0049 0.0048 0.0023 0.0010 
    Largest link dim during sweep 57/87 was 160
    Largest truncation error: 7.43349e-09
    Energy after sweep 57/87 is -80.469336184711
    Sweep 57/87 CPU time = 1m, 44.5s (Wall time = 14.29s)

    vN Entropy at center bond b=75 = 1.105639633037
    Eigs at center bond b=75: 0.6445 0.2087 0.0815 0.0269 0.0173 0.0053 0.0049 0.0048 0.0023 0.0010 
    Largest link dim during sweep 58/87 was 160
    Largest truncation error: 7.43349e-09
    Energy after sweep 58/87 is -80.469336184710
    Sweep 58/87 CPU time = 1m, 44.0s (Wall time = 13.65s)

    vN Entropy at center bond b=75 = 1.106003538239
    Eigs at center bond b=75: 0.6444 0.2087 0.0815 0.0269 0.0174 0.0053 0.0049 0.0048 0.0023 0.0010 
    Largest link dim during sweep 59/87 was 316
    Largest truncation error: 7.44668e-11
    Energy after sweep 59/87 is -80.469344993544
    Sweep 59/87 CPU time = 5m, 32.6s (Wall time = 44.48s)

    vN Entropy at center bond b=75 = 1.106058802273
    Eigs at center bond b=75: 0.6444 0.2087 0.0815 0.0269 0.0174 0.0053 0.0049 0.0048 0.0023 0.0010 
    Largest link dim during sweep 60/87 was 320
    Largest truncation error: 8.63224e-11
    Energy after sweep 60/87 is -80.469345043636
    Sweep 60/87 CPU time = 9m, 17.7s (Wall time = 1m, 13.3s)

    vN Entropy at center bond b=75 = 1.106060358863
    Eigs at center bond b=75: 0.6444 0.2087 0.0815 0.0269 0.0174 0.0053 0.0049 0.0048 0.0023 0.0010 
    Largest link dim during sweep 61/87 was 320
    Largest truncation error: 8.96391e-11
    Energy after sweep 61/87 is -80.469345045718
    Sweep 61/87 CPU time = 9m, 22.7s (Wall time = 1m, 13.4s)

    vN Entropy at center bond b=75 = 1.106060485906
    Eigs at center bond b=75: 0.6444 0.2087 0.0815 0.0269 0.0174 0.0053 0.0049 0.0048 0.0023 0.0010 
    Largest link dim during sweep 62/87 was 320
    Largest truncation error: 9.03268e-11
    Energy after sweep 62/87 is -80.469345046098
    Sweep 62/87 CPU time = 9m, 12.6s (Wall time = 1m, 11.7s)

    vN Entropy at center bond b=75 = 1.106060506023
    Eigs at center bond b=75: 0.6444 0.2087 0.0815 0.0269 0.0174 0.0053 0.0049 0.0048 0.0023 0.0010 
    Largest link dim during sweep 63/87 was 320
    Largest truncation error: 9.04783e-11
    Energy after sweep 63/87 is -80.469345046129
    Sweep 63/87 CPU time = 9m, 8.4s (Wall time = 1m, 10.6s)

    vN Entropy at center bond b=75 = 1.106060509972
    Eigs at center bond b=75: 0.6444 0.2087 0.0815 0.0269 0.0174 0.0053 0.0049 0.0048 0.0023 0.0010 
    Largest link dim during sweep 64/87 was 320
    Largest truncation error: 9.05386e-11
    Energy after sweep 64/87 is -80.469345046161
    Sweep 64/87 CPU time = 9m, 10.6s (Wall time = 1m, 11.2s)

    vN Entropy at center bond b=75 = 1.106060510668
    Eigs at center bond b=75: 0.6444 0.2087 0.0815 0.0269 0.0174 0.0053 0.0049 0.0048 0.0023 0.0010 
    Largest link dim during sweep 65/87 was 320
    Largest truncation error: 9.05509e-11
    Energy after sweep 65/87 is -80.469345046161
    Sweep 65/87 CPU time = 9m, 7.3s (Wall time = 1m, 10.4s)

    vN Entropy at center bond b=75 = 1.106060510833
    Eigs at center bond b=75: 0.6444 0.2087 0.0815 0.0269 0.0174 0.0053 0.0049 0.0048 0.0023 0.0010 
    Largest link dim during sweep 66/87 was 320
    Largest truncation error: 9.0553e-11
    Energy after sweep 66/87 is -80.469345046163
    Sweep 66/87 CPU time = 9m, 8.1s (Wall time = 1m, 10.5s)

    vN Entropy at center bond b=75 = 1.106060510933
    Eigs at center bond b=75: 0.6444 0.2087 0.0815 0.0269 0.0174 0.0053 0.0049 0.0048 0.0023 0.0010 
    Largest link dim during sweep 67/87 was 320
    Largest truncation error: 9.05535e-11
    Energy after sweep 67/87 is -80.469345046163
    Sweep 67/87 CPU time = 9m, 5.3s (Wall time = 1m, 10.5s)

    vN Entropy at center bond b=75 = 1.106060511035
    Eigs at center bond b=75: 0.6444 0.2087 0.0815 0.0269 0.0174 0.0053 0.0049 0.0048 0.0023 0.0010 
    Largest link dim during sweep 68/87 was 320
    Largest truncation error: 9.05533e-11
    Energy after sweep 68/87 is -80.469345046165
    Sweep 68/87 CPU time = 9m, 10.2s (Wall time = 1m, 11.0s)

    vN Entropy at center bond b=75 = 1.106060511126
    Eigs at center bond b=75: 0.6444 0.2087 0.0815 0.0269 0.0174 0.0053 0.0049 0.0048 0.0023 0.0010 
    Largest link dim during sweep 69/87 was 320
    Largest truncation error: 9.05532e-11
    Energy after sweep 69/87 is -80.469345046166
    Sweep 69/87 CPU time = 9m, 12.6s (Wall time = 1m, 11.6s)

    vN Entropy at center bond b=75 = 1.106060511178
    Eigs at center bond b=75: 0.6444 0.2087 0.0815 0.0269 0.0174 0.0053 0.0049 0.0048 0.0023 0.0010 
    Largest link dim during sweep 70/87 was 320
    Largest truncation error: 9.05528e-11
    Energy after sweep 70/87 is -80.469345046165
    Sweep 70/87 CPU time = 9m, 5.5s (Wall time = 1m, 11.2s)

    vN Entropy at center bond b=75 = 1.106060511202
    Eigs at center bond b=75: 0.6444 0.2087 0.0815 0.0269 0.0174 0.0053 0.0049 0.0048 0.0023 0.0010 
    Largest link dim during sweep 71/87 was 320
    Largest truncation error: 9.05525e-11
    Energy after sweep 71/87 is -80.469345046165
    Sweep 71/87 CPU time = 9m, 15.8s (Wall time = 1m, 12.7s)

    vN Entropy at center bond b=75 = 1.106060511200
    Eigs at center bond b=75: 0.6444 0.2087 0.0815 0.0269 0.0174 0.0053 0.0049 0.0048 0.0023 0.0010 
    Largest link dim during sweep 72/87 was 320
    Largest truncation error: 9.05525e-11
    Energy after sweep 72/87 is -80.469345046165
    Sweep 72/87 CPU time = 9m, 13.4s (Wall time = 1m, 12.5s)

    vN Entropy at center bond b=75 = 1.106060511174
    Eigs at center bond b=75: 0.6444 0.2087 0.0815 0.0269 0.0174 0.0053 0.0049 0.0048 0.0023 0.0010 
    Largest link dim during sweep 73/87 was 320
    Largest truncation error: 9.05523e-11
    Energy after sweep 73/87 is -80.469345046166
    Sweep 73/87 CPU time = 9m, 12.7s (Wall time = 1m, 12.2s)

    vN Entropy at center bond b=75 = 1.106060511149
    Eigs at center bond b=75: 0.6444 0.2087 0.0815 0.0269 0.0174 0.0053 0.0049 0.0048 0.0023 0.0010 
    Largest link dim during sweep 74/87 was 320
    Largest truncation error: 9.0552e-11
    Energy after sweep 74/87 is -80.469345046164
    Sweep 74/87 CPU time = 9m, 15.2s (Wall time = 1m, 12.4s)

    vN Entropy at center bond b=75 = 1.106065082013
    Eigs at center bond b=75: 0.6444 0.2087 0.0815 0.0269 0.0174 0.0053 0.0049 0.0048 0.0023 0.0010 
    Largest link dim during sweep 75/87 was 627
    Largest truncation error: 7.45001e-13
    Energy after sweep 75/87 is -80.469345147568
    Sweep 75/87 CPU time = 19m, 18s (Wall time = 2m, 36.5s)

    vN Entropy at center bond b=75 = 1.106066490247
    Eigs at center bond b=75: 0.6444 0.2087 0.0815 0.0269 0.0174 0.0053 0.0049 0.0048 0.0023 0.0010 
    Largest link dim during sweep 76/87 was 640
    Largest truncation error: 7.52637e-13
    Energy after sweep 76/87 is -80.469345147997
    Sweep 76/87 CPU time = 28m, 17s (Wall time = 3m, 46.0s)

    vN Entropy at center bond b=75 = 1.106066549969
    Eigs at center bond b=75: 0.6444 0.2087 0.0815 0.0269 0.0174 0.0053 0.0049 0.0048 0.0023 0.0010 
    Largest link dim during sweep 77/87 was 640
    Largest truncation error: 7.50998e-13
    Energy after sweep 77/87 is -80.469345148009
    Sweep 77/87 CPU time = 28m, 37s (Wall time = 3m, 48.4s)

    vN Entropy at center bond b=75 = 1.106066554241
    Eigs at center bond b=75: 0.6444 0.2087 0.0815 0.0269 0.0174 0.0053 0.0049 0.0048 0.0023 0.0010 
    Largest link dim during sweep 78/87 was 640
    Largest truncation error: 7.51072e-13
    Energy after sweep 78/87 is -80.469345148011
    Sweep 78/87 CPU time = 29m, 23s (Wall time = 3m, 56.4s)

    vN Entropy at center bond b=75 = 1.106066554861
    Eigs at center bond b=75: 0.6444 0.2087 0.0815 0.0269 0.0174 0.0053 0.0049 0.0048 0.0023 0.0010 
    Largest link dim during sweep 79/87 was 640
    Largest truncation error: 7.51201e-13
    Energy after sweep 79/87 is -80.469345148012
    Sweep 79/87 CPU time = 28m, 7s (Wall time = 3m, 46.5s)

    vN Entropy at center bond b=75 = 1.106066555027
    Eigs at center bond b=75: 0.6444 0.2087 0.0815 0.0269 0.0174 0.0053 0.0049 0.0048 0.0023 0.0010 
    Largest link dim during sweep 80/87 was 640
    Largest truncation error: 7.51016e-13
    Energy after sweep 80/87 is -80.469345148013
    Sweep 80/87 CPU time = 25m, 50s (Wall time = 3m, 27.9s)

    vN Entropy at center bond b=75 = 1.106066555058
    Eigs at center bond b=75: 0.6444 0.2087 0.0815 0.0269 0.0174 0.0053 0.0049 0.0048 0.0023 0.0010 
    Largest link dim during sweep 81/87 was 640
    Largest truncation error: 7.5115e-13
    Energy after sweep 81/87 is -80.469345148013
    Sweep 81/87 CPU time = 25m, 53s (Wall time = 3m, 28.7s)

    vN Entropy at center bond b=75 = 1.106066555097
    Eigs at center bond b=75: 0.6444 0.2087 0.0815 0.0269 0.0174 0.0053 0.0049 0.0048 0.0023 0.0010 
    Largest link dim during sweep 82/87 was 640
    Largest truncation error: 7.51177e-13
    Energy after sweep 82/87 is -80.469345148012
    Sweep 82/87 CPU time = 26m, 7s (Wall time = 3m, 30.6s)

    vN Entropy at center bond b=75 = 1.106066545105
    Eigs at center bond b=75: 0.6444 0.2087 0.0815 0.0269 0.0174 0.0053 0.0049 0.0048 0.0023 0.0010 
    Largest link dim during sweep 83/87 was 612
    Largest truncation error: 7.41271e-13
    Energy after sweep 83/87 is -80.469345147751
    Sweep 83/87 CPU time = 20m, 57s (Wall time = 2m, 48.9s)

    vN Entropy at center bond b=75 = 1.106066611674
    Eigs at center bond b=75: 0.6444 0.2087 0.0815 0.0269 0.0174 0.0053 0.0049 0.0048 0.0023 0.0010 
    Largest link dim during sweep 84/87 was 1089
    Largest truncation error: 7.39784e-15
    Energy after sweep 84/87 is -80.469345149113
    Sweep 84/87 CPU time = 56m, 17s (Wall time = 7m, 31.9s)

    vN Entropy at center bond b=75 = 1.106066629630
    Eigs at center bond b=75: 0.6444 0.2087 0.0815 0.0269 0.0174 0.0053 0.0049 0.0048 0.0023 0.0010 
    Largest link dim during sweep 85/87 was 1116
    Largest truncation error: 7.56842e-15
    Energy after sweep 85/87 is -80.469345149120
    Sweep 85/87 CPU time = 1h, 23m, 2s (Wall time = 12m, 11s)

    vN Entropy at center bond b=75 = 1.106066630335
    Eigs at center bond b=75: 0.6444 0.2087 0.0815 0.0269 0.0174 0.0053 0.0049 0.0048 0.0023 0.0010 
    Largest link dim during sweep 86/87 was 1116
    Largest truncation error: 7.50274e-15
    Energy after sweep 86/87 is -80.469345149122
    Sweep 86/87 CPU time = 1h, 22m, 30s (Wall time = 11m, 55s)

    vN Entropy at center bond b=75 = 1.106066630396
    Eigs at center bond b=75: 0.6444 0.2087 0.0815 0.0269 0.0174 0.0053 0.0049 0.0048 0.0023 0.0010 
    Largest link dim during sweep 87/87 was 1116
    Largest truncation error: 7.50461e-15
    Energy after sweep 87/87 is -80.469345149121
    Sweep 87/87 CPU time = 1h, 22m, 40s (Wall time = 11m, 58s)
Initial energy = 141.12000

Ground State Energy = -80.4693451491
run_outputs/outputpsi/N_150_sweep_87_t_0.030000_J_1.000000_V_0.600000_D_0.018000_U_0.960000_mu_0.000000_E_0.000000 converge
Wall-clock time (s) = 15957.019761
