//////////////////////////
Reading input file ......

Got input.N = 90
Got input.t = 0.03
Got input.J = 1
Got input.V = 0.6
Got input.D = 0.018
Got input.U = 1.5
Got input.mu = 0
Got input.E = 0
Got input.nsweeps = 87
Sweeps:
1  MaxDim=20, MinDim=20, Cutoff=1.0E-06, Niter=8, Noise=1.0E-05
2  MaxDim=20, MinDim=20, Cutoff=1.0E-06, Niter=8, Noise=1.0E-05
3  MaxDim=20, MinDim=20, Cutoff=1.0E-06, Niter=8, Noise=1.0E-05
4  MaxDim=20, MinDim=20, Cutoff=1.0E-06, Niter=8, Noise=1.0E-05
5  MaxDim=20, MinDim=20, Cutoff=1.0E-06, Niter=8, Noise=1.0E-05
6  MaxDim=20, MinDim=20, Cutoff=1.0E-06, Niter=8, Noise=1.0E-05
7  MaxDim=20, MinDim=20, Cutoff=1.0E-06, Niter=8, Noise=1.0E-05
8  MaxDim=40, MinDim=20, Cutoff=1.0E-06, Niter=4, Noise=1.0E-05
9  MaxDim=40, MinDim=20, Cutoff=1.0E-06, Niter=4, Noise=1.0E-05
10  MaxDim=40, MinDim=20, Cutoff=1.0E-06, Niter=4, Noise=1.0E-05
11  MaxDim=40, MinDim=20, Cutoff=1.0E-06, Niter=4, Noise=1.0E-05
12  MaxDim=40, MinDim=20, Cutoff=1.0E-06, Niter=4, Noise=1.0E-05
13  MaxDim=40, MinDim=20, Cutoff=1.0E-06, Niter=4, Noise=1.0E-05
14  MaxDim=40, MinDim=20, Cutoff=1.0E-06, Niter=4, Noise=1.0E-05
15  MaxDim=80, MinDim=10, Cutoff=1.0E-06, Niter=4, Noise=1.0E-05
16  MaxDim=80, MinDim=10, Cutoff=1.0E-06, Niter=4, Noise=1.0E-05
17  MaxDim=80, MinDim=10, Cutoff=1.0E-06, Niter=4, Noise=1.0E-05
18  MaxDim=80, MinDim=10, Cutoff=1.0E-06, Niter=4, Noise=1.0E-05
19  MaxDim=80, MinDim=10, Cutoff=1.0E-06, Niter=4, Noise=1.0E-05
20  MaxDim=80, MinDim=10, Cutoff=1.0E-06, Niter=4, Noise=1.0E-05
21  MaxDim=80, MinDim=10, Cutoff=1.0E-06, Niter=4, Noise=1.0E-05
22  MaxDim=80, MinDim=10, Cutoff=1.0E-06, Niter=4, Noise=1.0E-05
23  MaxDim=80, MinDim=10, Cutoff=1.0E-06, Niter=4, Noise=1.0E-05
24  MaxDim=80, MinDim=10, Cutoff=1.0E-06, Niter=4, Noise=1.0E-05
25  MaxDim=80, MinDim=10, Cutoff=1.0E-06, Niter=4, Noise=1.0E-05
26  MaxDim=80, MinDim=10, Cutoff=1.0E-06, Niter=4, Noise=1.0E-05
27  MaxDim=80, MinDim=10, Cutoff=1.0E-06, Niter=4, Noise=1.0E-05
28  MaxDim=80, MinDim=10, Cutoff=1.0E-06, Niter=4, Noise=1.0E-05
29  MaxDim=80, MinDim=10, Cutoff=1.0E-06, Niter=4, Noise=1.0E-05
30  MaxDim=80, MinDim=10, Cutoff=1.0E-06, Niter=4, Noise=1.0E-05
31  MaxDim=80, MinDim=10, Cutoff=1.0E-06, Niter=4, Noise=1.0E-05
32  MaxDim=80, MinDim=10, Cutoff=1.0E-06, Niter=4, Noise=1.0E-05
33  MaxDim=80, MinDim=10, Cutoff=1.0E-06, Niter=4, Noise=1.0E-05
34  MaxDim=80, MinDim=10, Cutoff=1.0E-06, Niter=4, Noise=1.0E-05
35  MaxDim=80, MinDim=10, Cutoff=1.0E-06, Niter=4, Noise=1.0E-05
36  MaxDim=80, MinDim=10, Cutoff=1.0E-06, Niter=4, Noise=1.0E-05
37  MaxDim=160, MinDim=10, Cutoff=1.0E-08, Niter=4, Noise=1.0E-06
38  MaxDim=160, MinDim=10, Cutoff=1.0E-08, Niter=4, Noise=1.0E-06
39  MaxDim=160, MinDim=10, Cutoff=1.0E-08, Niter=4, Noise=1.0E-06
40  MaxDim=160, MinDim=10, Cutoff=1.0E-08, Niter=4, Noise=1.0E-06
41  MaxDim=160, MinDim=10, Cutoff=1.0E-08, Niter=4, Noise=1.0E-06
42  MaxDim=160, MinDim=10, Cutoff=1.0E-08, Niter=4, Noise=1.0E-06
43  MaxDim=160, MinDim=10, Cutoff=1.0E-08, Niter=4, Noise=1.0E-06
44  MaxDim=160, MinDim=10, Cutoff=1.0E-08, Niter=4, Noise=1.0E-06
45  MaxDim=160, MinDim=10, Cutoff=1.0E-08, Niter=4, Noise=1.0E-06
46  MaxDim=160, MinDim=10, Cutoff=1.0E-08, Niter=4, Noise=1.0E-06
47  MaxDim=160, MinDim=10, Cutoff=1.0E-08, Niter=4, Noise=1.0E-06
48  MaxDim=160, MinDim=10, Cutoff=1.0E-08, Niter=4, Noise=1.0E-06
49  MaxDim=160, MinDim=10, Cutoff=1.0E-08, Niter=4, Noise=1.0E-06
50  MaxDim=160, MinDim=10, Cutoff=1.0E-08, Niter=4, Noise=1.0E-06
51  MaxDim=160, MinDim=10, Cutoff=1.0E-08, Niter=4, Noise=1.0E-06
52  MaxDim=160, MinDim=10, Cutoff=1.0E-08, Niter=4, Noise=1.0E-06
53  MaxDim=160, MinDim=10, Cutoff=1.0E-08, Niter=4, Noise=1.0E-06
54  MaxDim=160, MinDim=10, Cutoff=1.0E-08, Niter=4, Noise=1.0E-06
55  MaxDim=160, MinDim=10, Cutoff=1.0E-08, Niter=4, Noise=1.0E-06
56  MaxDim=160, MinDim=10, Cutoff=1.0E-08, Niter=4, Noise=1.0E-06
57  MaxDim=160, MinDim=10, Cutoff=1.0E-08, Niter=4, Noise=1.0E-06
58  MaxDim=160, MinDim=10, Cutoff=1.0E-08, Niter=4, Noise=1.0E-06
59  MaxDim=320, MinDim=10, Cutoff=1.0E-10, Niter=4, Noise=1.0E-07
60  MaxDim=320, MinDim=10, Cutoff=1.0E-10, Niter=4, Noise=1.0E-07
61  MaxDim=320, MinDim=10, Cutoff=1.0E-10, Niter=4, Noise=1.0E-07
62  MaxDim=320, MinDim=10, Cutoff=1.0E-10, Niter=4, Noise=1.0E-07
63  MaxDim=320, MinDim=10, Cutoff=1.0E-10, Niter=4, Noise=1.0E-07
64  MaxDim=320, MinDim=10, Cutoff=1.0E-10, Niter=4, Noise=1.0E-07
65  MaxDim=320, MinDim=10, Cutoff=1.0E-10, Niter=4, Noise=1.0E-07
66  MaxDim=320, MinDim=10, Cutoff=1.0E-10, Niter=4, Noise=1.0E-07
67  MaxDim=320, MinDim=10, Cutoff=1.0E-10, Niter=4, Noise=1.0E-07
68  MaxDim=320, MinDim=10, Cutoff=1.0E-10, Niter=4, Noise=1.0E-07
69  MaxDim=320, MinDim=10, Cutoff=1.0E-10, Niter=4, Noise=1.0E-07
70  MaxDim=320, MinDim=10, Cutoff=1.0E-10, Niter=4, Noise=1.0E-07
71  MaxDim=320, MinDim=10, Cutoff=1.0E-10, Niter=4, Noise=1.0E-07
72  MaxDim=320, MinDim=10, Cutoff=1.0E-10, Niter=4, Noise=1.0E-07
73  MaxDim=320, MinDim=10, Cutoff=1.0E-10, Niter=4, Noise=1.0E-07
74  MaxDim=320, MinDim=10, Cutoff=1.0E-10, Niter=4, Noise=1.0E-07
75  MaxDim=640, MinDim=10, Cutoff=1.0E-12, Niter=2, Noise=1.0E-08
76  MaxDim=640, MinDim=10, Cutoff=1.0E-12, Niter=2, Noise=1.0E-08
77  MaxDim=640, MinDim=10, Cutoff=1.0E-12, Niter=2, Noise=1.0E-08
78  MaxDim=640, MinDim=10, Cutoff=1.0E-12, Niter=2, Noise=1.0E-08
79  MaxDim=640, MinDim=10, Cutoff=1.0E-12, Niter=2, Noise=1.0E-08
80  MaxDim=640, MinDim=10, Cutoff=1.0E-12, Niter=2, Noise=1.0E-08
81  MaxDim=640, MinDim=10, Cutoff=1.0E-12, Niter=2, Noise=1.0E-08
82  MaxDim=640, MinDim=10, Cutoff=1.0E-12, Niter=2, Noise=1.0E-08
83  MaxDim=1280, MinDim=10, Cutoff=1.0E-12, Niter=2, Noise=0.0E+00
84  MaxDim=1280, MinDim=10, Cutoff=1.0E-14, Niter=2, Noise=0.0E+00
85  MaxDim=1280, MinDim=10, Cutoff=1.0E-14, Niter=2, Noise=0.0E+00
86  MaxDim=1280, MinDim=10, Cutoff=1.0E-14, Niter=2, Noise=0.0E+00
87  MaxDim=1280, MinDim=10, Cutoff=1.0E-14, Niter=2, Noise=0.0E+00


    vN Entropy at center bond b=45 = 0.527772027790
    Eigs at center bond b=45: 0.8393 0.1390 0.0129 0.0063 0.0012 
    Largest link dim during sweep 1/87 was 20
    Largest truncation error: 8.61688e-06
    Energy after sweep 1/87 is -44.962400072235
    Sweep 1/87 CPU time = 2.555s (Wall time = 0.337s)

    vN Entropy at center bond b=45 = 0.745583750363
    Eigs at center bond b=45: 0.7565 0.1927 0.0299 0.0080 0.0059 0.0046 0.0011 
    Largest link dim during sweep 2/87 was 20
    Largest truncation error: 1.08581e-05
    Energy after sweep 2/87 is -44.987847611053
    Sweep 2/87 CPU time = 3.589s (Wall time = 0.461s)

    vN Entropy at center bond b=45 = 0.861115584029
    Eigs at center bond b=45: 0.6865 0.2527 0.0329 0.0104 0.0069 0.0065 0.0020 0.0011 
    Largest link dim during sweep 3/87 was 20
    Largest truncation error: 1.56516e-05
    Energy after sweep 3/87 is -44.990959385859
    Sweep 3/87 CPU time = 3.619s (Wall time = 0.462s)

    vN Entropy at center bond b=45 = 0.937957363740
    Eigs at center bond b=45: 0.6181 0.3157 0.0324 0.0153 0.0072 0.0056 0.0029 0.0018 
    Largest link dim during sweep 4/87 was 20
    Largest truncation error: 1.86103e-05
    Energy after sweep 4/87 is -44.992273456585
    Sweep 4/87 CPU time = 3.609s (Wall time = 0.460s)

    vN Entropy at center bond b=45 = 0.975344541563
    Eigs at center bond b=45: 0.5687 0.3626 0.0306 0.0193 0.0070 0.0050 0.0036 0.0023 
    Largest link dim during sweep 5/87 was 20
    Largest truncation error: 2.03588e-05
    Energy after sweep 5/87 is -44.992800830331
    Sweep 5/87 CPU time = 3.584s (Wall time = 0.459s)

    vN Entropy at center bond b=45 = 0.989523281664
    Eigs at center bond b=45: 0.5421 0.3883 0.0291 0.0216 0.0068 0.0046 0.0039 0.0026 
    Largest link dim during sweep 6/87 was 20
    Largest truncation error: 2.1228e-05
    Energy after sweep 6/87 is -44.992965681575
    Sweep 6/87 CPU time = 3.571s (Wall time = 0.461s)

    vN Entropy at center bond b=45 = 0.994753840653
    Eigs at center bond b=45: 0.5298 0.4003 0.0281 0.0228 0.0067 0.0045 0.0041 0.0027 
    Largest link dim during sweep 7/87 was 20
    Largest truncation error: 2.15675e-05
    Energy after sweep 7/87 is -44.993019380132
    Sweep 7/87 CPU time = 3.617s (Wall time = 0.460s)

    vN Entropy at center bond b=45 = 1.033733934209
    Eigs at center bond b=45: 0.5149 0.4058 0.0298 0.0265 0.0085 0.0053 0.0046 0.0030 
    Largest link dim during sweep 8/87 was 40
    Largest truncation error: 8.47354e-07
    Energy after sweep 8/87 is -45.003138654611
    Sweep 8/87 CPU time = 3.848s (Wall time = 0.505s)

    vN Entropy at center bond b=45 = 1.057578892303
    Eigs at center bond b=45: 0.5091 0.4055 0.0311 0.0286 0.0096 0.0060 0.0046 0.0030 
    Largest link dim during sweep 9/87 was 40
    Largest truncation error: 1.87223e-06
    Energy after sweep 9/87 is -45.003447141476
    Sweep 9/87 CPU time = 5.159s (Wall time = 0.664s)

    vN Entropy at center bond b=45 = 1.059229412907
    Eigs at center bond b=45: 0.5088 0.4053 0.0312 0.0287 0.0097 0.0060 0.0046 0.0031 
    Largest link dim during sweep 10/87 was 40
    Largest truncation error: 1.94151e-06
    Energy after sweep 10/87 is -45.003452934906
    Sweep 10/87 CPU time = 5.097s (Wall time = 0.652s)

    vN Entropy at center bond b=45 = 1.059400386480
    Eigs at center bond b=45: 0.5088 0.4052 0.0313 0.0287 0.0097 0.0060 0.0046 0.0031 
    Largest link dim during sweep 11/87 was 40
    Largest truncation error: 1.94738e-06
    Energy after sweep 11/87 is -45.003455050083
    Sweep 11/87 CPU time = 5.101s (Wall time = 0.657s)

    vN Entropy at center bond b=45 = 1.059444886991
    Eigs at center bond b=45: 0.5089 0.4052 0.0313 0.0287 0.0097 0.0060 0.0046 0.0031 
    Largest link dim during sweep 12/87 was 40
    Largest truncation error: 1.94822e-06
    Energy after sweep 12/87 is -45.003457153032
    Sweep 12/87 CPU time = 5.177s (Wall time = 0.666s)

    vN Entropy at center bond b=45 = 1.059454564949
    Eigs at center bond b=45: 0.5089 0.4052 0.0313 0.0287 0.0097 0.0060 0.0046 0.0031 
    Largest link dim during sweep 13/87 was 40
    Largest truncation error: 1.94835e-06
    Energy after sweep 13/87 is -45.003457353007
    Sweep 13/87 CPU time = 5.204s (Wall time = 0.663s)

    vN Entropy at center bond b=45 = 1.059456751859
    Eigs at center bond b=45: 0.5089 0.4052 0.0313 0.0287 0.0097 0.0060 0.0046 0.0031 
    Largest link dim during sweep 14/87 was 40
    Largest truncation error: 1.94841e-06
    Energy after sweep 14/87 is -45.003457416912
    Sweep 14/87 CPU time = 5.152s (Wall time = 0.662s)

    vN Entropy at center bond b=45 = 1.062006244708
    Eigs at center bond b=45: 0.5085 0.4050 0.0314 0.0288 0.0098 0.0061 0.0046 0.0031 
    Largest link dim during sweep 15/87 was 52
    Largest truncation error: 7.82564e-07
    Energy after sweep 15/87 is -45.003822938810
    Sweep 15/87 CPU time = 6.131s (Wall time = 0.788s)

    vN Entropy at center bond b=45 = 1.063596267976
    Eigs at center bond b=45: 0.5082 0.4049 0.0315 0.0289 0.0099 0.0062 0.0046 0.0031 
    Largest link dim during sweep 16/87 was 53
    Largest truncation error: 7.82631e-07
    Energy after sweep 16/87 is -45.003845791512
    Sweep 16/87 CPU time = 6.663s (Wall time = 0.857s)

    vN Entropy at center bond b=45 = 1.063848156106
    Eigs at center bond b=45: 0.5082 0.4049 0.0315 0.0290 0.0099 0.0062 0.0046 0.0031 
    Largest link dim during sweep 17/87 was 53
    Largest truncation error: 7.8263e-07
    Energy after sweep 17/87 is -45.003851274530
    Sweep 17/87 CPU time = 6.693s (Wall time = 0.855s)

    vN Entropy at center bond b=45 = 1.063914333915
    Eigs at center bond b=45: 0.5082 0.4048 0.0315 0.0290 0.0099 0.0062 0.0046 0.0031 
    Largest link dim during sweep 18/87 was 53
    Largest truncation error: 7.8263e-07
    Energy after sweep 18/87 is -45.003853095725
    Sweep 18/87 CPU time = 6.689s (Wall time = 0.856s)

    vN Entropy at center bond b=45 = 1.063936539520
    Eigs at center bond b=45: 0.5082 0.4048 0.0315 0.0290 0.0099 0.0062 0.0046 0.0031 
    Largest link dim during sweep 19/87 was 53
    Largest truncation error: 7.82631e-07
    Energy after sweep 19/87 is -45.003853070762
    Sweep 19/87 CPU time = 6.737s (Wall time = 0.860s)

    vN Entropy at center bond b=45 = 1.063938794146
    Eigs at center bond b=45: 0.5082 0.4048 0.0315 0.0290 0.0099 0.0062 0.0046 0.0031 
    Largest link dim during sweep 20/87 was 53
    Largest truncation error: 7.82634e-07
    Energy after sweep 20/87 is -45.003853021396
    Sweep 20/87 CPU time = 6.694s (Wall time = 0.857s)

    vN Entropy at center bond b=45 = 1.063939378338
    Eigs at center bond b=45: 0.5082 0.4048 0.0315 0.0290 0.0099 0.0062 0.0046 0.0031 
    Largest link dim during sweep 21/87 was 53
    Largest truncation error: 7.82634e-07
    Energy after sweep 21/87 is -45.003853076625
    Sweep 21/87 CPU time = 6.702s (Wall time = 0.861s)

    vN Entropy at center bond b=45 = 1.063939741530
    Eigs at center bond b=45: 0.5082 0.4048 0.0315 0.0290 0.0099 0.0062 0.0046 0.0031 
    Largest link dim during sweep 22/87 was 53
    Largest truncation error: 7.82634e-07
    Energy after sweep 22/87 is -45.003853221338
    Sweep 22/87 CPU time = 6.619s (Wall time = 0.849s)

    vN Entropy at center bond b=45 = 1.063940020280
    Eigs at center bond b=45: 0.5082 0.4048 0.0315 0.0290 0.0099 0.0062 0.0046 0.0031 
    Largest link dim during sweep 23/87 was 53
    Largest truncation error: 7.82634e-07
    Energy after sweep 23/87 is -45.003853331175
    Sweep 23/87 CPU time = 6.559s (Wall time = 0.843s)

    vN Entropy at center bond b=45 = 1.063940217172
    Eigs at center bond b=45: 0.5082 0.4048 0.0315 0.0290 0.0099 0.0062 0.0046 0.0031 
    Largest link dim during sweep 24/87 was 53
    Largest truncation error: 7.82634e-07
    Energy after sweep 24/87 is -45.003853370464
    Sweep 24/87 CPU time = 6.601s (Wall time = 0.851s)

    vN Entropy at center bond b=45 = 1.063940379562
    Eigs at center bond b=45: 0.5082 0.4048 0.0315 0.0290 0.0099 0.0062 0.0046 0.0031 
    Largest link dim during sweep 25/87 was 53
    Largest truncation error: 7.82634e-07
    Energy after sweep 25/87 is -45.003853381389
    Sweep 25/87 CPU time = 6.600s (Wall time = 0.845s)

    vN Entropy at center bond b=45 = 1.063940549171
    Eigs at center bond b=45: 0.5082 0.4048 0.0315 0.0290 0.0099 0.0062 0.0046 0.0031 
    Largest link dim during sweep 26/87 was 53
    Largest truncation error: 7.82635e-07
    Energy after sweep 26/87 is -45.003853384931
    Sweep 26/87 CPU time = 6.603s (Wall time = 0.845s)

    vN Entropy at center bond b=45 = 1.063940746561
    Eigs at center bond b=45: 0.5082 0.4048 0.0315 0.0290 0.0099 0.0062 0.0046 0.0031 
    Largest link dim during sweep 27/87 was 53
    Largest truncation error: 7.82635e-07
    Energy after sweep 27/87 is -45.003853386976
    Sweep 27/87 CPU time = 6.566s (Wall time = 0.842s)

    vN Entropy at center bond b=45 = 1.063940974286
    Eigs at center bond b=45: 0.5082 0.4048 0.0315 0.0290 0.0099 0.0062 0.0046 0.0031 
    Largest link dim during sweep 28/87 was 53
    Largest truncation error: 7.82635e-07
    Energy after sweep 28/87 is -45.003853388958
    Sweep 28/87 CPU time = 6.619s (Wall time = 0.846s)

    vN Entropy at center bond b=45 = 1.063941220427
    Eigs at center bond b=45: 0.5082 0.4048 0.0315 0.0290 0.0099 0.0062 0.0046 0.0031 
    Largest link dim during sweep 29/87 was 53
    Largest truncation error: 7.82635e-07
    Energy after sweep 29/87 is -45.003853391133
    Sweep 29/87 CPU time = 6.615s (Wall time = 0.852s)

    vN Entropy at center bond b=45 = 1.063941464072
    Eigs at center bond b=45: 0.5082 0.4048 0.0315 0.0290 0.0099 0.0062 0.0046 0.0031 
    Largest link dim during sweep 30/87 was 53
    Largest truncation error: 7.82635e-07
    Energy after sweep 30/87 is -45.003853393407
    Sweep 30/87 CPU time = 6.629s (Wall time = 0.845s)

    vN Entropy at center bond b=45 = 1.063941682699
    Eigs at center bond b=45: 0.5082 0.4048 0.0315 0.0290 0.0099 0.0062 0.0046 0.0031 
    Largest link dim during sweep 31/87 was 53
    Largest truncation error: 7.82635e-07
    Energy after sweep 31/87 is -45.003853395597
    Sweep 31/87 CPU time = 6.610s (Wall time = 0.845s)

    vN Entropy at center bond b=45 = 1.063945560198
    Eigs at center bond b=45: 0.5082 0.4048 0.0315 0.0290 0.0099 0.0062 0.0046 0.0031 
    Largest link dim during sweep 32/87 was 53
    Largest truncation error: 7.82635e-07
    Energy after sweep 32/87 is -45.003853628593
    Sweep 32/87 CPU time = 6.603s (Wall time = 0.844s)

    vN Entropy at center bond b=45 = 1.063947631340
    Eigs at center bond b=45: 0.5082 0.4048 0.0315 0.0290 0.0099 0.0062 0.0046 0.0031 
    Largest link dim during sweep 33/87 was 53
    Largest truncation error: 7.82635e-07
    Energy after sweep 33/87 is -45.003853642777
    Sweep 33/87 CPU time = 6.631s (Wall time = 0.852s)

    vN Entropy at center bond b=45 = 1.063948375796
    Eigs at center bond b=45: 0.5082 0.4048 0.0315 0.0290 0.0099 0.0062 0.0046 0.0031 
    Largest link dim during sweep 34/87 was 53
    Largest truncation error: 7.82635e-07
    Energy after sweep 34/87 is -45.003853655435
    Sweep 34/87 CPU time = 6.597s (Wall time = 0.848s)

    vN Entropy at center bond b=45 = 1.063948715324
    Eigs at center bond b=45: 0.5082 0.4048 0.0315 0.0290 0.0099 0.0062 0.0046 0.0031 
    Largest link dim during sweep 35/87 was 53
    Largest truncation error: 7.82635e-07
    Energy after sweep 35/87 is -45.003853668315
    Sweep 35/87 CPU time = 6.628s (Wall time = 0.847s)

    vN Entropy at center bond b=45 = 1.063948242737
    Eigs at center bond b=45: 0.5082 0.4048 0.0315 0.0290 0.0099 0.0062 0.0046 0.0031 
    Largest link dim during sweep 36/87 was 53
    Largest truncation error: 7.82635e-07
    Energy after sweep 36/87 is -45.003853686312
    Sweep 36/87 CPU time = 6.596s (Wall time = 0.845s)

    vN Entropy at center bond b=45 = 1.069497357882
    Eigs at center bond b=45: 0.5073 0.4044 0.0318 0.0293 0.0102 0.0063 0.0046 0.0031 
    Largest link dim during sweep 37/87 was 117
    Largest truncation error: 8.3139e-09
    Energy after sweep 37/87 is -45.004334334868
    Sweep 37/87 CPU time = 21.50s (Wall time = 2.764s)

    vN Entropy at center bond b=45 = 1.070652536967
    Eigs at center bond b=45: 0.5072 0.4043 0.0318 0.0293 0.0102 0.0064 0.0046 0.0031 
    Largest link dim during sweep 38/87 was 128
    Largest truncation error: 8.39388e-09
    Energy after sweep 38/87 is -45.004338626064
    Sweep 38/87 CPU time = 37.54s (Wall time = 4.850s)

    vN Entropy at center bond b=45 = 1.070688376194
    Eigs at center bond b=45: 0.5072 0.4043 0.0318 0.0293 0.0102 0.0064 0.0046 0.0031 
    Largest link dim during sweep 39/87 was 129
    Largest truncation error: 8.39907e-09
    Energy after sweep 39/87 is -45.004338851135
    Sweep 39/87 CPU time = 39.31s (Wall time = 5.036s)

    vN Entropy at center bond b=45 = 1.070691220515
    Eigs at center bond b=45: 0.5072 0.4043 0.0318 0.0293 0.0102 0.0064 0.0046 0.0031 
    Largest link dim during sweep 40/87 was 129
    Largest truncation error: 8.39957e-09
    Energy after sweep 40/87 is -45.004338876264
    Sweep 40/87 CPU time = 39.32s (Wall time = 5.038s)

    vN Entropy at center bond b=45 = 1.070691517966
    Eigs at center bond b=45: 0.5072 0.4043 0.0318 0.0293 0.0102 0.0064 0.0046 0.0031 
    Largest link dim during sweep 41/87 was 129
    Largest truncation error: 8.39964e-09
    Energy after sweep 41/87 is -45.004338885205
    Sweep 41/87 CPU time = 40.07s (Wall time = 5.136s)

    vN Entropy at center bond b=45 = 1.070691622618
    Eigs at center bond b=45: 0.5072 0.4043 0.0318 0.0293 0.0102 0.0064 0.0046 0.0031 
    Largest link dim during sweep 42/87 was 129
    Largest truncation error: 8.39965e-09
    Energy after sweep 42/87 is -45.004338884181
    Sweep 42/87 CPU time = 39.21s (Wall time = 5.032s)

    vN Entropy at center bond b=45 = 1.070691652937
    Eigs at center bond b=45: 0.5072 0.4043 0.0318 0.0293 0.0102 0.0064 0.0046 0.0031 
    Largest link dim during sweep 43/87 was 129
    Largest truncation error: 8.39965e-09
    Energy after sweep 43/87 is -45.004338884362
    Sweep 43/87 CPU time = 40.38s (Wall time = 5.182s)

    vN Entropy at center bond b=45 = 1.070691785038
    Eigs at center bond b=45: 0.5072 0.4043 0.0318 0.0293 0.0102 0.0064 0.0046 0.0031 
    Largest link dim during sweep 44/87 was 129
    Largest truncation error: 8.39965e-09
    Energy after sweep 44/87 is -45.004338884494
    Sweep 44/87 CPU time = 43.85s (Wall time = 5.620s)

    vN Entropy at center bond b=45 = 1.070691789566
    Eigs at center bond b=45: 0.5072 0.4043 0.0318 0.0293 0.0102 0.0064 0.0046 0.0031 
    Largest link dim during sweep 45/87 was 129
    Largest truncation error: 8.39965e-09
    Energy after sweep 45/87 is -45.004338884488
    Sweep 45/87 CPU time = 45.27s (Wall time = 5.799s)

    vN Entropy at center bond b=45 = 1.070691788165
    Eigs at center bond b=45: 0.5072 0.4043 0.0318 0.0293 0.0102 0.0064 0.0046 0.0031 
    Largest link dim during sweep 46/87 was 129
    Largest truncation error: 8.39965e-09
    Energy after sweep 46/87 is -45.004338884467
    Sweep 46/87 CPU time = 45.81s (Wall time = 5.869s)

    vN Entropy at center bond b=45 = 1.070691786472
    Eigs at center bond b=45: 0.5072 0.4043 0.0318 0.0293 0.0102 0.0064 0.0046 0.0031 
    Largest link dim during sweep 47/87 was 129
    Largest truncation error: 8.39965e-09
    Energy after sweep 47/87 is -45.004338884445
    Sweep 47/87 CPU time = 45.13s (Wall time = 5.778s)

    vN Entropy at center bond b=45 = 1.070691785428
    Eigs at center bond b=45: 0.5072 0.4043 0.0318 0.0293 0.0102 0.0064 0.0046 0.0031 
    Largest link dim during sweep 48/87 was 129
    Largest truncation error: 8.39965e-09
    Energy after sweep 48/87 is -45.004338884430
    Sweep 48/87 CPU time = 45.05s (Wall time = 5.786s)

    vN Entropy at center bond b=45 = 1.070691785005
    Eigs at center bond b=45: 0.5072 0.4043 0.0318 0.0293 0.0102 0.0064 0.0046 0.0031 
    Largest link dim during sweep 49/87 was 129
    Largest truncation error: 8.39965e-09
    Energy after sweep 49/87 is -45.004338884422
    Sweep 49/87 CPU time = 45.30s (Wall time = 5.806s)

    vN Entropy at center bond b=45 = 1.070691784933
    Eigs at center bond b=45: 0.5072 0.4043 0.0318 0.0293 0.0102 0.0064 0.0046 0.0031 
    Largest link dim during sweep 50/87 was 129
    Largest truncation error: 8.39965e-09
    Energy after sweep 50/87 is -45.004338884418
    Sweep 50/87 CPU time = 45.99s (Wall time = 5.891s)

    vN Entropy at center bond b=45 = 1.070691785020
    Eigs at center bond b=45: 0.5072 0.4043 0.0318 0.0293 0.0102 0.0064 0.0046 0.0031 
    Largest link dim during sweep 51/87 was 129
    Largest truncation error: 8.39965e-09
    Energy after sweep 51/87 is -45.004338887656
    Sweep 51/87 CPU time = 45.54s (Wall time = 5.825s)

    vN Entropy at center bond b=45 = 1.070691797680
    Eigs at center bond b=45: 0.5072 0.4043 0.0318 0.0293 0.0102 0.0064 0.0046 0.0031 
    Largest link dim during sweep 52/87 was 129
    Largest truncation error: 8.39965e-09
    Energy after sweep 52/87 is -45.004338887650
    Sweep 52/87 CPU time = 45.48s (Wall time = 5.830s)

    vN Entropy at center bond b=45 = 1.070691798600
    Eigs at center bond b=45: 0.5072 0.4043 0.0318 0.0293 0.0102 0.0064 0.0046 0.0031 
    Largest link dim during sweep 53/87 was 129
    Largest truncation error: 8.39965e-09
    Energy after sweep 53/87 is -45.004338887648
    Sweep 53/87 CPU time = 46.08s (Wall time = 5.919s)

    vN Entropy at center bond b=45 = 1.070691798919
    Eigs at center bond b=45: 0.5072 0.4043 0.0318 0.0293 0.0102 0.0064 0.0046 0.0031 
    Largest link dim during sweep 54/87 was 129
    Largest truncation error: 8.39965e-09
    Energy after sweep 54/87 is -45.004338887649
    Sweep 54/87 CPU time = 45.25s (Wall time = 5.792s)

    vN Entropy at center bond b=45 = 1.070691799191
    Eigs at center bond b=45: 0.5072 0.4043 0.0318 0.0293 0.0102 0.0064 0.0046 0.0031 
    Largest link dim during sweep 55/87 was 129
    Largest truncation error: 8.39965e-09
    Energy after sweep 55/87 is -45.004338887648
    Sweep 55/87 CPU time = 45.47s (Wall time = 5.820s)

    vN Entropy at center bond b=45 = 1.070691799493
    Eigs at center bond b=45: 0.5072 0.4043 0.0318 0.0293 0.0102 0.0064 0.0046 0.0031 
    Largest link dim during sweep 56/87 was 129
    Largest truncation error: 8.39965e-09
    Energy after sweep 56/87 is -45.004338887646
    Sweep 56/87 CPU time = 46.16s (Wall time = 5.907s)

    vN Entropy at center bond b=45 = 1.070691799859
    Eigs at center bond b=45: 0.5072 0.4043 0.0318 0.0293 0.0102 0.0064 0.0046 0.0031 
    Largest link dim during sweep 57/87 was 129
    Largest truncation error: 8.39965e-09
    Energy after sweep 57/87 is -45.004338887643
    Sweep 57/87 CPU time = 45.52s (Wall time = 5.832s)

    vN Entropy at center bond b=45 = 1.070691800304
    Eigs at center bond b=45: 0.5072 0.4043 0.0318 0.0293 0.0102 0.0064 0.0046 0.0031 
    Largest link dim during sweep 58/87 was 129
    Largest truncation error: 8.39965e-09
    Energy after sweep 58/87 is -45.004338887639
    Sweep 58/87 CPU time = 45.58s (Wall time = 5.836s)

    vN Entropy at center bond b=45 = 1.070794416213
    Eigs at center bond b=45: 0.5072 0.4042 0.0318 0.0293 0.0102 0.0064 0.0046 0.0031 
    Largest link dim during sweep 59/87 was 253
    Largest truncation error: 7.63744e-11
    Energy after sweep 59/87 is -45.004344056031
    Sweep 59/87 CPU time = 2m, 17.1s (Wall time = 18.60s)

    vN Entropy at center bond b=45 = 1.070804691174
    Eigs at center bond b=45: 0.5072 0.4042 0.0318 0.0293 0.0102 0.0064 0.0046 0.0031 
    Largest link dim during sweep 60/87 was 265
    Largest truncation error: 7.4335e-11
    Energy after sweep 60/87 is -45.004344076661
    Sweep 60/87 CPU time = 3m, 39.5s (Wall time = 28.71s)

    vN Entropy at center bond b=45 = 1.070804894662
    Eigs at center bond b=45: 0.5072 0.4042 0.0318 0.0293 0.0102 0.0064 0.0046 0.0031 
    Largest link dim during sweep 61/87 was 265
    Largest truncation error: 7.38708e-11
    Energy after sweep 61/87 is -45.004344077456
    Sweep 61/87 CPU time = 3m, 39.7s (Wall time = 28.54s)

    vN Entropy at center bond b=45 = 1.070804904710
    Eigs at center bond b=45: 0.5072 0.4042 0.0318 0.0293 0.0102 0.0064 0.0046 0.0031 
    Largest link dim during sweep 62/87 was 265
    Largest truncation error: 7.38808e-11
    Energy after sweep 62/87 is -45.004344077492
    Sweep 62/87 CPU time = 3m, 42.7s (Wall time = 29.45s)

    vN Entropy at center bond b=45 = 1.070804905420
    Eigs at center bond b=45: 0.5072 0.4042 0.0318 0.0293 0.0102 0.0064 0.0046 0.0031 
    Largest link dim during sweep 63/87 was 265
    Largest truncation error: 7.38814e-11
    Energy after sweep 63/87 is -45.004344077492
    Sweep 63/87 CPU time = 3m, 43.8s (Wall time = 30.11s)

    vN Entropy at center bond b=45 = 1.070804905526
    Eigs at center bond b=45: 0.5072 0.4042 0.0318 0.0293 0.0102 0.0064 0.0046 0.0031 
    Largest link dim during sweep 64/87 was 265
    Largest truncation error: 7.38816e-11
    Energy after sweep 64/87 is -45.004344077492
    Sweep 64/87 CPU time = 3m, 42.1s (Wall time = 29.19s)

    vN Entropy at center bond b=45 = 1.070804905554
    Eigs at center bond b=45: 0.5072 0.4042 0.0318 0.0293 0.0102 0.0064 0.0046 0.0031 
    Largest link dim during sweep 65/87 was 265
    Largest truncation error: 7.38813e-11
    Energy after sweep 65/87 is -45.004344077492
    Sweep 65/87 CPU time = 3m, 43.9s (Wall time = 29.68s)

    vN Entropy at center bond b=45 = 1.070804905580
    Eigs at center bond b=45: 0.5072 0.4042 0.0318 0.0293 0.0102 0.0064 0.0046 0.0031 
    Largest link dim during sweep 66/87 was 265
    Largest truncation error: 7.38815e-11
    Energy after sweep 66/87 is -45.004344077492
    Sweep 66/87 CPU time = 3m, 43.1s (Wall time = 29.92s)

    vN Entropy at center bond b=45 = 1.070804905611
    Eigs at center bond b=45: 0.5072 0.4042 0.0318 0.0293 0.0102 0.0064 0.0046 0.0031 
    Largest link dim during sweep 67/87 was 265
    Largest truncation error: 7.38812e-11
    Energy after sweep 67/87 is -45.004344077492
    Sweep 67/87 CPU time = 3m, 41.6s (Wall time = 29.20s)

    vN Entropy at center bond b=45 = 1.070804905627
    Eigs at center bond b=45: 0.5072 0.4042 0.0318 0.0293 0.0102 0.0064 0.0046 0.0031 
    Largest link dim during sweep 68/87 was 265
    Largest truncation error: 7.38815e-11
    Energy after sweep 68/87 is -45.004344077492
    Sweep 68/87 CPU time = 3m, 39.4s (Wall time = 28.54s)

    vN Entropy at center bond b=45 = 1.070804905633
    Eigs at center bond b=45: 0.5072 0.4042 0.0318 0.0293 0.0102 0.0064 0.0046 0.0031 
    Largest link dim during sweep 69/87 was 265
    Largest truncation error: 7.38815e-11
    Energy after sweep 69/87 is -45.004344077492
    Sweep 69/87 CPU time = 3m, 42.7s (Wall time = 30.01s)

    vN Entropy at center bond b=45 = 1.070804905636
    Eigs at center bond b=45: 0.5072 0.4042 0.0318 0.0293 0.0102 0.0064 0.0046 0.0031 
    Largest link dim during sweep 70/87 was 265
    Largest truncation error: 7.38814e-11
    Energy after sweep 70/87 is -45.004344077492
    Sweep 70/87 CPU time = 3m, 47.4s (Wall time = 30.57s)

    vN Entropy at center bond b=45 = 1.070804905638
    Eigs at center bond b=45: 0.5072 0.4042 0.0318 0.0293 0.0102 0.0064 0.0046 0.0031 
    Largest link dim during sweep 71/87 was 265
    Largest truncation error: 7.38816e-11
    Energy after sweep 71/87 is -45.004344077492
    Sweep 71/87 CPU time = 3m, 46.5s (Wall time = 30.02s)

    vN Entropy at center bond b=45 = 1.070804905643
    Eigs at center bond b=45: 0.5072 0.4042 0.0318 0.0293 0.0102 0.0064 0.0046 0.0031 
    Largest link dim during sweep 72/87 was 265
    Largest truncation error: 7.38814e-11
    Energy after sweep 72/87 is -45.004344077493
    Sweep 72/87 CPU time = 3m, 43.9s (Wall time = 29.61s)

    vN Entropy at center bond b=45 = 1.070804905652
    Eigs at center bond b=45: 0.5072 0.4042 0.0318 0.0293 0.0102 0.0064 0.0046 0.0031 
    Largest link dim during sweep 73/87 was 265
    Largest truncation error: 7.38814e-11
    Energy after sweep 73/87 is -45.004344077493
    Sweep 73/87 CPU time = 3m, 47.3s (Wall time = 30.57s)

    vN Entropy at center bond b=45 = 1.070804905666
    Eigs at center bond b=45: 0.5072 0.4042 0.0318 0.0293 0.0102 0.0064 0.0046 0.0031 
    Largest link dim during sweep 74/87 was 265
    Largest truncation error: 7.38813e-11
    Energy after sweep 74/87 is -45.004344077494
    Sweep 74/87 CPU time = 3m, 47.7s (Wall time = 30.22s)

    vN Entropy at center bond b=45 = 1.070805486511
    Eigs at center bond b=45: 0.5072 0.4042 0.0318 0.0293 0.0102 0.0064 0.0046 0.0031 
    Largest link dim during sweep 75/87 was 481
    Largest truncation error: 7.60218e-13
    Energy after sweep 75/87 is -45.004344135785
    Sweep 75/87 CPU time = 7m, 24.3s (Wall time = 1m, 0.1s)

    vN Entropy at center bond b=45 = 1.070805730816
    Eigs at center bond b=45: 0.5072 0.4042 0.0318 0.0293 0.0102 0.0064 0.0046 0.0031 
    Largest link dim during sweep 76/87 was 493
    Largest truncation error: 7.71059e-13
    Energy after sweep 76/87 is -45.004344135939
    Sweep 76/87 CPU time = 10m, 27s (Wall time = 1m, 23.6s)

    vN Entropy at center bond b=45 = 1.070805736632
    Eigs at center bond b=45: 0.5072 0.4042 0.0318 0.0293 0.0102 0.0064 0.0046 0.0031 
    Largest link dim during sweep 77/87 was 494
    Largest truncation error: 7.70721e-13
    Energy after sweep 77/87 is -45.004344135945
    Sweep 77/87 CPU time = 10m, 32s (Wall time = 1m, 25.2s)

    vN Entropy at center bond b=45 = 1.070805737098
    Eigs at center bond b=45: 0.5072 0.4042 0.0318 0.0293 0.0102 0.0064 0.0046 0.0031 
    Largest link dim during sweep 78/87 was 494
    Largest truncation error: 7.7081e-13
    Energy after sweep 78/87 is -45.004344135947
    Sweep 78/87 CPU time = 10m, 30s (Wall time = 1m, 25.4s)

    vN Entropy at center bond b=45 = 1.070805737139
    Eigs at center bond b=45: 0.5072 0.4042 0.0318 0.0293 0.0102 0.0064 0.0046 0.0031 
    Largest link dim during sweep 79/87 was 494
    Largest truncation error: 7.70851e-13
    Energy after sweep 79/87 is -45.004344135946
    Sweep 79/87 CPU time = 10m, 31s (Wall time = 1m, 25.7s)

    vN Entropy at center bond b=45 = 1.070805737145
    Eigs at center bond b=45: 0.5072 0.4042 0.0318 0.0293 0.0102 0.0064 0.0046 0.0031 
    Largest link dim during sweep 80/87 was 494
    Largest truncation error: 7.70752e-13
    Energy after sweep 80/87 is -45.004344135946
    Sweep 80/87 CPU time = 10m, 31s (Wall time = 1m, 25.5s)

    vN Entropy at center bond b=45 = 1.070805737147
    Eigs at center bond b=45: 0.5072 0.4042 0.0318 0.0293 0.0102 0.0064 0.0046 0.0031 
    Largest link dim during sweep 81/87 was 494
    Largest truncation error: 7.70798e-13
    Energy after sweep 81/87 is -45.004344135946
    Sweep 81/87 CPU time = 10m, 31s (Wall time = 1m, 25.4s)

    vN Entropy at center bond b=45 = 1.070805737147
    Eigs at center bond b=45: 0.5072 0.4042 0.0318 0.0293 0.0102 0.0064 0.0046 0.0031 
    Largest link dim during sweep 82/87 was 494
    Largest truncation error: 7.70729e-13
    Energy after sweep 82/87 is -45.004344135947
    Sweep 82/87 CPU time = 10m, 29s (Wall time = 1m, 25.1s)

    vN Entropy at center bond b=45 = 1.070805616052
    Eigs at center bond b=45: 0.5072 0.4042 0.0318 0.0293 0.0102 0.0064 0.0046 0.0031 
    Largest link dim during sweep 83/87 was 462
    Largest truncation error: 7.37964e-13
    Energy after sweep 83/87 is -45.004344135764
    Sweep 83/87 CPU time = 7m, 47.9s (Wall time = 1m, 2.6s)

    vN Entropy at center bond b=45 = 1.070805641341
    Eigs at center bond b=45: 0.5072 0.4042 0.0318 0.0293 0.0102 0.0064 0.0046 0.0031 
    Largest link dim during sweep 84/87 was 804
    Largest truncation error: 7.90015e-15
    Energy after sweep 84/87 is -45.004344136608
    Sweep 84/87 CPU time = 20m, 23s (Wall time = 2m, 44.6s)

    vN Entropy at center bond b=45 = 1.070805645286
    Eigs at center bond b=45: 0.5072 0.4042 0.0318 0.0293 0.0102 0.0064 0.0046 0.0031 
    Largest link dim during sweep 85/87 was 822
    Largest truncation error: 7.61174e-15
    Energy after sweep 85/87 is -45.004344136610
    Sweep 85/87 CPU time = 31m, 6s (Wall time = 4m, 21.3s)

    vN Entropy at center bond b=45 = 1.070805645401
    Eigs at center bond b=45: 0.5072 0.4042 0.0318 0.0293 0.0102 0.0064 0.0046 0.0031 
    Largest link dim during sweep 86/87 was 823
    Largest truncation error: 7.60637e-15
    Energy after sweep 86/87 is -45.004344136610
    Sweep 86/87 CPU time = 30m, 53s (Wall time = 4m, 20.8s)

    vN Entropy at center bond b=45 = 1.070805645409
    Eigs at center bond b=45: 0.5072 0.4042 0.0318 0.0293 0.0102 0.0064 0.0046 0.0031 
    Largest link dim during sweep 87/87 was 823
    Largest truncation error: 7.60641e-15
    Energy after sweep 87/87 is -45.004344136610
    Sweep 87/87 CPU time = 31m, 6s (Wall time = 4m, 24.0s)
Initial energy = 130.50000

Ground State Energy = -45.0043441366
run_outputs/outputpsi/N_90_sweep_87_t_0.030000_J_1.000000_V_0.600000_D_0.018000_U_1.500000_mu_0.000000_E_0.000000 converge
Wall-clock time (s) = 3644.875472
