//////////////////////////
Reading input file ......

Got input.N = 150
Got input.t = 0.03
Got input.J = 1
Got input.V = 0.6
Got input.D = 0.018
Got input.U = 1.24
Got input.mu = 0
Got input.E = 0
Got input.nsweeps = 87
Sweeps:
1  MaxDim=20, MinDim=20, Cutoff=1.0E-06, Niter=8, Noise=1.0E-05
2  MaxDim=20, MinDim=20, Cutoff=1.0E-06, Niter=8, Noise=1.0E-05
3  MaxDim=20, MinDim=20, Cutoff=1.0E-06, Niter=8, Noise=1.0E-05
4  MaxDim=20, MinDim=20, Cutoff=1.0E-06, Niter=8, Noise=1.0E-05
5  MaxDim=20, MinDim=20, Cutoff=1.0E-06, Niter=8, Noise=1.0E-05
6  MaxDim=20, MinDim=20, Cutoff=1.0E-06, Niter=8, Noise=1.0E-05
7  MaxDim=20, MinDim=20, Cutoff=1.0E-06, Niter=8, Noise=1.0E-05
8  MaxDim=40, MinDim=20, Cutoff=1.0E-06, Niter=4, Noise=1.0E-05
9  MaxDim=40, MinDim=20, Cutoff=1.0E-06, Niter=4, Noise=1.0E-05
10  MaxDim=40, MinDim=20, Cutoff=1.0E-06, Niter=4, Noise=1.0E-05
11  MaxDim=40, MinDim=20, Cutoff=1.0E-06, Niter=4, Noise=1.0E-05
12  MaxDim=40, MinDim=20, Cutoff=1.0E-06, Niter=4, Noise=1.0E-05
13  MaxDim=40, MinDim=20, Cutoff=1.0E-06, Niter=4, Noise=1.0E-05
14  MaxDim=40, MinDim=20, Cutoff=1.0E-06, Niter=4, Noise=1.0E-05
15  MaxDim=80, MinDim=10, Cutoff=1.0E-06, Niter=4, Noise=1.0E-05
16  MaxDim=80, MinDim=10, Cutoff=1.0E-06, Niter=4, Noise=1.0E-05
17  MaxDim=80, MinDim=10, Cutoff=1.0E-06, Niter=4, Noise=1.0E-05
18  MaxDim=80, MinDim=10, Cutoff=1.0E-06, Niter=4, Noise=1.0E-05
19  MaxDim=80, MinDim=10, Cutoff=1.0E-06, Niter=4, Noise=1.0E-05
20  MaxDim=80, MinDim=10, Cutoff=1.0E-06, Niter=4, Noise=1.0E-05
21  MaxDim=80, MinDim=10, Cutoff=1.0E-06, Niter=4, Noise=1.0E-05
22  MaxDim=80, MinDim=10, Cutoff=1.0E-06, Niter=4, Noise=1.0E-05
23  MaxDim=80, MinDim=10, Cutoff=1.0E-06, Niter=4, Noise=1.0E-05
24  MaxDim=80, MinDim=10, Cutoff=1.0E-06, Niter=4, Noise=1.0E-05
25  MaxDim=80, MinDim=10, Cutoff=1.0E-06, Niter=4, Noise=1.0E-05
26  MaxDim=80, MinDim=10, Cutoff=1.0E-06, Niter=4, Noise=1.0E-05
27  MaxDim=80, MinDim=10, Cutoff=1.0E-06, Niter=4, Noise=1.0E-05
28  MaxDim=80, MinDim=10, Cutoff=1.0E-06, Niter=4, Noise=1.0E-05
29  MaxDim=80, MinDim=10, Cutoff=1.0E-06, Niter=4, Noise=1.0E-05
30  MaxDim=80, MinDim=10, Cutoff=1.0E-06, Niter=4, Noise=1.0E-05
31  MaxDim=80, MinDim=10, Cutoff=1.0E-06, Niter=4, Noise=1.0E-05
32  MaxDim=80, MinDim=10, Cutoff=1.0E-06, Niter=4, Noise=1.0E-05
33  MaxDim=80, MinDim=10, Cutoff=1.0E-06, Niter=4, Noise=1.0E-05
34  MaxDim=80, MinDim=10, Cutoff=1.0E-06, Niter=4, Noise=1.0E-05
35  MaxDim=80, MinDim=10, Cutoff=1.0E-06, Niter=4, Noise=1.0E-05
36  MaxDim=80, MinDim=10, Cutoff=1.0E-06, Niter=4, Noise=1.0E-05
37  MaxDim=160, MinDim=10, Cutoff=1.0E-08, Niter=4, Noise=1.0E-06
38  MaxDim=160, MinDim=10, Cutoff=1.0E-08, Niter=4, Noise=1.0E-06
39  MaxDim=160, MinDim=10, Cutoff=1.0E-08, Niter=4, Noise=1.0E-06
40  MaxDim=160, MinDim=10, Cutoff=1.0E-08, Niter=4, Noise=1.0E-06
41  MaxDim=160, MinDim=10, Cutoff=1.0E-08, Niter=4, Noise=1.0E-06
42  MaxDim=160, MinDim=10, Cutoff=1.0E-08, Niter=4, Noise=1.0E-06
43  MaxDim=160, MinDim=10, Cutoff=1.0E-08, Niter=4, Noise=1.0E-06
44  MaxDim=160, MinDim=10, Cutoff=1.0E-08, Niter=4, Noise=1.0E-06
45  MaxDim=160, MinDim=10, Cutoff=1.0E-08, Niter=4, Noise=1.0E-06
46  MaxDim=160, MinDim=10, Cutoff=1.0E-08, Niter=4, Noise=1.0E-06
47  MaxDim=160, MinDim=10, Cutoff=1.0E-08, Niter=4, Noise=1.0E-06
48  MaxDim=160, MinDim=10, Cutoff=1.0E-08, Niter=4, Noise=1.0E-06
49  MaxDim=160, MinDim=10, Cutoff=1.0E-08, Niter=4, Noise=1.0E-06
50  MaxDim=160, MinDim=10, Cutoff=1.0E-08, Niter=4, Noise=1.0E-06
51  MaxDim=160, MinDim=10, Cutoff=1.0E-08, Niter=4, Noise=1.0E-06
52  MaxDim=160, MinDim=10, Cutoff=1.0E-08, Niter=4, Noise=1.0E-06
53  MaxDim=160, MinDim=10, Cutoff=1.0E-08, Niter=4, Noise=1.0E-06
54  MaxDim=160, MinDim=10, Cutoff=1.0E-08, Niter=4, Noise=1.0E-06
55  MaxDim=160, MinDim=10, Cutoff=1.0E-08, Niter=4, Noise=1.0E-06
56  MaxDim=160, MinDim=10, Cutoff=1.0E-08, Niter=4, Noise=1.0E-06
57  MaxDim=160, MinDim=10, Cutoff=1.0E-08, Niter=4, Noise=1.0E-06
58  MaxDim=160, MinDim=10, Cutoff=1.0E-08, Niter=4, Noise=1.0E-06
59  MaxDim=320, MinDim=10, Cutoff=1.0E-10, Niter=4, Noise=1.0E-07
60  MaxDim=320, MinDim=10, Cutoff=1.0E-10, Niter=4, Noise=1.0E-07
61  MaxDim=320, MinDim=10, Cutoff=1.0E-10, Niter=4, Noise=1.0E-07
62  MaxDim=320, MinDim=10, Cutoff=1.0E-10, Niter=4, Noise=1.0E-07
63  MaxDim=320, MinDim=10, Cutoff=1.0E-10, Niter=4, Noise=1.0E-07
64  MaxDim=320, MinDim=10, Cutoff=1.0E-10, Niter=4, Noise=1.0E-07
65  MaxDim=320, MinDim=10, Cutoff=1.0E-10, Niter=4, Noise=1.0E-07
66  MaxDim=320, MinDim=10, Cutoff=1.0E-10, Niter=4, Noise=1.0E-07
67  MaxDim=320, MinDim=10, Cutoff=1.0E-10, Niter=4, Noise=1.0E-07
68  MaxDim=320, MinDim=10, Cutoff=1.0E-10, Niter=4, Noise=1.0E-07
69  MaxDim=320, MinDim=10, Cutoff=1.0E-10, Niter=4, Noise=1.0E-07
70  MaxDim=320, MinDim=10, Cutoff=1.0E-10, Niter=4, Noise=1.0E-07
71  MaxDim=320, MinDim=10, Cutoff=1.0E-10, Niter=4, Noise=1.0E-07
72  MaxDim=320, MinDim=10, Cutoff=1.0E-10, Niter=4, Noise=1.0E-07
73  MaxDim=320, MinDim=10, Cutoff=1.0E-10, Niter=4, Noise=1.0E-07
74  MaxDim=320, MinDim=10, Cutoff=1.0E-10, Niter=4, Noise=1.0E-07
75  MaxDim=640, MinDim=10, Cutoff=1.0E-12, Niter=2, Noise=1.0E-08
76  MaxDim=640, MinDim=10, Cutoff=1.0E-12, Niter=2, Noise=1.0E-08
77  MaxDim=640, MinDim=10, Cutoff=1.0E-12, Niter=2, Noise=1.0E-08
78  MaxDim=640, MinDim=10, Cutoff=1.0E-12, Niter=2, Noise=1.0E-08
79  MaxDim=640, MinDim=10, Cutoff=1.0E-12, Niter=2, Noise=1.0E-08
80  MaxDim=640, MinDim=10, Cutoff=1.0E-12, Niter=2, Noise=1.0E-08
81  MaxDim=640, MinDim=10, Cutoff=1.0E-12, Niter=2, Noise=1.0E-08
82  MaxDim=640, MinDim=10, Cutoff=1.0E-12, Niter=2, Noise=1.0E-08
83  MaxDim=1280, MinDim=10, Cutoff=1.0E-12, Niter=2, Noise=0.0E+00
84  MaxDim=1280, MinDim=10, Cutoff=1.0E-14, Niter=2, Noise=0.0E+00
85  MaxDim=1280, MinDim=10, Cutoff=1.0E-14, Niter=2, Noise=0.0E+00
86  MaxDim=1280, MinDim=10, Cutoff=1.0E-14, Niter=2, Noise=0.0E+00
87  MaxDim=1280, MinDim=10, Cutoff=1.0E-14, Niter=2, Noise=0.0E+00


    vN Entropy at center bond b=75 = 0.525539052854
    Eigs at center bond b=75: 0.8408 0.1371 0.0138 0.0056 0.0013 
    Largest link dim during sweep 1/87 was 20
    Largest truncation error: 6.37058e-06
    Energy after sweep 1/87 is -77.336609157875
    Sweep 1/87 CPU time = 4.370s (Wall time = 0.569s)

    vN Entropy at center bond b=75 = 0.688437332908
    Eigs at center bond b=75: 0.7871 0.1645 0.0311 0.0072 0.0049 0.0035 
    Largest link dim during sweep 2/87 was 20
    Largest truncation error: 1.01587e-05
    Energy after sweep 2/87 is -77.368895348183
    Sweep 2/87 CPU time = 6.113s (Wall time = 0.783s)

    vN Entropy at center bond b=75 = 0.713209873640
    Eigs at center bond b=75: 0.7779 0.1699 0.0332 0.0073 0.0056 0.0041 
    Largest link dim during sweep 3/87 was 20
    Largest truncation error: 1.30215e-05
    Energy after sweep 3/87 is -77.369770050210
    Sweep 3/87 CPU time = 6.072s (Wall time = 0.783s)

    vN Entropy at center bond b=75 = 0.718613037579
    Eigs at center bond b=75: 0.7758 0.1711 0.0337 0.0073 0.0057 0.0042 
    Largest link dim during sweep 4/87 was 20
    Largest truncation error: 1.37748e-05
    Energy after sweep 4/87 is -77.369897189397
    Sweep 4/87 CPU time = 6.108s (Wall time = 0.786s)

    vN Entropy at center bond b=75 = 0.720087056974
    Eigs at center bond b=75: 0.7752 0.1715 0.0337 0.0073 0.0058 0.0042 0.0010 
    Largest link dim during sweep 5/87 was 20
    Largest truncation error: 1.42092e-05
    Energy after sweep 5/87 is -77.369926016172
    Sweep 5/87 CPU time = 6.161s (Wall time = 0.791s)

    vN Entropy at center bond b=75 = 0.720548310610
    Eigs at center bond b=75: 0.7750 0.1717 0.0338 0.0073 0.0058 0.0042 0.0010 
    Largest link dim during sweep 6/87 was 20
    Largest truncation error: 1.43403e-05
    Energy after sweep 6/87 is -77.369934196200
    Sweep 6/87 CPU time = 6.124s (Wall time = 0.788s)

    vN Entropy at center bond b=75 = 0.720709959995
    Eigs at center bond b=75: 0.7750 0.1717 0.0338 0.0073 0.0058 0.0042 0.0010 
    Largest link dim during sweep 7/87 was 20
    Largest truncation error: 1.43826e-05
    Energy after sweep 7/87 is -77.369938010679
    Sweep 7/87 CPU time = 6.165s (Wall time = 0.790s)

    vN Entropy at center bond b=75 = 0.785651390327
    Eigs at center bond b=75: 0.7530 0.1822 0.0393 0.0086 0.0075 0.0056 0.0018 
    Largest link dim during sweep 8/87 was 40
    Largest truncation error: 7.68314e-07
    Energy after sweep 8/87 is -77.381634703923
    Sweep 8/87 CPU time = 5.975s (Wall time = 0.769s)

    vN Entropy at center bond b=75 = 0.861669067203
    Eigs at center bond b=75: 0.7275 0.1926 0.0462 0.0116 0.0094 0.0062 0.0028 0.0015 
    Largest link dim during sweep 9/87 was 40
    Largest truncation error: 1.4376e-06
    Energy after sweep 9/87 is -77.382828575511
    Sweep 9/87 CPU time = 8.988s (Wall time = 1.153s)

    vN Entropy at center bond b=75 = 0.879972976993
    Eigs at center bond b=75: 0.7215 0.1948 0.0479 0.0123 0.0101 0.0062 0.0031 0.0017 
    Largest link dim during sweep 10/87 was 40
    Largest truncation error: 1.73572e-06
    Energy after sweep 10/87 is -77.382881889609
    Sweep 10/87 CPU time = 9.066s (Wall time = 1.162s)

    vN Entropy at center bond b=75 = 0.882641032254
    Eigs at center bond b=75: 0.7206 0.1951 0.0482 0.0124 0.0102 0.0062 0.0031 0.0017 
    Largest link dim during sweep 11/87 was 40
    Largest truncation error: 1.7782e-06
    Energy after sweep 11/87 is -77.382885399942
    Sweep 11/87 CPU time = 9.091s (Wall time = 1.168s)

    vN Entropy at center bond b=75 = 0.883066571412
    Eigs at center bond b=75: 0.7205 0.1952 0.0482 0.0124 0.0102 0.0062 0.0031 0.0017 
    Largest link dim during sweep 12/87 was 40
    Largest truncation error: 1.78628e-06
    Energy after sweep 12/87 is -77.382885634287
    Sweep 12/87 CPU time = 9.044s (Wall time = 1.157s)

    vN Entropy at center bond b=75 = 0.883142553854
    Eigs at center bond b=75: 0.7205 0.1952 0.0482 0.0124 0.0102 0.0062 0.0031 0.0017 
    Largest link dim during sweep 13/87 was 40
    Largest truncation error: 1.78795e-06
    Energy after sweep 13/87 is -77.382885812147
    Sweep 13/87 CPU time = 8.981s (Wall time = 1.157s)

    vN Entropy at center bond b=75 = 0.883156653566
    Eigs at center bond b=75: 0.7205 0.1952 0.0482 0.0124 0.0102 0.0062 0.0031 0.0017 
    Largest link dim during sweep 14/87 was 40
    Largest truncation error: 1.78833e-06
    Energy after sweep 14/87 is -77.382885992131
    Sweep 14/87 CPU time = 9.007s (Wall time = 1.156s)

    vN Entropy at center bond b=75 = 0.891133664939
    Eigs at center bond b=75: 0.7181 0.1959 0.0488 0.0128 0.0105 0.0062 0.0033 0.0018 
    Largest link dim during sweep 15/87 was 50
    Largest truncation error: 7.77357e-07
    Energy after sweep 15/87 is -77.383515303333
    Sweep 15/87 CPU time = 10.69s (Wall time = 1.369s)

    vN Entropy at center bond b=75 = 0.900263765010
    Eigs at center bond b=75: 0.7153 0.1966 0.0496 0.0132 0.0109 0.0062 0.0034 0.0020 
    Largest link dim during sweep 16/87 was 52
    Largest truncation error: 7.77822e-07
    Energy after sweep 16/87 is -77.383605904363
    Sweep 16/87 CPU time = 11.85s (Wall time = 1.533s)

    vN Entropy at center bond b=75 = 0.903198573258
    Eigs at center bond b=75: 0.7145 0.1968 0.0499 0.0133 0.0110 0.0062 0.0035 0.0020 
    Largest link dim during sweep 17/87 was 53
    Largest truncation error: 7.77931e-07
    Energy after sweep 17/87 is -77.383640229476
    Sweep 17/87 CPU time = 12.18s (Wall time = 1.560s)

    vN Entropy at center bond b=75 = 0.904274255280
    Eigs at center bond b=75: 0.7142 0.1968 0.0500 0.0134 0.0110 0.0062 0.0035 0.0020 
    Largest link dim during sweep 18/87 was 53
    Largest truncation error: 7.77961e-07
    Energy after sweep 18/87 is -77.383650029903
    Sweep 18/87 CPU time = 12.32s (Wall time = 1.578s)

    vN Entropy at center bond b=75 = 0.904547636402
    Eigs at center bond b=75: 0.7142 0.1968 0.0500 0.0134 0.0110 0.0062 0.0035 0.0020 
    Largest link dim during sweep 19/87 was 53
    Largest truncation error: 7.77959e-07
    Energy after sweep 19/87 is -77.383656797092
    Sweep 19/87 CPU time = 12.43s (Wall time = 1.599s)

    vN Entropy at center bond b=75 = 0.904580038998
    Eigs at center bond b=75: 0.7143 0.1967 0.0500 0.0134 0.0110 0.0062 0.0035 0.0020 
    Largest link dim during sweep 20/87 was 53
    Largest truncation error: 7.77953e-07
    Energy after sweep 20/87 is -77.383657521994
    Sweep 20/87 CPU time = 12.36s (Wall time = 1.584s)

    vN Entropy at center bond b=75 = 0.904603656429
    Eigs at center bond b=75: 0.7143 0.1966 0.0501 0.0134 0.0110 0.0062 0.0035 0.0020 
    Largest link dim during sweep 21/87 was 53
    Largest truncation error: 7.77946e-07
    Energy after sweep 21/87 is -77.383657586617
    Sweep 21/87 CPU time = 12.42s (Wall time = 1.590s)

    vN Entropy at center bond b=75 = 0.904579608824
    Eigs at center bond b=75: 0.7143 0.1965 0.0501 0.0134 0.0110 0.0062 0.0035 0.0020 
    Largest link dim during sweep 22/87 was 53
    Largest truncation error: 7.7794e-07
    Energy after sweep 22/87 is -77.383657614888
    Sweep 22/87 CPU time = 12.35s (Wall time = 1.579s)

    vN Entropy at center bond b=75 = 0.904561955563
    Eigs at center bond b=75: 0.7144 0.1965 0.0501 0.0134 0.0110 0.0062 0.0035 0.0020 
    Largest link dim during sweep 23/87 was 53
    Largest truncation error: 7.77934e-07
    Energy after sweep 23/87 is -77.383658202376
    Sweep 23/87 CPU time = 12.53s (Wall time = 1.616s)

    vN Entropy at center bond b=75 = 0.904543076028
    Eigs at center bond b=75: 0.7144 0.1964 0.0501 0.0134 0.0110 0.0062 0.0035 0.0020 
    Largest link dim during sweep 24/87 was 53
    Largest truncation error: 7.77929e-07
    Energy after sweep 24/87 is -77.383658240222
    Sweep 24/87 CPU time = 12.50s (Wall time = 1.601s)

    vN Entropy at center bond b=75 = 0.904522843944
    Eigs at center bond b=75: 0.7144 0.1964 0.0501 0.0134 0.0110 0.0062 0.0035 0.0020 
    Largest link dim during sweep 25/87 was 53
    Largest truncation error: 7.77925e-07
    Energy after sweep 25/87 is -77.383658264617
    Sweep 25/87 CPU time = 12.47s (Wall time = 1.600s)

    vN Entropy at center bond b=75 = 0.904504936748
    Eigs at center bond b=75: 0.7145 0.1963 0.0501 0.0134 0.0110 0.0062 0.0035 0.0020 
    Largest link dim during sweep 26/87 was 53
    Largest truncation error: 7.77921e-07
    Energy after sweep 26/87 is -77.383658285302
    Sweep 26/87 CPU time = 12.57s (Wall time = 1.610s)

    vN Entropy at center bond b=75 = 0.904489431333
    Eigs at center bond b=75: 0.7145 0.1963 0.0501 0.0134 0.0110 0.0062 0.0035 0.0020 
    Largest link dim during sweep 27/87 was 53
    Largest truncation error: 7.77918e-07
    Energy after sweep 27/87 is -77.383658302602
    Sweep 27/87 CPU time = 12.66s (Wall time = 1.619s)

    vN Entropy at center bond b=75 = 0.904475975175
    Eigs at center bond b=75: 0.7145 0.1963 0.0501 0.0134 0.0110 0.0062 0.0035 0.0021 
    Largest link dim during sweep 28/87 was 53
    Largest truncation error: 7.77916e-07
    Energy after sweep 28/87 is -77.383658315609
    Sweep 28/87 CPU time = 12.56s (Wall time = 1.616s)

    vN Entropy at center bond b=75 = 0.904464247064
    Eigs at center bond b=75: 0.7145 0.1962 0.0502 0.0134 0.0110 0.0062 0.0035 0.0021 
    Largest link dim during sweep 29/87 was 53
    Largest truncation error: 7.77913e-07
    Energy after sweep 29/87 is -77.383658324822
    Sweep 29/87 CPU time = 12.58s (Wall time = 1.609s)

    vN Entropy at center bond b=75 = 0.904454007305
    Eigs at center bond b=75: 0.7146 0.1962 0.0502 0.0134 0.0110 0.0062 0.0035 0.0021 
    Largest link dim during sweep 30/87 was 53
    Largest truncation error: 7.77911e-07
    Energy after sweep 30/87 is -77.383658331352
    Sweep 30/87 CPU time = 12.64s (Wall time = 1.618s)

    vN Entropy at center bond b=75 = 0.904455514847
    Eigs at center bond b=75: 0.7146 0.1962 0.0502 0.0134 0.0110 0.0062 0.0035 0.0021 
    Largest link dim during sweep 31/87 was 53
    Largest truncation error: 7.7791e-07
    Energy after sweep 31/87 is -77.383658876254
    Sweep 31/87 CPU time = 12.59s (Wall time = 1.611s)

    vN Entropy at center bond b=75 = 0.904452613244
    Eigs at center bond b=75: 0.7146 0.1962 0.0502 0.0134 0.0110 0.0062 0.0035 0.0021 
    Largest link dim during sweep 32/87 was 53
    Largest truncation error: 7.77909e-07
    Energy after sweep 32/87 is -77.383658910046
    Sweep 32/87 CPU time = 12.57s (Wall time = 1.609s)

    vN Entropy at center bond b=75 = 0.904480561824
    Eigs at center bond b=75: 0.7146 0.1962 0.0502 0.0134 0.0110 0.0062 0.0035 0.0021 
    Largest link dim during sweep 33/87 was 53
    Largest truncation error: 7.77908e-07
    Energy after sweep 33/87 is -77.383659439422
    Sweep 33/87 CPU time = 12.56s (Wall time = 1.609s)

    vN Entropy at center bond b=75 = 0.904507099373
    Eigs at center bond b=75: 0.7146 0.1962 0.0502 0.0134 0.0110 0.0062 0.0035 0.0021 
    Largest link dim during sweep 34/87 was 53
    Largest truncation error: 7.77908e-07
    Energy after sweep 34/87 is -77.383660563665
    Sweep 34/87 CPU time = 12.63s (Wall time = 1.626s)

    vN Entropy at center bond b=75 = 0.904510380414
    Eigs at center bond b=75: 0.7146 0.1961 0.0502 0.0134 0.0110 0.0062 0.0035 0.0021 
    Largest link dim during sweep 35/87 was 53
    Largest truncation error: 7.77907e-07
    Energy after sweep 35/87 is -77.383660596628
    Sweep 35/87 CPU time = 12.65s (Wall time = 1.623s)

    vN Entropy at center bond b=75 = 0.904507529561
    Eigs at center bond b=75: 0.7146 0.1961 0.0502 0.0134 0.0110 0.0062 0.0035 0.0021 
    Largest link dim during sweep 36/87 was 53
    Largest truncation error: 7.77906e-07
    Energy after sweep 36/87 is -77.383660607592
    Sweep 36/87 CPU time = 12.59s (Wall time = 1.612s)

    vN Entropy at center bond b=75 = 0.928020457421
    Eigs at center bond b=75: 0.7080 0.1976 0.0521 0.0144 0.0120 0.0063 0.0039 0.0024 
    Largest link dim during sweep 37/87 was 123
    Largest truncation error: 7.79276e-09
    Energy after sweep 37/87 is -77.384569623162
    Sweep 37/87 CPU time = 45.28s (Wall time = 5.859s)

    vN Entropy at center bond b=75 = 0.936684251303
    Eigs at center bond b=75: 0.7068 0.1961 0.0533 0.0148 0.0124 0.0063 0.0040 0.0026 
    Largest link dim during sweep 38/87 was 145
    Largest truncation error: 7.79298e-09
    Energy after sweep 38/87 is -77.384593796219
    Sweep 38/87 CPU time = 1m, 31.3s (Wall time = 11.97s)

    vN Entropy at center bond b=75 = 0.938669264821
    Eigs at center bond b=75: 0.7078 0.1934 0.0545 0.0149 0.0125 0.0064 0.0040 0.0028 
    Largest link dim during sweep 39/87 was 150
    Largest truncation error: 7.67308e-09
    Energy after sweep 39/87 is -77.384602980963
    Sweep 39/87 CPU time = 1m, 47.9s (Wall time = 14.37s)

    vN Entropy at center bond b=75 = 0.942293444132
    Eigs at center bond b=75: 0.7081 0.1910 0.0560 0.0151 0.0127 0.0065 0.0039 0.0029 0.0010 
    Largest link dim during sweep 40/87 was 151
    Largest truncation error: 7.57187e-09
    Energy after sweep 40/87 is -77.384611127211
    Sweep 40/87 CPU time = 1m, 50.0s (Wall time = 14.62s)

    vN Entropy at center bond b=75 = 0.947733627859
    Eigs at center bond b=75: 0.7075 0.1890 0.0577 0.0154 0.0130 0.0065 0.0039 0.0031 0.0011 
    Largest link dim during sweep 41/87 was 152
    Largest truncation error: 7.67847e-09
    Energy after sweep 41/87 is -77.384619032830
    Sweep 41/87 CPU time = 1m, 52.3s (Wall time = 15.23s)

    vN Entropy at center bond b=75 = 0.954789624278
    Eigs at center bond b=75: 0.7062 0.1875 0.0596 0.0157 0.0135 0.0066 0.0039 0.0032 0.0012 
    Largest link dim during sweep 42/87 was 154
    Largest truncation error: 7.78079e-09
    Energy after sweep 42/87 is -77.384626707091
    Sweep 42/87 CPU time = 1m, 53.3s (Wall time = 15.38s)

    vN Entropy at center bond b=75 = 0.963195215630
    Eigs at center bond b=75: 0.7041 0.1864 0.0616 0.0161 0.0139 0.0067 0.0038 0.0033 0.0013 
    Largest link dim during sweep 43/87 was 155
    Largest truncation error: 7.33746e-09
    Energy after sweep 43/87 is -77.384634069335
    Sweep 43/87 CPU time = 1m, 56.5s (Wall time = 15.79s)

    vN Entropy at center bond b=75 = 0.972652767297
    Eigs at center bond b=75: 0.7014 0.1858 0.0637 0.0166 0.0144 0.0067 0.0038 0.0034 0.0014 
    Largest link dim during sweep 44/87 was 156
    Largest truncation error: 7.49082e-09
    Energy after sweep 44/87 is -77.384641137480
    Sweep 44/87 CPU time = 2m, 1.5s (Wall time = 16.20s)

    vN Entropy at center bond b=75 = 0.982828526509
    Eigs at center bond b=75: 0.6982 0.1856 0.0659 0.0172 0.0147 0.0068 0.0038 0.0034 0.0014 
    Largest link dim during sweep 45/87 was 158
    Largest truncation error: 7.59379e-09
    Energy after sweep 45/87 is -77.384647757572
    Sweep 45/87 CPU time = 1m, 59.8s (Wall time = 15.95s)

    vN Entropy at center bond b=75 = 0.993398732387
    Eigs at center bond b=75: 0.6946 0.1858 0.0680 0.0179 0.0151 0.0068 0.0038 0.0035 0.0015 
    Largest link dim during sweep 46/87 was 159
    Largest truncation error: 7.67966e-09
    Energy after sweep 46/87 is -77.384653936548
    Sweep 46/87 CPU time = 2m, 0.1s (Wall time = 16.18s)

    vN Entropy at center bond b=75 = 1.004067519451
    Eigs at center bond b=75: 0.6907 0.1864 0.0700 0.0187 0.0153 0.0069 0.0038 0.0035 0.0016 
    Largest link dim during sweep 47/87 was 160
    Largest truncation error: 7.75368e-09
    Energy after sweep 47/87 is -77.384659668264
    Sweep 47/87 CPU time = 2m, 3.2s (Wall time = 16.63s)

    vN Entropy at center bond b=75 = 1.014553333974
    Eigs at center bond b=75: 0.6867 0.1873 0.0719 0.0195 0.0155 0.0069 0.0038 0.0035 0.0017 
    Largest link dim during sweep 48/87 was 160
    Largest truncation error: 7.72666e-09
    Energy after sweep 48/87 is -77.384664885402
    Sweep 48/87 CPU time = 2m, 3.9s (Wall time = 16.58s)

    vN Entropy at center bond b=75 = 1.024630513070
    Eigs at center bond b=75: 0.6827 0.1884 0.0735 0.0204 0.0157 0.0069 0.0038 0.0035 0.0018 
    Largest link dim during sweep 49/87 was 160
    Largest truncation error: 7.79126e-09
    Energy after sweep 49/87 is -77.384669653953
    Sweep 49/87 CPU time = 2m, 7.4s (Wall time = 17.13s)

    vN Entropy at center bond b=75 = 1.034136276022
    Eigs at center bond b=75: 0.6787 0.1898 0.0750 0.0212 0.0158 0.0070 0.0038 0.0035 0.0019 
    Largest link dim during sweep 50/87 was 160
    Largest truncation error: 7.40345e-09
    Energy after sweep 50/87 is -77.384673881409
    Sweep 50/87 CPU time = 2m, 6.4s (Wall time = 17.21s)

    vN Entropy at center bond b=75 = 1.042941124957
    Eigs at center bond b=75: 0.6749 0.1913 0.0763 0.0220 0.0159 0.0070 0.0039 0.0035 0.0019 
    Largest link dim during sweep 51/87 was 160
    Largest truncation error: 7.44744e-09
    Energy after sweep 51/87 is -77.384677632702
    Sweep 51/87 CPU time = 2m, 6.0s (Wall time = 16.96s)

    vN Entropy at center bond b=75 = 1.050972042410
    Eigs at center bond b=75: 0.6713 0.1928 0.0774 0.0228 0.0159 0.0070 0.0039 0.0035 0.0020 
    Largest link dim during sweep 52/87 was 160
    Largest truncation error: 7.4863e-09
    Energy after sweep 52/87 is -77.384680963917
    Sweep 52/87 CPU time = 2m, 7.7s (Wall time = 17.40s)

    vN Entropy at center bond b=75 = 1.058213328741
    Eigs at center bond b=75: 0.6680 0.1944 0.0783 0.0235 0.0160 0.0070 0.0039 0.0035 0.0020 
    Largest link dim during sweep 53/87 was 160
    Largest truncation error: 7.58522e-09
    Energy after sweep 53/87 is -77.384683864678
    Sweep 53/87 CPU time = 2m, 7.5s (Wall time = 17.39s)

    vN Entropy at center bond b=75 = 1.064669029515
    Eigs at center bond b=75: 0.6649 0.1959 0.0790 0.0241 0.0160 0.0070 0.0040 0.0035 0.0020 
    Largest link dim during sweep 54/87 was 160
    Largest truncation error: 7.61588e-09
    Energy after sweep 54/87 is -77.384686367789
    Sweep 54/87 CPU time = 2m, 8.1s (Wall time = 17.37s)

    vN Entropy at center bond b=75 = 1.070376125663
    Eigs at center bond b=75: 0.6622 0.1974 0.0796 0.0247 0.0160 0.0070 0.0040 0.0035 0.0021 
    Largest link dim during sweep 55/87 was 160
    Largest truncation error: 7.64229e-09
    Energy after sweep 55/87 is -77.384688533412
    Sweep 55/87 CPU time = 2m, 10.9s (Wall time = 17.91s)

    vN Entropy at center bond b=75 = 1.075393604897
    Eigs at center bond b=75: 0.6597 0.1987 0.0801 0.0252 0.0160 0.0070 0.0041 0.0035 0.0021 
    Largest link dim during sweep 56/87 was 160
    Largest truncation error: 7.66433e-09
    Energy after sweep 56/87 is -77.384690424782
    Sweep 56/87 CPU time = 2m, 11.1s (Wall time = 17.77s)

    vN Entropy at center bond b=75 = 1.079792849239
    Eigs at center bond b=75: 0.6575 0.2000 0.0805 0.0257 0.0160 0.0070 0.0041 0.0035 0.0021 
    Largest link dim during sweep 57/87 was 160
    Largest truncation error: 7.68344e-09
    Energy after sweep 57/87 is -77.384692033506
    Sweep 57/87 CPU time = 2m, 12.4s (Wall time = 18.12s)

    vN Entropy at center bond b=75 = 1.083637574602
    Eigs at center bond b=75: 0.6555 0.2011 0.0808 0.0261 0.0160 0.0071 0.0042 0.0035 0.0021 
    Largest link dim during sweep 58/87 was 160
    Largest truncation error: 7.69957e-09
    Energy after sweep 58/87 is -77.384693438796
    Sweep 58/87 CPU time = 2m, 11.2s (Wall time = 17.83s)

    vN Entropy at center bond b=75 = 1.087491893617
    Eigs at center bond b=75: 0.6536 0.2022 0.0811 0.0265 0.0160 0.0071 0.0042 0.0034 0.0021 
    Largest link dim during sweep 59/87 was 320
    Largest truncation error: 8.20477e-11
    Energy after sweep 59/87 is -77.384704052644
    Sweep 59/87 CPU time = 7m, 6.1s (Wall time = 57.13s)

    vN Entropy at center bond b=75 = 1.091675889079
    Eigs at center bond b=75: 0.6514 0.2036 0.0815 0.0270 0.0160 0.0071 0.0042 0.0034 0.0021 
    Largest link dim during sweep 60/87 was 320
    Largest truncation error: 1.11319e-10
    Energy after sweep 60/87 is -77.384705625846
    Sweep 60/87 CPU time = 12m, 6s (Wall time = 1m, 36.5s)

    vN Entropy at center bond b=75 = 1.095588149674
    Eigs at center bond b=75: 0.6493 0.2049 0.0817 0.0274 0.0160 0.0071 0.0043 0.0034 0.0021 
    Largest link dim during sweep 61/87 was 320
    Largest truncation error: 1.02322e-10
    Energy after sweep 61/87 is -77.384707093067
    Sweep 61/87 CPU time = 11m, 31s (Wall time = 1m, 30.7s)

    vN Entropy at center bond b=75 = 1.099511234824
    Eigs at center bond b=75: 0.6472 0.2062 0.0820 0.0279 0.0160 0.0071 0.0043 0.0034 0.0021 
    Largest link dim during sweep 62/87 was 320
    Largest truncation error: 1.03406e-10
    Energy after sweep 62/87 is -77.384708472973
    Sweep 62/87 CPU time = 11m, 49s (Wall time = 1m, 33.6s)

    vN Entropy at center bond b=75 = 1.102727629281
    Eigs at center bond b=75: 0.6454 0.2074 0.0821 0.0282 0.0160 0.0071 0.0044 0.0034 0.0022 
    Largest link dim during sweep 63/87 was 320
    Largest truncation error: 1.00761e-10
    Energy after sweep 63/87 is -77.384709503637
    Sweep 63/87 CPU time = 11m, 44s (Wall time = 1m, 34.1s)

    vN Entropy at center bond b=75 = 1.105109898035
    Eigs at center bond b=75: 0.6441 0.2083 0.0823 0.0285 0.0160 0.0071 0.0044 0.0034 0.0022 
    Largest link dim during sweep 64/87 was 320
    Largest truncation error: 9.48279e-11
    Energy after sweep 64/87 is -77.384710318943
    Sweep 64/87 CPU time = 11m, 43s (Wall time = 1m, 32.9s)

    vN Entropy at center bond b=75 = 1.107086997382
    Eigs at center bond b=75: 0.6430 0.2090 0.0824 0.0288 0.0160 0.0071 0.0044 0.0034 0.0022 
    Largest link dim during sweep 65/87 was 320
    Largest truncation error: 9.51742e-11
    Energy after sweep 65/87 is -77.384710994219
    Sweep 65/87 CPU time = 11m, 42s (Wall time = 1m, 34.2s)

    vN Entropy at center bond b=75 = 1.108727714873
    Eigs at center bond b=75: 0.6420 0.2097 0.0824 0.0290 0.0160 0.0071 0.0044 0.0034 0.0022 
    Largest link dim during sweep 66/87 was 320
    Largest truncation error: 9.65881e-11
    Energy after sweep 66/87 is -77.384711552417
    Sweep 66/87 CPU time = 11m, 30s (Wall time = 1m, 31.5s)

    vN Entropy at center bond b=75 = 1.110073459439
    Eigs at center bond b=75: 0.6413 0.2102 0.0825 0.0291 0.0160 0.0071 0.0045 0.0034 0.0022 
    Largest link dim during sweep 67/87 was 320
    Largest truncation error: 1.00641e-10
    Energy after sweep 67/87 is -77.384712005007
    Sweep 67/87 CPU time = 11m, 40s (Wall time = 1m, 33.5s)

    vN Entropy at center bond b=75 = 1.111158635319
    Eigs at center bond b=75: 0.6407 0.2106 0.0825 0.0292 0.0160 0.0071 0.0045 0.0034 0.0022 
    Largest link dim during sweep 68/87 was 320
    Largest truncation error: 1.05491e-10
    Energy after sweep 68/87 is -77.384712370524
    Sweep 68/87 CPU time = 11m, 46s (Wall time = 1m, 34.5s)

    vN Entropy at center bond b=75 = 1.112037921006
    Eigs at center bond b=75: 0.6402 0.2110 0.0826 0.0294 0.0160 0.0071 0.0045 0.0034 0.0022 
    Largest link dim during sweep 69/87 was 320
    Largest truncation error: 1.07609e-10
    Energy after sweep 69/87 is -77.384712665311
    Sweep 69/87 CPU time = 11m, 42s (Wall time = 1m, 34.3s)

    vN Entropy at center bond b=75 = 1.112748170883
    Eigs at center bond b=75: 0.6397 0.2112 0.0826 0.0294 0.0160 0.0071 0.0045 0.0034 0.0022 
    Largest link dim during sweep 70/87 was 320
    Largest truncation error: 1.09401e-10
    Energy after sweep 70/87 is -77.384712903354
    Sweep 70/87 CPU time = 11m, 18s (Wall time = 1m, 30.7s)

    vN Entropy at center bond b=75 = 1.113322384761
    Eigs at center bond b=75: 0.6394 0.2115 0.0826 0.0295 0.0160 0.0071 0.0045 0.0034 0.0022 
    Largest link dim during sweep 71/87 was 320
    Largest truncation error: 1.11011e-10
    Energy after sweep 71/87 is -77.384713095597
    Sweep 71/87 CPU time = 11m, 29s (Wall time = 1m, 32.4s)

    vN Entropy at center bond b=75 = 1.113787779038
    Eigs at center bond b=75: 0.6391 0.2117 0.0826 0.0296 0.0160 0.0071 0.0045 0.0034 0.0022 
    Largest link dim during sweep 72/87 was 320
    Largest truncation error: 1.12085e-10
    Energy after sweep 72/87 is -77.384713251182
    Sweep 72/87 CPU time = 11m, 20s (Wall time = 1m, 31.1s)

    vN Entropy at center bond b=75 = 1.114165452242
    Eigs at center bond b=75: 0.6389 0.2118 0.0826 0.0296 0.0160 0.0071 0.0045 0.0034 0.0022 
    Largest link dim during sweep 73/87 was 320
    Largest truncation error: 1.13281e-10
    Energy after sweep 73/87 is -77.384713377095
    Sweep 73/87 CPU time = 11m, 19s (Wall time = 1m, 31.1s)

    vN Entropy at center bond b=75 = 1.114471615887
    Eigs at center bond b=75: 0.6387 0.2119 0.0827 0.0296 0.0160 0.0071 0.0045 0.0034 0.0022 
    Largest link dim during sweep 74/87 was 320
    Largest truncation error: 1.1452e-10
    Energy after sweep 74/87 is -77.384713479369
    Sweep 74/87 CPU time = 11m, 29s (Wall time = 1m, 32.7s)

    vN Entropy at center bond b=75 = 1.114596317274
    Eigs at center bond b=75: 0.6387 0.2120 0.0827 0.0297 0.0160 0.0071 0.0045 0.0034 0.0022 
    Largest link dim during sweep 75/87 was 640
    Largest truncation error: 1.04927e-12
    Energy after sweep 75/87 is -77.384713620607
    Sweep 75/87 CPU time = 26m, 50s (Wall time = 3m, 37.5s)

    vN Entropy at center bond b=75 = 1.114668528868
    Eigs at center bond b=75: 0.6386 0.2120 0.0827 0.0297 0.0160 0.0071 0.0045 0.0034 0.0022 
    Largest link dim during sweep 76/87 was 640
    Largest truncation error: 1.56798e-12
    Energy after sweep 76/87 is -77.384713644044
    Sweep 76/87 CPU time = 41m, 55s (Wall time = 5m, 35.6s)

    vN Entropy at center bond b=75 = 1.114719919621
    Eigs at center bond b=75: 0.6386 0.2120 0.0827 0.0297 0.0160 0.0071 0.0045 0.0034 0.0022 
    Largest link dim during sweep 77/87 was 640
    Largest truncation error: 2.82334e-12
    Energy after sweep 77/87 is -77.384713661504
    Sweep 77/87 CPU time = 41m, 10s (Wall time = 5m, 32.5s)

    vN Entropy at center bond b=75 = 1.114771129809
    Eigs at center bond b=75: 0.6386 0.2121 0.0827 0.0297 0.0160 0.0071 0.0045 0.0034 0.0022 
    Largest link dim during sweep 78/87 was 640
    Largest truncation error: 1.70551e-12
    Energy after sweep 78/87 is -77.384713679565
    Sweep 78/87 CPU time = 41m, 5s (Wall time = 5m, 30.6s)

    vN Entropy at center bond b=75 = 1.114824094106
    Eigs at center bond b=75: 0.6385 0.2121 0.0827 0.0297 0.0160 0.0071 0.0045 0.0034 0.0022 
    Largest link dim during sweep 79/87 was 640
    Largest truncation error: 2.93872e-12
    Energy after sweep 79/87 is -77.384713698149
    Sweep 79/87 CPU time = 38m, 5s (Wall time = 5m, 7.2s)

    vN Entropy at center bond b=75 = 1.114873269033
    Eigs at center bond b=75: 0.6385 0.2121 0.0827 0.0297 0.0160 0.0071 0.0045 0.0034 0.0022 
    Largest link dim during sweep 80/87 was 640
    Largest truncation error: 1.6964e-12
    Energy after sweep 80/87 is -77.384713714857
    Sweep 80/87 CPU time = 35m, 45s (Wall time = 4m, 47.6s)

    vN Entropy at center bond b=75 = 1.114918817017
    Eigs at center bond b=75: 0.6385 0.2121 0.0827 0.0297 0.0160 0.0071 0.0045 0.0034 0.0022 
    Largest link dim during sweep 81/87 was 640
    Largest truncation error: 1.55065e-12
    Energy after sweep 81/87 is -77.384713730874
    Sweep 81/87 CPU time = 35m, 31s (Wall time = 4m, 46.1s)

    vN Entropy at center bond b=75 = 1.114960571430
    Eigs at center bond b=75: 0.6385 0.2121 0.0827 0.0297 0.0160 0.0071 0.0045 0.0034 0.0022 
    Largest link dim during sweep 82/87 was 640
    Largest truncation error: 1.76931e-12
    Energy after sweep 82/87 is -77.384713745291
    Sweep 82/87 CPU time = 34m, 53s (Wall time = 4m, 41.4s)

    vN Entropy at center bond b=75 = 1.115003293895
    Eigs at center bond b=75: 0.6384 0.2122 0.0827 0.0297 0.0160 0.0071 0.0045 0.0034 0.0022 
    Largest link dim during sweep 83/87 was 772
    Largest truncation error: 7.53585e-13
    Energy after sweep 83/87 is -77.384713760276
    Sweep 83/87 CPU time = 33m, 44s (Wall time = 4m, 32.2s)

    vN Entropy at center bond b=75 = 1.115035745819
    Eigs at center bond b=75: 0.6384 0.2122 0.0827 0.0297 0.0160 0.0071 0.0045 0.0034 0.0022 
    Largest link dim during sweep 84/87 was 1227
    Largest truncation error: 7.44117e-15
    Energy after sweep 84/87 is -77.384713771500
    Sweep 84/87 CPU time = 1h, 26m, 20s (Wall time = 11m, 39s)

    vN Entropy at center bond b=75 = 1.115056358331
    Eigs at center bond b=75: 0.6384 0.2122 0.0827 0.0297 0.0160 0.0071 0.0045 0.0034 0.0022 
    Largest link dim during sweep 85/87 was 1253
    Largest truncation error: 7.71649e-15
    Energy after sweep 85/87 is -77.384713778364
    Sweep 85/87 CPU time = 1h, 49m, 3s (Wall time = 15m, 47s)

    vN Entropy at center bond b=75 = 1.115073588204
    Eigs at center bond b=75: 0.6384 0.2122 0.0827 0.0297 0.0160 0.0071 0.0045 0.0034 0.0022 
    Largest link dim during sweep 86/87 was 1195
    Largest truncation error: 7.53295e-15
    Energy after sweep 86/87 is -77.384713784252
    Sweep 86/87 CPU time = 1h, 45m, 21s (Wall time = 15m, 7s)

    vN Entropy at center bond b=75 = 1.115089924240
    Eigs at center bond b=75: 0.6384 0.2122 0.0827 0.0297 0.0160 0.0071 0.0045 0.0034 0.0022 
    Largest link dim during sweep 87/87 was 1280
    Largest truncation error: 9.44336e-15
    Energy after sweep 87/87 is -77.384713789946
    Sweep 87/87 CPU time = 1h, 43m, 8s (Wall time = 14m, 50s)
Initial energy = 182.28000

Ground State Energy = -77.3847137899
run_outputs/outputpsi/N_150_sweep_87_t_0.030000_J_1.000000_V_0.600000_D_0.018000_U_1.240000_mu_0.000000_E_0.000000 notconverge
Wall-clock time (s) = 20267.673857
