//////////////////////////
Reading input file ......

Got input.N = 150
Got input.t = 0.03
Got input.J = 1
Got input.V = 0.6
Got input.D = 0.018
Got input.U = 10
Got input.mu = 0
Got input.E = 0
Got input.nsweeps = 87
Sweeps:
1  MaxDim=20, MinDim=20, Cutoff=1.0E-06, Niter=8, Noise=1.0E-05
2  MaxDim=20, MinDim=20, Cutoff=1.0E-06, Niter=8, Noise=1.0E-05
3  MaxDim=20, MinDim=20, Cutoff=1.0E-06, Niter=8, Noise=1.0E-05
4  MaxDim=20, MinDim=20, Cutoff=1.0E-06, Niter=8, Noise=1.0E-05
5  MaxDim=20, MinDim=20, Cutoff=1.0E-06, Niter=8, Noise=1.0E-05
6  MaxDim=20, MinDim=20, Cutoff=1.0E-06, Niter=8, Noise=1.0E-05
7  MaxDim=20, MinDim=20, Cutoff=1.0E-06, Niter=8, Noise=1.0E-05
8  MaxDim=40, MinDim=20, Cutoff=1.0E-06, Niter=4, Noise=1.0E-05
9  MaxDim=40, MinDim=20, Cutoff=1.0E-06, Niter=4, Noise=1.0E-05
10  MaxDim=40, MinDim=20, Cutoff=1.0E-06, Niter=4, Noise=1.0E-05
11  MaxDim=40, MinDim=20, Cutoff=1.0E-06, Niter=4, Noise=1.0E-05
12  MaxDim=40, MinDim=20, Cutoff=1.0E-06, Niter=4, Noise=1.0E-05
13  MaxDim=40, MinDim=20, Cutoff=1.0E-06, Niter=4, Noise=1.0E-05
14  MaxDim=40, MinDim=20, Cutoff=1.0E-06, Niter=4, Noise=1.0E-05
15  MaxDim=80, MinDim=10, Cutoff=1.0E-06, Niter=4, Noise=1.0E-05
16  MaxDim=80, MinDim=10, Cutoff=1.0E-06, Niter=4, Noise=1.0E-05
17  MaxDim=80, MinDim=10, Cutoff=1.0E-06, Niter=4, Noise=1.0E-05
18  MaxDim=80, MinDim=10, Cutoff=1.0E-06, Niter=4, Noise=1.0E-05
19  MaxDim=80, MinDim=10, Cutoff=1.0E-06, Niter=4, Noise=1.0E-05
20  MaxDim=80, MinDim=10, Cutoff=1.0E-06, Niter=4, Noise=1.0E-05
21  MaxDim=80, MinDim=10, Cutoff=1.0E-06, Niter=4, Noise=1.0E-05
22  MaxDim=80, MinDim=10, Cutoff=1.0E-06, Niter=4, Noise=1.0E-05
23  MaxDim=80, MinDim=10, Cutoff=1.0E-06, Niter=4, Noise=1.0E-05
24  MaxDim=80, MinDim=10, Cutoff=1.0E-06, Niter=4, Noise=1.0E-05
25  MaxDim=80, MinDim=10, Cutoff=1.0E-06, Niter=4, Noise=1.0E-05
26  MaxDim=80, MinDim=10, Cutoff=1.0E-06, Niter=4, Noise=1.0E-05
27  MaxDim=80, MinDim=10, Cutoff=1.0E-06, Niter=4, Noise=1.0E-05
28  MaxDim=80, MinDim=10, Cutoff=1.0E-06, Niter=4, Noise=1.0E-05
29  MaxDim=80, MinDim=10, Cutoff=1.0E-06, Niter=4, Noise=1.0E-05
30  MaxDim=80, MinDim=10, Cutoff=1.0E-06, Niter=4, Noise=1.0E-05
31  MaxDim=80, MinDim=10, Cutoff=1.0E-06, Niter=4, Noise=1.0E-05
32  MaxDim=80, MinDim=10, Cutoff=1.0E-06, Niter=4, Noise=1.0E-05
33  MaxDim=80, MinDim=10, Cutoff=1.0E-06, Niter=4, Noise=1.0E-05
34  MaxDim=80, MinDim=10, Cutoff=1.0E-06, Niter=4, Noise=1.0E-05
35  MaxDim=80, MinDim=10, Cutoff=1.0E-06, Niter=4, Noise=1.0E-05
36  MaxDim=80, MinDim=10, Cutoff=1.0E-06, Niter=4, Noise=1.0E-05
37  MaxDim=160, MinDim=10, Cutoff=1.0E-08, Niter=4, Noise=1.0E-06
38  MaxDim=160, MinDim=10, Cutoff=1.0E-08, Niter=4, Noise=1.0E-06
39  MaxDim=160, MinDim=10, Cutoff=1.0E-08, Niter=4, Noise=1.0E-06
40  MaxDim=160, MinDim=10, Cutoff=1.0E-08, Niter=4, Noise=1.0E-06
41  MaxDim=160, MinDim=10, Cutoff=1.0E-08, Niter=4, Noise=1.0E-06
42  MaxDim=160, MinDim=10, Cutoff=1.0E-08, Niter=4, Noise=1.0E-06
43  MaxDim=160, MinDim=10, Cutoff=1.0E-08, Niter=4, Noise=1.0E-06
44  MaxDim=160, MinDim=10, Cutoff=1.0E-08, Niter=4, Noise=1.0E-06
45  MaxDim=160, MinDim=10, Cutoff=1.0E-08, Niter=4, Noise=1.0E-06
46  MaxDim=160, MinDim=10, Cutoff=1.0E-08, Niter=4, Noise=1.0E-06
47  MaxDim=160, MinDim=10, Cutoff=1.0E-08, Niter=4, Noise=1.0E-06
48  MaxDim=160, MinDim=10, Cutoff=1.0E-08, Niter=4, Noise=1.0E-06
49  MaxDim=160, MinDim=10, Cutoff=1.0E-08, Niter=4, Noise=1.0E-06
50  MaxDim=160, MinDim=10, Cutoff=1.0E-08, Niter=4, Noise=1.0E-06
51  MaxDim=160, MinDim=10, Cutoff=1.0E-08, Niter=4, Noise=1.0E-06
52  MaxDim=160, MinDim=10, Cutoff=1.0E-08, Niter=4, Noise=1.0E-06
53  MaxDim=160, MinDim=10, Cutoff=1.0E-08, Niter=4, Noise=1.0E-06
54  MaxDim=160, MinDim=10, Cutoff=1.0E-08, Niter=4, Noise=1.0E-06
55  MaxDim=160, MinDim=10, Cutoff=1.0E-08, Niter=4, Noise=1.0E-06
56  MaxDim=160, MinDim=10, Cutoff=1.0E-08, Niter=4, Noise=1.0E-06
57  MaxDim=160, MinDim=10, Cutoff=1.0E-08, Niter=4, Noise=1.0E-06
58  MaxDim=160, MinDim=10, Cutoff=1.0E-08, Niter=4, Noise=1.0E-06
59  MaxDim=320, MinDim=10, Cutoff=1.0E-10, Niter=4, Noise=1.0E-07
60  MaxDim=320, MinDim=10, Cutoff=1.0E-10, Niter=4, Noise=1.0E-07
61  MaxDim=320, MinDim=10, Cutoff=1.0E-10, Niter=4, Noise=1.0E-07
62  MaxDim=320, MinDim=10, Cutoff=1.0E-10, Niter=4, Noise=1.0E-07
63  MaxDim=320, MinDim=10, Cutoff=1.0E-10, Niter=4, Noise=1.0E-07
64  MaxDim=320, MinDim=10, Cutoff=1.0E-10, Niter=4, Noise=1.0E-07
65  MaxDim=320, MinDim=10, Cutoff=1.0E-10, Niter=4, Noise=1.0E-07
66  MaxDim=320, MinDim=10, Cutoff=1.0E-10, Niter=4, Noise=1.0E-07
67  MaxDim=320, MinDim=10, Cutoff=1.0E-10, Niter=4, Noise=1.0E-07
68  MaxDim=320, MinDim=10, Cutoff=1.0E-10, Niter=4, Noise=1.0E-07
69  MaxDim=320, MinDim=10, Cutoff=1.0E-10, Niter=4, Noise=1.0E-07
70  MaxDim=320, MinDim=10, Cutoff=1.0E-10, Niter=4, Noise=1.0E-07
71  MaxDim=320, MinDim=10, Cutoff=1.0E-10, Niter=4, Noise=1.0E-07
72  MaxDim=320, MinDim=10, Cutoff=1.0E-10, Niter=4, Noise=1.0E-07
73  MaxDim=320, MinDim=10, Cutoff=1.0E-10, Niter=4, Noise=1.0E-07
74  MaxDim=320, MinDim=10, Cutoff=1.0E-10, Niter=4, Noise=1.0E-07
75  MaxDim=640, MinDim=10, Cutoff=1.0E-12, Niter=2, Noise=1.0E-08
76  MaxDim=640, MinDim=10, Cutoff=1.0E-12, Niter=2, Noise=1.0E-08
77  MaxDim=640, MinDim=10, Cutoff=1.0E-12, Niter=2, Noise=1.0E-08
78  MaxDim=640, MinDim=10, Cutoff=1.0E-12, Niter=2, Noise=1.0E-08
79  MaxDim=640, MinDim=10, Cutoff=1.0E-12, Niter=2, Noise=1.0E-08
80  MaxDim=640, MinDim=10, Cutoff=1.0E-12, Niter=2, Noise=1.0E-08
81  MaxDim=640, MinDim=10, Cutoff=1.0E-12, Niter=2, Noise=1.0E-08
82  MaxDim=640, MinDim=10, Cutoff=1.0E-12, Niter=2, Noise=1.0E-08
83  MaxDim=1280, MinDim=10, Cutoff=1.0E-12, Niter=2, Noise=0.0E+00
84  MaxDim=1280, MinDim=10, Cutoff=1.0E-14, Niter=2, Noise=0.0E+00
85  MaxDim=1280, MinDim=10, Cutoff=1.0E-14, Niter=2, Noise=0.0E+00
86  MaxDim=1280, MinDim=10, Cutoff=1.0E-14, Niter=2, Noise=0.0E+00
87  MaxDim=1280, MinDim=10, Cutoff=1.0E-14, Niter=2, Noise=0.0E+00


    vN Entropy at center bond b=75 = 0.554165981400
    Eigs at center bond b=75: 0.8203 0.1550 0.0215 0.0027 
    Largest link dim during sweep 1/87 was 20
    Largest truncation error: 1.91181e-05
    Energy after sweep 1/87 is -56.408788496867
    Sweep 1/87 CPU time = 4.339s (Wall time = 0.565s)

    vN Entropy at center bond b=75 = 0.788337192850
    Eigs at center bond b=75: 0.7720 0.1449 0.0458 0.0193 0.0117 0.0039 0.0015 
    Largest link dim during sweep 2/87 was 20
    Largest truncation error: 7.97579e-06
    Energy after sweep 2/87 is -57.074410035865
    Sweep 2/87 CPU time = 6.041s (Wall time = 0.776s)

    vN Entropy at center bond b=75 = 0.902279591559
    Eigs at center bond b=75: 0.7577 0.0890 0.0726 0.0479 0.0249 0.0049 0.0013 
    Largest link dim during sweep 3/87 was 20
    Largest truncation error: 1.4944e-05
    Energy after sweep 3/87 is -57.125448234075
    Sweep 3/87 CPU time = 6.058s (Wall time = 0.775s)

    vN Entropy at center bond b=75 = 0.919502882971
    Eigs at center bond b=75: 0.7513 0.0920 0.0724 0.0514 0.0245 0.0050 0.0013 
    Largest link dim during sweep 4/87 was 20
    Largest truncation error: 2.03702e-05
    Energy after sweep 4/87 is -57.128950634139
    Sweep 4/87 CPU time = 6.087s (Wall time = 0.776s)

    vN Entropy at center bond b=75 = 0.915942982339
    Eigs at center bond b=75: 0.7508 0.0983 0.0737 0.0447 0.0241 0.0049 0.0013 
    Largest link dim during sweep 5/87 was 20
    Largest truncation error: 2.05119e-05
    Energy after sweep 5/87 is -57.129650300960
    Sweep 5/87 CPU time = 6.139s (Wall time = 0.781s)

    vN Entropy at center bond b=75 = 0.912148605610
    Eigs at center bond b=75: 0.7508 0.1031 0.0728 0.0411 0.0237 0.0049 0.0013 
    Largest link dim during sweep 6/87 was 20
    Largest truncation error: 2.01816e-05
    Energy after sweep 6/87 is -57.129897519141
    Sweep 6/87 CPU time = 6.096s (Wall time = 0.779s)

    vN Entropy at center bond b=75 = 0.909662821619
    Eigs at center bond b=75: 0.7508 0.1061 0.0721 0.0391 0.0235 0.0049 0.0013 
    Largest link dim during sweep 7/87 was 20
    Largest truncation error: 1.98501e-05
    Energy after sweep 7/87 is -57.130023726641
    Sweep 7/87 CPU time = 6.109s (Wall time = 0.778s)

    vN Entropy at center bond b=75 = 0.965813351526
    Eigs at center bond b=75: 0.7319 0.1116 0.0783 0.0438 0.0234 0.0054 0.0020 0.0013 
    Largest link dim during sweep 8/87 was 40
    Largest truncation error: 1.44279e-06
    Energy after sweep 8/87 is -57.146227136201
    Sweep 8/87 CPU time = 6.895s (Wall time = 0.886s)

    vN Entropy at center bond b=75 = 1.012665716585
    Eigs at center bond b=75: 0.7160 0.1151 0.0824 0.0498 0.0232 0.0057 0.0025 0.0020 0.0010 
    Largest link dim during sweep 9/87 was 40
    Largest truncation error: 2.38639e-06
    Energy after sweep 9/87 is -57.147351234834
    Sweep 9/87 CPU time = 9.110s (Wall time = 1.166s)

    vN Entropy at center bond b=75 = 1.023226452596
    Eigs at center bond b=75: 0.7123 0.1164 0.0825 0.0516 0.0232 0.0057 0.0026 0.0021 0.0011 
    Largest link dim during sweep 10/87 was 40
    Largest truncation error: 2.56297e-06
    Energy after sweep 10/87 is -57.147559405069
    Sweep 10/87 CPU time = 9.023s (Wall time = 1.153s)

    vN Entropy at center bond b=75 = 1.026795297134
    Eigs at center bond b=75: 0.7111 0.1171 0.0821 0.0524 0.0232 0.0057 0.0026 0.0022 0.0012 
    Largest link dim during sweep 11/87 was 40
    Largest truncation error: 2.63524e-06
    Energy after sweep 11/87 is -57.147669041609
    Sweep 11/87 CPU time = 8.982s (Wall time = 1.158s)

    vN Entropy at center bond b=75 = 1.028922928478
    Eigs at center bond b=75: 0.7103 0.1175 0.0817 0.0531 0.0232 0.0057 0.0026 0.0023 0.0012 
    Largest link dim during sweep 12/87 was 40
    Largest truncation error: 2.67153e-06
    Energy after sweep 12/87 is -57.147760263123
    Sweep 12/87 CPU time = 9.003s (Wall time = 1.152s)

    vN Entropy at center bond b=75 = 1.030681239964
    Eigs at center bond b=75: 0.7097 0.1178 0.0813 0.0538 0.0232 0.0057 0.0025 0.0023 0.0012 
    Largest link dim during sweep 13/87 was 40
    Largest truncation error: 2.69861e-06
    Energy after sweep 13/87 is -57.147842369831
    Sweep 13/87 CPU time = 8.981s (Wall time = 1.147s)

    vN Entropy at center bond b=75 = 1.032272736356
    Eigs at center bond b=75: 0.7091 0.1181 0.0809 0.0545 0.0232 0.0057 0.0025 0.0023 0.0012 0.0010 
    Largest link dim during sweep 14/87 was 40
    Largest truncation error: 2.72249e-06
    Energy after sweep 14/87 is -57.147909904400
    Sweep 14/87 CPU time = 8.957s (Wall time = 1.150s)

    vN Entropy at center bond b=75 = 1.043369899057
    Eigs at center bond b=75: 0.7056 0.1191 0.0811 0.0559 0.0232 0.0058 0.0027 0.0025 0.0013 0.0011 
    Largest link dim during sweep 15/87 was 54
    Largest truncation error: 8.17437e-07
    Energy after sweep 15/87 is -57.149387248633
    Sweep 15/87 CPU time = 12.27s (Wall time = 1.581s)

    vN Entropy at center bond b=75 = 1.054580508586
    Eigs at center bond b=75: 0.7018 0.1211 0.0805 0.0576 0.0231 0.0058 0.0029 0.0027 0.0014 0.0012 
    Largest link dim during sweep 16/87 was 57
    Largest truncation error: 8.19632e-07
    Energy after sweep 16/87 is -57.149740462221
    Sweep 16/87 CPU time = 14.12s (Wall time = 1.810s)

    vN Entropy at center bond b=75 = 1.060923934002
    Eigs at center bond b=75: 0.6995 0.1227 0.0796 0.0590 0.0231 0.0058 0.0030 0.0028 0.0014 0.0013 
    Largest link dim during sweep 17/87 was 60
    Largest truncation error: 8.21888e-07
    Energy after sweep 17/87 is -57.149949448428
    Sweep 17/87 CPU time = 14.71s (Wall time = 1.883s)

    vN Entropy at center bond b=75 = 1.065319443897
    Eigs at center bond b=75: 0.6979 0.1238 0.0786 0.0602 0.0230 0.0058 0.0031 0.0028 0.0015 0.0013 
    Largest link dim during sweep 18/87 was 62
    Largest truncation error: 8.23893e-07
    Energy after sweep 18/87 is -57.150093171944
    Sweep 18/87 CPU time = 15.10s (Wall time = 1.940s)

    vN Entropy at center bond b=75 = 1.068490665517
    Eigs at center bond b=75: 0.6967 0.1247 0.0777 0.0612 0.0230 0.0058 0.0032 0.0028 0.0015 0.0014 
    Largest link dim during sweep 19/87 was 63
    Largest truncation error: 8.24733e-07
    Energy after sweep 19/87 is -57.150197827686
    Sweep 19/87 CPU time = 15.37s (Wall time = 1.971s)

    vN Entropy at center bond b=75 = 1.070831812597
    Eigs at center bond b=75: 0.6958 0.1253 0.0769 0.0621 0.0230 0.0058 0.0033 0.0028 0.0015 0.0014 
    Largest link dim during sweep 20/87 was 64
    Largest truncation error: 8.2553e-07
    Energy after sweep 20/87 is -57.150267807156
    Sweep 20/87 CPU time = 15.57s (Wall time = 1.993s)

    vN Entropy at center bond b=75 = 1.072501571536
    Eigs at center bond b=75: 0.6952 0.1257 0.0763 0.0629 0.0230 0.0058 0.0033 0.0027 0.0016 0.0014 
    Largest link dim during sweep 21/87 was 64
    Largest truncation error: 8.26087e-07
    Energy after sweep 21/87 is -57.150318201618
    Sweep 21/87 CPU time = 15.79s (Wall time = 2.020s)

    vN Entropy at center bond b=75 = 1.073688256166
    Eigs at center bond b=75: 0.6948 0.1260 0.0758 0.0635 0.0230 0.0058 0.0034 0.0027 0.0016 0.0014 
    Largest link dim during sweep 22/87 was 65
    Largest truncation error: 8.26474e-07
    Energy after sweep 22/87 is -57.150356127848
    Sweep 22/87 CPU time = 15.76s (Wall time = 2.028s)

    vN Entropy at center bond b=75 = 1.074500138805
    Eigs at center bond b=75: 0.6945 0.1262 0.0754 0.0639 0.0230 0.0058 0.0034 0.0027 0.0016 0.0014 
    Largest link dim during sweep 23/87 was 65
    Largest truncation error: 8.26838e-07
    Energy after sweep 23/87 is -57.150380858657
    Sweep 23/87 CPU time = 15.85s (Wall time = 2.029s)

    vN Entropy at center bond b=75 = 1.075107461335
    Eigs at center bond b=75: 0.6942 0.1264 0.0750 0.0643 0.0230 0.0058 0.0034 0.0027 0.0016 0.0015 
    Largest link dim during sweep 24/87 was 65
    Largest truncation error: 8.27107e-07
    Energy after sweep 24/87 is -57.150395915989
    Sweep 24/87 CPU time = 15.88s (Wall time = 2.037s)

    vN Entropy at center bond b=75 = 1.075518616263
    Eigs at center bond b=75: 0.6941 0.1265 0.0748 0.0646 0.0230 0.0058 0.0034 0.0027 0.0016 0.0015 
    Largest link dim during sweep 25/87 was 65
    Largest truncation error: 8.27273e-07
    Energy after sweep 25/87 is -57.150407984117
    Sweep 25/87 CPU time = 15.93s (Wall time = 2.038s)

    vN Entropy at center bond b=75 = 1.075832682508
    Eigs at center bond b=75: 0.6940 0.1266 0.0746 0.0648 0.0230 0.0058 0.0034 0.0027 0.0016 0.0015 
    Largest link dim during sweep 26/87 was 65
    Largest truncation error: 8.27379e-07
    Energy after sweep 26/87 is -57.150416514156
    Sweep 26/87 CPU time = 15.94s (Wall time = 2.041s)

    vN Entropy at center bond b=75 = 1.076035920268
    Eigs at center bond b=75: 0.6939 0.1266 0.0745 0.0649 0.0230 0.0058 0.0034 0.0027 0.0016 0.0015 
    Largest link dim during sweep 27/87 was 65
    Largest truncation error: 8.27456e-07
    Energy after sweep 27/87 is -57.150421646301
    Sweep 27/87 CPU time = 15.97s (Wall time = 2.063s)

    vN Entropy at center bond b=75 = 1.076189945730
    Eigs at center bond b=75: 0.6938 0.1267 0.0744 0.0650 0.0230 0.0058 0.0034 0.0027 0.0016 0.0015 
    Largest link dim during sweep 28/87 was 65
    Largest truncation error: 8.27512e-07
    Energy after sweep 28/87 is -57.150425906003
    Sweep 28/87 CPU time = 16.18s (Wall time = 2.078s)

    vN Entropy at center bond b=75 = 1.076292714761
    Eigs at center bond b=75: 0.6938 0.1267 0.0743 0.0651 0.0230 0.0058 0.0034 0.0027 0.0016 0.0015 
    Largest link dim during sweep 29/87 was 65
    Largest truncation error: 8.27548e-07
    Energy after sweep 29/87 is -57.150428719472
    Sweep 29/87 CPU time = 16.27s (Wall time = 2.082s)

    vN Entropy at center bond b=75 = 1.076378160410
    Eigs at center bond b=75: 0.6938 0.1267 0.0742 0.0652 0.0230 0.0058 0.0034 0.0027 0.0016 0.0015 
    Largest link dim during sweep 30/87 was 65
    Largest truncation error: 8.27578e-07
    Energy after sweep 30/87 is -57.150430895359
    Sweep 30/87 CPU time = 16.33s (Wall time = 2.102s)

    vN Entropy at center bond b=75 = 1.076442998193
    Eigs at center bond b=75: 0.6938 0.1267 0.0742 0.0652 0.0230 0.0058 0.0034 0.0027 0.0016 0.0015 
    Largest link dim during sweep 31/87 was 65
    Largest truncation error: 8.27603e-07
    Energy after sweep 31/87 is -57.150432422595
    Sweep 31/87 CPU time = 16.22s (Wall time = 2.081s)

    vN Entropy at center bond b=75 = 1.076487731659
    Eigs at center bond b=75: 0.6937 0.1267 0.0741 0.0653 0.0230 0.0058 0.0034 0.0027 0.0016 0.0015 
    Largest link dim during sweep 32/87 was 65
    Largest truncation error: 8.2762e-07
    Energy after sweep 32/87 is -57.150434092365
    Sweep 32/87 CPU time = 16.38s (Wall time = 2.101s)

    vN Entropy at center bond b=75 = 1.076520379581
    Eigs at center bond b=75: 0.6937 0.1267 0.0741 0.0653 0.0230 0.0058 0.0034 0.0027 0.0016 0.0015 
    Largest link dim during sweep 33/87 was 65
    Largest truncation error: 8.2763e-07
    Energy after sweep 33/87 is -57.150434794254
    Sweep 33/87 CPU time = 16.39s (Wall time = 2.106s)

    vN Entropy at center bond b=75 = 1.076542188427
    Eigs at center bond b=75: 0.6937 0.1268 0.0741 0.0653 0.0230 0.0058 0.0034 0.0027 0.0016 0.0015 
    Largest link dim during sweep 34/87 was 65
    Largest truncation error: 8.27637e-07
    Energy after sweep 34/87 is -57.150435310670
    Sweep 34/87 CPU time = 16.38s (Wall time = 2.102s)

    vN Entropy at center bond b=75 = 1.076574390547
    Eigs at center bond b=75: 0.6937 0.1268 0.0741 0.0653 0.0230 0.0058 0.0034 0.0027 0.0016 0.0015 
    Largest link dim during sweep 35/87 was 65
    Largest truncation error: 8.27647e-07
    Energy after sweep 35/87 is -57.150436309795
    Sweep 35/87 CPU time = 16.24s (Wall time = 2.080s)

    vN Entropy at center bond b=75 = 1.076600209894
    Eigs at center bond b=75: 0.6937 0.1268 0.0741 0.0653 0.0230 0.0058 0.0034 0.0027 0.0016 0.0015 
    Largest link dim during sweep 36/87 was 65
    Largest truncation error: 8.27655e-07
    Energy after sweep 36/87 is -57.150437560354
    Sweep 36/87 CPU time = 16.47s (Wall time = 2.114s)

    vN Entropy at center bond b=75 = 1.092153775655
    Eigs at center bond b=75: 0.6888 0.1293 0.0744 0.0660 0.0229 0.0059 0.0040 0.0029 0.0017 0.0017 
    Largest link dim during sweep 37/87 was 138
    Largest truncation error: 8.0252e-09
    Energy after sweep 37/87 is -57.151752912079
    Sweep 37/87 CPU time = 56.65s (Wall time = 7.395s)

    vN Entropy at center bond b=75 = 1.108954628624
    Eigs at center bond b=75: 0.6835 0.1329 0.0738 0.0665 0.0227 0.0059 0.0049 0.0030 0.0019 0.0019 
    Largest link dim during sweep 38/87 was 160
    Largest truncation error: 9.75392e-09
    Energy after sweep 38/87 is -57.151827776917
    Sweep 38/87 CPU time = 2m, 3.5s (Wall time = 16.93s)

    vN Entropy at center bond b=75 = 1.112416519335
    Eigs at center bond b=75: 0.6826 0.1335 0.0737 0.0665 0.0227 0.0059 0.0051 0.0030 0.0020 0.0019 
    Largest link dim during sweep 39/87 was 160
    Largest truncation error: 1.16572e-08
    Energy after sweep 39/87 is -57.151833792332
    Sweep 39/87 CPU time = 2m, 18.2s (Wall time = 18.74s)

    vN Entropy at center bond b=75 = 1.113047758014
    Eigs at center bond b=75: 0.6824 0.1336 0.0736 0.0666 0.0227 0.0059 0.0052 0.0030 0.0020 0.0019 
    Largest link dim during sweep 40/87 was 160
    Largest truncation error: 1.21086e-08
    Energy after sweep 40/87 is -57.151834907193
    Sweep 40/87 CPU time = 2m, 20.3s (Wall time = 19.12s)

    vN Entropy at center bond b=75 = 1.113226406100
    Eigs at center bond b=75: 0.6824 0.1336 0.0736 0.0666 0.0227 0.0059 0.0052 0.0030 0.0020 0.0019 
    Largest link dim during sweep 41/87 was 160
    Largest truncation error: 1.22208e-08
    Energy after sweep 41/87 is -57.151835253015
    Sweep 41/87 CPU time = 2m, 21.1s (Wall time = 19.27s)

    vN Entropy at center bond b=75 = 1.113288209348
    Eigs at center bond b=75: 0.6824 0.1337 0.0736 0.0666 0.0227 0.0059 0.0052 0.0030 0.0020 0.0019 
    Largest link dim during sweep 42/87 was 160
    Largest truncation error: 1.22514e-08
    Energy after sweep 42/87 is -57.151835380067
    Sweep 42/87 CPU time = 2m, 23.2s (Wall time = 19.56s)

    vN Entropy at center bond b=75 = 1.113314398963
    Eigs at center bond b=75: 0.6824 0.1337 0.0736 0.0666 0.0227 0.0059 0.0052 0.0030 0.0020 0.0019 
    Largest link dim during sweep 43/87 was 160
    Largest truncation error: 1.22592e-08
    Energy after sweep 43/87 is -57.151835430390
    Sweep 43/87 CPU time = 2m, 23.7s (Wall time = 19.70s)

    vN Entropy at center bond b=75 = 1.113325672464
    Eigs at center bond b=75: 0.6824 0.1337 0.0736 0.0666 0.0227 0.0059 0.0052 0.0030 0.0020 0.0019 
    Largest link dim during sweep 44/87 was 160
    Largest truncation error: 1.22632e-08
    Energy after sweep 44/87 is -57.151835460433
    Sweep 44/87 CPU time = 2m, 23.0s (Wall time = 19.69s)

    vN Entropy at center bond b=75 = 1.113330775662
    Eigs at center bond b=75: 0.6824 0.1337 0.0736 0.0666 0.0227 0.0059 0.0052 0.0030 0.0020 0.0019 
    Largest link dim during sweep 45/87 was 160
    Largest truncation error: 1.23054e-08
    Energy after sweep 45/87 is -57.151835474754
    Sweep 45/87 CPU time = 2m, 21.9s (Wall time = 19.44s)

    vN Entropy at center bond b=75 = 1.113332944302
    Eigs at center bond b=75: 0.6824 0.1337 0.0736 0.0666 0.0227 0.0059 0.0052 0.0030 0.0020 0.0019 
    Largest link dim during sweep 46/87 was 160
    Largest truncation error: 1.23091e-08
    Energy after sweep 46/87 is -57.151835475395
    Sweep 46/87 CPU time = 2m, 21.9s (Wall time = 19.36s)

    vN Entropy at center bond b=75 = 1.113334002920
    Eigs at center bond b=75: 0.6824 0.1337 0.0736 0.0666 0.0227 0.0059 0.0052 0.0030 0.0020 0.0019 
    Largest link dim during sweep 47/87 was 160
    Largest truncation error: 1.23113e-08
    Energy after sweep 47/87 is -57.151835475552
    Sweep 47/87 CPU time = 2m, 23.9s (Wall time = 19.66s)

    vN Entropy at center bond b=75 = 1.113334454789
    Eigs at center bond b=75: 0.6824 0.1337 0.0736 0.0666 0.0227 0.0059 0.0052 0.0030 0.0020 0.0019 
    Largest link dim during sweep 48/87 was 160
    Largest truncation error: 1.23131e-08
    Energy after sweep 48/87 is -57.151835475612
    Sweep 48/87 CPU time = 2m, 25.0s (Wall time = 20.03s)

    vN Entropy at center bond b=75 = 1.113334710310
    Eigs at center bond b=75: 0.6824 0.1337 0.0736 0.0666 0.0227 0.0059 0.0052 0.0030 0.0020 0.0019 
    Largest link dim during sweep 49/87 was 160
    Largest truncation error: 1.23149e-08
    Energy after sweep 49/87 is -57.151835475450
    Sweep 49/87 CPU time = 2m, 23.9s (Wall time = 19.59s)

    vN Entropy at center bond b=75 = 1.113334869540
    Eigs at center bond b=75: 0.6824 0.1337 0.0736 0.0666 0.0227 0.0059 0.0052 0.0030 0.0020 0.0019 
    Largest link dim during sweep 50/87 was 160
    Largest truncation error: 1.23167e-08
    Energy after sweep 50/87 is -57.151835475130
    Sweep 50/87 CPU time = 2m, 20.1s (Wall time = 19.31s)

    vN Entropy at center bond b=75 = 1.113334959654
    Eigs at center bond b=75: 0.6824 0.1337 0.0736 0.0666 0.0227 0.0059 0.0052 0.0030 0.0020 0.0019 
    Largest link dim during sweep 51/87 was 160
    Largest truncation error: 1.23183e-08
    Energy after sweep 51/87 is -57.151835474681
    Sweep 51/87 CPU time = 2m, 26.8s (Wall time = 20.28s)

    vN Entropy at center bond b=75 = 1.113335002821
    Eigs at center bond b=75: 0.6824 0.1337 0.0736 0.0666 0.0227 0.0059 0.0052 0.0030 0.0020 0.0019 
    Largest link dim during sweep 52/87 was 160
    Largest truncation error: 1.23197e-08
    Energy after sweep 52/87 is -57.151835474234
    Sweep 52/87 CPU time = 2m, 26.0s (Wall time = 20.05s)

    vN Entropy at center bond b=75 = 1.113335025435
    Eigs at center bond b=75: 0.6824 0.1337 0.0736 0.0666 0.0227 0.0059 0.0052 0.0030 0.0020 0.0019 
    Largest link dim during sweep 53/87 was 160
    Largest truncation error: 1.23208e-08
    Energy after sweep 53/87 is -57.151835473899
    Sweep 53/87 CPU time = 2m, 24.7s (Wall time = 19.99s)

    vN Entropy at center bond b=75 = 1.113335042407
    Eigs at center bond b=75: 0.6824 0.1337 0.0736 0.0666 0.0227 0.0059 0.0052 0.0030 0.0020 0.0019 
    Largest link dim during sweep 54/87 was 160
    Largest truncation error: 1.23216e-08
    Energy after sweep 54/87 is -57.151835473659
    Sweep 54/87 CPU time = 2m, 27.5s (Wall time = 20.39s)

    vN Entropy at center bond b=75 = 1.113335056923
    Eigs at center bond b=75: 0.6824 0.1337 0.0736 0.0666 0.0227 0.0059 0.0052 0.0030 0.0020 0.0019 
    Largest link dim during sweep 55/87 was 160
    Largest truncation error: 1.23223e-08
    Energy after sweep 55/87 is -57.151835473465
    Sweep 55/87 CPU time = 2m, 19.6s (Wall time = 19.31s)

    vN Entropy at center bond b=75 = 1.113335069609
    Eigs at center bond b=75: 0.6824 0.1337 0.0736 0.0666 0.0227 0.0059 0.0052 0.0030 0.0020 0.0019 
    Largest link dim during sweep 56/87 was 160
    Largest truncation error: 1.23227e-08
    Energy after sweep 56/87 is -57.151835473291
    Sweep 56/87 CPU time = 2m, 28.0s (Wall time = 20.45s)

    vN Entropy at center bond b=75 = 1.113335082361
    Eigs at center bond b=75: 0.6824 0.1337 0.0736 0.0666 0.0227 0.0059 0.0052 0.0030 0.0020 0.0019 
    Largest link dim during sweep 57/87 was 160
    Largest truncation error: 1.23231e-08
    Energy after sweep 57/87 is -57.151835473131
    Sweep 57/87 CPU time = 2m, 23.7s (Wall time = 19.84s)

    vN Entropy at center bond b=75 = 1.113335099322
    Eigs at center bond b=75: 0.6824 0.1337 0.0736 0.0666 0.0227 0.0059 0.0052 0.0030 0.0020 0.0019 
    Largest link dim during sweep 58/87 was 160
    Largest truncation error: 1.23233e-08
    Energy after sweep 58/87 is -57.151835472985
    Sweep 58/87 CPU time = 2m, 24.3s (Wall time = 19.78s)

    vN Entropy at center bond b=75 = 1.114057571971
    Eigs at center bond b=75: 0.6822 0.1337 0.0736 0.0666 0.0227 0.0059 0.0052 0.0030 0.0020 0.0019 
    Largest link dim during sweep 59/87 was 320
    Largest truncation error: 1.29784e-10
    Energy after sweep 59/87 is -57.151851559542
    Sweep 59/87 CPU time = 7m, 45.7s (Wall time = 1m, 2.5s)

    vN Entropy at center bond b=75 = 1.114390376484
    Eigs at center bond b=75: 0.6821 0.1337 0.0736 0.0666 0.0227 0.0059 0.0052 0.0030 0.0020 0.0019 
    Largest link dim during sweep 60/87 was 320
    Largest truncation error: 2.19633e-10
    Energy after sweep 60/87 is -57.151851804669
    Sweep 60/87 CPU time = 12m, 18s (Wall time = 1m, 37.8s)

    vN Entropy at center bond b=75 = 1.114419269108
    Eigs at center bond b=75: 0.6821 0.1337 0.0736 0.0666 0.0227 0.0059 0.0052 0.0030 0.0020 0.0019 
    Largest link dim during sweep 61/87 was 320
    Largest truncation error: 2.24314e-10
    Energy after sweep 61/87 is -57.151851812534
    Sweep 61/87 CPU time = 11m, 47s (Wall time = 1m, 33.0s)

    vN Entropy at center bond b=75 = 1.114423139350
    Eigs at center bond b=75: 0.6821 0.1337 0.0736 0.0666 0.0227 0.0059 0.0052 0.0030 0.0020 0.0019 
    Largest link dim during sweep 62/87 was 320
    Largest truncation error: 2.25544e-10
    Energy after sweep 62/87 is -57.151851813444
    Sweep 62/87 CPU time = 11m, 52s (Wall time = 1m, 34.7s)

    vN Entropy at center bond b=75 = 1.114423839659
    Eigs at center bond b=75: 0.6821 0.1337 0.0736 0.0666 0.0227 0.0059 0.0052 0.0030 0.0020 0.0019 
    Largest link dim during sweep 63/87 was 320
    Largest truncation error: 2.2568e-10
    Energy after sweep 63/87 is -57.151851813643
    Sweep 63/87 CPU time = 11m, 52s (Wall time = 1m, 34.4s)

    vN Entropy at center bond b=75 = 1.114424017084
    Eigs at center bond b=75: 0.6821 0.1337 0.0736 0.0666 0.0227 0.0059 0.0052 0.0030 0.0020 0.0019 
    Largest link dim during sweep 64/87 was 320
    Largest truncation error: 2.25317e-10
    Energy after sweep 64/87 is -57.151851813753
    Sweep 64/87 CPU time = 11m, 35s (Wall time = 1m, 31.0s)

    vN Entropy at center bond b=75 = 1.114424077858
    Eigs at center bond b=75: 0.6821 0.1337 0.0736 0.0666 0.0227 0.0059 0.0052 0.0030 0.0020 0.0019 
    Largest link dim during sweep 65/87 was 320
    Largest truncation error: 2.25294e-10
    Energy after sweep 65/87 is -57.151851813904
    Sweep 65/87 CPU time = 11m, 23s (Wall time = 1m, 27.8s)

    vN Entropy at center bond b=75 = 1.114424103354
    Eigs at center bond b=75: 0.6821 0.1337 0.0736 0.0666 0.0227 0.0059 0.0052 0.0030 0.0020 0.0019 
    Largest link dim during sweep 66/87 was 320
    Largest truncation error: 2.25344e-10
    Energy after sweep 66/87 is -57.151851813918
    Sweep 66/87 CPU time = 11m, 26s (Wall time = 1m, 27.7s)

    vN Entropy at center bond b=75 = 1.114424116262
    Eigs at center bond b=75: 0.6821 0.1337 0.0736 0.0666 0.0227 0.0059 0.0052 0.0030 0.0020 0.0019 
    Largest link dim during sweep 67/87 was 320
    Largest truncation error: 2.25365e-10
    Energy after sweep 67/87 is -57.151851813949
    Sweep 67/87 CPU time = 11m, 17s (Wall time = 1m, 26.5s)

    vN Entropy at center bond b=75 = 1.114424123733
    Eigs at center bond b=75: 0.6821 0.1337 0.0736 0.0666 0.0227 0.0059 0.0052 0.0030 0.0020 0.0019 
    Largest link dim during sweep 68/87 was 320
    Largest truncation error: 2.25372e-10
    Energy after sweep 68/87 is -57.151851813954
    Sweep 68/87 CPU time = 11m, 28s (Wall time = 1m, 27.9s)

    vN Entropy at center bond b=75 = 1.114424127935
    Eigs at center bond b=75: 0.6821 0.1337 0.0736 0.0666 0.0227 0.0059 0.0052 0.0030 0.0020 0.0019 
    Largest link dim during sweep 69/87 was 320
    Largest truncation error: 2.25375e-10
    Energy after sweep 69/87 is -57.151851813956
    Sweep 69/87 CPU time = 11m, 38s (Wall time = 1m, 29.8s)

    vN Entropy at center bond b=75 = 1.114424130562
    Eigs at center bond b=75: 0.6821 0.1337 0.0736 0.0666 0.0227 0.0059 0.0052 0.0030 0.0020 0.0019 
    Largest link dim during sweep 70/87 was 320
    Largest truncation error: 2.25377e-10
    Energy after sweep 70/87 is -57.151851813957
    Sweep 70/87 CPU time = 12m, 2s (Wall time = 1m, 33.6s)

    vN Entropy at center bond b=75 = 1.114424132348
    Eigs at center bond b=75: 0.6821 0.1337 0.0736 0.0666 0.0227 0.0059 0.0052 0.0030 0.0020 0.0019 
    Largest link dim during sweep 71/87 was 320
    Largest truncation error: 2.25379e-10
    Energy after sweep 71/87 is -57.151851813958
    Sweep 71/87 CPU time = 11m, 51s (Wall time = 1m, 32.0s)

    vN Entropy at center bond b=75 = 1.114424133714
    Eigs at center bond b=75: 0.6821 0.1337 0.0736 0.0666 0.0227 0.0059 0.0052 0.0030 0.0020 0.0019 
    Largest link dim during sweep 72/87 was 320
    Largest truncation error: 2.2538e-10
    Energy after sweep 72/87 is -57.151851813959
    Sweep 72/87 CPU time = 11m, 49s (Wall time = 1m, 31.8s)

    vN Entropy at center bond b=75 = 1.114424134890
    Eigs at center bond b=75: 0.6821 0.1337 0.0736 0.0666 0.0227 0.0059 0.0052 0.0030 0.0020 0.0019 
    Largest link dim during sweep 73/87 was 320
    Largest truncation error: 2.25381e-10
    Energy after sweep 73/87 is -57.151851813960
    Sweep 73/87 CPU time = 11m, 54s (Wall time = 1m, 32.7s)

    vN Entropy at center bond b=75 = 1.114424136048
    Eigs at center bond b=75: 0.6821 0.1337 0.0736 0.0666 0.0227 0.0059 0.0052 0.0030 0.0020 0.0019 
    Largest link dim during sweep 74/87 was 320
    Largest truncation error: 2.25381e-10
    Energy after sweep 74/87 is -57.151851813966
    Sweep 74/87 CPU time = 11m, 29s (Wall time = 1m, 28.0s)

    vN Entropy at center bond b=75 = 1.114435905253
    Eigs at center bond b=75: 0.6821 0.1337 0.0736 0.0666 0.0227 0.0059 0.0052 0.0030 0.0020 0.0019 
    Largest link dim during sweep 75/87 was 640
    Largest truncation error: 1.38797e-12
    Energy after sweep 75/87 is -57.151852099619
    Sweep 75/87 CPU time = 30m, 1s (Wall time = 4m, 2.8s)

    vN Entropy at center bond b=75 = 1.114446122831
    Eigs at center bond b=75: 0.6821 0.1337 0.0736 0.0666 0.0227 0.0059 0.0052 0.0030 0.0020 0.0019 
    Largest link dim during sweep 76/87 was 640
    Largest truncation error: 2.29835e-12
    Energy after sweep 76/87 is -57.151852105264
    Sweep 76/87 CPU time = 42m, 34s (Wall time = 5m, 41.1s)

    vN Entropy at center bond b=75 = 1.114448480192
    Eigs at center bond b=75: 0.6821 0.1337 0.0736 0.0666 0.0227 0.0059 0.0052 0.0030 0.0020 0.0019 
    Largest link dim during sweep 77/87 was 640
    Largest truncation error: 2.29323e-12
    Energy after sweep 77/87 is -57.151852105584
    Sweep 77/87 CPU time = 41m, 37s (Wall time = 5m, 35.5s)

    vN Entropy at center bond b=75 = 1.114449179628
    Eigs at center bond b=75: 0.6821 0.1337 0.0736 0.0666 0.0227 0.0059 0.0052 0.0030 0.0020 0.0019 
    Largest link dim during sweep 78/87 was 640
    Largest truncation error: 2.32282e-12
    Energy after sweep 78/87 is -57.151852105634
    Sweep 78/87 CPU time = 41m, 34s (Wall time = 5m, 35.9s)

    vN Entropy at center bond b=75 = 1.114449405670
    Eigs at center bond b=75: 0.6821 0.1337 0.0736 0.0666 0.0227 0.0059 0.0052 0.0030 0.0020 0.0019 
    Largest link dim during sweep 79/87 was 640
    Largest truncation error: 2.33223e-12
    Energy after sweep 79/87 is -57.151852105647
    Sweep 79/87 CPU time = 41m, 24s (Wall time = 5m, 34.7s)

    vN Entropy at center bond b=75 = 1.114449481850
    Eigs at center bond b=75: 0.6821 0.1337 0.0736 0.0666 0.0227 0.0059 0.0052 0.0030 0.0020 0.0019 
    Largest link dim during sweep 80/87 was 640
    Largest truncation error: 2.3252e-12
    Energy after sweep 80/87 is -57.151852105652
    Sweep 80/87 CPU time = 41m, 2s (Wall time = 5m, 31.3s)

    vN Entropy at center bond b=75 = 1.114449508893
    Eigs at center bond b=75: 0.6821 0.1337 0.0736 0.0666 0.0227 0.0059 0.0052 0.0030 0.0020 0.0019 
    Largest link dim during sweep 81/87 was 640
    Largest truncation error: 2.31528e-12
    Energy after sweep 81/87 is -57.151852105655
    Sweep 81/87 CPU time = 40m, 54s (Wall time = 5m, 30.3s)

    vN Entropy at center bond b=75 = 1.114449518959
    Eigs at center bond b=75: 0.6821 0.1337 0.0736 0.0666 0.0227 0.0059 0.0052 0.0030 0.0020 0.0019 
    Largest link dim during sweep 82/87 was 640
    Largest truncation error: 2.31057e-12
    Energy after sweep 82/87 is -57.151852105654
    Sweep 82/87 CPU time = 40m, 47s (Wall time = 5m, 29.8s)

    vN Entropy at center bond b=75 = 1.114449537539
    Eigs at center bond b=75: 0.6821 0.1337 0.0736 0.0666 0.0227 0.0059 0.0052 0.0030 0.0020 0.0019 
    Largest link dim during sweep 83/87 was 700
    Largest truncation error: 8.03161e-13
    Energy after sweep 83/87 is -57.151852106299
    Sweep 83/87 CPU time = 40m, 44s (Wall time = 5m, 29.2s)

    vN Entropy at center bond b=75 = 1.114449729645
    Eigs at center bond b=75: 0.6821 0.1337 0.0736 0.0666 0.0227 0.0059 0.0052 0.0030 0.0020 0.0019 
    Largest link dim during sweep 84/87 was 1280
    Largest truncation error: 8.04763e-15
    Energy after sweep 84/87 is -57.151852109541
    Sweep 84/87 CPU time = 1h, 41m, 28s (Wall time = 13m, 47s)

    vN Entropy at center bond b=75 = 1.114449883246
    Eigs at center bond b=75: 0.6821 0.1337 0.0736 0.0666 0.0227 0.0059 0.0052 0.0030 0.0020 0.0019 
    Largest link dim during sweep 85/87 was 1280
    Largest truncation error: 1.25236e-14
    Energy after sweep 85/87 is -57.151852109613
    Sweep 85/87 CPU time = 2h, 37m, 42s (Wall time = 24m, 20s)

    vN Entropy at center bond b=75 = 1.114449921559
    Eigs at center bond b=75: 0.6821 0.1337 0.0736 0.0666 0.0227 0.0059 0.0052 0.0030 0.0020 0.0019 
    Largest link dim during sweep 86/87 was 1280
    Largest truncation error: 1.18604e-14
    Energy after sweep 86/87 is -57.151852109616
    Sweep 86/87 CPU time = 2h, 36m, 41s (Wall time = 22m, 47s)

    vN Entropy at center bond b=75 = 1.114449933270
    Eigs at center bond b=75: 0.6821 0.1337 0.0736 0.0666 0.0227 0.0059 0.0052 0.0030 0.0020 0.0019 
    Largest link dim during sweep 87/87 was 1280
    Largest truncation error: 1.16591e-14
    Energy after sweep 87/87 is -57.151852109616
    Sweep 87/87 CPU time = 2h, 33m, 31s (Wall time = 22m, 17s)
Initial energy = 1470.00000

Ground State Energy = -57.1518521096
run_outputs/outputpsi/N_150_sweep_87_t_0.030000_J_1.000000_V_0.600000_D_0.018000_U_10.000000_mu_0.000000_E_0.000000 converge
Wall-clock time (s) = 27047.446206
