//////////////////////////
Reading input file ......

Got input.N = 90
Got input.t = 0.03
Got input.J = 1
Got input.V = 0.6
Got input.D = 0.018
Got input.U = 1.1
Got input.mu = 0
Got input.E = 0
Got input.nsweeps = 87
Sweeps:
1  MaxDim=20, MinDim=20, Cutoff=1.0E-06, Niter=8, Noise=1.0E-05
2  MaxDim=20, MinDim=20, Cutoff=1.0E-06, Niter=8, Noise=1.0E-05
3  MaxDim=20, MinDim=20, Cutoff=1.0E-06, Niter=8, Noise=1.0E-05
4  MaxDim=20, MinDim=20, Cutoff=1.0E-06, Niter=8, Noise=1.0E-05
5  MaxDim=20, MinDim=20, Cutoff=1.0E-06, Niter=8, Noise=1.0E-05
6  MaxDim=20, MinDim=20, Cutoff=1.0E-06, Niter=8, Noise=1.0E-05
7  MaxDim=20, MinDim=20, Cutoff=1.0E-06, Niter=8, Noise=1.0E-05
8  MaxDim=40, MinDim=20, Cutoff=1.0E-06, Niter=4, Noise=1.0E-05
9  MaxDim=40, MinDim=20, Cutoff=1.0E-06, Niter=4, Noise=1.0E-05
10  MaxDim=40, MinDim=20, Cutoff=1.0E-06, Niter=4, Noise=1.0E-05
11  MaxDim=40, MinDim=20, Cutoff=1.0E-06, Niter=4, Noise=1.0E-05
12  MaxDim=40, MinDim=20, Cutoff=1.0E-06, Niter=4, Noise=1.0E-05
13  MaxDim=40, MinDim=20, Cutoff=1.0E-06, Niter=4, Noise=1.0E-05
14  MaxDim=40, MinDim=20, Cutoff=1.0E-06, Niter=4, Noise=1.0E-05
15  MaxDim=80, MinDim=10, Cutoff=1.0E-06, Niter=4, Noise=1.0E-05
16  MaxDim=80, MinDim=10, Cutoff=1.0E-06, Niter=4, Noise=1.0E-05
17  MaxDim=80, MinDim=10, Cutoff=1.0E-06, Niter=4, Noise=1.0E-05
18  MaxDim=80, MinDim=10, Cutoff=1.0E-06, Niter=4, Noise=1.0E-05
19  MaxDim=80, MinDim=10, Cutoff=1.0E-06, Niter=4, Noise=1.0E-05
20  MaxDim=80, MinDim=10, Cutoff=1.0E-06, Niter=4, Noise=1.0E-05
21  MaxDim=80, MinDim=10, Cutoff=1.0E-06, Niter=4, Noise=1.0E-05
22  MaxDim=80, MinDim=10, Cutoff=1.0E-06, Niter=4, Noise=1.0E-05
23  MaxDim=80, MinDim=10, Cutoff=1.0E-06, Niter=4, Noise=1.0E-05
24  MaxDim=80, MinDim=10, Cutoff=1.0E-06, Niter=4, Noise=1.0E-05
25  MaxDim=80, MinDim=10, Cutoff=1.0E-06, Niter=4, Noise=1.0E-05
26  MaxDim=80, MinDim=10, Cutoff=1.0E-06, Niter=4, Noise=1.0E-05
27  MaxDim=80, MinDim=10, Cutoff=1.0E-06, Niter=4, Noise=1.0E-05
28  MaxDim=80, MinDim=10, Cutoff=1.0E-06, Niter=4, Noise=1.0E-05
29  MaxDim=80, MinDim=10, Cutoff=1.0E-06, Niter=4, Noise=1.0E-05
30  MaxDim=80, MinDim=10, Cutoff=1.0E-06, Niter=4, Noise=1.0E-05
31  MaxDim=80, MinDim=10, Cutoff=1.0E-06, Niter=4, Noise=1.0E-05
32  MaxDim=80, MinDim=10, Cutoff=1.0E-06, Niter=4, Noise=1.0E-05
33  MaxDim=80, MinDim=10, Cutoff=1.0E-06, Niter=4, Noise=1.0E-05
34  MaxDim=80, MinDim=10, Cutoff=1.0E-06, Niter=4, Noise=1.0E-05
35  MaxDim=80, MinDim=10, Cutoff=1.0E-06, Niter=4, Noise=1.0E-05
36  MaxDim=80, MinDim=10, Cutoff=1.0E-06, Niter=4, Noise=1.0E-05
37  MaxDim=160, MinDim=10, Cutoff=1.0E-08, Niter=4, Noise=1.0E-06
38  MaxDim=160, MinDim=10, Cutoff=1.0E-08, Niter=4, Noise=1.0E-06
39  MaxDim=160, MinDim=10, Cutoff=1.0E-08, Niter=4, Noise=1.0E-06
40  MaxDim=160, MinDim=10, Cutoff=1.0E-08, Niter=4, Noise=1.0E-06
41  MaxDim=160, MinDim=10, Cutoff=1.0E-08, Niter=4, Noise=1.0E-06
42  MaxDim=160, MinDim=10, Cutoff=1.0E-08, Niter=4, Noise=1.0E-06
43  MaxDim=160, MinDim=10, Cutoff=1.0E-08, Niter=4, Noise=1.0E-06
44  MaxDim=160, MinDim=10, Cutoff=1.0E-08, Niter=4, Noise=1.0E-06
45  MaxDim=160, MinDim=10, Cutoff=1.0E-08, Niter=4, Noise=1.0E-06
46  MaxDim=160, MinDim=10, Cutoff=1.0E-08, Niter=4, Noise=1.0E-06
47  MaxDim=160, MinDim=10, Cutoff=1.0E-08, Niter=4, Noise=1.0E-06
48  MaxDim=160, MinDim=10, Cutoff=1.0E-08, Niter=4, Noise=1.0E-06
49  MaxDim=160, MinDim=10, Cutoff=1.0E-08, Niter=4, Noise=1.0E-06
50  MaxDim=160, MinDim=10, Cutoff=1.0E-08, Niter=4, Noise=1.0E-06
51  MaxDim=160, MinDim=10, Cutoff=1.0E-08, Niter=4, Noise=1.0E-06
52  MaxDim=160, MinDim=10, Cutoff=1.0E-08, Niter=4, Noise=1.0E-06
53  MaxDim=160, MinDim=10, Cutoff=1.0E-08, Niter=4, Noise=1.0E-06
54  MaxDim=160, MinDim=10, Cutoff=1.0E-08, Niter=4, Noise=1.0E-06
55  MaxDim=160, MinDim=10, Cutoff=1.0E-08, Niter=4, Noise=1.0E-06
56  MaxDim=160, MinDim=10, Cutoff=1.0E-08, Niter=4, Noise=1.0E-06
57  MaxDim=160, MinDim=10, Cutoff=1.0E-08, Niter=4, Noise=1.0E-06
58  MaxDim=160, MinDim=10, Cutoff=1.0E-08, Niter=4, Noise=1.0E-06
59  MaxDim=320, MinDim=10, Cutoff=1.0E-10, Niter=4, Noise=1.0E-07
60  MaxDim=320, MinDim=10, Cutoff=1.0E-10, Niter=4, Noise=1.0E-07
61  MaxDim=320, MinDim=10, Cutoff=1.0E-10, Niter=4, Noise=1.0E-07
62  MaxDim=320, MinDim=10, Cutoff=1.0E-10, Niter=4, Noise=1.0E-07
63  MaxDim=320, MinDim=10, Cutoff=1.0E-10, Niter=4, Noise=1.0E-07
64  MaxDim=320, MinDim=10, Cutoff=1.0E-10, Niter=4, Noise=1.0E-07
65  MaxDim=320, MinDim=10, Cutoff=1.0E-10, Niter=4, Noise=1.0E-07
66  MaxDim=320, MinDim=10, Cutoff=1.0E-10, Niter=4, Noise=1.0E-07
67  MaxDim=320, MinDim=10, Cutoff=1.0E-10, Niter=4, Noise=1.0E-07
68  MaxDim=320, MinDim=10, Cutoff=1.0E-10, Niter=4, Noise=1.0E-07
69  MaxDim=320, MinDim=10, Cutoff=1.0E-10, Niter=4, Noise=1.0E-07
70  MaxDim=320, MinDim=10, Cutoff=1.0E-10, Niter=4, Noise=1.0E-07
71  MaxDim=320, MinDim=10, Cutoff=1.0E-10, Niter=4, Noise=1.0E-07
72  MaxDim=320, MinDim=10, Cutoff=1.0E-10, Niter=4, Noise=1.0E-07
73  MaxDim=320, MinDim=10, Cutoff=1.0E-10, Niter=4, Noise=1.0E-07
74  MaxDim=320, MinDim=10, Cutoff=1.0E-10, Niter=4, Noise=1.0E-07
75  MaxDim=640, MinDim=10, Cutoff=1.0E-12, Niter=2, Noise=1.0E-08
76  MaxDim=640, MinDim=10, Cutoff=1.0E-12, Niter=2, Noise=1.0E-08
77  MaxDim=640, MinDim=10, Cutoff=1.0E-12, Niter=2, Noise=1.0E-08
78  MaxDim=640, MinDim=10, Cutoff=1.0E-12, Niter=2, Noise=1.0E-08
79  MaxDim=640, MinDim=10, Cutoff=1.0E-12, Niter=2, Noise=1.0E-08
80  MaxDim=640, MinDim=10, Cutoff=1.0E-12, Niter=2, Noise=1.0E-08
81  MaxDim=640, MinDim=10, Cutoff=1.0E-12, Niter=2, Noise=1.0E-08
82  MaxDim=640, MinDim=10, Cutoff=1.0E-12, Niter=2, Noise=1.0E-08
83  MaxDim=1280, MinDim=10, Cutoff=1.0E-12, Niter=2, Noise=0.0E+00
84  MaxDim=1280, MinDim=10, Cutoff=1.0E-14, Niter=2, Noise=0.0E+00
85  MaxDim=1280, MinDim=10, Cutoff=1.0E-14, Niter=2, Noise=0.0E+00
86  MaxDim=1280, MinDim=10, Cutoff=1.0E-14, Niter=2, Noise=0.0E+00
87  MaxDim=1280, MinDim=10, Cutoff=1.0E-14, Niter=2, Noise=0.0E+00


    vN Entropy at center bond b=45 = 0.524699447253
    Eigs at center bond b=45: 0.8412 0.1366 0.0144 0.0052 0.0013 
    Largest link dim during sweep 1/87 was 20
    Largest truncation error: 5.5101e-06
    Energy after sweep 1/87 is -47.228876929781
    Sweep 1/87 CPU time = 2.558s (Wall time = 0.335s)

    vN Entropy at center bond b=45 = 0.764129902449
    Eigs at center bond b=45: 0.7545 0.1848 0.0397 0.0083 0.0058 0.0046 0.0011 
    Largest link dim during sweep 2/87 was 20
    Largest truncation error: 1.08774e-05
    Energy after sweep 2/87 is -47.252843981726
    Sweep 2/87 CPU time = 3.558s (Wall time = 0.455s)

    vN Entropy at center bond b=45 = 0.919690854638
    Eigs at center bond b=45: 0.6628 0.2583 0.0470 0.0166 0.0068 0.0045 0.0022 0.0011 
    Largest link dim during sweep 3/87 was 20
    Largest truncation error: 1.71111e-05
    Energy after sweep 3/87 is -47.256381833555
    Sweep 3/87 CPU time = 3.547s (Wall time = 0.455s)

    vN Entropy at center bond b=45 = 1.006246611301
    Eigs at center bond b=45: 0.5794 0.3340 0.0453 0.0252 0.0064 0.0038 0.0032 0.0018 
    Largest link dim during sweep 4/87 was 20
    Largest truncation error: 2.15471e-05
    Energy after sweep 4/87 is -47.257691108921
    Sweep 4/87 CPU time = 3.915s (Wall time = 0.508s)

    vN Entropy at center bond b=45 = 1.031836045388
    Eigs at center bond b=45: 0.5398 0.3716 0.0428 0.0296 0.0061 0.0040 0.0032 0.0022 
    Largest link dim during sweep 5/87 was 20
    Largest truncation error: 2.26325e-05
    Energy after sweep 5/87 is -47.258004912339
    Sweep 5/87 CPU time = 3.557s (Wall time = 0.453s)

    vN Entropy at center bond b=45 = 1.037942892409
    Eigs at center bond b=45: 0.5262 0.3848 0.0415 0.0310 0.0059 0.0042 0.0031 0.0023 
    Largest link dim during sweep 6/87 was 20
    Largest truncation error: 2.31944e-05
    Energy after sweep 6/87 is -47.258091836251
    Sweep 6/87 CPU time = 3.569s (Wall time = 0.455s)

    vN Entropy at center bond b=45 = 1.039422704221
    Eigs at center bond b=45: 0.5222 0.3889 0.0411 0.0315 0.0059 0.0042 0.0031 0.0023 
    Largest link dim during sweep 7/87 was 20
    Largest truncation error: 2.34083e-05
    Energy after sweep 7/87 is -47.258112116445
    Sweep 7/87 CPU time = 3.537s (Wall time = 0.454s)

    vN Entropy at center bond b=45 = 1.068734587437
    Eigs at center bond b=45: 0.5143 0.3886 0.0436 0.0342 0.0071 0.0051 0.0032 0.0025 
    Largest link dim during sweep 8/87 was 40
    Largest truncation error: 9.11489e-07
    Energy after sweep 8/87 is -47.266892579112
    Sweep 8/87 CPU time = 3.507s (Wall time = 0.453s)

    vN Entropy at center bond b=45 = 1.089487216989
    Eigs at center bond b=45: 0.5087 0.3887 0.0451 0.0360 0.0079 0.0057 0.0033 0.0025 
    Largest link dim during sweep 9/87 was 40
    Largest truncation error: 1.85066e-06
    Energy after sweep 9/87 is -47.267224475080
    Sweep 9/87 CPU time = 4.878s (Wall time = 0.626s)

    vN Entropy at center bond b=45 = 1.091595897133
    Eigs at center bond b=45: 0.5083 0.3886 0.0452 0.0361 0.0080 0.0057 0.0033 0.0026 
    Largest link dim during sweep 10/87 was 40
    Largest truncation error: 1.91844e-06
    Energy after sweep 10/87 is -47.267234778212
    Sweep 10/87 CPU time = 4.903s (Wall time = 0.628s)

    vN Entropy at center bond b=45 = 1.091811897092
    Eigs at center bond b=45: 0.5083 0.3886 0.0452 0.0362 0.0080 0.0057 0.0033 0.0026 
    Largest link dim during sweep 11/87 was 40
    Largest truncation error: 1.93072e-06
    Energy after sweep 11/87 is -47.267235019897
    Sweep 11/87 CPU time = 4.930s (Wall time = 0.629s)

    vN Entropy at center bond b=45 = 1.091846102176
    Eigs at center bond b=45: 0.5083 0.3886 0.0452 0.0362 0.0080 0.0057 0.0033 0.0026 
    Largest link dim during sweep 12/87 was 40
    Largest truncation error: 1.93256e-06
    Energy after sweep 12/87 is -47.267235779981
    Sweep 12/87 CPU time = 5.001s (Wall time = 0.640s)

    vN Entropy at center bond b=45 = 1.091860257348
    Eigs at center bond b=45: 0.5083 0.3886 0.0452 0.0362 0.0080 0.0057 0.0033 0.0026 
    Largest link dim during sweep 13/87 was 40
    Largest truncation error: 1.93305e-06
    Energy after sweep 13/87 is -47.267236620529
    Sweep 13/87 CPU time = 4.953s (Wall time = 0.635s)

    vN Entropy at center bond b=45 = 1.091864246506
    Eigs at center bond b=45: 0.5083 0.3885 0.0452 0.0362 0.0080 0.0057 0.0033 0.0026 
    Largest link dim during sweep 14/87 was 40
    Largest truncation error: 1.93319e-06
    Energy after sweep 14/87 is -47.267236633490
    Sweep 14/87 CPU time = 4.949s (Wall time = 0.633s)

    vN Entropy at center bond b=45 = 1.094137093128
    Eigs at center bond b=45: 0.5079 0.3884 0.0453 0.0363 0.0081 0.0058 0.0033 0.0026 
    Largest link dim during sweep 15/87 was 51
    Largest truncation error: 7.26385e-07
    Energy after sweep 15/87 is -47.267509329539
    Sweep 15/87 CPU time = 5.700s (Wall time = 0.731s)

    vN Entropy at center bond b=45 = 1.095662730031
    Eigs at center bond b=45: 0.5077 0.3883 0.0454 0.0364 0.0082 0.0058 0.0033 0.0026 
    Largest link dim during sweep 16/87 was 53
    Largest truncation error: 7.27235e-07
    Energy after sweep 16/87 is -47.267528155371
    Sweep 16/87 CPU time = 6.068s (Wall time = 0.780s)

    vN Entropy at center bond b=45 = 1.095939113546
    Eigs at center bond b=45: 0.5077 0.3883 0.0454 0.0364 0.0082 0.0058 0.0033 0.0026 
    Largest link dim during sweep 17/87 was 53
    Largest truncation error: 7.27003e-07
    Energy after sweep 17/87 is -47.267531660805
    Sweep 17/87 CPU time = 6.139s (Wall time = 0.790s)

    vN Entropy at center bond b=45 = 1.096040300381
    Eigs at center bond b=45: 0.5076 0.3883 0.0454 0.0364 0.0082 0.0058 0.0033 0.0026 
    Largest link dim during sweep 18/87 was 53
    Largest truncation error: 7.27005e-07
    Energy after sweep 18/87 is -47.267532771383
    Sweep 18/87 CPU time = 6.156s (Wall time = 0.786s)

    vN Entropy at center bond b=45 = 1.096043587497
    Eigs at center bond b=45: 0.5076 0.3883 0.0454 0.0364 0.0082 0.0058 0.0033 0.0026 
    Largest link dim during sweep 19/87 was 53
    Largest truncation error: 7.27011e-07
    Energy after sweep 19/87 is -47.267532867233
    Sweep 19/87 CPU time = 6.135s (Wall time = 0.786s)

    vN Entropy at center bond b=45 = 1.096045314977
    Eigs at center bond b=45: 0.5076 0.3883 0.0454 0.0364 0.0082 0.0058 0.0033 0.0026 
    Largest link dim during sweep 20/87 was 53
    Largest truncation error: 7.27012e-07
    Energy after sweep 20/87 is -47.267532893239
    Sweep 20/87 CPU time = 6.112s (Wall time = 0.786s)

    vN Entropy at center bond b=45 = 1.096045760267
    Eigs at center bond b=45: 0.5076 0.3883 0.0454 0.0364 0.0082 0.0058 0.0033 0.0026 
    Largest link dim during sweep 21/87 was 53
    Largest truncation error: 7.27013e-07
    Energy after sweep 21/87 is -47.267532903768
    Sweep 21/87 CPU time = 6.128s (Wall time = 0.787s)

    vN Entropy at center bond b=45 = 1.096045934236
    Eigs at center bond b=45: 0.5076 0.3883 0.0454 0.0364 0.0082 0.0058 0.0033 0.0026 
    Largest link dim during sweep 22/87 was 53
    Largest truncation error: 7.27012e-07
    Energy after sweep 22/87 is -47.267532911371
    Sweep 22/87 CPU time = 6.092s (Wall time = 0.785s)

    vN Entropy at center bond b=45 = 1.096046204664
    Eigs at center bond b=45: 0.5076 0.3883 0.0454 0.0364 0.0082 0.0058 0.0033 0.0026 
    Largest link dim during sweep 23/87 was 53
    Largest truncation error: 7.2701e-07
    Energy after sweep 23/87 is -47.267532936735
    Sweep 23/87 CPU time = 6.109s (Wall time = 0.785s)

    vN Entropy at center bond b=45 = 1.096047001090
    Eigs at center bond b=45: 0.5076 0.3883 0.0454 0.0364 0.0082 0.0058 0.0033 0.0026 
    Largest link dim during sweep 24/87 was 53
    Largest truncation error: 7.27005e-07
    Energy after sweep 24/87 is -47.267533016911
    Sweep 24/87 CPU time = 6.072s (Wall time = 0.779s)

    vN Entropy at center bond b=45 = 1.096047988340
    Eigs at center bond b=45: 0.5076 0.3883 0.0454 0.0364 0.0082 0.0058 0.0033 0.0026 
    Largest link dim during sweep 25/87 was 53
    Largest truncation error: 7.27e-07
    Energy after sweep 25/87 is -47.267533098009
    Sweep 25/87 CPU time = 6.096s (Wall time = 0.781s)

    vN Entropy at center bond b=45 = 1.096048528978
    Eigs at center bond b=45: 0.5076 0.3883 0.0454 0.0364 0.0082 0.0058 0.0033 0.0026 
    Largest link dim during sweep 26/87 was 53
    Largest truncation error: 7.26998e-07
    Energy after sweep 26/87 is -47.267533137115
    Sweep 26/87 CPU time = 6.113s (Wall time = 0.781s)

    vN Entropy at center bond b=45 = 1.096048718936
    Eigs at center bond b=45: 0.5076 0.3883 0.0454 0.0364 0.0082 0.0058 0.0033 0.0026 
    Largest link dim during sweep 27/87 was 53
    Largest truncation error: 7.26998e-07
    Energy after sweep 27/87 is -47.267533152721
    Sweep 27/87 CPU time = 6.089s (Wall time = 0.781s)

    vN Entropy at center bond b=45 = 1.096051977849
    Eigs at center bond b=45: 0.5076 0.3883 0.0454 0.0364 0.0082 0.0058 0.0033 0.0026 
    Largest link dim during sweep 28/87 was 53
    Largest truncation error: 7.26998e-07
    Energy after sweep 28/87 is -47.267533710398
    Sweep 28/87 CPU time = 6.106s (Wall time = 0.782s)

    vN Entropy at center bond b=45 = 1.096052607773
    Eigs at center bond b=45: 0.5076 0.3883 0.0454 0.0364 0.0082 0.0058 0.0033 0.0026 
    Largest link dim during sweep 29/87 was 53
    Largest truncation error: 7.26987e-07
    Energy after sweep 29/87 is -47.267533742552
    Sweep 29/87 CPU time = 6.124s (Wall time = 0.786s)

    vN Entropy at center bond b=45 = 1.096052760951
    Eigs at center bond b=45: 0.5076 0.3883 0.0454 0.0364 0.0082 0.0058 0.0033 0.0026 
    Largest link dim during sweep 30/87 was 53
    Largest truncation error: 7.26987e-07
    Energy after sweep 30/87 is -47.267533748244
    Sweep 30/87 CPU time = 6.083s (Wall time = 0.778s)

    vN Entropy at center bond b=45 = 1.096052814460
    Eigs at center bond b=45: 0.5076 0.3883 0.0454 0.0364 0.0082 0.0058 0.0033 0.0026 
    Largest link dim during sweep 31/87 was 53
    Largest truncation error: 7.26987e-07
    Energy after sweep 31/87 is -47.267533752482
    Sweep 31/87 CPU time = 6.066s (Wall time = 0.779s)

    vN Entropy at center bond b=45 = 1.096052858719
    Eigs at center bond b=45: 0.5076 0.3883 0.0454 0.0364 0.0082 0.0058 0.0033 0.0026 
    Largest link dim during sweep 32/87 was 53
    Largest truncation error: 7.26987e-07
    Energy after sweep 32/87 is -47.267533761042
    Sweep 32/87 CPU time = 6.095s (Wall time = 0.780s)

    vN Entropy at center bond b=45 = 1.096052953887
    Eigs at center bond b=45: 0.5076 0.3883 0.0454 0.0364 0.0082 0.0058 0.0033 0.0026 
    Largest link dim during sweep 33/87 was 53
    Largest truncation error: 7.26987e-07
    Energy after sweep 33/87 is -47.267533782796
    Sweep 33/87 CPU time = 6.066s (Wall time = 0.780s)

    vN Entropy at center bond b=45 = 1.096053204575
    Eigs at center bond b=45: 0.5076 0.3883 0.0454 0.0364 0.0082 0.0058 0.0033 0.0026 
    Largest link dim during sweep 34/87 was 53
    Largest truncation error: 7.26987e-07
    Energy after sweep 34/87 is -47.267533832947
    Sweep 34/87 CPU time = 6.097s (Wall time = 0.788s)

    vN Entropy at center bond b=45 = 1.096053830843
    Eigs at center bond b=45: 0.5076 0.3883 0.0454 0.0364 0.0082 0.0058 0.0033 0.0026 
    Largest link dim during sweep 35/87 was 53
    Largest truncation error: 7.26987e-07
    Energy after sweep 35/87 is -47.267533921046
    Sweep 35/87 CPU time = 6.082s (Wall time = 0.781s)

    vN Entropy at center bond b=45 = 1.096055211868
    Eigs at center bond b=45: 0.5076 0.3883 0.0454 0.0364 0.0082 0.0058 0.0033 0.0026 
    Largest link dim during sweep 36/87 was 53
    Largest truncation error: 7.26987e-07
    Energy after sweep 36/87 is -47.267534016978
    Sweep 36/87 CPU time = 6.079s (Wall time = 0.779s)

    vN Entropy at center bond b=45 = 1.101552039792
    Eigs at center bond b=45: 0.5067 0.3879 0.0457 0.0367 0.0084 0.0060 0.0033 0.0026 
    Largest link dim during sweep 37/87 was 118
    Largest truncation error: 7.64436e-09
    Energy after sweep 37/87 is -47.267981172604
    Sweep 37/87 CPU time = 19.91s (Wall time = 2.560s)

    vN Entropy at center bond b=45 = 1.102766628147
    Eigs at center bond b=45: 0.5065 0.3879 0.0457 0.0367 0.0084 0.0060 0.0033 0.0026 
    Largest link dim during sweep 38/87 was 128
    Largest truncation error: 7.68933e-09
    Energy after sweep 38/87 is -47.267984952245
    Sweep 38/87 CPU time = 34.18s (Wall time = 4.490s)

    vN Entropy at center bond b=45 = 1.102806919290
    Eigs at center bond b=45: 0.5065 0.3879 0.0457 0.0367 0.0084 0.0060 0.0033 0.0026 
    Largest link dim during sweep 39/87 was 129
    Largest truncation error: 7.69023e-09
    Energy after sweep 39/87 is -47.267985134106
    Sweep 39/87 CPU time = 34.66s (Wall time = 4.444s)

    vN Entropy at center bond b=45 = 1.102810974197
    Eigs at center bond b=45: 0.5065 0.3879 0.0457 0.0367 0.0084 0.0060 0.0033 0.0026 
    Largest link dim during sweep 40/87 was 130
    Largest truncation error: 7.69035e-09
    Energy after sweep 40/87 is -47.267985168384
    Sweep 40/87 CPU time = 34.91s (Wall time = 4.474s)

    vN Entropy at center bond b=45 = 1.102811434051
    Eigs at center bond b=45: 0.5065 0.3879 0.0457 0.0367 0.0084 0.0060 0.0033 0.0026 
    Largest link dim during sweep 41/87 was 130
    Largest truncation error: 7.69037e-09
    Energy after sweep 41/87 is -47.267985169128
    Sweep 41/87 CPU time = 34.98s (Wall time = 4.501s)

    vN Entropy at center bond b=45 = 1.102811470479
    Eigs at center bond b=45: 0.5065 0.3879 0.0457 0.0367 0.0084 0.0060 0.0033 0.0026 
    Largest link dim during sweep 42/87 was 130
    Largest truncation error: 7.69037e-09
    Energy after sweep 42/87 is -47.267985169311
    Sweep 42/87 CPU time = 34.93s (Wall time = 4.479s)

    vN Entropy at center bond b=45 = 1.102811478136
    Eigs at center bond b=45: 0.5065 0.3879 0.0457 0.0367 0.0084 0.0060 0.0033 0.0026 
    Largest link dim during sweep 43/87 was 130
    Largest truncation error: 7.69037e-09
    Energy after sweep 43/87 is -47.267985169394
    Sweep 43/87 CPU time = 36.19s (Wall time = 4.640s)

    vN Entropy at center bond b=45 = 1.102811480490
    Eigs at center bond b=45: 0.5065 0.3879 0.0457 0.0367 0.0084 0.0060 0.0033 0.0026 
    Largest link dim during sweep 44/87 was 130
    Largest truncation error: 7.69037e-09
    Energy after sweep 44/87 is -47.267985169441
    Sweep 44/87 CPU time = 38.92s (Wall time = 4.993s)

    vN Entropy at center bond b=45 = 1.102811479717
    Eigs at center bond b=45: 0.5065 0.3879 0.0457 0.0367 0.0084 0.0060 0.0033 0.0026 
    Largest link dim during sweep 45/87 was 130
    Largest truncation error: 7.69037e-09
    Energy after sweep 45/87 is -47.267985169476
    Sweep 45/87 CPU time = 39.68s (Wall time = 5.097s)

    vN Entropy at center bond b=45 = 1.102811475233
    Eigs at center bond b=45: 0.5065 0.3879 0.0457 0.0367 0.0084 0.0060 0.0033 0.0026 
    Largest link dim during sweep 46/87 was 130
    Largest truncation error: 7.69037e-09
    Energy after sweep 46/87 is -47.267985169524
    Sweep 46/87 CPU time = 39.58s (Wall time = 5.063s)

    vN Entropy at center bond b=45 = 1.102811472384
    Eigs at center bond b=45: 0.5065 0.3879 0.0457 0.0367 0.0084 0.0060 0.0033 0.0026 
    Largest link dim during sweep 47/87 was 130
    Largest truncation error: 7.69037e-09
    Energy after sweep 47/87 is -47.267985169625
    Sweep 47/87 CPU time = 40.42s (Wall time = 5.175s)

    vN Entropy at center bond b=45 = 1.102811475632
    Eigs at center bond b=45: 0.5065 0.3879 0.0457 0.0367 0.0084 0.0060 0.0033 0.0026 
    Largest link dim during sweep 48/87 was 130
    Largest truncation error: 7.69037e-09
    Energy after sweep 48/87 is -47.267985169841
    Sweep 48/87 CPU time = 41.30s (Wall time = 5.293s)

    vN Entropy at center bond b=45 = 1.102811482362
    Eigs at center bond b=45: 0.5065 0.3879 0.0457 0.0367 0.0084 0.0060 0.0033 0.0026 
    Largest link dim during sweep 49/87 was 130
    Largest truncation error: 7.69037e-09
    Energy after sweep 49/87 is -47.267985170096
    Sweep 49/87 CPU time = 39.66s (Wall time = 5.084s)

    vN Entropy at center bond b=45 = 1.102811488134
    Eigs at center bond b=45: 0.5065 0.3879 0.0457 0.0367 0.0084 0.0060 0.0033 0.0026 
    Largest link dim during sweep 50/87 was 130
    Largest truncation error: 7.69037e-09
    Energy after sweep 50/87 is -47.267985170263
    Sweep 50/87 CPU time = 40.15s (Wall time = 5.146s)

    vN Entropy at center bond b=45 = 1.102811491511
    Eigs at center bond b=45: 0.5065 0.3879 0.0457 0.0367 0.0084 0.0060 0.0033 0.0026 
    Largest link dim during sweep 51/87 was 130
    Largest truncation error: 7.69037e-09
    Energy after sweep 51/87 is -47.267985170351
    Sweep 51/87 CPU time = 40.68s (Wall time = 5.224s)

    vN Entropy at center bond b=45 = 1.102811493156
    Eigs at center bond b=45: 0.5065 0.3879 0.0457 0.0367 0.0084 0.0060 0.0033 0.0026 
    Largest link dim during sweep 52/87 was 130
    Largest truncation error: 7.69037e-09
    Energy after sweep 52/87 is -47.267985170395
    Sweep 52/87 CPU time = 40.45s (Wall time = 5.187s)

    vN Entropy at center bond b=45 = 1.102811493864
    Eigs at center bond b=45: 0.5065 0.3879 0.0457 0.0367 0.0084 0.0060 0.0033 0.0026 
    Largest link dim during sweep 53/87 was 130
    Largest truncation error: 7.69037e-09
    Energy after sweep 53/87 is -47.267985170414
    Sweep 53/87 CPU time = 40.29s (Wall time = 5.155s)

    vN Entropy at center bond b=45 = 1.102811494113
    Eigs at center bond b=45: 0.5065 0.3879 0.0457 0.0367 0.0084 0.0060 0.0033 0.0026 
    Largest link dim during sweep 54/87 was 130
    Largest truncation error: 7.69037e-09
    Energy after sweep 54/87 is -47.267985170423
    Sweep 54/87 CPU time = 40.69s (Wall time = 5.219s)

    vN Entropy at center bond b=45 = 1.102811494154
    Eigs at center bond b=45: 0.5065 0.3879 0.0457 0.0367 0.0084 0.0060 0.0033 0.0026 
    Largest link dim during sweep 55/87 was 130
    Largest truncation error: 7.69037e-09
    Energy after sweep 55/87 is -47.267985170426
    Sweep 55/87 CPU time = 40.57s (Wall time = 5.204s)

    vN Entropy at center bond b=45 = 1.102811494107
    Eigs at center bond b=45: 0.5065 0.3879 0.0457 0.0367 0.0084 0.0060 0.0033 0.0026 
    Largest link dim during sweep 56/87 was 130
    Largest truncation error: 7.69037e-09
    Energy after sweep 56/87 is -47.267985170426
    Sweep 56/87 CPU time = 40.54s (Wall time = 5.198s)

    vN Entropy at center bond b=45 = 1.102811494030
    Eigs at center bond b=45: 0.5065 0.3879 0.0457 0.0367 0.0084 0.0060 0.0033 0.0026 
    Largest link dim during sweep 57/87 was 130
    Largest truncation error: 7.69037e-09
    Energy after sweep 57/87 is -47.267985170425
    Sweep 57/87 CPU time = 40.34s (Wall time = 5.180s)

    vN Entropy at center bond b=45 = 1.102811493948
    Eigs at center bond b=45: 0.5065 0.3879 0.0457 0.0367 0.0084 0.0060 0.0033 0.0026 
    Largest link dim during sweep 58/87 was 130
    Largest truncation error: 7.69037e-09
    Energy after sweep 58/87 is -47.267985170424
    Sweep 58/87 CPU time = 40.80s (Wall time = 5.241s)

    vN Entropy at center bond b=45 = 1.102916838583
    Eigs at center bond b=45: 0.5065 0.3878 0.0457 0.0368 0.0084 0.0060 0.0033 0.0026 
    Largest link dim during sweep 59/87 was 248
    Largest truncation error: 7.60647e-11
    Energy after sweep 59/87 is -47.267990061565
    Sweep 59/87 CPU time = 2m, 3.4s (Wall time = 16.73s)

    vN Entropy at center bond b=45 = 1.102927566913
    Eigs at center bond b=45: 0.5065 0.3878 0.0457 0.0368 0.0084 0.0060 0.0033 0.0026 
    Largest link dim during sweep 60/87 was 259
    Largest truncation error: 7.54292e-11
    Energy after sweep 60/87 is -47.267990080546
    Sweep 60/87 CPU time = 3m, 18.1s (Wall time = 25.98s)

    vN Entropy at center bond b=45 = 1.102927756364
    Eigs at center bond b=45: 0.5065 0.3878 0.0457 0.0368 0.0084 0.0060 0.0033 0.0026 
    Largest link dim during sweep 61/87 was 259
    Largest truncation error: 7.59169e-11
    Energy after sweep 61/87 is -47.267990081305
    Sweep 61/87 CPU time = 3m, 17.6s (Wall time = 25.99s)

    vN Entropy at center bond b=45 = 1.102927768234
    Eigs at center bond b=45: 0.5065 0.3878 0.0457 0.0368 0.0084 0.0060 0.0033 0.0026 
    Largest link dim during sweep 62/87 was 259
    Largest truncation error: 7.60015e-11
    Energy after sweep 62/87 is -47.267990081326
    Sweep 62/87 CPU time = 3m, 16.4s (Wall time = 26.20s)

    vN Entropy at center bond b=45 = 1.102927770751
    Eigs at center bond b=45: 0.5065 0.3878 0.0457 0.0368 0.0084 0.0060 0.0033 0.0026 
    Largest link dim during sweep 63/87 was 259
    Largest truncation error: 7.60293e-11
    Energy after sweep 63/87 is -47.267990081345
    Sweep 63/87 CPU time = 3m, 18.1s (Wall time = 26.52s)

    vN Entropy at center bond b=45 = 1.102927771231
    Eigs at center bond b=45: 0.5065 0.3878 0.0457 0.0368 0.0084 0.0060 0.0033 0.0026 
    Largest link dim during sweep 64/87 was 259
    Largest truncation error: 7.60417e-11
    Energy after sweep 64/87 is -47.267990081346
    Sweep 64/87 CPU time = 3m, 17.6s (Wall time = 26.55s)

    vN Entropy at center bond b=45 = 1.102927771258
    Eigs at center bond b=45: 0.5065 0.3878 0.0457 0.0368 0.0084 0.0060 0.0033 0.0026 
    Largest link dim during sweep 65/87 was 259
    Largest truncation error: 7.60478e-11
    Energy after sweep 65/87 is -47.267990081346
    Sweep 65/87 CPU time = 3m, 18.2s (Wall time = 26.73s)

    vN Entropy at center bond b=45 = 1.102927771412
    Eigs at center bond b=45: 0.5065 0.3878 0.0457 0.0368 0.0084 0.0060 0.0033 0.0026 
    Largest link dim during sweep 66/87 was 259
    Largest truncation error: 7.60507e-11
    Energy after sweep 66/87 is -47.267990081387
    Sweep 66/87 CPU time = 3m, 17.2s (Wall time = 26.57s)

    vN Entropy at center bond b=45 = 1.102927771140
    Eigs at center bond b=45: 0.5065 0.3878 0.0457 0.0368 0.0084 0.0060 0.0033 0.0026 
    Largest link dim during sweep 67/87 was 259
    Largest truncation error: 7.60468e-11
    Energy after sweep 67/87 is -47.267990081332
    Sweep 67/87 CPU time = 3m, 16.7s (Wall time = 26.49s)

    vN Entropy at center bond b=45 = 1.102927771115
    Eigs at center bond b=45: 0.5065 0.3878 0.0457 0.0368 0.0084 0.0060 0.0033 0.0026 
    Largest link dim during sweep 68/87 was 259
    Largest truncation error: 7.60442e-11
    Energy after sweep 68/87 is -47.267990081333
    Sweep 68/87 CPU time = 3m, 17.9s (Wall time = 26.58s)

    vN Entropy at center bond b=45 = 1.102927771132
    Eigs at center bond b=45: 0.5065 0.3878 0.0457 0.0368 0.0084 0.0060 0.0033 0.0026 
    Largest link dim during sweep 69/87 was 259
    Largest truncation error: 7.61802e-11
    Energy after sweep 69/87 is -47.267990081332
    Sweep 69/87 CPU time = 3m, 16.3s (Wall time = 25.99s)

    vN Entropy at center bond b=45 = 1.102927771124
    Eigs at center bond b=45: 0.5065 0.3878 0.0457 0.0368 0.0084 0.0060 0.0033 0.0026 
    Largest link dim during sweep 70/87 was 259
    Largest truncation error: 7.5913e-11
    Energy after sweep 70/87 is -47.267990081332
    Sweep 70/87 CPU time = 3m, 19.4s (Wall time = 26.36s)

    vN Entropy at center bond b=45 = 1.102927771124
    Eigs at center bond b=45: 0.5065 0.3878 0.0457 0.0368 0.0084 0.0060 0.0033 0.0026 
    Largest link dim during sweep 71/87 was 259
    Largest truncation error: 7.59115e-11
    Energy after sweep 71/87 is -47.267990081332
    Sweep 71/87 CPU time = 3m, 20.4s (Wall time = 26.49s)

    vN Entropy at center bond b=45 = 1.102927771124
    Eigs at center bond b=45: 0.5065 0.3878 0.0457 0.0368 0.0084 0.0060 0.0033 0.0026 
    Largest link dim during sweep 72/87 was 259
    Largest truncation error: 7.59132e-11
    Energy after sweep 72/87 is -47.267990081332
    Sweep 72/87 CPU time = 3m, 19.3s (Wall time = 26.50s)

    vN Entropy at center bond b=45 = 1.102927771125
    Eigs at center bond b=45: 0.5065 0.3878 0.0457 0.0368 0.0084 0.0060 0.0033 0.0026 
    Largest link dim during sweep 73/87 was 259
    Largest truncation error: 7.59141e-11
    Energy after sweep 73/87 is -47.267990081332
    Sweep 73/87 CPU time = 3m, 19.2s (Wall time = 26.58s)

    vN Entropy at center bond b=45 = 1.102927771150
    Eigs at center bond b=45: 0.5065 0.3878 0.0457 0.0368 0.0084 0.0060 0.0033 0.0026 
    Largest link dim during sweep 74/87 was 259
    Largest truncation error: 7.5921e-11
    Energy after sweep 74/87 is -47.267990081332
    Sweep 74/87 CPU time = 3m, 20.3s (Wall time = 26.73s)

    vN Entropy at center bond b=45 = 1.102928371855
    Eigs at center bond b=45: 0.5065 0.3878 0.0457 0.0368 0.0084 0.0060 0.0033 0.0026 
    Largest link dim during sweep 75/87 was 467
    Largest truncation error: 7.54724e-13
    Energy after sweep 75/87 is -47.267990136703
    Sweep 75/87 CPU time = 6m, 34.8s (Wall time = 53.23s)

    vN Entropy at center bond b=45 = 1.102928657270
    Eigs at center bond b=45: 0.5065 0.3878 0.0457 0.0368 0.0084 0.0060 0.0033 0.0026 
    Largest link dim during sweep 76/87 was 476
    Largest truncation error: 7.6203e-13
    Energy after sweep 76/87 is -47.267990136846
    Sweep 76/87 CPU time = 9m, 12.7s (Wall time = 1m, 14.1s)

    vN Entropy at center bond b=45 = 1.102928661058
    Eigs at center bond b=45: 0.5065 0.3878 0.0457 0.0368 0.0084 0.0060 0.0033 0.0026 
    Largest link dim during sweep 77/87 was 477
    Largest truncation error: 7.60986e-13
    Energy after sweep 77/87 is -47.267990136850
    Sweep 77/87 CPU time = 9m, 2.1s (Wall time = 1m, 12.5s)

    vN Entropy at center bond b=45 = 1.102928661031
    Eigs at center bond b=45: 0.5065 0.3878 0.0457 0.0368 0.0084 0.0060 0.0033 0.0026 
    Largest link dim during sweep 78/87 was 477
    Largest truncation error: 7.61039e-13
    Energy after sweep 78/87 is -47.267990136852
    Sweep 78/87 CPU time = 8m, 58.0s (Wall time = 1m, 12.1s)

    vN Entropy at center bond b=45 = 1.102928661048
    Eigs at center bond b=45: 0.5065 0.3878 0.0457 0.0368 0.0084 0.0060 0.0033 0.0026 
    Largest link dim during sweep 79/87 was 477
    Largest truncation error: 7.60977e-13
    Energy after sweep 79/87 is -47.267990136852
    Sweep 79/87 CPU time = 8m, 57.8s (Wall time = 1m, 12.4s)

    vN Entropy at center bond b=45 = 1.102928661041
    Eigs at center bond b=45: 0.5065 0.3878 0.0457 0.0368 0.0084 0.0060 0.0033 0.0026 
    Largest link dim during sweep 80/87 was 477
    Largest truncation error: 7.61025e-13
    Energy after sweep 80/87 is -47.267990136851
    Sweep 80/87 CPU time = 8m, 58.8s (Wall time = 1m, 13.1s)

    vN Entropy at center bond b=45 = 1.102928661040
    Eigs at center bond b=45: 0.5065 0.3878 0.0457 0.0368 0.0084 0.0060 0.0033 0.0026 
    Largest link dim during sweep 81/87 was 477
    Largest truncation error: 7.60995e-13
    Energy after sweep 81/87 is -47.267990136851
    Sweep 81/87 CPU time = 8m, 59.7s (Wall time = 1m, 13.1s)

    vN Entropy at center bond b=45 = 1.102928661042
    Eigs at center bond b=45: 0.5065 0.3878 0.0457 0.0368 0.0084 0.0060 0.0033 0.0026 
    Largest link dim during sweep 82/87 was 477
    Largest truncation error: 7.61025e-13
    Energy after sweep 82/87 is -47.267990136851
    Sweep 82/87 CPU time = 9m, 0.3s (Wall time = 1m, 13.3s)

    vN Entropy at center bond b=45 = 1.102928552425
    Eigs at center bond b=45: 0.5065 0.3878 0.0457 0.0368 0.0084 0.0060 0.0033 0.0026 
    Largest link dim during sweep 83/87 was 446
    Largest truncation error: 7.63531e-13
    Energy after sweep 83/87 is -47.267990136677
    Sweep 83/87 CPU time = 6m, 57.8s (Wall time = 56.37s)

    vN Entropy at center bond b=45 = 1.102928576172
    Eigs at center bond b=45: 0.5065 0.3878 0.0457 0.0368 0.0084 0.0060 0.0033 0.0026 
    Largest link dim during sweep 84/87 was 769
    Largest truncation error: 7.54165e-15
    Energy after sweep 84/87 is -47.267990137467
    Sweep 84/87 CPU time = 18m, 7s (Wall time = 2m, 26.5s)

    vN Entropy at center bond b=45 = 1.102928580433
    Eigs at center bond b=45: 0.5065 0.3878 0.0457 0.0368 0.0084 0.0060 0.0033 0.0026 
    Largest link dim during sweep 85/87 was 781
    Largest truncation error: 7.51861e-15
    Energy after sweep 85/87 is -47.267990137470
    Sweep 85/87 CPU time = 27m, 50s (Wall time = 3m, 44.6s)

    vN Entropy at center bond b=45 = 1.102928580482
    Eigs at center bond b=45: 0.5065 0.3878 0.0457 0.0368 0.0084 0.0060 0.0033 0.0026 
    Largest link dim during sweep 86/87 was 781
    Largest truncation error: 7.47416e-15
    Energy after sweep 86/87 is -47.267990137470
    Sweep 86/87 CPU time = 27m, 23s (Wall time = 3m, 41.1s)

    vN Entropy at center bond b=45 = 1.102928580485
    Eigs at center bond b=45: 0.5065 0.3878 0.0457 0.0368 0.0084 0.0060 0.0033 0.0026 
    Largest link dim during sweep 87/87 was 781
    Largest truncation error: 7.47427e-15
    Energy after sweep 87/87 is -47.267990137470
    Sweep 87/87 CPU time = 27m, 36s (Wall time = 3m, 43.0s)
Initial energy = 95.70000

Ground State Energy = -47.2679901375
run_outputs/outputpsi/N_90_sweep_87_t_0.030000_J_1.000000_V_0.600000_D_0.018000_U_1.100000_mu_0.000000_E_0.000000 converge
Wall-clock time (s) = 3137.891776
