//////////////////////////
Reading input file ......

Got input.N = 150
Got input.t = 0.03
Got input.J = 1
Got input.V = 0.6
Got input.D = 0.018
Got input.U = 1.07
Got input.mu = 0
Got input.E = 0
Got input.nsweeps = 87
Sweeps:
1  MaxDim=20, MinDim=20, Cutoff=1.0E-06, Niter=8, Noise=1.0E-05
2  MaxDim=20, MinDim=20, Cutoff=1.0E-06, Niter=8, Noise=1.0E-05
3  MaxDim=20, MinDim=20, Cutoff=1.0E-06, Niter=8, Noise=1.0E-05
4  MaxDim=20, MinDim=20, Cutoff=1.0E-06, Niter=8, Noise=1.0E-05
5  MaxDim=20, MinDim=20, Cutoff=1.0E-06, Niter=8, Noise=1.0E-05
6  MaxDim=20, MinDim=20, Cutoff=1.0E-06, Niter=8, Noise=1.0E-05
7  MaxDim=20, MinDim=20, Cutoff=1.0E-06, Niter=8, Noise=1.0E-05
8  MaxDim=40, MinDim=20, Cutoff=1.0E-06, Niter=4, Noise=1.0E-05
9  MaxDim=40, MinDim=20, Cutoff=1.0E-06, Niter=4, Noise=1.0E-05
10  MaxDim=40, MinDim=20, Cutoff=1.0E-06, Niter=4, Noise=1.0E-05
11  MaxDim=40, MinDim=20, Cutoff=1.0E-06, Niter=4, Noise=1.0E-05
12  MaxDim=40, MinDim=20, Cutoff=1.0E-06, Niter=4, Noise=1.0E-05
13  MaxDim=40, MinDim=20, Cutoff=1.0E-06, Niter=4, Noise=1.0E-05
14  MaxDim=40, MinDim=20, Cutoff=1.0E-06, Niter=4, Noise=1.0E-05
15  MaxDim=80, MinDim=10, Cutoff=1.0E-06, Niter=4, Noise=1.0E-05
16  MaxDim=80, MinDim=10, Cutoff=1.0E-06, Niter=4, Noise=1.0E-05
17  MaxDim=80, MinDim=10, Cutoff=1.0E-06, Niter=4, Noise=1.0E-05
18  MaxDim=80, MinDim=10, Cutoff=1.0E-06, Niter=4, Noise=1.0E-05
19  MaxDim=80, MinDim=10, Cutoff=1.0E-06, Niter=4, Noise=1.0E-05
20  MaxDim=80, MinDim=10, Cutoff=1.0E-06, Niter=4, Noise=1.0E-05
21  MaxDim=80, MinDim=10, Cutoff=1.0E-06, Niter=4, Noise=1.0E-05
22  MaxDim=80, MinDim=10, Cutoff=1.0E-06, Niter=4, Noise=1.0E-05
23  MaxDim=80, MinDim=10, Cutoff=1.0E-06, Niter=4, Noise=1.0E-05
24  MaxDim=80, MinDim=10, Cutoff=1.0E-06, Niter=4, Noise=1.0E-05
25  MaxDim=80, MinDim=10, Cutoff=1.0E-06, Niter=4, Noise=1.0E-05
26  MaxDim=80, MinDim=10, Cutoff=1.0E-06, Niter=4, Noise=1.0E-05
27  MaxDim=80, MinDim=10, Cutoff=1.0E-06, Niter=4, Noise=1.0E-05
28  MaxDim=80, MinDim=10, Cutoff=1.0E-06, Niter=4, Noise=1.0E-05
29  MaxDim=80, MinDim=10, Cutoff=1.0E-06, Niter=4, Noise=1.0E-05
30  MaxDim=80, MinDim=10, Cutoff=1.0E-06, Niter=4, Noise=1.0E-05
31  MaxDim=80, MinDim=10, Cutoff=1.0E-06, Niter=4, Noise=1.0E-05
32  MaxDim=80, MinDim=10, Cutoff=1.0E-06, Niter=4, Noise=1.0E-05
33  MaxDim=80, MinDim=10, Cutoff=1.0E-06, Niter=4, Noise=1.0E-05
34  MaxDim=80, MinDim=10, Cutoff=1.0E-06, Niter=4, Noise=1.0E-05
35  MaxDim=80, MinDim=10, Cutoff=1.0E-06, Niter=4, Noise=1.0E-05
36  MaxDim=80, MinDim=10, Cutoff=1.0E-06, Niter=4, Noise=1.0E-05
37  MaxDim=160, MinDim=10, Cutoff=1.0E-08, Niter=4, Noise=1.0E-06
38  MaxDim=160, MinDim=10, Cutoff=1.0E-08, Niter=4, Noise=1.0E-06
39  MaxDim=160, MinDim=10, Cutoff=1.0E-08, Niter=4, Noise=1.0E-06
40  MaxDim=160, MinDim=10, Cutoff=1.0E-08, Niter=4, Noise=1.0E-06
41  MaxDim=160, MinDim=10, Cutoff=1.0E-08, Niter=4, Noise=1.0E-06
42  MaxDim=160, MinDim=10, Cutoff=1.0E-08, Niter=4, Noise=1.0E-06
43  MaxDim=160, MinDim=10, Cutoff=1.0E-08, Niter=4, Noise=1.0E-06
44  MaxDim=160, MinDim=10, Cutoff=1.0E-08, Niter=4, Noise=1.0E-06
45  MaxDim=160, MinDim=10, Cutoff=1.0E-08, Niter=4, Noise=1.0E-06
46  MaxDim=160, MinDim=10, Cutoff=1.0E-08, Niter=4, Noise=1.0E-06
47  MaxDim=160, MinDim=10, Cutoff=1.0E-08, Niter=4, Noise=1.0E-06
48  MaxDim=160, MinDim=10, Cutoff=1.0E-08, Niter=4, Noise=1.0E-06
49  MaxDim=160, MinDim=10, Cutoff=1.0E-08, Niter=4, Noise=1.0E-06
50  MaxDim=160, MinDim=10, Cutoff=1.0E-08, Niter=4, Noise=1.0E-06
51  MaxDim=160, MinDim=10, Cutoff=1.0E-08, Niter=4, Noise=1.0E-06
52  MaxDim=160, MinDim=10, Cutoff=1.0E-08, Niter=4, Noise=1.0E-06
53  MaxDim=160, MinDim=10, Cutoff=1.0E-08, Niter=4, Noise=1.0E-06
54  MaxDim=160, MinDim=10, Cutoff=1.0E-08, Niter=4, Noise=1.0E-06
55  MaxDim=160, MinDim=10, Cutoff=1.0E-08, Niter=4, Noise=1.0E-06
56  MaxDim=160, MinDim=10, Cutoff=1.0E-08, Niter=4, Noise=1.0E-06
57  MaxDim=160, MinDim=10, Cutoff=1.0E-08, Niter=4, Noise=1.0E-06
58  MaxDim=160, MinDim=10, Cutoff=1.0E-08, Niter=4, Noise=1.0E-06
59  MaxDim=320, MinDim=10, Cutoff=1.0E-10, Niter=4, Noise=1.0E-07
60  MaxDim=320, MinDim=10, Cutoff=1.0E-10, Niter=4, Noise=1.0E-07
61  MaxDim=320, MinDim=10, Cutoff=1.0E-10, Niter=4, Noise=1.0E-07
62  MaxDim=320, MinDim=10, Cutoff=1.0E-10, Niter=4, Noise=1.0E-07
63  MaxDim=320, MinDim=10, Cutoff=1.0E-10, Niter=4, Noise=1.0E-07
64  MaxDim=320, MinDim=10, Cutoff=1.0E-10, Niter=4, Noise=1.0E-07
65  MaxDim=320, MinDim=10, Cutoff=1.0E-10, Niter=4, Noise=1.0E-07
66  MaxDim=320, MinDim=10, Cutoff=1.0E-10, Niter=4, Noise=1.0E-07
67  MaxDim=320, MinDim=10, Cutoff=1.0E-10, Niter=4, Noise=1.0E-07
68  MaxDim=320, MinDim=10, Cutoff=1.0E-10, Niter=4, Noise=1.0E-07
69  MaxDim=320, MinDim=10, Cutoff=1.0E-10, Niter=4, Noise=1.0E-07
70  MaxDim=320, MinDim=10, Cutoff=1.0E-10, Niter=4, Noise=1.0E-07
71  MaxDim=320, MinDim=10, Cutoff=1.0E-10, Niter=4, Noise=1.0E-07
72  MaxDim=320, MinDim=10, Cutoff=1.0E-10, Niter=4, Noise=1.0E-07
73  MaxDim=320, MinDim=10, Cutoff=1.0E-10, Niter=4, Noise=1.0E-07
74  MaxDim=320, MinDim=10, Cutoff=1.0E-10, Niter=4, Noise=1.0E-07
75  MaxDim=640, MinDim=10, Cutoff=1.0E-12, Niter=2, Noise=1.0E-08
76  MaxDim=640, MinDim=10, Cutoff=1.0E-12, Niter=2, Noise=1.0E-08
77  MaxDim=640, MinDim=10, Cutoff=1.0E-12, Niter=2, Noise=1.0E-08
78  MaxDim=640, MinDim=10, Cutoff=1.0E-12, Niter=2, Noise=1.0E-08
79  MaxDim=640, MinDim=10, Cutoff=1.0E-12, Niter=2, Noise=1.0E-08
80  MaxDim=640, MinDim=10, Cutoff=1.0E-12, Niter=2, Noise=1.0E-08
81  MaxDim=640, MinDim=10, Cutoff=1.0E-12, Niter=2, Noise=1.0E-08
82  MaxDim=640, MinDim=10, Cutoff=1.0E-12, Niter=2, Noise=1.0E-08
83  MaxDim=1280, MinDim=10, Cutoff=1.0E-12, Niter=2, Noise=0.0E+00
84  MaxDim=1280, MinDim=10, Cutoff=1.0E-14, Niter=2, Noise=0.0E+00
85  MaxDim=1280, MinDim=10, Cutoff=1.0E-14, Niter=2, Noise=0.0E+00
86  MaxDim=1280, MinDim=10, Cutoff=1.0E-14, Niter=2, Noise=0.0E+00
87  MaxDim=1280, MinDim=10, Cutoff=1.0E-14, Niter=2, Noise=0.0E+00


    vN Entropy at center bond b=75 = 0.518761939147
    Eigs at center bond b=75: 0.8434 0.1350 0.0141 0.0052 0.0012 
    Largest link dim during sweep 1/87 was 20
    Largest truncation error: 4.99261e-06
    Energy after sweep 1/87 is -79.131580241405
    Sweep 1/87 CPU time = 4.378s (Wall time = 0.572s)

    vN Entropy at center bond b=75 = 0.696641755587
    Eigs at center bond b=75: 0.7846 0.1643 0.0337 0.0068 0.0052 0.0036 
    Largest link dim during sweep 2/87 was 20
    Largest truncation error: 1.02093e-05
    Energy after sweep 2/87 is -79.159496016186
    Sweep 2/87 CPU time = 6.150s (Wall time = 0.788s)

    vN Entropy at center bond b=75 = 0.731169887197
    Eigs at center bond b=75: 0.7709 0.1726 0.0370 0.0073 0.0059 0.0043 
    Largest link dim during sweep 3/87 was 20
    Largest truncation error: 1.18236e-05
    Energy after sweep 3/87 is -79.160267738814
    Sweep 3/87 CPU time = 6.143s (Wall time = 0.786s)

    vN Entropy at center bond b=75 = 0.744938178395
    Eigs at center bond b=75: 0.7650 0.1764 0.0382 0.0077 0.0061 0.0045 0.0011 
    Largest link dim during sweep 4/87 was 20
    Largest truncation error: 1.33702e-05
    Energy after sweep 4/87 is -79.160412186659
    Sweep 4/87 CPU time = 6.181s (Wall time = 0.789s)

    vN Entropy at center bond b=75 = 0.752277090206
    Eigs at center bond b=75: 0.7618 0.1784 0.0389 0.0079 0.0062 0.0046 0.0011 
    Largest link dim during sweep 5/87 was 20
    Largest truncation error: 1.4095e-05
    Energy after sweep 5/87 is -79.160475860687
    Sweep 5/87 CPU time = 6.205s (Wall time = 0.793s)

    vN Entropy at center bond b=75 = 0.756316202114
    Eigs at center bond b=75: 0.7601 0.1795 0.0393 0.0080 0.0062 0.0046 0.0011 
    Largest link dim during sweep 6/87 was 20
    Largest truncation error: 1.44597e-05
    Energy after sweep 6/87 is -79.160504915001
    Sweep 6/87 CPU time = 6.184s (Wall time = 0.792s)

    vN Entropy at center bond b=75 = 0.758516349125
    Eigs at center bond b=75: 0.7591 0.1801 0.0395 0.0081 0.0062 0.0046 0.0011 
    Largest link dim during sweep 7/87 was 20
    Largest truncation error: 1.46553e-05
    Energy after sweep 7/87 is -79.160518731574
    Sweep 7/87 CPU time = 6.209s (Wall time = 0.792s)

    vN Entropy at center bond b=75 = 0.851124597525
    Eigs at center bond b=75: 0.7210 0.2014 0.0488 0.0119 0.0080 0.0050 0.0018 
    Largest link dim during sweep 8/87 was 40
    Largest truncation error: 7.65078e-07
    Energy after sweep 8/87 is -79.172723451811
    Sweep 8/87 CPU time = 5.906s (Wall time = 0.759s)

    vN Entropy at center bond b=75 = 1.060852968763
    Eigs at center bond b=75: 0.5877 0.3052 0.0564 0.0278 0.0101 0.0048 0.0039 0.0018 
    Largest link dim during sweep 9/87 was 40
    Largest truncation error: 1.90463e-06
    Energy after sweep 9/87 is -79.176726521860
    Sweep 9/87 CPU time = 9.122s (Wall time = 1.168s)

    vN Entropy at center bond b=75 = 1.128538902938
    Eigs at center bond b=75: 0.5051 0.3791 0.0513 0.0394 0.0096 0.0066 0.0033 0.0025 
    Largest link dim during sweep 10/87 was 40
    Largest truncation error: 2.54236e-06
    Energy after sweep 10/87 is -79.177339863844
    Sweep 10/87 CPU time = 9.130s (Wall time = 1.169s)

    vN Entropy at center bond b=75 = 1.134644407618
    Eigs at center bond b=75: 0.4966 0.3865 0.0505 0.0409 0.0096 0.0069 0.0032 0.0026 
    Largest link dim during sweep 11/87 was 40
    Largest truncation error: 2.58141e-06
    Energy after sweep 11/87 is -79.177392121170
    Sweep 11/87 CPU time = 9.071s (Wall time = 1.172s)

    vN Entropy at center bond b=75 = 1.135355245100
    Eigs at center bond b=75: 0.4960 0.3869 0.0505 0.0411 0.0096 0.0069 0.0032 0.0026 
    Largest link dim during sweep 12/87 was 40
    Largest truncation error: 2.58766e-06
    Energy after sweep 12/87 is -79.177398784886
    Sweep 12/87 CPU time = 9.098s (Wall time = 1.167s)

    vN Entropy at center bond b=75 = 1.135459029598
    Eigs at center bond b=75: 0.4960 0.3869 0.0505 0.0411 0.0096 0.0069 0.0032 0.0026 
    Largest link dim during sweep 13/87 was 40
    Largest truncation error: 2.58881e-06
    Energy after sweep 13/87 is -79.177400097965
    Sweep 13/87 CPU time = 9.168s (Wall time = 1.175s)

    vN Entropy at center bond b=75 = 1.135478553247
    Eigs at center bond b=75: 0.4960 0.3869 0.0505 0.0411 0.0096 0.0069 0.0032 0.0026 
    Largest link dim during sweep 14/87 was 40
    Largest truncation error: 2.58889e-06
    Energy after sweep 14/87 is -79.177400530502
    Sweep 14/87 CPU time = 9.082s (Wall time = 1.161s)

    vN Entropy at center bond b=75 = 1.144476241473
    Eigs at center bond b=75: 0.4943 0.3863 0.0510 0.0416 0.0100 0.0072 0.0033 0.0027 
    Largest link dim during sweep 15/87 was 56
    Largest truncation error: 7.59653e-07
    Energy after sweep 15/87 is -79.178491368143
    Sweep 15/87 CPU time = 11.77s (Wall time = 1.509s)

    vN Entropy at center bond b=75 = 1.151755688567
    Eigs at center bond b=75: 0.4929 0.3858 0.0515 0.0421 0.0103 0.0074 0.0033 0.0027 
    Largest link dim during sweep 16/87 was 59
    Largest truncation error: 7.60262e-07
    Energy after sweep 16/87 is -79.178617484105
    Sweep 16/87 CPU time = 13.48s (Wall time = 1.739s)

    vN Entropy at center bond b=75 = 1.153748639325
    Eigs at center bond b=75: 0.4926 0.3856 0.0516 0.0422 0.0103 0.0075 0.0033 0.0027 
    Largest link dim during sweep 17/87 was 60
    Largest truncation error: 7.60576e-07
    Energy after sweep 17/87 is -79.178647684550
    Sweep 17/87 CPU time = 13.74s (Wall time = 1.764s)

    vN Entropy at center bond b=75 = 1.154231175789
    Eigs at center bond b=75: 0.4925 0.3856 0.0516 0.0422 0.0104 0.0075 0.0033 0.0027 
    Largest link dim during sweep 18/87 was 60
    Largest truncation error: 7.60683e-07
    Energy after sweep 18/87 is -79.178653698880
    Sweep 18/87 CPU time = 13.94s (Wall time = 1.780s)

    vN Entropy at center bond b=75 = 1.154383171417
    Eigs at center bond b=75: 0.4925 0.3856 0.0516 0.0423 0.0104 0.0075 0.0033 0.0027 
    Largest link dim during sweep 19/87 was 60
    Largest truncation error: 7.60698e-07
    Energy after sweep 19/87 is -79.178660069240
    Sweep 19/87 CPU time = 13.98s (Wall time = 1.788s)

    vN Entropy at center bond b=75 = 1.154524408167
    Eigs at center bond b=75: 0.4925 0.3856 0.0516 0.0423 0.0104 0.0075 0.0033 0.0027 
    Largest link dim during sweep 20/87 was 60
    Largest truncation error: 7.60705e-07
    Energy after sweep 20/87 is -79.178662068569
    Sweep 20/87 CPU time = 14.02s (Wall time = 1.804s)

    vN Entropy at center bond b=75 = 1.154571037023
    Eigs at center bond b=75: 0.4925 0.3856 0.0516 0.0423 0.0104 0.0075 0.0033 0.0027 
    Largest link dim during sweep 21/87 was 60
    Largest truncation error: 7.60707e-07
    Energy after sweep 21/87 is -79.178663157038
    Sweep 21/87 CPU time = 13.93s (Wall time = 1.781s)

    vN Entropy at center bond b=75 = 1.154584449904
    Eigs at center bond b=75: 0.4925 0.3855 0.0516 0.0423 0.0104 0.0075 0.0033 0.0027 
    Largest link dim during sweep 22/87 was 60
    Largest truncation error: 7.6071e-07
    Energy after sweep 22/87 is -79.178663370556
    Sweep 22/87 CPU time = 14.12s (Wall time = 1.811s)

    vN Entropy at center bond b=75 = 1.154595228130
    Eigs at center bond b=75: 0.4925 0.3855 0.0516 0.0423 0.0104 0.0075 0.0033 0.0027 
    Largest link dim during sweep 23/87 was 60
    Largest truncation error: 7.60715e-07
    Energy after sweep 23/87 is -79.178664990008
    Sweep 23/87 CPU time = 14.24s (Wall time = 1.832s)

    vN Entropy at center bond b=75 = 1.154610511809
    Eigs at center bond b=75: 0.4925 0.3855 0.0516 0.0423 0.0104 0.0075 0.0033 0.0027 
    Largest link dim during sweep 24/87 was 60
    Largest truncation error: 7.60715e-07
    Energy after sweep 24/87 is -79.178665144973
    Sweep 24/87 CPU time = 14.21s (Wall time = 1.820s)

    vN Entropy at center bond b=75 = 1.154616469347
    Eigs at center bond b=75: 0.4925 0.3855 0.0516 0.0423 0.0104 0.0075 0.0033 0.0027 
    Largest link dim during sweep 25/87 was 60
    Largest truncation error: 7.60715e-07
    Energy after sweep 25/87 is -79.178665236530
    Sweep 25/87 CPU time = 14.21s (Wall time = 1.819s)

    vN Entropy at center bond b=75 = 1.154620597772
    Eigs at center bond b=75: 0.4925 0.3855 0.0516 0.0423 0.0104 0.0075 0.0033 0.0027 
    Largest link dim during sweep 26/87 was 60
    Largest truncation error: 7.60715e-07
    Energy after sweep 26/87 is -79.178665337577
    Sweep 26/87 CPU time = 14.19s (Wall time = 1.826s)

    vN Entropy at center bond b=75 = 1.154623898715
    Eigs at center bond b=75: 0.4925 0.3855 0.0516 0.0423 0.0104 0.0075 0.0033 0.0027 
    Largest link dim during sweep 27/87 was 60
    Largest truncation error: 7.60715e-07
    Energy after sweep 27/87 is -79.178665428964
    Sweep 27/87 CPU time = 14.22s (Wall time = 1.816s)

    vN Entropy at center bond b=75 = 1.154626062575
    Eigs at center bond b=75: 0.4925 0.3855 0.0516 0.0423 0.0104 0.0075 0.0033 0.0027 
    Largest link dim during sweep 28/87 was 60
    Largest truncation error: 7.60715e-07
    Energy after sweep 28/87 is -79.178665481554
    Sweep 28/87 CPU time = 14.25s (Wall time = 1.827s)

    vN Entropy at center bond b=75 = 1.154631163153
    Eigs at center bond b=75: 0.4925 0.3855 0.0516 0.0423 0.0104 0.0075 0.0033 0.0027 
    Largest link dim during sweep 29/87 was 60
    Largest truncation error: 7.60715e-07
    Energy after sweep 29/87 is -79.178666086995
    Sweep 29/87 CPU time = 14.24s (Wall time = 1.823s)

    vN Entropy at center bond b=75 = 1.154633530105
    Eigs at center bond b=75: 0.4925 0.3855 0.0516 0.0423 0.0104 0.0075 0.0033 0.0027 
    Largest link dim during sweep 30/87 was 60
    Largest truncation error: 7.60715e-07
    Energy after sweep 30/87 is -79.178666095295
    Sweep 30/87 CPU time = 14.20s (Wall time = 1.818s)

    vN Entropy at center bond b=75 = 1.154649991921
    Eigs at center bond b=75: 0.4925 0.3855 0.0516 0.0423 0.0104 0.0075 0.0033 0.0027 
    Largest link dim during sweep 31/87 was 61
    Largest truncation error: 7.60715e-07
    Energy after sweep 31/87 is -79.178667374394
    Sweep 31/87 CPU time = 14.12s (Wall time = 1.812s)

    vN Entropy at center bond b=75 = 1.154662345351
    Eigs at center bond b=75: 0.4925 0.3855 0.0516 0.0423 0.0104 0.0075 0.0033 0.0027 
    Largest link dim during sweep 32/87 was 61
    Largest truncation error: 7.60715e-07
    Energy after sweep 32/87 is -79.178667354458
    Sweep 32/87 CPU time = 14.16s (Wall time = 1.829s)

    vN Entropy at center bond b=75 = 1.154664574129
    Eigs at center bond b=75: 0.4925 0.3855 0.0516 0.0423 0.0104 0.0075 0.0033 0.0027 
    Largest link dim during sweep 33/87 was 61
    Largest truncation error: 7.60715e-07
    Energy after sweep 33/87 is -79.178667342625
    Sweep 33/87 CPU time = 14.22s (Wall time = 1.819s)

    vN Entropy at center bond b=75 = 1.154665733963
    Eigs at center bond b=75: 0.4925 0.3855 0.0516 0.0423 0.0104 0.0075 0.0033 0.0027 
    Largest link dim during sweep 34/87 was 61
    Largest truncation error: 7.60715e-07
    Energy after sweep 34/87 is -79.178667331267
    Sweep 34/87 CPU time = 14.28s (Wall time = 1.826s)

    vN Entropy at center bond b=75 = 1.154663195604
    Eigs at center bond b=75: 0.4925 0.3855 0.0516 0.0423 0.0104 0.0075 0.0033 0.0027 
    Largest link dim during sweep 35/87 was 61
    Largest truncation error: 7.60715e-07
    Energy after sweep 35/87 is -79.178666957424
    Sweep 35/87 CPU time = 14.21s (Wall time = 1.821s)

    vN Entropy at center bond b=75 = 1.154662307398
    Eigs at center bond b=75: 0.4925 0.3855 0.0516 0.0423 0.0104 0.0075 0.0033 0.0027 
    Largest link dim during sweep 36/87 was 61
    Largest truncation error: 7.60714e-07
    Energy after sweep 36/87 is -79.178667032794
    Sweep 36/87 CPU time = 14.14s (Wall time = 1.811s)

    vN Entropy at center bond b=75 = 1.167362627144
    Eigs at center bond b=75: 0.4902 0.3846 0.0522 0.0430 0.0109 0.0078 0.0033 0.0027 0.0011 0.0011 
    Largest link dim during sweep 37/87 was 136
    Largest truncation error: 7.3422e-09
    Energy after sweep 37/87 is -79.179540330251
    Sweep 37/87 CPU time = 52.50s (Wall time = 6.746s)

    vN Entropy at center bond b=75 = 1.171790275102
    Eigs at center bond b=75: 0.4896 0.3842 0.0524 0.0432 0.0111 0.0079 0.0033 0.0027 0.0012 0.0011 
    Largest link dim during sweep 38/87 was 156
    Largest truncation error: 7.39103e-09
    Energy after sweep 38/87 is -79.179555030453
    Sweep 38/87 CPU time = 1m, 45.3s (Wall time = 14.18s)

    vN Entropy at center bond b=75 = 1.172073801556
    Eigs at center bond b=75: 0.4896 0.3842 0.0525 0.0432 0.0111 0.0079 0.0033 0.0027 0.0012 0.0011 
    Largest link dim during sweep 39/87 was 160
    Largest truncation error: 7.54593e-09
    Energy after sweep 39/87 is -79.179555952132
    Sweep 39/87 CPU time = 1m, 58.1s (Wall time = 15.49s)

    vN Entropy at center bond b=75 = 1.172106262519
    Eigs at center bond b=75: 0.4896 0.3842 0.0525 0.0432 0.0111 0.0079 0.0033 0.0027 0.0012 0.0011 
    Largest link dim during sweep 40/87 was 160
    Largest truncation error: 7.58639e-09
    Energy after sweep 40/87 is -79.179556077934
    Sweep 40/87 CPU time = 1m, 57.8s (Wall time = 15.53s)

    vN Entropy at center bond b=75 = 1.172111799940
    Eigs at center bond b=75: 0.4896 0.3842 0.0525 0.0432 0.0111 0.0079 0.0033 0.0027 0.0012 0.0011 
    Largest link dim during sweep 41/87 was 160
    Largest truncation error: 7.62388e-09
    Energy after sweep 41/87 is -79.179556101265
    Sweep 41/87 CPU time = 1m, 58.9s (Wall time = 15.74s)

    vN Entropy at center bond b=75 = 1.172112987453
    Eigs at center bond b=75: 0.4896 0.3842 0.0525 0.0432 0.0111 0.0079 0.0033 0.0027 0.0012 0.0011 
    Largest link dim during sweep 42/87 was 160
    Largest truncation error: 7.62474e-09
    Energy after sweep 42/87 is -79.179556117873
    Sweep 42/87 CPU time = 1m, 59.2s (Wall time = 15.62s)

    vN Entropy at center bond b=75 = 1.172113416316
    Eigs at center bond b=75: 0.4896 0.3842 0.0525 0.0432 0.0111 0.0079 0.0033 0.0027 0.0012 0.0011 
    Largest link dim during sweep 43/87 was 160
    Largest truncation error: 7.62486e-09
    Energy after sweep 43/87 is -79.179556118332
    Sweep 43/87 CPU time = 2m, 4.4s (Wall time = 16.27s)

    vN Entropy at center bond b=75 = 1.172113510612
    Eigs at center bond b=75: 0.4896 0.3842 0.0525 0.0432 0.0111 0.0079 0.0033 0.0027 0.0012 0.0011 
    Largest link dim during sweep 44/87 was 160
    Largest truncation error: 7.62489e-09
    Energy after sweep 44/87 is -79.179556118552
    Sweep 44/87 CPU time = 2m, 1.7s (Wall time = 15.96s)

    vN Entropy at center bond b=75 = 1.172113550680
    Eigs at center bond b=75: 0.4896 0.3842 0.0525 0.0432 0.0111 0.0079 0.0033 0.0027 0.0012 0.0011 
    Largest link dim during sweep 45/87 was 160
    Largest truncation error: 7.62489e-09
    Energy after sweep 45/87 is -79.179556118648
    Sweep 45/87 CPU time = 2m, 2.9s (Wall time = 16.23s)

    vN Entropy at center bond b=75 = 1.172113569801
    Eigs at center bond b=75: 0.4896 0.3842 0.0525 0.0432 0.0111 0.0079 0.0033 0.0027 0.0012 0.0011 
    Largest link dim during sweep 46/87 was 160
    Largest truncation error: 7.62489e-09
    Energy after sweep 46/87 is -79.179556118691
    Sweep 46/87 CPU time = 2m, 1.5s (Wall time = 15.99s)

    vN Entropy at center bond b=75 = 1.172113579789
    Eigs at center bond b=75: 0.4896 0.3842 0.0525 0.0432 0.0111 0.0079 0.0033 0.0027 0.0012 0.0011 
    Largest link dim during sweep 47/87 was 160
    Largest truncation error: 7.62489e-09
    Energy after sweep 47/87 is -79.179556118710
    Sweep 47/87 CPU time = 2m, 1.2s (Wall time = 16.18s)

    vN Entropy at center bond b=75 = 1.172113585600
    Eigs at center bond b=75: 0.4896 0.3842 0.0525 0.0432 0.0111 0.0079 0.0033 0.0027 0.0012 0.0011 
    Largest link dim during sweep 48/87 was 160
    Largest truncation error: 7.62489e-09
    Energy after sweep 48/87 is -79.179556118721
    Sweep 48/87 CPU time = 2m, 2.5s (Wall time = 16.33s)

    vN Entropy at center bond b=75 = 1.172113589377
    Eigs at center bond b=75: 0.4896 0.3842 0.0525 0.0432 0.0111 0.0079 0.0033 0.0027 0.0012 0.0011 
    Largest link dim during sweep 49/87 was 160
    Largest truncation error: 7.62489e-09
    Energy after sweep 49/87 is -79.179556118726
    Sweep 49/87 CPU time = 2m, 2.4s (Wall time = 16.01s)

    vN Entropy at center bond b=75 = 1.172113592190
    Eigs at center bond b=75: 0.4896 0.3842 0.0525 0.0432 0.0111 0.0079 0.0033 0.0027 0.0012 0.0011 
    Largest link dim during sweep 50/87 was 160
    Largest truncation error: 7.62489e-09
    Energy after sweep 50/87 is -79.179556118724
    Sweep 50/87 CPU time = 2m, 1.8s (Wall time = 15.94s)

    vN Entropy at center bond b=75 = 1.172113595154
    Eigs at center bond b=75: 0.4896 0.3842 0.0525 0.0432 0.0111 0.0079 0.0033 0.0027 0.0012 0.0011 
    Largest link dim during sweep 51/87 was 160
    Largest truncation error: 7.62489e-09
    Energy after sweep 51/87 is -79.179556118721
    Sweep 51/87 CPU time = 2m, 2.1s (Wall time = 16.12s)

    vN Entropy at center bond b=75 = 1.172113601437
    Eigs at center bond b=75: 0.4896 0.3842 0.0525 0.0432 0.0111 0.0079 0.0033 0.0027 0.0012 0.0011 
    Largest link dim during sweep 52/87 was 160
    Largest truncation error: 7.62489e-09
    Energy after sweep 52/87 is -79.179556118708
    Sweep 52/87 CPU time = 2m, 1.4s (Wall time = 16.02s)

    vN Entropy at center bond b=75 = 1.172113612956
    Eigs at center bond b=75: 0.4896 0.3842 0.0525 0.0432 0.0111 0.0079 0.0033 0.0027 0.0012 0.0011 
    Largest link dim during sweep 53/87 was 160
    Largest truncation error: 7.62489e-09
    Energy after sweep 53/87 is -79.179556118679
    Sweep 53/87 CPU time = 2m, 2.3s (Wall time = 16.03s)

    vN Entropy at center bond b=75 = 1.172113624030
    Eigs at center bond b=75: 0.4896 0.3842 0.0525 0.0432 0.0111 0.0079 0.0033 0.0027 0.0012 0.0011 
    Largest link dim during sweep 54/87 was 160
    Largest truncation error: 7.62489e-09
    Energy after sweep 54/87 is -79.179556118611
    Sweep 54/87 CPU time = 2m, 1.6s (Wall time = 16.00s)

    vN Entropy at center bond b=75 = 1.172113631811
    Eigs at center bond b=75: 0.4896 0.3842 0.0525 0.0432 0.0111 0.0079 0.0033 0.0027 0.0012 0.0011 
    Largest link dim during sweep 55/87 was 160
    Largest truncation error: 7.62489e-09
    Energy after sweep 55/87 is -79.179556118146
    Sweep 55/87 CPU time = 2m, 1.8s (Wall time = 16.06s)

    vN Entropy at center bond b=75 = 1.172113638688
    Eigs at center bond b=75: 0.4896 0.3842 0.0525 0.0432 0.0111 0.0079 0.0033 0.0027 0.0012 0.0011 
    Largest link dim during sweep 56/87 was 160
    Largest truncation error: 7.62489e-09
    Energy after sweep 56/87 is -79.179556117316
    Sweep 56/87 CPU time = 2m, 2.7s (Wall time = 16.26s)

    vN Entropy at center bond b=75 = 1.172113650350
    Eigs at center bond b=75: 0.4896 0.3842 0.0525 0.0432 0.0111 0.0079 0.0033 0.0027 0.0012 0.0011 
    Largest link dim during sweep 57/87 was 160
    Largest truncation error: 7.62489e-09
    Energy after sweep 57/87 is -79.179556117018
    Sweep 57/87 CPU time = 2m, 2.5s (Wall time = 16.44s)

    vN Entropy at center bond b=75 = 1.172113656465
    Eigs at center bond b=75: 0.4896 0.3842 0.0525 0.0432 0.0111 0.0079 0.0033 0.0027 0.0012 0.0011 
    Largest link dim during sweep 58/87 was 160
    Largest truncation error: 7.62489e-09
    Energy after sweep 58/87 is -79.179556116967
    Sweep 58/87 CPU time = 2m, 2.9s (Wall time = 16.69s)

    vN Entropy at center bond b=75 = 1.172411814447
    Eigs at center bond b=75: 0.4895 0.3842 0.0525 0.0432 0.0111 0.0079 0.0033 0.0027 0.0012 0.0011 
    Largest link dim during sweep 59/87 was 317
    Largest truncation error: 7.51002e-11
    Energy after sweep 59/87 is -79.179565173098
    Sweep 59/87 CPU time = 6m, 31.8s (Wall time = 52.51s)

    vN Entropy at center bond b=75 = 1.172454057510
    Eigs at center bond b=75: 0.4895 0.3842 0.0525 0.0432 0.0111 0.0079 0.0033 0.0027 0.0012 0.0011 
    Largest link dim during sweep 60/87 was 320
    Largest truncation error: 8.94156e-11
    Energy after sweep 60/87 is -79.179565224499
    Sweep 60/87 CPU time = 10m, 24s (Wall time = 1m, 21.5s)

    vN Entropy at center bond b=75 = 1.172455314770
    Eigs at center bond b=75: 0.4895 0.3842 0.0525 0.0432 0.0111 0.0079 0.0033 0.0027 0.0012 0.0011 
    Largest link dim during sweep 61/87 was 320
    Largest truncation error: 9.3582e-11
    Energy after sweep 61/87 is -79.179565226604
    Sweep 61/87 CPU time = 11m, 11s (Wall time = 1m, 29.0s)

    vN Entropy at center bond b=75 = 1.172455425373
    Eigs at center bond b=75: 0.4895 0.3842 0.0525 0.0432 0.0111 0.0079 0.0033 0.0027 0.0012 0.0011 
    Largest link dim during sweep 62/87 was 320
    Largest truncation error: 9.40594e-11
    Energy after sweep 62/87 is -79.179565226883
    Sweep 62/87 CPU time = 11m, 18s (Wall time = 1m, 30.0s)

    vN Entropy at center bond b=75 = 1.172455442260
    Eigs at center bond b=75: 0.4895 0.3842 0.0525 0.0432 0.0111 0.0079 0.0033 0.0027 0.0012 0.0011 
    Largest link dim during sweep 63/87 was 320
    Largest truncation error: 9.41817e-11
    Energy after sweep 63/87 is -79.179565226876
    Sweep 63/87 CPU time = 11m, 22s (Wall time = 1m, 31.2s)

    vN Entropy at center bond b=75 = 1.172455444021
    Eigs at center bond b=75: 0.4895 0.3842 0.0525 0.0432 0.0111 0.0079 0.0033 0.0027 0.0012 0.0011 
    Largest link dim during sweep 64/87 was 320
    Largest truncation error: 9.42038e-11
    Energy after sweep 64/87 is -79.179565226887
    Sweep 64/87 CPU time = 11m, 23s (Wall time = 1m, 31.2s)

    vN Entropy at center bond b=75 = 1.172455444486
    Eigs at center bond b=75: 0.4895 0.3842 0.0525 0.0432 0.0111 0.0079 0.0033 0.0027 0.0012 0.0011 
    Largest link dim during sweep 65/87 was 320
    Largest truncation error: 9.42135e-11
    Energy after sweep 65/87 is -79.179565226889
    Sweep 65/87 CPU time = 11m, 24s (Wall time = 1m, 31.3s)

    vN Entropy at center bond b=75 = 1.172455444668
    Eigs at center bond b=75: 0.4895 0.3842 0.0525 0.0432 0.0111 0.0079 0.0033 0.0027 0.0012 0.0011 
    Largest link dim during sweep 66/87 was 320
    Largest truncation error: 9.42191e-11
    Energy after sweep 66/87 is -79.179565226890
    Sweep 66/87 CPU time = 11m, 24s (Wall time = 1m, 31.4s)

    vN Entropy at center bond b=75 = 1.172455444766
    Eigs at center bond b=75: 0.4895 0.3842 0.0525 0.0432 0.0111 0.0079 0.0033 0.0027 0.0012 0.0011 
    Largest link dim during sweep 67/87 was 320
    Largest truncation error: 9.42231e-11
    Energy after sweep 67/87 is -79.179565226889
    Sweep 67/87 CPU time = 11m, 18s (Wall time = 1m, 30.3s)

    vN Entropy at center bond b=75 = 1.172455444827
    Eigs at center bond b=75: 0.4895 0.3842 0.0525 0.0432 0.0111 0.0079 0.0033 0.0027 0.0012 0.0011 
    Largest link dim during sweep 68/87 was 320
    Largest truncation error: 9.42253e-11
    Energy after sweep 68/87 is -79.179565226889
    Sweep 68/87 CPU time = 11m, 21s (Wall time = 1m, 30.9s)

    vN Entropy at center bond b=75 = 1.172455444852
    Eigs at center bond b=75: 0.4895 0.3842 0.0525 0.0432 0.0111 0.0079 0.0033 0.0027 0.0012 0.0011 
    Largest link dim during sweep 69/87 was 320
    Largest truncation error: 9.4227e-11
    Energy after sweep 69/87 is -79.179565226890
    Sweep 69/87 CPU time = 11m, 27s (Wall time = 1m, 31.8s)

    vN Entropy at center bond b=75 = 1.172455444734
    Eigs at center bond b=75: 0.4895 0.3842 0.0525 0.0432 0.0111 0.0079 0.0033 0.0027 0.0012 0.0011 
    Largest link dim during sweep 70/87 was 320
    Largest truncation error: 9.42283e-11
    Energy after sweep 70/87 is -79.179565226888
    Sweep 70/87 CPU time = 11m, 11s (Wall time = 1m, 28.5s)

    vN Entropy at center bond b=75 = 1.172455444520
    Eigs at center bond b=75: 0.4895 0.3842 0.0525 0.0432 0.0111 0.0079 0.0033 0.0027 0.0012 0.0011 
    Largest link dim during sweep 71/87 was 320
    Largest truncation error: 9.4229e-11
    Energy after sweep 71/87 is -79.179565226889
    Sweep 71/87 CPU time = 11m, 23s (Wall time = 1m, 30.1s)

    vN Entropy at center bond b=75 = 1.172455444413
    Eigs at center bond b=75: 0.4895 0.3842 0.0525 0.0432 0.0111 0.0079 0.0033 0.0027 0.0012 0.0011 
    Largest link dim during sweep 72/87 was 320
    Largest truncation error: 9.42295e-11
    Energy after sweep 72/87 is -79.179565226889
    Sweep 72/87 CPU time = 11m, 15s (Wall time = 1m, 28.9s)

    vN Entropy at center bond b=75 = 1.172455444376
    Eigs at center bond b=75: 0.4895 0.3842 0.0525 0.0432 0.0111 0.0079 0.0033 0.0027 0.0012 0.0011 
    Largest link dim during sweep 73/87 was 320
    Largest truncation error: 9.42298e-11
    Energy after sweep 73/87 is -79.179565226889
    Sweep 73/87 CPU time = 11m, 15s (Wall time = 1m, 29.1s)

    vN Entropy at center bond b=75 = 1.172455444367
    Eigs at center bond b=75: 0.4895 0.3842 0.0525 0.0432 0.0111 0.0079 0.0033 0.0027 0.0012 0.0011 
    Largest link dim during sweep 74/87 was 320
    Largest truncation error: 9.42301e-11
    Energy after sweep 74/87 is -79.179565226889
    Sweep 74/87 CPU time = 11m, 26s (Wall time = 1m, 31.6s)

    vN Entropy at center bond b=75 = 1.172459418954
    Eigs at center bond b=75: 0.4895 0.3842 0.0525 0.0432 0.0111 0.0079 0.0033 0.0027 0.0012 0.0011 
    Largest link dim during sweep 75/87 was 636
    Largest truncation error: 7.60834e-13
    Energy after sweep 75/87 is -79.179565332929
    Sweep 75/87 CPU time = 23m, 12s (Wall time = 3m, 8.3s)

    vN Entropy at center bond b=75 = 1.172460505245
    Eigs at center bond b=75: 0.4895 0.3842 0.0525 0.0432 0.0111 0.0079 0.0033 0.0027 0.0012 0.0011 
    Largest link dim during sweep 76/87 was 640
    Largest truncation error: 7.80668e-13
    Energy after sweep 76/87 is -79.179565333399
    Sweep 76/87 CPU time = 34m, 28s (Wall time = 4m, 36.6s)

    vN Entropy at center bond b=75 = 1.172460546248
    Eigs at center bond b=75: 0.4895 0.3842 0.0525 0.0432 0.0111 0.0079 0.0033 0.0027 0.0012 0.0011 
    Largest link dim during sweep 77/87 was 640
    Largest truncation error: 7.91922e-13
    Energy after sweep 77/87 is -79.179565333409
    Sweep 77/87 CPU time = 34m, 44s (Wall time = 4m, 39.0s)

    vN Entropy at center bond b=75 = 1.172460549620
    Eigs at center bond b=75: 0.4895 0.3842 0.0525 0.0432 0.0111 0.0079 0.0033 0.0027 0.0012 0.0011 
    Largest link dim during sweep 78/87 was 640
    Largest truncation error: 7.96629e-13
    Energy after sweep 78/87 is -79.179565333411
    Sweep 78/87 CPU time = 35m, 11s (Wall time = 4m, 43.9s)

    vN Entropy at center bond b=75 = 1.172460550187
    Eigs at center bond b=75: 0.4895 0.3842 0.0525 0.0432 0.0111 0.0079 0.0033 0.0027 0.0012 0.0011 
    Largest link dim during sweep 79/87 was 640
    Largest truncation error: 7.97735e-13
    Energy after sweep 79/87 is -79.179565333412
    Sweep 79/87 CPU time = 34m, 47s (Wall time = 4m, 40.8s)

    vN Entropy at center bond b=75 = 1.172460550326
    Eigs at center bond b=75: 0.4895 0.3842 0.0525 0.0432 0.0111 0.0079 0.0033 0.0027 0.0012 0.0011 
    Largest link dim during sweep 80/87 was 640
    Largest truncation error: 7.97987e-13
    Energy after sweep 80/87 is -79.179565333411
    Sweep 80/87 CPU time = 31m, 33s (Wall time = 4m, 14.5s)

    vN Entropy at center bond b=75 = 1.172460550343
    Eigs at center bond b=75: 0.4895 0.3842 0.0525 0.0432 0.0111 0.0079 0.0033 0.0027 0.0012 0.0011 
    Largest link dim during sweep 81/87 was 640
    Largest truncation error: 7.98159e-13
    Energy after sweep 81/87 is -79.179565333412
    Sweep 81/87 CPU time = 31m, 16s (Wall time = 4m, 12.1s)

    vN Entropy at center bond b=75 = 1.172460550351
    Eigs at center bond b=75: 0.4895 0.3842 0.0525 0.0432 0.0111 0.0079 0.0033 0.0027 0.0012 0.0011 
    Largest link dim during sweep 82/87 was 640
    Largest truncation error: 7.98138e-13
    Energy after sweep 82/87 is -79.179565333412
    Sweep 82/87 CPU time = 31m, 3s (Wall time = 4m, 10.3s)

    vN Entropy at center bond b=75 = 1.172460518562
    Eigs at center bond b=75: 0.4895 0.3842 0.0525 0.0432 0.0111 0.0079 0.0033 0.0027 0.0012 0.0011 
    Largest link dim during sweep 83/87 was 631
    Largest truncation error: 7.43335e-13
    Energy after sweep 83/87 is -79.179565333165
    Sweep 83/87 CPU time = 23m, 46s (Wall time = 3m, 11.1s)

    vN Entropy at center bond b=75 = 1.172460580707
    Eigs at center bond b=75: 0.4895 0.3842 0.0525 0.0432 0.0111 0.0079 0.0033 0.0027 0.0012 0.0011 
    Largest link dim during sweep 84/87 was 1122
    Largest truncation error: 7.62938e-15
    Energy after sweep 84/87 is -79.179565334555
    Sweep 84/87 CPU time = 1h, 5m, 19s (Wall time = 8m, 43.1s)

    vN Entropy at center bond b=75 = 1.172460594141
    Eigs at center bond b=75: 0.4895 0.3842 0.0525 0.0432 0.0111 0.0079 0.0033 0.0027 0.0012 0.0011 
    Largest link dim during sweep 85/87 was 1154
    Largest truncation error: 7.44573e-15
    Energy after sweep 85/87 is -79.179565334564
    Sweep 85/87 CPU time = 1h, 37m, 42s (Wall time = 14m, 7s)

    vN Entropy at center bond b=75 = 1.172460594674
    Eigs at center bond b=75: 0.4895 0.3842 0.0525 0.0432 0.0111 0.0079 0.0033 0.0027 0.0012 0.0011 
    Largest link dim during sweep 86/87 was 1153
    Largest truncation error: 7.46312e-15
    Energy after sweep 86/87 is -79.179565334562
    Sweep 86/87 CPU time = 1h, 37m, 20s (Wall time = 13m, 58s)

    vN Entropy at center bond b=75 = 1.172460594731
    Eigs at center bond b=75: 0.4895 0.3842 0.0525 0.0432 0.0111 0.0079 0.0033 0.0027 0.0012 0.0011 
    Largest link dim during sweep 87/87 was 1154
    Largest truncation error: 7.46734e-15
    Energy after sweep 87/87 is -79.179565334563
    Sweep 87/87 CPU time = 1h, 37m, 13s (Wall time = 13m, 55s)
Initial energy = 157.29000

Ground State Energy = -79.1795653346
run_outputs/outputpsi/N_150_sweep_87_t_0.030000_J_1.000000_V_0.600000_D_0.018000_U_1.070000_mu_0.000000_E_0.000000 converge
Wall-clock time (s) = 18591.738522
