//////////////////////////
Reading input file ......

Got input.N = 90
Got input.t = 0.03
Got input.J = 1
Got input.V = 0.6
Got input.D = 0.018
Got input.U = 2
Got input.mu = 0
Got input.E = 0
Got input.nsweeps = 87
Sweeps:
1  MaxDim=20, MinDim=20, Cutoff=1.0E-06, Niter=8, Noise=1.0E-05
2  MaxDim=20, MinDim=20, Cutoff=1.0E-06, Niter=8, Noise=1.0E-05
3  MaxDim=20, MinDim=20, Cutoff=1.0E-06, Niter=8, Noise=1.0E-05
4  MaxDim=20, MinDim=20, Cutoff=1.0E-06, Niter=8, Noise=1.0E-05
5  MaxDim=20, MinDim=20, Cutoff=1.0E-06, Niter=8, Noise=1.0E-05
6  MaxDim=20, MinDim=20, Cutoff=1.0E-06, Niter=8, Noise=1.0E-05
7  MaxDim=20, MinDim=20, Cutoff=1.0E-06, Niter=8, Noise=1.0E-05
8  MaxDim=40, MinDim=20, Cutoff=1.0E-06, Niter=4, Noise=1.0E-05
9  MaxDim=40, MinDim=20, Cutoff=1.0E-06, Niter=4, Noise=1.0E-05
10  MaxDim=40, MinDim=20, Cutoff=1.0E-06, Niter=4, Noise=1.0E-05
11  MaxDim=40, MinDim=20, Cutoff=1.0E-06, Niter=4, Noise=1.0E-05
12  MaxDim=40, MinDim=20, Cutoff=1.0E-06, Niter=4, Noise=1.0E-05
13  MaxDim=40, MinDim=20, Cutoff=1.0E-06, Niter=4, Noise=1.0E-05
14  MaxDim=40, MinDim=20, Cutoff=1.0E-06, Niter=4, Noise=1.0E-05
15  MaxDim=80, MinDim=10, Cutoff=1.0E-06, Niter=4, Noise=1.0E-05
16  MaxDim=80, MinDim=10, Cutoff=1.0E-06, Niter=4, Noise=1.0E-05
17  MaxDim=80, MinDim=10, Cutoff=1.0E-06, Niter=4, Noise=1.0E-05
18  MaxDim=80, MinDim=10, Cutoff=1.0E-06, Niter=4, Noise=1.0E-05
19  MaxDim=80, MinDim=10, Cutoff=1.0E-06, Niter=4, Noise=1.0E-05
20  MaxDim=80, MinDim=10, Cutoff=1.0E-06, Niter=4, Noise=1.0E-05
21  MaxDim=80, MinDim=10, Cutoff=1.0E-06, Niter=4, Noise=1.0E-05
22  MaxDim=80, MinDim=10, Cutoff=1.0E-06, Niter=4, Noise=1.0E-05
23  MaxDim=80, MinDim=10, Cutoff=1.0E-06, Niter=4, Noise=1.0E-05
24  MaxDim=80, MinDim=10, Cutoff=1.0E-06, Niter=4, Noise=1.0E-05
25  MaxDim=80, MinDim=10, Cutoff=1.0E-06, Niter=4, Noise=1.0E-05
26  MaxDim=80, MinDim=10, Cutoff=1.0E-06, Niter=4, Noise=1.0E-05
27  MaxDim=80, MinDim=10, Cutoff=1.0E-06, Niter=4, Noise=1.0E-05
28  MaxDim=80, MinDim=10, Cutoff=1.0E-06, Niter=4, Noise=1.0E-05
29  MaxDim=80, MinDim=10, Cutoff=1.0E-06, Niter=4, Noise=1.0E-05
30  MaxDim=80, MinDim=10, Cutoff=1.0E-06, Niter=4, Noise=1.0E-05
31  MaxDim=80, MinDim=10, Cutoff=1.0E-06, Niter=4, Noise=1.0E-05
32  MaxDim=80, MinDim=10, Cutoff=1.0E-06, Niter=4, Noise=1.0E-05
33  MaxDim=80, MinDim=10, Cutoff=1.0E-06, Niter=4, Noise=1.0E-05
34  MaxDim=80, MinDim=10, Cutoff=1.0E-06, Niter=4, Noise=1.0E-05
35  MaxDim=80, MinDim=10, Cutoff=1.0E-06, Niter=4, Noise=1.0E-05
36  MaxDim=80, MinDim=10, Cutoff=1.0E-06, Niter=4, Noise=1.0E-05
37  MaxDim=160, MinDim=10, Cutoff=1.0E-08, Niter=4, Noise=1.0E-06
38  MaxDim=160, MinDim=10, Cutoff=1.0E-08, Niter=4, Noise=1.0E-06
39  MaxDim=160, MinDim=10, Cutoff=1.0E-08, Niter=4, Noise=1.0E-06
40  MaxDim=160, MinDim=10, Cutoff=1.0E-08, Niter=4, Noise=1.0E-06
41  MaxDim=160, MinDim=10, Cutoff=1.0E-08, Niter=4, Noise=1.0E-06
42  MaxDim=160, MinDim=10, Cutoff=1.0E-08, Niter=4, Noise=1.0E-06
43  MaxDim=160, MinDim=10, Cutoff=1.0E-08, Niter=4, Noise=1.0E-06
44  MaxDim=160, MinDim=10, Cutoff=1.0E-08, Niter=4, Noise=1.0E-06
45  MaxDim=160, MinDim=10, Cutoff=1.0E-08, Niter=4, Noise=1.0E-06
46  MaxDim=160, MinDim=10, Cutoff=1.0E-08, Niter=4, Noise=1.0E-06
47  MaxDim=160, MinDim=10, Cutoff=1.0E-08, Niter=4, Noise=1.0E-06
48  MaxDim=160, MinDim=10, Cutoff=1.0E-08, Niter=4, Noise=1.0E-06
49  MaxDim=160, MinDim=10, Cutoff=1.0E-08, Niter=4, Noise=1.0E-06
50  MaxDim=160, MinDim=10, Cutoff=1.0E-08, Niter=4, Noise=1.0E-06
51  MaxDim=160, MinDim=10, Cutoff=1.0E-08, Niter=4, Noise=1.0E-06
52  MaxDim=160, MinDim=10, Cutoff=1.0E-08, Niter=4, Noise=1.0E-06
53  MaxDim=160, MinDim=10, Cutoff=1.0E-08, Niter=4, Noise=1.0E-06
54  MaxDim=160, MinDim=10, Cutoff=1.0E-08, Niter=4, Noise=1.0E-06
55  MaxDim=160, MinDim=10, Cutoff=1.0E-08, Niter=4, Noise=1.0E-06
56  MaxDim=160, MinDim=10, Cutoff=1.0E-08, Niter=4, Noise=1.0E-06
57  MaxDim=160, MinDim=10, Cutoff=1.0E-08, Niter=4, Noise=1.0E-06
58  MaxDim=160, MinDim=10, Cutoff=1.0E-08, Niter=4, Noise=1.0E-06
59  MaxDim=320, MinDim=10, Cutoff=1.0E-10, Niter=4, Noise=1.0E-07
60  MaxDim=320, MinDim=10, Cutoff=1.0E-10, Niter=4, Noise=1.0E-07
61  MaxDim=320, MinDim=10, Cutoff=1.0E-10, Niter=4, Noise=1.0E-07
62  MaxDim=320, MinDim=10, Cutoff=1.0E-10, Niter=4, Noise=1.0E-07
63  MaxDim=320, MinDim=10, Cutoff=1.0E-10, Niter=4, Noise=1.0E-07
64  MaxDim=320, MinDim=10, Cutoff=1.0E-10, Niter=4, Noise=1.0E-07
65  MaxDim=320, MinDim=10, Cutoff=1.0E-10, Niter=4, Noise=1.0E-07
66  MaxDim=320, MinDim=10, Cutoff=1.0E-10, Niter=4, Noise=1.0E-07
67  MaxDim=320, MinDim=10, Cutoff=1.0E-10, Niter=4, Noise=1.0E-07
68  MaxDim=320, MinDim=10, Cutoff=1.0E-10, Niter=4, Noise=1.0E-07
69  MaxDim=320, MinDim=10, Cutoff=1.0E-10, Niter=4, Noise=1.0E-07
70  MaxDim=320, MinDim=10, Cutoff=1.0E-10, Niter=4, Noise=1.0E-07
71  MaxDim=320, MinDim=10, Cutoff=1.0E-10, Niter=4, Noise=1.0E-07
72  MaxDim=320, MinDim=10, Cutoff=1.0E-10, Niter=4, Noise=1.0E-07
73  MaxDim=320, MinDim=10, Cutoff=1.0E-10, Niter=4, Noise=1.0E-07
74  MaxDim=320, MinDim=10, Cutoff=1.0E-10, Niter=4, Noise=1.0E-07
75  MaxDim=640, MinDim=10, Cutoff=1.0E-12, Niter=2, Noise=1.0E-08
76  MaxDim=640, MinDim=10, Cutoff=1.0E-12, Niter=2, Noise=1.0E-08
77  MaxDim=640, MinDim=10, Cutoff=1.0E-12, Niter=2, Noise=1.0E-08
78  MaxDim=640, MinDim=10, Cutoff=1.0E-12, Niter=2, Noise=1.0E-08
79  MaxDim=640, MinDim=10, Cutoff=1.0E-12, Niter=2, Noise=1.0E-08
80  MaxDim=640, MinDim=10, Cutoff=1.0E-12, Niter=2, Noise=1.0E-08
81  MaxDim=640, MinDim=10, Cutoff=1.0E-12, Niter=2, Noise=1.0E-08
82  MaxDim=640, MinDim=10, Cutoff=1.0E-12, Niter=2, Noise=1.0E-08
83  MaxDim=1280, MinDim=10, Cutoff=1.0E-12, Niter=2, Noise=0.0E+00
84  MaxDim=1280, MinDim=10, Cutoff=1.0E-14, Niter=2, Noise=0.0E+00
85  MaxDim=1280, MinDim=10, Cutoff=1.0E-14, Niter=2, Noise=0.0E+00
86  MaxDim=1280, MinDim=10, Cutoff=1.0E-14, Niter=2, Noise=0.0E+00
87  MaxDim=1280, MinDim=10, Cutoff=1.0E-14, Niter=2, Noise=0.0E+00


    vN Entropy at center bond b=45 = 0.518769095255
    Eigs at center bond b=45: 0.8450 0.1328 0.0125 0.0074 0.0011 
    Largest link dim during sweep 1/87 was 20
    Largest truncation error: 2.73334e-05
    Energy after sweep 1/87 is -42.813990221371
    Sweep 1/87 CPU time = 2.504s (Wall time = 0.335s)

    vN Entropy at center bond b=45 = 0.717899920604
    Eigs at center bond b=45: 0.7811 0.1642 0.0318 0.0118 0.0051 0.0038 
    Largest link dim during sweep 2/87 was 20
    Largest truncation error: 1.00991e-05
    Energy after sweep 2/87 is -42.860937124237
    Sweep 2/87 CPU time = 3.501s (Wall time = 0.448s)

    vN Entropy at center bond b=45 = 0.793447775484
    Eigs at center bond b=45: 0.7591 0.1666 0.0452 0.0124 0.0085 0.0051 0.0011 
    Largest link dim during sweep 3/87 was 20
    Largest truncation error: 1.63198e-05
    Energy after sweep 3/87 is -42.863884929019
    Sweep 3/87 CPU time = 3.498s (Wall time = 0.448s)

    vN Entropy at center bond b=45 = 0.848197779974
    Eigs at center bond b=45: 0.7405 0.1708 0.0547 0.0131 0.0118 0.0057 0.0011 
    Largest link dim during sweep 4/87 was 20
    Largest truncation error: 1.69594e-05
    Energy after sweep 4/87 is -42.865042124721
    Sweep 4/87 CPU time = 3.508s (Wall time = 0.447s)

    vN Entropy at center bond b=45 = 0.885913191350
    Eigs at center bond b=45: 0.7255 0.1770 0.0598 0.0156 0.0126 0.0059 0.0010 
    Largest link dim during sweep 5/87 was 20
    Largest truncation error: 1.88196e-05
    Energy after sweep 5/87 is -42.865590338763
    Sweep 5/87 CPU time = 3.487s (Wall time = 0.447s)

    vN Entropy at center bond b=45 = 0.907978969601
    Eigs at center bond b=45: 0.7158 0.1822 0.0618 0.0177 0.0127 0.0060 0.0010 
    Largest link dim during sweep 6/87 was 20
    Largest truncation error: 2.00037e-05
    Energy after sweep 6/87 is -42.865843988851
    Sweep 6/87 CPU time = 3.581s (Wall time = 0.459s)

    vN Entropy at center bond b=45 = 0.920066234348
    Eigs at center bond b=45: 0.7101 0.1857 0.0626 0.0189 0.0128 0.0060 0.0010 
    Largest link dim during sweep 7/87 was 20
    Largest truncation error: 2.07362e-05
    Energy after sweep 7/87 is -42.865953535271
    Sweep 7/87 CPU time = 3.500s (Wall time = 0.448s)

    vN Entropy at center bond b=45 = 0.989716184349
    Eigs at center bond b=45: 0.6849 0.1950 0.0692 0.0243 0.0126 0.0080 0.0015 0.0013 0.0011 
    Largest link dim during sweep 8/87 was 40
    Largest truncation error: 1.14873e-06
    Energy after sweep 8/87 is -42.879159490931
    Sweep 8/87 CPU time = 3.707s (Wall time = 0.481s)

    vN Entropy at center bond b=45 = 1.029309779507
    Eigs at center bond b=45: 0.6707 0.1995 0.0733 0.0277 0.0124 0.0093 0.0018 0.0015 0.0014 
    Largest link dim during sweep 9/87 was 40
    Largest truncation error: 2.337e-06
    Energy after sweep 9/87 is -42.879613226153
    Sweep 9/87 CPU time = 5.012s (Wall time = 0.640s)

    vN Entropy at center bond b=45 = 1.032058137809
    Eigs at center bond b=45: 0.6698 0.1996 0.0736 0.0279 0.0124 0.0094 0.0018 0.0015 0.0014 
    Largest link dim during sweep 10/87 was 40
    Largest truncation error: 2.45637e-06
    Energy after sweep 10/87 is -42.879627773768
    Sweep 10/87 CPU time = 5.023s (Wall time = 0.641s)

    vN Entropy at center bond b=45 = 1.032294098123
    Eigs at center bond b=45: 0.6698 0.1996 0.0736 0.0279 0.0124 0.0094 0.0018 0.0015 0.0014 
    Largest link dim during sweep 11/87 was 40
    Largest truncation error: 2.48338e-06
    Energy after sweep 11/87 is -42.879629208300
    Sweep 11/87 CPU time = 5.036s (Wall time = 0.643s)

    vN Entropy at center bond b=45 = 1.032326320660
    Eigs at center bond b=45: 0.6698 0.1996 0.0736 0.0279 0.0124 0.0094 0.0018 0.0015 0.0014 
    Largest link dim during sweep 12/87 was 40
    Largest truncation error: 2.48785e-06
    Energy after sweep 12/87 is -42.879629459379
    Sweep 12/87 CPU time = 5.007s (Wall time = 0.646s)

    vN Entropy at center bond b=45 = 1.032338338860
    Eigs at center bond b=45: 0.6698 0.1996 0.0736 0.0279 0.0124 0.0094 0.0018 0.0015 0.0014 
    Largest link dim during sweep 13/87 was 40
    Largest truncation error: 2.48938e-06
    Energy after sweep 13/87 is -42.879630293570
    Sweep 13/87 CPU time = 5.036s (Wall time = 0.644s)

    vN Entropy at center bond b=45 = 1.032348818424
    Eigs at center bond b=45: 0.6698 0.1996 0.0736 0.0279 0.0124 0.0094 0.0018 0.0015 0.0014 
    Largest link dim during sweep 14/87 was 40
    Largest truncation error: 2.49074e-06
    Energy after sweep 14/87 is -42.879632124654
    Sweep 14/87 CPU time = 4.986s (Wall time = 0.640s)

    vN Entropy at center bond b=45 = 1.037561405856
    Eigs at center bond b=45: 0.6683 0.1997 0.0741 0.0282 0.0123 0.0096 0.0019 0.0015 0.0015 
    Largest link dim during sweep 15/87 was 56
    Largest truncation error: 8.10025e-07
    Energy after sweep 15/87 is -42.880306774246
    Sweep 15/87 CPU time = 6.472s (Wall time = 0.829s)

    vN Entropy at center bond b=45 = 1.040498033686
    Eigs at center bond b=45: 0.6675 0.1999 0.0744 0.0284 0.0123 0.0097 0.0019 0.0015 0.0015 
    Largest link dim during sweep 16/87 was 57
    Largest truncation error: 8.04975e-07
    Energy after sweep 16/87 is -42.880357449993
    Sweep 16/87 CPU time = 7.217s (Wall time = 0.927s)

    vN Entropy at center bond b=45 = 1.041019177219
    Eigs at center bond b=45: 0.6673 0.1999 0.0744 0.0284 0.0123 0.0097 0.0019 0.0015 0.0015 
    Largest link dim during sweep 17/87 was 58
    Largest truncation error: 8.05033e-07
    Energy after sweep 17/87 is -42.880365147562
    Sweep 17/87 CPU time = 7.266s (Wall time = 0.935s)

    vN Entropy at center bond b=45 = 1.041092392391
    Eigs at center bond b=45: 0.6673 0.1999 0.0744 0.0284 0.0123 0.0097 0.0019 0.0015 0.0015 
    Largest link dim during sweep 18/87 was 58
    Largest truncation error: 8.05055e-07
    Energy after sweep 18/87 is -42.880366378259
    Sweep 18/87 CPU time = 7.274s (Wall time = 0.932s)

    vN Entropy at center bond b=45 = 1.041101305805
    Eigs at center bond b=45: 0.6673 0.1999 0.0744 0.0284 0.0123 0.0097 0.0019 0.0015 0.0015 
    Largest link dim during sweep 19/87 was 58
    Largest truncation error: 8.0506e-07
    Energy after sweep 19/87 is -42.880366379078
    Sweep 19/87 CPU time = 7.270s (Wall time = 0.936s)

    vN Entropy at center bond b=45 = 1.041105667406
    Eigs at center bond b=45: 0.6673 0.1999 0.0744 0.0284 0.0123 0.0097 0.0019 0.0015 0.0015 
    Largest link dim during sweep 20/87 was 58
    Largest truncation error: 8.05061e-07
    Energy after sweep 20/87 is -42.880366983187
    Sweep 20/87 CPU time = 7.254s (Wall time = 0.933s)

    vN Entropy at center bond b=45 = 1.041106153453
    Eigs at center bond b=45: 0.6673 0.1999 0.0744 0.0284 0.0123 0.0097 0.0019 0.0015 0.0015 
    Largest link dim during sweep 21/87 was 58
    Largest truncation error: 8.05063e-07
    Energy after sweep 21/87 is -42.880369356587
    Sweep 21/87 CPU time = 7.296s (Wall time = 0.933s)

    vN Entropy at center bond b=45 = 1.041114123424
    Eigs at center bond b=45: 0.6673 0.1999 0.0744 0.0284 0.0123 0.0097 0.0019 0.0015 0.0015 
    Largest link dim during sweep 22/87 was 58
    Largest truncation error: 8.05063e-07
    Energy after sweep 22/87 is -42.880369586062
    Sweep 22/87 CPU time = 7.281s (Wall time = 0.934s)

    vN Entropy at center bond b=45 = 1.041115014409
    Eigs at center bond b=45: 0.6673 0.1999 0.0744 0.0284 0.0123 0.0097 0.0019 0.0015 0.0015 
    Largest link dim during sweep 23/87 was 58
    Largest truncation error: 8.05063e-07
    Energy after sweep 23/87 is -42.880369596446
    Sweep 23/87 CPU time = 7.290s (Wall time = 0.933s)

    vN Entropy at center bond b=45 = 1.041116455059
    Eigs at center bond b=45: 0.6673 0.1999 0.0744 0.0284 0.0123 0.0097 0.0019 0.0015 0.0015 
    Largest link dim during sweep 24/87 was 58
    Largest truncation error: 8.05063e-07
    Energy after sweep 24/87 is -42.880369575528
    Sweep 24/87 CPU time = 7.301s (Wall time = 0.934s)

    vN Entropy at center bond b=45 = 1.041119643490
    Eigs at center bond b=45: 0.6673 0.1999 0.0744 0.0284 0.0123 0.0097 0.0019 0.0015 0.0015 
    Largest link dim during sweep 25/87 was 58
    Largest truncation error: 8.05064e-07
    Energy after sweep 25/87 is -42.880369548919
    Sweep 25/87 CPU time = 7.268s (Wall time = 0.933s)

    vN Entropy at center bond b=45 = 1.041122574199
    Eigs at center bond b=45: 0.6673 0.1999 0.0744 0.0284 0.0123 0.0097 0.0019 0.0015 0.0015 
    Largest link dim during sweep 26/87 was 58
    Largest truncation error: 8.05064e-07
    Energy after sweep 26/87 is -42.880369549873
    Sweep 26/87 CPU time = 7.272s (Wall time = 0.931s)

    vN Entropy at center bond b=45 = 1.041123617395
    Eigs at center bond b=45: 0.6673 0.1999 0.0744 0.0284 0.0123 0.0097 0.0019 0.0015 0.0015 
    Largest link dim during sweep 27/87 was 58
    Largest truncation error: 8.05064e-07
    Energy after sweep 27/87 is -42.880369554777
    Sweep 27/87 CPU time = 7.280s (Wall time = 0.934s)

    vN Entropy at center bond b=45 = 1.041130112129
    Eigs at center bond b=45: 0.6673 0.1999 0.0744 0.0284 0.0123 0.0097 0.0019 0.0015 0.0015 
    Largest link dim during sweep 28/87 was 58
    Largest truncation error: 8.05064e-07
    Energy after sweep 28/87 is -42.880370045741
    Sweep 28/87 CPU time = 7.294s (Wall time = 0.940s)

    vN Entropy at center bond b=45 = 1.041140479973
    Eigs at center bond b=45: 0.6673 0.1999 0.0744 0.0284 0.0123 0.0097 0.0019 0.0015 0.0015 
    Largest link dim during sweep 29/87 was 58
    Largest truncation error: 8.05064e-07
    Energy after sweep 29/87 is -42.880370040508
    Sweep 29/87 CPU time = 7.286s (Wall time = 0.933s)

    vN Entropy at center bond b=45 = 1.041140129939
    Eigs at center bond b=45: 0.6673 0.1999 0.0744 0.0284 0.0123 0.0097 0.0019 0.0015 0.0015 
    Largest link dim during sweep 30/87 was 58
    Largest truncation error: 8.05063e-07
    Energy after sweep 30/87 is -42.880370034855
    Sweep 30/87 CPU time = 7.284s (Wall time = 0.934s)

    vN Entropy at center bond b=45 = 1.041139513946
    Eigs at center bond b=45: 0.6673 0.1999 0.0744 0.0284 0.0123 0.0097 0.0019 0.0015 0.0015 
    Largest link dim during sweep 31/87 was 58
    Largest truncation error: 8.05063e-07
    Energy after sweep 31/87 is -42.880370027018
    Sweep 31/87 CPU time = 7.310s (Wall time = 0.938s)

    vN Entropy at center bond b=45 = 1.041139035942
    Eigs at center bond b=45: 0.6673 0.1999 0.0744 0.0284 0.0123 0.0097 0.0019 0.0015 0.0015 
    Largest link dim during sweep 32/87 was 58
    Largest truncation error: 8.05063e-07
    Energy after sweep 32/87 is -42.880370018599
    Sweep 32/87 CPU time = 7.273s (Wall time = 0.938s)

    vN Entropy at center bond b=45 = 1.041138725472
    Eigs at center bond b=45: 0.6673 0.1999 0.0744 0.0284 0.0123 0.0097 0.0019 0.0015 0.0015 
    Largest link dim during sweep 33/87 was 58
    Largest truncation error: 8.05063e-07
    Energy after sweep 33/87 is -42.880370011725
    Sweep 33/87 CPU time = 7.281s (Wall time = 0.935s)

    vN Entropy at center bond b=45 = 1.041138545527
    Eigs at center bond b=45: 0.6673 0.1999 0.0744 0.0284 0.0123 0.0097 0.0019 0.0015 0.0015 
    Largest link dim during sweep 34/87 was 58
    Largest truncation error: 8.05062e-07
    Energy after sweep 34/87 is -42.880370008454
    Sweep 34/87 CPU time = 7.255s (Wall time = 0.933s)

    vN Entropy at center bond b=45 = 1.041138449425
    Eigs at center bond b=45: 0.6673 0.1999 0.0744 0.0284 0.0123 0.0097 0.0019 0.0015 0.0015 
    Largest link dim during sweep 35/87 was 58
    Largest truncation error: 8.05062e-07
    Energy after sweep 35/87 is -42.880370012047
    Sweep 35/87 CPU time = 7.295s (Wall time = 0.932s)

    vN Entropy at center bond b=45 = 1.041139254720
    Eigs at center bond b=45: 0.6673 0.1999 0.0744 0.0284 0.0123 0.0097 0.0019 0.0015 0.0015 
    Largest link dim during sweep 36/87 was 58
    Largest truncation error: 8.05063e-07
    Energy after sweep 36/87 is -42.880370022160
    Sweep 36/87 CPU time = 7.266s (Wall time = 0.933s)

    vN Entropy at center bond b=45 = 1.047911890517
    Eigs at center bond b=45: 0.6655 0.2001 0.0750 0.0288 0.0123 0.0100 0.0020 0.0016 0.0016 
    Largest link dim during sweep 37/87 was 127
    Largest truncation error: 7.58536e-09
    Energy after sweep 37/87 is -42.880887508350
    Sweep 37/87 CPU time = 24.00s (Wall time = 3.105s)

    vN Entropy at center bond b=45 = 1.049379479794
    Eigs at center bond b=45: 0.6651 0.2001 0.0751 0.0289 0.0123 0.0101 0.0020 0.0017 0.0016 
    Largest link dim during sweep 38/87 was 140
    Largest truncation error: 7.86051e-09
    Energy after sweep 38/87 is -42.880892532025
    Sweep 38/87 CPU time = 42.27s (Wall time = 5.605s)

    vN Entropy at center bond b=45 = 1.049424593530
    Eigs at center bond b=45: 0.6651 0.2001 0.0751 0.0289 0.0123 0.0101 0.0020 0.0017 0.0016 
    Largest link dim during sweep 39/87 was 141
    Largest truncation error: 7.93652e-09
    Energy after sweep 39/87 is -42.880892770727
    Sweep 39/87 CPU time = 45.01s (Wall time = 6.055s)

    vN Entropy at center bond b=45 = 1.049428005105
    Eigs at center bond b=45: 0.6651 0.2001 0.0751 0.0289 0.0123 0.0101 0.0020 0.0017 0.0016 
    Largest link dim during sweep 40/87 was 141
    Largest truncation error: 7.94355e-09
    Energy after sweep 40/87 is -42.880892799384
    Sweep 40/87 CPU time = 45.65s (Wall time = 6.130s)

    vN Entropy at center bond b=45 = 1.049428388896
    Eigs at center bond b=45: 0.6651 0.2001 0.0751 0.0289 0.0123 0.0101 0.0020 0.0017 0.0016 
    Largest link dim during sweep 41/87 was 141
    Largest truncation error: 7.94435e-09
    Energy after sweep 41/87 is -42.880892800391
    Sweep 41/87 CPU time = 45.69s (Wall time = 6.181s)

    vN Entropy at center bond b=45 = 1.049428519412
    Eigs at center bond b=45: 0.6651 0.2001 0.0751 0.0289 0.0123 0.0101 0.0020 0.0017 0.0016 
    Largest link dim during sweep 42/87 was 141
    Largest truncation error: 7.94446e-09
    Energy after sweep 42/87 is -42.880892802264
    Sweep 42/87 CPU time = 45.75s (Wall time = 6.151s)

    vN Entropy at center bond b=45 = 1.049429102984
    Eigs at center bond b=45: 0.6651 0.2001 0.0751 0.0289 0.0123 0.0101 0.0020 0.0017 0.0016 
    Largest link dim during sweep 43/87 was 141
    Largest truncation error: 7.94449e-09
    Energy after sweep 43/87 is -42.880892802697
    Sweep 43/87 CPU time = 45.85s (Wall time = 6.156s)

    vN Entropy at center bond b=45 = 1.049429112594
    Eigs at center bond b=45: 0.6651 0.2001 0.0751 0.0289 0.0123 0.0101 0.0020 0.0017 0.0016 
    Largest link dim during sweep 44/87 was 141
    Largest truncation error: 7.94391e-09
    Energy after sweep 44/87 is -42.880892802660
    Sweep 44/87 CPU time = 45.24s (Wall time = 6.087s)

    vN Entropy at center bond b=45 = 1.049429144785
    Eigs at center bond b=45: 0.6651 0.2001 0.0751 0.0289 0.0123 0.0101 0.0020 0.0017 0.0016 
    Largest link dim during sweep 45/87 was 141
    Largest truncation error: 7.94386e-09
    Energy after sweep 45/87 is -42.880892805338
    Sweep 45/87 CPU time = 45.54s (Wall time = 6.109s)

    vN Entropy at center bond b=45 = 1.049429163744
    Eigs at center bond b=45: 0.6651 0.2001 0.0751 0.0289 0.0123 0.0101 0.0020 0.0017 0.0016 
    Largest link dim during sweep 46/87 was 141
    Largest truncation error: 7.94386e-09
    Energy after sweep 46/87 is -42.880892805323
    Sweep 46/87 CPU time = 45.45s (Wall time = 6.083s)

    vN Entropy at center bond b=45 = 1.049429165374
    Eigs at center bond b=45: 0.6651 0.2001 0.0751 0.0289 0.0123 0.0101 0.0020 0.0017 0.0016 
    Largest link dim during sweep 47/87 was 141
    Largest truncation error: 7.94386e-09
    Energy after sweep 47/87 is -42.880892805329
    Sweep 47/87 CPU time = 45.37s (Wall time = 6.069s)

    vN Entropy at center bond b=45 = 1.049429166944
    Eigs at center bond b=45: 0.6651 0.2001 0.0751 0.0289 0.0123 0.0101 0.0020 0.0017 0.0016 
    Largest link dim during sweep 48/87 was 141
    Largest truncation error: 7.94386e-09
    Energy after sweep 48/87 is -42.880892805384
    Sweep 48/87 CPU time = 45.52s (Wall time = 6.144s)

    vN Entropy at center bond b=45 = 1.049429170819
    Eigs at center bond b=45: 0.6651 0.2001 0.0751 0.0289 0.0123 0.0101 0.0020 0.0017 0.0016 
    Largest link dim during sweep 49/87 was 141
    Largest truncation error: 7.94386e-09
    Energy after sweep 49/87 is -42.880892805583
    Sweep 49/87 CPU time = 45.40s (Wall time = 6.137s)

    vN Entropy at center bond b=45 = 1.049429187915
    Eigs at center bond b=45: 0.6651 0.2001 0.0751 0.0289 0.0123 0.0101 0.0020 0.0017 0.0016 
    Largest link dim during sweep 50/87 was 141
    Largest truncation error: 7.94386e-09
    Energy after sweep 50/87 is -42.880892806160
    Sweep 50/87 CPU time = 45.42s (Wall time = 6.116s)

    vN Entropy at center bond b=45 = 1.049429242280
    Eigs at center bond b=45: 0.6651 0.2001 0.0751 0.0289 0.0123 0.0101 0.0020 0.0017 0.0016 
    Largest link dim during sweep 51/87 was 141
    Largest truncation error: 7.94386e-09
    Energy after sweep 51/87 is -42.880892806642
    Sweep 51/87 CPU time = 44.56s (Wall time = 5.950s)

    vN Entropy at center bond b=45 = 1.049429271613
    Eigs at center bond b=45: 0.6651 0.2001 0.0751 0.0289 0.0123 0.0101 0.0020 0.0017 0.0016 
    Largest link dim during sweep 52/87 was 141
    Largest truncation error: 7.94386e-09
    Energy after sweep 52/87 is -42.880892806795
    Sweep 52/87 CPU time = 43.96s (Wall time = 5.800s)

    vN Entropy at center bond b=45 = 1.049429280048
    Eigs at center bond b=45: 0.6651 0.2001 0.0751 0.0289 0.0123 0.0101 0.0020 0.0017 0.0016 
    Largest link dim during sweep 53/87 was 141
    Largest truncation error: 7.94386e-09
    Energy after sweep 53/87 is -42.880892806841
    Sweep 53/87 CPU time = 45.12s (Wall time = 6.035s)

    vN Entropy at center bond b=45 = 1.049429282554
    Eigs at center bond b=45: 0.6651 0.2001 0.0751 0.0289 0.0123 0.0101 0.0020 0.0017 0.0016 
    Largest link dim during sweep 54/87 was 141
    Largest truncation error: 7.94386e-09
    Energy after sweep 54/87 is -42.880892806855
    Sweep 54/87 CPU time = 45.56s (Wall time = 6.113s)

    vN Entropy at center bond b=45 = 1.049429283420
    Eigs at center bond b=45: 0.6651 0.2001 0.0751 0.0289 0.0123 0.0101 0.0020 0.0017 0.0016 
    Largest link dim during sweep 55/87 was 141
    Largest truncation error: 7.94386e-09
    Energy after sweep 55/87 is -42.880892809510
    Sweep 55/87 CPU time = 44.62s (Wall time = 5.993s)

    vN Entropy at center bond b=45 = 1.049429287556
    Eigs at center bond b=45: 0.6651 0.2001 0.0751 0.0289 0.0123 0.0101 0.0020 0.0017 0.0016 
    Largest link dim during sweep 56/87 was 141
    Largest truncation error: 7.94386e-09
    Energy after sweep 56/87 is -42.880892809503
    Sweep 56/87 CPU time = 44.01s (Wall time = 5.826s)

    vN Entropy at center bond b=45 = 1.049429287813
    Eigs at center bond b=45: 0.6651 0.2001 0.0751 0.0289 0.0123 0.0101 0.0020 0.0017 0.0016 
    Largest link dim during sweep 57/87 was 141
    Largest truncation error: 7.94386e-09
    Energy after sweep 57/87 is -42.880892809502
    Sweep 57/87 CPU time = 45.02s (Wall time = 6.029s)

    vN Entropy at center bond b=45 = 1.049429287935
    Eigs at center bond b=45: 0.6651 0.2001 0.0751 0.0289 0.0123 0.0101 0.0020 0.0017 0.0016 
    Largest link dim during sweep 58/87 was 141
    Largest truncation error: 7.94386e-09
    Energy after sweep 58/87 is -42.880892809501
    Sweep 58/87 CPU time = 45.43s (Wall time = 6.118s)

    vN Entropy at center bond b=45 = 1.049551143793
    Eigs at center bond b=45: 0.6651 0.2002 0.0751 0.0289 0.0123 0.0101 0.0020 0.0017 0.0016 
    Largest link dim during sweep 59/87 was 275
    Largest truncation error: 7.62478e-11
    Energy after sweep 59/87 is -42.880898355515
    Sweep 59/87 CPU time = 2m, 10.0s (Wall time = 17.24s)

    vN Entropy at center bond b=45 = 1.049563776834
    Eigs at center bond b=45: 0.6651 0.2002 0.0751 0.0289 0.0123 0.0101 0.0020 0.0017 0.0016 
    Largest link dim during sweep 60/87 was 290
    Largest truncation error: 7.73203e-11
    Energy after sweep 60/87 is -42.880898380707
    Sweep 60/87 CPU time = 3m, 38.0s (Wall time = 28.43s)

    vN Entropy at center bond b=45 = 1.049564054032
    Eigs at center bond b=45: 0.6651 0.2002 0.0751 0.0289 0.0123 0.0101 0.0020 0.0017 0.0016 
    Largest link dim during sweep 61/87 was 291
    Largest truncation error: 7.73215e-11
    Energy after sweep 61/87 is -42.880898381758
    Sweep 61/87 CPU time = 3m, 41.7s (Wall time = 28.78s)

    vN Entropy at center bond b=45 = 1.049564068669
    Eigs at center bond b=45: 0.6651 0.2002 0.0751 0.0289 0.0123 0.0101 0.0020 0.0017 0.0016 
    Largest link dim during sweep 62/87 was 291
    Largest truncation error: 7.73217e-11
    Energy after sweep 62/87 is -42.880898381771
    Sweep 62/87 CPU time = 3m, 42.5s (Wall time = 28.43s)

    vN Entropy at center bond b=45 = 1.049564071022
    Eigs at center bond b=45: 0.6651 0.2002 0.0751 0.0289 0.0123 0.0101 0.0020 0.0017 0.0016 
    Largest link dim during sweep 63/87 was 291
    Largest truncation error: 7.73214e-11
    Energy after sweep 63/87 is -42.880898381772
    Sweep 63/87 CPU time = 3m, 44.1s (Wall time = 28.68s)

    vN Entropy at center bond b=45 = 1.049564071303
    Eigs at center bond b=45: 0.6651 0.2002 0.0751 0.0289 0.0123 0.0101 0.0020 0.0017 0.0016 
    Largest link dim during sweep 64/87 was 291
    Largest truncation error: 7.73215e-11
    Energy after sweep 64/87 is -42.880898381772
    Sweep 64/87 CPU time = 3m, 44.5s (Wall time = 28.69s)

    vN Entropy at center bond b=45 = 1.049564071434
    Eigs at center bond b=45: 0.6651 0.2002 0.0751 0.0289 0.0123 0.0101 0.0020 0.0017 0.0016 
    Largest link dim during sweep 65/87 was 291
    Largest truncation error: 7.73214e-11
    Energy after sweep 65/87 is -42.880898381773
    Sweep 65/87 CPU time = 3m, 43.2s (Wall time = 28.54s)

    vN Entropy at center bond b=45 = 1.049564071485
    Eigs at center bond b=45: 0.6651 0.2002 0.0751 0.0289 0.0123 0.0101 0.0020 0.0017 0.0016 
    Largest link dim during sweep 66/87 was 291
    Largest truncation error: 7.73213e-11
    Energy after sweep 66/87 is -42.880898381773
    Sweep 66/87 CPU time = 3m, 42.7s (Wall time = 28.46s)

    vN Entropy at center bond b=45 = 1.049564071521
    Eigs at center bond b=45: 0.6651 0.2002 0.0751 0.0289 0.0123 0.0101 0.0020 0.0017 0.0016 
    Largest link dim during sweep 67/87 was 291
    Largest truncation error: 7.73215e-11
    Energy after sweep 67/87 is -42.880898381772
    Sweep 67/87 CPU time = 3m, 44.1s (Wall time = 28.66s)

    vN Entropy at center bond b=45 = 1.049564071550
    Eigs at center bond b=45: 0.6651 0.2002 0.0751 0.0289 0.0123 0.0101 0.0020 0.0017 0.0016 
    Largest link dim during sweep 68/87 was 291
    Largest truncation error: 7.73217e-11
    Energy after sweep 68/87 is -42.880898381770
    Sweep 68/87 CPU time = 3m, 44.0s (Wall time = 28.61s)

    vN Entropy at center bond b=45 = 1.049564071567
    Eigs at center bond b=45: 0.6651 0.2002 0.0751 0.0289 0.0123 0.0101 0.0020 0.0017 0.0016 
    Largest link dim during sweep 69/87 was 291
    Largest truncation error: 7.73215e-11
    Energy after sweep 69/87 is -42.880898381769
    Sweep 69/87 CPU time = 3m, 43.6s (Wall time = 28.61s)

    vN Entropy at center bond b=45 = 1.049564071574
    Eigs at center bond b=45: 0.6651 0.2002 0.0751 0.0289 0.0123 0.0101 0.0020 0.0017 0.0016 
    Largest link dim during sweep 70/87 was 291
    Largest truncation error: 7.73216e-11
    Energy after sweep 70/87 is -42.880898381768
    Sweep 70/87 CPU time = 3m, 43.7s (Wall time = 28.58s)

    vN Entropy at center bond b=45 = 1.049564071576
    Eigs at center bond b=45: 0.6651 0.2002 0.0751 0.0289 0.0123 0.0101 0.0020 0.0017 0.0016 
    Largest link dim during sweep 71/87 was 291
    Largest truncation error: 7.73216e-11
    Energy after sweep 71/87 is -42.880898381768
    Sweep 71/87 CPU time = 3m, 44.6s (Wall time = 28.69s)

    vN Entropy at center bond b=45 = 1.049564071577
    Eigs at center bond b=45: 0.6651 0.2002 0.0751 0.0289 0.0123 0.0101 0.0020 0.0017 0.0016 
    Largest link dim during sweep 72/87 was 291
    Largest truncation error: 7.73216e-11
    Energy after sweep 72/87 is -42.880898381768
    Sweep 72/87 CPU time = 3m, 42.5s (Wall time = 28.42s)

    vN Entropy at center bond b=45 = 1.049564071577
    Eigs at center bond b=45: 0.6651 0.2002 0.0751 0.0289 0.0123 0.0101 0.0020 0.0017 0.0016 
    Largest link dim during sweep 73/87 was 291
    Largest truncation error: 7.73218e-11
    Energy after sweep 73/87 is -42.880898381769
    Sweep 73/87 CPU time = 3m, 42.0s (Wall time = 28.40s)

    vN Entropy at center bond b=45 = 1.049564071578
    Eigs at center bond b=45: 0.6651 0.2002 0.0751 0.0289 0.0123 0.0101 0.0020 0.0017 0.0016 
    Largest link dim during sweep 74/87 was 291
    Largest truncation error: 7.73218e-11
    Energy after sweep 74/87 is -42.880898381769
    Sweep 74/87 CPU time = 3m, 43.1s (Wall time = 28.68s)

    vN Entropy at center bond b=45 = 1.049565111468
    Eigs at center bond b=45: 0.6651 0.2002 0.0751 0.0289 0.0123 0.0101 0.0020 0.0017 0.0016 
    Largest link dim during sweep 75/87 was 537
    Largest truncation error: 7.38884e-13
    Energy after sweep 75/87 is -42.880898443369
    Sweep 75/87 CPU time = 7m, 53.0s (Wall time = 1m, 4.2s)

    vN Entropy at center bond b=45 = 1.049565419106
    Eigs at center bond b=45: 0.6651 0.2002 0.0751 0.0289 0.0123 0.0101 0.0020 0.0017 0.0016 
    Largest link dim during sweep 76/87 was 551
    Largest truncation error: 7.43628e-13
    Energy after sweep 76/87 is -42.880898443548
    Sweep 76/87 CPU time = 11m, 39s (Wall time = 1m, 33.6s)

    vN Entropy at center bond b=45 = 1.049565428229
    Eigs at center bond b=45: 0.6651 0.2002 0.0751 0.0289 0.0123 0.0101 0.0020 0.0017 0.0016 
    Largest link dim during sweep 77/87 was 551
    Largest truncation error: 7.43617e-13
    Energy after sweep 77/87 is -42.880898443554
    Sweep 77/87 CPU time = 11m, 39s (Wall time = 1m, 34.1s)

    vN Entropy at center bond b=45 = 1.049565428892
    Eigs at center bond b=45: 0.6651 0.2002 0.0751 0.0289 0.0123 0.0101 0.0020 0.0017 0.0016 
    Largest link dim during sweep 78/87 was 551
    Largest truncation error: 7.43676e-13
    Energy after sweep 78/87 is -42.880898443555
    Sweep 78/87 CPU time = 11m, 37s (Wall time = 1m, 34.1s)

    vN Entropy at center bond b=45 = 1.049565428984
    Eigs at center bond b=45: 0.6651 0.2002 0.0751 0.0289 0.0123 0.0101 0.0020 0.0017 0.0016 
    Largest link dim during sweep 79/87 was 551
    Largest truncation error: 7.43651e-13
    Energy after sweep 79/87 is -42.880898443555
    Sweep 79/87 CPU time = 11m, 36s (Wall time = 1m, 33.9s)

    vN Entropy at center bond b=45 = 1.049565428992
    Eigs at center bond b=45: 0.6651 0.2002 0.0751 0.0289 0.0123 0.0101 0.0020 0.0017 0.0016 
    Largest link dim during sweep 80/87 was 551
    Largest truncation error: 7.43714e-13
    Energy after sweep 80/87 is -42.880898443554
    Sweep 80/87 CPU time = 11m, 36s (Wall time = 1m, 34.2s)

    vN Entropy at center bond b=45 = 1.049565428994
    Eigs at center bond b=45: 0.6651 0.2002 0.0751 0.0289 0.0123 0.0101 0.0020 0.0017 0.0016 
    Largest link dim during sweep 81/87 was 551
    Largest truncation error: 7.4383e-13
    Energy after sweep 81/87 is -42.880898443555
    Sweep 81/87 CPU time = 11m, 35s (Wall time = 1m, 34.1s)

    vN Entropy at center bond b=45 = 1.049565428995
    Eigs at center bond b=45: 0.6651 0.2002 0.0751 0.0289 0.0123 0.0101 0.0020 0.0017 0.0016 
    Largest link dim during sweep 82/87 was 551
    Largest truncation error: 7.43686e-13
    Energy after sweep 82/87 is -42.880898443555
    Sweep 82/87 CPU time = 11m, 34s (Wall time = 1m, 33.3s)

    vN Entropy at center bond b=45 = 1.049565334715
    Eigs at center bond b=45: 0.6651 0.2002 0.0751 0.0289 0.0123 0.0101 0.0020 0.0017 0.0016 
    Largest link dim during sweep 83/87 was 516
    Largest truncation error: 7.28801e-13
    Energy after sweep 83/87 is -42.880898443337
    Sweep 83/87 CPU time = 8m, 44.2s (Wall time = 1m, 10.7s)

    vN Entropy at center bond b=45 = 1.049565362741
    Eigs at center bond b=45: 0.6651 0.2002 0.0751 0.0289 0.0123 0.0101 0.0020 0.0017 0.0016 
    Largest link dim during sweep 84/87 was 904
    Largest truncation error: 7.69288e-15
    Energy after sweep 84/87 is -42.880898444249
    Sweep 84/87 CPU time = 22m, 23s (Wall time = 3m, 0.0s)

    vN Entropy at center bond b=45 = 1.049565368047
    Eigs at center bond b=45: 0.6651 0.2002 0.0751 0.0289 0.0123 0.0101 0.0020 0.0017 0.0016 
    Largest link dim during sweep 85/87 was 925
    Largest truncation error: 7.57743e-15
    Energy after sweep 85/87 is -42.880898444252
    Sweep 85/87 CPU time = 35m, 43s (Wall time = 4m, 48.9s)

    vN Entropy at center bond b=45 = 1.049565368209
    Eigs at center bond b=45: 0.6651 0.2002 0.0751 0.0289 0.0123 0.0101 0.0020 0.0017 0.0016 
    Largest link dim during sweep 86/87 was 926
    Largest truncation error: 7.57488e-15
    Energy after sweep 86/87 is -42.880898444252
    Sweep 86/87 CPU time = 35m, 35s (Wall time = 4m, 48.3s)

    vN Entropy at center bond b=45 = 1.049565368219
    Eigs at center bond b=45: 0.6651 0.2002 0.0751 0.0289 0.0123 0.0101 0.0020 0.0017 0.0016 
    Largest link dim during sweep 87/87 was 926
    Largest truncation error: 7.57487e-15
    Energy after sweep 87/87 is -42.880898444253
    Sweep 87/87 CPU time = 35m, 22s (Wall time = 4m, 45.8s)
Initial energy = 174.00000

Ground State Energy = -42.8808984443
run_outputs/outputpsi/N_90_sweep_87_t_0.030000_J_1.000000_V_0.600000_D_0.018000_U_2.000000_mu_0.000000_E_0.000000 converge
Wall-clock time (s) = 3954.640836
