//////////////////////////
Reading input file ......

Got input.N = 150
Got input.t = 0.03
Got input.J = 1
Got input.V = 0.6
Got input.D = 0.018
Got input.U = 0.99
Got input.mu = 0
Got input.E = 0
Got input.nsweeps = 87
Sweeps:
1  MaxDim=20, MinDim=20, Cutoff=1.0E-06, Niter=8, Noise=1.0E-05
2  MaxDim=20, MinDim=20, Cutoff=1.0E-06, Niter=8, Noise=1.0E-05
3  MaxDim=20, MinDim=20, Cutoff=1.0E-06, Niter=8, Noise=1.0E-05
4  MaxDim=20, MinDim=20, Cutoff=1.0E-06, Niter=8, Noise=1.0E-05
5  MaxDim=20, MinDim=20, Cutoff=1.0E-06, Niter=8, Noise=1.0E-05
6  MaxDim=20, MinDim=20, Cutoff=1.0E-06, Niter=8, Noise=1.0E-05
7  MaxDim=20, MinDim=20, Cutoff=1.0E-06, Niter=8, Noise=1.0E-05
8  MaxDim=40, MinDim=20, Cutoff=1.0E-06, Niter=4, Noise=1.0E-05
9  MaxDim=40, MinDim=20, Cutoff=1.0E-06, Niter=4, Noise=1.0E-05
10  MaxDim=40, MinDim=20, Cutoff=1.0E-06, Niter=4, Noise=1.0E-05
11  MaxDim=40, MinDim=20, Cutoff=1.0E-06, Niter=4, Noise=1.0E-05
12  MaxDim=40, MinDim=20, Cutoff=1.0E-06, Niter=4, Noise=1.0E-05
13  MaxDim=40, MinDim=20, Cutoff=1.0E-06, Niter=4, Noise=1.0E-05
14  MaxDim=40, MinDim=20, Cutoff=1.0E-06, Niter=4, Noise=1.0E-05
15  MaxDim=80, MinDim=10, Cutoff=1.0E-06, Niter=4, Noise=1.0E-05
16  MaxDim=80, MinDim=10, Cutoff=1.0E-06, Niter=4, Noise=1.0E-05
17  MaxDim=80, MinDim=10, Cutoff=1.0E-06, Niter=4, Noise=1.0E-05
18  MaxDim=80, MinDim=10, Cutoff=1.0E-06, Niter=4, Noise=1.0E-05
19  MaxDim=80, MinDim=10, Cutoff=1.0E-06, Niter=4, Noise=1.0E-05
20  MaxDim=80, MinDim=10, Cutoff=1.0E-06, Niter=4, Noise=1.0E-05
21  MaxDim=80, MinDim=10, Cutoff=1.0E-06, Niter=4, Noise=1.0E-05
22  MaxDim=80, MinDim=10, Cutoff=1.0E-06, Niter=4, Noise=1.0E-05
23  MaxDim=80, MinDim=10, Cutoff=1.0E-06, Niter=4, Noise=1.0E-05
24  MaxDim=80, MinDim=10, Cutoff=1.0E-06, Niter=4, Noise=1.0E-05
25  MaxDim=80, MinDim=10, Cutoff=1.0E-06, Niter=4, Noise=1.0E-05
26  MaxDim=80, MinDim=10, Cutoff=1.0E-06, Niter=4, Noise=1.0E-05
27  MaxDim=80, MinDim=10, Cutoff=1.0E-06, Niter=4, Noise=1.0E-05
28  MaxDim=80, MinDim=10, Cutoff=1.0E-06, Niter=4, Noise=1.0E-05
29  MaxDim=80, MinDim=10, Cutoff=1.0E-06, Niter=4, Noise=1.0E-05
30  MaxDim=80, MinDim=10, Cutoff=1.0E-06, Niter=4, Noise=1.0E-05
31  MaxDim=80, MinDim=10, Cutoff=1.0E-06, Niter=4, Noise=1.0E-05
32  MaxDim=80, MinDim=10, Cutoff=1.0E-06, Niter=4, Noise=1.0E-05
33  MaxDim=80, MinDim=10, Cutoff=1.0E-06, Niter=4, Noise=1.0E-05
34  MaxDim=80, MinDim=10, Cutoff=1.0E-06, Niter=4, Noise=1.0E-05
35  MaxDim=80, MinDim=10, Cutoff=1.0E-06, Niter=4, Noise=1.0E-05
36  MaxDim=80, MinDim=10, Cutoff=1.0E-06, Niter=4, Noise=1.0E-05
37  MaxDim=160, MinDim=10, Cutoff=1.0E-08, Niter=4, Noise=1.0E-06
38  MaxDim=160, MinDim=10, Cutoff=1.0E-08, Niter=4, Noise=1.0E-06
39  MaxDim=160, MinDim=10, Cutoff=1.0E-08, Niter=4, Noise=1.0E-06
40  MaxDim=160, MinDim=10, Cutoff=1.0E-08, Niter=4, Noise=1.0E-06
41  MaxDim=160, MinDim=10, Cutoff=1.0E-08, Niter=4, Noise=1.0E-06
42  MaxDim=160, MinDim=10, Cutoff=1.0E-08, Niter=4, Noise=1.0E-06
43  MaxDim=160, MinDim=10, Cutoff=1.0E-08, Niter=4, Noise=1.0E-06
44  MaxDim=160, MinDim=10, Cutoff=1.0E-08, Niter=4, Noise=1.0E-06
45  MaxDim=160, MinDim=10, Cutoff=1.0E-08, Niter=4, Noise=1.0E-06
46  MaxDim=160, MinDim=10, Cutoff=1.0E-08, Niter=4, Noise=1.0E-06
47  MaxDim=160, MinDim=10, Cutoff=1.0E-08, Niter=4, Noise=1.0E-06
48  MaxDim=160, MinDim=10, Cutoff=1.0E-08, Niter=4, Noise=1.0E-06
49  MaxDim=160, MinDim=10, Cutoff=1.0E-08, Niter=4, Noise=1.0E-06
50  MaxDim=160, MinDim=10, Cutoff=1.0E-08, Niter=4, Noise=1.0E-06
51  MaxDim=160, MinDim=10, Cutoff=1.0E-08, Niter=4, Noise=1.0E-06
52  MaxDim=160, MinDim=10, Cutoff=1.0E-08, Niter=4, Noise=1.0E-06
53  MaxDim=160, MinDim=10, Cutoff=1.0E-08, Niter=4, Noise=1.0E-06
54  MaxDim=160, MinDim=10, Cutoff=1.0E-08, Niter=4, Noise=1.0E-06
55  MaxDim=160, MinDim=10, Cutoff=1.0E-08, Niter=4, Noise=1.0E-06
56  MaxDim=160, MinDim=10, Cutoff=1.0E-08, Niter=4, Noise=1.0E-06
57  MaxDim=160, MinDim=10, Cutoff=1.0E-08, Niter=4, Noise=1.0E-06
58  MaxDim=160, MinDim=10, Cutoff=1.0E-08, Niter=4, Noise=1.0E-06
59  MaxDim=320, MinDim=10, Cutoff=1.0E-10, Niter=4, Noise=1.0E-07
60  MaxDim=320, MinDim=10, Cutoff=1.0E-10, Niter=4, Noise=1.0E-07
61  MaxDim=320, MinDim=10, Cutoff=1.0E-10, Niter=4, Noise=1.0E-07
62  MaxDim=320, MinDim=10, Cutoff=1.0E-10, Niter=4, Noise=1.0E-07
63  MaxDim=320, MinDim=10, Cutoff=1.0E-10, Niter=4, Noise=1.0E-07
64  MaxDim=320, MinDim=10, Cutoff=1.0E-10, Niter=4, Noise=1.0E-07
65  MaxDim=320, MinDim=10, Cutoff=1.0E-10, Niter=4, Noise=1.0E-07
66  MaxDim=320, MinDim=10, Cutoff=1.0E-10, Niter=4, Noise=1.0E-07
67  MaxDim=320, MinDim=10, Cutoff=1.0E-10, Niter=4, Noise=1.0E-07
68  MaxDim=320, MinDim=10, Cutoff=1.0E-10, Niter=4, Noise=1.0E-07
69  MaxDim=320, MinDim=10, Cutoff=1.0E-10, Niter=4, Noise=1.0E-07
70  MaxDim=320, MinDim=10, Cutoff=1.0E-10, Niter=4, Noise=1.0E-07
71  MaxDim=320, MinDim=10, Cutoff=1.0E-10, Niter=4, Noise=1.0E-07
72  MaxDim=320, MinDim=10, Cutoff=1.0E-10, Niter=4, Noise=1.0E-07
73  MaxDim=320, MinDim=10, Cutoff=1.0E-10, Niter=4, Noise=1.0E-07
74  MaxDim=320, MinDim=10, Cutoff=1.0E-10, Niter=4, Noise=1.0E-07
75  MaxDim=640, MinDim=10, Cutoff=1.0E-12, Niter=2, Noise=1.0E-08
76  MaxDim=640, MinDim=10, Cutoff=1.0E-12, Niter=2, Noise=1.0E-08
77  MaxDim=640, MinDim=10, Cutoff=1.0E-12, Niter=2, Noise=1.0E-08
78  MaxDim=640, MinDim=10, Cutoff=1.0E-12, Niter=2, Noise=1.0E-08
79  MaxDim=640, MinDim=10, Cutoff=1.0E-12, Niter=2, Noise=1.0E-08
80  MaxDim=640, MinDim=10, Cutoff=1.0E-12, Niter=2, Noise=1.0E-08
81  MaxDim=640, MinDim=10, Cutoff=1.0E-12, Niter=2, Noise=1.0E-08
82  MaxDim=640, MinDim=10, Cutoff=1.0E-12, Niter=2, Noise=1.0E-08
83  MaxDim=1280, MinDim=10, Cutoff=1.0E-12, Niter=2, Noise=0.0E+00
84  MaxDim=1280, MinDim=10, Cutoff=1.0E-14, Niter=2, Noise=0.0E+00
85  MaxDim=1280, MinDim=10, Cutoff=1.0E-14, Niter=2, Noise=0.0E+00
86  MaxDim=1280, MinDim=10, Cutoff=1.0E-14, Niter=2, Noise=0.0E+00
87  MaxDim=1280, MinDim=10, Cutoff=1.0E-14, Niter=2, Noise=0.0E+00


    vN Entropy at center bond b=75 = 0.513166667857
    Eigs at center bond b=75: 0.8443 0.1354 0.0133 0.0049 0.0011 
    Largest link dim during sweep 1/87 was 20
    Largest truncation error: 8.34531e-06
    Energy after sweep 1/87 is -80.057459873656
    Sweep 1/87 CPU time = 4.321s (Wall time = 0.562s)

    vN Entropy at center bond b=75 = 0.683183815590
    Eigs at center bond b=75: 0.7889 0.1630 0.0316 0.0067 0.0050 0.0032 
    Largest link dim during sweep 2/87 was 20
    Largest truncation error: 9.35639e-06
    Energy after sweep 2/87 is -80.087436913248
    Sweep 2/87 CPU time = 5.963s (Wall time = 0.766s)

    vN Entropy at center bond b=75 = 0.703708114393
    Eigs at center bond b=75: 0.7818 0.1663 0.0339 0.0071 0.0055 0.0035 
    Largest link dim during sweep 3/87 was 20
    Largest truncation error: 1.09848e-05
    Energy after sweep 3/87 is -80.088262830190
    Sweep 3/87 CPU time = 6.008s (Wall time = 0.766s)

    vN Entropy at center bond b=75 = 0.707243411551
    Eigs at center bond b=75: 0.7807 0.1668 0.0344 0.0072 0.0055 0.0035 
    Largest link dim during sweep 4/87 was 20
    Largest truncation error: 1.1304e-05
    Energy after sweep 4/87 is -80.088374372280
    Sweep 4/87 CPU time = 5.989s (Wall time = 0.767s)

    vN Entropy at center bond b=75 = 0.708457266509
    Eigs at center bond b=75: 0.7802 0.1671 0.0345 0.0072 0.0055 0.0035 
    Largest link dim during sweep 5/87 was 20
    Largest truncation error: 1.14701e-05
    Energy after sweep 5/87 is -80.088401426471
    Sweep 5/87 CPU time = 5.977s (Wall time = 0.769s)

    vN Entropy at center bond b=75 = 0.709000195020
    Eigs at center bond b=75: 0.7801 0.1671 0.0346 0.0072 0.0055 0.0035 
    Largest link dim during sweep 6/87 was 20
    Largest truncation error: 1.17496e-05
    Energy after sweep 6/87 is -80.088410814617
    Sweep 6/87 CPU time = 5.987s (Wall time = 0.769s)

    vN Entropy at center bond b=75 = 0.709277158087
    Eigs at center bond b=75: 0.7800 0.1672 0.0346 0.0072 0.0054 0.0035 
    Largest link dim during sweep 7/87 was 20
    Largest truncation error: 1.19106e-05
    Energy after sweep 7/87 is -80.088414301674
    Sweep 7/87 CPU time = 6.007s (Wall time = 0.768s)

    vN Entropy at center bond b=75 = 0.769322418880
    Eigs at center bond b=75: 0.7615 0.1733 0.0417 0.0087 0.0069 0.0043 0.0014 0.0011 
    Largest link dim during sweep 8/87 was 39
    Largest truncation error: 7.59846e-07
    Energy after sweep 8/87 is -80.098557411930
    Sweep 8/87 CPU time = 5.408s (Wall time = 0.694s)

    vN Entropy at center bond b=75 = 0.913017607015
    Eigs at center bond b=75: 0.7158 0.1862 0.0586 0.0141 0.0112 0.0052 0.0034 0.0028 
    Largest link dim during sweep 9/87 was 40
    Largest truncation error: 1.55966e-06
    Energy after sweep 9/87 is -80.101703687282
    Sweep 9/87 CPU time = 8.259s (Wall time = 1.057s)

    vN Entropy at center bond b=75 = 1.025370160238
    Eigs at center bond b=75: 0.6711 0.2047 0.0715 0.0211 0.0143 0.0054 0.0040 0.0038 0.0015 
    Largest link dim during sweep 10/87 was 40
    Largest truncation error: 2.44095e-06
    Energy after sweep 10/87 is -80.102788351850
    Sweep 10/87 CPU time = 8.530s (Wall time = 1.092s)

    vN Entropy at center bond b=75 = 1.049708247816
    Eigs at center bond b=75: 0.6604 0.2100 0.0736 0.0232 0.0147 0.0055 0.0041 0.0040 0.0017 
    Largest link dim during sweep 11/87 was 40
    Largest truncation error: 2.6428e-06
    Energy after sweep 11/87 is -80.102957101839
    Sweep 11/87 CPU time = 8.600s (Wall time = 1.100s)

    vN Entropy at center bond b=75 = 1.053552097427
    Eigs at center bond b=75: 0.6588 0.2107 0.0739 0.0235 0.0148 0.0055 0.0042 0.0040 0.0017 
    Largest link dim during sweep 12/87 was 40
    Largest truncation error: 2.67404e-06
    Energy after sweep 12/87 is -80.102989434567
    Sweep 12/87 CPU time = 8.557s (Wall time = 1.093s)

    vN Entropy at center bond b=75 = 1.054337761343
    Eigs at center bond b=75: 0.6585 0.2109 0.0739 0.0236 0.0149 0.0055 0.0042 0.0040 0.0017 
    Largest link dim during sweep 13/87 was 40
    Largest truncation error: 2.68177e-06
    Energy after sweep 13/87 is -80.102995994054
    Sweep 13/87 CPU time = 8.562s (Wall time = 1.093s)

    vN Entropy at center bond b=75 = 1.054521912861
    Eigs at center bond b=75: 0.6584 0.2109 0.0739 0.0236 0.0149 0.0055 0.0042 0.0040 0.0017 
    Largest link dim during sweep 14/87 was 40
    Largest truncation error: 2.68442e-06
    Energy after sweep 14/87 is -80.102997322953
    Sweep 14/87 CPU time = 8.493s (Wall time = 1.098s)

    vN Entropy at center bond b=75 = 1.067675139570
    Eigs at center bond b=75: 0.6548 0.2108 0.0754 0.0243 0.0157 0.0055 0.0045 0.0042 0.0018 
    Largest link dim during sweep 15/87 was 55
    Largest truncation error: 7.53569e-07
    Energy after sweep 15/87 is -80.104000405250
    Sweep 15/87 CPU time = 10.88s (Wall time = 1.395s)

    vN Entropy at center bond b=75 = 1.078469416162
    Eigs at center bond b=75: 0.6516 0.2111 0.0765 0.0249 0.0163 0.0055 0.0047 0.0043 0.0020 
    Largest link dim during sweep 16/87 was 58
    Largest truncation error: 7.35139e-07
    Energy after sweep 16/87 is -80.104118497389
    Sweep 16/87 CPU time = 12.38s (Wall time = 1.590s)

    vN Entropy at center bond b=75 = 1.081513183069
    Eigs at center bond b=75: 0.6507 0.2112 0.0767 0.0251 0.0165 0.0055 0.0047 0.0044 0.0020 
    Largest link dim during sweep 17/87 was 59
    Largest truncation error: 7.33766e-07
    Energy after sweep 17/87 is -80.104149961136
    Sweep 17/87 CPU time = 12.63s (Wall time = 1.619s)

    vN Entropy at center bond b=75 = 1.082570440197
    Eigs at center bond b=75: 0.6504 0.2112 0.0768 0.0252 0.0165 0.0055 0.0048 0.0044 0.0020 
    Largest link dim during sweep 18/87 was 59
    Largest truncation error: 7.33777e-07
    Energy after sweep 18/87 is -80.104161952431
    Sweep 18/87 CPU time = 12.80s (Wall time = 1.637s)

    vN Entropy at center bond b=75 = 1.082860867780
    Eigs at center bond b=75: 0.6503 0.2112 0.0768 0.0252 0.0165 0.0055 0.0048 0.0044 0.0020 
    Largest link dim during sweep 19/87 was 59
    Largest truncation error: 7.33797e-07
    Energy after sweep 19/87 is -80.104165747773
    Sweep 19/87 CPU time = 12.84s (Wall time = 1.652s)

    vN Entropy at center bond b=75 = 1.082953475616
    Eigs at center bond b=75: 0.6503 0.2112 0.0768 0.0252 0.0165 0.0055 0.0048 0.0044 0.0020 
    Largest link dim during sweep 20/87 was 59
    Largest truncation error: 7.33807e-07
    Energy after sweep 20/87 is -80.104166606333
    Sweep 20/87 CPU time = 12.83s (Wall time = 1.640s)

    vN Entropy at center bond b=75 = 1.082975652130
    Eigs at center bond b=75: 0.6502 0.2112 0.0768 0.0252 0.0165 0.0055 0.0048 0.0044 0.0020 
    Largest link dim during sweep 21/87 was 59
    Largest truncation error: 7.33812e-07
    Energy after sweep 21/87 is -80.104166746315
    Sweep 21/87 CPU time = 12.78s (Wall time = 1.639s)

    vN Entropy at center bond b=75 = 1.082983387439
    Eigs at center bond b=75: 0.6502 0.2112 0.0768 0.0252 0.0165 0.0055 0.0048 0.0044 0.0020 
    Largest link dim during sweep 22/87 was 59
    Largest truncation error: 7.33815e-07
    Energy after sweep 22/87 is -80.104166818684
    Sweep 22/87 CPU time = 12.86s (Wall time = 1.646s)

    vN Entropy at center bond b=75 = 1.082988336827
    Eigs at center bond b=75: 0.6502 0.2112 0.0768 0.0252 0.0165 0.0055 0.0048 0.0044 0.0020 
    Largest link dim during sweep 23/87 was 59
    Largest truncation error: 7.33817e-07
    Energy after sweep 23/87 is -80.104167655422
    Sweep 23/87 CPU time = 12.83s (Wall time = 1.645s)

    vN Entropy at center bond b=75 = 1.083027419269
    Eigs at center bond b=75: 0.6502 0.2112 0.0768 0.0252 0.0165 0.0055 0.0048 0.0044 0.0020 
    Largest link dim during sweep 24/87 was 59
    Largest truncation error: 7.3382e-07
    Energy after sweep 24/87 is -80.104167784764
    Sweep 24/87 CPU time = 12.86s (Wall time = 1.644s)

    vN Entropy at center bond b=75 = 1.083039247418
    Eigs at center bond b=75: 0.6502 0.2112 0.0768 0.0252 0.0165 0.0055 0.0048 0.0044 0.0020 
    Largest link dim during sweep 25/87 was 59
    Largest truncation error: 7.33822e-07
    Energy after sweep 25/87 is -80.104168395496
    Sweep 25/87 CPU time = 12.91s (Wall time = 1.658s)

    vN Entropy at center bond b=75 = 1.083039964448
    Eigs at center bond b=75: 0.6502 0.2112 0.0768 0.0252 0.0165 0.0055 0.0048 0.0044 0.0020 
    Largest link dim during sweep 26/87 was 59
    Largest truncation error: 7.33824e-07
    Energy after sweep 26/87 is -80.104168460737
    Sweep 26/87 CPU time = 12.81s (Wall time = 1.644s)

    vN Entropy at center bond b=75 = 1.083036459145
    Eigs at center bond b=75: 0.6502 0.2112 0.0768 0.0252 0.0165 0.0055 0.0048 0.0044 0.0020 
    Largest link dim during sweep 27/87 was 59
    Largest truncation error: 7.33825e-07
    Energy after sweep 27/87 is -80.104168672514
    Sweep 27/87 CPU time = 12.87s (Wall time = 1.646s)

    vN Entropy at center bond b=75 = 1.083034135329
    Eigs at center bond b=75: 0.6502 0.2112 0.0768 0.0252 0.0165 0.0055 0.0048 0.0044 0.0020 
    Largest link dim during sweep 28/87 was 59
    Largest truncation error: 7.33826e-07
    Energy after sweep 28/87 is -80.104168718966
    Sweep 28/87 CPU time = 12.88s (Wall time = 1.643s)

    vN Entropy at center bond b=75 = 1.083033402514
    Eigs at center bond b=75: 0.6502 0.2112 0.0768 0.0252 0.0165 0.0055 0.0048 0.0044 0.0020 
    Largest link dim during sweep 29/87 was 59
    Largest truncation error: 7.33827e-07
    Energy after sweep 29/87 is -80.104168757050
    Sweep 29/87 CPU time = 12.85s (Wall time = 1.646s)

    vN Entropy at center bond b=75 = 1.083034389196
    Eigs at center bond b=75: 0.6502 0.2112 0.0768 0.0252 0.0165 0.0055 0.0048 0.0044 0.0020 
    Largest link dim during sweep 30/87 was 59
    Largest truncation error: 7.33828e-07
    Energy after sweep 30/87 is -80.104169381914
    Sweep 30/87 CPU time = 12.86s (Wall time = 1.647s)

    vN Entropy at center bond b=75 = 1.083067284703
    Eigs at center bond b=75: 0.6502 0.2112 0.0768 0.0252 0.0165 0.0055 0.0048 0.0044 0.0020 
    Largest link dim during sweep 31/87 was 59
    Largest truncation error: 7.3383e-07
    Energy after sweep 31/87 is -80.104169290643
    Sweep 31/87 CPU time = 12.87s (Wall time = 1.646s)

    vN Entropy at center bond b=75 = 1.083103233050
    Eigs at center bond b=75: 0.6502 0.2112 0.0768 0.0252 0.0165 0.0055 0.0048 0.0044 0.0020 
    Largest link dim during sweep 32/87 was 59
    Largest truncation error: 7.33831e-07
    Energy after sweep 32/87 is -80.104170548263
    Sweep 32/87 CPU time = 12.85s (Wall time = 1.646s)

    vN Entropy at center bond b=75 = 1.083116357124
    Eigs at center bond b=75: 0.6502 0.2112 0.0769 0.0252 0.0165 0.0055 0.0048 0.0044 0.0020 
    Largest link dim during sweep 33/87 was 59
    Largest truncation error: 7.33832e-07
    Energy after sweep 33/87 is -80.104170692489
    Sweep 33/87 CPU time = 12.85s (Wall time = 1.645s)

    vN Entropy at center bond b=75 = 1.083120763395
    Eigs at center bond b=75: 0.6502 0.2112 0.0769 0.0252 0.0165 0.0055 0.0048 0.0044 0.0020 
    Largest link dim during sweep 34/87 was 59
    Largest truncation error: 7.33833e-07
    Energy after sweep 34/87 is -80.104171582719
    Sweep 34/87 CPU time = 12.91s (Wall time = 1.657s)

    vN Entropy at center bond b=75 = 1.083132005019
    Eigs at center bond b=75: 0.6502 0.2112 0.0769 0.0252 0.0165 0.0055 0.0048 0.0044 0.0020 
    Largest link dim during sweep 35/87 was 59
    Largest truncation error: 7.33834e-07
    Energy after sweep 35/87 is -80.104172092208
    Sweep 35/87 CPU time = 12.83s (Wall time = 1.649s)

    vN Entropy at center bond b=75 = 1.083155213213
    Eigs at center bond b=75: 0.6502 0.2112 0.0769 0.0252 0.0165 0.0055 0.0048 0.0044 0.0020 
    Largest link dim during sweep 36/87 was 59
    Largest truncation error: 7.33835e-07
    Energy after sweep 36/87 is -80.104172413843
    Sweep 36/87 CPU time = 12.88s (Wall time = 1.652s)

    vN Entropy at center bond b=75 = 1.100460276200
    Eigs at center bond b=75: 0.6454 0.2112 0.0785 0.0262 0.0175 0.0055 0.0051 0.0046 0.0022 
    Largest link dim during sweep 37/87 was 135
    Largest truncation error: 7.56011e-09
    Energy after sweep 37/87 is -80.105034716176
    Sweep 37/87 CPU time = 44.35s (Wall time = 5.696s)

    vN Entropy at center bond b=75 = 1.106266210196
    Eigs at center bond b=75: 0.6438 0.2112 0.0790 0.0265 0.0178 0.0055 0.0052 0.0047 0.0023 0.0010 
    Largest link dim during sweep 38/87 was 155
    Largest truncation error: 7.59079e-09
    Energy after sweep 38/87 is -80.105049098922
    Sweep 38/87 CPU time = 1m, 21.9s (Wall time = 10.82s)

    vN Entropy at center bond b=75 = 1.106672864966
    Eigs at center bond b=75: 0.6437 0.2112 0.0790 0.0265 0.0179 0.0055 0.0052 0.0047 0.0023 0.0010 
    Largest link dim during sweep 39/87 was 160
    Largest truncation error: 7.68208e-09
    Energy after sweep 39/87 is -80.105050062530
    Sweep 39/87 CPU time = 1m, 27.0s (Wall time = 11.38s)

    vN Entropy at center bond b=75 = 1.106723560647
    Eigs at center bond b=75: 0.6437 0.2112 0.0790 0.0265 0.0179 0.0055 0.0052 0.0047 0.0023 0.0010 
    Largest link dim during sweep 40/87 was 160
    Largest truncation error: 7.6925e-09
    Energy after sweep 40/87 is -80.105050214596
    Sweep 40/87 CPU time = 1m, 31.6s (Wall time = 12.17s)

    vN Entropy at center bond b=75 = 1.106733572400
    Eigs at center bond b=75: 0.6437 0.2112 0.0790 0.0265 0.0179 0.0055 0.0052 0.0047 0.0023 0.0010 
    Largest link dim during sweep 41/87 was 160
    Largest truncation error: 7.69393e-09
    Energy after sweep 41/87 is -80.105050239641
    Sweep 41/87 CPU time = 1m, 31.3s (Wall time = 12.13s)

    vN Entropy at center bond b=75 = 1.106735616660
    Eigs at center bond b=75: 0.6437 0.2112 0.0790 0.0265 0.0179 0.0055 0.0052 0.0047 0.0023 0.0010 
    Largest link dim during sweep 42/87 was 160
    Largest truncation error: 7.69414e-09
    Energy after sweep 42/87 is -80.105050240895
    Sweep 42/87 CPU time = 1m, 34.0s (Wall time = 12.58s)

    vN Entropy at center bond b=75 = 1.106736074933
    Eigs at center bond b=75: 0.6437 0.2112 0.0790 0.0265 0.0179 0.0055 0.0052 0.0047 0.0023 0.0010 
    Largest link dim during sweep 43/87 was 160
    Largest truncation error: 7.69417e-09
    Energy after sweep 43/87 is -80.105050241258
    Sweep 43/87 CPU time = 1m, 39.2s (Wall time = 13.36s)

    vN Entropy at center bond b=75 = 1.106736142807
    Eigs at center bond b=75: 0.6437 0.2112 0.0790 0.0265 0.0179 0.0055 0.0052 0.0047 0.0023 0.0010 
    Largest link dim during sweep 44/87 was 160
    Largest truncation error: 7.69417e-09
    Energy after sweep 44/87 is -80.105050241430
    Sweep 44/87 CPU time = 1m, 38.4s (Wall time = 13.36s)

    vN Entropy at center bond b=75 = 1.106736153532
    Eigs at center bond b=75: 0.6437 0.2112 0.0790 0.0265 0.0179 0.0055 0.0052 0.0047 0.0023 0.0010 
    Largest link dim during sweep 45/87 was 160
    Largest truncation error: 7.69414e-09
    Energy after sweep 45/87 is -80.105050241568
    Sweep 45/87 CPU time = 1m, 37.1s (Wall time = 13.09s)

    vN Entropy at center bond b=75 = 1.106736131038
    Eigs at center bond b=75: 0.6437 0.2112 0.0790 0.0265 0.0179 0.0055 0.0052 0.0047 0.0023 0.0010 
    Largest link dim during sweep 46/87 was 160
    Largest truncation error: 7.69411e-09
    Energy after sweep 46/87 is -80.105050241702
    Sweep 46/87 CPU time = 1m, 37.3s (Wall time = 13.08s)

    vN Entropy at center bond b=75 = 1.106736112692
    Eigs at center bond b=75: 0.6437 0.2112 0.0790 0.0265 0.0179 0.0055 0.0052 0.0047 0.0023 0.0010 
    Largest link dim during sweep 47/87 was 160
    Largest truncation error: 7.6941e-09
    Energy after sweep 47/87 is -80.105050241894
    Sweep 47/87 CPU time = 1m, 36.4s (Wall time = 12.73s)

    vN Entropy at center bond b=75 = 1.106736105894
    Eigs at center bond b=75: 0.6437 0.2112 0.0790 0.0265 0.0179 0.0055 0.0052 0.0047 0.0023 0.0010 
    Largest link dim during sweep 48/87 was 160
    Largest truncation error: 7.6941e-09
    Energy after sweep 48/87 is -80.105050242009
    Sweep 48/87 CPU time = 1m, 38.0s (Wall time = 13.18s)

    vN Entropy at center bond b=75 = 1.106736104102
    Eigs at center bond b=75: 0.6437 0.2112 0.0790 0.0265 0.0179 0.0055 0.0052 0.0047 0.0023 0.0010 
    Largest link dim during sweep 49/87 was 160
    Largest truncation error: 7.69409e-09
    Energy after sweep 49/87 is -80.105050242053
    Sweep 49/87 CPU time = 1m, 38.5s (Wall time = 13.32s)

    vN Entropy at center bond b=75 = 1.106736103684
    Eigs at center bond b=75: 0.6437 0.2112 0.0790 0.0265 0.0179 0.0055 0.0052 0.0047 0.0023 0.0010 
    Largest link dim during sweep 50/87 was 160
    Largest truncation error: 7.69409e-09
    Energy after sweep 50/87 is -80.105050242070
    Sweep 50/87 CPU time = 1m, 36.8s (Wall time = 12.94s)

    vN Entropy at center bond b=75 = 1.106736103576
    Eigs at center bond b=75: 0.6437 0.2112 0.0790 0.0265 0.0179 0.0055 0.0052 0.0047 0.0023 0.0010 
    Largest link dim during sweep 51/87 was 160
    Largest truncation error: 7.69409e-09
    Energy after sweep 51/87 is -80.105050242076
    Sweep 51/87 CPU time = 1m, 36.6s (Wall time = 12.82s)

    vN Entropy at center bond b=75 = 1.106736103524
    Eigs at center bond b=75: 0.6437 0.2112 0.0790 0.0265 0.0179 0.0055 0.0052 0.0047 0.0023 0.0010 
    Largest link dim during sweep 52/87 was 160
    Largest truncation error: 7.69409e-09
    Energy after sweep 52/87 is -80.105050242079
    Sweep 52/87 CPU time = 1m, 36.6s (Wall time = 13.02s)

    vN Entropy at center bond b=75 = 1.106736103455
    Eigs at center bond b=75: 0.6437 0.2112 0.0790 0.0265 0.0179 0.0055 0.0052 0.0047 0.0023 0.0010 
    Largest link dim during sweep 53/87 was 160
    Largest truncation error: 7.69409e-09
    Energy after sweep 53/87 is -80.105050242080
    Sweep 53/87 CPU time = 1m, 36.9s (Wall time = 13.20s)

    vN Entropy at center bond b=75 = 1.106736103299
    Eigs at center bond b=75: 0.6437 0.2112 0.0790 0.0265 0.0179 0.0055 0.0052 0.0047 0.0023 0.0010 
    Largest link dim during sweep 54/87 was 160
    Largest truncation error: 7.69409e-09
    Energy after sweep 54/87 is -80.105050242080
    Sweep 54/87 CPU time = 1m, 37.7s (Wall time = 13.30s)

    vN Entropy at center bond b=75 = 1.106736102883
    Eigs at center bond b=75: 0.6437 0.2112 0.0790 0.0265 0.0179 0.0055 0.0052 0.0047 0.0023 0.0010 
    Largest link dim during sweep 55/87 was 160
    Largest truncation error: 7.69409e-09
    Energy after sweep 55/87 is -80.105050242080
    Sweep 55/87 CPU time = 1m, 38.0s (Wall time = 13.30s)

    vN Entropy at center bond b=75 = 1.106736101816
    Eigs at center bond b=75: 0.6437 0.2112 0.0790 0.0265 0.0179 0.0055 0.0052 0.0047 0.0023 0.0010 
    Largest link dim during sweep 56/87 was 160
    Largest truncation error: 7.69409e-09
    Energy after sweep 56/87 is -80.105050242081
    Sweep 56/87 CPU time = 1m, 37.9s (Wall time = 13.29s)

    vN Entropy at center bond b=75 = 1.106736099581
    Eigs at center bond b=75: 0.6437 0.2112 0.0790 0.0265 0.0179 0.0055 0.0052 0.0047 0.0023 0.0010 
    Largest link dim during sweep 57/87 was 160
    Largest truncation error: 7.69409e-09
    Energy after sweep 57/87 is -80.105050242083
    Sweep 57/87 CPU time = 1m, 36.3s (Wall time = 12.69s)

    vN Entropy at center bond b=75 = 1.106736096295
    Eigs at center bond b=75: 0.6437 0.2112 0.0790 0.0265 0.0179 0.0055 0.0052 0.0047 0.0023 0.0010 
    Largest link dim during sweep 58/87 was 160
    Largest truncation error: 7.69409e-09
    Energy after sweep 58/87 is -80.105050242085
    Sweep 58/87 CPU time = 1m, 36.4s (Wall time = 12.64s)

    vN Entropy at center bond b=75 = 1.107100759149
    Eigs at center bond b=75: 0.6436 0.2112 0.0791 0.0265 0.0179 0.0055 0.0052 0.0047 0.0023 0.0010 
    Largest link dim during sweep 59/87 was 320
    Largest truncation error: 7.80969e-11
    Energy after sweep 59/87 is -80.105059129510
    Sweep 59/87 CPU time = 5m, 10.5s (Wall time = 41.85s)

    vN Entropy at center bond b=75 = 1.107156850696
    Eigs at center bond b=75: 0.6436 0.2112 0.0791 0.0265 0.0179 0.0055 0.0052 0.0047 0.0023 0.0010 
    Largest link dim during sweep 60/87 was 320
    Largest truncation error: 9.61422e-11
    Energy after sweep 60/87 is -80.105059180109
    Sweep 60/87 CPU time = 8m, 55.3s (Wall time = 1m, 10.8s)

    vN Entropy at center bond b=75 = 1.107158381684
    Eigs at center bond b=75: 0.6436 0.2112 0.0791 0.0265 0.0179 0.0055 0.0052 0.0047 0.0023 0.0010 
    Largest link dim during sweep 61/87 was 320
    Largest truncation error: 9.90654e-11
    Energy after sweep 61/87 is -80.105059182133
    Sweep 61/87 CPU time = 9m, 1.2s (Wall time = 1m, 10.2s)

    vN Entropy at center bond b=75 = 1.107158499590
    Eigs at center bond b=75: 0.6436 0.2112 0.0791 0.0265 0.0179 0.0055 0.0052 0.0047 0.0023 0.0010 
    Largest link dim during sweep 62/87 was 320
    Largest truncation error: 9.93337e-11
    Energy after sweep 62/87 is -80.105059182446
    Sweep 62/87 CPU time = 9m, 0.8s (Wall time = 1m, 10.6s)

    vN Entropy at center bond b=75 = 1.107158516203
    Eigs at center bond b=75: 0.6436 0.2112 0.0791 0.0265 0.0179 0.0055 0.0052 0.0047 0.0023 0.0010 
    Largest link dim during sweep 63/87 was 320
    Largest truncation error: 9.95738e-11
    Energy after sweep 63/87 is -80.105059182505
    Sweep 63/87 CPU time = 8m, 59.8s (Wall time = 1m, 10.8s)

    vN Entropy at center bond b=75 = 1.107158519016
    Eigs at center bond b=75: 0.6436 0.2112 0.0791 0.0265 0.0179 0.0055 0.0052 0.0047 0.0023 0.0010 
    Largest link dim during sweep 64/87 was 320
    Largest truncation error: 9.95782e-11
    Energy after sweep 64/87 is -80.105059182506
    Sweep 64/87 CPU time = 9m, 0.1s (Wall time = 1m, 10.8s)

    vN Entropy at center bond b=75 = 1.107158519856
    Eigs at center bond b=75: 0.6436 0.2112 0.0791 0.0265 0.0179 0.0055 0.0052 0.0047 0.0023 0.0010 
    Largest link dim during sweep 65/87 was 320
    Largest truncation error: 9.95774e-11
    Energy after sweep 65/87 is -80.105059182545
    Sweep 65/87 CPU time = 9m, 2.0s (Wall time = 1m, 12.2s)

    vN Entropy at center bond b=75 = 1.107158519904
    Eigs at center bond b=75: 0.6436 0.2112 0.0791 0.0265 0.0179 0.0055 0.0052 0.0047 0.0023 0.0010 
    Largest link dim during sweep 66/87 was 320
    Largest truncation error: 9.95764e-11
    Energy after sweep 66/87 is -80.105059182501
    Sweep 66/87 CPU time = 8m, 58.3s (Wall time = 1m, 10.2s)

    vN Entropy at center bond b=75 = 1.107158519962
    Eigs at center bond b=75: 0.6436 0.2112 0.0791 0.0265 0.0179 0.0055 0.0052 0.0047 0.0023 0.0010 
    Largest link dim during sweep 67/87 was 320
    Largest truncation error: 9.95757e-11
    Energy after sweep 67/87 is -80.105059182503
    Sweep 67/87 CPU time = 8m, 51.2s (Wall time = 1m, 8.4s)

    vN Entropy at center bond b=75 = 1.107158519994
    Eigs at center bond b=75: 0.6436 0.2112 0.0791 0.0265 0.0179 0.0055 0.0052 0.0047 0.0023 0.0010 
    Largest link dim during sweep 68/87 was 320
    Largest truncation error: 9.95754e-11
    Energy after sweep 68/87 is -80.105059182502
    Sweep 68/87 CPU time = 8m, 51.3s (Wall time = 1m, 8.0s)

    vN Entropy at center bond b=75 = 1.107158520012
    Eigs at center bond b=75: 0.6436 0.2112 0.0791 0.0265 0.0179 0.0055 0.0052 0.0047 0.0023 0.0010 
    Largest link dim during sweep 69/87 was 320
    Largest truncation error: 9.95756e-11
    Energy after sweep 69/87 is -80.105059182503
    Sweep 69/87 CPU time = 8m, 52.4s (Wall time = 1m, 8.3s)

    vN Entropy at center bond b=75 = 1.107158520019
    Eigs at center bond b=75: 0.6436 0.2112 0.0791 0.0265 0.0179 0.0055 0.0052 0.0047 0.0023 0.0010 
    Largest link dim during sweep 70/87 was 320
    Largest truncation error: 9.9576e-11
    Energy after sweep 70/87 is -80.105059182504
    Sweep 70/87 CPU time = 8m, 44.7s (Wall time = 1m, 7.1s)

    vN Entropy at center bond b=75 = 1.107158520016
    Eigs at center bond b=75: 0.6436 0.2112 0.0791 0.0265 0.0179 0.0055 0.0052 0.0047 0.0023 0.0010 
    Largest link dim during sweep 71/87 was 320
    Largest truncation error: 9.95768e-11
    Energy after sweep 71/87 is -80.105059182503
    Sweep 71/87 CPU time = 8m, 50.1s (Wall time = 1m, 7.9s)

    vN Entropy at center bond b=75 = 1.107158520023
    Eigs at center bond b=75: 0.6436 0.2112 0.0791 0.0265 0.0179 0.0055 0.0052 0.0047 0.0023 0.0010 
    Largest link dim during sweep 72/87 was 320
    Largest truncation error: 9.95779e-11
    Energy after sweep 72/87 is -80.105059182503
    Sweep 72/87 CPU time = 8m, 50.9s (Wall time = 1m, 8.1s)

    vN Entropy at center bond b=75 = 1.107158520056
    Eigs at center bond b=75: 0.6436 0.2112 0.0791 0.0265 0.0179 0.0055 0.0052 0.0047 0.0023 0.0010 
    Largest link dim during sweep 73/87 was 320
    Largest truncation error: 9.95792e-11
    Energy after sweep 73/87 is -80.105059182503
    Sweep 73/87 CPU time = 8m, 45.2s (Wall time = 1m, 7.3s)

    vN Entropy at center bond b=75 = 1.107158520474
    Eigs at center bond b=75: 0.6436 0.2112 0.0791 0.0265 0.0179 0.0055 0.0052 0.0047 0.0023 0.0010 
    Largest link dim during sweep 74/87 was 320
    Largest truncation error: 9.95807e-11
    Energy after sweep 74/87 is -80.105059182530
    Sweep 74/87 CPU time = 8m, 49.3s (Wall time = 1m, 8.0s)

    vN Entropy at center bond b=75 = 1.107163188175
    Eigs at center bond b=75: 0.6436 0.2112 0.0791 0.0265 0.0179 0.0055 0.0052 0.0047 0.0023 0.0010 
    Largest link dim during sweep 75/87 was 636
    Largest truncation error: 7.57001e-13
    Energy after sweep 75/87 is -80.105059285658
    Sweep 75/87 CPU time = 18m, 60s (Wall time = 2m, 33.7s)

    vN Entropy at center bond b=75 = 1.107164642065
    Eigs at center bond b=75: 0.6436 0.2112 0.0791 0.0265 0.0179 0.0055 0.0052 0.0047 0.0023 0.0010 
    Largest link dim during sweep 76/87 was 640
    Largest truncation error: 7.49061e-13
    Energy after sweep 76/87 is -80.105059286095
    Sweep 76/87 CPU time = 28m, 19s (Wall time = 3m, 46.6s)

    vN Entropy at center bond b=75 = 1.107164704048
    Eigs at center bond b=75: 0.6436 0.2112 0.0791 0.0265 0.0179 0.0055 0.0052 0.0047 0.0023 0.0010 
    Largest link dim during sweep 77/87 was 640
    Largest truncation error: 7.52047e-13
    Energy after sweep 77/87 is -80.105059286107
    Sweep 77/87 CPU time = 27m, 59s (Wall time = 3m, 45.2s)

    vN Entropy at center bond b=75 = 1.107164708671
    Eigs at center bond b=75: 0.6436 0.2112 0.0791 0.0265 0.0179 0.0055 0.0052 0.0047 0.0023 0.0010 
    Largest link dim during sweep 78/87 was 640
    Largest truncation error: 7.52076e-13
    Energy after sweep 78/87 is -80.105059286109
    Sweep 78/87 CPU time = 28m, 23s (Wall time = 3m, 48.0s)

    vN Entropy at center bond b=75 = 1.107164709319
    Eigs at center bond b=75: 0.6436 0.2112 0.0791 0.0265 0.0179 0.0055 0.0052 0.0047 0.0023 0.0010 
    Largest link dim during sweep 79/87 was 640
    Largest truncation error: 7.51998e-13
    Energy after sweep 79/87 is -80.105059286111
    Sweep 79/87 CPU time = 28m, 9s (Wall time = 3m, 46.4s)

    vN Entropy at center bond b=75 = 1.107164709486
    Eigs at center bond b=75: 0.6436 0.2112 0.0791 0.0265 0.0179 0.0055 0.0052 0.0047 0.0023 0.0010 
    Largest link dim during sweep 80/87 was 640
    Largest truncation error: 7.52001e-13
    Energy after sweep 80/87 is -80.105059286110
    Sweep 80/87 CPU time = 26m, 34s (Wall time = 3m, 34.0s)

    vN Entropy at center bond b=75 = 1.107164709523
    Eigs at center bond b=75: 0.6436 0.2112 0.0791 0.0265 0.0179 0.0055 0.0052 0.0047 0.0023 0.0010 
    Largest link dim during sweep 81/87 was 640
    Largest truncation error: 7.52014e-13
    Energy after sweep 81/87 is -80.105059286110
    Sweep 81/87 CPU time = 26m, 29s (Wall time = 3m, 33.0s)

    vN Entropy at center bond b=75 = 1.107164709532
    Eigs at center bond b=75: 0.6436 0.2112 0.0791 0.0265 0.0179 0.0055 0.0052 0.0047 0.0023 0.0010 
    Largest link dim during sweep 82/87 was 640
    Largest truncation error: 7.52037e-13
    Energy after sweep 82/87 is -80.105059286110
    Sweep 82/87 CPU time = 26m, 35s (Wall time = 3m, 34.3s)

    vN Entropy at center bond b=75 = 1.107164699112
    Eigs at center bond b=75: 0.6436 0.2112 0.0791 0.0265 0.0179 0.0055 0.0052 0.0047 0.0023 0.0010 
    Largest link dim during sweep 83/87 was 622
    Largest truncation error: 7.41253e-13
    Energy after sweep 83/87 is -80.105059285856
    Sweep 83/87 CPU time = 21m, 11s (Wall time = 2m, 49.4s)

    vN Entropy at center bond b=75 = 1.107164766197
    Eigs at center bond b=75: 0.6436 0.2112 0.0791 0.0265 0.0179 0.0055 0.0052 0.0047 0.0023 0.0010 
    Largest link dim during sweep 84/87 was 1109
    Largest truncation error: 7.54642e-15
    Energy after sweep 84/87 is -80.105059287227
    Sweep 84/87 CPU time = 57m, 50s (Wall time = 7m, 41.9s)

    vN Entropy at center bond b=75 = 1.107164784295
    Eigs at center bond b=75: 0.6436 0.2112 0.0791 0.0265 0.0179 0.0055 0.0052 0.0047 0.0023 0.0010 
    Largest link dim during sweep 85/87 was 1137
    Largest truncation error: 7.56797e-15
    Energy after sweep 85/87 is -80.105059287232
    Sweep 85/87 CPU time = 1h, 27m, 6s (Wall time = 12m, 38s)

    vN Entropy at center bond b=75 = 1.107164785061
    Eigs at center bond b=75: 0.6436 0.2112 0.0791 0.0265 0.0179 0.0055 0.0052 0.0047 0.0023 0.0010 
    Largest link dim during sweep 86/87 was 1137
    Largest truncation error: 7.5595e-15
    Energy after sweep 86/87 is -80.105059287233
    Sweep 86/87 CPU time = 1h, 26m, 33s (Wall time = 12m, 29s)

    vN Entropy at center bond b=75 = 1.107164785132
    Eigs at center bond b=75: 0.6436 0.2112 0.0791 0.0265 0.0179 0.0055 0.0052 0.0047 0.0023 0.0010 
    Largest link dim during sweep 87/87 was 1137
    Largest truncation error: 7.56174e-15
    Energy after sweep 87/87 is -80.105059287234
    Sweep 87/87 CPU time = 1h, 26m, 41s (Wall time = 12m, 30s)
Initial energy = 145.53000

Ground State Energy = -80.1050592872
run_outputs/outputpsi/N_150_sweep_87_t_0.030000_J_1.000000_V_0.600000_D_0.018000_U_0.990000_mu_0.000000_E_0.000000 converge
Wall-clock time (s) = 16121.764073
