//////////////////////////
Reading input file ......

Got input.N = 150
Got input.t = 0.03
Got input.J = 1
Got input.V = 0.6
Got input.D = 0.018
Got input.U = 0.92
Got input.mu = 0
Got input.E = 0
Got input.nsweeps = 87
Sweeps:
1  MaxDim=20, MinDim=20, Cutoff=1.0E-06, Niter=8, Noise=1.0E-05
2  MaxDim=20, MinDim=20, Cutoff=1.0E-06, Niter=8, Noise=1.0E-05
3  MaxDim=20, MinDim=20, Cutoff=1.0E-06, Niter=8, Noise=1.0E-05
4  MaxDim=20, MinDim=20, Cutoff=1.0E-06, Niter=8, Noise=1.0E-05
5  MaxDim=20, MinDim=20, Cutoff=1.0E-06, Niter=8, Noise=1.0E-05
6  MaxDim=20, MinDim=20, Cutoff=1.0E-06, Niter=8, Noise=1.0E-05
7  MaxDim=20, MinDim=20, Cutoff=1.0E-06, Niter=8, Noise=1.0E-05
8  MaxDim=40, MinDim=20, Cutoff=1.0E-06, Niter=4, Noise=1.0E-05
9  MaxDim=40, MinDim=20, Cutoff=1.0E-06, Niter=4, Noise=1.0E-05
10  MaxDim=40, MinDim=20, Cutoff=1.0E-06, Niter=4, Noise=1.0E-05
11  MaxDim=40, MinDim=20, Cutoff=1.0E-06, Niter=4, Noise=1.0E-05
12  MaxDim=40, MinDim=20, Cutoff=1.0E-06, Niter=4, Noise=1.0E-05
13  MaxDim=40, MinDim=20, Cutoff=1.0E-06, Niter=4, Noise=1.0E-05
14  MaxDim=40, MinDim=20, Cutoff=1.0E-06, Niter=4, Noise=1.0E-05
15  MaxDim=80, MinDim=10, Cutoff=1.0E-06, Niter=4, Noise=1.0E-05
16  MaxDim=80, MinDim=10, Cutoff=1.0E-06, Niter=4, Noise=1.0E-05
17  MaxDim=80, MinDim=10, Cutoff=1.0E-06, Niter=4, Noise=1.0E-05
18  MaxDim=80, MinDim=10, Cutoff=1.0E-06, Niter=4, Noise=1.0E-05
19  MaxDim=80, MinDim=10, Cutoff=1.0E-06, Niter=4, Noise=1.0E-05
20  MaxDim=80, MinDim=10, Cutoff=1.0E-06, Niter=4, Noise=1.0E-05
21  MaxDim=80, MinDim=10, Cutoff=1.0E-06, Niter=4, Noise=1.0E-05
22  MaxDim=80, MinDim=10, Cutoff=1.0E-06, Niter=4, Noise=1.0E-05
23  MaxDim=80, MinDim=10, Cutoff=1.0E-06, Niter=4, Noise=1.0E-05
24  MaxDim=80, MinDim=10, Cutoff=1.0E-06, Niter=4, Noise=1.0E-05
25  MaxDim=80, MinDim=10, Cutoff=1.0E-06, Niter=4, Noise=1.0E-05
26  MaxDim=80, MinDim=10, Cutoff=1.0E-06, Niter=4, Noise=1.0E-05
27  MaxDim=80, MinDim=10, Cutoff=1.0E-06, Niter=4, Noise=1.0E-05
28  MaxDim=80, MinDim=10, Cutoff=1.0E-06, Niter=4, Noise=1.0E-05
29  MaxDim=80, MinDim=10, Cutoff=1.0E-06, Niter=4, Noise=1.0E-05
30  MaxDim=80, MinDim=10, Cutoff=1.0E-06, Niter=4, Noise=1.0E-05
31  MaxDim=80, MinDim=10, Cutoff=1.0E-06, Niter=4, Noise=1.0E-05
32  MaxDim=80, MinDim=10, Cutoff=1.0E-06, Niter=4, Noise=1.0E-05
33  MaxDim=80, MinDim=10, Cutoff=1.0E-06, Niter=4, Noise=1.0E-05
34  MaxDim=80, MinDim=10, Cutoff=1.0E-06, Niter=4, Noise=1.0E-05
35  MaxDim=80, MinDim=10, Cutoff=1.0E-06, Niter=4, Noise=1.0E-05
36  MaxDim=80, MinDim=10, Cutoff=1.0E-06, Niter=4, Noise=1.0E-05
37  MaxDim=160, MinDim=10, Cutoff=1.0E-08, Niter=4, Noise=1.0E-06
38  MaxDim=160, MinDim=10, Cutoff=1.0E-08, Niter=4, Noise=1.0E-06
39  MaxDim=160, MinDim=10, Cutoff=1.0E-08, Niter=4, Noise=1.0E-06
40  MaxDim=160, MinDim=10, Cutoff=1.0E-08, Niter=4, Noise=1.0E-06
41  MaxDim=160, MinDim=10, Cutoff=1.0E-08, Niter=4, Noise=1.0E-06
42  MaxDim=160, MinDim=10, Cutoff=1.0E-08, Niter=4, Noise=1.0E-06
43  MaxDim=160, MinDim=10, Cutoff=1.0E-08, Niter=4, Noise=1.0E-06
44  MaxDim=160, MinDim=10, Cutoff=1.0E-08, Niter=4, Noise=1.0E-06
45  MaxDim=160, MinDim=10, Cutoff=1.0E-08, Niter=4, Noise=1.0E-06
46  MaxDim=160, MinDim=10, Cutoff=1.0E-08, Niter=4, Noise=1.0E-06
47  MaxDim=160, MinDim=10, Cutoff=1.0E-08, Niter=4, Noise=1.0E-06
48  MaxDim=160, MinDim=10, Cutoff=1.0E-08, Niter=4, Noise=1.0E-06
49  MaxDim=160, MinDim=10, Cutoff=1.0E-08, Niter=4, Noise=1.0E-06
50  MaxDim=160, MinDim=10, Cutoff=1.0E-08, Niter=4, Noise=1.0E-06
51  MaxDim=160, MinDim=10, Cutoff=1.0E-08, Niter=4, Noise=1.0E-06
52  MaxDim=160, MinDim=10, Cutoff=1.0E-08, Niter=4, Noise=1.0E-06
53  MaxDim=160, MinDim=10, Cutoff=1.0E-08, Niter=4, Noise=1.0E-06
54  MaxDim=160, MinDim=10, Cutoff=1.0E-08, Niter=4, Noise=1.0E-06
55  MaxDim=160, MinDim=10, Cutoff=1.0E-08, Niter=4, Noise=1.0E-06
56  MaxDim=160, MinDim=10, Cutoff=1.0E-08, Niter=4, Noise=1.0E-06
57  MaxDim=160, MinDim=10, Cutoff=1.0E-08, Niter=4, Noise=1.0E-06
58  MaxDim=160, MinDim=10, Cutoff=1.0E-08, Niter=4, Noise=1.0E-06
59  MaxDim=320, MinDim=10, Cutoff=1.0E-10, Niter=4, Noise=1.0E-07
60  MaxDim=320, MinDim=10, Cutoff=1.0E-10, Niter=4, Noise=1.0E-07
61  MaxDim=320, MinDim=10, Cutoff=1.0E-10, Niter=4, Noise=1.0E-07
62  MaxDim=320, MinDim=10, Cutoff=1.0E-10, Niter=4, Noise=1.0E-07
63  MaxDim=320, MinDim=10, Cutoff=1.0E-10, Niter=4, Noise=1.0E-07
64  MaxDim=320, MinDim=10, Cutoff=1.0E-10, Niter=4, Noise=1.0E-07
65  MaxDim=320, MinDim=10, Cutoff=1.0E-10, Niter=4, Noise=1.0E-07
66  MaxDim=320, MinDim=10, Cutoff=1.0E-10, Niter=4, Noise=1.0E-07
67  MaxDim=320, MinDim=10, Cutoff=1.0E-10, Niter=4, Noise=1.0E-07
68  MaxDim=320, MinDim=10, Cutoff=1.0E-10, Niter=4, Noise=1.0E-07
69  MaxDim=320, MinDim=10, Cutoff=1.0E-10, Niter=4, Noise=1.0E-07
70  MaxDim=320, MinDim=10, Cutoff=1.0E-10, Niter=4, Noise=1.0E-07
71  MaxDim=320, MinDim=10, Cutoff=1.0E-10, Niter=4, Noise=1.0E-07
72  MaxDim=320, MinDim=10, Cutoff=1.0E-10, Niter=4, Noise=1.0E-07
73  MaxDim=320, MinDim=10, Cutoff=1.0E-10, Niter=4, Noise=1.0E-07
74  MaxDim=320, MinDim=10, Cutoff=1.0E-10, Niter=4, Noise=1.0E-07
75  MaxDim=640, MinDim=10, Cutoff=1.0E-12, Niter=2, Noise=1.0E-08
76  MaxDim=640, MinDim=10, Cutoff=1.0E-12, Niter=2, Noise=1.0E-08
77  MaxDim=640, MinDim=10, Cutoff=1.0E-12, Niter=2, Noise=1.0E-08
78  MaxDim=640, MinDim=10, Cutoff=1.0E-12, Niter=2, Noise=1.0E-08
79  MaxDim=640, MinDim=10, Cutoff=1.0E-12, Niter=2, Noise=1.0E-08
80  MaxDim=640, MinDim=10, Cutoff=1.0E-12, Niter=2, Noise=1.0E-08
81  MaxDim=640, MinDim=10, Cutoff=1.0E-12, Niter=2, Noise=1.0E-08
82  MaxDim=640, MinDim=10, Cutoff=1.0E-12, Niter=2, Noise=1.0E-08
83  MaxDim=1280, MinDim=10, Cutoff=1.0E-12, Niter=2, Noise=0.0E+00
84  MaxDim=1280, MinDim=10, Cutoff=1.0E-14, Niter=2, Noise=0.0E+00
85  MaxDim=1280, MinDim=10, Cutoff=1.0E-14, Niter=2, Noise=0.0E+00
86  MaxDim=1280, MinDim=10, Cutoff=1.0E-14, Niter=2, Noise=0.0E+00
87  MaxDim=1280, MinDim=10, Cutoff=1.0E-14, Niter=2, Noise=0.0E+00


    vN Entropy at center bond b=75 = 0.517505393036
    Eigs at center bond b=75: 0.8412 0.1389 0.0132 0.0047 0.0010 
    Largest link dim during sweep 1/87 was 20
    Largest truncation error: 7.76688e-06
    Energy after sweep 1/87 is -80.927582280071
    Sweep 1/87 CPU time = 4.368s (Wall time = 0.566s)

    vN Entropy at center bond b=75 = 0.677909560553
    Eigs at center bond b=75: 0.7907 0.1621 0.0311 0.0067 0.0049 0.0030 
    Largest link dim during sweep 2/87 was 20
    Largest truncation error: 7.81494e-06
    Energy after sweep 2/87 is -80.953639067325
    Sweep 2/87 CPU time = 6.066s (Wall time = 0.779s)

    vN Entropy at center bond b=75 = 0.722035960239
    Eigs at center bond b=75: 0.7760 0.1682 0.0363 0.0074 0.0064 0.0037 
    Largest link dim during sweep 3/87 was 20
    Largest truncation error: 1.05623e-05
    Energy after sweep 3/87 is -80.954635500341
    Sweep 3/87 CPU time = 6.087s (Wall time = 0.779s)

    vN Entropy at center bond b=75 = 0.737064386601
    Eigs at center bond b=75: 0.7708 0.1704 0.0381 0.0078 0.0068 0.0040 0.0010 
    Largest link dim during sweep 4/87 was 20
    Largest truncation error: 1.11552e-05
    Energy after sweep 4/87 is -80.954802989175
    Sweep 4/87 CPU time = 6.078s (Wall time = 0.781s)

    vN Entropy at center bond b=75 = 0.743149467209
    Eigs at center bond b=75: 0.7686 0.1713 0.0389 0.0080 0.0070 0.0041 0.0011 
    Largest link dim during sweep 5/87 was 20
    Largest truncation error: 1.12189e-05
    Energy after sweep 5/87 is -80.954835813257
    Sweep 5/87 CPU time = 6.111s (Wall time = 0.780s)

    vN Entropy at center bond b=75 = 0.745513582608
    Eigs at center bond b=75: 0.7677 0.1717 0.0392 0.0081 0.0070 0.0041 0.0011 
    Largest link dim during sweep 6/87 was 20
    Largest truncation error: 1.1196e-05
    Energy after sweep 6/87 is -80.954848316113
    Sweep 6/87 CPU time = 6.278s (Wall time = 0.807s)

    vN Entropy at center bond b=75 = 0.746568694841
    Eigs at center bond b=75: 0.7674 0.1718 0.0393 0.0081 0.0070 0.0041 0.0011 
    Largest link dim during sweep 7/87 was 20
    Largest truncation error: 1.11604e-05
    Energy after sweep 7/87 is -80.954852711975
    Sweep 7/87 CPU time = 6.105s (Wall time = 0.782s)

    vN Entropy at center bond b=75 = 0.817278538822
    Eigs at center bond b=75: 0.7433 0.1789 0.0508 0.0110 0.0084 0.0046 0.0014 
    Largest link dim during sweep 8/87 was 37
    Largest truncation error: 7.68152e-07
    Energy after sweep 8/87 is -80.963532535720
    Sweep 8/87 CPU time = 5.352s (Wall time = 0.686s)

    vN Entropy at center bond b=75 = 0.935949644736
    Eigs at center bond b=75: 0.6926 0.2037 0.0661 0.0178 0.0102 0.0047 0.0023 
    Largest link dim during sweep 9/87 was 40
    Largest truncation error: 1.14791e-06
    Energy after sweep 9/87 is -80.965383405912
    Sweep 9/87 CPU time = 7.838s (Wall time = 1.009s)

    vN Entropy at center bond b=75 = 1.062771853085
    Eigs at center bond b=75: 0.6172 0.2570 0.0743 0.0293 0.0106 0.0047 0.0034 0.0014 
    Largest link dim during sweep 10/87 was 40
    Largest truncation error: 2.05127e-06
    Energy after sweep 10/87 is -80.966263342857
    Sweep 10/87 CPU time = 8.579s (Wall time = 1.096s)

    vN Entropy at center bond b=75 = 1.137017008793
    Eigs at center bond b=75: 0.5480 0.3169 0.0716 0.0403 0.0099 0.0056 0.0034 0.0019 
    Largest link dim during sweep 11/87 was 40
    Largest truncation error: 2.42915e-06
    Energy after sweep 11/87 is -80.966647467412
    Sweep 11/87 CPU time = 8.617s (Wall time = 1.108s)

    vN Entropy at center bond b=75 = 1.164284957912
    Eigs at center bond b=75: 0.5083 0.3538 0.0676 0.0467 0.0093 0.0063 0.0032 0.0023 
    Largest link dim during sweep 12/87 was 40
    Largest truncation error: 2.68143e-06
    Energy after sweep 12/87 is -80.966780586916
    Sweep 12/87 CPU time = 8.585s (Wall time = 1.101s)

    vN Entropy at center bond b=75 = 1.173036485137
    Eigs at center bond b=75: 0.4906 0.3706 0.0655 0.0497 0.0090 0.0067 0.0030 0.0025 
    Largest link dim during sweep 13/87 was 40
    Largest truncation error: 2.73082e-06
    Energy after sweep 13/87 is -80.966827768126
    Sweep 13/87 CPU time = 8.639s (Wall time = 1.106s)

    vN Entropy at center bond b=75 = 1.175973389729
    Eigs at center bond b=75: 0.4834 0.3774 0.0645 0.0509 0.0089 0.0069 0.0030 0.0026 
    Largest link dim during sweep 14/87 was 40
    Largest truncation error: 2.74432e-06
    Energy after sweep 14/87 is -80.966845942785
    Sweep 14/87 CPU time = 8.616s (Wall time = 1.107s)

    vN Entropy at center bond b=75 = 1.183421138403
    Eigs at center bond b=75: 0.4791 0.3799 0.0646 0.0519 0.0091 0.0072 0.0029 0.0026 
    Largest link dim during sweep 15/87 was 55
    Largest truncation error: 7.82114e-07
    Energy after sweep 15/87 is -80.967720227260
    Sweep 15/87 CPU time = 10.72s (Wall time = 1.378s)

    vN Entropy at center bond b=75 = 1.189878572018
    Eigs at center bond b=75: 0.4766 0.3808 0.0648 0.0526 0.0093 0.0073 0.0029 0.0027 
    Largest link dim during sweep 16/87 was 57
    Largest truncation error: 7.78375e-07
    Energy after sweep 16/87 is -80.967828752791
    Sweep 16/87 CPU time = 12.18s (Wall time = 1.563s)

    vN Entropy at center bond b=75 = 1.192297678421
    Eigs at center bond b=75: 0.4759 0.3809 0.0649 0.0528 0.0093 0.0074 0.0029 0.0027 
    Largest link dim during sweep 17/87 was 58
    Largest truncation error: 7.78428e-07
    Energy after sweep 17/87 is -80.967863671601
    Sweep 17/87 CPU time = 12.44s (Wall time = 1.596s)

    vN Entropy at center bond b=75 = 1.193245014538
    Eigs at center bond b=75: 0.4757 0.3809 0.0649 0.0529 0.0093 0.0074 0.0029 0.0027 
    Largest link dim during sweep 18/87 was 58
    Largest truncation error: 7.78439e-07
    Energy after sweep 18/87 is -80.967881012184
    Sweep 18/87 CPU time = 12.57s (Wall time = 1.612s)

    vN Entropy at center bond b=75 = 1.193748751310
    Eigs at center bond b=75: 0.4756 0.3808 0.0649 0.0529 0.0094 0.0074 0.0029 0.0027 
    Largest link dim during sweep 19/87 was 58
    Largest truncation error: 7.78444e-07
    Energy after sweep 19/87 is -80.967893362090
    Sweep 19/87 CPU time = 12.68s (Wall time = 1.630s)

    vN Entropy at center bond b=75 = 1.193977505247
    Eigs at center bond b=75: 0.4756 0.3808 0.0650 0.0529 0.0094 0.0074 0.0029 0.0027 
    Largest link dim during sweep 20/87 was 58
    Largest truncation error: 7.78446e-07
    Energy after sweep 20/87 is -80.967896716087
    Sweep 20/87 CPU time = 12.69s (Wall time = 1.624s)

    vN Entropy at center bond b=75 = 1.194143326188
    Eigs at center bond b=75: 0.4755 0.3808 0.0650 0.0529 0.0094 0.0074 0.0029 0.0027 
    Largest link dim during sweep 21/87 was 58
    Largest truncation error: 7.78446e-07
    Energy after sweep 21/87 is -80.967898794724
    Sweep 21/87 CPU time = 12.74s (Wall time = 1.626s)

    vN Entropy at center bond b=75 = 1.194178940239
    Eigs at center bond b=75: 0.4755 0.3808 0.0650 0.0529 0.0094 0.0074 0.0029 0.0027 
    Largest link dim during sweep 22/87 was 58
    Largest truncation error: 7.78446e-07
    Energy after sweep 22/87 is -80.967899442067
    Sweep 22/87 CPU time = 12.67s (Wall time = 1.623s)

    vN Entropy at center bond b=75 = 1.194188900346
    Eigs at center bond b=75: 0.4755 0.3808 0.0650 0.0529 0.0094 0.0074 0.0029 0.0027 
    Largest link dim during sweep 23/87 was 58
    Largest truncation error: 7.78446e-07
    Energy after sweep 23/87 is -80.967899492456
    Sweep 23/87 CPU time = 12.73s (Wall time = 1.632s)

    vN Entropy at center bond b=75 = 1.194191469312
    Eigs at center bond b=75: 0.4755 0.3808 0.0650 0.0529 0.0094 0.0074 0.0029 0.0027 
    Largest link dim during sweep 24/87 was 58
    Largest truncation error: 7.78446e-07
    Energy after sweep 24/87 is -80.967899525335
    Sweep 24/87 CPU time = 12.69s (Wall time = 1.626s)

    vN Entropy at center bond b=75 = 1.194192328482
    Eigs at center bond b=75: 0.4755 0.3808 0.0650 0.0529 0.0094 0.0074 0.0029 0.0027 
    Largest link dim during sweep 25/87 was 58
    Largest truncation error: 7.78446e-07
    Energy after sweep 25/87 is -80.967899542993
    Sweep 25/87 CPU time = 12.63s (Wall time = 1.620s)

    vN Entropy at center bond b=75 = 1.194192689694
    Eigs at center bond b=75: 0.4755 0.3808 0.0650 0.0529 0.0094 0.0074 0.0029 0.0027 
    Largest link dim during sweep 26/87 was 58
    Largest truncation error: 7.78446e-07
    Energy after sweep 26/87 is -80.967899553014
    Sweep 26/87 CPU time = 12.69s (Wall time = 1.624s)

    vN Entropy at center bond b=75 = 1.194192879415
    Eigs at center bond b=75: 0.4755 0.3808 0.0650 0.0529 0.0094 0.0074 0.0029 0.0027 
    Largest link dim during sweep 27/87 was 58
    Largest truncation error: 7.78446e-07
    Energy after sweep 27/87 is -80.967899559926
    Sweep 27/87 CPU time = 12.75s (Wall time = 1.642s)

    vN Entropy at center bond b=75 = 1.194193007198
    Eigs at center bond b=75: 0.4755 0.3808 0.0650 0.0529 0.0094 0.0074 0.0029 0.0027 
    Largest link dim during sweep 28/87 was 58
    Largest truncation error: 7.78446e-07
    Energy after sweep 28/87 is -80.967899565727
    Sweep 28/87 CPU time = 12.67s (Wall time = 1.626s)

    vN Entropy at center bond b=75 = 1.194193113435
    Eigs at center bond b=75: 0.4755 0.3808 0.0650 0.0529 0.0094 0.0074 0.0029 0.0027 
    Largest link dim during sweep 29/87 was 58
    Largest truncation error: 7.78446e-07
    Energy after sweep 29/87 is -80.967899571274
    Sweep 29/87 CPU time = 12.74s (Wall time = 1.633s)

    vN Entropy at center bond b=75 = 1.194193214699
    Eigs at center bond b=75: 0.4755 0.3808 0.0650 0.0529 0.0094 0.0074 0.0029 0.0027 
    Largest link dim during sweep 30/87 was 58
    Largest truncation error: 7.78446e-07
    Energy after sweep 30/87 is -80.967899577002
    Sweep 30/87 CPU time = 12.83s (Wall time = 1.641s)

    vN Entropy at center bond b=75 = 1.194193319736
    Eigs at center bond b=75: 0.4755 0.3808 0.0650 0.0529 0.0094 0.0074 0.0029 0.0027 
    Largest link dim during sweep 31/87 was 58
    Largest truncation error: 7.78446e-07
    Energy after sweep 31/87 is -80.967899583225
    Sweep 31/87 CPU time = 12.69s (Wall time = 1.630s)

    vN Entropy at center bond b=75 = 1.194193435831
    Eigs at center bond b=75: 0.4755 0.3808 0.0650 0.0529 0.0094 0.0074 0.0029 0.0027 
    Largest link dim during sweep 32/87 was 58
    Largest truncation error: 7.78446e-07
    Energy after sweep 32/87 is -80.967899590294
    Sweep 32/87 CPU time = 12.77s (Wall time = 1.634s)

    vN Entropy at center bond b=75 = 1.194193572459
    Eigs at center bond b=75: 0.4755 0.3808 0.0650 0.0529 0.0094 0.0074 0.0029 0.0027 
    Largest link dim during sweep 33/87 was 58
    Largest truncation error: 7.78446e-07
    Energy after sweep 33/87 is -80.967899598735
    Sweep 33/87 CPU time = 12.78s (Wall time = 1.637s)

    vN Entropy at center bond b=75 = 1.194193745625
    Eigs at center bond b=75: 0.4755 0.3808 0.0650 0.0529 0.0094 0.0074 0.0029 0.0027 
    Largest link dim during sweep 34/87 was 58
    Largest truncation error: 7.78446e-07
    Energy after sweep 34/87 is -80.967899609479
    Sweep 34/87 CPU time = 12.79s (Wall time = 1.643s)

    vN Entropy at center bond b=75 = 1.194193987153
    Eigs at center bond b=75: 0.4755 0.3808 0.0650 0.0529 0.0094 0.0074 0.0029 0.0027 
    Largest link dim during sweep 35/87 was 58
    Largest truncation error: 7.78446e-07
    Energy after sweep 35/87 is -80.967899624488
    Sweep 35/87 CPU time = 12.72s (Wall time = 1.633s)

    vN Entropy at center bond b=75 = 1.194194371788
    Eigs at center bond b=75: 0.4755 0.3808 0.0650 0.0529 0.0094 0.0074 0.0029 0.0027 
    Largest link dim during sweep 36/87 was 58
    Largest truncation error: 7.78446e-07
    Energy after sweep 36/87 is -80.967899648544
    Sweep 36/87 CPU time = 12.75s (Wall time = 1.635s)

    vN Entropy at center bond b=75 = 1.206555205995
    Eigs at center bond b=75: 0.4733 0.3800 0.0656 0.0536 0.0098 0.0077 0.0029 0.0027 
    Largest link dim during sweep 37/87 was 135
    Largest truncation error: 7.71901e-09
    Energy after sweep 37/87 is -80.968731168086
    Sweep 37/87 CPU time = 44.33s (Wall time = 5.696s)

    vN Entropy at center bond b=75 = 1.212592351376
    Eigs at center bond b=75: 0.4724 0.3798 0.0657 0.0539 0.0099 0.0078 0.0029 0.0027 0.0010 
    Largest link dim during sweep 38/87 was 155
    Largest truncation error: 7.58861e-09
    Energy after sweep 38/87 is -80.968745040944
    Sweep 38/87 CPU time = 1m, 24.7s (Wall time = 11.54s)

    vN Entropy at center bond b=75 = 1.213025310682
    Eigs at center bond b=75: 0.4723 0.3797 0.0657 0.0539 0.0099 0.0078 0.0029 0.0027 0.0010 
    Largest link dim during sweep 39/87 was 158
    Largest truncation error: 7.60855e-09
    Energy after sweep 39/87 is -80.968745896591
    Sweep 39/87 CPU time = 1m, 28.4s (Wall time = 11.60s)

    vN Entropy at center bond b=75 = 1.213081716644
    Eigs at center bond b=75: 0.4723 0.3797 0.0657 0.0539 0.0099 0.0078 0.0029 0.0027 0.0010 
    Largest link dim during sweep 40/87 was 159
    Largest truncation error: 7.6291e-09
    Energy after sweep 40/87 is -80.968746042791
    Sweep 40/87 CPU time = 1m, 31.8s (Wall time = 12.25s)

    vN Entropy at center bond b=75 = 1.213093090812
    Eigs at center bond b=75: 0.4723 0.3797 0.0657 0.0539 0.0099 0.0078 0.0029 0.0027 0.0010 
    Largest link dim during sweep 41/87 was 160
    Largest truncation error: 7.63333e-09
    Energy after sweep 41/87 is -80.968746070695
    Sweep 41/87 CPU time = 1m, 35.8s (Wall time = 12.74s)

    vN Entropy at center bond b=75 = 1.213096596778
    Eigs at center bond b=75: 0.4723 0.3797 0.0657 0.0539 0.0099 0.0078 0.0029 0.0027 0.0010 
    Largest link dim during sweep 42/87 was 160
    Largest truncation error: 7.63373e-09
    Energy after sweep 42/87 is -80.968746092953
    Sweep 42/87 CPU time = 1m, 34.9s (Wall time = 12.70s)

    vN Entropy at center bond b=75 = 1.213097819950
    Eigs at center bond b=75: 0.4723 0.3797 0.0657 0.0539 0.0099 0.0078 0.0029 0.0027 0.0010 
    Largest link dim during sweep 43/87 was 160
    Largest truncation error: 7.63369e-09
    Energy after sweep 43/87 is -80.968746103438
    Sweep 43/87 CPU time = 1m, 35.1s (Wall time = 12.56s)

    vN Entropy at center bond b=75 = 1.213098646874
    Eigs at center bond b=75: 0.4723 0.3797 0.0657 0.0539 0.0099 0.0078 0.0029 0.0027 0.0010 
    Largest link dim during sweep 44/87 was 160
    Largest truncation error: 7.63364e-09
    Energy after sweep 44/87 is -80.968746106205
    Sweep 44/87 CPU time = 1m, 35.9s (Wall time = 12.75s)

    vN Entropy at center bond b=75 = 1.213098914978
    Eigs at center bond b=75: 0.4723 0.3797 0.0657 0.0539 0.0099 0.0078 0.0029 0.0027 0.0010 
    Largest link dim during sweep 45/87 was 160
    Largest truncation error: 7.6336e-09
    Energy after sweep 45/87 is -80.968746108774
    Sweep 45/87 CPU time = 1m, 36.8s (Wall time = 12.92s)

    vN Entropy at center bond b=75 = 1.213099024159
    Eigs at center bond b=75: 0.4723 0.3797 0.0657 0.0539 0.0099 0.0078 0.0029 0.0027 0.0010 
    Largest link dim during sweep 46/87 was 160
    Largest truncation error: 7.63359e-09
    Energy after sweep 46/87 is -80.968746108828
    Sweep 46/87 CPU time = 1m, 38.1s (Wall time = 13.19s)

    vN Entropy at center bond b=75 = 1.213099207145
    Eigs at center bond b=75: 0.4723 0.3797 0.0657 0.0539 0.0099 0.0078 0.0029 0.0027 0.0010 
    Largest link dim during sweep 47/87 was 160
    Largest truncation error: 7.63358e-09
    Energy after sweep 47/87 is -80.968746111566
    Sweep 47/87 CPU time = 1m, 37.5s (Wall time = 13.04s)

    vN Entropy at center bond b=75 = 1.213099481723
    Eigs at center bond b=75: 0.4723 0.3797 0.0657 0.0539 0.0099 0.0078 0.0029 0.0027 0.0010 
    Largest link dim during sweep 48/87 was 160
    Largest truncation error: 7.63357e-09
    Energy after sweep 48/87 is -80.968746111697
    Sweep 48/87 CPU time = 1m, 37.6s (Wall time = 12.99s)

    vN Entropy at center bond b=75 = 1.213099519079
    Eigs at center bond b=75: 0.4723 0.3797 0.0657 0.0539 0.0099 0.0078 0.0029 0.0027 0.0010 
    Largest link dim during sweep 49/87 was 160
    Largest truncation error: 7.63357e-09
    Energy after sweep 49/87 is -80.968746111809
    Sweep 49/87 CPU time = 1m, 37.7s (Wall time = 12.98s)

    vN Entropy at center bond b=75 = 1.213099542659
    Eigs at center bond b=75: 0.4723 0.3797 0.0657 0.0539 0.0099 0.0078 0.0029 0.0027 0.0010 
    Largest link dim during sweep 50/87 was 160
    Largest truncation error: 7.63357e-09
    Energy after sweep 50/87 is -80.968746112070
    Sweep 50/87 CPU time = 1m, 37.1s (Wall time = 12.91s)

    vN Entropy at center bond b=75 = 1.213099564211
    Eigs at center bond b=75: 0.4723 0.3797 0.0657 0.0539 0.0099 0.0078 0.0029 0.0027 0.0010 
    Largest link dim during sweep 51/87 was 160
    Largest truncation error: 7.63357e-09
    Energy after sweep 51/87 is -80.968746112701
    Sweep 51/87 CPU time = 1m, 38.1s (Wall time = 13.31s)

    vN Entropy at center bond b=75 = 1.213099582325
    Eigs at center bond b=75: 0.4723 0.3797 0.0657 0.0539 0.0099 0.0078 0.0029 0.0027 0.0010 
    Largest link dim during sweep 52/87 was 160
    Largest truncation error: 7.63357e-09
    Energy after sweep 52/87 is -80.968746113519
    Sweep 52/87 CPU time = 1m, 38.3s (Wall time = 13.15s)

    vN Entropy at center bond b=75 = 1.213099594263
    Eigs at center bond b=75: 0.4723 0.3797 0.0657 0.0539 0.0099 0.0078 0.0029 0.0027 0.0010 
    Largest link dim during sweep 53/87 was 160
    Largest truncation error: 7.63357e-09
    Energy after sweep 53/87 is -80.968746113977
    Sweep 53/87 CPU time = 1m, 38.0s (Wall time = 13.29s)

    vN Entropy at center bond b=75 = 1.213099602295
    Eigs at center bond b=75: 0.4723 0.3797 0.0657 0.0539 0.0099 0.0078 0.0029 0.0027 0.0010 
    Largest link dim during sweep 54/87 was 160
    Largest truncation error: 7.63356e-09
    Energy after sweep 54/87 is -80.968746114124
    Sweep 54/87 CPU time = 1m, 39.3s (Wall time = 13.48s)

    vN Entropy at center bond b=75 = 1.213099611179
    Eigs at center bond b=75: 0.4723 0.3797 0.0657 0.0539 0.0099 0.0078 0.0029 0.0027 0.0010 
    Largest link dim during sweep 55/87 was 160
    Largest truncation error: 7.63356e-09
    Energy after sweep 55/87 is -80.968746114166
    Sweep 55/87 CPU time = 1m, 37.7s (Wall time = 13.12s)

    vN Entropy at center bond b=75 = 1.213099622474
    Eigs at center bond b=75: 0.4723 0.3797 0.0657 0.0539 0.0099 0.0078 0.0029 0.0027 0.0010 
    Largest link dim during sweep 56/87 was 160
    Largest truncation error: 7.63356e-09
    Energy after sweep 56/87 is -80.968746114174
    Sweep 56/87 CPU time = 1m, 37.6s (Wall time = 13.19s)

    vN Entropy at center bond b=75 = 1.213099633239
    Eigs at center bond b=75: 0.4723 0.3797 0.0657 0.0539 0.0099 0.0078 0.0029 0.0027 0.0010 
    Largest link dim during sweep 57/87 was 160
    Largest truncation error: 7.63356e-09
    Energy after sweep 57/87 is -80.968746114163
    Sweep 57/87 CPU time = 1m, 37.6s (Wall time = 12.91s)

    vN Entropy at center bond b=75 = 1.213099641066
    Eigs at center bond b=75: 0.4723 0.3797 0.0657 0.0539 0.0099 0.0078 0.0029 0.0027 0.0010 
    Largest link dim during sweep 58/87 was 160
    Largest truncation error: 7.63356e-09
    Energy after sweep 58/87 is -80.968746114151
    Sweep 58/87 CPU time = 1m, 38.3s (Wall time = 13.31s)

    vN Entropy at center bond b=75 = 1.213422203490
    Eigs at center bond b=75: 0.4722 0.3797 0.0657 0.0539 0.0100 0.0078 0.0029 0.0027 0.0010 
    Largest link dim during sweep 59/87 was 316
    Largest truncation error: 7.51217e-11
    Energy after sweep 59/87 is -80.968754677520
    Sweep 59/87 CPU time = 5m, 12.1s (Wall time = 41.90s)

    vN Entropy at center bond b=75 = 1.213479436281
    Eigs at center bond b=75: 0.4722 0.3797 0.0657 0.0539 0.0100 0.0078 0.0029 0.0027 0.0010 
    Largest link dim during sweep 60/87 was 320
    Largest truncation error: 7.69173e-11
    Energy after sweep 60/87 is -80.968754726541
    Sweep 60/87 CPU time = 8m, 32.7s (Wall time = 1m, 7.1s)

    vN Entropy at center bond b=75 = 1.213481014358
    Eigs at center bond b=75: 0.4722 0.3797 0.0657 0.0539 0.0100 0.0078 0.0029 0.0027 0.0010 
    Largest link dim during sweep 61/87 was 320
    Largest truncation error: 7.70143e-11
    Energy after sweep 61/87 is -80.968754728989
    Sweep 61/87 CPU time = 8m, 35.2s (Wall time = 1m, 6.6s)

    vN Entropy at center bond b=75 = 1.213481137958
    Eigs at center bond b=75: 0.4722 0.3797 0.0657 0.0539 0.0100 0.0078 0.0029 0.0027 0.0010 
    Largest link dim during sweep 62/87 was 320
    Largest truncation error: 7.70257e-11
    Energy after sweep 62/87 is -80.968754729136
    Sweep 62/87 CPU time = 8m, 53.4s (Wall time = 1m, 10.4s)

    vN Entropy at center bond b=75 = 1.213481156057
    Eigs at center bond b=75: 0.4722 0.3797 0.0657 0.0539 0.0100 0.0078 0.0029 0.0027 0.0010 
    Largest link dim during sweep 63/87 was 320
    Largest truncation error: 7.70277e-11
    Energy after sweep 63/87 is -80.968754729250
    Sweep 63/87 CPU time = 8m, 49.2s (Wall time = 1m, 9.1s)

    vN Entropy at center bond b=75 = 1.213481158306
    Eigs at center bond b=75: 0.4722 0.3797 0.0657 0.0539 0.0100 0.0078 0.0029 0.0027 0.0010 
    Largest link dim during sweep 64/87 was 320
    Largest truncation error: 7.7028e-11
    Energy after sweep 64/87 is -80.968754729283
    Sweep 64/87 CPU time = 8m, 46.6s (Wall time = 1m, 8.4s)

    vN Entropy at center bond b=75 = 1.213481159146
    Eigs at center bond b=75: 0.4722 0.3797 0.0657 0.0539 0.0100 0.0078 0.0029 0.0027 0.0010 
    Largest link dim during sweep 65/87 was 320
    Largest truncation error: 7.70279e-11
    Energy after sweep 65/87 is -80.968754729282
    Sweep 65/87 CPU time = 8m, 52.5s (Wall time = 1m, 9.4s)

    vN Entropy at center bond b=75 = 1.213481161039
    Eigs at center bond b=75: 0.4722 0.3797 0.0657 0.0539 0.0100 0.0078 0.0029 0.0027 0.0010 
    Largest link dim during sweep 66/87 was 320
    Largest truncation error: 7.70281e-11
    Energy after sweep 66/87 is -80.968754729283
    Sweep 66/87 CPU time = 8m, 44.2s (Wall time = 1m, 8.4s)

    vN Entropy at center bond b=75 = 1.213481161212
    Eigs at center bond b=75: 0.4722 0.3797 0.0657 0.0539 0.0100 0.0078 0.0029 0.0027 0.0010 
    Largest link dim during sweep 67/87 was 320
    Largest truncation error: 7.70284e-11
    Energy after sweep 67/87 is -80.968754729282
    Sweep 67/87 CPU time = 8m, 49.5s (Wall time = 1m, 9.3s)

    vN Entropy at center bond b=75 = 1.213481161421
    Eigs at center bond b=75: 0.4722 0.3797 0.0657 0.0539 0.0100 0.0078 0.0029 0.0027 0.0010 
    Largest link dim during sweep 68/87 was 320
    Largest truncation error: 7.7028e-11
    Energy after sweep 68/87 is -80.968754729282
    Sweep 68/87 CPU time = 8m, 57.5s (Wall time = 1m, 10.8s)

    vN Entropy at center bond b=75 = 1.213481161474
    Eigs at center bond b=75: 0.4722 0.3797 0.0657 0.0539 0.0100 0.0078 0.0029 0.0027 0.0010 
    Largest link dim during sweep 69/87 was 320
    Largest truncation error: 7.70279e-11
    Energy after sweep 69/87 is -80.968754729283
    Sweep 69/87 CPU time = 8m, 53.2s (Wall time = 1m, 10.7s)

    vN Entropy at center bond b=75 = 1.213481161494
    Eigs at center bond b=75: 0.4722 0.3797 0.0657 0.0539 0.0100 0.0078 0.0029 0.0027 0.0010 
    Largest link dim during sweep 70/87 was 320
    Largest truncation error: 7.7028e-11
    Energy after sweep 70/87 is -80.968754729283
    Sweep 70/87 CPU time = 8m, 38.6s (Wall time = 1m, 8.1s)

    vN Entropy at center bond b=75 = 1.213481161507
    Eigs at center bond b=75: 0.4722 0.3797 0.0657 0.0539 0.0100 0.0078 0.0029 0.0027 0.0010 
    Largest link dim during sweep 71/87 was 320
    Largest truncation error: 7.70282e-11
    Energy after sweep 71/87 is -80.968754729283
    Sweep 71/87 CPU time = 8m, 54.1s (Wall time = 1m, 10.2s)

    vN Entropy at center bond b=75 = 1.213481161513
    Eigs at center bond b=75: 0.4722 0.3797 0.0657 0.0539 0.0100 0.0078 0.0029 0.0027 0.0010 
    Largest link dim during sweep 72/87 was 320
    Largest truncation error: 7.70281e-11
    Energy after sweep 72/87 is -80.968754729283
    Sweep 72/87 CPU time = 8m, 46.0s (Wall time = 1m, 9.8s)

    vN Entropy at center bond b=75 = 1.213481161516
    Eigs at center bond b=75: 0.4722 0.3797 0.0657 0.0539 0.0100 0.0078 0.0029 0.0027 0.0010 
    Largest link dim during sweep 73/87 was 320
    Largest truncation error: 7.70283e-11
    Energy after sweep 73/87 is -80.968754729283
    Sweep 73/87 CPU time = 8m, 45.3s (Wall time = 1m, 9.8s)

    vN Entropy at center bond b=75 = 1.213481161511
    Eigs at center bond b=75: 0.4722 0.3797 0.0657 0.0539 0.0100 0.0078 0.0029 0.0027 0.0010 
    Largest link dim during sweep 74/87 was 320
    Largest truncation error: 7.70281e-11
    Energy after sweep 74/87 is -80.968754729284
    Sweep 74/87 CPU time = 8m, 48.9s (Wall time = 1m, 10.1s)

    vN Entropy at center bond b=75 = 1.213484861559
    Eigs at center bond b=75: 0.4722 0.3797 0.0657 0.0539 0.0100 0.0078 0.0029 0.0027 0.0010 
    Largest link dim during sweep 75/87 was 607
    Largest truncation error: 8.09693e-13
    Energy after sweep 75/87 is -80.968754827532
    Sweep 75/87 CPU time = 17m, 58s (Wall time = 2m, 25.6s)

    vN Entropy at center bond b=75 = 1.213486302162
    Eigs at center bond b=75: 0.4722 0.3797 0.0657 0.0539 0.0100 0.0078 0.0029 0.0027 0.0010 
    Largest link dim during sweep 76/87 was 624
    Largest truncation error: 8.10085e-13
    Energy after sweep 76/87 is -80.968754827898
    Sweep 76/87 CPU time = 25m, 56s (Wall time = 3m, 27.2s)

    vN Entropy at center bond b=75 = 1.213486379092
    Eigs at center bond b=75: 0.4722 0.3797 0.0657 0.0539 0.0100 0.0078 0.0029 0.0027 0.0010 
    Largest link dim during sweep 77/87 was 625
    Largest truncation error: 8.09927e-13
    Energy after sweep 77/87 is -80.968754827907
    Sweep 77/87 CPU time = 26m, 12s (Wall time = 3m, 28.5s)

    vN Entropy at center bond b=75 = 1.213486383063
    Eigs at center bond b=75: 0.4722 0.3797 0.0657 0.0539 0.0100 0.0078 0.0029 0.0027 0.0010 
    Largest link dim during sweep 78/87 was 625
    Largest truncation error: 8.10007e-13
    Energy after sweep 78/87 is -80.968754827910
    Sweep 78/87 CPU time = 26m, 49s (Wall time = 3m, 36.3s)

    vN Entropy at center bond b=75 = 1.213486383221
    Eigs at center bond b=75: 0.4722 0.3797 0.0657 0.0539 0.0100 0.0078 0.0029 0.0027 0.0010 
    Largest link dim during sweep 79/87 was 625
    Largest truncation error: 8.09814e-13
    Energy after sweep 79/87 is -80.968754827911
    Sweep 79/87 CPU time = 26m, 43s (Wall time = 3m, 35.9s)

    vN Entropy at center bond b=75 = 1.213486383217
    Eigs at center bond b=75: 0.4722 0.3797 0.0657 0.0539 0.0100 0.0078 0.0029 0.0027 0.0010 
    Largest link dim during sweep 80/87 was 625
    Largest truncation error: 8.09792e-13
    Energy after sweep 80/87 is -80.968754827911
    Sweep 80/87 CPU time = 25m, 48s (Wall time = 3m, 27.7s)

    vN Entropy at center bond b=75 = 1.213486383220
    Eigs at center bond b=75: 0.4722 0.3797 0.0657 0.0539 0.0100 0.0078 0.0029 0.0027 0.0010 
    Largest link dim during sweep 81/87 was 625
    Largest truncation error: 8.09774e-13
    Energy after sweep 81/87 is -80.968754827911
    Sweep 81/87 CPU time = 24m, 50s (Wall time = 3m, 20.4s)

    vN Entropy at center bond b=75 = 1.213486383218
    Eigs at center bond b=75: 0.4722 0.3797 0.0657 0.0539 0.0100 0.0078 0.0029 0.0027 0.0010 
    Largest link dim during sweep 82/87 was 625
    Largest truncation error: 8.09788e-13
    Energy after sweep 82/87 is -80.968754827909
    Sweep 82/87 CPU time = 24m, 1s (Wall time = 3m, 13.2s)

    vN Entropy at center bond b=75 = 1.213486364529
    Eigs at center bond b=75: 0.4722 0.3797 0.0657 0.0539 0.0100 0.0078 0.0029 0.0027 0.0010 
    Largest link dim during sweep 83/87 was 588
    Largest truncation error: 7.34252e-13
    Energy after sweep 83/87 is -80.968754827648
    Sweep 83/87 CPU time = 18m, 6s (Wall time = 2m, 25.2s)

    vN Entropy at center bond b=75 = 1.213486417467
    Eigs at center bond b=75: 0.4722 0.3797 0.0657 0.0539 0.0100 0.0078 0.0029 0.0027 0.0010 
    Largest link dim during sweep 84/87 was 1031
    Largest truncation error: 7.49274e-15
    Energy after sweep 84/87 is -80.968754828995
    Sweep 84/87 CPU time = 51m, 46s (Wall time = 6m, 55.1s)

    vN Entropy at center bond b=75 = 1.213486437395
    Eigs at center bond b=75: 0.4722 0.3797 0.0657 0.0539 0.0100 0.0078 0.0029 0.0027 0.0010 
    Largest link dim during sweep 85/87 was 1054
    Largest truncation error: 7.4934e-15
    Energy after sweep 85/87 is -80.968754829002
    Sweep 85/87 CPU time = 1h, 15m, 25s (Wall time = 10m, 32s)

    vN Entropy at center bond b=75 = 1.213486438020
    Eigs at center bond b=75: 0.4722 0.3797 0.0657 0.0539 0.0100 0.0078 0.0029 0.0027 0.0010 
    Largest link dim during sweep 86/87 was 1054
    Largest truncation error: 7.47052e-15
    Energy after sweep 86/87 is -80.968754829001
    Sweep 86/87 CPU time = 1h, 15m, 2s (Wall time = 10m, 23s)

    vN Entropy at center bond b=75 = 1.213486438005
    Eigs at center bond b=75: 0.4722 0.3797 0.0657 0.0539 0.0100 0.0078 0.0029 0.0027 0.0010 
    Largest link dim during sweep 87/87 was 1055
    Largest truncation error: 7.47506e-15
    Energy after sweep 87/87 is -80.968754829003
    Sweep 87/87 CPU time = 1h, 15m, 12s (Wall time = 10m, 25s)
Initial energy = 135.24000

Ground State Energy = -80.9687548290
run_outputs/outputpsi/N_150_sweep_87_t_0.030000_J_1.000000_V_0.600000_D_0.018000_U_0.920000_mu_0.000000_E_0.000000 converge
Wall-clock time (s) = 14141.727075
