//////////////////////////
Reading input file ......

Got input.N = 150
Got input.t = 0.03
Got input.J = 1
Got input.V = 0.6
Got input.D = 0.018
Got input.U = 1.02
Got input.mu = 0
Got input.E = 0
Got input.nsweeps = 87
Sweeps:
1  MaxDim=20, MinDim=20, Cutoff=1.0E-06, Niter=8, Noise=1.0E-05
2  MaxDim=20, MinDim=20, Cutoff=1.0E-06, Niter=8, Noise=1.0E-05
3  MaxDim=20, MinDim=20, Cutoff=1.0E-06, Niter=8, Noise=1.0E-05
4  MaxDim=20, MinDim=20, Cutoff=1.0E-06, Niter=8, Noise=1.0E-05
5  MaxDim=20, MinDim=20, Cutoff=1.0E-06, Niter=8, Noise=1.0E-05
6  MaxDim=20, MinDim=20, Cutoff=1.0E-06, Niter=8, Noise=1.0E-05
7  MaxDim=20, MinDim=20, Cutoff=1.0E-06, Niter=8, Noise=1.0E-05
8  MaxDim=40, MinDim=20, Cutoff=1.0E-06, Niter=4, Noise=1.0E-05
9  MaxDim=40, MinDim=20, Cutoff=1.0E-06, Niter=4, Noise=1.0E-05
10  MaxDim=40, MinDim=20, Cutoff=1.0E-06, Niter=4, Noise=1.0E-05
11  MaxDim=40, MinDim=20, Cutoff=1.0E-06, Niter=4, Noise=1.0E-05
12  MaxDim=40, MinDim=20, Cutoff=1.0E-06, Niter=4, Noise=1.0E-05
13  MaxDim=40, MinDim=20, Cutoff=1.0E-06, Niter=4, Noise=1.0E-05
14  MaxDim=40, MinDim=20, Cutoff=1.0E-06, Niter=4, Noise=1.0E-05
15  MaxDim=80, MinDim=10, Cutoff=1.0E-06, Niter=4, Noise=1.0E-05
16  MaxDim=80, MinDim=10, Cutoff=1.0E-06, Niter=4, Noise=1.0E-05
17  MaxDim=80, MinDim=10, Cutoff=1.0E-06, Niter=4, Noise=1.0E-05
18  MaxDim=80, MinDim=10, Cutoff=1.0E-06, Niter=4, Noise=1.0E-05
19  MaxDim=80, MinDim=10, Cutoff=1.0E-06, Niter=4, Noise=1.0E-05
20  MaxDim=80, MinDim=10, Cutoff=1.0E-06, Niter=4, Noise=1.0E-05
21  MaxDim=80, MinDim=10, Cutoff=1.0E-06, Niter=4, Noise=1.0E-05
22  MaxDim=80, MinDim=10, Cutoff=1.0E-06, Niter=4, Noise=1.0E-05
23  MaxDim=80, MinDim=10, Cutoff=1.0E-06, Niter=4, Noise=1.0E-05
24  MaxDim=80, MinDim=10, Cutoff=1.0E-06, Niter=4, Noise=1.0E-05
25  MaxDim=80, MinDim=10, Cutoff=1.0E-06, Niter=4, Noise=1.0E-05
26  MaxDim=80, MinDim=10, Cutoff=1.0E-06, Niter=4, Noise=1.0E-05
27  MaxDim=80, MinDim=10, Cutoff=1.0E-06, Niter=4, Noise=1.0E-05
28  MaxDim=80, MinDim=10, Cutoff=1.0E-06, Niter=4, Noise=1.0E-05
29  MaxDim=80, MinDim=10, Cutoff=1.0E-06, Niter=4, Noise=1.0E-05
30  MaxDim=80, MinDim=10, Cutoff=1.0E-06, Niter=4, Noise=1.0E-05
31  MaxDim=80, MinDim=10, Cutoff=1.0E-06, Niter=4, Noise=1.0E-05
32  MaxDim=80, MinDim=10, Cutoff=1.0E-06, Niter=4, Noise=1.0E-05
33  MaxDim=80, MinDim=10, Cutoff=1.0E-06, Niter=4, Noise=1.0E-05
34  MaxDim=80, MinDim=10, Cutoff=1.0E-06, Niter=4, Noise=1.0E-05
35  MaxDim=80, MinDim=10, Cutoff=1.0E-06, Niter=4, Noise=1.0E-05
36  MaxDim=80, MinDim=10, Cutoff=1.0E-06, Niter=4, Noise=1.0E-05
37  MaxDim=160, MinDim=10, Cutoff=1.0E-08, Niter=4, Noise=1.0E-06
38  MaxDim=160, MinDim=10, Cutoff=1.0E-08, Niter=4, Noise=1.0E-06
39  MaxDim=160, MinDim=10, Cutoff=1.0E-08, Niter=4, Noise=1.0E-06
40  MaxDim=160, MinDim=10, Cutoff=1.0E-08, Niter=4, Noise=1.0E-06
41  MaxDim=160, MinDim=10, Cutoff=1.0E-08, Niter=4, Noise=1.0E-06
42  MaxDim=160, MinDim=10, Cutoff=1.0E-08, Niter=4, Noise=1.0E-06
43  MaxDim=160, MinDim=10, Cutoff=1.0E-08, Niter=4, Noise=1.0E-06
44  MaxDim=160, MinDim=10, Cutoff=1.0E-08, Niter=4, Noise=1.0E-06
45  MaxDim=160, MinDim=10, Cutoff=1.0E-08, Niter=4, Noise=1.0E-06
46  MaxDim=160, MinDim=10, Cutoff=1.0E-08, Niter=4, Noise=1.0E-06
47  MaxDim=160, MinDim=10, Cutoff=1.0E-08, Niter=4, Noise=1.0E-06
48  MaxDim=160, MinDim=10, Cutoff=1.0E-08, Niter=4, Noise=1.0E-06
49  MaxDim=160, MinDim=10, Cutoff=1.0E-08, Niter=4, Noise=1.0E-06
50  MaxDim=160, MinDim=10, Cutoff=1.0E-08, Niter=4, Noise=1.0E-06
51  MaxDim=160, MinDim=10, Cutoff=1.0E-08, Niter=4, Noise=1.0E-06
52  MaxDim=160, MinDim=10, Cutoff=1.0E-08, Niter=4, Noise=1.0E-06
53  MaxDim=160, MinDim=10, Cutoff=1.0E-08, Niter=4, Noise=1.0E-06
54  MaxDim=160, MinDim=10, Cutoff=1.0E-08, Niter=4, Noise=1.0E-06
55  MaxDim=160, MinDim=10, Cutoff=1.0E-08, Niter=4, Noise=1.0E-06
56  MaxDim=160, MinDim=10, Cutoff=1.0E-08, Niter=4, Noise=1.0E-06
57  MaxDim=160, MinDim=10, Cutoff=1.0E-08, Niter=4, Noise=1.0E-06
58  MaxDim=160, MinDim=10, Cutoff=1.0E-08, Niter=4, Noise=1.0E-06
59  MaxDim=320, MinDim=10, Cutoff=1.0E-10, Niter=4, Noise=1.0E-07
60  MaxDim=320, MinDim=10, Cutoff=1.0E-10, Niter=4, Noise=1.0E-07
61  MaxDim=320, MinDim=10, Cutoff=1.0E-10, Niter=4, Noise=1.0E-07
62  MaxDim=320, MinDim=10, Cutoff=1.0E-10, Niter=4, Noise=1.0E-07
63  MaxDim=320, MinDim=10, Cutoff=1.0E-10, Niter=4, Noise=1.0E-07
64  MaxDim=320, MinDim=10, Cutoff=1.0E-10, Niter=4, Noise=1.0E-07
65  MaxDim=320, MinDim=10, Cutoff=1.0E-10, Niter=4, Noise=1.0E-07
66  MaxDim=320, MinDim=10, Cutoff=1.0E-10, Niter=4, Noise=1.0E-07
67  MaxDim=320, MinDim=10, Cutoff=1.0E-10, Niter=4, Noise=1.0E-07
68  MaxDim=320, MinDim=10, Cutoff=1.0E-10, Niter=4, Noise=1.0E-07
69  MaxDim=320, MinDim=10, Cutoff=1.0E-10, Niter=4, Noise=1.0E-07
70  MaxDim=320, MinDim=10, Cutoff=1.0E-10, Niter=4, Noise=1.0E-07
71  MaxDim=320, MinDim=10, Cutoff=1.0E-10, Niter=4, Noise=1.0E-07
72  MaxDim=320, MinDim=10, Cutoff=1.0E-10, Niter=4, Noise=1.0E-07
73  MaxDim=320, MinDim=10, Cutoff=1.0E-10, Niter=4, Noise=1.0E-07
74  MaxDim=320, MinDim=10, Cutoff=1.0E-10, Niter=4, Noise=1.0E-07
75  MaxDim=640, MinDim=10, Cutoff=1.0E-12, Niter=2, Noise=1.0E-08
76  MaxDim=640, MinDim=10, Cutoff=1.0E-12, Niter=2, Noise=1.0E-08
77  MaxDim=640, MinDim=10, Cutoff=1.0E-12, Niter=2, Noise=1.0E-08
78  MaxDim=640, MinDim=10, Cutoff=1.0E-12, Niter=2, Noise=1.0E-08
79  MaxDim=640, MinDim=10, Cutoff=1.0E-12, Niter=2, Noise=1.0E-08
80  MaxDim=640, MinDim=10, Cutoff=1.0E-12, Niter=2, Noise=1.0E-08
81  MaxDim=640, MinDim=10, Cutoff=1.0E-12, Niter=2, Noise=1.0E-08
82  MaxDim=640, MinDim=10, Cutoff=1.0E-12, Niter=2, Noise=1.0E-08
83  MaxDim=1280, MinDim=10, Cutoff=1.0E-12, Niter=2, Noise=0.0E+00
84  MaxDim=1280, MinDim=10, Cutoff=1.0E-14, Niter=2, Noise=0.0E+00
85  MaxDim=1280, MinDim=10, Cutoff=1.0E-14, Niter=2, Noise=0.0E+00
86  MaxDim=1280, MinDim=10, Cutoff=1.0E-14, Niter=2, Noise=0.0E+00
87  MaxDim=1280, MinDim=10, Cutoff=1.0E-14, Niter=2, Noise=0.0E+00


    vN Entropy at center bond b=75 = 0.517064276934
    Eigs at center bond b=75: 0.8435 0.1353 0.0138 0.0050 0.0011 
    Largest link dim during sweep 1/87 was 20
    Largest truncation error: 6.63008e-06
    Energy after sweep 1/87 is -79.707589818789
    Sweep 1/87 CPU time = 4.328s (Wall time = 0.563s)

    vN Entropy at center bond b=75 = 0.687796947312
    Eigs at center bond b=75: 0.7871 0.1642 0.0318 0.0067 0.0052 0.0034 
    Largest link dim during sweep 2/87 was 20
    Largest truncation error: 9.70275e-06
    Energy after sweep 2/87 is -79.732274500247
    Sweep 2/87 CPU time = 6.044s (Wall time = 0.772s)

    vN Entropy at center bond b=75 = 0.709860869876
    Eigs at center bond b=75: 0.7791 0.1686 0.0339 0.0070 0.0058 0.0037 
    Largest link dim during sweep 3/87 was 20
    Largest truncation error: 1.16438e-05
    Energy after sweep 3/87 is -79.732879257174
    Sweep 3/87 CPU time = 6.036s (Wall time = 0.772s)

    vN Entropy at center bond b=75 = 0.713843429780
    Eigs at center bond b=75: 0.7776 0.1694 0.0343 0.0071 0.0059 0.0038 
    Largest link dim during sweep 4/87 was 20
    Largest truncation error: 1.18372e-05
    Energy after sweep 4/87 is -79.732953479752
    Sweep 4/87 CPU time = 6.060s (Wall time = 0.774s)

    vN Entropy at center bond b=75 = 0.715066469260
    Eigs at center bond b=75: 0.7771 0.1697 0.0344 0.0071 0.0059 0.0038 
    Largest link dim during sweep 5/87 was 20
    Largest truncation error: 1.21633e-05
    Energy after sweep 5/87 is -79.732967546980
    Sweep 5/87 CPU time = 6.084s (Wall time = 0.777s)

    vN Entropy at center bond b=75 = 0.715620422655
    Eigs at center bond b=75: 0.7769 0.1699 0.0344 0.0071 0.0059 0.0039 
    Largest link dim during sweep 6/87 was 20
    Largest truncation error: 1.23235e-05
    Energy after sweep 6/87 is -79.732972638776
    Sweep 6/87 CPU time = 6.091s (Wall time = 0.776s)

    vN Entropy at center bond b=75 = 0.716115423193
    Eigs at center bond b=75: 0.7766 0.1700 0.0344 0.0071 0.0059 0.0039 
    Largest link dim during sweep 7/87 was 20
    Largest truncation error: 1.24559e-05
    Energy after sweep 7/87 is -79.732978228983
    Sweep 7/87 CPU time = 6.073s (Wall time = 0.776s)

    vN Entropy at center bond b=75 = 0.772397873890
    Eigs at center bond b=75: 0.7575 0.1787 0.0401 0.0086 0.0074 0.0046 0.0014 
    Largest link dim during sweep 8/87 was 39
    Largest truncation error: 7.7091e-07
    Energy after sweep 8/87 is -79.742618015310
    Sweep 8/87 CPU time = 5.448s (Wall time = 0.703s)

    vN Entropy at center bond b=75 = 0.852889709835
    Eigs at center bond b=75: 0.7296 0.1908 0.0478 0.0114 0.0098 0.0050 0.0023 0.0013 
    Largest link dim during sweep 9/87 was 40
    Largest truncation error: 1.23797e-06
    Energy after sweep 9/87 is -79.744055648150
    Sweep 9/87 CPU time = 8.236s (Wall time = 1.053s)

    vN Entropy at center bond b=75 = 0.891904390001
    Eigs at center bond b=75: 0.7143 0.1987 0.0514 0.0129 0.0111 0.0051 0.0027 0.0016 
    Largest link dim during sweep 10/87 was 40
    Largest truncation error: 1.60746e-06
    Energy after sweep 10/87 is -79.744200458236
    Sweep 10/87 CPU time = 8.600s (Wall time = 1.105s)

    vN Entropy at center bond b=75 = 0.906682912207
    Eigs at center bond b=75: 0.7068 0.2037 0.0525 0.0136 0.0115 0.0051 0.0028 0.0015 
    Largest link dim during sweep 11/87 was 40
    Largest truncation error: 1.69536e-06
    Energy after sweep 11/87 is -79.744240886604
    Sweep 11/87 CPU time = 8.647s (Wall time = 1.106s)

    vN Entropy at center bond b=75 = 0.916881540648
    Eigs at center bond b=75: 0.7011 0.2079 0.0532 0.0142 0.0117 0.0051 0.0029 0.0014 
    Largest link dim during sweep 12/87 was 40
    Largest truncation error: 1.7338e-06
    Energy after sweep 12/87 is -79.744266164854
    Sweep 12/87 CPU time = 8.709s (Wall time = 1.115s)

    vN Entropy at center bond b=75 = 0.925615196243
    Eigs at center bond b=75: 0.6962 0.2116 0.0538 0.0148 0.0118 0.0050 0.0029 0.0013 
    Largest link dim during sweep 13/87 was 40
    Largest truncation error: 1.78505e-06
    Energy after sweep 13/87 is -79.744286449611
    Sweep 13/87 CPU time = 8.674s (Wall time = 1.109s)

    vN Entropy at center bond b=75 = 0.933549743759
    Eigs at center bond b=75: 0.6915 0.2151 0.0543 0.0153 0.0119 0.0050 0.0030 0.0012 
    Largest link dim during sweep 14/87 was 40
    Largest truncation error: 1.83749e-06
    Energy after sweep 14/87 is -79.744303106936
    Sweep 14/87 CPU time = 8.716s (Wall time = 1.111s)

    vN Entropy at center bond b=75 = 0.952314988037
    Eigs at center bond b=75: 0.6828 0.2206 0.0555 0.0164 0.0123 0.0050 0.0032 0.0012 
    Largest link dim during sweep 15/87 was 52
    Largest truncation error: 7.39775e-07
    Energy after sweep 15/87 is -79.744957211570
    Sweep 15/87 CPU time = 10.32s (Wall time = 1.326s)

    vN Entropy at center bond b=75 = 0.979093865821
    Eigs at center bond b=75: 0.6687 0.2305 0.0569 0.0181 0.0127 0.0050 0.0035 0.0012 
    Largest link dim during sweep 16/87 was 54
    Largest truncation error: 7.62152e-07
    Energy after sweep 16/87 is -79.745103674243
    Sweep 16/87 CPU time = 11.47s (Wall time = 1.472s)

    vN Entropy at center bond b=75 = 1.001706050881
    Eigs at center bond b=75: 0.6548 0.2412 0.0578 0.0199 0.0128 0.0050 0.0037 0.0012 0.0011 
    Largest link dim during sweep 17/87 was 55
    Largest truncation error: 7.31229e-07
    Energy after sweep 17/87 is -79.745190456864
    Sweep 17/87 CPU time = 11.90s (Wall time = 1.521s)

    vN Entropy at center bond b=75 = 1.022055174161
    Eigs at center bond b=75: 0.6409 0.2526 0.0583 0.0217 0.0128 0.0051 0.0038 0.0012 0.0011 
    Largest link dim during sweep 18/87 was 56
    Largest truncation error: 7.41483e-07
    Energy after sweep 18/87 is -79.745247408790
    Sweep 18/87 CPU time = 12.10s (Wall time = 1.549s)

    vN Entropy at center bond b=75 = 1.040690144793
    Eigs at center bond b=75: 0.6271 0.2641 0.0585 0.0234 0.0128 0.0052 0.0039 0.0013 0.0011 
    Largest link dim during sweep 19/87 was 57
    Largest truncation error: 7.449e-07
    Energy after sweep 19/87 is -79.745302238028
    Sweep 19/87 CPU time = 12.30s (Wall time = 1.575s)

    vN Entropy at center bond b=75 = 1.057474071554
    Eigs at center bond b=75: 0.6136 0.2756 0.0584 0.0252 0.0127 0.0054 0.0039 0.0014 0.0011 
    Largest link dim during sweep 20/87 was 58
    Largest truncation error: 7.48024e-07
    Energy after sweep 20/87 is -79.745341743743
    Sweep 20/87 CPU time = 12.43s (Wall time = 1.590s)

    vN Entropy at center bond b=75 = 1.072243600816
    Eigs at center bond b=75: 0.6007 0.2869 0.0582 0.0268 0.0125 0.0056 0.0039 0.0015 0.0011 
    Largest link dim during sweep 21/87 was 58
    Largest truncation error: 7.51026e-07
    Energy after sweep 21/87 is -79.745379374246
    Sweep 21/87 CPU time = 12.46s (Wall time = 1.597s)

    vN Entropy at center bond b=75 = 1.084953077745
    Eigs at center bond b=75: 0.5886 0.2976 0.0578 0.0284 0.0124 0.0058 0.0038 0.0016 0.0011 
    Largest link dim during sweep 22/87 was 58
    Largest truncation error: 7.53515e-07
    Energy after sweep 22/87 is -79.745408223344
    Sweep 22/87 CPU time = 12.62s (Wall time = 1.616s)

    vN Entropy at center bond b=75 = 1.095850151648
    Eigs at center bond b=75: 0.5773 0.3078 0.0573 0.0299 0.0122 0.0061 0.0037 0.0016 0.0011 
    Largest link dim during sweep 23/87 was 58
    Largest truncation error: 7.55688e-07
    Energy after sweep 23/87 is -79.745432096852
    Sweep 23/87 CPU time = 12.70s (Wall time = 1.629s)

    vN Entropy at center bond b=75 = 1.105108752224
    Eigs at center bond b=75: 0.5670 0.3172 0.0568 0.0312 0.0121 0.0063 0.0037 0.0017 0.0011 
    Largest link dim during sweep 24/87 was 59
    Largest truncation error: 7.57403e-07
    Energy after sweep 24/87 is -79.745450430990
    Sweep 24/87 CPU time = 12.76s (Wall time = 1.638s)

    vN Entropy at center bond b=75 = 1.112912297501
    Eigs at center bond b=75: 0.5574 0.3260 0.0562 0.0324 0.0119 0.0065 0.0036 0.0018 0.0011 
    Largest link dim during sweep 25/87 was 59
    Largest truncation error: 7.58801e-07
    Energy after sweep 25/87 is -79.745466301588
    Sweep 25/87 CPU time = 12.83s (Wall time = 1.642s)

    vN Entropy at center bond b=75 = 1.119562034274
    Eigs at center bond b=75: 0.5487 0.3340 0.0556 0.0336 0.0118 0.0067 0.0035 0.0019 0.0011 
    Largest link dim during sweep 26/87 was 59
    Largest truncation error: 7.60039e-07
    Energy after sweep 26/87 is -79.745482263285
    Sweep 26/87 CPU time = 12.88s (Wall time = 1.649s)

    vN Entropy at center bond b=75 = 1.125219792259
    Eigs at center bond b=75: 0.5408 0.3414 0.0551 0.0346 0.0117 0.0069 0.0035 0.0019 0.0010 
    Largest link dim during sweep 27/87 was 59
    Largest truncation error: 7.61097e-07
    Energy after sweep 27/87 is -79.745498164023
    Sweep 27/87 CPU time = 12.93s (Wall time = 1.653s)

    vN Entropy at center bond b=75 = 1.129913238342
    Eigs at center bond b=75: 0.5337 0.3481 0.0545 0.0355 0.0116 0.0070 0.0034 0.0020 0.0010 
    Largest link dim during sweep 28/87 was 59
    Largest truncation error: 7.62372e-07
    Energy after sweep 28/87 is -79.745511197838
    Sweep 28/87 CPU time = 12.97s (Wall time = 1.658s)

    vN Entropy at center bond b=75 = 1.133820839487
    Eigs at center bond b=75: 0.5272 0.3542 0.0540 0.0364 0.0114 0.0072 0.0034 0.0020 0.0010 
    Largest link dim during sweep 29/87 was 59
    Largest truncation error: 7.39682e-07
    Energy after sweep 29/87 is -79.745520010098
    Sweep 29/87 CPU time = 13.02s (Wall time = 1.666s)

    vN Entropy at center bond b=75 = 1.137066635562
    Eigs at center bond b=75: 0.5215 0.3597 0.0535 0.0371 0.0113 0.0073 0.0033 0.0021 0.0010 
    Largest link dim during sweep 30/87 was 59
    Largest truncation error: 7.41188e-07
    Energy after sweep 30/87 is -79.745525580938
    Sweep 30/87 CPU time = 13.07s (Wall time = 1.682s)

    vN Entropy at center bond b=75 = 1.139745475991
    Eigs at center bond b=75: 0.5164 0.3645 0.0530 0.0378 0.0113 0.0074 0.0033 0.0021 0.0010 
    Largest link dim during sweep 31/87 was 59
    Largest truncation error: 7.41921e-07
    Energy after sweep 31/87 is -79.745531637069
    Sweep 31/87 CPU time = 13.11s (Wall time = 1.678s)

    vN Entropy at center bond b=75 = 1.141988829996
    Eigs at center bond b=75: 0.5119 0.3688 0.0526 0.0384 0.0112 0.0075 0.0033 0.0021 0.0010 
    Largest link dim during sweep 32/87 was 59
    Largest truncation error: 7.42523e-07
    Energy after sweep 32/87 is -79.745537897447
    Sweep 32/87 CPU time = 13.06s (Wall time = 1.674s)

    vN Entropy at center bond b=75 = 1.143818378529
    Eigs at center bond b=75: 0.5079 0.3726 0.0522 0.0389 0.0111 0.0076 0.0032 0.0022 
    Largest link dim during sweep 33/87 was 59
    Largest truncation error: 7.43025e-07
    Energy after sweep 33/87 is -79.745540773704
    Sweep 33/87 CPU time = 13.12s (Wall time = 1.675s)

    vN Entropy at center bond b=75 = 1.145337149080
    Eigs at center bond b=75: 0.5045 0.3759 0.0519 0.0394 0.0110 0.0077 0.0032 0.0022 
    Largest link dim during sweep 34/87 was 59
    Largest truncation error: 7.43445e-07
    Energy after sweep 34/87 is -79.745543875681
    Sweep 34/87 CPU time = 13.14s (Wall time = 1.681s)

    vN Entropy at center bond b=75 = 1.146588316657
    Eigs at center bond b=75: 0.5015 0.3788 0.0516 0.0398 0.0110 0.0077 0.0032 0.0022 
    Largest link dim during sweep 35/87 was 59
    Largest truncation error: 7.43797e-07
    Energy after sweep 35/87 is -79.745546684333
    Sweep 35/87 CPU time = 13.10s (Wall time = 1.677s)

    vN Entropy at center bond b=75 = 1.147631572881
    Eigs at center bond b=75: 0.4989 0.3812 0.0513 0.0401 0.0109 0.0078 0.0032 0.0022 
    Largest link dim during sweep 36/87 was 59
    Largest truncation error: 7.44085e-07
    Energy after sweep 36/87 is -79.745549847130
    Sweep 36/87 CPU time = 13.18s (Wall time = 1.680s)

    vN Entropy at center bond b=75 = 1.162198124752
    Eigs at center bond b=75: 0.4924 0.3845 0.0515 0.0414 0.0114 0.0083 0.0031 0.0023 0.0012 
    Largest link dim during sweep 37/87 was 134
    Largest truncation error: 7.64196e-09
    Energy after sweep 37/87 is -79.746409948373
    Sweep 37/87 CPU time = 45.27s (Wall time = 5.801s)

    vN Entropy at center bond b=75 = 1.168525249407
    Eigs at center bond b=75: 0.4864 0.3892 0.0510 0.0424 0.0115 0.0085 0.0031 0.0023 0.0012 0.0011 
    Largest link dim during sweep 38/87 was 153
    Largest truncation error: 7.36885e-09
    Energy after sweep 38/87 is -79.746427853514
    Sweep 38/87 CPU time = 1m, 28.5s (Wall time = 12.03s)

    vN Entropy at center bond b=75 = 1.169626158565
    Eigs at center bond b=75: 0.4837 0.3918 0.0507 0.0429 0.0115 0.0085 0.0031 0.0024 0.0012 0.0011 
    Largest link dim during sweep 39/87 was 158
    Largest truncation error: 7.51415e-09
    Energy after sweep 39/87 is -79.746430139693
    Sweep 39/87 CPU time = 1m, 36.5s (Wall time = 12.96s)

    vN Entropy at center bond b=75 = 1.169934163324
    Eigs at center bond b=75: 0.4828 0.3927 0.0506 0.0430 0.0115 0.0085 0.0031 0.0024 0.0012 0.0011 
    Largest link dim during sweep 40/87 was 159
    Largest truncation error: 7.48785e-09
    Energy after sweep 40/87 is -79.746430664944
    Sweep 40/87 CPU time = 1m, 33.9s (Wall time = 12.29s)

    vN Entropy at center bond b=75 = 1.170050481047
    Eigs at center bond b=75: 0.4824 0.3931 0.0505 0.0431 0.0114 0.0086 0.0031 0.0024 0.0012 0.0011 
    Largest link dim during sweep 41/87 was 159
    Largest truncation error: 7.45512e-09
    Energy after sweep 41/87 is -79.746430827626
    Sweep 41/87 CPU time = 1m, 33.9s (Wall time = 12.31s)

    vN Entropy at center bond b=75 = 1.170104290614
    Eigs at center bond b=75: 0.4822 0.3932 0.0505 0.0431 0.0114 0.0086 0.0031 0.0024 0.0012 0.0011 
    Largest link dim during sweep 42/87 was 159
    Largest truncation error: 7.43527e-09
    Energy after sweep 42/87 is -79.746430883369
    Sweep 42/87 CPU time = 1m, 36.9s (Wall time = 12.66s)

    vN Entropy at center bond b=75 = 1.170132717963
    Eigs at center bond b=75: 0.4821 0.3933 0.0505 0.0431 0.0114 0.0086 0.0031 0.0024 0.0012 0.0011 
    Largest link dim during sweep 43/87 was 159
    Largest truncation error: 7.42346e-09
    Energy after sweep 43/87 is -79.746430937888
    Sweep 43/87 CPU time = 1m, 38.8s (Wall time = 12.93s)

    vN Entropy at center bond b=75 = 1.170147944465
    Eigs at center bond b=75: 0.4821 0.3934 0.0505 0.0431 0.0114 0.0086 0.0031 0.0024 0.0012 0.0011 
    Largest link dim during sweep 44/87 was 158
    Largest truncation error: 7.41683e-09
    Energy after sweep 44/87 is -79.746430965559
    Sweep 44/87 CPU time = 1m, 39.7s (Wall time = 13.03s)

    vN Entropy at center bond b=75 = 1.170157055027
    Eigs at center bond b=75: 0.4820 0.3934 0.0505 0.0431 0.0114 0.0086 0.0031 0.0024 0.0012 0.0011 
    Largest link dim during sweep 45/87 was 158
    Largest truncation error: 7.41296e-09
    Energy after sweep 45/87 is -79.746430982110
    Sweep 45/87 CPU time = 1m, 39.8s (Wall time = 13.04s)

    vN Entropy at center bond b=75 = 1.170162360514
    Eigs at center bond b=75: 0.4820 0.3934 0.0505 0.0431 0.0114 0.0086 0.0031 0.0024 0.0012 0.0011 
    Largest link dim during sweep 46/87 was 158
    Largest truncation error: 7.41067e-09
    Energy after sweep 46/87 is -79.746430993737
    Sweep 46/87 CPU time = 1m, 39.6s (Wall time = 12.95s)

    vN Entropy at center bond b=75 = 1.170165467298
    Eigs at center bond b=75: 0.4820 0.3935 0.0505 0.0431 0.0114 0.0086 0.0031 0.0024 0.0012 0.0011 
    Largest link dim during sweep 47/87 was 158
    Largest truncation error: 7.40932e-09
    Energy after sweep 47/87 is -79.746430998135
    Sweep 47/87 CPU time = 1m, 38.7s (Wall time = 12.85s)

    vN Entropy at center bond b=75 = 1.170167119599
    Eigs at center bond b=75: 0.4820 0.3935 0.0505 0.0431 0.0114 0.0086 0.0031 0.0024 0.0012 0.0011 
    Largest link dim during sweep 48/87 was 158
    Largest truncation error: 7.40852e-09
    Energy after sweep 48/87 is -79.746431000798
    Sweep 48/87 CPU time = 1m, 38.5s (Wall time = 12.80s)

    vN Entropy at center bond b=75 = 1.170168265160
    Eigs at center bond b=75: 0.4820 0.3935 0.0505 0.0431 0.0114 0.0086 0.0031 0.0024 0.0012 0.0011 
    Largest link dim during sweep 49/87 was 158
    Largest truncation error: 7.40805e-09
    Energy after sweep 49/87 is -79.746431001230
    Sweep 49/87 CPU time = 1m, 39.1s (Wall time = 12.88s)

    vN Entropy at center bond b=75 = 1.170168952596
    Eigs at center bond b=75: 0.4820 0.3935 0.0505 0.0431 0.0114 0.0086 0.0031 0.0024 0.0012 0.0011 
    Largest link dim during sweep 50/87 was 158
    Largest truncation error: 7.40777e-09
    Energy after sweep 50/87 is -79.746431002826
    Sweep 50/87 CPU time = 1m, 38.2s (Wall time = 12.78s)

    vN Entropy at center bond b=75 = 1.170169380202
    Eigs at center bond b=75: 0.4820 0.3935 0.0505 0.0431 0.0114 0.0086 0.0031 0.0024 0.0012 0.0011 
    Largest link dim during sweep 51/87 was 158
    Largest truncation error: 7.40759e-09
    Energy after sweep 51/87 is -79.746431003790
    Sweep 51/87 CPU time = 1m, 39.2s (Wall time = 12.95s)

    vN Entropy at center bond b=75 = 1.170169640473
    Eigs at center bond b=75: 0.4820 0.3935 0.0505 0.0431 0.0114 0.0086 0.0031 0.0024 0.0012 0.0011 
    Largest link dim during sweep 52/87 was 158
    Largest truncation error: 7.40749e-09
    Energy after sweep 52/87 is -79.746431004382
    Sweep 52/87 CPU time = 1m, 39.0s (Wall time = 12.95s)

    vN Entropy at center bond b=75 = 1.170169798926
    Eigs at center bond b=75: 0.4820 0.3935 0.0505 0.0431 0.0114 0.0086 0.0031 0.0024 0.0012 0.0011 
    Largest link dim during sweep 53/87 was 158
    Largest truncation error: 7.40743e-09
    Energy after sweep 53/87 is -79.746431004754
    Sweep 53/87 CPU time = 1m, 39.0s (Wall time = 12.98s)

    vN Entropy at center bond b=75 = 1.170169895640
    Eigs at center bond b=75: 0.4820 0.3935 0.0505 0.0431 0.0114 0.0086 0.0031 0.0024 0.0012 0.0011 
    Largest link dim during sweep 54/87 was 158
    Largest truncation error: 7.40739e-09
    Energy after sweep 54/87 is -79.746431004993
    Sweep 54/87 CPU time = 1m, 40.3s (Wall time = 13.25s)

    vN Entropy at center bond b=75 = 1.170169954874
    Eigs at center bond b=75: 0.4820 0.3935 0.0505 0.0431 0.0114 0.0086 0.0031 0.0024 0.0012 0.0011 
    Largest link dim during sweep 55/87 was 158
    Largest truncation error: 7.40736e-09
    Energy after sweep 55/87 is -79.746431005151
    Sweep 55/87 CPU time = 1m, 39.1s (Wall time = 13.09s)

    vN Entropy at center bond b=75 = 1.170169991309
    Eigs at center bond b=75: 0.4820 0.3935 0.0505 0.0431 0.0114 0.0086 0.0031 0.0024 0.0012 0.0011 
    Largest link dim during sweep 56/87 was 158
    Largest truncation error: 7.40735e-09
    Energy after sweep 56/87 is -79.746431005259
    Sweep 56/87 CPU time = 1m, 39.4s (Wall time = 12.97s)

    vN Entropy at center bond b=75 = 1.170170013856
    Eigs at center bond b=75: 0.4820 0.3935 0.0505 0.0431 0.0114 0.0086 0.0031 0.0024 0.0012 0.0011 
    Largest link dim during sweep 57/87 was 158
    Largest truncation error: 7.40734e-09
    Energy after sweep 57/87 is -79.746431005337
    Sweep 57/87 CPU time = 1m, 39.8s (Wall time = 13.08s)

    vN Entropy at center bond b=75 = 1.170170027927
    Eigs at center bond b=75: 0.4820 0.3935 0.0505 0.0431 0.0114 0.0086 0.0031 0.0024 0.0012 0.0011 
    Largest link dim during sweep 58/87 was 158
    Largest truncation error: 7.40734e-09
    Energy after sweep 58/87 is -79.746431005398
    Sweep 58/87 CPU time = 1m, 37.1s (Wall time = 12.62s)

    vN Entropy at center bond b=75 = 1.170466684952
    Eigs at center bond b=75: 0.4820 0.3934 0.0505 0.0431 0.0114 0.0086 0.0031 0.0024 0.0012 0.0011 
    Largest link dim during sweep 59/87 was 311
    Largest truncation error: 7.62504e-11
    Energy after sweep 59/87 is -79.746439917072
    Sweep 59/87 CPU time = 5m, 13.7s (Wall time = 42.30s)

    vN Entropy at center bond b=75 = 1.170508672890
    Eigs at center bond b=75: 0.4820 0.3934 0.0505 0.0431 0.0114 0.0086 0.0031 0.0024 0.0012 0.0011 
    Largest link dim during sweep 60/87 was 320
    Largest truncation error: 7.59688e-11
    Energy after sweep 60/87 is -79.746439968803
    Sweep 60/87 CPU time = 8m, 53.0s (Wall time = 1m, 9.8s)

    vN Entropy at center bond b=75 = 1.170510018891
    Eigs at center bond b=75: 0.4820 0.3934 0.0505 0.0431 0.0114 0.0086 0.0031 0.0024 0.0012 0.0011 
    Largest link dim during sweep 61/87 was 320
    Largest truncation error: 7.96278e-11
    Energy after sweep 61/87 is -79.746439971020
    Sweep 61/87 CPU time = 9m, 13.5s (Wall time = 1m, 13.6s)

    vN Entropy at center bond b=75 = 1.170510143842
    Eigs at center bond b=75: 0.4820 0.3934 0.0505 0.0431 0.0114 0.0086 0.0031 0.0024 0.0012 0.0011 
    Largest link dim during sweep 62/87 was 320
    Largest truncation error: 8.03691e-11
    Energy after sweep 62/87 is -79.746439971250
    Sweep 62/87 CPU time = 9m, 17.7s (Wall time = 1m, 14.3s)

    vN Entropy at center bond b=75 = 1.170510161053
    Eigs at center bond b=75: 0.4820 0.3934 0.0505 0.0431 0.0114 0.0086 0.0031 0.0024 0.0012 0.0011 
    Largest link dim during sweep 63/87 was 320
    Largest truncation error: 8.04477e-11
    Energy after sweep 63/87 is -79.746439971244
    Sweep 63/87 CPU time = 9m, 17.5s (Wall time = 1m, 13.4s)

    vN Entropy at center bond b=75 = 1.170510163585
    Eigs at center bond b=75: 0.4820 0.3934 0.0505 0.0431 0.0114 0.0086 0.0031 0.0024 0.0012 0.0011 
    Largest link dim during sweep 64/87 was 320
    Largest truncation error: 8.04625e-11
    Energy after sweep 64/87 is -79.746439971232
    Sweep 64/87 CPU time = 9m, 15.0s (Wall time = 1m, 12.6s)

    vN Entropy at center bond b=75 = 1.170510164388
    Eigs at center bond b=75: 0.4820 0.3934 0.0505 0.0431 0.0114 0.0086 0.0031 0.0024 0.0012 0.0011 
    Largest link dim during sweep 65/87 was 320
    Largest truncation error: 8.04661e-11
    Energy after sweep 65/87 is -79.746439971233
    Sweep 65/87 CPU time = 9m, 15.7s (Wall time = 1m, 13.0s)

    vN Entropy at center bond b=75 = 1.170510164790
    Eigs at center bond b=75: 0.4820 0.3934 0.0505 0.0431 0.0114 0.0086 0.0031 0.0024 0.0012 0.0011 
    Largest link dim during sweep 66/87 was 320
    Largest truncation error: 8.04671e-11
    Energy after sweep 66/87 is -79.746439971234
    Sweep 66/87 CPU time = 9m, 14.5s (Wall time = 1m, 12.9s)

    vN Entropy at center bond b=75 = 1.170510165006
    Eigs at center bond b=75: 0.4820 0.3934 0.0505 0.0431 0.0114 0.0086 0.0031 0.0024 0.0012 0.0011 
    Largest link dim during sweep 67/87 was 320
    Largest truncation error: 8.04674e-11
    Energy after sweep 67/87 is -79.746439971234
    Sweep 67/87 CPU time = 9m, 19.4s (Wall time = 1m, 14.4s)

    vN Entropy at center bond b=75 = 1.170510165133
    Eigs at center bond b=75: 0.4820 0.3934 0.0505 0.0431 0.0114 0.0086 0.0031 0.0024 0.0012 0.0011 
    Largest link dim during sweep 68/87 was 320
    Largest truncation error: 8.04678e-11
    Energy after sweep 68/87 is -79.746439971234
    Sweep 68/87 CPU time = 9m, 12.6s (Wall time = 1m, 12.7s)

    vN Entropy at center bond b=75 = 1.170510165209
    Eigs at center bond b=75: 0.4820 0.3934 0.0505 0.0431 0.0114 0.0086 0.0031 0.0024 0.0012 0.0011 
    Largest link dim during sweep 69/87 was 320
    Largest truncation error: 8.0468e-11
    Energy after sweep 69/87 is -79.746439971233
    Sweep 69/87 CPU time = 9m, 14.5s (Wall time = 1m, 12.7s)

    vN Entropy at center bond b=75 = 1.170510165272
    Eigs at center bond b=75: 0.4820 0.3934 0.0505 0.0431 0.0114 0.0086 0.0031 0.0024 0.0012 0.0011 
    Largest link dim during sweep 70/87 was 320
    Largest truncation error: 8.04683e-11
    Energy after sweep 70/87 is -79.746439971234
    Sweep 70/87 CPU time = 9m, 4.2s (Wall time = 1m, 12.2s)

    vN Entropy at center bond b=75 = 1.170510165342
    Eigs at center bond b=75: 0.4820 0.3934 0.0505 0.0431 0.0114 0.0086 0.0031 0.0024 0.0012 0.0011 
    Largest link dim during sweep 71/87 was 320
    Largest truncation error: 8.04688e-11
    Energy after sweep 71/87 is -79.746439971234
    Sweep 71/87 CPU time = 9m, 10.1s (Wall time = 1m, 13.4s)

    vN Entropy at center bond b=75 = 1.170510165384
    Eigs at center bond b=75: 0.4820 0.3934 0.0505 0.0431 0.0114 0.0086 0.0031 0.0024 0.0012 0.0011 
    Largest link dim during sweep 72/87 was 320
    Largest truncation error: 8.04694e-11
    Energy after sweep 72/87 is -79.746439971234
    Sweep 72/87 CPU time = 9m, 11.6s (Wall time = 1m, 12.8s)

    vN Entropy at center bond b=75 = 1.170510165382
    Eigs at center bond b=75: 0.4820 0.3934 0.0505 0.0431 0.0114 0.0086 0.0031 0.0024 0.0012 0.0011 
    Largest link dim during sweep 73/87 was 320
    Largest truncation error: 8.04696e-11
    Energy after sweep 73/87 is -79.746439971233
    Sweep 73/87 CPU time = 9m, 10.0s (Wall time = 1m, 12.8s)

    vN Entropy at center bond b=75 = 1.170510165343
    Eigs at center bond b=75: 0.4820 0.3934 0.0505 0.0431 0.0114 0.0086 0.0031 0.0024 0.0012 0.0011 
    Largest link dim during sweep 74/87 was 320
    Largest truncation error: 8.04699e-11
    Energy after sweep 74/87 is -79.746439971234
    Sweep 74/87 CPU time = 9m, 11.9s (Wall time = 1m, 13.0s)

    vN Entropy at center bond b=75 = 1.170514011866
    Eigs at center bond b=75: 0.4820 0.3934 0.0505 0.0431 0.0114 0.0086 0.0031 0.0024 0.0012 0.0011 
    Largest link dim during sweep 75/87 was 623
    Largest truncation error: 7.55489e-13
    Energy after sweep 75/87 is -79.746440073797
    Sweep 75/87 CPU time = 19m, 14s (Wall time = 2m, 35.8s)

    vN Entropy at center bond b=75 = 1.170515057994
    Eigs at center bond b=75: 0.4820 0.3934 0.0505 0.0431 0.0114 0.0086 0.0031 0.0024 0.0012 0.0011 
    Largest link dim during sweep 76/87 was 640
    Largest truncation error: 7.64869e-13
    Energy after sweep 76/87 is -79.746440074253
    Sweep 76/87 CPU time = 28m, 42s (Wall time = 3m, 49.5s)

    vN Entropy at center bond b=75 = 1.170515099215
    Eigs at center bond b=75: 0.4820 0.3934 0.0505 0.0431 0.0114 0.0086 0.0031 0.0024 0.0012 0.0011 
    Largest link dim during sweep 77/87 was 640
    Largest truncation error: 7.6424e-13
    Energy after sweep 77/87 is -79.746440074265
    Sweep 77/87 CPU time = 28m, 28s (Wall time = 3m, 48.4s)

    vN Entropy at center bond b=75 = 1.170515102646
    Eigs at center bond b=75: 0.4820 0.3934 0.0505 0.0431 0.0114 0.0086 0.0031 0.0024 0.0012 0.0011 
    Largest link dim during sweep 78/87 was 640
    Largest truncation error: 7.64202e-13
    Energy after sweep 78/87 is -79.746440074268
    Sweep 78/87 CPU time = 29m, 3s (Wall time = 3m, 54.8s)

    vN Entropy at center bond b=75 = 1.170515103180
    Eigs at center bond b=75: 0.4820 0.3934 0.0505 0.0431 0.0114 0.0086 0.0031 0.0024 0.0012 0.0011 
    Largest link dim during sweep 79/87 was 640
    Largest truncation error: 7.64118e-13
    Energy after sweep 79/87 is -79.746440074269
    Sweep 79/87 CPU time = 28m, 59s (Wall time = 3m, 53.3s)

    vN Entropy at center bond b=75 = 1.170515103313
    Eigs at center bond b=75: 0.4820 0.3934 0.0505 0.0431 0.0114 0.0086 0.0031 0.0024 0.0012 0.0011 
    Largest link dim during sweep 80/87 was 640
    Largest truncation error: 7.64208e-13
    Energy after sweep 80/87 is -79.746440074270
    Sweep 80/87 CPU time = 28m, 10s (Wall time = 3m, 46.4s)

    vN Entropy at center bond b=75 = 1.170515103337
    Eigs at center bond b=75: 0.4820 0.3934 0.0505 0.0431 0.0114 0.0086 0.0031 0.0024 0.0012 0.0011 
    Largest link dim during sweep 81/87 was 640
    Largest truncation error: 7.64121e-13
    Energy after sweep 81/87 is -79.746440074268
    Sweep 81/87 CPU time = 26m, 59s (Wall time = 3m, 37.3s)

    vN Entropy at center bond b=75 = 1.170515103344
    Eigs at center bond b=75: 0.4820 0.3934 0.0505 0.0431 0.0114 0.0086 0.0031 0.0024 0.0012 0.0011 
    Largest link dim during sweep 82/87 was 640
    Largest truncation error: 7.64092e-13
    Energy after sweep 82/87 is -79.746440074269
    Sweep 82/87 CPU time = 27m, 15s (Wall time = 3m, 39.5s)

    vN Entropy at center bond b=75 = 1.170515071436
    Eigs at center bond b=75: 0.4820 0.3934 0.0505 0.0431 0.0114 0.0086 0.0031 0.0024 0.0012 0.0011 
    Largest link dim during sweep 83/87 was 614
    Largest truncation error: 7.60826e-13
    Energy after sweep 83/87 is -79.746440074001
    Sweep 83/87 CPU time = 21m, 39s (Wall time = 2m, 53.2s)

    vN Entropy at center bond b=75 = 1.170515132723
    Eigs at center bond b=75: 0.4820 0.3934 0.0505 0.0431 0.0114 0.0086 0.0031 0.0024 0.0012 0.0011 
    Largest link dim during sweep 84/87 was 1093
    Largest truncation error: 7.56744e-15
    Energy after sweep 84/87 is -79.746440075383
    Sweep 84/87 CPU time = 57m, 59s (Wall time = 7m, 43.0s)

    vN Entropy at center bond b=75 = 1.170515146087
    Eigs at center bond b=75: 0.4820 0.3934 0.0505 0.0431 0.0114 0.0086 0.0031 0.0024 0.0012 0.0011 
    Largest link dim during sweep 85/87 was 1123
    Largest truncation error: 7.4334e-15
    Energy after sweep 85/87 is -79.746440075390
    Sweep 85/87 CPU time = 1h, 26m, 37s (Wall time = 12m, 40s)

    vN Entropy at center bond b=75 = 1.170515146595
    Eigs at center bond b=75: 0.4820 0.3934 0.0505 0.0431 0.0114 0.0086 0.0031 0.0024 0.0012 0.0011 
    Largest link dim during sweep 86/87 was 1123
    Largest truncation error: 7.44361e-15
    Energy after sweep 86/87 is -79.746440075392
    Sweep 86/87 CPU time = 1h, 26m, 25s (Wall time = 12m, 28s)

    vN Entropy at center bond b=75 = 1.170515146652
    Eigs at center bond b=75: 0.4820 0.3934 0.0505 0.0431 0.0114 0.0086 0.0031 0.0024 0.0012 0.0011 
    Largest link dim during sweep 87/87 was 1123
    Largest truncation error: 7.45014e-15
    Energy after sweep 87/87 is -79.746440075392
    Sweep 87/87 CPU time = 1h, 26m, 28s (Wall time = 12m, 27s)
Initial energy = 149.94000

Ground State Energy = -79.7464400754
run_outputs/outputpsi/N_150_sweep_87_t_0.030000_J_1.000000_V_0.600000_D_0.018000_U_1.020000_mu_0.000000_E_0.000000 converge
Wall-clock time (s) = 16238.842112
