//////////////////////////
Reading input file ......

Got input.N = 90
Got input.t = 0.03
Got input.J = 1
Got input.V = 0.6
Got input.D = 0.018
Got input.U = 3
Got input.mu = 0
Got input.E = 0
Got input.nsweeps = 87
Sweeps:
1  MaxDim=20, MinDim=20, Cutoff=1.0E-06, Niter=8, Noise=1.0E-05
2  MaxDim=20, MinDim=20, Cutoff=1.0E-06, Niter=8, Noise=1.0E-05
3  MaxDim=20, MinDim=20, Cutoff=1.0E-06, Niter=8, Noise=1.0E-05
4  MaxDim=20, MinDim=20, Cutoff=1.0E-06, Niter=8, Noise=1.0E-05
5  MaxDim=20, MinDim=20, Cutoff=1.0E-06, Niter=8, Noise=1.0E-05
6  MaxDim=20, MinDim=20, Cutoff=1.0E-06, Niter=8, Noise=1.0E-05
7  MaxDim=20, MinDim=20, Cutoff=1.0E-06, Niter=8, Noise=1.0E-05
8  MaxDim=40, MinDim=20, Cutoff=1.0E-06, Niter=4, Noise=1.0E-05
9  MaxDim=40, MinDim=20, Cutoff=1.0E-06, Niter=4, Noise=1.0E-05
10  MaxDim=40, MinDim=20, Cutoff=1.0E-06, Niter=4, Noise=1.0E-05
11  MaxDim=40, MinDim=20, Cutoff=1.0E-06, Niter=4, Noise=1.0E-05
12  MaxDim=40, MinDim=20, Cutoff=1.0E-06, Niter=4, Noise=1.0E-05
13  MaxDim=40, MinDim=20, Cutoff=1.0E-06, Niter=4, Noise=1.0E-05
14  MaxDim=40, MinDim=20, Cutoff=1.0E-06, Niter=4, Noise=1.0E-05
15  MaxDim=80, MinDim=10, Cutoff=1.0E-06, Niter=4, Noise=1.0E-05
16  MaxDim=80, MinDim=10, Cutoff=1.0E-06, Niter=4, Noise=1.0E-05
17  MaxDim=80, MinDim=10, Cutoff=1.0E-06, Niter=4, Noise=1.0E-05
18  MaxDim=80, MinDim=10, Cutoff=1.0E-06, Niter=4, Noise=1.0E-05
19  MaxDim=80, MinDim=10, Cutoff=1.0E-06, Niter=4, Noise=1.0E-05
20  MaxDim=80, MinDim=10, Cutoff=1.0E-06, Niter=4, Noise=1.0E-05
21  MaxDim=80, MinDim=10, Cutoff=1.0E-06, Niter=4, Noise=1.0E-05
22  MaxDim=80, MinDim=10, Cutoff=1.0E-06, Niter=4, Noise=1.0E-05
23  MaxDim=80, MinDim=10, Cutoff=1.0E-06, Niter=4, Noise=1.0E-05
24  MaxDim=80, MinDim=10, Cutoff=1.0E-06, Niter=4, Noise=1.0E-05
25  MaxDim=80, MinDim=10, Cutoff=1.0E-06, Niter=4, Noise=1.0E-05
26  MaxDim=80, MinDim=10, Cutoff=1.0E-06, Niter=4, Noise=1.0E-05
27  MaxDim=80, MinDim=10, Cutoff=1.0E-06, Niter=4, Noise=1.0E-05
28  MaxDim=80, MinDim=10, Cutoff=1.0E-06, Niter=4, Noise=1.0E-05
29  MaxDim=80, MinDim=10, Cutoff=1.0E-06, Niter=4, Noise=1.0E-05
30  MaxDim=80, MinDim=10, Cutoff=1.0E-06, Niter=4, Noise=1.0E-05
31  MaxDim=80, MinDim=10, Cutoff=1.0E-06, Niter=4, Noise=1.0E-05
32  MaxDim=80, MinDim=10, Cutoff=1.0E-06, Niter=4, Noise=1.0E-05
33  MaxDim=80, MinDim=10, Cutoff=1.0E-06, Niter=4, Noise=1.0E-05
34  MaxDim=80, MinDim=10, Cutoff=1.0E-06, Niter=4, Noise=1.0E-05
35  MaxDim=80, MinDim=10, Cutoff=1.0E-06, Niter=4, Noise=1.0E-05
36  MaxDim=80, MinDim=10, Cutoff=1.0E-06, Niter=4, Noise=1.0E-05
37  MaxDim=160, MinDim=10, Cutoff=1.0E-08, Niter=4, Noise=1.0E-06
38  MaxDim=160, MinDim=10, Cutoff=1.0E-08, Niter=4, Noise=1.0E-06
39  MaxDim=160, MinDim=10, Cutoff=1.0E-08, Niter=4, Noise=1.0E-06
40  MaxDim=160, MinDim=10, Cutoff=1.0E-08, Niter=4, Noise=1.0E-06
41  MaxDim=160, MinDim=10, Cutoff=1.0E-08, Niter=4, Noise=1.0E-06
42  MaxDim=160, MinDim=10, Cutoff=1.0E-08, Niter=4, Noise=1.0E-06
43  MaxDim=160, MinDim=10, Cutoff=1.0E-08, Niter=4, Noise=1.0E-06
44  MaxDim=160, MinDim=10, Cutoff=1.0E-08, Niter=4, Noise=1.0E-06
45  MaxDim=160, MinDim=10, Cutoff=1.0E-08, Niter=4, Noise=1.0E-06
46  MaxDim=160, MinDim=10, Cutoff=1.0E-08, Niter=4, Noise=1.0E-06
47  MaxDim=160, MinDim=10, Cutoff=1.0E-08, Niter=4, Noise=1.0E-06
48  MaxDim=160, MinDim=10, Cutoff=1.0E-08, Niter=4, Noise=1.0E-06
49  MaxDim=160, MinDim=10, Cutoff=1.0E-08, Niter=4, Noise=1.0E-06
50  MaxDim=160, MinDim=10, Cutoff=1.0E-08, Niter=4, Noise=1.0E-06
51  MaxDim=160, MinDim=10, Cutoff=1.0E-08, Niter=4, Noise=1.0E-06
52  MaxDim=160, MinDim=10, Cutoff=1.0E-08, Niter=4, Noise=1.0E-06
53  MaxDim=160, MinDim=10, Cutoff=1.0E-08, Niter=4, Noise=1.0E-06
54  MaxDim=160, MinDim=10, Cutoff=1.0E-08, Niter=4, Noise=1.0E-06
55  MaxDim=160, MinDim=10, Cutoff=1.0E-08, Niter=4, Noise=1.0E-06
56  MaxDim=160, MinDim=10, Cutoff=1.0E-08, Niter=4, Noise=1.0E-06
57  MaxDim=160, MinDim=10, Cutoff=1.0E-08, Niter=4, Noise=1.0E-06
58  MaxDim=160, MinDim=10, Cutoff=1.0E-08, Niter=4, Noise=1.0E-06
59  MaxDim=320, MinDim=10, Cutoff=1.0E-10, Niter=4, Noise=1.0E-07
60  MaxDim=320, MinDim=10, Cutoff=1.0E-10, Niter=4, Noise=1.0E-07
61  MaxDim=320, MinDim=10, Cutoff=1.0E-10, Niter=4, Noise=1.0E-07
62  MaxDim=320, MinDim=10, Cutoff=1.0E-10, Niter=4, Noise=1.0E-07
63  MaxDim=320, MinDim=10, Cutoff=1.0E-10, Niter=4, Noise=1.0E-07
64  MaxDim=320, MinDim=10, Cutoff=1.0E-10, Niter=4, Noise=1.0E-07
65  MaxDim=320, MinDim=10, Cutoff=1.0E-10, Niter=4, Noise=1.0E-07
66  MaxDim=320, MinDim=10, Cutoff=1.0E-10, Niter=4, Noise=1.0E-07
67  MaxDim=320, MinDim=10, Cutoff=1.0E-10, Niter=4, Noise=1.0E-07
68  MaxDim=320, MinDim=10, Cutoff=1.0E-10, Niter=4, Noise=1.0E-07
69  MaxDim=320, MinDim=10, Cutoff=1.0E-10, Niter=4, Noise=1.0E-07
70  MaxDim=320, MinDim=10, Cutoff=1.0E-10, Niter=4, Noise=1.0E-07
71  MaxDim=320, MinDim=10, Cutoff=1.0E-10, Niter=4, Noise=1.0E-07
72  MaxDim=320, MinDim=10, Cutoff=1.0E-10, Niter=4, Noise=1.0E-07
73  MaxDim=320, MinDim=10, Cutoff=1.0E-10, Niter=4, Noise=1.0E-07
74  MaxDim=320, MinDim=10, Cutoff=1.0E-10, Niter=4, Noise=1.0E-07
75  MaxDim=640, MinDim=10, Cutoff=1.0E-12, Niter=2, Noise=1.0E-08
76  MaxDim=640, MinDim=10, Cutoff=1.0E-12, Niter=2, Noise=1.0E-08
77  MaxDim=640, MinDim=10, Cutoff=1.0E-12, Niter=2, Noise=1.0E-08
78  MaxDim=640, MinDim=10, Cutoff=1.0E-12, Niter=2, Noise=1.0E-08
79  MaxDim=640, MinDim=10, Cutoff=1.0E-12, Niter=2, Noise=1.0E-08
80  MaxDim=640, MinDim=10, Cutoff=1.0E-12, Niter=2, Noise=1.0E-08
81  MaxDim=640, MinDim=10, Cutoff=1.0E-12, Niter=2, Noise=1.0E-08
82  MaxDim=640, MinDim=10, Cutoff=1.0E-12, Niter=2, Noise=1.0E-08
83  MaxDim=1280, MinDim=10, Cutoff=1.0E-12, Niter=2, Noise=0.0E+00
84  MaxDim=1280, MinDim=10, Cutoff=1.0E-14, Niter=2, Noise=0.0E+00
85  MaxDim=1280, MinDim=10, Cutoff=1.0E-14, Niter=2, Noise=0.0E+00
86  MaxDim=1280, MinDim=10, Cutoff=1.0E-14, Niter=2, Noise=0.0E+00
87  MaxDim=1280, MinDim=10, Cutoff=1.0E-14, Niter=2, Noise=0.0E+00


    vN Entropy at center bond b=45 = 0.522412067439
    Eigs at center bond b=45: 0.8443 0.1315 0.0159 0.0061 0.0014 
    Largest link dim during sweep 1/87 was 20
    Largest truncation error: 8.49066e-06
    Energy after sweep 1/87 is -39.939513176966
    Sweep 1/87 CPU time = 2.541s (Wall time = 0.332s)

    vN Entropy at center bond b=45 = 0.731023472468
    Eigs at center bond b=45: 0.7797 0.1616 0.0311 0.0162 0.0049 0.0039 0.0011 
    Largest link dim during sweep 2/87 was 20
    Largest truncation error: 1.06942e-05
    Energy after sweep 2/87 is -40.006288163279
    Sweep 2/87 CPU time = 3.502s (Wall time = 0.449s)

    vN Entropy at center bond b=45 = 0.803588720487
    Eigs at center bond b=45: 0.7592 0.1636 0.0431 0.0172 0.0082 0.0052 0.0014 
    Largest link dim during sweep 3/87 was 20
    Largest truncation error: 1.42484e-05
    Energy after sweep 3/87 is -40.009730603066
    Sweep 3/87 CPU time = 3.518s (Wall time = 0.449s)

    vN Entropy at center bond b=45 = 0.848110090822
    Eigs at center bond b=45: 0.7458 0.1640 0.0514 0.0181 0.0113 0.0055 0.0016 
    Largest link dim during sweep 4/87 was 20
    Largest truncation error: 1.74681e-05
    Energy after sweep 4/87 is -40.010813459437
    Sweep 4/87 CPU time = 3.526s (Wall time = 0.447s)

    vN Entropy at center bond b=45 = 0.881086418206
    Eigs at center bond b=45: 0.7343 0.1668 0.0563 0.0189 0.0138 0.0056 0.0017 
    Largest link dim during sweep 5/87 was 20
    Largest truncation error: 2.04125e-05
    Energy after sweep 5/87 is -40.011350182338
    Sweep 5/87 CPU time = 3.505s (Wall time = 0.448s)

    vN Entropy at center bond b=45 = 0.905013211201
    Eigs at center bond b=45: 0.7249 0.1710 0.0586 0.0201 0.0154 0.0058 0.0018 
    Largest link dim during sweep 6/87 was 20
    Largest truncation error: 2.28399e-05
    Energy after sweep 6/87 is -40.011673277214
    Sweep 6/87 CPU time = 3.487s (Wall time = 0.449s)

    vN Entropy at center bond b=45 = 0.920761299729
    Eigs at center bond b=45: 0.7183 0.1745 0.0595 0.0214 0.0161 0.0058 0.0018 
    Largest link dim during sweep 7/87 was 20
    Largest truncation error: 2.45804e-05
    Energy after sweep 7/87 is -40.011849443858
    Sweep 7/87 CPU time = 3.504s (Wall time = 0.448s)

    vN Entropy at center bond b=45 = 1.002312160705
    Eigs at center bond b=45: 0.6882 0.1865 0.0665 0.0277 0.0170 0.0077 0.0022 
    Largest link dim during sweep 8/87 was 40
    Largest truncation error: 1.51413e-06
    Energy after sweep 8/87 is -40.027500125758
    Sweep 8/87 CPU time = 3.851s (Wall time = 0.496s)

    vN Entropy at center bond b=45 = 1.054441608027
    Eigs at center bond b=45: 0.6686 0.1940 0.0707 0.0328 0.0169 0.0090 0.0024 0.0013 0.0011 
    Largest link dim during sweep 9/87 was 40
    Largest truncation error: 3.19165e-06
    Energy after sweep 9/87 is -40.028240694399
    Sweep 9/87 CPU time = 5.022s (Wall time = 0.644s)

    vN Entropy at center bond b=45 = 1.058867153129
    Eigs at center bond b=45: 0.6671 0.1944 0.0711 0.0332 0.0168 0.0092 0.0025 0.0013 0.0012 
    Largest link dim during sweep 10/87 was 40
    Largest truncation error: 3.22581e-06
    Energy after sweep 10/87 is -40.028267740440
    Sweep 10/87 CPU time = 5.021s (Wall time = 0.645s)

    vN Entropy at center bond b=45 = 1.059304484918
    Eigs at center bond b=45: 0.6669 0.1944 0.0712 0.0332 0.0168 0.0092 0.0025 0.0013 0.0012 
    Largest link dim during sweep 11/87 was 40
    Largest truncation error: 3.23124e-06
    Energy after sweep 11/87 is -40.028269756865
    Sweep 11/87 CPU time = 5.052s (Wall time = 0.648s)

    vN Entropy at center bond b=45 = 1.059366347866
    Eigs at center bond b=45: 0.6669 0.1944 0.0712 0.0332 0.0168 0.0092 0.0025 0.0013 0.0012 
    Largest link dim during sweep 12/87 was 40
    Largest truncation error: 3.23172e-06
    Energy after sweep 12/87 is -40.028270060520
    Sweep 12/87 CPU time = 5.066s (Wall time = 0.650s)

    vN Entropy at center bond b=45 = 1.059378769427
    Eigs at center bond b=45: 0.6669 0.1944 0.0712 0.0332 0.0168 0.0092 0.0025 0.0013 0.0012 
    Largest link dim during sweep 13/87 was 40
    Largest truncation error: 3.23166e-06
    Energy after sweep 13/87 is -40.028270231044
    Sweep 13/87 CPU time = 5.069s (Wall time = 0.646s)

    vN Entropy at center bond b=45 = 1.059381543816
    Eigs at center bond b=45: 0.6669 0.1944 0.0712 0.0332 0.0168 0.0092 0.0025 0.0013 0.0012 
    Largest link dim during sweep 14/87 was 40
    Largest truncation error: 3.23167e-06
    Energy after sweep 14/87 is -40.028270466208
    Sweep 14/87 CPU time = 5.044s (Wall time = 0.644s)

    vN Entropy at center bond b=45 = 1.067200748543
    Eigs at center bond b=45: 0.6646 0.1948 0.0719 0.0336 0.0168 0.0095 0.0025 0.0014 0.0013 
    Largest link dim during sweep 15/87 was 60
    Largest truncation error: 7.47468e-07
    Energy after sweep 15/87 is -40.029305361394
    Sweep 15/87 CPU time = 6.909s (Wall time = 0.889s)

    vN Entropy at center bond b=45 = 1.072087070792
    Eigs at center bond b=45: 0.6632 0.1951 0.0723 0.0339 0.0168 0.0097 0.0025 0.0014 0.0013 
    Largest link dim during sweep 16/87 was 63
    Largest truncation error: 7.51927e-07
    Energy after sweep 16/87 is -40.029381930361
    Sweep 16/87 CPU time = 8.094s (Wall time = 1.036s)

    vN Entropy at center bond b=45 = 1.072980160706
    Eigs at center bond b=45: 0.6629 0.1951 0.0724 0.0340 0.0168 0.0097 0.0025 0.0015 0.0013 
    Largest link dim during sweep 17/87 was 63
    Largest truncation error: 7.54767e-07
    Energy after sweep 17/87 is -40.029406220338
    Sweep 17/87 CPU time = 8.240s (Wall time = 1.056s)

    vN Entropy at center bond b=45 = 1.073237210324
    Eigs at center bond b=45: 0.6629 0.1951 0.0724 0.0340 0.0168 0.0097 0.0025 0.0015 0.0014 
    Largest link dim during sweep 18/87 was 63
    Largest truncation error: 7.57761e-07
    Energy after sweep 18/87 is -40.029407801732
    Sweep 18/87 CPU time = 8.279s (Wall time = 1.060s)

    vN Entropy at center bond b=45 = 1.073275959112
    Eigs at center bond b=45: 0.6628 0.1951 0.0724 0.0340 0.0167 0.0097 0.0025 0.0015 0.0014 
    Largest link dim during sweep 19/87 was 63
    Largest truncation error: 7.58306e-07
    Energy after sweep 19/87 is -40.029408021881
    Sweep 19/87 CPU time = 8.275s (Wall time = 1.062s)

    vN Entropy at center bond b=45 = 1.073335035511
    Eigs at center bond b=45: 0.6628 0.1951 0.0724 0.0340 0.0167 0.0097 0.0025 0.0015 0.0014 
    Largest link dim during sweep 20/87 was 63
    Largest truncation error: 7.19459e-07
    Energy after sweep 20/87 is -40.029409314510
    Sweep 20/87 CPU time = 8.305s (Wall time = 1.065s)

    vN Entropy at center bond b=45 = 1.073352049018
    Eigs at center bond b=45: 0.6628 0.1951 0.0724 0.0340 0.0167 0.0097 0.0025 0.0015 0.0014 
    Largest link dim during sweep 21/87 was 63
    Largest truncation error: 7.19684e-07
    Energy after sweep 21/87 is -40.029409229078
    Sweep 21/87 CPU time = 8.307s (Wall time = 1.066s)

    vN Entropy at center bond b=45 = 1.073359981616
    Eigs at center bond b=45: 0.6628 0.1951 0.0724 0.0340 0.0167 0.0097 0.0025 0.0015 0.0014 
    Largest link dim during sweep 22/87 was 63
    Largest truncation error: 7.19712e-07
    Energy after sweep 22/87 is -40.029409265599
    Sweep 22/87 CPU time = 8.302s (Wall time = 1.064s)

    vN Entropy at center bond b=45 = 1.073361497275
    Eigs at center bond b=45: 0.6628 0.1951 0.0724 0.0340 0.0167 0.0097 0.0025 0.0015 0.0014 
    Largest link dim during sweep 23/87 was 63
    Largest truncation error: 7.1965e-07
    Energy after sweep 23/87 is -40.029409270502
    Sweep 23/87 CPU time = 8.319s (Wall time = 1.064s)

    vN Entropy at center bond b=45 = 1.073361398612
    Eigs at center bond b=45: 0.6628 0.1951 0.0724 0.0340 0.0167 0.0097 0.0025 0.0015 0.0014 
    Largest link dim during sweep 24/87 was 63
    Largest truncation error: 7.19599e-07
    Energy after sweep 24/87 is -40.029409277559
    Sweep 24/87 CPU time = 8.328s (Wall time = 1.061s)

    vN Entropy at center bond b=45 = 1.073360743892
    Eigs at center bond b=45: 0.6628 0.1951 0.0724 0.0340 0.0167 0.0097 0.0025 0.0015 0.0014 
    Largest link dim during sweep 25/87 was 63
    Largest truncation error: 7.19571e-07
    Energy after sweep 25/87 is -40.029409283848
    Sweep 25/87 CPU time = 8.285s (Wall time = 1.067s)

    vN Entropy at center bond b=45 = 1.073363857405
    Eigs at center bond b=45: 0.6628 0.1951 0.0724 0.0340 0.0167 0.0097 0.0025 0.0015 0.0014 
    Largest link dim during sweep 26/87 was 63
    Largest truncation error: 7.19566e-07
    Energy after sweep 26/87 is -40.029409922312
    Sweep 26/87 CPU time = 8.338s (Wall time = 1.064s)

    vN Entropy at center bond b=45 = 1.073364392390
    Eigs at center bond b=45: 0.6628 0.1951 0.0724 0.0340 0.0167 0.0097 0.0025 0.0015 0.0014 
    Largest link dim during sweep 27/87 was 63
    Largest truncation error: 7.19604e-07
    Energy after sweep 27/87 is -40.029409963514
    Sweep 27/87 CPU time = 8.293s (Wall time = 1.064s)

    vN Entropy at center bond b=45 = 1.073364511986
    Eigs at center bond b=45: 0.6628 0.1951 0.0725 0.0340 0.0167 0.0097 0.0025 0.0015 0.0014 
    Largest link dim during sweep 28/87 was 63
    Largest truncation error: 7.19613e-07
    Energy after sweep 28/87 is -40.029409999633
    Sweep 28/87 CPU time = 8.333s (Wall time = 1.064s)

    vN Entropy at center bond b=45 = 1.073364800850
    Eigs at center bond b=45: 0.6628 0.1951 0.0725 0.0340 0.0167 0.0097 0.0025 0.0015 0.0014 
    Largest link dim during sweep 29/87 was 63
    Largest truncation error: 7.19621e-07
    Energy after sweep 29/87 is -40.029410033065
    Sweep 29/87 CPU time = 8.379s (Wall time = 1.074s)

    vN Entropy at center bond b=45 = 1.073365300018
    Eigs at center bond b=45: 0.6628 0.1951 0.0725 0.0340 0.0167 0.0097 0.0025 0.0015 0.0014 
    Largest link dim during sweep 30/87 was 63
    Largest truncation error: 7.19626e-07
    Energy after sweep 30/87 is -40.029410065263
    Sweep 30/87 CPU time = 8.306s (Wall time = 1.062s)

    vN Entropy at center bond b=45 = 1.073365971800
    Eigs at center bond b=45: 0.6628 0.1951 0.0725 0.0340 0.0167 0.0097 0.0025 0.0015 0.0014 
    Largest link dim during sweep 31/87 was 63
    Largest truncation error: 7.19631e-07
    Energy after sweep 31/87 is -40.029410097679
    Sweep 31/87 CPU time = 8.321s (Wall time = 1.064s)

    vN Entropy at center bond b=45 = 1.073366789837
    Eigs at center bond b=45: 0.6628 0.1951 0.0725 0.0340 0.0167 0.0097 0.0025 0.0015 0.0014 
    Largest link dim during sweep 32/87 was 63
    Largest truncation error: 7.19634e-07
    Energy after sweep 32/87 is -40.029410132146
    Sweep 32/87 CPU time = 8.324s (Wall time = 1.064s)

    vN Entropy at center bond b=45 = 1.073367774856
    Eigs at center bond b=45: 0.6628 0.1951 0.0725 0.0340 0.0167 0.0097 0.0025 0.0015 0.0014 
    Largest link dim during sweep 33/87 was 63
    Largest truncation error: 7.19637e-07
    Energy after sweep 33/87 is -40.029410171665
    Sweep 33/87 CPU time = 8.308s (Wall time = 1.064s)

    vN Entropy at center bond b=45 = 1.073369019874
    Eigs at center bond b=45: 0.6628 0.1951 0.0725 0.0340 0.0167 0.0097 0.0025 0.0015 0.0014 
    Largest link dim during sweep 34/87 was 63
    Largest truncation error: 7.1964e-07
    Energy after sweep 34/87 is -40.029410221957
    Sweep 34/87 CPU time = 8.301s (Wall time = 1.063s)

    vN Entropy at center bond b=45 = 1.073370708687
    Eigs at center bond b=45: 0.6628 0.1951 0.0725 0.0340 0.0167 0.0097 0.0025 0.0015 0.0014 
    Largest link dim during sweep 35/87 was 63
    Largest truncation error: 7.19645e-07
    Energy after sweep 35/87 is -40.029410292454
    Sweep 35/87 CPU time = 8.337s (Wall time = 1.075s)

    vN Entropy at center bond b=45 = 1.073372826704
    Eigs at center bond b=45: 0.6628 0.1951 0.0725 0.0340 0.0167 0.0097 0.0025 0.0015 0.0014 
    Largest link dim during sweep 36/87 was 63
    Largest truncation error: 7.19651e-07
    Energy after sweep 36/87 is -40.029410378836
    Sweep 36/87 CPU time = 8.338s (Wall time = 1.066s)

    vN Entropy at center bond b=45 = 1.080959607779
    Eigs at center bond b=45: 0.6608 0.1954 0.0731 0.0344 0.0167 0.0100 0.0026 0.0015 0.0015 
    Largest link dim during sweep 37/87 was 135
    Largest truncation error: 7.31749e-09
    Energy after sweep 37/87 is -40.029971855723
    Sweep 37/87 CPU time = 27.62s (Wall time = 3.586s)

    vN Entropy at center bond b=45 = 1.082765497675
    Eigs at center bond b=45: 0.6603 0.1954 0.0732 0.0345 0.0167 0.0101 0.0026 0.0015 0.0015 
    Largest link dim during sweep 38/87 was 149
    Largest truncation error: 7.26132e-09
    Energy after sweep 38/87 is -40.029978223248
    Sweep 38/87 CPU time = 50.34s (Wall time = 6.808s)

    vN Entropy at center bond b=45 = 1.082829691913
    Eigs at center bond b=45: 0.6603 0.1954 0.0732 0.0345 0.0167 0.0101 0.0026 0.0015 0.0015 
    Largest link dim during sweep 39/87 was 151
    Largest truncation error: 7.45057e-09
    Energy after sweep 39/87 is -40.029978534532
    Sweep 39/87 CPU time = 53.14s (Wall time = 7.132s)

    vN Entropy at center bond b=45 = 1.082836348710
    Eigs at center bond b=45: 0.6603 0.1954 0.0732 0.0345 0.0167 0.0101 0.0026 0.0015 0.0015 
    Largest link dim during sweep 40/87 was 151
    Largest truncation error: 7.46017e-09
    Energy after sweep 40/87 is -40.029978602066
    Sweep 40/87 CPU time = 52.68s (Wall time = 7.026s)

    vN Entropy at center bond b=45 = 1.082837006991
    Eigs at center bond b=45: 0.6603 0.1954 0.0732 0.0345 0.0167 0.0101 0.0026 0.0015 0.0015 
    Largest link dim during sweep 41/87 was 151
    Largest truncation error: 7.46303e-09
    Energy after sweep 41/87 is -40.029978605469
    Sweep 41/87 CPU time = 53.18s (Wall time = 7.165s)

    vN Entropy at center bond b=45 = 1.082837198145
    Eigs at center bond b=45: 0.6603 0.1954 0.0732 0.0345 0.0167 0.0101 0.0026 0.0015 0.0015 
    Largest link dim during sweep 42/87 was 151
    Largest truncation error: 7.4628e-09
    Energy after sweep 42/87 is -40.029978613601
    Sweep 42/87 CPU time = 52.65s (Wall time = 7.051s)

    vN Entropy at center bond b=45 = 1.082837231806
    Eigs at center bond b=45: 0.6603 0.1954 0.0732 0.0345 0.0167 0.0101 0.0026 0.0015 0.0015 
    Largest link dim during sweep 43/87 was 151
    Largest truncation error: 7.46286e-09
    Energy after sweep 43/87 is -40.029978613483
    Sweep 43/87 CPU time = 53.66s (Wall time = 7.244s)

    vN Entropy at center bond b=45 = 1.082837240632
    Eigs at center bond b=45: 0.6603 0.1954 0.0732 0.0345 0.0167 0.0101 0.0026 0.0015 0.0015 
    Largest link dim during sweep 44/87 was 151
    Largest truncation error: 7.46287e-09
    Energy after sweep 44/87 is -40.029978613410
    Sweep 44/87 CPU time = 53.08s (Wall time = 7.151s)

    vN Entropy at center bond b=45 = 1.082837243094
    Eigs at center bond b=45: 0.6603 0.1954 0.0732 0.0345 0.0167 0.0101 0.0026 0.0015 0.0015 
    Largest link dim during sweep 45/87 was 151
    Largest truncation error: 7.46291e-09
    Energy after sweep 45/87 is -40.029978613322
    Sweep 45/87 CPU time = 53.29s (Wall time = 7.193s)

    vN Entropy at center bond b=45 = 1.082837243848
    Eigs at center bond b=45: 0.6603 0.1954 0.0732 0.0345 0.0167 0.0101 0.0026 0.0015 0.0015 
    Largest link dim during sweep 46/87 was 151
    Largest truncation error: 7.46296e-09
    Energy after sweep 46/87 is -40.029978613107
    Sweep 46/87 CPU time = 53.72s (Wall time = 7.256s)

    vN Entropy at center bond b=45 = 1.082837243932
    Eigs at center bond b=45: 0.6603 0.1954 0.0732 0.0345 0.0167 0.0101 0.0026 0.0015 0.0015 
    Largest link dim during sweep 47/87 was 151
    Largest truncation error: 7.463e-09
    Energy after sweep 47/87 is -40.029978612842
    Sweep 47/87 CPU time = 53.72s (Wall time = 7.244s)

    vN Entropy at center bond b=45 = 1.082837243766
    Eigs at center bond b=45: 0.6603 0.1954 0.0732 0.0345 0.0167 0.0101 0.0026 0.0015 0.0015 
    Largest link dim during sweep 48/87 was 151
    Largest truncation error: 7.46303e-09
    Energy after sweep 48/87 is -40.029978612658
    Sweep 48/87 CPU time = 53.71s (Wall time = 7.271s)

    vN Entropy at center bond b=45 = 1.082837243727
    Eigs at center bond b=45: 0.6603 0.1954 0.0732 0.0345 0.0167 0.0101 0.0026 0.0015 0.0015 
    Largest link dim during sweep 49/87 was 151
    Largest truncation error: 7.46304e-09
    Energy after sweep 49/87 is -40.029978612546
    Sweep 49/87 CPU time = 52.69s (Wall time = 7.055s)

    vN Entropy at center bond b=45 = 1.082837243880
    Eigs at center bond b=45: 0.6603 0.1954 0.0732 0.0345 0.0167 0.0101 0.0026 0.0015 0.0015 
    Largest link dim during sweep 50/87 was 151
    Largest truncation error: 7.46305e-09
    Energy after sweep 50/87 is -40.029978612466
    Sweep 50/87 CPU time = 53.64s (Wall time = 7.256s)

    vN Entropy at center bond b=45 = 1.082837244233
    Eigs at center bond b=45: 0.6603 0.1954 0.0732 0.0345 0.0167 0.0101 0.0026 0.0015 0.0015 
    Largest link dim during sweep 51/87 was 151
    Largest truncation error: 7.46306e-09
    Energy after sweep 51/87 is -40.029978612400
    Sweep 51/87 CPU time = 53.50s (Wall time = 7.239s)

    vN Entropy at center bond b=45 = 1.082837244756
    Eigs at center bond b=45: 0.6603 0.1954 0.0732 0.0345 0.0167 0.0101 0.0026 0.0015 0.0015 
    Largest link dim during sweep 52/87 was 151
    Largest truncation error: 7.46307e-09
    Energy after sweep 52/87 is -40.029978612348
    Sweep 52/87 CPU time = 53.68s (Wall time = 7.228s)

    vN Entropy at center bond b=45 = 1.082837245375
    Eigs at center bond b=45: 0.6603 0.1954 0.0732 0.0345 0.0167 0.0101 0.0026 0.0015 0.0015 
    Largest link dim during sweep 53/87 was 151
    Largest truncation error: 7.46307e-09
    Energy after sweep 53/87 is -40.029978612315
    Sweep 53/87 CPU time = 53.54s (Wall time = 7.217s)

    vN Entropy at center bond b=45 = 1.082837246032
    Eigs at center bond b=45: 0.6603 0.1954 0.0732 0.0345 0.0167 0.0101 0.0026 0.0015 0.0015 
    Largest link dim during sweep 54/87 was 151
    Largest truncation error: 7.46307e-09
    Energy after sweep 54/87 is -40.029978612293
    Sweep 54/87 CPU time = 53.84s (Wall time = 7.255s)

    vN Entropy at center bond b=45 = 1.082837246757
    Eigs at center bond b=45: 0.6603 0.1954 0.0732 0.0345 0.0167 0.0101 0.0026 0.0015 0.0015 
    Largest link dim during sweep 55/87 was 151
    Largest truncation error: 7.46306e-09
    Energy after sweep 55/87 is -40.029978612275
    Sweep 55/87 CPU time = 53.37s (Wall time = 7.153s)

    vN Entropy at center bond b=45 = 1.082837300534
    Eigs at center bond b=45: 0.6603 0.1954 0.0732 0.0345 0.0167 0.0101 0.0026 0.0015 0.0015 
    Largest link dim during sweep 56/87 was 151
    Largest truncation error: 7.4647e-09
    Energy after sweep 56/87 is -40.029978619284
    Sweep 56/87 CPU time = 53.33s (Wall time = 7.144s)

    vN Entropy at center bond b=45 = 1.082837308496
    Eigs at center bond b=45: 0.6603 0.1954 0.0732 0.0345 0.0167 0.0101 0.0026 0.0015 0.0015 
    Largest link dim during sweep 57/87 was 151
    Largest truncation error: 7.46465e-09
    Energy after sweep 57/87 is -40.029978619415
    Sweep 57/87 CPU time = 53.41s (Wall time = 7.196s)

    vN Entropy at center bond b=45 = 1.082837310113
    Eigs at center bond b=45: 0.6603 0.1954 0.0732 0.0345 0.0167 0.0101 0.0026 0.0015 0.0015 
    Largest link dim during sweep 58/87 was 151
    Largest truncation error: 7.46465e-09
    Energy after sweep 58/87 is -40.029978619441
    Sweep 58/87 CPU time = 53.95s (Wall time = 7.278s)

    vN Entropy at center bond b=45 = 1.082976996337
    Eigs at center bond b=45: 0.6603 0.1955 0.0732 0.0345 0.0167 0.0101 0.0026 0.0015 0.0015 
    Largest link dim during sweep 59/87 was 298
    Largest truncation error: 7.52999e-11
    Energy after sweep 59/87 is -40.029984605635
    Sweep 59/87 CPU time = 2m, 34.8s (Wall time = 20.84s)

    vN Entropy at center bond b=45 = 1.082994219031
    Eigs at center bond b=45: 0.6603 0.1955 0.0732 0.0345 0.0167 0.0101 0.0026 0.0015 0.0015 
    Largest link dim during sweep 60/87 was 315
    Largest truncation error: 7.53867e-11
    Energy after sweep 60/87 is -40.029984638153
    Sweep 60/87 CPU time = 4m, 26.4s (Wall time = 34.61s)

    vN Entropy at center bond b=45 = 1.082994613080
    Eigs at center bond b=45: 0.6603 0.1955 0.0732 0.0345 0.0167 0.0101 0.0026 0.0015 0.0015 
    Largest link dim during sweep 61/87 was 316
    Largest truncation error: 7.53871e-11
    Energy after sweep 61/87 is -40.029984639399
    Sweep 61/87 CPU time = 4m, 30.1s (Wall time = 35.86s)

    vN Entropy at center bond b=45 = 1.082994642374
    Eigs at center bond b=45: 0.6603 0.1955 0.0732 0.0345 0.0167 0.0101 0.0026 0.0015 0.0015 
    Largest link dim during sweep 62/87 was 316
    Largest truncation error: 7.53872e-11
    Energy after sweep 62/87 is -40.029984639602
    Sweep 62/87 CPU time = 4m, 26.7s (Wall time = 35.84s)

    vN Entropy at center bond b=45 = 1.082994646129
    Eigs at center bond b=45: 0.6603 0.1955 0.0732 0.0345 0.0167 0.0101 0.0026 0.0015 0.0015 
    Largest link dim during sweep 63/87 was 316
    Largest truncation error: 7.53874e-11
    Energy after sweep 63/87 is -40.029984639597
    Sweep 63/87 CPU time = 4m, 29.6s (Wall time = 36.22s)

    vN Entropy at center bond b=45 = 1.082994648849
    Eigs at center bond b=45: 0.6603 0.1955 0.0732 0.0345 0.0167 0.0101 0.0026 0.0015 0.0015 
    Largest link dim during sweep 64/87 was 316
    Largest truncation error: 7.5387e-11
    Energy after sweep 64/87 is -40.029984639597
    Sweep 64/87 CPU time = 4m, 29.1s (Wall time = 36.16s)

    vN Entropy at center bond b=45 = 1.082994649017
    Eigs at center bond b=45: 0.6603 0.1955 0.0732 0.0345 0.0167 0.0101 0.0026 0.0015 0.0015 
    Largest link dim during sweep 65/87 was 316
    Largest truncation error: 7.5387e-11
    Energy after sweep 65/87 is -40.029984639598
    Sweep 65/87 CPU time = 4m, 28.5s (Wall time = 36.04s)

    vN Entropy at center bond b=45 = 1.082994649075
    Eigs at center bond b=45: 0.6603 0.1955 0.0732 0.0345 0.0167 0.0101 0.0026 0.0015 0.0015 
    Largest link dim during sweep 66/87 was 316
    Largest truncation error: 7.53871e-11
    Energy after sweep 66/87 is -40.029984639598
    Sweep 66/87 CPU time = 4m, 28.3s (Wall time = 35.37s)

    vN Entropy at center bond b=45 = 1.082994649108
    Eigs at center bond b=45: 0.6603 0.1955 0.0732 0.0345 0.0167 0.0101 0.0026 0.0015 0.0015 
    Largest link dim during sweep 67/87 was 316
    Largest truncation error: 7.53871e-11
    Energy after sweep 67/87 is -40.029984639598
    Sweep 67/87 CPU time = 4m, 29.7s (Wall time = 36.15s)

    vN Entropy at center bond b=45 = 1.082994649133
    Eigs at center bond b=45: 0.6603 0.1955 0.0732 0.0345 0.0167 0.0101 0.0026 0.0015 0.0015 
    Largest link dim during sweep 68/87 was 316
    Largest truncation error: 7.53871e-11
    Energy after sweep 68/87 is -40.029984639599
    Sweep 68/87 CPU time = 4m, 28.9s (Wall time = 36.10s)

    vN Entropy at center bond b=45 = 1.082994649155
    Eigs at center bond b=45: 0.6603 0.1955 0.0732 0.0345 0.0167 0.0101 0.0026 0.0015 0.0015 
    Largest link dim during sweep 69/87 was 316
    Largest truncation error: 7.5387e-11
    Energy after sweep 69/87 is -40.029984639599
    Sweep 69/87 CPU time = 4m, 28.9s (Wall time = 36.09s)

    vN Entropy at center bond b=45 = 1.082994649176
    Eigs at center bond b=45: 0.6603 0.1955 0.0732 0.0345 0.0167 0.0101 0.0026 0.0015 0.0015 
    Largest link dim during sweep 70/87 was 316
    Largest truncation error: 7.53871e-11
    Energy after sweep 70/87 is -40.029984639599
    Sweep 70/87 CPU time = 4m, 29.8s (Wall time = 36.19s)

    vN Entropy at center bond b=45 = 1.082994649197
    Eigs at center bond b=45: 0.6603 0.1955 0.0732 0.0345 0.0167 0.0101 0.0026 0.0015 0.0015 
    Largest link dim during sweep 71/87 was 316
    Largest truncation error: 7.5387e-11
    Energy after sweep 71/87 is -40.029984639599
    Sweep 71/87 CPU time = 4m, 29.0s (Wall time = 36.18s)

    vN Entropy at center bond b=45 = 1.082994649217
    Eigs at center bond b=45: 0.6603 0.1955 0.0732 0.0345 0.0167 0.0101 0.0026 0.0015 0.0015 
    Largest link dim during sweep 72/87 was 316
    Largest truncation error: 7.5387e-11
    Energy after sweep 72/87 is -40.029984639599
    Sweep 72/87 CPU time = 4m, 29.3s (Wall time = 36.17s)

    vN Entropy at center bond b=45 = 1.082994649235
    Eigs at center bond b=45: 0.6603 0.1955 0.0732 0.0345 0.0167 0.0101 0.0026 0.0015 0.0015 
    Largest link dim during sweep 73/87 was 316
    Largest truncation error: 7.53873e-11
    Energy after sweep 73/87 is -40.029984639599
    Sweep 73/87 CPU time = 4m, 28.9s (Wall time = 36.12s)

    vN Entropy at center bond b=45 = 1.082994649252
    Eigs at center bond b=45: 0.6603 0.1955 0.0732 0.0345 0.0167 0.0101 0.0026 0.0015 0.0015 
    Largest link dim during sweep 74/87 was 316
    Largest truncation error: 7.53872e-11
    Energy after sweep 74/87 is -40.029984639599
    Sweep 74/87 CPU time = 4m, 28.5s (Wall time = 36.07s)

    vN Entropy at center bond b=45 = 1.082995846777
    Eigs at center bond b=45: 0.6603 0.1955 0.0732 0.0345 0.0167 0.0101 0.0026 0.0015 0.0015 
    Largest link dim during sweep 75/87 was 579
    Largest truncation error: 7.43765e-13
    Energy after sweep 75/87 is -40.029984705928
    Sweep 75/87 CPU time = 9m, 30.8s (Wall time = 1m, 17.6s)

    vN Entropy at center bond b=45 = 1.082996272219
    Eigs at center bond b=45: 0.6603 0.1955 0.0732 0.0345 0.0167 0.0101 0.0026 0.0015 0.0015 
    Largest link dim during sweep 76/87 was 595
    Largest truncation error: 7.45851e-13
    Energy after sweep 76/87 is -40.029984706155
    Sweep 76/87 CPU time = 14m, 3s (Wall time = 1m, 52.9s)

    vN Entropy at center bond b=45 = 1.082996289814
    Eigs at center bond b=45: 0.6603 0.1955 0.0732 0.0345 0.0167 0.0101 0.0026 0.0015 0.0015 
    Largest link dim during sweep 77/87 was 596
    Largest truncation error: 7.47931e-13
    Energy after sweep 77/87 is -40.029984706163
    Sweep 77/87 CPU time = 14m, 13s (Wall time = 1m, 54.5s)

    vN Entropy at center bond b=45 = 1.082996291179
    Eigs at center bond b=45: 0.6603 0.1955 0.0732 0.0345 0.0167 0.0101 0.0026 0.0015 0.0015 
    Largest link dim during sweep 78/87 was 596
    Largest truncation error: 7.48197e-13
    Energy after sweep 78/87 is -40.029984706164
    Sweep 78/87 CPU time = 14m, 17s (Wall time = 1m, 55.1s)

    vN Entropy at center bond b=45 = 1.082996291390
    Eigs at center bond b=45: 0.6603 0.1955 0.0732 0.0345 0.0167 0.0101 0.0026 0.0015 0.0015 
    Largest link dim during sweep 79/87 was 596
    Largest truncation error: 7.48436e-13
    Energy after sweep 79/87 is -40.029984706164
    Sweep 79/87 CPU time = 14m, 18s (Wall time = 1m, 55.9s)

    vN Entropy at center bond b=45 = 1.082996291418
    Eigs at center bond b=45: 0.6603 0.1955 0.0732 0.0345 0.0167 0.0101 0.0026 0.0015 0.0015 
    Largest link dim during sweep 80/87 was 596
    Largest truncation error: 7.48219e-13
    Energy after sweep 80/87 is -40.029984706164
    Sweep 80/87 CPU time = 14m, 17s (Wall time = 1m, 55.6s)

    vN Entropy at center bond b=45 = 1.082996291420
    Eigs at center bond b=45: 0.6603 0.1955 0.0732 0.0345 0.0167 0.0101 0.0026 0.0015 0.0015 
    Largest link dim during sweep 81/87 was 596
    Largest truncation error: 7.48285e-13
    Energy after sweep 81/87 is -40.029984706165
    Sweep 81/87 CPU time = 14m, 18s (Wall time = 1m, 55.6s)

    vN Entropy at center bond b=45 = 1.082996291421
    Eigs at center bond b=45: 0.6603 0.1955 0.0732 0.0345 0.0167 0.0101 0.0026 0.0015 0.0015 
    Largest link dim during sweep 82/87 was 596
    Largest truncation error: 7.48312e-13
    Energy after sweep 82/87 is -40.029984706164
    Sweep 82/87 CPU time = 14m, 18s (Wall time = 1m, 56.0s)

    vN Entropy at center bond b=45 = 1.082996196406
    Eigs at center bond b=45: 0.6603 0.1955 0.0732 0.0345 0.0167 0.0101 0.0026 0.0015 0.0015 
    Largest link dim during sweep 83/87 was 557
    Largest truncation error: 7.51674e-13
    Energy after sweep 83/87 is -40.029984705930
    Sweep 83/87 CPU time = 10m, 33s (Wall time = 1m, 24.8s)

    vN Entropy at center bond b=45 = 1.082996227080
    Eigs at center bond b=45: 0.6603 0.1955 0.0732 0.0345 0.0167 0.0101 0.0026 0.0015 0.0015 
    Largest link dim during sweep 84/87 was 985
    Largest truncation error: 7.31582e-15
    Energy after sweep 84/87 is -40.029984706931
    Sweep 84/87 CPU time = 27m, 36s (Wall time = 3m, 41.2s)

    vN Entropy at center bond b=45 = 1.082996234759
    Eigs at center bond b=45: 0.6603 0.1955 0.0732 0.0345 0.0167 0.0101 0.0026 0.0015 0.0015 
    Largest link dim during sweep 85/87 was 1011
    Largest truncation error: 7.41788e-15
    Energy after sweep 85/87 is -40.029984706934
    Sweep 85/87 CPU time = 43m, 1s (Wall time = 6m, 1.2s)

    vN Entropy at center bond b=45 = 1.082996235086
    Eigs at center bond b=45: 0.6603 0.1955 0.0732 0.0345 0.0167 0.0101 0.0026 0.0015 0.0015 
    Largest link dim during sweep 86/87 was 1011
    Largest truncation error: 7.37143e-15
    Energy after sweep 86/87 is -40.029984706935
    Sweep 86/87 CPU time = 43m, 0s (Wall time = 6m, 1.1s)

    vN Entropy at center bond b=45 = 1.082996235110
    Eigs at center bond b=45: 0.6603 0.1955 0.0732 0.0345 0.0167 0.0101 0.0026 0.0015 0.0015 
    Largest link dim during sweep 87/87 was 1012
    Largest truncation error: 7.37463e-15
    Energy after sweep 87/87 is -40.029984706935
    Sweep 87/87 CPU time = 43m, 3s (Wall time = 6m, 0.3s)
Initial energy = 261.00000

Ground State Energy = -40.0299847069
run_outputs/outputpsi/N_90_sweep_87_t_0.030000_J_1.000000_V_0.600000_D_0.018000_U_3.000000_mu_0.000000_E_0.000000 converge
Wall-clock time (s) = 4884.423437
