//////////////////////////
Reading input file ......

Got input.N = 300
Got input.t = 0.03
Got input.J = 1
Got input.V = 0.6
Got input.D = 0.018
Got input.U = 5
Got input.mu = 0
Got input.E = 0.2
Got input.nsweeps = 87
Sweeps:
1  MaxDim=20, MinDim=20, Cutoff=1.0E-06, Niter=8, Noise=1.0E-05
2  MaxDim=20, MinDim=20, Cutoff=1.0E-06, Niter=8, Noise=1.0E-05
3  MaxDim=20, MinDim=20, Cutoff=1.0E-06, Niter=8, Noise=1.0E-05
4  MaxDim=20, MinDim=20, Cutoff=1.0E-06, Niter=8, Noise=1.0E-05
5  MaxDim=20, MinDim=20, Cutoff=1.0E-06, Niter=8, Noise=1.0E-05
6  MaxDim=20, MinDim=20, Cutoff=1.0E-06, Niter=8, Noise=1.0E-05
7  MaxDim=20, MinDim=20, Cutoff=1.0E-06, Niter=8, Noise=1.0E-05
8  MaxDim=40, MinDim=20, Cutoff=1.0E-06, Niter=4, Noise=1.0E-05
9  MaxDim=40, MinDim=20, Cutoff=1.0E-06, Niter=4, Noise=1.0E-05
10  MaxDim=40, MinDim=20, Cutoff=1.0E-06, Niter=4, Noise=1.0E-05
11  MaxDim=40, MinDim=20, Cutoff=1.0E-06, Niter=4, Noise=1.0E-05
12  MaxDim=40, MinDim=20, Cutoff=1.0E-06, Niter=4, Noise=1.0E-05
13  MaxDim=40, MinDim=20, Cutoff=1.0E-06, Niter=4, Noise=1.0E-05
14  MaxDim=40, MinDim=20, Cutoff=1.0E-06, Niter=4, Noise=1.0E-05
15  MaxDim=80, MinDim=10, Cutoff=1.0E-06, Niter=4, Noise=1.0E-05
16  MaxDim=80, MinDim=10, Cutoff=1.0E-06, Niter=4, Noise=1.0E-05
17  MaxDim=80, MinDim=10, Cutoff=1.0E-06, Niter=4, Noise=1.0E-05
18  MaxDim=80, MinDim=10, Cutoff=1.0E-06, Niter=4, Noise=1.0E-05
19  MaxDim=80, MinDim=10, Cutoff=1.0E-06, Niter=4, Noise=1.0E-05
20  MaxDim=80, MinDim=10, Cutoff=1.0E-06, Niter=4, Noise=1.0E-05
21  MaxDim=80, MinDim=10, Cutoff=1.0E-06, Niter=4, Noise=1.0E-05
22  MaxDim=80, MinDim=10, Cutoff=1.0E-06, Niter=4, Noise=1.0E-05
23  MaxDim=80, MinDim=10, Cutoff=1.0E-06, Niter=4, Noise=1.0E-05
24  MaxDim=80, MinDim=10, Cutoff=1.0E-06, Niter=4, Noise=1.0E-05
25  MaxDim=80, MinDim=10, Cutoff=1.0E-06, Niter=4, Noise=1.0E-05
26  MaxDim=80, MinDim=10, Cutoff=1.0E-06, Niter=4, Noise=1.0E-05
27  MaxDim=80, MinDim=10, Cutoff=1.0E-06, Niter=4, Noise=1.0E-05
28  MaxDim=80, MinDim=10, Cutoff=1.0E-06, Niter=4, Noise=1.0E-05
29  MaxDim=80, MinDim=10, Cutoff=1.0E-06, Niter=4, Noise=1.0E-05
30  MaxDim=80, MinDim=10, Cutoff=1.0E-06, Niter=4, Noise=1.0E-05
31  MaxDim=80, MinDim=10, Cutoff=1.0E-06, Niter=4, Noise=1.0E-05
32  MaxDim=80, MinDim=10, Cutoff=1.0E-06, Niter=4, Noise=1.0E-05
33  MaxDim=80, MinDim=10, Cutoff=1.0E-06, Niter=4, Noise=1.0E-05
34  MaxDim=80, MinDim=10, Cutoff=1.0E-06, Niter=4, Noise=1.0E-05
35  MaxDim=80, MinDim=10, Cutoff=1.0E-06, Niter=4, Noise=1.0E-05
36  MaxDim=80, MinDim=10, Cutoff=1.0E-06, Niter=4, Noise=1.0E-05
37  MaxDim=160, MinDim=10, Cutoff=1.0E-08, Niter=4, Noise=1.0E-06
38  MaxDim=160, MinDim=10, Cutoff=1.0E-08, Niter=4, Noise=1.0E-06
39  MaxDim=160, MinDim=10, Cutoff=1.0E-08, Niter=4, Noise=1.0E-06
40  MaxDim=160, MinDim=10, Cutoff=1.0E-08, Niter=4, Noise=1.0E-06
41  MaxDim=160, MinDim=10, Cutoff=1.0E-08, Niter=4, Noise=1.0E-06
42  MaxDim=160, MinDim=10, Cutoff=1.0E-08, Niter=4, Noise=1.0E-06
43  MaxDim=160, MinDim=10, Cutoff=1.0E-08, Niter=4, Noise=1.0E-06
44  MaxDim=160, MinDim=10, Cutoff=1.0E-08, Niter=4, Noise=1.0E-06
45  MaxDim=160, MinDim=10, Cutoff=1.0E-08, Niter=4, Noise=1.0E-06
46  MaxDim=160, MinDim=10, Cutoff=1.0E-08, Niter=4, Noise=1.0E-06
47  MaxDim=160, MinDim=10, Cutoff=1.0E-08, Niter=4, Noise=1.0E-06
48  MaxDim=160, MinDim=10, Cutoff=1.0E-08, Niter=4, Noise=1.0E-06
49  MaxDim=160, MinDim=10, Cutoff=1.0E-08, Niter=4, Noise=1.0E-06
50  MaxDim=160, MinDim=10, Cutoff=1.0E-08, Niter=4, Noise=1.0E-06
51  MaxDim=160, MinDim=10, Cutoff=1.0E-08, Niter=4, Noise=1.0E-06
52  MaxDim=160, MinDim=10, Cutoff=1.0E-08, Niter=4, Noise=1.0E-06
53  MaxDim=160, MinDim=10, Cutoff=1.0E-08, Niter=4, Noise=1.0E-06
54  MaxDim=160, MinDim=10, Cutoff=1.0E-08, Niter=4, Noise=1.0E-06
55  MaxDim=160, MinDim=10, Cutoff=1.0E-08, Niter=4, Noise=1.0E-06
56  MaxDim=160, MinDim=10, Cutoff=1.0E-08, Niter=4, Noise=1.0E-06
57  MaxDim=160, MinDim=10, Cutoff=1.0E-08, Niter=4, Noise=1.0E-06
58  MaxDim=160, MinDim=10, Cutoff=1.0E-08, Niter=4, Noise=1.0E-06
59  MaxDim=320, MinDim=10, Cutoff=1.0E-10, Niter=4, Noise=1.0E-07
60  MaxDim=320, MinDim=10, Cutoff=1.0E-10, Niter=4, Noise=1.0E-07
61  MaxDim=320, MinDim=10, Cutoff=1.0E-10, Niter=4, Noise=1.0E-07
62  MaxDim=320, MinDim=10, Cutoff=1.0E-10, Niter=4, Noise=1.0E-07
63  MaxDim=320, MinDim=10, Cutoff=1.0E-10, Niter=4, Noise=1.0E-07
64  MaxDim=320, MinDim=10, Cutoff=1.0E-10, Niter=4, Noise=1.0E-07
65  MaxDim=320, MinDim=10, Cutoff=1.0E-10, Niter=4, Noise=1.0E-07
66  MaxDim=320, MinDim=10, Cutoff=1.0E-10, Niter=4, Noise=1.0E-07
67  MaxDim=320, MinDim=10, Cutoff=1.0E-10, Niter=4, Noise=1.0E-07
68  MaxDim=320, MinDim=10, Cutoff=1.0E-10, Niter=4, Noise=1.0E-07
69  MaxDim=320, MinDim=10, Cutoff=1.0E-10, Niter=4, Noise=1.0E-07
70  MaxDim=320, MinDim=10, Cutoff=1.0E-10, Niter=4, Noise=1.0E-07
71  MaxDim=320, MinDim=10, Cutoff=1.0E-10, Niter=4, Noise=1.0E-07
72  MaxDim=320, MinDim=10, Cutoff=1.0E-10, Niter=4, Noise=1.0E-07
73  MaxDim=320, MinDim=10, Cutoff=1.0E-10, Niter=4, Noise=1.0E-07
74  MaxDim=320, MinDim=10, Cutoff=1.0E-10, Niter=4, Noise=1.0E-07
75  MaxDim=640, MinDim=10, Cutoff=1.0E-12, Niter=2, Noise=1.0E-08
76  MaxDim=640, MinDim=10, Cutoff=1.0E-12, Niter=2, Noise=1.0E-08
77  MaxDim=640, MinDim=10, Cutoff=1.0E-12, Niter=2, Noise=1.0E-08
78  MaxDim=640, MinDim=10, Cutoff=1.0E-12, Niter=2, Noise=1.0E-08
79  MaxDim=640, MinDim=10, Cutoff=1.0E-12, Niter=2, Noise=1.0E-08
80  MaxDim=640, MinDim=10, Cutoff=1.0E-12, Niter=2, Noise=1.0E-08
81  MaxDim=640, MinDim=10, Cutoff=1.0E-12, Niter=2, Noise=1.0E-08
82  MaxDim=640, MinDim=10, Cutoff=1.0E-12, Niter=2, Noise=1.0E-08
83  MaxDim=1280, MinDim=10, Cutoff=1.0E-12, Niter=2, Noise=0.0E+00
84  MaxDim=1280, MinDim=10, Cutoff=1.0E-14, Niter=2, Noise=0.0E+00
85  MaxDim=1280, MinDim=10, Cutoff=1.0E-14, Niter=2, Noise=0.0E+00
86  MaxDim=1280, MinDim=10, Cutoff=1.0E-14, Niter=2, Noise=0.0E+00
87  MaxDim=1280, MinDim=10, Cutoff=1.0E-14, Niter=2, Noise=0.0E+00


    vN Entropy at center bond b=150 = 0.600432966182
    Eigs at center bond b=150: 0.8261 0.1325 0.0248 0.0118 0.0033 
    Largest link dim during sweep 1/87 was 20
    Largest truncation error: 3.29495e-06
    Energy after sweep 1/87 is -122.786324947310
    Sweep 1/87 CPU time = 10.57s (Wall time = 1.372s)

    vN Entropy at center bond b=150 = 0.765773852945
    Eigs at center bond b=150: 0.7673 0.1683 0.0322 0.0186 0.0065 0.0037 0.0015 
    Largest link dim during sweep 2/87 was 20
    Largest truncation error: 1.03988e-05
    Energy after sweep 2/87 is -122.899246799009
    Sweep 2/87 CPU time = 14.49s (Wall time = 1.860s)

    vN Entropy at center bond b=150 = 0.789203092195
    Eigs at center bond b=150: 0.7593 0.1721 0.0343 0.0189 0.0072 0.0043 0.0017 
    Largest link dim during sweep 3/87 was 20
    Largest truncation error: 1.2449e-05
    Energy after sweep 3/87 is -122.901689610499
    Sweep 3/87 CPU time = 14.50s (Wall time = 1.859s)

    vN Entropy at center bond b=150 = 0.793367133241
    Eigs at center bond b=150: 0.7582 0.1722 0.0349 0.0190 0.0073 0.0044 0.0017 
    Largest link dim during sweep 4/87 was 20
    Largest truncation error: 1.44468e-05
    Energy after sweep 4/87 is -122.902409366957
    Sweep 4/87 CPU time = 14.45s (Wall time = 1.861s)

    vN Entropy at center bond b=150 = 0.795065787192
    Eigs at center bond b=150: 0.7578 0.1722 0.0351 0.0191 0.0074 0.0045 0.0018 
    Largest link dim during sweep 5/87 was 20
    Largest truncation error: 1.49013e-05
    Energy after sweep 5/87 is -122.902729851159
    Sweep 5/87 CPU time = 14.49s (Wall time = 1.863s)

    vN Entropy at center bond b=150 = 0.795786234176
    Eigs at center bond b=150: 0.7577 0.1721 0.0353 0.0191 0.0074 0.0045 0.0018 
    Largest link dim during sweep 6/87 was 20
    Largest truncation error: 1.46727e-05
    Energy after sweep 6/87 is -122.902837506963
    Sweep 6/87 CPU time = 14.53s (Wall time = 1.866s)

    vN Entropy at center bond b=150 = 0.796016181793
    Eigs at center bond b=150: 0.7576 0.1720 0.0353 0.0191 0.0074 0.0045 0.0018 
    Largest link dim during sweep 7/87 was 20
    Largest truncation error: 1.45326e-05
    Energy after sweep 7/87 is -122.902883316323
    Sweep 7/87 CPU time = 12.99s (Wall time = 1.665s)

    vN Entropy at center bond b=150 = 0.841968749767
    Eigs at center bond b=150: 0.7442 0.1759 0.0399 0.0197 0.0090 0.0058 0.0022 0.0011 
    Largest link dim during sweep 8/87 was 40
    Largest truncation error: 1.08422e-06
    Energy after sweep 8/87 is -122.938678819556
    Sweep 8/87 CPU time = 14.17s (Wall time = 1.825s)

    vN Entropy at center bond b=150 = 0.901960694811
    Eigs at center bond b=150: 0.7276 0.1775 0.0480 0.0203 0.0117 0.0075 0.0027 0.0015 0.0011 
    Largest link dim during sweep 9/87 was 40
    Largest truncation error: 2.4429e-06
    Energy after sweep 9/87 is -122.942651453144
    Sweep 9/87 CPU time = 19.95s (Wall time = 2.562s)

    vN Entropy at center bond b=150 = 0.924007201252
    Eigs at center bond b=150: 0.7226 0.1753 0.0525 0.0206 0.0131 0.0079 0.0029 0.0015 0.0012 
    Largest link dim during sweep 10/87 was 40
    Largest truncation error: 2.74502e-06
    Energy after sweep 10/87 is -122.943064352685
    Sweep 10/87 CPU time = 19.45s (Wall time = 2.493s)

    vN Entropy at center bond b=150 = 0.932776155913
    Eigs at center bond b=150: 0.7209 0.1735 0.0548 0.0208 0.0138 0.0079 0.0029 0.0015 0.0013 
    Largest link dim during sweep 11/87 was 40
    Largest truncation error: 2.85524e-06
    Energy after sweep 11/87 is -122.943161908464
    Sweep 11/87 CPU time = 19.49s (Wall time = 2.504s)

    vN Entropy at center bond b=150 = 0.937136105808
    Eigs at center bond b=150: 0.7202 0.1723 0.0561 0.0209 0.0142 0.0080 0.0030 0.0015 0.0013 
    Largest link dim during sweep 12/87 was 40
    Largest truncation error: 2.9135e-06
    Energy after sweep 12/87 is -122.943196232947
    Sweep 12/87 CPU time = 20.11s (Wall time = 2.576s)

    vN Entropy at center bond b=150 = 0.939645454787
    Eigs at center bond b=150: 0.7197 0.1715 0.0569 0.0210 0.0145 0.0080 0.0030 0.0015 0.0014 
    Largest link dim during sweep 13/87 was 40
    Largest truncation error: 2.94727e-06
    Energy after sweep 13/87 is -122.943211377149
    Sweep 13/87 CPU time = 22.38s (Wall time = 2.869s)

    vN Entropy at center bond b=150 = 0.941183676271
    Eigs at center bond b=150: 0.7195 0.1711 0.0574 0.0211 0.0146 0.0080 0.0030 0.0015 0.0014 
    Largest link dim during sweep 14/87 was 40
    Largest truncation error: 2.96743e-06
    Energy after sweep 14/87 is -122.943219445832
    Sweep 14/87 CPU time = 22.25s (Wall time = 2.867s)

    vN Entropy at center bond b=150 = 0.968669055292
    Eigs at center bond b=150: 0.7119 0.1706 0.0620 0.0215 0.0161 0.0086 0.0032 0.0018 0.0015 0.0011 
    Largest link dim during sweep 15/87 was 58
    Largest truncation error: 7.23078e-07
    Energy after sweep 15/87 is -122.948020972434
    Sweep 15/87 CPU time = 33.35s (Wall time = 4.282s)

    vN Entropy at center bond b=150 = 1.011843707852
    Eigs at center bond b=150: 0.7000 0.1683 0.0703 0.0230 0.0180 0.0094 0.0035 0.0023 0.0016 0.0012 
    Largest link dim during sweep 16/87 was 63
    Largest truncation error: 7.43815e-07
    Energy after sweep 16/87 is -122.949319271880
    Sweep 16/87 CPU time = 41.61s (Wall time = 5.369s)

    vN Entropy at center bond b=150 = 1.048640856369
    Eigs at center bond b=150: 0.6896 0.1654 0.0780 0.0257 0.0190 0.0100 0.0037 0.0027 0.0016 0.0012 
    Largest link dim during sweep 17/87 was 67
    Largest truncation error: 7.48414e-07
    Energy after sweep 17/87 is -122.949996579121
    Sweep 17/87 CPU time = 48.80s (Wall time = 6.255s)

    vN Entropy at center bond b=150 = 1.079391737017
    Eigs at center bond b=150: 0.6803 0.1630 0.0846 0.0290 0.0193 0.0105 0.0040 0.0029 0.0016 0.0013 
    Largest link dim during sweep 18/87 was 68
    Largest truncation error: 7.55146e-07
    Energy after sweep 18/87 is -122.950442325649
    Sweep 18/87 CPU time = 53.45s (Wall time = 6.868s)

    vN Entropy at center bond b=150 = 1.106651454104
    Eigs at center bond b=150: 0.6715 0.1615 0.0901 0.0325 0.0195 0.0108 0.0042 0.0030 0.0015 0.0013 
    Largest link dim during sweep 19/87 was 70
    Largest truncation error: 7.59945e-07
    Energy after sweep 19/87 is -122.950789575527
    Sweep 19/87 CPU time = 59.80s (Wall time = 7.710s)

    vN Entropy at center bond b=150 = 1.131192326074
    Eigs at center bond b=150: 0.6631 0.1611 0.0940 0.0363 0.0195 0.0111 0.0044 0.0031 0.0015 0.0013 
    Largest link dim during sweep 20/87 was 72
    Largest truncation error: 7.64947e-07
    Energy after sweep 20/87 is -122.951065782614
    Sweep 20/87 CPU time = 1m, 3.4s (Wall time = 8.128s)

    vN Entropy at center bond b=150 = 1.151836147010
    Eigs at center bond b=150: 0.6556 0.1619 0.0964 0.0399 0.0195 0.0113 0.0047 0.0031 0.0014 0.0013 
    Largest link dim during sweep 21/87 was 73
    Largest truncation error: 7.69636e-07
    Energy after sweep 21/87 is -122.951283785328
    Sweep 21/87 CPU time = 1m, 8.2s (Wall time = 8.756s)

    vN Entropy at center bond b=150 = 1.168380728699
    Eigs at center bond b=150: 0.6492 0.1636 0.0972 0.0431 0.0195 0.0114 0.0049 0.0031 0.0014 0.0013 
    Largest link dim during sweep 22/87 was 74
    Largest truncation error: 7.73122e-07
    Energy after sweep 22/87 is -122.951446477108
    Sweep 22/87 CPU time = 1m, 13.0s (Wall time = 9.408s)

    vN Entropy at center bond b=150 = 1.180889077597
    Eigs at center bond b=150: 0.6442 0.1654 0.0972 0.0458 0.0195 0.0116 0.0050 0.0031 0.0014 0.0014 
    Largest link dim during sweep 23/87 was 75
    Largest truncation error: 7.06712e-07
    Energy after sweep 23/87 is -122.951567856513
    Sweep 23/87 CPU time = 1m, 13.0s (Wall time = 9.367s)

    vN Entropy at center bond b=150 = 1.190198030659
    Eigs at center bond b=150: 0.6404 0.1671 0.0968 0.0480 0.0194 0.0116 0.0051 0.0030 0.0015 0.0014 
    Largest link dim during sweep 24/87 was 76
    Largest truncation error: 7.06176e-07
    Energy after sweep 24/87 is -122.951669130696
    Sweep 24/87 CPU time = 1m, 16.1s (Wall time = 9.765s)

    vN Entropy at center bond b=150 = 1.196803133139
    Eigs at center bond b=150: 0.6376 0.1685 0.0963 0.0496 0.0194 0.0117 0.0052 0.0030 0.0015 0.0014 
    Largest link dim during sweep 25/87 was 76
    Largest truncation error: 7.05786e-07
    Energy after sweep 25/87 is -122.951739057974
    Sweep 25/87 CPU time = 1m, 18.2s (Wall time = 10.06s)

    vN Entropy at center bond b=150 = 1.201372908357
    Eigs at center bond b=150: 0.6356 0.1696 0.0958 0.0508 0.0194 0.0117 0.0053 0.0030 0.0016 0.0014 
    Largest link dim during sweep 26/87 was 76
    Largest truncation error: 7.05543e-07
    Energy after sweep 26/87 is -122.951780349163
    Sweep 26/87 CPU time = 1m, 16.8s (Wall time = 9.864s)

    vN Entropy at center bond b=150 = 1.204479290210
    Eigs at center bond b=150: 0.6343 0.1703 0.0954 0.0517 0.0194 0.0117 0.0053 0.0030 0.0016 0.0014 
    Largest link dim during sweep 27/87 was 77
    Largest truncation error: 7.05356e-07
    Energy after sweep 27/87 is -122.951815202658
    Sweep 27/87 CPU time = 1m, 17.4s (Wall time = 9.917s)

    vN Entropy at center bond b=150 = 1.206629387352
    Eigs at center bond b=150: 0.6334 0.1708 0.0952 0.0522 0.0194 0.0118 0.0054 0.0030 0.0016 0.0015 
    Largest link dim during sweep 28/87 was 77
    Largest truncation error: 7.05239e-07
    Energy after sweep 28/87 is -122.951838699483
    Sweep 28/87 CPU time = 1m, 18.7s (Wall time = 10.10s)

    vN Entropy at center bond b=150 = 1.208013661072
    Eigs at center bond b=150: 0.6328 0.1711 0.0950 0.0526 0.0194 0.0118 0.0054 0.0030 0.0016 0.0015 
    Largest link dim during sweep 29/87 was 77
    Largest truncation error: 7.05159e-07
    Energy after sweep 29/87 is -122.951852959801
    Sweep 29/87 CPU time = 1m, 17.7s (Wall time = 9.998s)

    vN Entropy at center bond b=150 = 1.208904139093
    Eigs at center bond b=150: 0.6325 0.1713 0.0949 0.0529 0.0194 0.0118 0.0054 0.0030 0.0016 0.0015 
    Largest link dim during sweep 30/87 was 77
    Largest truncation error: 7.0514e-07
    Energy after sweep 30/87 is -122.951861615871
    Sweep 30/87 CPU time = 1m, 17.2s (Wall time = 9.906s)

    vN Entropy at center bond b=150 = 1.209452168542
    Eigs at center bond b=150: 0.6322 0.1715 0.0948 0.0530 0.0194 0.0118 0.0054 0.0030 0.0016 0.0015 
    Largest link dim during sweep 31/87 was 77
    Largest truncation error: 7.05125e-07
    Energy after sweep 31/87 is -122.951870673933
    Sweep 31/87 CPU time = 1m, 20.1s (Wall time = 10.28s)

    vN Entropy at center bond b=150 = 1.209816708597
    Eigs at center bond b=150: 0.6321 0.1716 0.0948 0.0531 0.0194 0.0118 0.0054 0.0030 0.0016 0.0015 
    Largest link dim during sweep 32/87 was 77
    Largest truncation error: 7.05121e-07
    Energy after sweep 32/87 is -122.951876124297
    Sweep 32/87 CPU time = 1m, 17.9s (Wall time = 9.988s)

    vN Entropy at center bond b=150 = 1.210102533459
    Eigs at center bond b=150: 0.6319 0.1716 0.0947 0.0532 0.0194 0.0118 0.0054 0.0030 0.0016 0.0015 
    Largest link dim during sweep 33/87 was 77
    Largest truncation error: 7.05113e-07
    Energy after sweep 33/87 is -122.951878754599
    Sweep 33/87 CPU time = 1m, 8.1s (Wall time = 8.728s)

    vN Entropy at center bond b=150 = 1.210270609100
    Eigs at center bond b=150: 0.6319 0.1717 0.0947 0.0532 0.0194 0.0118 0.0054 0.0030 0.0016 0.0015 
    Largest link dim during sweep 34/87 was 77
    Largest truncation error: 7.05105e-07
    Energy after sweep 34/87 is -122.951879539352
    Sweep 34/87 CPU time = 58.40s (Wall time = 7.483s)

    vN Entropy at center bond b=150 = 1.210376021064
    Eigs at center bond b=150: 0.6318 0.1717 0.0947 0.0533 0.0194 0.0118 0.0054 0.0030 0.0016 0.0015 
    Largest link dim during sweep 35/87 was 77
    Largest truncation error: 7.05096e-07
    Energy after sweep 35/87 is -122.951880360700
    Sweep 35/87 CPU time = 1m, 18.3s (Wall time = 10.05s)

    vN Entropy at center bond b=150 = 1.210438238621
    Eigs at center bond b=150: 0.6318 0.1717 0.0947 0.0533 0.0194 0.0118 0.0054 0.0030 0.0016 0.0015 
    Largest link dim during sweep 36/87 was 77
    Largest truncation error: 7.0509e-07
    Energy after sweep 36/87 is -122.951881067861
    Sweep 36/87 CPU time = 1m, 18.5s (Wall time = 10.06s)

    vN Entropy at center bond b=150 = 1.245347631242
    Eigs at center bond b=150: 0.6207 0.1740 0.0976 0.0554 0.0191 0.0130 0.0057 0.0036 0.0020 0.0016 
    Largest link dim during sweep 37/87 was 160
    Largest truncation error: 1.07266e-08
    Energy after sweep 37/87 is -122.954589575561
    Sweep 37/87 CPU time = 4m, 23.1s (Wall time = 35.50s)

    vN Entropy at center bond b=150 = 1.272105393436
    Eigs at center bond b=150: 0.6126 0.1763 0.0987 0.0568 0.0188 0.0141 0.0060 0.0041 0.0024 0.0017 
    Largest link dim during sweep 38/87 was 160
    Largest truncation error: 3.15612e-08
    Energy after sweep 38/87 is -122.954689711388
    Sweep 38/87 CPU time = 7m, 33.7s (Wall time = 1m, 1.7s)

    vN Entropy at center bond b=150 = 1.275094972437
    Eigs at center bond b=150: 0.6118 0.1766 0.0987 0.0570 0.0188 0.0143 0.0061 0.0042 0.0024 0.0017 
    Largest link dim during sweep 39/87 was 160
    Largest truncation error: 3.49573e-08
    Energy after sweep 39/87 is -122.954692787182
    Sweep 39/87 CPU time = 7m, 10.5s (Wall time = 57.79s)

    vN Entropy at center bond b=150 = 1.275469096340
    Eigs at center bond b=150: 0.6117 0.1766 0.0987 0.0570 0.0188 0.0143 0.0061 0.0042 0.0024 0.0017 
    Largest link dim during sweep 40/87 was 160
    Largest truncation error: 3.57944e-08
    Energy after sweep 40/87 is -122.954692994901
    Sweep 40/87 CPU time = 7m, 39.4s (Wall time = 1m, 2.7s)

    vN Entropy at center bond b=150 = 1.275539228252
    Eigs at center bond b=150: 0.6117 0.1766 0.0987 0.0570 0.0188 0.0143 0.0061 0.0042 0.0024 0.0017 
    Largest link dim during sweep 41/87 was 160
    Largest truncation error: 3.60768e-08
    Energy after sweep 41/87 is -122.954693036971
    Sweep 41/87 CPU time = 7m, 13.1s (Wall time = 1m, 0.5s)

    vN Entropy at center bond b=150 = 1.275557071922
    Eigs at center bond b=150: 0.6117 0.1766 0.0987 0.0570 0.0188 0.0143 0.0061 0.0042 0.0024 0.0017 
    Largest link dim during sweep 42/87 was 160
    Largest truncation error: 3.61867e-08
    Energy after sweep 42/87 is -122.954693048149
    Sweep 42/87 CPU time = 7m, 46.3s (Wall time = 1m, 5.4s)

    vN Entropy at center bond b=150 = 1.275562650664
    Eigs at center bond b=150: 0.6117 0.1766 0.0987 0.0570 0.0188 0.0143 0.0061 0.0042 0.0024 0.0017 
    Largest link dim during sweep 43/87 was 160
    Largest truncation error: 3.62317e-08
    Energy after sweep 43/87 is -122.954693048209
    Sweep 43/87 CPU time = 7m, 44.5s (Wall time = 1m, 5.0s)

    vN Entropy at center bond b=150 = 1.275564788144
    Eigs at center bond b=150: 0.6117 0.1766 0.0987 0.0570 0.0188 0.0143 0.0061 0.0042 0.0024 0.0017 
    Largest link dim during sweep 44/87 was 160
    Largest truncation error: 3.62532e-08
    Energy after sweep 44/87 is -122.954693049074
    Sweep 44/87 CPU time = 7m, 12.1s (Wall time = 59.99s)

    vN Entropy at center bond b=150 = 1.275565673957
    Eigs at center bond b=150: 0.6117 0.1766 0.0987 0.0570 0.0188 0.0143 0.0061 0.0042 0.0024 0.0017 
    Largest link dim during sweep 45/87 was 160
    Largest truncation error: 3.62666e-08
    Energy after sweep 45/87 is -122.954693050618
    Sweep 45/87 CPU time = 7m, 44.4s (Wall time = 1m, 4.6s)

    vN Entropy at center bond b=150 = 1.275566058161
    Eigs at center bond b=150: 0.6117 0.1766 0.0987 0.0570 0.0188 0.0143 0.0061 0.0042 0.0024 0.0017 
    Largest link dim during sweep 46/87 was 160
    Largest truncation error: 3.62768e-08
    Energy after sweep 46/87 is -122.954693052267
    Sweep 46/87 CPU time = 7m, 44.7s (Wall time = 1m, 4.9s)

    vN Entropy at center bond b=150 = 1.275566272887
    Eigs at center bond b=150: 0.6117 0.1766 0.0987 0.0570 0.0188 0.0143 0.0061 0.0042 0.0024 0.0017 
    Largest link dim during sweep 47/87 was 160
    Largest truncation error: 3.62855e-08
    Energy after sweep 47/87 is -122.954693053775
    Sweep 47/87 CPU time = 7m, 10.1s (Wall time = 1m, 0.1s)

    vN Entropy at center bond b=150 = 1.275566448962
    Eigs at center bond b=150: 0.6117 0.1766 0.0987 0.0570 0.0188 0.0143 0.0061 0.0042 0.0024 0.0017 
    Largest link dim during sweep 48/87 was 160
    Largest truncation error: 3.62932e-08
    Energy after sweep 48/87 is -122.954693055076
    Sweep 48/87 CPU time = 7m, 42.7s (Wall time = 1m, 4.9s)

    vN Entropy at center bond b=150 = 1.275566628920
    Eigs at center bond b=150: 0.6117 0.1766 0.0987 0.0570 0.0188 0.0143 0.0061 0.0042 0.0024 0.0017 
    Largest link dim during sweep 49/87 was 160
    Largest truncation error: 3.63001e-08
    Energy after sweep 49/87 is -122.954693056355
    Sweep 49/87 CPU time = 7m, 44.7s (Wall time = 1m, 5.2s)

    vN Entropy at center bond b=150 = 1.275566844377
    Eigs at center bond b=150: 0.6117 0.1766 0.0987 0.0570 0.0188 0.0143 0.0061 0.0042 0.0024 0.0017 
    Largest link dim during sweep 50/87 was 160
    Largest truncation error: 3.63062e-08
    Energy after sweep 50/87 is -122.954693057786
    Sweep 50/87 CPU time = 7m, 8.8s (Wall time = 1m, 0.0s)

    vN Entropy at center bond b=150 = 1.275567127887
    Eigs at center bond b=150: 0.6117 0.1766 0.0987 0.0570 0.0188 0.0143 0.0061 0.0042 0.0024 0.0017 
    Largest link dim during sweep 51/87 was 160
    Largest truncation error: 3.63115e-08
    Energy after sweep 51/87 is -122.954693059429
    Sweep 51/87 CPU time = 7m, 42.6s (Wall time = 1m, 4.4s)

    vN Entropy at center bond b=150 = 1.275567489035
    Eigs at center bond b=150: 0.6117 0.1766 0.0987 0.0570 0.0188 0.0143 0.0061 0.0042 0.0024 0.0017 
    Largest link dim during sweep 52/87 was 160
    Largest truncation error: 3.63162e-08
    Energy after sweep 52/87 is -122.954693061333
    Sweep 52/87 CPU time = 7m, 29.4s (Wall time = 1m, 2.7s)

    vN Entropy at center bond b=150 = 1.275567861868
    Eigs at center bond b=150: 0.6117 0.1766 0.0987 0.0570 0.0188 0.0143 0.0061 0.0042 0.0024 0.0017 
    Largest link dim during sweep 53/87 was 160
    Largest truncation error: 3.63203e-08
    Energy after sweep 53/87 is -122.954693063391
    Sweep 53/87 CPU time = 7m, 28.3s (Wall time = 1m, 2.6s)

    vN Entropy at center bond b=150 = 1.275568162625
    Eigs at center bond b=150: 0.6117 0.1766 0.0987 0.0570 0.0188 0.0143 0.0061 0.0042 0.0024 0.0017 
    Largest link dim during sweep 54/87 was 160
    Largest truncation error: 3.63238e-08
    Energy after sweep 54/87 is -122.954693065416
    Sweep 54/87 CPU time = 7m, 42.0s (Wall time = 1m, 4.2s)

    vN Entropy at center bond b=150 = 1.275568369762
    Eigs at center bond b=150: 0.6117 0.1766 0.0987 0.0570 0.0188 0.0143 0.0061 0.0042 0.0024 0.0017 
    Largest link dim during sweep 55/87 was 160
    Largest truncation error: 3.63267e-08
    Energy after sweep 55/87 is -122.954693066993
    Sweep 55/87 CPU time = 7m, 18.7s (Wall time = 1m, 1.2s)

    vN Entropy at center bond b=150 = 1.275568506942
    Eigs at center bond b=150: 0.6117 0.1766 0.0987 0.0570 0.0188 0.0143 0.0061 0.0042 0.0024 0.0017 
    Largest link dim during sweep 56/87 was 160
    Largest truncation error: 3.63291e-08
    Energy after sweep 56/87 is -122.954693068231
    Sweep 56/87 CPU time = 7m, 34.9s (Wall time = 1m, 3.6s)

    vN Entropy at center bond b=150 = 1.275568616858
    Eigs at center bond b=150: 0.6117 0.1766 0.0987 0.0570 0.0188 0.0143 0.0061 0.0042 0.0024 0.0017 
    Largest link dim during sweep 57/87 was 160
    Largest truncation error: 3.63311e-08
    Energy after sweep 57/87 is -122.954693069203
    Sweep 57/87 CPU time = 7m, 40.7s (Wall time = 1m, 4.1s)

    vN Entropy at center bond b=150 = 1.275568731441
    Eigs at center bond b=150: 0.6117 0.1766 0.0987 0.0570 0.0188 0.0143 0.0061 0.0042 0.0024 0.0017 
    Largest link dim during sweep 58/87 was 160
    Largest truncation error: 3.63328e-08
    Energy after sweep 58/87 is -122.954693070122
    Sweep 58/87 CPU time = 7m, 15.0s (Wall time = 1m, 0.0s)

    vN Entropy at center bond b=150 = 1.279088042953
    Eigs at center bond b=150: 0.6108 0.1767 0.0988 0.0571 0.0188 0.0144 0.0061 0.0043 0.0025 0.0018 
    Largest link dim during sweep 59/87 was 320
    Largest truncation error: 6.56621e-10
    Energy after sweep 59/87 is -122.954781743061
    Sweep 59/87 CPU time = 27m, 25s (Wall time = 3m, 42.2s)

    vN Entropy at center bond b=150 = 1.280382034911
    Eigs at center bond b=150: 0.6105 0.1768 0.0988 0.0571 0.0188 0.0145 0.0061 0.0043 0.0025 0.0018 
    Largest link dim during sweep 60/87 was 320
    Largest truncation error: 1.1218e-09
    Energy after sweep 60/87 is -122.954782669433
    Sweep 60/87 CPU time = 31m, 32s (Wall time = 4m, 4.5s)

    vN Entropy at center bond b=150 = 1.280454794965
    Eigs at center bond b=150: 0.6105 0.1768 0.0988 0.0571 0.0188 0.0145 0.0061 0.0043 0.0025 0.0018 
    Largest link dim during sweep 61/87 was 320
    Largest truncation error: 1.17732e-09
    Energy after sweep 61/87 is -122.954782689944
    Sweep 61/87 CPU time = 33m, 31s (Wall time = 4m, 31.5s)

    vN Entropy at center bond b=150 = 1.280463568748
    Eigs at center bond b=150: 0.6105 0.1768 0.0988 0.0571 0.0188 0.0145 0.0061 0.0043 0.0025 0.0018 
    Largest link dim during sweep 62/87 was 320
    Largest truncation error: 1.19256e-09
    Energy after sweep 62/87 is -122.954782689008
    Sweep 62/87 CPU time = 33m, 44s (Wall time = 4m, 33.7s)

    vN Entropy at center bond b=150 = 1.280465266234
    Eigs at center bond b=150: 0.6105 0.1768 0.0988 0.0571 0.0188 0.0145 0.0061 0.0043 0.0025 0.0018 
    Largest link dim during sweep 63/87 was 320
    Largest truncation error: 1.19682e-09
    Energy after sweep 63/87 is -122.954782688908
    Sweep 63/87 CPU time = 33m, 33s (Wall time = 4m, 32.0s)

    vN Entropy at center bond b=150 = 1.280465706168
    Eigs at center bond b=150: 0.6105 0.1768 0.0988 0.0571 0.0188 0.0145 0.0061 0.0043 0.0025 0.0018 
    Largest link dim during sweep 64/87 was 320
    Largest truncation error: 1.19814e-09
    Energy after sweep 64/87 is -122.954782688787
    Sweep 64/87 CPU time = 33m, 40s (Wall time = 4m, 32.9s)

    vN Entropy at center bond b=150 = 1.280465841161
    Eigs at center bond b=150: 0.6105 0.1768 0.0988 0.0571 0.0188 0.0145 0.0061 0.0043 0.0025 0.0018 
    Largest link dim during sweep 65/87 was 320
    Largest truncation error: 1.19857e-09
    Energy after sweep 65/87 is -122.954782688780
    Sweep 65/87 CPU time = 33m, 26s (Wall time = 4m, 30.9s)

    vN Entropy at center bond b=150 = 1.280465891484
    Eigs at center bond b=150: 0.6105 0.1768 0.0988 0.0571 0.0188 0.0145 0.0061 0.0043 0.0025 0.0018 
    Largest link dim during sweep 66/87 was 320
    Largest truncation error: 1.1987e-09
    Energy after sweep 66/87 is -122.954782688779
    Sweep 66/87 CPU time = 33m, 22s (Wall time = 4m, 31.5s)

    vN Entropy at center bond b=150 = 1.280465913650
    Eigs at center bond b=150: 0.6105 0.1768 0.0988 0.0571 0.0188 0.0145 0.0061 0.0043 0.0025 0.0018 
    Largest link dim during sweep 67/87 was 320
    Largest truncation error: 1.19871e-09
    Energy after sweep 67/87 is -122.954782688781
    Sweep 67/87 CPU time = 33m, 26s (Wall time = 4m, 31.4s)

    vN Entropy at center bond b=150 = 1.280465925254
    Eigs at center bond b=150: 0.6105 0.1768 0.0988 0.0571 0.0188 0.0145 0.0061 0.0043 0.0025 0.0018 
    Largest link dim during sweep 68/87 was 320
    Largest truncation error: 1.19869e-09
    Energy after sweep 68/87 is -122.954782688784
    Sweep 68/87 CPU time = 33m, 19s (Wall time = 4m, 30.2s)

    vN Entropy at center bond b=150 = 1.280465932612
    Eigs at center bond b=150: 0.6105 0.1768 0.0988 0.0571 0.0188 0.0145 0.0061 0.0043 0.0025 0.0018 
    Largest link dim during sweep 69/87 was 320
    Largest truncation error: 1.19865e-09
    Energy after sweep 69/87 is -122.954782688790
    Sweep 69/87 CPU time = 33m, 6s (Wall time = 4m, 28.3s)

    vN Entropy at center bond b=150 = 1.280465938339
    Eigs at center bond b=150: 0.6105 0.1768 0.0988 0.0571 0.0188 0.0145 0.0061 0.0043 0.0025 0.0018 
    Largest link dim during sweep 70/87 was 320
    Largest truncation error: 1.19862e-09
    Energy after sweep 70/87 is -122.954782688795
    Sweep 70/87 CPU time = 33m, 35s (Wall time = 4m, 32.5s)

    vN Entropy at center bond b=150 = 1.280465942859
    Eigs at center bond b=150: 0.6105 0.1768 0.0988 0.0571 0.0188 0.0145 0.0061 0.0043 0.0025 0.0018 
    Largest link dim during sweep 71/87 was 320
    Largest truncation error: 1.19861e-09
    Energy after sweep 71/87 is -122.954782688797
    Sweep 71/87 CPU time = 33m, 52s (Wall time = 4m, 34.5s)

    vN Entropy at center bond b=150 = 1.280465945916
    Eigs at center bond b=150: 0.6105 0.1768 0.0988 0.0571 0.0188 0.0145 0.0061 0.0043 0.0025 0.0018 
    Largest link dim during sweep 72/87 was 320
    Largest truncation error: 1.19863e-09
    Energy after sweep 72/87 is -122.954782688797
    Sweep 72/87 CPU time = 33m, 30s (Wall time = 4m, 31.7s)

    vN Entropy at center bond b=150 = 1.280465947772
    Eigs at center bond b=150: 0.6105 0.1768 0.0988 0.0571 0.0188 0.0145 0.0061 0.0043 0.0025 0.0018 
    Largest link dim during sweep 73/87 was 320
    Largest truncation error: 1.19867e-09
    Energy after sweep 73/87 is -122.954782688799
    Sweep 73/87 CPU time = 33m, 29s (Wall time = 4m, 31.5s)

    vN Entropy at center bond b=150 = 1.280465948826
    Eigs at center bond b=150: 0.6105 0.1768 0.0988 0.0571 0.0188 0.0145 0.0061 0.0043 0.0025 0.0018 
    Largest link dim during sweep 74/87 was 320
    Largest truncation error: 1.19872e-09
    Energy after sweep 74/87 is -122.954782688800
    Sweep 74/87 CPU time = 33m, 29s (Wall time = 4m, 31.6s)

    vN Entropy at center bond b=150 = 1.280614798486
    Eigs at center bond b=150: 0.6105 0.1768 0.0989 0.0571 0.0188 0.0145 0.0061 0.0043 0.0025 0.0018 
    Largest link dim during sweep 75/87 was 640
    Largest truncation error: 1.62334e-11
    Energy after sweep 75/87 is -122.954785481614
    Sweep 75/87 CPU time = 1h, 36m, 26s (Wall time = 13m, 1s)

    vN Entropy at center bond b=150 = 1.280691457867
    Eigs at center bond b=150: 0.6105 0.1768 0.0989 0.0571 0.0188 0.0145 0.0061 0.0043 0.0025 0.0018 
    Largest link dim during sweep 76/87 was 640
    Largest truncation error: 2.27614e-11
    Energy after sweep 76/87 is -122.954785523586
    Sweep 76/87 CPU time = 1h, 56m, 36s (Wall time = 15m, 52s)

    vN Entropy at center bond b=150 = 1.280699482006
    Eigs at center bond b=150: 0.6105 0.1768 0.0989 0.0571 0.0188 0.0145 0.0061 0.0043 0.0025 0.0018 
    Largest link dim during sweep 77/87 was 640
    Largest truncation error: 2.32748e-11
    Energy after sweep 77/87 is -122.954785525777
    Sweep 77/87 CPU time = 1h, 54m, 11s (Wall time = 15m, 34s)

    vN Entropy at center bond b=150 = 1.280700755000
    Eigs at center bond b=150: 0.6105 0.1768 0.0989 0.0571 0.0188 0.0145 0.0061 0.0043 0.0025 0.0018 
    Largest link dim during sweep 78/87 was 640
    Largest truncation error: 2.37311e-11
    Energy after sweep 78/87 is -122.954785525958
    Sweep 78/87 CPU time = 1h, 55m, 12s (Wall time = 15m, 42s)

    vN Entropy at center bond b=150 = 1.280701034257
    Eigs at center bond b=150: 0.6105 0.1768 0.0989 0.0571 0.0188 0.0145 0.0061 0.0043 0.0025 0.0018 
    Largest link dim during sweep 79/87 was 640
    Largest truncation error: 2.39101e-11
    Energy after sweep 79/87 is -122.954785525962
    Sweep 79/87 CPU time = 1h, 54m, 15s (Wall time = 15m, 35s)

    vN Entropy at center bond b=150 = 1.280701113489
    Eigs at center bond b=150: 0.6105 0.1768 0.0989 0.0571 0.0188 0.0145 0.0061 0.0043 0.0025 0.0018 
    Largest link dim during sweep 80/87 was 640
    Largest truncation error: 2.39704e-11
    Energy after sweep 80/87 is -122.954785525956
    Sweep 80/87 CPU time = 1h, 54m, 36s (Wall time = 15m, 36s)

    vN Entropy at center bond b=150 = 1.280701140156
    Eigs at center bond b=150: 0.6105 0.1768 0.0989 0.0571 0.0188 0.0145 0.0061 0.0043 0.0025 0.0018 
    Largest link dim during sweep 81/87 was 640
    Largest truncation error: 2.39869e-11
    Energy after sweep 81/87 is -122.954785525951
    Sweep 81/87 CPU time = 1h, 53m, 55s (Wall time = 15m, 30s)

    vN Entropy at center bond b=150 = 1.280701150188
    Eigs at center bond b=150: 0.6105 0.1768 0.0989 0.0571 0.0188 0.0145 0.0061 0.0043 0.0025 0.0018 
    Largest link dim during sweep 82/87 was 640
    Largest truncation error: 2.39913e-11
    Energy after sweep 82/87 is -122.954785525947
    Sweep 82/87 CPU time = 1h, 54m, 3s (Wall time = 15m, 32s)

    vN Entropy at center bond b=150 = 1.280705088376
    Eigs at center bond b=150: 0.6105 0.1768 0.0989 0.0571 0.0188 0.0145 0.0061 0.0043 0.0025 0.0018 
    Largest link dim during sweep 83/87 was 1047
    Largest truncation error: 7.44325e-13
    Energy after sweep 83/87 is -122.954785577012
    Sweep 83/87 CPU time = 3h, 4m, 14s (Wall time = 27m, 19s)

    vN Entropy at center bond b=150 = 1.280707419420
    Eigs at center bond b=150: 0.6105 0.1768 0.0989 0.0571 0.0188 0.0145 0.0061 0.0043 0.0025 0.0018 
    Largest link dim during sweep 84/87 was 1280
    Largest truncation error: 2.51392e-13
    Energy after sweep 84/87 is -122.954785582693
    Sweep 84/87 CPU time = 6h, 23m, 56s (Wall time = 1h, 1m, 18s)

    vN Entropy at center bond b=150 = 1.280707787301
    Eigs at center bond b=150: 0.6105 0.1768 0.0989 0.0571 0.0188 0.0145 0.0061 0.0043 0.0025 0.0018 
    Largest link dim during sweep 85/87 was 1280
    Largest truncation error: 2.45372e-13
    Energy after sweep 85/87 is -122.954785582814
    Sweep 85/87 CPU time = 7h, 27m, 16s (Wall time = 1h, 6m, 4s)

    vN Entropy at center bond b=150 = 1.280707835620
    Eigs at center bond b=150: 0.6105 0.1768 0.0989 0.0571 0.0188 0.0145 0.0061 0.0043 0.0025 0.0018 
    Largest link dim during sweep 86/87 was 1280
    Largest truncation error: 2.42089e-13
    Energy after sweep 86/87 is -122.954785582826
    Sweep 86/87 CPU time = 7h, 28m, 29s (Wall time = 1h, 5m, 20s)

    vN Entropy at center bond b=150 = 1.280707844765
    Eigs at center bond b=150: 0.6105 0.1768 0.0989 0.0571 0.0188 0.0145 0.0061 0.0043 0.0025 0.0018 
    Largest link dim during sweep 87/87 was 1280
    Largest truncation error: 2.4467e-13
    Energy after sweep 87/87 is -122.954785582823
    Sweep 87/87 CPU time = 7h, 38m, 30s (Wall time = 1h, 7m, 10s)
Initial energy = 0.00000

Ground State Energy = -122.9547855828
run_outputs/outputpsi/N_300_sweep_87_t_0.030000_J_1.000000_V_0.600000_D_0.018000_U_5.000000_mu_0.000000_E_0.200000 converge
Wall-clock time (s) = 192959.599282
