//////////////////////////
Reading input file ......

Got input.N = 300
Got input.t = 0.03
Got input.J = 1
Got input.V = 0.6
Got input.D = 0.018
Got input.U = 0.1
Got input.mu = 0
Got input.E = 0
Got input.nsweeps = 87
Sweeps:
1  MaxDim=20, MinDim=20, Cutoff=1.0E-06, Niter=8, Noise=1.0E-05
2  MaxDim=20, MinDim=20, Cutoff=1.0E-06, Niter=8, Noise=1.0E-05
3  MaxDim=20, MinDim=20, Cutoff=1.0E-06, Niter=8, Noise=1.0E-05
4  MaxDim=20, MinDim=20, Cutoff=1.0E-06, Niter=8, Noise=1.0E-05
5  MaxDim=20, MinDim=20, Cutoff=1.0E-06, Niter=8, Noise=1.0E-05
6  MaxDim=20, MinDim=20, Cutoff=1.0E-06, Niter=8, Noise=1.0E-05
7  MaxDim=20, MinDim=20, Cutoff=1.0E-06, Niter=8, Noise=1.0E-05
8  MaxDim=40, MinDim=20, Cutoff=1.0E-06, Niter=4, Noise=1.0E-05
9  MaxDim=40, MinDim=20, Cutoff=1.0E-06, Niter=4, Noise=1.0E-05
10  MaxDim=40, MinDim=20, Cutoff=1.0E-06, Niter=4, Noise=1.0E-05
11  MaxDim=40, MinDim=20, Cutoff=1.0E-06, Niter=4, Noise=1.0E-05
12  MaxDim=40, MinDim=20, Cutoff=1.0E-06, Niter=4, Noise=1.0E-05
13  MaxDim=40, MinDim=20, Cutoff=1.0E-06, Niter=4, Noise=1.0E-05
14  MaxDim=40, MinDim=20, Cutoff=1.0E-06, Niter=4, Noise=1.0E-05
15  MaxDim=80, MinDim=10, Cutoff=1.0E-06, Niter=4, Noise=1.0E-05
16  MaxDim=80, MinDim=10, Cutoff=1.0E-06, Niter=4, Noise=1.0E-05
17  MaxDim=80, MinDim=10, Cutoff=1.0E-06, Niter=4, Noise=1.0E-05
18  MaxDim=80, MinDim=10, Cutoff=1.0E-06, Niter=4, Noise=1.0E-05
19  MaxDim=80, MinDim=10, Cutoff=1.0E-06, Niter=4, Noise=1.0E-05
20  MaxDim=80, MinDim=10, Cutoff=1.0E-06, Niter=4, Noise=1.0E-05
21  MaxDim=80, MinDim=10, Cutoff=1.0E-06, Niter=4, Noise=1.0E-05
22  MaxDim=80, MinDim=10, Cutoff=1.0E-06, Niter=4, Noise=1.0E-05
23  MaxDim=80, MinDim=10, Cutoff=1.0E-06, Niter=4, Noise=1.0E-05
24  MaxDim=80, MinDim=10, Cutoff=1.0E-06, Niter=4, Noise=1.0E-05
25  MaxDim=80, MinDim=10, Cutoff=1.0E-06, Niter=4, Noise=1.0E-05
26  MaxDim=80, MinDim=10, Cutoff=1.0E-06, Niter=4, Noise=1.0E-05
27  MaxDim=80, MinDim=10, Cutoff=1.0E-06, Niter=4, Noise=1.0E-05
28  MaxDim=80, MinDim=10, Cutoff=1.0E-06, Niter=4, Noise=1.0E-05
29  MaxDim=80, MinDim=10, Cutoff=1.0E-06, Niter=4, Noise=1.0E-05
30  MaxDim=80, MinDim=10, Cutoff=1.0E-06, Niter=4, Noise=1.0E-05
31  MaxDim=80, MinDim=10, Cutoff=1.0E-06, Niter=4, Noise=1.0E-05
32  MaxDim=80, MinDim=10, Cutoff=1.0E-06, Niter=4, Noise=1.0E-05
33  MaxDim=80, MinDim=10, Cutoff=1.0E-06, Niter=4, Noise=1.0E-05
34  MaxDim=80, MinDim=10, Cutoff=1.0E-06, Niter=4, Noise=1.0E-05
35  MaxDim=80, MinDim=10, Cutoff=1.0E-06, Niter=4, Noise=1.0E-05
36  MaxDim=80, MinDim=10, Cutoff=1.0E-06, Niter=4, Noise=1.0E-05
37  MaxDim=160, MinDim=10, Cutoff=1.0E-08, Niter=4, Noise=1.0E-06
38  MaxDim=160, MinDim=10, Cutoff=1.0E-08, Niter=4, Noise=1.0E-06
39  MaxDim=160, MinDim=10, Cutoff=1.0E-08, Niter=4, Noise=1.0E-06
40  MaxDim=160, MinDim=10, Cutoff=1.0E-08, Niter=4, Noise=1.0E-06
41  MaxDim=160, MinDim=10, Cutoff=1.0E-08, Niter=4, Noise=1.0E-06
42  MaxDim=160, MinDim=10, Cutoff=1.0E-08, Niter=4, Noise=1.0E-06
43  MaxDim=160, MinDim=10, Cutoff=1.0E-08, Niter=4, Noise=1.0E-06
44  MaxDim=160, MinDim=10, Cutoff=1.0E-08, Niter=4, Noise=1.0E-06
45  MaxDim=160, MinDim=10, Cutoff=1.0E-08, Niter=4, Noise=1.0E-06
46  MaxDim=160, MinDim=10, Cutoff=1.0E-08, Niter=4, Noise=1.0E-06
47  MaxDim=160, MinDim=10, Cutoff=1.0E-08, Niter=4, Noise=1.0E-06
48  MaxDim=160, MinDim=10, Cutoff=1.0E-08, Niter=4, Noise=1.0E-06
49  MaxDim=160, MinDim=10, Cutoff=1.0E-08, Niter=4, Noise=1.0E-06
50  MaxDim=160, MinDim=10, Cutoff=1.0E-08, Niter=4, Noise=1.0E-06
51  MaxDim=160, MinDim=10, Cutoff=1.0E-08, Niter=4, Noise=1.0E-06
52  MaxDim=160, MinDim=10, Cutoff=1.0E-08, Niter=4, Noise=1.0E-06
53  MaxDim=160, MinDim=10, Cutoff=1.0E-08, Niter=4, Noise=1.0E-06
54  MaxDim=160, MinDim=10, Cutoff=1.0E-08, Niter=4, Noise=1.0E-06
55  MaxDim=160, MinDim=10, Cutoff=1.0E-08, Niter=4, Noise=1.0E-06
56  MaxDim=160, MinDim=10, Cutoff=1.0E-08, Niter=4, Noise=1.0E-06
57  MaxDim=160, MinDim=10, Cutoff=1.0E-08, Niter=4, Noise=1.0E-06
58  MaxDim=160, MinDim=10, Cutoff=1.0E-08, Niter=4, Noise=1.0E-06
59  MaxDim=320, MinDim=10, Cutoff=1.0E-10, Niter=4, Noise=1.0E-07
60  MaxDim=320, MinDim=10, Cutoff=1.0E-10, Niter=4, Noise=1.0E-07
61  MaxDim=320, MinDim=10, Cutoff=1.0E-10, Niter=4, Noise=1.0E-07
62  MaxDim=320, MinDim=10, Cutoff=1.0E-10, Niter=4, Noise=1.0E-07
63  MaxDim=320, MinDim=10, Cutoff=1.0E-10, Niter=4, Noise=1.0E-07
64  MaxDim=320, MinDim=10, Cutoff=1.0E-10, Niter=4, Noise=1.0E-07
65  MaxDim=320, MinDim=10, Cutoff=1.0E-10, Niter=4, Noise=1.0E-07
66  MaxDim=320, MinDim=10, Cutoff=1.0E-10, Niter=4, Noise=1.0E-07
67  MaxDim=320, MinDim=10, Cutoff=1.0E-10, Niter=4, Noise=1.0E-07
68  MaxDim=320, MinDim=10, Cutoff=1.0E-10, Niter=4, Noise=1.0E-07
69  MaxDim=320, MinDim=10, Cutoff=1.0E-10, Niter=4, Noise=1.0E-07
70  MaxDim=320, MinDim=10, Cutoff=1.0E-10, Niter=4, Noise=1.0E-07
71  MaxDim=320, MinDim=10, Cutoff=1.0E-10, Niter=4, Noise=1.0E-07
72  MaxDim=320, MinDim=10, Cutoff=1.0E-10, Niter=4, Noise=1.0E-07
73  MaxDim=320, MinDim=10, Cutoff=1.0E-10, Niter=4, Noise=1.0E-07
74  MaxDim=320, MinDim=10, Cutoff=1.0E-10, Niter=4, Noise=1.0E-07
75  MaxDim=640, MinDim=10, Cutoff=1.0E-12, Niter=2, Noise=1.0E-08
76  MaxDim=640, MinDim=10, Cutoff=1.0E-12, Niter=2, Noise=1.0E-08
77  MaxDim=640, MinDim=10, Cutoff=1.0E-12, Niter=2, Noise=1.0E-08
78  MaxDim=640, MinDim=10, Cutoff=1.0E-12, Niter=2, Noise=1.0E-08
79  MaxDim=640, MinDim=10, Cutoff=1.0E-12, Niter=2, Noise=1.0E-08
80  MaxDim=640, MinDim=10, Cutoff=1.0E-12, Niter=2, Noise=1.0E-08
81  MaxDim=640, MinDim=10, Cutoff=1.0E-12, Niter=2, Noise=1.0E-08
82  MaxDim=640, MinDim=10, Cutoff=1.0E-12, Niter=2, Noise=1.0E-08
83  MaxDim=1280, MinDim=10, Cutoff=1.0E-12, Niter=2, Noise=0.0E+00
84  MaxDim=1280, MinDim=10, Cutoff=1.0E-14, Niter=2, Noise=0.0E+00
85  MaxDim=1280, MinDim=10, Cutoff=1.0E-14, Niter=2, Noise=0.0E+00
86  MaxDim=1280, MinDim=10, Cutoff=1.0E-14, Niter=2, Noise=0.0E+00
87  MaxDim=1280, MinDim=10, Cutoff=1.0E-14, Niter=2, Noise=0.0E+00


    vN Entropy at center bond b=150 = 0.671028679253
    Eigs at center bond b=150: 0.7589 0.2125 0.0186 0.0050 0.0034 
    Largest link dim during sweep 1/87 was 20
    Largest truncation error: 4.61157e-06
    Energy after sweep 1/87 is -189.748721791287
    Sweep 1/87 CPU time = 9.544s (Wall time = 1.596s)

    vN Entropy at center bond b=150 = 0.765400669133
    Eigs at center bond b=150: 0.7365 0.2157 0.0231 0.0126 0.0069 0.0035 
    Largest link dim during sweep 2/87 was 20
    Largest truncation error: 8.18184e-06
    Energy after sweep 2/87 is -189.786493202266
    Sweep 2/87 CPU time = 13.82s (Wall time = 1.774s)

    vN Entropy at center bond b=150 = 0.772771015667
    Eigs at center bond b=150: 0.7351 0.2152 0.0237 0.0135 0.0071 0.0037 
    Largest link dim during sweep 3/87 was 20
    Largest truncation error: 2.81836e-06
    Energy after sweep 3/87 is -189.788110316855
    Sweep 3/87 CPU time = 13.73s (Wall time = 1.761s)

    vN Entropy at center bond b=150 = 0.773499007110
    Eigs at center bond b=150: 0.7349 0.2152 0.0238 0.0136 0.0071 0.0037 
    Largest link dim during sweep 4/87 was 20
    Largest truncation error: 2.91865e-06
    Energy after sweep 4/87 is -189.788135524133
    Sweep 4/87 CPU time = 13.91s (Wall time = 1.784s)

    vN Entropy at center bond b=150 = 0.773722348842
    Eigs at center bond b=150: 0.7349 0.2152 0.0238 0.0136 0.0071 0.0037 
    Largest link dim during sweep 5/87 was 20
    Largest truncation error: 2.92777e-06
    Energy after sweep 5/87 is -189.788138191670
    Sweep 5/87 CPU time = 13.72s (Wall time = 1.772s)

    vN Entropy at center bond b=150 = 0.773801409558
    Eigs at center bond b=150: 0.7349 0.2152 0.0238 0.0136 0.0071 0.0037 
    Largest link dim during sweep 6/87 was 20
    Largest truncation error: 2.92997e-06
    Energy after sweep 6/87 is -189.788138778097
    Sweep 6/87 CPU time = 13.72s (Wall time = 1.758s)

    vN Entropy at center bond b=150 = 0.773829285041
    Eigs at center bond b=150: 0.7349 0.2152 0.0238 0.0136 0.0071 0.0037 
    Largest link dim during sweep 7/87 was 20
    Largest truncation error: 2.93057e-06
    Energy after sweep 7/87 is -189.788138931575
    Sweep 7/87 CPU time = 13.79s (Wall time = 1.767s)

    vN Entropy at center bond b=150 = 0.774998276463
    Eigs at center bond b=150: 0.7346 0.2152 0.0239 0.0137 0.0071 0.0038 
    Largest link dim during sweep 8/87 was 28
    Largest truncation error: 7.49084e-07
    Energy after sweep 8/87 is -189.790409459678
    Sweep 8/87 CPU time = 9.284s (Wall time = 1.186s)

    vN Entropy at center bond b=150 = 0.776846722714
    Eigs at center bond b=150: 0.7342 0.2151 0.0240 0.0139 0.0072 0.0038 
    Largest link dim during sweep 9/87 was 29
    Largest truncation error: 7.34118e-07
    Energy after sweep 9/87 is -189.790561388348
    Sweep 9/87 CPU time = 10.37s (Wall time = 1.325s)

    vN Entropy at center bond b=150 = 0.777721215118
    Eigs at center bond b=150: 0.7341 0.2151 0.0241 0.0140 0.0072 0.0039 
    Largest link dim during sweep 10/87 was 29
    Largest truncation error: 7.3326e-07
    Energy after sweep 10/87 is -189.790603359215
    Sweep 10/87 CPU time = 10.52s (Wall time = 1.345s)

    vN Entropy at center bond b=150 = 0.778231609324
    Eigs at center bond b=150: 0.7340 0.2150 0.0241 0.0140 0.0072 0.0039 
    Largest link dim during sweep 11/87 was 29
    Largest truncation error: 7.33916e-07
    Energy after sweep 11/87 is -189.790616678631
    Sweep 11/87 CPU time = 10.56s (Wall time = 1.348s)

    vN Entropy at center bond b=150 = 0.778553812787
    Eigs at center bond b=150: 0.7339 0.2150 0.0241 0.0140 0.0072 0.0039 
    Largest link dim during sweep 12/87 was 29
    Largest truncation error: 7.33231e-07
    Energy after sweep 12/87 is -189.790618904320
    Sweep 12/87 CPU time = 10.54s (Wall time = 1.356s)

    vN Entropy at center bond b=150 = 0.778736731807
    Eigs at center bond b=150: 0.7338 0.2150 0.0242 0.0141 0.0072 0.0039 
    Largest link dim during sweep 13/87 was 29
    Largest truncation error: 7.33828e-07
    Energy after sweep 13/87 is -189.790622745851
    Sweep 13/87 CPU time = 10.52s (Wall time = 1.350s)

    vN Entropy at center bond b=150 = 0.778873286102
    Eigs at center bond b=150: 0.7338 0.2150 0.0242 0.0141 0.0072 0.0039 
    Largest link dim during sweep 14/87 was 29
    Largest truncation error: 7.33005e-07
    Energy after sweep 14/87 is -189.790623994545
    Sweep 14/87 CPU time = 10.58s (Wall time = 1.353s)

    vN Entropy at center bond b=150 = 0.778949817076
    Eigs at center bond b=150: 0.7338 0.2150 0.0242 0.0141 0.0072 0.0039 
    Largest link dim during sweep 15/87 was 29
    Largest truncation error: 7.33202e-07
    Energy after sweep 15/87 is -189.790621653812
    Sweep 15/87 CPU time = 10.55s (Wall time = 1.350s)

    vN Entropy at center bond b=150 = 0.778992537508
    Eigs at center bond b=150: 0.7338 0.2150 0.0242 0.0141 0.0072 0.0039 
    Largest link dim during sweep 16/87 was 29
    Largest truncation error: 7.33273e-07
    Energy after sweep 16/87 is -189.790621751213
    Sweep 16/87 CPU time = 10.54s (Wall time = 1.349s)

    vN Entropy at center bond b=150 = 0.779017025914
    Eigs at center bond b=150: 0.7338 0.2150 0.0242 0.0141 0.0072 0.0039 
    Largest link dim during sweep 17/87 was 29
    Largest truncation error: 7.33309e-07
    Energy after sweep 17/87 is -189.790621808334
    Sweep 17/87 CPU time = 10.55s (Wall time = 1.350s)

    vN Entropy at center bond b=150 = 0.779031359842
    Eigs at center bond b=150: 0.7338 0.2150 0.0242 0.0141 0.0072 0.0039 
    Largest link dim during sweep 18/87 was 29
    Largest truncation error: 7.33329e-07
    Energy after sweep 18/87 is -189.790621844341
    Sweep 18/87 CPU time = 10.59s (Wall time = 1.353s)

    vN Entropy at center bond b=150 = 0.779039872236
    Eigs at center bond b=150: 0.7338 0.2150 0.0242 0.0141 0.0072 0.0039 
    Largest link dim during sweep 19/87 was 29
    Largest truncation error: 7.3334e-07
    Energy after sweep 19/87 is -189.790621866937
    Sweep 19/87 CPU time = 10.56s (Wall time = 1.350s)

    vN Entropy at center bond b=150 = 0.779044976028
    Eigs at center bond b=150: 0.7338 0.2150 0.0242 0.0141 0.0072 0.0039 
    Largest link dim during sweep 20/87 was 29
    Largest truncation error: 7.33347e-07
    Energy after sweep 20/87 is -189.790621881039
    Sweep 20/87 CPU time = 10.52s (Wall time = 1.348s)

    vN Entropy at center bond b=150 = 0.779048055114
    Eigs at center bond b=150: 0.7338 0.2150 0.0242 0.0141 0.0072 0.0039 
    Largest link dim during sweep 21/87 was 29
    Largest truncation error: 7.3335e-07
    Energy after sweep 21/87 is -189.790621889761
    Sweep 21/87 CPU time = 10.56s (Wall time = 1.360s)

    vN Entropy at center bond b=150 = 0.779049920086
    Eigs at center bond b=150: 0.7338 0.2150 0.0242 0.0141 0.0072 0.0039 
    Largest link dim during sweep 22/87 was 29
    Largest truncation error: 7.33353e-07
    Energy after sweep 22/87 is -189.790621895141
    Sweep 22/87 CPU time = 10.50s (Wall time = 1.348s)

    vN Entropy at center bond b=150 = 0.779051052558
    Eigs at center bond b=150: 0.7338 0.2150 0.0242 0.0141 0.0072 0.0039 
    Largest link dim during sweep 23/87 was 29
    Largest truncation error: 7.33354e-07
    Energy after sweep 23/87 is -189.790621898455
    Sweep 23/87 CPU time = 10.58s (Wall time = 1.350s)

    vN Entropy at center bond b=150 = 0.779051741367
    Eigs at center bond b=150: 0.7338 0.2150 0.0242 0.0141 0.0072 0.0039 
    Largest link dim during sweep 24/87 was 29
    Largest truncation error: 7.33355e-07
    Energy after sweep 24/87 is -189.790621900491
    Sweep 24/87 CPU time = 10.59s (Wall time = 1.351s)

    vN Entropy at center bond b=150 = 0.779052160784
    Eigs at center bond b=150: 0.7338 0.2150 0.0242 0.0141 0.0072 0.0039 
    Largest link dim during sweep 25/87 was 29
    Largest truncation error: 7.33355e-07
    Energy after sweep 25/87 is -189.790621901736
    Sweep 25/87 CPU time = 10.54s (Wall time = 1.346s)

    vN Entropy at center bond b=150 = 0.779052416357
    Eigs at center bond b=150: 0.7338 0.2150 0.0242 0.0141 0.0072 0.0039 
    Largest link dim during sweep 26/87 was 29
    Largest truncation error: 7.33356e-07
    Energy after sweep 26/87 is -189.790621902464
    Sweep 26/87 CPU time = 10.52s (Wall time = 1.346s)

    vN Entropy at center bond b=150 = 0.779052572176
    Eigs at center bond b=150: 0.7338 0.2150 0.0242 0.0141 0.0072 0.0039 
    Largest link dim during sweep 27/87 was 29
    Largest truncation error: 7.33356e-07
    Energy after sweep 27/87 is -189.790621902829
    Sweep 27/87 CPU time = 10.57s (Wall time = 1.351s)

    vN Entropy at center bond b=150 = 0.779052667215
    Eigs at center bond b=150: 0.7338 0.2150 0.0242 0.0141 0.0072 0.0039 
    Largest link dim during sweep 28/87 was 29
    Largest truncation error: 7.33356e-07
    Energy after sweep 28/87 is -189.790621902854
    Sweep 28/87 CPU time = 10.56s (Wall time = 1.348s)

    vN Entropy at center bond b=150 = 0.779052725204
    Eigs at center bond b=150: 0.7338 0.2150 0.0242 0.0141 0.0072 0.0039 
    Largest link dim during sweep 29/87 was 29
    Largest truncation error: 7.33356e-07
    Energy after sweep 29/87 is -189.790621902407
    Sweep 29/87 CPU time = 10.65s (Wall time = 1.363s)

    vN Entropy at center bond b=150 = 0.779052760606
    Eigs at center bond b=150: 0.7338 0.2150 0.0242 0.0141 0.0072 0.0039 
    Largest link dim during sweep 30/87 was 29
    Largest truncation error: 7.33356e-07
    Energy after sweep 30/87 is -189.790621901107
    Sweep 30/87 CPU time = 10.55s (Wall time = 1.353s)

    vN Entropy at center bond b=150 = 0.779052782239
    Eigs at center bond b=150: 0.7338 0.2150 0.0242 0.0141 0.0072 0.0039 
    Largest link dim during sweep 31/87 was 29
    Largest truncation error: 7.33356e-07
    Energy after sweep 31/87 is -189.790621898094
    Sweep 31/87 CPU time = 10.59s (Wall time = 1.352s)

    vN Entropy at center bond b=150 = 0.779052795498
    Eigs at center bond b=150: 0.7338 0.2150 0.0242 0.0141 0.0072 0.0039 
    Largest link dim during sweep 32/87 was 29
    Largest truncation error: 7.33356e-07
    Energy after sweep 32/87 is -189.790621891666
    Sweep 32/87 CPU time = 10.52s (Wall time = 1.346s)

    vN Entropy at center bond b=150 = 0.779052803696
    Eigs at center bond b=150: 0.7338 0.2150 0.0242 0.0141 0.0072 0.0039 
    Largest link dim during sweep 33/87 was 29
    Largest truncation error: 7.33356e-07
    Energy after sweep 33/87 is -189.790621878725
    Sweep 33/87 CPU time = 10.56s (Wall time = 1.350s)

    vN Entropy at center bond b=150 = 0.779052808898
    Eigs at center bond b=150: 0.7338 0.2150 0.0242 0.0141 0.0072 0.0039 
    Largest link dim during sweep 34/87 was 29
    Largest truncation error: 7.33356e-07
    Energy after sweep 34/87 is -189.790621854476
    Sweep 34/87 CPU time = 10.53s (Wall time = 1.349s)

    vN Entropy at center bond b=150 = 0.779052812443
    Eigs at center bond b=150: 0.7338 0.2150 0.0242 0.0141 0.0072 0.0039 
    Largest link dim during sweep 35/87 was 29
    Largest truncation error: 7.33356e-07
    Energy after sweep 35/87 is -189.790621813179
    Sweep 35/87 CPU time = 10.56s (Wall time = 1.351s)

    vN Entropy at center bond b=150 = 0.779052815275
    Eigs at center bond b=150: 0.7338 0.2150 0.0242 0.0141 0.0072 0.0039 
    Largest link dim during sweep 36/87 was 29
    Largest truncation error: 7.33356e-07
    Energy after sweep 36/87 is -189.790621750450
    Sweep 36/87 CPU time = 10.60s (Wall time = 1.353s)

    vN Entropy at center bond b=150 = 0.780918771157
    Eigs at center bond b=150: 0.7332 0.2152 0.0243 0.0142 0.0073 0.0039 
    Largest link dim during sweep 37/87 was 58
    Largest truncation error: 7.43717e-09
    Energy after sweep 37/87 is -189.791624620382
    Sweep 37/87 CPU time = 27.39s (Wall time = 3.516s)

    vN Entropy at center bond b=150 = 0.782364957285
    Eigs at center bond b=150: 0.7329 0.2151 0.0244 0.0143 0.0073 0.0040 
    Largest link dim during sweep 38/87 was 62
    Largest truncation error: 7.44848e-09
    Energy after sweep 38/87 is -189.791639790647
    Sweep 38/87 CPU time = 40.46s (Wall time = 5.185s)

    vN Entropy at center bond b=150 = 0.782944290895
    Eigs at center bond b=150: 0.7328 0.2151 0.0245 0.0144 0.0074 0.0040 
    Largest link dim during sweep 39/87 was 63
    Largest truncation error: 7.45095e-09
    Energy after sweep 39/87 is -189.791643842289
    Sweep 39/87 CPU time = 43.53s (Wall time = 5.584s)

    vN Entropy at center bond b=150 = 0.783206024488
    Eigs at center bond b=150: 0.7328 0.2151 0.0245 0.0144 0.0074 0.0040 
    Largest link dim during sweep 40/87 was 64
    Largest truncation error: 7.45196e-09
    Energy after sweep 40/87 is -189.791645163339
    Sweep 40/87 CPU time = 43.95s (Wall time = 5.642s)

    vN Entropy at center bond b=150 = 0.783336904725
    Eigs at center bond b=150: 0.7327 0.2151 0.0245 0.0144 0.0074 0.0040 
    Largest link dim during sweep 41/87 was 64
    Largest truncation error: 7.45248e-09
    Energy after sweep 41/87 is -189.791645559116
    Sweep 41/87 CPU time = 43.87s (Wall time = 5.623s)

    vN Entropy at center bond b=150 = 0.783409392424
    Eigs at center bond b=150: 0.7327 0.2151 0.0245 0.0144 0.0074 0.0040 
    Largest link dim during sweep 42/87 was 64
    Largest truncation error: 7.45281e-09
    Energy after sweep 42/87 is -189.791646054132
    Sweep 42/87 CPU time = 43.60s (Wall time = 5.590s)

    vN Entropy at center bond b=150 = 0.783452186089
    Eigs at center bond b=150: 0.7327 0.2151 0.0245 0.0144 0.0074 0.0040 
    Largest link dim during sweep 43/87 was 64
    Largest truncation error: 7.45301e-09
    Energy after sweep 43/87 is -189.791646456618
    Sweep 43/87 CPU time = 43.34s (Wall time = 5.555s)

    vN Entropy at center bond b=150 = 0.783478022139
    Eigs at center bond b=150: 0.7327 0.2151 0.0245 0.0145 0.0074 0.0040 
    Largest link dim during sweep 44/87 was 64
    Largest truncation error: 7.45313e-09
    Energy after sweep 44/87 is -189.791646633196
    Sweep 44/87 CPU time = 43.51s (Wall time = 5.607s)

    vN Entropy at center bond b=150 = 0.783493002660
    Eigs at center bond b=150: 0.7327 0.2151 0.0245 0.0145 0.0074 0.0040 
    Largest link dim during sweep 45/87 was 64
    Largest truncation error: 7.4532e-09
    Energy after sweep 45/87 is -189.791646648167
    Sweep 45/87 CPU time = 43.47s (Wall time = 5.574s)

    vN Entropy at center bond b=150 = 0.783502181063
    Eigs at center bond b=150: 0.7327 0.2151 0.0245 0.0145 0.0074 0.0040 
    Largest link dim during sweep 46/87 was 64
    Largest truncation error: 7.45325e-09
    Energy after sweep 46/87 is -189.791646670739
    Sweep 46/87 CPU time = 43.91s (Wall time = 5.622s)

    vN Entropy at center bond b=150 = 0.783507395260
    Eigs at center bond b=150: 0.7327 0.2151 0.0245 0.0145 0.0074 0.0040 
    Largest link dim during sweep 47/87 was 64
    Largest truncation error: 7.45328e-09
    Energy after sweep 47/87 is -189.791646594541
    Sweep 47/87 CPU time = 43.96s (Wall time = 5.633s)

    vN Entropy at center bond b=150 = 0.783510408445
    Eigs at center bond b=150: 0.7327 0.2151 0.0245 0.0145 0.0074 0.0040 
    Largest link dim during sweep 48/87 was 65
    Largest truncation error: 7.4533e-09
    Energy after sweep 48/87 is -189.791646549179
    Sweep 48/87 CPU time = 43.44s (Wall time = 5.559s)

    vN Entropy at center bond b=150 = 0.783512295874
    Eigs at center bond b=150: 0.7327 0.2151 0.0245 0.0145 0.0074 0.0040 
    Largest link dim during sweep 49/87 was 65
    Largest truncation error: 7.45332e-09
    Energy after sweep 49/87 is -189.791646519926
    Sweep 49/87 CPU time = 43.92s (Wall time = 5.631s)

    vN Entropy at center bond b=150 = 0.783513423388
    Eigs at center bond b=150: 0.7327 0.2151 0.0245 0.0145 0.0074 0.0040 
    Largest link dim during sweep 50/87 was 65
    Largest truncation error: 7.45332e-09
    Energy after sweep 50/87 is -189.791646510516
    Sweep 50/87 CPU time = 43.82s (Wall time = 5.612s)

    vN Entropy at center bond b=150 = 0.783514113197
    Eigs at center bond b=150: 0.7327 0.2151 0.0245 0.0145 0.0074 0.0040 
    Largest link dim during sweep 51/87 was 65
    Largest truncation error: 7.45333e-09
    Energy after sweep 51/87 is -189.791646513689
    Sweep 51/87 CPU time = 43.92s (Wall time = 5.631s)

    vN Entropy at center bond b=150 = 0.783514537984
    Eigs at center bond b=150: 0.7327 0.2151 0.0245 0.0145 0.0074 0.0040 
    Largest link dim during sweep 52/87 was 65
    Largest truncation error: 7.45333e-09
    Energy after sweep 52/87 is -189.791646510718
    Sweep 52/87 CPU time = 43.83s (Wall time = 5.617s)

    vN Entropy at center bond b=150 = 0.783514799118
    Eigs at center bond b=150: 0.7327 0.2151 0.0245 0.0145 0.0074 0.0040 
    Largest link dim during sweep 53/87 was 65
    Largest truncation error: 7.45334e-09
    Energy after sweep 53/87 is -189.791646505310
    Sweep 53/87 CPU time = 43.79s (Wall time = 5.615s)

    vN Entropy at center bond b=150 = 0.783514959223
    Eigs at center bond b=150: 0.7327 0.2151 0.0245 0.0145 0.0074 0.0040 
    Largest link dim during sweep 54/87 was 65
    Largest truncation error: 7.45334e-09
    Energy after sweep 54/87 is -189.791646505136
    Sweep 54/87 CPU time = 43.56s (Wall time = 5.588s)

    vN Entropy at center bond b=150 = 0.783515057225
    Eigs at center bond b=150: 0.7327 0.2151 0.0245 0.0145 0.0074 0.0040 
    Largest link dim during sweep 55/87 was 65
    Largest truncation error: 7.45334e-09
    Energy after sweep 55/87 is -189.791646505019
    Sweep 55/87 CPU time = 44.06s (Wall time = 5.672s)

    vN Entropy at center bond b=150 = 0.783515117182
    Eigs at center bond b=150: 0.7327 0.2151 0.0245 0.0145 0.0074 0.0040 
    Largest link dim during sweep 56/87 was 65
    Largest truncation error: 7.45334e-09
    Energy after sweep 56/87 is -189.791646504948
    Sweep 56/87 CPU time = 43.71s (Wall time = 5.613s)

    vN Entropy at center bond b=150 = 0.783515153866
    Eigs at center bond b=150: 0.7327 0.2151 0.0245 0.0145 0.0074 0.0040 
    Largest link dim during sweep 57/87 was 65
    Largest truncation error: 7.45334e-09
    Energy after sweep 57/87 is -189.791646504909
    Sweep 57/87 CPU time = 43.35s (Wall time = 5.546s)

    vN Entropy at center bond b=150 = 0.783515176323
    Eigs at center bond b=150: 0.7327 0.2151 0.0245 0.0145 0.0074 0.0040 
    Largest link dim during sweep 58/87 was 65
    Largest truncation error: 7.45334e-09
    Energy after sweep 58/87 is -189.791646504878
    Sweep 58/87 CPU time = 43.10s (Wall time = 5.522s)

    vN Entropy at center bond b=150 = 0.783623192473
    Eigs at center bond b=150: 0.7327 0.2151 0.0245 0.0145 0.0074 0.0040 
    Largest link dim during sweep 59/87 was 120
    Largest truncation error: 7.55183e-11
    Energy after sweep 59/87 is -189.791658474592
    Sweep 59/87 CPU time = 2m, 24.2s (Wall time = 18.49s)

    vN Entropy at center bond b=150 = 0.783725648218
    Eigs at center bond b=150: 0.7326 0.2151 0.0245 0.0145 0.0074 0.0040 
    Largest link dim during sweep 60/87 was 127
    Largest truncation error: 7.55227e-11
    Energy after sweep 60/87 is -189.791658778837
    Sweep 60/87 CPU time = 3m, 13.5s (Wall time = 24.77s)

    vN Entropy at center bond b=150 = 0.783761959783
    Eigs at center bond b=150: 0.7326 0.2151 0.0245 0.0145 0.0074 0.0040 
    Largest link dim during sweep 61/87 was 128
    Largest truncation error: 7.5524e-11
    Energy after sweep 61/87 is -189.791658827644
    Sweep 61/87 CPU time = 3m, 22.2s (Wall time = 26.09s)

    vN Entropy at center bond b=150 = 0.783774474272
    Eigs at center bond b=150: 0.7326 0.2151 0.0245 0.0145 0.0074 0.0040 
    Largest link dim during sweep 62/87 was 128
    Largest truncation error: 7.55247e-11
    Energy after sweep 62/87 is -189.791658835714
    Sweep 62/87 CPU time = 3m, 26.5s (Wall time = 26.54s)

    vN Entropy at center bond b=150 = 0.783780059758
    Eigs at center bond b=150: 0.7326 0.2151 0.0245 0.0145 0.0074 0.0040 
    Largest link dim during sweep 63/87 was 128
    Largest truncation error: 7.55247e-11
    Energy after sweep 63/87 is -189.791658838752
    Sweep 63/87 CPU time = 3m, 27.5s (Wall time = 26.70s)

    vN Entropy at center bond b=150 = 0.783783063362
    Eigs at center bond b=150: 0.7326 0.2151 0.0245 0.0145 0.0074 0.0040 
    Largest link dim during sweep 64/87 was 128
    Largest truncation error: 7.55248e-11
    Energy after sweep 64/87 is -189.791658841755
    Sweep 64/87 CPU time = 3m, 25.7s (Wall time = 26.54s)

    vN Entropy at center bond b=150 = 0.783784820492
    Eigs at center bond b=150: 0.7326 0.2151 0.0245 0.0145 0.0074 0.0040 
    Largest link dim during sweep 65/87 was 128
    Largest truncation error: 7.55248e-11
    Energy after sweep 65/87 is -189.791658841003
    Sweep 65/87 CPU time = 3m, 25.0s (Wall time = 26.58s)

    vN Entropy at center bond b=150 = 0.783785870851
    Eigs at center bond b=150: 0.7326 0.2151 0.0245 0.0145 0.0074 0.0040 
    Largest link dim during sweep 66/87 was 128
    Largest truncation error: 7.5525e-11
    Energy after sweep 66/87 is -189.791658841227
    Sweep 66/87 CPU time = 3m, 24.9s (Wall time = 26.50s)

    vN Entropy at center bond b=150 = 0.783786553461
    Eigs at center bond b=150: 0.7326 0.2151 0.0245 0.0145 0.0074 0.0040 
    Largest link dim during sweep 67/87 was 128
    Largest truncation error: 7.55251e-11
    Energy after sweep 67/87 is -189.791658841445
    Sweep 67/87 CPU time = 3m, 15.9s (Wall time = 25.36s)

    vN Entropy at center bond b=150 = 0.783786985182
    Eigs at center bond b=150: 0.7326 0.2151 0.0245 0.0145 0.0074 0.0040 
    Largest link dim during sweep 68/87 was 128
    Largest truncation error: 7.55251e-11
    Energy after sweep 68/87 is -189.791658842203
    Sweep 68/87 CPU time = 3m, 15.9s (Wall time = 25.33s)

    vN Entropy at center bond b=150 = 0.783787281196
    Eigs at center bond b=150: 0.7326 0.2151 0.0245 0.0145 0.0074 0.0040 
    Largest link dim during sweep 69/87 was 128
    Largest truncation error: 7.5525e-11
    Energy after sweep 69/87 is -189.791658841617
    Sweep 69/87 CPU time = 3m, 13.1s (Wall time = 24.92s)

    vN Entropy at center bond b=150 = 0.783787472679
    Eigs at center bond b=150: 0.7326 0.2151 0.0245 0.0145 0.0074 0.0040 
    Largest link dim during sweep 70/87 was 128
    Largest truncation error: 7.5525e-11
    Energy after sweep 70/87 is -189.791658841711
    Sweep 70/87 CPU time = 3m, 13.1s (Wall time = 24.75s)

    vN Entropy at center bond b=150 = 0.783787600815
    Eigs at center bond b=150: 0.7326 0.2151 0.0245 0.0145 0.0074 0.0040 
    Largest link dim during sweep 71/87 was 128
    Largest truncation error: 7.5525e-11
    Energy after sweep 71/87 is -189.791658841743
    Sweep 71/87 CPU time = 3m, 12.4s (Wall time = 24.67s)

    vN Entropy at center bond b=150 = 0.783787687280
    Eigs at center bond b=150: 0.7326 0.2151 0.0245 0.0145 0.0074 0.0040 
    Largest link dim during sweep 72/87 was 128
    Largest truncation error: 7.55249e-11
    Energy after sweep 72/87 is -189.791658841731
    Sweep 72/87 CPU time = 3m, 14.4s (Wall time = 25.01s)

    vN Entropy at center bond b=150 = 0.783787746084
    Eigs at center bond b=150: 0.7326 0.2151 0.0245 0.0145 0.0074 0.0040 
    Largest link dim during sweep 73/87 was 128
    Largest truncation error: 7.5525e-11
    Energy after sweep 73/87 is -189.791658841738
    Sweep 73/87 CPU time = 3m, 14.7s (Wall time = 24.94s)

    vN Entropy at center bond b=150 = 0.783787786324
    Eigs at center bond b=150: 0.7326 0.2151 0.0245 0.0145 0.0074 0.0040 
    Largest link dim during sweep 74/87 was 128
    Largest truncation error: 7.55252e-11
    Energy after sweep 74/87 is -189.791658841761
    Sweep 74/87 CPU time = 3m, 14.5s (Wall time = 24.93s)

    vN Entropy at center bond b=150 = 0.783792021518
    Eigs at center bond b=150: 0.7326 0.2151 0.0245 0.0145 0.0074 0.0040 
    Largest link dim during sweep 75/87 was 230
    Largest truncation error: 7.43573e-13
    Energy after sweep 75/87 is -189.791658985466
    Sweep 75/87 CPU time = 7m, 19.7s (Wall time = 1m, 0.8s)

    vN Entropy at center bond b=150 = 0.783793286170
    Eigs at center bond b=150: 0.7326 0.2151 0.0245 0.0145 0.0074 0.0040 
    Largest link dim during sweep 76/87 was 243
    Largest truncation error: 7.43467e-13
    Energy after sweep 76/87 is -189.791658988764
    Sweep 76/87 CPU time = 10m, 55s (Wall time = 1m, 28.4s)

    vN Entropy at center bond b=150 = 0.783794137355
    Eigs at center bond b=150: 0.7326 0.2151 0.0245 0.0145 0.0074 0.0040 
    Largest link dim during sweep 77/87 was 241
    Largest truncation error: 7.43416e-13
    Energy after sweep 77/87 is -189.791658989735
    Sweep 77/87 CPU time = 11m, 42s (Wall time = 1m, 34.0s)

    vN Entropy at center bond b=150 = 0.783794763723
    Eigs at center bond b=150: 0.7326 0.2151 0.0245 0.0145 0.0074 0.0040 
    Largest link dim during sweep 78/87 was 240
    Largest truncation error: 7.43477e-13
    Energy after sweep 78/87 is -189.791658990244
    Sweep 78/87 CPU time = 12m, 1s (Wall time = 1m, 33.5s)

    vN Entropy at center bond b=150 = 0.783795253188
    Eigs at center bond b=150: 0.7326 0.2151 0.0245 0.0145 0.0074 0.0040 
    Largest link dim during sweep 79/87 was 239
    Largest truncation error: 7.43357e-13
    Energy after sweep 79/87 is -189.791658990561
    Sweep 79/87 CPU time = 11m, 37s (Wall time = 1m, 34.1s)

    vN Entropy at center bond b=150 = 0.783795641968
    Eigs at center bond b=150: 0.7326 0.2151 0.0245 0.0145 0.0074 0.0040 
    Largest link dim during sweep 80/87 was 239
    Largest truncation error: 7.43457e-13
    Energy after sweep 80/87 is -189.791658990783
    Sweep 80/87 CPU time = 11m, 42s (Wall time = 1m, 35.7s)

    vN Entropy at center bond b=150 = 0.783795953076
    Eigs at center bond b=150: 0.7326 0.2151 0.0245 0.0145 0.0074 0.0040 
    Largest link dim during sweep 81/87 was 239
    Largest truncation error: 7.43441e-13
    Energy after sweep 81/87 is -189.791658990939
    Sweep 81/87 CPU time = 11m, 41s (Wall time = 1m, 34.8s)

    vN Entropy at center bond b=150 = 0.783796203149
    Eigs at center bond b=150: 0.7326 0.2151 0.0245 0.0145 0.0074 0.0040 
    Largest link dim during sweep 82/87 was 239
    Largest truncation error: 7.4357e-13
    Energy after sweep 82/87 is -189.791658991056
    Sweep 82/87 CPU time = 11m, 40s (Wall time = 1m, 30.3s)

    vN Entropy at center bond b=150 = 0.783796779254
    Eigs at center bond b=150: 0.7326 0.2151 0.0245 0.0145 0.0074 0.0040 
    Largest link dim during sweep 83/87 was 221
    Largest truncation error: 7.37429e-13
    Energy after sweep 83/87 is -189.791658990635
    Sweep 83/87 CPU time = 9m, 19.2s (Wall time = 1m, 11.9s)

    vN Entropy at center bond b=150 = 0.783796978490
    Eigs at center bond b=150: 0.7326 0.2151 0.0245 0.0145 0.0074 0.0040 
    Largest link dim during sweep 84/87 was 396
    Largest truncation error: 7.32704e-15
    Energy after sweep 84/87 is -189.791658992912
    Sweep 84/87 CPU time = 21m, 42s (Wall time = 2m, 56.0s)

    vN Entropy at center bond b=150 = 0.783797218984
    Eigs at center bond b=150: 0.7326 0.2151 0.0245 0.0145 0.0074 0.0040 
    Largest link dim during sweep 85/87 was 427
    Largest truncation error: 7.3448e-15
    Energy after sweep 85/87 is -189.791658993050
    Sweep 85/87 CPU time = 39m, 3s (Wall time = 5m, 11.6s)

    vN Entropy at center bond b=150 = 0.783797394513
    Eigs at center bond b=150: 0.7326 0.2151 0.0245 0.0145 0.0074 0.0040 
    Largest link dim during sweep 86/87 was 425
    Largest truncation error: 7.32564e-15
    Energy after sweep 86/87 is -189.791658993123
    Sweep 86/87 CPU time = 36m, 36s (Wall time = 4m, 42.6s)

    vN Entropy at center bond b=150 = 0.783797515464
    Eigs at center bond b=150: 0.7326 0.2151 0.0245 0.0145 0.0074 0.0040 
    Largest link dim during sweep 87/87 was 423
    Largest truncation error: 7.32522e-15
    Energy after sweep 87/87 is -189.791658993159
    Sweep 87/87 CPU time = 37m, 46s (Wall time = 4m, 52.8s)
Initial energy = 0.00000

Ground State Energy = -189.7916589932
run_outputs/outputpsi/N_300_sweep_87_t_0.030000_J_1.000000_V_0.600000_D_0.018000_U_0.100000_mu_0.000000_E_0.000000 notconverge
Wall-clock time (s) = 15547.256367
