//////////////////////////
Reading input file ......

Got input.N = 303
Got input.t = 0.03
Got input.J = 1
Got input.V = 0.6
Got input.D = 0.018
Got input.U = 0.8
Got input.mu = 0
Got input.E = 0.001
Got input.nsweeps = 87
Sweeps:
1  MaxDim=20, MinDim=20, Cutoff=1.0E-06, Niter=8, Noise=1.0E-05
2  MaxDim=20, MinDim=20, Cutoff=1.0E-06, Niter=8, Noise=1.0E-05
3  MaxDim=20, MinDim=20, Cutoff=1.0E-06, Niter=8, Noise=1.0E-05
4  MaxDim=20, MinDim=20, Cutoff=1.0E-06, Niter=8, Noise=1.0E-05
5  MaxDim=20, MinDim=20, Cutoff=1.0E-06, Niter=8, Noise=1.0E-05
6  MaxDim=20, MinDim=20, Cutoff=1.0E-06, Niter=8, Noise=1.0E-05
7  MaxDim=20, MinDim=20, Cutoff=1.0E-06, Niter=8, Noise=1.0E-05
8  MaxDim=40, MinDim=20, Cutoff=1.0E-06, Niter=4, Noise=1.0E-05
9  MaxDim=40, MinDim=20, Cutoff=1.0E-06, Niter=4, Noise=1.0E-05
10  MaxDim=40, MinDim=20, Cutoff=1.0E-06, Niter=4, Noise=1.0E-05
11  MaxDim=40, MinDim=20, Cutoff=1.0E-06, Niter=4, Noise=1.0E-05
12  MaxDim=40, MinDim=20, Cutoff=1.0E-06, Niter=4, Noise=1.0E-05
13  MaxDim=40, MinDim=20, Cutoff=1.0E-06, Niter=4, Noise=1.0E-05
14  MaxDim=40, MinDim=20, Cutoff=1.0E-06, Niter=4, Noise=1.0E-05
15  MaxDim=80, MinDim=10, Cutoff=1.0E-06, Niter=4, Noise=1.0E-05
16  MaxDim=80, MinDim=10, Cutoff=1.0E-06, Niter=4, Noise=1.0E-05
17  MaxDim=80, MinDim=10, Cutoff=1.0E-06, Niter=4, Noise=1.0E-05
18  MaxDim=80, MinDim=10, Cutoff=1.0E-06, Niter=4, Noise=1.0E-05
19  MaxDim=80, MinDim=10, Cutoff=1.0E-06, Niter=4, Noise=1.0E-05
20  MaxDim=80, MinDim=10, Cutoff=1.0E-06, Niter=4, Noise=1.0E-05
21  MaxDim=80, MinDim=10, Cutoff=1.0E-06, Niter=4, Noise=1.0E-05
22  MaxDim=80, MinDim=10, Cutoff=1.0E-06, Niter=4, Noise=1.0E-05
23  MaxDim=80, MinDim=10, Cutoff=1.0E-06, Niter=4, Noise=1.0E-05
24  MaxDim=80, MinDim=10, Cutoff=1.0E-06, Niter=4, Noise=1.0E-05
25  MaxDim=80, MinDim=10, Cutoff=1.0E-06, Niter=4, Noise=1.0E-05
26  MaxDim=80, MinDim=10, Cutoff=1.0E-06, Niter=4, Noise=1.0E-05
27  MaxDim=80, MinDim=10, Cutoff=1.0E-06, Niter=4, Noise=1.0E-05
28  MaxDim=80, MinDim=10, Cutoff=1.0E-06, Niter=4, Noise=1.0E-05
29  MaxDim=80, MinDim=10, Cutoff=1.0E-06, Niter=4, Noise=1.0E-05
30  MaxDim=80, MinDim=10, Cutoff=1.0E-06, Niter=4, Noise=1.0E-05
31  MaxDim=80, MinDim=10, Cutoff=1.0E-06, Niter=4, Noise=1.0E-05
32  MaxDim=80, MinDim=10, Cutoff=1.0E-06, Niter=4, Noise=1.0E-05
33  MaxDim=80, MinDim=10, Cutoff=1.0E-06, Niter=4, Noise=1.0E-05
34  MaxDim=80, MinDim=10, Cutoff=1.0E-06, Niter=4, Noise=1.0E-05
35  MaxDim=80, MinDim=10, Cutoff=1.0E-06, Niter=4, Noise=1.0E-05
36  MaxDim=80, MinDim=10, Cutoff=1.0E-06, Niter=4, Noise=1.0E-05
37  MaxDim=160, MinDim=10, Cutoff=1.0E-08, Niter=4, Noise=1.0E-06
38  MaxDim=160, MinDim=10, Cutoff=1.0E-08, Niter=4, Noise=1.0E-06
39  MaxDim=160, MinDim=10, Cutoff=1.0E-08, Niter=4, Noise=1.0E-06
40  MaxDim=160, MinDim=10, Cutoff=1.0E-08, Niter=4, Noise=1.0E-06
41  MaxDim=160, MinDim=10, Cutoff=1.0E-08, Niter=4, Noise=1.0E-06
42  MaxDim=160, MinDim=10, Cutoff=1.0E-08, Niter=4, Noise=1.0E-06
43  MaxDim=160, MinDim=10, Cutoff=1.0E-08, Niter=4, Noise=1.0E-06
44  MaxDim=160, MinDim=10, Cutoff=1.0E-08, Niter=4, Noise=1.0E-06
45  MaxDim=160, MinDim=10, Cutoff=1.0E-08, Niter=4, Noise=1.0E-06
46  MaxDim=160, MinDim=10, Cutoff=1.0E-08, Niter=4, Noise=1.0E-06
47  MaxDim=160, MinDim=10, Cutoff=1.0E-08, Niter=4, Noise=1.0E-06
48  MaxDim=160, MinDim=10, Cutoff=1.0E-08, Niter=4, Noise=1.0E-06
49  MaxDim=160, MinDim=10, Cutoff=1.0E-08, Niter=4, Noise=1.0E-06
50  MaxDim=160, MinDim=10, Cutoff=1.0E-08, Niter=4, Noise=1.0E-06
51  MaxDim=160, MinDim=10, Cutoff=1.0E-08, Niter=4, Noise=1.0E-06
52  MaxDim=160, MinDim=10, Cutoff=1.0E-08, Niter=4, Noise=1.0E-06
53  MaxDim=160, MinDim=10, Cutoff=1.0E-08, Niter=4, Noise=1.0E-06
54  MaxDim=160, MinDim=10, Cutoff=1.0E-08, Niter=4, Noise=1.0E-06
55  MaxDim=160, MinDim=10, Cutoff=1.0E-08, Niter=4, Noise=1.0E-06
56  MaxDim=160, MinDim=10, Cutoff=1.0E-08, Niter=4, Noise=1.0E-06
57  MaxDim=160, MinDim=10, Cutoff=1.0E-08, Niter=4, Noise=1.0E-06
58  MaxDim=160, MinDim=10, Cutoff=1.0E-08, Niter=4, Noise=1.0E-06
59  MaxDim=320, MinDim=10, Cutoff=1.0E-10, Niter=4, Noise=1.0E-07
60  MaxDim=320, MinDim=10, Cutoff=1.0E-10, Niter=4, Noise=1.0E-07
61  MaxDim=320, MinDim=10, Cutoff=1.0E-10, Niter=4, Noise=1.0E-07
62  MaxDim=320, MinDim=10, Cutoff=1.0E-10, Niter=4, Noise=1.0E-07
63  MaxDim=320, MinDim=10, Cutoff=1.0E-10, Niter=4, Noise=1.0E-07
64  MaxDim=320, MinDim=10, Cutoff=1.0E-10, Niter=4, Noise=1.0E-07
65  MaxDim=320, MinDim=10, Cutoff=1.0E-10, Niter=4, Noise=1.0E-07
66  MaxDim=320, MinDim=10, Cutoff=1.0E-10, Niter=4, Noise=1.0E-07
67  MaxDim=320, MinDim=10, Cutoff=1.0E-10, Niter=4, Noise=1.0E-07
68  MaxDim=320, MinDim=10, Cutoff=1.0E-10, Niter=4, Noise=1.0E-07
69  MaxDim=320, MinDim=10, Cutoff=1.0E-10, Niter=4, Noise=1.0E-07
70  MaxDim=320, MinDim=10, Cutoff=1.0E-10, Niter=4, Noise=1.0E-07
71  MaxDim=320, MinDim=10, Cutoff=1.0E-10, Niter=4, Noise=1.0E-07
72  MaxDim=320, MinDim=10, Cutoff=1.0E-10, Niter=4, Noise=1.0E-07
73  MaxDim=320, MinDim=10, Cutoff=1.0E-10, Niter=4, Noise=1.0E-07
74  MaxDim=320, MinDim=10, Cutoff=1.0E-10, Niter=4, Noise=1.0E-07
75  MaxDim=640, MinDim=10, Cutoff=1.0E-12, Niter=2, Noise=1.0E-08
76  MaxDim=640, MinDim=10, Cutoff=1.0E-12, Niter=2, Noise=1.0E-08
77  MaxDim=640, MinDim=10, Cutoff=1.0E-12, Niter=2, Noise=1.0E-08
78  MaxDim=640, MinDim=10, Cutoff=1.0E-12, Niter=2, Noise=1.0E-08
79  MaxDim=640, MinDim=10, Cutoff=1.0E-12, Niter=2, Noise=1.0E-08
80  MaxDim=640, MinDim=10, Cutoff=1.0E-12, Niter=2, Noise=1.0E-08
81  MaxDim=640, MinDim=10, Cutoff=1.0E-12, Niter=2, Noise=1.0E-08
82  MaxDim=640, MinDim=10, Cutoff=1.0E-12, Niter=2, Noise=1.0E-08
83  MaxDim=1280, MinDim=10, Cutoff=1.0E-12, Niter=2, Noise=0.0E+00
84  MaxDim=1280, MinDim=10, Cutoff=1.0E-14, Niter=2, Noise=0.0E+00
85  MaxDim=1280, MinDim=10, Cutoff=1.0E-14, Niter=2, Noise=0.0E+00
86  MaxDim=1280, MinDim=10, Cutoff=1.0E-14, Niter=2, Noise=0.0E+00
87  MaxDim=1280, MinDim=10, Cutoff=1.0E-14, Niter=2, Noise=0.0E+00


    vN Entropy at center bond b=151 = 0.678702568932
    Eigs at center bond b=151: 0.7587 0.2107 0.0195 0.0047 0.0046 
    Largest link dim during sweep 1/87 was 20
    Largest truncation error: 2.91183e-05
    Energy after sweep 1/87 is -166.979675350646
    Sweep 1/87 CPU time = 9.291s (Wall time = 1.199s)

    vN Entropy at center bond b=151 = 0.766643509754
    Eigs at center bond b=151: 0.6945 0.2712 0.0194 0.0066 0.0054 0.0015 
    Largest link dim during sweep 2/87 was 20
    Largest truncation error: 2.49104e-06
    Energy after sweep 2/87 is -167.017338450781
    Sweep 2/87 CPU time = 12.87s (Wall time = 1.654s)

    vN Entropy at center bond b=151 = 0.772108528582
    Eigs at center bond b=151: 0.6883 0.2774 0.0192 0.0067 0.0054 0.0016 
    Largest link dim during sweep 3/87 was 20
    Largest truncation error: 2.38317e-06
    Energy after sweep 3/87 is -167.018258535682
    Sweep 3/87 CPU time = 12.90s (Wall time = 1.649s)

    vN Entropy at center bond b=151 = 0.773535461514
    Eigs at center bond b=151: 0.6866 0.2791 0.0191 0.0067 0.0054 0.0016 
    Largest link dim during sweep 4/87 was 20
    Largest truncation error: 2.39143e-06
    Energy after sweep 4/87 is -167.018397460184
    Sweep 4/87 CPU time = 12.82s (Wall time = 1.645s)

    vN Entropy at center bond b=151 = 0.774100355295
    Eigs at center bond b=151: 0.6860 0.2797 0.0191 0.0068 0.0054 0.0016 
    Largest link dim during sweep 5/87 was 20
    Largest truncation error: 2.39357e-06
    Energy after sweep 5/87 is -167.018430613055
    Sweep 5/87 CPU time = 12.80s (Wall time = 1.639s)

    vN Entropy at center bond b=151 = 0.774363706654
    Eigs at center bond b=151: 0.6857 0.2800 0.0191 0.0068 0.0054 0.0016 
    Largest link dim during sweep 6/87 was 20
    Largest truncation error: 2.39542e-06
    Energy after sweep 6/87 is -167.018441383432
    Sweep 6/87 CPU time = 12.74s (Wall time = 1.634s)

    vN Entropy at center bond b=151 = 0.774494804549
    Eigs at center bond b=151: 0.6856 0.2802 0.0191 0.0068 0.0054 0.0016 
    Largest link dim during sweep 7/87 was 20
    Largest truncation error: 2.39675e-06
    Energy after sweep 7/87 is -167.018445763765
    Sweep 7/87 CPU time = 12.80s (Wall time = 1.638s)

    vN Entropy at center bond b=151 = 0.775731859568
    Eigs at center bond b=151: 0.6852 0.2803 0.0192 0.0068 0.0055 0.0016 
    Largest link dim during sweep 8/87 was 28
    Largest truncation error: 7.72222e-07
    Energy after sweep 8/87 is -167.020710815212
    Sweep 8/87 CPU time = 8.264s (Wall time = 1.054s)

    vN Entropy at center bond b=151 = 0.776237860914
    Eigs at center bond b=151: 0.6853 0.2801 0.0192 0.0068 0.0055 0.0016 
    Largest link dim during sweep 9/87 was 28
    Largest truncation error: 7.71806e-07
    Energy after sweep 9/87 is -167.020789829767
    Sweep 9/87 CPU time = 8.744s (Wall time = 1.120s)

    vN Entropy at center bond b=151 = 0.776314895978
    Eigs at center bond b=151: 0.6855 0.2799 0.0193 0.0068 0.0055 0.0016 
    Largest link dim during sweep 10/87 was 28
    Largest truncation error: 7.68133e-07
    Energy after sweep 10/87 is -167.020799220484
    Sweep 10/87 CPU time = 8.905s (Wall time = 1.142s)

    vN Entropy at center bond b=151 = 0.776232252777
    Eigs at center bond b=151: 0.6857 0.2796 0.0193 0.0068 0.0055 0.0016 
    Largest link dim during sweep 11/87 was 28
    Largest truncation error: 7.68352e-07
    Energy after sweep 11/87 is -167.020802862407
    Sweep 11/87 CPU time = 8.938s (Wall time = 1.146s)

    vN Entropy at center bond b=151 = 0.776151204132
    Eigs at center bond b=151: 0.6859 0.2794 0.0193 0.0068 0.0055 0.0016 
    Largest link dim during sweep 12/87 was 28
    Largest truncation error: 7.66684e-07
    Energy after sweep 12/87 is -167.020805011632
    Sweep 12/87 CPU time = 8.977s (Wall time = 1.147s)

    vN Entropy at center bond b=151 = 0.776091689747
    Eigs at center bond b=151: 0.6860 0.2793 0.0193 0.0068 0.0055 0.0016 
    Largest link dim during sweep 13/87 was 28
    Largest truncation error: 7.68981e-07
    Energy after sweep 13/87 is -167.020805513756
    Sweep 13/87 CPU time = 8.944s (Wall time = 1.142s)

    vN Entropy at center bond b=151 = 0.776051237823
    Eigs at center bond b=151: 0.6860 0.2793 0.0193 0.0068 0.0055 0.0016 
    Largest link dim during sweep 14/87 was 28
    Largest truncation error: 7.66679e-07
    Energy after sweep 14/87 is -167.020807384770
    Sweep 14/87 CPU time = 8.892s (Wall time = 1.141s)

    vN Entropy at center bond b=151 = 0.776024327141
    Eigs at center bond b=151: 0.6861 0.2792 0.0193 0.0068 0.0055 0.0016 
    Largest link dim during sweep 15/87 was 28
    Largest truncation error: 7.6844e-07
    Energy after sweep 15/87 is -167.020802789741
    Sweep 15/87 CPU time = 8.922s (Wall time = 1.144s)

    vN Entropy at center bond b=151 = 0.776006468190
    Eigs at center bond b=151: 0.6861 0.2792 0.0193 0.0068 0.0055 0.0016 
    Largest link dim during sweep 16/87 was 28
    Largest truncation error: 7.69892e-07
    Energy after sweep 16/87 is -167.020802900671
    Sweep 16/87 CPU time = 8.849s (Wall time = 1.132s)

    vN Entropy at center bond b=151 = 0.775994596422
    Eigs at center bond b=151: 0.6861 0.2791 0.0193 0.0068 0.0055 0.0016 
    Largest link dim during sweep 17/87 was 28
    Largest truncation error: 7.67792e-07
    Energy after sweep 17/87 is -167.020802985694
    Sweep 17/87 CPU time = 8.854s (Wall time = 1.135s)

    vN Entropy at center bond b=151 = 0.775986635724
    Eigs at center bond b=151: 0.6862 0.2791 0.0193 0.0068 0.0055 0.0016 
    Largest link dim during sweep 18/87 was 28
    Largest truncation error: 7.68318e-07
    Energy after sweep 18/87 is -167.020803025943
    Sweep 18/87 CPU time = 8.932s (Wall time = 1.142s)

    vN Entropy at center bond b=151 = 0.775981247582
    Eigs at center bond b=151: 0.6862 0.2791 0.0193 0.0068 0.0055 0.0016 
    Largest link dim during sweep 19/87 was 28
    Largest truncation error: 7.68674e-07
    Energy after sweep 19/87 is -167.020803050289
    Sweep 19/87 CPU time = 8.957s (Wall time = 1.150s)

    vN Entropy at center bond b=151 = 0.775977582483
    Eigs at center bond b=151: 0.6862 0.2791 0.0193 0.0068 0.0055 0.0016 
    Largest link dim during sweep 20/87 was 28
    Largest truncation error: 7.6892e-07
    Energy after sweep 20/87 is -167.020803065969
    Sweep 20/87 CPU time = 8.906s (Wall time = 1.141s)

    vN Entropy at center bond b=151 = 0.775975081548
    Eigs at center bond b=151: 0.6862 0.2791 0.0193 0.0068 0.0055 0.0016 
    Largest link dim during sweep 21/87 was 28
    Largest truncation error: 7.69092e-07
    Energy after sweep 21/87 is -167.020803076261
    Sweep 21/87 CPU time = 8.935s (Wall time = 1.143s)

    vN Entropy at center bond b=151 = 0.775973369887
    Eigs at center bond b=151: 0.6862 0.2791 0.0193 0.0068 0.0055 0.0016 
    Largest link dim during sweep 22/87 was 28
    Largest truncation error: 7.69212e-07
    Energy after sweep 22/87 is -167.020803083071
    Sweep 22/87 CPU time = 8.940s (Wall time = 1.144s)

    vN Entropy at center bond b=151 = 0.775972194785
    Eigs at center bond b=151: 0.6862 0.2791 0.0193 0.0068 0.0055 0.0016 
    Largest link dim during sweep 23/87 was 28
    Largest truncation error: 7.69296e-07
    Energy after sweep 23/87 is -167.020803087614
    Sweep 23/87 CPU time = 8.912s (Wall time = 1.139s)

    vN Entropy at center bond b=151 = 0.775971385580
    Eigs at center bond b=151: 0.6862 0.2791 0.0193 0.0068 0.0055 0.0016 
    Largest link dim during sweep 24/87 was 28
    Largest truncation error: 7.69356e-07
    Energy after sweep 24/87 is -167.020803090662
    Sweep 24/87 CPU time = 8.881s (Wall time = 1.137s)

    vN Entropy at center bond b=151 = 0.775970826743
    Eigs at center bond b=151: 0.6862 0.2791 0.0193 0.0068 0.0055 0.0016 
    Largest link dim during sweep 25/87 was 28
    Largest truncation error: 7.69397e-07
    Energy after sweep 25/87 is -167.020803092720
    Sweep 25/87 CPU time = 8.900s (Wall time = 1.138s)

    vN Entropy at center bond b=151 = 0.775970439806
    Eigs at center bond b=151: 0.6862 0.2791 0.0193 0.0068 0.0055 0.0016 
    Largest link dim during sweep 26/87 was 28
    Largest truncation error: 7.69427e-07
    Energy after sweep 26/87 is -167.020803094125
    Sweep 26/87 CPU time = 8.853s (Wall time = 1.138s)

    vN Entropy at center bond b=151 = 0.775970171273
    Eigs at center bond b=151: 0.6862 0.2791 0.0193 0.0068 0.0055 0.0016 
    Largest link dim during sweep 27/87 was 28
    Largest truncation error: 7.69447e-07
    Energy after sweep 27/87 is -167.020803095077
    Sweep 27/87 CPU time = 8.823s (Wall time = 1.131s)

    vN Entropy at center bond b=151 = 0.775969984533
    Eigs at center bond b=151: 0.6862 0.2791 0.0193 0.0068 0.0055 0.0016 
    Largest link dim during sweep 28/87 was 28
    Largest truncation error: 7.69462e-07
    Energy after sweep 28/87 is -167.020803095731
    Sweep 28/87 CPU time = 8.880s (Wall time = 1.138s)

    vN Entropy at center bond b=151 = 0.775969854443
    Eigs at center bond b=151: 0.6862 0.2791 0.0193 0.0068 0.0055 0.0016 
    Largest link dim during sweep 29/87 was 28
    Largest truncation error: 7.69472e-07
    Energy after sweep 29/87 is -167.020803096180
    Sweep 29/87 CPU time = 8.857s (Wall time = 1.138s)

    vN Entropy at center bond b=151 = 0.775969763677
    Eigs at center bond b=151: 0.6862 0.2791 0.0193 0.0068 0.0055 0.0016 
    Largest link dim during sweep 30/87 was 28
    Largest truncation error: 7.69479e-07
    Energy after sweep 30/87 is -167.020803096494
    Sweep 30/87 CPU time = 8.862s (Wall time = 1.135s)

    vN Entropy at center bond b=151 = 0.775969700263
    Eigs at center bond b=151: 0.6862 0.2791 0.0193 0.0068 0.0055 0.0016 
    Largest link dim during sweep 31/87 was 28
    Largest truncation error: 7.69484e-07
    Energy after sweep 31/87 is -167.020803096709
    Sweep 31/87 CPU time = 8.919s (Wall time = 1.139s)

    vN Entropy at center bond b=151 = 0.775969655908
    Eigs at center bond b=151: 0.6862 0.2791 0.0193 0.0068 0.0055 0.0016 
    Largest link dim during sweep 32/87 was 28
    Largest truncation error: 7.69488e-07
    Energy after sweep 32/87 is -167.020803096856
    Sweep 32/87 CPU time = 8.915s (Wall time = 1.140s)

    vN Entropy at center bond b=151 = 0.775969624852
    Eigs at center bond b=151: 0.6862 0.2791 0.0193 0.0068 0.0055 0.0016 
    Largest link dim during sweep 33/87 was 28
    Largest truncation error: 7.6949e-07
    Energy after sweep 33/87 is -167.020803096963
    Sweep 33/87 CPU time = 8.891s (Wall time = 1.139s)

    vN Entropy at center bond b=151 = 0.775969603089
    Eigs at center bond b=151: 0.6862 0.2791 0.0193 0.0068 0.0055 0.0016 
    Largest link dim during sweep 34/87 was 28
    Largest truncation error: 7.69492e-07
    Energy after sweep 34/87 is -167.020803097034
    Sweep 34/87 CPU time = 8.919s (Wall time = 1.140s)

    vN Entropy at center bond b=151 = 0.775969587826
    Eigs at center bond b=151: 0.6862 0.2791 0.0193 0.0068 0.0055 0.0016 
    Largest link dim during sweep 35/87 was 28
    Largest truncation error: 7.69493e-07
    Energy after sweep 35/87 is -167.020803097082
    Sweep 35/87 CPU time = 8.905s (Wall time = 1.141s)

    vN Entropy at center bond b=151 = 0.775969577116
    Eigs at center bond b=151: 0.6862 0.2791 0.0193 0.0068 0.0055 0.0016 
    Largest link dim during sweep 36/87 was 28
    Largest truncation error: 7.69494e-07
    Energy after sweep 36/87 is -167.020803097119
    Sweep 36/87 CPU time = 8.881s (Wall time = 1.139s)

    vN Entropy at center bond b=151 = 0.782918639850
    Eigs at center bond b=151: 0.6857 0.2784 0.0195 0.0069 0.0058 0.0017 
    Largest link dim during sweep 37/87 was 63
    Largest truncation error: 7.71345e-09
    Energy after sweep 37/87 is -167.022796487397
    Sweep 37/87 CPU time = 24.02s (Wall time = 3.081s)

    vN Entropy at center bond b=151 = 0.872690252576
    Eigs at center bond b=151: 0.6736 0.2699 0.0255 0.0111 0.0091 0.0040 0.0036 0.0014 
    Largest link dim during sweep 38/87 was 88
    Largest truncation error: 7.85708e-09
    Energy after sweep 38/87 is -167.024035313110
    Sweep 38/87 CPU time = 56.11s (Wall time = 7.204s)

    vN Entropy at center bond b=151 = 1.015261030313
    Eigs at center bond b=151: 0.6370 0.2641 0.0499 0.0197 0.0146 0.0054 0.0044 0.0015 0.0012 
    Largest link dim during sweep 39/87 was 105
    Largest truncation error: 7.91802e-09
    Energy after sweep 39/87 is -167.024490347425
    Sweep 39/87 CPU time = 1m, 24.4s (Wall time = 10.84s)

    vN Entropy at center bond b=151 = 1.041573541772
    Eigs at center bond b=151: 0.6280 0.2682 0.0513 0.0207 0.0151 0.0057 0.0047 0.0016 0.0012 
    Largest link dim during sweep 40/87 was 122
    Largest truncation error: 7.91985e-09
    Energy after sweep 40/87 is -167.024600369007
    Sweep 40/87 CPU time = 1m, 45.4s (Wall time = 13.52s)

    vN Entropy at center bond b=151 = 1.073451645655
    Eigs at center bond b=151: 0.6222 0.2744 0.0410 0.0195 0.0167 0.0077 0.0073 0.0032 0.0029 0.0015 
    Largest link dim during sweep 41/87 was 141
    Largest truncation error: 7.93177e-09
    Energy after sweep 41/87 is -167.024761649094
    Sweep 41/87 CPU time = 2m, 7.1s (Wall time = 16.50s)

    vN Entropy at center bond b=151 = 1.177326188214
    Eigs at center bond b=151: 0.5933 0.2775 0.0407 0.0326 0.0180 0.0140 0.0091 0.0038 0.0034 0.0021 
    Largest link dim during sweep 42/87 was 156
    Largest truncation error: 7.47218e-09
    Energy after sweep 42/87 is -167.024908154796
    Sweep 42/87 CPU time = 2m, 35.9s (Wall time = 20.66s)

    vN Entropy at center bond b=151 = 1.244075393294
    Eigs at center bond b=151: 0.5700 0.2794 0.0555 0.0299 0.0261 0.0135 0.0089 0.0039 0.0032 0.0030 
    Largest link dim during sweep 43/87 was 160
    Largest truncation error: 7.43959e-09
    Energy after sweep 43/87 is -167.024964766239
    Sweep 43/87 CPU time = 3m, 2.7s (Wall time = 24.62s)

    vN Entropy at center bond b=151 = 1.262149281988
    Eigs at center bond b=151: 0.5630 0.2801 0.0595 0.0293 0.0285 0.0135 0.0089 0.0039 0.0033 0.0032 
    Largest link dim during sweep 44/87 was 160
    Largest truncation error: 7.43382e-09
    Energy after sweep 44/87 is -167.024978599104
    Sweep 44/87 CPU time = 3m, 16.5s (Wall time = 26.56s)

    vN Entropy at center bond b=151 = 1.266094899744
    Eigs at center bond b=151: 0.5614 0.2803 0.0604 0.0292 0.0290 0.0135 0.0088 0.0039 0.0033 0.0032 
    Largest link dim during sweep 45/87 was 160
    Largest truncation error: 7.4844e-09
    Energy after sweep 45/87 is -167.024981655863
    Sweep 45/87 CPU time = 3m, 21.4s (Wall time = 27.20s)

    vN Entropy at center bond b=151 = 1.267189991301
    Eigs at center bond b=151: 0.5610 0.2803 0.0606 0.0292 0.0291 0.0135 0.0088 0.0039 0.0033 0.0032 
    Largest link dim during sweep 46/87 was 160
    Largest truncation error: 7.42444e-09
    Energy after sweep 46/87 is -167.024982461231
    Sweep 46/87 CPU time = 3m, 20.6s (Wall time = 26.93s)

    vN Entropy at center bond b=151 = 1.267600065028
    Eigs at center bond b=151: 0.5608 0.2804 0.0607 0.0292 0.0291 0.0135 0.0088 0.0039 0.0033 0.0032 
    Largest link dim during sweep 47/87 was 160
    Largest truncation error: 7.37008e-09
    Energy after sweep 47/87 is -167.024982762510
    Sweep 47/87 CPU time = 3m, 23.2s (Wall time = 27.43s)

    vN Entropy at center bond b=151 = 1.267785747146
    Eigs at center bond b=151: 0.5607 0.2804 0.0608 0.0293 0.0291 0.0135 0.0088 0.0039 0.0033 0.0032 
    Largest link dim during sweep 48/87 was 160
    Largest truncation error: 7.45158e-09
    Energy after sweep 48/87 is -167.024982874157
    Sweep 48/87 CPU time = 3m, 26.1s (Wall time = 27.89s)

    vN Entropy at center bond b=151 = 1.267878306232
    Eigs at center bond b=151: 0.5607 0.2804 0.0608 0.0293 0.0291 0.0135 0.0088 0.0039 0.0033 0.0032 
    Largest link dim during sweep 49/87 was 160
    Largest truncation error: 7.43637e-09
    Energy after sweep 49/87 is -167.024982944690
    Sweep 49/87 CPU time = 3m, 26.5s (Wall time = 27.67s)

    vN Entropy at center bond b=151 = 1.267927950012
    Eigs at center bond b=151: 0.5607 0.2804 0.0608 0.0293 0.0291 0.0135 0.0088 0.0039 0.0033 0.0032 
    Largest link dim during sweep 50/87 was 160
    Largest truncation error: 7.42949e-09
    Energy after sweep 50/87 is -167.024982970164
    Sweep 50/87 CPU time = 3m, 20.5s (Wall time = 26.92s)

    vN Entropy at center bond b=151 = 1.267954578052
    Eigs at center bond b=151: 0.5606 0.2804 0.0608 0.0293 0.0291 0.0135 0.0088 0.0039 0.0033 0.0032 
    Largest link dim during sweep 51/87 was 160
    Largest truncation error: 7.4256e-09
    Energy after sweep 51/87 is -167.024982971902
    Sweep 51/87 CPU time = 3m, 24.2s (Wall time = 27.38s)

    vN Entropy at center bond b=151 = 1.267969522062
    Eigs at center bond b=151: 0.5606 0.2804 0.0608 0.0293 0.0291 0.0135 0.0088 0.0039 0.0033 0.0032 
    Largest link dim during sweep 52/87 was 160
    Largest truncation error: 7.42337e-09
    Energy after sweep 52/87 is -167.024982985735
    Sweep 52/87 CPU time = 3m, 19.4s (Wall time = 26.70s)

    vN Entropy at center bond b=151 = 1.267978731216
    Eigs at center bond b=151: 0.5606 0.2804 0.0608 0.0293 0.0291 0.0135 0.0088 0.0039 0.0033 0.0032 
    Largest link dim during sweep 53/87 was 160
    Largest truncation error: 7.42209e-09
    Energy after sweep 53/87 is -167.024982989416
    Sweep 53/87 CPU time = 3m, 21.7s (Wall time = 26.77s)

    vN Entropy at center bond b=151 = 1.267983498478
    Eigs at center bond b=151: 0.5606 0.2804 0.0608 0.0293 0.0291 0.0135 0.0088 0.0039 0.0033 0.0032 
    Largest link dim during sweep 54/87 was 160
    Largest truncation error: 7.42135e-09
    Energy after sweep 54/87 is -167.024982990377
    Sweep 54/87 CPU time = 3m, 25.1s (Wall time = 27.53s)

    vN Entropy at center bond b=151 = 1.267986901017
    Eigs at center bond b=151: 0.5606 0.2804 0.0608 0.0293 0.0291 0.0135 0.0088 0.0039 0.0033 0.0032 
    Largest link dim during sweep 55/87 was 160
    Largest truncation error: 7.42092e-09
    Energy after sweep 55/87 is -167.024982996143
    Sweep 55/87 CPU time = 3m, 20.0s (Wall time = 26.92s)

    vN Entropy at center bond b=151 = 1.267989645879
    Eigs at center bond b=151: 0.5606 0.2804 0.0608 0.0293 0.0291 0.0135 0.0088 0.0039 0.0033 0.0032 
    Largest link dim during sweep 56/87 was 160
    Largest truncation error: 7.47944e-09
    Energy after sweep 56/87 is -167.024982995843
    Sweep 56/87 CPU time = 3m, 21.1s (Wall time = 27.23s)

    vN Entropy at center bond b=151 = 1.267991599633
    Eigs at center bond b=151: 0.5606 0.2804 0.0608 0.0293 0.0291 0.0135 0.0088 0.0039 0.0033 0.0032 
    Largest link dim during sweep 57/87 was 160
    Largest truncation error: 7.46871e-09
    Energy after sweep 57/87 is -167.024982996730
    Sweep 57/87 CPU time = 3m, 23.3s (Wall time = 27.53s)

    vN Entropy at center bond b=151 = 1.267993397872
    Eigs at center bond b=151: 0.5606 0.2804 0.0608 0.0293 0.0291 0.0135 0.0088 0.0039 0.0033 0.0032 
    Largest link dim during sweep 58/87 was 160
    Largest truncation error: 7.46839e-09
    Energy after sweep 58/87 is -167.024982998822
    Sweep 58/87 CPU time = 3m, 18.9s (Wall time = 26.78s)

    vN Entropy at center bond b=151 = 1.270058391464
    Eigs at center bond b=151: 0.5601 0.2802 0.0610 0.0294 0.0292 0.0135 0.0089 0.0039 0.0034 0.0032 
    Largest link dim during sweep 59/87 was 315
    Largest truncation error: 7.47341e-11
    Energy after sweep 59/87 is -167.025000688604
    Sweep 59/87 CPU time = 10m, 48s (Wall time = 1m, 26.8s)

    vN Entropy at center bond b=151 = 1.271148343262
    Eigs at center bond b=151: 0.5599 0.2801 0.0611 0.0295 0.0293 0.0136 0.0089 0.0039 0.0034 0.0032 
    Largest link dim during sweep 60/87 was 320
    Largest truncation error: 7.64105e-11
    Energy after sweep 60/87 is -167.025000826690
    Sweep 60/87 CPU time = 18m, 16s (Wall time = 2m, 24.5s)

    vN Entropy at center bond b=151 = 1.271253808700
    Eigs at center bond b=151: 0.5599 0.2801 0.0611 0.0295 0.0293 0.0136 0.0089 0.0039 0.0034 0.0032 
    Largest link dim during sweep 61/87 was 320
    Largest truncation error: 7.46254e-11
    Energy after sweep 61/87 is -167.025000831912
    Sweep 61/87 CPU time = 18m, 34s (Wall time = 2m, 24.7s)

    vN Entropy at center bond b=151 = 1.271269067853
    Eigs at center bond b=151: 0.5599 0.2801 0.0611 0.0295 0.0293 0.0136 0.0089 0.0039 0.0034 0.0032 
    Largest link dim during sweep 62/87 was 320
    Largest truncation error: 7.46345e-11
    Energy after sweep 62/87 is -167.025000832678
    Sweep 62/87 CPU time = 18m, 35s (Wall time = 2m, 26.5s)

    vN Entropy at center bond b=151 = 1.271271283041
    Eigs at center bond b=151: 0.5599 0.2801 0.0611 0.0295 0.0293 0.0136 0.0089 0.0039 0.0034 0.0032 
    Largest link dim during sweep 63/87 was 320
    Largest truncation error: 7.45993e-11
    Energy after sweep 63/87 is -167.025000832809
    Sweep 63/87 CPU time = 18m, 40s (Wall time = 2m, 27.3s)

    vN Entropy at center bond b=151 = 1.271271569219
    Eigs at center bond b=151: 0.5599 0.2801 0.0611 0.0295 0.0293 0.0136 0.0089 0.0039 0.0034 0.0032 
    Largest link dim during sweep 64/87 was 320
    Largest truncation error: 7.45983e-11
    Energy after sweep 64/87 is -167.025000832852
    Sweep 64/87 CPU time = 18m, 40s (Wall time = 2m, 27.6s)

    vN Entropy at center bond b=151 = 1.271271600173
    Eigs at center bond b=151: 0.5599 0.2801 0.0611 0.0295 0.0293 0.0136 0.0089 0.0039 0.0034 0.0032 
    Largest link dim during sweep 65/87 was 320
    Largest truncation error: 7.45976e-11
    Energy after sweep 65/87 is -167.025000832894
    Sweep 65/87 CPU time = 18m, 41s (Wall time = 2m, 27.9s)

    vN Entropy at center bond b=151 = 1.271271604541
    Eigs at center bond b=151: 0.5599 0.2801 0.0611 0.0295 0.0293 0.0136 0.0089 0.0039 0.0034 0.0032 
    Largest link dim during sweep 66/87 was 320
    Largest truncation error: 7.45975e-11
    Energy after sweep 66/87 is -167.025000832909
    Sweep 66/87 CPU time = 18m, 41s (Wall time = 2m, 27.8s)

    vN Entropy at center bond b=151 = 1.271271606917
    Eigs at center bond b=151: 0.5599 0.2801 0.0611 0.0295 0.0293 0.0136 0.0089 0.0039 0.0034 0.0032 
    Largest link dim during sweep 67/87 was 320
    Largest truncation error: 7.45973e-11
    Energy after sweep 67/87 is -167.025000832909
    Sweep 67/87 CPU time = 18m, 42s (Wall time = 2m, 28.4s)

    vN Entropy at center bond b=151 = 1.271271611763
    Eigs at center bond b=151: 0.5599 0.2801 0.0611 0.0295 0.0293 0.0136 0.0089 0.0039 0.0034 0.0032 
    Largest link dim during sweep 68/87 was 320
    Largest truncation error: 7.45969e-11
    Energy after sweep 68/87 is -167.025000832912
    Sweep 68/87 CPU time = 18m, 43s (Wall time = 2m, 27.5s)

    vN Entropy at center bond b=151 = 1.271271614374
    Eigs at center bond b=151: 0.5599 0.2801 0.0611 0.0295 0.0293 0.0136 0.0089 0.0039 0.0034 0.0032 
    Largest link dim during sweep 69/87 was 320
    Largest truncation error: 7.45969e-11
    Energy after sweep 69/87 is -167.025000832933
    Sweep 69/87 CPU time = 18m, 45s (Wall time = 2m, 28.1s)

    vN Entropy at center bond b=151 = 1.271271616121
    Eigs at center bond b=151: 0.5599 0.2801 0.0611 0.0295 0.0293 0.0136 0.0089 0.0039 0.0034 0.0032 
    Largest link dim during sweep 70/87 was 320
    Largest truncation error: 7.4597e-11
    Energy after sweep 70/87 is -167.025000832937
    Sweep 70/87 CPU time = 18m, 38s (Wall time = 2m, 26.1s)

    vN Entropy at center bond b=151 = 1.271271618265
    Eigs at center bond b=151: 0.5599 0.2801 0.0611 0.0295 0.0293 0.0136 0.0089 0.0039 0.0034 0.0032 
    Largest link dim during sweep 71/87 was 320
    Largest truncation error: 7.4597e-11
    Energy after sweep 71/87 is -167.025000832939
    Sweep 71/87 CPU time = 18m, 37s (Wall time = 2m, 26.0s)

    vN Entropy at center bond b=151 = 1.271271618446
    Eigs at center bond b=151: 0.5599 0.2801 0.0611 0.0295 0.0293 0.0136 0.0089 0.0039 0.0034 0.0032 
    Largest link dim during sweep 72/87 was 320
    Largest truncation error: 7.45971e-11
    Energy after sweep 72/87 is -167.025000832936
    Sweep 72/87 CPU time = 18m, 32s (Wall time = 2m, 25.3s)

    vN Entropy at center bond b=151 = 1.271271618258
    Eigs at center bond b=151: 0.5599 0.2801 0.0611 0.0295 0.0293 0.0136 0.0089 0.0039 0.0034 0.0032 
    Largest link dim during sweep 73/87 was 320
    Largest truncation error: 7.45969e-11
    Energy after sweep 73/87 is -167.025000832940
    Sweep 73/87 CPU time = 18m, 39s (Wall time = 2m, 26.2s)

    vN Entropy at center bond b=151 = 1.271271618092
    Eigs at center bond b=151: 0.5599 0.2801 0.0611 0.0295 0.0293 0.0136 0.0089 0.0039 0.0034 0.0032 
    Largest link dim during sweep 74/87 was 320
    Largest truncation error: 7.45968e-11
    Energy after sweep 74/87 is -167.025000832939
    Sweep 74/87 CPU time = 18m, 30s (Wall time = 2m, 25.1s)

    vN Entropy at center bond b=151 = 1.271287240029
    Eigs at center bond b=151: 0.5599 0.2801 0.0611 0.0295 0.0293 0.0136 0.0089 0.0039 0.0034 0.0032 
    Largest link dim during sweep 75/87 was 601
    Largest truncation error: 7.66061e-13
    Energy after sweep 75/87 is -167.025001032441
    Sweep 75/87 CPU time = 39m, 18s (Wall time = 5m, 18.0s)

    vN Entropy at center bond b=151 = 1.271302418729
    Eigs at center bond b=151: 0.5599 0.2801 0.0611 0.0295 0.0293 0.0136 0.0089 0.0039 0.0034 0.0032 
    Largest link dim during sweep 76/87 was 633
    Largest truncation error: 7.6123e-13
    Energy after sweep 76/87 is -167.025001033812
    Sweep 76/87 CPU time = 57m, 59s (Wall time = 7m, 40.7s)

    vN Entropy at center bond b=151 = 1.271307252343
    Eigs at center bond b=151: 0.5599 0.2801 0.0612 0.0295 0.0293 0.0136 0.0089 0.0039 0.0034 0.0032 
    Largest link dim during sweep 77/87 was 631
    Largest truncation error: 7.60195e-13
    Energy after sweep 77/87 is -167.025001034016
    Sweep 77/87 CPU time = 58m, 52s (Wall time = 7m, 47.8s)

    vN Entropy at center bond b=151 = 1.271308463579
    Eigs at center bond b=151: 0.5599 0.2801 0.0612 0.0295 0.0293 0.0136 0.0089 0.0039 0.0034 0.0032 
    Largest link dim during sweep 78/87 was 631
    Largest truncation error: 7.6036e-13
    Energy after sweep 78/87 is -167.025001034080
    Sweep 78/87 CPU time = 59m, 21s (Wall time = 7m, 55.2s)

    vN Entropy at center bond b=151 = 1.271308638617
    Eigs at center bond b=151: 0.5599 0.2801 0.0612 0.0295 0.0293 0.0136 0.0089 0.0039 0.0034 0.0032 
    Largest link dim during sweep 79/87 was 631
    Largest truncation error: 7.60329e-13
    Energy after sweep 79/87 is -167.025001034101
    Sweep 79/87 CPU time = 59m, 37s (Wall time = 7m, 56.2s)

    vN Entropy at center bond b=151 = 1.271308581209
    Eigs at center bond b=151: 0.5599 0.2801 0.0612 0.0295 0.0293 0.0136 0.0089 0.0039 0.0034 0.0032 
    Largest link dim during sweep 80/87 was 632
    Largest truncation error: 7.60445e-13
    Energy after sweep 80/87 is -167.025001034110
    Sweep 80/87 CPU time = 59m, 53s (Wall time = 8m, 1.0s)

    vN Entropy at center bond b=151 = 1.271308504979
    Eigs at center bond b=151: 0.5599 0.2801 0.0612 0.0295 0.0293 0.0136 0.0089 0.0039 0.0034 0.0032 
    Largest link dim during sweep 81/87 was 632
    Largest truncation error: 7.6039e-13
    Energy after sweep 81/87 is -167.025001034120
    Sweep 81/87 CPU time = 59m, 44s (Wall time = 7m, 58.6s)

    vN Entropy at center bond b=151 = 1.271308451723
    Eigs at center bond b=151: 0.5599 0.2801 0.0612 0.0295 0.0293 0.0136 0.0089 0.0039 0.0034 0.0032 
    Largest link dim during sweep 82/87 was 633
    Largest truncation error: 7.6042e-13
    Energy after sweep 82/87 is -167.025001034120
    Sweep 82/87 CPU time = 59m, 42s (Wall time = 7m, 59.5s)

    vN Entropy at center bond b=151 = 1.271308608535
    Eigs at center bond b=151: 0.5599 0.2801 0.0612 0.0295 0.0293 0.0136 0.0089 0.0039 0.0034 0.0032 
    Largest link dim during sweep 83/87 was 592
    Largest truncation error: 7.66556e-13
    Energy after sweep 83/87 is -167.025001033615
    Sweep 83/87 CPU time = 45m, 9s (Wall time = 5m, 58.0s)

    vN Entropy at center bond b=151 = 1.271308773965
    Eigs at center bond b=151: 0.5599 0.2801 0.0612 0.0295 0.0293 0.0136 0.0089 0.0039 0.0034 0.0032 
    Largest link dim during sweep 84/87 was 1064
    Largest truncation error: 7.49069e-15
    Energy after sweep 84/87 is -167.025001036385
    Sweep 84/87 CPU time = 2h, 3m, 53s (Wall time = 16m, 29s)

    vN Entropy at center bond b=151 = 1.271308920830
    Eigs at center bond b=151: 0.5599 0.2801 0.0612 0.0295 0.0293 0.0136 0.0089 0.0039 0.0034 0.0032 
    Largest link dim during sweep 85/87 was 1121
    Largest truncation error: 7.56096e-15
    Energy after sweep 85/87 is -167.025001036427
    Sweep 85/87 CPU time = 3h, 13m, 31s (Wall time = 27m, 56s)

    vN Entropy at center bond b=151 = 1.271308930889
    Eigs at center bond b=151: 0.5599 0.2801 0.0612 0.0295 0.0293 0.0136 0.0089 0.0039 0.0034 0.0032 
    Largest link dim during sweep 86/87 was 1107
    Largest truncation error: 7.54104e-15
    Energy after sweep 86/87 is -167.025001036425
    Sweep 86/87 CPU time = 3h, 11m, 30s (Wall time = 27m, 28s)

    vN Entropy at center bond b=151 = 1.271308928680
    Eigs at center bond b=151: 0.5599 0.2801 0.0612 0.0295 0.0293 0.0136 0.0089 0.0039 0.0034 0.0032 
    Largest link dim during sweep 87/87 was 1097
    Largest truncation error: 7.54101e-15
    Energy after sweep 87/87 is -167.025001036427
    Sweep 87/87 CPU time = 3h, 8m, 0s (Wall time = 26m, 39s)
Initial energy = 0.00000

Ground State Energy = -167.0250010364
run_outputs/outputpsi/N_303_sweep_87_t_0.030000_J_1.000000_V_0.600000_D_0.018000_U_0.800000_mu_0.000000_E_0.001000 converge
Wall-clock time (s) = 104667.485423
