//////////////////////////
Reading input file ......

Got input.N = 303
Got input.t = 0.03
Got input.J = 1
Got input.V = 0.6
Got input.D = 0.018
Got input.U = 1
Got input.mu = 0
Got input.E = 0.005
Got input.nsweeps = 87
Sweeps:
1  MaxDim=20, MinDim=20, Cutoff=1.0E-06, Niter=8, Noise=1.0E-05
2  MaxDim=20, MinDim=20, Cutoff=1.0E-06, Niter=8, Noise=1.0E-05
3  MaxDim=20, MinDim=20, Cutoff=1.0E-06, Niter=8, Noise=1.0E-05
4  MaxDim=20, MinDim=20, Cutoff=1.0E-06, Niter=8, Noise=1.0E-05
5  MaxDim=20, MinDim=20, Cutoff=1.0E-06, Niter=8, Noise=1.0E-05
6  MaxDim=20, MinDim=20, Cutoff=1.0E-06, Niter=8, Noise=1.0E-05
7  MaxDim=20, MinDim=20, Cutoff=1.0E-06, Niter=8, Noise=1.0E-05
8  MaxDim=40, MinDim=20, Cutoff=1.0E-06, Niter=4, Noise=1.0E-05
9  MaxDim=40, MinDim=20, Cutoff=1.0E-06, Niter=4, Noise=1.0E-05
10  MaxDim=40, MinDim=20, Cutoff=1.0E-06, Niter=4, Noise=1.0E-05
11  MaxDim=40, MinDim=20, Cutoff=1.0E-06, Niter=4, Noise=1.0E-05
12  MaxDim=40, MinDim=20, Cutoff=1.0E-06, Niter=4, Noise=1.0E-05
13  MaxDim=40, MinDim=20, Cutoff=1.0E-06, Niter=4, Noise=1.0E-05
14  MaxDim=40, MinDim=20, Cutoff=1.0E-06, Niter=4, Noise=1.0E-05
15  MaxDim=80, MinDim=10, Cutoff=1.0E-06, Niter=4, Noise=1.0E-05
16  MaxDim=80, MinDim=10, Cutoff=1.0E-06, Niter=4, Noise=1.0E-05
17  MaxDim=80, MinDim=10, Cutoff=1.0E-06, Niter=4, Noise=1.0E-05
18  MaxDim=80, MinDim=10, Cutoff=1.0E-06, Niter=4, Noise=1.0E-05
19  MaxDim=80, MinDim=10, Cutoff=1.0E-06, Niter=4, Noise=1.0E-05
20  MaxDim=80, MinDim=10, Cutoff=1.0E-06, Niter=4, Noise=1.0E-05
21  MaxDim=80, MinDim=10, Cutoff=1.0E-06, Niter=4, Noise=1.0E-05
22  MaxDim=80, MinDim=10, Cutoff=1.0E-06, Niter=4, Noise=1.0E-05
23  MaxDim=80, MinDim=10, Cutoff=1.0E-06, Niter=4, Noise=1.0E-05
24  MaxDim=80, MinDim=10, Cutoff=1.0E-06, Niter=4, Noise=1.0E-05
25  MaxDim=80, MinDim=10, Cutoff=1.0E-06, Niter=4, Noise=1.0E-05
26  MaxDim=80, MinDim=10, Cutoff=1.0E-06, Niter=4, Noise=1.0E-05
27  MaxDim=80, MinDim=10, Cutoff=1.0E-06, Niter=4, Noise=1.0E-05
28  MaxDim=80, MinDim=10, Cutoff=1.0E-06, Niter=4, Noise=1.0E-05
29  MaxDim=80, MinDim=10, Cutoff=1.0E-06, Niter=4, Noise=1.0E-05
30  MaxDim=80, MinDim=10, Cutoff=1.0E-06, Niter=4, Noise=1.0E-05
31  MaxDim=80, MinDim=10, Cutoff=1.0E-06, Niter=4, Noise=1.0E-05
32  MaxDim=80, MinDim=10, Cutoff=1.0E-06, Niter=4, Noise=1.0E-05
33  MaxDim=80, MinDim=10, Cutoff=1.0E-06, Niter=4, Noise=1.0E-05
34  MaxDim=80, MinDim=10, Cutoff=1.0E-06, Niter=4, Noise=1.0E-05
35  MaxDim=80, MinDim=10, Cutoff=1.0E-06, Niter=4, Noise=1.0E-05
36  MaxDim=80, MinDim=10, Cutoff=1.0E-06, Niter=4, Noise=1.0E-05
37  MaxDim=160, MinDim=10, Cutoff=1.0E-08, Niter=4, Noise=1.0E-06
38  MaxDim=160, MinDim=10, Cutoff=1.0E-08, Niter=4, Noise=1.0E-06
39  MaxDim=160, MinDim=10, Cutoff=1.0E-08, Niter=4, Noise=1.0E-06
40  MaxDim=160, MinDim=10, Cutoff=1.0E-08, Niter=4, Noise=1.0E-06
41  MaxDim=160, MinDim=10, Cutoff=1.0E-08, Niter=4, Noise=1.0E-06
42  MaxDim=160, MinDim=10, Cutoff=1.0E-08, Niter=4, Noise=1.0E-06
43  MaxDim=160, MinDim=10, Cutoff=1.0E-08, Niter=4, Noise=1.0E-06
44  MaxDim=160, MinDim=10, Cutoff=1.0E-08, Niter=4, Noise=1.0E-06
45  MaxDim=160, MinDim=10, Cutoff=1.0E-08, Niter=4, Noise=1.0E-06
46  MaxDim=160, MinDim=10, Cutoff=1.0E-08, Niter=4, Noise=1.0E-06
47  MaxDim=160, MinDim=10, Cutoff=1.0E-08, Niter=4, Noise=1.0E-06
48  MaxDim=160, MinDim=10, Cutoff=1.0E-08, Niter=4, Noise=1.0E-06
49  MaxDim=160, MinDim=10, Cutoff=1.0E-08, Niter=4, Noise=1.0E-06
50  MaxDim=160, MinDim=10, Cutoff=1.0E-08, Niter=4, Noise=1.0E-06
51  MaxDim=160, MinDim=10, Cutoff=1.0E-08, Niter=4, Noise=1.0E-06
52  MaxDim=160, MinDim=10, Cutoff=1.0E-08, Niter=4, Noise=1.0E-06
53  MaxDim=160, MinDim=10, Cutoff=1.0E-08, Niter=4, Noise=1.0E-06
54  MaxDim=160, MinDim=10, Cutoff=1.0E-08, Niter=4, Noise=1.0E-06
55  MaxDim=160, MinDim=10, Cutoff=1.0E-08, Niter=4, Noise=1.0E-06
56  MaxDim=160, MinDim=10, Cutoff=1.0E-08, Niter=4, Noise=1.0E-06
57  MaxDim=160, MinDim=10, Cutoff=1.0E-08, Niter=4, Noise=1.0E-06
58  MaxDim=160, MinDim=10, Cutoff=1.0E-08, Niter=4, Noise=1.0E-06
59  MaxDim=320, MinDim=10, Cutoff=1.0E-10, Niter=4, Noise=1.0E-07
60  MaxDim=320, MinDim=10, Cutoff=1.0E-10, Niter=4, Noise=1.0E-07
61  MaxDim=320, MinDim=10, Cutoff=1.0E-10, Niter=4, Noise=1.0E-07
62  MaxDim=320, MinDim=10, Cutoff=1.0E-10, Niter=4, Noise=1.0E-07
63  MaxDim=320, MinDim=10, Cutoff=1.0E-10, Niter=4, Noise=1.0E-07
64  MaxDim=320, MinDim=10, Cutoff=1.0E-10, Niter=4, Noise=1.0E-07
65  MaxDim=320, MinDim=10, Cutoff=1.0E-10, Niter=4, Noise=1.0E-07
66  MaxDim=320, MinDim=10, Cutoff=1.0E-10, Niter=4, Noise=1.0E-07
67  MaxDim=320, MinDim=10, Cutoff=1.0E-10, Niter=4, Noise=1.0E-07
68  MaxDim=320, MinDim=10, Cutoff=1.0E-10, Niter=4, Noise=1.0E-07
69  MaxDim=320, MinDim=10, Cutoff=1.0E-10, Niter=4, Noise=1.0E-07
70  MaxDim=320, MinDim=10, Cutoff=1.0E-10, Niter=4, Noise=1.0E-07
71  MaxDim=320, MinDim=10, Cutoff=1.0E-10, Niter=4, Noise=1.0E-07
72  MaxDim=320, MinDim=10, Cutoff=1.0E-10, Niter=4, Noise=1.0E-07
73  MaxDim=320, MinDim=10, Cutoff=1.0E-10, Niter=4, Noise=1.0E-07
74  MaxDim=320, MinDim=10, Cutoff=1.0E-10, Niter=4, Noise=1.0E-07
75  MaxDim=640, MinDim=10, Cutoff=1.0E-12, Niter=2, Noise=1.0E-08
76  MaxDim=640, MinDim=10, Cutoff=1.0E-12, Niter=2, Noise=1.0E-08
77  MaxDim=640, MinDim=10, Cutoff=1.0E-12, Niter=2, Noise=1.0E-08
78  MaxDim=640, MinDim=10, Cutoff=1.0E-12, Niter=2, Noise=1.0E-08
79  MaxDim=640, MinDim=10, Cutoff=1.0E-12, Niter=2, Noise=1.0E-08
80  MaxDim=640, MinDim=10, Cutoff=1.0E-12, Niter=2, Noise=1.0E-08
81  MaxDim=640, MinDim=10, Cutoff=1.0E-12, Niter=2, Noise=1.0E-08
82  MaxDim=640, MinDim=10, Cutoff=1.0E-12, Niter=2, Noise=1.0E-08
83  MaxDim=1280, MinDim=10, Cutoff=1.0E-12, Niter=2, Noise=0.0E+00
84  MaxDim=1280, MinDim=10, Cutoff=1.0E-14, Niter=2, Noise=0.0E+00
85  MaxDim=1280, MinDim=10, Cutoff=1.0E-14, Niter=2, Noise=0.0E+00
86  MaxDim=1280, MinDim=10, Cutoff=1.0E-14, Niter=2, Noise=0.0E+00
87  MaxDim=1280, MinDim=10, Cutoff=1.0E-14, Niter=2, Noise=0.0E+00


    vN Entropy at center bond b=151 = 0.664553526677
    Eigs at center bond b=151: 0.7768 0.1884 0.0237 0.0048 0.0040 0.0010 
    Largest link dim during sweep 1/87 was 20
    Largest truncation error: 1.22326e-05
    Energy after sweep 1/87 is -161.633815628506
    Sweep 1/87 CPU time = 9.178s (Wall time = 1.185s)

    vN Entropy at center bond b=151 = 0.810334032116
    Eigs at center bond b=151: 0.7222 0.2163 0.0396 0.0100 0.0064 0.0019 0.0015 0.0011 
    Largest link dim during sweep 2/87 was 20
    Largest truncation error: 9.91168e-06
    Energy after sweep 2/87 is -161.665914886365
    Sweep 2/87 CPU time = 12.76s (Wall time = 1.631s)

    vN Entropy at center bond b=151 = 0.823544103094
    Eigs at center bond b=151: 0.7175 0.2180 0.0415 0.0107 0.0065 0.0019 0.0016 0.0012 
    Largest link dim during sweep 3/87 was 20
    Largest truncation error: 1.14026e-05
    Energy after sweep 3/87 is -161.666745491901
    Sweep 3/87 CPU time = 12.71s (Wall time = 1.629s)

    vN Entropy at center bond b=151 = 0.825594887530
    Eigs at center bond b=151: 0.7168 0.2182 0.0418 0.0108 0.0066 0.0019 0.0016 0.0012 
    Largest link dim during sweep 4/87 was 20
    Largest truncation error: 1.14646e-05
    Energy after sweep 4/87 is -161.666917215914
    Sweep 4/87 CPU time = 12.69s (Wall time = 1.629s)

    vN Entropy at center bond b=151 = 0.826213905669
    Eigs at center bond b=151: 0.7165 0.2183 0.0419 0.0109 0.0066 0.0019 0.0016 0.0012 
    Largest link dim during sweep 5/87 was 20
    Largest truncation error: 1.16019e-05
    Energy after sweep 5/87 is -161.666968718145
    Sweep 5/87 CPU time = 12.69s (Wall time = 1.627s)

    vN Entropy at center bond b=151 = 0.826440249265
    Eigs at center bond b=151: 0.7165 0.2183 0.0419 0.0109 0.0066 0.0019 0.0016 0.0012 
    Largest link dim during sweep 6/87 was 20
    Largest truncation error: 1.17372e-05
    Energy after sweep 6/87 is -161.666987889491
    Sweep 6/87 CPU time = 12.73s (Wall time = 1.628s)

    vN Entropy at center bond b=151 = 0.826528729601
    Eigs at center bond b=151: 0.7164 0.2183 0.0419 0.0109 0.0066 0.0019 0.0016 0.0012 
    Largest link dim during sweep 7/87 was 20
    Largest truncation error: 1.18453e-05
    Energy after sweep 7/87 is -161.666997337123
    Sweep 7/87 CPU time = 12.70s (Wall time = 1.628s)

    vN Entropy at center bond b=151 = 0.864627799980
    Eigs at center bond b=151: 0.7050 0.2201 0.0475 0.0128 0.0075 0.0022 0.0020 0.0014 
    Largest link dim during sweep 8/87 was 38
    Largest truncation error: 7.76417e-07
    Energy after sweep 8/87 is -161.684862755375
    Sweep 8/87 CPU time = 11.12s (Wall time = 1.426s)

    vN Entropy at center bond b=151 = 0.915285075475
    Eigs at center bond b=151: 0.6894 0.2220 0.0556 0.0156 0.0086 0.0026 0.0024 0.0015 
    Largest link dim during sweep 9/87 was 40
    Largest truncation error: 1.13196e-06
    Energy after sweep 9/87 is -161.688187980364
    Sweep 9/87 CPU time = 16.71s (Wall time = 2.146s)

    vN Entropy at center bond b=151 = 0.957908525379
    Eigs at center bond b=151: 0.6761 0.2222 0.0637 0.0185 0.0091 0.0031 0.0027 0.0017 
    Largest link dim during sweep 10/87 was 40
    Largest truncation error: 1.596e-06
    Energy after sweep 10/87 is -161.688907391444
    Sweep 10/87 CPU time = 18.86s (Wall time = 2.421s)

    vN Entropy at center bond b=151 = 0.981607786265
    Eigs at center bond b=151: 0.6684 0.2219 0.0691 0.0205 0.0092 0.0034 0.0028 0.0017 
    Largest link dim during sweep 11/87 was 40
    Largest truncation error: 1.73485e-06
    Energy after sweep 11/87 is -161.689009542335
    Sweep 11/87 CPU time = 19.00s (Wall time = 2.438s)

    vN Entropy at center bond b=151 = 0.992911778863
    Eigs at center bond b=151: 0.6646 0.2215 0.0720 0.0216 0.0091 0.0035 0.0028 0.0017 
    Largest link dim during sweep 12/87 was 40
    Largest truncation error: 1.80197e-06
    Energy after sweep 12/87 is -161.689038903282
    Sweep 12/87 CPU time = 18.84s (Wall time = 2.427s)

    vN Entropy at center bond b=151 = 0.999148519218
    Eigs at center bond b=151: 0.6624 0.2212 0.0737 0.0222 0.0091 0.0036 0.0028 0.0017 
    Largest link dim during sweep 13/87 was 40
    Largest truncation error: 1.82745e-06
    Energy after sweep 13/87 is -161.689054935178
    Sweep 13/87 CPU time = 18.95s (Wall time = 2.429s)

    vN Entropy at center bond b=151 = 1.003044950554
    Eigs at center bond b=151: 0.6611 0.2211 0.0748 0.0226 0.0090 0.0037 0.0028 0.0017 
    Largest link dim during sweep 14/87 was 40
    Largest truncation error: 1.84304e-06
    Energy after sweep 14/87 is -161.689065111691
    Sweep 14/87 CPU time = 19.05s (Wall time = 2.447s)

    vN Entropy at center bond b=151 = 1.022645529350
    Eigs at center bond b=151: 0.6546 0.2207 0.0792 0.0242 0.0091 0.0040 0.0029 0.0017 0.0010 
    Largest link dim during sweep 15/87 was 50
    Largest truncation error: 7.32189e-07
    Energy after sweep 15/87 is -161.690556571752
    Sweep 15/87 CPU time = 22.65s (Wall time = 2.899s)

    vN Entropy at center bond b=151 = 1.064335061604
    Eigs at center bond b=151: 0.6397 0.2205 0.0889 0.0282 0.0092 0.0046 0.0030 0.0018 0.0012 
    Largest link dim during sweep 16/87 was 53
    Largest truncation error: 7.2859e-07
    Energy after sweep 16/87 is -161.691084204999
    Sweep 16/87 CPU time = 25.65s (Wall time = 3.305s)

    vN Entropy at center bond b=151 = 1.112670011281
    Eigs at center bond b=151: 0.6209 0.2208 0.1004 0.0334 0.0090 0.0053 0.0031 0.0019 0.0013 
    Largest link dim during sweep 17/87 was 56
    Largest truncation error: 7.5322e-07
    Energy after sweep 17/87 is -161.691505235606
    Sweep 17/87 CPU time = 27.48s (Wall time = 3.525s)

    vN Entropy at center bond b=151 = 1.167404647390
    Eigs at center bond b=151: 0.5973 0.2234 0.1127 0.0401 0.0089 0.0061 0.0034 0.0020 0.0015 0.0011 
    Largest link dim during sweep 18/87 was 59
    Largest truncation error: 7.61458e-07
    Energy after sweep 18/87 is -161.691912507825
    Sweep 18/87 CPU time = 29.34s (Wall time = 3.757s)

    vN Entropy at center bond b=151 = 1.226044515620
    Eigs at center bond b=151: 0.5681 0.2319 0.1229 0.0486 0.0088 0.0066 0.0038 0.0022 0.0017 0.0013 
    Largest link dim during sweep 19/87 was 62
    Largest truncation error: 7.56259e-07
    Energy after sweep 19/87 is -161.692338756275
    Sweep 19/87 CPU time = 31.02s (Wall time = 3.974s)

    vN Entropy at center bond b=151 = 1.281172828788
    Eigs at center bond b=151: 0.5352 0.2486 0.1271 0.0585 0.0089 0.0067 0.0045 0.0025 0.0019 0.0014 
    Largest link dim during sweep 20/87 was 64
    Largest truncation error: 7.19197e-07
    Energy after sweep 20/87 is -161.692738251728
    Sweep 20/87 CPU time = 32.95s (Wall time = 4.216s)

    vN Entropy at center bond b=151 = 1.319239741765
    Eigs at center bond b=151: 0.5079 0.2670 0.1261 0.0669 0.0090 0.0065 0.0052 0.0028 0.0020 0.0014 
    Largest link dim during sweep 21/87 was 67
    Largest truncation error: 7.20285e-07
    Energy after sweep 21/87 is -161.693009884373
    Sweep 21/87 CPU time = 34.68s (Wall time = 4.479s)

    vN Entropy at center bond b=151 = 1.337910250854
    Eigs at center bond b=151: 0.4928 0.2783 0.1243 0.0716 0.0091 0.0063 0.0056 0.0030 0.0020 0.0014 
    Largest link dim during sweep 22/87 was 68
    Largest truncation error: 7.23182e-07
    Energy after sweep 22/87 is -161.693134929739
    Sweep 22/87 CPU time = 35.85s (Wall time = 4.596s)

    vN Entropy at center bond b=151 = 1.345090889051
    Eigs at center bond b=151: 0.4867 0.2830 0.1233 0.0736 0.0091 0.0062 0.0059 0.0031 0.0020 0.0014 
    Largest link dim during sweep 23/87 was 69
    Largest truncation error: 7.24901e-07
    Energy after sweep 23/87 is -161.693197018241
    Sweep 23/87 CPU time = 36.31s (Wall time = 4.651s)

    vN Entropy at center bond b=151 = 1.347981991850
    Eigs at center bond b=151: 0.4844 0.2847 0.1230 0.0743 0.0091 0.0062 0.0060 0.0031 0.0020 0.0014 
    Largest link dim during sweep 24/87 was 69
    Largest truncation error: 7.2559e-07
    Energy after sweep 24/87 is -161.693218483536
    Sweep 24/87 CPU time = 36.53s (Wall time = 4.679s)

    vN Entropy at center bond b=151 = 1.349148884077
    Eigs at center bond b=151: 0.4835 0.2853 0.1229 0.0746 0.0091 0.0062 0.0060 0.0032 0.0020 0.0014 
    Largest link dim during sweep 25/87 was 69
    Largest truncation error: 7.25841e-07
    Energy after sweep 25/87 is -161.693227700015
    Sweep 25/87 CPU time = 36.67s (Wall time = 4.696s)

    vN Entropy at center bond b=151 = 1.349570704273
    Eigs at center bond b=151: 0.4832 0.2855 0.1228 0.0747 0.0091 0.0061 0.0061 0.0032 0.0020 0.0014 
    Largest link dim during sweep 26/87 was 69
    Largest truncation error: 7.25929e-07
    Energy after sweep 26/87 is -161.693232200088
    Sweep 26/87 CPU time = 36.81s (Wall time = 4.723s)

    vN Entropy at center bond b=151 = 1.349716065289
    Eigs at center bond b=151: 0.4831 0.2856 0.1228 0.0748 0.0091 0.0061 0.0061 0.0032 0.0020 0.0014 
    Largest link dim during sweep 27/87 was 69
    Largest truncation error: 7.2596e-07
    Energy after sweep 27/87 is -161.693233277211
    Sweep 27/87 CPU time = 36.80s (Wall time = 4.717s)

    vN Entropy at center bond b=151 = 1.349804306587
    Eigs at center bond b=151: 0.4831 0.2856 0.1228 0.0748 0.0091 0.0061 0.0061 0.0032 0.0020 0.0014 
    Largest link dim during sweep 28/87 was 69
    Largest truncation error: 7.25972e-07
    Energy after sweep 28/87 is -161.693235530668
    Sweep 28/87 CPU time = 37.05s (Wall time = 4.763s)

    vN Entropy at center bond b=151 = 1.349856629408
    Eigs at center bond b=151: 0.4831 0.2856 0.1228 0.0748 0.0091 0.0061 0.0061 0.0032 0.0020 0.0014 
    Largest link dim during sweep 29/87 was 69
    Largest truncation error: 7.25978e-07
    Energy after sweep 29/87 is -161.693236014943
    Sweep 29/87 CPU time = 36.79s (Wall time = 4.706s)

    vN Entropy at center bond b=151 = 1.349875561957
    Eigs at center bond b=151: 0.4831 0.2856 0.1228 0.0748 0.0091 0.0061 0.0061 0.0032 0.0020 0.0014 
    Largest link dim during sweep 30/87 was 69
    Largest truncation error: 7.2598e-07
    Energy after sweep 30/87 is -161.693237350652
    Sweep 30/87 CPU time = 36.76s (Wall time = 4.706s)

    vN Entropy at center bond b=151 = 1.349886460271
    Eigs at center bond b=151: 0.4830 0.2856 0.1228 0.0748 0.0091 0.0061 0.0061 0.0032 0.0020 0.0014 
    Largest link dim during sweep 31/87 was 69
    Largest truncation error: 7.25981e-07
    Energy after sweep 31/87 is -161.693238442007
    Sweep 31/87 CPU time = 36.77s (Wall time = 4.712s)

    vN Entropy at center bond b=151 = 1.349894293702
    Eigs at center bond b=151: 0.4830 0.2856 0.1228 0.0748 0.0091 0.0061 0.0061 0.0032 0.0020 0.0014 
    Largest link dim during sweep 32/87 was 69
    Largest truncation error: 7.25982e-07
    Energy after sweep 32/87 is -161.693238585221
    Sweep 32/87 CPU time = 36.80s (Wall time = 4.712s)

    vN Entropy at center bond b=151 = 1.349896145144
    Eigs at center bond b=151: 0.4830 0.2856 0.1228 0.0748 0.0091 0.0061 0.0061 0.0032 0.0020 0.0014 
    Largest link dim during sweep 33/87 was 69
    Largest truncation error: 7.25982e-07
    Energy after sweep 33/87 is -161.693238654144
    Sweep 33/87 CPU time = 36.88s (Wall time = 4.741s)

    vN Entropy at center bond b=151 = 1.349897170768
    Eigs at center bond b=151: 0.4830 0.2856 0.1228 0.0748 0.0091 0.0061 0.0061 0.0032 0.0020 0.0014 
    Largest link dim during sweep 34/87 was 69
    Largest truncation error: 7.25982e-07
    Energy after sweep 34/87 is -161.693238713409
    Sweep 34/87 CPU time = 36.83s (Wall time = 4.712s)

    vN Entropy at center bond b=151 = 1.349912240513
    Eigs at center bond b=151: 0.4830 0.2856 0.1228 0.0748 0.0091 0.0061 0.0061 0.0032 0.0020 0.0014 
    Largest link dim during sweep 35/87 was 69
    Largest truncation error: 7.25981e-07
    Energy after sweep 35/87 is -161.693238759228
    Sweep 35/87 CPU time = 36.79s (Wall time = 4.709s)

    vN Entropy at center bond b=151 = 1.349913785203
    Eigs at center bond b=151: 0.4830 0.2856 0.1228 0.0748 0.0091 0.0061 0.0061 0.0032 0.0020 0.0014 
    Largest link dim during sweep 36/87 was 69
    Largest truncation error: 7.25981e-07
    Energy after sweep 36/87 is -161.693238785190
    Sweep 36/87 CPU time = 36.81s (Wall time = 4.717s)

    vN Entropy at center bond b=151 = 1.379852422169
    Eigs at center bond b=151: 0.4761 0.2851 0.1236 0.0763 0.0103 0.0069 0.0068 0.0037 0.0023 0.0016 
    Largest link dim during sweep 37/87 was 157
    Largest truncation error: 7.51853e-09
    Energy after sweep 37/87 is -161.695312158723
    Sweep 37/87 CPU time = 2m, 18.1s (Wall time = 18.00s)

    vN Entropy at center bond b=151 = 1.400688199677
    Eigs at center bond b=151: 0.4719 0.2844 0.1240 0.0772 0.0110 0.0074 0.0073 0.0041 0.0026 0.0018 
    Largest link dim during sweep 38/87 was 160
    Largest truncation error: 1.88058e-08
    Energy after sweep 38/87 is -161.695393730781
    Sweep 38/87 CPU time = 4m, 42.5s (Wall time = 37.89s)

    vN Entropy at center bond b=151 = 1.403140151789
    Eigs at center bond b=151: 0.4715 0.2843 0.1241 0.0772 0.0111 0.0075 0.0074 0.0042 0.0026 0.0018 
    Largest link dim during sweep 39/87 was 160
    Largest truncation error: 2.30503e-08
    Energy after sweep 39/87 is -161.695396531152
    Sweep 39/87 CPU time = 4m, 49.6s (Wall time = 38.89s)

    vN Entropy at center bond b=151 = 1.403397624193
    Eigs at center bond b=151: 0.4714 0.2842 0.1241 0.0773 0.0111 0.0075 0.0074 0.0042 0.0026 0.0018 
    Largest link dim during sweep 40/87 was 160
    Largest truncation error: 2.35725e-08
    Energy after sweep 40/87 is -161.695396684542
    Sweep 40/87 CPU time = 4m, 53.6s (Wall time = 39.79s)

    vN Entropy at center bond b=151 = 1.403438253704
    Eigs at center bond b=151: 0.4714 0.2842 0.1241 0.0773 0.0111 0.0075 0.0074 0.0042 0.0026 0.0018 
    Largest link dim during sweep 41/87 was 160
    Largest truncation error: 2.36887e-08
    Energy after sweep 41/87 is -161.695396692426
    Sweep 41/87 CPU time = 4m, 52.1s (Wall time = 39.41s)

    vN Entropy at center bond b=151 = 1.403446819933
    Eigs at center bond b=151: 0.4714 0.2842 0.1241 0.0773 0.0111 0.0075 0.0074 0.0042 0.0026 0.0018 
    Largest link dim during sweep 42/87 was 160
    Largest truncation error: 2.37149e-08
    Energy after sweep 42/87 is -161.695396696339
    Sweep 42/87 CPU time = 4m, 53.6s (Wall time = 40.01s)

    vN Entropy at center bond b=151 = 1.403449156244
    Eigs at center bond b=151: 0.4714 0.2842 0.1241 0.0773 0.0111 0.0075 0.0074 0.0042 0.0026 0.0018 
    Largest link dim during sweep 43/87 was 160
    Largest truncation error: 2.37214e-08
    Energy after sweep 43/87 is -161.695396698510
    Sweep 43/87 CPU time = 4m, 57.1s (Wall time = 41.00s)

    vN Entropy at center bond b=151 = 1.403449921373
    Eigs at center bond b=151: 0.4714 0.2842 0.1241 0.0773 0.0111 0.0075 0.0074 0.0042 0.0026 0.0018 
    Largest link dim during sweep 44/87 was 160
    Largest truncation error: 2.37232e-08
    Energy after sweep 44/87 is -161.695396698853
    Sweep 44/87 CPU time = 4m, 43.6s (Wall time = 36.31s)

    vN Entropy at center bond b=151 = 1.403450229725
    Eigs at center bond b=151: 0.4714 0.2842 0.1241 0.0773 0.0111 0.0075 0.0074 0.0042 0.0026 0.0018 
    Largest link dim during sweep 45/87 was 160
    Largest truncation error: 2.37238e-08
    Energy after sweep 45/87 is -161.695396699193
    Sweep 45/87 CPU time = 4m, 40.7s (Wall time = 35.94s)

    vN Entropy at center bond b=151 = 1.403450325355
    Eigs at center bond b=151: 0.4714 0.2842 0.1241 0.0773 0.0111 0.0075 0.0074 0.0042 0.0026 0.0018 
    Largest link dim during sweep 46/87 was 160
    Largest truncation error: 2.3724e-08
    Energy after sweep 46/87 is -161.695396699547
    Sweep 46/87 CPU time = 4m, 53.5s (Wall time = 40.61s)

    vN Entropy at center bond b=151 = 1.403450370205
    Eigs at center bond b=151: 0.4714 0.2842 0.1241 0.0773 0.0111 0.0075 0.0074 0.0042 0.0026 0.0018 
    Largest link dim during sweep 47/87 was 160
    Largest truncation error: 2.37241e-08
    Energy after sweep 47/87 is -161.695396699879
    Sweep 47/87 CPU time = 4m, 54.0s (Wall time = 40.56s)

    vN Entropy at center bond b=151 = 1.403450398978
    Eigs at center bond b=151: 0.4714 0.2842 0.1241 0.0773 0.0111 0.0075 0.0074 0.0042 0.0026 0.0018 
    Largest link dim during sweep 48/87 was 160
    Largest truncation error: 2.37243e-08
    Energy after sweep 48/87 is -161.695396700276
    Sweep 48/87 CPU time = 4m, 54.6s (Wall time = 39.82s)

    vN Entropy at center bond b=151 = 1.403450405159
    Eigs at center bond b=151: 0.4714 0.2842 0.1241 0.0773 0.0111 0.0075 0.0074 0.0042 0.0026 0.0018 
    Largest link dim during sweep 49/87 was 160
    Largest truncation error: 2.37248e-08
    Energy after sweep 49/87 is -161.695396700708
    Sweep 49/87 CPU time = 4m, 53.3s (Wall time = 40.14s)

    vN Entropy at center bond b=151 = 1.403450395658
    Eigs at center bond b=151: 0.4714 0.2842 0.1241 0.0773 0.0111 0.0075 0.0074 0.0042 0.0026 0.0018 
    Largest link dim during sweep 50/87 was 160
    Largest truncation error: 2.37254e-08
    Energy after sweep 50/87 is -161.695396701039
    Sweep 50/87 CPU time = 4m, 53.3s (Wall time = 39.98s)

    vN Entropy at center bond b=151 = 1.403450400599
    Eigs at center bond b=151: 0.4714 0.2842 0.1241 0.0773 0.0111 0.0075 0.0074 0.0042 0.0026 0.0018 
    Largest link dim during sweep 51/87 was 160
    Largest truncation error: 2.3726e-08
    Energy after sweep 51/87 is -161.695396701348
    Sweep 51/87 CPU time = 4m, 59.8s (Wall time = 41.40s)

    vN Entropy at center bond b=151 = 1.403450418496
    Eigs at center bond b=151: 0.4714 0.2842 0.1241 0.0773 0.0111 0.0075 0.0074 0.0042 0.0026 0.0018 
    Largest link dim during sweep 52/87 was 160
    Largest truncation error: 2.37264e-08
    Energy after sweep 52/87 is -161.695396701766
    Sweep 52/87 CPU time = 4m, 57.6s (Wall time = 41.19s)

    vN Entropy at center bond b=151 = 1.403450434639
    Eigs at center bond b=151: 0.4714 0.2842 0.1241 0.0773 0.0111 0.0075 0.0074 0.0042 0.0026 0.0018 
    Largest link dim during sweep 53/87 was 160
    Largest truncation error: 2.37265e-08
    Energy after sweep 53/87 is -161.695396702045
    Sweep 53/87 CPU time = 4m, 54.8s (Wall time = 40.74s)

    vN Entropy at center bond b=151 = 1.403450440453
    Eigs at center bond b=151: 0.4714 0.2842 0.1241 0.0773 0.0111 0.0075 0.0074 0.0042 0.0026 0.0018 
    Largest link dim during sweep 54/87 was 160
    Largest truncation error: 2.37266e-08
    Energy after sweep 54/87 is -161.695396701863
    Sweep 54/87 CPU time = 4m, 56.4s (Wall time = 40.97s)

    vN Entropy at center bond b=151 = 1.403450437917
    Eigs at center bond b=151: 0.4714 0.2842 0.1241 0.0773 0.0111 0.0075 0.0074 0.0042 0.0026 0.0018 
    Largest link dim during sweep 55/87 was 160
    Largest truncation error: 2.37267e-08
    Energy after sweep 55/87 is -161.695396701817
    Sweep 55/87 CPU time = 4m, 50.0s (Wall time = 39.15s)

    vN Entropy at center bond b=151 = 1.403450431333
    Eigs at center bond b=151: 0.4714 0.2842 0.1241 0.0773 0.0111 0.0075 0.0074 0.0042 0.0026 0.0018 
    Largest link dim during sweep 56/87 was 160
    Largest truncation error: 2.37267e-08
    Energy after sweep 56/87 is -161.695396701824
    Sweep 56/87 CPU time = 4m, 43.7s (Wall time = 36.32s)

    vN Entropy at center bond b=151 = 1.403450422042
    Eigs at center bond b=151: 0.4714 0.2842 0.1241 0.0773 0.0111 0.0075 0.0074 0.0042 0.0026 0.0018 
    Largest link dim during sweep 57/87 was 160
    Largest truncation error: 2.37267e-08
    Energy after sweep 57/87 is -161.695396701829
    Sweep 57/87 CPU time = 4m, 53.8s (Wall time = 40.54s)

    vN Entropy at center bond b=151 = 1.403450410747
    Eigs at center bond b=151: 0.4714 0.2842 0.1241 0.0773 0.0111 0.0075 0.0074 0.0042 0.0026 0.0018 
    Largest link dim during sweep 58/87 was 160
    Largest truncation error: 2.37267e-08
    Energy after sweep 58/87 is -161.695396701824
    Sweep 58/87 CPU time = 4m, 38.7s (Wall time = 35.67s)

    vN Entropy at center bond b=151 = 1.405410727238
    Eigs at center bond b=151: 0.4711 0.2842 0.1241 0.0773 0.0112 0.0076 0.0074 0.0042 0.0026 0.0018 
    Largest link dim during sweep 59/87 was 320
    Largest truncation error: 3.31347e-10
    Energy after sweep 59/87 is -161.695433212550
    Sweep 59/87 CPU time = 18m, 6s (Wall time = 2m, 25.8s)

    vN Entropy at center bond b=151 = 1.405935297984
    Eigs at center bond b=151: 0.4710 0.2841 0.1241 0.0773 0.0112 0.0076 0.0074 0.0042 0.0026 0.0018 
    Largest link dim during sweep 60/87 was 320
    Largest truncation error: 5.89202e-10
    Energy after sweep 60/87 is -161.695433499041
    Sweep 60/87 CPU time = 23m, 47s (Wall time = 3m, 5.2s)

    vN Entropy at center bond b=151 = 1.405964100156
    Eigs at center bond b=151: 0.4710 0.2841 0.1241 0.0773 0.0112 0.0076 0.0074 0.0042 0.0026 0.0018 
    Largest link dim during sweep 61/87 was 320
    Largest truncation error: 6.18007e-10
    Energy after sweep 61/87 is -161.695433505030
    Sweep 61/87 CPU time = 24m, 20s (Wall time = 3m, 14.7s)

    vN Entropy at center bond b=151 = 1.405967606211
    Eigs at center bond b=151: 0.4710 0.2841 0.1241 0.0773 0.0112 0.0076 0.0074 0.0042 0.0026 0.0018 
    Largest link dim during sweep 62/87 was 320
    Largest truncation error: 6.2422e-10
    Energy after sweep 62/87 is -161.695433504549
    Sweep 62/87 CPU time = 24m, 18s (Wall time = 3m, 15.9s)

    vN Entropy at center bond b=151 = 1.405968275705
    Eigs at center bond b=151: 0.4710 0.2841 0.1241 0.0773 0.0112 0.0076 0.0074 0.0042 0.0026 0.0018 
    Largest link dim during sweep 63/87 was 320
    Largest truncation error: 6.25758e-10
    Energy after sweep 63/87 is -161.695433504308
    Sweep 63/87 CPU time = 24m, 23s (Wall time = 3m, 16.8s)

    vN Entropy at center bond b=151 = 1.405968436581
    Eigs at center bond b=151: 0.4710 0.2841 0.1241 0.0773 0.0112 0.0076 0.0074 0.0042 0.0026 0.0018 
    Largest link dim during sweep 64/87 was 320
    Largest truncation error: 6.26175e-10
    Energy after sweep 64/87 is -161.695433504218
    Sweep 64/87 CPU time = 23m, 56s (Wall time = 3m, 10.8s)

    vN Entropy at center bond b=151 = 1.405968482127
    Eigs at center bond b=151: 0.4710 0.2841 0.1241 0.0773 0.0112 0.0076 0.0074 0.0042 0.0026 0.0018 
    Largest link dim during sweep 65/87 was 320
    Largest truncation error: 6.26299e-10
    Energy after sweep 65/87 is -161.695433504207
    Sweep 65/87 CPU time = 24m, 12s (Wall time = 3m, 15.1s)

    vN Entropy at center bond b=151 = 1.405968497764
    Eigs at center bond b=151: 0.4710 0.2841 0.1241 0.0773 0.0112 0.0076 0.0074 0.0042 0.0026 0.0018 
    Largest link dim during sweep 66/87 was 320
    Largest truncation error: 6.26342e-10
    Energy after sweep 66/87 is -161.695433504196
    Sweep 66/87 CPU time = 24m, 17s (Wall time = 3m, 16.0s)

    vN Entropy at center bond b=151 = 1.405968504147
    Eigs at center bond b=151: 0.4710 0.2841 0.1241 0.0773 0.0112 0.0076 0.0074 0.0042 0.0026 0.0018 
    Largest link dim during sweep 67/87 was 320
    Largest truncation error: 6.2636e-10
    Energy after sweep 67/87 is -161.695433504195
    Sweep 67/87 CPU time = 24m, 16s (Wall time = 3m, 15.9s)

    vN Entropy at center bond b=151 = 1.405968507175
    Eigs at center bond b=151: 0.4710 0.2841 0.1241 0.0773 0.0112 0.0076 0.0074 0.0042 0.0026 0.0018 
    Largest link dim during sweep 68/87 was 320
    Largest truncation error: 6.2637e-10
    Energy after sweep 68/87 is -161.695433504228
    Sweep 68/87 CPU time = 24m, 21s (Wall time = 3m, 16.4s)

    vN Entropy at center bond b=151 = 1.405968508833
    Eigs at center bond b=151: 0.4710 0.2841 0.1241 0.0773 0.0112 0.0076 0.0074 0.0042 0.0026 0.0018 
    Largest link dim during sweep 69/87 was 320
    Largest truncation error: 6.26375e-10
    Energy after sweep 69/87 is -161.695433504227
    Sweep 69/87 CPU time = 24m, 20s (Wall time = 3m, 16.4s)

    vN Entropy at center bond b=151 = 1.405968509944
    Eigs at center bond b=151: 0.4710 0.2841 0.1241 0.0773 0.0112 0.0076 0.0074 0.0042 0.0026 0.0018 
    Largest link dim during sweep 70/87 was 320
    Largest truncation error: 6.26377e-10
    Energy after sweep 70/87 is -161.695433504227
    Sweep 70/87 CPU time = 24m, 13s (Wall time = 3m, 15.3s)

    vN Entropy at center bond b=151 = 1.405968510767
    Eigs at center bond b=151: 0.4710 0.2841 0.1241 0.0773 0.0112 0.0076 0.0074 0.0042 0.0026 0.0018 
    Largest link dim during sweep 71/87 was 320
    Largest truncation error: 6.26378e-10
    Energy after sweep 71/87 is -161.695433504224
    Sweep 71/87 CPU time = 24m, 16s (Wall time = 3m, 16.3s)

    vN Entropy at center bond b=151 = 1.405968511431
    Eigs at center bond b=151: 0.4710 0.2841 0.1241 0.0773 0.0112 0.0076 0.0074 0.0042 0.0026 0.0018 
    Largest link dim during sweep 72/87 was 320
    Largest truncation error: 6.26377e-10
    Energy after sweep 72/87 is -161.695433504222
    Sweep 72/87 CPU time = 24m, 20s (Wall time = 3m, 16.4s)

    vN Entropy at center bond b=151 = 1.405968511933
    Eigs at center bond b=151: 0.4710 0.2841 0.1241 0.0773 0.0112 0.0076 0.0074 0.0042 0.0026 0.0018 
    Largest link dim during sweep 73/87 was 320
    Largest truncation error: 6.26376e-10
    Energy after sweep 73/87 is -161.695433504222
    Sweep 73/87 CPU time = 24m, 23s (Wall time = 3m, 17.0s)

    vN Entropy at center bond b=151 = 1.405968512271
    Eigs at center bond b=151: 0.4710 0.2841 0.1241 0.0773 0.0112 0.0076 0.0074 0.0042 0.0026 0.0018 
    Largest link dim during sweep 74/87 was 320
    Largest truncation error: 6.26375e-10
    Energy after sweep 74/87 is -161.695433504226
    Sweep 74/87 CPU time = 24m, 9s (Wall time = 3m, 14.9s)

    vN Entropy at center bond b=151 = 1.406038733852
    Eigs at center bond b=151: 0.4710 0.2841 0.1241 0.0773 0.0112 0.0076 0.0074 0.0042 0.0026 0.0018 
    Largest link dim during sweep 75/87 was 640
    Largest truncation error: 6.78959e-12
    Energy after sweep 75/87 is -161.695434389643
    Sweep 75/87 CPU time = 1h, 7m, 27s (Wall time = 9m, 3.0s)

    vN Entropy at center bond b=151 = 1.406067342533
    Eigs at center bond b=151: 0.4710 0.2841 0.1241 0.0773 0.0112 0.0076 0.0074 0.0042 0.0026 0.0018 
    Largest link dim during sweep 76/87 was 640
    Largest truncation error: 9.64937e-12
    Energy after sweep 76/87 is -161.695434398098
    Sweep 76/87 CPU time = 1h, 26m, 6s (Wall time = 11m, 29s)

    vN Entropy at center bond b=151 = 1.406069622240
    Eigs at center bond b=151: 0.4710 0.2841 0.1241 0.0773 0.0112 0.0076 0.0074 0.0042 0.0026 0.0018 
    Largest link dim during sweep 77/87 was 640
    Largest truncation error: 9.75651e-12
    Energy after sweep 77/87 is -161.695434398465
    Sweep 77/87 CPU time = 1h, 25m, 13s (Wall time = 11m, 26s)

    vN Entropy at center bond b=151 = 1.406069938219
    Eigs at center bond b=151: 0.4710 0.2841 0.1241 0.0773 0.0112 0.0076 0.0074 0.0042 0.0026 0.0018 
    Largest link dim during sweep 78/87 was 640
    Largest truncation error: 9.88388e-12
    Energy after sweep 78/87 is -161.695434398481
    Sweep 78/87 CPU time = 1h, 24m, 59s (Wall time = 11m, 25s)

    vN Entropy at center bond b=151 = 1.406070004008
    Eigs at center bond b=151: 0.4710 0.2841 0.1241 0.0773 0.0112 0.0076 0.0074 0.0042 0.0026 0.0018 
    Largest link dim during sweep 79/87 was 640
    Largest truncation error: 9.93621e-12
    Energy after sweep 79/87 is -161.695434398479
    Sweep 79/87 CPU time = 1h, 24m, 39s (Wall time = 11m, 22s)

    vN Entropy at center bond b=151 = 1.406070021855
    Eigs at center bond b=151: 0.4710 0.2841 0.1241 0.0773 0.0112 0.0076 0.0074 0.0042 0.0026 0.0018 
    Largest link dim during sweep 80/87 was 640
    Largest truncation error: 9.95601e-12
    Energy after sweep 80/87 is -161.695434398478
    Sweep 80/87 CPU time = 1h, 24m, 32s (Wall time = 11m, 22s)

    vN Entropy at center bond b=151 = 1.406070027576
    Eigs at center bond b=151: 0.4710 0.2841 0.1241 0.0773 0.0112 0.0076 0.0074 0.0042 0.0026 0.0018 
    Largest link dim during sweep 81/87 was 640
    Largest truncation error: 9.96378e-12
    Energy after sweep 81/87 is -161.695434398474
    Sweep 81/87 CPU time = 1h, 24m, 37s (Wall time = 11m, 23s)

    vN Entropy at center bond b=151 = 1.406070029587
    Eigs at center bond b=151: 0.4710 0.2841 0.1241 0.0773 0.0112 0.0076 0.0074 0.0042 0.0026 0.0018 
    Largest link dim during sweep 82/87 was 640
    Largest truncation error: 9.96718e-12
    Energy after sweep 82/87 is -161.695434398472
    Sweep 82/87 CPU time = 1h, 24m, 31s (Wall time = 11m, 22s)

    vN Entropy at center bond b=151 = 1.406071415200
    Eigs at center bond b=151: 0.4710 0.2841 0.1241 0.0773 0.0112 0.0076 0.0074 0.0042 0.0026 0.0018 
    Largest link dim during sweep 83/87 was 923
    Largest truncation error: 7.54555e-13
    Energy after sweep 83/87 is -161.695434409165
    Sweep 83/87 CPU time = 2h, 4m, 54s (Wall time = 17m, 20s)

    vN Entropy at center bond b=151 = 1.406072226724
    Eigs at center bond b=151: 0.4710 0.2841 0.1241 0.0773 0.0112 0.0076 0.0074 0.0042 0.0026 0.0018 
    Largest link dim during sweep 84/87 was 1280
    Largest truncation error: 7.68609e-14
    Energy after sweep 84/87 is -161.695434412302
    Sweep 84/87 CPU time = 4h, 48m, 17s (Wall time = 42m, 13s)

    vN Entropy at center bond b=151 = 1.406072357132
    Eigs at center bond b=151: 0.4710 0.2841 0.1241 0.0773 0.0112 0.0076 0.0074 0.0042 0.0026 0.0018 
    Largest link dim during sweep 85/87 was 1280
    Largest truncation error: 7.66759e-14
    Energy after sweep 85/87 is -161.695434412334
    Sweep 85/87 CPU time = 5h, 55m, 26s (Wall time = 50m, 34s)

    vN Entropy at center bond b=151 = 1.406072369436
    Eigs at center bond b=151: 0.4710 0.2841 0.1241 0.0773 0.0112 0.0076 0.0074 0.0042 0.0026 0.0018 
    Largest link dim during sweep 86/87 was 1280
    Largest truncation error: 7.64053e-14
    Energy after sweep 86/87 is -161.695434412334
    Sweep 86/87 CPU time = 5h, 56m, 9s (Wall time = 49m, 55s)

    vN Entropy at center bond b=151 = 1.406072371408
    Eigs at center bond b=151: 0.4710 0.2841 0.1241 0.0773 0.0112 0.0076 0.0074 0.0042 0.0026 0.0018 
    Largest link dim during sweep 87/87 was 1280
    Largest truncation error: 7.70507e-14
    Energy after sweep 87/87 is -161.695434412342
    Sweep 87/87 CPU time = 5h, 54m, 1s (Wall time = 49m, 18s)
Initial energy = 0.00000

Ground State Energy = -161.6954344123
run_outputs/outputpsi/N_303_sweep_87_t_0.030000_J_1.000000_V_0.600000_D_0.018000_U_1.000000_mu_0.000000_E_0.005000 converge
Wall-clock time (s) = 190030.777058
