//////////////////////////
Reading input file ......

Got input.N = 300
Got input.t = 0.03
Got input.J = 1
Got input.V = 0.6
Got input.D = 0.018
Got input.U = 1
Got input.mu = 0
Got input.E = 0.001
Got input.nsweeps = 87
Sweeps:
1  MaxDim=20, MinDim=20, Cutoff=1.0E-06, Niter=8, Noise=1.0E-05
2  MaxDim=20, MinDim=20, Cutoff=1.0E-06, Niter=8, Noise=1.0E-05
3  MaxDim=20, MinDim=20, Cutoff=1.0E-06, Niter=8, Noise=1.0E-05
4  MaxDim=20, MinDim=20, Cutoff=1.0E-06, Niter=8, Noise=1.0E-05
5  MaxDim=20, MinDim=20, Cutoff=1.0E-06, Niter=8, Noise=1.0E-05
6  MaxDim=20, MinDim=20, Cutoff=1.0E-06, Niter=8, Noise=1.0E-05
7  MaxDim=20, MinDim=20, Cutoff=1.0E-06, Niter=8, Noise=1.0E-05
8  MaxDim=40, MinDim=20, Cutoff=1.0E-06, Niter=4, Noise=1.0E-05
9  MaxDim=40, MinDim=20, Cutoff=1.0E-06, Niter=4, Noise=1.0E-05
10  MaxDim=40, MinDim=20, Cutoff=1.0E-06, Niter=4, Noise=1.0E-05
11  MaxDim=40, MinDim=20, Cutoff=1.0E-06, Niter=4, Noise=1.0E-05
12  MaxDim=40, MinDim=20, Cutoff=1.0E-06, Niter=4, Noise=1.0E-05
13  MaxDim=40, MinDim=20, Cutoff=1.0E-06, Niter=4, Noise=1.0E-05
14  MaxDim=40, MinDim=20, Cutoff=1.0E-06, Niter=4, Noise=1.0E-05
15  MaxDim=80, MinDim=10, Cutoff=1.0E-06, Niter=4, Noise=1.0E-05
16  MaxDim=80, MinDim=10, Cutoff=1.0E-06, Niter=4, Noise=1.0E-05
17  MaxDim=80, MinDim=10, Cutoff=1.0E-06, Niter=4, Noise=1.0E-05
18  MaxDim=80, MinDim=10, Cutoff=1.0E-06, Niter=4, Noise=1.0E-05
19  MaxDim=80, MinDim=10, Cutoff=1.0E-06, Niter=4, Noise=1.0E-05
20  MaxDim=80, MinDim=10, Cutoff=1.0E-06, Niter=4, Noise=1.0E-05
21  MaxDim=80, MinDim=10, Cutoff=1.0E-06, Niter=4, Noise=1.0E-05
22  MaxDim=80, MinDim=10, Cutoff=1.0E-06, Niter=4, Noise=1.0E-05
23  MaxDim=80, MinDim=10, Cutoff=1.0E-06, Niter=4, Noise=1.0E-05
24  MaxDim=80, MinDim=10, Cutoff=1.0E-06, Niter=4, Noise=1.0E-05
25  MaxDim=80, MinDim=10, Cutoff=1.0E-06, Niter=4, Noise=1.0E-05
26  MaxDim=80, MinDim=10, Cutoff=1.0E-06, Niter=4, Noise=1.0E-05
27  MaxDim=80, MinDim=10, Cutoff=1.0E-06, Niter=4, Noise=1.0E-05
28  MaxDim=80, MinDim=10, Cutoff=1.0E-06, Niter=4, Noise=1.0E-05
29  MaxDim=80, MinDim=10, Cutoff=1.0E-06, Niter=4, Noise=1.0E-05
30  MaxDim=80, MinDim=10, Cutoff=1.0E-06, Niter=4, Noise=1.0E-05
31  MaxDim=80, MinDim=10, Cutoff=1.0E-06, Niter=4, Noise=1.0E-05
32  MaxDim=80, MinDim=10, Cutoff=1.0E-06, Niter=4, Noise=1.0E-05
33  MaxDim=80, MinDim=10, Cutoff=1.0E-06, Niter=4, Noise=1.0E-05
34  MaxDim=80, MinDim=10, Cutoff=1.0E-06, Niter=4, Noise=1.0E-05
35  MaxDim=80, MinDim=10, Cutoff=1.0E-06, Niter=4, Noise=1.0E-05
36  MaxDim=80, MinDim=10, Cutoff=1.0E-06, Niter=4, Noise=1.0E-05
37  MaxDim=160, MinDim=10, Cutoff=1.0E-08, Niter=4, Noise=1.0E-06
38  MaxDim=160, MinDim=10, Cutoff=1.0E-08, Niter=4, Noise=1.0E-06
39  MaxDim=160, MinDim=10, Cutoff=1.0E-08, Niter=4, Noise=1.0E-06
40  MaxDim=160, MinDim=10, Cutoff=1.0E-08, Niter=4, Noise=1.0E-06
41  MaxDim=160, MinDim=10, Cutoff=1.0E-08, Niter=4, Noise=1.0E-06
42  MaxDim=160, MinDim=10, Cutoff=1.0E-08, Niter=4, Noise=1.0E-06
43  MaxDim=160, MinDim=10, Cutoff=1.0E-08, Niter=4, Noise=1.0E-06
44  MaxDim=160, MinDim=10, Cutoff=1.0E-08, Niter=4, Noise=1.0E-06
45  MaxDim=160, MinDim=10, Cutoff=1.0E-08, Niter=4, Noise=1.0E-06
46  MaxDim=160, MinDim=10, Cutoff=1.0E-08, Niter=4, Noise=1.0E-06
47  MaxDim=160, MinDim=10, Cutoff=1.0E-08, Niter=4, Noise=1.0E-06
48  MaxDim=160, MinDim=10, Cutoff=1.0E-08, Niter=4, Noise=1.0E-06
49  MaxDim=160, MinDim=10, Cutoff=1.0E-08, Niter=4, Noise=1.0E-06
50  MaxDim=160, MinDim=10, Cutoff=1.0E-08, Niter=4, Noise=1.0E-06
51  MaxDim=160, MinDim=10, Cutoff=1.0E-08, Niter=4, Noise=1.0E-06
52  MaxDim=160, MinDim=10, Cutoff=1.0E-08, Niter=4, Noise=1.0E-06
53  MaxDim=160, MinDim=10, Cutoff=1.0E-08, Niter=4, Noise=1.0E-06
54  MaxDim=160, MinDim=10, Cutoff=1.0E-08, Niter=4, Noise=1.0E-06
55  MaxDim=160, MinDim=10, Cutoff=1.0E-08, Niter=4, Noise=1.0E-06
56  MaxDim=160, MinDim=10, Cutoff=1.0E-08, Niter=4, Noise=1.0E-06
57  MaxDim=160, MinDim=10, Cutoff=1.0E-08, Niter=4, Noise=1.0E-06
58  MaxDim=160, MinDim=10, Cutoff=1.0E-08, Niter=4, Noise=1.0E-06
59  MaxDim=320, MinDim=10, Cutoff=1.0E-10, Niter=4, Noise=1.0E-07
60  MaxDim=320, MinDim=10, Cutoff=1.0E-10, Niter=4, Noise=1.0E-07
61  MaxDim=320, MinDim=10, Cutoff=1.0E-10, Niter=4, Noise=1.0E-07
62  MaxDim=320, MinDim=10, Cutoff=1.0E-10, Niter=4, Noise=1.0E-07
63  MaxDim=320, MinDim=10, Cutoff=1.0E-10, Niter=4, Noise=1.0E-07
64  MaxDim=320, MinDim=10, Cutoff=1.0E-10, Niter=4, Noise=1.0E-07
65  MaxDim=320, MinDim=10, Cutoff=1.0E-10, Niter=4, Noise=1.0E-07
66  MaxDim=320, MinDim=10, Cutoff=1.0E-10, Niter=4, Noise=1.0E-07
67  MaxDim=320, MinDim=10, Cutoff=1.0E-10, Niter=4, Noise=1.0E-07
68  MaxDim=320, MinDim=10, Cutoff=1.0E-10, Niter=4, Noise=1.0E-07
69  MaxDim=320, MinDim=10, Cutoff=1.0E-10, Niter=4, Noise=1.0E-07
70  MaxDim=320, MinDim=10, Cutoff=1.0E-10, Niter=4, Noise=1.0E-07
71  MaxDim=320, MinDim=10, Cutoff=1.0E-10, Niter=4, Noise=1.0E-07
72  MaxDim=320, MinDim=10, Cutoff=1.0E-10, Niter=4, Noise=1.0E-07
73  MaxDim=320, MinDim=10, Cutoff=1.0E-10, Niter=4, Noise=1.0E-07
74  MaxDim=320, MinDim=10, Cutoff=1.0E-10, Niter=4, Noise=1.0E-07
75  MaxDim=640, MinDim=10, Cutoff=1.0E-12, Niter=2, Noise=1.0E-08
76  MaxDim=640, MinDim=10, Cutoff=1.0E-12, Niter=2, Noise=1.0E-08
77  MaxDim=640, MinDim=10, Cutoff=1.0E-12, Niter=2, Noise=1.0E-08
78  MaxDim=640, MinDim=10, Cutoff=1.0E-12, Niter=2, Noise=1.0E-08
79  MaxDim=640, MinDim=10, Cutoff=1.0E-12, Niter=2, Noise=1.0E-08
80  MaxDim=640, MinDim=10, Cutoff=1.0E-12, Niter=2, Noise=1.0E-08
81  MaxDim=640, MinDim=10, Cutoff=1.0E-12, Niter=2, Noise=1.0E-08
82  MaxDim=640, MinDim=10, Cutoff=1.0E-12, Niter=2, Noise=1.0E-08
83  MaxDim=1280, MinDim=10, Cutoff=1.0E-12, Niter=2, Noise=0.0E+00
84  MaxDim=1280, MinDim=10, Cutoff=1.0E-14, Niter=2, Noise=0.0E+00
85  MaxDim=1280, MinDim=10, Cutoff=1.0E-14, Niter=2, Noise=0.0E+00
86  MaxDim=1280, MinDim=10, Cutoff=1.0E-14, Niter=2, Noise=0.0E+00
87  MaxDim=1280, MinDim=10, Cutoff=1.0E-14, Niter=2, Noise=0.0E+00


    vN Entropy at center bond b=150 = 0.543340285615
    Eigs at center bond b=150: 0.8371 0.1360 0.0183 0.0056 0.0014 0.0010 
    Largest link dim during sweep 1/87 was 20
    Largest truncation error: 1.35665e-05
    Energy after sweep 1/87 is -160.030582538083
    Sweep 1/87 CPU time = 10.12s (Wall time = 1.317s)

    vN Entropy at center bond b=150 = 0.688138524793
    Eigs at center bond b=150: 0.7878 0.1627 0.0326 0.0067 0.0052 0.0034 
    Largest link dim during sweep 2/87 was 20
    Largest truncation error: 9.93062e-06
    Energy after sweep 2/87 is -160.064026305257
    Sweep 2/87 CPU time = 13.81s (Wall time = 1.770s)

    vN Entropy at center bond b=150 = 0.701157426807
    Eigs at center bond b=150: 0.7831 0.1652 0.0338 0.0069 0.0055 0.0036 
    Largest link dim during sweep 3/87 was 20
    Largest truncation error: 1.14047e-05
    Energy after sweep 3/87 is -160.064817379580
    Sweep 3/87 CPU time = 11.35s (Wall time = 1.454s)

    vN Entropy at center bond b=150 = 0.703312516378
    Eigs at center bond b=150: 0.7823 0.1656 0.0340 0.0070 0.0055 0.0037 
    Largest link dim during sweep 4/87 was 20
    Largest truncation error: 1.14601e-05
    Energy after sweep 4/87 is -160.065008237081
    Sweep 4/87 CPU time = 11.39s (Wall time = 1.453s)

    vN Entropy at center bond b=150 = 0.703996613810
    Eigs at center bond b=150: 0.7821 0.1658 0.0341 0.0070 0.0056 0.0037 
    Largest link dim during sweep 5/87 was 20
    Largest truncation error: 1.15883e-05
    Energy after sweep 5/87 is -160.065074972784
    Sweep 5/87 CPU time = 11.37s (Wall time = 1.456s)

    vN Entropy at center bond b=150 = 0.704268211989
    Eigs at center bond b=150: 0.7820 0.1658 0.0341 0.0070 0.0056 0.0037 
    Largest link dim during sweep 6/87 was 20
    Largest truncation error: 1.1731e-05
    Energy after sweep 6/87 is -160.065094746716
    Sweep 6/87 CPU time = 11.38s (Wall time = 1.461s)

    vN Entropy at center bond b=150 = 0.704378516054
    Eigs at center bond b=150: 0.7819 0.1659 0.0341 0.0070 0.0056 0.0037 
    Largest link dim during sweep 7/87 was 20
    Largest truncation error: 1.18412e-05
    Energy after sweep 7/87 is -160.065101049644
    Sweep 7/87 CPU time = 11.39s (Wall time = 1.458s)

    vN Entropy at center bond b=150 = 0.743083435559
    Eigs at center bond b=150: 0.7695 0.1703 0.0390 0.0079 0.0065 0.0043 0.0011 
    Largest link dim during sweep 8/87 was 38
    Largest truncation error: 7.71711e-07
    Energy after sweep 8/87 is -160.082773267253
    Sweep 8/87 CPU time = 10.05s (Wall time = 1.292s)

    vN Entropy at center bond b=150 = 0.794564227062
    Eigs at center bond b=150: 0.7521 0.1775 0.0448 0.0094 0.0078 0.0047 0.0015 
    Largest link dim during sweep 9/87 was 40
    Largest truncation error: 1.13317e-06
    Energy after sweep 9/87 is -160.086088625559
    Sweep 9/87 CPU time = 15.29s (Wall time = 1.956s)

    vN Entropy at center bond b=150 = 0.839280655490
    Eigs at center bond b=150: 0.7358 0.1848 0.0497 0.0111 0.0090 0.0049 0.0019 0.0012 
    Largest link dim during sweep 10/87 was 40
    Largest truncation error: 1.60491e-06
    Energy after sweep 10/87 is -160.086820414051
    Sweep 10/87 CPU time = 17.25s (Wall time = 2.225s)

    vN Entropy at center bond b=150 = 0.865789113418
    Eigs at center bond b=150: 0.7252 0.1902 0.0525 0.0122 0.0097 0.0050 0.0021 0.0012 
    Largest link dim during sweep 11/87 was 40
    Largest truncation error: 1.75261e-06
    Energy after sweep 11/87 is -160.086937664741
    Sweep 11/87 CPU time = 17.32s (Wall time = 2.221s)

    vN Entropy at center bond b=150 = 0.879683748253
    Eigs at center bond b=150: 0.7192 0.1935 0.0539 0.0129 0.0101 0.0050 0.0022 0.0012 
    Largest link dim during sweep 12/87 was 40
    Largest truncation error: 1.82649e-06
    Energy after sweep 12/87 is -160.086979198523
    Sweep 12/87 CPU time = 17.25s (Wall time = 2.217s)

    vN Entropy at center bond b=150 = 0.888171463351
    Eigs at center bond b=150: 0.7154 0.1957 0.0548 0.0134 0.0103 0.0050 0.0023 0.0012 
    Largest link dim during sweep 13/87 was 40
    Largest truncation error: 1.86986e-06
    Energy after sweep 13/87 is -160.087001658466
    Sweep 13/87 CPU time = 17.28s (Wall time = 2.211s)

    vN Entropy at center bond b=150 = 0.894079099861
    Eigs at center bond b=150: 0.7127 0.1973 0.0554 0.0137 0.0104 0.0050 0.0023 0.0011 
    Largest link dim during sweep 14/87 was 40
    Largest truncation error: 1.90793e-06
    Energy after sweep 14/87 is -160.087015323138
    Sweep 14/87 CPU time = 17.39s (Wall time = 2.236s)

    vN Entropy at center bond b=150 = 0.919550968095
    Eigs at center bond b=150: 0.7022 0.2026 0.0579 0.0150 0.0111 0.0050 0.0026 0.0012 
    Largest link dim during sweep 15/87 was 51
    Largest truncation error: 7.26416e-07
    Energy after sweep 15/87 is -160.088649969388
    Sweep 15/87 CPU time = 21.06s (Wall time = 2.702s)

    vN Entropy at center bond b=150 = 0.976429189894
    Eigs at center bond b=150: 0.6761 0.2179 0.0627 0.0185 0.0122 0.0050 0.0031 0.0013 
    Largest link dim during sweep 16/87 was 55
    Largest truncation error: 7.52501e-07
    Energy after sweep 16/87 is -160.089320938870
    Sweep 16/87 CPU time = 24.44s (Wall time = 3.132s)

    vN Entropy at center bond b=150 = 1.046751349871
    Eigs at center bond b=150: 0.6384 0.2432 0.0668 0.0238 0.0132 0.0051 0.0038 0.0014 0.0013 
    Largest link dim during sweep 17/87 was 58
    Largest truncation error: 7.63297e-07
    Energy after sweep 17/87 is -160.089916557326
    Sweep 17/87 CPU time = 26.82s (Wall time = 3.444s)

    vN Entropy at center bond b=150 = 1.120426438656
    Eigs at center bond b=150: 0.5894 0.2806 0.0683 0.0312 0.0136 0.0060 0.0040 0.0017 0.0015 0.0010 
    Largest link dim during sweep 18/87 was 62
    Largest truncation error: 7.21715e-07
    Energy after sweep 18/87 is -160.090504180194
    Sweep 18/87 CPU time = 28.78s (Wall time = 3.687s)

    vN Entropy at center bond b=150 = 1.179279019085
    Eigs at center bond b=150: 0.5363 0.3252 0.0662 0.0395 0.0134 0.0075 0.0037 0.0021 0.0017 0.0010 
    Largest link dim during sweep 19/87 was 65
    Largest truncation error: 7.23409e-07
    Energy after sweep 19/87 is -160.090971170369
    Sweep 19/87 CPU time = 31.26s (Wall time = 4.011s)

    vN Entropy at center bond b=150 = 1.209099413656
    Eigs at center bond b=150: 0.4982 0.3591 0.0630 0.0458 0.0129 0.0086 0.0034 0.0025 0.0017 0.0012 
    Largest link dim during sweep 20/87 was 67
    Largest truncation error: 7.24314e-07
    Energy after sweep 20/87 is -160.091199589779
    Sweep 20/87 CPU time = 32.95s (Wall time = 4.227s)

    vN Entropy at center bond b=150 = 1.219712600898
    Eigs at center bond b=150: 0.4811 0.3745 0.0611 0.0487 0.0127 0.0092 0.0032 0.0026 0.0016 0.0014 
    Largest link dim during sweep 21/87 was 68
    Largest truncation error: 7.24656e-07
    Energy after sweep 21/87 is -160.091297211044
    Sweep 21/87 CPU time = 33.89s (Wall time = 4.342s)

    vN Entropy at center bond b=150 = 1.223264500240
    Eigs at center bond b=150: 0.4752 0.3797 0.0604 0.0498 0.0126 0.0094 0.0032 0.0027 0.0016 0.0014 
    Largest link dim during sweep 22/87 was 69
    Largest truncation error: 7.24773e-07
    Energy after sweep 22/87 is -160.091330637230
    Sweep 22/87 CPU time = 34.20s (Wall time = 4.410s)

    vN Entropy at center bond b=150 = 1.224447852079
    Eigs at center bond b=150: 0.4735 0.3813 0.0602 0.0502 0.0126 0.0094 0.0031 0.0027 0.0016 0.0015 
    Largest link dim during sweep 23/87 was 69
    Largest truncation error: 7.24812e-07
    Energy after sweep 23/87 is -160.091342604257
    Sweep 23/87 CPU time = 34.45s (Wall time = 4.406s)

    vN Entropy at center bond b=150 = 1.224897153501
    Eigs at center bond b=150: 0.4729 0.3818 0.0601 0.0503 0.0126 0.0095 0.0031 0.0027 0.0016 0.0015 
    Largest link dim during sweep 24/87 was 69
    Largest truncation error: 7.24824e-07
    Energy after sweep 24/87 is -160.091350143262
    Sweep 24/87 CPU time = 34.30s (Wall time = 4.392s)

    vN Entropy at center bond b=150 = 1.225063080938
    Eigs at center bond b=150: 0.4727 0.3819 0.0601 0.0503 0.0126 0.0095 0.0031 0.0027 0.0016 0.0015 
    Largest link dim during sweep 25/87 was 69
    Largest truncation error: 7.24828e-07
    Energy after sweep 25/87 is -160.091353858432
    Sweep 25/87 CPU time = 34.47s (Wall time = 4.414s)

    vN Entropy at center bond b=150 = 1.225142834664
    Eigs at center bond b=150: 0.4727 0.3820 0.0601 0.0503 0.0126 0.0095 0.0031 0.0027 0.0016 0.0015 
    Largest link dim during sweep 26/87 was 69
    Largest truncation error: 7.2483e-07
    Energy after sweep 26/87 is -160.091354988279
    Sweep 26/87 CPU time = 34.36s (Wall time = 4.396s)

    vN Entropy at center bond b=150 = 1.225174860485
    Eigs at center bond b=150: 0.4727 0.3820 0.0601 0.0503 0.0126 0.0095 0.0031 0.0027 0.0016 0.0015 
    Largest link dim during sweep 27/87 was 69
    Largest truncation error: 7.24831e-07
    Energy after sweep 27/87 is -160.091355960155
    Sweep 27/87 CPU time = 34.13s (Wall time = 4.387s)

    vN Entropy at center bond b=150 = 1.225189642685
    Eigs at center bond b=150: 0.4727 0.3819 0.0601 0.0503 0.0126 0.0095 0.0031 0.0027 0.0016 0.0015 
    Largest link dim during sweep 28/87 was 69
    Largest truncation error: 7.24831e-07
    Energy after sweep 28/87 is -160.091356458254
    Sweep 28/87 CPU time = 34.41s (Wall time = 4.409s)

    vN Entropy at center bond b=150 = 1.225197072363
    Eigs at center bond b=150: 0.4727 0.3819 0.0601 0.0503 0.0126 0.0095 0.0031 0.0027 0.0016 0.0015 
    Largest link dim during sweep 29/87 was 69
    Largest truncation error: 7.24831e-07
    Energy after sweep 29/87 is -160.091356801255
    Sweep 29/87 CPU time = 34.87s (Wall time = 4.465s)

    vN Entropy at center bond b=150 = 1.225200293145
    Eigs at center bond b=150: 0.4727 0.3819 0.0601 0.0503 0.0126 0.0095 0.0031 0.0027 0.0016 0.0015 
    Largest link dim during sweep 30/87 was 69
    Largest truncation error: 7.24831e-07
    Energy after sweep 30/87 is -160.091356796087
    Sweep 30/87 CPU time = 34.36s (Wall time = 4.399s)

    vN Entropy at center bond b=150 = 1.225201899206
    Eigs at center bond b=150: 0.4727 0.3819 0.0601 0.0503 0.0126 0.0095 0.0031 0.0027 0.0016 0.0015 
    Largest link dim during sweep 31/87 was 69
    Largest truncation error: 7.24831e-07
    Energy after sweep 31/87 is -160.091356788042
    Sweep 31/87 CPU time = 34.24s (Wall time = 4.378s)

    vN Entropy at center bond b=150 = 1.225202979772
    Eigs at center bond b=150: 0.4727 0.3819 0.0601 0.0503 0.0126 0.0095 0.0031 0.0027 0.0016 0.0015 
    Largest link dim during sweep 32/87 was 69
    Largest truncation error: 7.24831e-07
    Energy after sweep 32/87 is -160.091356782432
    Sweep 32/87 CPU time = 34.38s (Wall time = 4.400s)

    vN Entropy at center bond b=150 = 1.225203988302
    Eigs at center bond b=150: 0.4727 0.3819 0.0601 0.0503 0.0126 0.0095 0.0031 0.0027 0.0016 0.0015 
    Largest link dim during sweep 33/87 was 69
    Largest truncation error: 7.24831e-07
    Energy after sweep 33/87 is -160.091357408664
    Sweep 33/87 CPU time = 34.30s (Wall time = 4.393s)

    vN Entropy at center bond b=150 = 1.225204720609
    Eigs at center bond b=150: 0.4727 0.3819 0.0601 0.0503 0.0126 0.0095 0.0031 0.0027 0.0016 0.0015 
    Largest link dim during sweep 34/87 was 69
    Largest truncation error: 7.24831e-07
    Energy after sweep 34/87 is -160.091357518693
    Sweep 34/87 CPU time = 34.34s (Wall time = 4.408s)

    vN Entropy at center bond b=150 = 1.225205941691
    Eigs at center bond b=150: 0.4727 0.3819 0.0601 0.0503 0.0126 0.0095 0.0031 0.0027 0.0016 0.0015 
    Largest link dim during sweep 35/87 was 69
    Largest truncation error: 7.24831e-07
    Energy after sweep 35/87 is -160.091357523316
    Sweep 35/87 CPU time = 34.42s (Wall time = 4.414s)

    vN Entropy at center bond b=150 = 1.225207213811
    Eigs at center bond b=150: 0.4727 0.3819 0.0601 0.0503 0.0126 0.0095 0.0031 0.0027 0.0016 0.0015 
    Largest link dim during sweep 36/87 was 69
    Largest truncation error: 7.24831e-07
    Energy after sweep 36/87 is -160.091357521268
    Sweep 36/87 CPU time = 34.10s (Wall time = 4.364s)

    vN Entropy at center bond b=150 = 1.255105905260
    Eigs at center bond b=150: 0.4672 0.3794 0.0616 0.0520 0.0140 0.0105 0.0032 0.0028 0.0021 0.0020 
    Largest link dim during sweep 37/87 was 157
    Largest truncation error: 7.49444e-09
    Energy after sweep 37/87 is -160.093408021809
    Sweep 37/87 CPU time = 2m, 17.9s (Wall time = 18.06s)

    vN Entropy at center bond b=150 = 1.275495328134
    Eigs at center bond b=150: 0.4640 0.3774 0.0626 0.0530 0.0148 0.0110 0.0032 0.0029 0.0025 0.0024 
    Largest link dim during sweep 38/87 was 160
    Largest truncation error: 1.84722e-08
    Energy after sweep 38/87 is -160.093488035030
    Sweep 38/87 CPU time = 4m, 52.1s (Wall time = 40.12s)

    vN Entropy at center bond b=150 = 1.277873404923
    Eigs at center bond b=150: 0.4637 0.3772 0.0626 0.0531 0.0149 0.0111 0.0032 0.0029 0.0026 0.0024 
    Largest link dim during sweep 39/87 was 160
    Largest truncation error: 2.25849e-08
    Energy after sweep 39/87 is -160.093490748579
    Sweep 39/87 CPU time = 4m, 51.9s (Wall time = 39.34s)

    vN Entropy at center bond b=150 = 1.278117460373
    Eigs at center bond b=150: 0.4637 0.3772 0.0626 0.0531 0.0149 0.0111 0.0032 0.0029 0.0026 0.0024 
    Largest link dim during sweep 40/87 was 160
    Largest truncation error: 2.31791e-08
    Energy after sweep 40/87 is -160.093490902778
    Sweep 40/87 CPU time = 4m, 35.4s (Wall time = 37.75s)

    vN Entropy at center bond b=150 = 1.278155588384
    Eigs at center bond b=150: 0.4637 0.3772 0.0626 0.0531 0.0149 0.0111 0.0032 0.0029 0.0026 0.0024 
    Largest link dim during sweep 41/87 was 160
    Largest truncation error: 2.32916e-08
    Energy after sweep 41/87 is -160.093490929006
    Sweep 41/87 CPU time = 4m, 58.2s (Wall time = 41.42s)

    vN Entropy at center bond b=150 = 1.278163400715
    Eigs at center bond b=150: 0.4637 0.3772 0.0626 0.0531 0.0149 0.0111 0.0032 0.0029 0.0026 0.0024 
    Largest link dim during sweep 42/87 was 160
    Largest truncation error: 2.33133e-08
    Energy after sweep 42/87 is -160.093490932782
    Sweep 42/87 CPU time = 4m, 52.7s (Wall time = 39.89s)

    vN Entropy at center bond b=150 = 1.278165482181
    Eigs at center bond b=150: 0.4637 0.3772 0.0626 0.0531 0.0149 0.0111 0.0032 0.0029 0.0026 0.0024 
    Largest link dim during sweep 43/87 was 160
    Largest truncation error: 2.33191e-08
    Energy after sweep 43/87 is -160.093490931939
    Sweep 43/87 CPU time = 4m, 51.7s (Wall time = 40.03s)

    vN Entropy at center bond b=150 = 1.278166175361
    Eigs at center bond b=150: 0.4637 0.3772 0.0626 0.0531 0.0149 0.0111 0.0032 0.0029 0.0026 0.0024 
    Largest link dim during sweep 44/87 was 160
    Largest truncation error: 2.33248e-08
    Energy after sweep 44/87 is -160.093490933933
    Sweep 44/87 CPU time = 4m, 57.0s (Wall time = 41.10s)

    vN Entropy at center bond b=150 = 1.278166493351
    Eigs at center bond b=150: 0.4637 0.3772 0.0626 0.0531 0.0149 0.0111 0.0032 0.0029 0.0026 0.0024 
    Largest link dim during sweep 45/87 was 160
    Largest truncation error: 2.333e-08
    Energy after sweep 45/87 is -160.093490934380
    Sweep 45/87 CPU time = 4m, 46.2s (Wall time = 37.57s)

    vN Entropy at center bond b=150 = 1.278166653142
    Eigs at center bond b=150: 0.4637 0.3772 0.0626 0.0531 0.0149 0.0111 0.0032 0.0029 0.0026 0.0024 
    Largest link dim during sweep 46/87 was 160
    Largest truncation error: 2.33321e-08
    Energy after sweep 46/87 is -160.093490935426
    Sweep 46/87 CPU time = 4m, 46.6s (Wall time = 38.89s)

    vN Entropy at center bond b=150 = 1.278166748609
    Eigs at center bond b=150: 0.4637 0.3772 0.0626 0.0531 0.0149 0.0111 0.0032 0.0029 0.0026 0.0024 
    Largest link dim during sweep 47/87 was 160
    Largest truncation error: 2.3333e-08
    Energy after sweep 47/87 is -160.093490937061
    Sweep 47/87 CPU time = 4m, 44.4s (Wall time = 39.52s)

    vN Entropy at center bond b=150 = 1.278166834884
    Eigs at center bond b=150: 0.4637 0.3772 0.0626 0.0531 0.0149 0.0111 0.0032 0.0029 0.0026 0.0024 
    Largest link dim during sweep 48/87 was 160
    Largest truncation error: 2.33335e-08
    Energy after sweep 48/87 is -160.093490938239
    Sweep 48/87 CPU time = 4m, 57.0s (Wall time = 41.57s)

    vN Entropy at center bond b=150 = 1.278166889488
    Eigs at center bond b=150: 0.4637 0.3772 0.0626 0.0531 0.0149 0.0111 0.0032 0.0029 0.0026 0.0024 
    Largest link dim during sweep 49/87 was 160
    Largest truncation error: 2.33338e-08
    Energy after sweep 49/87 is -160.093490938826
    Sweep 49/87 CPU time = 4m, 55.4s (Wall time = 41.13s)

    vN Entropy at center bond b=150 = 1.278166922550
    Eigs at center bond b=150: 0.4637 0.3772 0.0626 0.0531 0.0149 0.0111 0.0032 0.0029 0.0026 0.0024 
    Largest link dim during sweep 50/87 was 160
    Largest truncation error: 2.3334e-08
    Energy after sweep 50/87 is -160.093490939065
    Sweep 50/87 CPU time = 4m, 55.5s (Wall time = 41.21s)

    vN Entropy at center bond b=150 = 1.278166956226
    Eigs at center bond b=150: 0.4637 0.3772 0.0626 0.0531 0.0149 0.0111 0.0032 0.0029 0.0026 0.0024 
    Largest link dim during sweep 51/87 was 160
    Largest truncation error: 2.33341e-08
    Energy after sweep 51/87 is -160.093490939362
    Sweep 51/87 CPU time = 4m, 55.9s (Wall time = 41.19s)

    vN Entropy at center bond b=150 = 1.278166990201
    Eigs at center bond b=150: 0.4637 0.3772 0.0626 0.0531 0.0149 0.0111 0.0032 0.0029 0.0026 0.0024 
    Largest link dim during sweep 52/87 was 160
    Largest truncation error: 2.33343e-08
    Energy after sweep 52/87 is -160.093490939636
    Sweep 52/87 CPU time = 4m, 53.8s (Wall time = 40.86s)

    vN Entropy at center bond b=150 = 1.278167019728
    Eigs at center bond b=150: 0.4637 0.3772 0.0626 0.0531 0.0149 0.0111 0.0032 0.0029 0.0026 0.0024 
    Largest link dim during sweep 53/87 was 160
    Largest truncation error: 2.33344e-08
    Energy after sweep 53/87 is -160.093490939849
    Sweep 53/87 CPU time = 4m, 51.9s (Wall time = 40.36s)

    vN Entropy at center bond b=150 = 1.278167042062
    Eigs at center bond b=150: 0.4637 0.3772 0.0626 0.0531 0.0149 0.0111 0.0032 0.0029 0.0026 0.0024 
    Largest link dim during sweep 54/87 was 160
    Largest truncation error: 2.33345e-08
    Energy after sweep 54/87 is -160.093490940007
    Sweep 54/87 CPU time = 4m, 32.1s (Wall time = 37.55s)

    vN Entropy at center bond b=150 = 1.278167057167
    Eigs at center bond b=150: 0.4637 0.3772 0.0626 0.0531 0.0149 0.0111 0.0032 0.0029 0.0026 0.0024 
    Largest link dim during sweep 55/87 was 160
    Largest truncation error: 2.33347e-08
    Energy after sweep 55/87 is -160.093490940115
    Sweep 55/87 CPU time = 4m, 52.3s (Wall time = 40.26s)

    vN Entropy at center bond b=150 = 1.278167066344
    Eigs at center bond b=150: 0.4637 0.3772 0.0626 0.0531 0.0149 0.0111 0.0032 0.0029 0.0026 0.0024 
    Largest link dim during sweep 56/87 was 160
    Largest truncation error: 2.33349e-08
    Energy after sweep 56/87 is -160.093490940201
    Sweep 56/87 CPU time = 4m, 54.5s (Wall time = 40.94s)

    vN Entropy at center bond b=150 = 1.278167071075
    Eigs at center bond b=150: 0.4637 0.3772 0.0626 0.0531 0.0149 0.0111 0.0032 0.0029 0.0026 0.0024 
    Largest link dim during sweep 57/87 was 160
    Largest truncation error: 2.33352e-08
    Energy after sweep 57/87 is -160.093490940272
    Sweep 57/87 CPU time = 4m, 52.5s (Wall time = 40.50s)

    vN Entropy at center bond b=150 = 1.278167072417
    Eigs at center bond b=150: 0.4637 0.3772 0.0626 0.0531 0.0149 0.0111 0.0032 0.0029 0.0026 0.0024 
    Largest link dim during sweep 58/87 was 160
    Largest truncation error: 2.33357e-08
    Energy after sweep 58/87 is -160.093490940351
    Sweep 58/87 CPU time = 4m, 52.3s (Wall time = 40.64s)

    vN Entropy at center bond b=150 = 1.280058485141
    Eigs at center bond b=150: 0.4634 0.3770 0.0627 0.0532 0.0150 0.0111 0.0032 0.0029 0.0026 0.0025 
    Largest link dim during sweep 59/87 was 320
    Largest truncation error: 3.27665e-10
    Energy after sweep 59/87 is -160.093526358745
    Sweep 59/87 CPU time = 17m, 38s (Wall time = 2m, 22.4s)

    vN Entropy at center bond b=150 = 1.280556275789
    Eigs at center bond b=150: 0.4633 0.3770 0.0627 0.0532 0.0150 0.0112 0.0032 0.0029 0.0026 0.0025 
    Largest link dim during sweep 60/87 was 320
    Largest truncation error: 5.70952e-10
    Energy after sweep 60/87 is -160.093526629514
    Sweep 60/87 CPU time = 23m, 0s (Wall time = 3m, 0.1s)

    vN Entropy at center bond b=150 = 1.280582932818
    Eigs at center bond b=150: 0.4633 0.3770 0.0627 0.0532 0.0150 0.0112 0.0032 0.0029 0.0026 0.0025 
    Largest link dim during sweep 61/87 was 320
    Largest truncation error: 6.00726e-10
    Energy after sweep 61/87 is -160.093526634406
    Sweep 61/87 CPU time = 21m, 47s (Wall time = 2m, 47.2s)

    vN Entropy at center bond b=150 = 1.280586130668
    Eigs at center bond b=150: 0.4633 0.3770 0.0627 0.0532 0.0150 0.0112 0.0032 0.0029 0.0026 0.0025 
    Largest link dim during sweep 62/87 was 320
    Largest truncation error: 6.07733e-10
    Energy after sweep 62/87 is -160.093526634303
    Sweep 62/87 CPU time = 21m, 38s (Wall time = 2m, 46.0s)

    vN Entropy at center bond b=150 = 1.280586740012
    Eigs at center bond b=150: 0.4633 0.3770 0.0627 0.0532 0.0150 0.0112 0.0032 0.0029 0.0026 0.0025 
    Largest link dim during sweep 63/87 was 320
    Largest truncation error: 6.09199e-10
    Energy after sweep 63/87 is -160.093526634194
    Sweep 63/87 CPU time = 21m, 16s (Wall time = 2m, 43.3s)

    vN Entropy at center bond b=150 = 1.280586882975
    Eigs at center bond b=150: 0.4633 0.3770 0.0627 0.0532 0.0150 0.0112 0.0032 0.0029 0.0026 0.0025 
    Largest link dim during sweep 64/87 was 320
    Largest truncation error: 6.09516e-10
    Energy after sweep 64/87 is -160.093526634101
    Sweep 64/87 CPU time = 21m, 22s (Wall time = 2m, 44.0s)

    vN Entropy at center bond b=150 = 1.280586922626
    Eigs at center bond b=150: 0.4633 0.3770 0.0627 0.0532 0.0150 0.0112 0.0032 0.0029 0.0026 0.0025 
    Largest link dim during sweep 65/87 was 320
    Largest truncation error: 6.09605e-10
    Energy after sweep 65/87 is -160.093526634061
    Sweep 65/87 CPU time = 21m, 8s (Wall time = 2m, 42.3s)

    vN Entropy at center bond b=150 = 1.280586935734
    Eigs at center bond b=150: 0.4633 0.3770 0.0627 0.0532 0.0150 0.0112 0.0032 0.0029 0.0026 0.0025 
    Largest link dim during sweep 66/87 was 320
    Largest truncation error: 6.0965e-10
    Energy after sweep 66/87 is -160.093526634053
    Sweep 66/87 CPU time = 21m, 21s (Wall time = 2m, 43.8s)

    vN Entropy at center bond b=150 = 1.280586940831
    Eigs at center bond b=150: 0.4633 0.3770 0.0627 0.0532 0.0150 0.0112 0.0032 0.0029 0.0026 0.0025 
    Largest link dim during sweep 67/87 was 320
    Largest truncation error: 6.09678e-10
    Energy after sweep 67/87 is -160.093526634047
    Sweep 67/87 CPU time = 21m, 11s (Wall time = 2m, 42.6s)

    vN Entropy at center bond b=150 = 1.280586942498
    Eigs at center bond b=150: 0.4633 0.3770 0.0627 0.0532 0.0150 0.0112 0.0032 0.0029 0.0026 0.0025 
    Largest link dim during sweep 68/87 was 320
    Largest truncation error: 6.09695e-10
    Energy after sweep 68/87 is -160.093526634046
    Sweep 68/87 CPU time = 21m, 11s (Wall time = 2m, 42.6s)

    vN Entropy at center bond b=150 = 1.280586942981
    Eigs at center bond b=150: 0.4633 0.3770 0.0627 0.0532 0.0150 0.0112 0.0032 0.0029 0.0026 0.0025 
    Largest link dim during sweep 69/87 was 320
    Largest truncation error: 6.09706e-10
    Energy after sweep 69/87 is -160.093526634042
    Sweep 69/87 CPU time = 21m, 13s (Wall time = 2m, 42.9s)

    vN Entropy at center bond b=150 = 1.280586943192
    Eigs at center bond b=150: 0.4633 0.3770 0.0627 0.0532 0.0150 0.0112 0.0032 0.0029 0.0026 0.0025 
    Largest link dim during sweep 70/87 was 320
    Largest truncation error: 6.09715e-10
    Energy after sweep 70/87 is -160.093526634040
    Sweep 70/87 CPU time = 21m, 7s (Wall time = 2m, 42.1s)

    vN Entropy at center bond b=150 = 1.280586943548
    Eigs at center bond b=150: 0.4633 0.3770 0.0627 0.0532 0.0150 0.0112 0.0032 0.0029 0.0026 0.0025 
    Largest link dim during sweep 71/87 was 320
    Largest truncation error: 6.09722e-10
    Energy after sweep 71/87 is -160.093526634038
    Sweep 71/87 CPU time = 21m, 15s (Wall time = 2m, 43.1s)

    vN Entropy at center bond b=150 = 1.280586944130
    Eigs at center bond b=150: 0.4633 0.3770 0.0627 0.0532 0.0150 0.0112 0.0032 0.0029 0.0026 0.0025 
    Largest link dim during sweep 72/87 was 320
    Largest truncation error: 6.09727e-10
    Energy after sweep 72/87 is -160.093526634038
    Sweep 72/87 CPU time = 21m, 11s (Wall time = 2m, 42.5s)

    vN Entropy at center bond b=150 = 1.280586944693
    Eigs at center bond b=150: 0.4633 0.3770 0.0627 0.0532 0.0150 0.0112 0.0032 0.0029 0.0026 0.0025 
    Largest link dim during sweep 73/87 was 320
    Largest truncation error: 6.0973e-10
    Energy after sweep 73/87 is -160.093526634039
    Sweep 73/87 CPU time = 21m, 16s (Wall time = 2m, 43.1s)

    vN Entropy at center bond b=150 = 1.280586945129
    Eigs at center bond b=150: 0.4633 0.3770 0.0627 0.0532 0.0150 0.0112 0.0032 0.0029 0.0026 0.0025 
    Largest link dim during sweep 74/87 was 320
    Largest truncation error: 6.09733e-10
    Energy after sweep 74/87 is -160.093526634036
    Sweep 74/87 CPU time = 21m, 13s (Wall time = 2m, 42.7s)

    vN Entropy at center bond b=150 = 1.280653884187
    Eigs at center bond b=150: 0.4633 0.3770 0.0627 0.0532 0.0150 0.0112 0.0032 0.0029 0.0026 0.0025 
    Largest link dim during sweep 75/87 was 640
    Largest truncation error: 6.46258e-12
    Energy after sweep 75/87 is -160.093527483127
    Sweep 75/87 CPU time = 1h, 4m, 19s (Wall time = 8m, 38.8s)

    vN Entropy at center bond b=150 = 1.280680708285
    Eigs at center bond b=150: 0.4633 0.3770 0.0627 0.0532 0.0150 0.0112 0.0032 0.0029 0.0026 0.0025 
    Largest link dim during sweep 76/87 was 640
    Largest truncation error: 9.23414e-12
    Energy after sweep 76/87 is -160.093527491026
    Sweep 76/87 CPU time = 1h, 20m, 49s (Wall time = 10m, 48s)

    vN Entropy at center bond b=150 = 1.280682795252
    Eigs at center bond b=150: 0.4633 0.3770 0.0627 0.0532 0.0150 0.0112 0.0032 0.0029 0.0026 0.0025 
    Largest link dim during sweep 77/87 was 640
    Largest truncation error: 9.38708e-12
    Energy after sweep 77/87 is -160.093527491347
    Sweep 77/87 CPU time = 1h, 20m, 20s (Wall time = 10m, 47s)

    vN Entropy at center bond b=150 = 1.280683080512
    Eigs at center bond b=150: 0.4633 0.3770 0.0627 0.0532 0.0150 0.0112 0.0032 0.0029 0.0026 0.0025 
    Largest link dim during sweep 78/87 was 640
    Largest truncation error: 9.52028e-12
    Energy after sweep 78/87 is -160.093527491369
    Sweep 78/87 CPU time = 1h, 19m, 37s (Wall time = 10m, 44s)

    vN Entropy at center bond b=150 = 1.280683139368
    Eigs at center bond b=150: 0.4633 0.3770 0.0627 0.0532 0.0150 0.0112 0.0032 0.0029 0.0026 0.0025 
    Largest link dim during sweep 79/87 was 640
    Largest truncation error: 9.56809e-12
    Energy after sweep 79/87 is -160.093527491364
    Sweep 79/87 CPU time = 1h, 19m, 26s (Wall time = 10m, 43s)

    vN Entropy at center bond b=150 = 1.280683155193
    Eigs at center bond b=150: 0.4633 0.3770 0.0627 0.0532 0.0150 0.0112 0.0032 0.0029 0.0026 0.0025 
    Largest link dim during sweep 80/87 was 640
    Largest truncation error: 9.58613e-12
    Energy after sweep 80/87 is -160.093527491363
    Sweep 80/87 CPU time = 1h, 24m, 23s (Wall time = 11m, 24s)

    vN Entropy at center bond b=150 = 1.280683160286
    Eigs at center bond b=150: 0.4633 0.3770 0.0627 0.0532 0.0150 0.0112 0.0032 0.0029 0.0026 0.0025 
    Largest link dim during sweep 81/87 was 640
    Largest truncation error: 9.59347e-12
    Energy after sweep 81/87 is -160.093527491361
    Sweep 81/87 CPU time = 1h, 26m, 53s (Wall time = 11m, 44s)

    vN Entropy at center bond b=150 = 1.280683162078
    Eigs at center bond b=150: 0.4633 0.3770 0.0627 0.0532 0.0150 0.0112 0.0032 0.0029 0.0026 0.0025 
    Largest link dim during sweep 82/87 was 640
    Largest truncation error: 9.5977e-12
    Energy after sweep 82/87 is -160.093527491360
    Sweep 82/87 CPU time = 1h, 34m, 41s (Wall time = 12m, 47s)

    vN Entropy at center bond b=150 = 1.280684466166
    Eigs at center bond b=150: 0.4633 0.3770 0.0627 0.0532 0.0150 0.0112 0.0032 0.0029 0.0026 0.0025 
    Largest link dim during sweep 83/87 was 917
    Largest truncation error: 7.48482e-13
    Energy after sweep 83/87 is -160.093527501369
    Sweep 83/87 CPU time = 2h, 29m, 32s (Wall time = 21m, 22s)

    vN Entropy at center bond b=150 = 1.280685230290
    Eigs at center bond b=150: 0.4633 0.3770 0.0627 0.0532 0.0150 0.0112 0.0032 0.0029 0.0026 0.0025 
    Largest link dim during sweep 84/87 was 1280
    Largest truncation error: 7.22408e-14
    Energy after sweep 84/87 is -160.093527504466
    Sweep 84/87 CPU time = 6h, 7m, 53s (Wall time = 58m, 11s)

    vN Entropy at center bond b=150 = 1.280685353654
    Eigs at center bond b=150: 0.4633 0.3770 0.0627 0.0532 0.0150 0.0112 0.0032 0.0029 0.0026 0.0025 
    Largest link dim during sweep 85/87 was 1280
    Largest truncation error: 7.21299e-14
    Energy after sweep 85/87 is -160.093527504499
    Sweep 85/87 CPU time = 7h, 31m, 50s (Wall time = 1h, 9m, 35s)

    vN Entropy at center bond b=150 = 1.280685364975
    Eigs at center bond b=150: 0.4633 0.3770 0.0627 0.0532 0.0150 0.0112 0.0032 0.0029 0.0026 0.0025 
    Largest link dim during sweep 86/87 was 1280
    Largest truncation error: 7.1825e-14
    Energy after sweep 86/87 is -160.093527504504
    Sweep 86/87 CPU time = 7h, 31m, 22s (Wall time = 1h, 7m, 46s)

    vN Entropy at center bond b=150 = 1.280685366760
    Eigs at center bond b=150: 0.4633 0.3770 0.0627 0.0532 0.0150 0.0112 0.0032 0.0029 0.0026 0.0025 
    Largest link dim during sweep 87/87 was 1280
    Largest truncation error: 7.24179e-14
    Energy after sweep 87/87 is -160.093527504500
    Sweep 87/87 CPU time = 7h, 26m, 6s (Wall time = 1h, 6m, 35s)
Initial energy = 0.00000

Ground State Energy = -160.0935275045
run_outputs/outputpsi/N_300_sweep_87_t_0.030000_J_1.000000_V_0.600000_D_0.018000_U_1.000000_mu_0.000000_E_0.001000 converge
Wall-clock time (s) = 174247.344307
