//////////////////////////
Reading input file ......

Got input.N = 300
Got input.t = 0.03
Got input.J = 1
Got input.V = 0.6
Got input.D = 0.018
Got input.U = 1
Got input.mu = 0
Got input.E = 0.03
Got input.nsweeps = 87
Sweeps:
1  MaxDim=20, MinDim=20, Cutoff=1.0E-06, Niter=8, Noise=1.0E-05
2  MaxDim=20, MinDim=20, Cutoff=1.0E-06, Niter=8, Noise=1.0E-05
3  MaxDim=20, MinDim=20, Cutoff=1.0E-06, Niter=8, Noise=1.0E-05
4  MaxDim=20, MinDim=20, Cutoff=1.0E-06, Niter=8, Noise=1.0E-05
5  MaxDim=20, MinDim=20, Cutoff=1.0E-06, Niter=8, Noise=1.0E-05
6  MaxDim=20, MinDim=20, Cutoff=1.0E-06, Niter=8, Noise=1.0E-05
7  MaxDim=20, MinDim=20, Cutoff=1.0E-06, Niter=8, Noise=1.0E-05
8  MaxDim=40, MinDim=20, Cutoff=1.0E-06, Niter=4, Noise=1.0E-05
9  MaxDim=40, MinDim=20, Cutoff=1.0E-06, Niter=4, Noise=1.0E-05
10  MaxDim=40, MinDim=20, Cutoff=1.0E-06, Niter=4, Noise=1.0E-05
11  MaxDim=40, MinDim=20, Cutoff=1.0E-06, Niter=4, Noise=1.0E-05
12  MaxDim=40, MinDim=20, Cutoff=1.0E-06, Niter=4, Noise=1.0E-05
13  MaxDim=40, MinDim=20, Cutoff=1.0E-06, Niter=4, Noise=1.0E-05
14  MaxDim=40, MinDim=20, Cutoff=1.0E-06, Niter=4, Noise=1.0E-05
15  MaxDim=80, MinDim=10, Cutoff=1.0E-06, Niter=4, Noise=1.0E-05
16  MaxDim=80, MinDim=10, Cutoff=1.0E-06, Niter=4, Noise=1.0E-05
17  MaxDim=80, MinDim=10, Cutoff=1.0E-06, Niter=4, Noise=1.0E-05
18  MaxDim=80, MinDim=10, Cutoff=1.0E-06, Niter=4, Noise=1.0E-05
19  MaxDim=80, MinDim=10, Cutoff=1.0E-06, Niter=4, Noise=1.0E-05
20  MaxDim=80, MinDim=10, Cutoff=1.0E-06, Niter=4, Noise=1.0E-05
21  MaxDim=80, MinDim=10, Cutoff=1.0E-06, Niter=4, Noise=1.0E-05
22  MaxDim=80, MinDim=10, Cutoff=1.0E-06, Niter=4, Noise=1.0E-05
23  MaxDim=80, MinDim=10, Cutoff=1.0E-06, Niter=4, Noise=1.0E-05
24  MaxDim=80, MinDim=10, Cutoff=1.0E-06, Niter=4, Noise=1.0E-05
25  MaxDim=80, MinDim=10, Cutoff=1.0E-06, Niter=4, Noise=1.0E-05
26  MaxDim=80, MinDim=10, Cutoff=1.0E-06, Niter=4, Noise=1.0E-05
27  MaxDim=80, MinDim=10, Cutoff=1.0E-06, Niter=4, Noise=1.0E-05
28  MaxDim=80, MinDim=10, Cutoff=1.0E-06, Niter=4, Noise=1.0E-05
29  MaxDim=80, MinDim=10, Cutoff=1.0E-06, Niter=4, Noise=1.0E-05
30  MaxDim=80, MinDim=10, Cutoff=1.0E-06, Niter=4, Noise=1.0E-05
31  MaxDim=80, MinDim=10, Cutoff=1.0E-06, Niter=4, Noise=1.0E-05
32  MaxDim=80, MinDim=10, Cutoff=1.0E-06, Niter=4, Noise=1.0E-05
33  MaxDim=80, MinDim=10, Cutoff=1.0E-06, Niter=4, Noise=1.0E-05
34  MaxDim=80, MinDim=10, Cutoff=1.0E-06, Niter=4, Noise=1.0E-05
35  MaxDim=80, MinDim=10, Cutoff=1.0E-06, Niter=4, Noise=1.0E-05
36  MaxDim=80, MinDim=10, Cutoff=1.0E-06, Niter=4, Noise=1.0E-05
37  MaxDim=160, MinDim=10, Cutoff=1.0E-08, Niter=4, Noise=1.0E-06
38  MaxDim=160, MinDim=10, Cutoff=1.0E-08, Niter=4, Noise=1.0E-06
39  MaxDim=160, MinDim=10, Cutoff=1.0E-08, Niter=4, Noise=1.0E-06
40  MaxDim=160, MinDim=10, Cutoff=1.0E-08, Niter=4, Noise=1.0E-06
41  MaxDim=160, MinDim=10, Cutoff=1.0E-08, Niter=4, Noise=1.0E-06
42  MaxDim=160, MinDim=10, Cutoff=1.0E-08, Niter=4, Noise=1.0E-06
43  MaxDim=160, MinDim=10, Cutoff=1.0E-08, Niter=4, Noise=1.0E-06
44  MaxDim=160, MinDim=10, Cutoff=1.0E-08, Niter=4, Noise=1.0E-06
45  MaxDim=160, MinDim=10, Cutoff=1.0E-08, Niter=4, Noise=1.0E-06
46  MaxDim=160, MinDim=10, Cutoff=1.0E-08, Niter=4, Noise=1.0E-06
47  MaxDim=160, MinDim=10, Cutoff=1.0E-08, Niter=4, Noise=1.0E-06
48  MaxDim=160, MinDim=10, Cutoff=1.0E-08, Niter=4, Noise=1.0E-06
49  MaxDim=160, MinDim=10, Cutoff=1.0E-08, Niter=4, Noise=1.0E-06
50  MaxDim=160, MinDim=10, Cutoff=1.0E-08, Niter=4, Noise=1.0E-06
51  MaxDim=160, MinDim=10, Cutoff=1.0E-08, Niter=4, Noise=1.0E-06
52  MaxDim=160, MinDim=10, Cutoff=1.0E-08, Niter=4, Noise=1.0E-06
53  MaxDim=160, MinDim=10, Cutoff=1.0E-08, Niter=4, Noise=1.0E-06
54  MaxDim=160, MinDim=10, Cutoff=1.0E-08, Niter=4, Noise=1.0E-06
55  MaxDim=160, MinDim=10, Cutoff=1.0E-08, Niter=4, Noise=1.0E-06
56  MaxDim=160, MinDim=10, Cutoff=1.0E-08, Niter=4, Noise=1.0E-06
57  MaxDim=160, MinDim=10, Cutoff=1.0E-08, Niter=4, Noise=1.0E-06
58  MaxDim=160, MinDim=10, Cutoff=1.0E-08, Niter=4, Noise=1.0E-06
59  MaxDim=320, MinDim=10, Cutoff=1.0E-10, Niter=4, Noise=1.0E-07
60  MaxDim=320, MinDim=10, Cutoff=1.0E-10, Niter=4, Noise=1.0E-07
61  MaxDim=320, MinDim=10, Cutoff=1.0E-10, Niter=4, Noise=1.0E-07
62  MaxDim=320, MinDim=10, Cutoff=1.0E-10, Niter=4, Noise=1.0E-07
63  MaxDim=320, MinDim=10, Cutoff=1.0E-10, Niter=4, Noise=1.0E-07
64  MaxDim=320, MinDim=10, Cutoff=1.0E-10, Niter=4, Noise=1.0E-07
65  MaxDim=320, MinDim=10, Cutoff=1.0E-10, Niter=4, Noise=1.0E-07
66  MaxDim=320, MinDim=10, Cutoff=1.0E-10, Niter=4, Noise=1.0E-07
67  MaxDim=320, MinDim=10, Cutoff=1.0E-10, Niter=4, Noise=1.0E-07
68  MaxDim=320, MinDim=10, Cutoff=1.0E-10, Niter=4, Noise=1.0E-07
69  MaxDim=320, MinDim=10, Cutoff=1.0E-10, Niter=4, Noise=1.0E-07
70  MaxDim=320, MinDim=10, Cutoff=1.0E-10, Niter=4, Noise=1.0E-07
71  MaxDim=320, MinDim=10, Cutoff=1.0E-10, Niter=4, Noise=1.0E-07
72  MaxDim=320, MinDim=10, Cutoff=1.0E-10, Niter=4, Noise=1.0E-07
73  MaxDim=320, MinDim=10, Cutoff=1.0E-10, Niter=4, Noise=1.0E-07
74  MaxDim=320, MinDim=10, Cutoff=1.0E-10, Niter=4, Noise=1.0E-07
75  MaxDim=640, MinDim=10, Cutoff=1.0E-12, Niter=2, Noise=1.0E-08
76  MaxDim=640, MinDim=10, Cutoff=1.0E-12, Niter=2, Noise=1.0E-08
77  MaxDim=640, MinDim=10, Cutoff=1.0E-12, Niter=2, Noise=1.0E-08
78  MaxDim=640, MinDim=10, Cutoff=1.0E-12, Niter=2, Noise=1.0E-08
79  MaxDim=640, MinDim=10, Cutoff=1.0E-12, Niter=2, Noise=1.0E-08
80  MaxDim=640, MinDim=10, Cutoff=1.0E-12, Niter=2, Noise=1.0E-08
81  MaxDim=640, MinDim=10, Cutoff=1.0E-12, Niter=2, Noise=1.0E-08
82  MaxDim=640, MinDim=10, Cutoff=1.0E-12, Niter=2, Noise=1.0E-08
83  MaxDim=1280, MinDim=10, Cutoff=1.0E-12, Niter=2, Noise=0.0E+00
84  MaxDim=1280, MinDim=10, Cutoff=1.0E-14, Niter=2, Noise=0.0E+00
85  MaxDim=1280, MinDim=10, Cutoff=1.0E-14, Niter=2, Noise=0.0E+00
86  MaxDim=1280, MinDim=10, Cutoff=1.0E-14, Niter=2, Noise=0.0E+00
87  MaxDim=1280, MinDim=10, Cutoff=1.0E-14, Niter=2, Noise=0.0E+00


    vN Entropy at center bond b=150 = 0.545423171463
    Eigs at center bond b=150: 0.8363 0.1368 0.0184 0.0055 0.0014 0.0011 
    Largest link dim during sweep 1/87 was 20
    Largest truncation error: 1.36894e-05
    Energy after sweep 1/87 is -160.031863816209
    Sweep 1/87 CPU time = 9.037s (Wall time = 1.171s)

    vN Entropy at center bond b=150 = 0.688212389916
    Eigs at center bond b=150: 0.7877 0.1628 0.0325 0.0067 0.0052 0.0034 
    Largest link dim during sweep 2/87 was 20
    Largest truncation error: 9.91813e-06
    Energy after sweep 2/87 is -160.064006988057
    Sweep 2/87 CPU time = 12.58s (Wall time = 1.607s)

    vN Entropy at center bond b=150 = 0.700865210896
    Eigs at center bond b=150: 0.7831 0.1653 0.0337 0.0069 0.0055 0.0036 
    Largest link dim during sweep 3/87 was 20
    Largest truncation error: 1.13996e-05
    Energy after sweep 3/87 is -160.064828131814
    Sweep 3/87 CPU time = 12.60s (Wall time = 1.608s)

    vN Entropy at center bond b=150 = 0.703043119465
    Eigs at center bond b=150: 0.7823 0.1658 0.0339 0.0069 0.0056 0.0037 
    Largest link dim during sweep 4/87 was 20
    Largest truncation error: 1.14665e-05
    Energy after sweep 4/87 is -160.065009862980
    Sweep 4/87 CPU time = 12.60s (Wall time = 1.606s)

    vN Entropy at center bond b=150 = 0.703847513229
    Eigs at center bond b=150: 0.7821 0.1659 0.0340 0.0070 0.0056 0.0037 
    Largest link dim during sweep 5/87 was 20
    Largest truncation error: 1.15826e-05
    Energy after sweep 5/87 is -160.065062626150
    Sweep 5/87 CPU time = 12.57s (Wall time = 1.610s)

    vN Entropy at center bond b=150 = 0.704270473347
    Eigs at center bond b=150: 0.7819 0.1659 0.0341 0.0070 0.0056 0.0037 
    Largest link dim during sweep 6/87 was 20
    Largest truncation error: 1.17235e-05
    Energy after sweep 6/87 is -160.065089381557
    Sweep 6/87 CPU time = 12.55s (Wall time = 1.610s)

    vN Entropy at center bond b=150 = 0.704395935552
    Eigs at center bond b=150: 0.7819 0.1659 0.0341 0.0070 0.0056 0.0037 
    Largest link dim during sweep 7/87 was 20
    Largest truncation error: 1.1829e-05
    Energy after sweep 7/87 is -160.065097257027
    Sweep 7/87 CPU time = 12.61s (Wall time = 1.610s)

    vN Entropy at center bond b=150 = 0.743111033427
    Eigs at center bond b=150: 0.7695 0.1703 0.0390 0.0079 0.0065 0.0043 0.0011 
    Largest link dim during sweep 8/87 was 38
    Largest truncation error: 7.74448e-07
    Energy after sweep 8/87 is -160.082771302785
    Sweep 8/87 CPU time = 11.09s (Wall time = 1.424s)

    vN Entropy at center bond b=150 = 0.794583165215
    Eigs at center bond b=150: 0.7521 0.1775 0.0448 0.0094 0.0078 0.0047 0.0015 
    Largest link dim during sweep 9/87 was 40
    Largest truncation error: 1.13403e-06
    Energy after sweep 9/87 is -160.086088663631
    Sweep 9/87 CPU time = 16.85s (Wall time = 2.166s)

    vN Entropy at center bond b=150 = 0.839295064867
    Eigs at center bond b=150: 0.7358 0.1848 0.0497 0.0111 0.0090 0.0049 0.0019 0.0012 
    Largest link dim during sweep 10/87 was 40
    Largest truncation error: 1.60521e-06
    Energy after sweep 10/87 is -160.086820501018
    Sweep 10/87 CPU time = 19.04s (Wall time = 2.443s)

    vN Entropy at center bond b=150 = 0.865801330411
    Eigs at center bond b=150: 0.7251 0.1902 0.0525 0.0122 0.0097 0.0050 0.0021 0.0012 
    Largest link dim during sweep 11/87 was 40
    Largest truncation error: 1.75288e-06
    Energy after sweep 11/87 is -160.086937693742
    Sweep 11/87 CPU time = 19.64s (Wall time = 2.517s)

    vN Entropy at center bond b=150 = 0.879695004162
    Eigs at center bond b=150: 0.7192 0.1935 0.0539 0.0129 0.0101 0.0050 0.0022 0.0012 
    Largest link dim during sweep 12/87 was 40
    Largest truncation error: 1.82641e-06
    Energy after sweep 12/87 is -160.086979184429
    Sweep 12/87 CPU time = 19.28s (Wall time = 2.474s)

    vN Entropy at center bond b=150 = 0.888184587574
    Eigs at center bond b=150: 0.7154 0.1957 0.0548 0.0134 0.0103 0.0050 0.0023 0.0012 
    Largest link dim during sweep 13/87 was 40
    Largest truncation error: 1.86988e-06
    Energy after sweep 13/87 is -160.087001575208
    Sweep 13/87 CPU time = 19.31s (Wall time = 2.468s)

    vN Entropy at center bond b=150 = 0.894097167596
    Eigs at center bond b=150: 0.7127 0.1973 0.0554 0.0137 0.0104 0.0050 0.0023 0.0011 
    Largest link dim during sweep 14/87 was 40
    Largest truncation error: 1.90798e-06
    Energy after sweep 14/87 is -160.087015140262
    Sweep 14/87 CPU time = 19.36s (Wall time = 2.482s)

    vN Entropy at center bond b=150 = 0.919564628956
    Eigs at center bond b=150: 0.7022 0.2026 0.0579 0.0150 0.0111 0.0050 0.0026 0.0012 
    Largest link dim during sweep 15/87 was 51
    Largest truncation error: 7.26418e-07
    Energy after sweep 15/87 is -160.088650688898
    Sweep 15/87 CPU time = 23.08s (Wall time = 2.957s)

    vN Entropy at center bond b=150 = 0.976456295736
    Eigs at center bond b=150: 0.6761 0.2179 0.0627 0.0185 0.0122 0.0050 0.0031 0.0013 
    Largest link dim during sweep 16/87 was 55
    Largest truncation error: 7.52504e-07
    Energy after sweep 16/87 is -160.089321062454
    Sweep 16/87 CPU time = 26.57s (Wall time = 3.404s)

    vN Entropy at center bond b=150 = 1.046777646194
    Eigs at center bond b=150: 0.6384 0.2432 0.0668 0.0238 0.0132 0.0051 0.0038 0.0014 0.0013 
    Largest link dim during sweep 17/87 was 58
    Largest truncation error: 7.63301e-07
    Energy after sweep 17/87 is -160.089916662533
    Sweep 17/87 CPU time = 29.15s (Wall time = 3.734s)

    vN Entropy at center bond b=150 = 1.120445917376
    Eigs at center bond b=150: 0.5894 0.2806 0.0683 0.0312 0.0136 0.0060 0.0040 0.0017 0.0015 0.0010 
    Largest link dim during sweep 18/87 was 62
    Largest truncation error: 7.21715e-07
    Energy after sweep 18/87 is -160.090504249562
    Sweep 18/87 CPU time = 31.50s (Wall time = 4.056s)

    vN Entropy at center bond b=150 = 1.179288272875
    Eigs at center bond b=150: 0.5363 0.3252 0.0662 0.0395 0.0134 0.0075 0.0037 0.0021 0.0017 0.0010 
    Largest link dim during sweep 19/87 was 65
    Largest truncation error: 7.23409e-07
    Energy after sweep 19/87 is -160.090971203813
    Sweep 19/87 CPU time = 34.11s (Wall time = 4.368s)

    vN Entropy at center bond b=150 = 1.209102393465
    Eigs at center bond b=150: 0.4982 0.3591 0.0630 0.0458 0.0129 0.0086 0.0034 0.0025 0.0017 0.0012 
    Largest link dim during sweep 20/87 was 67
    Largest truncation error: 7.24314e-07
    Energy after sweep 20/87 is -160.091199600659
    Sweep 20/87 CPU time = 36.01s (Wall time = 4.608s)

    vN Entropy at center bond b=150 = 1.219713430233
    Eigs at center bond b=150: 0.4811 0.3745 0.0611 0.0487 0.0127 0.0092 0.0032 0.0026 0.0016 0.0014 
    Largest link dim during sweep 21/87 was 68
    Largest truncation error: 7.24656e-07
    Energy after sweep 21/87 is -160.091297214279
    Sweep 21/87 CPU time = 37.06s (Wall time = 4.762s)

    vN Entropy at center bond b=150 = 1.223264734996
    Eigs at center bond b=150: 0.4752 0.3797 0.0604 0.0498 0.0126 0.0094 0.0032 0.0027 0.0016 0.0014 
    Largest link dim during sweep 22/87 was 69
    Largest truncation error: 7.24773e-07
    Energy after sweep 22/87 is -160.091330638084
    Sweep 22/87 CPU time = 37.50s (Wall time = 4.800s)

    vN Entropy at center bond b=150 = 1.224447921986
    Eigs at center bond b=150: 0.4735 0.3813 0.0602 0.0502 0.0126 0.0094 0.0031 0.0027 0.0016 0.0015 
    Largest link dim during sweep 23/87 was 69
    Largest truncation error: 7.24812e-07
    Energy after sweep 23/87 is -160.091342604429
    Sweep 23/87 CPU time = 37.97s (Wall time = 4.872s)

    vN Entropy at center bond b=150 = 1.224897174880
    Eigs at center bond b=150: 0.4729 0.3818 0.0601 0.0503 0.0126 0.0095 0.0031 0.0027 0.0016 0.0015 
    Largest link dim during sweep 24/87 was 69
    Largest truncation error: 7.24824e-07
    Energy after sweep 24/87 is -160.091350143196
    Sweep 24/87 CPU time = 37.64s (Wall time = 4.817s)

    vN Entropy at center bond b=150 = 1.225063087816
    Eigs at center bond b=150: 0.4727 0.3819 0.0601 0.0503 0.0126 0.0095 0.0031 0.0027 0.0016 0.0015 
    Largest link dim during sweep 25/87 was 69
    Largest truncation error: 7.24828e-07
    Energy after sweep 25/87 is -160.091353858361
    Sweep 25/87 CPU time = 37.83s (Wall time = 4.860s)

    vN Entropy at center bond b=150 = 1.225142836805
    Eigs at center bond b=150: 0.4727 0.3820 0.0601 0.0503 0.0126 0.0095 0.0031 0.0027 0.0016 0.0015 
    Largest link dim during sweep 26/87 was 69
    Largest truncation error: 7.2483e-07
    Energy after sweep 26/87 is -160.091354988252
    Sweep 26/87 CPU time = 37.81s (Wall time = 4.834s)

    vN Entropy at center bond b=150 = 1.225174860751
    Eigs at center bond b=150: 0.4727 0.3820 0.0601 0.0503 0.0126 0.0095 0.0031 0.0027 0.0016 0.0015 
    Largest link dim during sweep 27/87 was 69
    Largest truncation error: 7.24831e-07
    Energy after sweep 27/87 is -160.091355960180
    Sweep 27/87 CPU time = 37.73s (Wall time = 4.833s)

    vN Entropy at center bond b=150 = 1.225189641705
    Eigs at center bond b=150: 0.4727 0.3819 0.0601 0.0503 0.0126 0.0095 0.0031 0.0027 0.0016 0.0015 
    Largest link dim during sweep 28/87 was 69
    Largest truncation error: 7.24831e-07
    Energy after sweep 28/87 is -160.091356458287
    Sweep 28/87 CPU time = 37.68s (Wall time = 4.828s)

    vN Entropy at center bond b=150 = 1.225197069992
    Eigs at center bond b=150: 0.4727 0.3819 0.0601 0.0503 0.0126 0.0095 0.0031 0.0027 0.0016 0.0015 
    Largest link dim during sweep 29/87 was 69
    Largest truncation error: 7.24831e-07
    Energy after sweep 29/87 is -160.091356801297
    Sweep 29/87 CPU time = 37.76s (Wall time = 4.841s)

    vN Entropy at center bond b=150 = 1.225200288836
    Eigs at center bond b=150: 0.4727 0.3819 0.0601 0.0503 0.0126 0.0095 0.0031 0.0027 0.0016 0.0015 
    Largest link dim during sweep 30/87 was 69
    Largest truncation error: 7.24831e-07
    Energy after sweep 30/87 is -160.091356796135
    Sweep 30/87 CPU time = 37.85s (Wall time = 4.849s)

    vN Entropy at center bond b=150 = 1.225201891972
    Eigs at center bond b=150: 0.4727 0.3819 0.0601 0.0503 0.0126 0.0095 0.0031 0.0027 0.0016 0.0015 
    Largest link dim during sweep 31/87 was 69
    Largest truncation error: 7.24831e-07
    Energy after sweep 31/87 is -160.091356788116
    Sweep 31/87 CPU time = 37.75s (Wall time = 4.832s)

    vN Entropy at center bond b=150 = 1.225202968103
    Eigs at center bond b=150: 0.4727 0.3819 0.0601 0.0503 0.0126 0.0095 0.0031 0.0027 0.0016 0.0015 
    Largest link dim during sweep 32/87 was 69
    Largest truncation error: 7.24831e-07
    Energy after sweep 32/87 is -160.091356782525
    Sweep 32/87 CPU time = 37.71s (Wall time = 4.828s)

    vN Entropy at center bond b=150 = 1.225203970542
    Eigs at center bond b=150: 0.4727 0.3819 0.0601 0.0503 0.0126 0.0095 0.0031 0.0027 0.0016 0.0015 
    Largest link dim during sweep 33/87 was 69
    Largest truncation error: 7.24831e-07
    Energy after sweep 33/87 is -160.091357408772
    Sweep 33/87 CPU time = 38.49s (Wall time = 4.941s)

    vN Entropy at center bond b=150 = 1.225204696454
    Eigs at center bond b=150: 0.4727 0.3819 0.0601 0.0503 0.0126 0.0095 0.0031 0.0027 0.0016 0.0015 
    Largest link dim during sweep 34/87 was 69
    Largest truncation error: 7.24831e-07
    Energy after sweep 34/87 is -160.091357518776
    Sweep 34/87 CPU time = 37.88s (Wall time = 4.853s)

    vN Entropy at center bond b=150 = 1.225205913947
    Eigs at center bond b=150: 0.4727 0.3819 0.0601 0.0503 0.0126 0.0095 0.0031 0.0027 0.0016 0.0015 
    Largest link dim during sweep 35/87 was 69
    Largest truncation error: 7.24831e-07
    Energy after sweep 35/87 is -160.091357523337
    Sweep 35/87 CPU time = 37.69s (Wall time = 4.830s)

    vN Entropy at center bond b=150 = 1.225207186605
    Eigs at center bond b=150: 0.4727 0.3819 0.0601 0.0503 0.0126 0.0095 0.0031 0.0027 0.0016 0.0015 
    Largest link dim during sweep 36/87 was 69
    Largest truncation error: 7.24831e-07
    Energy after sweep 36/87 is -160.091357521229
    Sweep 36/87 CPU time = 37.80s (Wall time = 4.831s)

    vN Entropy at center bond b=150 = 1.255105891682
    Eigs at center bond b=150: 0.4672 0.3794 0.0616 0.0520 0.0140 0.0105 0.0032 0.0028 0.0021 0.0020 
    Largest link dim during sweep 37/87 was 157
    Largest truncation error: 7.49444e-09
    Energy after sweep 37/87 is -160.093408021807
    Sweep 37/87 CPU time = 2m, 17.4s (Wall time = 17.92s)

    vN Entropy at center bond b=150 = 1.275495329277
    Eigs at center bond b=150: 0.4640 0.3774 0.0626 0.0530 0.0148 0.0110 0.0032 0.0029 0.0025 0.0024 
    Largest link dim during sweep 38/87 was 160
    Largest truncation error: 1.84722e-08
    Energy after sweep 38/87 is -160.093488035033
    Sweep 38/87 CPU time = 4m, 30.8s (Wall time = 36.69s)

    vN Entropy at center bond b=150 = 1.277873405065
    Eigs at center bond b=150: 0.4637 0.3772 0.0626 0.0531 0.0149 0.0111 0.0032 0.0029 0.0026 0.0024 
    Largest link dim during sweep 39/87 was 160
    Largest truncation error: 2.25849e-08
    Energy after sweep 39/87 is -160.093490748582
    Sweep 39/87 CPU time = 4m, 45.1s (Wall time = 38.05s)

    vN Entropy at center bond b=150 = 1.278117460369
    Eigs at center bond b=150: 0.4637 0.3772 0.0626 0.0531 0.0149 0.0111 0.0032 0.0029 0.0026 0.0024 
    Largest link dim during sweep 40/87 was 160
    Largest truncation error: 2.31791e-08
    Energy after sweep 40/87 is -160.093490902779
    Sweep 40/87 CPU time = 4m, 52.4s (Wall time = 39.44s)

    vN Entropy at center bond b=150 = 1.278155588391
    Eigs at center bond b=150: 0.4637 0.3772 0.0626 0.0531 0.0149 0.0111 0.0032 0.0029 0.0026 0.0024 
    Largest link dim during sweep 41/87 was 160
    Largest truncation error: 2.32916e-08
    Energy after sweep 41/87 is -160.093490929003
    Sweep 41/87 CPU time = 4m, 48.2s (Wall time = 38.79s)

    vN Entropy at center bond b=150 = 1.278163400743
    Eigs at center bond b=150: 0.4637 0.3772 0.0626 0.0531 0.0149 0.0111 0.0032 0.0029 0.0026 0.0024 
    Largest link dim during sweep 42/87 was 160
    Largest truncation error: 2.33133e-08
    Energy after sweep 42/87 is -160.093490932782
    Sweep 42/87 CPU time = 4m, 44.8s (Wall time = 38.47s)

    vN Entropy at center bond b=150 = 1.278165482245
    Eigs at center bond b=150: 0.4637 0.3772 0.0626 0.0531 0.0149 0.0111 0.0032 0.0029 0.0026 0.0024 
    Largest link dim during sweep 43/87 was 160
    Largest truncation error: 2.33191e-08
    Energy after sweep 43/87 is -160.093490931937
    Sweep 43/87 CPU time = 4m, 45.2s (Wall time = 38.81s)

    vN Entropy at center bond b=150 = 1.278166175463
    Eigs at center bond b=150: 0.4637 0.3772 0.0626 0.0531 0.0149 0.0111 0.0032 0.0029 0.0026 0.0024 
    Largest link dim during sweep 44/87 was 160
    Largest truncation error: 2.33248e-08
    Energy after sweep 44/87 is -160.093490933931
    Sweep 44/87 CPU time = 4m, 41.4s (Wall time = 37.23s)

    vN Entropy at center bond b=150 = 1.278166493467
    Eigs at center bond b=150: 0.4637 0.3772 0.0626 0.0531 0.0149 0.0111 0.0032 0.0029 0.0026 0.0024 
    Largest link dim during sweep 45/87 was 160
    Largest truncation error: 2.333e-08
    Energy after sweep 45/87 is -160.093490934382
    Sweep 45/87 CPU time = 4m, 39.3s (Wall time = 36.67s)

    vN Entropy at center bond b=150 = 1.278166653209
    Eigs at center bond b=150: 0.4637 0.3772 0.0626 0.0531 0.0149 0.0111 0.0032 0.0029 0.0026 0.0024 
    Largest link dim during sweep 46/87 was 160
    Largest truncation error: 2.33321e-08
    Energy after sweep 46/87 is -160.093490935429
    Sweep 46/87 CPU time = 4m, 36.6s (Wall time = 36.73s)

    vN Entropy at center bond b=150 = 1.278166748664
    Eigs at center bond b=150: 0.4637 0.3772 0.0626 0.0531 0.0149 0.0111 0.0032 0.0029 0.0026 0.0024 
    Largest link dim during sweep 47/87 was 160
    Largest truncation error: 2.3333e-08
    Energy after sweep 47/87 is -160.093490937060
    Sweep 47/87 CPU time = 4m, 42.3s (Wall time = 38.09s)

    vN Entropy at center bond b=150 = 1.278166834984
    Eigs at center bond b=150: 0.4637 0.3772 0.0626 0.0531 0.0149 0.0111 0.0032 0.0029 0.0026 0.0024 
    Largest link dim during sweep 48/87 was 160
    Largest truncation error: 2.33334e-08
    Energy after sweep 48/87 is -160.093490938236
    Sweep 48/87 CPU time = 4m, 42.7s (Wall time = 38.27s)

    vN Entropy at center bond b=150 = 1.278166889664
    Eigs at center bond b=150: 0.4637 0.3772 0.0626 0.0531 0.0149 0.0111 0.0032 0.0029 0.0026 0.0024 
    Largest link dim during sweep 49/87 was 160
    Largest truncation error: 2.33338e-08
    Energy after sweep 49/87 is -160.093490938827
    Sweep 49/87 CPU time = 4m, 43.3s (Wall time = 38.26s)

    vN Entropy at center bond b=150 = 1.278166922826
    Eigs at center bond b=150: 0.4637 0.3772 0.0626 0.0531 0.0149 0.0111 0.0032 0.0029 0.0026 0.0024 
    Largest link dim during sweep 50/87 was 160
    Largest truncation error: 2.3334e-08
    Energy after sweep 50/87 is -160.093490939067
    Sweep 50/87 CPU time = 4m, 42.9s (Wall time = 37.84s)

    vN Entropy at center bond b=150 = 1.278166956587
    Eigs at center bond b=150: 0.4637 0.3772 0.0626 0.0531 0.0149 0.0111 0.0032 0.0029 0.0026 0.0024 
    Largest link dim during sweep 51/87 was 160
    Largest truncation error: 2.33341e-08
    Energy after sweep 51/87 is -160.093490939366
    Sweep 51/87 CPU time = 4m, 39.6s (Wall time = 37.18s)

    vN Entropy at center bond b=150 = 1.278166990524
    Eigs at center bond b=150: 0.4637 0.3772 0.0626 0.0531 0.0149 0.0111 0.0032 0.0029 0.0026 0.0024 
    Largest link dim during sweep 52/87 was 160
    Largest truncation error: 2.33343e-08
    Energy after sweep 52/87 is -160.093490939636
    Sweep 52/87 CPU time = 4m, 43.3s (Wall time = 37.72s)

    vN Entropy at center bond b=150 = 1.278167019958
    Eigs at center bond b=150: 0.4637 0.3772 0.0626 0.0531 0.0149 0.0111 0.0032 0.0029 0.0026 0.0024 
    Largest link dim during sweep 53/87 was 160
    Largest truncation error: 2.33344e-08
    Energy after sweep 53/87 is -160.093490939852
    Sweep 53/87 CPU time = 4m, 43.9s (Wall time = 38.15s)

    vN Entropy at center bond b=150 = 1.278167042186
    Eigs at center bond b=150: 0.4637 0.3772 0.0626 0.0531 0.0149 0.0111 0.0032 0.0029 0.0026 0.0024 
    Largest link dim during sweep 54/87 was 160
    Largest truncation error: 2.33345e-08
    Energy after sweep 54/87 is -160.093490940002
    Sweep 54/87 CPU time = 4m, 41.5s (Wall time = 37.52s)

    vN Entropy at center bond b=150 = 1.278167057239
    Eigs at center bond b=150: 0.4637 0.3772 0.0626 0.0531 0.0149 0.0111 0.0032 0.0029 0.0026 0.0024 
    Largest link dim during sweep 55/87 was 160
    Largest truncation error: 2.33347e-08
    Energy after sweep 55/87 is -160.093490940118
    Sweep 55/87 CPU time = 4m, 37.6s (Wall time = 36.48s)

    vN Entropy at center bond b=150 = 1.278167066391
    Eigs at center bond b=150: 0.4637 0.3772 0.0626 0.0531 0.0149 0.0111 0.0032 0.0029 0.0026 0.0024 
    Largest link dim during sweep 56/87 was 160
    Largest truncation error: 2.33349e-08
    Energy after sweep 56/87 is -160.093490940203
    Sweep 56/87 CPU time = 4m, 42.7s (Wall time = 37.28s)

    vN Entropy at center bond b=150 = 1.278167071096
    Eigs at center bond b=150: 0.4637 0.3772 0.0626 0.0531 0.0149 0.0111 0.0032 0.0029 0.0026 0.0024 
    Largest link dim during sweep 57/87 was 160
    Largest truncation error: 2.33352e-08
    Energy after sweep 57/87 is -160.093490940277
    Sweep 57/87 CPU time = 4m, 35.9s (Wall time = 36.06s)

    vN Entropy at center bond b=150 = 1.278167072436
    Eigs at center bond b=150: 0.4637 0.3772 0.0626 0.0531 0.0149 0.0111 0.0032 0.0029 0.0026 0.0024 
    Largest link dim during sweep 58/87 was 160
    Largest truncation error: 2.33357e-08
    Energy after sweep 58/87 is -160.093490940353
    Sweep 58/87 CPU time = 4m, 31.1s (Wall time = 35.21s)

    vN Entropy at center bond b=150 = 1.280058485145
    Eigs at center bond b=150: 0.4634 0.3770 0.0627 0.0532 0.0150 0.0111 0.0032 0.0029 0.0026 0.0025 
    Largest link dim during sweep 59/87 was 320
    Largest truncation error: 3.27665e-10
    Energy after sweep 59/87 is -160.093526358747
    Sweep 59/87 CPU time = 18m, 18s (Wall time = 2m, 30.3s)

    vN Entropy at center bond b=150 = 1.280556275790
    Eigs at center bond b=150: 0.4633 0.3770 0.0627 0.0532 0.0150 0.0112 0.0032 0.0029 0.0026 0.0025 
    Largest link dim during sweep 60/87 was 320
    Largest truncation error: 5.70953e-10
    Energy after sweep 60/87 is -160.093526629516
    Sweep 60/87 CPU time = 26m, 34s (Wall time = 3m, 25.8s)

    vN Entropy at center bond b=150 = 1.280582932816
    Eigs at center bond b=150: 0.4633 0.3770 0.0627 0.0532 0.0150 0.0112 0.0032 0.0029 0.0026 0.0025 
    Largest link dim during sweep 61/87 was 320
    Largest truncation error: 6.00726e-10
    Energy after sweep 61/87 is -160.093526634406
    Sweep 61/87 CPU time = 26m, 15s (Wall time = 3m, 21.4s)

    vN Entropy at center bond b=150 = 1.280586130675
    Eigs at center bond b=150: 0.4633 0.3770 0.0627 0.0532 0.0150 0.0112 0.0032 0.0029 0.0026 0.0025 
    Largest link dim during sweep 62/87 was 320
    Largest truncation error: 6.07733e-10
    Energy after sweep 62/87 is -160.093526634304
    Sweep 62/87 CPU time = 26m, 2s (Wall time = 3m, 19.7s)

    vN Entropy at center bond b=150 = 1.280586740010
    Eigs at center bond b=150: 0.4633 0.3770 0.0627 0.0532 0.0150 0.0112 0.0032 0.0029 0.0026 0.0025 
    Largest link dim during sweep 63/87 was 320
    Largest truncation error: 6.09199e-10
    Energy after sweep 63/87 is -160.093526634194
    Sweep 63/87 CPU time = 25m, 45s (Wall time = 3m, 17.7s)

    vN Entropy at center bond b=150 = 1.280586882961
    Eigs at center bond b=150: 0.4633 0.3770 0.0627 0.0532 0.0150 0.0112 0.0032 0.0029 0.0026 0.0025 
    Largest link dim during sweep 64/87 was 320
    Largest truncation error: 6.09516e-10
    Energy after sweep 64/87 is -160.093526634100
    Sweep 64/87 CPU time = 25m, 45s (Wall time = 3m, 17.6s)

    vN Entropy at center bond b=150 = 1.280586922621
    Eigs at center bond b=150: 0.4633 0.3770 0.0627 0.0532 0.0150 0.0112 0.0032 0.0029 0.0026 0.0025 
    Largest link dim during sweep 65/87 was 320
    Largest truncation error: 6.09605e-10
    Energy after sweep 65/87 is -160.093526634064
    Sweep 65/87 CPU time = 25m, 47s (Wall time = 3m, 17.9s)

    vN Entropy at center bond b=150 = 1.280586935737
    Eigs at center bond b=150: 0.4633 0.3770 0.0627 0.0532 0.0150 0.0112 0.0032 0.0029 0.0026 0.0025 
    Largest link dim during sweep 66/87 was 320
    Largest truncation error: 6.0965e-10
    Energy after sweep 66/87 is -160.093526634053
    Sweep 66/87 CPU time = 25m, 44s (Wall time = 3m, 17.5s)

    vN Entropy at center bond b=150 = 1.280586940825
    Eigs at center bond b=150: 0.4633 0.3770 0.0627 0.0532 0.0150 0.0112 0.0032 0.0029 0.0026 0.0025 
    Largest link dim during sweep 67/87 was 320
    Largest truncation error: 6.09678e-10
    Energy after sweep 67/87 is -160.093526634049
    Sweep 67/87 CPU time = 25m, 45s (Wall time = 3m, 17.6s)

    vN Entropy at center bond b=150 = 1.280586942496
    Eigs at center bond b=150: 0.4633 0.3770 0.0627 0.0532 0.0150 0.0112 0.0032 0.0029 0.0026 0.0025 
    Largest link dim during sweep 68/87 was 320
    Largest truncation error: 6.09695e-10
    Energy after sweep 68/87 is -160.093526634043
    Sweep 68/87 CPU time = 25m, 45s (Wall time = 3m, 17.5s)

    vN Entropy at center bond b=150 = 1.280586942973
    Eigs at center bond b=150: 0.4633 0.3770 0.0627 0.0532 0.0150 0.0112 0.0032 0.0029 0.0026 0.0025 
    Largest link dim during sweep 69/87 was 320
    Largest truncation error: 6.09706e-10
    Energy after sweep 69/87 is -160.093526634042
    Sweep 69/87 CPU time = 25m, 48s (Wall time = 3m, 18.0s)

    vN Entropy at center bond b=150 = 1.280586943183
    Eigs at center bond b=150: 0.4633 0.3770 0.0627 0.0532 0.0150 0.0112 0.0032 0.0029 0.0026 0.0025 
    Largest link dim during sweep 70/87 was 320
    Largest truncation error: 6.09715e-10
    Energy after sweep 70/87 is -160.093526634039
    Sweep 70/87 CPU time = 25m, 46s (Wall time = 3m, 17.7s)

    vN Entropy at center bond b=150 = 1.280586943550
    Eigs at center bond b=150: 0.4633 0.3770 0.0627 0.0532 0.0150 0.0112 0.0032 0.0029 0.0026 0.0025 
    Largest link dim during sweep 71/87 was 320
    Largest truncation error: 6.09722e-10
    Energy after sweep 71/87 is -160.093526634040
    Sweep 71/87 CPU time = 25m, 50s (Wall time = 3m, 18.2s)

    vN Entropy at center bond b=150 = 1.280586944127
    Eigs at center bond b=150: 0.4633 0.3770 0.0627 0.0532 0.0150 0.0112 0.0032 0.0029 0.0026 0.0025 
    Largest link dim during sweep 72/87 was 320
    Largest truncation error: 6.09727e-10
    Energy after sweep 72/87 is -160.093526634038
    Sweep 72/87 CPU time = 25m, 51s (Wall time = 3m, 18.4s)

    vN Entropy at center bond b=150 = 1.280586944690
    Eigs at center bond b=150: 0.4633 0.3770 0.0627 0.0532 0.0150 0.0112 0.0032 0.0029 0.0026 0.0025 
    Largest link dim during sweep 73/87 was 320
    Largest truncation error: 6.0973e-10
    Energy after sweep 73/87 is -160.093526634038
    Sweep 73/87 CPU time = 25m, 52s (Wall time = 3m, 18.5s)

    vN Entropy at center bond b=150 = 1.280586945130
    Eigs at center bond b=150: 0.4633 0.3770 0.0627 0.0532 0.0150 0.0112 0.0032 0.0029 0.0026 0.0025 
    Largest link dim during sweep 74/87 was 320
    Largest truncation error: 6.09733e-10
    Energy after sweep 74/87 is -160.093526634041
    Sweep 74/87 CPU time = 25m, 48s (Wall time = 3m, 18.1s)

    vN Entropy at center bond b=150 = 1.280653884191
    Eigs at center bond b=150: 0.4633 0.3770 0.0627 0.0532 0.0150 0.0112 0.0032 0.0029 0.0026 0.0025 
    Largest link dim during sweep 75/87 was 640
    Largest truncation error: 6.46244e-12
    Energy after sweep 75/87 is -160.093527483127
    Sweep 75/87 CPU time = 1h, 11m, 53s (Wall time = 9m, 44.1s)

    vN Entropy at center bond b=150 = 1.280680708293
    Eigs at center bond b=150: 0.4633 0.3770 0.0627 0.0532 0.0150 0.0112 0.0032 0.0029 0.0026 0.0025 
    Largest link dim during sweep 76/87 was 640
    Largest truncation error: 9.23407e-12
    Energy after sweep 76/87 is -160.093527491026
    Sweep 76/87 CPU time = 1h, 35m, 34s (Wall time = 12m, 49s)

    vN Entropy at center bond b=150 = 1.280682795259
    Eigs at center bond b=150: 0.4633 0.3770 0.0627 0.0532 0.0150 0.0112 0.0032 0.0029 0.0026 0.0025 
    Largest link dim during sweep 77/87 was 640
    Largest truncation error: 9.38715e-12
    Energy after sweep 77/87 is -160.093527491345
    Sweep 77/87 CPU time = 1h, 35m, 18s (Wall time = 12m, 52s)

    vN Entropy at center bond b=150 = 1.280683080506
    Eigs at center bond b=150: 0.4633 0.3770 0.0627 0.0532 0.0150 0.0112 0.0032 0.0029 0.0026 0.0025 
    Largest link dim during sweep 78/87 was 640
    Largest truncation error: 9.5203e-12
    Energy after sweep 78/87 is -160.093527491370
    Sweep 78/87 CPU time = 1h, 34m, 15s (Wall time = 12m, 44s)

    vN Entropy at center bond b=150 = 1.280683139364
    Eigs at center bond b=150: 0.4633 0.3770 0.0627 0.0532 0.0150 0.0112 0.0032 0.0029 0.0026 0.0025 
    Largest link dim during sweep 79/87 was 640
    Largest truncation error: 9.56804e-12
    Energy after sweep 79/87 is -160.093527491361
    Sweep 79/87 CPU time = 1h, 33m, 18s (Wall time = 12m, 37s)

    vN Entropy at center bond b=150 = 1.280683155191
    Eigs at center bond b=150: 0.4633 0.3770 0.0627 0.0532 0.0150 0.0112 0.0032 0.0029 0.0026 0.0025 
    Largest link dim during sweep 80/87 was 640
    Largest truncation error: 9.58623e-12
    Energy after sweep 80/87 is -160.093527491361
    Sweep 80/87 CPU time = 1h, 29m, 58s (Wall time = 12m, 9s)

    vN Entropy at center bond b=150 = 1.280683160299
    Eigs at center bond b=150: 0.4633 0.3770 0.0627 0.0532 0.0150 0.0112 0.0032 0.0029 0.0026 0.0025 
    Largest link dim during sweep 81/87 was 640
    Largest truncation error: 9.59365e-12
    Energy after sweep 81/87 is -160.093527491358
    Sweep 81/87 CPU time = 1h, 19m, 8s (Wall time = 10m, 37s)

    vN Entropy at center bond b=150 = 1.280683162079
    Eigs at center bond b=150: 0.4633 0.3770 0.0627 0.0532 0.0150 0.0112 0.0032 0.0029 0.0026 0.0025 
    Largest link dim during sweep 82/87 was 640
    Largest truncation error: 9.59772e-12
    Energy after sweep 82/87 is -160.093527491361
    Sweep 82/87 CPU time = 1h, 19m, 32s (Wall time = 10m, 39s)

    vN Entropy at center bond b=150 = 1.280684466165
    Eigs at center bond b=150: 0.4633 0.3770 0.0627 0.0532 0.0150 0.0112 0.0032 0.0029 0.0026 0.0025 
    Largest link dim during sweep 83/87 was 917
    Largest truncation error: 7.48523e-13
    Energy after sweep 83/87 is -160.093527501368
    Sweep 83/87 CPU time = 1h, 59m, 31s (Wall time = 16m, 20s)

    vN Entropy at center bond b=150 = 1.280685230287
    Eigs at center bond b=150: 0.4633 0.3770 0.0627 0.0532 0.0150 0.0112 0.0032 0.0029 0.0026 0.0025 
    Largest link dim during sweep 84/87 was 1280
    Largest truncation error: 7.22415e-14
    Energy after sweep 84/87 is -160.093527504460
    Sweep 84/87 CPU time = 4h, 37m, 6s (Wall time = 39m, 6s)

    vN Entropy at center bond b=150 = 1.280685353658
    Eigs at center bond b=150: 0.4633 0.3770 0.0627 0.0532 0.0150 0.0112 0.0032 0.0029 0.0026 0.0025 
    Largest link dim during sweep 85/87 was 1280
    Largest truncation error: 7.21287e-14
    Energy after sweep 85/87 is -160.093527504495
    Sweep 85/87 CPU time = 5h, 42m, 25s (Wall time = 47m, 31s)

    vN Entropy at center bond b=150 = 1.280685364985
    Eigs at center bond b=150: 0.4633 0.3770 0.0627 0.0532 0.0150 0.0112 0.0032 0.0029 0.0026 0.0025 
    Largest link dim during sweep 86/87 was 1280
    Largest truncation error: 7.18254e-14
    Energy after sweep 86/87 is -160.093527504503
    Sweep 86/87 CPU time = 5h, 41m, 40s (Wall time = 46m, 57s)

    vN Entropy at center bond b=150 = 1.280685366765
    Eigs at center bond b=150: 0.4633 0.3770 0.0627 0.0532 0.0150 0.0112 0.0032 0.0029 0.0026 0.0025 
    Largest link dim during sweep 87/87 was 1280
    Largest truncation error: 7.24181e-14
    Energy after sweep 87/87 is -160.093527504505
    Sweep 87/87 CPU time = 5h, 41m, 15s (Wall time = 46m, 40s)
Initial energy = 0.00000

Ground State Energy = -160.0935275045
run_outputs/outputpsi/N_300_sweep_87_t_0.030000_J_1.000000_V_0.600000_D_0.018000_U_1.000000_mu_0.000000_E_0.030000 converge
Wall-clock time (s) = 170760.011536
