//////////////////////////
Reading input file ......

Got input.N = 300
Got input.t = 0.03
Got input.J = 1
Got input.V = 0.6
Got input.D = 0.018
Got input.U = 0.1
Got input.mu = 0
Got input.E = 0.001
Got input.nsweeps = 87
Sweeps:
1  MaxDim=20, MinDim=20, Cutoff=1.0E-06, Niter=8, Noise=1.0E-05
2  MaxDim=20, MinDim=20, Cutoff=1.0E-06, Niter=8, Noise=1.0E-05
3  MaxDim=20, MinDim=20, Cutoff=1.0E-06, Niter=8, Noise=1.0E-05
4  MaxDim=20, MinDim=20, Cutoff=1.0E-06, Niter=8, Noise=1.0E-05
5  MaxDim=20, MinDim=20, Cutoff=1.0E-06, Niter=8, Noise=1.0E-05
6  MaxDim=20, MinDim=20, Cutoff=1.0E-06, Niter=8, Noise=1.0E-05
7  MaxDim=20, MinDim=20, Cutoff=1.0E-06, Niter=8, Noise=1.0E-05
8  MaxDim=40, MinDim=20, Cutoff=1.0E-06, Niter=4, Noise=1.0E-05
9  MaxDim=40, MinDim=20, Cutoff=1.0E-06, Niter=4, Noise=1.0E-05
10  MaxDim=40, MinDim=20, Cutoff=1.0E-06, Niter=4, Noise=1.0E-05
11  MaxDim=40, MinDim=20, Cutoff=1.0E-06, Niter=4, Noise=1.0E-05
12  MaxDim=40, MinDim=20, Cutoff=1.0E-06, Niter=4, Noise=1.0E-05
13  MaxDim=40, MinDim=20, Cutoff=1.0E-06, Niter=4, Noise=1.0E-05
14  MaxDim=40, MinDim=20, Cutoff=1.0E-06, Niter=4, Noise=1.0E-05
15  MaxDim=80, MinDim=10, Cutoff=1.0E-06, Niter=4, Noise=1.0E-05
16  MaxDim=80, MinDim=10, Cutoff=1.0E-06, Niter=4, Noise=1.0E-05
17  MaxDim=80, MinDim=10, Cutoff=1.0E-06, Niter=4, Noise=1.0E-05
18  MaxDim=80, MinDim=10, Cutoff=1.0E-06, Niter=4, Noise=1.0E-05
19  MaxDim=80, MinDim=10, Cutoff=1.0E-06, Niter=4, Noise=1.0E-05
20  MaxDim=80, MinDim=10, Cutoff=1.0E-06, Niter=4, Noise=1.0E-05
21  MaxDim=80, MinDim=10, Cutoff=1.0E-06, Niter=4, Noise=1.0E-05
22  MaxDim=80, MinDim=10, Cutoff=1.0E-06, Niter=4, Noise=1.0E-05
23  MaxDim=80, MinDim=10, Cutoff=1.0E-06, Niter=4, Noise=1.0E-05
24  MaxDim=80, MinDim=10, Cutoff=1.0E-06, Niter=4, Noise=1.0E-05
25  MaxDim=80, MinDim=10, Cutoff=1.0E-06, Niter=4, Noise=1.0E-05
26  MaxDim=80, MinDim=10, Cutoff=1.0E-06, Niter=4, Noise=1.0E-05
27  MaxDim=80, MinDim=10, Cutoff=1.0E-06, Niter=4, Noise=1.0E-05
28  MaxDim=80, MinDim=10, Cutoff=1.0E-06, Niter=4, Noise=1.0E-05
29  MaxDim=80, MinDim=10, Cutoff=1.0E-06, Niter=4, Noise=1.0E-05
30  MaxDim=80, MinDim=10, Cutoff=1.0E-06, Niter=4, Noise=1.0E-05
31  MaxDim=80, MinDim=10, Cutoff=1.0E-06, Niter=4, Noise=1.0E-05
32  MaxDim=80, MinDim=10, Cutoff=1.0E-06, Niter=4, Noise=1.0E-05
33  MaxDim=80, MinDim=10, Cutoff=1.0E-06, Niter=4, Noise=1.0E-05
34  MaxDim=80, MinDim=10, Cutoff=1.0E-06, Niter=4, Noise=1.0E-05
35  MaxDim=80, MinDim=10, Cutoff=1.0E-06, Niter=4, Noise=1.0E-05
36  MaxDim=80, MinDim=10, Cutoff=1.0E-06, Niter=4, Noise=1.0E-05
37  MaxDim=160, MinDim=10, Cutoff=1.0E-08, Niter=4, Noise=1.0E-06
38  MaxDim=160, MinDim=10, Cutoff=1.0E-08, Niter=4, Noise=1.0E-06
39  MaxDim=160, MinDim=10, Cutoff=1.0E-08, Niter=4, Noise=1.0E-06
40  MaxDim=160, MinDim=10, Cutoff=1.0E-08, Niter=4, Noise=1.0E-06
41  MaxDim=160, MinDim=10, Cutoff=1.0E-08, Niter=4, Noise=1.0E-06
42  MaxDim=160, MinDim=10, Cutoff=1.0E-08, Niter=4, Noise=1.0E-06
43  MaxDim=160, MinDim=10, Cutoff=1.0E-08, Niter=4, Noise=1.0E-06
44  MaxDim=160, MinDim=10, Cutoff=1.0E-08, Niter=4, Noise=1.0E-06
45  MaxDim=160, MinDim=10, Cutoff=1.0E-08, Niter=4, Noise=1.0E-06
46  MaxDim=160, MinDim=10, Cutoff=1.0E-08, Niter=4, Noise=1.0E-06
47  MaxDim=160, MinDim=10, Cutoff=1.0E-08, Niter=4, Noise=1.0E-06
48  MaxDim=160, MinDim=10, Cutoff=1.0E-08, Niter=4, Noise=1.0E-06
49  MaxDim=160, MinDim=10, Cutoff=1.0E-08, Niter=4, Noise=1.0E-06
50  MaxDim=160, MinDim=10, Cutoff=1.0E-08, Niter=4, Noise=1.0E-06
51  MaxDim=160, MinDim=10, Cutoff=1.0E-08, Niter=4, Noise=1.0E-06
52  MaxDim=160, MinDim=10, Cutoff=1.0E-08, Niter=4, Noise=1.0E-06
53  MaxDim=160, MinDim=10, Cutoff=1.0E-08, Niter=4, Noise=1.0E-06
54  MaxDim=160, MinDim=10, Cutoff=1.0E-08, Niter=4, Noise=1.0E-06
55  MaxDim=160, MinDim=10, Cutoff=1.0E-08, Niter=4, Noise=1.0E-06
56  MaxDim=160, MinDim=10, Cutoff=1.0E-08, Niter=4, Noise=1.0E-06
57  MaxDim=160, MinDim=10, Cutoff=1.0E-08, Niter=4, Noise=1.0E-06
58  MaxDim=160, MinDim=10, Cutoff=1.0E-08, Niter=4, Noise=1.0E-06
59  MaxDim=320, MinDim=10, Cutoff=1.0E-10, Niter=4, Noise=1.0E-07
60  MaxDim=320, MinDim=10, Cutoff=1.0E-10, Niter=4, Noise=1.0E-07
61  MaxDim=320, MinDim=10, Cutoff=1.0E-10, Niter=4, Noise=1.0E-07
62  MaxDim=320, MinDim=10, Cutoff=1.0E-10, Niter=4, Noise=1.0E-07
63  MaxDim=320, MinDim=10, Cutoff=1.0E-10, Niter=4, Noise=1.0E-07
64  MaxDim=320, MinDim=10, Cutoff=1.0E-10, Niter=4, Noise=1.0E-07
65  MaxDim=320, MinDim=10, Cutoff=1.0E-10, Niter=4, Noise=1.0E-07
66  MaxDim=320, MinDim=10, Cutoff=1.0E-10, Niter=4, Noise=1.0E-07
67  MaxDim=320, MinDim=10, Cutoff=1.0E-10, Niter=4, Noise=1.0E-07
68  MaxDim=320, MinDim=10, Cutoff=1.0E-10, Niter=4, Noise=1.0E-07
69  MaxDim=320, MinDim=10, Cutoff=1.0E-10, Niter=4, Noise=1.0E-07
70  MaxDim=320, MinDim=10, Cutoff=1.0E-10, Niter=4, Noise=1.0E-07
71  MaxDim=320, MinDim=10, Cutoff=1.0E-10, Niter=4, Noise=1.0E-07
72  MaxDim=320, MinDim=10, Cutoff=1.0E-10, Niter=4, Noise=1.0E-07
73  MaxDim=320, MinDim=10, Cutoff=1.0E-10, Niter=4, Noise=1.0E-07
74  MaxDim=320, MinDim=10, Cutoff=1.0E-10, Niter=4, Noise=1.0E-07
75  MaxDim=640, MinDim=10, Cutoff=1.0E-12, Niter=2, Noise=1.0E-08
76  MaxDim=640, MinDim=10, Cutoff=1.0E-12, Niter=2, Noise=1.0E-08
77  MaxDim=640, MinDim=10, Cutoff=1.0E-12, Niter=2, Noise=1.0E-08
78  MaxDim=640, MinDim=10, Cutoff=1.0E-12, Niter=2, Noise=1.0E-08
79  MaxDim=640, MinDim=10, Cutoff=1.0E-12, Niter=2, Noise=1.0E-08
80  MaxDim=640, MinDim=10, Cutoff=1.0E-12, Niter=2, Noise=1.0E-08
81  MaxDim=640, MinDim=10, Cutoff=1.0E-12, Niter=2, Noise=1.0E-08
82  MaxDim=640, MinDim=10, Cutoff=1.0E-12, Niter=2, Noise=1.0E-08
83  MaxDim=1280, MinDim=10, Cutoff=1.0E-12, Niter=2, Noise=0.0E+00
84  MaxDim=1280, MinDim=10, Cutoff=1.0E-14, Niter=2, Noise=0.0E+00
85  MaxDim=1280, MinDim=10, Cutoff=1.0E-14, Niter=2, Noise=0.0E+00
86  MaxDim=1280, MinDim=10, Cutoff=1.0E-14, Niter=2, Noise=0.0E+00
87  MaxDim=1280, MinDim=10, Cutoff=1.0E-14, Niter=2, Noise=0.0E+00


    vN Entropy at center bond b=150 = 0.672723010632
    Eigs at center bond b=150: 0.7575 0.2140 0.0183 0.0050 0.0035 
    Largest link dim during sweep 1/87 was 20
    Largest truncation error: 4.70103e-06
    Energy after sweep 1/87 is -189.760253546282
    Sweep 1/87 CPU time = 9.033s (Wall time = 1.168s)

    vN Entropy at center bond b=150 = 0.765255564949
    Eigs at center bond b=150: 0.7366 0.2157 0.0231 0.0126 0.0069 0.0035 
    Largest link dim during sweep 2/87 was 20
    Largest truncation error: 2.86446e-06
    Energy after sweep 2/87 is -189.788058770912
    Sweep 2/87 CPU time = 12.54s (Wall time = 1.606s)

    vN Entropy at center bond b=150 = 0.772773732341
    Eigs at center bond b=150: 0.7351 0.2152 0.0237 0.0135 0.0071 0.0037 
    Largest link dim during sweep 3/87 was 20
    Largest truncation error: 2.82363e-06
    Energy after sweep 3/87 is -189.788125405616
    Sweep 3/87 CPU time = 12.55s (Wall time = 1.606s)

    vN Entropy at center bond b=150 = 0.773500991818
    Eigs at center bond b=150: 0.7349 0.2152 0.0238 0.0136 0.0071 0.0037 
    Largest link dim during sweep 4/87 was 20
    Largest truncation error: 2.9225e-06
    Energy after sweep 4/87 is -189.788135815872
    Sweep 4/87 CPU time = 12.56s (Wall time = 1.603s)

    vN Entropy at center bond b=150 = 0.773723236411
    Eigs at center bond b=150: 0.7349 0.2152 0.0238 0.0136 0.0071 0.0037 
    Largest link dim during sweep 5/87 was 20
    Largest truncation error: 2.92855e-06
    Energy after sweep 5/87 is -189.788138204526
    Sweep 5/87 CPU time = 12.56s (Wall time = 1.606s)

    vN Entropy at center bond b=150 = 0.773801774294
    Eigs at center bond b=150: 0.7349 0.2152 0.0238 0.0136 0.0071 0.0037 
    Largest link dim during sweep 6/87 was 20
    Largest truncation error: 2.93012e-06
    Energy after sweep 6/87 is -189.788138776628
    Sweep 6/87 CPU time = 12.57s (Wall time = 1.610s)

    vN Entropy at center bond b=150 = 0.773829420037
    Eigs at center bond b=150: 0.7349 0.2152 0.0238 0.0136 0.0071 0.0037 
    Largest link dim during sweep 7/87 was 20
    Largest truncation error: 2.9306e-06
    Energy after sweep 7/87 is -189.788138930504
    Sweep 7/87 CPU time = 12.59s (Wall time = 1.608s)

    vN Entropy at center bond b=150 = 0.774998355860
    Eigs at center bond b=150: 0.7346 0.2152 0.0239 0.0137 0.0071 0.0038 
    Largest link dim during sweep 8/87 was 28
    Largest truncation error: 7.49078e-07
    Energy after sweep 8/87 is -189.790409494697
    Sweep 8/87 CPU time = 8.203s (Wall time = 1.050s)

    vN Entropy at center bond b=150 = 0.776846773849
    Eigs at center bond b=150: 0.7342 0.2151 0.0240 0.0139 0.0072 0.0038 
    Largest link dim during sweep 9/87 was 29
    Largest truncation error: 7.34126e-07
    Energy after sweep 9/87 is -189.790561377892
    Sweep 9/87 CPU time = 9.160s (Wall time = 1.173s)

    vN Entropy at center bond b=150 = 0.777721249164
    Eigs at center bond b=150: 0.7341 0.2151 0.0241 0.0140 0.0072 0.0039 
    Largest link dim during sweep 10/87 was 29
    Largest truncation error: 7.33223e-07
    Energy after sweep 10/87 is -189.790603359243
    Sweep 10/87 CPU time = 9.342s (Wall time = 1.192s)

    vN Entropy at center bond b=150 = 0.778231631703
    Eigs at center bond b=150: 0.7340 0.2150 0.0241 0.0140 0.0072 0.0039 
    Largest link dim during sweep 11/87 was 29
    Largest truncation error: 7.33916e-07
    Energy after sweep 11/87 is -189.790616678851
    Sweep 11/87 CPU time = 9.367s (Wall time = 1.201s)

    vN Entropy at center bond b=150 = 0.778553827122
    Eigs at center bond b=150: 0.7339 0.2150 0.0241 0.0140 0.0072 0.0039 
    Largest link dim during sweep 12/87 was 29
    Largest truncation error: 7.33231e-07
    Energy after sweep 12/87 is -189.790618904510
    Sweep 12/87 CPU time = 9.355s (Wall time = 1.196s)

    vN Entropy at center bond b=150 = 0.778736740939
    Eigs at center bond b=150: 0.7338 0.2150 0.0242 0.0141 0.0072 0.0039 
    Largest link dim during sweep 13/87 was 29
    Largest truncation error: 7.33828e-07
    Energy after sweep 13/87 is -189.790622745965
    Sweep 13/87 CPU time = 9.341s (Wall time = 1.195s)

    vN Entropy at center bond b=150 = 0.778873291767
    Eigs at center bond b=150: 0.7338 0.2150 0.0242 0.0141 0.0072 0.0039 
    Largest link dim during sweep 14/87 was 29
    Largest truncation error: 7.33005e-07
    Energy after sweep 14/87 is -189.790623994409
    Sweep 14/87 CPU time = 9.360s (Wall time = 1.196s)

    vN Entropy at center bond b=150 = 0.778949820569
    Eigs at center bond b=150: 0.7338 0.2150 0.0242 0.0141 0.0072 0.0039 
    Largest link dim during sweep 15/87 was 29
    Largest truncation error: 7.33202e-07
    Energy after sweep 15/87 is -189.790621651732
    Sweep 15/87 CPU time = 9.350s (Wall time = 1.197s)

    vN Entropy at center bond b=150 = 0.778992539652
    Eigs at center bond b=150: 0.7338 0.2150 0.0242 0.0141 0.0072 0.0039 
    Largest link dim during sweep 16/87 was 29
    Largest truncation error: 7.33273e-07
    Energy after sweep 16/87 is -189.790621747789
    Sweep 16/87 CPU time = 9.378s (Wall time = 1.200s)

    vN Entropy at center bond b=150 = 0.779017027227
    Eigs at center bond b=150: 0.7338 0.2150 0.0242 0.0141 0.0072 0.0039 
    Largest link dim during sweep 17/87 was 29
    Largest truncation error: 7.33309e-07
    Energy after sweep 17/87 is -189.790621807253
    Sweep 17/87 CPU time = 9.285s (Wall time = 1.187s)

    vN Entropy at center bond b=150 = 0.779031360644
    Eigs at center bond b=150: 0.7338 0.2150 0.0242 0.0141 0.0072 0.0039 
    Largest link dim during sweep 18/87 was 29
    Largest truncation error: 7.33329e-07
    Energy after sweep 18/87 is -189.790621844109
    Sweep 18/87 CPU time = 9.268s (Wall time = 1.189s)

    vN Entropy at center bond b=150 = 0.779039872725
    Eigs at center bond b=150: 0.7338 0.2150 0.0242 0.0141 0.0072 0.0039 
    Largest link dim during sweep 19/87 was 29
    Largest truncation error: 7.3334e-07
    Energy after sweep 19/87 is -189.790621866973
    Sweep 19/87 CPU time = 9.310s (Wall time = 1.193s)

    vN Entropy at center bond b=150 = 0.779044976326
    Eigs at center bond b=150: 0.7338 0.2150 0.0242 0.0141 0.0072 0.0039 
    Largest link dim during sweep 20/87 was 29
    Largest truncation error: 7.33347e-07
    Energy after sweep 20/87 is -189.790621881091
    Sweep 20/87 CPU time = 9.341s (Wall time = 1.194s)

    vN Entropy at center bond b=150 = 0.779048055296
    Eigs at center bond b=150: 0.7338 0.2150 0.0242 0.0141 0.0072 0.0039 
    Largest link dim during sweep 21/87 was 29
    Largest truncation error: 7.3335e-07
    Energy after sweep 21/87 is -189.790621889800
    Sweep 21/87 CPU time = 9.346s (Wall time = 1.194s)

    vN Entropy at center bond b=150 = 0.779049920197
    Eigs at center bond b=150: 0.7338 0.2150 0.0242 0.0141 0.0072 0.0039 
    Largest link dim during sweep 22/87 was 29
    Largest truncation error: 7.33353e-07
    Energy after sweep 22/87 is -189.790621895165
    Sweep 22/87 CPU time = 9.369s (Wall time = 1.201s)

    vN Entropy at center bond b=150 = 0.779051052625
    Eigs at center bond b=150: 0.7338 0.2150 0.0242 0.0141 0.0072 0.0039 
    Largest link dim during sweep 23/87 was 29
    Largest truncation error: 7.33354e-07
    Energy after sweep 23/87 is -189.790621898474
    Sweep 23/87 CPU time = 9.347s (Wall time = 1.192s)

    vN Entropy at center bond b=150 = 0.779051741409
    Eigs at center bond b=150: 0.7338 0.2150 0.0242 0.0141 0.0072 0.0039 
    Largest link dim during sweep 24/87 was 29
    Largest truncation error: 7.33355e-07
    Energy after sweep 24/87 is -189.790621900510
    Sweep 24/87 CPU time = 9.279s (Wall time = 1.190s)

    vN Entropy at center bond b=150 = 0.779052160809
    Eigs at center bond b=150: 0.7338 0.2150 0.0242 0.0141 0.0072 0.0039 
    Largest link dim during sweep 25/87 was 29
    Largest truncation error: 7.33355e-07
    Energy after sweep 25/87 is -189.790621901761
    Sweep 25/87 CPU time = 9.244s (Wall time = 1.183s)

    vN Entropy at center bond b=150 = 0.779052416372
    Eigs at center bond b=150: 0.7338 0.2150 0.0242 0.0141 0.0072 0.0039 
    Largest link dim during sweep 26/87 was 29
    Largest truncation error: 7.33356e-07
    Energy after sweep 26/87 is -189.790621902525
    Sweep 26/87 CPU time = 9.313s (Wall time = 1.192s)

    vN Entropy at center bond b=150 = 0.779052572183
    Eigs at center bond b=150: 0.7338 0.2150 0.0242 0.0141 0.0072 0.0039 
    Largest link dim during sweep 27/87 was 29
    Largest truncation error: 7.33356e-07
    Energy after sweep 27/87 is -189.790621902987
    Sweep 27/87 CPU time = 9.329s (Wall time = 1.191s)

    vN Entropy at center bond b=150 = 0.779052667214
    Eigs at center bond b=150: 0.7338 0.2150 0.0242 0.0141 0.0072 0.0039 
    Largest link dim during sweep 28/87 was 29
    Largest truncation error: 7.33356e-07
    Energy after sweep 28/87 is -189.790621903232
    Sweep 28/87 CPU time = 9.320s (Wall time = 1.192s)

    vN Entropy at center bond b=150 = 0.779052725195
    Eigs at center bond b=150: 0.7338 0.2150 0.0242 0.0141 0.0072 0.0039 
    Largest link dim during sweep 29/87 was 29
    Largest truncation error: 7.33356e-07
    Energy after sweep 29/87 is -189.790621903304
    Sweep 29/87 CPU time = 9.350s (Wall time = 1.192s)

    vN Entropy at center bond b=150 = 0.779052760580
    Eigs at center bond b=150: 0.7338 0.2150 0.0242 0.0141 0.0072 0.0039 
    Largest link dim during sweep 30/87 was 29
    Largest truncation error: 7.33356e-07
    Energy after sweep 30/87 is -189.790621903167
    Sweep 30/87 CPU time = 9.366s (Wall time = 1.202s)

    vN Entropy at center bond b=150 = 0.779052782182
    Eigs at center bond b=150: 0.7338 0.2150 0.0242 0.0141 0.0072 0.0039 
    Largest link dim during sweep 31/87 was 29
    Largest truncation error: 7.33356e-07
    Energy after sweep 31/87 is -189.790621902711
    Sweep 31/87 CPU time = 9.328s (Wall time = 1.191s)

    vN Entropy at center bond b=150 = 0.779052795378
    Eigs at center bond b=150: 0.7338 0.2150 0.0242 0.0141 0.0072 0.0039 
    Largest link dim during sweep 32/87 was 29
    Largest truncation error: 7.33356e-07
    Energy after sweep 32/87 is -189.790621901647
    Sweep 32/87 CPU time = 9.323s (Wall time = 1.192s)

    vN Entropy at center bond b=150 = 0.779052803452
    Eigs at center bond b=150: 0.7338 0.2150 0.0242 0.0141 0.0072 0.0039 
    Largest link dim during sweep 33/87 was 29
    Largest truncation error: 7.33356e-07
    Energy after sweep 33/87 is -189.790621899381
    Sweep 33/87 CPU time = 9.318s (Wall time = 1.191s)

    vN Entropy at center bond b=150 = 0.779052808413
    Eigs at center bond b=150: 0.7338 0.2150 0.0242 0.0141 0.0072 0.0039 
    Largest link dim during sweep 34/87 was 29
    Largest truncation error: 7.33356e-07
    Energy after sweep 34/87 is -189.790621894803
    Sweep 34/87 CPU time = 9.362s (Wall time = 1.195s)

    vN Entropy at center bond b=150 = 0.779052811500
    Eigs at center bond b=150: 0.7338 0.2150 0.0242 0.0141 0.0072 0.0039 
    Largest link dim during sweep 35/87 was 29
    Largest truncation error: 7.33356e-07
    Energy after sweep 35/87 is -189.790621885911
    Sweep 35/87 CPU time = 9.344s (Wall time = 1.193s)

    vN Entropy at center bond b=150 = 0.779052813492
    Eigs at center bond b=150: 0.7338 0.2150 0.0242 0.0141 0.0072 0.0039 
    Largest link dim during sweep 36/87 was 29
    Largest truncation error: 7.33356e-07
    Energy after sweep 36/87 is -189.790621869461
    Sweep 36/87 CPU time = 9.327s (Wall time = 1.193s)

    vN Entropy at center bond b=150 = 0.780918766706
    Eigs at center bond b=150: 0.7332 0.2152 0.0243 0.0142 0.0073 0.0039 
    Largest link dim during sweep 37/87 was 58
    Largest truncation error: 7.43717e-09
    Energy after sweep 37/87 is -189.791624620470
    Sweep 37/87 CPU time = 23.16s (Wall time = 2.967s)

    vN Entropy at center bond b=150 = 0.782364954412
    Eigs at center bond b=150: 0.7329 0.2151 0.0244 0.0143 0.0073 0.0040 
    Largest link dim during sweep 38/87 was 62
    Largest truncation error: 7.44848e-09
    Energy after sweep 38/87 is -189.791639790668
    Sweep 38/87 CPU time = 33.55s (Wall time = 4.308s)

    vN Entropy at center bond b=150 = 0.782944290041
    Eigs at center bond b=150: 0.7328 0.2151 0.0245 0.0144 0.0074 0.0040 
    Largest link dim during sweep 39/87 was 63
    Largest truncation error: 7.45095e-09
    Energy after sweep 39/87 is -189.791643842302
    Sweep 39/87 CPU time = 35.96s (Wall time = 4.608s)

    vN Entropy at center bond b=150 = 0.783206024297
    Eigs at center bond b=150: 0.7328 0.2151 0.0245 0.0144 0.0074 0.0040 
    Largest link dim during sweep 40/87 was 64
    Largest truncation error: 7.45196e-09
    Energy after sweep 40/87 is -189.791645163339
    Sweep 40/87 CPU time = 36.63s (Wall time = 4.689s)

    vN Entropy at center bond b=150 = 0.783336904706
    Eigs at center bond b=150: 0.7327 0.2151 0.0245 0.0144 0.0074 0.0040 
    Largest link dim during sweep 41/87 was 64
    Largest truncation error: 7.45248e-09
    Energy after sweep 41/87 is -189.791645559120
    Sweep 41/87 CPU time = 36.69s (Wall time = 4.692s)

    vN Entropy at center bond b=150 = 0.783409392462
    Eigs at center bond b=150: 0.7327 0.2151 0.0245 0.0144 0.0074 0.0040 
    Largest link dim during sweep 42/87 was 64
    Largest truncation error: 7.45281e-09
    Energy after sweep 42/87 is -189.791646054132
    Sweep 42/87 CPU time = 36.38s (Wall time = 4.645s)

    vN Entropy at center bond b=150 = 0.783452186142
    Eigs at center bond b=150: 0.7327 0.2151 0.0245 0.0144 0.0074 0.0040 
    Largest link dim during sweep 43/87 was 64
    Largest truncation error: 7.45301e-09
    Energy after sweep 43/87 is -189.791646456617
    Sweep 43/87 CPU time = 35.98s (Wall time = 4.603s)

    vN Entropy at center bond b=150 = 0.783478022189
    Eigs at center bond b=150: 0.7327 0.2151 0.0245 0.0145 0.0074 0.0040 
    Largest link dim during sweep 44/87 was 64
    Largest truncation error: 7.45313e-09
    Energy after sweep 44/87 is -189.791646633195
    Sweep 44/87 CPU time = 36.06s (Wall time = 4.623s)

    vN Entropy at center bond b=150 = 0.783493002701
    Eigs at center bond b=150: 0.7327 0.2151 0.0245 0.0145 0.0074 0.0040 
    Largest link dim during sweep 45/87 was 64
    Largest truncation error: 7.4532e-09
    Energy after sweep 45/87 is -189.791646648166
    Sweep 45/87 CPU time = 35.64s (Wall time = 4.562s)

    vN Entropy at center bond b=150 = 0.783502181094
    Eigs at center bond b=150: 0.7327 0.2151 0.0245 0.0145 0.0074 0.0040 
    Largest link dim during sweep 46/87 was 64
    Largest truncation error: 7.45325e-09
    Energy after sweep 46/87 is -189.791646670737
    Sweep 46/87 CPU time = 36.39s (Wall time = 4.649s)

    vN Entropy at center bond b=150 = 0.783507395282
    Eigs at center bond b=150: 0.7327 0.2151 0.0245 0.0145 0.0074 0.0040 
    Largest link dim during sweep 47/87 was 64
    Largest truncation error: 7.45328e-09
    Energy after sweep 47/87 is -189.791646594533
    Sweep 47/87 CPU time = 36.43s (Wall time = 4.652s)

    vN Entropy at center bond b=150 = 0.783510408460
    Eigs at center bond b=150: 0.7327 0.2151 0.0245 0.0145 0.0074 0.0040 
    Largest link dim during sweep 48/87 was 65
    Largest truncation error: 7.4533e-09
    Energy after sweep 48/87 is -189.791646549182
    Sweep 48/87 CPU time = 36.61s (Wall time = 4.676s)

    vN Entropy at center bond b=150 = 0.783512295884
    Eigs at center bond b=150: 0.7327 0.2151 0.0245 0.0145 0.0074 0.0040 
    Largest link dim during sweep 49/87 was 65
    Largest truncation error: 7.45332e-09
    Energy after sweep 49/87 is -189.791646519923
    Sweep 49/87 CPU time = 36.46s (Wall time = 4.666s)

    vN Entropy at center bond b=150 = 0.783513423394
    Eigs at center bond b=150: 0.7327 0.2151 0.0245 0.0145 0.0074 0.0040 
    Largest link dim during sweep 50/87 was 65
    Largest truncation error: 7.45332e-09
    Energy after sweep 50/87 is -189.791646510517
    Sweep 50/87 CPU time = 36.48s (Wall time = 4.682s)

    vN Entropy at center bond b=150 = 0.783514113202
    Eigs at center bond b=150: 0.7327 0.2151 0.0245 0.0145 0.0074 0.0040 
    Largest link dim during sweep 51/87 was 65
    Largest truncation error: 7.45333e-09
    Energy after sweep 51/87 is -189.791646513691
    Sweep 51/87 CPU time = 36.50s (Wall time = 4.663s)

    vN Entropy at center bond b=150 = 0.783514537988
    Eigs at center bond b=150: 0.7327 0.2151 0.0245 0.0145 0.0074 0.0040 
    Largest link dim during sweep 52/87 was 65
    Largest truncation error: 7.45333e-09
    Energy after sweep 52/87 is -189.791646510715
    Sweep 52/87 CPU time = 36.37s (Wall time = 4.652s)

    vN Entropy at center bond b=150 = 0.783514799121
    Eigs at center bond b=150: 0.7327 0.2151 0.0245 0.0145 0.0074 0.0040 
    Largest link dim during sweep 53/87 was 65
    Largest truncation error: 7.45334e-09
    Energy after sweep 53/87 is -189.791646505312
    Sweep 53/87 CPU time = 36.36s (Wall time = 4.655s)

    vN Entropy at center bond b=150 = 0.783514959224
    Eigs at center bond b=150: 0.7327 0.2151 0.0245 0.0145 0.0074 0.0040 
    Largest link dim during sweep 54/87 was 65
    Largest truncation error: 7.45334e-09
    Energy after sweep 54/87 is -189.791646505131
    Sweep 54/87 CPU time = 36.23s (Wall time = 4.638s)

    vN Entropy at center bond b=150 = 0.783515057226
    Eigs at center bond b=150: 0.7327 0.2151 0.0245 0.0145 0.0074 0.0040 
    Largest link dim during sweep 55/87 was 65
    Largest truncation error: 7.45334e-09
    Energy after sweep 55/87 is -189.791646505018
    Sweep 55/87 CPU time = 36.44s (Wall time = 4.664s)

    vN Entropy at center bond b=150 = 0.783515117182
    Eigs at center bond b=150: 0.7327 0.2151 0.0245 0.0145 0.0074 0.0040 
    Largest link dim during sweep 56/87 was 65
    Largest truncation error: 7.45334e-09
    Energy after sweep 56/87 is -189.791646504952
    Sweep 56/87 CPU time = 36.67s (Wall time = 4.685s)

    vN Entropy at center bond b=150 = 0.783515153866
    Eigs at center bond b=150: 0.7327 0.2151 0.0245 0.0145 0.0074 0.0040 
    Largest link dim during sweep 57/87 was 65
    Largest truncation error: 7.45334e-09
    Energy after sweep 57/87 is -189.791646504910
    Sweep 57/87 CPU time = 36.67s (Wall time = 4.693s)

    vN Entropy at center bond b=150 = 0.783515176324
    Eigs at center bond b=150: 0.7327 0.2151 0.0245 0.0145 0.0074 0.0040 
    Largest link dim during sweep 58/87 was 65
    Largest truncation error: 7.45334e-09
    Energy after sweep 58/87 is -189.791646504885
    Sweep 58/87 CPU time = 36.65s (Wall time = 4.706s)

    vN Entropy at center bond b=150 = 0.783623192474
    Eigs at center bond b=150: 0.7327 0.2151 0.0245 0.0145 0.0074 0.0040 
    Largest link dim during sweep 59/87 was 120
    Largest truncation error: 7.55183e-11
    Energy after sweep 59/87 is -189.791658474593
    Sweep 59/87 CPU time = 1m, 49.9s (Wall time = 14.06s)

    vN Entropy at center bond b=150 = 0.783725648220
    Eigs at center bond b=150: 0.7326 0.2151 0.0245 0.0145 0.0074 0.0040 
    Largest link dim during sweep 60/87 was 127
    Largest truncation error: 7.55225e-11
    Energy after sweep 60/87 is -189.791658778837
    Sweep 60/87 CPU time = 2m, 29.0s (Wall time = 19.03s)

    vN Entropy at center bond b=150 = 0.783761959783
    Eigs at center bond b=150: 0.7326 0.2151 0.0245 0.0145 0.0074 0.0040 
    Largest link dim during sweep 61/87 was 128
    Largest truncation error: 7.5524e-11
    Energy after sweep 61/87 is -189.791658827646
    Sweep 61/87 CPU time = 2m, 36.2s (Wall time = 20.00s)

    vN Entropy at center bond b=150 = 0.783774474273
    Eigs at center bond b=150: 0.7326 0.2151 0.0245 0.0145 0.0074 0.0040 
    Largest link dim during sweep 62/87 was 128
    Largest truncation error: 7.55244e-11
    Energy after sweep 62/87 is -189.791658835713
    Sweep 62/87 CPU time = 2m, 38.8s (Wall time = 20.31s)

    vN Entropy at center bond b=150 = 0.783780059758
    Eigs at center bond b=150: 0.7326 0.2151 0.0245 0.0145 0.0074 0.0040 
    Largest link dim during sweep 63/87 was 128
    Largest truncation error: 7.55248e-11
    Energy after sweep 63/87 is -189.791658838755
    Sweep 63/87 CPU time = 2m, 39.0s (Wall time = 20.36s)

    vN Entropy at center bond b=150 = 0.783783063361
    Eigs at center bond b=150: 0.7326 0.2151 0.0245 0.0145 0.0074 0.0040 
    Largest link dim during sweep 64/87 was 128
    Largest truncation error: 7.55249e-11
    Energy after sweep 64/87 is -189.791658841754
    Sweep 64/87 CPU time = 2m, 39.2s (Wall time = 20.41s)

    vN Entropy at center bond b=150 = 0.783784820492
    Eigs at center bond b=150: 0.7326 0.2151 0.0245 0.0145 0.0074 0.0040 
    Largest link dim during sweep 65/87 was 128
    Largest truncation error: 7.55249e-11
    Energy after sweep 65/87 is -189.791658841003
    Sweep 65/87 CPU time = 2m, 39.7s (Wall time = 20.45s)

    vN Entropy at center bond b=150 = 0.783785870852
    Eigs at center bond b=150: 0.7326 0.2151 0.0245 0.0145 0.0074 0.0040 
    Largest link dim during sweep 66/87 was 128
    Largest truncation error: 7.55252e-11
    Energy after sweep 66/87 is -189.791658841225
    Sweep 66/87 CPU time = 2m, 40.0s (Wall time = 20.50s)

    vN Entropy at center bond b=150 = 0.783786553461
    Eigs at center bond b=150: 0.7326 0.2151 0.0245 0.0145 0.0074 0.0040 
    Largest link dim during sweep 67/87 was 128
    Largest truncation error: 7.5525e-11
    Energy after sweep 67/87 is -189.791658841447
    Sweep 67/87 CPU time = 2m, 35.7s (Wall time = 19.95s)

    vN Entropy at center bond b=150 = 0.783786985182
    Eigs at center bond b=150: 0.7326 0.2151 0.0245 0.0145 0.0074 0.0040 
    Largest link dim during sweep 68/87 was 128
    Largest truncation error: 7.55252e-11
    Energy after sweep 68/87 is -189.791658842207
    Sweep 68/87 CPU time = 2m, 35.8s (Wall time = 19.99s)

    vN Entropy at center bond b=150 = 0.783787281195
    Eigs at center bond b=150: 0.7326 0.2151 0.0245 0.0145 0.0074 0.0040 
    Largest link dim during sweep 69/87 was 128
    Largest truncation error: 7.55249e-11
    Energy after sweep 69/87 is -189.791658841621
    Sweep 69/87 CPU time = 2m, 35.9s (Wall time = 19.97s)

    vN Entropy at center bond b=150 = 0.783787472677
    Eigs at center bond b=150: 0.7326 0.2151 0.0245 0.0145 0.0074 0.0040 
    Largest link dim during sweep 70/87 was 128
    Largest truncation error: 7.55252e-11
    Energy after sweep 70/87 is -189.791658841712
    Sweep 70/87 CPU time = 2m, 35.4s (Wall time = 19.92s)

    vN Entropy at center bond b=150 = 0.783787600815
    Eigs at center bond b=150: 0.7326 0.2151 0.0245 0.0145 0.0074 0.0040 
    Largest link dim during sweep 71/87 was 128
    Largest truncation error: 7.55249e-11
    Energy after sweep 71/87 is -189.791658841741
    Sweep 71/87 CPU time = 2m, 36.1s (Wall time = 20.04s)

    vN Entropy at center bond b=150 = 0.783787687281
    Eigs at center bond b=150: 0.7326 0.2151 0.0245 0.0145 0.0074 0.0040 
    Largest link dim during sweep 72/87 was 128
    Largest truncation error: 7.5525e-11
    Energy after sweep 72/87 is -189.791658841732
    Sweep 72/87 CPU time = 2m, 35.7s (Wall time = 19.95s)

    vN Entropy at center bond b=150 = 0.783787746084
    Eigs at center bond b=150: 0.7326 0.2151 0.0245 0.0145 0.0074 0.0040 
    Largest link dim during sweep 73/87 was 128
    Largest truncation error: 7.55251e-11
    Energy after sweep 73/87 is -189.791658841736
    Sweep 73/87 CPU time = 2m, 35.6s (Wall time = 19.93s)

    vN Entropy at center bond b=150 = 0.783787786324
    Eigs at center bond b=150: 0.7326 0.2151 0.0245 0.0145 0.0074 0.0040 
    Largest link dim during sweep 74/87 was 128
    Largest truncation error: 7.55251e-11
    Energy after sweep 74/87 is -189.791658841764
    Sweep 74/87 CPU time = 2m, 36.4s (Wall time = 20.04s)

    vN Entropy at center bond b=150 = 0.783792021517
    Eigs at center bond b=150: 0.7326 0.2151 0.0245 0.0145 0.0074 0.0040 
    Largest link dim during sweep 75/87 was 230
    Largest truncation error: 7.43468e-13
    Energy after sweep 75/87 is -189.791658985467
    Sweep 75/87 CPU time = 5m, 34.2s (Wall time = 46.27s)

    vN Entropy at center bond b=150 = 0.783793286169
    Eigs at center bond b=150: 0.7326 0.2151 0.0245 0.0145 0.0074 0.0040 
    Largest link dim during sweep 76/87 was 243
    Largest truncation error: 7.43443e-13
    Energy after sweep 76/87 is -189.791658988758
    Sweep 76/87 CPU time = 8m, 38.9s (Wall time = 1m, 10.3s)

    vN Entropy at center bond b=150 = 0.783794137354
    Eigs at center bond b=150: 0.7326 0.2151 0.0245 0.0145 0.0074 0.0040 
    Largest link dim during sweep 77/87 was 241
    Largest truncation error: 7.4335e-13
    Energy after sweep 77/87 is -189.791658989735
    Sweep 77/87 CPU time = 9m, 13.1s (Wall time = 1m, 14.2s)

    vN Entropy at center bond b=150 = 0.783794763723
    Eigs at center bond b=150: 0.7326 0.2151 0.0245 0.0145 0.0074 0.0040 
    Largest link dim during sweep 78/87 was 240
    Largest truncation error: 7.43381e-13
    Energy after sweep 78/87 is -189.791658990245
    Sweep 78/87 CPU time = 9m, 26.1s (Wall time = 1m, 15.2s)

    vN Entropy at center bond b=150 = 0.783795253188
    Eigs at center bond b=150: 0.7326 0.2151 0.0245 0.0145 0.0074 0.0040 
    Largest link dim during sweep 79/87 was 239
    Largest truncation error: 7.43374e-13
    Energy after sweep 79/87 is -189.791658990562
    Sweep 79/87 CPU time = 9m, 2.8s (Wall time = 1m, 12.6s)

    vN Entropy at center bond b=150 = 0.783795641969
    Eigs at center bond b=150: 0.7326 0.2151 0.0245 0.0145 0.0074 0.0040 
    Largest link dim during sweep 80/87 was 239
    Largest truncation error: 7.43522e-13
    Energy after sweep 80/87 is -189.791658990779
    Sweep 80/87 CPU time = 9m, 6.8s (Wall time = 1m, 13.4s)

    vN Entropy at center bond b=150 = 0.783795953076
    Eigs at center bond b=150: 0.7326 0.2151 0.0245 0.0145 0.0074 0.0040 
    Largest link dim during sweep 81/87 was 239
    Largest truncation error: 7.43379e-13
    Energy after sweep 81/87 is -189.791658990942
    Sweep 81/87 CPU time = 9m, 5.4s (Wall time = 1m, 13.1s)

    vN Entropy at center bond b=150 = 0.783796203149
    Eigs at center bond b=150: 0.7326 0.2151 0.0245 0.0145 0.0074 0.0040 
    Largest link dim during sweep 82/87 was 239
    Largest truncation error: 7.4336e-13
    Energy after sweep 82/87 is -189.791658991050
    Sweep 82/87 CPU time = 9m, 7.2s (Wall time = 1m, 13.0s)

    vN Entropy at center bond b=150 = 0.783796779254
    Eigs at center bond b=150: 0.7326 0.2151 0.0245 0.0145 0.0074 0.0040 
    Largest link dim during sweep 83/87 was 221
    Largest truncation error: 7.37352e-13
    Energy after sweep 83/87 is -189.791658990634
    Sweep 83/87 CPU time = 7m, 18.2s (Wall time = 57.31s)

    vN Entropy at center bond b=150 = 0.783796978491
    Eigs at center bond b=150: 0.7326 0.2151 0.0245 0.0145 0.0074 0.0040 
    Largest link dim during sweep 84/87 was 396
    Largest truncation error: 7.32703e-15
    Energy after sweep 84/87 is -189.791658992918
    Sweep 84/87 CPU time = 18m, 17s (Wall time = 2m, 28.5s)

    vN Entropy at center bond b=150 = 0.783797218983
    Eigs at center bond b=150: 0.7326 0.2151 0.0245 0.0145 0.0074 0.0040 
    Largest link dim during sweep 85/87 was 427
    Largest truncation error: 7.34478e-15
    Energy after sweep 85/87 is -189.791658993048
    Sweep 85/87 CPU time = 33m, 31s (Wall time = 4m, 29.4s)

    vN Entropy at center bond b=150 = 0.783797394515
    Eigs at center bond b=150: 0.7326 0.2151 0.0245 0.0145 0.0074 0.0040 
    Largest link dim during sweep 86/87 was 425
    Largest truncation error: 7.32553e-15
    Energy after sweep 86/87 is -189.791658993117
    Sweep 86/87 CPU time = 32m, 46s (Wall time = 4m, 21.0s)

    vN Entropy at center bond b=150 = 0.783797515465
    Eigs at center bond b=150: 0.7326 0.2151 0.0245 0.0145 0.0074 0.0040 
    Largest link dim during sweep 87/87 was 423
    Largest truncation error: 7.32518e-15
    Energy after sweep 87/87 is -189.791658993160
    Sweep 87/87 CPU time = 32m, 33s (Wall time = 4m, 10.7s)
Initial energy = 0.00000

Ground State Energy = -189.7916589932
run_outputs/outputpsi/N_300_sweep_87_t_0.030000_J_1.000000_V_0.600000_D_0.018000_U_0.100000_mu_0.000000_E_0.001000 notconverge
Wall-clock time (s) = 11942.998340
