//////////////////////////
Reading input file ......

Got input.N = 303
Got input.t = 0.03
Got input.J = 1
Got input.V = 0.6
Got input.D = 0.018
Got input.U = 0.3
Got input.mu = 0
Got input.E = 0
Got input.nsweeps = 87
Sweeps:
1  MaxDim=20, MinDim=20, Cutoff=1.0E-06, Niter=8, Noise=1.0E-05
2  MaxDim=20, MinDim=20, Cutoff=1.0E-06, Niter=8, Noise=1.0E-05
3  MaxDim=20, MinDim=20, Cutoff=1.0E-06, Niter=8, Noise=1.0E-05
4  MaxDim=20, MinDim=20, Cutoff=1.0E-06, Niter=8, Noise=1.0E-05
5  MaxDim=20, MinDim=20, Cutoff=1.0E-06, Niter=8, Noise=1.0E-05
6  MaxDim=20, MinDim=20, Cutoff=1.0E-06, Niter=8, Noise=1.0E-05
7  MaxDim=20, MinDim=20, Cutoff=1.0E-06, Niter=8, Noise=1.0E-05
8  MaxDim=40, MinDim=20, Cutoff=1.0E-06, Niter=4, Noise=1.0E-05
9  MaxDim=40, MinDim=20, Cutoff=1.0E-06, Niter=4, Noise=1.0E-05
10  MaxDim=40, MinDim=20, Cutoff=1.0E-06, Niter=4, Noise=1.0E-05
11  MaxDim=40, MinDim=20, Cutoff=1.0E-06, Niter=4, Noise=1.0E-05
12  MaxDim=40, MinDim=20, Cutoff=1.0E-06, Niter=4, Noise=1.0E-05
13  MaxDim=40, MinDim=20, Cutoff=1.0E-06, Niter=4, Noise=1.0E-05
14  MaxDim=40, MinDim=20, Cutoff=1.0E-06, Niter=4, Noise=1.0E-05
15  MaxDim=80, MinDim=10, Cutoff=1.0E-06, Niter=4, Noise=1.0E-05
16  MaxDim=80, MinDim=10, Cutoff=1.0E-06, Niter=4, Noise=1.0E-05
17  MaxDim=80, MinDim=10, Cutoff=1.0E-06, Niter=4, Noise=1.0E-05
18  MaxDim=80, MinDim=10, Cutoff=1.0E-06, Niter=4, Noise=1.0E-05
19  MaxDim=80, MinDim=10, Cutoff=1.0E-06, Niter=4, Noise=1.0E-05
20  MaxDim=80, MinDim=10, Cutoff=1.0E-06, Niter=4, Noise=1.0E-05
21  MaxDim=80, MinDim=10, Cutoff=1.0E-06, Niter=4, Noise=1.0E-05
22  MaxDim=80, MinDim=10, Cutoff=1.0E-06, Niter=4, Noise=1.0E-05
23  MaxDim=80, MinDim=10, Cutoff=1.0E-06, Niter=4, Noise=1.0E-05
24  MaxDim=80, MinDim=10, Cutoff=1.0E-06, Niter=4, Noise=1.0E-05
25  MaxDim=80, MinDim=10, Cutoff=1.0E-06, Niter=4, Noise=1.0E-05
26  MaxDim=80, MinDim=10, Cutoff=1.0E-06, Niter=4, Noise=1.0E-05
27  MaxDim=80, MinDim=10, Cutoff=1.0E-06, Niter=4, Noise=1.0E-05
28  MaxDim=80, MinDim=10, Cutoff=1.0E-06, Niter=4, Noise=1.0E-05
29  MaxDim=80, MinDim=10, Cutoff=1.0E-06, Niter=4, Noise=1.0E-05
30  MaxDim=80, MinDim=10, Cutoff=1.0E-06, Niter=4, Noise=1.0E-05
31  MaxDim=80, MinDim=10, Cutoff=1.0E-06, Niter=4, Noise=1.0E-05
32  MaxDim=80, MinDim=10, Cutoff=1.0E-06, Niter=4, Noise=1.0E-05
33  MaxDim=80, MinDim=10, Cutoff=1.0E-06, Niter=4, Noise=1.0E-05
34  MaxDim=80, MinDim=10, Cutoff=1.0E-06, Niter=4, Noise=1.0E-05
35  MaxDim=80, MinDim=10, Cutoff=1.0E-06, Niter=4, Noise=1.0E-05
36  MaxDim=80, MinDim=10, Cutoff=1.0E-06, Niter=4, Noise=1.0E-05
37  MaxDim=160, MinDim=10, Cutoff=1.0E-08, Niter=4, Noise=1.0E-06
38  MaxDim=160, MinDim=10, Cutoff=1.0E-08, Niter=4, Noise=1.0E-06
39  MaxDim=160, MinDim=10, Cutoff=1.0E-08, Niter=4, Noise=1.0E-06
40  MaxDim=160, MinDim=10, Cutoff=1.0E-08, Niter=4, Noise=1.0E-06
41  MaxDim=160, MinDim=10, Cutoff=1.0E-08, Niter=4, Noise=1.0E-06
42  MaxDim=160, MinDim=10, Cutoff=1.0E-08, Niter=4, Noise=1.0E-06
43  MaxDim=160, MinDim=10, Cutoff=1.0E-08, Niter=4, Noise=1.0E-06
44  MaxDim=160, MinDim=10, Cutoff=1.0E-08, Niter=4, Noise=1.0E-06
45  MaxDim=160, MinDim=10, Cutoff=1.0E-08, Niter=4, Noise=1.0E-06
46  MaxDim=160, MinDim=10, Cutoff=1.0E-08, Niter=4, Noise=1.0E-06
47  MaxDim=160, MinDim=10, Cutoff=1.0E-08, Niter=4, Noise=1.0E-06
48  MaxDim=160, MinDim=10, Cutoff=1.0E-08, Niter=4, Noise=1.0E-06
49  MaxDim=160, MinDim=10, Cutoff=1.0E-08, Niter=4, Noise=1.0E-06
50  MaxDim=160, MinDim=10, Cutoff=1.0E-08, Niter=4, Noise=1.0E-06
51  MaxDim=160, MinDim=10, Cutoff=1.0E-08, Niter=4, Noise=1.0E-06
52  MaxDim=160, MinDim=10, Cutoff=1.0E-08, Niter=4, Noise=1.0E-06
53  MaxDim=160, MinDim=10, Cutoff=1.0E-08, Niter=4, Noise=1.0E-06
54  MaxDim=160, MinDim=10, Cutoff=1.0E-08, Niter=4, Noise=1.0E-06
55  MaxDim=160, MinDim=10, Cutoff=1.0E-08, Niter=4, Noise=1.0E-06
56  MaxDim=160, MinDim=10, Cutoff=1.0E-08, Niter=4, Noise=1.0E-06
57  MaxDim=160, MinDim=10, Cutoff=1.0E-08, Niter=4, Noise=1.0E-06
58  MaxDim=160, MinDim=10, Cutoff=1.0E-08, Niter=4, Noise=1.0E-06
59  MaxDim=320, MinDim=10, Cutoff=1.0E-10, Niter=4, Noise=1.0E-07
60  MaxDim=320, MinDim=10, Cutoff=1.0E-10, Niter=4, Noise=1.0E-07
61  MaxDim=320, MinDim=10, Cutoff=1.0E-10, Niter=4, Noise=1.0E-07
62  MaxDim=320, MinDim=10, Cutoff=1.0E-10, Niter=4, Noise=1.0E-07
63  MaxDim=320, MinDim=10, Cutoff=1.0E-10, Niter=4, Noise=1.0E-07
64  MaxDim=320, MinDim=10, Cutoff=1.0E-10, Niter=4, Noise=1.0E-07
65  MaxDim=320, MinDim=10, Cutoff=1.0E-10, Niter=4, Noise=1.0E-07
66  MaxDim=320, MinDim=10, Cutoff=1.0E-10, Niter=4, Noise=1.0E-07
67  MaxDim=320, MinDim=10, Cutoff=1.0E-10, Niter=4, Noise=1.0E-07
68  MaxDim=320, MinDim=10, Cutoff=1.0E-10, Niter=4, Noise=1.0E-07
69  MaxDim=320, MinDim=10, Cutoff=1.0E-10, Niter=4, Noise=1.0E-07
70  MaxDim=320, MinDim=10, Cutoff=1.0E-10, Niter=4, Noise=1.0E-07
71  MaxDim=320, MinDim=10, Cutoff=1.0E-10, Niter=4, Noise=1.0E-07
72  MaxDim=320, MinDim=10, Cutoff=1.0E-10, Niter=4, Noise=1.0E-07
73  MaxDim=320, MinDim=10, Cutoff=1.0E-10, Niter=4, Noise=1.0E-07
74  MaxDim=320, MinDim=10, Cutoff=1.0E-10, Niter=4, Noise=1.0E-07
75  MaxDim=640, MinDim=10, Cutoff=1.0E-12, Niter=2, Noise=1.0E-08
76  MaxDim=640, MinDim=10, Cutoff=1.0E-12, Niter=2, Noise=1.0E-08
77  MaxDim=640, MinDim=10, Cutoff=1.0E-12, Niter=2, Noise=1.0E-08
78  MaxDim=640, MinDim=10, Cutoff=1.0E-12, Niter=2, Noise=1.0E-08
79  MaxDim=640, MinDim=10, Cutoff=1.0E-12, Niter=2, Noise=1.0E-08
80  MaxDim=640, MinDim=10, Cutoff=1.0E-12, Niter=2, Noise=1.0E-08
81  MaxDim=640, MinDim=10, Cutoff=1.0E-12, Niter=2, Noise=1.0E-08
82  MaxDim=640, MinDim=10, Cutoff=1.0E-12, Niter=2, Noise=1.0E-08
83  MaxDim=1280, MinDim=10, Cutoff=1.0E-12, Niter=2, Noise=0.0E+00
84  MaxDim=1280, MinDim=10, Cutoff=1.0E-14, Niter=2, Noise=0.0E+00
85  MaxDim=1280, MinDim=10, Cutoff=1.0E-14, Niter=2, Noise=0.0E+00
86  MaxDim=1280, MinDim=10, Cutoff=1.0E-14, Niter=2, Noise=0.0E+00
87  MaxDim=1280, MinDim=10, Cutoff=1.0E-14, Niter=2, Noise=0.0E+00


    vN Entropy at center bond b=151 = 0.764261429672
    Eigs at center bond b=151: 0.6913 0.2752 0.0179 0.0070 0.0065 0.0017 
    Largest link dim during sweep 1/87 was 20
    Largest truncation error: 1.32654e-06
    Energy after sweep 1/87 is -183.982989643521
    Sweep 1/87 CPU time = 9.224s (Wall time = 1.196s)

    vN Entropy at center bond b=151 = 0.786692952073
    Eigs at center bond b=151: 0.6732 0.2914 0.0189 0.0077 0.0064 0.0018 
    Largest link dim during sweep 2/87 was 20
    Largest truncation error: 1.41429e-06
    Energy after sweep 2/87 is -183.985191769255
    Sweep 2/87 CPU time = 12.82s (Wall time = 1.638s)

    vN Entropy at center bond b=151 = 0.786767569273
    Eigs at center bond b=151: 0.6732 0.2914 0.0189 0.0077 0.0064 0.0018 
    Largest link dim during sweep 3/87 was 20
    Largest truncation error: 1.49568e-06
    Energy after sweep 3/87 is -183.985205265801
    Sweep 3/87 CPU time = 12.86s (Wall time = 1.647s)

    vN Entropy at center bond b=151 = 0.786768849831
    Eigs at center bond b=151: 0.6732 0.2914 0.0189 0.0077 0.0064 0.0018 
    Largest link dim during sweep 4/87 was 20
    Largest truncation error: 1.49904e-06
    Energy after sweep 4/87 is -183.985205460380
    Sweep 4/87 CPU time = 12.84s (Wall time = 1.643s)

    vN Entropy at center bond b=151 = 0.786768895410
    Eigs at center bond b=151: 0.6732 0.2914 0.0189 0.0077 0.0064 0.0018 
    Largest link dim during sweep 5/87 was 20
    Largest truncation error: 1.49926e-06
    Energy after sweep 5/87 is -183.985205469596
    Sweep 5/87 CPU time = 12.85s (Wall time = 1.644s)

    vN Entropy at center bond b=151 = 0.786768897604
    Eigs at center bond b=151: 0.6732 0.2914 0.0189 0.0077 0.0064 0.0018 
    Largest link dim during sweep 6/87 was 20
    Largest truncation error: 1.49928e-06
    Energy after sweep 6/87 is -183.985205470109
    Sweep 6/87 CPU time = 12.79s (Wall time = 1.639s)

    vN Entropy at center bond b=151 = 0.786768897723
    Eigs at center bond b=151: 0.6732 0.2914 0.0189 0.0077 0.0064 0.0018 
    Largest link dim during sweep 7/87 was 20
    Largest truncation error: 1.49928e-06
    Energy after sweep 7/87 is -183.985205470129
    Sweep 7/87 CPU time = 12.85s (Wall time = 1.645s)

    vN Entropy at center bond b=151 = 0.786855868592
    Eigs at center bond b=151: 0.6732 0.2914 0.0189 0.0077 0.0064 0.0018 
    Largest link dim during sweep 8/87 was 24
    Largest truncation error: 7.52214e-07
    Energy after sweep 8/87 is -183.985799880939
    Sweep 8/87 CPU time = 7.374s (Wall time = 0.940s)

    vN Entropy at center bond b=151 = 0.786862775384
    Eigs at center bond b=151: 0.6732 0.2914 0.0189 0.0077 0.0064 0.0018 
    Largest link dim during sweep 9/87 was 24
    Largest truncation error: 7.53356e-07
    Energy after sweep 9/87 is -183.985799985051
    Sweep 9/87 CPU time = 7.488s (Wall time = 0.957s)

    vN Entropy at center bond b=151 = 0.786863051740
    Eigs at center bond b=151: 0.6732 0.2914 0.0189 0.0077 0.0064 0.0018 
    Largest link dim during sweep 10/87 was 24
    Largest truncation error: 7.5342e-07
    Energy after sweep 10/87 is -183.985799853068
    Sweep 10/87 CPU time = 7.415s (Wall time = 0.948s)

    vN Entropy at center bond b=151 = 0.786863080401
    Eigs at center bond b=151: 0.6732 0.2914 0.0189 0.0077 0.0064 0.0018 
    Largest link dim during sweep 11/87 was 24
    Largest truncation error: 7.53427e-07
    Energy after sweep 11/87 is -183.985799854764
    Sweep 11/87 CPU time = 7.507s (Wall time = 0.964s)

    vN Entropy at center bond b=151 = 0.786863084087
    Eigs at center bond b=151: 0.6732 0.2914 0.0189 0.0077 0.0064 0.0018 
    Largest link dim during sweep 12/87 was 24
    Largest truncation error: 7.53428e-07
    Energy after sweep 12/87 is -183.985799859700
    Sweep 12/87 CPU time = 7.468s (Wall time = 0.958s)

    vN Entropy at center bond b=151 = 0.786863084581
    Eigs at center bond b=151: 0.6732 0.2914 0.0189 0.0077 0.0064 0.0018 
    Largest link dim during sweep 13/87 was 24
    Largest truncation error: 7.53428e-07
    Energy after sweep 13/87 is -183.985799862247
    Sweep 13/87 CPU time = 7.494s (Wall time = 0.959s)

    vN Entropy at center bond b=151 = 0.786863084647
    Eigs at center bond b=151: 0.6732 0.2914 0.0189 0.0077 0.0064 0.0018 
    Largest link dim during sweep 14/87 was 24
    Largest truncation error: 7.53428e-07
    Energy after sweep 14/87 is -183.985799863447
    Sweep 14/87 CPU time = 7.499s (Wall time = 0.961s)

    vN Entropy at center bond b=151 = 0.786780683682
    Eigs at center bond b=151: 0.6732 0.2914 0.0189 0.0077 0.0064 0.0018 
    Largest link dim during sweep 15/87 was 24
    Largest truncation error: 7.50893e-07
    Energy after sweep 15/87 is -183.985752685384
    Sweep 15/87 CPU time = 7.334s (Wall time = 0.940s)

    vN Entropy at center bond b=151 = 0.786777711445
    Eigs at center bond b=151: 0.6732 0.2914 0.0189 0.0077 0.0064 0.0018 
    Largest link dim during sweep 16/87 was 24
    Largest truncation error: 7.51286e-07
    Energy after sweep 16/87 is -183.985751928225
    Sweep 16/87 CPU time = 7.322s (Wall time = 0.938s)

    vN Entropy at center bond b=151 = 0.786777527419
    Eigs at center bond b=151: 0.6732 0.2914 0.0189 0.0077 0.0064 0.0018 
    Largest link dim during sweep 17/87 was 24
    Largest truncation error: 7.51279e-07
    Energy after sweep 17/87 is -183.985751798679
    Sweep 17/87 CPU time = 7.307s (Wall time = 0.938s)

    vN Entropy at center bond b=151 = 0.786777493501
    Eigs at center bond b=151: 0.6732 0.2914 0.0189 0.0077 0.0064 0.0018 
    Largest link dim during sweep 18/87 was 24
    Largest truncation error: 7.51273e-07
    Energy after sweep 18/87 is -183.985751772643
    Sweep 18/87 CPU time = 7.350s (Wall time = 0.939s)

    vN Entropy at center bond b=151 = 0.786777486527
    Eigs at center bond b=151: 0.6732 0.2914 0.0189 0.0077 0.0064 0.0018 
    Largest link dim during sweep 19/87 was 24
    Largest truncation error: 7.51271e-07
    Energy after sweep 19/87 is -183.985751767282
    Sweep 19/87 CPU time = 7.382s (Wall time = 0.942s)

    vN Entropy at center bond b=151 = 0.786777485107
    Eigs at center bond b=151: 0.6732 0.2914 0.0189 0.0077 0.0064 0.0018 
    Largest link dim during sweep 20/87 was 24
    Largest truncation error: 7.51271e-07
    Energy after sweep 20/87 is -183.985751766162
    Sweep 20/87 CPU time = 7.348s (Wall time = 0.941s)

    vN Entropy at center bond b=151 = 0.786777484820
    Eigs at center bond b=151: 0.6732 0.2914 0.0189 0.0077 0.0064 0.0018 
    Largest link dim during sweep 21/87 was 24
    Largest truncation error: 7.5127e-07
    Energy after sweep 21/87 is -183.985751765918
    Sweep 21/87 CPU time = 7.365s (Wall time = 0.946s)

    vN Entropy at center bond b=151 = 0.786777484763
    Eigs at center bond b=151: 0.6732 0.2914 0.0189 0.0077 0.0064 0.0018 
    Largest link dim during sweep 22/87 was 24
    Largest truncation error: 7.5127e-07
    Energy after sweep 22/87 is -183.985751765867
    Sweep 22/87 CPU time = 7.338s (Wall time = 0.942s)

    vN Entropy at center bond b=151 = 0.786777484751
    Eigs at center bond b=151: 0.6732 0.2914 0.0189 0.0077 0.0064 0.0018 
    Largest link dim during sweep 23/87 was 24
    Largest truncation error: 7.5127e-07
    Energy after sweep 23/87 is -183.985751765853
    Sweep 23/87 CPU time = 7.351s (Wall time = 0.940s)

    vN Entropy at center bond b=151 = 0.786777484749
    Eigs at center bond b=151: 0.6732 0.2914 0.0189 0.0077 0.0064 0.0018 
    Largest link dim during sweep 24/87 was 24
    Largest truncation error: 7.5127e-07
    Energy after sweep 24/87 is -183.985751765851
    Sweep 24/87 CPU time = 7.360s (Wall time = 0.942s)

    vN Entropy at center bond b=151 = 0.786777484749
    Eigs at center bond b=151: 0.6732 0.2914 0.0189 0.0077 0.0064 0.0018 
    Largest link dim during sweep 25/87 was 24
    Largest truncation error: 7.5127e-07
    Energy after sweep 25/87 is -183.985751765849
    Sweep 25/87 CPU time = 7.345s (Wall time = 0.941s)

    vN Entropy at center bond b=151 = 0.786777484749
    Eigs at center bond b=151: 0.6732 0.2914 0.0189 0.0077 0.0064 0.0018 
    Largest link dim during sweep 26/87 was 24
    Largest truncation error: 7.5127e-07
    Energy after sweep 26/87 is -183.985751765853
    Sweep 26/87 CPU time = 7.297s (Wall time = 0.938s)

    vN Entropy at center bond b=151 = 0.786777484749
    Eigs at center bond b=151: 0.6732 0.2914 0.0189 0.0077 0.0064 0.0018 
    Largest link dim during sweep 27/87 was 24
    Largest truncation error: 7.5127e-07
    Energy after sweep 27/87 is -183.985751765850
    Sweep 27/87 CPU time = 7.337s (Wall time = 0.939s)

    vN Entropy at center bond b=151 = 0.786777484749
    Eigs at center bond b=151: 0.6732 0.2914 0.0189 0.0077 0.0064 0.0018 
    Largest link dim during sweep 28/87 was 24
    Largest truncation error: 7.5127e-07
    Energy after sweep 28/87 is -183.985751765850
    Sweep 28/87 CPU time = 7.362s (Wall time = 0.942s)

    vN Entropy at center bond b=151 = 0.786777484748
    Eigs at center bond b=151: 0.6732 0.2914 0.0189 0.0077 0.0064 0.0018 
    Largest link dim during sweep 29/87 was 24
    Largest truncation error: 7.5127e-07
    Energy after sweep 29/87 is -183.985751765852
    Sweep 29/87 CPU time = 7.324s (Wall time = 0.938s)

    vN Entropy at center bond b=151 = 0.786777484749
    Eigs at center bond b=151: 0.6732 0.2914 0.0189 0.0077 0.0064 0.0018 
    Largest link dim during sweep 30/87 was 24
    Largest truncation error: 7.5127e-07
    Energy after sweep 30/87 is -183.985751765853
    Sweep 30/87 CPU time = 7.369s (Wall time = 0.946s)

    vN Entropy at center bond b=151 = 0.786777484749
    Eigs at center bond b=151: 0.6732 0.2914 0.0189 0.0077 0.0064 0.0018 
    Largest link dim during sweep 31/87 was 24
    Largest truncation error: 7.5127e-07
    Energy after sweep 31/87 is -183.985751765852
    Sweep 31/87 CPU time = 7.374s (Wall time = 0.940s)

    vN Entropy at center bond b=151 = 0.786777484749
    Eigs at center bond b=151: 0.6732 0.2914 0.0189 0.0077 0.0064 0.0018 
    Largest link dim during sweep 32/87 was 24
    Largest truncation error: 7.5127e-07
    Energy after sweep 32/87 is -183.985751765852
    Sweep 32/87 CPU time = 7.328s (Wall time = 0.938s)

    vN Entropy at center bond b=151 = 0.786777484749
    Eigs at center bond b=151: 0.6732 0.2914 0.0189 0.0077 0.0064 0.0018 
    Largest link dim during sweep 33/87 was 24
    Largest truncation error: 7.5127e-07
    Energy after sweep 33/87 is -183.985751765847
    Sweep 33/87 CPU time = 7.328s (Wall time = 0.937s)

    vN Entropy at center bond b=151 = 0.786777484749
    Eigs at center bond b=151: 0.6732 0.2914 0.0189 0.0077 0.0064 0.0018 
    Largest link dim during sweep 34/87 was 24
    Largest truncation error: 7.5127e-07
    Energy after sweep 34/87 is -183.985751765853
    Sweep 34/87 CPU time = 7.367s (Wall time = 0.942s)

    vN Entropy at center bond b=151 = 0.786777484748
    Eigs at center bond b=151: 0.6732 0.2914 0.0189 0.0077 0.0064 0.0018 
    Largest link dim during sweep 35/87 was 24
    Largest truncation error: 7.5127e-07
    Energy after sweep 35/87 is -183.985751765850
    Sweep 35/87 CPU time = 7.302s (Wall time = 0.937s)

    vN Entropy at center bond b=151 = 0.786777484749
    Eigs at center bond b=151: 0.6732 0.2914 0.0189 0.0077 0.0064 0.0018 
    Largest link dim during sweep 36/87 was 24
    Largest truncation error: 7.5127e-07
    Energy after sweep 36/87 is -183.985751765848
    Sweep 36/87 CPU time = 7.335s (Wall time = 0.940s)

    vN Entropy at center bond b=151 = 0.787606867953
    Eigs at center bond b=151: 0.6728 0.2917 0.0190 0.0077 0.0064 0.0019 
    Largest link dim during sweep 37/87 was 46
    Largest truncation error: 7.65435e-09
    Energy after sweep 37/87 is -183.986880548329
    Sweep 37/87 CPU time = 16.42s (Wall time = 2.109s)

    vN Entropy at center bond b=151 = 0.787646660605
    Eigs at center bond b=151: 0.6728 0.2917 0.0190 0.0077 0.0064 0.0019 
    Largest link dim during sweep 38/87 was 48
    Largest truncation error: 7.49795e-09
    Energy after sweep 38/87 is -183.986883813032
    Sweep 38/87 CPU time = 21.53s (Wall time = 2.762s)

    vN Entropy at center bond b=151 = 0.787648768365
    Eigs at center bond b=151: 0.6728 0.2917 0.0190 0.0077 0.0064 0.0019 
    Largest link dim during sweep 39/87 was 48
    Largest truncation error: 7.48547e-09
    Energy after sweep 39/87 is -183.986883847481
    Sweep 39/87 CPU time = 22.48s (Wall time = 2.887s)

    vN Entropy at center bond b=151 = 0.787648746411
    Eigs at center bond b=151: 0.6728 0.2917 0.0190 0.0077 0.0064 0.0019 
    Largest link dim during sweep 40/87 was 48
    Largest truncation error: 7.49723e-09
    Energy after sweep 40/87 is -183.986883830410
    Sweep 40/87 CPU time = 22.31s (Wall time = 2.855s)

    vN Entropy at center bond b=151 = 0.787648758405
    Eigs at center bond b=151: 0.6728 0.2917 0.0190 0.0077 0.0064 0.0019 
    Largest link dim during sweep 41/87 was 48
    Largest truncation error: 7.49714e-09
    Energy after sweep 41/87 is -183.986883824937
    Sweep 41/87 CPU time = 22.38s (Wall time = 2.867s)

    vN Entropy at center bond b=151 = 0.787648759379
    Eigs at center bond b=151: 0.6728 0.2917 0.0190 0.0077 0.0064 0.0019 
    Largest link dim during sweep 42/87 was 48
    Largest truncation error: 7.49707e-09
    Energy after sweep 42/87 is -183.986883823610
    Sweep 42/87 CPU time = 22.37s (Wall time = 2.853s)

    vN Entropy at center bond b=151 = 0.787648759449
    Eigs at center bond b=151: 0.6728 0.2917 0.0190 0.0077 0.0064 0.0019 
    Largest link dim during sweep 43/87 was 48
    Largest truncation error: 7.49706e-09
    Energy after sweep 43/87 is -183.986883823262
    Sweep 43/87 CPU time = 22.40s (Wall time = 2.882s)

    vN Entropy at center bond b=151 = 0.787648759450
    Eigs at center bond b=151: 0.6728 0.2917 0.0190 0.0077 0.0064 0.0019 
    Largest link dim during sweep 44/87 was 48
    Largest truncation error: 7.49706e-09
    Energy after sweep 44/87 is -183.986883823144
    Sweep 44/87 CPU time = 22.28s (Wall time = 2.851s)

    vN Entropy at center bond b=151 = 0.787648759448
    Eigs at center bond b=151: 0.6728 0.2917 0.0190 0.0077 0.0064 0.0019 
    Largest link dim during sweep 45/87 was 48
    Largest truncation error: 7.49705e-09
    Energy after sweep 45/87 is -183.986883823097
    Sweep 45/87 CPU time = 22.22s (Wall time = 2.846s)

    vN Entropy at center bond b=151 = 0.787648759447
    Eigs at center bond b=151: 0.6728 0.2917 0.0190 0.0077 0.0064 0.0019 
    Largest link dim during sweep 46/87 was 48
    Largest truncation error: 7.49705e-09
    Energy after sweep 46/87 is -183.986883823081
    Sweep 46/87 CPU time = 22.41s (Wall time = 2.874s)

    vN Entropy at center bond b=151 = 0.787648759446
    Eigs at center bond b=151: 0.6728 0.2917 0.0190 0.0077 0.0064 0.0019 
    Largest link dim during sweep 47/87 was 48
    Largest truncation error: 7.49705e-09
    Energy after sweep 47/87 is -183.986883823073
    Sweep 47/87 CPU time = 22.34s (Wall time = 2.860s)

    vN Entropy at center bond b=151 = 0.787648759446
    Eigs at center bond b=151: 0.6728 0.2917 0.0190 0.0077 0.0064 0.0019 
    Largest link dim during sweep 48/87 was 48
    Largest truncation error: 7.49705e-09
    Energy after sweep 48/87 is -183.986883823073
    Sweep 48/87 CPU time = 22.36s (Wall time = 2.863s)

    vN Entropy at center bond b=151 = 0.787648759446
    Eigs at center bond b=151: 0.6728 0.2917 0.0190 0.0077 0.0064 0.0019 
    Largest link dim during sweep 49/87 was 48
    Largest truncation error: 7.49705e-09
    Energy after sweep 49/87 is -183.986883823072
    Sweep 49/87 CPU time = 22.31s (Wall time = 2.855s)

    vN Entropy at center bond b=151 = 0.787648759446
    Eigs at center bond b=151: 0.6728 0.2917 0.0190 0.0077 0.0064 0.0019 
    Largest link dim during sweep 50/87 was 48
    Largest truncation error: 7.49705e-09
    Energy after sweep 50/87 is -183.986883823072
    Sweep 50/87 CPU time = 22.29s (Wall time = 2.858s)

    vN Entropy at center bond b=151 = 0.787648759446
    Eigs at center bond b=151: 0.6728 0.2917 0.0190 0.0077 0.0064 0.0019 
    Largest link dim during sweep 51/87 was 48
    Largest truncation error: 7.49705e-09
    Energy after sweep 51/87 is -183.986883823070
    Sweep 51/87 CPU time = 22.40s (Wall time = 2.874s)

    vN Entropy at center bond b=151 = 0.787648759446
    Eigs at center bond b=151: 0.6728 0.2917 0.0190 0.0077 0.0064 0.0019 
    Largest link dim during sweep 52/87 was 48
    Largest truncation error: 7.49705e-09
    Energy after sweep 52/87 is -183.986883823073
    Sweep 52/87 CPU time = 22.23s (Wall time = 2.843s)

    vN Entropy at center bond b=151 = 0.787648759446
    Eigs at center bond b=151: 0.6728 0.2917 0.0190 0.0077 0.0064 0.0019 
    Largest link dim during sweep 53/87 was 48
    Largest truncation error: 7.49705e-09
    Energy after sweep 53/87 is -183.986883823073
    Sweep 53/87 CPU time = 22.06s (Wall time = 2.819s)

    vN Entropy at center bond b=151 = 0.787648759446
    Eigs at center bond b=151: 0.6728 0.2917 0.0190 0.0077 0.0064 0.0019 
    Largest link dim during sweep 54/87 was 48
    Largest truncation error: 7.49705e-09
    Energy after sweep 54/87 is -183.986883823071
    Sweep 54/87 CPU time = 22.20s (Wall time = 2.844s)

    vN Entropy at center bond b=151 = 0.787648759446
    Eigs at center bond b=151: 0.6728 0.2917 0.0190 0.0077 0.0064 0.0019 
    Largest link dim during sweep 55/87 was 48
    Largest truncation error: 7.49705e-09
    Energy after sweep 55/87 is -183.986883823073
    Sweep 55/87 CPU time = 22.31s (Wall time = 2.859s)

    vN Entropy at center bond b=151 = 0.787648759446
    Eigs at center bond b=151: 0.6728 0.2917 0.0190 0.0077 0.0064 0.0019 
    Largest link dim during sweep 56/87 was 48
    Largest truncation error: 7.49706e-09
    Energy after sweep 56/87 is -183.986883823072
    Sweep 56/87 CPU time = 22.47s (Wall time = 2.883s)

    vN Entropy at center bond b=151 = 0.787648759446
    Eigs at center bond b=151: 0.6728 0.2917 0.0190 0.0077 0.0064 0.0019 
    Largest link dim during sweep 57/87 was 48
    Largest truncation error: 7.49706e-09
    Energy after sweep 57/87 is -183.986883823068
    Sweep 57/87 CPU time = 22.84s (Wall time = 2.929s)

    vN Entropy at center bond b=151 = 0.787648759446
    Eigs at center bond b=151: 0.6728 0.2917 0.0190 0.0077 0.0064 0.0019 
    Largest link dim during sweep 58/87 was 48
    Largest truncation error: 7.49706e-09
    Energy after sweep 58/87 is -183.986883823072
    Sweep 58/87 CPU time = 22.77s (Wall time = 2.925s)

    vN Entropy at center bond b=151 = 0.787691779117
    Eigs at center bond b=151: 0.6728 0.2917 0.0190 0.0077 0.0064 0.0019 
    Largest link dim during sweep 59/87 was 87
    Largest truncation error: 7.50554e-11
    Energy after sweep 59/87 is -183.986896362423
    Sweep 59/87 CPU time = 1m, 7.8s (Wall time = 8.712s)

    vN Entropy at center bond b=151 = 0.787692781562
    Eigs at center bond b=151: 0.6728 0.2917 0.0190 0.0077 0.0064 0.0019 
    Largest link dim during sweep 60/87 was 89
    Largest truncation error: 7.59292e-11
    Energy after sweep 60/87 is -183.986896395869
    Sweep 60/87 CPU time = 1m, 30.0s (Wall time = 11.53s)

    vN Entropy at center bond b=151 = 0.787692820487
    Eigs at center bond b=151: 0.6728 0.2917 0.0190 0.0077 0.0064 0.0019 
    Largest link dim during sweep 61/87 was 89
    Largest truncation error: 7.60497e-11
    Energy after sweep 61/87 is -183.986896396178
    Sweep 61/87 CPU time = 1m, 31.9s (Wall time = 11.75s)

    vN Entropy at center bond b=151 = 0.787692823703
    Eigs at center bond b=151: 0.6728 0.2917 0.0190 0.0077 0.0064 0.0019 
    Largest link dim during sweep 62/87 was 89
    Largest truncation error: 7.60626e-11
    Energy after sweep 62/87 is -183.986896396135
    Sweep 62/87 CPU time = 1m, 30.5s (Wall time = 11.59s)

    vN Entropy at center bond b=151 = 0.787692824156
    Eigs at center bond b=151: 0.6728 0.2917 0.0190 0.0077 0.0064 0.0019 
    Largest link dim during sweep 63/87 was 89
    Largest truncation error: 7.60648e-11
    Energy after sweep 63/87 is -183.986896396126
    Sweep 63/87 CPU time = 1m, 31.4s (Wall time = 11.73s)

    vN Entropy at center bond b=151 = 0.787692824230
    Eigs at center bond b=151: 0.6728 0.2917 0.0190 0.0077 0.0064 0.0019 
    Largest link dim during sweep 64/87 was 89
    Largest truncation error: 7.60654e-11
    Energy after sweep 64/87 is -183.986896396122
    Sweep 64/87 CPU time = 1m, 32.0s (Wall time = 11.79s)

    vN Entropy at center bond b=151 = 0.787692824242
    Eigs at center bond b=151: 0.6728 0.2917 0.0190 0.0077 0.0064 0.0019 
    Largest link dim during sweep 65/87 was 89
    Largest truncation error: 7.60656e-11
    Energy after sweep 65/87 is -183.986896396126
    Sweep 65/87 CPU time = 1m, 31.0s (Wall time = 11.65s)

    vN Entropy at center bond b=151 = 0.787692824245
    Eigs at center bond b=151: 0.6728 0.2917 0.0190 0.0077 0.0064 0.0019 
    Largest link dim during sweep 66/87 was 89
    Largest truncation error: 7.60654e-11
    Energy after sweep 66/87 is -183.986896396127
    Sweep 66/87 CPU time = 1m, 31.9s (Wall time = 11.76s)

    vN Entropy at center bond b=151 = 0.787692824245
    Eigs at center bond b=151: 0.6728 0.2917 0.0190 0.0077 0.0064 0.0019 
    Largest link dim during sweep 67/87 was 89
    Largest truncation error: 7.60655e-11
    Energy after sweep 67/87 is -183.986896396127
    Sweep 67/87 CPU time = 1m, 31.7s (Wall time = 11.75s)

    vN Entropy at center bond b=151 = 0.787692824245
    Eigs at center bond b=151: 0.6728 0.2917 0.0190 0.0077 0.0064 0.0019 
    Largest link dim during sweep 68/87 was 89
    Largest truncation error: 7.60653e-11
    Energy after sweep 68/87 is -183.986896396126
    Sweep 68/87 CPU time = 1m, 31.4s (Wall time = 11.72s)

    vN Entropy at center bond b=151 = 0.787692824245
    Eigs at center bond b=151: 0.6728 0.2917 0.0190 0.0077 0.0064 0.0019 
    Largest link dim during sweep 69/87 was 89
    Largest truncation error: 7.60653e-11
    Energy after sweep 69/87 is -183.986896396128
    Sweep 69/87 CPU time = 1m, 32.0s (Wall time = 11.79s)

    vN Entropy at center bond b=151 = 0.787692824245
    Eigs at center bond b=151: 0.6728 0.2917 0.0190 0.0077 0.0064 0.0019 
    Largest link dim during sweep 70/87 was 89
    Largest truncation error: 7.60656e-11
    Energy after sweep 70/87 is -183.986896396126
    Sweep 70/87 CPU time = 1m, 30.8s (Wall time = 11.63s)

    vN Entropy at center bond b=151 = 0.787692824245
    Eigs at center bond b=151: 0.6728 0.2917 0.0190 0.0077 0.0064 0.0019 
    Largest link dim during sweep 71/87 was 89
    Largest truncation error: 7.60656e-11
    Energy after sweep 71/87 is -183.986896396128
    Sweep 71/87 CPU time = 1m, 31.3s (Wall time = 11.68s)

    vN Entropy at center bond b=151 = 0.787692824245
    Eigs at center bond b=151: 0.6728 0.2917 0.0190 0.0077 0.0064 0.0019 
    Largest link dim during sweep 72/87 was 89
    Largest truncation error: 7.60656e-11
    Energy after sweep 72/87 is -183.986896396125
    Sweep 72/87 CPU time = 1m, 31.3s (Wall time = 11.68s)

    vN Entropy at center bond b=151 = 0.787692824245
    Eigs at center bond b=151: 0.6728 0.2917 0.0190 0.0077 0.0064 0.0019 
    Largest link dim during sweep 73/87 was 89
    Largest truncation error: 7.60655e-11
    Energy after sweep 73/87 is -183.986896396127
    Sweep 73/87 CPU time = 1m, 31.7s (Wall time = 11.77s)

    vN Entropy at center bond b=151 = 0.787692824245
    Eigs at center bond b=151: 0.6728 0.2917 0.0190 0.0077 0.0064 0.0019 
    Largest link dim during sweep 74/87 was 89
    Largest truncation error: 7.60656e-11
    Energy after sweep 74/87 is -183.986896396126
    Sweep 74/87 CPU time = 1m, 33.2s (Wall time = 11.95s)

    vN Entropy at center bond b=151 = 0.787696004339
    Eigs at center bond b=151: 0.6728 0.2917 0.0190 0.0077 0.0064 0.0019 
    Largest link dim during sweep 75/87 was 155
    Largest truncation error: 7.68629e-13
    Energy after sweep 75/87 is -183.986896549627
    Sweep 75/87 CPU time = 2m, 53.2s (Wall time = 23.02s)

    vN Entropy at center bond b=151 = 0.787696052285
    Eigs at center bond b=151: 0.6728 0.2917 0.0190 0.0077 0.0064 0.0019 
    Largest link dim during sweep 76/87 was 157
    Largest truncation error: 7.51354e-13
    Energy after sweep 76/87 is -183.986896549946
    Sweep 76/87 CPU time = 3m, 39.8s (Wall time = 29.12s)

    vN Entropy at center bond b=151 = 0.787696054495
    Eigs at center bond b=151: 0.6728 0.2917 0.0190 0.0077 0.0064 0.0019 
    Largest link dim during sweep 77/87 was 157
    Largest truncation error: 7.51109e-13
    Energy after sweep 77/87 is -183.986896549953
    Sweep 77/87 CPU time = 3m, 44.6s (Wall time = 28.98s)

    vN Entropy at center bond b=151 = 0.787696054793
    Eigs at center bond b=151: 0.6728 0.2917 0.0190 0.0077 0.0064 0.0019 
    Largest link dim during sweep 78/87 was 157
    Largest truncation error: 7.51407e-13
    Energy after sweep 78/87 is -183.986896549957
    Sweep 78/87 CPU time = 3m, 38.8s (Wall time = 28.29s)

    vN Entropy at center bond b=151 = 0.787696054872
    Eigs at center bond b=151: 0.6728 0.2917 0.0190 0.0077 0.0064 0.0019 
    Largest link dim during sweep 79/87 was 157
    Largest truncation error: 7.52092e-13
    Energy after sweep 79/87 is -183.986896549954
    Sweep 79/87 CPU time = 3m, 32.9s (Wall time = 27.53s)

    vN Entropy at center bond b=151 = 0.787696054907
    Eigs at center bond b=151: 0.6728 0.2917 0.0190 0.0077 0.0064 0.0019 
    Largest link dim during sweep 80/87 was 157
    Largest truncation error: 7.52183e-13
    Energy after sweep 80/87 is -183.986896549957
    Sweep 80/87 CPU time = 3m, 31.2s (Wall time = 27.42s)

    vN Entropy at center bond b=151 = 0.787696054926
    Eigs at center bond b=151: 0.6728 0.2917 0.0190 0.0077 0.0064 0.0019 
    Largest link dim during sweep 81/87 was 157
    Largest truncation error: 7.5232e-13
    Energy after sweep 81/87 is -183.986896549957
    Sweep 81/87 CPU time = 3m, 28.7s (Wall time = 27.07s)

    vN Entropy at center bond b=151 = 0.787696054936
    Eigs at center bond b=151: 0.6728 0.2917 0.0190 0.0077 0.0064 0.0019 
    Largest link dim during sweep 82/87 was 157
    Largest truncation error: 7.52187e-13
    Energy after sweep 82/87 is -183.986896549955
    Sweep 82/87 CPU time = 3m, 36.3s (Wall time = 28.02s)

    vN Entropy at center bond b=151 = 0.787696376152
    Eigs at center bond b=151: 0.6728 0.2917 0.0190 0.0077 0.0064 0.0019 
    Largest link dim during sweep 83/87 was 143
    Largest truncation error: 7.58715e-13
    Energy after sweep 83/87 is -183.986896549446
    Sweep 83/87 CPU time = 2m, 48.6s (Wall time = 21.71s)

    vN Entropy at center bond b=151 = 0.787696382228
    Eigs at center bond b=151: 0.6728 0.2917 0.0190 0.0077 0.0064 0.0019 
    Largest link dim during sweep 84/87 was 242
    Largest truncation error: 7.65868e-15
    Energy after sweep 84/87 is -183.986896551879
    Sweep 84/87 CPU time = 7m, 26.3s (Wall time = 1m, 0.9s)

    vN Entropy at center bond b=151 = 0.787696383485
    Eigs at center bond b=151: 0.6728 0.2917 0.0190 0.0077 0.0064 0.0019 
    Largest link dim during sweep 85/87 was 245
    Largest truncation error: 7.6065e-15
    Energy after sweep 85/87 is -183.986896551871
    Sweep 85/87 CPU time = 12m, 2s (Wall time = 1m, 33.7s)

    vN Entropy at center bond b=151 = 0.787696383536
    Eigs at center bond b=151: 0.6728 0.2917 0.0190 0.0077 0.0064 0.0019 
    Largest link dim during sweep 86/87 was 244
    Largest truncation error: 7.51252e-15
    Energy after sweep 86/87 is -183.986896551872
    Sweep 86/87 CPU time = 10m, 55s (Wall time = 1m, 24.0s)

    vN Entropy at center bond b=151 = 0.787696383545
    Eigs at center bond b=151: 0.6728 0.2917 0.0190 0.0077 0.0064 0.0019 
    Largest link dim during sweep 87/87 was 244
    Largest truncation error: 7.51429e-15
    Energy after sweep 87/87 is -183.986896551872
    Sweep 87/87 CPU time = 10m, 54s (Wall time = 1m, 23.8s)
Initial energy = 0.00000

Ground State Energy = -183.9868965519
run_outputs/outputpsi/N_303_sweep_87_t_0.030000_J_1.000000_V_0.600000_D_0.018000_U_0.300000_mu_0.000000_E_0.000000 converge
Wall-clock time (s) = 3832.717186
