//////////////////////////
Reading input file ......

Got input.N = 300
Got input.t = 0.03
Got input.J = 1
Got input.V = 0.6
Got input.D = 0.018
Got input.U = 0.1
Got input.mu = 0
Got input.E = 0.1
Got input.nsweeps = 87
Sweeps:
1  MaxDim=20, MinDim=20, Cutoff=1.0E-06, Niter=8, Noise=1.0E-05
2  MaxDim=20, MinDim=20, Cutoff=1.0E-06, Niter=8, Noise=1.0E-05
3  MaxDim=20, MinDim=20, Cutoff=1.0E-06, Niter=8, Noise=1.0E-05
4  MaxDim=20, MinDim=20, Cutoff=1.0E-06, Niter=8, Noise=1.0E-05
5  MaxDim=20, MinDim=20, Cutoff=1.0E-06, Niter=8, Noise=1.0E-05
6  MaxDim=20, MinDim=20, Cutoff=1.0E-06, Niter=8, Noise=1.0E-05
7  MaxDim=20, MinDim=20, Cutoff=1.0E-06, Niter=8, Noise=1.0E-05
8  MaxDim=40, MinDim=20, Cutoff=1.0E-06, Niter=4, Noise=1.0E-05
9  MaxDim=40, MinDim=20, Cutoff=1.0E-06, Niter=4, Noise=1.0E-05
10  MaxDim=40, MinDim=20, Cutoff=1.0E-06, Niter=4, Noise=1.0E-05
11  MaxDim=40, MinDim=20, Cutoff=1.0E-06, Niter=4, Noise=1.0E-05
12  MaxDim=40, MinDim=20, Cutoff=1.0E-06, Niter=4, Noise=1.0E-05
13  MaxDim=40, MinDim=20, Cutoff=1.0E-06, Niter=4, Noise=1.0E-05
14  MaxDim=40, MinDim=20, Cutoff=1.0E-06, Niter=4, Noise=1.0E-05
15  MaxDim=80, MinDim=10, Cutoff=1.0E-06, Niter=4, Noise=1.0E-05
16  MaxDim=80, MinDim=10, Cutoff=1.0E-06, Niter=4, Noise=1.0E-05
17  MaxDim=80, MinDim=10, Cutoff=1.0E-06, Niter=4, Noise=1.0E-05
18  MaxDim=80, MinDim=10, Cutoff=1.0E-06, Niter=4, Noise=1.0E-05
19  MaxDim=80, MinDim=10, Cutoff=1.0E-06, Niter=4, Noise=1.0E-05
20  MaxDim=80, MinDim=10, Cutoff=1.0E-06, Niter=4, Noise=1.0E-05
21  MaxDim=80, MinDim=10, Cutoff=1.0E-06, Niter=4, Noise=1.0E-05
22  MaxDim=80, MinDim=10, Cutoff=1.0E-06, Niter=4, Noise=1.0E-05
23  MaxDim=80, MinDim=10, Cutoff=1.0E-06, Niter=4, Noise=1.0E-05
24  MaxDim=80, MinDim=10, Cutoff=1.0E-06, Niter=4, Noise=1.0E-05
25  MaxDim=80, MinDim=10, Cutoff=1.0E-06, Niter=4, Noise=1.0E-05
26  MaxDim=80, MinDim=10, Cutoff=1.0E-06, Niter=4, Noise=1.0E-05
27  MaxDim=80, MinDim=10, Cutoff=1.0E-06, Niter=4, Noise=1.0E-05
28  MaxDim=80, MinDim=10, Cutoff=1.0E-06, Niter=4, Noise=1.0E-05
29  MaxDim=80, MinDim=10, Cutoff=1.0E-06, Niter=4, Noise=1.0E-05
30  MaxDim=80, MinDim=10, Cutoff=1.0E-06, Niter=4, Noise=1.0E-05
31  MaxDim=80, MinDim=10, Cutoff=1.0E-06, Niter=4, Noise=1.0E-05
32  MaxDim=80, MinDim=10, Cutoff=1.0E-06, Niter=4, Noise=1.0E-05
33  MaxDim=80, MinDim=10, Cutoff=1.0E-06, Niter=4, Noise=1.0E-05
34  MaxDim=80, MinDim=10, Cutoff=1.0E-06, Niter=4, Noise=1.0E-05
35  MaxDim=80, MinDim=10, Cutoff=1.0E-06, Niter=4, Noise=1.0E-05
36  MaxDim=80, MinDim=10, Cutoff=1.0E-06, Niter=4, Noise=1.0E-05
37  MaxDim=160, MinDim=10, Cutoff=1.0E-08, Niter=4, Noise=1.0E-06
38  MaxDim=160, MinDim=10, Cutoff=1.0E-08, Niter=4, Noise=1.0E-06
39  MaxDim=160, MinDim=10, Cutoff=1.0E-08, Niter=4, Noise=1.0E-06
40  MaxDim=160, MinDim=10, Cutoff=1.0E-08, Niter=4, Noise=1.0E-06
41  MaxDim=160, MinDim=10, Cutoff=1.0E-08, Niter=4, Noise=1.0E-06
42  MaxDim=160, MinDim=10, Cutoff=1.0E-08, Niter=4, Noise=1.0E-06
43  MaxDim=160, MinDim=10, Cutoff=1.0E-08, Niter=4, Noise=1.0E-06
44  MaxDim=160, MinDim=10, Cutoff=1.0E-08, Niter=4, Noise=1.0E-06
45  MaxDim=160, MinDim=10, Cutoff=1.0E-08, Niter=4, Noise=1.0E-06
46  MaxDim=160, MinDim=10, Cutoff=1.0E-08, Niter=4, Noise=1.0E-06
47  MaxDim=160, MinDim=10, Cutoff=1.0E-08, Niter=4, Noise=1.0E-06
48  MaxDim=160, MinDim=10, Cutoff=1.0E-08, Niter=4, Noise=1.0E-06
49  MaxDim=160, MinDim=10, Cutoff=1.0E-08, Niter=4, Noise=1.0E-06
50  MaxDim=160, MinDim=10, Cutoff=1.0E-08, Niter=4, Noise=1.0E-06
51  MaxDim=160, MinDim=10, Cutoff=1.0E-08, Niter=4, Noise=1.0E-06
52  MaxDim=160, MinDim=10, Cutoff=1.0E-08, Niter=4, Noise=1.0E-06
53  MaxDim=160, MinDim=10, Cutoff=1.0E-08, Niter=4, Noise=1.0E-06
54  MaxDim=160, MinDim=10, Cutoff=1.0E-08, Niter=4, Noise=1.0E-06
55  MaxDim=160, MinDim=10, Cutoff=1.0E-08, Niter=4, Noise=1.0E-06
56  MaxDim=160, MinDim=10, Cutoff=1.0E-08, Niter=4, Noise=1.0E-06
57  MaxDim=160, MinDim=10, Cutoff=1.0E-08, Niter=4, Noise=1.0E-06
58  MaxDim=160, MinDim=10, Cutoff=1.0E-08, Niter=4, Noise=1.0E-06
59  MaxDim=320, MinDim=10, Cutoff=1.0E-10, Niter=4, Noise=1.0E-07
60  MaxDim=320, MinDim=10, Cutoff=1.0E-10, Niter=4, Noise=1.0E-07
61  MaxDim=320, MinDim=10, Cutoff=1.0E-10, Niter=4, Noise=1.0E-07
62  MaxDim=320, MinDim=10, Cutoff=1.0E-10, Niter=4, Noise=1.0E-07
63  MaxDim=320, MinDim=10, Cutoff=1.0E-10, Niter=4, Noise=1.0E-07
64  MaxDim=320, MinDim=10, Cutoff=1.0E-10, Niter=4, Noise=1.0E-07
65  MaxDim=320, MinDim=10, Cutoff=1.0E-10, Niter=4, Noise=1.0E-07
66  MaxDim=320, MinDim=10, Cutoff=1.0E-10, Niter=4, Noise=1.0E-07
67  MaxDim=320, MinDim=10, Cutoff=1.0E-10, Niter=4, Noise=1.0E-07
68  MaxDim=320, MinDim=10, Cutoff=1.0E-10, Niter=4, Noise=1.0E-07
69  MaxDim=320, MinDim=10, Cutoff=1.0E-10, Niter=4, Noise=1.0E-07
70  MaxDim=320, MinDim=10, Cutoff=1.0E-10, Niter=4, Noise=1.0E-07
71  MaxDim=320, MinDim=10, Cutoff=1.0E-10, Niter=4, Noise=1.0E-07
72  MaxDim=320, MinDim=10, Cutoff=1.0E-10, Niter=4, Noise=1.0E-07
73  MaxDim=320, MinDim=10, Cutoff=1.0E-10, Niter=4, Noise=1.0E-07
74  MaxDim=320, MinDim=10, Cutoff=1.0E-10, Niter=4, Noise=1.0E-07
75  MaxDim=640, MinDim=10, Cutoff=1.0E-12, Niter=2, Noise=1.0E-08
76  MaxDim=640, MinDim=10, Cutoff=1.0E-12, Niter=2, Noise=1.0E-08
77  MaxDim=640, MinDim=10, Cutoff=1.0E-12, Niter=2, Noise=1.0E-08
78  MaxDim=640, MinDim=10, Cutoff=1.0E-12, Niter=2, Noise=1.0E-08
79  MaxDim=640, MinDim=10, Cutoff=1.0E-12, Niter=2, Noise=1.0E-08
80  MaxDim=640, MinDim=10, Cutoff=1.0E-12, Niter=2, Noise=1.0E-08
81  MaxDim=640, MinDim=10, Cutoff=1.0E-12, Niter=2, Noise=1.0E-08
82  MaxDim=640, MinDim=10, Cutoff=1.0E-12, Niter=2, Noise=1.0E-08
83  MaxDim=1280, MinDim=10, Cutoff=1.0E-12, Niter=2, Noise=0.0E+00
84  MaxDim=1280, MinDim=10, Cutoff=1.0E-14, Niter=2, Noise=0.0E+00
85  MaxDim=1280, MinDim=10, Cutoff=1.0E-14, Niter=2, Noise=0.0E+00
86  MaxDim=1280, MinDim=10, Cutoff=1.0E-14, Niter=2, Noise=0.0E+00
87  MaxDim=1280, MinDim=10, Cutoff=1.0E-14, Niter=2, Noise=0.0E+00


    vN Entropy at center bond b=150 = 0.675446361267
    Eigs at center bond b=150: 0.7581 0.2122 0.0192 0.0052 0.0035 
    Largest link dim during sweep 1/87 was 20
    Largest truncation error: 4.54457e-06
    Energy after sweep 1/87 is -189.748662345147
    Sweep 1/87 CPU time = 9.319s (Wall time = 1.206s)

    vN Entropy at center bond b=150 = 0.765726346954
    Eigs at center bond b=150: 0.7365 0.2156 0.0232 0.0127 0.0069 0.0035 
    Largest link dim during sweep 2/87 was 20
    Largest truncation error: 4.55323e-06
    Energy after sweep 2/87 is -189.786867424990
    Sweep 2/87 CPU time = 12.98s (Wall time = 1.663s)

    vN Entropy at center bond b=150 = 0.772778374083
    Eigs at center bond b=150: 0.7351 0.2152 0.0237 0.0135 0.0071 0.0037 
    Largest link dim during sweep 3/87 was 20
    Largest truncation error: 3.01927e-06
    Energy after sweep 3/87 is -189.788118174200
    Sweep 3/87 CPU time = 12.96s (Wall time = 1.660s)

    vN Entropy at center bond b=150 = 0.773501662519
    Eigs at center bond b=150: 0.7349 0.2152 0.0238 0.0136 0.0071 0.0037 
    Largest link dim during sweep 4/87 was 20
    Largest truncation error: 2.91993e-06
    Energy after sweep 4/87 is -189.788135644227
    Sweep 4/87 CPU time = 13.02s (Wall time = 1.662s)

    vN Entropy at center bond b=150 = 0.773723230221
    Eigs at center bond b=150: 0.7349 0.2152 0.0238 0.0136 0.0071 0.0037 
    Largest link dim during sweep 5/87 was 20
    Largest truncation error: 2.92803e-06
    Energy after sweep 5/87 is -189.788138200123
    Sweep 5/87 CPU time = 13.00s (Wall time = 1.660s)

    vN Entropy at center bond b=150 = 0.773801717274
    Eigs at center bond b=150: 0.7349 0.2152 0.0238 0.0136 0.0071 0.0037 
    Largest link dim during sweep 6/87 was 20
    Largest truncation error: 2.93001e-06
    Energy after sweep 6/87 is -189.788138777610
    Sweep 6/87 CPU time = 12.98s (Wall time = 1.664s)

    vN Entropy at center bond b=150 = 0.773829390429
    Eigs at center bond b=150: 0.7349 0.2152 0.0238 0.0136 0.0071 0.0037 
    Largest link dim during sweep 7/87 was 20
    Largest truncation error: 2.93058e-06
    Energy after sweep 7/87 is -189.788138931081
    Sweep 7/87 CPU time = 12.95s (Wall time = 1.661s)

    vN Entropy at center bond b=150 = 0.774998336648
    Eigs at center bond b=150: 0.7346 0.2152 0.0239 0.0137 0.0071 0.0038 
    Largest link dim during sweep 8/87 was 28
    Largest truncation error: 7.4908e-07
    Energy after sweep 8/87 is -189.790409487129
    Sweep 8/87 CPU time = 8.444s (Wall time = 1.082s)

    vN Entropy at center bond b=150 = 0.776846760344
    Eigs at center bond b=150: 0.7342 0.2151 0.0240 0.0139 0.0072 0.0038 
    Largest link dim during sweep 9/87 was 29
    Largest truncation error: 7.34118e-07
    Energy after sweep 9/87 is -189.790561381147
    Sweep 9/87 CPU time = 9.494s (Wall time = 1.212s)

    vN Entropy at center bond b=150 = 0.777721239905
    Eigs at center bond b=150: 0.7341 0.2151 0.0241 0.0140 0.0072 0.0039 
    Largest link dim during sweep 10/87 was 29
    Largest truncation error: 7.33258e-07
    Energy after sweep 10/87 is -189.790603359437
    Sweep 10/87 CPU time = 9.677s (Wall time = 1.238s)

    vN Entropy at center bond b=150 = 0.778231625629
    Eigs at center bond b=150: 0.7340 0.2150 0.0241 0.0140 0.0072 0.0039 
    Largest link dim during sweep 11/87 was 29
    Largest truncation error: 7.33916e-07
    Energy after sweep 11/87 is -189.790616678842
    Sweep 11/87 CPU time = 9.700s (Wall time = 1.240s)

    vN Entropy at center bond b=150 = 0.778553823225
    Eigs at center bond b=150: 0.7339 0.2150 0.0241 0.0140 0.0072 0.0039 
    Largest link dim during sweep 12/87 was 29
    Largest truncation error: 7.33231e-07
    Energy after sweep 12/87 is -189.790618904465
    Sweep 12/87 CPU time = 9.704s (Wall time = 1.238s)

    vN Entropy at center bond b=150 = 0.778736738478
    Eigs at center bond b=150: 0.7338 0.2150 0.0242 0.0141 0.0072 0.0039 
    Largest link dim during sweep 13/87 was 29
    Largest truncation error: 7.33828e-07
    Energy after sweep 13/87 is -189.790622745940
    Sweep 13/87 CPU time = 9.676s (Wall time = 1.244s)

    vN Entropy at center bond b=150 = 0.778873290263
    Eigs at center bond b=150: 0.7338 0.2150 0.0242 0.0141 0.0072 0.0039 
    Largest link dim during sweep 14/87 was 29
    Largest truncation error: 7.33005e-07
    Energy after sweep 14/87 is -189.790623994550
    Sweep 14/87 CPU time = 9.679s (Wall time = 1.244s)

    vN Entropy at center bond b=150 = 0.778949819660
    Eigs at center bond b=150: 0.7338 0.2150 0.0242 0.0141 0.0072 0.0039 
    Largest link dim during sweep 15/87 was 29
    Largest truncation error: 7.33202e-07
    Energy after sweep 15/87 is -189.790621653272
    Sweep 15/87 CPU time = 9.638s (Wall time = 1.235s)

    vN Entropy at center bond b=150 = 0.778992539107
    Eigs at center bond b=150: 0.7338 0.2150 0.0242 0.0141 0.0072 0.0039 
    Largest link dim during sweep 16/87 was 29
    Largest truncation error: 7.33273e-07
    Energy after sweep 16/87 is -189.790621749402
    Sweep 16/87 CPU time = 9.573s (Wall time = 1.228s)

    vN Entropy at center bond b=150 = 0.779017026900
    Eigs at center bond b=150: 0.7338 0.2150 0.0242 0.0141 0.0072 0.0039 
    Largest link dim during sweep 17/87 was 29
    Largest truncation error: 7.33309e-07
    Energy after sweep 17/87 is -189.790621807742
    Sweep 17/87 CPU time = 9.540s (Wall time = 1.221s)

    vN Entropy at center bond b=150 = 0.779031360447
    Eigs at center bond b=150: 0.7338 0.2150 0.0242 0.0141 0.0072 0.0039 
    Largest link dim during sweep 18/87 was 29
    Largest truncation error: 7.33329e-07
    Energy after sweep 18/87 is -189.790621844189
    Sweep 18/87 CPU time = 9.600s (Wall time = 1.233s)

    vN Entropy at center bond b=150 = 0.779039872605
    Eigs at center bond b=150: 0.7338 0.2150 0.0242 0.0141 0.0072 0.0039 
    Largest link dim during sweep 19/87 was 29
    Largest truncation error: 7.3334e-07
    Energy after sweep 19/87 is -189.790621866945
    Sweep 19/87 CPU time = 9.645s (Wall time = 1.231s)

    vN Entropy at center bond b=150 = 0.779044976254
    Eigs at center bond b=150: 0.7338 0.2150 0.0242 0.0141 0.0072 0.0039 
    Largest link dim during sweep 20/87 was 29
    Largest truncation error: 7.33347e-07
    Energy after sweep 20/87 is -189.790621881066
    Sweep 20/87 CPU time = 9.622s (Wall time = 1.231s)

    vN Entropy at center bond b=150 = 0.779048055252
    Eigs at center bond b=150: 0.7338 0.2150 0.0242 0.0141 0.0072 0.0039 
    Largest link dim during sweep 21/87 was 29
    Largest truncation error: 7.3335e-07
    Energy after sweep 21/87 is -189.790621889776
    Sweep 21/87 CPU time = 9.624s (Wall time = 1.230s)

    vN Entropy at center bond b=150 = 0.779049920170
    Eigs at center bond b=150: 0.7338 0.2150 0.0242 0.0141 0.0072 0.0039 
    Largest link dim during sweep 22/87 was 29
    Largest truncation error: 7.33353e-07
    Energy after sweep 22/87 is -189.790621895151
    Sweep 22/87 CPU time = 9.654s (Wall time = 1.232s)

    vN Entropy at center bond b=150 = 0.779051052608
    Eigs at center bond b=150: 0.7338 0.2150 0.0242 0.0141 0.0072 0.0039 
    Largest link dim during sweep 23/87 was 29
    Largest truncation error: 7.33354e-07
    Energy after sweep 23/87 is -189.790621898464
    Sweep 23/87 CPU time = 9.623s (Wall time = 1.230s)

    vN Entropy at center bond b=150 = 0.779051741399
    Eigs at center bond b=150: 0.7338 0.2150 0.0242 0.0141 0.0072 0.0039 
    Largest link dim during sweep 24/87 was 29
    Largest truncation error: 7.33355e-07
    Energy after sweep 24/87 is -189.790621900503
    Sweep 24/87 CPU time = 9.642s (Wall time = 1.230s)

    vN Entropy at center bond b=150 = 0.779052160803
    Eigs at center bond b=150: 0.7338 0.2150 0.0242 0.0141 0.0072 0.0039 
    Largest link dim during sweep 25/87 was 29
    Largest truncation error: 7.33355e-07
    Energy after sweep 25/87 is -189.790621901753
    Sweep 25/87 CPU time = 9.554s (Wall time = 1.226s)

    vN Entropy at center bond b=150 = 0.779052416368
    Eigs at center bond b=150: 0.7338 0.2150 0.0242 0.0141 0.0072 0.0039 
    Largest link dim during sweep 26/87 was 29
    Largest truncation error: 7.33356e-07
    Energy after sweep 26/87 is -189.790621902514
    Sweep 26/87 CPU time = 9.604s (Wall time = 1.227s)

    vN Entropy at center bond b=150 = 0.779052572181
    Eigs at center bond b=150: 0.7338 0.2150 0.0242 0.0141 0.0072 0.0039 
    Largest link dim during sweep 27/87 was 29
    Largest truncation error: 7.33356e-07
    Energy after sweep 27/87 is -189.790621902949
    Sweep 27/87 CPU time = 9.534s (Wall time = 1.224s)

    vN Entropy at center bond b=150 = 0.779052667215
    Eigs at center bond b=150: 0.7338 0.2150 0.0242 0.0141 0.0072 0.0039 
    Largest link dim during sweep 28/87 was 29
    Largest truncation error: 7.33356e-07
    Energy after sweep 28/87 is -189.790621903146
    Sweep 28/87 CPU time = 9.544s (Wall time = 1.225s)

    vN Entropy at center bond b=150 = 0.779052725197
    Eigs at center bond b=150: 0.7338 0.2150 0.0242 0.0141 0.0072 0.0039 
    Largest link dim during sweep 29/87 was 29
    Largest truncation error: 7.33356e-07
    Energy after sweep 29/87 is -189.790621903096
    Sweep 29/87 CPU time = 9.578s (Wall time = 1.225s)

    vN Entropy at center bond b=150 = 0.779052760585
    Eigs at center bond b=150: 0.7338 0.2150 0.0242 0.0141 0.0072 0.0039 
    Largest link dim during sweep 30/87 was 29
    Largest truncation error: 7.33356e-07
    Energy after sweep 30/87 is -189.790621902690
    Sweep 30/87 CPU time = 9.587s (Wall time = 1.226s)

    vN Entropy at center bond b=150 = 0.779052782195
    Eigs at center bond b=150: 0.7338 0.2150 0.0242 0.0141 0.0072 0.0039 
    Largest link dim during sweep 31/87 was 29
    Largest truncation error: 7.33356e-07
    Energy after sweep 31/87 is -189.790621901625
    Sweep 31/87 CPU time = 9.582s (Wall time = 1.225s)

    vN Entropy at center bond b=150 = 0.779052795407
    Eigs at center bond b=150: 0.7338 0.2150 0.0242 0.0141 0.0072 0.0039 
    Largest link dim during sweep 32/87 was 29
    Largest truncation error: 7.33356e-07
    Energy after sweep 32/87 is -189.790621899242
    Sweep 32/87 CPU time = 9.588s (Wall time = 1.226s)

    vN Entropy at center bond b=150 = 0.779052803511
    Eigs at center bond b=150: 0.7338 0.2150 0.0242 0.0141 0.0072 0.0039 
    Largest link dim during sweep 33/87 was 29
    Largest truncation error: 7.33356e-07
    Energy after sweep 33/87 is -189.790621894251
    Sweep 33/87 CPU time = 9.614s (Wall time = 1.231s)

    vN Entropy at center bond b=150 = 0.779052808531
    Eigs at center bond b=150: 0.7338 0.2150 0.0242 0.0141 0.0072 0.0039 
    Largest link dim during sweep 34/87 was 29
    Largest truncation error: 7.33356e-07
    Energy after sweep 34/87 is -189.790621884280
    Sweep 34/87 CPU time = 9.642s (Wall time = 1.235s)

    vN Entropy at center bond b=150 = 0.779052811735
    Eigs at center bond b=150: 0.7338 0.2150 0.0242 0.0141 0.0072 0.0039 
    Largest link dim during sweep 35/87 was 29
    Largest truncation error: 7.33356e-07
    Energy after sweep 35/87 is -189.790621865489
    Sweep 35/87 CPU time = 9.605s (Wall time = 1.227s)

    vN Entropy at center bond b=150 = 0.779052813949
    Eigs at center bond b=150: 0.7338 0.2150 0.0242 0.0141 0.0072 0.0039 
    Largest link dim during sweep 36/87 was 29
    Largest truncation error: 7.33356e-07
    Energy after sweep 36/87 is -189.790621832768
    Sweep 36/87 CPU time = 9.591s (Wall time = 1.228s)

    vN Entropy at center bond b=150 = 0.780918767888
    Eigs at center bond b=150: 0.7332 0.2152 0.0243 0.0142 0.0073 0.0039 
    Largest link dim during sweep 37/87 was 58
    Largest truncation error: 7.43717e-09
    Energy after sweep 37/87 is -189.791624620444
    Sweep 37/87 CPU time = 24.09s (Wall time = 3.092s)

    vN Entropy at center bond b=150 = 0.782364955191
    Eigs at center bond b=150: 0.7329 0.2151 0.0244 0.0143 0.0073 0.0040 
    Largest link dim during sweep 38/87 was 62
    Largest truncation error: 7.44848e-09
    Energy after sweep 38/87 is -189.791639790664
    Sweep 38/87 CPU time = 35.08s (Wall time = 4.495s)

    vN Entropy at center bond b=150 = 0.782944290278
    Eigs at center bond b=150: 0.7328 0.2151 0.0245 0.0144 0.0074 0.0040 
    Largest link dim during sweep 39/87 was 63
    Largest truncation error: 7.45095e-09
    Energy after sweep 39/87 is -189.791643842298
    Sweep 39/87 CPU time = 37.87s (Wall time = 4.878s)

    vN Entropy at center bond b=150 = 0.783206024353
    Eigs at center bond b=150: 0.7328 0.2151 0.0245 0.0144 0.0074 0.0040 
    Largest link dim during sweep 40/87 was 64
    Largest truncation error: 7.45196e-09
    Energy after sweep 40/87 is -189.791645163338
    Sweep 40/87 CPU time = 38.35s (Wall time = 4.916s)

    vN Entropy at center bond b=150 = 0.783336904714
    Eigs at center bond b=150: 0.7327 0.2151 0.0245 0.0144 0.0074 0.0040 
    Largest link dim during sweep 41/87 was 64
    Largest truncation error: 7.45248e-09
    Energy after sweep 41/87 is -189.791645559120
    Sweep 41/87 CPU time = 38.65s (Wall time = 4.945s)

    vN Entropy at center bond b=150 = 0.783409392453
    Eigs at center bond b=150: 0.7327 0.2151 0.0245 0.0144 0.0074 0.0040 
    Largest link dim during sweep 42/87 was 64
    Largest truncation error: 7.45281e-09
    Energy after sweep 42/87 is -189.791646054131
    Sweep 42/87 CPU time = 37.94s (Wall time = 4.854s)

    vN Entropy at center bond b=150 = 0.783452186129
    Eigs at center bond b=150: 0.7327 0.2151 0.0245 0.0144 0.0074 0.0040 
    Largest link dim during sweep 43/87 was 64
    Largest truncation error: 7.45301e-09
    Energy after sweep 43/87 is -189.791646456616
    Sweep 43/87 CPU time = 37.45s (Wall time = 4.800s)

    vN Entropy at center bond b=150 = 0.783478022176
    Eigs at center bond b=150: 0.7327 0.2151 0.0245 0.0145 0.0074 0.0040 
    Largest link dim during sweep 44/87 was 64
    Largest truncation error: 7.45313e-09
    Energy after sweep 44/87 is -189.791646633194
    Sweep 44/87 CPU time = 37.28s (Wall time = 4.775s)

    vN Entropy at center bond b=150 = 0.783493002690
    Eigs at center bond b=150: 0.7327 0.2151 0.0245 0.0145 0.0074 0.0040 
    Largest link dim during sweep 45/87 was 64
    Largest truncation error: 7.4532e-09
    Energy after sweep 45/87 is -189.791646648166
    Sweep 45/87 CPU time = 37.19s (Wall time = 4.785s)

    vN Entropy at center bond b=150 = 0.783502181086
    Eigs at center bond b=150: 0.7327 0.2151 0.0245 0.0145 0.0074 0.0040 
    Largest link dim during sweep 46/87 was 64
    Largest truncation error: 7.45325e-09
    Energy after sweep 46/87 is -189.791646670741
    Sweep 46/87 CPU time = 37.85s (Wall time = 4.845s)

    vN Entropy at center bond b=150 = 0.783507395275
    Eigs at center bond b=150: 0.7327 0.2151 0.0245 0.0145 0.0074 0.0040 
    Largest link dim during sweep 47/87 was 64
    Largest truncation error: 7.45328e-09
    Energy after sweep 47/87 is -189.791646594534
    Sweep 47/87 CPU time = 37.96s (Wall time = 4.855s)

    vN Entropy at center bond b=150 = 0.783510408456
    Eigs at center bond b=150: 0.7327 0.2151 0.0245 0.0145 0.0074 0.0040 
    Largest link dim during sweep 48/87 was 65
    Largest truncation error: 7.4533e-09
    Energy after sweep 48/87 is -189.791646549179
    Sweep 48/87 CPU time = 38.08s (Wall time = 4.879s)

    vN Entropy at center bond b=150 = 0.783512295882
    Eigs at center bond b=150: 0.7327 0.2151 0.0245 0.0145 0.0074 0.0040 
    Largest link dim during sweep 49/87 was 65
    Largest truncation error: 7.45332e-09
    Energy after sweep 49/87 is -189.791646519924
    Sweep 49/87 CPU time = 37.95s (Wall time = 4.850s)

    vN Entropy at center bond b=150 = 0.783513423393
    Eigs at center bond b=150: 0.7327 0.2151 0.0245 0.0145 0.0074 0.0040 
    Largest link dim during sweep 50/87 was 65
    Largest truncation error: 7.45332e-09
    Energy after sweep 50/87 is -189.791646510518
    Sweep 50/87 CPU time = 37.96s (Wall time = 4.857s)

    vN Entropy at center bond b=150 = 0.783514113200
    Eigs at center bond b=150: 0.7327 0.2151 0.0245 0.0145 0.0074 0.0040 
    Largest link dim during sweep 51/87 was 65
    Largest truncation error: 7.45333e-09
    Energy after sweep 51/87 is -189.791646513692
    Sweep 51/87 CPU time = 38.04s (Wall time = 4.862s)

    vN Entropy at center bond b=150 = 0.783514537987
    Eigs at center bond b=150: 0.7327 0.2151 0.0245 0.0145 0.0074 0.0040 
    Largest link dim during sweep 52/87 was 65
    Largest truncation error: 7.45333e-09
    Energy after sweep 52/87 is -189.791646510717
    Sweep 52/87 CPU time = 37.84s (Wall time = 4.841s)

    vN Entropy at center bond b=150 = 0.783514799121
    Eigs at center bond b=150: 0.7327 0.2151 0.0245 0.0145 0.0074 0.0040 
    Largest link dim during sweep 53/87 was 65
    Largest truncation error: 7.45334e-09
    Energy after sweep 53/87 is -189.791646505312
    Sweep 53/87 CPU time = 37.79s (Wall time = 4.864s)

    vN Entropy at center bond b=150 = 0.783514959224
    Eigs at center bond b=150: 0.7327 0.2151 0.0245 0.0145 0.0074 0.0040 
    Largest link dim during sweep 54/87 was 65
    Largest truncation error: 7.45334e-09
    Energy after sweep 54/87 is -189.791646505130
    Sweep 54/87 CPU time = 37.85s (Wall time = 4.840s)

    vN Entropy at center bond b=150 = 0.783515057226
    Eigs at center bond b=150: 0.7327 0.2151 0.0245 0.0145 0.0074 0.0040 
    Largest link dim during sweep 55/87 was 65
    Largest truncation error: 7.45334e-09
    Energy after sweep 55/87 is -189.791646505018
    Sweep 55/87 CPU time = 37.90s (Wall time = 4.857s)

    vN Entropy at center bond b=150 = 0.783515117182
    Eigs at center bond b=150: 0.7327 0.2151 0.0245 0.0145 0.0074 0.0040 
    Largest link dim during sweep 56/87 was 65
    Largest truncation error: 7.45334e-09
    Energy after sweep 56/87 is -189.791646504952
    Sweep 56/87 CPU time = 38.16s (Wall time = 4.887s)

    vN Entropy at center bond b=150 = 0.783515153866
    Eigs at center bond b=150: 0.7327 0.2151 0.0245 0.0145 0.0074 0.0040 
    Largest link dim during sweep 57/87 was 65
    Largest truncation error: 7.45334e-09
    Energy after sweep 57/87 is -189.791646504909
    Sweep 57/87 CPU time = 38.39s (Wall time = 4.918s)

    vN Entropy at center bond b=150 = 0.783515176324
    Eigs at center bond b=150: 0.7327 0.2151 0.0245 0.0145 0.0074 0.0040 
    Largest link dim during sweep 58/87 was 65
    Largest truncation error: 7.45334e-09
    Energy after sweep 58/87 is -189.791646504884
    Sweep 58/87 CPU time = 38.42s (Wall time = 4.921s)

    vN Entropy at center bond b=150 = 0.783623192474
    Eigs at center bond b=150: 0.7327 0.2151 0.0245 0.0145 0.0074 0.0040 
    Largest link dim during sweep 59/87 was 120
    Largest truncation error: 7.55185e-11
    Energy after sweep 59/87 is -189.791658474592
    Sweep 59/87 CPU time = 2m, 5.1s (Wall time = 16.03s)

    vN Entropy at center bond b=150 = 0.783725648219
    Eigs at center bond b=150: 0.7326 0.2151 0.0245 0.0145 0.0074 0.0040 
    Largest link dim during sweep 60/87 was 127
    Largest truncation error: 7.55225e-11
    Energy after sweep 60/87 is -189.791658778834
    Sweep 60/87 CPU time = 2m, 53.8s (Wall time = 22.26s)

    vN Entropy at center bond b=150 = 0.783761959784
    Eigs at center bond b=150: 0.7326 0.2151 0.0245 0.0145 0.0074 0.0040 
    Largest link dim during sweep 61/87 was 128
    Largest truncation error: 7.55241e-11
    Energy after sweep 61/87 is -189.791658827645
    Sweep 61/87 CPU time = 3m, 1.9s (Wall time = 23.28s)

    vN Entropy at center bond b=150 = 0.783774474273
    Eigs at center bond b=150: 0.7326 0.2151 0.0245 0.0145 0.0074 0.0040 
    Largest link dim during sweep 62/87 was 128
    Largest truncation error: 7.55246e-11
    Energy after sweep 62/87 is -189.791658835709
    Sweep 62/87 CPU time = 3m, 2.7s (Wall time = 23.40s)

    vN Entropy at center bond b=150 = 0.783780059759
    Eigs at center bond b=150: 0.7326 0.2151 0.0245 0.0145 0.0074 0.0040 
    Largest link dim during sweep 63/87 was 128
    Largest truncation error: 7.55247e-11
    Energy after sweep 63/87 is -189.791658838757
    Sweep 63/87 CPU time = 3m, 0.7s (Wall time = 23.12s)

    vN Entropy at center bond b=150 = 0.783783063362
    Eigs at center bond b=150: 0.7326 0.2151 0.0245 0.0145 0.0074 0.0040 
    Largest link dim during sweep 64/87 was 128
    Largest truncation error: 7.55249e-11
    Energy after sweep 64/87 is -189.791658841757
    Sweep 64/87 CPU time = 3m, 2.0s (Wall time = 23.36s)

    vN Entropy at center bond b=150 = 0.783784820491
    Eigs at center bond b=150: 0.7326 0.2151 0.0245 0.0145 0.0074 0.0040 
    Largest link dim during sweep 65/87 was 128
    Largest truncation error: 7.55249e-11
    Energy after sweep 65/87 is -189.791658841000
    Sweep 65/87 CPU time = 3m, 3.1s (Wall time = 23.51s)

    vN Entropy at center bond b=150 = 0.783785870851
    Eigs at center bond b=150: 0.7326 0.2151 0.0245 0.0145 0.0074 0.0040 
    Largest link dim during sweep 66/87 was 128
    Largest truncation error: 7.55252e-11
    Energy after sweep 66/87 is -189.791658841228
    Sweep 66/87 CPU time = 3m, 1.9s (Wall time = 23.33s)

    vN Entropy at center bond b=150 = 0.783786553460
    Eigs at center bond b=150: 0.7326 0.2151 0.0245 0.0145 0.0074 0.0040 
    Largest link dim during sweep 67/87 was 128
    Largest truncation error: 7.55252e-11
    Energy after sweep 67/87 is -189.791658841448
    Sweep 67/87 CPU time = 2m, 51.1s (Wall time = 21.96s)

    vN Entropy at center bond b=150 = 0.783786985182
    Eigs at center bond b=150: 0.7326 0.2151 0.0245 0.0145 0.0074 0.0040 
    Largest link dim during sweep 68/87 was 128
    Largest truncation error: 7.55252e-11
    Energy after sweep 68/87 is -189.791658842204
    Sweep 68/87 CPU time = 2m, 51.4s (Wall time = 22.01s)

    vN Entropy at center bond b=150 = 0.783787281195
    Eigs at center bond b=150: 0.7326 0.2151 0.0245 0.0145 0.0074 0.0040 
    Largest link dim during sweep 69/87 was 128
    Largest truncation error: 7.5525e-11
    Energy after sweep 69/87 is -189.791658841615
    Sweep 69/87 CPU time = 2m, 50.1s (Wall time = 21.83s)

    vN Entropy at center bond b=150 = 0.783787472677
    Eigs at center bond b=150: 0.7326 0.2151 0.0245 0.0145 0.0074 0.0040 
    Largest link dim during sweep 70/87 was 128
    Largest truncation error: 7.5525e-11
    Energy after sweep 70/87 is -189.791658841709
    Sweep 70/87 CPU time = 2m, 48.7s (Wall time = 21.67s)

    vN Entropy at center bond b=150 = 0.783787600815
    Eigs at center bond b=150: 0.7326 0.2151 0.0245 0.0145 0.0074 0.0040 
    Largest link dim during sweep 71/87 was 128
    Largest truncation error: 7.55249e-11
    Energy after sweep 71/87 is -189.791658841742
    Sweep 71/87 CPU time = 2m, 48.5s (Wall time = 21.69s)

    vN Entropy at center bond b=150 = 0.783787687281
    Eigs at center bond b=150: 0.7326 0.2151 0.0245 0.0145 0.0074 0.0040 
    Largest link dim during sweep 72/87 was 128
    Largest truncation error: 7.55253e-11
    Energy after sweep 72/87 is -189.791658841732
    Sweep 72/87 CPU time = 2m, 47.8s (Wall time = 21.54s)

    vN Entropy at center bond b=150 = 0.783787746086
    Eigs at center bond b=150: 0.7326 0.2151 0.0245 0.0145 0.0074 0.0040 
    Largest link dim during sweep 73/87 was 128
    Largest truncation error: 7.55251e-11
    Energy after sweep 73/87 is -189.791658841736
    Sweep 73/87 CPU time = 2m, 48.2s (Wall time = 21.57s)

    vN Entropy at center bond b=150 = 0.783787786325
    Eigs at center bond b=150: 0.7326 0.2151 0.0245 0.0145 0.0074 0.0040 
    Largest link dim during sweep 74/87 was 128
    Largest truncation error: 7.55252e-11
    Energy after sweep 74/87 is -189.791658841762
    Sweep 74/87 CPU time = 2m, 49.1s (Wall time = 21.71s)

    vN Entropy at center bond b=150 = 0.783792021518
    Eigs at center bond b=150: 0.7326 0.2151 0.0245 0.0145 0.0074 0.0040 
    Largest link dim during sweep 75/87 was 230
    Largest truncation error: 7.43418e-13
    Energy after sweep 75/87 is -189.791658985466
    Sweep 75/87 CPU time = 6m, 17.1s (Wall time = 52.43s)

    vN Entropy at center bond b=150 = 0.783793286170
    Eigs at center bond b=150: 0.7326 0.2151 0.0245 0.0145 0.0074 0.0040 
    Largest link dim during sweep 76/87 was 243
    Largest truncation error: 7.43499e-13
    Energy after sweep 76/87 is -189.791658988762
    Sweep 76/87 CPU time = 9m, 46.6s (Wall time = 1m, 19.4s)

    vN Entropy at center bond b=150 = 0.783794137355
    Eigs at center bond b=150: 0.7326 0.2151 0.0245 0.0145 0.0074 0.0040 
    Largest link dim during sweep 77/87 was 241
    Largest truncation error: 7.43456e-13
    Energy after sweep 77/87 is -189.791658989739
    Sweep 77/87 CPU time = 10m, 34s (Wall time = 1m, 25.2s)

    vN Entropy at center bond b=150 = 0.783794763723
    Eigs at center bond b=150: 0.7326 0.2151 0.0245 0.0145 0.0074 0.0040 
    Largest link dim during sweep 78/87 was 240
    Largest truncation error: 7.43493e-13
    Energy after sweep 78/87 is -189.791658990242
    Sweep 78/87 CPU time = 10m, 44s (Wall time = 1m, 25.6s)

    vN Entropy at center bond b=150 = 0.783795253189
    Eigs at center bond b=150: 0.7326 0.2151 0.0245 0.0145 0.0074 0.0040 
    Largest link dim during sweep 79/87 was 239
    Largest truncation error: 7.43362e-13
    Energy after sweep 79/87 is -189.791658990561
    Sweep 79/87 CPU time = 10m, 4s (Wall time = 1m, 17.9s)

    vN Entropy at center bond b=150 = 0.783795641969
    Eigs at center bond b=150: 0.7326 0.2151 0.0245 0.0145 0.0074 0.0040 
    Largest link dim during sweep 80/87 was 239
    Largest truncation error: 7.43369e-13
    Energy after sweep 80/87 is -189.791658990783
    Sweep 80/87 CPU time = 10m, 13s (Wall time = 1m, 19.1s)

    vN Entropy at center bond b=150 = 0.783795953075
    Eigs at center bond b=150: 0.7326 0.2151 0.0245 0.0145 0.0074 0.0040 
    Largest link dim during sweep 81/87 was 239
    Largest truncation error: 7.43487e-13
    Energy after sweep 81/87 is -189.791658990942
    Sweep 81/87 CPU time = 10m, 25s (Wall time = 1m, 20.7s)

    vN Entropy at center bond b=150 = 0.783796203150
    Eigs at center bond b=150: 0.7326 0.2151 0.0245 0.0145 0.0074 0.0040 
    Largest link dim during sweep 82/87 was 239
    Largest truncation error: 7.43597e-13
    Energy after sweep 82/87 is -189.791658991052
    Sweep 82/87 CPU time = 10m, 24s (Wall time = 1m, 20.6s)

    vN Entropy at center bond b=150 = 0.783796779254
    Eigs at center bond b=150: 0.7326 0.2151 0.0245 0.0145 0.0074 0.0040 
    Largest link dim during sweep 83/87 was 221
    Largest truncation error: 7.37372e-13
    Energy after sweep 83/87 is -189.791658990638
    Sweep 83/87 CPU time = 8m, 23.1s (Wall time = 1m, 4.8s)

    vN Entropy at center bond b=150 = 0.783796978490
    Eigs at center bond b=150: 0.7326 0.2151 0.0245 0.0145 0.0074 0.0040 
    Largest link dim during sweep 84/87 was 396
    Largest truncation error: 7.32704e-15
    Energy after sweep 84/87 is -189.791658992914
    Sweep 84/87 CPU time = 20m, 18s (Wall time = 2m, 45.0s)

    vN Entropy at center bond b=150 = 0.783797218985
    Eigs at center bond b=150: 0.7326 0.2151 0.0245 0.0145 0.0074 0.0040 
    Largest link dim during sweep 85/87 was 427
    Largest truncation error: 7.3448e-15
    Energy after sweep 85/87 is -189.791658993050
    Sweep 85/87 CPU time = 36m, 53s (Wall time = 4m, 55.0s)

    vN Entropy at center bond b=150 = 0.783797394515
    Eigs at center bond b=150: 0.7326 0.2151 0.0245 0.0145 0.0074 0.0040 
    Largest link dim during sweep 86/87 was 425
    Largest truncation error: 7.32565e-15
    Energy after sweep 86/87 is -189.791658993121
    Sweep 86/87 CPU time = 35m, 48s (Wall time = 4m, 45.0s)

    vN Entropy at center bond b=150 = 0.783797515464
    Eigs at center bond b=150: 0.7326 0.2151 0.0245 0.0145 0.0074 0.0040 
    Largest link dim during sweep 87/87 was 423
    Largest truncation error: 7.32522e-15
    Energy after sweep 87/87 is -189.791658993158
    Sweep 87/87 CPU time = 36m, 32s (Wall time = 4m, 47.9s)
Initial energy = 0.00000

Ground State Energy = -189.7916589932
run_outputs/outputpsi/N_300_sweep_87_t_0.030000_J_1.000000_V_0.600000_D_0.018000_U_0.100000_mu_0.000000_E_0.100000 notconverge
Wall-clock time (s) = 14118.276027
