//////////////////////////
Reading input file ......

Got input.N = 303
Got input.t = 0.03
Got input.J = 1
Got input.V = 0.6
Got input.D = 0.018
Got input.U = 0.8
Got input.mu = 0
Got input.E = 0.03
Got input.nsweeps = 87
Sweeps:
1  MaxDim=20, MinDim=20, Cutoff=1.0E-06, Niter=8, Noise=1.0E-05
2  MaxDim=20, MinDim=20, Cutoff=1.0E-06, Niter=8, Noise=1.0E-05
3  MaxDim=20, MinDim=20, Cutoff=1.0E-06, Niter=8, Noise=1.0E-05
4  MaxDim=20, MinDim=20, Cutoff=1.0E-06, Niter=8, Noise=1.0E-05
5  MaxDim=20, MinDim=20, Cutoff=1.0E-06, Niter=8, Noise=1.0E-05
6  MaxDim=20, MinDim=20, Cutoff=1.0E-06, Niter=8, Noise=1.0E-05
7  MaxDim=20, MinDim=20, Cutoff=1.0E-06, Niter=8, Noise=1.0E-05
8  MaxDim=40, MinDim=20, Cutoff=1.0E-06, Niter=4, Noise=1.0E-05
9  MaxDim=40, MinDim=20, Cutoff=1.0E-06, Niter=4, Noise=1.0E-05
10  MaxDim=40, MinDim=20, Cutoff=1.0E-06, Niter=4, Noise=1.0E-05
11  MaxDim=40, MinDim=20, Cutoff=1.0E-06, Niter=4, Noise=1.0E-05
12  MaxDim=40, MinDim=20, Cutoff=1.0E-06, Niter=4, Noise=1.0E-05
13  MaxDim=40, MinDim=20, Cutoff=1.0E-06, Niter=4, Noise=1.0E-05
14  MaxDim=40, MinDim=20, Cutoff=1.0E-06, Niter=4, Noise=1.0E-05
15  MaxDim=80, MinDim=10, Cutoff=1.0E-06, Niter=4, Noise=1.0E-05
16  MaxDim=80, MinDim=10, Cutoff=1.0E-06, Niter=4, Noise=1.0E-05
17  MaxDim=80, MinDim=10, Cutoff=1.0E-06, Niter=4, Noise=1.0E-05
18  MaxDim=80, MinDim=10, Cutoff=1.0E-06, Niter=4, Noise=1.0E-05
19  MaxDim=80, MinDim=10, Cutoff=1.0E-06, Niter=4, Noise=1.0E-05
20  MaxDim=80, MinDim=10, Cutoff=1.0E-06, Niter=4, Noise=1.0E-05
21  MaxDim=80, MinDim=10, Cutoff=1.0E-06, Niter=4, Noise=1.0E-05
22  MaxDim=80, MinDim=10, Cutoff=1.0E-06, Niter=4, Noise=1.0E-05
23  MaxDim=80, MinDim=10, Cutoff=1.0E-06, Niter=4, Noise=1.0E-05
24  MaxDim=80, MinDim=10, Cutoff=1.0E-06, Niter=4, Noise=1.0E-05
25  MaxDim=80, MinDim=10, Cutoff=1.0E-06, Niter=4, Noise=1.0E-05
26  MaxDim=80, MinDim=10, Cutoff=1.0E-06, Niter=4, Noise=1.0E-05
27  MaxDim=80, MinDim=10, Cutoff=1.0E-06, Niter=4, Noise=1.0E-05
28  MaxDim=80, MinDim=10, Cutoff=1.0E-06, Niter=4, Noise=1.0E-05
29  MaxDim=80, MinDim=10, Cutoff=1.0E-06, Niter=4, Noise=1.0E-05
30  MaxDim=80, MinDim=10, Cutoff=1.0E-06, Niter=4, Noise=1.0E-05
31  MaxDim=80, MinDim=10, Cutoff=1.0E-06, Niter=4, Noise=1.0E-05
32  MaxDim=80, MinDim=10, Cutoff=1.0E-06, Niter=4, Noise=1.0E-05
33  MaxDim=80, MinDim=10, Cutoff=1.0E-06, Niter=4, Noise=1.0E-05
34  MaxDim=80, MinDim=10, Cutoff=1.0E-06, Niter=4, Noise=1.0E-05
35  MaxDim=80, MinDim=10, Cutoff=1.0E-06, Niter=4, Noise=1.0E-05
36  MaxDim=80, MinDim=10, Cutoff=1.0E-06, Niter=4, Noise=1.0E-05
37  MaxDim=160, MinDim=10, Cutoff=1.0E-08, Niter=4, Noise=1.0E-06
38  MaxDim=160, MinDim=10, Cutoff=1.0E-08, Niter=4, Noise=1.0E-06
39  MaxDim=160, MinDim=10, Cutoff=1.0E-08, Niter=4, Noise=1.0E-06
40  MaxDim=160, MinDim=10, Cutoff=1.0E-08, Niter=4, Noise=1.0E-06
41  MaxDim=160, MinDim=10, Cutoff=1.0E-08, Niter=4, Noise=1.0E-06
42  MaxDim=160, MinDim=10, Cutoff=1.0E-08, Niter=4, Noise=1.0E-06
43  MaxDim=160, MinDim=10, Cutoff=1.0E-08, Niter=4, Noise=1.0E-06
44  MaxDim=160, MinDim=10, Cutoff=1.0E-08, Niter=4, Noise=1.0E-06
45  MaxDim=160, MinDim=10, Cutoff=1.0E-08, Niter=4, Noise=1.0E-06
46  MaxDim=160, MinDim=10, Cutoff=1.0E-08, Niter=4, Noise=1.0E-06
47  MaxDim=160, MinDim=10, Cutoff=1.0E-08, Niter=4, Noise=1.0E-06
48  MaxDim=160, MinDim=10, Cutoff=1.0E-08, Niter=4, Noise=1.0E-06
49  MaxDim=160, MinDim=10, Cutoff=1.0E-08, Niter=4, Noise=1.0E-06
50  MaxDim=160, MinDim=10, Cutoff=1.0E-08, Niter=4, Noise=1.0E-06
51  MaxDim=160, MinDim=10, Cutoff=1.0E-08, Niter=4, Noise=1.0E-06
52  MaxDim=160, MinDim=10, Cutoff=1.0E-08, Niter=4, Noise=1.0E-06
53  MaxDim=160, MinDim=10, Cutoff=1.0E-08, Niter=4, Noise=1.0E-06
54  MaxDim=160, MinDim=10, Cutoff=1.0E-08, Niter=4, Noise=1.0E-06
55  MaxDim=160, MinDim=10, Cutoff=1.0E-08, Niter=4, Noise=1.0E-06
56  MaxDim=160, MinDim=10, Cutoff=1.0E-08, Niter=4, Noise=1.0E-06
57  MaxDim=160, MinDim=10, Cutoff=1.0E-08, Niter=4, Noise=1.0E-06
58  MaxDim=160, MinDim=10, Cutoff=1.0E-08, Niter=4, Noise=1.0E-06
59  MaxDim=320, MinDim=10, Cutoff=1.0E-10, Niter=4, Noise=1.0E-07
60  MaxDim=320, MinDim=10, Cutoff=1.0E-10, Niter=4, Noise=1.0E-07
61  MaxDim=320, MinDim=10, Cutoff=1.0E-10, Niter=4, Noise=1.0E-07
62  MaxDim=320, MinDim=10, Cutoff=1.0E-10, Niter=4, Noise=1.0E-07
63  MaxDim=320, MinDim=10, Cutoff=1.0E-10, Niter=4, Noise=1.0E-07
64  MaxDim=320, MinDim=10, Cutoff=1.0E-10, Niter=4, Noise=1.0E-07
65  MaxDim=320, MinDim=10, Cutoff=1.0E-10, Niter=4, Noise=1.0E-07
66  MaxDim=320, MinDim=10, Cutoff=1.0E-10, Niter=4, Noise=1.0E-07
67  MaxDim=320, MinDim=10, Cutoff=1.0E-10, Niter=4, Noise=1.0E-07
68  MaxDim=320, MinDim=10, Cutoff=1.0E-10, Niter=4, Noise=1.0E-07
69  MaxDim=320, MinDim=10, Cutoff=1.0E-10, Niter=4, Noise=1.0E-07
70  MaxDim=320, MinDim=10, Cutoff=1.0E-10, Niter=4, Noise=1.0E-07
71  MaxDim=320, MinDim=10, Cutoff=1.0E-10, Niter=4, Noise=1.0E-07
72  MaxDim=320, MinDim=10, Cutoff=1.0E-10, Niter=4, Noise=1.0E-07
73  MaxDim=320, MinDim=10, Cutoff=1.0E-10, Niter=4, Noise=1.0E-07
74  MaxDim=320, MinDim=10, Cutoff=1.0E-10, Niter=4, Noise=1.0E-07
75  MaxDim=640, MinDim=10, Cutoff=1.0E-12, Niter=2, Noise=1.0E-08
76  MaxDim=640, MinDim=10, Cutoff=1.0E-12, Niter=2, Noise=1.0E-08
77  MaxDim=640, MinDim=10, Cutoff=1.0E-12, Niter=2, Noise=1.0E-08
78  MaxDim=640, MinDim=10, Cutoff=1.0E-12, Niter=2, Noise=1.0E-08
79  MaxDim=640, MinDim=10, Cutoff=1.0E-12, Niter=2, Noise=1.0E-08
80  MaxDim=640, MinDim=10, Cutoff=1.0E-12, Niter=2, Noise=1.0E-08
81  MaxDim=640, MinDim=10, Cutoff=1.0E-12, Niter=2, Noise=1.0E-08
82  MaxDim=640, MinDim=10, Cutoff=1.0E-12, Niter=2, Noise=1.0E-08
83  MaxDim=1280, MinDim=10, Cutoff=1.0E-12, Niter=2, Noise=0.0E+00
84  MaxDim=1280, MinDim=10, Cutoff=1.0E-14, Niter=2, Noise=0.0E+00
85  MaxDim=1280, MinDim=10, Cutoff=1.0E-14, Niter=2, Noise=0.0E+00
86  MaxDim=1280, MinDim=10, Cutoff=1.0E-14, Niter=2, Noise=0.0E+00
87  MaxDim=1280, MinDim=10, Cutoff=1.0E-14, Niter=2, Noise=0.0E+00


    vN Entropy at center bond b=151 = 0.678624248335
    Eigs at center bond b=151: 0.7589 0.2103 0.0196 0.0047 0.0046 
    Largest link dim during sweep 1/87 was 20
    Largest truncation error: 3.34657e-05
    Energy after sweep 1/87 is -166.976633561725
    Sweep 1/87 CPU time = 8.407s (Wall time = 1.084s)

    vN Entropy at center bond b=151 = 0.766650808604
    Eigs at center bond b=151: 0.6945 0.2711 0.0194 0.0066 0.0054 0.0015 
    Largest link dim during sweep 2/87 was 20
    Largest truncation error: 2.47668e-06
    Energy after sweep 2/87 is -167.017323463698
    Sweep 2/87 CPU time = 11.67s (Wall time = 1.490s)

    vN Entropy at center bond b=151 = 0.772106342770
    Eigs at center bond b=151: 0.6883 0.2774 0.0192 0.0067 0.0054 0.0016 
    Largest link dim during sweep 3/87 was 20
    Largest truncation error: 2.38433e-06
    Energy after sweep 3/87 is -167.018258177074
    Sweep 3/87 CPU time = 11.57s (Wall time = 1.481s)

    vN Entropy at center bond b=151 = 0.773533601619
    Eigs at center bond b=151: 0.6866 0.2791 0.0191 0.0067 0.0054 0.0016 
    Largest link dim during sweep 4/87 was 20
    Largest truncation error: 2.39171e-06
    Energy after sweep 4/87 is -167.018397403431
    Sweep 4/87 CPU time = 11.58s (Wall time = 1.476s)

    vN Entropy at center bond b=151 = 0.774099488962
    Eigs at center bond b=151: 0.6860 0.2797 0.0191 0.0068 0.0054 0.0016 
    Largest link dim during sweep 5/87 was 20
    Largest truncation error: 2.39284e-06
    Energy after sweep 5/87 is -167.018430596287
    Sweep 5/87 CPU time = 11.68s (Wall time = 1.490s)

    vN Entropy at center bond b=151 = 0.774363323472
    Eigs at center bond b=151: 0.6857 0.2800 0.0191 0.0068 0.0054 0.0016 
    Largest link dim during sweep 6/87 was 20
    Largest truncation error: 2.39501e-06
    Energy after sweep 6/87 is -167.018441378457
    Sweep 6/87 CPU time = 11.61s (Wall time = 1.487s)

    vN Entropy at center bond b=151 = 0.774494630441
    Eigs at center bond b=151: 0.6856 0.2802 0.0191 0.0068 0.0054 0.0016 
    Largest link dim during sweep 7/87 was 20
    Largest truncation error: 2.3965e-06
    Energy after sweep 7/87 is -167.018445761967
    Sweep 7/87 CPU time = 11.64s (Wall time = 1.488s)

    vN Entropy at center bond b=151 = 0.775731761142
    Eigs at center bond b=151: 0.6852 0.2803 0.0192 0.0068 0.0055 0.0016 
    Largest link dim during sweep 8/87 was 28
    Largest truncation error: 7.72224e-07
    Energy after sweep 8/87 is -167.020710815408
    Sweep 8/87 CPU time = 7.505s (Wall time = 0.958s)

    vN Entropy at center bond b=151 = 0.776237803314
    Eigs at center bond b=151: 0.6853 0.2801 0.0192 0.0068 0.0055 0.0016 
    Largest link dim during sweep 9/87 was 28
    Largest truncation error: 7.71808e-07
    Energy after sweep 9/87 is -167.020789830288
    Sweep 9/87 CPU time = 8.008s (Wall time = 1.020s)

    vN Entropy at center bond b=151 = 0.776314859306
    Eigs at center bond b=151: 0.6855 0.2799 0.0193 0.0068 0.0055 0.0016 
    Largest link dim during sweep 10/87 was 28
    Largest truncation error: 7.68134e-07
    Energy after sweep 10/87 is -167.020799220883
    Sweep 10/87 CPU time = 8.043s (Wall time = 1.029s)

    vN Entropy at center bond b=151 = 0.776232227842
    Eigs at center bond b=151: 0.6857 0.2796 0.0193 0.0068 0.0055 0.0016 
    Largest link dim during sweep 11/87 was 28
    Largest truncation error: 7.68353e-07
    Energy after sweep 11/87 is -167.020802862675
    Sweep 11/87 CPU time = 8.086s (Wall time = 1.037s)

    vN Entropy at center bond b=151 = 0.776151186618
    Eigs at center bond b=151: 0.6859 0.2794 0.0193 0.0068 0.0055 0.0016 
    Largest link dim during sweep 12/87 was 28
    Largest truncation error: 7.66686e-07
    Energy after sweep 12/87 is -167.020805011794
    Sweep 12/87 CPU time = 8.116s (Wall time = 1.035s)

    vN Entropy at center bond b=151 = 0.776091677272
    Eigs at center bond b=151: 0.6860 0.2793 0.0193 0.0068 0.0055 0.0016 
    Largest link dim during sweep 13/87 was 28
    Largest truncation error: 7.68982e-07
    Energy after sweep 13/87 is -167.020805513854
    Sweep 13/87 CPU time = 8.081s (Wall time = 1.032s)

    vN Entropy at center bond b=151 = 0.776051228889
    Eigs at center bond b=151: 0.6860 0.2793 0.0193 0.0068 0.0055 0.0016 
    Largest link dim during sweep 14/87 was 28
    Largest truncation error: 7.6668e-07
    Energy after sweep 14/87 is -167.020807384829
    Sweep 14/87 CPU time = 8.105s (Wall time = 1.033s)

    vN Entropy at center bond b=151 = 0.776024320734
    Eigs at center bond b=151: 0.6861 0.2792 0.0193 0.0068 0.0055 0.0016 
    Largest link dim during sweep 15/87 was 28
    Largest truncation error: 7.68441e-07
    Energy after sweep 15/87 is -167.020802789781
    Sweep 15/87 CPU time = 8.073s (Wall time = 1.034s)

    vN Entropy at center bond b=151 = 0.776006463594
    Eigs at center bond b=151: 0.6861 0.2792 0.0193 0.0068 0.0055 0.0016 
    Largest link dim during sweep 16/87 was 28
    Largest truncation error: 7.69893e-07
    Energy after sweep 16/87 is -167.020802900698
    Sweep 16/87 CPU time = 8.166s (Wall time = 1.047s)

    vN Entropy at center bond b=151 = 0.775994593129
    Eigs at center bond b=151: 0.6861 0.2791 0.0193 0.0068 0.0055 0.0016 
    Largest link dim during sweep 17/87 was 28
    Largest truncation error: 7.67792e-07
    Energy after sweep 17/87 is -167.020802985705
    Sweep 17/87 CPU time = 8.063s (Wall time = 1.035s)

    vN Entropy at center bond b=151 = 0.775986633368
    Eigs at center bond b=151: 0.6862 0.2791 0.0193 0.0068 0.0055 0.0016 
    Largest link dim during sweep 18/87 was 28
    Largest truncation error: 7.68318e-07
    Energy after sweep 18/87 is -167.020803025947
    Sweep 18/87 CPU time = 8.098s (Wall time = 1.040s)

    vN Entropy at center bond b=151 = 0.775981245898
    Eigs at center bond b=151: 0.6862 0.2791 0.0193 0.0068 0.0055 0.0016 
    Largest link dim during sweep 19/87 was 28
    Largest truncation error: 7.68674e-07
    Energy after sweep 19/87 is -167.020803050296
    Sweep 19/87 CPU time = 8.159s (Wall time = 1.043s)

    vN Entropy at center bond b=151 = 0.775977581282
    Eigs at center bond b=151: 0.6862 0.2791 0.0193 0.0068 0.0055 0.0016 
    Largest link dim during sweep 20/87 was 28
    Largest truncation error: 7.68921e-07
    Energy after sweep 20/87 is -167.020803065973
    Sweep 20/87 CPU time = 8.113s (Wall time = 1.039s)

    vN Entropy at center bond b=151 = 0.775975080692
    Eigs at center bond b=151: 0.6862 0.2791 0.0193 0.0068 0.0055 0.0016 
    Largest link dim during sweep 21/87 was 28
    Largest truncation error: 7.69092e-07
    Energy after sweep 21/87 is -167.020803076260
    Sweep 21/87 CPU time = 8.125s (Wall time = 1.036s)

    vN Entropy at center bond b=151 = 0.775973369278
    Eigs at center bond b=151: 0.6862 0.2791 0.0193 0.0068 0.0055 0.0016 
    Largest link dim during sweep 22/87 was 28
    Largest truncation error: 7.69212e-07
    Energy after sweep 22/87 is -167.020803083072
    Sweep 22/87 CPU time = 8.113s (Wall time = 1.037s)

    vN Entropy at center bond b=151 = 0.775972194353
    Eigs at center bond b=151: 0.6862 0.2791 0.0193 0.0068 0.0055 0.0016 
    Largest link dim during sweep 23/87 was 28
    Largest truncation error: 7.69296e-07
    Energy after sweep 23/87 is -167.020803087616
    Sweep 23/87 CPU time = 8.043s (Wall time = 1.030s)

    vN Entropy at center bond b=151 = 0.775971385273
    Eigs at center bond b=151: 0.6862 0.2791 0.0193 0.0068 0.0055 0.0016 
    Largest link dim during sweep 24/87 was 28
    Largest truncation error: 7.69356e-07
    Energy after sweep 24/87 is -167.020803090664
    Sweep 24/87 CPU time = 8.058s (Wall time = 1.029s)

    vN Entropy at center bond b=151 = 0.775970826525
    Eigs at center bond b=151: 0.6862 0.2791 0.0193 0.0068 0.0055 0.0016 
    Largest link dim during sweep 25/87 was 28
    Largest truncation error: 7.69397e-07
    Energy after sweep 25/87 is -167.020803092727
    Sweep 25/87 CPU time = 8.081s (Wall time = 1.034s)

    vN Entropy at center bond b=151 = 0.775970439651
    Eigs at center bond b=151: 0.6862 0.2791 0.0193 0.0068 0.0055 0.0016 
    Largest link dim during sweep 26/87 was 28
    Largest truncation error: 7.69427e-07
    Energy after sweep 26/87 is -167.020803094123
    Sweep 26/87 CPU time = 8.055s (Wall time = 1.031s)

    vN Entropy at center bond b=151 = 0.775970171163
    Eigs at center bond b=151: 0.6862 0.2791 0.0193 0.0068 0.0055 0.0016 
    Largest link dim during sweep 27/87 was 28
    Largest truncation error: 7.69447e-07
    Energy after sweep 27/87 is -167.020803095076
    Sweep 27/87 CPU time = 8.038s (Wall time = 1.032s)

    vN Entropy at center bond b=151 = 0.775969984456
    Eigs at center bond b=151: 0.6862 0.2791 0.0193 0.0068 0.0055 0.0016 
    Largest link dim during sweep 28/87 was 28
    Largest truncation error: 7.69462e-07
    Energy after sweep 28/87 is -167.020803095731
    Sweep 28/87 CPU time = 8.127s (Wall time = 1.036s)

    vN Entropy at center bond b=151 = 0.775969854388
    Eigs at center bond b=151: 0.6862 0.2791 0.0193 0.0068 0.0055 0.0016 
    Largest link dim during sweep 29/87 was 28
    Largest truncation error: 7.69472e-07
    Energy after sweep 29/87 is -167.020803096179
    Sweep 29/87 CPU time = 8.078s (Wall time = 1.035s)

    vN Entropy at center bond b=151 = 0.775969763638
    Eigs at center bond b=151: 0.6862 0.2791 0.0193 0.0068 0.0055 0.0016 
    Largest link dim during sweep 30/87 was 28
    Largest truncation error: 7.69479e-07
    Energy after sweep 30/87 is -167.020803096493
    Sweep 30/87 CPU time = 8.117s (Wall time = 1.036s)

    vN Entropy at center bond b=151 = 0.775969700236
    Eigs at center bond b=151: 0.6862 0.2791 0.0193 0.0068 0.0055 0.0016 
    Largest link dim during sweep 31/87 was 28
    Largest truncation error: 7.69484e-07
    Energy after sweep 31/87 is -167.020803096709
    Sweep 31/87 CPU time = 8.132s (Wall time = 1.041s)

    vN Entropy at center bond b=151 = 0.775969655889
    Eigs at center bond b=151: 0.6862 0.2791 0.0193 0.0068 0.0055 0.0016 
    Largest link dim during sweep 32/87 was 28
    Largest truncation error: 7.69488e-07
    Energy after sweep 32/87 is -167.020803096859
    Sweep 32/87 CPU time = 8.093s (Wall time = 1.034s)

    vN Entropy at center bond b=151 = 0.775969624839
    Eigs at center bond b=151: 0.6862 0.2791 0.0193 0.0068 0.0055 0.0016 
    Largest link dim during sweep 33/87 was 28
    Largest truncation error: 7.6949e-07
    Energy after sweep 33/87 is -167.020803096962
    Sweep 33/87 CPU time = 8.079s (Wall time = 1.033s)

    vN Entropy at center bond b=151 = 0.775969603079
    Eigs at center bond b=151: 0.6862 0.2791 0.0193 0.0068 0.0055 0.0016 
    Largest link dim during sweep 34/87 was 28
    Largest truncation error: 7.69492e-07
    Energy after sweep 34/87 is -167.020803097035
    Sweep 34/87 CPU time = 8.091s (Wall time = 1.034s)

    vN Entropy at center bond b=151 = 0.775969587820
    Eigs at center bond b=151: 0.6862 0.2791 0.0193 0.0068 0.0055 0.0016 
    Largest link dim during sweep 35/87 was 28
    Largest truncation error: 7.69493e-07
    Energy after sweep 35/87 is -167.020803097083
    Sweep 35/87 CPU time = 8.056s (Wall time = 1.033s)

    vN Entropy at center bond b=151 = 0.775969577111
    Eigs at center bond b=151: 0.6862 0.2791 0.0193 0.0068 0.0055 0.0016 
    Largest link dim during sweep 36/87 was 28
    Largest truncation error: 7.69494e-07
    Energy after sweep 36/87 is -167.020803097119
    Sweep 36/87 CPU time = 8.062s (Wall time = 1.029s)

    vN Entropy at center bond b=151 = 0.782918639857
    Eigs at center bond b=151: 0.6857 0.2784 0.0195 0.0069 0.0058 0.0017 
    Largest link dim during sweep 37/87 was 63
    Largest truncation error: 7.71345e-09
    Energy after sweep 37/87 is -167.022796487396
    Sweep 37/87 CPU time = 22.04s (Wall time = 2.825s)

    vN Entropy at center bond b=151 = 0.872758182662
    Eigs at center bond b=151: 0.6736 0.2699 0.0255 0.0111 0.0091 0.0040 0.0036 0.0014 
    Largest link dim during sweep 38/87 was 88
    Largest truncation error: 7.85708e-09
    Energy after sweep 38/87 is -167.024034111349
    Sweep 38/87 CPU time = 51.47s (Wall time = 6.616s)

    vN Entropy at center bond b=151 = 1.015022392636
    Eigs at center bond b=151: 0.6371 0.2641 0.0499 0.0197 0.0146 0.0054 0.0044 0.0015 0.0012 
    Largest link dim during sweep 39/87 was 105
    Largest truncation error: 7.91797e-09
    Energy after sweep 39/87 is -167.024489991629
    Sweep 39/87 CPU time = 1m, 16.9s (Wall time = 9.873s)

    vN Entropy at center bond b=151 = 1.041605521355
    Eigs at center bond b=151: 0.6280 0.2682 0.0513 0.0207 0.0151 0.0057 0.0047 0.0016 0.0012 
    Largest link dim during sweep 40/87 was 122
    Largest truncation error: 7.91986e-09
    Energy after sweep 40/87 is -167.024600453754
    Sweep 40/87 CPU time = 1m, 37.5s (Wall time = 12.49s)

    vN Entropy at center bond b=151 = 1.073500842509
    Eigs at center bond b=151: 0.6222 0.2744 0.0410 0.0195 0.0167 0.0077 0.0073 0.0032 0.0029 0.0015 
    Largest link dim during sweep 41/87 was 141
    Largest truncation error: 7.93178e-09
    Energy after sweep 41/87 is -167.024761627229
    Sweep 41/87 CPU time = 1m, 57.1s (Wall time = 14.98s)

    vN Entropy at center bond b=151 = 1.177161656888
    Eigs at center bond b=151: 0.5934 0.2775 0.0406 0.0326 0.0180 0.0140 0.0091 0.0038 0.0034 0.0021 
    Largest link dim during sweep 42/87 was 156
    Largest truncation error: 7.47411e-09
    Energy after sweep 42/87 is -167.024908003895
    Sweep 42/87 CPU time = 2m, 20.3s (Wall time = 18.29s)

    vN Entropy at center bond b=151 = 1.243999510870
    Eigs at center bond b=151: 0.5700 0.2794 0.0554 0.0299 0.0261 0.0135 0.0089 0.0039 0.0032 0.0030 
    Largest link dim during sweep 43/87 was 160
    Largest truncation error: 7.44541e-09
    Energy after sweep 43/87 is -167.024964710489
    Sweep 43/87 CPU time = 2m, 46.2s (Wall time = 22.27s)

    vN Entropy at center bond b=151 = 1.262135800332
    Eigs at center bond b=151: 0.5630 0.2801 0.0595 0.0293 0.0285 0.0135 0.0089 0.0039 0.0033 0.0032 
    Largest link dim during sweep 44/87 was 160
    Largest truncation error: 7.43142e-09
    Energy after sweep 44/87 is -167.024978581919
    Sweep 44/87 CPU time = 2m, 59.1s (Wall time = 23.94s)

    vN Entropy at center bond b=151 = 1.266090379951
    Eigs at center bond b=151: 0.5614 0.2803 0.0604 0.0292 0.0290 0.0135 0.0088 0.0039 0.0033 0.0032 
    Largest link dim during sweep 45/87 was 160
    Largest truncation error: 7.48486e-09
    Energy after sweep 45/87 is -167.024981652436
    Sweep 45/87 CPU time = 3m, 4.8s (Wall time = 24.90s)

    vN Entropy at center bond b=151 = 1.267188189750
    Eigs at center bond b=151: 0.5610 0.2803 0.0606 0.0292 0.0291 0.0135 0.0088 0.0039 0.0033 0.0032 
    Largest link dim during sweep 46/87 was 160
    Largest truncation error: 7.42459e-09
    Energy after sweep 46/87 is -167.024982460258
    Sweep 46/87 CPU time = 3m, 5.0s (Wall time = 24.82s)

    vN Entropy at center bond b=151 = 1.267599582697
    Eigs at center bond b=151: 0.5608 0.2804 0.0607 0.0292 0.0291 0.0135 0.0088 0.0039 0.0033 0.0032 
    Largest link dim during sweep 47/87 was 160
    Largest truncation error: 7.37008e-09
    Energy after sweep 47/87 is -167.024982763734
    Sweep 47/87 CPU time = 3m, 5.6s (Wall time = 24.91s)

    vN Entropy at center bond b=151 = 1.267785574116
    Eigs at center bond b=151: 0.5607 0.2804 0.0608 0.0293 0.0291 0.0135 0.0088 0.0039 0.0033 0.0032 
    Largest link dim during sweep 48/87 was 160
    Largest truncation error: 7.4516e-09
    Energy after sweep 48/87 is -167.024982873825
    Sweep 48/87 CPU time = 3m, 5.3s (Wall time = 24.86s)

    vN Entropy at center bond b=151 = 1.267878209081
    Eigs at center bond b=151: 0.5607 0.2804 0.0608 0.0293 0.0291 0.0135 0.0088 0.0039 0.0033 0.0032 
    Largest link dim during sweep 49/87 was 160
    Largest truncation error: 7.43639e-09
    Energy after sweep 49/87 is -167.024982944370
    Sweep 49/87 CPU time = 3m, 5.6s (Wall time = 24.99s)

    vN Entropy at center bond b=151 = 1.267927287228
    Eigs at center bond b=151: 0.5607 0.2804 0.0608 0.0293 0.0291 0.0135 0.0088 0.0039 0.0033 0.0032 
    Largest link dim during sweep 50/87 was 160
    Largest truncation error: 7.42949e-09
    Energy after sweep 50/87 is -167.024982966043
    Sweep 50/87 CPU time = 3m, 5.8s (Wall time = 25.06s)

    vN Entropy at center bond b=151 = 1.267954399223
    Eigs at center bond b=151: 0.5606 0.2804 0.0608 0.0293 0.0291 0.0135 0.0088 0.0039 0.0033 0.0032 
    Largest link dim during sweep 51/87 was 160
    Largest truncation error: 7.4256e-09
    Energy after sweep 51/87 is -167.024982971916
    Sweep 51/87 CPU time = 3m, 8.3s (Wall time = 25.41s)

    vN Entropy at center bond b=151 = 1.267969514395
    Eigs at center bond b=151: 0.5606 0.2804 0.0608 0.0293 0.0291 0.0135 0.0088 0.0039 0.0033 0.0032 
    Largest link dim during sweep 52/87 was 160
    Largest truncation error: 7.42337e-09
    Energy after sweep 52/87 is -167.024982985775
    Sweep 52/87 CPU time = 3m, 11.9s (Wall time = 26.02s)

    vN Entropy at center bond b=151 = 1.267978738271
    Eigs at center bond b=151: 0.5606 0.2804 0.0608 0.0293 0.0291 0.0135 0.0088 0.0039 0.0033 0.0032 
    Largest link dim during sweep 53/87 was 160
    Largest truncation error: 7.42209e-09
    Energy after sweep 53/87 is -167.024982989451
    Sweep 53/87 CPU time = 3m, 12.6s (Wall time = 25.94s)

    vN Entropy at center bond b=151 = 1.267983508453
    Eigs at center bond b=151: 0.5606 0.2804 0.0608 0.0293 0.0291 0.0135 0.0088 0.0039 0.0033 0.0032 
    Largest link dim during sweep 54/87 was 160
    Largest truncation error: 7.42135e-09
    Energy after sweep 54/87 is -167.024982990424
    Sweep 54/87 CPU time = 3m, 7.3s (Wall time = 25.32s)

    vN Entropy at center bond b=151 = 1.267986881570
    Eigs at center bond b=151: 0.5606 0.2804 0.0608 0.0293 0.0291 0.0135 0.0088 0.0039 0.0033 0.0032 
    Largest link dim during sweep 55/87 was 160
    Largest truncation error: 7.42092e-09
    Energy after sweep 55/87 is -167.024982994193
    Sweep 55/87 CPU time = 3m, 11.4s (Wall time = 25.71s)

    vN Entropy at center bond b=151 = 1.267989596273
    Eigs at center bond b=151: 0.5606 0.2804 0.0608 0.0293 0.0291 0.0135 0.0088 0.0039 0.0033 0.0032 
    Largest link dim during sweep 56/87 was 160
    Largest truncation error: 7.47944e-09
    Energy after sweep 56/87 is -167.024982995892
    Sweep 56/87 CPU time = 3m, 4.9s (Wall time = 24.64s)

    vN Entropy at center bond b=151 = 1.267991601465
    Eigs at center bond b=151: 0.5606 0.2804 0.0608 0.0293 0.0291 0.0135 0.0088 0.0039 0.0033 0.0032 
    Largest link dim during sweep 57/87 was 160
    Largest truncation error: 7.46871e-09
    Energy after sweep 57/87 is -167.024982996761
    Sweep 57/87 CPU time = 3m, 10.4s (Wall time = 25.77s)

    vN Entropy at center bond b=151 = 1.267993401404
    Eigs at center bond b=151: 0.5606 0.2804 0.0608 0.0293 0.0291 0.0135 0.0088 0.0039 0.0033 0.0032 
    Largest link dim during sweep 58/87 was 160
    Largest truncation error: 7.46839e-09
    Energy after sweep 58/87 is -167.024982998843
    Sweep 58/87 CPU time = 3m, 10.3s (Wall time = 25.74s)

    vN Entropy at center bond b=151 = 1.270058395313
    Eigs at center bond b=151: 0.5601 0.2802 0.0610 0.0294 0.0292 0.0135 0.0089 0.0039 0.0034 0.0032 
    Largest link dim during sweep 59/87 was 315
    Largest truncation error: 7.47338e-11
    Energy after sweep 59/87 is -167.025000688600
    Sweep 59/87 CPU time = 9m, 51.4s (Wall time = 1m, 19.4s)

    vN Entropy at center bond b=151 = 1.271148343938
    Eigs at center bond b=151: 0.5599 0.2801 0.0611 0.0295 0.0293 0.0136 0.0089 0.0039 0.0034 0.0032 
    Largest link dim during sweep 60/87 was 320
    Largest truncation error: 7.64104e-11
    Energy after sweep 60/87 is -167.025000826683
    Sweep 60/87 CPU time = 17m, 8s (Wall time = 2m, 15.9s)

    vN Entropy at center bond b=151 = 1.271253808889
    Eigs at center bond b=151: 0.5599 0.2801 0.0611 0.0295 0.0293 0.0136 0.0089 0.0039 0.0034 0.0032 
    Largest link dim during sweep 61/87 was 320
    Largest truncation error: 7.46256e-11
    Energy after sweep 61/87 is -167.025000831917
    Sweep 61/87 CPU time = 17m, 20s (Wall time = 2m, 14.4s)

    vN Entropy at center bond b=151 = 1.271269067858
    Eigs at center bond b=151: 0.5599 0.2801 0.0611 0.0295 0.0293 0.0136 0.0089 0.0039 0.0034 0.0032 
    Largest link dim during sweep 62/87 was 320
    Largest truncation error: 7.46345e-11
    Energy after sweep 62/87 is -167.025000832673
    Sweep 62/87 CPU time = 17m, 21s (Wall time = 2m, 15.6s)

    vN Entropy at center bond b=151 = 1.271271282993
    Eigs at center bond b=151: 0.5599 0.2801 0.0611 0.0295 0.0293 0.0136 0.0089 0.0039 0.0034 0.0032 
    Largest link dim during sweep 63/87 was 320
    Largest truncation error: 7.45993e-11
    Energy after sweep 63/87 is -167.025000832810
    Sweep 63/87 CPU time = 17m, 26s (Wall time = 2m, 16.9s)

    vN Entropy at center bond b=151 = 1.271271569171
    Eigs at center bond b=151: 0.5599 0.2801 0.0611 0.0295 0.0293 0.0136 0.0089 0.0039 0.0034 0.0032 
    Largest link dim during sweep 64/87 was 320
    Largest truncation error: 7.45982e-11
    Energy after sweep 64/87 is -167.025000832855
    Sweep 64/87 CPU time = 17m, 23s (Wall time = 2m, 15.8s)

    vN Entropy at center bond b=151 = 1.271271600135
    Eigs at center bond b=151: 0.5599 0.2801 0.0611 0.0295 0.0293 0.0136 0.0089 0.0039 0.0034 0.0032 
    Largest link dim during sweep 65/87 was 320
    Largest truncation error: 7.45974e-11
    Energy after sweep 65/87 is -167.025000832894
    Sweep 65/87 CPU time = 17m, 24s (Wall time = 2m, 16.5s)

    vN Entropy at center bond b=151 = 1.271271604536
    Eigs at center bond b=151: 0.5599 0.2801 0.0611 0.0295 0.0293 0.0136 0.0089 0.0039 0.0034 0.0032 
    Largest link dim during sweep 66/87 was 320
    Largest truncation error: 7.45976e-11
    Energy after sweep 66/87 is -167.025000832909
    Sweep 66/87 CPU time = 17m, 24s (Wall time = 2m, 16.4s)

    vN Entropy at center bond b=151 = 1.271271606890
    Eigs at center bond b=151: 0.5599 0.2801 0.0611 0.0295 0.0293 0.0136 0.0089 0.0039 0.0034 0.0032 
    Largest link dim during sweep 67/87 was 320
    Largest truncation error: 7.45973e-11
    Energy after sweep 67/87 is -167.025000832911
    Sweep 67/87 CPU time = 17m, 26s (Wall time = 2m, 16.6s)

    vN Entropy at center bond b=151 = 1.271271611691
    Eigs at center bond b=151: 0.5599 0.2801 0.0611 0.0295 0.0293 0.0136 0.0089 0.0039 0.0034 0.0032 
    Largest link dim during sweep 68/87 was 320
    Largest truncation error: 7.45968e-11
    Energy after sweep 68/87 is -167.025000832911
    Sweep 68/87 CPU time = 17m, 31s (Wall time = 2m, 18.3s)

    vN Entropy at center bond b=151 = 1.271271614349
    Eigs at center bond b=151: 0.5599 0.2801 0.0611 0.0295 0.0293 0.0136 0.0089 0.0039 0.0034 0.0032 
    Largest link dim during sweep 69/87 was 320
    Largest truncation error: 7.4597e-11
    Energy after sweep 69/87 is -167.025000832936
    Sweep 69/87 CPU time = 17m, 29s (Wall time = 2m, 17.2s)

    vN Entropy at center bond b=151 = 1.271271616086
    Eigs at center bond b=151: 0.5599 0.2801 0.0611 0.0295 0.0293 0.0136 0.0089 0.0039 0.0034 0.0032 
    Largest link dim during sweep 70/87 was 320
    Largest truncation error: 7.4597e-11
    Energy after sweep 70/87 is -167.025000832934
    Sweep 70/87 CPU time = 17m, 28s (Wall time = 2m, 16.9s)

    vN Entropy at center bond b=151 = 1.271271618251
    Eigs at center bond b=151: 0.5599 0.2801 0.0611 0.0295 0.0293 0.0136 0.0089 0.0039 0.0034 0.0032 
    Largest link dim during sweep 71/87 was 320
    Largest truncation error: 7.4597e-11
    Energy after sweep 71/87 is -167.025000832936
    Sweep 71/87 CPU time = 17m, 37s (Wall time = 2m, 20.1s)

    vN Entropy at center bond b=151 = 1.271271618395
    Eigs at center bond b=151: 0.5599 0.2801 0.0611 0.0295 0.0293 0.0136 0.0089 0.0039 0.0034 0.0032 
    Largest link dim during sweep 72/87 was 320
    Largest truncation error: 7.45968e-11
    Energy after sweep 72/87 is -167.025000832937
    Sweep 72/87 CPU time = 17m, 33s (Wall time = 2m, 19.5s)

    vN Entropy at center bond b=151 = 1.271271618297
    Eigs at center bond b=151: 0.5599 0.2801 0.0611 0.0295 0.0293 0.0136 0.0089 0.0039 0.0034 0.0032 
    Largest link dim during sweep 73/87 was 320
    Largest truncation error: 7.45968e-11
    Energy after sweep 73/87 is -167.025000832938
    Sweep 73/87 CPU time = 17m, 22s (Wall time = 2m, 16.8s)

    vN Entropy at center bond b=151 = 1.271271618086
    Eigs at center bond b=151: 0.5599 0.2801 0.0611 0.0295 0.0293 0.0136 0.0089 0.0039 0.0034 0.0032 
    Largest link dim during sweep 74/87 was 320
    Largest truncation error: 7.45968e-11
    Energy after sweep 74/87 is -167.025000832934
    Sweep 74/87 CPU time = 17m, 45s (Wall time = 2m, 20.2s)

    vN Entropy at center bond b=151 = 1.271287240080
    Eigs at center bond b=151: 0.5599 0.2801 0.0611 0.0295 0.0293 0.0136 0.0089 0.0039 0.0034 0.0032 
    Largest link dim during sweep 75/87 was 601
    Largest truncation error: 7.66248e-13
    Energy after sweep 75/87 is -167.025001032442
    Sweep 75/87 CPU time = 36m, 32s (Wall time = 4m, 56.2s)

    vN Entropy at center bond b=151 = 1.271302418801
    Eigs at center bond b=151: 0.5599 0.2801 0.0611 0.0295 0.0293 0.0136 0.0089 0.0039 0.0034 0.0032 
    Largest link dim during sweep 76/87 was 633
    Largest truncation error: 7.61082e-13
    Energy after sweep 76/87 is -167.025001033813
    Sweep 76/87 CPU time = 54m, 18s (Wall time = 7m, 13.2s)

    vN Entropy at center bond b=151 = 1.271307252357
    Eigs at center bond b=151: 0.5599 0.2801 0.0612 0.0295 0.0293 0.0136 0.0089 0.0039 0.0034 0.0032 
    Largest link dim during sweep 77/87 was 631
    Largest truncation error: 7.60211e-13
    Energy after sweep 77/87 is -167.025001034016
    Sweep 77/87 CPU time = 55m, 35s (Wall time = 7m, 24.7s)

    vN Entropy at center bond b=151 = 1.271308463616
    Eigs at center bond b=151: 0.5599 0.2801 0.0612 0.0295 0.0293 0.0136 0.0089 0.0039 0.0034 0.0032 
    Largest link dim during sweep 78/87 was 631
    Largest truncation error: 7.60409e-13
    Energy after sweep 78/87 is -167.025001034079
    Sweep 78/87 CPU time = 55m, 21s (Wall time = 7m, 20.9s)

    vN Entropy at center bond b=151 = 1.271308638663
    Eigs at center bond b=151: 0.5599 0.2801 0.0612 0.0295 0.0293 0.0136 0.0089 0.0039 0.0034 0.0032 
    Largest link dim during sweep 79/87 was 631
    Largest truncation error: 7.60354e-13
    Energy after sweep 79/87 is -167.025001034099
    Sweep 79/87 CPU time = 56m, 2s (Wall time = 7m, 30.6s)

    vN Entropy at center bond b=151 = 1.271308581211
    Eigs at center bond b=151: 0.5599 0.2801 0.0612 0.0295 0.0293 0.0136 0.0089 0.0039 0.0034 0.0032 
    Largest link dim during sweep 80/87 was 632
    Largest truncation error: 7.60385e-13
    Energy after sweep 80/87 is -167.025001034112
    Sweep 80/87 CPU time = 55m, 47s (Wall time = 7m, 28.0s)

    vN Entropy at center bond b=151 = 1.271308504983
    Eigs at center bond b=151: 0.5599 0.2801 0.0612 0.0295 0.0293 0.0136 0.0089 0.0039 0.0034 0.0032 
    Largest link dim during sweep 81/87 was 632
    Largest truncation error: 7.6054e-13
    Energy after sweep 81/87 is -167.025001034116
    Sweep 81/87 CPU time = 55m, 55s (Wall time = 7m, 30.7s)

    vN Entropy at center bond b=151 = 1.271308451717
    Eigs at center bond b=151: 0.5599 0.2801 0.0612 0.0295 0.0293 0.0136 0.0089 0.0039 0.0034 0.0032 
    Largest link dim during sweep 82/87 was 633
    Largest truncation error: 7.6041e-13
    Energy after sweep 82/87 is -167.025001034121
    Sweep 82/87 CPU time = 55m, 45s (Wall time = 7m, 28.8s)

    vN Entropy at center bond b=151 = 1.271308608532
    Eigs at center bond b=151: 0.5599 0.2801 0.0612 0.0295 0.0293 0.0136 0.0089 0.0039 0.0034 0.0032 
    Largest link dim during sweep 83/87 was 592
    Largest truncation error: 7.66545e-13
    Energy after sweep 83/87 is -167.025001033614
    Sweep 83/87 CPU time = 41m, 57s (Wall time = 5m, 36.2s)

    vN Entropy at center bond b=151 = 1.271308773995
    Eigs at center bond b=151: 0.5599 0.2801 0.0612 0.0295 0.0293 0.0136 0.0089 0.0039 0.0034 0.0032 
    Largest link dim during sweep 84/87 was 1064
    Largest truncation error: 7.49069e-15
    Energy after sweep 84/87 is -167.025001036384
    Sweep 84/87 CPU time = 1h, 56m, 9s (Wall time = 15m, 30s)

    vN Entropy at center bond b=151 = 1.271308920797
    Eigs at center bond b=151: 0.5599 0.2801 0.0612 0.0295 0.0293 0.0136 0.0089 0.0039 0.0034 0.0032 
    Largest link dim during sweep 85/87 was 1121
    Largest truncation error: 7.56096e-15
    Energy after sweep 85/87 is -167.025001036427
    Sweep 85/87 CPU time = 3h, 2m, 22s (Wall time = 26m, 20s)

    vN Entropy at center bond b=151 = 1.271308930850
    Eigs at center bond b=151: 0.5599 0.2801 0.0612 0.0295 0.0293 0.0136 0.0089 0.0039 0.0034 0.0032 
    Largest link dim during sweep 86/87 was 1107
    Largest truncation error: 7.54104e-15
    Energy after sweep 86/87 is -167.025001036425
    Sweep 86/87 CPU time = 2h, 59m, 22s (Wall time = 25m, 44s)

    vN Entropy at center bond b=151 = 1.271308928680
    Eigs at center bond b=151: 0.5599 0.2801 0.0612 0.0295 0.0293 0.0136 0.0089 0.0039 0.0034 0.0032 
    Largest link dim during sweep 87/87 was 1097
    Largest truncation error: 7.54101e-15
    Energy after sweep 87/87 is -167.025001036427
    Sweep 87/87 CPU time = 2h, 55m, 32s (Wall time = 24m, 51s)
Initial energy = 0.00000

Ground State Energy = -167.0250010364
run_outputs/outputpsi/N_303_sweep_87_t_0.030000_J_1.000000_V_0.600000_D_0.018000_U_0.800000_mu_0.000000_E_0.030000 converge
Wall-clock time (s) = 93549.907964
