//////////////////////////
Reading input file ......

Got input.N = 303
Got input.t = 0.03
Got input.J = 1
Got input.V = 0.6
Got input.D = 0.018
Got input.U = 0.8
Got input.mu = 0
Got input.E = 0
Got input.nsweeps = 87
Sweeps:
1  MaxDim=20, MinDim=20, Cutoff=1.0E-06, Niter=8, Noise=1.0E-05
2  MaxDim=20, MinDim=20, Cutoff=1.0E-06, Niter=8, Noise=1.0E-05
3  MaxDim=20, MinDim=20, Cutoff=1.0E-06, Niter=8, Noise=1.0E-05
4  MaxDim=20, MinDim=20, Cutoff=1.0E-06, Niter=8, Noise=1.0E-05
5  MaxDim=20, MinDim=20, Cutoff=1.0E-06, Niter=8, Noise=1.0E-05
6  MaxDim=20, MinDim=20, Cutoff=1.0E-06, Niter=8, Noise=1.0E-05
7  MaxDim=20, MinDim=20, Cutoff=1.0E-06, Niter=8, Noise=1.0E-05
8  MaxDim=40, MinDim=20, Cutoff=1.0E-06, Niter=4, Noise=1.0E-05
9  MaxDim=40, MinDim=20, Cutoff=1.0E-06, Niter=4, Noise=1.0E-05
10  MaxDim=40, MinDim=20, Cutoff=1.0E-06, Niter=4, Noise=1.0E-05
11  MaxDim=40, MinDim=20, Cutoff=1.0E-06, Niter=4, Noise=1.0E-05
12  MaxDim=40, MinDim=20, Cutoff=1.0E-06, Niter=4, Noise=1.0E-05
13  MaxDim=40, MinDim=20, Cutoff=1.0E-06, Niter=4, Noise=1.0E-05
14  MaxDim=40, MinDim=20, Cutoff=1.0E-06, Niter=4, Noise=1.0E-05
15  MaxDim=80, MinDim=10, Cutoff=1.0E-06, Niter=4, Noise=1.0E-05
16  MaxDim=80, MinDim=10, Cutoff=1.0E-06, Niter=4, Noise=1.0E-05
17  MaxDim=80, MinDim=10, Cutoff=1.0E-06, Niter=4, Noise=1.0E-05
18  MaxDim=80, MinDim=10, Cutoff=1.0E-06, Niter=4, Noise=1.0E-05
19  MaxDim=80, MinDim=10, Cutoff=1.0E-06, Niter=4, Noise=1.0E-05
20  MaxDim=80, MinDim=10, Cutoff=1.0E-06, Niter=4, Noise=1.0E-05
21  MaxDim=80, MinDim=10, Cutoff=1.0E-06, Niter=4, Noise=1.0E-05
22  MaxDim=80, MinDim=10, Cutoff=1.0E-06, Niter=4, Noise=1.0E-05
23  MaxDim=80, MinDim=10, Cutoff=1.0E-06, Niter=4, Noise=1.0E-05
24  MaxDim=80, MinDim=10, Cutoff=1.0E-06, Niter=4, Noise=1.0E-05
25  MaxDim=80, MinDim=10, Cutoff=1.0E-06, Niter=4, Noise=1.0E-05
26  MaxDim=80, MinDim=10, Cutoff=1.0E-06, Niter=4, Noise=1.0E-05
27  MaxDim=80, MinDim=10, Cutoff=1.0E-06, Niter=4, Noise=1.0E-05
28  MaxDim=80, MinDim=10, Cutoff=1.0E-06, Niter=4, Noise=1.0E-05
29  MaxDim=80, MinDim=10, Cutoff=1.0E-06, Niter=4, Noise=1.0E-05
30  MaxDim=80, MinDim=10, Cutoff=1.0E-06, Niter=4, Noise=1.0E-05
31  MaxDim=80, MinDim=10, Cutoff=1.0E-06, Niter=4, Noise=1.0E-05
32  MaxDim=80, MinDim=10, Cutoff=1.0E-06, Niter=4, Noise=1.0E-05
33  MaxDim=80, MinDim=10, Cutoff=1.0E-06, Niter=4, Noise=1.0E-05
34  MaxDim=80, MinDim=10, Cutoff=1.0E-06, Niter=4, Noise=1.0E-05
35  MaxDim=80, MinDim=10, Cutoff=1.0E-06, Niter=4, Noise=1.0E-05
36  MaxDim=80, MinDim=10, Cutoff=1.0E-06, Niter=4, Noise=1.0E-05
37  MaxDim=160, MinDim=10, Cutoff=1.0E-08, Niter=4, Noise=1.0E-06
38  MaxDim=160, MinDim=10, Cutoff=1.0E-08, Niter=4, Noise=1.0E-06
39  MaxDim=160, MinDim=10, Cutoff=1.0E-08, Niter=4, Noise=1.0E-06
40  MaxDim=160, MinDim=10, Cutoff=1.0E-08, Niter=4, Noise=1.0E-06
41  MaxDim=160, MinDim=10, Cutoff=1.0E-08, Niter=4, Noise=1.0E-06
42  MaxDim=160, MinDim=10, Cutoff=1.0E-08, Niter=4, Noise=1.0E-06
43  MaxDim=160, MinDim=10, Cutoff=1.0E-08, Niter=4, Noise=1.0E-06
44  MaxDim=160, MinDim=10, Cutoff=1.0E-08, Niter=4, Noise=1.0E-06
45  MaxDim=160, MinDim=10, Cutoff=1.0E-08, Niter=4, Noise=1.0E-06
46  MaxDim=160, MinDim=10, Cutoff=1.0E-08, Niter=4, Noise=1.0E-06
47  MaxDim=160, MinDim=10, Cutoff=1.0E-08, Niter=4, Noise=1.0E-06
48  MaxDim=160, MinDim=10, Cutoff=1.0E-08, Niter=4, Noise=1.0E-06
49  MaxDim=160, MinDim=10, Cutoff=1.0E-08, Niter=4, Noise=1.0E-06
50  MaxDim=160, MinDim=10, Cutoff=1.0E-08, Niter=4, Noise=1.0E-06
51  MaxDim=160, MinDim=10, Cutoff=1.0E-08, Niter=4, Noise=1.0E-06
52  MaxDim=160, MinDim=10, Cutoff=1.0E-08, Niter=4, Noise=1.0E-06
53  MaxDim=160, MinDim=10, Cutoff=1.0E-08, Niter=4, Noise=1.0E-06
54  MaxDim=160, MinDim=10, Cutoff=1.0E-08, Niter=4, Noise=1.0E-06
55  MaxDim=160, MinDim=10, Cutoff=1.0E-08, Niter=4, Noise=1.0E-06
56  MaxDim=160, MinDim=10, Cutoff=1.0E-08, Niter=4, Noise=1.0E-06
57  MaxDim=160, MinDim=10, Cutoff=1.0E-08, Niter=4, Noise=1.0E-06
58  MaxDim=160, MinDim=10, Cutoff=1.0E-08, Niter=4, Noise=1.0E-06
59  MaxDim=320, MinDim=10, Cutoff=1.0E-10, Niter=4, Noise=1.0E-07
60  MaxDim=320, MinDim=10, Cutoff=1.0E-10, Niter=4, Noise=1.0E-07
61  MaxDim=320, MinDim=10, Cutoff=1.0E-10, Niter=4, Noise=1.0E-07
62  MaxDim=320, MinDim=10, Cutoff=1.0E-10, Niter=4, Noise=1.0E-07
63  MaxDim=320, MinDim=10, Cutoff=1.0E-10, Niter=4, Noise=1.0E-07
64  MaxDim=320, MinDim=10, Cutoff=1.0E-10, Niter=4, Noise=1.0E-07
65  MaxDim=320, MinDim=10, Cutoff=1.0E-10, Niter=4, Noise=1.0E-07
66  MaxDim=320, MinDim=10, Cutoff=1.0E-10, Niter=4, Noise=1.0E-07
67  MaxDim=320, MinDim=10, Cutoff=1.0E-10, Niter=4, Noise=1.0E-07
68  MaxDim=320, MinDim=10, Cutoff=1.0E-10, Niter=4, Noise=1.0E-07
69  MaxDim=320, MinDim=10, Cutoff=1.0E-10, Niter=4, Noise=1.0E-07
70  MaxDim=320, MinDim=10, Cutoff=1.0E-10, Niter=4, Noise=1.0E-07
71  MaxDim=320, MinDim=10, Cutoff=1.0E-10, Niter=4, Noise=1.0E-07
72  MaxDim=320, MinDim=10, Cutoff=1.0E-10, Niter=4, Noise=1.0E-07
73  MaxDim=320, MinDim=10, Cutoff=1.0E-10, Niter=4, Noise=1.0E-07
74  MaxDim=320, MinDim=10, Cutoff=1.0E-10, Niter=4, Noise=1.0E-07
75  MaxDim=640, MinDim=10, Cutoff=1.0E-12, Niter=2, Noise=1.0E-08
76  MaxDim=640, MinDim=10, Cutoff=1.0E-12, Niter=2, Noise=1.0E-08
77  MaxDim=640, MinDim=10, Cutoff=1.0E-12, Niter=2, Noise=1.0E-08
78  MaxDim=640, MinDim=10, Cutoff=1.0E-12, Niter=2, Noise=1.0E-08
79  MaxDim=640, MinDim=10, Cutoff=1.0E-12, Niter=2, Noise=1.0E-08
80  MaxDim=640, MinDim=10, Cutoff=1.0E-12, Niter=2, Noise=1.0E-08
81  MaxDim=640, MinDim=10, Cutoff=1.0E-12, Niter=2, Noise=1.0E-08
82  MaxDim=640, MinDim=10, Cutoff=1.0E-12, Niter=2, Noise=1.0E-08
83  MaxDim=1280, MinDim=10, Cutoff=1.0E-12, Niter=2, Noise=0.0E+00
84  MaxDim=1280, MinDim=10, Cutoff=1.0E-14, Niter=2, Noise=0.0E+00
85  MaxDim=1280, MinDim=10, Cutoff=1.0E-14, Niter=2, Noise=0.0E+00
86  MaxDim=1280, MinDim=10, Cutoff=1.0E-14, Niter=2, Noise=0.0E+00
87  MaxDim=1280, MinDim=10, Cutoff=1.0E-14, Niter=2, Noise=0.0E+00


    vN Entropy at center bond b=151 = 0.675892695032
    Eigs at center bond b=151: 0.7598 0.2100 0.0193 0.0046 0.0045 
    Largest link dim during sweep 1/87 was 20
    Largest truncation error: 3.18443e-05
    Energy after sweep 1/87 is -166.976010218606
    Sweep 1/87 CPU time = 9.788s (Wall time = 1.465s)

    vN Entropy at center bond b=151 = 0.766610661248
    Eigs at center bond b=151: 0.6945 0.2712 0.0194 0.0066 0.0054 0.0015 
    Largest link dim during sweep 2/87 was 20
    Largest truncation error: 2.47457e-06
    Energy after sweep 2/87 is -167.017333850049
    Sweep 2/87 CPU time = 14.33s (Wall time = 2.112s)

    vN Entropy at center bond b=151 = 0.772107845015
    Eigs at center bond b=151: 0.6883 0.2774 0.0192 0.0067 0.0054 0.0016 
    Largest link dim during sweep 3/87 was 20
    Largest truncation error: 2.38409e-06
    Energy after sweep 3/87 is -167.018259444228
    Sweep 3/87 CPU time = 14.27s (Wall time = 2.104s)

    vN Entropy at center bond b=151 = 0.773536589322
    Eigs at center bond b=151: 0.6866 0.2791 0.0191 0.0067 0.0054 0.0016 
    Largest link dim during sweep 4/87 was 20
    Largest truncation error: 2.39163e-06
    Energy after sweep 4/87 is -167.018397627405
    Sweep 4/87 CPU time = 14.42s (Wall time = 2.121s)

    vN Entropy at center bond b=151 = 0.774101126389
    Eigs at center bond b=151: 0.6860 0.2798 0.0191 0.0068 0.0054 0.0016 
    Largest link dim during sweep 5/87 was 20
    Largest truncation error: 2.39304e-06
    Energy after sweep 5/87 is -167.018430656665
    Sweep 5/87 CPU time = 14.33s (Wall time = 2.111s)

    vN Entropy at center bond b=151 = 0.774364126566
    Eigs at center bond b=151: 0.6857 0.2800 0.0191 0.0068 0.0054 0.0016 
    Largest link dim during sweep 6/87 was 20
    Largest truncation error: 2.39515e-06
    Energy after sweep 6/87 is -167.018441399693
    Sweep 6/87 CPU time = 14.38s (Wall time = 2.120s)

    vN Entropy at center bond b=151 = 0.774495021183
    Eigs at center bond b=151: 0.6856 0.2802 0.0191 0.0068 0.0054 0.0016 
    Largest link dim during sweep 7/87 was 20
    Largest truncation error: 2.3966e-06
    Energy after sweep 7/87 is -167.018445771022
    Sweep 7/87 CPU time = 14.43s (Wall time = 2.135s)

    vN Entropy at center bond b=151 = 0.775731991903
    Eigs at center bond b=151: 0.6852 0.2803 0.0192 0.0068 0.0055 0.0016 
    Largest link dim during sweep 8/87 was 28
    Largest truncation error: 7.72221e-07
    Energy after sweep 8/87 is -167.020710814696
    Sweep 8/87 CPU time = 17.64s (Wall time = 2.607s)

    vN Entropy at center bond b=151 = 0.776237940422
    Eigs at center bond b=151: 0.6853 0.2801 0.0192 0.0068 0.0055 0.0016 
    Largest link dim during sweep 9/87 was 28
    Largest truncation error: 7.71803e-07
    Energy after sweep 9/87 is -167.020789829191
    Sweep 9/87 CPU time = 12.89s (Wall time = 1.895s)

    vN Entropy at center bond b=151 = 0.776314945288
    Eigs at center bond b=151: 0.6855 0.2799 0.0193 0.0068 0.0055 0.0016 
    Largest link dim during sweep 10/87 was 28
    Largest truncation error: 7.6813e-07
    Energy after sweep 10/87 is -167.020799220109
    Sweep 10/87 CPU time = 11.59s (Wall time = 1.720s)

    vN Entropy at center bond b=151 = 0.776232284718
    Eigs at center bond b=151: 0.6857 0.2796 0.0193 0.0068 0.0055 0.0016 
    Largest link dim during sweep 11/87 was 28
    Largest truncation error: 7.68349e-07
    Energy after sweep 11/87 is -167.020802862176
    Sweep 11/87 CPU time = 10.31s (Wall time = 1.523s)

    vN Entropy at center bond b=151 = 0.776151225488
    Eigs at center bond b=151: 0.6859 0.2794 0.0193 0.0068 0.0055 0.0016 
    Largest link dim during sweep 12/87 was 28
    Largest truncation error: 7.66683e-07
    Energy after sweep 12/87 is -167.020805011490
    Sweep 12/87 CPU time = 10.39s (Wall time = 1.528s)

    vN Entropy at center bond b=151 = 0.776091704318
    Eigs at center bond b=151: 0.6860 0.2793 0.0193 0.0068 0.0055 0.0016 
    Largest link dim during sweep 13/87 was 28
    Largest truncation error: 7.68979e-07
    Energy after sweep 13/87 is -167.020805513673
    Sweep 13/87 CPU time = 10.51s (Wall time = 1.548s)

    vN Entropy at center bond b=151 = 0.776051247891
    Eigs at center bond b=151: 0.6860 0.2793 0.0193 0.0068 0.0055 0.0016 
    Largest link dim during sweep 14/87 was 28
    Largest truncation error: 7.66679e-07
    Energy after sweep 14/87 is -167.020807384725
    Sweep 14/87 CPU time = 16.01s (Wall time = 2.223s)

    vN Entropy at center bond b=151 = 0.776024334153
    Eigs at center bond b=151: 0.6861 0.2792 0.0193 0.0068 0.0055 0.0016 
    Largest link dim during sweep 15/87 was 28
    Largest truncation error: 7.6844e-07
    Energy after sweep 15/87 is -167.020802789719
    Sweep 15/87 CPU time = 19.46s (Wall time = 2.727s)

    vN Entropy at center bond b=151 = 0.776006473097
    Eigs at center bond b=151: 0.6861 0.2792 0.0193 0.0068 0.0055 0.0016 
    Largest link dim during sweep 16/87 was 28
    Largest truncation error: 7.69892e-07
    Energy after sweep 16/87 is -167.020802900656
    Sweep 16/87 CPU time = 13.85s (Wall time = 1.879s)

    vN Entropy at center bond b=151 = 0.775994599867
    Eigs at center bond b=151: 0.6861 0.2791 0.0193 0.0068 0.0055 0.0016 
    Largest link dim during sweep 17/87 was 28
    Largest truncation error: 7.67791e-07
    Energy after sweep 17/87 is -167.020802985685
    Sweep 17/87 CPU time = 10.84s (Wall time = 1.432s)

    vN Entropy at center bond b=151 = 0.775986638148
    Eigs at center bond b=151: 0.6862 0.2791 0.0193 0.0068 0.0055 0.0016 
    Largest link dim during sweep 18/87 was 28
    Largest truncation error: 7.68318e-07
    Energy after sweep 18/87 is -167.020803025934
    Sweep 18/87 CPU time = 10.44s (Wall time = 1.347s)

    vN Entropy at center bond b=151 = 0.775981249288
    Eigs at center bond b=151: 0.6862 0.2791 0.0193 0.0068 0.0055 0.0016 
    Largest link dim during sweep 19/87 was 28
    Largest truncation error: 7.68674e-07
    Energy after sweep 19/87 is -167.020803050287
    Sweep 19/87 CPU time = 10.82s (Wall time = 1.436s)

    vN Entropy at center bond b=151 = 0.775977583685
    Eigs at center bond b=151: 0.6862 0.2791 0.0193 0.0068 0.0055 0.0016 
    Largest link dim during sweep 20/87 was 28
    Largest truncation error: 7.6892e-07
    Energy after sweep 20/87 is -167.020803065968
    Sweep 20/87 CPU time = 16.18s (Wall time = 2.374s)

    vN Entropy at center bond b=151 = 0.775975082394
    Eigs at center bond b=151: 0.6862 0.2791 0.0193 0.0068 0.0055 0.0016 
    Largest link dim during sweep 21/87 was 28
    Largest truncation error: 7.69092e-07
    Energy after sweep 21/87 is -167.020803076257
    Sweep 21/87 CPU time = 15.76s (Wall time = 2.306s)

    vN Entropy at center bond b=151 = 0.775973370484
    Eigs at center bond b=151: 0.6862 0.2791 0.0193 0.0068 0.0055 0.0016 
    Largest link dim during sweep 22/87 was 28
    Largest truncation error: 7.69212e-07
    Energy after sweep 22/87 is -167.020803083069
    Sweep 22/87 CPU time = 17.45s (Wall time = 2.544s)

    vN Entropy at center bond b=151 = 0.775972195206
    Eigs at center bond b=151: 0.6862 0.2791 0.0193 0.0068 0.0055 0.0016 
    Largest link dim during sweep 23/87 was 28
    Largest truncation error: 7.69296e-07
    Energy after sweep 23/87 is -167.020803087614
    Sweep 23/87 CPU time = 19.18s (Wall time = 2.743s)

    vN Entropy at center bond b=151 = 0.775971385877
    Eigs at center bond b=151: 0.6862 0.2791 0.0193 0.0068 0.0055 0.0016 
    Largest link dim during sweep 24/87 was 28
    Largest truncation error: 7.69355e-07
    Energy after sweep 24/87 is -167.020803090661
    Sweep 24/87 CPU time = 13.47s (Wall time = 1.881s)

    vN Entropy at center bond b=151 = 0.775970826952
    Eigs at center bond b=151: 0.6862 0.2791 0.0193 0.0068 0.0055 0.0016 
    Largest link dim during sweep 25/87 was 28
    Largest truncation error: 7.69397e-07
    Energy after sweep 25/87 is -167.020803092725
    Sweep 25/87 CPU time = 15.38s (Wall time = 2.135s)

    vN Entropy at center bond b=151 = 0.775970439953
    Eigs at center bond b=151: 0.6862 0.2791 0.0193 0.0068 0.0055 0.0016 
    Largest link dim during sweep 26/87 was 28
    Largest truncation error: 7.69427e-07
    Energy after sweep 26/87 is -167.020803094126
    Sweep 26/87 CPU time = 10.94s (Wall time = 1.621s)

    vN Entropy at center bond b=151 = 0.775970171376
    Eigs at center bond b=151: 0.6862 0.2791 0.0193 0.0068 0.0055 0.0016 
    Largest link dim during sweep 27/87 was 28
    Largest truncation error: 7.69447e-07
    Energy after sweep 27/87 is -167.020803095079
    Sweep 27/87 CPU time = 10.75s (Wall time = 1.586s)

    vN Entropy at center bond b=151 = 0.775969984606
    Eigs at center bond b=151: 0.6862 0.2791 0.0193 0.0068 0.0055 0.0016 
    Largest link dim during sweep 28/87 was 28
    Largest truncation error: 7.69462e-07
    Energy after sweep 28/87 is -167.020803095733
    Sweep 28/87 CPU time = 16.85s (Wall time = 2.486s)

    vN Entropy at center bond b=151 = 0.775969854494
    Eigs at center bond b=151: 0.6862 0.2791 0.0193 0.0068 0.0055 0.0016 
    Largest link dim during sweep 29/87 was 28
    Largest truncation error: 7.69472e-07
    Energy after sweep 29/87 is -167.020803096182
    Sweep 29/87 CPU time = 19.72s (Wall time = 2.907s)

    vN Entropy at center bond b=151 = 0.775969763713
    Eigs at center bond b=151: 0.6862 0.2791 0.0193 0.0068 0.0055 0.0016 
    Largest link dim during sweep 30/87 was 28
    Largest truncation error: 7.69479e-07
    Energy after sweep 30/87 is -167.020803096493
    Sweep 30/87 CPU time = 19.53s (Wall time = 2.881s)

    vN Entropy at center bond b=151 = 0.775969700289
    Eigs at center bond b=151: 0.6862 0.2791 0.0193 0.0068 0.0055 0.0016 
    Largest link dim during sweep 31/87 was 28
    Largest truncation error: 7.69484e-07
    Energy after sweep 31/87 is -167.020803096705
    Sweep 31/87 CPU time = 19.45s (Wall time = 2.878s)

    vN Entropy at center bond b=151 = 0.775969655926
    Eigs at center bond b=151: 0.6862 0.2791 0.0193 0.0068 0.0055 0.0016 
    Largest link dim during sweep 32/87 was 28
    Largest truncation error: 7.69488e-07
    Energy after sweep 32/87 is -167.020803096857
    Sweep 32/87 CPU time = 13.07s (Wall time = 1.701s)

    vN Entropy at center bond b=151 = 0.775969624864
    Eigs at center bond b=151: 0.6862 0.2791 0.0193 0.0068 0.0055 0.0016 
    Largest link dim during sweep 33/87 was 28
    Largest truncation error: 7.6949e-07
    Energy after sweep 33/87 is -167.020803096962
    Sweep 33/87 CPU time = 10.44s (Wall time = 1.340s)

    vN Entropy at center bond b=151 = 0.775969603098
    Eigs at center bond b=151: 0.6862 0.2791 0.0193 0.0068 0.0055 0.0016 
    Largest link dim during sweep 34/87 was 28
    Largest truncation error: 7.69492e-07
    Energy after sweep 34/87 is -167.020803097034
    Sweep 34/87 CPU time = 10.42s (Wall time = 1.335s)

    vN Entropy at center bond b=151 = 0.775969587833
    Eigs at center bond b=151: 0.6862 0.2791 0.0193 0.0068 0.0055 0.0016 
    Largest link dim during sweep 35/87 was 28
    Largest truncation error: 7.69493e-07
    Energy after sweep 35/87 is -167.020803097085
    Sweep 35/87 CPU time = 10.36s (Wall time = 1.328s)

    vN Entropy at center bond b=151 = 0.775969577120
    Eigs at center bond b=151: 0.6862 0.2791 0.0193 0.0068 0.0055 0.0016 
    Largest link dim during sweep 36/87 was 28
    Largest truncation error: 7.69494e-07
    Energy after sweep 36/87 is -167.020803097119
    Sweep 36/87 CPU time = 13.69s (Wall time = 1.823s)

    vN Entropy at center bond b=151 = 0.782918639844
    Eigs at center bond b=151: 0.6857 0.2784 0.0195 0.0069 0.0058 0.0017 
    Largest link dim during sweep 37/87 was 63
    Largest truncation error: 7.71345e-09
    Energy after sweep 37/87 is -167.022796487399
    Sweep 37/87 CPU time = 31.42s (Wall time = 4.075s)

    vN Entropy at center bond b=151 = 0.872728769340
    Eigs at center bond b=151: 0.6736 0.2699 0.0255 0.0111 0.0091 0.0040 0.0036 0.0014 
    Largest link dim during sweep 38/87 was 89
    Largest truncation error: 7.85708e-09
    Energy after sweep 38/87 is -167.024035797639
    Sweep 38/87 CPU time = 1m, 26.1s (Wall time = 11.68s)

    vN Entropy at center bond b=151 = 1.015283090835
    Eigs at center bond b=151: 0.6370 0.2641 0.0499 0.0197 0.0146 0.0054 0.0044 0.0015 0.0012 
    Largest link dim during sweep 39/87 was 105
    Largest truncation error: 7.91803e-09
    Energy after sweep 39/87 is -167.024490346661
    Sweep 39/87 CPU time = 2m, 16.1s (Wall time = 19.84s)

    vN Entropy at center bond b=151 = 1.041587597207
    Eigs at center bond b=151: 0.6280 0.2682 0.0513 0.0207 0.0151 0.0057 0.0047 0.0016 0.0012 
    Largest link dim during sweep 40/87 was 121
    Largest truncation error: 7.91985e-09
    Energy after sweep 40/87 is -167.024600268146
    Sweep 40/87 CPU time = 2m, 37.1s (Wall time = 23.20s)

    vN Entropy at center bond b=151 = 1.073322943919
    Eigs at center bond b=151: 0.6223 0.2744 0.0410 0.0195 0.0167 0.0077 0.0073 0.0032 0.0029 0.0015 
    Largest link dim during sweep 41/87 was 140
    Largest truncation error: 7.93175e-09
    Energy after sweep 41/87 is -167.024761283905
    Sweep 41/87 CPU time = 3m, 24.1s (Wall time = 27.79s)

    vN Entropy at center bond b=151 = 1.177075683961
    Eigs at center bond b=151: 0.5934 0.2775 0.0406 0.0326 0.0180 0.0140 0.0091 0.0038 0.0034 0.0021 
    Largest link dim during sweep 42/87 was 155
    Largest truncation error: 7.46982e-09
    Energy after sweep 42/87 is -167.024907895185
    Sweep 42/87 CPU time = 3m, 57.0s (Wall time = 33.38s)

    vN Entropy at center bond b=151 = 1.243959509952
    Eigs at center bond b=151: 0.5700 0.2794 0.0554 0.0299 0.0261 0.0135 0.0089 0.0039 0.0032 0.0030 
    Largest link dim during sweep 43/87 was 160
    Largest truncation error: 7.43771e-09
    Energy after sweep 43/87 is -167.024964681972
    Sweep 43/87 CPU time = 4m, 31.7s (Wall time = 38.45s)

    vN Entropy at center bond b=151 = 1.262123205277
    Eigs at center bond b=151: 0.5630 0.2801 0.0595 0.0293 0.0285 0.0135 0.0089 0.0039 0.0033 0.0032 
    Largest link dim during sweep 44/87 was 160
    Largest truncation error: 7.42999e-09
    Energy after sweep 44/87 is -167.024978577945
    Sweep 44/87 CPU time = 4m, 45.8s (Wall time = 39.03s)

    vN Entropy at center bond b=151 = 1.266088882349
    Eigs at center bond b=151: 0.5614 0.2803 0.0604 0.0292 0.0290 0.0135 0.0088 0.0039 0.0033 0.0032 
    Largest link dim during sweep 45/87 was 160
    Largest truncation error: 7.48516e-09
    Energy after sweep 45/87 is -167.024981651426
    Sweep 45/87 CPU time = 4m, 57.2s (Wall time = 40.42s)

    vN Entropy at center bond b=151 = 1.267188006442
    Eigs at center bond b=151: 0.5610 0.2803 0.0606 0.0292 0.0291 0.0135 0.0088 0.0039 0.0033 0.0032 
    Largest link dim during sweep 46/87 was 160
    Largest truncation error: 7.42471e-09
    Energy after sweep 46/87 is -167.024982459569
    Sweep 46/87 CPU time = 4m, 56.2s (Wall time = 39.73s)

    vN Entropy at center bond b=151 = 1.267599294009
    Eigs at center bond b=151: 0.5608 0.2804 0.0607 0.0292 0.0291 0.0135 0.0088 0.0039 0.0033 0.0032 
    Largest link dim during sweep 47/87 was 160
    Largest truncation error: 7.3701e-09
    Energy after sweep 47/87 is -167.024982763484
    Sweep 47/87 CPU time = 4m, 58.5s (Wall time = 40.51s)

    vN Entropy at center bond b=151 = 1.267785416319
    Eigs at center bond b=151: 0.5607 0.2804 0.0608 0.0293 0.0291 0.0135 0.0088 0.0039 0.0033 0.0032 
    Largest link dim during sweep 48/87 was 160
    Largest truncation error: 7.45163e-09
    Energy after sweep 48/87 is -167.024982873772
    Sweep 48/87 CPU time = 5m, 0.5s (Wall time = 41.12s)

    vN Entropy at center bond b=151 = 1.267878125993
    Eigs at center bond b=151: 0.5607 0.2804 0.0608 0.0293 0.0291 0.0135 0.0088 0.0039 0.0033 0.0032 
    Largest link dim during sweep 49/87 was 160
    Largest truncation error: 7.4364e-09
    Energy after sweep 49/87 is -167.024982944492
    Sweep 49/87 CPU time = 5m, 3.5s (Wall time = 41.37s)

    vN Entropy at center bond b=151 = 1.267927861098
    Eigs at center bond b=151: 0.5607 0.2804 0.0608 0.0293 0.0291 0.0135 0.0088 0.0039 0.0033 0.0032 
    Largest link dim during sweep 50/87 was 160
    Largest truncation error: 7.4295e-09
    Energy after sweep 50/87 is -167.024982970069
    Sweep 50/87 CPU time = 5m, 5.1s (Wall time = 41.29s)

    vN Entropy at center bond b=151 = 1.267954537485
    Eigs at center bond b=151: 0.5606 0.2804 0.0608 0.0293 0.0291 0.0135 0.0088 0.0039 0.0033 0.0032 
    Largest link dim during sweep 51/87 was 160
    Largest truncation error: 7.42561e-09
    Energy after sweep 51/87 is -167.024982971836
    Sweep 51/87 CPU time = 5m, 1.7s (Wall time = 41.38s)

    vN Entropy at center bond b=151 = 1.267969499290
    Eigs at center bond b=151: 0.5606 0.2804 0.0608 0.0293 0.0291 0.0135 0.0088 0.0039 0.0033 0.0032 
    Largest link dim during sweep 52/87 was 160
    Largest truncation error: 7.42338e-09
    Energy after sweep 52/87 is -167.024982985693
    Sweep 52/87 CPU time = 4m, 55.1s (Wall time = 40.77s)

    vN Entropy at center bond b=151 = 1.267978712487
    Eigs at center bond b=151: 0.5606 0.2804 0.0608 0.0293 0.0291 0.0135 0.0088 0.0039 0.0033 0.0032 
    Largest link dim during sweep 53/87 was 160
    Largest truncation error: 7.42209e-09
    Energy after sweep 53/87 is -167.024982989386
    Sweep 53/87 CPU time = 4m, 51.8s (Wall time = 39.29s)

    vN Entropy at center bond b=151 = 1.267983479467
    Eigs at center bond b=151: 0.5606 0.2804 0.0608 0.0293 0.0291 0.0135 0.0088 0.0039 0.0033 0.0032 
    Largest link dim during sweep 54/87 was 160
    Largest truncation error: 7.42135e-09
    Energy after sweep 54/87 is -167.024982990361
    Sweep 54/87 CPU time = 4m, 57.4s (Wall time = 39.95s)

    vN Entropy at center bond b=151 = 1.267986854496
    Eigs at center bond b=151: 0.5606 0.2804 0.0608 0.0293 0.0291 0.0135 0.0088 0.0039 0.0033 0.0032 
    Largest link dim during sweep 55/87 was 160
    Largest truncation error: 7.42092e-09
    Energy after sweep 55/87 is -167.024982994143
    Sweep 55/87 CPU time = 4m, 58.1s (Wall time = 40.18s)

    vN Entropy at center bond b=151 = 1.267989577235
    Eigs at center bond b=151: 0.5606 0.2804 0.0608 0.0293 0.0291 0.0135 0.0088 0.0039 0.0033 0.0032 
    Largest link dim during sweep 56/87 was 160
    Largest truncation error: 7.47944e-09
    Energy after sweep 56/87 is -167.024982995852
    Sweep 56/87 CPU time = 4m, 54.9s (Wall time = 39.93s)

    vN Entropy at center bond b=151 = 1.267991590803
    Eigs at center bond b=151: 0.5606 0.2804 0.0608 0.0293 0.0291 0.0135 0.0088 0.0039 0.0033 0.0032 
    Largest link dim during sweep 57/87 was 160
    Largest truncation error: 7.46872e-09
    Energy after sweep 57/87 is -167.024982996729
    Sweep 57/87 CPU time = 4m, 58.4s (Wall time = 40.35s)

    vN Entropy at center bond b=151 = 1.267993396176
    Eigs at center bond b=151: 0.5606 0.2804 0.0608 0.0293 0.0291 0.0135 0.0088 0.0039 0.0033 0.0032 
    Largest link dim during sweep 58/87 was 160
    Largest truncation error: 7.46839e-09
    Energy after sweep 58/87 is -167.024982998822
    Sweep 58/87 CPU time = 4m, 56.7s (Wall time = 40.23s)

    vN Entropy at center bond b=151 = 1.270058391194
    Eigs at center bond b=151: 0.5601 0.2802 0.0610 0.0294 0.0292 0.0135 0.0089 0.0039 0.0034 0.0032 
    Largest link dim during sweep 59/87 was 315
    Largest truncation error: 7.47338e-11
    Energy after sweep 59/87 is -167.025000688605
    Sweep 59/87 CPU time = 14m, 28s (Wall time = 1m, 56.9s)

    vN Entropy at center bond b=151 = 1.271148343973
    Eigs at center bond b=151: 0.5599 0.2801 0.0611 0.0295 0.0293 0.0136 0.0089 0.0039 0.0034 0.0032 
    Largest link dim during sweep 60/87 was 320
    Largest truncation error: 7.64102e-11
    Energy after sweep 60/87 is -167.025000826688
    Sweep 60/87 CPU time = 22m, 26s (Wall time = 2m, 58.9s)

    vN Entropy at center bond b=151 = 1.271253808926
    Eigs at center bond b=151: 0.5599 0.2801 0.0611 0.0295 0.0293 0.0136 0.0089 0.0039 0.0034 0.0032 
    Largest link dim during sweep 61/87 was 320
    Largest truncation error: 7.46255e-11
    Energy after sweep 61/87 is -167.025000831914
    Sweep 61/87 CPU time = 22m, 23s (Wall time = 2m, 54.7s)

    vN Entropy at center bond b=151 = 1.271269067841
    Eigs at center bond b=151: 0.5599 0.2801 0.0611 0.0295 0.0293 0.0136 0.0089 0.0039 0.0034 0.0032 
    Largest link dim during sweep 62/87 was 320
    Largest truncation error: 7.46345e-11
    Energy after sweep 62/87 is -167.025000832674
    Sweep 62/87 CPU time = 22m, 33s (Wall time = 2m, 57.5s)

    vN Entropy at center bond b=151 = 1.271271282921
    Eigs at center bond b=151: 0.5599 0.2801 0.0611 0.0295 0.0293 0.0136 0.0089 0.0039 0.0034 0.0032 
    Largest link dim during sweep 63/87 was 320
    Largest truncation error: 7.4599e-11
    Energy after sweep 63/87 is -167.025000832810
    Sweep 63/87 CPU time = 22m, 37s (Wall time = 2m, 58.2s)

    vN Entropy at center bond b=151 = 1.271271569158
    Eigs at center bond b=151: 0.5599 0.2801 0.0611 0.0295 0.0293 0.0136 0.0089 0.0039 0.0034 0.0032 
    Largest link dim during sweep 64/87 was 320
    Largest truncation error: 7.45983e-11
    Energy after sweep 64/87 is -167.025000832854
    Sweep 64/87 CPU time = 22m, 41s (Wall time = 2m, 58.8s)

    vN Entropy at center bond b=151 = 1.271271600188
    Eigs at center bond b=151: 0.5599 0.2801 0.0611 0.0295 0.0293 0.0136 0.0089 0.0039 0.0034 0.0032 
    Largest link dim during sweep 65/87 was 320
    Largest truncation error: 7.45975e-11
    Energy after sweep 65/87 is -167.025000832893
    Sweep 65/87 CPU time = 22m, 28s (Wall time = 2m, 57.3s)

    vN Entropy at center bond b=151 = 1.271271604559
    Eigs at center bond b=151: 0.5599 0.2801 0.0611 0.0295 0.0293 0.0136 0.0089 0.0039 0.0034 0.0032 
    Largest link dim during sweep 66/87 was 320
    Largest truncation error: 7.45976e-11
    Energy after sweep 66/87 is -167.025000832913
    Sweep 66/87 CPU time = 22m, 26s (Wall time = 2m, 56.1s)

    vN Entropy at center bond b=151 = 1.271271606944
    Eigs at center bond b=151: 0.5599 0.2801 0.0611 0.0295 0.0293 0.0136 0.0089 0.0039 0.0034 0.0032 
    Largest link dim during sweep 67/87 was 320
    Largest truncation error: 7.45971e-11
    Energy after sweep 67/87 is -167.025000832909
    Sweep 67/87 CPU time = 21m, 22s (Wall time = 2m, 47.7s)

    vN Entropy at center bond b=151 = 1.271271611734
    Eigs at center bond b=151: 0.5599 0.2801 0.0611 0.0295 0.0293 0.0136 0.0089 0.0039 0.0034 0.0032 
    Largest link dim during sweep 68/87 was 320
    Largest truncation error: 7.4597e-11
    Energy after sweep 68/87 is -167.025000832911
    Sweep 68/87 CPU time = 20m, 25s (Wall time = 2m, 40.2s)

    vN Entropy at center bond b=151 = 1.271271614328
    Eigs at center bond b=151: 0.5599 0.2801 0.0611 0.0295 0.0293 0.0136 0.0089 0.0039 0.0034 0.0032 
    Largest link dim during sweep 69/87 was 320
    Largest truncation error: 7.45969e-11
    Energy after sweep 69/87 is -167.025000832935
    Sweep 69/87 CPU time = 20m, 32s (Wall time = 2m, 41.2s)

    vN Entropy at center bond b=151 = 1.271271616114
    Eigs at center bond b=151: 0.5599 0.2801 0.0611 0.0295 0.0293 0.0136 0.0089 0.0039 0.0034 0.0032 
    Largest link dim during sweep 70/87 was 320
    Largest truncation error: 7.45969e-11
    Energy after sweep 70/87 is -167.025000832937
    Sweep 70/87 CPU time = 20m, 11s (Wall time = 2m, 38.3s)

    vN Entropy at center bond b=151 = 1.271271618203
    Eigs at center bond b=151: 0.5599 0.2801 0.0611 0.0295 0.0293 0.0136 0.0089 0.0039 0.0034 0.0032 
    Largest link dim during sweep 71/87 was 320
    Largest truncation error: 7.4597e-11
    Energy after sweep 71/87 is -167.025000832937
    Sweep 71/87 CPU time = 19m, 45s (Wall time = 2m, 34.6s)

    vN Entropy at center bond b=151 = 1.271271618427
    Eigs at center bond b=151: 0.5599 0.2801 0.0611 0.0295 0.0293 0.0136 0.0089 0.0039 0.0034 0.0032 
    Largest link dim during sweep 72/87 was 320
    Largest truncation error: 7.45969e-11
    Energy after sweep 72/87 is -167.025000832939
    Sweep 72/87 CPU time = 19m, 48s (Wall time = 2m, 34.5s)

    vN Entropy at center bond b=151 = 1.271271618228
    Eigs at center bond b=151: 0.5599 0.2801 0.0611 0.0295 0.0293 0.0136 0.0089 0.0039 0.0034 0.0032 
    Largest link dim during sweep 73/87 was 320
    Largest truncation error: 7.4597e-11
    Energy after sweep 73/87 is -167.025000832937
    Sweep 73/87 CPU time = 19m, 55s (Wall time = 2m, 35.7s)

    vN Entropy at center bond b=151 = 1.271271618146
    Eigs at center bond b=151: 0.5599 0.2801 0.0611 0.0295 0.0293 0.0136 0.0089 0.0039 0.0034 0.0032 
    Largest link dim during sweep 74/87 was 320
    Largest truncation error: 7.45969e-11
    Energy after sweep 74/87 is -167.025000832936
    Sweep 74/87 CPU time = 19m, 57s (Wall time = 2m, 36.0s)

    vN Entropy at center bond b=151 = 1.271287240037
    Eigs at center bond b=151: 0.5599 0.2801 0.0611 0.0295 0.0293 0.0136 0.0089 0.0039 0.0034 0.0032 
    Largest link dim during sweep 75/87 was 601
    Largest truncation error: 7.66247e-13
    Energy after sweep 75/87 is -167.025001032442
    Sweep 75/87 CPU time = 41m, 41s (Wall time = 5m, 36.6s)

    vN Entropy at center bond b=151 = 1.271302418660
    Eigs at center bond b=151: 0.5599 0.2801 0.0611 0.0295 0.0293 0.0136 0.0089 0.0039 0.0034 0.0032 
    Largest link dim during sweep 76/87 was 633
    Largest truncation error: 7.60983e-13
    Energy after sweep 76/87 is -167.025001033810
    Sweep 76/87 CPU time = 1h, 2m, 11s (Wall time = 8m, 14.2s)

    vN Entropy at center bond b=151 = 1.271307252379
    Eigs at center bond b=151: 0.5599 0.2801 0.0612 0.0295 0.0293 0.0136 0.0089 0.0039 0.0034 0.0032 
    Largest link dim during sweep 77/87 was 631
    Largest truncation error: 7.60275e-13
    Energy after sweep 77/87 is -167.025001034014
    Sweep 77/87 CPU time = 1h, 5m, 23s (Wall time = 8m, 43.4s)

    vN Entropy at center bond b=151 = 1.271308463646
    Eigs at center bond b=151: 0.5599 0.2801 0.0612 0.0295 0.0293 0.0136 0.0089 0.0039 0.0034 0.0032 
    Largest link dim during sweep 78/87 was 631
    Largest truncation error: 7.60495e-13
    Energy after sweep 78/87 is -167.025001034078
    Sweep 78/87 CPU time = 1h, 5m, 46s (Wall time = 8m, 49.5s)

    vN Entropy at center bond b=151 = 1.271308638660
    Eigs at center bond b=151: 0.5599 0.2801 0.0612 0.0295 0.0293 0.0136 0.0089 0.0039 0.0034 0.0032 
    Largest link dim during sweep 79/87 was 631
    Largest truncation error: 7.60362e-13
    Energy after sweep 79/87 is -167.025001034102
    Sweep 79/87 CPU time = 1h, 6m, 20s (Wall time = 8m, 54.2s)

    vN Entropy at center bond b=151 = 1.271308581202
    Eigs at center bond b=151: 0.5599 0.2801 0.0612 0.0295 0.0293 0.0136 0.0089 0.0039 0.0034 0.0032 
    Largest link dim during sweep 80/87 was 632
    Largest truncation error: 7.60365e-13
    Energy after sweep 80/87 is -167.025001034112
    Sweep 80/87 CPU time = 1h, 6m, 40s (Wall time = 8m, 54.9s)

    vN Entropy at center bond b=151 = 1.271308504943
    Eigs at center bond b=151: 0.5599 0.2801 0.0612 0.0295 0.0293 0.0136 0.0089 0.0039 0.0034 0.0032 
    Largest link dim during sweep 81/87 was 632
    Largest truncation error: 7.60644e-13
    Energy after sweep 81/87 is -167.025001034116
    Sweep 81/87 CPU time = 1h, 7m, 35s (Wall time = 9m, 3.4s)

    vN Entropy at center bond b=151 = 1.271308451681
    Eigs at center bond b=151: 0.5599 0.2801 0.0612 0.0295 0.0293 0.0136 0.0089 0.0039 0.0034 0.0032 
    Largest link dim during sweep 82/87 was 633
    Largest truncation error: 7.60291e-13
    Energy after sweep 82/87 is -167.025001034123
    Sweep 82/87 CPU time = 1h, 7m, 13s (Wall time = 9m, 2.8s)

    vN Entropy at center bond b=151 = 1.271308608500
    Eigs at center bond b=151: 0.5599 0.2801 0.0612 0.0295 0.0293 0.0136 0.0089 0.0039 0.0034 0.0032 
    Largest link dim during sweep 83/87 was 592
    Largest truncation error: 7.66532e-13
    Energy after sweep 83/87 is -167.025001033617
    Sweep 83/87 CPU time = 51m, 4s (Wall time = 6m, 50.0s)

    vN Entropy at center bond b=151 = 1.271308774015
    Eigs at center bond b=151: 0.5599 0.2801 0.0612 0.0295 0.0293 0.0136 0.0089 0.0039 0.0034 0.0032 
    Largest link dim during sweep 84/87 was 1064
    Largest truncation error: 7.49069e-15
    Energy after sweep 84/87 is -167.025001036384
    Sweep 84/87 CPU time = 2h, 15m, 12s (Wall time = 18m, 7s)

    vN Entropy at center bond b=151 = 1.271308920814
    Eigs at center bond b=151: 0.5599 0.2801 0.0612 0.0295 0.0293 0.0136 0.0089 0.0039 0.0034 0.0032 
    Largest link dim during sweep 85/87 was 1121
    Largest truncation error: 7.56097e-15
    Energy after sweep 85/87 is -167.025001036426
    Sweep 85/87 CPU time = 3h, 26m, 32s (Wall time = 30m, 38s)

    vN Entropy at center bond b=151 = 1.271308930829
    Eigs at center bond b=151: 0.5599 0.2801 0.0612 0.0295 0.0293 0.0136 0.0089 0.0039 0.0034 0.0032 
    Largest link dim during sweep 86/87 was 1107
    Largest truncation error: 7.54104e-15
    Energy after sweep 86/87 is -167.025001036422
    Sweep 86/87 CPU time = 3h, 28m, 33s (Wall time = 31m, 51s)

    vN Entropy at center bond b=151 = 1.271308928652
    Eigs at center bond b=151: 0.5599 0.2801 0.0612 0.0295 0.0293 0.0136 0.0089 0.0039 0.0034 0.0032 
    Largest link dim during sweep 87/87 was 1097
    Largest truncation error: 7.54101e-15
    Energy after sweep 87/87 is -167.025001036424
    Sweep 87/87 CPU time = 3h, 25m, 4s (Wall time = 31m, 3s)
Initial energy = 0.00000

Ground State Energy = -167.0250010364
run_outputs/outputpsi/N_303_sweep_87_t_0.030000_J_1.000000_V_0.600000_D_0.018000_U_0.800000_mu_0.000000_E_0.000000 converge
Wall-clock time (s) = 112401.391458
