//////////////////////////
Reading input file ......

Got input.N = 303
Got input.t = 0.03
Got input.J = 1
Got input.V = 0.6
Got input.D = 0.018
Got input.U = -2
Got input.mu = 0
Got input.E = 0.03
Got input.nsweeps = 87
Sweeps:
1  MaxDim=20, MinDim=20, Cutoff=1.0E-06, Niter=8, Noise=1.0E-05
2  MaxDim=20, MinDim=20, Cutoff=1.0E-06, Niter=8, Noise=1.0E-05
3  MaxDim=20, MinDim=20, Cutoff=1.0E-06, Niter=8, Noise=1.0E-05
4  MaxDim=20, MinDim=20, Cutoff=1.0E-06, Niter=8, Noise=1.0E-05
5  MaxDim=20, MinDim=20, Cutoff=1.0E-06, Niter=8, Noise=1.0E-05
6  MaxDim=20, MinDim=20, Cutoff=1.0E-06, Niter=8, Noise=1.0E-05
7  MaxDim=20, MinDim=20, Cutoff=1.0E-06, Niter=8, Noise=1.0E-05
8  MaxDim=40, MinDim=20, Cutoff=1.0E-06, Niter=4, Noise=1.0E-05
9  MaxDim=40, MinDim=20, Cutoff=1.0E-06, Niter=4, Noise=1.0E-05
10  MaxDim=40, MinDim=20, Cutoff=1.0E-06, Niter=4, Noise=1.0E-05
11  MaxDim=40, MinDim=20, Cutoff=1.0E-06, Niter=4, Noise=1.0E-05
12  MaxDim=40, MinDim=20, Cutoff=1.0E-06, Niter=4, Noise=1.0E-05
13  MaxDim=40, MinDim=20, Cutoff=1.0E-06, Niter=4, Noise=1.0E-05
14  MaxDim=40, MinDim=20, Cutoff=1.0E-06, Niter=4, Noise=1.0E-05
15  MaxDim=80, MinDim=10, Cutoff=1.0E-06, Niter=4, Noise=1.0E-05
16  MaxDim=80, MinDim=10, Cutoff=1.0E-06, Niter=4, Noise=1.0E-05
17  MaxDim=80, MinDim=10, Cutoff=1.0E-06, Niter=4, Noise=1.0E-05
18  MaxDim=80, MinDim=10, Cutoff=1.0E-06, Niter=4, Noise=1.0E-05
19  MaxDim=80, MinDim=10, Cutoff=1.0E-06, Niter=4, Noise=1.0E-05
20  MaxDim=80, MinDim=10, Cutoff=1.0E-06, Niter=4, Noise=1.0E-05
21  MaxDim=80, MinDim=10, Cutoff=1.0E-06, Niter=4, Noise=1.0E-05
22  MaxDim=80, MinDim=10, Cutoff=1.0E-06, Niter=4, Noise=1.0E-05
23  MaxDim=80, MinDim=10, Cutoff=1.0E-06, Niter=4, Noise=1.0E-05
24  MaxDim=80, MinDim=10, Cutoff=1.0E-06, Niter=4, Noise=1.0E-05
25  MaxDim=80, MinDim=10, Cutoff=1.0E-06, Niter=4, Noise=1.0E-05
26  MaxDim=80, MinDim=10, Cutoff=1.0E-06, Niter=4, Noise=1.0E-05
27  MaxDim=80, MinDim=10, Cutoff=1.0E-06, Niter=4, Noise=1.0E-05
28  MaxDim=80, MinDim=10, Cutoff=1.0E-06, Niter=4, Noise=1.0E-05
29  MaxDim=80, MinDim=10, Cutoff=1.0E-06, Niter=4, Noise=1.0E-05
30  MaxDim=80, MinDim=10, Cutoff=1.0E-06, Niter=4, Noise=1.0E-05
31  MaxDim=80, MinDim=10, Cutoff=1.0E-06, Niter=4, Noise=1.0E-05
32  MaxDim=80, MinDim=10, Cutoff=1.0E-06, Niter=4, Noise=1.0E-05
33  MaxDim=80, MinDim=10, Cutoff=1.0E-06, Niter=4, Noise=1.0E-05
34  MaxDim=80, MinDim=10, Cutoff=1.0E-06, Niter=4, Noise=1.0E-05
35  MaxDim=80, MinDim=10, Cutoff=1.0E-06, Niter=4, Noise=1.0E-05
36  MaxDim=80, MinDim=10, Cutoff=1.0E-06, Niter=4, Noise=1.0E-05
37  MaxDim=160, MinDim=10, Cutoff=1.0E-08, Niter=4, Noise=1.0E-06
38  MaxDim=160, MinDim=10, Cutoff=1.0E-08, Niter=4, Noise=1.0E-06
39  MaxDim=160, MinDim=10, Cutoff=1.0E-08, Niter=4, Noise=1.0E-06
40  MaxDim=160, MinDim=10, Cutoff=1.0E-08, Niter=4, Noise=1.0E-06
41  MaxDim=160, MinDim=10, Cutoff=1.0E-08, Niter=4, Noise=1.0E-06
42  MaxDim=160, MinDim=10, Cutoff=1.0E-08, Niter=4, Noise=1.0E-06
43  MaxDim=160, MinDim=10, Cutoff=1.0E-08, Niter=4, Noise=1.0E-06
44  MaxDim=160, MinDim=10, Cutoff=1.0E-08, Niter=4, Noise=1.0E-06
45  MaxDim=160, MinDim=10, Cutoff=1.0E-08, Niter=4, Noise=1.0E-06
46  MaxDim=160, MinDim=10, Cutoff=1.0E-08, Niter=4, Noise=1.0E-06
47  MaxDim=160, MinDim=10, Cutoff=1.0E-08, Niter=4, Noise=1.0E-06
48  MaxDim=160, MinDim=10, Cutoff=1.0E-08, Niter=4, Noise=1.0E-06
49  MaxDim=160, MinDim=10, Cutoff=1.0E-08, Niter=4, Noise=1.0E-06
50  MaxDim=160, MinDim=10, Cutoff=1.0E-08, Niter=4, Noise=1.0E-06
51  MaxDim=160, MinDim=10, Cutoff=1.0E-08, Niter=4, Noise=1.0E-06
52  MaxDim=160, MinDim=10, Cutoff=1.0E-08, Niter=4, Noise=1.0E-06
53  MaxDim=160, MinDim=10, Cutoff=1.0E-08, Niter=4, Noise=1.0E-06
54  MaxDim=160, MinDim=10, Cutoff=1.0E-08, Niter=4, Noise=1.0E-06
55  MaxDim=160, MinDim=10, Cutoff=1.0E-08, Niter=4, Noise=1.0E-06
56  MaxDim=160, MinDim=10, Cutoff=1.0E-08, Niter=4, Noise=1.0E-06
57  MaxDim=160, MinDim=10, Cutoff=1.0E-08, Niter=4, Noise=1.0E-06
58  MaxDim=160, MinDim=10, Cutoff=1.0E-08, Niter=4, Noise=1.0E-06
59  MaxDim=320, MinDim=10, Cutoff=1.0E-10, Niter=4, Noise=1.0E-07
60  MaxDim=320, MinDim=10, Cutoff=1.0E-10, Niter=4, Noise=1.0E-07
61  MaxDim=320, MinDim=10, Cutoff=1.0E-10, Niter=4, Noise=1.0E-07
62  MaxDim=320, MinDim=10, Cutoff=1.0E-10, Niter=4, Noise=1.0E-07
63  MaxDim=320, MinDim=10, Cutoff=1.0E-10, Niter=4, Noise=1.0E-07
64  MaxDim=320, MinDim=10, Cutoff=1.0E-10, Niter=4, Noise=1.0E-07
65  MaxDim=320, MinDim=10, Cutoff=1.0E-10, Niter=4, Noise=1.0E-07
66  MaxDim=320, MinDim=10, Cutoff=1.0E-10, Niter=4, Noise=1.0E-07
67  MaxDim=320, MinDim=10, Cutoff=1.0E-10, Niter=4, Noise=1.0E-07
68  MaxDim=320, MinDim=10, Cutoff=1.0E-10, Niter=4, Noise=1.0E-07
69  MaxDim=320, MinDim=10, Cutoff=1.0E-10, Niter=4, Noise=1.0E-07
70  MaxDim=320, MinDim=10, Cutoff=1.0E-10, Niter=4, Noise=1.0E-07
71  MaxDim=320, MinDim=10, Cutoff=1.0E-10, Niter=4, Noise=1.0E-07
72  MaxDim=320, MinDim=10, Cutoff=1.0E-10, Niter=4, Noise=1.0E-07
73  MaxDim=320, MinDim=10, Cutoff=1.0E-10, Niter=4, Noise=1.0E-07
74  MaxDim=320, MinDim=10, Cutoff=1.0E-10, Niter=4, Noise=1.0E-07
75  MaxDim=640, MinDim=10, Cutoff=1.0E-12, Niter=2, Noise=1.0E-08
76  MaxDim=640, MinDim=10, Cutoff=1.0E-12, Niter=2, Noise=1.0E-08
77  MaxDim=640, MinDim=10, Cutoff=1.0E-12, Niter=2, Noise=1.0E-08
78  MaxDim=640, MinDim=10, Cutoff=1.0E-12, Niter=2, Noise=1.0E-08
79  MaxDim=640, MinDim=10, Cutoff=1.0E-12, Niter=2, Noise=1.0E-08
80  MaxDim=640, MinDim=10, Cutoff=1.0E-12, Niter=2, Noise=1.0E-08
81  MaxDim=640, MinDim=10, Cutoff=1.0E-12, Niter=2, Noise=1.0E-08
82  MaxDim=640, MinDim=10, Cutoff=1.0E-12, Niter=2, Noise=1.0E-08
83  MaxDim=1280, MinDim=10, Cutoff=1.0E-12, Niter=2, Noise=0.0E+00
84  MaxDim=1280, MinDim=10, Cutoff=1.0E-14, Niter=2, Noise=0.0E+00
85  MaxDim=1280, MinDim=10, Cutoff=1.0E-14, Niter=2, Noise=0.0E+00
86  MaxDim=1280, MinDim=10, Cutoff=1.0E-14, Niter=2, Noise=0.0E+00
87  MaxDim=1280, MinDim=10, Cutoff=1.0E-14, Niter=2, Noise=0.0E+00


    vN Entropy at center bond b=151 = 0.001183705963
    Eigs at center bond b=151: 0.9999 
    Largest link dim during sweep 1/87 was 20
    Largest truncation error: 2.26343e-07
    Energy after sweep 1/87 is -600.023265365646
    Sweep 1/87 CPU time = 8.859s (Wall time = 1.147s)

    vN Entropy at center bond b=151 = 0.001016499353
    Eigs at center bond b=151: 0.9999 
    Largest link dim during sweep 2/87 was 20
    Largest truncation error: 1.51005e-11
    Energy after sweep 2/87 is -600.023577066482
    Sweep 2/87 CPU time = 12.27s (Wall time = 1.569s)

    vN Entropy at center bond b=151 = 0.001016499484
    Eigs at center bond b=151: 0.9999 
    Largest link dim during sweep 3/87 was 20
    Largest truncation error: 4.91383e-12
    Energy after sweep 3/87 is -600.023577066611
    Sweep 3/87 CPU time = 12.25s (Wall time = 1.570s)

    vN Entropy at center bond b=151 = 0.001016499484
    Eigs at center bond b=151: 0.9999 
    Largest link dim during sweep 4/87 was 20
    Largest truncation error: 4.91376e-12
    Energy after sweep 4/87 is -600.023577066607
    Sweep 4/87 CPU time = 12.25s (Wall time = 1.568s)

    vN Entropy at center bond b=151 = 0.001016499484
    Eigs at center bond b=151: 0.9999 
    Largest link dim during sweep 5/87 was 20
    Largest truncation error: 4.91343e-12
    Energy after sweep 5/87 is -600.023577066616
    Sweep 5/87 CPU time = 12.26s (Wall time = 1.567s)

    vN Entropy at center bond b=151 = 0.001016499484
    Eigs at center bond b=151: 0.9999 
    Largest link dim during sweep 6/87 was 20
    Largest truncation error: 4.91364e-12
    Energy after sweep 6/87 is -600.023577066612
    Sweep 6/87 CPU time = 12.26s (Wall time = 1.568s)

    vN Entropy at center bond b=151 = 0.001016499484
    Eigs at center bond b=151: 0.9999 
    Largest link dim during sweep 7/87 was 20
    Largest truncation error: 4.91347e-12
    Energy after sweep 7/87 is -600.023577066609
    Sweep 7/87 CPU time = 12.29s (Wall time = 1.571s)

    vN Entropy at center bond b=151 = 0.001016499564
    Eigs at center bond b=151: 0.9999 
    Largest link dim during sweep 8/87 was 21
    Largest truncation error: 4.91322e-12
    Energy after sweep 8/87 is -600.023577066612
    Sweep 8/87 CPU time = 6.568s (Wall time = 0.837s)

    vN Entropy at center bond b=151 = 0.001016499564
    Eigs at center bond b=151: 0.9999 
    Largest link dim during sweep 9/87 was 20
    Largest truncation error: 4.9132e-12
    Energy after sweep 9/87 is -600.023577066604
    Sweep 9/87 CPU time = 6.562s (Wall time = 0.841s)

    vN Entropy at center bond b=151 = 0.001016499564
    Eigs at center bond b=151: 0.9999 
    Largest link dim during sweep 10/87 was 20
    Largest truncation error: 4.9136e-12
    Energy after sweep 10/87 is -600.023577066608
    Sweep 10/87 CPU time = 6.529s (Wall time = 0.838s)

    vN Entropy at center bond b=151 = 0.001016499564
    Eigs at center bond b=151: 0.9999 
    Largest link dim during sweep 11/87 was 20
    Largest truncation error: 4.91351e-12
    Energy after sweep 11/87 is -600.023577066612
    Sweep 11/87 CPU time = 6.533s (Wall time = 0.834s)

    vN Entropy at center bond b=151 = 0.001016499564
    Eigs at center bond b=151: 0.9999 
    Largest link dim during sweep 12/87 was 20
    Largest truncation error: 4.91327e-12
    Energy after sweep 12/87 is -600.023577066607
    Sweep 12/87 CPU time = 6.556s (Wall time = 0.840s)

    vN Entropy at center bond b=151 = 0.001016499564
    Eigs at center bond b=151: 0.9999 
    Largest link dim during sweep 13/87 was 20
    Largest truncation error: 4.91352e-12
    Energy after sweep 13/87 is -600.023577066605
    Sweep 13/87 CPU time = 6.543s (Wall time = 0.838s)

    vN Entropy at center bond b=151 = 0.001016499563
    Eigs at center bond b=151: 0.9999 
    Largest link dim during sweep 14/87 was 20
    Largest truncation error: 4.9127e-12
    Energy after sweep 14/87 is -600.023577066606
    Sweep 14/87 CPU time = 6.532s (Wall time = 0.837s)

    vN Entropy at center bond b=151 = 0.001016454455
    Eigs at center bond b=151: 0.9999 
    Largest link dim during sweep 15/87 was 10
    Largest truncation error: 1.47721e-09
    Energy after sweep 15/87 is -600.023576930599
    Sweep 15/87 CPU time = 3.620s (Wall time = 0.495s)

    vN Entropy at center bond b=151 = 0.001016454551
    Eigs at center bond b=151: 0.9999 
    Largest link dim during sweep 16/87 was 10
    Largest truncation error: 1.40982e-09
    Energy after sweep 16/87 is -600.023576930820
    Sweep 16/87 CPU time = 0.421s (Wall time = 0.423s)

    vN Entropy at center bond b=151 = 0.001016454552
    Eigs at center bond b=151: 0.9999 
    Largest link dim during sweep 17/87 was 10
    Largest truncation error: 1.40747e-09
    Energy after sweep 17/87 is -600.023576930818
    Sweep 17/87 CPU time = 0.425s (Wall time = 0.426s)

    vN Entropy at center bond b=151 = 0.001016454552
    Eigs at center bond b=151: 0.9999 
    Largest link dim during sweep 18/87 was 10
    Largest truncation error: 1.40734e-09
    Energy after sweep 18/87 is -600.023576930816
    Sweep 18/87 CPU time = 0.425s (Wall time = 0.426s)

    vN Entropy at center bond b=151 = 0.001016454552
    Eigs at center bond b=151: 0.9999 
    Largest link dim during sweep 19/87 was 10
    Largest truncation error: 1.40733e-09
    Energy after sweep 19/87 is -600.023576930821
    Sweep 19/87 CPU time = 0.424s (Wall time = 0.425s)

    vN Entropy at center bond b=151 = 0.001016454552
    Eigs at center bond b=151: 0.9999 
    Largest link dim during sweep 20/87 was 10
    Largest truncation error: 1.40733e-09
    Energy after sweep 20/87 is -600.023576930822
    Sweep 20/87 CPU time = 0.423s (Wall time = 0.424s)

    vN Entropy at center bond b=151 = 0.001016454552
    Eigs at center bond b=151: 0.9999 
    Largest link dim during sweep 21/87 was 10
    Largest truncation error: 1.40733e-09
    Energy after sweep 21/87 is -600.023576930825
    Sweep 21/87 CPU time = 0.426s (Wall time = 0.427s)

    vN Entropy at center bond b=151 = 0.001016454552
    Eigs at center bond b=151: 0.9999 
    Largest link dim during sweep 22/87 was 10
    Largest truncation error: 1.40733e-09
    Energy after sweep 22/87 is -600.023576930820
    Sweep 22/87 CPU time = 0.425s (Wall time = 0.427s)

    vN Entropy at center bond b=151 = 0.001016454552
    Eigs at center bond b=151: 0.9999 
    Largest link dim during sweep 23/87 was 10
    Largest truncation error: 1.40733e-09
    Energy after sweep 23/87 is -600.023576930825
    Sweep 23/87 CPU time = 0.422s (Wall time = 0.424s)

    vN Entropy at center bond b=151 = 0.001016454552
    Eigs at center bond b=151: 0.9999 
    Largest link dim during sweep 24/87 was 10
    Largest truncation error: 1.40733e-09
    Energy after sweep 24/87 is -600.023576930826
    Sweep 24/87 CPU time = 0.423s (Wall time = 0.425s)

    vN Entropy at center bond b=151 = 0.001016454552
    Eigs at center bond b=151: 0.9999 
    Largest link dim during sweep 25/87 was 10
    Largest truncation error: 1.40733e-09
    Energy after sweep 25/87 is -600.023576930818
    Sweep 25/87 CPU time = 0.427s (Wall time = 0.428s)

    vN Entropy at center bond b=151 = 0.001016454552
    Eigs at center bond b=151: 0.9999 
    Largest link dim during sweep 26/87 was 10
    Largest truncation error: 1.40733e-09
    Energy after sweep 26/87 is -600.023576930825
    Sweep 26/87 CPU time = 0.431s (Wall time = 0.432s)

    vN Entropy at center bond b=151 = 0.001016454552
    Eigs at center bond b=151: 0.9999 
    Largest link dim during sweep 27/87 was 10
    Largest truncation error: 1.40733e-09
    Energy after sweep 27/87 is -600.023576930821
    Sweep 27/87 CPU time = 0.431s (Wall time = 0.432s)

    vN Entropy at center bond b=151 = 0.001016454552
    Eigs at center bond b=151: 0.9999 
    Largest link dim during sweep 28/87 was 10
    Largest truncation error: 1.40733e-09
    Energy after sweep 28/87 is -600.023576930817
    Sweep 28/87 CPU time = 0.429s (Wall time = 0.429s)

    vN Entropy at center bond b=151 = 0.001016454552
    Eigs at center bond b=151: 0.9999 
    Largest link dim during sweep 29/87 was 10
    Largest truncation error: 1.40733e-09
    Energy after sweep 29/87 is -600.023576930821
    Sweep 29/87 CPU time = 0.429s (Wall time = 0.429s)

    vN Entropy at center bond b=151 = 0.001016454552
    Eigs at center bond b=151: 0.9999 
    Largest link dim during sweep 30/87 was 10
    Largest truncation error: 1.40733e-09
    Energy after sweep 30/87 is -600.023576930822
    Sweep 30/87 CPU time = 0.427s (Wall time = 0.428s)

    vN Entropy at center bond b=151 = 0.001016454552
    Eigs at center bond b=151: 0.9999 
    Largest link dim during sweep 31/87 was 10
    Largest truncation error: 1.40733e-09
    Energy after sweep 31/87 is -600.023576930818
    Sweep 31/87 CPU time = 0.422s (Wall time = 0.423s)

    vN Entropy at center bond b=151 = 0.001016454552
    Eigs at center bond b=151: 0.9999 
    Largest link dim during sweep 32/87 was 10
    Largest truncation error: 1.40733e-09
    Energy after sweep 32/87 is -600.023576930825
    Sweep 32/87 CPU time = 0.424s (Wall time = 0.425s)

    vN Entropy at center bond b=151 = 0.001016454552
    Eigs at center bond b=151: 0.9999 
    Largest link dim during sweep 33/87 was 10
    Largest truncation error: 1.40733e-09
    Energy after sweep 33/87 is -600.023576930817
    Sweep 33/87 CPU time = 0.421s (Wall time = 0.422s)

    vN Entropy at center bond b=151 = 0.001016454552
    Eigs at center bond b=151: 0.9999 
    Largest link dim during sweep 34/87 was 10
    Largest truncation error: 1.40733e-09
    Energy after sweep 34/87 is -600.023576930824
    Sweep 34/87 CPU time = 0.421s (Wall time = 0.422s)

    vN Entropy at center bond b=151 = 0.001016454552
    Eigs at center bond b=151: 0.9999 
    Largest link dim during sweep 35/87 was 10
    Largest truncation error: 1.40733e-09
    Energy after sweep 35/87 is -600.023576930817
    Sweep 35/87 CPU time = 0.420s (Wall time = 0.421s)

    vN Entropy at center bond b=151 = 0.001016454552
    Eigs at center bond b=151: 0.9999 
    Largest link dim during sweep 36/87 was 10
    Largest truncation error: 1.40733e-09
    Energy after sweep 36/87 is -600.023576930821
    Sweep 36/87 CPU time = 0.412s (Wall time = 0.414s)

    vN Entropy at center bond b=151 = 0.000874536476
    Eigs at center bond b=151: 0.9999 
    Largest link dim during sweep 37/87 was 10
    Largest truncation error: 3.56619e-10
    Energy after sweep 37/87 is -600.023576975550
    Sweep 37/87 CPU time = 0.390s (Wall time = 0.391s)

    vN Entropy at center bond b=151 = 0.000874536545
    Eigs at center bond b=151: 0.9999 
    Largest link dim during sweep 38/87 was 10
    Largest truncation error: 3.64917e-10
    Energy after sweep 38/87 is -600.023576975539
    Sweep 38/87 CPU time = 0.389s (Wall time = 0.390s)

    vN Entropy at center bond b=151 = 0.000874536545
    Eigs at center bond b=151: 0.9999 
    Largest link dim during sweep 39/87 was 10
    Largest truncation error: 3.66901e-10
    Energy after sweep 39/87 is -600.023576975488
    Sweep 39/87 CPU time = 0.393s (Wall time = 0.393s)

    vN Entropy at center bond b=151 = 0.000874536545
    Eigs at center bond b=151: 0.9999 
    Largest link dim during sweep 40/87 was 10
    Largest truncation error: 3.67215e-10
    Energy after sweep 40/87 is -600.023576975476
    Sweep 40/87 CPU time = 0.392s (Wall time = 0.392s)

    vN Entropy at center bond b=151 = 0.000874536545
    Eigs at center bond b=151: 0.9999 
    Largest link dim during sweep 41/87 was 10
    Largest truncation error: 3.67255e-10
    Energy after sweep 41/87 is -600.023576975476
    Sweep 41/87 CPU time = 0.392s (Wall time = 0.393s)

    vN Entropy at center bond b=151 = 0.000874536545
    Eigs at center bond b=151: 0.9999 
    Largest link dim during sweep 42/87 was 10
    Largest truncation error: 3.6726e-10
    Energy after sweep 42/87 is -600.023576975474
    Sweep 42/87 CPU time = 0.392s (Wall time = 0.393s)

    vN Entropy at center bond b=151 = 0.000874536545
    Eigs at center bond b=151: 0.9999 
    Largest link dim during sweep 43/87 was 10
    Largest truncation error: 3.67261e-10
    Energy after sweep 43/87 is -600.023576975474
    Sweep 43/87 CPU time = 0.391s (Wall time = 0.392s)

    vN Entropy at center bond b=151 = 0.000874536545
    Eigs at center bond b=151: 0.9999 
    Largest link dim during sweep 44/87 was 10
    Largest truncation error: 3.67261e-10
    Energy after sweep 44/87 is -600.023576975482
    Sweep 44/87 CPU time = 0.391s (Wall time = 0.392s)

    vN Entropy at center bond b=151 = 0.000874536545
    Eigs at center bond b=151: 0.9999 
    Largest link dim during sweep 45/87 was 10
    Largest truncation error: 3.67261e-10
    Energy after sweep 45/87 is -600.023576975474
    Sweep 45/87 CPU time = 0.392s (Wall time = 0.392s)

    vN Entropy at center bond b=151 = 0.000874536545
    Eigs at center bond b=151: 0.9999 
    Largest link dim during sweep 46/87 was 10
    Largest truncation error: 3.67261e-10
    Energy after sweep 46/87 is -600.023576975479
    Sweep 46/87 CPU time = 0.395s (Wall time = 0.395s)

    vN Entropy at center bond b=151 = 0.000874536545
    Eigs at center bond b=151: 0.9999 
    Largest link dim during sweep 47/87 was 10
    Largest truncation error: 3.67261e-10
    Energy after sweep 47/87 is -600.023576975476
    Sweep 47/87 CPU time = 0.394s (Wall time = 0.395s)

    vN Entropy at center bond b=151 = 0.000874536545
    Eigs at center bond b=151: 0.9999 
    Largest link dim during sweep 48/87 was 10
    Largest truncation error: 3.67261e-10
    Energy after sweep 48/87 is -600.023576975485
    Sweep 48/87 CPU time = 0.393s (Wall time = 0.393s)

    vN Entropy at center bond b=151 = 0.000874536545
    Eigs at center bond b=151: 0.9999 
    Largest link dim during sweep 49/87 was 10
    Largest truncation error: 3.67261e-10
    Energy after sweep 49/87 is -600.023576975476
    Sweep 49/87 CPU time = 0.392s (Wall time = 0.393s)

    vN Entropy at center bond b=151 = 0.000874536545
    Eigs at center bond b=151: 0.9999 
    Largest link dim during sweep 50/87 was 10
    Largest truncation error: 3.67261e-10
    Energy after sweep 50/87 is -600.023576975481
    Sweep 50/87 CPU time = 0.390s (Wall time = 0.392s)

    vN Entropy at center bond b=151 = 0.000874536545
    Eigs at center bond b=151: 0.9999 
    Largest link dim during sweep 51/87 was 10
    Largest truncation error: 3.67261e-10
    Energy after sweep 51/87 is -600.023576975474
    Sweep 51/87 CPU time = 0.392s (Wall time = 0.393s)

    vN Entropy at center bond b=151 = 0.000874536545
    Eigs at center bond b=151: 0.9999 
    Largest link dim during sweep 52/87 was 10
    Largest truncation error: 3.67261e-10
    Energy after sweep 52/87 is -600.023576975475
    Sweep 52/87 CPU time = 0.393s (Wall time = 0.394s)

    vN Entropy at center bond b=151 = 0.000874536545
    Eigs at center bond b=151: 0.9999 
    Largest link dim during sweep 53/87 was 10
    Largest truncation error: 3.67261e-10
    Energy after sweep 53/87 is -600.023576975472
    Sweep 53/87 CPU time = 0.391s (Wall time = 0.393s)

    vN Entropy at center bond b=151 = 0.000874536545
    Eigs at center bond b=151: 0.9999 
    Largest link dim during sweep 54/87 was 10
    Largest truncation error: 3.67261e-10
    Energy after sweep 54/87 is -600.023576975480
    Sweep 54/87 CPU time = 0.391s (Wall time = 0.394s)

    vN Entropy at center bond b=151 = 0.000874536545
    Eigs at center bond b=151: 0.9999 
    Largest link dim during sweep 55/87 was 10
    Largest truncation error: 3.67261e-10
    Energy after sweep 55/87 is -600.023576975484
    Sweep 55/87 CPU time = 0.394s (Wall time = 0.395s)

    vN Entropy at center bond b=151 = 0.000874536545
    Eigs at center bond b=151: 0.9999 
    Largest link dim during sweep 56/87 was 10
    Largest truncation error: 3.67261e-10
    Energy after sweep 56/87 is -600.023576975482
    Sweep 56/87 CPU time = 0.394s (Wall time = 0.395s)

    vN Entropy at center bond b=151 = 0.000874536545
    Eigs at center bond b=151: 0.9999 
    Largest link dim during sweep 57/87 was 10
    Largest truncation error: 3.67261e-10
    Energy after sweep 57/87 is -600.023576975479
    Sweep 57/87 CPU time = 0.391s (Wall time = 0.397s)

    vN Entropy at center bond b=151 = 0.000874536545
    Eigs at center bond b=151: 0.9999 
    Largest link dim during sweep 58/87 was 10
    Largest truncation error: 3.67261e-10
    Energy after sweep 58/87 is -600.023576975478
    Sweep 58/87 CPU time = 0.392s (Wall time = 0.393s)

    vN Entropy at center bond b=151 = 0.000847253388
    Eigs at center bond b=151: 0.9999 
    Largest link dim during sweep 59/87 was 11
    Largest truncation error: 9.74439e-11
    Energy after sweep 59/87 is -600.023577017339
    Sweep 59/87 CPU time = 0.394s (Wall time = 0.395s)

    vN Entropy at center bond b=151 = 0.000847253568
    Eigs at center bond b=151: 0.9999 
    Largest link dim during sweep 60/87 was 11
    Largest truncation error: 7.82669e-11
    Energy after sweep 60/87 is -600.023577017516
    Sweep 60/87 CPU time = 0.393s (Wall time = 0.395s)

    vN Entropy at center bond b=151 = 0.000847253568
    Eigs at center bond b=151: 0.9999 
    Largest link dim during sweep 61/87 was 11
    Largest truncation error: 7.84078e-11
    Energy after sweep 61/87 is -600.023577017533
    Sweep 61/87 CPU time = 0.392s (Wall time = 0.393s)

    vN Entropy at center bond b=151 = 0.000847253568
    Eigs at center bond b=151: 0.9999 
    Largest link dim during sweep 62/87 was 11
    Largest truncation error: 7.84112e-11
    Energy after sweep 62/87 is -600.023577017560
    Sweep 62/87 CPU time = 0.393s (Wall time = 0.393s)

    vN Entropy at center bond b=151 = 0.000847253568
    Eigs at center bond b=151: 0.9999 
    Largest link dim during sweep 63/87 was 11
    Largest truncation error: 7.84096e-11
    Energy after sweep 63/87 is -600.023577017562
    Sweep 63/87 CPU time = 0.392s (Wall time = 0.394s)

    vN Entropy at center bond b=151 = 0.000847253568
    Eigs at center bond b=151: 0.9999 
    Largest link dim during sweep 64/87 was 11
    Largest truncation error: 7.84092e-11
    Energy after sweep 64/87 is -600.023577017565
    Sweep 64/87 CPU time = 0.393s (Wall time = 0.394s)

    vN Entropy at center bond b=151 = 0.000847253568
    Eigs at center bond b=151: 0.9999 
    Largest link dim during sweep 65/87 was 11
    Largest truncation error: 7.84088e-11
    Energy after sweep 65/87 is -600.023577017570
    Sweep 65/87 CPU time = 0.393s (Wall time = 0.394s)

    vN Entropy at center bond b=151 = 0.000847253568
    Eigs at center bond b=151: 0.9999 
    Largest link dim during sweep 66/87 was 11
    Largest truncation error: 7.8409e-11
    Energy after sweep 66/87 is -600.023577017570
    Sweep 66/87 CPU time = 0.396s (Wall time = 0.397s)

    vN Entropy at center bond b=151 = 0.000847253568
    Eigs at center bond b=151: 0.9999 
    Largest link dim during sweep 67/87 was 11
    Largest truncation error: 7.84084e-11
    Energy after sweep 67/87 is -600.023577017567
    Sweep 67/87 CPU time = 0.393s (Wall time = 0.394s)

    vN Entropy at center bond b=151 = 0.000847253568
    Eigs at center bond b=151: 0.9999 
    Largest link dim during sweep 68/87 was 11
    Largest truncation error: 7.84083e-11
    Energy after sweep 68/87 is -600.023577017568
    Sweep 68/87 CPU time = 0.393s (Wall time = 0.393s)

    vN Entropy at center bond b=151 = 0.000847253568
    Eigs at center bond b=151: 0.9999 
    Largest link dim during sweep 69/87 was 11
    Largest truncation error: 7.84085e-11
    Energy after sweep 69/87 is -600.023577017567
    Sweep 69/87 CPU time = 0.393s (Wall time = 0.394s)

    vN Entropy at center bond b=151 = 0.000847253568
    Eigs at center bond b=151: 0.9999 
    Largest link dim during sweep 70/87 was 11
    Largest truncation error: 7.84083e-11
    Energy after sweep 70/87 is -600.023577017607
    Sweep 70/87 CPU time = 0.392s (Wall time = 0.394s)

    vN Entropy at center bond b=151 = 0.000847253568
    Eigs at center bond b=151: 0.9999 
    Largest link dim during sweep 71/87 was 11
    Largest truncation error: 7.84072e-11
    Energy after sweep 71/87 is -600.023577017649
    Sweep 71/87 CPU time = 0.392s (Wall time = 0.393s)

    vN Entropy at center bond b=151 = 0.000847253568
    Eigs at center bond b=151: 0.9999 
    Largest link dim during sweep 72/87 was 11
    Largest truncation error: 7.84039e-11
    Energy after sweep 72/87 is -600.023577017669
    Sweep 72/87 CPU time = 0.395s (Wall time = 0.395s)

    vN Entropy at center bond b=151 = 0.000847253568
    Eigs at center bond b=151: 0.9999 
    Largest link dim during sweep 73/87 was 11
    Largest truncation error: 7.84024e-11
    Energy after sweep 73/87 is -600.023577017673
    Sweep 73/87 CPU time = 0.392s (Wall time = 0.393s)

    vN Entropy at center bond b=151 = 0.000847253568
    Eigs at center bond b=151: 0.9999 
    Largest link dim during sweep 74/87 was 11
    Largest truncation error: 7.84021e-11
    Energy after sweep 74/87 is -600.023577017667
    Sweep 74/87 CPU time = 0.394s (Wall time = 0.394s)

    vN Entropy at center bond b=151 = 0.000844251720
    Eigs at center bond b=151: 0.9999 
    Largest link dim during sweep 75/87 was 15
    Largest truncation error: 9.85733e-13
    Energy after sweep 75/87 is -600.023577066692
    Sweep 75/87 CPU time = 2.368s (Wall time = 0.307s)

    vN Entropy at center bond b=151 = 0.000844251513
    Eigs at center bond b=151: 0.9999 
    Largest link dim during sweep 76/87 was 15
    Largest truncation error: 9.66139e-13
    Energy after sweep 76/87 is -600.023577066701
    Sweep 76/87 CPU time = 2.603s (Wall time = 0.331s)

    vN Entropy at center bond b=151 = 0.000844251487
    Eigs at center bond b=151: 0.9999 
    Largest link dim during sweep 77/87 was 15
    Largest truncation error: 9.66475e-13
    Energy after sweep 77/87 is -600.023577066699
    Sweep 77/87 CPU time = 2.629s (Wall time = 0.335s)

    vN Entropy at center bond b=151 = 0.000844251486
    Eigs at center bond b=151: 0.9999 
    Largest link dim during sweep 78/87 was 15
    Largest truncation error: 9.66494e-13
    Energy after sweep 78/87 is -600.023577066700
    Sweep 78/87 CPU time = 2.590s (Wall time = 0.333s)

    vN Entropy at center bond b=151 = 0.000844251486
    Eigs at center bond b=151: 0.9999 
    Largest link dim during sweep 79/87 was 15
    Largest truncation error: 9.6637e-13
    Energy after sweep 79/87 is -600.023577066700
    Sweep 79/87 CPU time = 2.593s (Wall time = 0.332s)

    vN Entropy at center bond b=151 = 0.000844251486
    Eigs at center bond b=151: 0.9999 
    Largest link dim during sweep 80/87 was 15
    Largest truncation error: 9.66273e-13
    Energy after sweep 80/87 is -600.023577066700
    Sweep 80/87 CPU time = 2.609s (Wall time = 0.331s)

    vN Entropy at center bond b=151 = 0.000844251486
    Eigs at center bond b=151: 0.9999 
    Largest link dim during sweep 81/87 was 15
    Largest truncation error: 9.66434e-13
    Energy after sweep 81/87 is -600.023577066695
    Sweep 81/87 CPU time = 2.599s (Wall time = 0.331s)

    vN Entropy at center bond b=151 = 0.000844251486
    Eigs at center bond b=151: 0.9999 
    Largest link dim during sweep 82/87 was 15
    Largest truncation error: 9.66499e-13
    Energy after sweep 82/87 is -600.023577066698
    Sweep 82/87 CPU time = 2.586s (Wall time = 0.330s)

    vN Entropy at center bond b=151 = 0.000843910511
    Eigs at center bond b=151: 0.9999 
    Largest link dim during sweep 83/87 was 13
    Largest truncation error: 9.34553e-13
    Energy after sweep 83/87 is -600.023577066938
    Sweep 83/87 CPU time = 2.167s (Wall time = 0.279s)

    vN Entropy at center bond b=151 = 0.000843910782
    Eigs at center bond b=151: 0.9999 
    Largest link dim during sweep 84/87 was 20
    Largest truncation error: 9.98359e-15
    Energy after sweep 84/87 is -600.023577067638
    Sweep 84/87 CPU time = 2.859s (Wall time = 0.367s)

    vN Entropy at center bond b=151 = 0.000843910699
    Eigs at center bond b=151: 0.9999 
    Largest link dim during sweep 85/87 was 20
    Largest truncation error: 9.73729e-15
    Energy after sweep 85/87 is -600.023577067650
    Sweep 85/87 CPU time = 3.210s (Wall time = 0.410s)

    vN Entropy at center bond b=151 = 0.000843910698
    Eigs at center bond b=151: 0.9999 
    Largest link dim during sweep 86/87 was 20
    Largest truncation error: 9.5904e-15
    Energy after sweep 86/87 is -600.023577067650
    Sweep 86/87 CPU time = 3.239s (Wall time = 0.415s)

    vN Entropy at center bond b=151 = 0.000843910698
    Eigs at center bond b=151: 0.9999 
    Largest link dim during sweep 87/87 was 20
    Largest truncation error: 9.59265e-15
    Energy after sweep 87/87 is -600.023577067666
    Sweep 87/87 CPU time = 3.234s (Wall time = 0.414s)
Initial energy = 0.00000

Ground State Energy = -600.0235770677
run_outputs/outputpsi/N_303_sweep_87_t_0.030000_J_1.000000_V_0.600000_D_0.018000_U_-2.000000_mu_0.000000_E_0.030000 converge
Wall-clock time (s) = 136.072954
