//////////////////////////
Reading input file ......

Got input.N = 300
Got input.t = 0.03
Got input.J = 1
Got input.V = 0.6
Got input.D = 0.018
Got input.U = -2
Got input.mu = 0
Got input.E = 0.1
Got input.nsweeps = 87
Sweeps:
1  MaxDim=20, MinDim=20, Cutoff=1.0E-06, Niter=8, Noise=1.0E-05
2  MaxDim=20, MinDim=20, Cutoff=1.0E-06, Niter=8, Noise=1.0E-05
3  MaxDim=20, MinDim=20, Cutoff=1.0E-06, Niter=8, Noise=1.0E-05
4  MaxDim=20, MinDim=20, Cutoff=1.0E-06, Niter=8, Noise=1.0E-05
5  MaxDim=20, MinDim=20, Cutoff=1.0E-06, Niter=8, Noise=1.0E-05
6  MaxDim=20, MinDim=20, Cutoff=1.0E-06, Niter=8, Noise=1.0E-05
7  MaxDim=20, MinDim=20, Cutoff=1.0E-06, Niter=8, Noise=1.0E-05
8  MaxDim=40, MinDim=20, Cutoff=1.0E-06, Niter=4, Noise=1.0E-05
9  MaxDim=40, MinDim=20, Cutoff=1.0E-06, Niter=4, Noise=1.0E-05
10  MaxDim=40, MinDim=20, Cutoff=1.0E-06, Niter=4, Noise=1.0E-05
11  MaxDim=40, MinDim=20, Cutoff=1.0E-06, Niter=4, Noise=1.0E-05
12  MaxDim=40, MinDim=20, Cutoff=1.0E-06, Niter=4, Noise=1.0E-05
13  MaxDim=40, MinDim=20, Cutoff=1.0E-06, Niter=4, Noise=1.0E-05
14  MaxDim=40, MinDim=20, Cutoff=1.0E-06, Niter=4, Noise=1.0E-05
15  MaxDim=80, MinDim=10, Cutoff=1.0E-06, Niter=4, Noise=1.0E-05
16  MaxDim=80, MinDim=10, Cutoff=1.0E-06, Niter=4, Noise=1.0E-05
17  MaxDim=80, MinDim=10, Cutoff=1.0E-06, Niter=4, Noise=1.0E-05
18  MaxDim=80, MinDim=10, Cutoff=1.0E-06, Niter=4, Noise=1.0E-05
19  MaxDim=80, MinDim=10, Cutoff=1.0E-06, Niter=4, Noise=1.0E-05
20  MaxDim=80, MinDim=10, Cutoff=1.0E-06, Niter=4, Noise=1.0E-05
21  MaxDim=80, MinDim=10, Cutoff=1.0E-06, Niter=4, Noise=1.0E-05
22  MaxDim=80, MinDim=10, Cutoff=1.0E-06, Niter=4, Noise=1.0E-05
23  MaxDim=80, MinDim=10, Cutoff=1.0E-06, Niter=4, Noise=1.0E-05
24  MaxDim=80, MinDim=10, Cutoff=1.0E-06, Niter=4, Noise=1.0E-05
25  MaxDim=80, MinDim=10, Cutoff=1.0E-06, Niter=4, Noise=1.0E-05
26  MaxDim=80, MinDim=10, Cutoff=1.0E-06, Niter=4, Noise=1.0E-05
27  MaxDim=80, MinDim=10, Cutoff=1.0E-06, Niter=4, Noise=1.0E-05
28  MaxDim=80, MinDim=10, Cutoff=1.0E-06, Niter=4, Noise=1.0E-05
29  MaxDim=80, MinDim=10, Cutoff=1.0E-06, Niter=4, Noise=1.0E-05
30  MaxDim=80, MinDim=10, Cutoff=1.0E-06, Niter=4, Noise=1.0E-05
31  MaxDim=80, MinDim=10, Cutoff=1.0E-06, Niter=4, Noise=1.0E-05
32  MaxDim=80, MinDim=10, Cutoff=1.0E-06, Niter=4, Noise=1.0E-05
33  MaxDim=80, MinDim=10, Cutoff=1.0E-06, Niter=4, Noise=1.0E-05
34  MaxDim=80, MinDim=10, Cutoff=1.0E-06, Niter=4, Noise=1.0E-05
35  MaxDim=80, MinDim=10, Cutoff=1.0E-06, Niter=4, Noise=1.0E-05
36  MaxDim=80, MinDim=10, Cutoff=1.0E-06, Niter=4, Noise=1.0E-05
37  MaxDim=160, MinDim=10, Cutoff=1.0E-08, Niter=4, Noise=1.0E-06
38  MaxDim=160, MinDim=10, Cutoff=1.0E-08, Niter=4, Noise=1.0E-06
39  MaxDim=160, MinDim=10, Cutoff=1.0E-08, Niter=4, Noise=1.0E-06
40  MaxDim=160, MinDim=10, Cutoff=1.0E-08, Niter=4, Noise=1.0E-06
41  MaxDim=160, MinDim=10, Cutoff=1.0E-08, Niter=4, Noise=1.0E-06
42  MaxDim=160, MinDim=10, Cutoff=1.0E-08, Niter=4, Noise=1.0E-06
43  MaxDim=160, MinDim=10, Cutoff=1.0E-08, Niter=4, Noise=1.0E-06
44  MaxDim=160, MinDim=10, Cutoff=1.0E-08, Niter=4, Noise=1.0E-06
45  MaxDim=160, MinDim=10, Cutoff=1.0E-08, Niter=4, Noise=1.0E-06
46  MaxDim=160, MinDim=10, Cutoff=1.0E-08, Niter=4, Noise=1.0E-06
47  MaxDim=160, MinDim=10, Cutoff=1.0E-08, Niter=4, Noise=1.0E-06
48  MaxDim=160, MinDim=10, Cutoff=1.0E-08, Niter=4, Noise=1.0E-06
49  MaxDim=160, MinDim=10, Cutoff=1.0E-08, Niter=4, Noise=1.0E-06
50  MaxDim=160, MinDim=10, Cutoff=1.0E-08, Niter=4, Noise=1.0E-06
51  MaxDim=160, MinDim=10, Cutoff=1.0E-08, Niter=4, Noise=1.0E-06
52  MaxDim=160, MinDim=10, Cutoff=1.0E-08, Niter=4, Noise=1.0E-06
53  MaxDim=160, MinDim=10, Cutoff=1.0E-08, Niter=4, Noise=1.0E-06
54  MaxDim=160, MinDim=10, Cutoff=1.0E-08, Niter=4, Noise=1.0E-06
55  MaxDim=160, MinDim=10, Cutoff=1.0E-08, Niter=4, Noise=1.0E-06
56  MaxDim=160, MinDim=10, Cutoff=1.0E-08, Niter=4, Noise=1.0E-06
57  MaxDim=160, MinDim=10, Cutoff=1.0E-08, Niter=4, Noise=1.0E-06
58  MaxDim=160, MinDim=10, Cutoff=1.0E-08, Niter=4, Noise=1.0E-06
59  MaxDim=320, MinDim=10, Cutoff=1.0E-10, Niter=4, Noise=1.0E-07
60  MaxDim=320, MinDim=10, Cutoff=1.0E-10, Niter=4, Noise=1.0E-07
61  MaxDim=320, MinDim=10, Cutoff=1.0E-10, Niter=4, Noise=1.0E-07
62  MaxDim=320, MinDim=10, Cutoff=1.0E-10, Niter=4, Noise=1.0E-07
63  MaxDim=320, MinDim=10, Cutoff=1.0E-10, Niter=4, Noise=1.0E-07
64  MaxDim=320, MinDim=10, Cutoff=1.0E-10, Niter=4, Noise=1.0E-07
65  MaxDim=320, MinDim=10, Cutoff=1.0E-10, Niter=4, Noise=1.0E-07
66  MaxDim=320, MinDim=10, Cutoff=1.0E-10, Niter=4, Noise=1.0E-07
67  MaxDim=320, MinDim=10, Cutoff=1.0E-10, Niter=4, Noise=1.0E-07
68  MaxDim=320, MinDim=10, Cutoff=1.0E-10, Niter=4, Noise=1.0E-07
69  MaxDim=320, MinDim=10, Cutoff=1.0E-10, Niter=4, Noise=1.0E-07
70  MaxDim=320, MinDim=10, Cutoff=1.0E-10, Niter=4, Noise=1.0E-07
71  MaxDim=320, MinDim=10, Cutoff=1.0E-10, Niter=4, Noise=1.0E-07
72  MaxDim=320, MinDim=10, Cutoff=1.0E-10, Niter=4, Noise=1.0E-07
73  MaxDim=320, MinDim=10, Cutoff=1.0E-10, Niter=4, Noise=1.0E-07
74  MaxDim=320, MinDim=10, Cutoff=1.0E-10, Niter=4, Noise=1.0E-07
75  MaxDim=640, MinDim=10, Cutoff=1.0E-12, Niter=2, Noise=1.0E-08
76  MaxDim=640, MinDim=10, Cutoff=1.0E-12, Niter=2, Noise=1.0E-08
77  MaxDim=640, MinDim=10, Cutoff=1.0E-12, Niter=2, Noise=1.0E-08
78  MaxDim=640, MinDim=10, Cutoff=1.0E-12, Niter=2, Noise=1.0E-08
79  MaxDim=640, MinDim=10, Cutoff=1.0E-12, Niter=2, Noise=1.0E-08
80  MaxDim=640, MinDim=10, Cutoff=1.0E-12, Niter=2, Noise=1.0E-08
81  MaxDim=640, MinDim=10, Cutoff=1.0E-12, Niter=2, Noise=1.0E-08
82  MaxDim=640, MinDim=10, Cutoff=1.0E-12, Niter=2, Noise=1.0E-08
83  MaxDim=1280, MinDim=10, Cutoff=1.0E-12, Niter=2, Noise=0.0E+00
84  MaxDim=1280, MinDim=10, Cutoff=1.0E-14, Niter=2, Noise=0.0E+00
85  MaxDim=1280, MinDim=10, Cutoff=1.0E-14, Niter=2, Noise=0.0E+00
86  MaxDim=1280, MinDim=10, Cutoff=1.0E-14, Niter=2, Noise=0.0E+00
87  MaxDim=1280, MinDim=10, Cutoff=1.0E-14, Niter=2, Noise=0.0E+00


    vN Entropy at center bond b=150 = 0.001013628497
    Eigs at center bond b=150: 0.9999 
    Largest link dim during sweep 1/87 was 20
    Largest truncation error: 2.70043e-07
    Energy after sweep 1/87 is -594.023028286996
    Sweep 1/87 CPU time = 10.59s (Wall time = 1.373s)

    vN Entropy at center bond b=150 = 0.001016954426
    Eigs at center bond b=150: 0.9999 
    Largest link dim during sweep 2/87 was 20
    Largest truncation error: 7.11128e-12
    Energy after sweep 2/87 is -594.023347181367
    Sweep 2/87 CPU time = 15.36s (Wall time = 1.971s)

    vN Entropy at center bond b=150 = 0.001016954687
    Eigs at center bond b=150: 0.9999 
    Largest link dim during sweep 3/87 was 20
    Largest truncation error: 4.91356e-12
    Energy after sweep 3/87 is -594.023347181370
    Sweep 3/87 CPU time = 15.19s (Wall time = 1.950s)

    vN Entropy at center bond b=150 = 0.001016954687
    Eigs at center bond b=150: 0.9999 
    Largest link dim during sweep 4/87 was 20
    Largest truncation error: 4.91363e-12
    Energy after sweep 4/87 is -594.023347181375
    Sweep 4/87 CPU time = 15.22s (Wall time = 1.944s)

    vN Entropy at center bond b=150 = 0.001016954687
    Eigs at center bond b=150: 0.9999 
    Largest link dim during sweep 5/87 was 20
    Largest truncation error: 4.91374e-12
    Energy after sweep 5/87 is -594.023347181368
    Sweep 5/87 CPU time = 15.32s (Wall time = 1.965s)

    vN Entropy at center bond b=150 = 0.001016954687
    Eigs at center bond b=150: 0.9999 
    Largest link dim during sweep 6/87 was 20
    Largest truncation error: 4.91376e-12
    Energy after sweep 6/87 is -594.023347181378
    Sweep 6/87 CPU time = 15.20s (Wall time = 1.943s)

    vN Entropy at center bond b=150 = 0.001016954687
    Eigs at center bond b=150: 0.9999 
    Largest link dim during sweep 7/87 was 20
    Largest truncation error: 4.91348e-12
    Energy after sweep 7/87 is -594.023347181372
    Sweep 7/87 CPU time = 15.20s (Wall time = 1.953s)

    vN Entropy at center bond b=150 = 0.001016954771
    Eigs at center bond b=150: 0.9999 
    Largest link dim during sweep 8/87 was 21
    Largest truncation error: 4.91312e-12
    Energy after sweep 8/87 is -594.023347181369
    Sweep 8/87 CPU time = 8.335s (Wall time = 1.063s)

    vN Entropy at center bond b=150 = 0.001016954771
    Eigs at center bond b=150: 0.9999 
    Largest link dim during sweep 9/87 was 20
    Largest truncation error: 4.913e-12
    Energy after sweep 9/87 is -594.023347181370
    Sweep 9/87 CPU time = 8.311s (Wall time = 1.062s)

    vN Entropy at center bond b=150 = 0.001016954771
    Eigs at center bond b=150: 0.9999 
    Largest link dim during sweep 10/87 was 20
    Largest truncation error: 4.91366e-12
    Energy after sweep 10/87 is -594.023347181372
    Sweep 10/87 CPU time = 8.360s (Wall time = 1.069s)

    vN Entropy at center bond b=150 = 0.001016954771
    Eigs at center bond b=150: 0.9999 
    Largest link dim during sweep 11/87 was 20
    Largest truncation error: 4.9135e-12
    Energy after sweep 11/87 is -594.023347181367
    Sweep 11/87 CPU time = 8.273s (Wall time = 1.061s)

    vN Entropy at center bond b=150 = 0.001016954771
    Eigs at center bond b=150: 0.9999 
    Largest link dim during sweep 12/87 was 20
    Largest truncation error: 4.91319e-12
    Energy after sweep 12/87 is -594.023347181369
    Sweep 12/87 CPU time = 8.280s (Wall time = 1.061s)

    vN Entropy at center bond b=150 = 0.001016954771
    Eigs at center bond b=150: 0.9999 
    Largest link dim during sweep 13/87 was 20
    Largest truncation error: 4.91328e-12
    Energy after sweep 13/87 is -594.023347181372
    Sweep 13/87 CPU time = 8.320s (Wall time = 1.068s)

    vN Entropy at center bond b=150 = 0.001016954771
    Eigs at center bond b=150: 0.9999 
    Largest link dim during sweep 14/87 was 20
    Largest truncation error: 4.9133e-12
    Energy after sweep 14/87 is -594.023347181376
    Sweep 14/87 CPU time = 8.357s (Wall time = 1.071s)

    vN Entropy at center bond b=150 = 0.001016919573
    Eigs at center bond b=150: 0.9999 
    Largest link dim during sweep 15/87 was 10
    Largest truncation error: 1.47718e-09
    Energy after sweep 15/87 is -594.023347046349
    Sweep 15/87 CPU time = 4.017s (Wall time = 0.546s)

    vN Entropy at center bond b=150 = 0.001016919812
    Eigs at center bond b=150: 0.9999 
    Largest link dim during sweep 16/87 was 10
    Largest truncation error: 1.40978e-09
    Energy after sweep 16/87 is -594.023347046565
    Sweep 16/87 CPU time = 0.432s (Wall time = 0.434s)

    vN Entropy at center bond b=150 = 0.001016919812
    Eigs at center bond b=150: 0.9999 
    Largest link dim during sweep 17/87 was 10
    Largest truncation error: 1.40743e-09
    Energy after sweep 17/87 is -594.023347046562
    Sweep 17/87 CPU time = 0.434s (Wall time = 0.434s)

    vN Entropy at center bond b=150 = 0.001016919812
    Eigs at center bond b=150: 0.9999 
    Largest link dim during sweep 18/87 was 10
    Largest truncation error: 1.4073e-09
    Energy after sweep 18/87 is -594.023347046560
    Sweep 18/87 CPU time = 0.434s (Wall time = 0.436s)

    vN Entropy at center bond b=150 = 0.001016919812
    Eigs at center bond b=150: 0.9999 
    Largest link dim during sweep 19/87 was 10
    Largest truncation error: 1.4073e-09
    Energy after sweep 19/87 is -594.023347046562
    Sweep 19/87 CPU time = 0.435s (Wall time = 0.436s)

    vN Entropy at center bond b=150 = 0.001016919812
    Eigs at center bond b=150: 0.9999 
    Largest link dim during sweep 20/87 was 10
    Largest truncation error: 1.4073e-09
    Energy after sweep 20/87 is -594.023347046559
    Sweep 20/87 CPU time = 0.434s (Wall time = 0.435s)

    vN Entropy at center bond b=150 = 0.001016919812
    Eigs at center bond b=150: 0.9999 
    Largest link dim during sweep 21/87 was 10
    Largest truncation error: 1.4073e-09
    Energy after sweep 21/87 is -594.023347046567
    Sweep 21/87 CPU time = 0.435s (Wall time = 0.436s)

    vN Entropy at center bond b=150 = 0.001016919812
    Eigs at center bond b=150: 0.9999 
    Largest link dim during sweep 22/87 was 10
    Largest truncation error: 1.4073e-09
    Energy after sweep 22/87 is -594.023347046561
    Sweep 22/87 CPU time = 0.434s (Wall time = 0.436s)

    vN Entropy at center bond b=150 = 0.001016919812
    Eigs at center bond b=150: 0.9999 
    Largest link dim during sweep 23/87 was 10
    Largest truncation error: 1.4073e-09
    Energy after sweep 23/87 is -594.023347046559
    Sweep 23/87 CPU time = 0.433s (Wall time = 0.435s)

    vN Entropy at center bond b=150 = 0.001016919812
    Eigs at center bond b=150: 0.9999 
    Largest link dim during sweep 24/87 was 10
    Largest truncation error: 1.4073e-09
    Energy after sweep 24/87 is -594.023347046557
    Sweep 24/87 CPU time = 0.435s (Wall time = 0.436s)

    vN Entropy at center bond b=150 = 0.001016919812
    Eigs at center bond b=150: 0.9999 
    Largest link dim during sweep 25/87 was 10
    Largest truncation error: 1.4073e-09
    Energy after sweep 25/87 is -594.023347046558
    Sweep 25/87 CPU time = 0.435s (Wall time = 0.437s)

    vN Entropy at center bond b=150 = 0.001016919812
    Eigs at center bond b=150: 0.9999 
    Largest link dim during sweep 26/87 was 10
    Largest truncation error: 1.4073e-09
    Energy after sweep 26/87 is -594.023347046565
    Sweep 26/87 CPU time = 0.435s (Wall time = 0.436s)

    vN Entropy at center bond b=150 = 0.001016919812
    Eigs at center bond b=150: 0.9999 
    Largest link dim during sweep 27/87 was 10
    Largest truncation error: 1.4073e-09
    Energy after sweep 27/87 is -594.023347046560
    Sweep 27/87 CPU time = 0.434s (Wall time = 0.435s)

    vN Entropy at center bond b=150 = 0.001016919812
    Eigs at center bond b=150: 0.9999 
    Largest link dim during sweep 28/87 was 10
    Largest truncation error: 1.4073e-09
    Energy after sweep 28/87 is -594.023347046556
    Sweep 28/87 CPU time = 0.436s (Wall time = 0.437s)

    vN Entropy at center bond b=150 = 0.001016919812
    Eigs at center bond b=150: 0.9999 
    Largest link dim during sweep 29/87 was 10
    Largest truncation error: 1.4073e-09
    Energy after sweep 29/87 is -594.023347046562
    Sweep 29/87 CPU time = 0.434s (Wall time = 0.435s)

    vN Entropy at center bond b=150 = 0.001016919812
    Eigs at center bond b=150: 0.9999 
    Largest link dim during sweep 30/87 was 10
    Largest truncation error: 1.4073e-09
    Energy after sweep 30/87 is -594.023347046563
    Sweep 30/87 CPU time = 0.434s (Wall time = 0.435s)

    vN Entropy at center bond b=150 = 0.001016919812
    Eigs at center bond b=150: 0.9999 
    Largest link dim during sweep 31/87 was 10
    Largest truncation error: 1.4073e-09
    Energy after sweep 31/87 is -594.023347046560
    Sweep 31/87 CPU time = 0.435s (Wall time = 0.436s)

    vN Entropy at center bond b=150 = 0.001016919812
    Eigs at center bond b=150: 0.9999 
    Largest link dim during sweep 32/87 was 10
    Largest truncation error: 1.4073e-09
    Energy after sweep 32/87 is -594.023347046559
    Sweep 32/87 CPU time = 0.434s (Wall time = 0.435s)

    vN Entropy at center bond b=150 = 0.001016919812
    Eigs at center bond b=150: 0.9999 
    Largest link dim during sweep 33/87 was 10
    Largest truncation error: 1.4073e-09
    Energy after sweep 33/87 is -594.023347046562
    Sweep 33/87 CPU time = 0.436s (Wall time = 0.437s)

    vN Entropy at center bond b=150 = 0.001016919812
    Eigs at center bond b=150: 0.9999 
    Largest link dim during sweep 34/87 was 10
    Largest truncation error: 1.4073e-09
    Energy after sweep 34/87 is -594.023347046560
    Sweep 34/87 CPU time = 0.435s (Wall time = 0.436s)

    vN Entropy at center bond b=150 = 0.001016919812
    Eigs at center bond b=150: 0.9999 
    Largest link dim during sweep 35/87 was 10
    Largest truncation error: 1.4073e-09
    Energy after sweep 35/87 is -594.023347046558
    Sweep 35/87 CPU time = 0.434s (Wall time = 0.436s)

    vN Entropy at center bond b=150 = 0.001016919812
    Eigs at center bond b=150: 0.9999 
    Largest link dim during sweep 36/87 was 10
    Largest truncation error: 1.4073e-09
    Energy after sweep 36/87 is -594.023347046558
    Sweep 36/87 CPU time = 0.434s (Wall time = 0.435s)

    vN Entropy at center bond b=150 = 0.000872604473
    Eigs at center bond b=150: 0.9999 
    Largest link dim during sweep 37/87 was 10
    Largest truncation error: 3.56639e-10
    Energy after sweep 37/87 is -594.023347091087
    Sweep 37/87 CPU time = 0.433s (Wall time = 0.435s)

    vN Entropy at center bond b=150 = 0.000872604546
    Eigs at center bond b=150: 0.9999 
    Largest link dim during sweep 38/87 was 10
    Largest truncation error: 3.64953e-10
    Energy after sweep 38/87 is -594.023347091062
    Sweep 38/87 CPU time = 0.435s (Wall time = 0.436s)

    vN Entropy at center bond b=150 = 0.000872604547
    Eigs at center bond b=150: 0.9999 
    Largest link dim during sweep 39/87 was 10
    Largest truncation error: 3.66923e-10
    Energy after sweep 39/87 is -594.023347091037
    Sweep 39/87 CPU time = 0.434s (Wall time = 0.435s)

    vN Entropy at center bond b=150 = 0.000872604547
    Eigs at center bond b=150: 0.9999 
    Largest link dim during sweep 40/87 was 10
    Largest truncation error: 3.6723e-10
    Energy after sweep 40/87 is -594.023347091022
    Sweep 40/87 CPU time = 0.435s (Wall time = 0.436s)

    vN Entropy at center bond b=150 = 0.000872604547
    Eigs at center bond b=150: 0.9999 
    Largest link dim during sweep 41/87 was 10
    Largest truncation error: 3.67269e-10
    Energy after sweep 41/87 is -594.023347091019
    Sweep 41/87 CPU time = 0.435s (Wall time = 0.436s)

    vN Entropy at center bond b=150 = 0.000872604547
    Eigs at center bond b=150: 0.9999 
    Largest link dim during sweep 42/87 was 10
    Largest truncation error: 3.67273e-10
    Energy after sweep 42/87 is -594.023347091020
    Sweep 42/87 CPU time = 0.434s (Wall time = 0.435s)

    vN Entropy at center bond b=150 = 0.000872604547
    Eigs at center bond b=150: 0.9999 
    Largest link dim during sweep 43/87 was 10
    Largest truncation error: 3.67274e-10
    Energy after sweep 43/87 is -594.023347091017
    Sweep 43/87 CPU time = 0.434s (Wall time = 0.435s)

    vN Entropy at center bond b=150 = 0.000872604547
    Eigs at center bond b=150: 0.9999 
    Largest link dim during sweep 44/87 was 10
    Largest truncation error: 3.67274e-10
    Energy after sweep 44/87 is -594.023347091020
    Sweep 44/87 CPU time = 0.432s (Wall time = 0.434s)

    vN Entropy at center bond b=150 = 0.000872604547
    Eigs at center bond b=150: 0.9999 
    Largest link dim during sweep 45/87 was 10
    Largest truncation error: 3.67274e-10
    Energy after sweep 45/87 is -594.023347091018
    Sweep 45/87 CPU time = 0.435s (Wall time = 0.436s)

    vN Entropy at center bond b=150 = 0.000872604547
    Eigs at center bond b=150: 0.9999 
    Largest link dim during sweep 46/87 was 10
    Largest truncation error: 3.67274e-10
    Energy after sweep 46/87 is -594.023347091022
    Sweep 46/87 CPU time = 0.434s (Wall time = 0.435s)

    vN Entropy at center bond b=150 = 0.000872604547
    Eigs at center bond b=150: 0.9999 
    Largest link dim during sweep 47/87 was 10
    Largest truncation error: 3.67274e-10
    Energy after sweep 47/87 is -594.023347091023
    Sweep 47/87 CPU time = 0.435s (Wall time = 0.436s)

    vN Entropy at center bond b=150 = 0.000872604547
    Eigs at center bond b=150: 0.9999 
    Largest link dim during sweep 48/87 was 10
    Largest truncation error: 3.67274e-10
    Energy after sweep 48/87 is -594.023347091021
    Sweep 48/87 CPU time = 0.433s (Wall time = 0.434s)

    vN Entropy at center bond b=150 = 0.000872604547
    Eigs at center bond b=150: 0.9999 
    Largest link dim during sweep 49/87 was 10
    Largest truncation error: 3.67274e-10
    Energy after sweep 49/87 is -594.023347091021
    Sweep 49/87 CPU time = 0.433s (Wall time = 0.434s)

    vN Entropy at center bond b=150 = 0.000872604547
    Eigs at center bond b=150: 0.9999 
    Largest link dim during sweep 50/87 was 10
    Largest truncation error: 3.67274e-10
    Energy after sweep 50/87 is -594.023347091020
    Sweep 50/87 CPU time = 0.434s (Wall time = 0.435s)

    vN Entropy at center bond b=150 = 0.000872604547
    Eigs at center bond b=150: 0.9999 
    Largest link dim during sweep 51/87 was 10
    Largest truncation error: 3.67274e-10
    Energy after sweep 51/87 is -594.023347091015
    Sweep 51/87 CPU time = 0.434s (Wall time = 0.435s)

    vN Entropy at center bond b=150 = 0.000872604547
    Eigs at center bond b=150: 0.9999 
    Largest link dim during sweep 52/87 was 10
    Largest truncation error: 3.67274e-10
    Energy after sweep 52/87 is -594.023347091027
    Sweep 52/87 CPU time = 0.433s (Wall time = 0.434s)

    vN Entropy at center bond b=150 = 0.000872604547
    Eigs at center bond b=150: 0.9999 
    Largest link dim during sweep 53/87 was 10
    Largest truncation error: 3.67273e-10
    Energy after sweep 53/87 is -594.023347091015
    Sweep 53/87 CPU time = 0.434s (Wall time = 0.435s)

    vN Entropy at center bond b=150 = 0.000872604547
    Eigs at center bond b=150: 0.9999 
    Largest link dim during sweep 54/87 was 10
    Largest truncation error: 3.67274e-10
    Energy after sweep 54/87 is -594.023347091023
    Sweep 54/87 CPU time = 0.435s (Wall time = 0.436s)

    vN Entropy at center bond b=150 = 0.000872604547
    Eigs at center bond b=150: 0.9999 
    Largest link dim during sweep 55/87 was 10
    Largest truncation error: 3.67274e-10
    Energy after sweep 55/87 is -594.023347091016
    Sweep 55/87 CPU time = 0.434s (Wall time = 0.435s)

    vN Entropy at center bond b=150 = 0.000872604547
    Eigs at center bond b=150: 0.9999 
    Largest link dim during sweep 56/87 was 10
    Largest truncation error: 3.67274e-10
    Energy after sweep 56/87 is -594.023347091026
    Sweep 56/87 CPU time = 0.434s (Wall time = 0.435s)

    vN Entropy at center bond b=150 = 0.000872604547
    Eigs at center bond b=150: 0.9999 
    Largest link dim during sweep 57/87 was 10
    Largest truncation error: 3.67274e-10
    Energy after sweep 57/87 is -594.023347091020
    Sweep 57/87 CPU time = 0.433s (Wall time = 0.436s)

    vN Entropy at center bond b=150 = 0.000872604547
    Eigs at center bond b=150: 0.9999 
    Largest link dim during sweep 58/87 was 10
    Largest truncation error: 3.67274e-10
    Energy after sweep 58/87 is -594.023347091017
    Sweep 58/87 CPU time = 0.435s (Wall time = 0.436s)

    vN Entropy at center bond b=150 = 0.000845227882
    Eigs at center bond b=150: 0.9999 
    Largest link dim during sweep 59/87 was 11
    Largest truncation error: 9.74931e-11
    Energy after sweep 59/87 is -594.023347132563
    Sweep 59/87 CPU time = 0.436s (Wall time = 0.437s)

    vN Entropy at center bond b=150 = 0.000845228094
    Eigs at center bond b=150: 0.9999 
    Largest link dim during sweep 60/87 was 11
    Largest truncation error: 7.8267e-11
    Energy after sweep 60/87 is -594.023347132742
    Sweep 60/87 CPU time = 0.434s (Wall time = 0.436s)

    vN Entropy at center bond b=150 = 0.000845228094
    Eigs at center bond b=150: 0.9999 
    Largest link dim during sweep 61/87 was 11
    Largest truncation error: 7.84079e-11
    Energy after sweep 61/87 is -594.023347132769
    Sweep 61/87 CPU time = 0.435s (Wall time = 0.437s)

    vN Entropy at center bond b=150 = 0.000845228094
    Eigs at center bond b=150: 0.9999 
    Largest link dim during sweep 62/87 was 11
    Largest truncation error: 7.84116e-11
    Energy after sweep 62/87 is -594.023347132779
    Sweep 62/87 CPU time = 0.436s (Wall time = 0.437s)

    vN Entropy at center bond b=150 = 0.000845228094
    Eigs at center bond b=150: 0.9999 
    Largest link dim during sweep 63/87 was 11
    Largest truncation error: 7.841e-11
    Energy after sweep 63/87 is -594.023347132785
    Sweep 63/87 CPU time = 0.434s (Wall time = 0.435s)

    vN Entropy at center bond b=150 = 0.000845228094
    Eigs at center bond b=150: 0.9999 
    Largest link dim during sweep 64/87 was 11
    Largest truncation error: 7.8409e-11
    Energy after sweep 64/87 is -594.023347132791
    Sweep 64/87 CPU time = 0.434s (Wall time = 0.435s)

    vN Entropy at center bond b=150 = 0.000845228094
    Eigs at center bond b=150: 0.9999 
    Largest link dim during sweep 65/87 was 11
    Largest truncation error: 7.84093e-11
    Energy after sweep 65/87 is -594.023347132791
    Sweep 65/87 CPU time = 0.434s (Wall time = 0.435s)

    vN Entropy at center bond b=150 = 0.000845228094
    Eigs at center bond b=150: 0.9999 
    Largest link dim during sweep 66/87 was 11
    Largest truncation error: 7.84086e-11
    Energy after sweep 66/87 is -594.023347132796
    Sweep 66/87 CPU time = 0.434s (Wall time = 0.436s)

    vN Entropy at center bond b=150 = 0.000845228094
    Eigs at center bond b=150: 0.9999 
    Largest link dim during sweep 67/87 was 11
    Largest truncation error: 7.84082e-11
    Energy after sweep 67/87 is -594.023347132793
    Sweep 67/87 CPU time = 0.435s (Wall time = 0.436s)

    vN Entropy at center bond b=150 = 0.000845228094
    Eigs at center bond b=150: 0.9999 
    Largest link dim during sweep 68/87 was 11
    Largest truncation error: 7.84088e-11
    Energy after sweep 68/87 is -594.023347132794
    Sweep 68/87 CPU time = 0.436s (Wall time = 0.437s)

    vN Entropy at center bond b=150 = 0.000845228094
    Eigs at center bond b=150: 0.9999 
    Largest link dim during sweep 69/87 was 11
    Largest truncation error: 7.84083e-11
    Energy after sweep 69/87 is -594.023347132796
    Sweep 69/87 CPU time = 0.435s (Wall time = 0.436s)

    vN Entropy at center bond b=150 = 0.000845228094
    Eigs at center bond b=150: 0.9999 
    Largest link dim during sweep 70/87 was 11
    Largest truncation error: 7.84083e-11
    Energy after sweep 70/87 is -594.023347132806
    Sweep 70/87 CPU time = 0.436s (Wall time = 0.437s)

    vN Entropy at center bond b=150 = 0.000845228094
    Eigs at center bond b=150: 0.9999 
    Largest link dim during sweep 71/87 was 11
    Largest truncation error: 7.84081e-11
    Energy after sweep 71/87 is -594.023347132868
    Sweep 71/87 CPU time = 0.435s (Wall time = 0.436s)

    vN Entropy at center bond b=150 = 0.000845228094
    Eigs at center bond b=150: 0.9999 
    Largest link dim during sweep 72/87 was 11
    Largest truncation error: 7.84049e-11
    Energy after sweep 72/87 is -594.023347132895
    Sweep 72/87 CPU time = 0.434s (Wall time = 0.435s)

    vN Entropy at center bond b=150 = 0.000845228094
    Eigs at center bond b=150: 0.9999 
    Largest link dim during sweep 73/87 was 11
    Largest truncation error: 7.84022e-11
    Energy after sweep 73/87 is -594.023347132887
    Sweep 73/87 CPU time = 0.433s (Wall time = 0.436s)

    vN Entropy at center bond b=150 = 0.000845228094
    Eigs at center bond b=150: 0.9999 
    Largest link dim during sweep 74/87 was 11
    Largest truncation error: 7.84017e-11
    Energy after sweep 74/87 is -594.023347132899
    Sweep 74/87 CPU time = 0.435s (Wall time = 0.436s)

    vN Entropy at center bond b=150 = 0.000842218104
    Eigs at center bond b=150: 0.9999 
    Largest link dim during sweep 75/87 was 15
    Largest truncation error: 9.85917e-13
    Energy after sweep 75/87 is -594.023347181460
    Sweep 75/87 CPU time = 2.712s (Wall time = 0.353s)

    vN Entropy at center bond b=150 = 0.000842217869
    Eigs at center bond b=150: 0.9999 
    Largest link dim during sweep 76/87 was 15
    Largest truncation error: 9.66131e-13
    Energy after sweep 76/87 is -594.023347181456
    Sweep 76/87 CPU time = 3.062s (Wall time = 0.392s)

    vN Entropy at center bond b=150 = 0.000842217844
    Eigs at center bond b=150: 0.9999 
    Largest link dim during sweep 77/87 was 15
    Largest truncation error: 9.66441e-13
    Energy after sweep 77/87 is -594.023347181461
    Sweep 77/87 CPU time = 3.070s (Wall time = 0.393s)

    vN Entropy at center bond b=150 = 0.000842217844
    Eigs at center bond b=150: 0.9999 
    Largest link dim during sweep 78/87 was 15
    Largest truncation error: 9.66505e-13
    Energy after sweep 78/87 is -594.023347181461
    Sweep 78/87 CPU time = 3.055s (Wall time = 0.391s)

    vN Entropy at center bond b=150 = 0.000842217843
    Eigs at center bond b=150: 0.9999 
    Largest link dim during sweep 79/87 was 15
    Largest truncation error: 9.66427e-13
    Energy after sweep 79/87 is -594.023347181467
    Sweep 79/87 CPU time = 3.054s (Wall time = 0.392s)

    vN Entropy at center bond b=150 = 0.000842217843
    Eigs at center bond b=150: 0.9999 
    Largest link dim during sweep 80/87 was 15
    Largest truncation error: 9.66414e-13
    Energy after sweep 80/87 is -594.023347181461
    Sweep 80/87 CPU time = 3.027s (Wall time = 0.388s)

    vN Entropy at center bond b=150 = 0.000842217843
    Eigs at center bond b=150: 0.9999 
    Largest link dim during sweep 81/87 was 15
    Largest truncation error: 9.66476e-13
    Energy after sweep 81/87 is -594.023347181459
    Sweep 81/87 CPU time = 3.047s (Wall time = 0.390s)

    vN Entropy at center bond b=150 = 0.000842217843
    Eigs at center bond b=150: 0.9999 
    Largest link dim during sweep 82/87 was 15
    Largest truncation error: 9.66467e-13
    Energy after sweep 82/87 is -594.023347181459
    Sweep 82/87 CPU time = 3.050s (Wall time = 0.389s)

    vN Entropy at center bond b=150 = 0.000841875481
    Eigs at center bond b=150: 0.9999 
    Largest link dim during sweep 83/87 was 13
    Largest truncation error: 9.3456e-13
    Energy after sweep 83/87 is -594.023347181696
    Sweep 83/87 CPU time = 2.499s (Wall time = 0.322s)

    vN Entropy at center bond b=150 = 0.000841875746
    Eigs at center bond b=150: 0.9999 
    Largest link dim during sweep 84/87 was 20
    Largest truncation error: 9.98361e-15
    Energy after sweep 84/87 is -594.023347182397
    Sweep 84/87 CPU time = 3.559s (Wall time = 0.458s)

    vN Entropy at center bond b=150 = 0.000841875665
    Eigs at center bond b=150: 0.9999 
    Largest link dim during sweep 85/87 was 20
    Largest truncation error: 9.73729e-15
    Energy after sweep 85/87 is -594.023347182392
    Sweep 85/87 CPU time = 4.106s (Wall time = 0.525s)

    vN Entropy at center bond b=150 = 0.000841875663
    Eigs at center bond b=150: 0.9999 
    Largest link dim during sweep 86/87 was 20
    Largest truncation error: 9.5904e-15
    Energy after sweep 86/87 is -594.023347182401
    Sweep 86/87 CPU time = 4.115s (Wall time = 0.527s)

    vN Entropy at center bond b=150 = 0.000841875663
    Eigs at center bond b=150: 0.9999 
    Largest link dim during sweep 87/87 was 20
    Largest truncation error: 9.59265e-15
    Energy after sweep 87/87 is -594.023347182421
    Sweep 87/87 CPU time = 4.130s (Wall time = 0.526s)
Initial energy = 0.00000

Ground State Energy = -594.0233471824
run_outputs/outputpsi/N_300_sweep_87_t_0.030000_J_1.000000_V_0.600000_D_0.018000_U_-2.000000_mu_0.000000_E_0.100000 converge
Wall-clock time (s) = 146.902947
