//////////////////////////
Reading input file ......

Got input.N = 303
Got input.t = 0.03
Got input.J = 1
Got input.V = 0.6
Got input.D = 0.018
Got input.U = 5
Got input.mu = 0
Got input.E = 0.2
Got input.nsweeps = 87
Sweeps:
1  MaxDim=20, MinDim=20, Cutoff=1.0E-06, Niter=8, Noise=1.0E-05
2  MaxDim=20, MinDim=20, Cutoff=1.0E-06, Niter=8, Noise=1.0E-05
3  MaxDim=20, MinDim=20, Cutoff=1.0E-06, Niter=8, Noise=1.0E-05
4  MaxDim=20, MinDim=20, Cutoff=1.0E-06, Niter=8, Noise=1.0E-05
5  MaxDim=20, MinDim=20, Cutoff=1.0E-06, Niter=8, Noise=1.0E-05
6  MaxDim=20, MinDim=20, Cutoff=1.0E-06, Niter=8, Noise=1.0E-05
7  MaxDim=20, MinDim=20, Cutoff=1.0E-06, Niter=8, Noise=1.0E-05
8  MaxDim=40, MinDim=20, Cutoff=1.0E-06, Niter=4, Noise=1.0E-05
9  MaxDim=40, MinDim=20, Cutoff=1.0E-06, Niter=4, Noise=1.0E-05
10  MaxDim=40, MinDim=20, Cutoff=1.0E-06, Niter=4, Noise=1.0E-05
11  MaxDim=40, MinDim=20, Cutoff=1.0E-06, Niter=4, Noise=1.0E-05
12  MaxDim=40, MinDim=20, Cutoff=1.0E-06, Niter=4, Noise=1.0E-05
13  MaxDim=40, MinDim=20, Cutoff=1.0E-06, Niter=4, Noise=1.0E-05
14  MaxDim=40, MinDim=20, Cutoff=1.0E-06, Niter=4, Noise=1.0E-05
15  MaxDim=80, MinDim=10, Cutoff=1.0E-06, Niter=4, Noise=1.0E-05
16  MaxDim=80, MinDim=10, Cutoff=1.0E-06, Niter=4, Noise=1.0E-05
17  MaxDim=80, MinDim=10, Cutoff=1.0E-06, Niter=4, Noise=1.0E-05
18  MaxDim=80, MinDim=10, Cutoff=1.0E-06, Niter=4, Noise=1.0E-05
19  MaxDim=80, MinDim=10, Cutoff=1.0E-06, Niter=4, Noise=1.0E-05
20  MaxDim=80, MinDim=10, Cutoff=1.0E-06, Niter=4, Noise=1.0E-05
21  MaxDim=80, MinDim=10, Cutoff=1.0E-06, Niter=4, Noise=1.0E-05
22  MaxDim=80, MinDim=10, Cutoff=1.0E-06, Niter=4, Noise=1.0E-05
23  MaxDim=80, MinDim=10, Cutoff=1.0E-06, Niter=4, Noise=1.0E-05
24  MaxDim=80, MinDim=10, Cutoff=1.0E-06, Niter=4, Noise=1.0E-05
25  MaxDim=80, MinDim=10, Cutoff=1.0E-06, Niter=4, Noise=1.0E-05
26  MaxDim=80, MinDim=10, Cutoff=1.0E-06, Niter=4, Noise=1.0E-05
27  MaxDim=80, MinDim=10, Cutoff=1.0E-06, Niter=4, Noise=1.0E-05
28  MaxDim=80, MinDim=10, Cutoff=1.0E-06, Niter=4, Noise=1.0E-05
29  MaxDim=80, MinDim=10, Cutoff=1.0E-06, Niter=4, Noise=1.0E-05
30  MaxDim=80, MinDim=10, Cutoff=1.0E-06, Niter=4, Noise=1.0E-05
31  MaxDim=80, MinDim=10, Cutoff=1.0E-06, Niter=4, Noise=1.0E-05
32  MaxDim=80, MinDim=10, Cutoff=1.0E-06, Niter=4, Noise=1.0E-05
33  MaxDim=80, MinDim=10, Cutoff=1.0E-06, Niter=4, Noise=1.0E-05
34  MaxDim=80, MinDim=10, Cutoff=1.0E-06, Niter=4, Noise=1.0E-05
35  MaxDim=80, MinDim=10, Cutoff=1.0E-06, Niter=4, Noise=1.0E-05
36  MaxDim=80, MinDim=10, Cutoff=1.0E-06, Niter=4, Noise=1.0E-05
37  MaxDim=160, MinDim=10, Cutoff=1.0E-08, Niter=4, Noise=1.0E-06
38  MaxDim=160, MinDim=10, Cutoff=1.0E-08, Niter=4, Noise=1.0E-06
39  MaxDim=160, MinDim=10, Cutoff=1.0E-08, Niter=4, Noise=1.0E-06
40  MaxDim=160, MinDim=10, Cutoff=1.0E-08, Niter=4, Noise=1.0E-06
41  MaxDim=160, MinDim=10, Cutoff=1.0E-08, Niter=4, Noise=1.0E-06
42  MaxDim=160, MinDim=10, Cutoff=1.0E-08, Niter=4, Noise=1.0E-06
43  MaxDim=160, MinDim=10, Cutoff=1.0E-08, Niter=4, Noise=1.0E-06
44  MaxDim=160, MinDim=10, Cutoff=1.0E-08, Niter=4, Noise=1.0E-06
45  MaxDim=160, MinDim=10, Cutoff=1.0E-08, Niter=4, Noise=1.0E-06
46  MaxDim=160, MinDim=10, Cutoff=1.0E-08, Niter=4, Noise=1.0E-06
47  MaxDim=160, MinDim=10, Cutoff=1.0E-08, Niter=4, Noise=1.0E-06
48  MaxDim=160, MinDim=10, Cutoff=1.0E-08, Niter=4, Noise=1.0E-06
49  MaxDim=160, MinDim=10, Cutoff=1.0E-08, Niter=4, Noise=1.0E-06
50  MaxDim=160, MinDim=10, Cutoff=1.0E-08, Niter=4, Noise=1.0E-06
51  MaxDim=160, MinDim=10, Cutoff=1.0E-08, Niter=4, Noise=1.0E-06
52  MaxDim=160, MinDim=10, Cutoff=1.0E-08, Niter=4, Noise=1.0E-06
53  MaxDim=160, MinDim=10, Cutoff=1.0E-08, Niter=4, Noise=1.0E-06
54  MaxDim=160, MinDim=10, Cutoff=1.0E-08, Niter=4, Noise=1.0E-06
55  MaxDim=160, MinDim=10, Cutoff=1.0E-08, Niter=4, Noise=1.0E-06
56  MaxDim=160, MinDim=10, Cutoff=1.0E-08, Niter=4, Noise=1.0E-06
57  MaxDim=160, MinDim=10, Cutoff=1.0E-08, Niter=4, Noise=1.0E-06
58  MaxDim=160, MinDim=10, Cutoff=1.0E-08, Niter=4, Noise=1.0E-06
59  MaxDim=320, MinDim=10, Cutoff=1.0E-10, Niter=4, Noise=1.0E-07
60  MaxDim=320, MinDim=10, Cutoff=1.0E-10, Niter=4, Noise=1.0E-07
61  MaxDim=320, MinDim=10, Cutoff=1.0E-10, Niter=4, Noise=1.0E-07
62  MaxDim=320, MinDim=10, Cutoff=1.0E-10, Niter=4, Noise=1.0E-07
63  MaxDim=320, MinDim=10, Cutoff=1.0E-10, Niter=4, Noise=1.0E-07
64  MaxDim=320, MinDim=10, Cutoff=1.0E-10, Niter=4, Noise=1.0E-07
65  MaxDim=320, MinDim=10, Cutoff=1.0E-10, Niter=4, Noise=1.0E-07
66  MaxDim=320, MinDim=10, Cutoff=1.0E-10, Niter=4, Noise=1.0E-07
67  MaxDim=320, MinDim=10, Cutoff=1.0E-10, Niter=4, Noise=1.0E-07
68  MaxDim=320, MinDim=10, Cutoff=1.0E-10, Niter=4, Noise=1.0E-07
69  MaxDim=320, MinDim=10, Cutoff=1.0E-10, Niter=4, Noise=1.0E-07
70  MaxDim=320, MinDim=10, Cutoff=1.0E-10, Niter=4, Noise=1.0E-07
71  MaxDim=320, MinDim=10, Cutoff=1.0E-10, Niter=4, Noise=1.0E-07
72  MaxDim=320, MinDim=10, Cutoff=1.0E-10, Niter=4, Noise=1.0E-07
73  MaxDim=320, MinDim=10, Cutoff=1.0E-10, Niter=4, Noise=1.0E-07
74  MaxDim=320, MinDim=10, Cutoff=1.0E-10, Niter=4, Noise=1.0E-07
75  MaxDim=640, MinDim=10, Cutoff=1.0E-12, Niter=2, Noise=1.0E-08
76  MaxDim=640, MinDim=10, Cutoff=1.0E-12, Niter=2, Noise=1.0E-08
77  MaxDim=640, MinDim=10, Cutoff=1.0E-12, Niter=2, Noise=1.0E-08
78  MaxDim=640, MinDim=10, Cutoff=1.0E-12, Niter=2, Noise=1.0E-08
79  MaxDim=640, MinDim=10, Cutoff=1.0E-12, Niter=2, Noise=1.0E-08
80  MaxDim=640, MinDim=10, Cutoff=1.0E-12, Niter=2, Noise=1.0E-08
81  MaxDim=640, MinDim=10, Cutoff=1.0E-12, Niter=2, Noise=1.0E-08
82  MaxDim=640, MinDim=10, Cutoff=1.0E-12, Niter=2, Noise=1.0E-08
83  MaxDim=1280, MinDim=10, Cutoff=1.0E-12, Niter=2, Noise=0.0E+00
84  MaxDim=1280, MinDim=10, Cutoff=1.0E-14, Niter=2, Noise=0.0E+00
85  MaxDim=1280, MinDim=10, Cutoff=1.0E-14, Niter=2, Noise=0.0E+00
86  MaxDim=1280, MinDim=10, Cutoff=1.0E-14, Niter=2, Noise=0.0E+00
87  MaxDim=1280, MinDim=10, Cutoff=1.0E-14, Niter=2, Noise=0.0E+00


    vN Entropy at center bond b=151 = 0.672584758021
    Eigs at center bond b=151: 0.7892 0.1648 0.0299 0.0106 0.0030 0.0015 
    Largest link dim during sweep 1/87 was 20
    Largest truncation error: 3.59588e-06
    Energy after sweep 1/87 is -124.017039715155
    Sweep 1/87 CPU time = 10.71s (Wall time = 1.388s)

    vN Entropy at center bond b=151 = 0.834075285077
    Eigs at center bond b=151: 0.7308 0.1965 0.0426 0.0126 0.0084 0.0042 0.0029 0.0011 
    Largest link dim during sweep 2/87 was 20
    Largest truncation error: 1.04373e-05
    Energy after sweep 2/87 is -124.126190460546
    Sweep 2/87 CPU time = 15.08s (Wall time = 1.947s)

    vN Entropy at center bond b=151 = 0.858275770441
    Eigs at center bond b=151: 0.7222 0.2002 0.0451 0.0127 0.0094 0.0050 0.0030 0.0013 
    Largest link dim during sweep 3/87 was 20
    Largest truncation error: 1.24618e-05
    Energy after sweep 3/87 is -124.128679269246
    Sweep 3/87 CPU time = 14.89s (Wall time = 1.918s)

    vN Entropy at center bond b=151 = 0.862735627401
    Eigs at center bond b=151: 0.7205 0.2011 0.0454 0.0127 0.0095 0.0051 0.0030 0.0013 
    Largest link dim during sweep 4/87 was 20
    Largest truncation error: 1.4427e-05
    Energy after sweep 4/87 is -124.129465060205
    Sweep 4/87 CPU time = 14.80s (Wall time = 1.906s)

    vN Entropy at center bond b=151 = 0.864655922160
    Eigs at center bond b=151: 0.7198 0.2015 0.0456 0.0127 0.0096 0.0052 0.0030 0.0013 
    Largest link dim during sweep 5/87 was 20
    Largest truncation error: 1.488e-05
    Energy after sweep 5/87 is -124.129779126537
    Sweep 5/87 CPU time = 14.70s (Wall time = 1.888s)

    vN Entropy at center bond b=151 = 0.865436346515
    Eigs at center bond b=151: 0.7195 0.2018 0.0456 0.0127 0.0096 0.0052 0.0030 0.0014 
    Largest link dim during sweep 6/87 was 20
    Largest truncation error: 1.46738e-05
    Energy after sweep 6/87 is -124.129881374735
    Sweep 6/87 CPU time = 14.70s (Wall time = 1.889s)

    vN Entropy at center bond b=151 = 0.865698404677
    Eigs at center bond b=151: 0.7193 0.2019 0.0456 0.0127 0.0096 0.0053 0.0030 0.0014 
    Largest link dim during sweep 7/87 was 20
    Largest truncation error: 1.45509e-05
    Energy after sweep 7/87 is -124.129922303795
    Sweep 7/87 CPU time = 12.96s (Wall time = 1.659s)

    vN Entropy at center bond b=151 = 0.911692101560
    Eigs at center bond b=151: 0.7043 0.2078 0.0492 0.0132 0.0112 0.0070 0.0033 0.0019 
    Largest link dim during sweep 8/87 was 40
    Largest truncation error: 1.08281e-06
    Energy after sweep 8/87 is -124.166045777521
    Sweep 8/87 CPU time = 14.10s (Wall time = 1.811s)

    vN Entropy at center bond b=151 = 0.972470435552
    Eigs at center bond b=151: 0.6822 0.2186 0.0526 0.0143 0.0129 0.0095 0.0039 0.0026 
    Largest link dim during sweep 9/87 was 40
    Largest truncation error: 2.45418e-06
    Energy after sweep 9/87 is -124.170042978869
    Sweep 9/87 CPU time = 20.42s (Wall time = 2.619s)

    vN Entropy at center bond b=151 = 0.995655556544
    Eigs at center bond b=151: 0.6718 0.2260 0.0523 0.0153 0.0132 0.0104 0.0044 0.0029 0.0012 
    Largest link dim during sweep 10/87 was 40
    Largest truncation error: 2.78886e-06
    Energy after sweep 10/87 is -124.170489284133
    Sweep 10/87 CPU time = 19.95s (Wall time = 2.559s)

    vN Entropy at center bond b=151 = 1.006034333821
    Eigs at center bond b=151: 0.6663 0.2308 0.0515 0.0159 0.0132 0.0108 0.0047 0.0030 0.0013 
    Largest link dim during sweep 11/87 was 40
    Largest truncation error: 2.9251e-06
    Energy after sweep 11/87 is -124.170615640920
    Sweep 11/87 CPU time = 19.98s (Wall time = 2.557s)

    vN Entropy at center bond b=151 = 1.011986120408
    Eigs at center bond b=151: 0.6628 0.2338 0.0508 0.0164 0.0131 0.0109 0.0049 0.0030 0.0013 
    Largest link dim during sweep 12/87 was 40
    Largest truncation error: 3.00753e-06
    Energy after sweep 12/87 is -124.170671544724
    Sweep 12/87 CPU time = 21.26s (Wall time = 2.735s)

    vN Entropy at center bond b=151 = 1.015840547624
    Eigs at center bond b=151: 0.6606 0.2359 0.0504 0.0168 0.0131 0.0110 0.0051 0.0031 0.0014 
    Largest link dim during sweep 13/87 was 40
    Largest truncation error: 3.07023e-06
    Energy after sweep 13/87 is -124.170699300748
    Sweep 13/87 CPU time = 22.75s (Wall time = 2.917s)

    vN Entropy at center bond b=151 = 1.018420936632
    Eigs at center bond b=151: 0.6590 0.2373 0.0501 0.0170 0.0130 0.0110 0.0052 0.0031 0.0014 
    Largest link dim during sweep 14/87 was 40
    Largest truncation error: 3.11039e-06
    Energy after sweep 14/87 is -124.170711826079
    Sweep 14/87 CPU time = 22.80s (Wall time = 2.929s)

    vN Entropy at center bond b=151 = 1.050130834001
    Eigs at center bond b=151: 0.6459 0.2449 0.0506 0.0191 0.0138 0.0113 0.0061 0.0032 0.0017 
    Largest link dim during sweep 15/87 was 60
    Largest truncation error: 7.28885e-07
    Energy after sweep 15/87 is -124.175910550549
    Sweep 15/87 CPU time = 34.42s (Wall time = 4.427s)

    vN Entropy at center bond b=151 = 1.110848798718
    Eigs at center bond b=151: 0.6164 0.2647 0.0499 0.0242 0.0149 0.0115 0.0082 0.0035 0.0023 0.0011 
    Largest link dim during sweep 16/87 was 66
    Largest truncation error: 7.5268e-07
    Energy after sweep 16/87 is -124.177718822829
    Sweep 16/87 CPU time = 44.36s (Wall time = 5.706s)

    vN Entropy at center bond b=151 = 1.178053258887
    Eigs at center bond b=151: 0.5761 0.2945 0.0478 0.0299 0.0168 0.0125 0.0098 0.0038 0.0030 0.0014 
    Largest link dim during sweep 17/87 was 71
    Largest truncation error: 6.99172e-07
    Energy after sweep 17/87 is -124.179020678968
    Sweep 17/87 CPU time = 55.22s (Wall time = 7.084s)

    vN Entropy at center bond b=151 = 1.237866800405
    Eigs at center bond b=151: 0.5295 0.3313 0.0459 0.0342 0.0200 0.0147 0.0097 0.0041 0.0035 0.0018 
    Largest link dim during sweep 18/87 was 74
    Largest truncation error: 7.3305e-07
    Energy after sweep 18/87 is -124.180001943464
    Sweep 18/87 CPU time = 1m, 8.3s (Wall time = 8.782s)

    vN Entropy at center bond b=151 = 1.273857851185
    Eigs at center bond b=151: 0.4925 0.3620 0.0452 0.0360 0.0226 0.0162 0.0094 0.0044 0.0036 0.0024 
    Largest link dim during sweep 19/87 was 76
    Largest truncation error: 7.34947e-07
    Energy after sweep 19/87 is -124.180542454268
    Sweep 19/87 CPU time = 1m, 16.7s (Wall time = 9.860s)

    vN Entropy at center bond b=151 = 1.289270885271
    Eigs at center bond b=151: 0.4733 0.3781 0.0451 0.0367 0.0237 0.0170 0.0093 0.0045 0.0035 0.0028 
    Largest link dim during sweep 20/87 was 78
    Largest truncation error: 7.33713e-07
    Energy after sweep 20/87 is -124.180780006678
    Sweep 20/87 CPU time = 1m, 22.5s (Wall time = 10.58s)

    vN Entropy at center bond b=151 = 1.295186588607
    Eigs at center bond b=151: 0.4661 0.3840 0.0452 0.0370 0.0241 0.0173 0.0092 0.0045 0.0034 0.0029 
    Largest link dim during sweep 21/87 was 78
    Largest truncation error: 7.34384e-07
    Energy after sweep 21/87 is -124.180880883778
    Sweep 21/87 CPU time = 1m, 24.9s (Wall time = 10.92s)

    vN Entropy at center bond b=151 = 1.297533875326
    Eigs at center bond b=151: 0.4637 0.3858 0.0452 0.0372 0.0242 0.0174 0.0092 0.0045 0.0034 0.0030 
    Largest link dim during sweep 22/87 was 79
    Largest truncation error: 7.34923e-07
    Energy after sweep 22/87 is -124.180927195191
    Sweep 22/87 CPU time = 1m, 24.1s (Wall time = 10.78s)

    vN Entropy at center bond b=151 = 1.298523947063
    Eigs at center bond b=151: 0.4629 0.3863 0.0453 0.0372 0.0243 0.0175 0.0092 0.0045 0.0034 0.0031 
    Largest link dim during sweep 23/87 was 79
    Largest truncation error: 7.35151e-07
    Energy after sweep 23/87 is -124.180941738874
    Sweep 23/87 CPU time = 1m, 24.3s (Wall time = 10.82s)

    vN Entropy at center bond b=151 = 1.298955218421
    Eigs at center bond b=151: 0.4627 0.3865 0.0453 0.0372 0.0243 0.0175 0.0092 0.0045 0.0034 0.0031 
    Largest link dim during sweep 24/87 was 79
    Largest truncation error: 7.35253e-07
    Energy after sweep 24/87 is -124.180952958375
    Sweep 24/87 CPU time = 1m, 25.0s (Wall time = 10.94s)

    vN Entropy at center bond b=151 = 1.299268316581
    Eigs at center bond b=151: 0.4625 0.3865 0.0453 0.0373 0.0243 0.0175 0.0092 0.0045 0.0034 0.0031 
    Largest link dim during sweep 25/87 was 79
    Largest truncation error: 7.35296e-07
    Energy after sweep 25/87 is -124.180956409636
    Sweep 25/87 CPU time = 1m, 27.3s (Wall time = 11.21s)

    vN Entropy at center bond b=151 = 1.299414639574
    Eigs at center bond b=151: 0.4625 0.3865 0.0453 0.0373 0.0243 0.0175 0.0092 0.0045 0.0034 0.0031 
    Largest link dim during sweep 26/87 was 79
    Largest truncation error: 7.35314e-07
    Energy after sweep 26/87 is -124.180958947314
    Sweep 26/87 CPU time = 1m, 26.0s (Wall time = 11.03s)

    vN Entropy at center bond b=151 = 1.299471087063
    Eigs at center bond b=151: 0.4625 0.3865 0.0453 0.0373 0.0243 0.0175 0.0092 0.0045 0.0034 0.0031 
    Largest link dim during sweep 27/87 was 79
    Largest truncation error: 7.35323e-07
    Energy after sweep 27/87 is -124.180959151537
    Sweep 27/87 CPU time = 1m, 25.5s (Wall time = 10.99s)

    vN Entropy at center bond b=151 = 1.299502250027
    Eigs at center bond b=151: 0.4625 0.3865 0.0453 0.0373 0.0243 0.0175 0.0092 0.0045 0.0034 0.0031 
    Largest link dim during sweep 28/87 was 79
    Largest truncation error: 7.35331e-07
    Energy after sweep 28/87 is -124.180960110218
    Sweep 28/87 CPU time = 1m, 27.3s (Wall time = 11.21s)

    vN Entropy at center bond b=151 = 1.299530314114
    Eigs at center bond b=151: 0.4625 0.3865 0.0453 0.0373 0.0243 0.0175 0.0092 0.0045 0.0034 0.0031 
    Largest link dim during sweep 29/87 was 79
    Largest truncation error: 7.35338e-07
    Energy after sweep 29/87 is -124.180960691699
    Sweep 29/87 CPU time = 1m, 28.1s (Wall time = 11.30s)

    vN Entropy at center bond b=151 = 1.299541438475
    Eigs at center bond b=151: 0.4625 0.3865 0.0453 0.0373 0.0243 0.0175 0.0092 0.0045 0.0034 0.0031 
    Largest link dim during sweep 30/87 was 79
    Largest truncation error: 7.35341e-07
    Energy after sweep 30/87 is -124.180960777035
    Sweep 30/87 CPU time = 1m, 25.8s (Wall time = 11.01s)

    vN Entropy at center bond b=151 = 1.299545106741
    Eigs at center bond b=151: 0.4625 0.3865 0.0453 0.0373 0.0243 0.0175 0.0092 0.0045 0.0034 0.0031 
    Largest link dim during sweep 31/87 was 79
    Largest truncation error: 7.35343e-07
    Energy after sweep 31/87 is -124.180961289780
    Sweep 31/87 CPU time = 1m, 10.2s (Wall time = 8.993s)

    vN Entropy at center bond b=151 = 1.299547655242
    Eigs at center bond b=151: 0.4625 0.3865 0.0453 0.0373 0.0243 0.0175 0.0092 0.0045 0.0034 0.0031 
    Largest link dim during sweep 32/87 was 79
    Largest truncation error: 7.35344e-07
    Energy after sweep 32/87 is -124.180961352278
    Sweep 32/87 CPU time = 1m, 7.6s (Wall time = 8.676s)

    vN Entropy at center bond b=151 = 1.299549261359
    Eigs at center bond b=151: 0.4625 0.3865 0.0453 0.0373 0.0243 0.0175 0.0092 0.0045 0.0034 0.0031 
    Largest link dim during sweep 33/87 was 79
    Largest truncation error: 7.35345e-07
    Energy after sweep 33/87 is -124.180961412477
    Sweep 33/87 CPU time = 1m, 26.7s (Wall time = 11.14s)

    vN Entropy at center bond b=151 = 1.299550707907
    Eigs at center bond b=151: 0.4625 0.3865 0.0453 0.0373 0.0243 0.0175 0.0092 0.0045 0.0034 0.0031 
    Largest link dim during sweep 34/87 was 79
    Largest truncation error: 7.35346e-07
    Energy after sweep 34/87 is -124.180961503626
    Sweep 34/87 CPU time = 1m, 27.9s (Wall time = 11.29s)

    vN Entropy at center bond b=151 = 1.299552984574
    Eigs at center bond b=151: 0.4625 0.3865 0.0453 0.0373 0.0243 0.0175 0.0092 0.0045 0.0034 0.0031 
    Largest link dim during sweep 35/87 was 79
    Largest truncation error: 7.35348e-07
    Energy after sweep 35/87 is -124.180961627672
    Sweep 35/87 CPU time = 1m, 27.6s (Wall time = 11.24s)

    vN Entropy at center bond b=151 = 1.299556008866
    Eigs at center bond b=151: 0.4625 0.3865 0.0453 0.0373 0.0243 0.0175 0.0092 0.0045 0.0034 0.0031 
    Largest link dim during sweep 36/87 was 79
    Largest truncation error: 7.35351e-07
    Energy after sweep 36/87 is -124.180961742788
    Sweep 36/87 CPU time = 1m, 30.8s (Wall time = 11.67s)

    vN Entropy at center bond b=151 = 1.334535116105
    Eigs at center bond b=151: 0.4562 0.3827 0.0474 0.0395 0.0263 0.0188 0.0093 0.0046 0.0038 0.0036 
    Largest link dim during sweep 37/87 was 160
    Largest truncation error: 1.31152e-08
    Energy after sweep 37/87 is -124.183736164686
    Sweep 37/87 CPU time = 4m, 50.0s (Wall time = 39.08s)

    vN Entropy at center bond b=151 = 1.362312377846
    Eigs at center bond b=151: 0.4508 0.3803 0.0487 0.0412 0.0274 0.0199 0.0094 0.0047 0.0041 0.0040 
    Largest link dim during sweep 38/87 was 160
    Largest truncation error: 3.65313e-08
    Energy after sweep 38/87 is -124.183838458940
    Sweep 38/87 CPU time = 7m, 7.0s (Wall time = 58.69s)

    vN Entropy at center bond b=151 = 1.365528949933
    Eigs at center bond b=151: 0.4502 0.3801 0.0488 0.0414 0.0275 0.0200 0.0094 0.0047 0.0041 0.0041 
    Largest link dim during sweep 39/87 was 160
    Largest truncation error: 4.052e-08
    Energy after sweep 39/87 is -124.183841747224
    Sweep 39/87 CPU time = 7m, 24.0s (Wall time = 59.50s)

    vN Entropy at center bond b=151 = 1.365943719048
    Eigs at center bond b=151: 0.4502 0.3801 0.0488 0.0414 0.0275 0.0200 0.0094 0.0047 0.0041 0.0041 
    Largest link dim during sweep 40/87 was 160
    Largest truncation error: 4.14499e-08
    Energy after sweep 40/87 is -124.183841955084
    Sweep 40/87 CPU time = 7m, 2.2s (Wall time = 58.34s)

    vN Entropy at center bond b=151 = 1.366021590726
    Eigs at center bond b=151: 0.4501 0.3801 0.0488 0.0414 0.0275 0.0200 0.0094 0.0047 0.0041 0.0041 
    Largest link dim during sweep 41/87 was 160
    Largest truncation error: 4.15204e-08
    Energy after sweep 41/87 is -124.183841981952
    Sweep 41/87 CPU time = 7m, 29.7s (Wall time = 1m, 0.8s)

    vN Entropy at center bond b=151 = 1.366040618896
    Eigs at center bond b=151: 0.4501 0.3801 0.0488 0.0414 0.0275 0.0200 0.0094 0.0047 0.0041 0.0041 
    Largest link dim during sweep 42/87 was 160
    Largest truncation error: 4.18662e-08
    Energy after sweep 42/87 is -124.183842012845
    Sweep 42/87 CPU time = 7m, 38.5s (Wall time = 1m, 4.1s)

    vN Entropy at center bond b=151 = 1.366046305519
    Eigs at center bond b=151: 0.4501 0.3801 0.0488 0.0414 0.0275 0.0200 0.0094 0.0047 0.0041 0.0041 
    Largest link dim during sweep 43/87 was 160
    Largest truncation error: 4.19212e-08
    Energy after sweep 43/87 is -124.183842020705
    Sweep 43/87 CPU time = 7m, 8.9s (Wall time = 57.83s)

    vN Entropy at center bond b=151 = 1.366048190601
    Eigs at center bond b=151: 0.4501 0.3801 0.0488 0.0414 0.0275 0.0200 0.0094 0.0047 0.0041 0.0041 
    Largest link dim during sweep 44/87 was 160
    Largest truncation error: 4.19381e-08
    Energy after sweep 44/87 is -124.183842024487
    Sweep 44/87 CPU time = 7m, 27.6s (Wall time = 1m, 2.5s)

    vN Entropy at center bond b=151 = 1.366048981668
    Eigs at center bond b=151: 0.4501 0.3801 0.0488 0.0414 0.0275 0.0200 0.0094 0.0047 0.0041 0.0041 
    Largest link dim during sweep 45/87 was 160
    Largest truncation error: 4.19458e-08
    Energy after sweep 45/87 is -124.183842021173
    Sweep 45/87 CPU time = 7m, 30.8s (Wall time = 1m, 1.9s)

    vN Entropy at center bond b=151 = 1.366049459076
    Eigs at center bond b=151: 0.4501 0.3801 0.0488 0.0414 0.0275 0.0200 0.0094 0.0047 0.0041 0.0041 
    Largest link dim during sweep 46/87 was 160
    Largest truncation error: 4.19508e-08
    Energy after sweep 46/87 is -124.183842021289
    Sweep 46/87 CPU time = 7m, 33.2s (Wall time = 1m, 3.3s)

    vN Entropy at center bond b=151 = 1.366049779566
    Eigs at center bond b=151: 0.4501 0.3801 0.0488 0.0414 0.0275 0.0200 0.0094 0.0047 0.0041 0.0041 
    Largest link dim during sweep 47/87 was 160
    Largest truncation error: 4.19539e-08
    Energy after sweep 47/87 is -124.183842021717
    Sweep 47/87 CPU time = 7m, 5.3s (Wall time = 58.94s)

    vN Entropy at center bond b=151 = 1.366049979005
    Eigs at center bond b=151: 0.4501 0.3801 0.0488 0.0414 0.0275 0.0200 0.0094 0.0047 0.0041 0.0041 
    Largest link dim during sweep 48/87 was 160
    Largest truncation error: 4.19552e-08
    Energy after sweep 48/87 is -124.183842021974
    Sweep 48/87 CPU time = 7m, 34.8s (Wall time = 1m, 3.2s)

    vN Entropy at center bond b=151 = 1.366050114834
    Eigs at center bond b=151: 0.4501 0.3801 0.0488 0.0414 0.0275 0.0200 0.0094 0.0047 0.0041 0.0041 
    Largest link dim during sweep 49/87 was 160
    Largest truncation error: 4.19551e-08
    Energy after sweep 49/87 is -124.183842022214
    Sweep 49/87 CPU time = 7m, 36.2s (Wall time = 1m, 3.5s)

    vN Entropy at center bond b=151 = 1.366050225162
    Eigs at center bond b=151: 0.4501 0.3801 0.0488 0.0414 0.0275 0.0200 0.0094 0.0047 0.0041 0.0041 
    Largest link dim during sweep 50/87 was 160
    Largest truncation error: 4.19543e-08
    Energy after sweep 50/87 is -124.183842022463
    Sweep 50/87 CPU time = 7m, 4.9s (Wall time = 59.03s)

    vN Entropy at center bond b=151 = 1.366050318610
    Eigs at center bond b=151: 0.4501 0.3801 0.0488 0.0414 0.0275 0.0200 0.0094 0.0047 0.0041 0.0041 
    Largest link dim during sweep 51/87 was 160
    Largest truncation error: 4.1953e-08
    Energy after sweep 51/87 is -124.183842022856
    Sweep 51/87 CPU time = 7m, 36.7s (Wall time = 1m, 3.6s)

    vN Entropy at center bond b=151 = 1.366050392310
    Eigs at center bond b=151: 0.4501 0.3801 0.0488 0.0414 0.0275 0.0200 0.0094 0.0047 0.0041 0.0041 
    Largest link dim during sweep 52/87 was 160
    Largest truncation error: 4.19516e-08
    Energy after sweep 52/87 is -124.183842023591
    Sweep 52/87 CPU time = 7m, 2.0s (Wall time = 58.49s)

    vN Entropy at center bond b=151 = 1.366050445151
    Eigs at center bond b=151: 0.4501 0.3801 0.0488 0.0414 0.0275 0.0200 0.0094 0.0047 0.0041 0.0041 
    Largest link dim during sweep 53/87 was 160
    Largest truncation error: 4.19505e-08
    Energy after sweep 53/87 is -124.183842023336
    Sweep 53/87 CPU time = 7m, 29.6s (Wall time = 1m, 2.5s)

    vN Entropy at center bond b=151 = 1.366050496185
    Eigs at center bond b=151: 0.4501 0.3801 0.0488 0.0414 0.0275 0.0200 0.0094 0.0047 0.0041 0.0041 
    Largest link dim during sweep 54/87 was 160
    Largest truncation error: 4.19498e-08
    Energy after sweep 54/87 is -124.183842022661
    Sweep 54/87 CPU time = 7m, 28.2s (Wall time = 1m, 2.1s)

    vN Entropy at center bond b=151 = 1.366050560769
    Eigs at center bond b=151: 0.4501 0.3801 0.0488 0.0414 0.0275 0.0200 0.0094 0.0047 0.0041 0.0041 
    Largest link dim during sweep 55/87 was 160
    Largest truncation error: 4.19497e-08
    Energy after sweep 55/87 is -124.183842021924
    Sweep 55/87 CPU time = 7m, 4.5s (Wall time = 58.92s)

    vN Entropy at center bond b=151 = 1.366050647615
    Eigs at center bond b=151: 0.4501 0.3801 0.0488 0.0414 0.0275 0.0200 0.0094 0.0047 0.0041 0.0041 
    Largest link dim during sweep 56/87 was 160
    Largest truncation error: 4.19498e-08
    Energy after sweep 56/87 is -124.183842021520
    Sweep 56/87 CPU time = 7m, 27.5s (Wall time = 1m, 2.3s)

    vN Entropy at center bond b=151 = 1.366050767048
    Eigs at center bond b=151: 0.4501 0.3801 0.0488 0.0414 0.0275 0.0200 0.0094 0.0047 0.0041 0.0041 
    Largest link dim during sweep 57/87 was 160
    Largest truncation error: 4.19501e-08
    Energy after sweep 57/87 is -124.183842021683
    Sweep 57/87 CPU time = 7m, 32.2s (Wall time = 1m, 2.9s)

    vN Entropy at center bond b=151 = 1.366050923487
    Eigs at center bond b=151: 0.4501 0.3801 0.0488 0.0414 0.0275 0.0200 0.0094 0.0047 0.0041 0.0041 
    Largest link dim during sweep 58/87 was 160
    Largest truncation error: 4.19506e-08
    Energy after sweep 58/87 is -124.183842022575
    Sweep 58/87 CPU time = 7m, 16.5s (Wall time = 1m, 0.6s)

    vN Entropy at center bond b=151 = 1.370124788227
    Eigs at center bond b=151: 0.4495 0.3797 0.0490 0.0416 0.0277 0.0202 0.0094 0.0047 0.0041 0.0041 
    Largest link dim during sweep 59/87 was 320
    Largest truncation error: 7.92686e-10
    Energy after sweep 59/87 is -124.183945626318
    Sweep 59/87 CPU time = 28m, 16s (Wall time = 3m, 49.2s)

    vN Entropy at center bond b=151 = 1.371665969048
    Eigs at center bond b=151: 0.4493 0.3796 0.0490 0.0416 0.0277 0.0202 0.0094 0.0047 0.0042 0.0042 
    Largest link dim during sweep 60/87 was 320
    Largest truncation error: 1.34173e-09
    Energy after sweep 60/87 is -124.183946737301
    Sweep 60/87 CPU time = 32m, 22s (Wall time = 4m, 11.2s)

    vN Entropy at center bond b=151 = 1.371754208590
    Eigs at center bond b=151: 0.4493 0.3796 0.0490 0.0416 0.0277 0.0202 0.0094 0.0047 0.0042 0.0042 
    Largest link dim during sweep 61/87 was 320
    Largest truncation error: 1.3979e-09
    Energy after sweep 61/87 is -124.183946761394
    Sweep 61/87 CPU time = 33m, 25s (Wall time = 4m, 27.0s)

    vN Entropy at center bond b=151 = 1.371764918445
    Eigs at center bond b=151: 0.4493 0.3796 0.0490 0.0416 0.0277 0.0202 0.0094 0.0047 0.0042 0.0042 
    Largest link dim during sweep 62/87 was 320
    Largest truncation error: 1.41379e-09
    Energy after sweep 62/87 is -124.183946760831
    Sweep 62/87 CPU time = 34m, 2s (Wall time = 4m, 35.3s)

    vN Entropy at center bond b=151 = 1.371766988666
    Eigs at center bond b=151: 0.4493 0.3796 0.0490 0.0416 0.0277 0.0202 0.0094 0.0047 0.0042 0.0042 
    Largest link dim during sweep 63/87 was 320
    Largest truncation error: 1.41848e-09
    Energy after sweep 63/87 is -124.183946760143
    Sweep 63/87 CPU time = 34m, 29s (Wall time = 4m, 42.4s)

    vN Entropy at center bond b=151 = 1.371767503116
    Eigs at center bond b=151: 0.4493 0.3796 0.0490 0.0416 0.0277 0.0202 0.0094 0.0047 0.0042 0.0042 
    Largest link dim during sweep 64/87 was 320
    Largest truncation error: 1.42007e-09
    Energy after sweep 64/87 is -124.183946759888
    Sweep 64/87 CPU time = 33m, 48s (Wall time = 4m, 31.6s)

    vN Entropy at center bond b=151 = 1.371767659683
    Eigs at center bond b=151: 0.4493 0.3796 0.0490 0.0416 0.0277 0.0202 0.0094 0.0047 0.0042 0.0042 
    Largest link dim during sweep 65/87 was 320
    Largest truncation error: 1.42071e-09
    Energy after sweep 65/87 is -124.183946759767
    Sweep 65/87 CPU time = 34m, 9s (Wall time = 4m, 40.5s)

    vN Entropy at center bond b=151 = 1.371767717708
    Eigs at center bond b=151: 0.4493 0.3796 0.0490 0.0416 0.0277 0.0202 0.0094 0.0047 0.0042 0.0042 
    Largest link dim during sweep 66/87 was 320
    Largest truncation error: 1.421e-09
    Energy after sweep 66/87 is -124.183946759688
    Sweep 66/87 CPU time = 34m, 17s (Wall time = 4m, 38.2s)

    vN Entropy at center bond b=151 = 1.371767744428
    Eigs at center bond b=151: 0.4493 0.3796 0.0490 0.0416 0.0277 0.0202 0.0094 0.0047 0.0042 0.0042 
    Largest link dim during sweep 67/87 was 320
    Largest truncation error: 1.42116e-09
    Energy after sweep 67/87 is -124.183946759649
    Sweep 67/87 CPU time = 34m, 5s (Wall time = 4m, 36.9s)

    vN Entropy at center bond b=151 = 1.371767758503
    Eigs at center bond b=151: 0.4493 0.3796 0.0490 0.0416 0.0277 0.0202 0.0094 0.0047 0.0042 0.0042 
    Largest link dim during sweep 68/87 was 320
    Largest truncation error: 1.42126e-09
    Energy after sweep 68/87 is -124.183946759624
    Sweep 68/87 CPU time = 33m, 51s (Wall time = 4m, 34.7s)

    vN Entropy at center bond b=151 = 1.371767766166
    Eigs at center bond b=151: 0.4493 0.3796 0.0490 0.0416 0.0277 0.0202 0.0094 0.0047 0.0042 0.0042 
    Largest link dim during sweep 69/87 was 320
    Largest truncation error: 1.42132e-09
    Energy after sweep 69/87 is -124.183946759600
    Sweep 69/87 CPU time = 34m, 8s (Wall time = 4m, 36.8s)

    vN Entropy at center bond b=151 = 1.371767770722
    Eigs at center bond b=151: 0.4493 0.3796 0.0490 0.0416 0.0277 0.0202 0.0094 0.0047 0.0042 0.0042 
    Largest link dim during sweep 70/87 was 320
    Largest truncation error: 1.42137e-09
    Energy after sweep 70/87 is -124.183946759572
    Sweep 70/87 CPU time = 34m, 16s (Wall time = 4m, 38.0s)

    vN Entropy at center bond b=151 = 1.371767773814
    Eigs at center bond b=151: 0.4493 0.3796 0.0490 0.0416 0.0277 0.0202 0.0094 0.0047 0.0042 0.0042 
    Largest link dim during sweep 71/87 was 320
    Largest truncation error: 1.4214e-09
    Energy after sweep 71/87 is -124.183946759542
    Sweep 71/87 CPU time = 34m, 27s (Wall time = 4m, 39.8s)

    vN Entropy at center bond b=151 = 1.371767775924
    Eigs at center bond b=151: 0.4493 0.3796 0.0490 0.0416 0.0277 0.0202 0.0094 0.0047 0.0042 0.0042 
    Largest link dim during sweep 72/87 was 320
    Largest truncation error: 1.42142e-09
    Energy after sweep 72/87 is -124.183946759523
    Sweep 72/87 CPU time = 33m, 59s (Wall time = 4m, 36.1s)

    vN Entropy at center bond b=151 = 1.371767777201
    Eigs at center bond b=151: 0.4493 0.3796 0.0490 0.0416 0.0277 0.0202 0.0094 0.0047 0.0042 0.0042 
    Largest link dim during sweep 73/87 was 320
    Largest truncation error: 1.42144e-09
    Energy after sweep 73/87 is -124.183946759508
    Sweep 73/87 CPU time = 34m, 16s (Wall time = 4m, 38.4s)

    vN Entropy at center bond b=151 = 1.371767777795
    Eigs at center bond b=151: 0.4493 0.3796 0.0490 0.0416 0.0277 0.0202 0.0094 0.0047 0.0042 0.0042 
    Largest link dim during sweep 74/87 was 320
    Largest truncation error: 1.42145e-09
    Energy after sweep 74/87 is -124.183946759495
    Sweep 74/87 CPU time = 33m, 40s (Wall time = 4m, 33.2s)

    vN Entropy at center bond b=151 = 1.371948266399
    Eigs at center bond b=151: 0.4492 0.3796 0.0490 0.0417 0.0277 0.0202 0.0094 0.0047 0.0042 0.0042 
    Largest link dim during sweep 75/87 was 640
    Largest truncation error: 2.04694e-11
    Energy after sweep 75/87 is -124.183950173372
    Sweep 75/87 CPU time = 1h, 39m, 27s (Wall time = 13m, 26s)

    vN Entropy at center bond b=151 = 1.372043600166
    Eigs at center bond b=151: 0.4492 0.3796 0.0490 0.0417 0.0277 0.0202 0.0094 0.0047 0.0042 0.0042 
    Largest link dim during sweep 76/87 was 640
    Largest truncation error: 2.85773e-11
    Energy after sweep 76/87 is -124.183950226739
    Sweep 76/87 CPU time = 1h, 58m, 9s (Wall time = 15m, 59s)

    vN Entropy at center bond b=151 = 1.372053803714
    Eigs at center bond b=151: 0.4492 0.3796 0.0490 0.0417 0.0277 0.0202 0.0094 0.0047 0.0042 0.0042 
    Largest link dim during sweep 77/87 was 640
    Largest truncation error: 2.91041e-11
    Energy after sweep 77/87 is -124.183950229596
    Sweep 77/87 CPU time = 1h, 56m, 39s (Wall time = 15m, 49s)

    vN Entropy at center bond b=151 = 1.372055438272
    Eigs at center bond b=151: 0.4492 0.3796 0.0490 0.0417 0.0277 0.0202 0.0094 0.0047 0.0042 0.0042 
    Largest link dim during sweep 78/87 was 640
    Largest truncation error: 2.96978e-11
    Energy after sweep 78/87 is -124.183950229840
    Sweep 78/87 CPU time = 1h, 57m, 7s (Wall time = 15m, 52s)

    vN Entropy at center bond b=151 = 1.372055799039
    Eigs at center bond b=151: 0.4492 0.3796 0.0490 0.0417 0.0277 0.0202 0.0094 0.0047 0.0042 0.0042 
    Largest link dim during sweep 79/87 was 640
    Largest truncation error: 2.99358e-11
    Energy after sweep 79/87 is -124.183950229848
    Sweep 79/87 CPU time = 1h, 57m, 10s (Wall time = 15m, 53s)

    vN Entropy at center bond b=151 = 1.372055902096
    Eigs at center bond b=151: 0.4492 0.3796 0.0490 0.0417 0.0277 0.0202 0.0094 0.0047 0.0042 0.0042 
    Largest link dim during sweep 80/87 was 640
    Largest truncation error: 3.00208e-11
    Energy after sweep 80/87 is -124.183950229842
    Sweep 80/87 CPU time = 1h, 56m, 35s (Wall time = 15m, 48s)

    vN Entropy at center bond b=151 = 1.372055936882
    Eigs at center bond b=151: 0.4492 0.3796 0.0490 0.0417 0.0277 0.0202 0.0094 0.0047 0.0042 0.0042 
    Largest link dim during sweep 81/87 was 640
    Largest truncation error: 3.00509e-11
    Energy after sweep 81/87 is -124.183950229836
    Sweep 81/87 CPU time = 1h, 56m, 60s (Wall time = 15m, 50s)

    vN Entropy at center bond b=151 = 1.372055949937
    Eigs at center bond b=151: 0.4492 0.3796 0.0490 0.0417 0.0277 0.0202 0.0094 0.0047 0.0042 0.0042 
    Largest link dim during sweep 82/87 was 640
    Largest truncation error: 3.00625e-11
    Energy after sweep 82/87 is -124.183950229838
    Sweep 82/87 CPU time = 1h, 55m, 50s (Wall time = 15m, 41s)

    vN Entropy at center bond b=151 = 1.372060956117
    Eigs at center bond b=151: 0.4492 0.3796 0.0490 0.0417 0.0277 0.0202 0.0094 0.0047 0.0042 0.0042 
    Largest link dim during sweep 83/87 was 1085
    Largest truncation error: 7.36122e-13
    Energy after sweep 83/87 is -124.183950296427
    Sweep 83/87 CPU time = 3h, 21m, 28s (Wall time = 29m, 20s)

    vN Entropy at center bond b=151 = 1.372063914270
    Eigs at center bond b=151: 0.4492 0.3796 0.0490 0.0417 0.0277 0.0202 0.0094 0.0047 0.0042 0.0042 
    Largest link dim during sweep 84/87 was 1280
    Largest truncation error: 3.34089e-13
    Energy after sweep 84/87 is -124.183950302407
    Sweep 84/87 CPU time = 6h, 45m, 12s (Wall time = 1h, 3m, 37s)

    vN Entropy at center bond b=151 = 1.372064353011
    Eigs at center bond b=151: 0.4492 0.3796 0.0490 0.0417 0.0277 0.0202 0.0094 0.0047 0.0042 0.0042 
    Largest link dim during sweep 85/87 was 1280
    Largest truncation error: 3.23044e-13
    Energy after sweep 85/87 is -124.183950302554
    Sweep 85/87 CPU time = 7h, 48m, 26s (Wall time = 1h, 7m, 51s)

    vN Entropy at center bond b=151 = 1.372064412306
    Eigs at center bond b=151: 0.4492 0.3796 0.0490 0.0417 0.0277 0.0202 0.0094 0.0047 0.0042 0.0042 
    Largest link dim during sweep 86/87 was 1280
    Largest truncation error: 3.22194e-13
    Energy after sweep 86/87 is -124.183950302561
    Sweep 86/87 CPU time = 7h, 53m, 10s (Wall time = 1h, 8m, 5s)

    vN Entropy at center bond b=151 = 1.372064423779
    Eigs at center bond b=151: 0.4492 0.3796 0.0490 0.0417 0.0277 0.0202 0.0094 0.0047 0.0042 0.0042 
    Largest link dim during sweep 87/87 was 1280
    Largest truncation error: 3.25192e-13
    Energy after sweep 87/87 is -124.183950302560
    Sweep 87/87 CPU time = 7h, 57m, 22s (Wall time = 1h, 8m, 46s)
Initial energy = 0.00000

Ground State Energy = -124.1839503026
run_outputs/outputpsi/N_303_sweep_87_t_0.030000_J_1.000000_V_0.600000_D_0.018000_U_5.000000_mu_0.000000_E_0.200000 converge
Wall-clock time (s) = 199414.055902
