//////////////////////////
Reading input file ......

Got input.N = 303
Got input.t = 0.03
Got input.J = 1
Got input.V = 0.6
Got input.D = 0.018
Got input.U = 0.3
Got input.mu = 0
Got input.E = 0.005
Got input.nsweeps = 87
Sweeps:
1  MaxDim=20, MinDim=20, Cutoff=1.0E-06, Niter=8, Noise=1.0E-05
2  MaxDim=20, MinDim=20, Cutoff=1.0E-06, Niter=8, Noise=1.0E-05
3  MaxDim=20, MinDim=20, Cutoff=1.0E-06, Niter=8, Noise=1.0E-05
4  MaxDim=20, MinDim=20, Cutoff=1.0E-06, Niter=8, Noise=1.0E-05
5  MaxDim=20, MinDim=20, Cutoff=1.0E-06, Niter=8, Noise=1.0E-05
6  MaxDim=20, MinDim=20, Cutoff=1.0E-06, Niter=8, Noise=1.0E-05
7  MaxDim=20, MinDim=20, Cutoff=1.0E-06, Niter=8, Noise=1.0E-05
8  MaxDim=40, MinDim=20, Cutoff=1.0E-06, Niter=4, Noise=1.0E-05
9  MaxDim=40, MinDim=20, Cutoff=1.0E-06, Niter=4, Noise=1.0E-05
10  MaxDim=40, MinDim=20, Cutoff=1.0E-06, Niter=4, Noise=1.0E-05
11  MaxDim=40, MinDim=20, Cutoff=1.0E-06, Niter=4, Noise=1.0E-05
12  MaxDim=40, MinDim=20, Cutoff=1.0E-06, Niter=4, Noise=1.0E-05
13  MaxDim=40, MinDim=20, Cutoff=1.0E-06, Niter=4, Noise=1.0E-05
14  MaxDim=40, MinDim=20, Cutoff=1.0E-06, Niter=4, Noise=1.0E-05
15  MaxDim=80, MinDim=10, Cutoff=1.0E-06, Niter=4, Noise=1.0E-05
16  MaxDim=80, MinDim=10, Cutoff=1.0E-06, Niter=4, Noise=1.0E-05
17  MaxDim=80, MinDim=10, Cutoff=1.0E-06, Niter=4, Noise=1.0E-05
18  MaxDim=80, MinDim=10, Cutoff=1.0E-06, Niter=4, Noise=1.0E-05
19  MaxDim=80, MinDim=10, Cutoff=1.0E-06, Niter=4, Noise=1.0E-05
20  MaxDim=80, MinDim=10, Cutoff=1.0E-06, Niter=4, Noise=1.0E-05
21  MaxDim=80, MinDim=10, Cutoff=1.0E-06, Niter=4, Noise=1.0E-05
22  MaxDim=80, MinDim=10, Cutoff=1.0E-06, Niter=4, Noise=1.0E-05
23  MaxDim=80, MinDim=10, Cutoff=1.0E-06, Niter=4, Noise=1.0E-05
24  MaxDim=80, MinDim=10, Cutoff=1.0E-06, Niter=4, Noise=1.0E-05
25  MaxDim=80, MinDim=10, Cutoff=1.0E-06, Niter=4, Noise=1.0E-05
26  MaxDim=80, MinDim=10, Cutoff=1.0E-06, Niter=4, Noise=1.0E-05
27  MaxDim=80, MinDim=10, Cutoff=1.0E-06, Niter=4, Noise=1.0E-05
28  MaxDim=80, MinDim=10, Cutoff=1.0E-06, Niter=4, Noise=1.0E-05
29  MaxDim=80, MinDim=10, Cutoff=1.0E-06, Niter=4, Noise=1.0E-05
30  MaxDim=80, MinDim=10, Cutoff=1.0E-06, Niter=4, Noise=1.0E-05
31  MaxDim=80, MinDim=10, Cutoff=1.0E-06, Niter=4, Noise=1.0E-05
32  MaxDim=80, MinDim=10, Cutoff=1.0E-06, Niter=4, Noise=1.0E-05
33  MaxDim=80, MinDim=10, Cutoff=1.0E-06, Niter=4, Noise=1.0E-05
34  MaxDim=80, MinDim=10, Cutoff=1.0E-06, Niter=4, Noise=1.0E-05
35  MaxDim=80, MinDim=10, Cutoff=1.0E-06, Niter=4, Noise=1.0E-05
36  MaxDim=80, MinDim=10, Cutoff=1.0E-06, Niter=4, Noise=1.0E-05
37  MaxDim=160, MinDim=10, Cutoff=1.0E-08, Niter=4, Noise=1.0E-06
38  MaxDim=160, MinDim=10, Cutoff=1.0E-08, Niter=4, Noise=1.0E-06
39  MaxDim=160, MinDim=10, Cutoff=1.0E-08, Niter=4, Noise=1.0E-06
40  MaxDim=160, MinDim=10, Cutoff=1.0E-08, Niter=4, Noise=1.0E-06
41  MaxDim=160, MinDim=10, Cutoff=1.0E-08, Niter=4, Noise=1.0E-06
42  MaxDim=160, MinDim=10, Cutoff=1.0E-08, Niter=4, Noise=1.0E-06
43  MaxDim=160, MinDim=10, Cutoff=1.0E-08, Niter=4, Noise=1.0E-06
44  MaxDim=160, MinDim=10, Cutoff=1.0E-08, Niter=4, Noise=1.0E-06
45  MaxDim=160, MinDim=10, Cutoff=1.0E-08, Niter=4, Noise=1.0E-06
46  MaxDim=160, MinDim=10, Cutoff=1.0E-08, Niter=4, Noise=1.0E-06
47  MaxDim=160, MinDim=10, Cutoff=1.0E-08, Niter=4, Noise=1.0E-06
48  MaxDim=160, MinDim=10, Cutoff=1.0E-08, Niter=4, Noise=1.0E-06
49  MaxDim=160, MinDim=10, Cutoff=1.0E-08, Niter=4, Noise=1.0E-06
50  MaxDim=160, MinDim=10, Cutoff=1.0E-08, Niter=4, Noise=1.0E-06
51  MaxDim=160, MinDim=10, Cutoff=1.0E-08, Niter=4, Noise=1.0E-06
52  MaxDim=160, MinDim=10, Cutoff=1.0E-08, Niter=4, Noise=1.0E-06
53  MaxDim=160, MinDim=10, Cutoff=1.0E-08, Niter=4, Noise=1.0E-06
54  MaxDim=160, MinDim=10, Cutoff=1.0E-08, Niter=4, Noise=1.0E-06
55  MaxDim=160, MinDim=10, Cutoff=1.0E-08, Niter=4, Noise=1.0E-06
56  MaxDim=160, MinDim=10, Cutoff=1.0E-08, Niter=4, Noise=1.0E-06
57  MaxDim=160, MinDim=10, Cutoff=1.0E-08, Niter=4, Noise=1.0E-06
58  MaxDim=160, MinDim=10, Cutoff=1.0E-08, Niter=4, Noise=1.0E-06
59  MaxDim=320, MinDim=10, Cutoff=1.0E-10, Niter=4, Noise=1.0E-07
60  MaxDim=320, MinDim=10, Cutoff=1.0E-10, Niter=4, Noise=1.0E-07
61  MaxDim=320, MinDim=10, Cutoff=1.0E-10, Niter=4, Noise=1.0E-07
62  MaxDim=320, MinDim=10, Cutoff=1.0E-10, Niter=4, Noise=1.0E-07
63  MaxDim=320, MinDim=10, Cutoff=1.0E-10, Niter=4, Noise=1.0E-07
64  MaxDim=320, MinDim=10, Cutoff=1.0E-10, Niter=4, Noise=1.0E-07
65  MaxDim=320, MinDim=10, Cutoff=1.0E-10, Niter=4, Noise=1.0E-07
66  MaxDim=320, MinDim=10, Cutoff=1.0E-10, Niter=4, Noise=1.0E-07
67  MaxDim=320, MinDim=10, Cutoff=1.0E-10, Niter=4, Noise=1.0E-07
68  MaxDim=320, MinDim=10, Cutoff=1.0E-10, Niter=4, Noise=1.0E-07
69  MaxDim=320, MinDim=10, Cutoff=1.0E-10, Niter=4, Noise=1.0E-07
70  MaxDim=320, MinDim=10, Cutoff=1.0E-10, Niter=4, Noise=1.0E-07
71  MaxDim=320, MinDim=10, Cutoff=1.0E-10, Niter=4, Noise=1.0E-07
72  MaxDim=320, MinDim=10, Cutoff=1.0E-10, Niter=4, Noise=1.0E-07
73  MaxDim=320, MinDim=10, Cutoff=1.0E-10, Niter=4, Noise=1.0E-07
74  MaxDim=320, MinDim=10, Cutoff=1.0E-10, Niter=4, Noise=1.0E-07
75  MaxDim=640, MinDim=10, Cutoff=1.0E-12, Niter=2, Noise=1.0E-08
76  MaxDim=640, MinDim=10, Cutoff=1.0E-12, Niter=2, Noise=1.0E-08
77  MaxDim=640, MinDim=10, Cutoff=1.0E-12, Niter=2, Noise=1.0E-08
78  MaxDim=640, MinDim=10, Cutoff=1.0E-12, Niter=2, Noise=1.0E-08
79  MaxDim=640, MinDim=10, Cutoff=1.0E-12, Niter=2, Noise=1.0E-08
80  MaxDim=640, MinDim=10, Cutoff=1.0E-12, Niter=2, Noise=1.0E-08
81  MaxDim=640, MinDim=10, Cutoff=1.0E-12, Niter=2, Noise=1.0E-08
82  MaxDim=640, MinDim=10, Cutoff=1.0E-12, Niter=2, Noise=1.0E-08
83  MaxDim=1280, MinDim=10, Cutoff=1.0E-12, Niter=2, Noise=0.0E+00
84  MaxDim=1280, MinDim=10, Cutoff=1.0E-14, Niter=2, Noise=0.0E+00
85  MaxDim=1280, MinDim=10, Cutoff=1.0E-14, Niter=2, Noise=0.0E+00
86  MaxDim=1280, MinDim=10, Cutoff=1.0E-14, Niter=2, Noise=0.0E+00
87  MaxDim=1280, MinDim=10, Cutoff=1.0E-14, Niter=2, Noise=0.0E+00


    vN Entropy at center bond b=151 = 0.776399165073
    Eigs at center bond b=151: 0.6770 0.2894 0.0184 0.0074 0.0058 0.0016 
    Largest link dim during sweep 1/87 was 20
    Largest truncation error: 9.90104e-07
    Energy after sweep 1/87 is -183.983717449946
    Sweep 1/87 CPU time = 9.066s (Wall time = 1.170s)

    vN Entropy at center bond b=151 = 0.786745977971
    Eigs at center bond b=151: 0.6732 0.2914 0.0189 0.0077 0.0064 0.0018 
    Largest link dim during sweep 2/87 was 20
    Largest truncation error: 1.46526e-06
    Energy after sweep 2/87 is -183.985202826594
    Sweep 2/87 CPU time = 12.57s (Wall time = 1.611s)

    vN Entropy at center bond b=151 = 0.786768413324
    Eigs at center bond b=151: 0.6732 0.2914 0.0189 0.0077 0.0064 0.0018 
    Largest link dim during sweep 3/87 was 20
    Largest truncation error: 1.49846e-06
    Energy after sweep 3/87 is -183.985205414250
    Sweep 3/87 CPU time = 12.58s (Wall time = 1.607s)

    vN Entropy at center bond b=151 = 0.786768877632
    Eigs at center bond b=151: 0.6732 0.2914 0.0189 0.0077 0.0064 0.0018 
    Largest link dim during sweep 4/87 was 20
    Largest truncation error: 1.4993e-06
    Energy after sweep 4/87 is -183.985205467907
    Sweep 4/87 CPU time = 12.55s (Wall time = 1.607s)

    vN Entropy at center bond b=151 = 0.786768896657
    Eigs at center bond b=151: 0.6732 0.2914 0.0189 0.0077 0.0064 0.0018 
    Largest link dim during sweep 5/87 was 20
    Largest truncation error: 1.4993e-06
    Energy after sweep 5/87 is -183.985205470240
    Sweep 5/87 CPU time = 12.55s (Wall time = 1.606s)

    vN Entropy at center bond b=151 = 0.786768897668
    Eigs at center bond b=151: 0.6732 0.2914 0.0189 0.0077 0.0064 0.0018 
    Largest link dim during sweep 6/87 was 20
    Largest truncation error: 1.49928e-06
    Energy after sweep 6/87 is -183.985205470209
    Sweep 6/87 CPU time = 12.60s (Wall time = 1.607s)

    vN Entropy at center bond b=151 = 0.786768897726
    Eigs at center bond b=151: 0.6732 0.2914 0.0189 0.0077 0.0064 0.0018 
    Largest link dim during sweep 7/87 was 20
    Largest truncation error: 1.49928e-06
    Energy after sweep 7/87 is -183.985205470155
    Sweep 7/87 CPU time = 12.51s (Wall time = 1.606s)

    vN Entropy at center bond b=151 = 0.786855868592
    Eigs at center bond b=151: 0.6732 0.2914 0.0189 0.0077 0.0064 0.0018 
    Largest link dim during sweep 8/87 was 24
    Largest truncation error: 7.52214e-07
    Energy after sweep 8/87 is -183.985799880993
    Sweep 8/87 CPU time = 7.124s (Wall time = 0.913s)

    vN Entropy at center bond b=151 = 0.786862775384
    Eigs at center bond b=151: 0.6732 0.2914 0.0189 0.0077 0.0064 0.0018 
    Largest link dim during sweep 9/87 was 24
    Largest truncation error: 7.53356e-07
    Energy after sweep 9/87 is -183.985799985130
    Sweep 9/87 CPU time = 7.293s (Wall time = 0.934s)

    vN Entropy at center bond b=151 = 0.786863051740
    Eigs at center bond b=151: 0.6732 0.2914 0.0189 0.0077 0.0064 0.0018 
    Largest link dim during sweep 10/87 was 24
    Largest truncation error: 7.5342e-07
    Energy after sweep 10/87 is -183.985799853112
    Sweep 10/87 CPU time = 7.269s (Wall time = 0.929s)

    vN Entropy at center bond b=151 = 0.786863080401
    Eigs at center bond b=151: 0.6732 0.2914 0.0189 0.0077 0.0064 0.0018 
    Largest link dim during sweep 11/87 was 24
    Largest truncation error: 7.53427e-07
    Energy after sweep 11/87 is -183.985799854783
    Sweep 11/87 CPU time = 7.253s (Wall time = 0.929s)

    vN Entropy at center bond b=151 = 0.786863084087
    Eigs at center bond b=151: 0.6732 0.2914 0.0189 0.0077 0.0064 0.0018 
    Largest link dim during sweep 12/87 was 24
    Largest truncation error: 7.53428e-07
    Energy after sweep 12/87 is -183.985799859708
    Sweep 12/87 CPU time = 7.281s (Wall time = 0.931s)

    vN Entropy at center bond b=151 = 0.786863084581
    Eigs at center bond b=151: 0.6732 0.2914 0.0189 0.0077 0.0064 0.0018 
    Largest link dim during sweep 13/87 was 24
    Largest truncation error: 7.53428e-07
    Energy after sweep 13/87 is -183.985799862252
    Sweep 13/87 CPU time = 7.305s (Wall time = 0.932s)

    vN Entropy at center bond b=151 = 0.786863084647
    Eigs at center bond b=151: 0.6732 0.2914 0.0189 0.0077 0.0064 0.0018 
    Largest link dim during sweep 14/87 was 24
    Largest truncation error: 7.53428e-07
    Energy after sweep 14/87 is -183.985799863448
    Sweep 14/87 CPU time = 7.256s (Wall time = 0.931s)

    vN Entropy at center bond b=151 = 0.786780683682
    Eigs at center bond b=151: 0.6732 0.2914 0.0189 0.0077 0.0064 0.0018 
    Largest link dim during sweep 15/87 was 24
    Largest truncation error: 7.50893e-07
    Energy after sweep 15/87 is -183.985752685384
    Sweep 15/87 CPU time = 7.139s (Wall time = 0.912s)

    vN Entropy at center bond b=151 = 0.786777711445
    Eigs at center bond b=151: 0.6732 0.2914 0.0189 0.0077 0.0064 0.0018 
    Largest link dim during sweep 16/87 was 24
    Largest truncation error: 7.51286e-07
    Energy after sweep 16/87 is -183.985751928226
    Sweep 16/87 CPU time = 7.093s (Wall time = 0.914s)

    vN Entropy at center bond b=151 = 0.786777527419
    Eigs at center bond b=151: 0.6732 0.2914 0.0189 0.0077 0.0064 0.0018 
    Largest link dim during sweep 17/87 was 24
    Largest truncation error: 7.51279e-07
    Energy after sweep 17/87 is -183.985751798678
    Sweep 17/87 CPU time = 7.122s (Wall time = 0.909s)

    vN Entropy at center bond b=151 = 0.786777493501
    Eigs at center bond b=151: 0.6732 0.2914 0.0189 0.0077 0.0064 0.0018 
    Largest link dim during sweep 18/87 was 24
    Largest truncation error: 7.51273e-07
    Energy after sweep 18/87 is -183.985751772645
    Sweep 18/87 CPU time = 7.096s (Wall time = 0.908s)

    vN Entropy at center bond b=151 = 0.786777486527
    Eigs at center bond b=151: 0.6732 0.2914 0.0189 0.0077 0.0064 0.0018 
    Largest link dim during sweep 19/87 was 24
    Largest truncation error: 7.51271e-07
    Energy after sweep 19/87 is -183.985751767284
    Sweep 19/87 CPU time = 7.134s (Wall time = 0.910s)

    vN Entropy at center bond b=151 = 0.786777485107
    Eigs at center bond b=151: 0.6732 0.2914 0.0189 0.0077 0.0064 0.0018 
    Largest link dim during sweep 20/87 was 24
    Largest truncation error: 7.51271e-07
    Energy after sweep 20/87 is -183.985751766160
    Sweep 20/87 CPU time = 7.090s (Wall time = 0.910s)

    vN Entropy at center bond b=151 = 0.786777484820
    Eigs at center bond b=151: 0.6732 0.2914 0.0189 0.0077 0.0064 0.0018 
    Largest link dim during sweep 21/87 was 24
    Largest truncation error: 7.5127e-07
    Energy after sweep 21/87 is -183.985751765921
    Sweep 21/87 CPU time = 7.121s (Wall time = 0.911s)

    vN Entropy at center bond b=151 = 0.786777484763
    Eigs at center bond b=151: 0.6732 0.2914 0.0189 0.0077 0.0064 0.0018 
    Largest link dim during sweep 22/87 was 24
    Largest truncation error: 7.5127e-07
    Energy after sweep 22/87 is -183.985751765868
    Sweep 22/87 CPU time = 7.122s (Wall time = 0.909s)

    vN Entropy at center bond b=151 = 0.786777484752
    Eigs at center bond b=151: 0.6732 0.2914 0.0189 0.0077 0.0064 0.0018 
    Largest link dim during sweep 23/87 was 24
    Largest truncation error: 7.5127e-07
    Energy after sweep 23/87 is -183.985751765854
    Sweep 23/87 CPU time = 7.111s (Wall time = 0.913s)

    vN Entropy at center bond b=151 = 0.786777484749
    Eigs at center bond b=151: 0.6732 0.2914 0.0189 0.0077 0.0064 0.0018 
    Largest link dim during sweep 24/87 was 24
    Largest truncation error: 7.5127e-07
    Energy after sweep 24/87 is -183.985751765851
    Sweep 24/87 CPU time = 7.107s (Wall time = 0.908s)

    vN Entropy at center bond b=151 = 0.786777484749
    Eigs at center bond b=151: 0.6732 0.2914 0.0189 0.0077 0.0064 0.0018 
    Largest link dim during sweep 25/87 was 24
    Largest truncation error: 7.5127e-07
    Energy after sweep 25/87 is -183.985751765851
    Sweep 25/87 CPU time = 7.115s (Wall time = 0.909s)

    vN Entropy at center bond b=151 = 0.786777484749
    Eigs at center bond b=151: 0.6732 0.2914 0.0189 0.0077 0.0064 0.0018 
    Largest link dim during sweep 26/87 was 24
    Largest truncation error: 7.5127e-07
    Energy after sweep 26/87 is -183.985751765849
    Sweep 26/87 CPU time = 7.106s (Wall time = 0.909s)

    vN Entropy at center bond b=151 = 0.786777484749
    Eigs at center bond b=151: 0.6732 0.2914 0.0189 0.0077 0.0064 0.0018 
    Largest link dim during sweep 27/87 was 24
    Largest truncation error: 7.5127e-07
    Energy after sweep 27/87 is -183.985751765853
    Sweep 27/87 CPU time = 7.112s (Wall time = 0.910s)

    vN Entropy at center bond b=151 = 0.786777484748
    Eigs at center bond b=151: 0.6732 0.2914 0.0189 0.0077 0.0064 0.0018 
    Largest link dim during sweep 28/87 was 24
    Largest truncation error: 7.5127e-07
    Energy after sweep 28/87 is -183.985751765852
    Sweep 28/87 CPU time = 7.113s (Wall time = 0.909s)

    vN Entropy at center bond b=151 = 0.786777484749
    Eigs at center bond b=151: 0.6732 0.2914 0.0189 0.0077 0.0064 0.0018 
    Largest link dim during sweep 29/87 was 24
    Largest truncation error: 7.5127e-07
    Energy after sweep 29/87 is -183.985751765846
    Sweep 29/87 CPU time = 7.110s (Wall time = 0.910s)

    vN Entropy at center bond b=151 = 0.786777484749
    Eigs at center bond b=151: 0.6732 0.2914 0.0189 0.0077 0.0064 0.0018 
    Largest link dim during sweep 30/87 was 24
    Largest truncation error: 7.5127e-07
    Energy after sweep 30/87 is -183.985751765850
    Sweep 30/87 CPU time = 7.126s (Wall time = 0.914s)

    vN Entropy at center bond b=151 = 0.786777484749
    Eigs at center bond b=151: 0.6732 0.2914 0.0189 0.0077 0.0064 0.0018 
    Largest link dim during sweep 31/87 was 24
    Largest truncation error: 7.5127e-07
    Energy after sweep 31/87 is -183.985751765850
    Sweep 31/87 CPU time = 7.135s (Wall time = 0.912s)

    vN Entropy at center bond b=151 = 0.786777484749
    Eigs at center bond b=151: 0.6732 0.2914 0.0189 0.0077 0.0064 0.0018 
    Largest link dim during sweep 32/87 was 24
    Largest truncation error: 7.5127e-07
    Energy after sweep 32/87 is -183.985751765849
    Sweep 32/87 CPU time = 7.123s (Wall time = 0.910s)

    vN Entropy at center bond b=151 = 0.786777484749
    Eigs at center bond b=151: 0.6732 0.2914 0.0189 0.0077 0.0064 0.0018 
    Largest link dim during sweep 33/87 was 24
    Largest truncation error: 7.5127e-07
    Energy after sweep 33/87 is -183.985751765853
    Sweep 33/87 CPU time = 7.095s (Wall time = 0.907s)

    vN Entropy at center bond b=151 = 0.786777484748
    Eigs at center bond b=151: 0.6732 0.2914 0.0189 0.0077 0.0064 0.0018 
    Largest link dim during sweep 34/87 was 24
    Largest truncation error: 7.5127e-07
    Energy after sweep 34/87 is -183.985751765851
    Sweep 34/87 CPU time = 7.101s (Wall time = 0.907s)

    vN Entropy at center bond b=151 = 0.786777484748
    Eigs at center bond b=151: 0.6732 0.2914 0.0189 0.0077 0.0064 0.0018 
    Largest link dim during sweep 35/87 was 24
    Largest truncation error: 7.5127e-07
    Energy after sweep 35/87 is -183.985751765851
    Sweep 35/87 CPU time = 7.117s (Wall time = 0.909s)

    vN Entropy at center bond b=151 = 0.786777484749
    Eigs at center bond b=151: 0.6732 0.2914 0.0189 0.0077 0.0064 0.0018 
    Largest link dim during sweep 36/87 was 24
    Largest truncation error: 7.5127e-07
    Energy after sweep 36/87 is -183.985751765851
    Sweep 36/87 CPU time = 7.129s (Wall time = 0.911s)

    vN Entropy at center bond b=151 = 0.787606867953
    Eigs at center bond b=151: 0.6728 0.2917 0.0190 0.0077 0.0064 0.0019 
    Largest link dim during sweep 37/87 was 46
    Largest truncation error: 7.65435e-09
    Energy after sweep 37/87 is -183.986880548327
    Sweep 37/87 CPU time = 15.40s (Wall time = 1.977s)

    vN Entropy at center bond b=151 = 0.787646660605
    Eigs at center bond b=151: 0.6728 0.2917 0.0190 0.0077 0.0064 0.0019 
    Largest link dim during sweep 38/87 was 48
    Largest truncation error: 7.49795e-09
    Energy after sweep 38/87 is -183.986883813032
    Sweep 38/87 CPU time = 20.61s (Wall time = 2.641s)

    vN Entropy at center bond b=151 = 0.787648768365
    Eigs at center bond b=151: 0.6728 0.2917 0.0190 0.0077 0.0064 0.0019 
    Largest link dim during sweep 39/87 was 48
    Largest truncation error: 7.48547e-09
    Energy after sweep 39/87 is -183.986883847480
    Sweep 39/87 CPU time = 21.22s (Wall time = 2.722s)

    vN Entropy at center bond b=151 = 0.787648746411
    Eigs at center bond b=151: 0.6728 0.2917 0.0190 0.0077 0.0064 0.0019 
    Largest link dim during sweep 40/87 was 48
    Largest truncation error: 7.49723e-09
    Energy after sweep 40/87 is -183.986883830411
    Sweep 40/87 CPU time = 21.09s (Wall time = 2.700s)

    vN Entropy at center bond b=151 = 0.787648758406
    Eigs at center bond b=151: 0.6728 0.2917 0.0190 0.0077 0.0064 0.0019 
    Largest link dim during sweep 41/87 was 48
    Largest truncation error: 7.49714e-09
    Energy after sweep 41/87 is -183.986883824935
    Sweep 41/87 CPU time = 21.27s (Wall time = 2.720s)

    vN Entropy at center bond b=151 = 0.787648759379
    Eigs at center bond b=151: 0.6728 0.2917 0.0190 0.0077 0.0064 0.0019 
    Largest link dim during sweep 42/87 was 48
    Largest truncation error: 7.49707e-09
    Energy after sweep 42/87 is -183.986883823609
    Sweep 42/87 CPU time = 21.24s (Wall time = 2.717s)

    vN Entropy at center bond b=151 = 0.787648759449
    Eigs at center bond b=151: 0.6728 0.2917 0.0190 0.0077 0.0064 0.0019 
    Largest link dim during sweep 43/87 was 48
    Largest truncation error: 7.49706e-09
    Energy after sweep 43/87 is -183.986883823265
    Sweep 43/87 CPU time = 21.30s (Wall time = 2.730s)

    vN Entropy at center bond b=151 = 0.787648759450
    Eigs at center bond b=151: 0.6728 0.2917 0.0190 0.0077 0.0064 0.0019 
    Largest link dim during sweep 44/87 was 48
    Largest truncation error: 7.49706e-09
    Energy after sweep 44/87 is -183.986883823144
    Sweep 44/87 CPU time = 21.23s (Wall time = 2.732s)

    vN Entropy at center bond b=151 = 0.787648759448
    Eigs at center bond b=151: 0.6728 0.2917 0.0190 0.0077 0.0064 0.0019 
    Largest link dim during sweep 45/87 was 48
    Largest truncation error: 7.49705e-09
    Energy after sweep 45/87 is -183.986883823101
    Sweep 45/87 CPU time = 21.21s (Wall time = 2.713s)

    vN Entropy at center bond b=151 = 0.787648759447
    Eigs at center bond b=151: 0.6728 0.2917 0.0190 0.0077 0.0064 0.0019 
    Largest link dim during sweep 46/87 was 48
    Largest truncation error: 7.49705e-09
    Energy after sweep 46/87 is -183.986883823079
    Sweep 46/87 CPU time = 21.16s (Wall time = 2.713s)

    vN Entropy at center bond b=151 = 0.787648759446
    Eigs at center bond b=151: 0.6728 0.2917 0.0190 0.0077 0.0064 0.0019 
    Largest link dim during sweep 47/87 was 48
    Largest truncation error: 7.49705e-09
    Energy after sweep 47/87 is -183.986883823079
    Sweep 47/87 CPU time = 21.15s (Wall time = 2.710s)

    vN Entropy at center bond b=151 = 0.787648759446
    Eigs at center bond b=151: 0.6728 0.2917 0.0190 0.0077 0.0064 0.0019 
    Largest link dim during sweep 48/87 was 48
    Largest truncation error: 7.49705e-09
    Energy after sweep 48/87 is -183.986883823072
    Sweep 48/87 CPU time = 20.85s (Wall time = 2.667s)

    vN Entropy at center bond b=151 = 0.787648759446
    Eigs at center bond b=151: 0.6728 0.2917 0.0190 0.0077 0.0064 0.0019 
    Largest link dim during sweep 49/87 was 48
    Largest truncation error: 7.49705e-09
    Energy after sweep 49/87 is -183.986883823069
    Sweep 49/87 CPU time = 21.29s (Wall time = 2.735s)

    vN Entropy at center bond b=151 = 0.787648759446
    Eigs at center bond b=151: 0.6728 0.2917 0.0190 0.0077 0.0064 0.0019 
    Largest link dim during sweep 50/87 was 48
    Largest truncation error: 7.49705e-09
    Energy after sweep 50/87 is -183.986883823071
    Sweep 50/87 CPU time = 21.25s (Wall time = 2.716s)

    vN Entropy at center bond b=151 = 0.787648759446
    Eigs at center bond b=151: 0.6728 0.2917 0.0190 0.0077 0.0064 0.0019 
    Largest link dim during sweep 51/87 was 48
    Largest truncation error: 7.49705e-09
    Energy after sweep 51/87 is -183.986883823073
    Sweep 51/87 CPU time = 21.09s (Wall time = 2.696s)

    vN Entropy at center bond b=151 = 0.787648759446
    Eigs at center bond b=151: 0.6728 0.2917 0.0190 0.0077 0.0064 0.0019 
    Largest link dim during sweep 52/87 was 48
    Largest truncation error: 7.49705e-09
    Energy after sweep 52/87 is -183.986883823071
    Sweep 52/87 CPU time = 21.24s (Wall time = 2.720s)

    vN Entropy at center bond b=151 = 0.787648759446
    Eigs at center bond b=151: 0.6728 0.2917 0.0190 0.0077 0.0064 0.0019 
    Largest link dim during sweep 53/87 was 48
    Largest truncation error: 7.49705e-09
    Energy after sweep 53/87 is -183.986883823068
    Sweep 53/87 CPU time = 21.27s (Wall time = 2.716s)

    vN Entropy at center bond b=151 = 0.787648759446
    Eigs at center bond b=151: 0.6728 0.2917 0.0190 0.0077 0.0064 0.0019 
    Largest link dim during sweep 54/87 was 48
    Largest truncation error: 7.49705e-09
    Energy after sweep 54/87 is -183.986883823070
    Sweep 54/87 CPU time = 21.17s (Wall time = 2.719s)

    vN Entropy at center bond b=151 = 0.787648759446
    Eigs at center bond b=151: 0.6728 0.2917 0.0190 0.0077 0.0064 0.0019 
    Largest link dim during sweep 55/87 was 48
    Largest truncation error: 7.49706e-09
    Energy after sweep 55/87 is -183.986883823072
    Sweep 55/87 CPU time = 21.29s (Wall time = 2.720s)

    vN Entropy at center bond b=151 = 0.787648759446
    Eigs at center bond b=151: 0.6728 0.2917 0.0190 0.0077 0.0064 0.0019 
    Largest link dim during sweep 56/87 was 48
    Largest truncation error: 7.49706e-09
    Energy after sweep 56/87 is -183.986883823070
    Sweep 56/87 CPU time = 21.18s (Wall time = 2.710s)

    vN Entropy at center bond b=151 = 0.787648759446
    Eigs at center bond b=151: 0.6728 0.2917 0.0190 0.0077 0.0064 0.0019 
    Largest link dim during sweep 57/87 was 48
    Largest truncation error: 7.49706e-09
    Energy after sweep 57/87 is -183.986883823068
    Sweep 57/87 CPU time = 21.23s (Wall time = 2.738s)

    vN Entropy at center bond b=151 = 0.787648759446
    Eigs at center bond b=151: 0.6728 0.2917 0.0190 0.0077 0.0064 0.0019 
    Largest link dim during sweep 58/87 was 48
    Largest truncation error: 7.49706e-09
    Energy after sweep 58/87 is -183.986883823071
    Sweep 58/87 CPU time = 21.17s (Wall time = 2.702s)

    vN Entropy at center bond b=151 = 0.787691779117
    Eigs at center bond b=151: 0.6728 0.2917 0.0190 0.0077 0.0064 0.0019 
    Largest link dim during sweep 59/87 was 87
    Largest truncation error: 7.50554e-11
    Energy after sweep 59/87 is -183.986896362422
    Sweep 59/87 CPU time = 1m, 0.2s (Wall time = 7.728s)

    vN Entropy at center bond b=151 = 0.787692781562
    Eigs at center bond b=151: 0.6728 0.2917 0.0190 0.0077 0.0064 0.0019 
    Largest link dim during sweep 60/87 was 89
    Largest truncation error: 7.59295e-11
    Energy after sweep 60/87 is -183.986896395870
    Sweep 60/87 CPU time = 1m, 18.6s (Wall time = 10.05s)

    vN Entropy at center bond b=151 = 0.787692820487
    Eigs at center bond b=151: 0.6728 0.2917 0.0190 0.0077 0.0064 0.0019 
    Largest link dim during sweep 61/87 was 89
    Largest truncation error: 7.60498e-11
    Energy after sweep 61/87 is -183.986896396176
    Sweep 61/87 CPU time = 1m, 19.5s (Wall time = 10.17s)

    vN Entropy at center bond b=151 = 0.787692823703
    Eigs at center bond b=151: 0.6728 0.2917 0.0190 0.0077 0.0064 0.0019 
    Largest link dim during sweep 62/87 was 89
    Largest truncation error: 7.60625e-11
    Energy after sweep 62/87 is -183.986896396134
    Sweep 62/87 CPU time = 1m, 19.4s (Wall time = 10.19s)

    vN Entropy at center bond b=151 = 0.787692824156
    Eigs at center bond b=151: 0.6728 0.2917 0.0190 0.0077 0.0064 0.0019 
    Largest link dim during sweep 63/87 was 89
    Largest truncation error: 7.60652e-11
    Energy after sweep 63/87 is -183.986896396127
    Sweep 63/87 CPU time = 1m, 19.4s (Wall time = 10.15s)

    vN Entropy at center bond b=151 = 0.787692824230
    Eigs at center bond b=151: 0.6728 0.2917 0.0190 0.0077 0.0064 0.0019 
    Largest link dim during sweep 64/87 was 89
    Largest truncation error: 7.60654e-11
    Energy after sweep 64/87 is -183.986896396124
    Sweep 64/87 CPU time = 1m, 19.5s (Wall time = 10.17s)

    vN Entropy at center bond b=151 = 0.787692824242
    Eigs at center bond b=151: 0.6728 0.2917 0.0190 0.0077 0.0064 0.0019 
    Largest link dim during sweep 65/87 was 89
    Largest truncation error: 7.60654e-11
    Energy after sweep 65/87 is -183.986896396126
    Sweep 65/87 CPU time = 1m, 19.4s (Wall time = 10.17s)

    vN Entropy at center bond b=151 = 0.787692824245
    Eigs at center bond b=151: 0.6728 0.2917 0.0190 0.0077 0.0064 0.0019 
    Largest link dim during sweep 66/87 was 89
    Largest truncation error: 7.60654e-11
    Energy after sweep 66/87 is -183.986896396126
    Sweep 66/87 CPU time = 1m, 19.4s (Wall time = 10.16s)

    vN Entropy at center bond b=151 = 0.787692824245
    Eigs at center bond b=151: 0.6728 0.2917 0.0190 0.0077 0.0064 0.0019 
    Largest link dim during sweep 67/87 was 89
    Largest truncation error: 7.60653e-11
    Energy after sweep 67/87 is -183.986896396124
    Sweep 67/87 CPU time = 1m, 19.5s (Wall time = 10.17s)

    vN Entropy at center bond b=151 = 0.787692824245
    Eigs at center bond b=151: 0.6728 0.2917 0.0190 0.0077 0.0064 0.0019 
    Largest link dim during sweep 68/87 was 89
    Largest truncation error: 7.60658e-11
    Energy after sweep 68/87 is -183.986896396126
    Sweep 68/87 CPU time = 1m, 19.5s (Wall time = 10.18s)

    vN Entropy at center bond b=151 = 0.787692824245
    Eigs at center bond b=151: 0.6728 0.2917 0.0190 0.0077 0.0064 0.0019 
    Largest link dim during sweep 69/87 was 89
    Largest truncation error: 7.60655e-11
    Energy after sweep 69/87 is -183.986896396126
    Sweep 69/87 CPU time = 1m, 19.6s (Wall time = 10.21s)

    vN Entropy at center bond b=151 = 0.787692824245
    Eigs at center bond b=151: 0.6728 0.2917 0.0190 0.0077 0.0064 0.0019 
    Largest link dim during sweep 70/87 was 89
    Largest truncation error: 7.60656e-11
    Energy after sweep 70/87 is -183.986896396130
    Sweep 70/87 CPU time = 1m, 19.7s (Wall time = 10.18s)

    vN Entropy at center bond b=151 = 0.787692824245
    Eigs at center bond b=151: 0.6728 0.2917 0.0190 0.0077 0.0064 0.0019 
    Largest link dim during sweep 71/87 was 89
    Largest truncation error: 7.60656e-11
    Energy after sweep 71/87 is -183.986896396126
    Sweep 71/87 CPU time = 1m, 19.7s (Wall time = 10.19s)

    vN Entropy at center bond b=151 = 0.787692824245
    Eigs at center bond b=151: 0.6728 0.2917 0.0190 0.0077 0.0064 0.0019 
    Largest link dim during sweep 72/87 was 89
    Largest truncation error: 7.60654e-11
    Energy after sweep 72/87 is -183.986896396126
    Sweep 72/87 CPU time = 1m, 19.6s (Wall time = 10.18s)

    vN Entropy at center bond b=151 = 0.787692824245
    Eigs at center bond b=151: 0.6728 0.2917 0.0190 0.0077 0.0064 0.0019 
    Largest link dim during sweep 73/87 was 89
    Largest truncation error: 7.60656e-11
    Energy after sweep 73/87 is -183.986896396129
    Sweep 73/87 CPU time = 1m, 19.5s (Wall time = 10.18s)

    vN Entropy at center bond b=151 = 0.787692824245
    Eigs at center bond b=151: 0.6728 0.2917 0.0190 0.0077 0.0064 0.0019 
    Largest link dim during sweep 74/87 was 89
    Largest truncation error: 7.60655e-11
    Energy after sweep 74/87 is -183.986896396128
    Sweep 74/87 CPU time = 1m, 19.5s (Wall time = 10.18s)

    vN Entropy at center bond b=151 = 0.787696004339
    Eigs at center bond b=151: 0.6728 0.2917 0.0190 0.0077 0.0064 0.0019 
    Largest link dim during sweep 75/87 was 155
    Largest truncation error: 7.68673e-13
    Energy after sweep 75/87 is -183.986896549630
    Sweep 75/87 CPU time = 2m, 18.5s (Wall time = 18.23s)

    vN Entropy at center bond b=151 = 0.787696052285
    Eigs at center bond b=151: 0.6728 0.2917 0.0190 0.0077 0.0064 0.0019 
    Largest link dim during sweep 76/87 was 157
    Largest truncation error: 7.5133e-13
    Energy after sweep 76/87 is -183.986896549945
    Sweep 76/87 CPU time = 2m, 47.9s (Wall time = 21.89s)

    vN Entropy at center bond b=151 = 0.787696054495
    Eigs at center bond b=151: 0.6728 0.2917 0.0190 0.0077 0.0064 0.0019 
    Largest link dim during sweep 77/87 was 157
    Largest truncation error: 7.51256e-13
    Energy after sweep 77/87 is -183.986896549953
    Sweep 77/87 CPU time = 2m, 46.7s (Wall time = 21.41s)

    vN Entropy at center bond b=151 = 0.787696054793
    Eigs at center bond b=151: 0.6728 0.2917 0.0190 0.0077 0.0064 0.0019 
    Largest link dim during sweep 78/87 was 157
    Largest truncation error: 7.5157e-13
    Energy after sweep 78/87 is -183.986896549953
    Sweep 78/87 CPU time = 2m, 48.7s (Wall time = 21.75s)

    vN Entropy at center bond b=151 = 0.787696054872
    Eigs at center bond b=151: 0.6728 0.2917 0.0190 0.0077 0.0064 0.0019 
    Largest link dim during sweep 79/87 was 157
    Largest truncation error: 7.52167e-13
    Energy after sweep 79/87 is -183.986896549952
    Sweep 79/87 CPU time = 2m, 48.7s (Wall time = 21.78s)

    vN Entropy at center bond b=151 = 0.787696054907
    Eigs at center bond b=151: 0.6728 0.2917 0.0190 0.0077 0.0064 0.0019 
    Largest link dim during sweep 80/87 was 157
    Largest truncation error: 7.52098e-13
    Energy after sweep 80/87 is -183.986896549956
    Sweep 80/87 CPU time = 2m, 49.7s (Wall time = 21.95s)

    vN Entropy at center bond b=151 = 0.787696054926
    Eigs at center bond b=151: 0.6728 0.2917 0.0190 0.0077 0.0064 0.0019 
    Largest link dim during sweep 81/87 was 157
    Largest truncation error: 7.52208e-13
    Energy after sweep 81/87 is -183.986896549957
    Sweep 81/87 CPU time = 2m, 49.0s (Wall time = 21.79s)

    vN Entropy at center bond b=151 = 0.787696054936
    Eigs at center bond b=151: 0.6728 0.2917 0.0190 0.0077 0.0064 0.0019 
    Largest link dim during sweep 82/87 was 157
    Largest truncation error: 7.52365e-13
    Energy after sweep 82/87 is -183.986896549957
    Sweep 82/87 CPU time = 2m, 47.7s (Wall time = 21.56s)

    vN Entropy at center bond b=151 = 0.787696376152
    Eigs at center bond b=151: 0.6728 0.2917 0.0190 0.0077 0.0064 0.0019 
    Largest link dim during sweep 83/87 was 143
    Largest truncation error: 7.58859e-13
    Energy after sweep 83/87 is -183.986896549446
    Sweep 83/87 CPU time = 2m, 10.9s (Wall time = 16.75s)

    vN Entropy at center bond b=151 = 0.787696382228
    Eigs at center bond b=151: 0.6728 0.2917 0.0190 0.0077 0.0064 0.0019 
    Largest link dim during sweep 84/87 was 242
    Largest truncation error: 7.65868e-15
    Energy after sweep 84/87 is -183.986896551877
    Sweep 84/87 CPU time = 5m, 52.7s (Wall time = 48.07s)

    vN Entropy at center bond b=151 = 0.787696383485
    Eigs at center bond b=151: 0.6728 0.2917 0.0190 0.0077 0.0064 0.0019 
    Largest link dim during sweep 85/87 was 245
    Largest truncation error: 7.6065e-15
    Energy after sweep 85/87 is -183.986896551870
    Sweep 85/87 CPU time = 10m, 4s (Wall time = 1m, 18.0s)

    vN Entropy at center bond b=151 = 0.787696383536
    Eigs at center bond b=151: 0.6728 0.2917 0.0190 0.0077 0.0064 0.0019 
    Largest link dim during sweep 86/87 was 244
    Largest truncation error: 7.51252e-15
    Energy after sweep 86/87 is -183.986896551873
    Sweep 86/87 CPU time = 9m, 26.1s (Wall time = 1m, 12.4s)

    vN Entropy at center bond b=151 = 0.787696383545
    Eigs at center bond b=151: 0.6728 0.2917 0.0190 0.0077 0.0064 0.0019 
    Largest link dim during sweep 87/87 was 244
    Largest truncation error: 7.51429e-15
    Energy after sweep 87/87 is -183.986896551872
    Sweep 87/87 CPU time = 9m, 28.0s (Wall time = 1m, 12.7s)
Initial energy = 0.00000

Ground State Energy = -183.9868965519
run_outputs/outputpsi/N_303_sweep_87_t_0.030000_J_1.000000_V_0.600000_D_0.018000_U_0.300000_mu_0.000000_E_0.005000 converge
Wall-clock time (s) = 3378.743822
