//////////////////////////
Reading input file ......

Got input.N = 303
Got input.t = 0.03
Got input.J = 1
Got input.V = 0.6
Got input.D = 0.018
Got input.U = 0.3
Got input.mu = 0
Got input.E = 0.001
Got input.nsweeps = 87
Sweeps:
1  MaxDim=20, MinDim=20, Cutoff=1.0E-06, Niter=8, Noise=1.0E-05
2  MaxDim=20, MinDim=20, Cutoff=1.0E-06, Niter=8, Noise=1.0E-05
3  MaxDim=20, MinDim=20, Cutoff=1.0E-06, Niter=8, Noise=1.0E-05
4  MaxDim=20, MinDim=20, Cutoff=1.0E-06, Niter=8, Noise=1.0E-05
5  MaxDim=20, MinDim=20, Cutoff=1.0E-06, Niter=8, Noise=1.0E-05
6  MaxDim=20, MinDim=20, Cutoff=1.0E-06, Niter=8, Noise=1.0E-05
7  MaxDim=20, MinDim=20, Cutoff=1.0E-06, Niter=8, Noise=1.0E-05
8  MaxDim=40, MinDim=20, Cutoff=1.0E-06, Niter=4, Noise=1.0E-05
9  MaxDim=40, MinDim=20, Cutoff=1.0E-06, Niter=4, Noise=1.0E-05
10  MaxDim=40, MinDim=20, Cutoff=1.0E-06, Niter=4, Noise=1.0E-05
11  MaxDim=40, MinDim=20, Cutoff=1.0E-06, Niter=4, Noise=1.0E-05
12  MaxDim=40, MinDim=20, Cutoff=1.0E-06, Niter=4, Noise=1.0E-05
13  MaxDim=40, MinDim=20, Cutoff=1.0E-06, Niter=4, Noise=1.0E-05
14  MaxDim=40, MinDim=20, Cutoff=1.0E-06, Niter=4, Noise=1.0E-05
15  MaxDim=80, MinDim=10, Cutoff=1.0E-06, Niter=4, Noise=1.0E-05
16  MaxDim=80, MinDim=10, Cutoff=1.0E-06, Niter=4, Noise=1.0E-05
17  MaxDim=80, MinDim=10, Cutoff=1.0E-06, Niter=4, Noise=1.0E-05
18  MaxDim=80, MinDim=10, Cutoff=1.0E-06, Niter=4, Noise=1.0E-05
19  MaxDim=80, MinDim=10, Cutoff=1.0E-06, Niter=4, Noise=1.0E-05
20  MaxDim=80, MinDim=10, Cutoff=1.0E-06, Niter=4, Noise=1.0E-05
21  MaxDim=80, MinDim=10, Cutoff=1.0E-06, Niter=4, Noise=1.0E-05
22  MaxDim=80, MinDim=10, Cutoff=1.0E-06, Niter=4, Noise=1.0E-05
23  MaxDim=80, MinDim=10, Cutoff=1.0E-06, Niter=4, Noise=1.0E-05
24  MaxDim=80, MinDim=10, Cutoff=1.0E-06, Niter=4, Noise=1.0E-05
25  MaxDim=80, MinDim=10, Cutoff=1.0E-06, Niter=4, Noise=1.0E-05
26  MaxDim=80, MinDim=10, Cutoff=1.0E-06, Niter=4, Noise=1.0E-05
27  MaxDim=80, MinDim=10, Cutoff=1.0E-06, Niter=4, Noise=1.0E-05
28  MaxDim=80, MinDim=10, Cutoff=1.0E-06, Niter=4, Noise=1.0E-05
29  MaxDim=80, MinDim=10, Cutoff=1.0E-06, Niter=4, Noise=1.0E-05
30  MaxDim=80, MinDim=10, Cutoff=1.0E-06, Niter=4, Noise=1.0E-05
31  MaxDim=80, MinDim=10, Cutoff=1.0E-06, Niter=4, Noise=1.0E-05
32  MaxDim=80, MinDim=10, Cutoff=1.0E-06, Niter=4, Noise=1.0E-05
33  MaxDim=80, MinDim=10, Cutoff=1.0E-06, Niter=4, Noise=1.0E-05
34  MaxDim=80, MinDim=10, Cutoff=1.0E-06, Niter=4, Noise=1.0E-05
35  MaxDim=80, MinDim=10, Cutoff=1.0E-06, Niter=4, Noise=1.0E-05
36  MaxDim=80, MinDim=10, Cutoff=1.0E-06, Niter=4, Noise=1.0E-05
37  MaxDim=160, MinDim=10, Cutoff=1.0E-08, Niter=4, Noise=1.0E-06
38  MaxDim=160, MinDim=10, Cutoff=1.0E-08, Niter=4, Noise=1.0E-06
39  MaxDim=160, MinDim=10, Cutoff=1.0E-08, Niter=4, Noise=1.0E-06
40  MaxDim=160, MinDim=10, Cutoff=1.0E-08, Niter=4, Noise=1.0E-06
41  MaxDim=160, MinDim=10, Cutoff=1.0E-08, Niter=4, Noise=1.0E-06
42  MaxDim=160, MinDim=10, Cutoff=1.0E-08, Niter=4, Noise=1.0E-06
43  MaxDim=160, MinDim=10, Cutoff=1.0E-08, Niter=4, Noise=1.0E-06
44  MaxDim=160, MinDim=10, Cutoff=1.0E-08, Niter=4, Noise=1.0E-06
45  MaxDim=160, MinDim=10, Cutoff=1.0E-08, Niter=4, Noise=1.0E-06
46  MaxDim=160, MinDim=10, Cutoff=1.0E-08, Niter=4, Noise=1.0E-06
47  MaxDim=160, MinDim=10, Cutoff=1.0E-08, Niter=4, Noise=1.0E-06
48  MaxDim=160, MinDim=10, Cutoff=1.0E-08, Niter=4, Noise=1.0E-06
49  MaxDim=160, MinDim=10, Cutoff=1.0E-08, Niter=4, Noise=1.0E-06
50  MaxDim=160, MinDim=10, Cutoff=1.0E-08, Niter=4, Noise=1.0E-06
51  MaxDim=160, MinDim=10, Cutoff=1.0E-08, Niter=4, Noise=1.0E-06
52  MaxDim=160, MinDim=10, Cutoff=1.0E-08, Niter=4, Noise=1.0E-06
53  MaxDim=160, MinDim=10, Cutoff=1.0E-08, Niter=4, Noise=1.0E-06
54  MaxDim=160, MinDim=10, Cutoff=1.0E-08, Niter=4, Noise=1.0E-06
55  MaxDim=160, MinDim=10, Cutoff=1.0E-08, Niter=4, Noise=1.0E-06
56  MaxDim=160, MinDim=10, Cutoff=1.0E-08, Niter=4, Noise=1.0E-06
57  MaxDim=160, MinDim=10, Cutoff=1.0E-08, Niter=4, Noise=1.0E-06
58  MaxDim=160, MinDim=10, Cutoff=1.0E-08, Niter=4, Noise=1.0E-06
59  MaxDim=320, MinDim=10, Cutoff=1.0E-10, Niter=4, Noise=1.0E-07
60  MaxDim=320, MinDim=10, Cutoff=1.0E-10, Niter=4, Noise=1.0E-07
61  MaxDim=320, MinDim=10, Cutoff=1.0E-10, Niter=4, Noise=1.0E-07
62  MaxDim=320, MinDim=10, Cutoff=1.0E-10, Niter=4, Noise=1.0E-07
63  MaxDim=320, MinDim=10, Cutoff=1.0E-10, Niter=4, Noise=1.0E-07
64  MaxDim=320, MinDim=10, Cutoff=1.0E-10, Niter=4, Noise=1.0E-07
65  MaxDim=320, MinDim=10, Cutoff=1.0E-10, Niter=4, Noise=1.0E-07
66  MaxDim=320, MinDim=10, Cutoff=1.0E-10, Niter=4, Noise=1.0E-07
67  MaxDim=320, MinDim=10, Cutoff=1.0E-10, Niter=4, Noise=1.0E-07
68  MaxDim=320, MinDim=10, Cutoff=1.0E-10, Niter=4, Noise=1.0E-07
69  MaxDim=320, MinDim=10, Cutoff=1.0E-10, Niter=4, Noise=1.0E-07
70  MaxDim=320, MinDim=10, Cutoff=1.0E-10, Niter=4, Noise=1.0E-07
71  MaxDim=320, MinDim=10, Cutoff=1.0E-10, Niter=4, Noise=1.0E-07
72  MaxDim=320, MinDim=10, Cutoff=1.0E-10, Niter=4, Noise=1.0E-07
73  MaxDim=320, MinDim=10, Cutoff=1.0E-10, Niter=4, Noise=1.0E-07
74  MaxDim=320, MinDim=10, Cutoff=1.0E-10, Niter=4, Noise=1.0E-07
75  MaxDim=640, MinDim=10, Cutoff=1.0E-12, Niter=2, Noise=1.0E-08
76  MaxDim=640, MinDim=10, Cutoff=1.0E-12, Niter=2, Noise=1.0E-08
77  MaxDim=640, MinDim=10, Cutoff=1.0E-12, Niter=2, Noise=1.0E-08
78  MaxDim=640, MinDim=10, Cutoff=1.0E-12, Niter=2, Noise=1.0E-08
79  MaxDim=640, MinDim=10, Cutoff=1.0E-12, Niter=2, Noise=1.0E-08
80  MaxDim=640, MinDim=10, Cutoff=1.0E-12, Niter=2, Noise=1.0E-08
81  MaxDim=640, MinDim=10, Cutoff=1.0E-12, Niter=2, Noise=1.0E-08
82  MaxDim=640, MinDim=10, Cutoff=1.0E-12, Niter=2, Noise=1.0E-08
83  MaxDim=1280, MinDim=10, Cutoff=1.0E-12, Niter=2, Noise=0.0E+00
84  MaxDim=1280, MinDim=10, Cutoff=1.0E-14, Niter=2, Noise=0.0E+00
85  MaxDim=1280, MinDim=10, Cutoff=1.0E-14, Niter=2, Noise=0.0E+00
86  MaxDim=1280, MinDim=10, Cutoff=1.0E-14, Niter=2, Noise=0.0E+00
87  MaxDim=1280, MinDim=10, Cutoff=1.0E-14, Niter=2, Noise=0.0E+00


    vN Entropy at center bond b=151 = 0.763940204026
    Eigs at center bond b=151: 0.6913 0.2753 0.0179 0.0070 0.0065 0.0017 
    Largest link dim during sweep 1/87 was 20
    Largest truncation error: 1.11017e-06
    Energy after sweep 1/87 is -183.982998470230
    Sweep 1/87 CPU time = 9.426s (Wall time = 1.225s)

    vN Entropy at center bond b=151 = 0.786695878298
    Eigs at center bond b=151: 0.6732 0.2914 0.0189 0.0077 0.0064 0.0018 
    Largest link dim during sweep 2/87 was 20
    Largest truncation error: 1.42142e-06
    Energy after sweep 2/87 is -183.985192206396
    Sweep 2/87 CPU time = 13.29s (Wall time = 1.709s)

    vN Entropy at center bond b=151 = 0.786767651480
    Eigs at center bond b=151: 0.6732 0.2914 0.0189 0.0077 0.0064 0.0018 
    Largest link dim during sweep 3/87 was 20
    Largest truncation error: 1.49603e-06
    Energy after sweep 3/87 is -183.985205262752
    Sweep 3/87 CPU time = 13.14s (Wall time = 1.682s)

    vN Entropy at center bond b=151 = 0.786768852234
    Eigs at center bond b=151: 0.6732 0.2914 0.0189 0.0077 0.0064 0.0018 
    Largest link dim during sweep 4/87 was 20
    Largest truncation error: 1.49905e-06
    Energy after sweep 4/87 is -183.985205460870
    Sweep 4/87 CPU time = 13.16s (Wall time = 1.684s)

    vN Entropy at center bond b=151 = 0.786768895529
    Eigs at center bond b=151: 0.6732 0.2914 0.0189 0.0077 0.0064 0.0018 
    Largest link dim during sweep 5/87 was 20
    Largest truncation error: 1.49926e-06
    Energy after sweep 5/87 is -183.985205469783
    Sweep 5/87 CPU time = 13.19s (Wall time = 1.689s)

    vN Entropy at center bond b=151 = 0.786768897611
    Eigs at center bond b=151: 0.6732 0.2914 0.0189 0.0077 0.0064 0.0018 
    Largest link dim during sweep 6/87 was 20
    Largest truncation error: 1.49928e-06
    Energy after sweep 6/87 is -183.985205470173
    Sweep 6/87 CPU time = 13.10s (Wall time = 1.683s)

    vN Entropy at center bond b=151 = 0.786768897724
    Eigs at center bond b=151: 0.6732 0.2914 0.0189 0.0077 0.0064 0.0018 
    Largest link dim during sweep 7/87 was 20
    Largest truncation error: 1.49928e-06
    Energy after sweep 7/87 is -183.985205470157
    Sweep 7/87 CPU time = 13.22s (Wall time = 1.691s)

    vN Entropy at center bond b=151 = 0.786855868592
    Eigs at center bond b=151: 0.6732 0.2914 0.0189 0.0077 0.0064 0.0018 
    Largest link dim during sweep 8/87 was 24
    Largest truncation error: 7.52214e-07
    Energy after sweep 8/87 is -183.985799880935
    Sweep 8/87 CPU time = 7.460s (Wall time = 0.956s)

    vN Entropy at center bond b=151 = 0.786862775384
    Eigs at center bond b=151: 0.6732 0.2914 0.0189 0.0077 0.0064 0.0018 
    Largest link dim during sweep 9/87 was 24
    Largest truncation error: 7.53356e-07
    Energy after sweep 9/87 is -183.985799985056
    Sweep 9/87 CPU time = 7.639s (Wall time = 0.977s)

    vN Entropy at center bond b=151 = 0.786863051740
    Eigs at center bond b=151: 0.6732 0.2914 0.0189 0.0077 0.0064 0.0018 
    Largest link dim during sweep 10/87 was 24
    Largest truncation error: 7.5342e-07
    Energy after sweep 10/87 is -183.985799853068
    Sweep 10/87 CPU time = 7.682s (Wall time = 0.984s)

    vN Entropy at center bond b=151 = 0.786863080401
    Eigs at center bond b=151: 0.6732 0.2914 0.0189 0.0077 0.0064 0.0018 
    Largest link dim during sweep 11/87 was 24
    Largest truncation error: 7.53427e-07
    Energy after sweep 11/87 is -183.985799854762
    Sweep 11/87 CPU time = 7.697s (Wall time = 0.984s)

    vN Entropy at center bond b=151 = 0.786863084087
    Eigs at center bond b=151: 0.6732 0.2914 0.0189 0.0077 0.0064 0.0018 
    Largest link dim during sweep 12/87 was 24
    Largest truncation error: 7.53428e-07
    Energy after sweep 12/87 is -183.985799859702
    Sweep 12/87 CPU time = 7.634s (Wall time = 0.974s)

    vN Entropy at center bond b=151 = 0.786863084580
    Eigs at center bond b=151: 0.6732 0.2914 0.0189 0.0077 0.0064 0.0018 
    Largest link dim during sweep 13/87 was 24
    Largest truncation error: 7.53428e-07
    Energy after sweep 13/87 is -183.985799862249
    Sweep 13/87 CPU time = 7.624s (Wall time = 0.976s)

    vN Entropy at center bond b=151 = 0.786863084647
    Eigs at center bond b=151: 0.6732 0.2914 0.0189 0.0077 0.0064 0.0018 
    Largest link dim during sweep 14/87 was 24
    Largest truncation error: 7.53428e-07
    Energy after sweep 14/87 is -183.985799863444
    Sweep 14/87 CPU time = 7.576s (Wall time = 0.971s)

    vN Entropy at center bond b=151 = 0.786780683682
    Eigs at center bond b=151: 0.6732 0.2914 0.0189 0.0077 0.0064 0.0018 
    Largest link dim during sweep 15/87 was 24
    Largest truncation error: 7.50893e-07
    Energy after sweep 15/87 is -183.985752685383
    Sweep 15/87 CPU time = 7.501s (Wall time = 0.961s)

    vN Entropy at center bond b=151 = 0.786777711445
    Eigs at center bond b=151: 0.6732 0.2914 0.0189 0.0077 0.0064 0.0018 
    Largest link dim during sweep 16/87 was 24
    Largest truncation error: 7.51286e-07
    Energy after sweep 16/87 is -183.985751928225
    Sweep 16/87 CPU time = 7.373s (Wall time = 0.946s)

    vN Entropy at center bond b=151 = 0.786777527419
    Eigs at center bond b=151: 0.6732 0.2914 0.0189 0.0077 0.0064 0.0018 
    Largest link dim during sweep 17/87 was 24
    Largest truncation error: 7.51279e-07
    Energy after sweep 17/87 is -183.985751798674
    Sweep 17/87 CPU time = 7.395s (Wall time = 0.948s)

    vN Entropy at center bond b=151 = 0.786777493500
    Eigs at center bond b=151: 0.6732 0.2914 0.0189 0.0077 0.0064 0.0018 
    Largest link dim during sweep 18/87 was 24
    Largest truncation error: 7.51273e-07
    Energy after sweep 18/87 is -183.985751772644
    Sweep 18/87 CPU time = 7.461s (Wall time = 0.954s)

    vN Entropy at center bond b=151 = 0.786777486527
    Eigs at center bond b=151: 0.6732 0.2914 0.0189 0.0077 0.0064 0.0018 
    Largest link dim during sweep 19/87 was 24
    Largest truncation error: 7.51271e-07
    Energy after sweep 19/87 is -183.985751767283
    Sweep 19/87 CPU time = 7.442s (Wall time = 0.953s)

    vN Entropy at center bond b=151 = 0.786777485107
    Eigs at center bond b=151: 0.6732 0.2914 0.0189 0.0077 0.0064 0.0018 
    Largest link dim during sweep 20/87 was 24
    Largest truncation error: 7.51271e-07
    Energy after sweep 20/87 is -183.985751766162
    Sweep 20/87 CPU time = 7.454s (Wall time = 0.953s)

    vN Entropy at center bond b=151 = 0.786777484820
    Eigs at center bond b=151: 0.6732 0.2914 0.0189 0.0077 0.0064 0.0018 
    Largest link dim during sweep 21/87 was 24
    Largest truncation error: 7.5127e-07
    Energy after sweep 21/87 is -183.985751765917
    Sweep 21/87 CPU time = 7.840s (Wall time = 1.012s)

    vN Entropy at center bond b=151 = 0.786777484763
    Eigs at center bond b=151: 0.6732 0.2914 0.0189 0.0077 0.0064 0.0018 
    Largest link dim during sweep 22/87 was 24
    Largest truncation error: 7.5127e-07
    Energy after sweep 22/87 is -183.985751765866
    Sweep 22/87 CPU time = 7.436s (Wall time = 0.951s)

    vN Entropy at center bond b=151 = 0.786777484751
    Eigs at center bond b=151: 0.6732 0.2914 0.0189 0.0077 0.0064 0.0018 
    Largest link dim during sweep 23/87 was 24
    Largest truncation error: 7.5127e-07
    Energy after sweep 23/87 is -183.985751765852
    Sweep 23/87 CPU time = 7.468s (Wall time = 0.955s)

    vN Entropy at center bond b=151 = 0.786777484749
    Eigs at center bond b=151: 0.6732 0.2914 0.0189 0.0077 0.0064 0.0018 
    Largest link dim during sweep 24/87 was 24
    Largest truncation error: 7.5127e-07
    Energy after sweep 24/87 is -183.985751765851
    Sweep 24/87 CPU time = 7.454s (Wall time = 0.951s)

    vN Entropy at center bond b=151 = 0.786777484749
    Eigs at center bond b=151: 0.6732 0.2914 0.0189 0.0077 0.0064 0.0018 
    Largest link dim during sweep 25/87 was 24
    Largest truncation error: 7.5127e-07
    Energy after sweep 25/87 is -183.985751765852
    Sweep 25/87 CPU time = 7.412s (Wall time = 0.947s)

    vN Entropy at center bond b=151 = 0.786777484749
    Eigs at center bond b=151: 0.6732 0.2914 0.0189 0.0077 0.0064 0.0018 
    Largest link dim during sweep 26/87 was 24
    Largest truncation error: 7.5127e-07
    Energy after sweep 26/87 is -183.985751765852
    Sweep 26/87 CPU time = 7.428s (Wall time = 0.951s)

    vN Entropy at center bond b=151 = 0.786777484749
    Eigs at center bond b=151: 0.6732 0.2914 0.0189 0.0077 0.0064 0.0018 
    Largest link dim during sweep 27/87 was 24
    Largest truncation error: 7.5127e-07
    Energy after sweep 27/87 is -183.985751765848
    Sweep 27/87 CPU time = 7.429s (Wall time = 0.950s)

    vN Entropy at center bond b=151 = 0.786777484748
    Eigs at center bond b=151: 0.6732 0.2914 0.0189 0.0077 0.0064 0.0018 
    Largest link dim during sweep 28/87 was 24
    Largest truncation error: 7.5127e-07
    Energy after sweep 28/87 is -183.985751765851
    Sweep 28/87 CPU time = 7.410s (Wall time = 0.948s)

    vN Entropy at center bond b=151 = 0.786777484749
    Eigs at center bond b=151: 0.6732 0.2914 0.0189 0.0077 0.0064 0.0018 
    Largest link dim during sweep 29/87 was 24
    Largest truncation error: 7.5127e-07
    Energy after sweep 29/87 is -183.985751765848
    Sweep 29/87 CPU time = 7.481s (Wall time = 0.955s)

    vN Entropy at center bond b=151 = 0.786777484749
    Eigs at center bond b=151: 0.6732 0.2914 0.0189 0.0077 0.0064 0.0018 
    Largest link dim during sweep 30/87 was 24
    Largest truncation error: 7.5127e-07
    Energy after sweep 30/87 is -183.985751765851
    Sweep 30/87 CPU time = 7.425s (Wall time = 0.951s)

    vN Entropy at center bond b=151 = 0.786777484748
    Eigs at center bond b=151: 0.6732 0.2914 0.0189 0.0077 0.0064 0.0018 
    Largest link dim during sweep 31/87 was 24
    Largest truncation error: 7.5127e-07
    Energy after sweep 31/87 is -183.985751765849
    Sweep 31/87 CPU time = 7.397s (Wall time = 0.950s)

    vN Entropy at center bond b=151 = 0.786777484749
    Eigs at center bond b=151: 0.6732 0.2914 0.0189 0.0077 0.0064 0.0018 
    Largest link dim during sweep 32/87 was 24
    Largest truncation error: 7.5127e-07
    Energy after sweep 32/87 is -183.985751765850
    Sweep 32/87 CPU time = 7.415s (Wall time = 0.953s)

    vN Entropy at center bond b=151 = 0.786777484749
    Eigs at center bond b=151: 0.6732 0.2914 0.0189 0.0077 0.0064 0.0018 
    Largest link dim during sweep 33/87 was 24
    Largest truncation error: 7.5127e-07
    Energy after sweep 33/87 is -183.985751765849
    Sweep 33/87 CPU time = 7.410s (Wall time = 0.951s)

    vN Entropy at center bond b=151 = 0.786777484749
    Eigs at center bond b=151: 0.6732 0.2914 0.0189 0.0077 0.0064 0.0018 
    Largest link dim during sweep 34/87 was 24
    Largest truncation error: 7.5127e-07
    Energy after sweep 34/87 is -183.985751765855
    Sweep 34/87 CPU time = 7.416s (Wall time = 0.950s)

    vN Entropy at center bond b=151 = 0.786777484749
    Eigs at center bond b=151: 0.6732 0.2914 0.0189 0.0077 0.0064 0.0018 
    Largest link dim during sweep 35/87 was 24
    Largest truncation error: 7.5127e-07
    Energy after sweep 35/87 is -183.985751765849
    Sweep 35/87 CPU time = 7.423s (Wall time = 0.950s)

    vN Entropy at center bond b=151 = 0.786777484749
    Eigs at center bond b=151: 0.6732 0.2914 0.0189 0.0077 0.0064 0.0018 
    Largest link dim during sweep 36/87 was 24
    Largest truncation error: 7.5127e-07
    Energy after sweep 36/87 is -183.985751765847
    Sweep 36/87 CPU time = 7.434s (Wall time = 0.950s)

    vN Entropy at center bond b=151 = 0.787606867953
    Eigs at center bond b=151: 0.6728 0.2917 0.0190 0.0077 0.0064 0.0019 
    Largest link dim during sweep 37/87 was 46
    Largest truncation error: 7.65435e-09
    Energy after sweep 37/87 is -183.986880548329
    Sweep 37/87 CPU time = 16.45s (Wall time = 2.116s)

    vN Entropy at center bond b=151 = 0.787646660605
    Eigs at center bond b=151: 0.6728 0.2917 0.0190 0.0077 0.0064 0.0019 
    Largest link dim during sweep 38/87 was 48
    Largest truncation error: 7.49795e-09
    Energy after sweep 38/87 is -183.986883813031
    Sweep 38/87 CPU time = 22.11s (Wall time = 2.848s)

    vN Entropy at center bond b=151 = 0.787648768365
    Eigs at center bond b=151: 0.6728 0.2917 0.0190 0.0077 0.0064 0.0019 
    Largest link dim during sweep 39/87 was 48
    Largest truncation error: 7.48547e-09
    Energy after sweep 39/87 is -183.986883847480
    Sweep 39/87 CPU time = 22.96s (Wall time = 2.945s)

    vN Entropy at center bond b=151 = 0.787648746411
    Eigs at center bond b=151: 0.6728 0.2917 0.0190 0.0077 0.0064 0.0019 
    Largest link dim during sweep 40/87 was 48
    Largest truncation error: 7.49723e-09
    Energy after sweep 40/87 is -183.986883830409
    Sweep 40/87 CPU time = 23.00s (Wall time = 2.948s)

    vN Entropy at center bond b=151 = 0.787648758405
    Eigs at center bond b=151: 0.6728 0.2917 0.0190 0.0077 0.0064 0.0019 
    Largest link dim during sweep 41/87 was 48
    Largest truncation error: 7.49714e-09
    Energy after sweep 41/87 is -183.986883824937
    Sweep 41/87 CPU time = 24.62s (Wall time = 3.187s)

    vN Entropy at center bond b=151 = 0.787648759379
    Eigs at center bond b=151: 0.6728 0.2917 0.0190 0.0077 0.0064 0.0019 
    Largest link dim during sweep 42/87 was 48
    Largest truncation error: 7.49707e-09
    Energy after sweep 42/87 is -183.986883823610
    Sweep 42/87 CPU time = 23.03s (Wall time = 2.949s)

    vN Entropy at center bond b=151 = 0.787648759448
    Eigs at center bond b=151: 0.6728 0.2917 0.0190 0.0077 0.0064 0.0019 
    Largest link dim during sweep 43/87 was 48
    Largest truncation error: 7.49706e-09
    Energy after sweep 43/87 is -183.986883823264
    Sweep 43/87 CPU time = 22.88s (Wall time = 2.952s)

    vN Entropy at center bond b=151 = 0.787648759450
    Eigs at center bond b=151: 0.6728 0.2917 0.0190 0.0077 0.0064 0.0019 
    Largest link dim during sweep 44/87 was 48
    Largest truncation error: 7.49706e-09
    Energy after sweep 44/87 is -183.986883823146
    Sweep 44/87 CPU time = 22.89s (Wall time = 2.933s)

    vN Entropy at center bond b=151 = 0.787648759448
    Eigs at center bond b=151: 0.6728 0.2917 0.0190 0.0077 0.0064 0.0019 
    Largest link dim during sweep 45/87 was 48
    Largest truncation error: 7.49705e-09
    Energy after sweep 45/87 is -183.986883823099
    Sweep 45/87 CPU time = 23.02s (Wall time = 2.945s)

    vN Entropy at center bond b=151 = 0.787648759447
    Eigs at center bond b=151: 0.6728 0.2917 0.0190 0.0077 0.0064 0.0019 
    Largest link dim during sweep 46/87 was 48
    Largest truncation error: 7.49705e-09
    Energy after sweep 46/87 is -183.986883823081
    Sweep 46/87 CPU time = 23.04s (Wall time = 2.952s)

    vN Entropy at center bond b=151 = 0.787648759446
    Eigs at center bond b=151: 0.6728 0.2917 0.0190 0.0077 0.0064 0.0019 
    Largest link dim during sweep 47/87 was 48
    Largest truncation error: 7.49705e-09
    Energy after sweep 47/87 is -183.986883823078
    Sweep 47/87 CPU time = 23.02s (Wall time = 2.942s)

    vN Entropy at center bond b=151 = 0.787648759446
    Eigs at center bond b=151: 0.6728 0.2917 0.0190 0.0077 0.0064 0.0019 
    Largest link dim during sweep 48/87 was 48
    Largest truncation error: 7.49705e-09
    Energy after sweep 48/87 is -183.986883823074
    Sweep 48/87 CPU time = 22.99s (Wall time = 2.945s)

    vN Entropy at center bond b=151 = 0.787648759446
    Eigs at center bond b=151: 0.6728 0.2917 0.0190 0.0077 0.0064 0.0019 
    Largest link dim during sweep 49/87 was 48
    Largest truncation error: 7.49705e-09
    Energy after sweep 49/87 is -183.986883823072
    Sweep 49/87 CPU time = 22.89s (Wall time = 2.949s)

    vN Entropy at center bond b=151 = 0.787648759446
    Eigs at center bond b=151: 0.6728 0.2917 0.0190 0.0077 0.0064 0.0019 
    Largest link dim during sweep 50/87 was 48
    Largest truncation error: 7.49705e-09
    Energy after sweep 50/87 is -183.986883823072
    Sweep 50/87 CPU time = 23.03s (Wall time = 2.952s)

    vN Entropy at center bond b=151 = 0.787648759446
    Eigs at center bond b=151: 0.6728 0.2917 0.0190 0.0077 0.0064 0.0019 
    Largest link dim during sweep 51/87 was 48
    Largest truncation error: 7.49705e-09
    Energy after sweep 51/87 is -183.986883823068
    Sweep 51/87 CPU time = 23.02s (Wall time = 2.952s)

    vN Entropy at center bond b=151 = 0.787648759446
    Eigs at center bond b=151: 0.6728 0.2917 0.0190 0.0077 0.0064 0.0019 
    Largest link dim during sweep 52/87 was 48
    Largest truncation error: 7.49705e-09
    Energy after sweep 52/87 is -183.986883823070
    Sweep 52/87 CPU time = 22.92s (Wall time = 2.935s)

    vN Entropy at center bond b=151 = 0.787648759446
    Eigs at center bond b=151: 0.6728 0.2917 0.0190 0.0077 0.0064 0.0019 
    Largest link dim during sweep 53/87 was 48
    Largest truncation error: 7.49705e-09
    Energy after sweep 53/87 is -183.986883823071
    Sweep 53/87 CPU time = 22.92s (Wall time = 2.937s)

    vN Entropy at center bond b=151 = 0.787648759446
    Eigs at center bond b=151: 0.6728 0.2917 0.0190 0.0077 0.0064 0.0019 
    Largest link dim during sweep 54/87 was 48
    Largest truncation error: 7.49705e-09
    Energy after sweep 54/87 is -183.986883823071
    Sweep 54/87 CPU time = 23.08s (Wall time = 2.953s)

    vN Entropy at center bond b=151 = 0.787648759446
    Eigs at center bond b=151: 0.6728 0.2917 0.0190 0.0077 0.0064 0.0019 
    Largest link dim during sweep 55/87 was 48
    Largest truncation error: 7.49705e-09
    Energy after sweep 55/87 is -183.986883823068
    Sweep 55/87 CPU time = 23.03s (Wall time = 2.958s)

    vN Entropy at center bond b=151 = 0.787648759446
    Eigs at center bond b=151: 0.6728 0.2917 0.0190 0.0077 0.0064 0.0019 
    Largest link dim during sweep 56/87 was 48
    Largest truncation error: 7.49706e-09
    Energy after sweep 56/87 is -183.986883823072
    Sweep 56/87 CPU time = 23.07s (Wall time = 2.953s)

    vN Entropy at center bond b=151 = 0.787648759446
    Eigs at center bond b=151: 0.6728 0.2917 0.0190 0.0077 0.0064 0.0019 
    Largest link dim during sweep 57/87 was 48
    Largest truncation error: 7.49706e-09
    Energy after sweep 57/87 is -183.986883823070
    Sweep 57/87 CPU time = 23.02s (Wall time = 2.944s)

    vN Entropy at center bond b=151 = 0.787648759446
    Eigs at center bond b=151: 0.6728 0.2917 0.0190 0.0077 0.0064 0.0019 
    Largest link dim during sweep 58/87 was 48
    Largest truncation error: 7.49707e-09
    Energy after sweep 58/87 is -183.986883823070
    Sweep 58/87 CPU time = 22.89s (Wall time = 2.932s)

    vN Entropy at center bond b=151 = 0.787691779117
    Eigs at center bond b=151: 0.6728 0.2917 0.0190 0.0077 0.0064 0.0019 
    Largest link dim during sweep 59/87 was 87
    Largest truncation error: 7.50555e-11
    Energy after sweep 59/87 is -183.986896362423
    Sweep 59/87 CPU time = 1m, 9.6s (Wall time = 8.946s)

    vN Entropy at center bond b=151 = 0.787692781562
    Eigs at center bond b=151: 0.6728 0.2917 0.0190 0.0077 0.0064 0.0019 
    Largest link dim during sweep 60/87 was 89
    Largest truncation error: 7.59293e-11
    Energy after sweep 60/87 is -183.986896395870
    Sweep 60/87 CPU time = 1m, 33.3s (Wall time = 11.95s)

    vN Entropy at center bond b=151 = 0.787692820487
    Eigs at center bond b=151: 0.6728 0.2917 0.0190 0.0077 0.0064 0.0019 
    Largest link dim during sweep 61/87 was 89
    Largest truncation error: 7.60497e-11
    Energy after sweep 61/87 is -183.986896396176
    Sweep 61/87 CPU time = 1m, 32.2s (Wall time = 11.85s)

    vN Entropy at center bond b=151 = 0.787692823703
    Eigs at center bond b=151: 0.6728 0.2917 0.0190 0.0077 0.0064 0.0019 
    Largest link dim during sweep 62/87 was 89
    Largest truncation error: 7.60628e-11
    Energy after sweep 62/87 is -183.986896396135
    Sweep 62/87 CPU time = 1m, 32.3s (Wall time = 11.81s)

    vN Entropy at center bond b=151 = 0.787692824156
    Eigs at center bond b=151: 0.6728 0.2917 0.0190 0.0077 0.0064 0.0019 
    Largest link dim during sweep 63/87 was 89
    Largest truncation error: 7.6065e-11
    Energy after sweep 63/87 is -183.986896396126
    Sweep 63/87 CPU time = 1m, 32.0s (Wall time = 11.78s)

    vN Entropy at center bond b=151 = 0.787692824230
    Eigs at center bond b=151: 0.6728 0.2917 0.0190 0.0077 0.0064 0.0019 
    Largest link dim during sweep 64/87 was 89
    Largest truncation error: 7.60655e-11
    Energy after sweep 64/87 is -183.986896396123
    Sweep 64/87 CPU time = 1m, 34.7s (Wall time = 12.12s)

    vN Entropy at center bond b=151 = 0.787692824242
    Eigs at center bond b=151: 0.6728 0.2917 0.0190 0.0077 0.0064 0.0019 
    Largest link dim during sweep 65/87 was 89
    Largest truncation error: 7.60656e-11
    Energy after sweep 65/87 is -183.986896396125
    Sweep 65/87 CPU time = 1m, 35.8s (Wall time = 12.26s)

    vN Entropy at center bond b=151 = 0.787692824245
    Eigs at center bond b=151: 0.6728 0.2917 0.0190 0.0077 0.0064 0.0019 
    Largest link dim during sweep 66/87 was 89
    Largest truncation error: 7.60656e-11
    Energy after sweep 66/87 is -183.986896396128
    Sweep 66/87 CPU time = 1m, 36.1s (Wall time = 12.32s)

    vN Entropy at center bond b=151 = 0.787692824245
    Eigs at center bond b=151: 0.6728 0.2917 0.0190 0.0077 0.0064 0.0019 
    Largest link dim during sweep 67/87 was 89
    Largest truncation error: 7.60658e-11
    Energy after sweep 67/87 is -183.986896396128
    Sweep 67/87 CPU time = 1m, 34.6s (Wall time = 12.15s)

    vN Entropy at center bond b=151 = 0.787692824245
    Eigs at center bond b=151: 0.6728 0.2917 0.0190 0.0077 0.0064 0.0019 
    Largest link dim during sweep 68/87 was 89
    Largest truncation error: 7.60653e-11
    Energy after sweep 68/87 is -183.986896396127
    Sweep 68/87 CPU time = 1m, 33.3s (Wall time = 11.94s)

    vN Entropy at center bond b=151 = 0.787692824245
    Eigs at center bond b=151: 0.6728 0.2917 0.0190 0.0077 0.0064 0.0019 
    Largest link dim during sweep 69/87 was 89
    Largest truncation error: 7.60657e-11
    Energy after sweep 69/87 is -183.986896396127
    Sweep 69/87 CPU time = 1m, 33.4s (Wall time = 11.96s)

    vN Entropy at center bond b=151 = 0.787692824245
    Eigs at center bond b=151: 0.6728 0.2917 0.0190 0.0077 0.0064 0.0019 
    Largest link dim during sweep 70/87 was 89
    Largest truncation error: 7.60654e-11
    Energy after sweep 70/87 is -183.986896396128
    Sweep 70/87 CPU time = 1m, 31.3s (Wall time = 11.68s)

    vN Entropy at center bond b=151 = 0.787692824245
    Eigs at center bond b=151: 0.6728 0.2917 0.0190 0.0077 0.0064 0.0019 
    Largest link dim during sweep 71/87 was 89
    Largest truncation error: 7.60656e-11
    Energy after sweep 71/87 is -183.986896396128
    Sweep 71/87 CPU time = 1m, 31.0s (Wall time = 11.64s)

    vN Entropy at center bond b=151 = 0.787692824245
    Eigs at center bond b=151: 0.6728 0.2917 0.0190 0.0077 0.0064 0.0019 
    Largest link dim during sweep 72/87 was 89
    Largest truncation error: 7.60657e-11
    Energy after sweep 72/87 is -183.986896396127
    Sweep 72/87 CPU time = 1m, 30.7s (Wall time = 11.68s)

    vN Entropy at center bond b=151 = 0.787692824245
    Eigs at center bond b=151: 0.6728 0.2917 0.0190 0.0077 0.0064 0.0019 
    Largest link dim during sweep 73/87 was 89
    Largest truncation error: 7.60653e-11
    Energy after sweep 73/87 is -183.986896396125
    Sweep 73/87 CPU time = 1m, 29.6s (Wall time = 11.48s)

    vN Entropy at center bond b=151 = 0.787692824245
    Eigs at center bond b=151: 0.6728 0.2917 0.0190 0.0077 0.0064 0.0019 
    Largest link dim during sweep 74/87 was 89
    Largest truncation error: 7.60656e-11
    Energy after sweep 74/87 is -183.986896396125
    Sweep 74/87 CPU time = 1m, 29.9s (Wall time = 11.51s)

    vN Entropy at center bond b=151 = 0.787696004339
    Eigs at center bond b=151: 0.6728 0.2917 0.0190 0.0077 0.0064 0.0019 
    Largest link dim during sweep 75/87 was 155
    Largest truncation error: 7.68543e-13
    Energy after sweep 75/87 is -183.986896549625
    Sweep 75/87 CPU time = 2m, 46.5s (Wall time = 22.08s)

    vN Entropy at center bond b=151 = 0.787696052285
    Eigs at center bond b=151: 0.6728 0.2917 0.0190 0.0077 0.0064 0.0019 
    Largest link dim during sweep 76/87 was 157
    Largest truncation error: 7.51617e-13
    Energy after sweep 76/87 is -183.986896549946
    Sweep 76/87 CPU time = 3m, 31.3s (Wall time = 27.98s)

    vN Entropy at center bond b=151 = 0.787696054495
    Eigs at center bond b=151: 0.6728 0.2917 0.0190 0.0077 0.0064 0.0019 
    Largest link dim during sweep 77/87 was 157
    Largest truncation error: 7.51115e-13
    Energy after sweep 77/87 is -183.986896549952
    Sweep 77/87 CPU time = 3m, 35.5s (Wall time = 28.21s)

    vN Entropy at center bond b=151 = 0.787696054793
    Eigs at center bond b=151: 0.6728 0.2917 0.0190 0.0077 0.0064 0.0019 
    Largest link dim during sweep 78/87 was 157
    Largest truncation error: 7.51484e-13
    Energy after sweep 78/87 is -183.986896549956
    Sweep 78/87 CPU time = 3m, 34.1s (Wall time = 28.24s)

    vN Entropy at center bond b=151 = 0.787696054872
    Eigs at center bond b=151: 0.6728 0.2917 0.0190 0.0077 0.0064 0.0019 
    Largest link dim during sweep 79/87 was 157
    Largest truncation error: 7.52087e-13
    Energy after sweep 79/87 is -183.986896549953
    Sweep 79/87 CPU time = 3m, 34.0s (Wall time = 27.50s)

    vN Entropy at center bond b=151 = 0.787696054907
    Eigs at center bond b=151: 0.6728 0.2917 0.0190 0.0077 0.0064 0.0019 
    Largest link dim during sweep 80/87 was 157
    Largest truncation error: 7.52319e-13
    Energy after sweep 80/87 is -183.986896549957
    Sweep 80/87 CPU time = 3m, 36.0s (Wall time = 27.74s)

    vN Entropy at center bond b=151 = 0.787696054926
    Eigs at center bond b=151: 0.6728 0.2917 0.0190 0.0077 0.0064 0.0019 
    Largest link dim during sweep 81/87 was 157
    Largest truncation error: 7.52197e-13
    Energy after sweep 81/87 is -183.986896549957
    Sweep 81/87 CPU time = 3m, 28.7s (Wall time = 26.85s)

    vN Entropy at center bond b=151 = 0.787696054936
    Eigs at center bond b=151: 0.6728 0.2917 0.0190 0.0077 0.0064 0.0019 
    Largest link dim during sweep 82/87 was 157
    Largest truncation error: 7.5219e-13
    Energy after sweep 82/87 is -183.986896549958
    Sweep 82/87 CPU time = 3m, 28.0s (Wall time = 26.69s)

    vN Entropy at center bond b=151 = 0.787696376152
    Eigs at center bond b=151: 0.6728 0.2917 0.0190 0.0077 0.0064 0.0019 
    Largest link dim during sweep 83/87 was 143
    Largest truncation error: 7.58615e-13
    Energy after sweep 83/87 is -183.986896549444
    Sweep 83/87 CPU time = 2m, 42.2s (Wall time = 20.82s)

    vN Entropy at center bond b=151 = 0.787696382228
    Eigs at center bond b=151: 0.6728 0.2917 0.0190 0.0077 0.0064 0.0019 
    Largest link dim during sweep 84/87 was 242
    Largest truncation error: 7.65868e-15
    Energy after sweep 84/87 is -183.986896551882
    Sweep 84/87 CPU time = 7m, 2.7s (Wall time = 57.67s)

    vN Entropy at center bond b=151 = 0.787696383485
    Eigs at center bond b=151: 0.6728 0.2917 0.0190 0.0077 0.0064 0.0019 
    Largest link dim during sweep 85/87 was 245
    Largest truncation error: 7.6065e-15
    Energy after sweep 85/87 is -183.986896551872
    Sweep 85/87 CPU time = 11m, 45s (Wall time = 1m, 31.8s)

    vN Entropy at center bond b=151 = 0.787696383536
    Eigs at center bond b=151: 0.6728 0.2917 0.0190 0.0077 0.0064 0.0019 
    Largest link dim during sweep 86/87 was 244
    Largest truncation error: 7.51252e-15
    Energy after sweep 86/87 is -183.986896551871
    Sweep 86/87 CPU time = 10m, 27s (Wall time = 1m, 20.4s)

    vN Entropy at center bond b=151 = 0.787696383545
    Eigs at center bond b=151: 0.6728 0.2917 0.0190 0.0077 0.0064 0.0019 
    Largest link dim during sweep 87/87 was 244
    Largest truncation error: 7.51429e-15
    Energy after sweep 87/87 is -183.986896551873
    Sweep 87/87 CPU time = 10m, 29s (Wall time = 1m, 20.6s)
Initial energy = 0.00000

Ground State Energy = -183.9868965519
run_outputs/outputpsi/N_303_sweep_87_t_0.030000_J_1.000000_V_0.600000_D_0.018000_U_0.300000_mu_0.000000_E_0.001000 converge
Wall-clock time (s) = 3870.856835
