//////////////////////////
Reading input file ......

Got input.N = 303
Got input.t = 0.03
Got input.J = 1
Got input.V = 0.6
Got input.D = 0.018
Got input.U = 0.8
Got input.mu = 0
Got input.E = 0.2
Got input.nsweeps = 87
Sweeps:
1  MaxDim=20, MinDim=20, Cutoff=1.0E-06, Niter=8, Noise=1.0E-05
2  MaxDim=20, MinDim=20, Cutoff=1.0E-06, Niter=8, Noise=1.0E-05
3  MaxDim=20, MinDim=20, Cutoff=1.0E-06, Niter=8, Noise=1.0E-05
4  MaxDim=20, MinDim=20, Cutoff=1.0E-06, Niter=8, Noise=1.0E-05
5  MaxDim=20, MinDim=20, Cutoff=1.0E-06, Niter=8, Noise=1.0E-05
6  MaxDim=20, MinDim=20, Cutoff=1.0E-06, Niter=8, Noise=1.0E-05
7  MaxDim=20, MinDim=20, Cutoff=1.0E-06, Niter=8, Noise=1.0E-05
8  MaxDim=40, MinDim=20, Cutoff=1.0E-06, Niter=4, Noise=1.0E-05
9  MaxDim=40, MinDim=20, Cutoff=1.0E-06, Niter=4, Noise=1.0E-05
10  MaxDim=40, MinDim=20, Cutoff=1.0E-06, Niter=4, Noise=1.0E-05
11  MaxDim=40, MinDim=20, Cutoff=1.0E-06, Niter=4, Noise=1.0E-05
12  MaxDim=40, MinDim=20, Cutoff=1.0E-06, Niter=4, Noise=1.0E-05
13  MaxDim=40, MinDim=20, Cutoff=1.0E-06, Niter=4, Noise=1.0E-05
14  MaxDim=40, MinDim=20, Cutoff=1.0E-06, Niter=4, Noise=1.0E-05
15  MaxDim=80, MinDim=10, Cutoff=1.0E-06, Niter=4, Noise=1.0E-05
16  MaxDim=80, MinDim=10, Cutoff=1.0E-06, Niter=4, Noise=1.0E-05
17  MaxDim=80, MinDim=10, Cutoff=1.0E-06, Niter=4, Noise=1.0E-05
18  MaxDim=80, MinDim=10, Cutoff=1.0E-06, Niter=4, Noise=1.0E-05
19  MaxDim=80, MinDim=10, Cutoff=1.0E-06, Niter=4, Noise=1.0E-05
20  MaxDim=80, MinDim=10, Cutoff=1.0E-06, Niter=4, Noise=1.0E-05
21  MaxDim=80, MinDim=10, Cutoff=1.0E-06, Niter=4, Noise=1.0E-05
22  MaxDim=80, MinDim=10, Cutoff=1.0E-06, Niter=4, Noise=1.0E-05
23  MaxDim=80, MinDim=10, Cutoff=1.0E-06, Niter=4, Noise=1.0E-05
24  MaxDim=80, MinDim=10, Cutoff=1.0E-06, Niter=4, Noise=1.0E-05
25  MaxDim=80, MinDim=10, Cutoff=1.0E-06, Niter=4, Noise=1.0E-05
26  MaxDim=80, MinDim=10, Cutoff=1.0E-06, Niter=4, Noise=1.0E-05
27  MaxDim=80, MinDim=10, Cutoff=1.0E-06, Niter=4, Noise=1.0E-05
28  MaxDim=80, MinDim=10, Cutoff=1.0E-06, Niter=4, Noise=1.0E-05
29  MaxDim=80, MinDim=10, Cutoff=1.0E-06, Niter=4, Noise=1.0E-05
30  MaxDim=80, MinDim=10, Cutoff=1.0E-06, Niter=4, Noise=1.0E-05
31  MaxDim=80, MinDim=10, Cutoff=1.0E-06, Niter=4, Noise=1.0E-05
32  MaxDim=80, MinDim=10, Cutoff=1.0E-06, Niter=4, Noise=1.0E-05
33  MaxDim=80, MinDim=10, Cutoff=1.0E-06, Niter=4, Noise=1.0E-05
34  MaxDim=80, MinDim=10, Cutoff=1.0E-06, Niter=4, Noise=1.0E-05
35  MaxDim=80, MinDim=10, Cutoff=1.0E-06, Niter=4, Noise=1.0E-05
36  MaxDim=80, MinDim=10, Cutoff=1.0E-06, Niter=4, Noise=1.0E-05
37  MaxDim=160, MinDim=10, Cutoff=1.0E-08, Niter=4, Noise=1.0E-06
38  MaxDim=160, MinDim=10, Cutoff=1.0E-08, Niter=4, Noise=1.0E-06
39  MaxDim=160, MinDim=10, Cutoff=1.0E-08, Niter=4, Noise=1.0E-06
40  MaxDim=160, MinDim=10, Cutoff=1.0E-08, Niter=4, Noise=1.0E-06
41  MaxDim=160, MinDim=10, Cutoff=1.0E-08, Niter=4, Noise=1.0E-06
42  MaxDim=160, MinDim=10, Cutoff=1.0E-08, Niter=4, Noise=1.0E-06
43  MaxDim=160, MinDim=10, Cutoff=1.0E-08, Niter=4, Noise=1.0E-06
44  MaxDim=160, MinDim=10, Cutoff=1.0E-08, Niter=4, Noise=1.0E-06
45  MaxDim=160, MinDim=10, Cutoff=1.0E-08, Niter=4, Noise=1.0E-06
46  MaxDim=160, MinDim=10, Cutoff=1.0E-08, Niter=4, Noise=1.0E-06
47  MaxDim=160, MinDim=10, Cutoff=1.0E-08, Niter=4, Noise=1.0E-06
48  MaxDim=160, MinDim=10, Cutoff=1.0E-08, Niter=4, Noise=1.0E-06
49  MaxDim=160, MinDim=10, Cutoff=1.0E-08, Niter=4, Noise=1.0E-06
50  MaxDim=160, MinDim=10, Cutoff=1.0E-08, Niter=4, Noise=1.0E-06
51  MaxDim=160, MinDim=10, Cutoff=1.0E-08, Niter=4, Noise=1.0E-06
52  MaxDim=160, MinDim=10, Cutoff=1.0E-08, Niter=4, Noise=1.0E-06
53  MaxDim=160, MinDim=10, Cutoff=1.0E-08, Niter=4, Noise=1.0E-06
54  MaxDim=160, MinDim=10, Cutoff=1.0E-08, Niter=4, Noise=1.0E-06
55  MaxDim=160, MinDim=10, Cutoff=1.0E-08, Niter=4, Noise=1.0E-06
56  MaxDim=160, MinDim=10, Cutoff=1.0E-08, Niter=4, Noise=1.0E-06
57  MaxDim=160, MinDim=10, Cutoff=1.0E-08, Niter=4, Noise=1.0E-06
58  MaxDim=160, MinDim=10, Cutoff=1.0E-08, Niter=4, Noise=1.0E-06
59  MaxDim=320, MinDim=10, Cutoff=1.0E-10, Niter=4, Noise=1.0E-07
60  MaxDim=320, MinDim=10, Cutoff=1.0E-10, Niter=4, Noise=1.0E-07
61  MaxDim=320, MinDim=10, Cutoff=1.0E-10, Niter=4, Noise=1.0E-07
62  MaxDim=320, MinDim=10, Cutoff=1.0E-10, Niter=4, Noise=1.0E-07
63  MaxDim=320, MinDim=10, Cutoff=1.0E-10, Niter=4, Noise=1.0E-07
64  MaxDim=320, MinDim=10, Cutoff=1.0E-10, Niter=4, Noise=1.0E-07
65  MaxDim=320, MinDim=10, Cutoff=1.0E-10, Niter=4, Noise=1.0E-07
66  MaxDim=320, MinDim=10, Cutoff=1.0E-10, Niter=4, Noise=1.0E-07
67  MaxDim=320, MinDim=10, Cutoff=1.0E-10, Niter=4, Noise=1.0E-07
68  MaxDim=320, MinDim=10, Cutoff=1.0E-10, Niter=4, Noise=1.0E-07
69  MaxDim=320, MinDim=10, Cutoff=1.0E-10, Niter=4, Noise=1.0E-07
70  MaxDim=320, MinDim=10, Cutoff=1.0E-10, Niter=4, Noise=1.0E-07
71  MaxDim=320, MinDim=10, Cutoff=1.0E-10, Niter=4, Noise=1.0E-07
72  MaxDim=320, MinDim=10, Cutoff=1.0E-10, Niter=4, Noise=1.0E-07
73  MaxDim=320, MinDim=10, Cutoff=1.0E-10, Niter=4, Noise=1.0E-07
74  MaxDim=320, MinDim=10, Cutoff=1.0E-10, Niter=4, Noise=1.0E-07
75  MaxDim=640, MinDim=10, Cutoff=1.0E-12, Niter=2, Noise=1.0E-08
76  MaxDim=640, MinDim=10, Cutoff=1.0E-12, Niter=2, Noise=1.0E-08
77  MaxDim=640, MinDim=10, Cutoff=1.0E-12, Niter=2, Noise=1.0E-08
78  MaxDim=640, MinDim=10, Cutoff=1.0E-12, Niter=2, Noise=1.0E-08
79  MaxDim=640, MinDim=10, Cutoff=1.0E-12, Niter=2, Noise=1.0E-08
80  MaxDim=640, MinDim=10, Cutoff=1.0E-12, Niter=2, Noise=1.0E-08
81  MaxDim=640, MinDim=10, Cutoff=1.0E-12, Niter=2, Noise=1.0E-08
82  MaxDim=640, MinDim=10, Cutoff=1.0E-12, Niter=2, Noise=1.0E-08
83  MaxDim=1280, MinDim=10, Cutoff=1.0E-12, Niter=2, Noise=0.0E+00
84  MaxDim=1280, MinDim=10, Cutoff=1.0E-14, Niter=2, Noise=0.0E+00
85  MaxDim=1280, MinDim=10, Cutoff=1.0E-14, Niter=2, Noise=0.0E+00
86  MaxDim=1280, MinDim=10, Cutoff=1.0E-14, Niter=2, Noise=0.0E+00
87  MaxDim=1280, MinDim=10, Cutoff=1.0E-14, Niter=2, Noise=0.0E+00


    vN Entropy at center bond b=151 = 0.673865896137
    Eigs at center bond b=151: 0.7619 0.2075 0.0197 0.0046 0.0045 
    Largest link dim during sweep 1/87 was 20
    Largest truncation error: 2.35218e-05
    Energy after sweep 1/87 is -166.980611706598
    Sweep 1/87 CPU time = 9.809s (Wall time = 1.279s)

    vN Entropy at center bond b=151 = 0.766630114882
    Eigs at center bond b=151: 0.6945 0.2711 0.0194 0.0066 0.0054 0.0015 
    Largest link dim during sweep 2/87 was 20
    Largest truncation error: 2.48811e-06
    Energy after sweep 2/87 is -167.017355121389
    Sweep 2/87 CPU time = 13.88s (Wall time = 1.781s)

    vN Entropy at center bond b=151 = 0.772109895066
    Eigs at center bond b=151: 0.6883 0.2774 0.0192 0.0067 0.0054 0.0016 
    Largest link dim during sweep 3/87 was 20
    Largest truncation error: 2.38446e-06
    Energy after sweep 3/87 is -167.018260522689
    Sweep 3/87 CPU time = 13.89s (Wall time = 1.781s)

    vN Entropy at center bond b=151 = 0.773536645192
    Eigs at center bond b=151: 0.6866 0.2791 0.0191 0.0067 0.0054 0.0016 
    Largest link dim during sweep 4/87 was 20
    Largest truncation error: 2.39145e-06
    Energy after sweep 4/87 is -167.018397830908
    Sweep 4/87 CPU time = 13.84s (Wall time = 1.779s)

    vN Entropy at center bond b=151 = 0.774101204227
    Eigs at center bond b=151: 0.6860 0.2798 0.0191 0.0068 0.0054 0.0016 
    Largest link dim during sweep 5/87 was 20
    Largest truncation error: 2.39345e-06
    Energy after sweep 5/87 is -167.018430718655
    Sweep 5/87 CPU time = 13.81s (Wall time = 1.776s)

    vN Entropy at center bond b=151 = 0.774364268553
    Eigs at center bond b=151: 0.6857 0.2800 0.0191 0.0068 0.0054 0.0016 
    Largest link dim during sweep 6/87 was 20
    Largest truncation error: 2.39537e-06
    Energy after sweep 6/87 is -167.018441423577
    Sweep 6/87 CPU time = 13.79s (Wall time = 1.774s)

    vN Entropy at center bond b=151 = 0.774495157653
    Eigs at center bond b=151: 0.6856 0.2802 0.0191 0.0068 0.0054 0.0016 
    Largest link dim during sweep 7/87 was 20
    Largest truncation error: 2.39673e-06
    Energy after sweep 7/87 is -167.018445781973
    Sweep 7/87 CPU time = 13.83s (Wall time = 1.774s)

    vN Entropy at center bond b=151 = 0.775732108018
    Eigs at center bond b=151: 0.6852 0.2803 0.0192 0.0068 0.0055 0.0016 
    Largest link dim during sweep 8/87 was 28
    Largest truncation error: 7.72221e-07
    Energy after sweep 8/87 is -167.020710813435
    Sweep 8/87 CPU time = 8.983s (Wall time = 1.153s)

    vN Entropy at center bond b=151 = 0.776238028595
    Eigs at center bond b=151: 0.6853 0.2801 0.0192 0.0068 0.0055 0.0016 
    Largest link dim during sweep 9/87 was 28
    Largest truncation error: 7.71804e-07
    Energy after sweep 9/87 is -167.020789827676
    Sweep 9/87 CPU time = 9.734s (Wall time = 1.254s)

    vN Entropy at center bond b=151 = 0.776315010499
    Eigs at center bond b=151: 0.6855 0.2799 0.0193 0.0068 0.0055 0.0016 
    Largest link dim during sweep 10/87 was 28
    Largest truncation error: 7.68681e-07
    Energy after sweep 10/87 is -167.020798641718
    Sweep 10/87 CPU time = 9.845s (Wall time = 1.262s)

    vN Entropy at center bond b=151 = 0.776232342855
    Eigs at center bond b=151: 0.6857 0.2796 0.0193 0.0068 0.0055 0.0016 
    Largest link dim during sweep 11/87 was 28
    Largest truncation error: 7.68352e-07
    Energy after sweep 11/87 is -167.020802764358
    Sweep 11/87 CPU time = 9.901s (Wall time = 1.266s)

    vN Entropy at center bond b=151 = 0.776151292504
    Eigs at center bond b=151: 0.6859 0.2794 0.0193 0.0068 0.0055 0.0016 
    Largest link dim during sweep 12/87 was 28
    Largest truncation error: 7.66578e-07
    Energy after sweep 12/87 is -167.020804994547
    Sweep 12/87 CPU time = 9.920s (Wall time = 1.276s)

    vN Entropy at center bond b=151 = 0.776091775650
    Eigs at center bond b=151: 0.6860 0.2793 0.0193 0.0068 0.0055 0.0016 
    Largest link dim during sweep 13/87 was 28
    Largest truncation error: 7.68981e-07
    Energy after sweep 13/87 is -167.020805510227
    Sweep 13/87 CPU time = 9.925s (Wall time = 1.270s)

    vN Entropy at center bond b=151 = 0.776051312769
    Eigs at center bond b=151: 0.6860 0.2793 0.0193 0.0068 0.0055 0.0016 
    Largest link dim during sweep 14/87 was 28
    Largest truncation error: 7.66645e-07
    Energy after sweep 14/87 is -167.020807383730
    Sweep 14/87 CPU time = 9.865s (Wall time = 1.265s)

    vN Entropy at center bond b=151 = 0.776024387174
    Eigs at center bond b=151: 0.6861 0.2792 0.0193 0.0068 0.0055 0.0016 
    Largest link dim during sweep 15/87 was 28
    Largest truncation error: 7.6842e-07
    Energy after sweep 15/87 is -167.020802789235
    Sweep 15/87 CPU time = 9.913s (Wall time = 1.267s)

    vN Entropy at center bond b=151 = 0.776006513902
    Eigs at center bond b=151: 0.6861 0.2792 0.0193 0.0068 0.0055 0.0016 
    Largest link dim during sweep 16/87 was 28
    Largest truncation error: 7.6988e-07
    Energy after sweep 16/87 is -167.020802900365
    Sweep 16/87 CPU time = 9.896s (Wall time = 1.271s)

    vN Entropy at center bond b=151 = 0.775994630283
    Eigs at center bond b=151: 0.6861 0.2791 0.0193 0.0068 0.0055 0.0016 
    Largest link dim during sweep 17/87 was 28
    Largest truncation error: 7.67792e-07
    Energy after sweep 17/87 is -167.020802985491
    Sweep 17/87 CPU time = 9.968s (Wall time = 1.277s)

    vN Entropy at center bond b=151 = 0.775986660440
    Eigs at center bond b=151: 0.6862 0.2791 0.0193 0.0068 0.0055 0.0016 
    Largest link dim during sweep 18/87 was 28
    Largest truncation error: 7.68318e-07
    Energy after sweep 18/87 is -167.020803025801
    Sweep 18/87 CPU time = 9.899s (Wall time = 1.267s)

    vN Entropy at center bond b=151 = 0.775981265474
    Eigs at center bond b=151: 0.6862 0.2791 0.0193 0.0068 0.0055 0.0016 
    Largest link dim during sweep 19/87 was 28
    Largest truncation error: 7.68674e-07
    Energy after sweep 19/87 is -167.020803050193
    Sweep 19/87 CPU time = 9.826s (Wall time = 1.258s)

    vN Entropy at center bond b=151 = 0.775977595372
    Eigs at center bond b=151: 0.6862 0.2791 0.0193 0.0068 0.0055 0.0016 
    Largest link dim during sweep 20/87 was 28
    Largest truncation error: 7.6892e-07
    Energy after sweep 20/87 is -167.020803065902
    Sweep 20/87 CPU time = 9.672s (Wall time = 1.248s)

    vN Entropy at center bond b=151 = 0.775975090801
    Eigs at center bond b=151: 0.6862 0.2791 0.0193 0.0068 0.0055 0.0016 
    Largest link dim during sweep 21/87 was 28
    Largest truncation error: 7.69092e-07
    Energy after sweep 21/87 is -167.020803076212
    Sweep 21/87 CPU time = 9.738s (Wall time = 1.248s)

    vN Entropy at center bond b=151 = 0.775973376513
    Eigs at center bond b=151: 0.6862 0.2791 0.0193 0.0068 0.0055 0.0016 
    Largest link dim during sweep 22/87 was 28
    Largest truncation error: 7.69212e-07
    Energy after sweep 22/87 is -167.020803083038
    Sweep 22/87 CPU time = 9.629s (Wall time = 1.242s)

    vN Entropy at center bond b=151 = 0.775972199521
    Eigs at center bond b=151: 0.6862 0.2791 0.0193 0.0068 0.0055 0.0016 
    Largest link dim during sweep 23/87 was 28
    Largest truncation error: 7.69296e-07
    Energy after sweep 23/87 is -167.020803087593
    Sweep 23/87 CPU time = 9.720s (Wall time = 1.248s)

    vN Entropy at center bond b=151 = 0.775971388958
    Eigs at center bond b=151: 0.6862 0.2791 0.0193 0.0068 0.0055 0.0016 
    Largest link dim during sweep 24/87 was 28
    Largest truncation error: 7.69355e-07
    Energy after sweep 24/87 is -167.020803090647
    Sweep 24/87 CPU time = 9.699s (Wall time = 1.245s)

    vN Entropy at center bond b=151 = 0.775970829150
    Eigs at center bond b=151: 0.6862 0.2791 0.0193 0.0068 0.0055 0.0016 
    Largest link dim during sweep 25/87 was 28
    Largest truncation error: 7.69397e-07
    Energy after sweep 25/87 is -167.020803092711
    Sweep 25/87 CPU time = 9.818s (Wall time = 1.259s)

    vN Entropy at center bond b=151 = 0.775970441518
    Eigs at center bond b=151: 0.6862 0.2791 0.0193 0.0068 0.0055 0.0016 
    Largest link dim during sweep 26/87 was 28
    Largest truncation error: 7.69427e-07
    Energy after sweep 26/87 is -167.020803094115
    Sweep 26/87 CPU time = 10.36s (Wall time = 1.339s)

    vN Entropy at center bond b=151 = 0.775970172490
    Eigs at center bond b=151: 0.6862 0.2791 0.0193 0.0068 0.0055 0.0016 
    Largest link dim during sweep 27/87 was 28
    Largest truncation error: 7.69447e-07
    Energy after sweep 27/87 is -167.020803095071
    Sweep 27/87 CPU time = 9.755s (Wall time = 1.247s)

    vN Entropy at center bond b=151 = 0.775969985397
    Eigs at center bond b=151: 0.6862 0.2791 0.0193 0.0068 0.0055 0.0016 
    Largest link dim during sweep 28/87 was 28
    Largest truncation error: 7.69462e-07
    Energy after sweep 28/87 is -167.020803095728
    Sweep 28/87 CPU time = 9.787s (Wall time = 1.253s)

    vN Entropy at center bond b=151 = 0.775969855056
    Eigs at center bond b=151: 0.6862 0.2791 0.0193 0.0068 0.0055 0.0016 
    Largest link dim during sweep 29/87 was 28
    Largest truncation error: 7.69472e-07
    Energy after sweep 29/87 is -167.020803096182
    Sweep 29/87 CPU time = 10.26s (Wall time = 1.336s)

    vN Entropy at center bond b=151 = 0.775969764112
    Eigs at center bond b=151: 0.6862 0.2791 0.0193 0.0068 0.0055 0.0016 
    Largest link dim during sweep 30/87 was 28
    Largest truncation error: 7.69479e-07
    Energy after sweep 30/87 is -167.020803096492
    Sweep 30/87 CPU time = 9.751s (Wall time = 1.251s)

    vN Entropy at center bond b=151 = 0.775969700571
    Eigs at center bond b=151: 0.6862 0.2791 0.0193 0.0068 0.0055 0.0016 
    Largest link dim during sweep 31/87 was 28
    Largest truncation error: 7.69484e-07
    Energy after sweep 31/87 is -167.020803096706
    Sweep 31/87 CPU time = 9.851s (Wall time = 1.261s)

    vN Entropy at center bond b=151 = 0.775969656126
    Eigs at center bond b=151: 0.6862 0.2791 0.0193 0.0068 0.0055 0.0016 
    Largest link dim during sweep 32/87 was 28
    Largest truncation error: 7.69488e-07
    Energy after sweep 32/87 is -167.020803096857
    Sweep 32/87 CPU time = 9.847s (Wall time = 1.256s)

    vN Entropy at center bond b=151 = 0.775969625006
    Eigs at center bond b=151: 0.6862 0.2791 0.0193 0.0068 0.0055 0.0016 
    Largest link dim during sweep 33/87 was 28
    Largest truncation error: 7.6949e-07
    Energy after sweep 33/87 is -167.020803096962
    Sweep 33/87 CPU time = 9.791s (Wall time = 1.252s)

    vN Entropy at center bond b=151 = 0.775969603198
    Eigs at center bond b=151: 0.6862 0.2791 0.0193 0.0068 0.0055 0.0016 
    Largest link dim during sweep 34/87 was 28
    Largest truncation error: 7.69492e-07
    Energy after sweep 34/87 is -167.020803097033
    Sweep 34/87 CPU time = 9.678s (Wall time = 1.246s)

    vN Entropy at center bond b=151 = 0.775969587904
    Eigs at center bond b=151: 0.6862 0.2791 0.0193 0.0068 0.0055 0.0016 
    Largest link dim during sweep 35/87 was 28
    Largest truncation error: 7.69493e-07
    Energy after sweep 35/87 is -167.020803097084
    Sweep 35/87 CPU time = 9.734s (Wall time = 1.252s)

    vN Entropy at center bond b=151 = 0.775969577170
    Eigs at center bond b=151: 0.6862 0.2791 0.0193 0.0068 0.0055 0.0016 
    Largest link dim during sweep 36/87 was 28
    Largest truncation error: 7.69494e-07
    Energy after sweep 36/87 is -167.020803097119
    Sweep 36/87 CPU time = 9.864s (Wall time = 1.263s)

    vN Entropy at center bond b=151 = 0.782918639782
    Eigs at center bond b=151: 0.6857 0.2784 0.0195 0.0069 0.0058 0.0017 
    Largest link dim during sweep 37/87 was 63
    Largest truncation error: 7.71345e-09
    Energy after sweep 37/87 is -167.022796487390
    Sweep 37/87 CPU time = 29.51s (Wall time = 3.790s)

    vN Entropy at center bond b=151 = 0.872727149129
    Eigs at center bond b=151: 0.6736 0.2699 0.0255 0.0111 0.0091 0.0040 0.0036 0.0014 
    Largest link dim during sweep 38/87 was 88
    Largest truncation error: 7.85708e-09
    Energy after sweep 38/87 is -167.024033922427
    Sweep 38/87 CPU time = 1m, 14.2s (Wall time = 9.564s)

    vN Entropy at center bond b=151 = 1.015157564352
    Eigs at center bond b=151: 0.6371 0.2641 0.0499 0.0197 0.0146 0.0054 0.0044 0.0015 0.0012 
    Largest link dim during sweep 39/87 was 105
    Largest truncation error: 7.91796e-09
    Energy after sweep 39/87 is -167.024489854626
    Sweep 39/87 CPU time = 1m, 58.6s (Wall time = 15.22s)

    vN Entropy at center bond b=151 = 1.041605818549
    Eigs at center bond b=151: 0.6280 0.2682 0.0513 0.0207 0.0151 0.0057 0.0047 0.0016 0.0012 
    Largest link dim during sweep 40/87 was 122
    Largest truncation error: 7.91986e-09
    Energy after sweep 40/87 is -167.024600180051
    Sweep 40/87 CPU time = 2m, 32.9s (Wall time = 19.65s)

    vN Entropy at center bond b=151 = 1.073294994212
    Eigs at center bond b=151: 0.6223 0.2744 0.0410 0.0195 0.0167 0.0077 0.0073 0.0032 0.0029 0.0015 
    Largest link dim during sweep 41/87 was 141
    Largest truncation error: 7.93174e-09
    Energy after sweep 41/87 is -167.024761226616
    Sweep 41/87 CPU time = 3m, 7.3s (Wall time = 24.08s)

    vN Entropy at center bond b=151 = 1.177066684816
    Eigs at center bond b=151: 0.5934 0.2775 0.0406 0.0326 0.0180 0.0140 0.0091 0.0038 0.0034 0.0021 
    Largest link dim during sweep 42/87 was 156
    Largest truncation error: 7.47364e-09
    Energy after sweep 42/87 is -167.024907921198
    Sweep 42/87 CPU time = 3m, 44.3s (Wall time = 29.50s)

    vN Entropy at center bond b=151 = 1.243973447963
    Eigs at center bond b=151: 0.5700 0.2794 0.0554 0.0299 0.0261 0.0135 0.0089 0.0039 0.0032 0.0030 
    Largest link dim during sweep 43/87 was 160
    Largest truncation error: 7.44394e-09
    Energy after sweep 43/87 is -167.024964680717
    Sweep 43/87 CPU time = 4m, 28.3s (Wall time = 36.04s)

    vN Entropy at center bond b=151 = 1.262121702784
    Eigs at center bond b=151: 0.5630 0.2801 0.0595 0.0293 0.0285 0.0135 0.0089 0.0039 0.0033 0.0032 
    Largest link dim during sweep 44/87 was 160
    Largest truncation error: 7.43034e-09
    Energy after sweep 44/87 is -167.024978576285
    Sweep 44/87 CPU time = 4m, 52.4s (Wall time = 39.32s)

    vN Entropy at center bond b=151 = 1.266088769151
    Eigs at center bond b=151: 0.5614 0.2803 0.0604 0.0292 0.0290 0.0135 0.0088 0.0039 0.0033 0.0032 
    Largest link dim during sweep 45/87 was 160
    Largest truncation error: 7.48518e-09
    Energy after sweep 45/87 is -167.024981647262
    Sweep 45/87 CPU time = 4m, 48.4s (Wall time = 38.86s)

    vN Entropy at center bond b=151 = 1.267185451247
    Eigs at center bond b=151: 0.5610 0.2803 0.0606 0.0292 0.0291 0.0135 0.0088 0.0039 0.0033 0.0032 
    Largest link dim during sweep 46/87 was 160
    Largest truncation error: 7.4247e-09
    Energy after sweep 46/87 is -167.024982456018
    Sweep 46/87 CPU time = 4m, 56.1s (Wall time = 40.11s)

    vN Entropy at center bond b=151 = 1.267598082214
    Eigs at center bond b=151: 0.5608 0.2804 0.0607 0.0292 0.0291 0.0135 0.0088 0.0039 0.0033 0.0032 
    Largest link dim during sweep 47/87 was 160
    Largest truncation error: 7.37009e-09
    Energy after sweep 47/87 is -167.024982760357
    Sweep 47/87 CPU time = 5m, 1.9s (Wall time = 40.74s)

    vN Entropy at center bond b=151 = 1.267784940919
    Eigs at center bond b=151: 0.5607 0.2804 0.0608 0.0293 0.0291 0.0135 0.0088 0.0039 0.0033 0.0032 
    Largest link dim during sweep 48/87 was 160
    Largest truncation error: 7.45163e-09
    Energy after sweep 48/87 is -167.024982871061
    Sweep 48/87 CPU time = 5m, 1.8s (Wall time = 40.92s)

    vN Entropy at center bond b=151 = 1.267877938890
    Eigs at center bond b=151: 0.5607 0.2804 0.0608 0.0293 0.0291 0.0135 0.0088 0.0039 0.0033 0.0032 
    Largest link dim during sweep 49/87 was 160
    Largest truncation error: 7.4364e-09
    Energy after sweep 49/87 is -167.024982944564
    Sweep 49/87 CPU time = 5m, 3.7s (Wall time = 41.43s)

    vN Entropy at center bond b=151 = 1.267927151188
    Eigs at center bond b=151: 0.5607 0.2804 0.0608 0.0293 0.0291 0.0135 0.0088 0.0039 0.0033 0.0032 
    Largest link dim during sweep 50/87 was 160
    Largest truncation error: 7.4295e-09
    Energy after sweep 50/87 is -167.024982966148
    Sweep 50/87 CPU time = 5m, 4.2s (Wall time = 41.24s)

    vN Entropy at center bond b=151 = 1.267954292761
    Eigs at center bond b=151: 0.5606 0.2804 0.0608 0.0293 0.0291 0.0135 0.0088 0.0039 0.0033 0.0032 
    Largest link dim during sweep 51/87 was 160
    Largest truncation error: 7.42561e-09
    Energy after sweep 51/87 is -167.024982971849
    Sweep 51/87 CPU time = 5m, 3.2s (Wall time = 41.12s)

    vN Entropy at center bond b=151 = 1.267969425694
    Eigs at center bond b=151: 0.5606 0.2804 0.0608 0.0293 0.0291 0.0135 0.0088 0.0039 0.0033 0.0032 
    Largest link dim during sweep 52/87 was 160
    Largest truncation error: 7.42338e-09
    Energy after sweep 52/87 is -167.024982985696
    Sweep 52/87 CPU time = 4m, 59.4s (Wall time = 40.22s)

    vN Entropy at center bond b=151 = 1.267978657337
    Eigs at center bond b=151: 0.5606 0.2804 0.0608 0.0293 0.0291 0.0135 0.0088 0.0039 0.0033 0.0032 
    Largest link dim during sweep 53/87 was 160
    Largest truncation error: 7.42209e-09
    Energy after sweep 53/87 is -167.024982989391
    Sweep 53/87 CPU time = 4m, 57.6s (Wall time = 40.02s)

    vN Entropy at center bond b=151 = 1.267983425586
    Eigs at center bond b=151: 0.5606 0.2804 0.0608 0.0293 0.0291 0.0135 0.0088 0.0039 0.0033 0.0032 
    Largest link dim during sweep 54/87 was 160
    Largest truncation error: 7.42135e-09
    Energy after sweep 54/87 is -167.024982990368
    Sweep 54/87 CPU time = 4m, 38.9s (Wall time = 37.82s)

    vN Entropy at center bond b=151 = 1.267986840666
    Eigs at center bond b=151: 0.5606 0.2804 0.0608 0.0293 0.0291 0.0135 0.0088 0.0039 0.0033 0.0032 
    Largest link dim during sweep 55/87 was 160
    Largest truncation error: 7.42092e-09
    Energy after sweep 55/87 is -167.024982996140
    Sweep 55/87 CPU time = 4m, 22.1s (Wall time = 35.71s)

    vN Entropy at center bond b=151 = 1.267989605204
    Eigs at center bond b=151: 0.5606 0.2804 0.0608 0.0293 0.0291 0.0135 0.0088 0.0039 0.0033 0.0032 
    Largest link dim during sweep 56/87 was 160
    Largest truncation error: 7.47944e-09
    Energy after sweep 56/87 is -167.024982995841
    Sweep 56/87 CPU time = 4m, 31.7s (Wall time = 36.68s)

    vN Entropy at center bond b=151 = 1.267991577060
    Eigs at center bond b=151: 0.5606 0.2804 0.0608 0.0293 0.0291 0.0135 0.0088 0.0039 0.0033 0.0032 
    Largest link dim during sweep 57/87 was 160
    Largest truncation error: 7.46872e-09
    Energy after sweep 57/87 is -167.024982996729
    Sweep 57/87 CPU time = 4m, 31.5s (Wall time = 36.72s)

    vN Entropy at center bond b=151 = 1.267993386461
    Eigs at center bond b=151: 0.5606 0.2804 0.0608 0.0293 0.0291 0.0135 0.0088 0.0039 0.0033 0.0032 
    Largest link dim during sweep 58/87 was 160
    Largest truncation error: 7.46839e-09
    Energy after sweep 58/87 is -167.024982998820
    Sweep 58/87 CPU time = 4m, 33.0s (Wall time = 37.13s)

    vN Entropy at center bond b=151 = 1.270058389675
    Eigs at center bond b=151: 0.5601 0.2802 0.0610 0.0294 0.0292 0.0135 0.0089 0.0039 0.0034 0.0032 
    Largest link dim during sweep 59/87 was 315
    Largest truncation error: 7.47339e-11
    Energy after sweep 59/87 is -167.025000688604
    Sweep 59/87 CPU time = 13m, 35s (Wall time = 1m, 49.5s)

    vN Entropy at center bond b=151 = 1.271148343831
    Eigs at center bond b=151: 0.5599 0.2801 0.0611 0.0295 0.0293 0.0136 0.0089 0.0039 0.0034 0.0032 
    Largest link dim during sweep 60/87 was 320
    Largest truncation error: 7.64106e-11
    Energy after sweep 60/87 is -167.025000826688
    Sweep 60/87 CPU time = 20m, 58s (Wall time = 2m, 46.5s)

    vN Entropy at center bond b=151 = 1.271253808974
    Eigs at center bond b=151: 0.5599 0.2801 0.0611 0.0295 0.0293 0.0136 0.0089 0.0039 0.0034 0.0032 
    Largest link dim during sweep 61/87 was 320
    Largest truncation error: 7.46256e-11
    Energy after sweep 61/87 is -167.025000831914
    Sweep 61/87 CPU time = 22m, 26s (Wall time = 2m, 55.3s)

    vN Entropy at center bond b=151 = 1.271269067821
    Eigs at center bond b=151: 0.5599 0.2801 0.0611 0.0295 0.0293 0.0136 0.0089 0.0039 0.0034 0.0032 
    Largest link dim during sweep 62/87 was 320
    Largest truncation error: 7.46344e-11
    Energy after sweep 62/87 is -167.025000832671
    Sweep 62/87 CPU time = 22m, 15s (Wall time = 2m, 55.5s)

    vN Entropy at center bond b=151 = 1.271271282948
    Eigs at center bond b=151: 0.5599 0.2801 0.0611 0.0295 0.0293 0.0136 0.0089 0.0039 0.0034 0.0032 
    Largest link dim during sweep 63/87 was 320
    Largest truncation error: 7.45991e-11
    Energy after sweep 63/87 is -167.025000832810
    Sweep 63/87 CPU time = 20m, 59s (Wall time = 2m, 43.6s)

    vN Entropy at center bond b=151 = 1.271271569122
    Eigs at center bond b=151: 0.5599 0.2801 0.0611 0.0295 0.0293 0.0136 0.0089 0.0039 0.0034 0.0032 
    Largest link dim during sweep 64/87 was 320
    Largest truncation error: 7.45981e-11
    Energy after sweep 64/87 is -167.025000832854
    Sweep 64/87 CPU time = 19m, 10s (Wall time = 2m, 30.3s)

    vN Entropy at center bond b=151 = 1.271271600090
    Eigs at center bond b=151: 0.5599 0.2801 0.0611 0.0295 0.0293 0.0136 0.0089 0.0039 0.0034 0.0032 
    Largest link dim during sweep 65/87 was 320
    Largest truncation error: 7.45977e-11
    Energy after sweep 65/87 is -167.025000832893
    Sweep 65/87 CPU time = 20m, 57s (Wall time = 2m, 45.0s)

    vN Entropy at center bond b=151 = 1.271271604511
    Eigs at center bond b=151: 0.5599 0.2801 0.0611 0.0295 0.0293 0.0136 0.0089 0.0039 0.0034 0.0032 
    Largest link dim during sweep 66/87 was 320
    Largest truncation error: 7.45974e-11
    Energy after sweep 66/87 is -167.025000832910
    Sweep 66/87 CPU time = 20m, 58s (Wall time = 2m, 44.9s)

    vN Entropy at center bond b=151 = 1.271271606906
    Eigs at center bond b=151: 0.5599 0.2801 0.0611 0.0295 0.0293 0.0136 0.0089 0.0039 0.0034 0.0032 
    Largest link dim during sweep 67/87 was 320
    Largest truncation error: 7.45975e-11
    Energy after sweep 67/87 is -167.025000832910
    Sweep 67/87 CPU time = 21m, 3s (Wall time = 2m, 45.4s)

    vN Entropy at center bond b=151 = 1.271271611741
    Eigs at center bond b=151: 0.5599 0.2801 0.0611 0.0295 0.0293 0.0136 0.0089 0.0039 0.0034 0.0032 
    Largest link dim during sweep 68/87 was 320
    Largest truncation error: 7.45969e-11
    Energy after sweep 68/87 is -167.025000832914
    Sweep 68/87 CPU time = 21m, 1s (Wall time = 2m, 45.0s)

    vN Entropy at center bond b=151 = 1.271271614344
    Eigs at center bond b=151: 0.5599 0.2801 0.0611 0.0295 0.0293 0.0136 0.0089 0.0039 0.0034 0.0032 
    Largest link dim during sweep 69/87 was 320
    Largest truncation error: 7.45969e-11
    Energy after sweep 69/87 is -167.025000832934
    Sweep 69/87 CPU time = 21m, 5s (Wall time = 2m, 45.3s)

    vN Entropy at center bond b=151 = 1.271271616122
    Eigs at center bond b=151: 0.5599 0.2801 0.0611 0.0295 0.0293 0.0136 0.0089 0.0039 0.0034 0.0032 
    Largest link dim during sweep 70/87 was 320
    Largest truncation error: 7.45969e-11
    Energy after sweep 70/87 is -167.025000832936
    Sweep 70/87 CPU time = 20m, 49s (Wall time = 2m, 43.1s)

    vN Entropy at center bond b=151 = 1.271271618275
    Eigs at center bond b=151: 0.5599 0.2801 0.0611 0.0295 0.0293 0.0136 0.0089 0.0039 0.0034 0.0032 
    Largest link dim during sweep 71/87 was 320
    Largest truncation error: 7.4597e-11
    Energy after sweep 71/87 is -167.025000832941
    Sweep 71/87 CPU time = 16m, 45s (Wall time = 2m, 11.0s)

    vN Entropy at center bond b=151 = 1.271271618449
    Eigs at center bond b=151: 0.5599 0.2801 0.0611 0.0295 0.0293 0.0136 0.0089 0.0039 0.0034 0.0032 
    Largest link dim during sweep 72/87 was 320
    Largest truncation error: 7.4597e-11
    Energy after sweep 72/87 is -167.025000832936
    Sweep 72/87 CPU time = 17m, 28s (Wall time = 2m, 16.2s)

    vN Entropy at center bond b=151 = 1.271271618266
    Eigs at center bond b=151: 0.5599 0.2801 0.0611 0.0295 0.0293 0.0136 0.0089 0.0039 0.0034 0.0032 
    Largest link dim during sweep 73/87 was 320
    Largest truncation error: 7.45968e-11
    Energy after sweep 73/87 is -167.025000832936
    Sweep 73/87 CPU time = 19m, 27s (Wall time = 2m, 31.8s)

    vN Entropy at center bond b=151 = 1.271271618092
    Eigs at center bond b=151: 0.5599 0.2801 0.0611 0.0295 0.0293 0.0136 0.0089 0.0039 0.0034 0.0032 
    Largest link dim during sweep 74/87 was 320
    Largest truncation error: 7.45969e-11
    Energy after sweep 74/87 is -167.025000832936
    Sweep 74/87 CPU time = 18m, 34s (Wall time = 2m, 26.4s)

    vN Entropy at center bond b=151 = 1.271287239949
    Eigs at center bond b=151: 0.5599 0.2801 0.0611 0.0295 0.0293 0.0136 0.0089 0.0039 0.0034 0.0032 
    Largest link dim during sweep 75/87 was 601
    Largest truncation error: 7.6623e-13
    Energy after sweep 75/87 is -167.025001032442
    Sweep 75/87 CPU time = 39m, 43s (Wall time = 5m, 27.7s)

    vN Entropy at center bond b=151 = 1.271302418763
    Eigs at center bond b=151: 0.5599 0.2801 0.0611 0.0295 0.0293 0.0136 0.0089 0.0039 0.0034 0.0032 
    Largest link dim during sweep 76/87 was 633
    Largest truncation error: 7.61128e-13
    Energy after sweep 76/87 is -167.025001033812
    Sweep 76/87 CPU time = 1h, 4m, 21s (Wall time = 8m, 34.0s)

    vN Entropy at center bond b=151 = 1.271307252374
    Eigs at center bond b=151: 0.5599 0.2801 0.0612 0.0295 0.0293 0.0136 0.0089 0.0039 0.0034 0.0032 
    Largest link dim during sweep 77/87 was 631
    Largest truncation error: 7.60038e-13
    Energy after sweep 77/87 is -167.025001034014
    Sweep 77/87 CPU time = 1h, 5m, 37s (Wall time = 8m, 48.1s)

    vN Entropy at center bond b=151 = 1.271308463667
    Eigs at center bond b=151: 0.5599 0.2801 0.0612 0.0295 0.0293 0.0136 0.0089 0.0039 0.0034 0.0032 
    Largest link dim during sweep 78/87 was 631
    Largest truncation error: 7.60334e-13
    Energy after sweep 78/87 is -167.025001034074
    Sweep 78/87 CPU time = 57m, 58s (Wall time = 7m, 42.3s)

    vN Entropy at center bond b=151 = 1.271308638678
    Eigs at center bond b=151: 0.5599 0.2801 0.0612 0.0295 0.0293 0.0136 0.0089 0.0039 0.0034 0.0032 
    Largest link dim during sweep 79/87 was 631
    Largest truncation error: 7.60325e-13
    Energy after sweep 79/87 is -167.025001034100
    Sweep 79/87 CPU time = 1h, 3m, 42s (Wall time = 8m, 37.5s)

    vN Entropy at center bond b=151 = 1.271308581184
    Eigs at center bond b=151: 0.5599 0.2801 0.0612 0.0295 0.0293 0.0136 0.0089 0.0039 0.0034 0.0032 
    Largest link dim during sweep 80/87 was 632
    Largest truncation error: 7.60465e-13
    Energy after sweep 80/87 is -167.025001034113
    Sweep 80/87 CPU time = 1h, 7m, 11s (Wall time = 9m, 4.9s)

    vN Entropy at center bond b=151 = 1.271308504966
    Eigs at center bond b=151: 0.5599 0.2801 0.0612 0.0295 0.0293 0.0136 0.0089 0.0039 0.0034 0.0032 
    Largest link dim during sweep 81/87 was 632
    Largest truncation error: 7.60359e-13
    Energy after sweep 81/87 is -167.025001034117
    Sweep 81/87 CPU time = 1h, 1m, 51s (Wall time = 8m, 18.2s)

    vN Entropy at center bond b=151 = 1.271308451686
    Eigs at center bond b=151: 0.5599 0.2801 0.0612 0.0295 0.0293 0.0136 0.0089 0.0039 0.0034 0.0032 
    Largest link dim during sweep 82/87 was 633
    Largest truncation error: 7.60322e-13
    Energy after sweep 82/87 is -167.025001034122
    Sweep 82/87 CPU time = 1h, 2m, 10s (Wall time = 8m, 27.6s)

    vN Entropy at center bond b=151 = 1.271308608508
    Eigs at center bond b=151: 0.5599 0.2801 0.0612 0.0295 0.0293 0.0136 0.0089 0.0039 0.0034 0.0032 
    Largest link dim during sweep 83/87 was 592
    Largest truncation error: 7.66569e-13
    Energy after sweep 83/87 is -167.025001033612
    Sweep 83/87 CPU time = 49m, 13s (Wall time = 6m, 33.4s)

    vN Entropy at center bond b=151 = 1.271308773920
    Eigs at center bond b=151: 0.5599 0.2801 0.0612 0.0295 0.0293 0.0136 0.0089 0.0039 0.0034 0.0032 
    Largest link dim during sweep 84/87 was 1064
    Largest truncation error: 7.49069e-15
    Energy after sweep 84/87 is -167.025001036385
    Sweep 84/87 CPU time = 2h, 9m, 40s (Wall time = 17m, 24s)

    vN Entropy at center bond b=151 = 1.271308920751
    Eigs at center bond b=151: 0.5599 0.2801 0.0612 0.0295 0.0293 0.0136 0.0089 0.0039 0.0034 0.0032 
    Largest link dim during sweep 85/87 was 1121
    Largest truncation error: 7.56096e-15
    Energy after sweep 85/87 is -167.025001036424
    Sweep 85/87 CPU time = 3h, 19m, 51s (Wall time = 29m, 18s)

    vN Entropy at center bond b=151 = 1.271308930826
    Eigs at center bond b=151: 0.5599 0.2801 0.0612 0.0295 0.0293 0.0136 0.0089 0.0039 0.0034 0.0032 
    Largest link dim during sweep 86/87 was 1107
    Largest truncation error: 7.54104e-15
    Energy after sweep 86/87 is -167.025001036420
    Sweep 86/87 CPU time = 3h, 2m, 4s (Wall time = 25m, 52s)

    vN Entropy at center bond b=151 = 1.271308928662
    Eigs at center bond b=151: 0.5599 0.2801 0.0612 0.0295 0.0293 0.0136 0.0089 0.0039 0.0034 0.0032 
    Largest link dim during sweep 87/87 was 1097
    Largest truncation error: 7.54101e-15
    Energy after sweep 87/87 is -167.025001036424
    Sweep 87/87 CPU time = 3h, 6m, 17s (Wall time = 26m, 26s)
Initial energy = 0.00000

Ground State Energy = -167.0250010364
run_outputs/outputpsi/N_303_sweep_87_t_0.030000_J_1.000000_V_0.600000_D_0.018000_U_0.800000_mu_0.000000_E_0.200000 converge
Wall-clock time (s) = 97774.313340
