//////////////////////////
Reading input file ......

Got input.N = 900
Got input.t = 0.03
Got input.J = 1
Got input.V = 0.6
Got input.D = 0.018
Got input.U = 1
Got input.mu = 0
Got input.E = 0
Got input.nsweeps = 93
Sweeps:
1  MaxDim=20, MinDim=20, Cutoff=1.0E-06, Niter=8, Noise=1.0E-05
2  MaxDim=20, MinDim=20, Cutoff=1.0E-06, Niter=8, Noise=1.0E-05
3  MaxDim=20, MinDim=20, Cutoff=1.0E-06, Niter=8, Noise=1.0E-05
4  MaxDim=20, MinDim=20, Cutoff=1.0E-06, Niter=8, Noise=1.0E-05
5  MaxDim=20, MinDim=20, Cutoff=1.0E-06, Niter=8, Noise=1.0E-05
6  MaxDim=20, MinDim=20, Cutoff=1.0E-06, Niter=8, Noise=1.0E-05
7  MaxDim=20, MinDim=20, Cutoff=1.0E-06, Niter=8, Noise=1.0E-05
8  MaxDim=40, MinDim=20, Cutoff=1.0E-06, Niter=4, Noise=1.0E-05
9  MaxDim=40, MinDim=20, Cutoff=1.0E-06, Niter=4, Noise=1.0E-05
10  MaxDim=40, MinDim=20, Cutoff=1.0E-06, Niter=4, Noise=1.0E-05
11  MaxDim=40, MinDim=20, Cutoff=1.0E-06, Niter=4, Noise=1.0E-05
12  MaxDim=40, MinDim=20, Cutoff=1.0E-06, Niter=4, Noise=1.0E-05
13  MaxDim=40, MinDim=20, Cutoff=1.0E-06, Niter=4, Noise=1.0E-05
14  MaxDim=40, MinDim=20, Cutoff=1.0E-06, Niter=4, Noise=1.0E-05
15  MaxDim=80, MinDim=10, Cutoff=1.0E-06, Niter=4, Noise=1.0E-05
16  MaxDim=80, MinDim=10, Cutoff=1.0E-06, Niter=4, Noise=1.0E-05
17  MaxDim=80, MinDim=10, Cutoff=1.0E-06, Niter=4, Noise=1.0E-05
18  MaxDim=80, MinDim=10, Cutoff=1.0E-06, Niter=4, Noise=1.0E-05
19  MaxDim=80, MinDim=10, Cutoff=1.0E-06, Niter=4, Noise=1.0E-05
20  MaxDim=80, MinDim=10, Cutoff=1.0E-06, Niter=4, Noise=1.0E-05
21  MaxDim=80, MinDim=10, Cutoff=1.0E-06, Niter=4, Noise=1.0E-05
22  MaxDim=80, MinDim=10, Cutoff=1.0E-06, Niter=4, Noise=1.0E-05
23  MaxDim=80, MinDim=10, Cutoff=1.0E-06, Niter=4, Noise=1.0E-05
24  MaxDim=80, MinDim=10, Cutoff=1.0E-06, Niter=4, Noise=1.0E-05
25  MaxDim=80, MinDim=10, Cutoff=1.0E-06, Niter=4, Noise=1.0E-05
26  MaxDim=80, MinDim=10, Cutoff=1.0E-06, Niter=4, Noise=1.0E-05
27  MaxDim=80, MinDim=10, Cutoff=1.0E-06, Niter=4, Noise=1.0E-05
28  MaxDim=80, MinDim=10, Cutoff=1.0E-06, Niter=4, Noise=1.0E-05
29  MaxDim=80, MinDim=10, Cutoff=1.0E-06, Niter=4, Noise=1.0E-05
30  MaxDim=80, MinDim=10, Cutoff=1.0E-06, Niter=4, Noise=1.0E-05
31  MaxDim=80, MinDim=10, Cutoff=1.0E-06, Niter=4, Noise=1.0E-05
32  MaxDim=80, MinDim=10, Cutoff=1.0E-06, Niter=4, Noise=1.0E-05
33  MaxDim=80, MinDim=10, Cutoff=1.0E-06, Niter=4, Noise=1.0E-05
34  MaxDim=80, MinDim=10, Cutoff=1.0E-06, Niter=4, Noise=1.0E-05
35  MaxDim=80, MinDim=10, Cutoff=1.0E-06, Niter=4, Noise=1.0E-05
36  MaxDim=80, MinDim=10, Cutoff=1.0E-06, Niter=4, Noise=1.0E-05
37  MaxDim=160, MinDim=10, Cutoff=1.0E-08, Niter=4, Noise=1.0E-06
38  MaxDim=160, MinDim=10, Cutoff=1.0E-08, Niter=4, Noise=1.0E-06
39  MaxDim=160, MinDim=10, Cutoff=1.0E-08, Niter=4, Noise=1.0E-06
40  MaxDim=160, MinDim=10, Cutoff=1.0E-08, Niter=4, Noise=1.0E-06
41  MaxDim=160, MinDim=10, Cutoff=1.0E-08, Niter=4, Noise=1.0E-06
42  MaxDim=160, MinDim=10, Cutoff=1.0E-08, Niter=4, Noise=1.0E-06
43  MaxDim=160, MinDim=10, Cutoff=1.0E-08, Niter=4, Noise=1.0E-06
44  MaxDim=160, MinDim=10, Cutoff=1.0E-08, Niter=4, Noise=1.0E-06
45  MaxDim=160, MinDim=10, Cutoff=1.0E-08, Niter=4, Noise=1.0E-06
46  MaxDim=160, MinDim=10, Cutoff=1.0E-08, Niter=4, Noise=1.0E-06
47  MaxDim=160, MinDim=10, Cutoff=1.0E-08, Niter=4, Noise=1.0E-06
48  MaxDim=160, MinDim=10, Cutoff=1.0E-08, Niter=4, Noise=1.0E-06
49  MaxDim=160, MinDim=10, Cutoff=1.0E-08, Niter=4, Noise=1.0E-06
50  MaxDim=160, MinDim=10, Cutoff=1.0E-08, Niter=4, Noise=1.0E-06
51  MaxDim=160, MinDim=10, Cutoff=1.0E-08, Niter=4, Noise=1.0E-06
52  MaxDim=160, MinDim=10, Cutoff=1.0E-08, Niter=4, Noise=1.0E-06
53  MaxDim=160, MinDim=10, Cutoff=1.0E-08, Niter=4, Noise=1.0E-06
54  MaxDim=160, MinDim=10, Cutoff=1.0E-08, Niter=4, Noise=1.0E-06
55  MaxDim=160, MinDim=10, Cutoff=1.0E-08, Niter=4, Noise=1.0E-06
56  MaxDim=160, MinDim=10, Cutoff=1.0E-08, Niter=4, Noise=1.0E-06
57  MaxDim=160, MinDim=10, Cutoff=1.0E-08, Niter=4, Noise=1.0E-06
58  MaxDim=160, MinDim=10, Cutoff=1.0E-08, Niter=4, Noise=1.0E-06
59  MaxDim=320, MinDim=10, Cutoff=1.0E-10, Niter=4, Noise=1.0E-07
60  MaxDim=320, MinDim=10, Cutoff=1.0E-10, Niter=4, Noise=1.0E-07
61  MaxDim=320, MinDim=10, Cutoff=1.0E-10, Niter=4, Noise=1.0E-07
62  MaxDim=320, MinDim=10, Cutoff=1.0E-10, Niter=4, Noise=1.0E-07
63  MaxDim=320, MinDim=10, Cutoff=1.0E-10, Niter=4, Noise=1.0E-07
64  MaxDim=320, MinDim=10, Cutoff=1.0E-10, Niter=4, Noise=1.0E-07
65  MaxDim=320, MinDim=10, Cutoff=1.0E-10, Niter=4, Noise=1.0E-07
66  MaxDim=320, MinDim=10, Cutoff=1.0E-10, Niter=4, Noise=1.0E-07
67  MaxDim=320, MinDim=10, Cutoff=1.0E-10, Niter=4, Noise=1.0E-07
68  MaxDim=320, MinDim=10, Cutoff=1.0E-10, Niter=4, Noise=1.0E-07
69  MaxDim=320, MinDim=10, Cutoff=1.0E-10, Niter=4, Noise=1.0E-07
70  MaxDim=320, MinDim=10, Cutoff=1.0E-10, Niter=4, Noise=1.0E-07
71  MaxDim=320, MinDim=10, Cutoff=1.0E-10, Niter=4, Noise=1.0E-07
72  MaxDim=320, MinDim=10, Cutoff=1.0E-10, Niter=4, Noise=1.0E-07
73  MaxDim=320, MinDim=10, Cutoff=1.0E-10, Niter=4, Noise=1.0E-07
74  MaxDim=320, MinDim=10, Cutoff=1.0E-10, Niter=4, Noise=1.0E-07
75  MaxDim=640, MinDim=10, Cutoff=1.0E-12, Niter=2, Noise=1.0E-08
76  MaxDim=640, MinDim=10, Cutoff=1.0E-12, Niter=2, Noise=1.0E-08
77  MaxDim=640, MinDim=10, Cutoff=1.0E-12, Niter=2, Noise=1.0E-08
78  MaxDim=640, MinDim=10, Cutoff=1.0E-12, Niter=2, Noise=1.0E-08
79  MaxDim=640, MinDim=10, Cutoff=1.0E-12, Niter=2, Noise=1.0E-08
80  MaxDim=640, MinDim=10, Cutoff=1.0E-12, Niter=2, Noise=1.0E-08
81  MaxDim=640, MinDim=10, Cutoff=1.0E-12, Niter=2, Noise=1.0E-08
82  MaxDim=640, MinDim=10, Cutoff=1.0E-12, Niter=2, Noise=1.0E-08
83  MaxDim=1280, MinDim=10, Cutoff=1.0E-12, Niter=2, Noise=0.0E+00
84  MaxDim=1280, MinDim=10, Cutoff=1.0E-14, Niter=2, Noise=0.0E+00
85  MaxDim=1280, MinDim=10, Cutoff=1.0E-14, Niter=2, Noise=0.0E+00
86  MaxDim=1280, MinDim=10, Cutoff=1.0E-14, Niter=2, Noise=0.0E+00
87  MaxDim=1280, MinDim=10, Cutoff=1.0E-14, Niter=2, Noise=0.0E+00
88  MaxDim=1280, MinDim=10, Cutoff=1.0E-14, Niter=2, Noise=0.0E+00
89  MaxDim=2560, MinDim=10, Cutoff=1.0E-12, Niter=2, Noise=0.0E+00
90  MaxDim=2560, MinDim=10, Cutoff=1.0E-14, Niter=2, Noise=0.0E+00
91  MaxDim=2560, MinDim=10, Cutoff=1.0E-14, Niter=2, Noise=0.0E+00
92  MaxDim=2560, MinDim=10, Cutoff=1.0E-14, Niter=2, Noise=0.0E+00
93  MaxDim=2560, MinDim=10, Cutoff=1.0E-14, Niter=2, Noise=0.0E+00


    vN Entropy at center bond b=450 = 0.517882290777
    Eigs at center bond b=450: 0.8428 0.1362 0.0138 0.0049 0.0011 
    Largest link dim during sweep 1/93 was 20
    Largest truncation error: 5.16774e-06
    Energy after sweep 1/93 is -480.326228870388
    Sweep 1/93 CPU time = 1m, 6.0s (Wall time = 4.306s)

    vN Entropy at center bond b=450 = 0.683027127776
    Eigs at center bond b=450: 0.7895 0.1620 0.0320 0.0067 0.0050 0.0033 
    Largest link dim during sweep 2/93 was 20
    Largest truncation error: 9.51356e-06
    Energy after sweep 2/93 is -480.447141629809
    Sweep 2/93 CPU time = 1m, 46.0s (Wall time = 7.270s)

    vN Entropy at center bond b=450 = 0.700007815958
    Eigs at center bond b=450: 0.7835 0.1650 0.0337 0.0069 0.0055 0.0036 
    Largest link dim during sweep 3/93 was 20
    Largest truncation error: 1.14473e-05
    Energy after sweep 3/93 is -480.448521103655
    Sweep 3/93 CPU time = 2m, 0.7s (Wall time = 8.521s)

    vN Entropy at center bond b=450 = 0.701678332180
    Eigs at center bond b=450: 0.7829 0.1653 0.0339 0.0069 0.0055 0.0036 
    Largest link dim during sweep 4/93 was 20
    Largest truncation error: 1.15135e-05
    Energy after sweep 4/93 is -480.448852886936
    Sweep 4/93 CPU time = 1m, 36.7s (Wall time = 6.279s)

    vN Entropy at center bond b=450 = 0.702464404949
    Eigs at center bond b=450: 0.7826 0.1654 0.0340 0.0069 0.0055 0.0036 
    Largest link dim during sweep 5/93 was 20
    Largest truncation error: 1.16369e-05
    Energy after sweep 5/93 is -480.449176520370
    Sweep 5/93 CPU time = 1m, 34.6s (Wall time = 6.112s)

    vN Entropy at center bond b=450 = 0.703282025368
    Eigs at center bond b=450: 0.7824 0.1655 0.0341 0.0069 0.0055 0.0037 
    Largest link dim during sweep 6/93 was 20
    Largest truncation error: 1.17861e-05
    Energy after sweep 6/93 is -480.449545856822
    Sweep 6/93 CPU time = 1m, 40.1s (Wall time = 7.619s)

    vN Entropy at center bond b=450 = 0.703835100665
    Eigs at center bond b=450: 0.7822 0.1656 0.0342 0.0070 0.0055 0.0037 
    Largest link dim during sweep 7/93 was 20
    Largest truncation error: 1.18497e-05
    Energy after sweep 7/93 is -480.449840965058
    Sweep 7/93 CPU time = 2m, 7.9s (Wall time = 12.57s)

    vN Entropy at center bond b=450 = 0.740291652507
    Eigs at center bond b=450: 0.7706 0.1698 0.0387 0.0078 0.0064 0.0043 0.0011 
    Largest link dim during sweep 8/93 was 38
    Largest truncation error: 7.791e-07
    Energy after sweep 8/93 is -480.499342971238
    Sweep 8/93 CPU time = 3m, 38.0s (Wall time = 16.93s)

    vN Entropy at center bond b=450 = 0.778024546067
    Eigs at center bond b=450: 0.7584 0.1745 0.0428 0.0088 0.0074 0.0046 0.0014 
    Largest link dim during sweep 9/93 was 40
    Largest truncation error: 1.10074e-06
    Energy after sweep 9/93 is -480.508064159942
    Sweep 9/93 CPU time = 4m, 16.0s (Wall time = 18.31s)

    vN Entropy at center bond b=450 = 0.800842499013
    Eigs at center bond b=450: 0.7512 0.1770 0.0451 0.0096 0.0080 0.0047 0.0016 0.0012 
    Largest link dim during sweep 10/93 was 40
    Largest truncation error: 1.41741e-06
    Energy after sweep 10/93 is -480.510976611054
    Sweep 10/93 CPU time = 2m, 42.7s (Wall time = 11.18s)

    vN Entropy at center bond b=450 = 0.811541970366
    Eigs at center bond b=450: 0.7479 0.1781 0.0462 0.0099 0.0083 0.0048 0.0017 0.0014 
    Largest link dim during sweep 11/93 was 40
    Largest truncation error: 1.58713e-06
    Energy after sweep 11/93 is -480.511529600579
    Sweep 11/93 CPU time = 3m, 38.2s (Wall time = 15.06s)

    vN Entropy at center bond b=450 = 0.814495886905
    Eigs at center bond b=450: 0.7470 0.1784 0.0465 0.0100 0.0084 0.0048 0.0018 0.0014 
    Largest link dim during sweep 12/93 was 40
    Largest truncation error: 1.67226e-06
    Energy after sweep 12/93 is -480.511606750363
    Sweep 12/93 CPU time = 3m, 11.4s (Wall time = 12.64s)

    vN Entropy at center bond b=450 = 0.815091074885
    Eigs at center bond b=450: 0.7468 0.1785 0.0466 0.0100 0.0085 0.0048 0.0018 0.0014 
    Largest link dim during sweep 13/93 was 40
    Largest truncation error: 1.71688e-06
    Energy after sweep 13/93 is -480.511620168806
    Sweep 13/93 CPU time = 3m, 18.5s (Wall time = 13.96s)

    vN Entropy at center bond b=450 = 0.815193930815
    Eigs at center bond b=450: 0.7468 0.1785 0.0466 0.0100 0.0085 0.0048 0.0018 0.0014 
    Largest link dim during sweep 14/93 was 40
    Largest truncation error: 1.72586e-06
    Energy after sweep 14/93 is -480.511625283887
    Sweep 14/93 CPU time = 2m, 51.5s (Wall time = 11.88s)

    vN Entropy at center bond b=450 = 0.817792936824
    Eigs at center bond b=450: 0.7460 0.1787 0.0469 0.0101 0.0085 0.0048 0.0018 0.0015 
    Largest link dim during sweep 15/93 was 49
    Largest truncation error: 7.70811e-07
    Energy after sweep 15/93 is -480.513383542881
    Sweep 15/93 CPU time = 5m, 9.8s (Wall time = 22.46s)

    vN Entropy at center bond b=450 = 0.819724064931
    Eigs at center bond b=450: 0.7454 0.1789 0.0471 0.0102 0.0086 0.0048 0.0018 0.0015 
    Largest link dim during sweep 16/93 was 50
    Largest truncation error: 7.67134e-07
    Energy after sweep 16/93 is -480.513747791933
    Sweep 16/93 CPU time = 3m, 10.2s (Wall time = 12.47s)

    vN Entropy at center bond b=450 = 0.820393966819
    Eigs at center bond b=450: 0.7452 0.1790 0.0471 0.0102 0.0086 0.0048 0.0018 0.0015 
    Largest link dim during sweep 17/93 was 51
    Largest truncation error: 7.67526e-07
    Energy after sweep 17/93 is -480.513896036320
    Sweep 17/93 CPU time = 3m, 1.7s (Wall time = 11.82s)

    vN Entropy at center bond b=450 = 0.820686746094
    Eigs at center bond b=450: 0.7451 0.1790 0.0472 0.0102 0.0086 0.0048 0.0018 0.0015 
    Largest link dim during sweep 18/93 was 51
    Largest truncation error: 7.67981e-07
    Energy after sweep 18/93 is -480.513987974297
    Sweep 18/93 CPU time = 3m, 1.8s (Wall time = 11.86s)

    vN Entropy at center bond b=450 = 0.820877150703
    Eigs at center bond b=450: 0.7450 0.1790 0.0472 0.0102 0.0086 0.0048 0.0018 0.0015 
    Largest link dim during sweep 19/93 was 51
    Largest truncation error: 7.68292e-07
    Energy after sweep 19/93 is -480.514036002690
    Sweep 19/93 CPU time = 3m, 0.3s (Wall time = 11.59s)

    vN Entropy at center bond b=450 = 0.820967051367
    Eigs at center bond b=450: 0.7450 0.1790 0.0472 0.0102 0.0086 0.0048 0.0018 0.0015 
    Largest link dim during sweep 20/93 was 52
    Largest truncation error: 7.68821e-07
    Energy after sweep 20/93 is -480.514068039580
    Sweep 20/93 CPU time = 3m, 3.7s (Wall time = 12.08s)

    vN Entropy at center bond b=450 = 0.820986905277
    Eigs at center bond b=450: 0.7450 0.1790 0.0472 0.0102 0.0086 0.0048 0.0018 0.0015 
    Largest link dim during sweep 21/93 was 52
    Largest truncation error: 7.68963e-07
    Energy after sweep 21/93 is -480.514085269024
    Sweep 21/93 CPU time = 3m, 3.0s (Wall time = 11.87s)

    vN Entropy at center bond b=450 = 0.820991336741
    Eigs at center bond b=450: 0.7450 0.1790 0.0472 0.0102 0.0086 0.0048 0.0018 0.0015 
    Largest link dim during sweep 22/93 was 52
    Largest truncation error: 7.69024e-07
    Energy after sweep 22/93 is -480.514095226075
    Sweep 22/93 CPU time = 3m, 2.5s (Wall time = 11.73s)

    vN Entropy at center bond b=450 = 0.820992506429
    Eigs at center bond b=450: 0.7450 0.1790 0.0472 0.0102 0.0086 0.0048 0.0018 0.0015 
    Largest link dim during sweep 23/93 was 52
    Largest truncation error: 7.69055e-07
    Energy after sweep 23/93 is -480.514100160063
    Sweep 23/93 CPU time = 3m, 55.2s (Wall time = 15.98s)

    vN Entropy at center bond b=450 = 0.820994493228
    Eigs at center bond b=450: 0.7450 0.1790 0.0472 0.0102 0.0086 0.0048 0.0018 0.0015 
    Largest link dim during sweep 24/93 was 52
    Largest truncation error: 7.69085e-07
    Energy after sweep 24/93 is -480.514101444233
    Sweep 24/93 CPU time = 6m, 51.7s (Wall time = 30.04s)

    vN Entropy at center bond b=450 = 0.820995471716
    Eigs at center bond b=450: 0.7450 0.1790 0.0472 0.0102 0.0086 0.0048 0.0018 0.0015 
    Largest link dim during sweep 25/93 was 52
    Largest truncation error: 7.69096e-07
    Energy after sweep 25/93 is -480.514105696748
    Sweep 25/93 CPU time = 3m, 9.0s (Wall time = 12.16s)

    vN Entropy at center bond b=450 = 0.820995946950
    Eigs at center bond b=450: 0.7450 0.1790 0.0472 0.0102 0.0086 0.0048 0.0018 0.0015 
    Largest link dim during sweep 26/93 was 52
    Largest truncation error: 7.69106e-07
    Energy after sweep 26/93 is -480.514106855850
    Sweep 26/93 CPU time = 3m, 6.2s (Wall time = 11.96s)

    vN Entropy at center bond b=450 = 0.820996135396
    Eigs at center bond b=450: 0.7450 0.1790 0.0472 0.0102 0.0086 0.0048 0.0018 0.0015 
    Largest link dim during sweep 27/93 was 52
    Largest truncation error: 7.69114e-07
    Energy after sweep 27/93 is -480.514107680998
    Sweep 27/93 CPU time = 4m, 1.6s (Wall time = 16.34s)

    vN Entropy at center bond b=450 = 0.820996182954
    Eigs at center bond b=450: 0.7450 0.1790 0.0472 0.0102 0.0086 0.0048 0.0018 0.0015 
    Largest link dim during sweep 28/93 was 52
    Largest truncation error: 7.69122e-07
    Energy after sweep 28/93 is -480.514108369518
    Sweep 28/93 CPU time = 13m, 4s (Wall time = 1m, 13.1s)

    vN Entropy at center bond b=450 = 0.820996183498
    Eigs at center bond b=450: 0.7450 0.1790 0.0472 0.0102 0.0086 0.0048 0.0018 0.0015 
    Largest link dim during sweep 29/93 was 52
    Largest truncation error: 7.69129e-07
    Energy after sweep 29/93 is -480.514108427954
    Sweep 29/93 CPU time = 4m, 18.2s (Wall time = 19.58s)

    vN Entropy at center bond b=450 = 0.820996174280
    Eigs at center bond b=450: 0.7450 0.1790 0.0472 0.0102 0.0086 0.0048 0.0018 0.0015 
    Largest link dim during sweep 30/93 was 52
    Largest truncation error: 7.69131e-07
    Energy after sweep 30/93 is -480.514108433081
    Sweep 30/93 CPU time = 3m, 10.6s (Wall time = 12.25s)

    vN Entropy at center bond b=450 = 0.820996165716
    Eigs at center bond b=450: 0.7450 0.1790 0.0472 0.0102 0.0086 0.0048 0.0018 0.0015 
    Largest link dim during sweep 31/93 was 52
    Largest truncation error: 7.69132e-07
    Energy after sweep 31/93 is -480.514108430890
    Sweep 31/93 CPU time = 3m, 11.1s (Wall time = 12.28s)

    vN Entropy at center bond b=450 = 0.820996159658
    Eigs at center bond b=450: 0.7450 0.1790 0.0472 0.0102 0.0086 0.0048 0.0018 0.0015 
    Largest link dim during sweep 32/93 was 52
    Largest truncation error: 7.69133e-07
    Energy after sweep 32/93 is -480.514108427917
    Sweep 32/93 CPU time = 7m, 31.4s (Wall time = 37.55s)

    vN Entropy at center bond b=450 = 0.820996155706
    Eigs at center bond b=450: 0.7450 0.1790 0.0472 0.0102 0.0086 0.0048 0.0018 0.0015 
    Largest link dim during sweep 33/93 was 52
    Largest truncation error: 7.69133e-07
    Energy after sweep 33/93 is -480.514108425525
    Sweep 33/93 CPU time = 6m, 25.9s (Wall time = 27.99s)

    vN Entropy at center bond b=450 = 0.820996153204
    Eigs at center bond b=450: 0.7450 0.1790 0.0472 0.0102 0.0086 0.0048 0.0018 0.0015 
    Largest link dim during sweep 34/93 was 52
    Largest truncation error: 7.69133e-07
    Energy after sweep 34/93 is -480.514108423786
    Sweep 34/93 CPU time = 7m, 42.2s (Wall time = 36.85s)

    vN Entropy at center bond b=450 = 0.820996151620
    Eigs at center bond b=450: 0.7450 0.1790 0.0472 0.0102 0.0086 0.0048 0.0018 0.0015 
    Largest link dim during sweep 35/93 was 52
    Largest truncation error: 7.69133e-07
    Energy after sweep 35/93 is -480.514108422618
    Sweep 35/93 CPU time = 7m, 21.0s (Wall time = 33.33s)

    vN Entropy at center bond b=450 = 0.820996150606
    Eigs at center bond b=450: 0.7450 0.1790 0.0472 0.0102 0.0086 0.0048 0.0018 0.0015 
    Largest link dim during sweep 36/93 was 52
    Largest truncation error: 7.69133e-07
    Energy after sweep 36/93 is -480.514108421858
    Sweep 36/93 CPU time = 5m, 35.4s (Wall time = 25.49s)

    vN Entropy at center bond b=450 = 0.861945441873
    Eigs at center bond b=450: 0.7328 0.1823 0.0513 0.0117 0.0101 0.0050 0.0024 0.0021 
    Largest link dim during sweep 37/93 was 123
    Largest truncation error: 7.64586e-09
    Energy after sweep 37/93 is -480.521897152436
    Sweep 37/93 CPU time = 16m, 26s (Wall time = 1m, 14.0s)

    vN Entropy at center bond b=450 = 0.919756582768
    Eigs at center bond b=450: 0.7169 0.1854 0.0562 0.0138 0.0121 0.0051 0.0037 0.0030 
    Largest link dim during sweep 38/93 was 157
    Largest truncation error: 7.5004e-09
    Energy after sweep 38/93 is -480.523015941501
    Sweep 38/93 CPU time = 35m, 27s (Wall time = 2m, 22.1s)

    vN Entropy at center bond b=450 = 0.965783065938
    Eigs at center bond b=450: 0.7058 0.1856 0.0598 0.0161 0.0136 0.0052 0.0049 0.0038 0.0013 
    Largest link dim during sweep 39/93 was 160
    Largest truncation error: 1.5243e-08
    Energy after sweep 39/93 is -480.523284353041
    Sweep 39/93 CPU time = 44m, 47s (Wall time = 3m, 7.2s)

    vN Entropy at center bond b=450 = 1.026015380030
    Eigs at center bond b=450: 0.6915 0.1842 0.0646 0.0205 0.0153 0.0067 0.0053 0.0049 0.0018 0.0012 
    Largest link dim during sweep 40/93 was 160
    Largest truncation error: 2.55551e-08
    Energy after sweep 40/93 is -480.523389278163
    Sweep 40/93 CPU time = 46m, 23s (Wall time = 3m, 5.5s)

    vN Entropy at center bond b=450 = 1.126253938115
    Eigs at center bond b=450: 0.6641 0.1814 0.0765 0.0283 0.0195 0.0079 0.0073 0.0049 0.0031 0.0015 
    Largest link dim during sweep 41/93 was 160
    Largest truncation error: 3.7386e-08
    Energy after sweep 41/93 is -480.523494712795
    Sweep 41/93 CPU time = 37m, 43s (Wall time = 2m, 28.9s)

    vN Entropy at center bond b=450 = 1.265922147839
    Eigs at center bond b=450: 0.6138 0.1837 0.1023 0.0337 0.0299 0.0091 0.0080 0.0057 0.0044 0.0018 
    Largest link dim during sweep 42/93 was 160
    Largest truncation error: 4.94061e-08
    Energy after sweep 42/93 is -480.523595315614
    Sweep 42/93 CPU time = 46m, 35s (Wall time = 3m, 9.0s)

    vN Entropy at center bond b=450 = 1.359495145148
    Eigs at center bond b=450: 0.5678 0.2030 0.1138 0.0418 0.0327 0.0110 0.0077 0.0066 0.0043 0.0022 
    Largest link dim during sweep 43/93 was 160
    Largest truncation error: 5.41994e-08
    Energy after sweep 43/93 is -480.523649346901
    Sweep 43/93 CPU time = 46m, 15s (Wall time = 3m, 3.9s)

    vN Entropy at center bond b=450 = 1.395869083471
    Eigs at center bond b=450: 0.5455 0.2183 0.1140 0.0475 0.0320 0.0124 0.0074 0.0066 0.0043 0.0026 
    Largest link dim during sweep 44/93 was 160
    Largest truncation error: 5.53895e-08
    Energy after sweep 44/93 is -480.523671208762
    Sweep 44/93 CPU time = 50m, 23s (Wall time = 3m, 29.0s)

    vN Entropy at center bond b=450 = 1.408607378852
    Eigs at center bond b=450: 0.5369 0.2249 0.1134 0.0497 0.0317 0.0129 0.0073 0.0066 0.0042 0.0027 
    Largest link dim during sweep 45/93 was 160
    Largest truncation error: 5.55456e-08
    Energy after sweep 45/93 is -480.523679503811
    Sweep 45/93 CPU time = 49m, 18s (Wall time = 3m, 15.9s)

    vN Entropy at center bond b=450 = 1.413307624420
    Eigs at center bond b=450: 0.5336 0.2275 0.1131 0.0506 0.0315 0.0132 0.0073 0.0066 0.0042 0.0028 
    Largest link dim during sweep 46/93 was 160
    Largest truncation error: 5.5523e-08
    Energy after sweep 46/93 is -480.523682741879
    Sweep 46/93 CPU time = 46m, 60s (Wall time = 3m, 5.7s)

    vN Entropy at center bond b=450 = 1.415156243453
    Eigs at center bond b=450: 0.5323 0.2285 0.1130 0.0509 0.0315 0.0133 0.0072 0.0065 0.0042 0.0028 
    Largest link dim during sweep 47/93 was 160
    Largest truncation error: 5.55681e-08
    Energy after sweep 47/93 is -480.523684074257
    Sweep 47/93 CPU time = 45m, 33s (Wall time = 3m, 1.8s)

    vN Entropy at center bond b=450 = 1.415913259423
    Eigs at center bond b=450: 0.5318 0.2289 0.1129 0.0511 0.0314 0.0133 0.0072 0.0065 0.0042 0.0028 
    Largest link dim during sweep 48/93 was 160
    Largest truncation error: 5.56365e-08
    Energy after sweep 48/93 is -480.523684654841
    Sweep 48/93 CPU time = 48m, 49s (Wall time = 3m, 22.7s)

    vN Entropy at center bond b=450 = 1.416229771586
    Eigs at center bond b=450: 0.5315 0.2291 0.1129 0.0511 0.0314 0.0133 0.0072 0.0065 0.0042 0.0028 
    Largest link dim during sweep 49/93 was 160
    Largest truncation error: 5.56759e-08
    Energy after sweep 49/93 is -480.523684916241
    Sweep 49/93 CPU time = 46m, 5s (Wall time = 3m, 3.4s)

    vN Entropy at center bond b=450 = 1.416364724227
    Eigs at center bond b=450: 0.5314 0.2292 0.1129 0.0512 0.0314 0.0133 0.0072 0.0065 0.0042 0.0028 
    Largest link dim during sweep 50/93 was 160
    Largest truncation error: 5.5696e-08
    Energy after sweep 50/93 is -480.523685005358
    Sweep 50/93 CPU time = 44m, 45s (Wall time = 2m, 56.5s)

    vN Entropy at center bond b=450 = 1.416422524035
    Eigs at center bond b=450: 0.5314 0.2292 0.1129 0.0512 0.0314 0.0133 0.0072 0.0065 0.0042 0.0028 
    Largest link dim during sweep 51/93 was 160
    Largest truncation error: 5.57078e-08
    Energy after sweep 51/93 is -480.523685085851
    Sweep 51/93 CPU time = 46m, 20s (Wall time = 3m, 2.2s)

    vN Entropy at center bond b=450 = 1.416448638901
    Eigs at center bond b=450: 0.5314 0.2292 0.1129 0.0512 0.0314 0.0133 0.0072 0.0065 0.0042 0.0028 
    Largest link dim during sweep 52/93 was 160
    Largest truncation error: 5.5717e-08
    Energy after sweep 52/93 is -480.523685114067
    Sweep 52/93 CPU time = 46m, 59s (Wall time = 3m, 5.5s)

    vN Entropy at center bond b=450 = 1.416460529904
    Eigs at center bond b=450: 0.5314 0.2292 0.1129 0.0512 0.0314 0.0133 0.0072 0.0065 0.0042 0.0028 
    Largest link dim during sweep 53/93 was 160
    Largest truncation error: 5.57236e-08
    Energy after sweep 53/93 is -480.523685128474
    Sweep 53/93 CPU time = 47m, 19s (Wall time = 3m, 18.3s)

    vN Entropy at center bond b=450 = 1.416466288135
    Eigs at center bond b=450: 0.5314 0.2292 0.1129 0.0512 0.0314 0.0133 0.0072 0.0065 0.0042 0.0028 
    Largest link dim during sweep 54/93 was 160
    Largest truncation error: 5.5728e-08
    Energy after sweep 54/93 is -480.523685136886
    Sweep 54/93 CPU time = 49m, 58s (Wall time = 3m, 27.6s)

    vN Entropy at center bond b=450 = 1.416469213570
    Eigs at center bond b=450: 0.5314 0.2292 0.1129 0.0512 0.0314 0.0133 0.0072 0.0065 0.0042 0.0028 
    Largest link dim during sweep 55/93 was 160
    Largest truncation error: 5.57306e-08
    Energy after sweep 55/93 is -480.523685141803
    Sweep 55/93 CPU time = 51m, 56s (Wall time = 3m, 36.8s)

    vN Entropy at center bond b=450 = 1.416470804770
    Eigs at center bond b=450: 0.5314 0.2292 0.1129 0.0512 0.0314 0.0133 0.0072 0.0065 0.0042 0.0028 
    Largest link dim during sweep 56/93 was 160
    Largest truncation error: 5.57319e-08
    Energy after sweep 56/93 is -480.523685145323
    Sweep 56/93 CPU time = 49m, 21s (Wall time = 3m, 28.2s)

    vN Entropy at center bond b=450 = 1.416471749093
    Eigs at center bond b=450: 0.5314 0.2292 0.1129 0.0512 0.0314 0.0133 0.0072 0.0065 0.0042 0.0028 
    Largest link dim during sweep 57/93 was 160
    Largest truncation error: 5.57322e-08
    Energy after sweep 57/93 is -480.523685148180
    Sweep 57/93 CPU time = 48m, 3s (Wall time = 3m, 20.9s)

    vN Entropy at center bond b=450 = 1.416472362915
    Eigs at center bond b=450: 0.5314 0.2292 0.1129 0.0512 0.0314 0.0133 0.0072 0.0065 0.0042 0.0028 
    Largest link dim during sweep 58/93 was 160
    Largest truncation error: 5.5732e-08
    Energy after sweep 58/93 is -480.523685150572
    Sweep 58/93 CPU time = 46m, 16s (Wall time = 3m, 12.6s)

    vN Entropy at center bond b=450 = 1.437715615008
    Eigs at center bond b=450: 0.5247 0.2303 0.1137 0.0525 0.0322 0.0139 0.0075 0.0068 0.0043 0.0030 
    Largest link dim during sweep 59/93 was 320
    Largest truncation error: 1.33731e-09
    Energy after sweep 59/93 is -480.524095437289
    Sweep 59/93 CPU time = 2h, 56m, 45s (Wall time = 11m, 56s)

    vN Entropy at center bond b=450 = 1.450158928990
    Eigs at center bond b=450: 0.5213 0.2307 0.1141 0.0532 0.0326 0.0143 0.0077 0.0070 0.0043 0.0031 
    Largest link dim during sweep 60/93 was 320
    Largest truncation error: 2.92761e-09
    Energy after sweep 60/93 is -480.524108875299
    Sweep 60/93 CPU time = 3h, 7m, 24s (Wall time = 12m, 9s)

    vN Entropy at center bond b=450 = 1.451826062891
    Eigs at center bond b=450: 0.5209 0.2307 0.1141 0.0533 0.0327 0.0143 0.0078 0.0070 0.0043 0.0031 
    Largest link dim during sweep 61/93 was 320
    Largest truncation error: 3.38117e-09
    Energy after sweep 61/93 is -480.524109429434
    Sweep 61/93 CPU time = 2h, 46m, 21s (Wall time = 10m, 46s)

    vN Entropy at center bond b=450 = 1.452106814808
    Eigs at center bond b=450: 0.5209 0.2307 0.1141 0.0533 0.0327 0.0143 0.0078 0.0070 0.0043 0.0031 
    Largest link dim during sweep 62/93 was 320
    Largest truncation error: 3.51856e-09
    Energy after sweep 62/93 is -480.524109433490
    Sweep 62/93 CPU time = 2h, 48m, 3s (Wall time = 10m, 52s)

    vN Entropy at center bond b=450 = 1.452173454379
    Eigs at center bond b=450: 0.5209 0.2307 0.1141 0.0533 0.0327 0.0143 0.0078 0.0070 0.0043 0.0031 
    Largest link dim during sweep 63/93 was 320
    Largest truncation error: 3.56882e-09
    Energy after sweep 63/93 is -480.524109423302
    Sweep 63/93 CPU time = 2h, 58m, 15s (Wall time = 11m, 36s)

    vN Entropy at center bond b=450 = 1.452192707241
    Eigs at center bond b=450: 0.5209 0.2307 0.1141 0.0533 0.0327 0.0143 0.0078 0.0070 0.0043 0.0031 
    Largest link dim during sweep 64/93 was 320
    Largest truncation error: 3.58694e-09
    Energy after sweep 64/93 is -480.524109414791
    Sweep 64/93 CPU time = 2h, 59m, 51s (Wall time = 12m, 1s)

    vN Entropy at center bond b=450 = 1.452199306173
    Eigs at center bond b=450: 0.5209 0.2307 0.1141 0.0533 0.0327 0.0143 0.0078 0.0070 0.0043 0.0031 
    Largest link dim during sweep 65/93 was 320
    Largest truncation error: 3.59428e-09
    Energy after sweep 65/93 is -480.524109411436
    Sweep 65/93 CPU time = 2h, 43m, 44s (Wall time = 10m, 52s)

    vN Entropy at center bond b=450 = 1.452201607681
    Eigs at center bond b=450: 0.5209 0.2307 0.1141 0.0533 0.0327 0.0143 0.0078 0.0070 0.0043 0.0031 
    Largest link dim during sweep 66/93 was 320
    Largest truncation error: 3.59779e-09
    Energy after sweep 66/93 is -480.524109409712
    Sweep 66/93 CPU time = 2h, 40m, 49s (Wall time = 10m, 38s)

    vN Entropy at center bond b=450 = 1.452202483507
    Eigs at center bond b=450: 0.5209 0.2307 0.1141 0.0533 0.0327 0.0143 0.0078 0.0070 0.0043 0.0031 
    Largest link dim during sweep 67/93 was 320
    Largest truncation error: 3.59946e-09
    Energy after sweep 67/93 is -480.524109408934
    Sweep 67/93 CPU time = 2h, 38m, 11s (Wall time = 10m, 25s)

    vN Entropy at center bond b=450 = 1.452202843890
    Eigs at center bond b=450: 0.5209 0.2307 0.1141 0.0533 0.0327 0.0143 0.0078 0.0070 0.0043 0.0031 
    Largest link dim during sweep 68/93 was 320
    Largest truncation error: 3.60021e-09
    Energy after sweep 68/93 is -480.524109408535
    Sweep 68/93 CPU time = 2h, 40m, 7s (Wall time = 10m, 37s)

    vN Entropy at center bond b=450 = 1.452203002670
    Eigs at center bond b=450: 0.5209 0.2307 0.1141 0.0533 0.0327 0.0143 0.0078 0.0070 0.0043 0.0031 
    Largest link dim during sweep 69/93 was 320
    Largest truncation error: 3.60054e-09
    Energy after sweep 69/93 is -480.524109408309
    Sweep 69/93 CPU time = 2h, 39m, 38s (Wall time = 10m, 36s)

    vN Entropy at center bond b=450 = 1.452203078561
    Eigs at center bond b=450: 0.5209 0.2307 0.1141 0.0533 0.0327 0.0143 0.0078 0.0070 0.0043 0.0031 
    Largest link dim during sweep 70/93 was 320
    Largest truncation error: 3.60075e-09
    Energy after sweep 70/93 is -480.524109408176
    Sweep 70/93 CPU time = 2h, 39m, 51s (Wall time = 10m, 37s)

    vN Entropy at center bond b=450 = 1.452203121242
    Eigs at center bond b=450: 0.5209 0.2307 0.1141 0.0533 0.0327 0.0143 0.0078 0.0070 0.0043 0.0031 
    Largest link dim during sweep 71/93 was 320
    Largest truncation error: 3.60095e-09
    Energy after sweep 71/93 is -480.524109408089
    Sweep 71/93 CPU time = 2h, 42m, 40s (Wall time = 10m, 50s)

    vN Entropy at center bond b=450 = 1.452203152704
    Eigs at center bond b=450: 0.5209 0.2307 0.1141 0.0533 0.0327 0.0143 0.0078 0.0070 0.0043 0.0031 
    Largest link dim during sweep 72/93 was 320
    Largest truncation error: 3.60114e-09
    Energy after sweep 72/93 is -480.524109408032
    Sweep 72/93 CPU time = 2h, 39m, 36s (Wall time = 10m, 37s)

    vN Entropy at center bond b=450 = 1.452203181168
    Eigs at center bond b=450: 0.5209 0.2307 0.1141 0.0533 0.0327 0.0143 0.0078 0.0070 0.0043 0.0031 
    Largest link dim during sweep 73/93 was 320
    Largest truncation error: 3.60127e-09
    Energy after sweep 73/93 is -480.524109407983
    Sweep 73/93 CPU time = 2h, 36m, 21s (Wall time = 10m, 23s)

    vN Entropy at center bond b=450 = 1.452203210743
    Eigs at center bond b=450: 0.5209 0.2307 0.1141 0.0533 0.0327 0.0143 0.0078 0.0070 0.0043 0.0031 
    Largest link dim during sweep 74/93 was 320
    Largest truncation error: 3.60135e-09
    Energy after sweep 74/93 is -480.524109407965
    Sweep 74/93 CPU time = 2h, 35m, 47s (Wall time = 10m, 20s)

    vN Entropy at center bond b=450 = 1.454405725790
    Eigs at center bond b=450: 0.5204 0.2307 0.1141 0.0534 0.0327 0.0144 0.0078 0.0070 0.0043 0.0032 
    Largest link dim during sweep 75/93 was 640
    Largest truncation error: 7.15149e-11
    Energy after sweep 75/93 is -480.524133041406
    Sweep 75/93 CPU time = 8h, 13m, 1s (Wall time = 32m, 40s)

    vN Entropy at center bond b=450 = 1.456002808331
    Eigs at center bond b=450: 0.5200 0.2307 0.1142 0.0534 0.0328 0.0144 0.0078 0.0070 0.0043 0.0032 
    Largest link dim during sweep 76/93 was 640
    Largest truncation error: 1.20725e-10
    Energy after sweep 76/93 is -480.524133898947
    Sweep 76/93 CPU time = 8h, 59m, 31s (Wall time = 35m, 48s)

    vN Entropy at center bond b=450 = 1.456297129532
    Eigs at center bond b=450: 0.5200 0.2307 0.1142 0.0534 0.0328 0.0144 0.0078 0.0070 0.0043 0.0032 
    Largest link dim during sweep 77/93 was 640
    Largest truncation error: 1.24982e-10
    Energy after sweep 77/93 is -480.524133988906
    Sweep 77/93 CPU time = 9h, 27m, 9s (Wall time = 37m, 47s)

    vN Entropy at center bond b=450 = 1.456368019879
    Eigs at center bond b=450: 0.5200 0.2307 0.1142 0.0534 0.0328 0.0144 0.0078 0.0070 0.0043 0.0032 
    Largest link dim during sweep 78/93 was 640
    Largest truncation error: 1.30194e-10
    Energy after sweep 78/93 is -480.524134002385
    Sweep 78/93 CPU time = 9h, 7m, 60s (Wall time = 36m, 39s)

    vN Entropy at center bond b=450 = 1.456389615498
    Eigs at center bond b=450: 0.5200 0.2307 0.1142 0.0534 0.0328 0.0144 0.0078 0.0070 0.0043 0.0032 
    Largest link dim during sweep 79/93 was 640
    Largest truncation error: 1.33467e-10
    Energy after sweep 79/93 is -480.524134004288
    Sweep 79/93 CPU time = 8h, 50m, 10s (Wall time = 35m, 16s)

    vN Entropy at center bond b=450 = 1.456397314950
    Eigs at center bond b=450: 0.5200 0.2307 0.1142 0.0534 0.0328 0.0144 0.0078 0.0070 0.0043 0.0032 
    Largest link dim during sweep 80/93 was 640
    Largest truncation error: 1.35168e-10
    Energy after sweep 80/93 is -480.524134004260
    Sweep 80/93 CPU time = 10h, 19m, 28s (Wall time = 42m, 21s)

    vN Entropy at center bond b=450 = 1.456400381877
    Eigs at center bond b=450: 0.5200 0.2307 0.1142 0.0534 0.0328 0.0144 0.0078 0.0070 0.0043 0.0032 
    Largest link dim during sweep 81/93 was 640
    Largest truncation error: 1.36018e-10
    Energy after sweep 81/93 is -480.524134004044
    Sweep 81/93 CPU time = 10h, 17m, 8s (Wall time = 42m, 3s)

    vN Entropy at center bond b=450 = 1.456401705558
    Eigs at center bond b=450: 0.5200 0.2307 0.1142 0.0534 0.0328 0.0144 0.0078 0.0070 0.0043 0.0032 
    Largest link dim during sweep 82/93 was 640
    Largest truncation error: 1.36455e-10
    Energy after sweep 82/93 is -480.524134003858
    Sweep 82/93 CPU time = 9h, 21m, 14s (Wall time = 37m, 52s)

    vN Entropy at center bond b=450 = 1.456542830929
    Eigs at center bond b=450: 0.5199 0.2307 0.1142 0.0534 0.0328 0.0144 0.0078 0.0070 0.0043 0.0032 
    Largest link dim during sweep 83/93 was 1280
    Largest truncation error: 1.37061e-12
    Energy after sweep 83/93 is -480.524134822393
