//////////////////////////
Reading input file ......

Got input.N = 900
Got input.t = 0.03
Got input.J = 1
Got input.V = 0.6
Got input.D = 0.018
Got input.U = 0.75
Got input.mu = 0
Got input.E = 0
Got input.nsweeps = 93
Sweeps:
1  MaxDim=20, MinDim=20, Cutoff=1.0E-06, Niter=8, Noise=1.0E-05
2  MaxDim=20, MinDim=20, Cutoff=1.0E-06, Niter=8, Noise=1.0E-05
3  MaxDim=20, MinDim=20, Cutoff=1.0E-06, Niter=8, Noise=1.0E-05
4  MaxDim=20, MinDim=20, Cutoff=1.0E-06, Niter=8, Noise=1.0E-05
5  MaxDim=20, MinDim=20, Cutoff=1.0E-06, Niter=8, Noise=1.0E-05
6  MaxDim=20, MinDim=20, Cutoff=1.0E-06, Niter=8, Noise=1.0E-05
7  MaxDim=20, MinDim=20, Cutoff=1.0E-06, Niter=8, Noise=1.0E-05
8  MaxDim=40, MinDim=20, Cutoff=1.0E-06, Niter=4, Noise=1.0E-05
9  MaxDim=40, MinDim=20, Cutoff=1.0E-06, Niter=4, Noise=1.0E-05
10  MaxDim=40, MinDim=20, Cutoff=1.0E-06, Niter=4, Noise=1.0E-05
11  MaxDim=40, MinDim=20, Cutoff=1.0E-06, Niter=4, Noise=1.0E-05
12  MaxDim=40, MinDim=20, Cutoff=1.0E-06, Niter=4, Noise=1.0E-05
13  MaxDim=40, MinDim=20, Cutoff=1.0E-06, Niter=4, Noise=1.0E-05
14  MaxDim=40, MinDim=20, Cutoff=1.0E-06, Niter=4, Noise=1.0E-05
15  MaxDim=80, MinDim=10, Cutoff=1.0E-06, Niter=4, Noise=1.0E-05
16  MaxDim=80, MinDim=10, Cutoff=1.0E-06, Niter=4, Noise=1.0E-05
17  MaxDim=80, MinDim=10, Cutoff=1.0E-06, Niter=4, Noise=1.0E-05
18  MaxDim=80, MinDim=10, Cutoff=1.0E-06, Niter=4, Noise=1.0E-05
19  MaxDim=80, MinDim=10, Cutoff=1.0E-06, Niter=4, Noise=1.0E-05
20  MaxDim=80, MinDim=10, Cutoff=1.0E-06, Niter=4, Noise=1.0E-05
21  MaxDim=80, MinDim=10, Cutoff=1.0E-06, Niter=4, Noise=1.0E-05
22  MaxDim=80, MinDim=10, Cutoff=1.0E-06, Niter=4, Noise=1.0E-05
23  MaxDim=80, MinDim=10, Cutoff=1.0E-06, Niter=4, Noise=1.0E-05
24  MaxDim=80, MinDim=10, Cutoff=1.0E-06, Niter=4, Noise=1.0E-05
25  MaxDim=80, MinDim=10, Cutoff=1.0E-06, Niter=4, Noise=1.0E-05
26  MaxDim=80, MinDim=10, Cutoff=1.0E-06, Niter=4, Noise=1.0E-05
27  MaxDim=80, MinDim=10, Cutoff=1.0E-06, Niter=4, Noise=1.0E-05
28  MaxDim=80, MinDim=10, Cutoff=1.0E-06, Niter=4, Noise=1.0E-05
29  MaxDim=80, MinDim=10, Cutoff=1.0E-06, Niter=4, Noise=1.0E-05
30  MaxDim=80, MinDim=10, Cutoff=1.0E-06, Niter=4, Noise=1.0E-05
31  MaxDim=80, MinDim=10, Cutoff=1.0E-06, Niter=4, Noise=1.0E-05
32  MaxDim=80, MinDim=10, Cutoff=1.0E-06, Niter=4, Noise=1.0E-05
33  MaxDim=80, MinDim=10, Cutoff=1.0E-06, Niter=4, Noise=1.0E-05
34  MaxDim=80, MinDim=10, Cutoff=1.0E-06, Niter=4, Noise=1.0E-05
35  MaxDim=80, MinDim=10, Cutoff=1.0E-06, Niter=4, Noise=1.0E-05
36  MaxDim=80, MinDim=10, Cutoff=1.0E-06, Niter=4, Noise=1.0E-05
37  MaxDim=160, MinDim=10, Cutoff=1.0E-08, Niter=4, Noise=1.0E-06
38  MaxDim=160, MinDim=10, Cutoff=1.0E-08, Niter=4, Noise=1.0E-06
39  MaxDim=160, MinDim=10, Cutoff=1.0E-08, Niter=4, Noise=1.0E-06
40  MaxDim=160, MinDim=10, Cutoff=1.0E-08, Niter=4, Noise=1.0E-06
41  MaxDim=160, MinDim=10, Cutoff=1.0E-08, Niter=4, Noise=1.0E-06
42  MaxDim=160, MinDim=10, Cutoff=1.0E-08, Niter=4, Noise=1.0E-06
43  MaxDim=160, MinDim=10, Cutoff=1.0E-08, Niter=4, Noise=1.0E-06
44  MaxDim=160, MinDim=10, Cutoff=1.0E-08, Niter=4, Noise=1.0E-06
45  MaxDim=160, MinDim=10, Cutoff=1.0E-08, Niter=4, Noise=1.0E-06
46  MaxDim=160, MinDim=10, Cutoff=1.0E-08, Niter=4, Noise=1.0E-06
47  MaxDim=160, MinDim=10, Cutoff=1.0E-08, Niter=4, Noise=1.0E-06
48  MaxDim=160, MinDim=10, Cutoff=1.0E-08, Niter=4, Noise=1.0E-06
49  MaxDim=160, MinDim=10, Cutoff=1.0E-08, Niter=4, Noise=1.0E-06
50  MaxDim=160, MinDim=10, Cutoff=1.0E-08, Niter=4, Noise=1.0E-06
51  MaxDim=160, MinDim=10, Cutoff=1.0E-08, Niter=4, Noise=1.0E-06
52  MaxDim=160, MinDim=10, Cutoff=1.0E-08, Niter=4, Noise=1.0E-06
53  MaxDim=160, MinDim=10, Cutoff=1.0E-08, Niter=4, Noise=1.0E-06
54  MaxDim=160, MinDim=10, Cutoff=1.0E-08, Niter=4, Noise=1.0E-06
55  MaxDim=160, MinDim=10, Cutoff=1.0E-08, Niter=4, Noise=1.0E-06
56  MaxDim=160, MinDim=10, Cutoff=1.0E-08, Niter=4, Noise=1.0E-06
57  MaxDim=160, MinDim=10, Cutoff=1.0E-08, Niter=4, Noise=1.0E-06
58  MaxDim=160, MinDim=10, Cutoff=1.0E-08, Niter=4, Noise=1.0E-06
59  MaxDim=320, MinDim=10, Cutoff=1.0E-10, Niter=4, Noise=1.0E-07
60  MaxDim=320, MinDim=10, Cutoff=1.0E-10, Niter=4, Noise=1.0E-07
61  MaxDim=320, MinDim=10, Cutoff=1.0E-10, Niter=4, Noise=1.0E-07
62  MaxDim=320, MinDim=10, Cutoff=1.0E-10, Niter=4, Noise=1.0E-07
63  MaxDim=320, MinDim=10, Cutoff=1.0E-10, Niter=4, Noise=1.0E-07
64  MaxDim=320, MinDim=10, Cutoff=1.0E-10, Niter=4, Noise=1.0E-07
65  MaxDim=320, MinDim=10, Cutoff=1.0E-10, Niter=4, Noise=1.0E-07
66  MaxDim=320, MinDim=10, Cutoff=1.0E-10, Niter=4, Noise=1.0E-07
67  MaxDim=320, MinDim=10, Cutoff=1.0E-10, Niter=4, Noise=1.0E-07
68  MaxDim=320, MinDim=10, Cutoff=1.0E-10, Niter=4, Noise=1.0E-07
69  MaxDim=320, MinDim=10, Cutoff=1.0E-10, Niter=4, Noise=1.0E-07
70  MaxDim=320, MinDim=10, Cutoff=1.0E-10, Niter=4, Noise=1.0E-07
71  MaxDim=320, MinDim=10, Cutoff=1.0E-10, Niter=4, Noise=1.0E-07
72  MaxDim=320, MinDim=10, Cutoff=1.0E-10, Niter=4, Noise=1.0E-07
73  MaxDim=320, MinDim=10, Cutoff=1.0E-10, Niter=4, Noise=1.0E-07
74  MaxDim=320, MinDim=10, Cutoff=1.0E-10, Niter=4, Noise=1.0E-07
75  MaxDim=640, MinDim=10, Cutoff=1.0E-12, Niter=2, Noise=1.0E-08
76  MaxDim=640, MinDim=10, Cutoff=1.0E-12, Niter=2, Noise=1.0E-08
77  MaxDim=640, MinDim=10, Cutoff=1.0E-12, Niter=2, Noise=1.0E-08
78  MaxDim=640, MinDim=10, Cutoff=1.0E-12, Niter=2, Noise=1.0E-08
79  MaxDim=640, MinDim=10, Cutoff=1.0E-12, Niter=2, Noise=1.0E-08
80  MaxDim=640, MinDim=10, Cutoff=1.0E-12, Niter=2, Noise=1.0E-08
81  MaxDim=640, MinDim=10, Cutoff=1.0E-12, Niter=2, Noise=1.0E-08
82  MaxDim=640, MinDim=10, Cutoff=1.0E-12, Niter=2, Noise=1.0E-08
83  MaxDim=1280, MinDim=10, Cutoff=1.0E-12, Niter=2, Noise=0.0E+00
84  MaxDim=1280, MinDim=10, Cutoff=1.0E-14, Niter=2, Noise=0.0E+00
85  MaxDim=1280, MinDim=10, Cutoff=1.0E-14, Niter=2, Noise=0.0E+00
86  MaxDim=1280, MinDim=10, Cutoff=1.0E-14, Niter=2, Noise=0.0E+00
87  MaxDim=1280, MinDim=10, Cutoff=1.0E-14, Niter=2, Noise=0.0E+00
88  MaxDim=1280, MinDim=10, Cutoff=1.0E-14, Niter=2, Noise=0.0E+00
89  MaxDim=2560, MinDim=10, Cutoff=1.0E-12, Niter=2, Noise=0.0E+00
90  MaxDim=2560, MinDim=10, Cutoff=1.0E-14, Niter=2, Noise=0.0E+00
91  MaxDim=2560, MinDim=10, Cutoff=1.0E-14, Niter=2, Noise=0.0E+00
92  MaxDim=2560, MinDim=10, Cutoff=1.0E-14, Niter=2, Noise=0.0E+00
93  MaxDim=2560, MinDim=10, Cutoff=1.0E-14, Niter=2, Noise=0.0E+00


    vN Entropy at center bond b=450 = 0.558772095119
    Eigs at center bond b=450: 0.8200 0.1580 0.0152 0.0049 
    Largest link dim during sweep 1/93 was 20
    Largest truncation error: 2.23215e-06
    Energy after sweep 1/93 is -500.822209872704
    Sweep 1/93 CPU time = 1m, 3.6s (Wall time = 4.592s)

    vN Entropy at center bond b=450 = 0.686845806570
    Eigs at center bond b=450: 0.7536 0.2137 0.0217 0.0076 0.0016 0.0012 
    Largest link dim during sweep 2/93 was 20
    Largest truncation error: 1.91811e-06
    Energy after sweep 2/93 is -501.085488191918
    Sweep 2/93 CPU time = 1m, 52.3s (Wall time = 7.712s)

    vN Entropy at center bond b=450 = 0.693212885026
    Eigs at center bond b=450: 0.7496 0.2172 0.0220 0.0078 0.0016 0.0012 
    Largest link dim during sweep 3/93 was 20
    Largest truncation error: 1.97182e-06
    Energy after sweep 3/93 is -501.093463326219
    Sweep 3/93 CPU time = 1m, 36.0s (Wall time = 6.375s)

    vN Entropy at center bond b=450 = 0.693514990766
    Eigs at center bond b=450: 0.7494 0.2173 0.0220 0.0078 0.0016 0.0012 
    Largest link dim during sweep 4/93 was 20
    Largest truncation error: 1.97528e-06
    Energy after sweep 4/93 is -501.093794377134
    Sweep 4/93 CPU time = 2m, 14.8s (Wall time = 10.07s)

    vN Entropy at center bond b=450 = 0.693535651888
    Eigs at center bond b=450: 0.7494 0.2173 0.0220 0.0078 0.0016 0.0012 
    Largest link dim during sweep 5/93 was 20
    Largest truncation error: 1.97528e-06
    Energy after sweep 5/93 is -501.093810177414
    Sweep 5/93 CPU time = 2m, 38.0s (Wall time = 14.12s)

    vN Entropy at center bond b=450 = 0.693537710023
    Eigs at center bond b=450: 0.7494 0.2173 0.0220 0.0078 0.0016 0.0012 
    Largest link dim during sweep 6/93 was 20
    Largest truncation error: 1.97537e-06
    Energy after sweep 6/93 is -501.093811183283
    Sweep 6/93 CPU time = 2m, 6.0s (Wall time = 9.474s)

    vN Entropy at center bond b=450 = 0.693537869918
    Eigs at center bond b=450: 0.7494 0.2173 0.0220 0.0078 0.0016 0.0012 
    Largest link dim during sweep 7/93 was 20
    Largest truncation error: 1.97538e-06
    Energy after sweep 7/93 is -501.093811212514
    Sweep 7/93 CPU time = 1m, 42.4s (Wall time = 6.892s)

    vN Entropy at center bond b=450 = 0.694070551268
    Eigs at center bond b=450: 0.7493 0.2174 0.0221 0.0078 0.0016 0.0012 
    Largest link dim during sweep 8/93 was 26
    Largest truncation error: 7.5349e-07
    Energy after sweep 8/93 is -501.099504339441
    Sweep 8/93 CPU time = 59.68s (Wall time = 3.874s)

    vN Entropy at center bond b=450 = 0.694221037246
    Eigs at center bond b=450: 0.7493 0.2174 0.0221 0.0078 0.0016 0.0012 
    Largest link dim during sweep 9/93 was 26
    Largest truncation error: 7.50371e-07
    Energy after sweep 9/93 is -501.099633494551
    Sweep 9/93 CPU time = 1m, 9.4s (Wall time = 4.961s)

    vN Entropy at center bond b=450 = 0.694224045112
    Eigs at center bond b=450: 0.7493 0.2174 0.0221 0.0078 0.0016 0.0012 
    Largest link dim during sweep 10/93 was 26
    Largest truncation error: 7.4891e-07
    Energy after sweep 10/93 is -501.099642054136
    Sweep 10/93 CPU time = 1m, 11.5s (Wall time = 5.333s)

    vN Entropy at center bond b=450 = 0.694224015521
    Eigs at center bond b=450: 0.7493 0.2174 0.0221 0.0078 0.0016 0.0012 
    Largest link dim during sweep 11/93 was 26
    Largest truncation error: 7.48995e-07
    Energy after sweep 11/93 is -501.099642126470
    Sweep 11/93 CPU time = 1m, 2.1s (Wall time = 3.982s)

    vN Entropy at center bond b=450 = 0.694223998579
    Eigs at center bond b=450: 0.7493 0.2174 0.0221 0.0078 0.0016 0.0012 
    Largest link dim during sweep 12/93 was 26
    Largest truncation error: 7.48995e-07
    Energy after sweep 12/93 is -501.099642113022
    Sweep 12/93 CPU time = 1m, 8.9s (Wall time = 4.886s)

    vN Entropy at center bond b=450 = 0.694223994939
    Eigs at center bond b=450: 0.7493 0.2174 0.0221 0.0078 0.0016 0.0012 
    Largest link dim during sweep 13/93 was 26
    Largest truncation error: 7.48995e-07
    Energy after sweep 13/93 is -501.099642109408
    Sweep 13/93 CPU time = 1m, 29.2s (Wall time = 6.637s)

    vN Entropy at center bond b=450 = 0.694223994247
    Eigs at center bond b=450: 0.7493 0.2174 0.0221 0.0078 0.0016 0.0012 
    Largest link dim during sweep 14/93 was 26
    Largest truncation error: 7.48995e-07
    Energy after sweep 14/93 is -501.099642108684
    Sweep 14/93 CPU time = 1m, 0.5s (Wall time = 3.882s)

    vN Entropy at center bond b=450 = 0.694223994129
    Eigs at center bond b=450: 0.7493 0.2174 0.0221 0.0078 0.0016 0.0012 
    Largest link dim during sweep 15/93 was 26
    Largest truncation error: 7.48995e-07
    Energy after sweep 15/93 is -501.099631993354
    Sweep 15/93 CPU time = 1m, 6.4s (Wall time = 4.327s)

    vN Entropy at center bond b=450 = 0.694223994108
    Eigs at center bond b=450: 0.7493 0.2174 0.0221 0.0078 0.0016 0.0012 
    Largest link dim during sweep 16/93 was 26
    Largest truncation error: 7.66472e-07
    Energy after sweep 16/93 is -501.099630632416
    Sweep 16/93 CPU time = 1m, 17.6s (Wall time = 5.649s)

    vN Entropy at center bond b=450 = 0.694223994104
    Eigs at center bond b=450: 0.7493 0.2174 0.0221 0.0078 0.0016 0.0012 
    Largest link dim during sweep 17/93 was 26
    Largest truncation error: 7.6237e-07
    Energy after sweep 17/93 is -501.099630640823
    Sweep 17/93 CPU time = 1m, 2.7s (Wall time = 4.043s)

    vN Entropy at center bond b=450 = 0.694223994103
    Eigs at center bond b=450: 0.7493 0.2174 0.0221 0.0078 0.0016 0.0012 
    Largest link dim during sweep 18/93 was 26
    Largest truncation error: 7.62057e-07
    Energy after sweep 18/93 is -501.099630641529
    Sweep 18/93 CPU time = 1m, 2.0s (Wall time = 3.978s)

    vN Entropy at center bond b=450 = 0.694223994103
    Eigs at center bond b=450: 0.7493 0.2174 0.0221 0.0078 0.0016 0.0012 
    Largest link dim during sweep 19/93 was 26
    Largest truncation error: 7.62006e-07
    Energy after sweep 19/93 is -501.099630641560
    Sweep 19/93 CPU time = 1m, 6.9s (Wall time = 4.415s)

    vN Entropy at center bond b=450 = 0.694223994103
    Eigs at center bond b=450: 0.7493 0.2174 0.0221 0.0078 0.0016 0.0012 
    Largest link dim during sweep 20/93 was 26
    Largest truncation error: 7.61997e-07
    Energy after sweep 20/93 is -501.099630641576
    Sweep 20/93 CPU time = 1m, 20.2s (Wall time = 5.888s)

    vN Entropy at center bond b=450 = 0.694223994103
    Eigs at center bond b=450: 0.7493 0.2174 0.0221 0.0078 0.0016 0.0012 
    Largest link dim during sweep 21/93 was 26
    Largest truncation error: 7.61996e-07
    Energy after sweep 21/93 is -501.099630641554
    Sweep 21/93 CPU time = 1m, 0.9s (Wall time = 3.908s)

    vN Entropy at center bond b=450 = 0.694223994103
    Eigs at center bond b=450: 0.7493 0.2174 0.0221 0.0078 0.0016 0.0012 
    Largest link dim during sweep 22/93 was 26
    Largest truncation error: 7.61995e-07
    Energy after sweep 22/93 is -501.099630641555
    Sweep 22/93 CPU time = 1m, 3.3s (Wall time = 4.080s)

    vN Entropy at center bond b=450 = 0.694223994103
    Eigs at center bond b=450: 0.7493 0.2174 0.0221 0.0078 0.0016 0.0012 
    Largest link dim during sweep 23/93 was 26
    Largest truncation error: 7.61995e-07
    Energy after sweep 23/93 is -501.099630641557
    Sweep 23/93 CPU time = 59.74s (Wall time = 3.833s)

    vN Entropy at center bond b=450 = 0.694223994103
    Eigs at center bond b=450: 0.7493 0.2174 0.0221 0.0078 0.0016 0.0012 
    Largest link dim during sweep 24/93 was 26
    Largest truncation error: 7.61995e-07
    Energy after sweep 24/93 is -501.099630641571
    Sweep 24/93 CPU time = 1m, 0.6s (Wall time = 3.884s)

    vN Entropy at center bond b=450 = 0.694223994103
    Eigs at center bond b=450: 0.7493 0.2174 0.0221 0.0078 0.0016 0.0012 
    Largest link dim during sweep 25/93 was 26
    Largest truncation error: 7.61995e-07
    Energy after sweep 25/93 is -501.099630641554
    Sweep 25/93 CPU time = 1m, 0.1s (Wall time = 3.858s)

    vN Entropy at center bond b=450 = 0.694223994103
    Eigs at center bond b=450: 0.7493 0.2174 0.0221 0.0078 0.0016 0.0012 
    Largest link dim during sweep 26/93 was 26
    Largest truncation error: 7.61995e-07
    Energy after sweep 26/93 is -501.099630641538
    Sweep 26/93 CPU time = 1m, 0.1s (Wall time = 3.853s)

    vN Entropy at center bond b=450 = 0.694223994103
    Eigs at center bond b=450: 0.7493 0.2174 0.0221 0.0078 0.0016 0.0012 
    Largest link dim during sweep 27/93 was 26
    Largest truncation error: 7.61995e-07
    Energy after sweep 27/93 is -501.099630641553
    Sweep 27/93 CPU time = 1m, 2.9s (Wall time = 4.032s)

    vN Entropy at center bond b=450 = 0.694223994103
    Eigs at center bond b=450: 0.7493 0.2174 0.0221 0.0078 0.0016 0.0012 
    Largest link dim during sweep 28/93 was 26
    Largest truncation error: 7.61995e-07
    Energy after sweep 28/93 is -501.099630641563
    Sweep 28/93 CPU time = 1m, 2.4s (Wall time = 4.006s)

    vN Entropy at center bond b=450 = 0.694223994103
    Eigs at center bond b=450: 0.7493 0.2174 0.0221 0.0078 0.0016 0.0012 
    Largest link dim during sweep 29/93 was 26
    Largest truncation error: 7.61995e-07
    Energy after sweep 29/93 is -501.099630641551
    Sweep 29/93 CPU time = 1m, 2.8s (Wall time = 4.027s)

    vN Entropy at center bond b=450 = 0.694223994103
    Eigs at center bond b=450: 0.7493 0.2174 0.0221 0.0078 0.0016 0.0012 
    Largest link dim during sweep 30/93 was 26
    Largest truncation error: 7.61995e-07
    Energy after sweep 30/93 is -501.099630641551
    Sweep 30/93 CPU time = 1m, 4.4s (Wall time = 4.148s)

    vN Entropy at center bond b=450 = 0.694223994103
    Eigs at center bond b=450: 0.7493 0.2174 0.0221 0.0078 0.0016 0.0012 
    Largest link dim during sweep 31/93 was 26
    Largest truncation error: 7.61995e-07
    Energy after sweep 31/93 is -501.099630641561
    Sweep 31/93 CPU time = 1m, 2.7s (Wall time = 4.021s)

    vN Entropy at center bond b=450 = 0.694223994103
    Eigs at center bond b=450: 0.7493 0.2174 0.0221 0.0078 0.0016 0.0012 
    Largest link dim during sweep 32/93 was 26
    Largest truncation error: 7.61995e-07
    Energy after sweep 32/93 is -501.099630641544
    Sweep 32/93 CPU time = 1m, 2.5s (Wall time = 4.007s)

    vN Entropy at center bond b=450 = 0.694223994103
    Eigs at center bond b=450: 0.7493 0.2174 0.0221 0.0078 0.0016 0.0012 
    Largest link dim during sweep 33/93 was 26
    Largest truncation error: 7.61995e-07
    Energy after sweep 33/93 is -501.099630641534
    Sweep 33/93 CPU time = 1m, 2.7s (Wall time = 4.019s)

    vN Entropy at center bond b=450 = 0.694223994103
    Eigs at center bond b=450: 0.7493 0.2174 0.0221 0.0078 0.0016 0.0012 
    Largest link dim during sweep 34/93 was 26
    Largest truncation error: 7.61995e-07
    Energy after sweep 34/93 is -501.099630641528
    Sweep 34/93 CPU time = 1m, 2.4s (Wall time = 4.006s)

    vN Entropy at center bond b=450 = 0.694223994103
    Eigs at center bond b=450: 0.7493 0.2174 0.0221 0.0078 0.0016 0.0012 
    Largest link dim during sweep 35/93 was 26
    Largest truncation error: 7.61994e-07
    Energy after sweep 35/93 is -501.099630641514
    Sweep 35/93 CPU time = 1m, 5.0s (Wall time = 4.179s)

    vN Entropy at center bond b=450 = 0.694223994103
    Eigs at center bond b=450: 0.7493 0.2174 0.0221 0.0078 0.0016 0.0012 
    Largest link dim during sweep 36/93 was 26
    Largest truncation error: 7.61993e-07
    Energy after sweep 36/93 is -501.099630641470
    Sweep 36/93 CPU time = 1m, 2.6s (Wall time = 4.014s)

    vN Entropy at center bond b=450 = 0.695521097273
    Eigs at center bond b=450: 0.7488 0.2176 0.0222 0.0079 0.0016 0.0013 
    Largest link dim during sweep 37/93 was 55
    Largest truncation error: 7.48745e-09
    Energy after sweep 37/93 is -501.104002350866
    Sweep 37/93 CPU time = 2m, 48.4s (Wall time = 10.93s)

    vN Entropy at center bond b=450 = 0.695703970383
    Eigs at center bond b=450: 0.7488 0.2176 0.0222 0.0079 0.0016 0.0013 
    Largest link dim during sweep 38/93 was 59
    Largest truncation error: 7.89833e-09
    Energy after sweep 38/93 is -501.104047241709
    Sweep 38/93 CPU time = 4m, 32.2s (Wall time = 17.50s)

    vN Entropy at center bond b=450 = 0.695730546158
    Eigs at center bond b=450: 0.7488 0.2176 0.0222 0.0079 0.0016 0.0013 
    Largest link dim during sweep 39/93 was 59
    Largest truncation error: 7.92338e-09
    Energy after sweep 39/93 is -501.104050563871
    Sweep 39/93 CPU time = 4m, 46.8s (Wall time = 18.45s)

    vN Entropy at center bond b=450 = 0.695739606321
    Eigs at center bond b=450: 0.7488 0.2176 0.0222 0.0079 0.0016 0.0013 
    Largest link dim during sweep 40/93 was 59
    Largest truncation error: 7.94278e-09
    Energy after sweep 40/93 is -501.104050861480
    Sweep 40/93 CPU time = 10m, 3s (Wall time = 47.11s)

    vN Entropy at center bond b=450 = 0.695742204885
    Eigs at center bond b=450: 0.7488 0.2176 0.0222 0.0079 0.0016 0.0013 
    Largest link dim during sweep 41/93 was 59
    Largest truncation error: 7.94627e-09
    Energy after sweep 41/93 is -501.104050881849
    Sweep 41/93 CPU time = 9m, 18.4s (Wall time = 42.05s)

    vN Entropy at center bond b=450 = 0.695743061990
    Eigs at center bond b=450: 0.7488 0.2176 0.0222 0.0079 0.0016 0.0013 
    Largest link dim during sweep 42/93 was 59
    Largest truncation error: 7.94681e-09
    Energy after sweep 42/93 is -501.104050875148
    Sweep 42/93 CPU time = 8m, 36.4s (Wall time = 40.14s)

    vN Entropy at center bond b=450 = 0.695743349918
    Eigs at center bond b=450: 0.7488 0.2176 0.0222 0.0079 0.0016 0.0013 
    Largest link dim during sweep 43/93 was 59
    Largest truncation error: 7.9469e-09
    Energy after sweep 43/93 is -501.104050870852
    Sweep 43/93 CPU time = 9m, 12.9s (Wall time = 41.72s)

    vN Entropy at center bond b=450 = 0.695743447231
    Eigs at center bond b=450: 0.7488 0.2176 0.0222 0.0079 0.0016 0.0013 
    Largest link dim during sweep 44/93 was 59
    Largest truncation error: 7.94692e-09
    Energy after sweep 44/93 is -501.104050868435
    Sweep 44/93 CPU time = 7m, 0.8s (Wall time = 30.05s)

    vN Entropy at center bond b=450 = 0.695743480197
    Eigs at center bond b=450: 0.7488 0.2176 0.0222 0.0079 0.0016 0.0013 
    Largest link dim during sweep 45/93 was 59
    Largest truncation error: 7.94692e-09
    Energy after sweep 45/93 is -501.104050870406
    Sweep 45/93 CPU time = 5m, 45.6s (Wall time = 23.12s)

    vN Entropy at center bond b=450 = 0.695743491375
    Eigs at center bond b=450: 0.7488 0.2176 0.0222 0.0079 0.0016 0.0013 
    Largest link dim during sweep 46/93 was 59
    Largest truncation error: 7.94693e-09
    Energy after sweep 46/93 is -501.104050870386
    Sweep 46/93 CPU time = 5m, 4.7s (Wall time = 19.80s)

    vN Entropy at center bond b=450 = 0.695743495167
    Eigs at center bond b=450: 0.7488 0.2176 0.0222 0.0079 0.0016 0.0013 
    Largest link dim during sweep 47/93 was 59
    Largest truncation error: 7.94693e-09
    Energy after sweep 47/93 is -501.104050870290
    Sweep 47/93 CPU time = 5m, 2.2s (Wall time = 19.50s)

    vN Entropy at center bond b=450 = 0.695743496452
    Eigs at center bond b=450: 0.7488 0.2176 0.0222 0.0079 0.0016 0.0013 
    Largest link dim during sweep 48/93 was 59
    Largest truncation error: 7.94693e-09
    Energy after sweep 48/93 is -501.104050870258
    Sweep 48/93 CPU time = 6m, 38.3s (Wall time = 28.06s)

    vN Entropy at center bond b=450 = 0.695743496888
    Eigs at center bond b=450: 0.7488 0.2176 0.0222 0.0079 0.0016 0.0013 
    Largest link dim during sweep 49/93 was 59
    Largest truncation error: 7.94693e-09
    Energy after sweep 49/93 is -501.104050870217
    Sweep 49/93 CPU time = 7m, 10.0s (Wall time = 32.14s)

    vN Entropy at center bond b=450 = 0.695743497036
    Eigs at center bond b=450: 0.7488 0.2176 0.0222 0.0079 0.0016 0.0013 
    Largest link dim during sweep 50/93 was 59
    Largest truncation error: 7.94693e-09
    Energy after sweep 50/93 is -501.104050870211
    Sweep 50/93 CPU time = 5m, 26.3s (Wall time = 21.75s)

    vN Entropy at center bond b=450 = 0.695743497086
    Eigs at center bond b=450: 0.7488 0.2176 0.0222 0.0079 0.0016 0.0013 
    Largest link dim during sweep 51/93 was 59
    Largest truncation error: 7.94693e-09
    Energy after sweep 51/93 is -501.104050870220
    Sweep 51/93 CPU time = 5m, 21.2s (Wall time = 21.06s)

    vN Entropy at center bond b=450 = 0.695743497103
    Eigs at center bond b=450: 0.7488 0.2176 0.0222 0.0079 0.0016 0.0013 
    Largest link dim during sweep 52/93 was 59
    Largest truncation error: 7.94693e-09
    Energy after sweep 52/93 is -501.104050870202
    Sweep 52/93 CPU time = 4m, 57.0s (Wall time = 19.39s)

    vN Entropy at center bond b=450 = 0.695743497109
    Eigs at center bond b=450: 0.7488 0.2176 0.0222 0.0079 0.0016 0.0013 
    Largest link dim during sweep 53/93 was 59
    Largest truncation error: 7.94693e-09
    Energy after sweep 53/93 is -501.104050870212
    Sweep 53/93 CPU time = 4m, 41.1s (Wall time = 18.07s)

    vN Entropy at center bond b=450 = 0.695743497111
    Eigs at center bond b=450: 0.7488 0.2176 0.0222 0.0079 0.0016 0.0013 
    Largest link dim during sweep 54/93 was 59
    Largest truncation error: 7.94693e-09
    Energy after sweep 54/93 is -501.104050870225
    Sweep 54/93 CPU time = 4m, 52.4s (Wall time = 19.16s)

    vN Entropy at center bond b=450 = 0.695743497112
    Eigs at center bond b=450: 0.7488 0.2176 0.0222 0.0079 0.0016 0.0013 
    Largest link dim during sweep 55/93 was 59
    Largest truncation error: 7.94693e-09
    Energy after sweep 55/93 is -501.104050870225
    Sweep 55/93 CPU time = 4m, 56.7s (Wall time = 19.07s)

    vN Entropy at center bond b=450 = 0.695743497112
    Eigs at center bond b=450: 0.7488 0.2176 0.0222 0.0079 0.0016 0.0013 
    Largest link dim during sweep 56/93 was 59
    Largest truncation error: 7.94693e-09
    Energy after sweep 56/93 is -501.104050870209
    Sweep 56/93 CPU time = 4m, 54.3s (Wall time = 19.02s)

    vN Entropy at center bond b=450 = 0.695743497112
    Eigs at center bond b=450: 0.7488 0.2176 0.0222 0.0079 0.0016 0.0013 
    Largest link dim during sweep 57/93 was 59
    Largest truncation error: 7.94693e-09
    Energy after sweep 57/93 is -501.104050870218
    Sweep 57/93 CPU time = 4m, 45.5s (Wall time = 18.50s)

    vN Entropy at center bond b=450 = 0.695743497112
    Eigs at center bond b=450: 0.7488 0.2176 0.0222 0.0079 0.0016 0.0013 
    Largest link dim during sweep 58/93 was 59
    Largest truncation error: 7.94693e-09
    Energy after sweep 58/93 is -501.104050870228
    Sweep 58/93 CPU time = 4m, 59.9s (Wall time = 19.50s)

    vN Entropy at center bond b=450 = 0.695913553814
    Eigs at center bond b=450: 0.7487 0.2177 0.0222 0.0079 0.0016 0.0013 
    Largest link dim during sweep 59/93 was 113
    Largest truncation error: 7.49628e-11
    Energy after sweep 59/93 is -501.104106400550
    Sweep 59/93 CPU time = 15m, 9s (Wall time = 58.43s)

    vN Entropy at center bond b=450 = 0.695993271210
    Eigs at center bond b=450: 0.7487 0.2177 0.0222 0.0079 0.0016 0.0013 
    Largest link dim during sweep 60/93 was 123
    Largest truncation error: 7.7837e-11
    Energy after sweep 60/93 is -501.104108208871
    Sweep 60/93 CPU time = 22m, 6s (Wall time = 1m, 25.1s)

    vN Entropy at center bond b=450 = 0.696003814833
    Eigs at center bond b=450: 0.7487 0.2177 0.0222 0.0079 0.0016 0.0013 
    Largest link dim during sweep 61/93 was 125
    Largest truncation error: 7.79466e-11
    Energy after sweep 61/93 is -501.104108291791
    Sweep 61/93 CPU time = 24m, 44s (Wall time = 1m, 35.3s)

    vN Entropy at center bond b=450 = 0.696004849841
    Eigs at center bond b=450: 0.7487 0.2177 0.0222 0.0079 0.0016 0.0013 
    Largest link dim during sweep 62/93 was 125
    Largest truncation error: 7.79581e-11
    Energy after sweep 62/93 is -501.104108294485
    Sweep 62/93 CPU time = 26m, 38s (Wall time = 1m, 43.4s)

    vN Entropy at center bond b=450 = 0.696005006255
    Eigs at center bond b=450: 0.7487 0.2177 0.0222 0.0079 0.0016 0.0013 
    Largest link dim during sweep 63/93 was 125
    Largest truncation error: 7.79602e-11
    Energy after sweep 63/93 is -501.104108294987
    Sweep 63/93 CPU time = 26m, 33s (Wall time = 1m, 43.4s)

    vN Entropy at center bond b=450 = 0.696005036094
    Eigs at center bond b=450: 0.7487 0.2177 0.0222 0.0079 0.0016 0.0013 
    Largest link dim during sweep 64/93 was 125
    Largest truncation error: 7.79609e-11
    Energy after sweep 64/93 is -501.104108295111
    Sweep 64/93 CPU time = 26m, 50s (Wall time = 1m, 44.0s)

    vN Entropy at center bond b=450 = 0.696005042537
    Eigs at center bond b=450: 0.7487 0.2177 0.0222 0.0079 0.0016 0.0013 
    Largest link dim during sweep 65/93 was 125
    Largest truncation error: 7.7961e-11
    Energy after sweep 65/93 is -501.104108295157
    Sweep 65/93 CPU time = 26m, 56s (Wall time = 1m, 44.4s)

    vN Entropy at center bond b=450 = 0.696005044047
    Eigs at center bond b=450: 0.7487 0.2177 0.0222 0.0079 0.0016 0.0013 
    Largest link dim during sweep 66/93 was 125
    Largest truncation error: 7.79611e-11
    Energy after sweep 66/93 is -501.104108295175
    Sweep 66/93 CPU time = 26m, 58s (Wall time = 1m, 44.5s)

    vN Entropy at center bond b=450 = 0.696005044430
    Eigs at center bond b=450: 0.7487 0.2177 0.0222 0.0079 0.0016 0.0013 
    Largest link dim during sweep 67/93 was 125
    Largest truncation error: 7.79611e-11
    Energy after sweep 67/93 is -501.104108295201
    Sweep 67/93 CPU time = 27m, 15s (Wall time = 1m, 46.4s)

    vN Entropy at center bond b=450 = 0.696005044538
    Eigs at center bond b=450: 0.7487 0.2177 0.0222 0.0079 0.0016 0.0013 
    Largest link dim during sweep 68/93 was 125
    Largest truncation error: 7.7961e-11
    Energy after sweep 68/93 is -501.104108295241
    Sweep 68/93 CPU time = 26m, 39s (Wall time = 1m, 43.9s)

    vN Entropy at center bond b=450 = 0.696005044573
    Eigs at center bond b=450: 0.7487 0.2177 0.0222 0.0079 0.0016 0.0013 
    Largest link dim during sweep 69/93 was 125
    Largest truncation error: 7.79612e-11
    Energy after sweep 69/93 is -501.104108295250
    Sweep 69/93 CPU time = 26m, 33s (Wall time = 1m, 43.3s)

    vN Entropy at center bond b=450 = 0.696005044629
    Eigs at center bond b=450: 0.7487 0.2177 0.0222 0.0079 0.0016 0.0013 
    Largest link dim during sweep 70/93 was 125
    Largest truncation error: 7.79612e-11
    Energy after sweep 70/93 is -501.104108295250
    Sweep 70/93 CPU time = 27m, 0s (Wall time = 1m, 45.2s)

    vN Entropy at center bond b=450 = 0.696005045661
    Eigs at center bond b=450: 0.7487 0.2177 0.0222 0.0079 0.0016 0.0013 
    Largest link dim during sweep 71/93 was 125
    Largest truncation error: 7.79612e-11
    Energy after sweep 71/93 is -501.104108295272
    Sweep 71/93 CPU time = 26m, 38s (Wall time = 1m, 43.7s)

    vN Entropy at center bond b=450 = 0.696005051657
    Eigs at center bond b=450: 0.7487 0.2177 0.0222 0.0079 0.0016 0.0013 
    Largest link dim during sweep 72/93 was 125
    Largest truncation error: 7.79611e-11
    Energy after sweep 72/93 is -501.104108295374
    Sweep 72/93 CPU time = 27m, 33s (Wall time = 1m, 47.9s)

    vN Entropy at center bond b=450 = 0.696005062773
    Eigs at center bond b=450: 0.7487 0.2177 0.0222 0.0079 0.0016 0.0013 
    Largest link dim during sweep 73/93 was 125
    Largest truncation error: 7.79612e-11
    Energy after sweep 73/93 is -501.104108295469
    Sweep 73/93 CPU time = 26m, 37s (Wall time = 1m, 43.7s)

    vN Entropy at center bond b=450 = 0.696005072292
    Eigs at center bond b=450: 0.7487 0.2177 0.0222 0.0079 0.0016 0.0013 
    Largest link dim during sweep 74/93 was 125
    Largest truncation error: 7.79612e-11
    Energy after sweep 74/93 is -501.104108295529
    Sweep 74/93 CPU time = 26m, 28s (Wall time = 1m, 42.8s)

    vN Entropy at center bond b=450 = 0.696017586161
    Eigs at center bond b=450: 0.7487 0.2177 0.0222 0.0079 0.0016 0.0013 
    Largest link dim during sweep 75/93 was 228
    Largest truncation error: 7.63965e-13
    Energy after sweep 75/93 is -501.104108882580
    Sweep 75/93 CPU time = 46m, 1s (Wall time = 3m, 8.6s)

    vN Entropy at center bond b=450 = 0.696018923126
    Eigs at center bond b=450: 0.7487 0.2177 0.0222 0.0079 0.0016 0.0013 
    Largest link dim during sweep 76/93 was 234
    Largest truncation error: 7.66303e-13
    Energy after sweep 76/93 is -501.104108885068
    Sweep 76/93 CPU time = 1h, 6m, 36s (Wall time = 4m, 24.4s)

    vN Entropy at center bond b=450 = 0.696019154645
    Eigs at center bond b=450: 0.7487 0.2177 0.0222 0.0079 0.0016 0.0013 
    Largest link dim during sweep 77/93 was 234
    Largest truncation error: 7.65348e-13
    Energy after sweep 77/93 is -501.104108885093
    Sweep 77/93 CPU time = 1h, 10m, 47s (Wall time = 4m, 41.0s)

    vN Entropy at center bond b=450 = 0.696019208942
    Eigs at center bond b=450: 0.7487 0.2177 0.0222 0.0079 0.0016 0.0013 
    Largest link dim during sweep 78/93 was 234
    Largest truncation error: 7.65383e-13
    Energy after sweep 78/93 is -501.104108885107
    Sweep 78/93 CPU time = 1h, 11m, 10s (Wall time = 4m, 42.4s)

    vN Entropy at center bond b=450 = 0.696019224441
    Eigs at center bond b=450: 0.7487 0.2177 0.0222 0.0079 0.0016 0.0013 
    Largest link dim during sweep 79/93 was 234
    Largest truncation error: 7.65421e-13
    Energy after sweep 79/93 is -501.104108885104
    Sweep 79/93 CPU time = 1h, 5m, 58s (Wall time = 4m, 22.3s)

    vN Entropy at center bond b=450 = 0.696019229627
    Eigs at center bond b=450: 0.7487 0.2177 0.0222 0.0079 0.0016 0.0013 
    Largest link dim during sweep 80/93 was 234
    Largest truncation error: 7.65523e-13
    Energy after sweep 80/93 is -501.104108885099
    Sweep 80/93 CPU time = 1h, 5m, 59s (Wall time = 4m, 21.2s)

    vN Entropy at center bond b=450 = 0.696019231572
    Eigs at center bond b=450: 0.7487 0.2177 0.0222 0.0079 0.0016 0.0013 
    Largest link dim during sweep 81/93 was 234
    Largest truncation error: 7.65458e-13
    Energy after sweep 81/93 is -501.104108885102
    Sweep 81/93 CPU time = 1h, 5m, 25s (Wall time = 4m, 19.6s)

    vN Entropy at center bond b=450 = 0.696019232354
    Eigs at center bond b=450: 0.7487 0.2177 0.0222 0.0079 0.0016 0.0013 
    Largest link dim during sweep 82/93 was 234
    Largest truncation error: 7.65709e-13
    Energy after sweep 82/93 is -501.104108885104
    Sweep 82/93 CPU time = 1h, 5m, 40s (Wall time = 4m, 19.4s)

    vN Entropy at center bond b=450 = 0.696020369867
    Eigs at center bond b=450: 0.7487 0.2177 0.0222 0.0079 0.0016 0.0013 
    Largest link dim during sweep 83/93 was 218
    Largest truncation error: 7.61292e-13
    Energy after sweep 83/93 is -501.104108883654
    Sweep 83/93 CPU time = 56m, 41s (Wall time = 3m, 40.8s)

    vN Entropy at center bond b=450 = 0.696020404846
    Eigs at center bond b=450: 0.7487 0.2177 0.0222 0.0079 0.0016 0.0013 
    Largest link dim during sweep 84/93 was 384
    Largest truncation error: 7.59506e-15
    Energy after sweep 84/93 is -501.104108891832
    Sweep 84/93 CPU time = 2h, 11m, 42s (Wall time = 8m, 50.6s)

    vN Entropy at center bond b=450 = 0.696020425964
    Eigs at center bond b=450: 0.7487 0.2177 0.0222 0.0079 0.0016 0.0013 
    Largest link dim during sweep 85/93 was 392
    Largest truncation error: 7.60056e-15
    Energy after sweep 85/93 is -501.104108892022
    Sweep 85/93 CPU time = 3h, 7m, 59s (Wall time = 12m, 16s)

    vN Entropy at center bond b=450 = 0.696020429539
    Eigs at center bond b=450: 0.7487 0.2177 0.0222 0.0079 0.0016 0.0013 
    Largest link dim during sweep 86/93 was 392
    Largest truncation error: 7.57742e-15
    Energy after sweep 86/93 is -501.104108891938
    Sweep 86/93 CPU time = 2h, 53m, 19s (Wall time = 11m, 10s)

    vN Entropy at center bond b=450 = 0.696020430409
    Eigs at center bond b=450: 0.7487 0.2177 0.0222 0.0079 0.0016 0.0013 
    Largest link dim during sweep 87/93 was 392
    Largest truncation error: 7.57872e-15
    Energy after sweep 87/93 is -501.104108892020
    Sweep 87/93 CPU time = 2h, 48m, 6s (Wall time = 10m, 49s)

    vN Entropy at center bond b=450 = 0.696020430681
    Eigs at center bond b=450: 0.7487 0.2177 0.0222 0.0079 0.0016 0.0013 
    Largest link dim during sweep 88/93 was 392
    Largest truncation error: 7.57893e-15
    Energy after sweep 88/93 is -501.104108892018
    Sweep 88/93 CPU time = 3h, 6m, 20s (Wall time = 12m, 1s)

    vN Entropy at center bond b=450 = 0.696020401737
    Eigs at center bond b=450: 0.7487 0.2177 0.0222 0.0079 0.0016 0.0013 
    Largest link dim during sweep 89/93 was 227
    Largest truncation error: 7.5598e-13
    Energy after sweep 89/93 is -501.104108884338
    Sweep 89/93 CPU time = 1h, 3m, 42s (Wall time = 4m, 6.9s)

    vN Entropy at center bond b=450 = 0.696020412920
    Eigs at center bond b=450: 0.7487 0.2177 0.0222 0.0079 0.0016 0.0013 
    Largest link dim during sweep 90/93 was 384
    Largest truncation error: 7.57933e-15
    Energy after sweep 90/93 is -501.104108891817
    Sweep 90/93 CPU time = 2h, 10m, 49s (Wall time = 8m, 28.4s)

    vN Entropy at center bond b=450 = 0.696020427512
    Eigs at center bond b=450: 0.7487 0.2177 0.0222 0.0079 0.0016 0.0013 
    Largest link dim during sweep 91/93 was 391
    Largest truncation error: 7.5959e-15
    Energy after sweep 91/93 is -501.104108892016
    Sweep 91/93 CPU time = 3h, 18m, 40s (Wall time = 12m, 57s)

    vN Entropy at center bond b=450 = 0.696020429934
    Eigs at center bond b=450: 0.7487 0.2177 0.0222 0.0079 0.0016 0.0013 
    Largest link dim during sweep 92/93 was 392
    Largest truncation error: 7.57755e-15
    Energy after sweep 92/93 is -501.104108891952
    Sweep 92/93 CPU time = 3h, 6m, 47s (Wall time = 12m, 1s)

    vN Entropy at center bond b=450 = 0.696020430530
    Eigs at center bond b=450: 0.7487 0.2177 0.0222 0.0079 0.0016 0.0013 
    Largest link dim during sweep 93/93 was 392
    Largest truncation error: 7.57876e-15
    Energy after sweep 93/93 is -501.104108892017
    Sweep 93/93 CPU time = 2h, 59m, 31s (Wall time = 11m, 33s)
Initial energy = 672.75000

Ground State Energy = -501.1041088920
run_outputs/outputpsi/N_900_sweep_93_t_0.030000_J_1.000000_V_0.600000_D_0.018000_U_0.750000_mu_0.000000_E_0.000000 converge
Wall-clock time (s) = 272318.071884
