//////////////////////////
Reading input file ......

Got input.N = 306
Got input.t = 0.03
Got input.J = 1
Got input.V = 0.6
Got input.D = 0.018
Got input.U = 0.3
Got input.mu = 0
Got input.E = 0
Got input.nsweeps = 87
Sweeps:
1  MaxDim=20, MinDim=20, Cutoff=1.0E-06, Niter=8, Noise=1.0E-05
2  MaxDim=20, MinDim=20, Cutoff=1.0E-06, Niter=8, Noise=1.0E-05
3  MaxDim=20, MinDim=20, Cutoff=1.0E-06, Niter=8, Noise=1.0E-05
4  MaxDim=20, MinDim=20, Cutoff=1.0E-06, Niter=8, Noise=1.0E-05
5  MaxDim=20, MinDim=20, Cutoff=1.0E-06, Niter=8, Noise=1.0E-05
6  MaxDim=20, MinDim=20, Cutoff=1.0E-06, Niter=8, Noise=1.0E-05
7  MaxDim=20, MinDim=20, Cutoff=1.0E-06, Niter=8, Noise=1.0E-05
8  MaxDim=40, MinDim=20, Cutoff=1.0E-06, Niter=4, Noise=1.0E-05
9  MaxDim=40, MinDim=20, Cutoff=1.0E-06, Niter=4, Noise=1.0E-05
10  MaxDim=40, MinDim=20, Cutoff=1.0E-06, Niter=4, Noise=1.0E-05
11  MaxDim=40, MinDim=20, Cutoff=1.0E-06, Niter=4, Noise=1.0E-05
12  MaxDim=40, MinDim=20, Cutoff=1.0E-06, Niter=4, Noise=1.0E-05
13  MaxDim=40, MinDim=20, Cutoff=1.0E-06, Niter=4, Noise=1.0E-05
14  MaxDim=40, MinDim=20, Cutoff=1.0E-06, Niter=4, Noise=1.0E-05
15  MaxDim=80, MinDim=10, Cutoff=1.0E-06, Niter=4, Noise=1.0E-05
16  MaxDim=80, MinDim=10, Cutoff=1.0E-06, Niter=4, Noise=1.0E-05
17  MaxDim=80, MinDim=10, Cutoff=1.0E-06, Niter=4, Noise=1.0E-05
18  MaxDim=80, MinDim=10, Cutoff=1.0E-06, Niter=4, Noise=1.0E-05
19  MaxDim=80, MinDim=10, Cutoff=1.0E-06, Niter=4, Noise=1.0E-05
20  MaxDim=80, MinDim=10, Cutoff=1.0E-06, Niter=4, Noise=1.0E-05
21  MaxDim=80, MinDim=10, Cutoff=1.0E-06, Niter=4, Noise=1.0E-05
22  MaxDim=80, MinDim=10, Cutoff=1.0E-06, Niter=4, Noise=1.0E-05
23  MaxDim=80, MinDim=10, Cutoff=1.0E-06, Niter=4, Noise=1.0E-05
24  MaxDim=80, MinDim=10, Cutoff=1.0E-06, Niter=4, Noise=1.0E-05
25  MaxDim=80, MinDim=10, Cutoff=1.0E-06, Niter=4, Noise=1.0E-05
26  MaxDim=80, MinDim=10, Cutoff=1.0E-06, Niter=4, Noise=1.0E-05
27  MaxDim=80, MinDim=10, Cutoff=1.0E-06, Niter=4, Noise=1.0E-05
28  MaxDim=80, MinDim=10, Cutoff=1.0E-06, Niter=4, Noise=1.0E-05
29  MaxDim=80, MinDim=10, Cutoff=1.0E-06, Niter=4, Noise=1.0E-05
30  MaxDim=80, MinDim=10, Cutoff=1.0E-06, Niter=4, Noise=1.0E-05
31  MaxDim=80, MinDim=10, Cutoff=1.0E-06, Niter=4, Noise=1.0E-05
32  MaxDim=80, MinDim=10, Cutoff=1.0E-06, Niter=4, Noise=1.0E-05
33  MaxDim=80, MinDim=10, Cutoff=1.0E-06, Niter=4, Noise=1.0E-05
34  MaxDim=80, MinDim=10, Cutoff=1.0E-06, Niter=4, Noise=1.0E-05
35  MaxDim=80, MinDim=10, Cutoff=1.0E-06, Niter=4, Noise=1.0E-05
36  MaxDim=80, MinDim=10, Cutoff=1.0E-06, Niter=4, Noise=1.0E-05
37  MaxDim=160, MinDim=10, Cutoff=1.0E-08, Niter=4, Noise=1.0E-06
38  MaxDim=160, MinDim=10, Cutoff=1.0E-08, Niter=4, Noise=1.0E-06
39  MaxDim=160, MinDim=10, Cutoff=1.0E-08, Niter=4, Noise=1.0E-06
40  MaxDim=160, MinDim=10, Cutoff=1.0E-08, Niter=4, Noise=1.0E-06
41  MaxDim=160, MinDim=10, Cutoff=1.0E-08, Niter=4, Noise=1.0E-06
42  MaxDim=160, MinDim=10, Cutoff=1.0E-08, Niter=4, Noise=1.0E-06
43  MaxDim=160, MinDim=10, Cutoff=1.0E-08, Niter=4, Noise=1.0E-06
44  MaxDim=160, MinDim=10, Cutoff=1.0E-08, Niter=4, Noise=1.0E-06
45  MaxDim=160, MinDim=10, Cutoff=1.0E-08, Niter=4, Noise=1.0E-06
46  MaxDim=160, MinDim=10, Cutoff=1.0E-08, Niter=4, Noise=1.0E-06
47  MaxDim=160, MinDim=10, Cutoff=1.0E-08, Niter=4, Noise=1.0E-06
48  MaxDim=160, MinDim=10, Cutoff=1.0E-08, Niter=4, Noise=1.0E-06
49  MaxDim=160, MinDim=10, Cutoff=1.0E-08, Niter=4, Noise=1.0E-06
50  MaxDim=160, MinDim=10, Cutoff=1.0E-08, Niter=4, Noise=1.0E-06
51  MaxDim=160, MinDim=10, Cutoff=1.0E-08, Niter=4, Noise=1.0E-06
52  MaxDim=160, MinDim=10, Cutoff=1.0E-08, Niter=4, Noise=1.0E-06
53  MaxDim=160, MinDim=10, Cutoff=1.0E-08, Niter=4, Noise=1.0E-06
54  MaxDim=160, MinDim=10, Cutoff=1.0E-08, Niter=4, Noise=1.0E-06
55  MaxDim=160, MinDim=10, Cutoff=1.0E-08, Niter=4, Noise=1.0E-06
56  MaxDim=160, MinDim=10, Cutoff=1.0E-08, Niter=4, Noise=1.0E-06
57  MaxDim=160, MinDim=10, Cutoff=1.0E-08, Niter=4, Noise=1.0E-06
58  MaxDim=160, MinDim=10, Cutoff=1.0E-08, Niter=4, Noise=1.0E-06
59  MaxDim=320, MinDim=10, Cutoff=1.0E-10, Niter=4, Noise=1.0E-07
60  MaxDim=320, MinDim=10, Cutoff=1.0E-10, Niter=4, Noise=1.0E-07
61  MaxDim=320, MinDim=10, Cutoff=1.0E-10, Niter=4, Noise=1.0E-07
62  MaxDim=320, MinDim=10, Cutoff=1.0E-10, Niter=4, Noise=1.0E-07
63  MaxDim=320, MinDim=10, Cutoff=1.0E-10, Niter=4, Noise=1.0E-07
64  MaxDim=320, MinDim=10, Cutoff=1.0E-10, Niter=4, Noise=1.0E-07
65  MaxDim=320, MinDim=10, Cutoff=1.0E-10, Niter=4, Noise=1.0E-07
66  MaxDim=320, MinDim=10, Cutoff=1.0E-10, Niter=4, Noise=1.0E-07
67  MaxDim=320, MinDim=10, Cutoff=1.0E-10, Niter=4, Noise=1.0E-07
68  MaxDim=320, MinDim=10, Cutoff=1.0E-10, Niter=4, Noise=1.0E-07
69  MaxDim=320, MinDim=10, Cutoff=1.0E-10, Niter=4, Noise=1.0E-07
70  MaxDim=320, MinDim=10, Cutoff=1.0E-10, Niter=4, Noise=1.0E-07
71  MaxDim=320, MinDim=10, Cutoff=1.0E-10, Niter=4, Noise=1.0E-07
72  MaxDim=320, MinDim=10, Cutoff=1.0E-10, Niter=4, Noise=1.0E-07
73  MaxDim=320, MinDim=10, Cutoff=1.0E-10, Niter=4, Noise=1.0E-07
74  MaxDim=320, MinDim=10, Cutoff=1.0E-10, Niter=4, Noise=1.0E-07
75  MaxDim=640, MinDim=10, Cutoff=1.0E-12, Niter=2, Noise=1.0E-08
76  MaxDim=640, MinDim=10, Cutoff=1.0E-12, Niter=2, Noise=1.0E-08
77  MaxDim=640, MinDim=10, Cutoff=1.0E-12, Niter=2, Noise=1.0E-08
78  MaxDim=640, MinDim=10, Cutoff=1.0E-12, Niter=2, Noise=1.0E-08
79  MaxDim=640, MinDim=10, Cutoff=1.0E-12, Niter=2, Noise=1.0E-08
80  MaxDim=640, MinDim=10, Cutoff=1.0E-12, Niter=2, Noise=1.0E-08
81  MaxDim=640, MinDim=10, Cutoff=1.0E-12, Niter=2, Noise=1.0E-08
82  MaxDim=640, MinDim=10, Cutoff=1.0E-12, Niter=2, Noise=1.0E-08
83  MaxDim=1280, MinDim=10, Cutoff=1.0E-12, Niter=2, Noise=0.0E+00
84  MaxDim=1280, MinDim=10, Cutoff=1.0E-14, Niter=2, Noise=0.0E+00
85  MaxDim=1280, MinDim=10, Cutoff=1.0E-14, Niter=2, Noise=0.0E+00
86  MaxDim=1280, MinDim=10, Cutoff=1.0E-14, Niter=2, Noise=0.0E+00
87  MaxDim=1280, MinDim=10, Cutoff=1.0E-14, Niter=2, Noise=0.0E+00


    vN Entropy at center bond b=153 = 0.655039696026
    Eigs at center bond b=153: 0.7572 0.2181 0.0180 0.0049 
    Largest link dim during sweep 1/87 was 20
    Largest truncation error: 4.15504e-05
    Energy after sweep 1/87 is -185.798303774625
    Sweep 1/87 CPU time = 9.050s (Wall time = 1.176s)

    vN Entropy at center bond b=153 = 0.676199918936
    Eigs at center bond b=153: 0.7518 0.2187 0.0213 0.0059 0.0011 
    Largest link dim during sweep 2/87 was 20
    Largest truncation error: 1.47852e-06
    Energy after sweep 2/87 is -185.810369621128
    Sweep 2/87 CPU time = 12.74s (Wall time = 1.634s)

    vN Entropy at center bond b=153 = 0.676259958342
    Eigs at center bond b=153: 0.7518 0.2187 0.0213 0.0059 0.0011 
    Largest link dim during sweep 3/87 was 20
    Largest truncation error: 1.49777e-06
    Energy after sweep 3/87 is -185.810375081144
    Sweep 3/87 CPU time = 12.75s (Wall time = 1.631s)

    vN Entropy at center bond b=153 = 0.676260880141
    Eigs at center bond b=153: 0.7518 0.2187 0.0213 0.0059 0.0011 
    Largest link dim during sweep 4/87 was 20
    Largest truncation error: 1.49715e-06
    Energy after sweep 4/87 is -185.810375155219
    Sweep 4/87 CPU time = 12.78s (Wall time = 1.640s)

    vN Entropy at center bond b=153 = 0.676260913853
    Eigs at center bond b=153: 0.7518 0.2187 0.0213 0.0059 0.0011 
    Largest link dim during sweep 5/87 was 20
    Largest truncation error: 1.49714e-06
    Energy after sweep 5/87 is -185.810375159236
    Sweep 5/87 CPU time = 12.66s (Wall time = 1.627s)

    vN Entropy at center bond b=153 = 0.676260915692
    Eigs at center bond b=153: 0.7518 0.2187 0.0213 0.0059 0.0011 
    Largest link dim during sweep 6/87 was 20
    Largest truncation error: 1.49713e-06
    Energy after sweep 6/87 is -185.810375159369
    Sweep 6/87 CPU time = 12.81s (Wall time = 1.641s)

    vN Entropy at center bond b=153 = 0.676260915803
    Eigs at center bond b=153: 0.7518 0.2187 0.0213 0.0059 0.0011 
    Largest link dim during sweep 7/87 was 20
    Largest truncation error: 1.49713e-06
    Energy after sweep 7/87 is -185.810375159336
    Sweep 7/87 CPU time = 12.74s (Wall time = 1.636s)

    vN Entropy at center bond b=153 = 0.676383419072
    Eigs at center bond b=153: 0.7518 0.2187 0.0213 0.0059 0.0011 
    Largest link dim during sweep 8/87 was 24
    Largest truncation error: 7.52229e-07
    Energy after sweep 8/87 is -185.810974723117
    Sweep 8/87 CPU time = 7.367s (Wall time = 0.942s)

    vN Entropy at center bond b=153 = 0.676396194940
    Eigs at center bond b=153: 0.7518 0.2187 0.0213 0.0059 0.0011 
    Largest link dim during sweep 9/87 was 24
    Largest truncation error: 7.53373e-07
    Energy after sweep 9/87 is -185.810974804278
    Sweep 9/87 CPU time = 7.477s (Wall time = 0.958s)

    vN Entropy at center bond b=153 = 0.676396811716
    Eigs at center bond b=153: 0.7518 0.2187 0.0213 0.0059 0.0011 
    Largest link dim during sweep 10/87 was 24
    Largest truncation error: 7.53436e-07
    Energy after sweep 10/87 is -185.810974670515
    Sweep 10/87 CPU time = 7.513s (Wall time = 0.959s)

    vN Entropy at center bond b=153 = 0.676396866035
    Eigs at center bond b=153: 0.7518 0.2187 0.0213 0.0059 0.0011 
    Largest link dim during sweep 11/87 was 24
    Largest truncation error: 7.53444e-07
    Energy after sweep 11/87 is -185.810974672065
    Sweep 11/87 CPU time = 7.548s (Wall time = 0.971s)

    vN Entropy at center bond b=153 = 0.676396872086
    Eigs at center bond b=153: 0.7518 0.2187 0.0213 0.0059 0.0011 
    Largest link dim during sweep 12/87 was 24
    Largest truncation error: 7.53445e-07
    Energy after sweep 12/87 is -185.810974676985
    Sweep 12/87 CPU time = 7.504s (Wall time = 0.959s)

    vN Entropy at center bond b=153 = 0.676396872833
    Eigs at center bond b=153: 0.7518 0.2187 0.0213 0.0059 0.0011 
    Largest link dim during sweep 13/87 was 24
    Largest truncation error: 7.53445e-07
    Energy after sweep 13/87 is -185.810974679528
    Sweep 13/87 CPU time = 7.504s (Wall time = 0.960s)

    vN Entropy at center bond b=153 = 0.676396872929
    Eigs at center bond b=153: 0.7518 0.2187 0.0213 0.0059 0.0011 
    Largest link dim during sweep 14/87 was 24
    Largest truncation error: 7.53444e-07
    Energy after sweep 14/87 is -185.810974680730
    Sweep 14/87 CPU time = 7.494s (Wall time = 0.959s)

    vN Entropy at center bond b=153 = 0.676306781594
    Eigs at center bond b=153: 0.7518 0.2187 0.0213 0.0059 0.0011 
    Largest link dim during sweep 15/87 was 24
    Largest truncation error: 7.50898e-07
    Energy after sweep 15/87 is -185.810927412139
    Sweep 15/87 CPU time = 7.398s (Wall time = 0.948s)

    vN Entropy at center bond b=153 = 0.676302613858
    Eigs at center bond b=153: 0.7518 0.2187 0.0213 0.0059 0.0011 
    Largest link dim during sweep 16/87 was 24
    Largest truncation error: 7.51291e-07
    Energy after sweep 16/87 is -185.810926651525
    Sweep 16/87 CPU time = 7.332s (Wall time = 0.935s)

    vN Entropy at center bond b=153 = 0.676302288793
    Eigs at center bond b=153: 0.7518 0.2187 0.0213 0.0059 0.0011 
    Largest link dim during sweep 17/87 was 24
    Largest truncation error: 7.51284e-07
    Energy after sweep 17/87 is -185.810926521642
    Sweep 17/87 CPU time = 7.405s (Wall time = 0.947s)

    vN Entropy at center bond b=153 = 0.676302228212
    Eigs at center bond b=153: 0.7518 0.2187 0.0213 0.0059 0.0011 
    Largest link dim during sweep 18/87 was 24
    Largest truncation error: 7.51278e-07
    Energy after sweep 18/87 is -185.810926495553
    Sweep 18/87 CPU time = 7.325s (Wall time = 0.937s)

    vN Entropy at center bond b=153 = 0.676302215888
    Eigs at center bond b=153: 0.7518 0.2187 0.0213 0.0059 0.0011 
    Largest link dim during sweep 19/87 was 24
    Largest truncation error: 7.51276e-07
    Energy after sweep 19/87 is -185.810926490182
    Sweep 19/87 CPU time = 7.329s (Wall time = 0.937s)

    vN Entropy at center bond b=153 = 0.676302213387
    Eigs at center bond b=153: 0.7518 0.2187 0.0213 0.0059 0.0011 
    Largest link dim during sweep 20/87 was 24
    Largest truncation error: 7.51276e-07
    Energy after sweep 20/87 is -185.810926489053
    Sweep 20/87 CPU time = 7.337s (Wall time = 0.938s)

    vN Entropy at center bond b=153 = 0.676302212882
    Eigs at center bond b=153: 0.7518 0.2187 0.0213 0.0059 0.0011 
    Largest link dim during sweep 21/87 was 24
    Largest truncation error: 7.51276e-07
    Energy after sweep 21/87 is -185.810926488810
    Sweep 21/87 CPU time = 7.270s (Wall time = 0.932s)

    vN Entropy at center bond b=153 = 0.676302212780
    Eigs at center bond b=153: 0.7518 0.2187 0.0213 0.0059 0.0011 
    Largest link dim during sweep 22/87 was 24
    Largest truncation error: 7.51276e-07
    Energy after sweep 22/87 is -185.810926488755
    Sweep 22/87 CPU time = 7.675s (Wall time = 0.993s)

    vN Entropy at center bond b=153 = 0.676302212760
    Eigs at center bond b=153: 0.7518 0.2187 0.0213 0.0059 0.0011 
    Largest link dim during sweep 23/87 was 24
    Largest truncation error: 7.51276e-07
    Energy after sweep 23/87 is -185.810926488748
    Sweep 23/87 CPU time = 7.346s (Wall time = 0.937s)

    vN Entropy at center bond b=153 = 0.676302212756
    Eigs at center bond b=153: 0.7518 0.2187 0.0213 0.0059 0.0011 
    Largest link dim during sweep 24/87 was 24
    Largest truncation error: 7.51276e-07
    Energy after sweep 24/87 is -185.810926488740
    Sweep 24/87 CPU time = 7.357s (Wall time = 0.941s)

    vN Entropy at center bond b=153 = 0.676302212755
    Eigs at center bond b=153: 0.7518 0.2187 0.0213 0.0059 0.0011 
    Largest link dim during sweep 25/87 was 24
    Largest truncation error: 7.51276e-07
    Energy after sweep 25/87 is -185.810926488739
    Sweep 25/87 CPU time = 7.367s (Wall time = 0.949s)

    vN Entropy at center bond b=153 = 0.676302212755
    Eigs at center bond b=153: 0.7518 0.2187 0.0213 0.0059 0.0011 
    Largest link dim during sweep 26/87 was 24
    Largest truncation error: 7.51276e-07
    Energy after sweep 26/87 is -185.810926488741
    Sweep 26/87 CPU time = 7.474s (Wall time = 0.960s)

    vN Entropy at center bond b=153 = 0.676302212755
    Eigs at center bond b=153: 0.7518 0.2187 0.0213 0.0059 0.0011 
    Largest link dim during sweep 27/87 was 24
    Largest truncation error: 7.51276e-07
    Energy after sweep 27/87 is -185.810926488742
    Sweep 27/87 CPU time = 7.383s (Wall time = 0.948s)

    vN Entropy at center bond b=153 = 0.676302212755
    Eigs at center bond b=153: 0.7518 0.2187 0.0213 0.0059 0.0011 
    Largest link dim during sweep 28/87 was 24
    Largest truncation error: 7.51276e-07
    Energy after sweep 28/87 is -185.810926488739
    Sweep 28/87 CPU time = 7.324s (Wall time = 0.937s)

    vN Entropy at center bond b=153 = 0.676302212755
    Eigs at center bond b=153: 0.7518 0.2187 0.0213 0.0059 0.0011 
    Largest link dim during sweep 29/87 was 24
    Largest truncation error: 7.51276e-07
    Energy after sweep 29/87 is -185.810926488742
    Sweep 29/87 CPU time = 7.307s (Wall time = 0.938s)

    vN Entropy at center bond b=153 = 0.676302212755
    Eigs at center bond b=153: 0.7518 0.2187 0.0213 0.0059 0.0011 
    Largest link dim during sweep 30/87 was 24
    Largest truncation error: 7.51276e-07
    Energy after sweep 30/87 is -185.810926488741
    Sweep 30/87 CPU time = 7.364s (Wall time = 0.945s)

    vN Entropy at center bond b=153 = 0.676302212755
    Eigs at center bond b=153: 0.7518 0.2187 0.0213 0.0059 0.0011 
    Largest link dim during sweep 31/87 was 24
    Largest truncation error: 7.51276e-07
    Energy after sweep 31/87 is -185.810926488741
    Sweep 31/87 CPU time = 7.340s (Wall time = 0.941s)

    vN Entropy at center bond b=153 = 0.676302212755
    Eigs at center bond b=153: 0.7518 0.2187 0.0213 0.0059 0.0011 
    Largest link dim during sweep 32/87 was 24
    Largest truncation error: 7.51276e-07
    Energy after sweep 32/87 is -185.810926488740
    Sweep 32/87 CPU time = 7.326s (Wall time = 0.938s)

    vN Entropy at center bond b=153 = 0.676302212755
    Eigs at center bond b=153: 0.7518 0.2187 0.0213 0.0059 0.0011 
    Largest link dim during sweep 33/87 was 24
    Largest truncation error: 7.51276e-07
    Energy after sweep 33/87 is -185.810926488742
    Sweep 33/87 CPU time = 7.347s (Wall time = 0.946s)

    vN Entropy at center bond b=153 = 0.676302212755
    Eigs at center bond b=153: 0.7518 0.2187 0.0213 0.0059 0.0011 
    Largest link dim during sweep 34/87 was 24
    Largest truncation error: 7.51276e-07
    Energy after sweep 34/87 is -185.810926488741
    Sweep 34/87 CPU time = 7.314s (Wall time = 0.937s)

    vN Entropy at center bond b=153 = 0.676302212755
    Eigs at center bond b=153: 0.7518 0.2187 0.0213 0.0059 0.0011 
    Largest link dim during sweep 35/87 was 24
    Largest truncation error: 7.51276e-07
    Energy after sweep 35/87 is -185.810926488736
    Sweep 35/87 CPU time = 7.301s (Wall time = 0.936s)

    vN Entropy at center bond b=153 = 0.676302212755
    Eigs at center bond b=153: 0.7518 0.2187 0.0213 0.0059 0.0011 
    Largest link dim during sweep 36/87 was 24
    Largest truncation error: 7.51276e-07
    Energy after sweep 36/87 is -185.810926488738
    Sweep 36/87 CPU time = 7.336s (Wall time = 0.937s)

    vN Entropy at center bond b=153 = 0.677179656741
    Eigs at center bond b=153: 0.7515 0.2189 0.0213 0.0059 0.0011 
    Largest link dim during sweep 37/87 was 46
    Largest truncation error: 7.6543e-09
    Energy after sweep 37/87 is -185.812067198518
    Sweep 37/87 CPU time = 16.19s (Wall time = 2.079s)

    vN Entropy at center bond b=153 = 0.677229822477
    Eigs at center bond b=153: 0.7515 0.2189 0.0213 0.0059 0.0011 
    Largest link dim during sweep 38/87 was 48
    Largest truncation error: 7.49794e-09
    Energy after sweep 38/87 is -185.812070504561
    Sweep 38/87 CPU time = 21.71s (Wall time = 2.786s)

    vN Entropy at center bond b=153 = 0.677232643387
    Eigs at center bond b=153: 0.7515 0.2189 0.0213 0.0059 0.0011 
    Largest link dim during sweep 39/87 was 48
    Largest truncation error: 7.48499e-09
    Energy after sweep 39/87 is -185.812070539236
    Sweep 39/87 CPU time = 22.49s (Wall time = 2.893s)

    vN Entropy at center bond b=153 = 0.677232574518
    Eigs at center bond b=153: 0.7515 0.2189 0.0213 0.0059 0.0011 
    Largest link dim during sweep 40/87 was 48
    Largest truncation error: 7.49675e-09
    Energy after sweep 40/87 is -185.812070521951
    Sweep 40/87 CPU time = 22.39s (Wall time = 2.870s)

    vN Entropy at center bond b=153 = 0.677232578447
    Eigs at center bond b=153: 0.7515 0.2189 0.0213 0.0059 0.0011 
    Largest link dim during sweep 41/87 was 48
    Largest truncation error: 7.49666e-09
    Energy after sweep 41/87 is -185.812070516456
    Sweep 41/87 CPU time = 22.46s (Wall time = 2.880s)

    vN Entropy at center bond b=153 = 0.677232578589
    Eigs at center bond b=153: 0.7515 0.2189 0.0213 0.0059 0.0011 
    Largest link dim during sweep 42/87 was 48
    Largest truncation error: 7.49659e-09
    Energy after sweep 42/87 is -185.812070515128
    Sweep 42/87 CPU time = 22.41s (Wall time = 2.868s)

    vN Entropy at center bond b=153 = 0.677232578588
    Eigs at center bond b=153: 0.7515 0.2189 0.0213 0.0059 0.0011 
    Largest link dim during sweep 43/87 was 48
    Largest truncation error: 7.49658e-09
    Energy after sweep 43/87 is -185.812070514778
    Sweep 43/87 CPU time = 22.59s (Wall time = 2.895s)

    vN Entropy at center bond b=153 = 0.677232578594
    Eigs at center bond b=153: 0.7515 0.2189 0.0213 0.0059 0.0011 
    Largest link dim during sweep 44/87 was 48
    Largest truncation error: 7.49658e-09
    Energy after sweep 44/87 is -185.812070514657
    Sweep 44/87 CPU time = 22.41s (Wall time = 2.876s)

    vN Entropy at center bond b=153 = 0.677232578599
    Eigs at center bond b=153: 0.7515 0.2189 0.0213 0.0059 0.0011 
    Largest link dim during sweep 45/87 was 48
    Largest truncation error: 7.49658e-09
    Energy after sweep 45/87 is -185.812070514616
    Sweep 45/87 CPU time = 22.44s (Wall time = 2.869s)

    vN Entropy at center bond b=153 = 0.677232578603
    Eigs at center bond b=153: 0.7515 0.2189 0.0213 0.0059 0.0011 
    Largest link dim during sweep 46/87 was 48
    Largest truncation error: 7.49658e-09
    Energy after sweep 46/87 is -185.812070514596
    Sweep 46/87 CPU time = 22.40s (Wall time = 2.874s)

    vN Entropy at center bond b=153 = 0.677232578604
    Eigs at center bond b=153: 0.7515 0.2189 0.0213 0.0059 0.0011 
    Largest link dim during sweep 47/87 was 48
    Largest truncation error: 7.49658e-09
    Energy after sweep 47/87 is -185.812070514588
    Sweep 47/87 CPU time = 22.30s (Wall time = 2.860s)

    vN Entropy at center bond b=153 = 0.677232578605
    Eigs at center bond b=153: 0.7515 0.2189 0.0213 0.0059 0.0011 
    Largest link dim during sweep 48/87 was 48
    Largest truncation error: 7.49658e-09
    Energy after sweep 48/87 is -185.812070514586
    Sweep 48/87 CPU time = 22.26s (Wall time = 2.849s)

    vN Entropy at center bond b=153 = 0.677232578605
    Eigs at center bond b=153: 0.7515 0.2189 0.0213 0.0059 0.0011 
    Largest link dim during sweep 49/87 was 48
    Largest truncation error: 7.49658e-09
    Energy after sweep 49/87 is -185.812070514586
    Sweep 49/87 CPU time = 22.40s (Wall time = 2.863s)

    vN Entropy at center bond b=153 = 0.677232578605
    Eigs at center bond b=153: 0.7515 0.2189 0.0213 0.0059 0.0011 
    Largest link dim during sweep 50/87 was 48
    Largest truncation error: 7.49658e-09
    Energy after sweep 50/87 is -185.812070514584
    Sweep 50/87 CPU time = 22.24s (Wall time = 2.853s)

    vN Entropy at center bond b=153 = 0.677232578605
    Eigs at center bond b=153: 0.7515 0.2189 0.0213 0.0059 0.0011 
    Largest link dim during sweep 51/87 was 48
    Largest truncation error: 7.49658e-09
    Energy after sweep 51/87 is -185.812070514581
    Sweep 51/87 CPU time = 22.28s (Wall time = 2.872s)

    vN Entropy at center bond b=153 = 0.677232578605
    Eigs at center bond b=153: 0.7515 0.2189 0.0213 0.0059 0.0011 
    Largest link dim during sweep 52/87 was 48
    Largest truncation error: 7.49658e-09
    Energy after sweep 52/87 is -185.812070514585
    Sweep 52/87 CPU time = 22.47s (Wall time = 2.870s)

    vN Entropy at center bond b=153 = 0.677232578605
    Eigs at center bond b=153: 0.7515 0.2189 0.0213 0.0059 0.0011 
    Largest link dim during sweep 53/87 was 48
    Largest truncation error: 7.49658e-09
    Energy after sweep 53/87 is -185.812070514583
    Sweep 53/87 CPU time = 22.46s (Wall time = 2.884s)

    vN Entropy at center bond b=153 = 0.677232578605
    Eigs at center bond b=153: 0.7515 0.2189 0.0213 0.0059 0.0011 
    Largest link dim during sweep 54/87 was 48
    Largest truncation error: 7.49658e-09
    Energy after sweep 54/87 is -185.812070514584
    Sweep 54/87 CPU time = 22.48s (Wall time = 2.873s)

    vN Entropy at center bond b=153 = 0.677232578605
    Eigs at center bond b=153: 0.7515 0.2189 0.0213 0.0059 0.0011 
    Largest link dim during sweep 55/87 was 48
    Largest truncation error: 7.49658e-09
    Energy after sweep 55/87 is -185.812070514584
    Sweep 55/87 CPU time = 22.47s (Wall time = 2.882s)

    vN Entropy at center bond b=153 = 0.677232578605
    Eigs at center bond b=153: 0.7515 0.2189 0.0213 0.0059 0.0011 
    Largest link dim during sweep 56/87 was 48
    Largest truncation error: 7.49658e-09
    Energy after sweep 56/87 is -185.812070514584
    Sweep 56/87 CPU time = 22.40s (Wall time = 2.874s)

    vN Entropy at center bond b=153 = 0.677232578605
    Eigs at center bond b=153: 0.7515 0.2189 0.0213 0.0059 0.0011 
    Largest link dim during sweep 57/87 was 48
    Largest truncation error: 7.49658e-09
    Energy after sweep 57/87 is -185.812070514583
    Sweep 57/87 CPU time = 22.39s (Wall time = 2.873s)

    vN Entropy at center bond b=153 = 0.677232578605
    Eigs at center bond b=153: 0.7515 0.2189 0.0213 0.0059 0.0011 
    Largest link dim during sweep 58/87 was 48
    Largest truncation error: 7.49658e-09
    Energy after sweep 58/87 is -185.812070514583
    Sweep 58/87 CPU time = 22.30s (Wall time = 2.855s)

    vN Entropy at center bond b=153 = 0.677277249086
    Eigs at center bond b=153: 0.7514 0.2190 0.0213 0.0059 0.0011 
    Largest link dim during sweep 59/87 was 87
    Largest truncation error: 7.50553e-11
    Energy after sweep 59/87 is -185.812083181740
    Sweep 59/87 CPU time = 1m, 4.2s (Wall time = 8.277s)

    vN Entropy at center bond b=153 = 0.677278426626
    Eigs at center bond b=153: 0.7514 0.2190 0.0213 0.0059 0.0011 
    Largest link dim during sweep 60/87 was 89
    Largest truncation error: 7.59269e-11
    Energy after sweep 60/87 is -185.812083215555
    Sweep 60/87 CPU time = 1m, 26.2s (Wall time = 11.05s)

    vN Entropy at center bond b=153 = 0.677278469143
    Eigs at center bond b=153: 0.7514 0.2190 0.0213 0.0059 0.0011 
    Largest link dim during sweep 61/87 was 89
    Largest truncation error: 7.60473e-11
    Energy after sweep 61/87 is -185.812083215869
    Sweep 61/87 CPU time = 1m, 27.4s (Wall time = 11.19s)

    vN Entropy at center bond b=153 = 0.677278472320
    Eigs at center bond b=153: 0.7514 0.2190 0.0213 0.0059 0.0011 
    Largest link dim during sweep 62/87 was 89
    Largest truncation error: 7.606e-11
    Energy after sweep 62/87 is -185.812083215820
    Sweep 62/87 CPU time = 1m, 28.0s (Wall time = 11.26s)

    vN Entropy at center bond b=153 = 0.677278472760
    Eigs at center bond b=153: 0.7514 0.2190 0.0213 0.0059 0.0011 
    Largest link dim during sweep 63/87 was 89
    Largest truncation error: 7.60625e-11
    Energy after sweep 63/87 is -185.812083215814
    Sweep 63/87 CPU time = 1m, 28.2s (Wall time = 11.32s)

    vN Entropy at center bond b=153 = 0.677278472830
    Eigs at center bond b=153: 0.7514 0.2190 0.0213 0.0059 0.0011 
    Largest link dim during sweep 64/87 was 89
    Largest truncation error: 7.60626e-11
    Energy after sweep 64/87 is -185.812083215812
    Sweep 64/87 CPU time = 1m, 28.5s (Wall time = 11.33s)

    vN Entropy at center bond b=153 = 0.677278472842
    Eigs at center bond b=153: 0.7514 0.2190 0.0213 0.0059 0.0011 
    Largest link dim during sweep 65/87 was 89
    Largest truncation error: 7.60629e-11
    Energy after sweep 65/87 is -185.812083215814
    Sweep 65/87 CPU time = 1m, 27.9s (Wall time = 11.26s)

    vN Entropy at center bond b=153 = 0.677278472845
    Eigs at center bond b=153: 0.7514 0.2190 0.0213 0.0059 0.0011 
    Largest link dim during sweep 66/87 was 89
    Largest truncation error: 7.60632e-11
    Energy after sweep 66/87 is -185.812083215815
    Sweep 66/87 CPU time = 1m, 28.2s (Wall time = 11.29s)

    vN Entropy at center bond b=153 = 0.677278472845
    Eigs at center bond b=153: 0.7514 0.2190 0.0213 0.0059 0.0011 
    Largest link dim during sweep 67/87 was 89
    Largest truncation error: 7.60628e-11
    Energy after sweep 67/87 is -185.812083215814
    Sweep 67/87 CPU time = 1m, 28.3s (Wall time = 11.30s)

    vN Entropy at center bond b=153 = 0.677278472845
    Eigs at center bond b=153: 0.7514 0.2190 0.0213 0.0059 0.0011 
    Largest link dim during sweep 68/87 was 89
    Largest truncation error: 7.6063e-11
    Energy after sweep 68/87 is -185.812083215816
    Sweep 68/87 CPU time = 1m, 29.0s (Wall time = 11.43s)

    vN Entropy at center bond b=153 = 0.677278472845
    Eigs at center bond b=153: 0.7514 0.2190 0.0213 0.0059 0.0011 
    Largest link dim during sweep 69/87 was 89
    Largest truncation error: 7.6063e-11
    Energy after sweep 69/87 is -185.812083215815
    Sweep 69/87 CPU time = 1m, 28.4s (Wall time = 11.34s)

    vN Entropy at center bond b=153 = 0.677278472845
    Eigs at center bond b=153: 0.7514 0.2190 0.0213 0.0059 0.0011 
    Largest link dim during sweep 70/87 was 89
    Largest truncation error: 7.60632e-11
    Energy after sweep 70/87 is -185.812083215815
    Sweep 70/87 CPU time = 1m, 28.3s (Wall time = 11.31s)

    vN Entropy at center bond b=153 = 0.677278472845
    Eigs at center bond b=153: 0.7514 0.2190 0.0213 0.0059 0.0011 
    Largest link dim during sweep 71/87 was 89
    Largest truncation error: 7.60628e-11
    Energy after sweep 71/87 is -185.812083215812
    Sweep 71/87 CPU time = 1m, 28.1s (Wall time = 11.28s)

    vN Entropy at center bond b=153 = 0.677278472845
    Eigs at center bond b=153: 0.7514 0.2190 0.0213 0.0059 0.0011 
    Largest link dim during sweep 72/87 was 89
    Largest truncation error: 7.60631e-11
    Energy after sweep 72/87 is -185.812083215816
    Sweep 72/87 CPU time = 1m, 27.9s (Wall time = 11.26s)

    vN Entropy at center bond b=153 = 0.677278472845
    Eigs at center bond b=153: 0.7514 0.2190 0.0213 0.0059 0.0011 
    Largest link dim during sweep 73/87 was 89
    Largest truncation error: 7.60629e-11
    Energy after sweep 73/87 is -185.812083215812
    Sweep 73/87 CPU time = 1m, 27.7s (Wall time = 11.23s)

    vN Entropy at center bond b=153 = 0.677278472845
    Eigs at center bond b=153: 0.7514 0.2190 0.0213 0.0059 0.0011 
    Largest link dim during sweep 74/87 was 89
    Largest truncation error: 7.60631e-11
    Energy after sweep 74/87 is -185.812083215815
    Sweep 74/87 CPU time = 1m, 28.1s (Wall time = 11.31s)

    vN Entropy at center bond b=153 = 0.677281730045
    Eigs at center bond b=153: 0.7514 0.2190 0.0213 0.0059 0.0011 
    Largest link dim during sweep 75/87 was 155
    Largest truncation error: 7.68624e-13
    Energy after sweep 75/87 is -185.812083370890
    Sweep 75/87 CPU time = 2m, 55.4s (Wall time = 23.17s)

    vN Entropy at center bond b=153 = 0.677281785615
    Eigs at center bond b=153: 0.7514 0.2190 0.0213 0.0059 0.0011 
    Largest link dim during sweep 76/87 was 157
    Largest truncation error: 7.51384e-13
    Energy after sweep 76/87 is -185.812083371207
    Sweep 76/87 CPU time = 3m, 49.9s (Wall time = 30.53s)

    vN Entropy at center bond b=153 = 0.677281788701
    Eigs at center bond b=153: 0.7514 0.2190 0.0213 0.0059 0.0011 
    Largest link dim during sweep 77/87 was 157
    Largest truncation error: 7.51158e-13
    Energy after sweep 77/87 is -185.812083371221
    Sweep 77/87 CPU time = 3m, 51.0s (Wall time = 29.76s)

    vN Entropy at center bond b=153 = 0.677281789124
    Eigs at center bond b=153: 0.7514 0.2190 0.0213 0.0059 0.0011 
    Largest link dim during sweep 78/87 was 157
    Largest truncation error: 7.51603e-13
    Energy after sweep 78/87 is -185.812083371221
    Sweep 78/87 CPU time = 3m, 51.7s (Wall time = 29.85s)

    vN Entropy at center bond b=153 = 0.677281789220
    Eigs at center bond b=153: 0.7514 0.2190 0.0213 0.0059 0.0011 
    Largest link dim during sweep 79/87 was 157
    Largest truncation error: 7.52114e-13
    Energy after sweep 79/87 is -185.812083371224
    Sweep 79/87 CPU time = 3m, 54.1s (Wall time = 30.16s)

    vN Entropy at center bond b=153 = 0.677281789257
    Eigs at center bond b=153: 0.7514 0.2190 0.0213 0.0059 0.0011 
    Largest link dim during sweep 80/87 was 157
    Largest truncation error: 7.52379e-13
    Energy after sweep 80/87 is -185.812083371224
    Sweep 80/87 CPU time = 3m, 52.8s (Wall time = 29.99s)

    vN Entropy at center bond b=153 = 0.677281789275
    Eigs at center bond b=153: 0.7514 0.2190 0.0213 0.0059 0.0011 
    Largest link dim during sweep 81/87 was 157
    Largest truncation error: 7.5218e-13
    Energy after sweep 81/87 is -185.812083371223
    Sweep 81/87 CPU time = 3m, 53.3s (Wall time = 30.00s)

    vN Entropy at center bond b=153 = 0.677281789285
    Eigs at center bond b=153: 0.7514 0.2190 0.0213 0.0059 0.0011 
    Largest link dim during sweep 82/87 was 157
    Largest truncation error: 7.52312e-13
    Energy after sweep 82/87 is -185.812083371224
    Sweep 82/87 CPU time = 3m, 52.1s (Wall time = 29.78s)

    vN Entropy at center bond b=153 = 0.677282117495
    Eigs at center bond b=153: 0.7514 0.2190 0.0213 0.0059 0.0011 
    Largest link dim during sweep 83/87 was 143
    Largest truncation error: 7.58715e-13
    Energy after sweep 83/87 is -185.812083370706
    Sweep 83/87 CPU time = 2m, 58.1s (Wall time = 22.90s)

    vN Entropy at center bond b=153 = 0.677282123876
    Eigs at center bond b=153: 0.7514 0.2190 0.0213 0.0059 0.0011 
    Largest link dim during sweep 84/87 was 242
    Largest truncation error: 7.65868e-15
    Energy after sweep 84/87 is -185.812083373163
    Sweep 84/87 CPU time = 7m, 40.1s (Wall time = 1m, 2.7s)

    vN Entropy at center bond b=153 = 0.677282125276
    Eigs at center bond b=153: 0.7514 0.2190 0.0213 0.0059 0.0011 
    Largest link dim during sweep 85/87 was 245
    Largest truncation error: 7.6065e-15
    Energy after sweep 85/87 is -185.812083373157
    Sweep 85/87 CPU time = 12m, 30s (Wall time = 1m, 37.8s)

    vN Entropy at center bond b=153 = 0.677282125344
    Eigs at center bond b=153: 0.7514 0.2190 0.0213 0.0059 0.0011 
    Largest link dim during sweep 86/87 was 244
    Largest truncation error: 7.51252e-15
    Energy after sweep 86/87 is -185.812083373160
    Sweep 86/87 CPU time = 11m, 3s (Wall time = 1m, 25.0s)

    vN Entropy at center bond b=153 = 0.677282125355
    Eigs at center bond b=153: 0.7514 0.2190 0.0213 0.0059 0.0011 
    Largest link dim during sweep 87/87 was 244
    Largest truncation error: 7.51429e-15
    Energy after sweep 87/87 is -185.812083373160
    Sweep 87/87 CPU time = 11m, 4s (Wall time = 1m, 25.2s)
Initial energy = 90.90000

Ground State Energy = -185.8120833732
run_outputs/outputpsi/N_306_sweep_87_t_0.030000_J_1.000000_V_0.600000_D_0.018000_U_0.300000_mu_0.000000_E_0.000000 converge
Wall-clock time (s) = 4044.705243
