//////////////////////////
Reading input file ......

Got input.N = 303
Got input.t = 0.03
Got input.J = 1
Got input.V = 0.6
Got input.D = 0.018
Got input.U = 0.5
Got input.mu = 0
Got input.E = 0
Got input.nsweeps = 87
Sweeps:
1  MaxDim=20, MinDim=20, Cutoff=1.0E-06, Niter=8, Noise=1.0E-05
2  MaxDim=20, MinDim=20, Cutoff=1.0E-06, Niter=8, Noise=1.0E-05
3  MaxDim=20, MinDim=20, Cutoff=1.0E-06, Niter=8, Noise=1.0E-05
4  MaxDim=20, MinDim=20, Cutoff=1.0E-06, Niter=8, Noise=1.0E-05
5  MaxDim=20, MinDim=20, Cutoff=1.0E-06, Niter=8, Noise=1.0E-05
6  MaxDim=20, MinDim=20, Cutoff=1.0E-06, Niter=8, Noise=1.0E-05
7  MaxDim=20, MinDim=20, Cutoff=1.0E-06, Niter=8, Noise=1.0E-05
8  MaxDim=40, MinDim=20, Cutoff=1.0E-06, Niter=4, Noise=1.0E-05
9  MaxDim=40, MinDim=20, Cutoff=1.0E-06, Niter=4, Noise=1.0E-05
10  MaxDim=40, MinDim=20, Cutoff=1.0E-06, Niter=4, Noise=1.0E-05
11  MaxDim=40, MinDim=20, Cutoff=1.0E-06, Niter=4, Noise=1.0E-05
12  MaxDim=40, MinDim=20, Cutoff=1.0E-06, Niter=4, Noise=1.0E-05
13  MaxDim=40, MinDim=20, Cutoff=1.0E-06, Niter=4, Noise=1.0E-05
14  MaxDim=40, MinDim=20, Cutoff=1.0E-06, Niter=4, Noise=1.0E-05
15  MaxDim=80, MinDim=10, Cutoff=1.0E-06, Niter=4, Noise=1.0E-05
16  MaxDim=80, MinDim=10, Cutoff=1.0E-06, Niter=4, Noise=1.0E-05
17  MaxDim=80, MinDim=10, Cutoff=1.0E-06, Niter=4, Noise=1.0E-05
18  MaxDim=80, MinDim=10, Cutoff=1.0E-06, Niter=4, Noise=1.0E-05
19  MaxDim=80, MinDim=10, Cutoff=1.0E-06, Niter=4, Noise=1.0E-05
20  MaxDim=80, MinDim=10, Cutoff=1.0E-06, Niter=4, Noise=1.0E-05
21  MaxDim=80, MinDim=10, Cutoff=1.0E-06, Niter=4, Noise=1.0E-05
22  MaxDim=80, MinDim=10, Cutoff=1.0E-06, Niter=4, Noise=1.0E-05
23  MaxDim=80, MinDim=10, Cutoff=1.0E-06, Niter=4, Noise=1.0E-05
24  MaxDim=80, MinDim=10, Cutoff=1.0E-06, Niter=4, Noise=1.0E-05
25  MaxDim=80, MinDim=10, Cutoff=1.0E-06, Niter=4, Noise=1.0E-05
26  MaxDim=80, MinDim=10, Cutoff=1.0E-06, Niter=4, Noise=1.0E-05
27  MaxDim=80, MinDim=10, Cutoff=1.0E-06, Niter=4, Noise=1.0E-05
28  MaxDim=80, MinDim=10, Cutoff=1.0E-06, Niter=4, Noise=1.0E-05
29  MaxDim=80, MinDim=10, Cutoff=1.0E-06, Niter=4, Noise=1.0E-05
30  MaxDim=80, MinDim=10, Cutoff=1.0E-06, Niter=4, Noise=1.0E-05
31  MaxDim=80, MinDim=10, Cutoff=1.0E-06, Niter=4, Noise=1.0E-05
32  MaxDim=80, MinDim=10, Cutoff=1.0E-06, Niter=4, Noise=1.0E-05
33  MaxDim=80, MinDim=10, Cutoff=1.0E-06, Niter=4, Noise=1.0E-05
34  MaxDim=80, MinDim=10, Cutoff=1.0E-06, Niter=4, Noise=1.0E-05
35  MaxDim=80, MinDim=10, Cutoff=1.0E-06, Niter=4, Noise=1.0E-05
36  MaxDim=80, MinDim=10, Cutoff=1.0E-06, Niter=4, Noise=1.0E-05
37  MaxDim=160, MinDim=10, Cutoff=1.0E-08, Niter=4, Noise=1.0E-06
38  MaxDim=160, MinDim=10, Cutoff=1.0E-08, Niter=4, Noise=1.0E-06
39  MaxDim=160, MinDim=10, Cutoff=1.0E-08, Niter=4, Noise=1.0E-06
40  MaxDim=160, MinDim=10, Cutoff=1.0E-08, Niter=4, Noise=1.0E-06
41  MaxDim=160, MinDim=10, Cutoff=1.0E-08, Niter=4, Noise=1.0E-06
42  MaxDim=160, MinDim=10, Cutoff=1.0E-08, Niter=4, Noise=1.0E-06
43  MaxDim=160, MinDim=10, Cutoff=1.0E-08, Niter=4, Noise=1.0E-06
44  MaxDim=160, MinDim=10, Cutoff=1.0E-08, Niter=4, Noise=1.0E-06
45  MaxDim=160, MinDim=10, Cutoff=1.0E-08, Niter=4, Noise=1.0E-06
46  MaxDim=160, MinDim=10, Cutoff=1.0E-08, Niter=4, Noise=1.0E-06
47  MaxDim=160, MinDim=10, Cutoff=1.0E-08, Niter=4, Noise=1.0E-06
48  MaxDim=160, MinDim=10, Cutoff=1.0E-08, Niter=4, Noise=1.0E-06
49  MaxDim=160, MinDim=10, Cutoff=1.0E-08, Niter=4, Noise=1.0E-06
50  MaxDim=160, MinDim=10, Cutoff=1.0E-08, Niter=4, Noise=1.0E-06
51  MaxDim=160, MinDim=10, Cutoff=1.0E-08, Niter=4, Noise=1.0E-06
52  MaxDim=160, MinDim=10, Cutoff=1.0E-08, Niter=4, Noise=1.0E-06
53  MaxDim=160, MinDim=10, Cutoff=1.0E-08, Niter=4, Noise=1.0E-06
54  MaxDim=160, MinDim=10, Cutoff=1.0E-08, Niter=4, Noise=1.0E-06
55  MaxDim=160, MinDim=10, Cutoff=1.0E-08, Niter=4, Noise=1.0E-06
56  MaxDim=160, MinDim=10, Cutoff=1.0E-08, Niter=4, Noise=1.0E-06
57  MaxDim=160, MinDim=10, Cutoff=1.0E-08, Niter=4, Noise=1.0E-06
58  MaxDim=160, MinDim=10, Cutoff=1.0E-08, Niter=4, Noise=1.0E-06
59  MaxDim=320, MinDim=10, Cutoff=1.0E-10, Niter=4, Noise=1.0E-07
60  MaxDim=320, MinDim=10, Cutoff=1.0E-10, Niter=4, Noise=1.0E-07
61  MaxDim=320, MinDim=10, Cutoff=1.0E-10, Niter=4, Noise=1.0E-07
62  MaxDim=320, MinDim=10, Cutoff=1.0E-10, Niter=4, Noise=1.0E-07
63  MaxDim=320, MinDim=10, Cutoff=1.0E-10, Niter=4, Noise=1.0E-07
64  MaxDim=320, MinDim=10, Cutoff=1.0E-10, Niter=4, Noise=1.0E-07
65  MaxDim=320, MinDim=10, Cutoff=1.0E-10, Niter=4, Noise=1.0E-07
66  MaxDim=320, MinDim=10, Cutoff=1.0E-10, Niter=4, Noise=1.0E-07
67  MaxDim=320, MinDim=10, Cutoff=1.0E-10, Niter=4, Noise=1.0E-07
68  MaxDim=320, MinDim=10, Cutoff=1.0E-10, Niter=4, Noise=1.0E-07
69  MaxDim=320, MinDim=10, Cutoff=1.0E-10, Niter=4, Noise=1.0E-07
70  MaxDim=320, MinDim=10, Cutoff=1.0E-10, Niter=4, Noise=1.0E-07
71  MaxDim=320, MinDim=10, Cutoff=1.0E-10, Niter=4, Noise=1.0E-07
72  MaxDim=320, MinDim=10, Cutoff=1.0E-10, Niter=4, Noise=1.0E-07
73  MaxDim=320, MinDim=10, Cutoff=1.0E-10, Niter=4, Noise=1.0E-07
74  MaxDim=320, MinDim=10, Cutoff=1.0E-10, Niter=4, Noise=1.0E-07
75  MaxDim=640, MinDim=10, Cutoff=1.0E-12, Niter=2, Noise=1.0E-08
76  MaxDim=640, MinDim=10, Cutoff=1.0E-12, Niter=2, Noise=1.0E-08
77  MaxDim=640, MinDim=10, Cutoff=1.0E-12, Niter=2, Noise=1.0E-08
78  MaxDim=640, MinDim=10, Cutoff=1.0E-12, Niter=2, Noise=1.0E-08
79  MaxDim=640, MinDim=10, Cutoff=1.0E-12, Niter=2, Noise=1.0E-08
80  MaxDim=640, MinDim=10, Cutoff=1.0E-12, Niter=2, Noise=1.0E-08
81  MaxDim=640, MinDim=10, Cutoff=1.0E-12, Niter=2, Noise=1.0E-08
82  MaxDim=640, MinDim=10, Cutoff=1.0E-12, Niter=2, Noise=1.0E-08
83  MaxDim=1280, MinDim=10, Cutoff=1.0E-12, Niter=2, Noise=0.0E+00
84  MaxDim=1280, MinDim=10, Cutoff=1.0E-14, Niter=2, Noise=0.0E+00
85  MaxDim=1280, MinDim=10, Cutoff=1.0E-14, Niter=2, Noise=0.0E+00
86  MaxDim=1280, MinDim=10, Cutoff=1.0E-14, Niter=2, Noise=0.0E+00
87  MaxDim=1280, MinDim=10, Cutoff=1.0E-14, Niter=2, Noise=0.0E+00


    vN Entropy at center bond b=151 = 0.688069430351
    Eigs at center bond b=151: 0.7540 0.2141 0.0194 0.0061 0.0049 
    Largest link dim during sweep 1/87 was 20
    Largest truncation error: 4.37271e-05
    Energy after sweep 1/87 is -176.827616892356
    Sweep 1/87 CPU time = 8.978s (Wall time = 1.164s)

    vN Entropy at center bond b=151 = 0.793940913123
    Eigs at center bond b=151: 0.6645 0.3001 0.0193 0.0078 0.0060 0.0016 
    Largest link dim during sweep 2/87 was 20
    Largest truncation error: 1.57253e-06
    Energy after sweep 2/87 is -176.857938710250
    Sweep 2/87 CPU time = 12.56s (Wall time = 1.613s)

    vN Entropy at center bond b=151 = 0.793984424704
    Eigs at center bond b=151: 0.6645 0.3001 0.0193 0.0078 0.0060 0.0016 
    Largest link dim during sweep 3/87 was 20
    Largest truncation error: 1.67087e-06
    Energy after sweep 3/87 is -176.857943462355
    Sweep 3/87 CPU time = 12.55s (Wall time = 1.610s)

    vN Entropy at center bond b=151 = 0.793985557830
    Eigs at center bond b=151: 0.6645 0.3001 0.0193 0.0078 0.0060 0.0016 
    Largest link dim during sweep 4/87 was 20
    Largest truncation error: 1.66949e-06
    Energy after sweep 4/87 is -176.857943201356
    Sweep 4/87 CPU time = 12.57s (Wall time = 1.608s)

    vN Entropy at center bond b=151 = 0.793985618480
    Eigs at center bond b=151: 0.6645 0.3001 0.0193 0.0078 0.0060 0.0016 
    Largest link dim during sweep 5/87 was 20
    Largest truncation error: 1.66896e-06
    Energy after sweep 5/87 is -176.857943137794
    Sweep 5/87 CPU time = 12.52s (Wall time = 1.607s)

    vN Entropy at center bond b=151 = 0.793985623588
    Eigs at center bond b=151: 0.6645 0.3001 0.0193 0.0078 0.0060 0.0016 
    Largest link dim during sweep 6/87 was 20
    Largest truncation error: 1.66882e-06
    Energy after sweep 6/87 is -176.857943120122
    Sweep 6/87 CPU time = 12.56s (Wall time = 1.610s)

    vN Entropy at center bond b=151 = 0.793985624160
    Eigs at center bond b=151: 0.6645 0.3001 0.0193 0.0078 0.0060 0.0016 
    Largest link dim during sweep 7/87 was 20
    Largest truncation error: 1.66878e-06
    Energy after sweep 7/87 is -176.857943112586
    Sweep 7/87 CPU time = 12.55s (Wall time = 1.603s)

    vN Entropy at center bond b=151 = 0.794255032763
    Eigs at center bond b=151: 0.6644 0.3001 0.0193 0.0078 0.0060 0.0016 
    Largest link dim during sweep 8/87 was 24
    Largest truncation error: 7.50639e-07
    Energy after sweep 8/87 is -176.859062127207
    Sweep 8/87 CPU time = 7.464s (Wall time = 0.954s)

    vN Entropy at center bond b=151 = 0.794396800647
    Eigs at center bond b=151: 0.6644 0.3001 0.0193 0.0078 0.0060 0.0016 
    Largest link dim during sweep 9/87 was 25
    Largest truncation error: 7.50684e-07
    Energy after sweep 9/87 is -176.859106883039
    Sweep 9/87 CPU time = 7.767s (Wall time = 0.997s)

    vN Entropy at center bond b=151 = 0.794397945578
    Eigs at center bond b=151: 0.6644 0.3001 0.0193 0.0078 0.0060 0.0016 
    Largest link dim during sweep 10/87 was 25
    Largest truncation error: 7.4984e-07
    Energy after sweep 10/87 is -176.859107544819
    Sweep 10/87 CPU time = 7.805s (Wall time = 0.998s)

    vN Entropy at center bond b=151 = 0.794397864454
    Eigs at center bond b=151: 0.6644 0.3001 0.0193 0.0078 0.0060 0.0016 
    Largest link dim during sweep 11/87 was 25
    Largest truncation error: 7.50063e-07
    Energy after sweep 11/87 is -176.859107453857
    Sweep 11/87 CPU time = 7.810s (Wall time = 0.998s)

    vN Entropy at center bond b=151 = 0.794397858359
    Eigs at center bond b=151: 0.6644 0.3001 0.0193 0.0078 0.0060 0.0016 
    Largest link dim during sweep 12/87 was 25
    Largest truncation error: 7.50092e-07
    Energy after sweep 12/87 is -176.859107442847
    Sweep 12/87 CPU time = 7.804s (Wall time = 0.998s)

    vN Entropy at center bond b=151 = 0.794397857847
    Eigs at center bond b=151: 0.6644 0.3001 0.0193 0.0078 0.0060 0.0016 
    Largest link dim during sweep 13/87 was 25
    Largest truncation error: 7.50095e-07
    Energy after sweep 13/87 is -176.859107441466
    Sweep 13/87 CPU time = 7.782s (Wall time = 0.994s)

    vN Entropy at center bond b=151 = 0.794397857794
    Eigs at center bond b=151: 0.6644 0.3001 0.0193 0.0078 0.0060 0.0016 
    Largest link dim during sweep 14/87 was 25
    Largest truncation error: 7.50095e-07
    Energy after sweep 14/87 is -176.859107441289
    Sweep 14/87 CPU time = 7.795s (Wall time = 0.998s)

    vN Entropy at center bond b=151 = 0.794397857830
    Eigs at center bond b=151: 0.6644 0.3001 0.0193 0.0078 0.0060 0.0016 
    Largest link dim during sweep 15/87 was 24
    Largest truncation error: 7.50095e-07
    Energy after sweep 15/87 is -176.859095136787
    Sweep 15/87 CPU time = 7.727s (Wall time = 0.991s)

    vN Entropy at center bond b=151 = 0.794397857829
    Eigs at center bond b=151: 0.6644 0.3001 0.0193 0.0078 0.0060 0.0016 
    Largest link dim during sweep 16/87 was 24
    Largest truncation error: 7.50095e-07
    Energy after sweep 16/87 is -176.859095088483
    Sweep 16/87 CPU time = 7.785s (Wall time = 0.998s)

    vN Entropy at center bond b=151 = 0.794397857829
    Eigs at center bond b=151: 0.6644 0.3001 0.0193 0.0078 0.0060 0.0016 
    Largest link dim during sweep 17/87 was 24
    Largest truncation error: 7.50095e-07
    Energy after sweep 17/87 is -176.859095081924
    Sweep 17/87 CPU time = 7.764s (Wall time = 0.993s)

    vN Entropy at center bond b=151 = 0.794397857829
    Eigs at center bond b=151: 0.6644 0.3001 0.0193 0.0078 0.0060 0.0016 
    Largest link dim during sweep 18/87 was 24
    Largest truncation error: 7.50095e-07
    Energy after sweep 18/87 is -176.859095081185
    Sweep 18/87 CPU time = 7.778s (Wall time = 0.994s)

    vN Entropy at center bond b=151 = 0.794397857829
    Eigs at center bond b=151: 0.6644 0.3001 0.0193 0.0078 0.0060 0.0016 
    Largest link dim during sweep 19/87 was 24
    Largest truncation error: 7.50095e-07
    Energy after sweep 19/87 is -176.859095081081
    Sweep 19/87 CPU time = 7.750s (Wall time = 0.992s)

    vN Entropy at center bond b=151 = 0.794397857829
    Eigs at center bond b=151: 0.6644 0.3001 0.0193 0.0078 0.0060 0.0016 
    Largest link dim during sweep 20/87 was 24
    Largest truncation error: 7.50095e-07
    Energy after sweep 20/87 is -176.859095081064
    Sweep 20/87 CPU time = 7.753s (Wall time = 0.991s)

    vN Entropy at center bond b=151 = 0.794397857829
    Eigs at center bond b=151: 0.6644 0.3001 0.0193 0.0078 0.0060 0.0016 
    Largest link dim during sweep 21/87 was 24
    Largest truncation error: 7.50095e-07
    Energy after sweep 21/87 is -176.859095081060
    Sweep 21/87 CPU time = 7.722s (Wall time = 0.989s)

    vN Entropy at center bond b=151 = 0.794397857829
    Eigs at center bond b=151: 0.6644 0.3001 0.0193 0.0078 0.0060 0.0016 
    Largest link dim during sweep 22/87 was 24
    Largest truncation error: 7.50095e-07
    Energy after sweep 22/87 is -176.859095081057
    Sweep 22/87 CPU time = 7.731s (Wall time = 0.993s)

    vN Entropy at center bond b=151 = 0.794397857829
    Eigs at center bond b=151: 0.6644 0.3001 0.0193 0.0078 0.0060 0.0016 
    Largest link dim during sweep 23/87 was 24
    Largest truncation error: 7.50095e-07
    Energy after sweep 23/87 is -176.859095081061
    Sweep 23/87 CPU time = 7.760s (Wall time = 0.995s)

    vN Entropy at center bond b=151 = 0.794397857829
    Eigs at center bond b=151: 0.6644 0.3001 0.0193 0.0078 0.0060 0.0016 
    Largest link dim during sweep 24/87 was 24
    Largest truncation error: 7.50095e-07
    Energy after sweep 24/87 is -176.859095081061
    Sweep 24/87 CPU time = 7.828s (Wall time = 1.006s)

    vN Entropy at center bond b=151 = 0.794397857829
    Eigs at center bond b=151: 0.6644 0.3001 0.0193 0.0078 0.0060 0.0016 
    Largest link dim during sweep 25/87 was 24
    Largest truncation error: 7.50095e-07
    Energy after sweep 25/87 is -176.859095081059
    Sweep 25/87 CPU time = 7.855s (Wall time = 1.010s)

    vN Entropy at center bond b=151 = 0.794397857829
    Eigs at center bond b=151: 0.6644 0.3001 0.0193 0.0078 0.0060 0.0016 
    Largest link dim during sweep 26/87 was 24
    Largest truncation error: 7.50095e-07
    Energy after sweep 26/87 is -176.859095081059
    Sweep 26/87 CPU time = 7.742s (Wall time = 0.992s)

    vN Entropy at center bond b=151 = 0.794397857829
    Eigs at center bond b=151: 0.6644 0.3001 0.0193 0.0078 0.0060 0.0016 
    Largest link dim during sweep 27/87 was 24
    Largest truncation error: 7.50095e-07
    Energy after sweep 27/87 is -176.859095081062
    Sweep 27/87 CPU time = 7.737s (Wall time = 0.991s)

    vN Entropy at center bond b=151 = 0.794397857829
    Eigs at center bond b=151: 0.6644 0.3001 0.0193 0.0078 0.0060 0.0016 
    Largest link dim during sweep 28/87 was 24
    Largest truncation error: 7.50095e-07
    Energy after sweep 28/87 is -176.859095081058
    Sweep 28/87 CPU time = 7.765s (Wall time = 0.993s)

    vN Entropy at center bond b=151 = 0.794397857829
    Eigs at center bond b=151: 0.6644 0.3001 0.0193 0.0078 0.0060 0.0016 
    Largest link dim during sweep 29/87 was 24
    Largest truncation error: 7.50095e-07
    Energy after sweep 29/87 is -176.859095081061
    Sweep 29/87 CPU time = 7.746s (Wall time = 0.989s)

    vN Entropy at center bond b=151 = 0.794397857829
    Eigs at center bond b=151: 0.6644 0.3001 0.0193 0.0078 0.0060 0.0016 
    Largest link dim during sweep 30/87 was 24
    Largest truncation error: 7.50095e-07
    Energy after sweep 30/87 is -176.859095081061
    Sweep 30/87 CPU time = 7.743s (Wall time = 0.992s)

    vN Entropy at center bond b=151 = 0.794397857829
    Eigs at center bond b=151: 0.6644 0.3001 0.0193 0.0078 0.0060 0.0016 
    Largest link dim during sweep 31/87 was 24
    Largest truncation error: 7.50095e-07
    Energy after sweep 31/87 is -176.859095081058
    Sweep 31/87 CPU time = 7.773s (Wall time = 0.996s)

    vN Entropy at center bond b=151 = 0.794397857829
    Eigs at center bond b=151: 0.6644 0.3001 0.0193 0.0078 0.0060 0.0016 
    Largest link dim during sweep 32/87 was 24
    Largest truncation error: 7.50095e-07
    Energy after sweep 32/87 is -176.859095081060
    Sweep 32/87 CPU time = 7.724s (Wall time = 0.991s)

    vN Entropy at center bond b=151 = 0.794397857829
    Eigs at center bond b=151: 0.6644 0.3001 0.0193 0.0078 0.0060 0.0016 
    Largest link dim during sweep 33/87 was 24
    Largest truncation error: 7.50095e-07
    Energy after sweep 33/87 is -176.859095081061
    Sweep 33/87 CPU time = 7.737s (Wall time = 0.989s)

    vN Entropy at center bond b=151 = 0.794397857829
    Eigs at center bond b=151: 0.6644 0.3001 0.0193 0.0078 0.0060 0.0016 
    Largest link dim during sweep 34/87 was 24
    Largest truncation error: 7.50095e-07
    Energy after sweep 34/87 is -176.859095081058
    Sweep 34/87 CPU time = 7.760s (Wall time = 0.991s)

    vN Entropy at center bond b=151 = 0.794397857829
    Eigs at center bond b=151: 0.6644 0.3001 0.0193 0.0078 0.0060 0.0016 
    Largest link dim during sweep 35/87 was 24
    Largest truncation error: 7.50095e-07
    Energy after sweep 35/87 is -176.859095081060
    Sweep 35/87 CPU time = 7.771s (Wall time = 0.995s)

    vN Entropy at center bond b=151 = 0.794397857829
    Eigs at center bond b=151: 0.6644 0.3001 0.0193 0.0078 0.0060 0.0016 
    Largest link dim during sweep 36/87 was 24
    Largest truncation error: 7.50095e-07
    Energy after sweep 36/87 is -176.859095081063
    Sweep 36/87 CPU time = 7.785s (Wall time = 0.993s)

    vN Entropy at center bond b=151 = 0.795062103141
    Eigs at center bond b=151: 0.6641 0.3003 0.0194 0.0079 0.0060 0.0016 
    Largest link dim during sweep 37/87 was 48
    Largest truncation error: 8.31878e-09
    Energy after sweep 37/87 is -176.860185381360
    Sweep 37/87 CPU time = 17.19s (Wall time = 2.208s)

    vN Entropy at center bond b=151 = 0.795122757124
    Eigs at center bond b=151: 0.6641 0.3003 0.0194 0.0079 0.0060 0.0016 
    Largest link dim during sweep 38/87 was 51
    Largest truncation error: 8.42301e-09
    Energy after sweep 38/87 is -176.860191716581
    Sweep 38/87 CPU time = 24.28s (Wall time = 3.118s)

    vN Entropy at center bond b=151 = 0.795125340018
    Eigs at center bond b=151: 0.6641 0.3003 0.0194 0.0079 0.0060 0.0016 
    Largest link dim during sweep 39/87 was 51
    Largest truncation error: 8.42297e-09
    Energy after sweep 39/87 is -176.860192513819
    Sweep 39/87 CPU time = 25.55s (Wall time = 3.276s)

    vN Entropy at center bond b=151 = 0.795125448270
    Eigs at center bond b=151: 0.6641 0.3003 0.0194 0.0079 0.0060 0.0016 
    Largest link dim during sweep 40/87 was 51
    Largest truncation error: 8.42294e-09
    Energy after sweep 40/87 is -176.860192536102
    Sweep 40/87 CPU time = 25.04s (Wall time = 3.209s)

    vN Entropy at center bond b=151 = 0.795125451651
    Eigs at center bond b=151: 0.6641 0.3003 0.0194 0.0079 0.0060 0.0016 
    Largest link dim during sweep 41/87 was 51
    Largest truncation error: 8.42293e-09
    Energy after sweep 41/87 is -176.860192555656
    Sweep 41/87 CPU time = 25.02s (Wall time = 3.204s)

    vN Entropy at center bond b=151 = 0.795125451775
    Eigs at center bond b=151: 0.6641 0.3003 0.0194 0.0079 0.0060 0.0016 
    Largest link dim during sweep 42/87 was 51
    Largest truncation error: 8.42293e-09
    Energy after sweep 42/87 is -176.860192555748
    Sweep 42/87 CPU time = 25.02s (Wall time = 3.210s)

    vN Entropy at center bond b=151 = 0.795125451780
    Eigs at center bond b=151: 0.6641 0.3003 0.0194 0.0079 0.0060 0.0016 
    Largest link dim during sweep 43/87 was 51
    Largest truncation error: 8.42293e-09
    Energy after sweep 43/87 is -176.860192556950
    Sweep 43/87 CPU time = 25.04s (Wall time = 3.210s)

    vN Entropy at center bond b=151 = 0.795125451780
    Eigs at center bond b=151: 0.6641 0.3003 0.0194 0.0079 0.0060 0.0016 
    Largest link dim during sweep 44/87 was 51
    Largest truncation error: 8.42293e-09
    Energy after sweep 44/87 is -176.860192557895
    Sweep 44/87 CPU time = 25.12s (Wall time = 3.240s)

    vN Entropy at center bond b=151 = 0.795125451780
    Eigs at center bond b=151: 0.6641 0.3003 0.0194 0.0079 0.0060 0.0016 
    Largest link dim during sweep 45/87 was 51
    Largest truncation error: 8.42293e-09
    Energy after sweep 45/87 is -176.860192558746
    Sweep 45/87 CPU time = 24.99s (Wall time = 3.205s)

    vN Entropy at center bond b=151 = 0.795125451780
    Eigs at center bond b=151: 0.6641 0.3003 0.0194 0.0079 0.0060 0.0016 
    Largest link dim during sweep 46/87 was 51
    Largest truncation error: 8.42293e-09
    Energy after sweep 46/87 is -176.860192564450
    Sweep 46/87 CPU time = 24.98s (Wall time = 3.211s)

    vN Entropy at center bond b=151 = 0.795125451780
    Eigs at center bond b=151: 0.6641 0.3003 0.0194 0.0079 0.0060 0.0016 
    Largest link dim during sweep 47/87 was 51
    Largest truncation error: 8.42293e-09
    Energy after sweep 47/87 is -176.860192564837
    Sweep 47/87 CPU time = 25.03s (Wall time = 3.213s)

    vN Entropy at center bond b=151 = 0.795125451780
    Eigs at center bond b=151: 0.6641 0.3003 0.0194 0.0079 0.0060 0.0016 
    Largest link dim during sweep 48/87 was 51
    Largest truncation error: 8.42292e-09
    Energy after sweep 48/87 is -176.860192565058
    Sweep 48/87 CPU time = 25.04s (Wall time = 3.210s)

    vN Entropy at center bond b=151 = 0.795125451780
    Eigs at center bond b=151: 0.6641 0.3003 0.0194 0.0079 0.0060 0.0016 
    Largest link dim during sweep 49/87 was 51
    Largest truncation error: 8.42292e-09
    Energy after sweep 49/87 is -176.860192565181
    Sweep 49/87 CPU time = 25.03s (Wall time = 3.212s)

    vN Entropy at center bond b=151 = 0.795125451780
    Eigs at center bond b=151: 0.6641 0.3003 0.0194 0.0079 0.0060 0.0016 
    Largest link dim during sweep 50/87 was 51
    Largest truncation error: 8.42292e-09
    Energy after sweep 50/87 is -176.860192565250
    Sweep 50/87 CPU time = 24.92s (Wall time = 3.198s)

    vN Entropy at center bond b=151 = 0.795125451780
    Eigs at center bond b=151: 0.6641 0.3003 0.0194 0.0079 0.0060 0.0016 
    Largest link dim during sweep 51/87 was 51
    Largest truncation error: 8.42292e-09
    Energy after sweep 51/87 is -176.860192565288
    Sweep 51/87 CPU time = 24.99s (Wall time = 3.203s)

    vN Entropy at center bond b=151 = 0.795125451780
    Eigs at center bond b=151: 0.6641 0.3003 0.0194 0.0079 0.0060 0.0016 
    Largest link dim during sweep 52/87 was 51
    Largest truncation error: 8.42292e-09
    Energy after sweep 52/87 is -176.860192565305
    Sweep 52/87 CPU time = 24.95s (Wall time = 3.206s)

    vN Entropy at center bond b=151 = 0.795125451780
    Eigs at center bond b=151: 0.6641 0.3003 0.0194 0.0079 0.0060 0.0016 
    Largest link dim during sweep 53/87 was 51
    Largest truncation error: 8.42292e-09
    Energy after sweep 53/87 is -176.860192565314
    Sweep 53/87 CPU time = 25.05s (Wall time = 3.213s)

    vN Entropy at center bond b=151 = 0.795125451780
    Eigs at center bond b=151: 0.6641 0.3003 0.0194 0.0079 0.0060 0.0016 
    Largest link dim during sweep 54/87 was 51
    Largest truncation error: 8.42292e-09
    Energy after sweep 54/87 is -176.860192565326
    Sweep 54/87 CPU time = 25.03s (Wall time = 3.205s)

    vN Entropy at center bond b=151 = 0.795125451780
    Eigs at center bond b=151: 0.6641 0.3003 0.0194 0.0079 0.0060 0.0016 
    Largest link dim during sweep 55/87 was 51
    Largest truncation error: 8.42292e-09
    Energy after sweep 55/87 is -176.860192565327
    Sweep 55/87 CPU time = 24.91s (Wall time = 3.192s)

    vN Entropy at center bond b=151 = 0.795125451780
    Eigs at center bond b=151: 0.6641 0.3003 0.0194 0.0079 0.0060 0.0016 
    Largest link dim during sweep 56/87 was 51
    Largest truncation error: 8.42292e-09
    Energy after sweep 56/87 is -176.860192565331
    Sweep 56/87 CPU time = 25.02s (Wall time = 3.205s)

    vN Entropy at center bond b=151 = 0.795125451780
    Eigs at center bond b=151: 0.6641 0.3003 0.0194 0.0079 0.0060 0.0016 
    Largest link dim during sweep 57/87 was 51
    Largest truncation error: 8.42292e-09
    Energy after sweep 57/87 is -176.860192565332
    Sweep 57/87 CPU time = 24.85s (Wall time = 3.206s)

    vN Entropy at center bond b=151 = 0.795125451780
    Eigs at center bond b=151: 0.6641 0.3003 0.0194 0.0079 0.0060 0.0016 
    Largest link dim during sweep 58/87 was 51
    Largest truncation error: 8.42292e-09
    Energy after sweep 58/87 is -176.860192565331
    Sweep 58/87 CPU time = 25.07s (Wall time = 3.213s)

    vN Entropy at center bond b=151 = 0.795164055712
    Eigs at center bond b=151: 0.6640 0.3004 0.0194 0.0079 0.0060 0.0016 
    Largest link dim during sweep 59/87 was 94
    Largest truncation error: 7.4874e-11
    Energy after sweep 59/87 is -176.860206011455
    Sweep 59/87 CPU time = 1m, 16.3s (Wall time = 9.795s)

    vN Entropy at center bond b=151 = 0.795165232266
    Eigs at center bond b=151: 0.6640 0.3004 0.0194 0.0079 0.0060 0.0016 
    Largest link dim during sweep 60/87 was 96
    Largest truncation error: 7.64594e-11
    Energy after sweep 60/87 is -176.860206061841
    Sweep 60/87 CPU time = 1m, 41.9s (Wall time = 13.06s)

    vN Entropy at center bond b=151 = 0.795165252861
    Eigs at center bond b=151: 0.6640 0.3004 0.0194 0.0079 0.0060 0.0016 
    Largest link dim during sweep 61/87 was 97
    Largest truncation error: 7.64518e-11
    Energy after sweep 61/87 is -176.860206062378
    Sweep 61/87 CPU time = 1m, 36.0s (Wall time = 12.30s)

    vN Entropy at center bond b=151 = 0.795165253400
    Eigs at center bond b=151: 0.6640 0.3004 0.0194 0.0079 0.0060 0.0016 
    Largest link dim during sweep 62/87 was 97
    Largest truncation error: 7.64572e-11
    Energy after sweep 62/87 is -176.860206062356
    Sweep 62/87 CPU time = 1m, 35.6s (Wall time = 12.26s)

    vN Entropy at center bond b=151 = 0.795165253426
    Eigs at center bond b=151: 0.6640 0.3004 0.0194 0.0079 0.0060 0.0016 
    Largest link dim during sweep 63/87 was 97
    Largest truncation error: 7.64576e-11
    Energy after sweep 63/87 is -176.860206062350
    Sweep 63/87 CPU time = 1m, 35.4s (Wall time = 12.20s)

    vN Entropy at center bond b=151 = 0.795165253428
    Eigs at center bond b=151: 0.6640 0.3004 0.0194 0.0079 0.0060 0.0016 
    Largest link dim during sweep 64/87 was 97
    Largest truncation error: 7.64574e-11
    Energy after sweep 64/87 is -176.860206062349
    Sweep 64/87 CPU time = 1m, 35.2s (Wall time = 12.20s)

    vN Entropy at center bond b=151 = 0.795165253429
    Eigs at center bond b=151: 0.6640 0.3004 0.0194 0.0079 0.0060 0.0016 
    Largest link dim during sweep 65/87 was 97
    Largest truncation error: 7.64577e-11
    Energy after sweep 65/87 is -176.860206062348
    Sweep 65/87 CPU time = 1m, 34.6s (Wall time = 12.12s)

    vN Entropy at center bond b=151 = 0.795165253429
    Eigs at center bond b=151: 0.6640 0.3004 0.0194 0.0079 0.0060 0.0016 
    Largest link dim during sweep 66/87 was 97
    Largest truncation error: 7.64575e-11
    Energy after sweep 66/87 is -176.860206062345
    Sweep 66/87 CPU time = 1m, 35.0s (Wall time = 12.17s)

    vN Entropy at center bond b=151 = 0.795165253429
    Eigs at center bond b=151: 0.6640 0.3004 0.0194 0.0079 0.0060 0.0016 
    Largest link dim during sweep 67/87 was 97
    Largest truncation error: 7.64574e-11
    Energy after sweep 67/87 is -176.860206062348
    Sweep 67/87 CPU time = 1m, 35.4s (Wall time = 12.22s)

    vN Entropy at center bond b=151 = 0.795165253429
    Eigs at center bond b=151: 0.6640 0.3004 0.0194 0.0079 0.0060 0.0016 
    Largest link dim during sweep 68/87 was 97
    Largest truncation error: 7.64575e-11
    Energy after sweep 68/87 is -176.860206062346
    Sweep 68/87 CPU time = 1m, 35.3s (Wall time = 12.20s)

    vN Entropy at center bond b=151 = 0.795165253429
    Eigs at center bond b=151: 0.6640 0.3004 0.0194 0.0079 0.0060 0.0016 
    Largest link dim during sweep 69/87 was 97
    Largest truncation error: 7.64575e-11
    Energy after sweep 69/87 is -176.860206062343
    Sweep 69/87 CPU time = 1m, 35.3s (Wall time = 12.22s)

    vN Entropy at center bond b=151 = 0.795165253429
    Eigs at center bond b=151: 0.6640 0.3004 0.0194 0.0079 0.0060 0.0016 
    Largest link dim during sweep 70/87 was 97
    Largest truncation error: 7.64574e-11
    Energy after sweep 70/87 is -176.860206062338
    Sweep 70/87 CPU time = 1m, 35.0s (Wall time = 12.16s)

    vN Entropy at center bond b=151 = 0.795165253429
    Eigs at center bond b=151: 0.6640 0.3004 0.0194 0.0079 0.0060 0.0016 
    Largest link dim during sweep 71/87 was 97
    Largest truncation error: 7.64575e-11
    Energy after sweep 71/87 is -176.860206062340
    Sweep 71/87 CPU time = 1m, 35.4s (Wall time = 12.22s)

    vN Entropy at center bond b=151 = 0.795165253429
    Eigs at center bond b=151: 0.6640 0.3004 0.0194 0.0079 0.0060 0.0016 
    Largest link dim during sweep 72/87 was 97
    Largest truncation error: 7.64576e-11
    Energy after sweep 72/87 is -176.860206062345
    Sweep 72/87 CPU time = 1m, 35.2s (Wall time = 12.19s)

    vN Entropy at center bond b=151 = 0.795165253429
    Eigs at center bond b=151: 0.6640 0.3004 0.0194 0.0079 0.0060 0.0016 
    Largest link dim during sweep 73/87 was 97
    Largest truncation error: 7.64575e-11
    Energy after sweep 73/87 is -176.860206062349
    Sweep 73/87 CPU time = 1m, 35.2s (Wall time = 12.19s)

    vN Entropy at center bond b=151 = 0.795165253429
    Eigs at center bond b=151: 0.6640 0.3004 0.0194 0.0079 0.0060 0.0016 
    Largest link dim during sweep 74/87 was 97
    Largest truncation error: 7.64575e-11
    Energy after sweep 74/87 is -176.860206062351
    Sweep 74/87 CPU time = 1m, 40.0s (Wall time = 12.80s)

    vN Entropy at center bond b=151 = 0.795167939893
    Eigs at center bond b=151: 0.6640 0.3004 0.0194 0.0079 0.0060 0.0016 
    Largest link dim during sweep 75/87 was 170
    Largest truncation error: 7.88033e-13
    Energy after sweep 75/87 is -176.860206231993
    Sweep 75/87 CPU time = 3m, 12.8s (Wall time = 26.13s)

    vN Entropy at center bond b=151 = 0.795167988488
    Eigs at center bond b=151: 0.6640 0.3004 0.0194 0.0079 0.0060 0.0016 
    Largest link dim during sweep 76/87 was 172
    Largest truncation error: 7.66554e-13
    Energy after sweep 76/87 is -176.860206232419
    Sweep 76/87 CPU time = 4m, 52.8s (Wall time = 38.39s)

    vN Entropy at center bond b=151 = 0.795167990031
    Eigs at center bond b=151: 0.6640 0.3004 0.0194 0.0079 0.0060 0.0016 
    Largest link dim during sweep 77/87 was 172
    Largest truncation error: 7.66228e-13
    Energy after sweep 77/87 is -176.860206232446
    Sweep 77/87 CPU time = 5m, 6.0s (Wall time = 39.72s)

    vN Entropy at center bond b=151 = 0.795167990232
    Eigs at center bond b=151: 0.6640 0.3004 0.0194 0.0079 0.0060 0.0016 
    Largest link dim during sweep 78/87 was 172
    Largest truncation error: 7.66347e-13
    Energy after sweep 78/87 is -176.860206232439
    Sweep 78/87 CPU time = 5m, 11.6s (Wall time = 40.19s)

    vN Entropy at center bond b=151 = 0.795167990251
    Eigs at center bond b=151: 0.6640 0.3004 0.0194 0.0079 0.0060 0.0016 
    Largest link dim during sweep 79/87 was 172
    Largest truncation error: 7.66278e-13
    Energy after sweep 79/87 is -176.860206232441
    Sweep 79/87 CPU time = 5m, 11.9s (Wall time = 40.30s)

    vN Entropy at center bond b=151 = 0.795167990254
    Eigs at center bond b=151: 0.6640 0.3004 0.0194 0.0079 0.0060 0.0016 
    Largest link dim during sweep 80/87 was 172
    Largest truncation error: 7.664e-13
    Energy after sweep 80/87 is -176.860206232442
    Sweep 80/87 CPU time = 5m, 13.4s (Wall time = 40.62s)

    vN Entropy at center bond b=151 = 0.795167990255
    Eigs at center bond b=151: 0.6640 0.3004 0.0194 0.0079 0.0060 0.0016 
    Largest link dim during sweep 81/87 was 172
    Largest truncation error: 7.66235e-13
    Energy after sweep 81/87 is -176.860206232443
    Sweep 81/87 CPU time = 5m, 12.3s (Wall time = 40.66s)

    vN Entropy at center bond b=151 = 0.795167990255
    Eigs at center bond b=151: 0.6640 0.3004 0.0194 0.0079 0.0060 0.0016 
    Largest link dim during sweep 82/87 was 172
    Largest truncation error: 7.66466e-13
    Energy after sweep 82/87 is -176.860206232442
    Sweep 82/87 CPU time = 5m, 17.4s (Wall time = 41.31s)

    vN Entropy at center bond b=151 = 0.795168250761
    Eigs at center bond b=151: 0.6640 0.3004 0.0194 0.0079 0.0060 0.0016 
    Largest link dim during sweep 83/87 was 160
    Largest truncation error: 7.57344e-13
    Energy after sweep 83/87 is -176.860206231884
    Sweep 83/87 CPU time = 3m, 41.4s (Wall time = 28.68s)

    vN Entropy at center bond b=151 = 0.795168257410
    Eigs at center bond b=151: 0.6640 0.3004 0.0194 0.0079 0.0060 0.0016 
    Largest link dim during sweep 84/87 was 270
    Largest truncation error: 7.61216e-15
    Energy after sweep 84/87 is -176.860206234442
    Sweep 84/87 CPU time = 9m, 46.3s (Wall time = 1m, 19.3s)

    vN Entropy at center bond b=151 = 0.795168258651
    Eigs at center bond b=151: 0.6640 0.3004 0.0194 0.0079 0.0060 0.0016 
    Largest link dim during sweep 85/87 was 273
    Largest truncation error: 7.51041e-15
    Energy after sweep 85/87 is -176.860206234460
    Sweep 85/87 CPU time = 13m, 52s (Wall time = 1m, 48.6s)

    vN Entropy at center bond b=151 = 0.795168258693
    Eigs at center bond b=151: 0.6640 0.3004 0.0194 0.0079 0.0060 0.0016 
    Largest link dim during sweep 86/87 was 273
    Largest truncation error: 7.50117e-15
    Energy after sweep 86/87 is -176.860206234453
    Sweep 86/87 CPU time = 12m, 33s (Wall time = 1m, 36.6s)

    vN Entropy at center bond b=151 = 0.795168258698
    Eigs at center bond b=151: 0.6640 0.3004 0.0194 0.0079 0.0060 0.0016 
    Largest link dim during sweep 87/87 was 273
    Largest truncation error: 7.50142e-15
    Energy after sweep 87/87 is -176.860206234451
    Sweep 87/87 CPU time = 12m, 29s (Wall time = 1m, 35.9s)
Initial energy = 150.00000

Ground State Energy = -176.8602062345
run_outputs/outputpsi/N_303_sweep_87_t_0.030000_J_1.000000_V_0.600000_D_0.018000_U_0.500000_mu_0.000000_E_0.000000 converge
Wall-clock time (s) = 5093.618980
