//////////////////////////
Reading input file ......

Got input.N = 303
Got input.t = 0.03
Got input.J = 1
Got input.V = 0.6
Got input.D = 0.018
Got input.U = -0.01
Got input.mu = 0
Got input.E = 0
Got input.nsweeps = 87
Sweeps:
1  MaxDim=20, MinDim=20, Cutoff=1.0E-06, Niter=8, Noise=1.0E-05
2  MaxDim=20, MinDim=20, Cutoff=1.0E-06, Niter=8, Noise=1.0E-05
3  MaxDim=20, MinDim=20, Cutoff=1.0E-06, Niter=8, Noise=1.0E-05
4  MaxDim=20, MinDim=20, Cutoff=1.0E-06, Niter=8, Noise=1.0E-05
5  MaxDim=20, MinDim=20, Cutoff=1.0E-06, Niter=8, Noise=1.0E-05
6  MaxDim=20, MinDim=20, Cutoff=1.0E-06, Niter=8, Noise=1.0E-05
7  MaxDim=20, MinDim=20, Cutoff=1.0E-06, Niter=8, Noise=1.0E-05
8  MaxDim=40, MinDim=20, Cutoff=1.0E-06, Niter=4, Noise=1.0E-05
9  MaxDim=40, MinDim=20, Cutoff=1.0E-06, Niter=4, Noise=1.0E-05
10  MaxDim=40, MinDim=20, Cutoff=1.0E-06, Niter=4, Noise=1.0E-05
11  MaxDim=40, MinDim=20, Cutoff=1.0E-06, Niter=4, Noise=1.0E-05
12  MaxDim=40, MinDim=20, Cutoff=1.0E-06, Niter=4, Noise=1.0E-05
13  MaxDim=40, MinDim=20, Cutoff=1.0E-06, Niter=4, Noise=1.0E-05
14  MaxDim=40, MinDim=20, Cutoff=1.0E-06, Niter=4, Noise=1.0E-05
15  MaxDim=80, MinDim=10, Cutoff=1.0E-06, Niter=4, Noise=1.0E-05
16  MaxDim=80, MinDim=10, Cutoff=1.0E-06, Niter=4, Noise=1.0E-05
17  MaxDim=80, MinDim=10, Cutoff=1.0E-06, Niter=4, Noise=1.0E-05
18  MaxDim=80, MinDim=10, Cutoff=1.0E-06, Niter=4, Noise=1.0E-05
19  MaxDim=80, MinDim=10, Cutoff=1.0E-06, Niter=4, Noise=1.0E-05
20  MaxDim=80, MinDim=10, Cutoff=1.0E-06, Niter=4, Noise=1.0E-05
21  MaxDim=80, MinDim=10, Cutoff=1.0E-06, Niter=4, Noise=1.0E-05
22  MaxDim=80, MinDim=10, Cutoff=1.0E-06, Niter=4, Noise=1.0E-05
23  MaxDim=80, MinDim=10, Cutoff=1.0E-06, Niter=4, Noise=1.0E-05
24  MaxDim=80, MinDim=10, Cutoff=1.0E-06, Niter=4, Noise=1.0E-05
25  MaxDim=80, MinDim=10, Cutoff=1.0E-06, Niter=4, Noise=1.0E-05
26  MaxDim=80, MinDim=10, Cutoff=1.0E-06, Niter=4, Noise=1.0E-05
27  MaxDim=80, MinDim=10, Cutoff=1.0E-06, Niter=4, Noise=1.0E-05
28  MaxDim=80, MinDim=10, Cutoff=1.0E-06, Niter=4, Noise=1.0E-05
29  MaxDim=80, MinDim=10, Cutoff=1.0E-06, Niter=4, Noise=1.0E-05
30  MaxDim=80, MinDim=10, Cutoff=1.0E-06, Niter=4, Noise=1.0E-05
31  MaxDim=80, MinDim=10, Cutoff=1.0E-06, Niter=4, Noise=1.0E-05
32  MaxDim=80, MinDim=10, Cutoff=1.0E-06, Niter=4, Noise=1.0E-05
33  MaxDim=80, MinDim=10, Cutoff=1.0E-06, Niter=4, Noise=1.0E-05
34  MaxDim=80, MinDim=10, Cutoff=1.0E-06, Niter=4, Noise=1.0E-05
35  MaxDim=80, MinDim=10, Cutoff=1.0E-06, Niter=4, Noise=1.0E-05
36  MaxDim=80, MinDim=10, Cutoff=1.0E-06, Niter=4, Noise=1.0E-05
37  MaxDim=160, MinDim=10, Cutoff=1.0E-08, Niter=4, Noise=1.0E-06
38  MaxDim=160, MinDim=10, Cutoff=1.0E-08, Niter=4, Noise=1.0E-06
39  MaxDim=160, MinDim=10, Cutoff=1.0E-08, Niter=4, Noise=1.0E-06
40  MaxDim=160, MinDim=10, Cutoff=1.0E-08, Niter=4, Noise=1.0E-06
41  MaxDim=160, MinDim=10, Cutoff=1.0E-08, Niter=4, Noise=1.0E-06
42  MaxDim=160, MinDim=10, Cutoff=1.0E-08, Niter=4, Noise=1.0E-06
43  MaxDim=160, MinDim=10, Cutoff=1.0E-08, Niter=4, Noise=1.0E-06
44  MaxDim=160, MinDim=10, Cutoff=1.0E-08, Niter=4, Noise=1.0E-06
45  MaxDim=160, MinDim=10, Cutoff=1.0E-08, Niter=4, Noise=1.0E-06
46  MaxDim=160, MinDim=10, Cutoff=1.0E-08, Niter=4, Noise=1.0E-06
47  MaxDim=160, MinDim=10, Cutoff=1.0E-08, Niter=4, Noise=1.0E-06
48  MaxDim=160, MinDim=10, Cutoff=1.0E-08, Niter=4, Noise=1.0E-06
49  MaxDim=160, MinDim=10, Cutoff=1.0E-08, Niter=4, Noise=1.0E-06
50  MaxDim=160, MinDim=10, Cutoff=1.0E-08, Niter=4, Noise=1.0E-06
51  MaxDim=160, MinDim=10, Cutoff=1.0E-08, Niter=4, Noise=1.0E-06
52  MaxDim=160, MinDim=10, Cutoff=1.0E-08, Niter=4, Noise=1.0E-06
53  MaxDim=160, MinDim=10, Cutoff=1.0E-08, Niter=4, Noise=1.0E-06
54  MaxDim=160, MinDim=10, Cutoff=1.0E-08, Niter=4, Noise=1.0E-06
55  MaxDim=160, MinDim=10, Cutoff=1.0E-08, Niter=4, Noise=1.0E-06
56  MaxDim=160, MinDim=10, Cutoff=1.0E-08, Niter=4, Noise=1.0E-06
57  MaxDim=160, MinDim=10, Cutoff=1.0E-08, Niter=4, Noise=1.0E-06
58  MaxDim=160, MinDim=10, Cutoff=1.0E-08, Niter=4, Noise=1.0E-06
59  MaxDim=320, MinDim=10, Cutoff=1.0E-10, Niter=4, Noise=1.0E-07
60  MaxDim=320, MinDim=10, Cutoff=1.0E-10, Niter=4, Noise=1.0E-07
61  MaxDim=320, MinDim=10, Cutoff=1.0E-10, Niter=4, Noise=1.0E-07
62  MaxDim=320, MinDim=10, Cutoff=1.0E-10, Niter=4, Noise=1.0E-07
63  MaxDim=320, MinDim=10, Cutoff=1.0E-10, Niter=4, Noise=1.0E-07
64  MaxDim=320, MinDim=10, Cutoff=1.0E-10, Niter=4, Noise=1.0E-07
65  MaxDim=320, MinDim=10, Cutoff=1.0E-10, Niter=4, Noise=1.0E-07
66  MaxDim=320, MinDim=10, Cutoff=1.0E-10, Niter=4, Noise=1.0E-07
67  MaxDim=320, MinDim=10, Cutoff=1.0E-10, Niter=4, Noise=1.0E-07
68  MaxDim=320, MinDim=10, Cutoff=1.0E-10, Niter=4, Noise=1.0E-07
69  MaxDim=320, MinDim=10, Cutoff=1.0E-10, Niter=4, Noise=1.0E-07
70  MaxDim=320, MinDim=10, Cutoff=1.0E-10, Niter=4, Noise=1.0E-07
71  MaxDim=320, MinDim=10, Cutoff=1.0E-10, Niter=4, Noise=1.0E-07
72  MaxDim=320, MinDim=10, Cutoff=1.0E-10, Niter=4, Noise=1.0E-07
73  MaxDim=320, MinDim=10, Cutoff=1.0E-10, Niter=4, Noise=1.0E-07
74  MaxDim=320, MinDim=10, Cutoff=1.0E-10, Niter=4, Noise=1.0E-07
75  MaxDim=640, MinDim=10, Cutoff=1.0E-12, Niter=2, Noise=1.0E-08
76  MaxDim=640, MinDim=10, Cutoff=1.0E-12, Niter=2, Noise=1.0E-08
77  MaxDim=640, MinDim=10, Cutoff=1.0E-12, Niter=2, Noise=1.0E-08
78  MaxDim=640, MinDim=10, Cutoff=1.0E-12, Niter=2, Noise=1.0E-08
79  MaxDim=640, MinDim=10, Cutoff=1.0E-12, Niter=2, Noise=1.0E-08
80  MaxDim=640, MinDim=10, Cutoff=1.0E-12, Niter=2, Noise=1.0E-08
81  MaxDim=640, MinDim=10, Cutoff=1.0E-12, Niter=2, Noise=1.0E-08
82  MaxDim=640, MinDim=10, Cutoff=1.0E-12, Niter=2, Noise=1.0E-08
83  MaxDim=1280, MinDim=10, Cutoff=1.0E-12, Niter=2, Noise=0.0E+00
84  MaxDim=1280, MinDim=10, Cutoff=1.0E-14, Niter=2, Noise=0.0E+00
85  MaxDim=1280, MinDim=10, Cutoff=1.0E-14, Niter=2, Noise=0.0E+00
86  MaxDim=1280, MinDim=10, Cutoff=1.0E-14, Niter=2, Noise=0.0E+00
87  MaxDim=1280, MinDim=10, Cutoff=1.0E-14, Niter=2, Noise=0.0E+00


    vN Entropy at center bond b=151 = 0.590002082985
    Eigs at center bond b=151: 0.8291 0.1216 0.0409 0.0060 0.0013 
    Largest link dim during sweep 1/87 was 20
    Largest truncation error: 9.14502e-06
    Energy after sweep 1/87 is -198.679430771790
    Sweep 1/87 CPU time = 8.926s (Wall time = 1.156s)

    vN Entropy at center bond b=151 = 0.623406962750
    Eigs at center bond b=151: 0.8188 0.1224 0.0489 0.0073 0.0017 
    Largest link dim during sweep 2/87 was 20
    Largest truncation error: 1.0169e-06
    Energy after sweep 2/87 is -198.702346798499
    Sweep 2/87 CPU time = 12.42s (Wall time = 1.591s)

    vN Entropy at center bond b=151 = 0.623668954522
    Eigs at center bond b=151: 0.8187 0.1224 0.0489 0.0073 0.0018 
    Largest link dim during sweep 3/87 was 20
    Largest truncation error: 9.11431e-07
    Energy after sweep 3/87 is -198.702350043417
    Sweep 3/87 CPU time = 12.45s (Wall time = 1.591s)

    vN Entropy at center bond b=151 = 0.623671994137
    Eigs at center bond b=151: 0.8187 0.1224 0.0489 0.0073 0.0018 
    Largest link dim during sweep 4/87 was 20
    Largest truncation error: 9.19056e-07
    Energy after sweep 4/87 is -198.702349858906
    Sweep 4/87 CPU time = 12.44s (Wall time = 1.591s)

    vN Entropy at center bond b=151 = 0.623672034883
    Eigs at center bond b=151: 0.8187 0.1224 0.0489 0.0073 0.0018 
    Largest link dim during sweep 5/87 was 20
    Largest truncation error: 9.23009e-07
    Energy after sweep 5/87 is -198.702349815608
    Sweep 5/87 CPU time = 12.39s (Wall time = 1.592s)

    vN Entropy at center bond b=151 = 0.623672032758
    Eigs at center bond b=151: 0.8187 0.1224 0.0489 0.0073 0.0018 
    Largest link dim during sweep 6/87 was 20
    Largest truncation error: 9.23183e-07
    Energy after sweep 6/87 is -198.702349809959
    Sweep 6/87 CPU time = 12.44s (Wall time = 1.591s)

    vN Entropy at center bond b=151 = 0.623672032457
    Eigs at center bond b=151: 0.8187 0.1224 0.0489 0.0073 0.0018 
    Largest link dim during sweep 7/87 was 20
    Largest truncation error: 9.23148e-07
    Energy after sweep 7/87 is -198.702349809234
    Sweep 7/87 CPU time = 12.42s (Wall time = 1.591s)

    vN Entropy at center bond b=151 = 0.623655117067
    Eigs at center bond b=151: 0.8187 0.1224 0.0489 0.0073 0.0018 
    Largest link dim during sweep 8/87 was 21
    Largest truncation error: 7.8359e-07
    Energy after sweep 8/87 is -198.702354051395
    Sweep 8/87 CPU time = 6.732s (Wall time = 0.864s)

    vN Entropy at center bond b=151 = 0.623653488317
    Eigs at center bond b=151: 0.8187 0.1224 0.0489 0.0073 0.0018 
    Largest link dim during sweep 9/87 was 21
    Largest truncation error: 7.864e-07
    Energy after sweep 9/87 is -198.702354154481
    Sweep 9/87 CPU time = 6.758s (Wall time = 0.860s)

    vN Entropy at center bond b=151 = 0.623652172173
    Eigs at center bond b=151: 0.8187 0.1224 0.0489 0.0073 0.0018 
    Largest link dim during sweep 10/87 was 21
    Largest truncation error: 7.87828e-07
    Energy after sweep 10/87 is -198.702354196802
    Sweep 10/87 CPU time = 6.747s (Wall time = 0.863s)

    vN Entropy at center bond b=151 = 0.623651373940
    Eigs at center bond b=151: 0.8187 0.1224 0.0489 0.0073 0.0018 
    Largest link dim during sweep 11/87 was 21
    Largest truncation error: 7.88496e-07
    Energy after sweep 11/87 is -198.702354218379
    Sweep 11/87 CPU time = 6.754s (Wall time = 0.863s)

    vN Entropy at center bond b=151 = 0.623650919287
    Eigs at center bond b=151: 0.8187 0.1224 0.0489 0.0073 0.0018 
    Largest link dim during sweep 12/87 was 21
    Largest truncation error: 7.88801e-07
    Energy after sweep 12/87 is -198.702354230177
    Sweep 12/87 CPU time = 6.750s (Wall time = 0.866s)

    vN Entropy at center bond b=151 = 0.623650665165
    Eigs at center bond b=151: 0.8187 0.1224 0.0489 0.0073 0.0018 
    Largest link dim during sweep 13/87 was 21
    Largest truncation error: 7.88936e-07
    Energy after sweep 13/87 is -198.702354236755
    Sweep 13/87 CPU time = 6.785s (Wall time = 0.868s)

    vN Entropy at center bond b=151 = 0.623650524141
    Eigs at center bond b=151: 0.8187 0.1224 0.0489 0.0073 0.0018 
    Largest link dim during sweep 14/87 was 21
    Largest truncation error: 7.88994e-07
    Energy after sweep 14/87 is -198.702354240437
    Sweep 14/87 CPU time = 6.766s (Wall time = 0.866s)

    vN Entropy at center bond b=151 = 0.623393197479
    Eigs at center bond b=151: 0.8187 0.1224 0.0489 0.0073 0.0018 
    Largest link dim during sweep 15/87 was 20
    Largest truncation error: 8.18095e-07
    Energy after sweep 15/87 is -198.702055074309
    Sweep 15/87 CPU time = 6.123s (Wall time = 0.785s)

    vN Entropy at center bond b=151 = 0.623294191358
    Eigs at center bond b=151: 0.8188 0.1224 0.0489 0.0073 0.0017 
    Largest link dim during sweep 16/87 was 20
    Largest truncation error: 8.18429e-07
    Energy after sweep 16/87 is -198.702043768657
    Sweep 16/87 CPU time = 6.028s (Wall time = 0.769s)

    vN Entropy at center bond b=151 = 0.623261200006
    Eigs at center bond b=151: 0.8188 0.1224 0.0489 0.0073 0.0017 
    Largest link dim during sweep 17/87 was 20
    Largest truncation error: 8.40423e-07
    Energy after sweep 17/87 is -198.702038551667
    Sweep 17/87 CPU time = 5.992s (Wall time = 0.767s)

    vN Entropy at center bond b=151 = 0.623249113572
    Eigs at center bond b=151: 0.8188 0.1224 0.0489 0.0073 0.0017 
    Largest link dim during sweep 18/87 was 20
    Largest truncation error: 8.1846e-07
    Energy after sweep 18/87 is -198.702037342138
    Sweep 18/87 CPU time = 6.014s (Wall time = 0.765s)

    vN Entropy at center bond b=151 = 0.623244687906
    Eigs at center bond b=151: 0.8188 0.1224 0.0489 0.0073 0.0017 
    Largest link dim during sweep 19/87 was 20
    Largest truncation error: 8.10812e-07
    Energy after sweep 19/87 is -198.702036908468
    Sweep 19/87 CPU time = 6.066s (Wall time = 0.773s)

    vN Entropy at center bond b=151 = 0.623243050907
    Eigs at center bond b=151: 0.8188 0.1224 0.0489 0.0073 0.0017 
    Largest link dim during sweep 20/87 was 20
    Largest truncation error: 8.18879e-07
    Energy after sweep 20/87 is -198.702036290428
    Sweep 20/87 CPU time = 6.010s (Wall time = 0.768s)

    vN Entropy at center bond b=151 = 0.623242435024
    Eigs at center bond b=151: 0.8188 0.1224 0.0489 0.0073 0.0017 
    Largest link dim during sweep 21/87 was 20
    Largest truncation error: 8.2713e-07
    Energy after sweep 21/87 is -198.702035841584
    Sweep 21/87 CPU time = 6.009s (Wall time = 0.767s)

    vN Entropy at center bond b=151 = 0.623242198410
    Eigs at center bond b=151: 0.8188 0.1224 0.0489 0.0073 0.0017 
    Largest link dim during sweep 22/87 was 20
    Largest truncation error: 8.30309e-07
    Energy after sweep 22/87 is -198.702035666641
    Sweep 22/87 CPU time = 6.020s (Wall time = 0.769s)

    vN Entropy at center bond b=151 = 0.623242105387
    Eigs at center bond b=151: 0.8188 0.1224 0.0489 0.0073 0.0017 
    Largest link dim during sweep 23/87 was 20
    Largest truncation error: 8.31592e-07
    Energy after sweep 23/87 is -198.702035630136
    Sweep 23/87 CPU time = 6.023s (Wall time = 0.768s)

    vN Entropy at center bond b=151 = 0.623242067950
    Eigs at center bond b=151: 0.8188 0.1224 0.0489 0.0073 0.0017 
    Largest link dim during sweep 24/87 was 20
    Largest truncation error: 8.32177e-07
    Energy after sweep 24/87 is -198.702033605110
    Sweep 24/87 CPU time = 5.973s (Wall time = 0.767s)

    vN Entropy at center bond b=151 = 0.623242052527
    Eigs at center bond b=151: 0.8188 0.1224 0.0489 0.0073 0.0017 
    Largest link dim during sweep 25/87 was 20
    Largest truncation error: 8.32463e-07
    Energy after sweep 25/87 is -198.702033305008
    Sweep 25/87 CPU time = 6.015s (Wall time = 0.768s)

    vN Entropy at center bond b=151 = 0.623242046037
    Eigs at center bond b=151: 0.8188 0.1224 0.0489 0.0073 0.0017 
    Largest link dim during sweep 26/87 was 20
    Largest truncation error: 8.3261e-07
    Energy after sweep 26/87 is -198.702033393128
    Sweep 26/87 CPU time = 5.993s (Wall time = 0.766s)

    vN Entropy at center bond b=151 = 0.623242043253
    Eigs at center bond b=151: 0.8188 0.1224 0.0489 0.0073 0.0017 
    Largest link dim during sweep 27/87 was 20
    Largest truncation error: 8.32687e-07
    Energy after sweep 27/87 is -198.702033420364
    Sweep 27/87 CPU time = 6.051s (Wall time = 0.770s)

    vN Entropy at center bond b=151 = 0.623242042040
    Eigs at center bond b=151: 0.8188 0.1224 0.0489 0.0073 0.0017 
    Largest link dim during sweep 28/87 was 20
    Largest truncation error: 8.32727e-07
    Energy after sweep 28/87 is -198.702033423520
    Sweep 28/87 CPU time = 5.981s (Wall time = 0.767s)

    vN Entropy at center bond b=151 = 0.623242041504
    Eigs at center bond b=151: 0.8188 0.1224 0.0489 0.0073 0.0017 
    Largest link dim during sweep 29/87 was 20
    Largest truncation error: 8.32749e-07
    Energy after sweep 29/87 is -198.702033408442
    Sweep 29/87 CPU time = 5.982s (Wall time = 0.767s)

    vN Entropy at center bond b=151 = 0.623242041264
    Eigs at center bond b=151: 0.8188 0.1224 0.0489 0.0073 0.0017 
    Largest link dim during sweep 30/87 was 20
    Largest truncation error: 8.3276e-07
    Energy after sweep 30/87 is -198.702033362978
    Sweep 30/87 CPU time = 6.042s (Wall time = 0.768s)

    vN Entropy at center bond b=151 = 0.623242041156
    Eigs at center bond b=151: 0.8188 0.1224 0.0489 0.0073 0.0017 
    Largest link dim during sweep 31/87 was 20
    Largest truncation error: 8.32765e-07
    Energy after sweep 31/87 is -198.702033240334
    Sweep 31/87 CPU time = 6.013s (Wall time = 0.769s)

    vN Entropy at center bond b=151 = 0.623242041107
    Eigs at center bond b=151: 0.8188 0.1224 0.0489 0.0073 0.0017 
    Largest link dim during sweep 32/87 was 20
    Largest truncation error: 8.32765e-07
    Energy after sweep 32/87 is -198.702033084231
    Sweep 32/87 CPU time = 5.992s (Wall time = 0.764s)

    vN Entropy at center bond b=151 = 0.623242041084
    Eigs at center bond b=151: 0.8188 0.1224 0.0489 0.0073 0.0017 
    Largest link dim during sweep 33/87 was 20
    Largest truncation error: 8.32763e-07
    Energy after sweep 33/87 is -198.702033046506
    Sweep 33/87 CPU time = 5.982s (Wall time = 0.765s)

    vN Entropy at center bond b=151 = 0.623242041075
    Eigs at center bond b=151: 0.8188 0.1224 0.0489 0.0073 0.0017 
    Largest link dim during sweep 34/87 was 20
    Largest truncation error: 8.3276e-07
    Energy after sweep 34/87 is -198.702033041067
    Sweep 34/87 CPU time = 6.016s (Wall time = 0.768s)

    vN Entropy at center bond b=151 = 0.623242041069
    Eigs at center bond b=151: 0.8188 0.1224 0.0489 0.0073 0.0017 
    Largest link dim during sweep 35/87 was 20
    Largest truncation error: 8.32758e-07
    Energy after sweep 35/87 is -198.702033039785
    Sweep 35/87 CPU time = 5.973s (Wall time = 0.765s)

    vN Entropy at center bond b=151 = 0.623242041067
    Eigs at center bond b=151: 0.8188 0.1224 0.0489 0.0073 0.0017 
    Largest link dim during sweep 36/87 was 20
    Largest truncation error: 8.32757e-07
    Energy after sweep 36/87 is -198.702033039405
    Sweep 36/87 CPU time = 5.977s (Wall time = 0.764s)

    vN Entropy at center bond b=151 = 0.624124571580
    Eigs at center bond b=151: 0.8185 0.1225 0.0489 0.0073 0.0018 
    Largest link dim during sweep 37/87 was 41
    Largest truncation error: 8.31465e-09
    Energy after sweep 37/87 is -198.702907998548
    Sweep 37/87 CPU time = 11.67s (Wall time = 1.498s)

    vN Entropy at center bond b=151 = 0.624380018269
    Eigs at center bond b=151: 0.8184 0.1225 0.0489 0.0073 0.0018 
    Largest link dim during sweep 38/87 was 45
    Largest truncation error: 8.42068e-09
    Energy after sweep 38/87 is -198.702925242440
    Sweep 38/87 CPU time = 17.04s (Wall time = 2.182s)

    vN Entropy at center bond b=151 = 0.624430050604
    Eigs at center bond b=151: 0.8184 0.1225 0.0490 0.0073 0.0018 
    Largest link dim during sweep 39/87 was 45
    Largest truncation error: 8.44907e-09
    Energy after sweep 39/87 is -198.702926797797
    Sweep 39/87 CPU time = 17.47s (Wall time = 2.243s)

    vN Entropy at center bond b=151 = 0.624439483829
    Eigs at center bond b=151: 0.8184 0.1225 0.0490 0.0073 0.0018 
    Largest link dim during sweep 40/87 was 45
    Largest truncation error: 8.45429e-09
    Energy after sweep 40/87 is -198.702926985360
    Sweep 40/87 CPU time = 17.50s (Wall time = 2.239s)

    vN Entropy at center bond b=151 = 0.624442828983
    Eigs at center bond b=151: 0.8184 0.1225 0.0490 0.0073 0.0018 
    Largest link dim during sweep 41/87 was 45
    Largest truncation error: 8.45615e-09
    Energy after sweep 41/87 is -198.702927384390
    Sweep 41/87 CPU time = 17.73s (Wall time = 2.265s)

    vN Entropy at center bond b=151 = 0.624444621222
    Eigs at center bond b=151: 0.8184 0.1225 0.0490 0.0073 0.0018 
    Largest link dim during sweep 42/87 was 45
    Largest truncation error: 8.45703e-09
    Energy after sweep 42/87 is -198.702927448282
    Sweep 42/87 CPU time = 17.84s (Wall time = 2.281s)

    vN Entropy at center bond b=151 = 0.624445332855
    Eigs at center bond b=151: 0.8184 0.1225 0.0490 0.0073 0.0018 
    Largest link dim during sweep 43/87 was 45
    Largest truncation error: 8.45752e-09
    Energy after sweep 43/87 is -198.702927456459
    Sweep 43/87 CPU time = 17.87s (Wall time = 2.289s)

    vN Entropy at center bond b=151 = 0.624445618811
    Eigs at center bond b=151: 0.8184 0.1225 0.0490 0.0073 0.0018 
    Largest link dim during sweep 44/87 was 45
    Largest truncation error: 8.45779e-09
    Energy after sweep 44/87 is -198.702927457238
    Sweep 44/87 CPU time = 17.80s (Wall time = 2.293s)

    vN Entropy at center bond b=151 = 0.624445735864
    Eigs at center bond b=151: 0.8184 0.1225 0.0490 0.0073 0.0018 
    Largest link dim during sweep 45/87 was 45
    Largest truncation error: 8.45795e-09
    Energy after sweep 45/87 is -198.702927462295
    Sweep 45/87 CPU time = 17.86s (Wall time = 2.280s)

    vN Entropy at center bond b=151 = 0.624445784792
    Eigs at center bond b=151: 0.8184 0.1225 0.0490 0.0073 0.0018 
    Largest link dim during sweep 46/87 was 45
    Largest truncation error: 8.45804e-09
    Energy after sweep 46/87 is -198.702927462363
    Sweep 46/87 CPU time = 17.81s (Wall time = 2.281s)

    vN Entropy at center bond b=151 = 0.624445805711
    Eigs at center bond b=151: 0.8184 0.1225 0.0490 0.0073 0.0018 
    Largest link dim during sweep 47/87 was 45
    Largest truncation error: 8.45809e-09
    Energy after sweep 47/87 is -198.702927462331
    Sweep 47/87 CPU time = 17.75s (Wall time = 2.276s)

    vN Entropy at center bond b=151 = 0.624445814876
    Eigs at center bond b=151: 0.8184 0.1225 0.0490 0.0073 0.0018 
    Largest link dim during sweep 48/87 was 45
    Largest truncation error: 8.45812e-09
    Energy after sweep 48/87 is -198.702927462293
    Sweep 48/87 CPU time = 17.75s (Wall time = 2.274s)

    vN Entropy at center bond b=151 = 0.624445818995
    Eigs at center bond b=151: 0.8184 0.1225 0.0490 0.0073 0.0018 
    Largest link dim during sweep 49/87 was 45
    Largest truncation error: 8.45816e-09
    Energy after sweep 49/87 is -198.702927462348
    Sweep 49/87 CPU time = 17.80s (Wall time = 2.279s)

    vN Entropy at center bond b=151 = 0.624445820895
    Eigs at center bond b=151: 0.8184 0.1225 0.0490 0.0073 0.0018 
    Largest link dim during sweep 50/87 was 45
    Largest truncation error: 8.45818e-09
    Energy after sweep 50/87 is -198.702927462326
    Sweep 50/87 CPU time = 17.78s (Wall time = 2.278s)

    vN Entropy at center bond b=151 = 0.624445821793
    Eigs at center bond b=151: 0.8184 0.1225 0.0490 0.0073 0.0018 
    Largest link dim during sweep 51/87 was 45
    Largest truncation error: 8.4582e-09
    Energy after sweep 51/87 is -198.702927462317
    Sweep 51/87 CPU time = 17.89s (Wall time = 2.291s)

    vN Entropy at center bond b=151 = 0.624445822227
    Eigs at center bond b=151: 0.8184 0.1225 0.0490 0.0073 0.0018 
    Largest link dim during sweep 52/87 was 45
    Largest truncation error: 8.45821e-09
    Energy after sweep 52/87 is -198.702927462304
    Sweep 52/87 CPU time = 17.83s (Wall time = 2.281s)

    vN Entropy at center bond b=151 = 0.624445822441
    Eigs at center bond b=151: 0.8184 0.1225 0.0490 0.0073 0.0018 
    Largest link dim during sweep 53/87 was 45
    Largest truncation error: 8.45821e-09
    Energy after sweep 53/87 is -198.702927462303
    Sweep 53/87 CPU time = 17.79s (Wall time = 2.277s)

    vN Entropy at center bond b=151 = 0.624445822549
    Eigs at center bond b=151: 0.8184 0.1225 0.0490 0.0073 0.0018 
    Largest link dim during sweep 54/87 was 45
    Largest truncation error: 8.45822e-09
    Energy after sweep 54/87 is -198.702927462298
    Sweep 54/87 CPU time = 17.81s (Wall time = 2.279s)

    vN Entropy at center bond b=151 = 0.624445822603
    Eigs at center bond b=151: 0.8184 0.1225 0.0490 0.0073 0.0018 
    Largest link dim during sweep 55/87 was 45
    Largest truncation error: 8.45822e-09
    Energy after sweep 55/87 is -198.702927462298
    Sweep 55/87 CPU time = 17.71s (Wall time = 2.272s)

    vN Entropy at center bond b=151 = 0.624445822631
    Eigs at center bond b=151: 0.8184 0.1225 0.0490 0.0073 0.0018 
    Largest link dim during sweep 56/87 was 45
    Largest truncation error: 8.45822e-09
    Energy after sweep 56/87 is -198.702927462298
    Sweep 56/87 CPU time = 17.82s (Wall time = 2.279s)

    vN Entropy at center bond b=151 = 0.624445822646
    Eigs at center bond b=151: 0.8184 0.1225 0.0490 0.0073 0.0018 
    Largest link dim during sweep 57/87 was 45
    Largest truncation error: 8.45822e-09
    Energy after sweep 57/87 is -198.702927462295
    Sweep 57/87 CPU time = 17.72s (Wall time = 2.279s)

    vN Entropy at center bond b=151 = 0.624445822653
    Eigs at center bond b=151: 0.8184 0.1225 0.0490 0.0073 0.0018 
    Largest link dim during sweep 58/87 was 45
    Largest truncation error: 8.45822e-09
    Energy after sweep 58/87 is -198.702927462295
    Sweep 58/87 CPU time = 17.81s (Wall time = 2.279s)

    vN Entropy at center bond b=151 = 0.624498747699
    Eigs at center bond b=151: 0.8184 0.1226 0.0490 0.0073 0.0018 
    Largest link dim during sweep 59/87 was 82
    Largest truncation error: 8.81675e-11
    Energy after sweep 59/87 is -198.702938387568
    Sweep 59/87 CPU time = 43.48s (Wall time = 5.586s)

    vN Entropy at center bond b=151 = 0.624508625427
    Eigs at center bond b=151: 0.8184 0.1226 0.0490 0.0073 0.0018 
    Largest link dim during sweep 60/87 was 85
    Largest truncation error: 8.83158e-11
    Energy after sweep 60/87 is -198.702938506505
    Sweep 60/87 CPU time = 1m, 9.8s (Wall time = 8.965s)

    vN Entropy at center bond b=151 = 0.624509943830
    Eigs at center bond b=151: 0.8184 0.1226 0.0490 0.0073 0.0018 
    Largest link dim during sweep 61/87 was 86
    Largest truncation error: 8.83383e-11
    Energy after sweep 61/87 is -198.702938511821
    Sweep 61/87 CPU time = 1m, 5.2s (Wall time = 8.363s)

    vN Entropy at center bond b=151 = 0.624510215705
    Eigs at center bond b=151: 0.8184 0.1226 0.0490 0.0073 0.0018 
    Largest link dim during sweep 62/87 was 86
    Largest truncation error: 8.83471e-11
    Energy after sweep 62/87 is -198.702938512103
    Sweep 62/87 CPU time = 1m, 5.2s (Wall time = 8.354s)

    vN Entropy at center bond b=151 = 0.624510301946
    Eigs at center bond b=151: 0.8184 0.1226 0.0490 0.0073 0.0018 
    Largest link dim during sweep 63/87 was 86
    Largest truncation error: 8.83507e-11
    Energy after sweep 63/87 is -198.702938515904
    Sweep 63/87 CPU time = 1m, 5.6s (Wall time = 8.398s)

    vN Entropy at center bond b=151 = 0.624510343783
    Eigs at center bond b=151: 0.8184 0.1226 0.0490 0.0073 0.0018 
    Largest link dim during sweep 64/87 was 86
    Largest truncation error: 8.83523e-11
    Energy after sweep 64/87 is -198.702938516323
    Sweep 64/87 CPU time = 1m, 6.4s (Wall time = 8.496s)

    vN Entropy at center bond b=151 = 0.624510392002
    Eigs at center bond b=151: 0.8184 0.1226 0.0490 0.0073 0.0018 
    Largest link dim during sweep 65/87 was 86
    Largest truncation error: 8.8353e-11
    Energy after sweep 65/87 is -198.702938517069
    Sweep 65/87 CPU time = 1m, 6.8s (Wall time = 8.598s)

    vN Entropy at center bond b=151 = 0.624510417651
    Eigs at center bond b=151: 0.8184 0.1226 0.0490 0.0073 0.0018 
    Largest link dim during sweep 66/87 was 86
    Largest truncation error: 8.83529e-11
    Energy after sweep 66/87 is -198.702938517295
    Sweep 66/87 CPU time = 1m, 6.7s (Wall time = 8.541s)

    vN Entropy at center bond b=151 = 0.624510430371
    Eigs at center bond b=151: 0.8184 0.1226 0.0490 0.0073 0.0018 
    Largest link dim during sweep 67/87 was 86
    Largest truncation error: 8.83536e-11
    Energy after sweep 67/87 is -198.702938517456
    Sweep 67/87 CPU time = 1m, 6.7s (Wall time = 8.546s)

    vN Entropy at center bond b=151 = 0.624510436997
    Eigs at center bond b=151: 0.8184 0.1226 0.0490 0.0073 0.0018 
    Largest link dim during sweep 68/87 was 86
    Largest truncation error: 8.83537e-11
    Energy after sweep 68/87 is -198.702938517500
    Sweep 68/87 CPU time = 1m, 6.8s (Wall time = 8.544s)

    vN Entropy at center bond b=151 = 0.624510440636
    Eigs at center bond b=151: 0.8184 0.1226 0.0490 0.0073 0.0018 
    Largest link dim during sweep 69/87 was 86
    Largest truncation error: 8.83531e-11
    Energy after sweep 69/87 is -198.702938517522
    Sweep 69/87 CPU time = 1m, 6.6s (Wall time = 8.521s)

    vN Entropy at center bond b=151 = 0.624510442700
    Eigs at center bond b=151: 0.8184 0.1226 0.0490 0.0073 0.0018 
    Largest link dim during sweep 70/87 was 86
    Largest truncation error: 8.83534e-11
    Energy after sweep 70/87 is -198.702938517537
    Sweep 70/87 CPU time = 1m, 6.0s (Wall time = 8.443s)

    vN Entropy at center bond b=151 = 0.624510443890
    Eigs at center bond b=151: 0.8184 0.1226 0.0490 0.0073 0.0018 
    Largest link dim during sweep 71/87 was 86
    Largest truncation error: 8.83535e-11
    Energy after sweep 71/87 is -198.702938517549
    Sweep 71/87 CPU time = 1m, 6.5s (Wall time = 8.529s)

    vN Entropy at center bond b=151 = 0.624510444581
    Eigs at center bond b=151: 0.8184 0.1226 0.0490 0.0073 0.0018 
    Largest link dim during sweep 72/87 was 86
    Largest truncation error: 8.83536e-11
    Energy after sweep 72/87 is -198.702938517617
    Sweep 72/87 CPU time = 1m, 6.4s (Wall time = 8.485s)

    vN Entropy at center bond b=151 = 0.624510444982
    Eigs at center bond b=151: 0.8184 0.1226 0.0490 0.0073 0.0018 
    Largest link dim during sweep 73/87 was 86
    Largest truncation error: 8.83532e-11
    Energy after sweep 73/87 is -198.702938517620
    Sweep 73/87 CPU time = 1m, 6.7s (Wall time = 8.519s)

    vN Entropy at center bond b=151 = 0.624510445217
    Eigs at center bond b=151: 0.8184 0.1226 0.0490 0.0073 0.0018 
    Largest link dim during sweep 74/87 was 86
    Largest truncation error: 8.83535e-11
    Energy after sweep 74/87 is -198.702938517624
    Sweep 74/87 CPU time = 1m, 5.9s (Wall time = 8.439s)

    vN Entropy at center bond b=151 = 0.624513947283
    Eigs at center bond b=151: 0.8184 0.1226 0.0490 0.0073 0.0018 
    Largest link dim during sweep 75/87 was 142
    Largest truncation error: 8.35573e-13
    Energy after sweep 75/87 is -198.702938654366
    Sweep 75/87 CPU time = 1m, 39.6s (Wall time = 12.75s)

    vN Entropy at center bond b=151 = 0.624514162255
    Eigs at center bond b=151: 0.8184 0.1226 0.0490 0.0073 0.0018 
    Largest link dim during sweep 76/87 was 147
    Largest truncation error: 8.3573e-13
    Energy after sweep 76/87 is -198.702938655988
    Sweep 76/87 CPU time = 2m, 8.3s (Wall time = 16.43s)

    vN Entropy at center bond b=151 = 0.624514259938
    Eigs at center bond b=151: 0.8184 0.1226 0.0490 0.0073 0.0018 
    Largest link dim during sweep 77/87 was 146
    Largest truncation error: 8.35748e-13
    Energy after sweep 77/87 is -198.702938656397
    Sweep 77/87 CPU time = 2m, 10.1s (Wall time = 16.71s)

    vN Entropy at center bond b=151 = 0.624514311223
    Eigs at center bond b=151: 0.8184 0.1226 0.0490 0.0073 0.0018 
    Largest link dim during sweep 78/87 was 146
    Largest truncation error: 8.35714e-13
    Energy after sweep 78/87 is -198.702938656565
    Sweep 78/87 CPU time = 2m, 11.1s (Wall time = 16.82s)

    vN Entropy at center bond b=151 = 0.624514340821
    Eigs at center bond b=151: 0.8184 0.1226 0.0490 0.0073 0.0018 
    Largest link dim during sweep 79/87 was 146
    Largest truncation error: 8.35647e-13
    Energy after sweep 79/87 is -198.702938656641
    Sweep 79/87 CPU time = 2m, 11.8s (Wall time = 16.97s)

    vN Entropy at center bond b=151 = 0.624514358597
    Eigs at center bond b=151: 0.8184 0.1226 0.0490 0.0073 0.0018 
    Largest link dim during sweep 80/87 was 146
    Largest truncation error: 8.36029e-13
    Energy after sweep 80/87 is -198.702938656669
    Sweep 80/87 CPU time = 2m, 12.7s (Wall time = 17.03s)

    vN Entropy at center bond b=151 = 0.624514369388
    Eigs at center bond b=151: 0.8184 0.1226 0.0490 0.0073 0.0018 
    Largest link dim during sweep 81/87 was 146
    Largest truncation error: 8.35855e-13
    Energy after sweep 81/87 is -198.702938656684
    Sweep 81/87 CPU time = 2m, 11.4s (Wall time = 16.87s)

    vN Entropy at center bond b=151 = 0.624514376027
    Eigs at center bond b=151: 0.8184 0.1226 0.0490 0.0073 0.0018 
    Largest link dim during sweep 82/87 was 146
    Largest truncation error: 8.35689e-13
    Energy after sweep 82/87 is -198.702938656700
    Sweep 82/87 CPU time = 2m, 11.2s (Wall time = 16.82s)

    vN Entropy at center bond b=151 = 0.624514732867
    Eigs at center bond b=151: 0.8184 0.1226 0.0490 0.0073 0.0018 
    Largest link dim during sweep 83/87 was 134
    Largest truncation error: 8.30568e-13
    Energy after sweep 83/87 is -198.702938656216
    Sweep 83/87 CPU time = 1m, 40.3s (Wall time = 12.83s)

    vN Entropy at center bond b=151 = 0.624514742617
    Eigs at center bond b=151: 0.8184 0.1226 0.0490 0.0073 0.0018 
    Largest link dim during sweep 84/87 was 223
    Largest truncation error: 8.25099e-15
    Energy after sweep 84/87 is -198.702938658301
    Sweep 84/87 CPU time = 4m, 11.1s (Wall time = 34.31s)

    vN Entropy at center bond b=151 = 0.624514752209
    Eigs at center bond b=151: 0.8184 0.1226 0.0490 0.0073 0.0018 
    Largest link dim during sweep 85/87 was 239
    Largest truncation error: 8.33137e-15
    Energy after sweep 85/87 is -198.702938658378
    Sweep 85/87 CPU time = 7m, 9.5s (Wall time = 57.86s)

    vN Entropy at center bond b=151 = 0.624514756539
    Eigs at center bond b=151: 0.8184 0.1226 0.0490 0.0073 0.0018 
    Largest link dim during sweep 86/87 was 233
    Largest truncation error: 8.2576e-15
    Energy after sweep 86/87 is -198.702938658401
    Sweep 86/87 CPU time = 7m, 21.4s (Wall time = 56.49s)

    vN Entropy at center bond b=151 = 0.624514758539
    Eigs at center bond b=151: 0.8184 0.1226 0.0490 0.0073 0.0018 
    Largest link dim during sweep 87/87 was 229
    Largest truncation error: 8.24863e-15
    Energy after sweep 87/87 is -198.702938658386
    Sweep 87/87 CPU time = 6m, 11.7s (Wall time = 47.63s)
Initial energy = -3.00000

Ground State Energy = -198.7029386584
run_outputs/outputpsi/N_303_sweep_87_t_0.030000_J_1.000000_V_0.600000_D_0.018000_U_-0.010000_mu_0.000000_E_0.000000 converge
Wall-clock time (s) = 2327.828526
