//////////////////////////
Reading input file ......

Got input.N = 303
Got input.t = 0.03
Got input.J = 1
Got input.V = 0.6
Got input.D = 0.018
Got input.U = 0.06
Got input.mu = 0
Got input.E = 0
Got input.nsweeps = 87
Sweeps:
1  MaxDim=20, MinDim=20, Cutoff=1.0E-06, Niter=8, Noise=1.0E-05
2  MaxDim=20, MinDim=20, Cutoff=1.0E-06, Niter=8, Noise=1.0E-05
3  MaxDim=20, MinDim=20, Cutoff=1.0E-06, Niter=8, Noise=1.0E-05
4  MaxDim=20, MinDim=20, Cutoff=1.0E-06, Niter=8, Noise=1.0E-05
5  MaxDim=20, MinDim=20, Cutoff=1.0E-06, Niter=8, Noise=1.0E-05
6  MaxDim=20, MinDim=20, Cutoff=1.0E-06, Niter=8, Noise=1.0E-05
7  MaxDim=20, MinDim=20, Cutoff=1.0E-06, Niter=8, Noise=1.0E-05
8  MaxDim=40, MinDim=20, Cutoff=1.0E-06, Niter=4, Noise=1.0E-05
9  MaxDim=40, MinDim=20, Cutoff=1.0E-06, Niter=4, Noise=1.0E-05
10  MaxDim=40, MinDim=20, Cutoff=1.0E-06, Niter=4, Noise=1.0E-05
11  MaxDim=40, MinDim=20, Cutoff=1.0E-06, Niter=4, Noise=1.0E-05
12  MaxDim=40, MinDim=20, Cutoff=1.0E-06, Niter=4, Noise=1.0E-05
13  MaxDim=40, MinDim=20, Cutoff=1.0E-06, Niter=4, Noise=1.0E-05
14  MaxDim=40, MinDim=20, Cutoff=1.0E-06, Niter=4, Noise=1.0E-05
15  MaxDim=80, MinDim=10, Cutoff=1.0E-06, Niter=4, Noise=1.0E-05
16  MaxDim=80, MinDim=10, Cutoff=1.0E-06, Niter=4, Noise=1.0E-05
17  MaxDim=80, MinDim=10, Cutoff=1.0E-06, Niter=4, Noise=1.0E-05
18  MaxDim=80, MinDim=10, Cutoff=1.0E-06, Niter=4, Noise=1.0E-05
19  MaxDim=80, MinDim=10, Cutoff=1.0E-06, Niter=4, Noise=1.0E-05
20  MaxDim=80, MinDim=10, Cutoff=1.0E-06, Niter=4, Noise=1.0E-05
21  MaxDim=80, MinDim=10, Cutoff=1.0E-06, Niter=4, Noise=1.0E-05
22  MaxDim=80, MinDim=10, Cutoff=1.0E-06, Niter=4, Noise=1.0E-05
23  MaxDim=80, MinDim=10, Cutoff=1.0E-06, Niter=4, Noise=1.0E-05
24  MaxDim=80, MinDim=10, Cutoff=1.0E-06, Niter=4, Noise=1.0E-05
25  MaxDim=80, MinDim=10, Cutoff=1.0E-06, Niter=4, Noise=1.0E-05
26  MaxDim=80, MinDim=10, Cutoff=1.0E-06, Niter=4, Noise=1.0E-05
27  MaxDim=80, MinDim=10, Cutoff=1.0E-06, Niter=4, Noise=1.0E-05
28  MaxDim=80, MinDim=10, Cutoff=1.0E-06, Niter=4, Noise=1.0E-05
29  MaxDim=80, MinDim=10, Cutoff=1.0E-06, Niter=4, Noise=1.0E-05
30  MaxDim=80, MinDim=10, Cutoff=1.0E-06, Niter=4, Noise=1.0E-05
31  MaxDim=80, MinDim=10, Cutoff=1.0E-06, Niter=4, Noise=1.0E-05
32  MaxDim=80, MinDim=10, Cutoff=1.0E-06, Niter=4, Noise=1.0E-05
33  MaxDim=80, MinDim=10, Cutoff=1.0E-06, Niter=4, Noise=1.0E-05
34  MaxDim=80, MinDim=10, Cutoff=1.0E-06, Niter=4, Noise=1.0E-05
35  MaxDim=80, MinDim=10, Cutoff=1.0E-06, Niter=4, Noise=1.0E-05
36  MaxDim=80, MinDim=10, Cutoff=1.0E-06, Niter=4, Noise=1.0E-05
37  MaxDim=160, MinDim=10, Cutoff=1.0E-08, Niter=4, Noise=1.0E-06
38  MaxDim=160, MinDim=10, Cutoff=1.0E-08, Niter=4, Noise=1.0E-06
39  MaxDim=160, MinDim=10, Cutoff=1.0E-08, Niter=4, Noise=1.0E-06
40  MaxDim=160, MinDim=10, Cutoff=1.0E-08, Niter=4, Noise=1.0E-06
41  MaxDim=160, MinDim=10, Cutoff=1.0E-08, Niter=4, Noise=1.0E-06
42  MaxDim=160, MinDim=10, Cutoff=1.0E-08, Niter=4, Noise=1.0E-06
43  MaxDim=160, MinDim=10, Cutoff=1.0E-08, Niter=4, Noise=1.0E-06
44  MaxDim=160, MinDim=10, Cutoff=1.0E-08, Niter=4, Noise=1.0E-06
45  MaxDim=160, MinDim=10, Cutoff=1.0E-08, Niter=4, Noise=1.0E-06
46  MaxDim=160, MinDim=10, Cutoff=1.0E-08, Niter=4, Noise=1.0E-06
47  MaxDim=160, MinDim=10, Cutoff=1.0E-08, Niter=4, Noise=1.0E-06
48  MaxDim=160, MinDim=10, Cutoff=1.0E-08, Niter=4, Noise=1.0E-06
49  MaxDim=160, MinDim=10, Cutoff=1.0E-08, Niter=4, Noise=1.0E-06
50  MaxDim=160, MinDim=10, Cutoff=1.0E-08, Niter=4, Noise=1.0E-06
51  MaxDim=160, MinDim=10, Cutoff=1.0E-08, Niter=4, Noise=1.0E-06
52  MaxDim=160, MinDim=10, Cutoff=1.0E-08, Niter=4, Noise=1.0E-06
53  MaxDim=160, MinDim=10, Cutoff=1.0E-08, Niter=4, Noise=1.0E-06
54  MaxDim=160, MinDim=10, Cutoff=1.0E-08, Niter=4, Noise=1.0E-06
55  MaxDim=160, MinDim=10, Cutoff=1.0E-08, Niter=4, Noise=1.0E-06
56  MaxDim=160, MinDim=10, Cutoff=1.0E-08, Niter=4, Noise=1.0E-06
57  MaxDim=160, MinDim=10, Cutoff=1.0E-08, Niter=4, Noise=1.0E-06
58  MaxDim=160, MinDim=10, Cutoff=1.0E-08, Niter=4, Noise=1.0E-06
59  MaxDim=320, MinDim=10, Cutoff=1.0E-10, Niter=4, Noise=1.0E-07
60  MaxDim=320, MinDim=10, Cutoff=1.0E-10, Niter=4, Noise=1.0E-07
61  MaxDim=320, MinDim=10, Cutoff=1.0E-10, Niter=4, Noise=1.0E-07
62  MaxDim=320, MinDim=10, Cutoff=1.0E-10, Niter=4, Noise=1.0E-07
63  MaxDim=320, MinDim=10, Cutoff=1.0E-10, Niter=4, Noise=1.0E-07
64  MaxDim=320, MinDim=10, Cutoff=1.0E-10, Niter=4, Noise=1.0E-07
65  MaxDim=320, MinDim=10, Cutoff=1.0E-10, Niter=4, Noise=1.0E-07
66  MaxDim=320, MinDim=10, Cutoff=1.0E-10, Niter=4, Noise=1.0E-07
67  MaxDim=320, MinDim=10, Cutoff=1.0E-10, Niter=4, Noise=1.0E-07
68  MaxDim=320, MinDim=10, Cutoff=1.0E-10, Niter=4, Noise=1.0E-07
69  MaxDim=320, MinDim=10, Cutoff=1.0E-10, Niter=4, Noise=1.0E-07
70  MaxDim=320, MinDim=10, Cutoff=1.0E-10, Niter=4, Noise=1.0E-07
71  MaxDim=320, MinDim=10, Cutoff=1.0E-10, Niter=4, Noise=1.0E-07
72  MaxDim=320, MinDim=10, Cutoff=1.0E-10, Niter=4, Noise=1.0E-07
73  MaxDim=320, MinDim=10, Cutoff=1.0E-10, Niter=4, Noise=1.0E-07
74  MaxDim=320, MinDim=10, Cutoff=1.0E-10, Niter=4, Noise=1.0E-07
75  MaxDim=640, MinDim=10, Cutoff=1.0E-12, Niter=2, Noise=1.0E-08
76  MaxDim=640, MinDim=10, Cutoff=1.0E-12, Niter=2, Noise=1.0E-08
77  MaxDim=640, MinDim=10, Cutoff=1.0E-12, Niter=2, Noise=1.0E-08
78  MaxDim=640, MinDim=10, Cutoff=1.0E-12, Niter=2, Noise=1.0E-08
79  MaxDim=640, MinDim=10, Cutoff=1.0E-12, Niter=2, Noise=1.0E-08
80  MaxDim=640, MinDim=10, Cutoff=1.0E-12, Niter=2, Noise=1.0E-08
81  MaxDim=640, MinDim=10, Cutoff=1.0E-12, Niter=2, Noise=1.0E-08
82  MaxDim=640, MinDim=10, Cutoff=1.0E-12, Niter=2, Noise=1.0E-08
83  MaxDim=1280, MinDim=10, Cutoff=1.0E-12, Niter=2, Noise=0.0E+00
84  MaxDim=1280, MinDim=10, Cutoff=1.0E-14, Niter=2, Noise=0.0E+00
85  MaxDim=1280, MinDim=10, Cutoff=1.0E-14, Niter=2, Noise=0.0E+00
86  MaxDim=1280, MinDim=10, Cutoff=1.0E-14, Niter=2, Noise=0.0E+00
87  MaxDim=1280, MinDim=10, Cutoff=1.0E-14, Niter=2, Noise=0.0E+00


    vN Entropy at center bond b=151 = 0.708257928595
    Eigs at center bond b=151: 0.7463 0.2186 0.0208 0.0065 0.0059 0.0015 
    Largest link dim during sweep 1/87 was 20
    Largest truncation error: 1.17411e-05
    Energy after sweep 1/87 is -193.648397122999
    Sweep 1/87 CPU time = 8.908s (Wall time = 1.150s)

    vN Entropy at center bond b=151 = 0.682830553262
    Eigs at center bond b=151: 0.7705 0.1910 0.0253 0.0063 0.0049 0.0012 
    Largest link dim during sweep 2/87 was 20
    Largest truncation error: 2.12081e-06
    Energy after sweep 2/87 is -193.701265776077
    Sweep 2/87 CPU time = 12.41s (Wall time = 1.583s)

    vN Entropy at center bond b=151 = 0.686446292933
    Eigs at center bond b=151: 0.7702 0.1906 0.0256 0.0063 0.0050 0.0012 
    Largest link dim during sweep 3/87 was 20
    Largest truncation error: 2.25349e-06
    Energy after sweep 3/87 is -193.701647784721
    Sweep 3/87 CPU time = 12.27s (Wall time = 1.577s)

    vN Entropy at center bond b=151 = 0.686926641348
    Eigs at center bond b=151: 0.7701 0.1906 0.0256 0.0063 0.0050 0.0012 
    Largest link dim during sweep 4/87 was 20
    Largest truncation error: 2.27656e-06
    Energy after sweep 4/87 is -193.701662377225
    Sweep 4/87 CPU time = 12.26s (Wall time = 1.568s)

    vN Entropy at center bond b=151 = 0.687006950057
    Eigs at center bond b=151: 0.7701 0.1906 0.0256 0.0063 0.0050 0.0012 
    Largest link dim during sweep 5/87 was 20
    Largest truncation error: 2.28439e-06
    Energy after sweep 5/87 is -193.701663086351
    Sweep 5/87 CPU time = 12.34s (Wall time = 1.579s)

    vN Entropy at center bond b=151 = 0.687018942302
    Eigs at center bond b=151: 0.7701 0.1906 0.0256 0.0063 0.0050 0.0012 
    Largest link dim during sweep 6/87 was 20
    Largest truncation error: 2.28696e-06
    Energy after sweep 6/87 is -193.701663139713
    Sweep 6/87 CPU time = 12.38s (Wall time = 1.578s)

    vN Entropy at center bond b=151 = 0.687020708762
    Eigs at center bond b=151: 0.7701 0.1906 0.0256 0.0063 0.0050 0.0012 
    Largest link dim during sweep 7/87 was 20
    Largest truncation error: 2.28776e-06
    Energy after sweep 7/87 is -193.701663142338
    Sweep 7/87 CPU time = 12.33s (Wall time = 1.578s)

    vN Entropy at center bond b=151 = 0.687164213741
    Eigs at center bond b=151: 0.7701 0.1906 0.0256 0.0063 0.0050 0.0012 
    Largest link dim during sweep 8/87 was 25
    Largest truncation error: 7.83253e-07
    Energy after sweep 8/87 is -193.702203148946
    Sweep 8/87 CPU time = 7.148s (Wall time = 0.915s)

    vN Entropy at center bond b=151 = 0.687307364581
    Eigs at center bond b=151: 0.7701 0.1906 0.0256 0.0063 0.0050 0.0012 
    Largest link dim during sweep 9/87 was 25
    Largest truncation error: 7.83934e-07
    Energy after sweep 9/87 is -193.702205889901
    Sweep 9/87 CPU time = 7.299s (Wall time = 0.938s)

    vN Entropy at center bond b=151 = 0.687376783691
    Eigs at center bond b=151: 0.7700 0.1906 0.0256 0.0063 0.0050 0.0012 
    Largest link dim during sweep 10/87 was 25
    Largest truncation error: 7.8463e-07
    Energy after sweep 10/87 is -193.702206442361
    Sweep 10/87 CPU time = 7.335s (Wall time = 0.938s)

    vN Entropy at center bond b=151 = 0.687411495148
    Eigs at center bond b=151: 0.7700 0.1906 0.0256 0.0063 0.0050 0.0012 
    Largest link dim during sweep 11/87 was 25
    Largest truncation error: 7.8512e-07
    Energy after sweep 11/87 is -193.702206963180
    Sweep 11/87 CPU time = 7.346s (Wall time = 0.938s)

    vN Entropy at center bond b=151 = 0.687429083768
    Eigs at center bond b=151: 0.7700 0.1906 0.0256 0.0063 0.0050 0.0012 
    Largest link dim during sweep 12/87 was 25
    Largest truncation error: 7.85454e-07
    Energy after sweep 12/87 is -193.702206972815
    Sweep 12/87 CPU time = 7.358s (Wall time = 0.943s)

    vN Entropy at center bond b=151 = 0.687438159745
    Eigs at center bond b=151: 0.7700 0.1906 0.0256 0.0063 0.0050 0.0012 
    Largest link dim during sweep 13/87 was 25
    Largest truncation error: 7.85683e-07
    Energy after sweep 13/87 is -193.702206978400
    Sweep 13/87 CPU time = 7.334s (Wall time = 0.937s)

    vN Entropy at center bond b=151 = 0.687442922342
    Eigs at center bond b=151: 0.7700 0.1906 0.0256 0.0063 0.0050 0.0012 
    Largest link dim during sweep 14/87 was 25
    Largest truncation error: 7.8584e-07
    Energy after sweep 14/87 is -193.702206981205
    Sweep 14/87 CPU time = 7.318s (Wall time = 0.937s)

    vN Entropy at center bond b=151 = 0.687445455921
    Eigs at center bond b=151: 0.7700 0.1906 0.0256 0.0063 0.0050 0.0012 
    Largest link dim during sweep 15/87 was 25
    Largest truncation error: 7.71059e-07
    Energy after sweep 15/87 is -193.702202999261
    Sweep 15/87 CPU time = 7.329s (Wall time = 0.936s)

    vN Entropy at center bond b=151 = 0.687446818082
    Eigs at center bond b=151: 0.7700 0.1906 0.0256 0.0063 0.0050 0.0012 
    Largest link dim during sweep 16/87 was 25
    Largest truncation error: 7.69532e-07
    Energy after sweep 16/87 is -193.702202873763
    Sweep 16/87 CPU time = 7.334s (Wall time = 0.938s)

    vN Entropy at center bond b=151 = 0.687447556394
    Eigs at center bond b=151: 0.7700 0.1906 0.0256 0.0063 0.0050 0.0012 
    Largest link dim during sweep 17/87 was 25
    Largest truncation error: 7.69548e-07
    Energy after sweep 17/87 is -193.702202770729
    Sweep 17/87 CPU time = 7.346s (Wall time = 0.942s)

    vN Entropy at center bond b=151 = 0.687447959035
    Eigs at center bond b=151: 0.7700 0.1906 0.0256 0.0063 0.0050 0.0012 
    Largest link dim during sweep 18/87 was 25
    Largest truncation error: 7.69557e-07
    Energy after sweep 18/87 is -193.702202710965
    Sweep 18/87 CPU time = 7.324s (Wall time = 0.937s)

    vN Entropy at center bond b=151 = 0.687448179643
    Eigs at center bond b=151: 0.7700 0.1906 0.0256 0.0063 0.0050 0.0012 
    Largest link dim during sweep 19/87 was 25
    Largest truncation error: 7.69562e-07
    Energy after sweep 19/87 is -193.702202678139
    Sweep 19/87 CPU time = 7.328s (Wall time = 0.937s)

    vN Entropy at center bond b=151 = 0.687448300945
    Eigs at center bond b=151: 0.7700 0.1906 0.0256 0.0063 0.0050 0.0012 
    Largest link dim during sweep 20/87 was 25
    Largest truncation error: 7.69564e-07
    Energy after sweep 20/87 is -193.702202659522
    Sweep 20/87 CPU time = 7.335s (Wall time = 0.936s)

    vN Entropy at center bond b=151 = 0.687448367825
    Eigs at center bond b=151: 0.7700 0.1906 0.0256 0.0063 0.0050 0.0012 
    Largest link dim during sweep 21/87 was 25
    Largest truncation error: 7.69566e-07
    Energy after sweep 21/87 is -193.702202648478
    Sweep 21/87 CPU time = 7.310s (Wall time = 0.937s)

    vN Entropy at center bond b=151 = 0.687448404776
    Eigs at center bond b=151: 0.7700 0.1906 0.0256 0.0063 0.0050 0.0012 
    Largest link dim during sweep 22/87 was 25
    Largest truncation error: 7.69567e-07
    Energy after sweep 22/87 is -193.702202641696
    Sweep 22/87 CPU time = 7.325s (Wall time = 0.936s)

    vN Entropy at center bond b=151 = 0.687448425225
    Eigs at center bond b=151: 0.7700 0.1906 0.0256 0.0063 0.0050 0.0012 
    Largest link dim during sweep 23/87 was 25
    Largest truncation error: 7.69567e-07
    Energy after sweep 23/87 is -193.702202637426
    Sweep 23/87 CPU time = 7.331s (Wall time = 0.937s)

    vN Entropy at center bond b=151 = 0.687448436555
    Eigs at center bond b=151: 0.7700 0.1906 0.0256 0.0063 0.0050 0.0012 
    Largest link dim during sweep 24/87 was 25
    Largest truncation error: 7.69567e-07
    Energy after sweep 24/87 is -193.702202634698
    Sweep 24/87 CPU time = 7.332s (Wall time = 0.938s)

    vN Entropy at center bond b=151 = 0.687448442839
    Eigs at center bond b=151: 0.7700 0.1906 0.0256 0.0063 0.0050 0.0012 
    Largest link dim during sweep 25/87 was 25
    Largest truncation error: 7.69568e-07
    Energy after sweep 25/87 is -193.702202632930
    Sweep 25/87 CPU time = 7.308s (Wall time = 0.936s)

    vN Entropy at center bond b=151 = 0.687448446327
    Eigs at center bond b=151: 0.7700 0.1906 0.0256 0.0063 0.0050 0.0012 
    Largest link dim during sweep 26/87 was 25
    Largest truncation error: 7.69568e-07
    Energy after sweep 26/87 is -193.702202631774
    Sweep 26/87 CPU time = 7.314s (Wall time = 0.935s)

    vN Entropy at center bond b=151 = 0.687448448263
    Eigs at center bond b=151: 0.7700 0.1906 0.0256 0.0063 0.0050 0.0012 
    Largest link dim during sweep 27/87 was 25
    Largest truncation error: 7.69568e-07
    Energy after sweep 27/87 is -193.702202631012
    Sweep 27/87 CPU time = 7.315s (Wall time = 0.935s)

    vN Entropy at center bond b=151 = 0.687448449339
    Eigs at center bond b=151: 0.7700 0.1906 0.0256 0.0063 0.0050 0.0012 
    Largest link dim during sweep 28/87 was 25
    Largest truncation error: 7.69568e-07
    Energy after sweep 28/87 is -193.702202630501
    Sweep 28/87 CPU time = 7.343s (Wall time = 0.938s)

    vN Entropy at center bond b=151 = 0.687448449938
    Eigs at center bond b=151: 0.7700 0.1906 0.0256 0.0063 0.0050 0.0012 
    Largest link dim during sweep 29/87 was 25
    Largest truncation error: 7.69568e-07
    Energy after sweep 29/87 is -193.702202630165
    Sweep 29/87 CPU time = 7.310s (Wall time = 0.934s)

    vN Entropy at center bond b=151 = 0.687448450270
    Eigs at center bond b=151: 0.7700 0.1906 0.0256 0.0063 0.0050 0.0012 
    Largest link dim during sweep 30/87 was 25
    Largest truncation error: 7.69568e-07
    Energy after sweep 30/87 is -193.702202629932
    Sweep 30/87 CPU time = 7.329s (Wall time = 0.936s)

    vN Entropy at center bond b=151 = 0.687448450455
    Eigs at center bond b=151: 0.7700 0.1906 0.0256 0.0063 0.0050 0.0012 
    Largest link dim during sweep 31/87 was 25
    Largest truncation error: 7.69568e-07
    Energy after sweep 31/87 is -193.702202629778
    Sweep 31/87 CPU time = 7.305s (Wall time = 0.937s)

    vN Entropy at center bond b=151 = 0.687448450558
    Eigs at center bond b=151: 0.7700 0.1906 0.0256 0.0063 0.0050 0.0012 
    Largest link dim during sweep 32/87 was 25
    Largest truncation error: 7.69568e-07
    Energy after sweep 32/87 is -193.702202629669
    Sweep 32/87 CPU time = 7.314s (Wall time = 0.939s)

    vN Entropy at center bond b=151 = 0.687448450615
    Eigs at center bond b=151: 0.7700 0.1906 0.0256 0.0063 0.0050 0.0012 
    Largest link dim during sweep 33/87 was 25
    Largest truncation error: 7.69568e-07
    Energy after sweep 33/87 is -193.702202629595
    Sweep 33/87 CPU time = 7.341s (Wall time = 0.938s)

    vN Entropy at center bond b=151 = 0.687448450647
    Eigs at center bond b=151: 0.7700 0.1906 0.0256 0.0063 0.0050 0.0012 
    Largest link dim during sweep 34/87 was 25
    Largest truncation error: 7.69568e-07
    Energy after sweep 34/87 is -193.702202629544
    Sweep 34/87 CPU time = 7.341s (Wall time = 0.936s)

    vN Entropy at center bond b=151 = 0.687448450664
    Eigs at center bond b=151: 0.7700 0.1906 0.0256 0.0063 0.0050 0.0012 
    Largest link dim during sweep 35/87 was 25
    Largest truncation error: 7.69568e-07
    Energy after sweep 35/87 is -193.702202629509
    Sweep 35/87 CPU time = 7.292s (Wall time = 0.935s)

    vN Entropy at center bond b=151 = 0.687448450674
    Eigs at center bond b=151: 0.7700 0.1906 0.0256 0.0063 0.0050 0.0012 
    Largest link dim during sweep 36/87 was 25
    Largest truncation error: 7.69568e-07
    Energy after sweep 36/87 is -193.702202629483
    Sweep 36/87 CPU time = 7.318s (Wall time = 0.934s)

    vN Entropy at center bond b=151 = 0.688719048010
    Eigs at center bond b=151: 0.7696 0.1908 0.0257 0.0064 0.0050 0.0012 
    Largest link dim during sweep 37/87 was 50
    Largest truncation error: 8.18582e-09
    Energy after sweep 37/87 is -193.703169951463
    Sweep 37/87 CPU time = 16.27s (Wall time = 2.085s)

    vN Entropy at center bond b=151 = 0.689345295364
    Eigs at center bond b=151: 0.7695 0.1908 0.0258 0.0064 0.0051 0.0012 
    Largest link dim during sweep 38/87 was 54
    Largest truncation error: 7.77825e-09
    Energy after sweep 38/87 is -193.703181705210
    Sweep 38/87 CPU time = 23.05s (Wall time = 2.949s)

    vN Entropy at center bond b=151 = 0.689479913048
    Eigs at center bond b=151: 0.7695 0.1908 0.0258 0.0064 0.0051 0.0012 
    Largest link dim during sweep 39/87 was 55
    Largest truncation error: 7.71755e-09
    Energy after sweep 39/87 is -193.703184663346
    Sweep 39/87 CPU time = 24.30s (Wall time = 3.128s)

    vN Entropy at center bond b=151 = 0.689521128609
    Eigs at center bond b=151: 0.7695 0.1908 0.0258 0.0064 0.0051 0.0012 
    Largest link dim during sweep 40/87 was 55
    Largest truncation error: 7.7243e-09
    Energy after sweep 40/87 is -193.703186041902
    Sweep 40/87 CPU time = 24.95s (Wall time = 3.193s)

    vN Entropy at center bond b=151 = 0.689539243074
    Eigs at center bond b=151: 0.7695 0.1908 0.0258 0.0064 0.0051 0.0012 
    Largest link dim during sweep 41/87 was 55
    Largest truncation error: 7.70615e-09
    Energy after sweep 41/87 is -193.703186243085
    Sweep 41/87 CPU time = 25.21s (Wall time = 3.230s)

    vN Entropy at center bond b=151 = 0.689547580080
    Eigs at center bond b=151: 0.7695 0.1908 0.0258 0.0064 0.0051 0.0012 
    Largest link dim during sweep 42/87 was 55
    Largest truncation error: 7.7257e-09
    Energy after sweep 42/87 is -193.703186343894
    Sweep 42/87 CPU time = 25.22s (Wall time = 3.236s)

    vN Entropy at center bond b=151 = 0.689551863949
    Eigs at center bond b=151: 0.7695 0.1908 0.0258 0.0064 0.0051 0.0012 
    Largest link dim during sweep 43/87 was 56
    Largest truncation error: 7.72404e-09
    Energy after sweep 43/87 is -193.703186395115
    Sweep 43/87 CPU time = 25.27s (Wall time = 3.263s)

    vN Entropy at center bond b=151 = 0.689554238724
    Eigs at center bond b=151: 0.7695 0.1908 0.0258 0.0064 0.0051 0.0012 
    Largest link dim during sweep 44/87 was 56
    Largest truncation error: 7.72027e-09
    Energy after sweep 44/87 is -193.703186412845
    Sweep 44/87 CPU time = 25.25s (Wall time = 3.236s)

    vN Entropy at center bond b=151 = 0.689555609638
    Eigs at center bond b=151: 0.7695 0.1908 0.0258 0.0064 0.0051 0.0012 
    Largest link dim during sweep 45/87 was 56
    Largest truncation error: 7.69103e-09
    Energy after sweep 45/87 is -193.703186425934
    Sweep 45/87 CPU time = 25.33s (Wall time = 3.242s)

    vN Entropy at center bond b=151 = 0.689556417707
    Eigs at center bond b=151: 0.7695 0.1908 0.0258 0.0064 0.0051 0.0012 
    Largest link dim during sweep 46/87 was 56
    Largest truncation error: 7.69722e-09
    Energy after sweep 46/87 is -193.703186427556
    Sweep 46/87 CPU time = 25.25s (Wall time = 3.238s)

    vN Entropy at center bond b=151 = 0.689556899359
    Eigs at center bond b=151: 0.7695 0.1908 0.0258 0.0064 0.0051 0.0012 
    Largest link dim during sweep 47/87 was 56
    Largest truncation error: 7.72154e-09
    Energy after sweep 47/87 is -193.703186431727
    Sweep 47/87 CPU time = 25.29s (Wall time = 3.237s)

    vN Entropy at center bond b=151 = 0.689557188362
    Eigs at center bond b=151: 0.7695 0.1908 0.0258 0.0064 0.0051 0.0012 
    Largest link dim during sweep 48/87 was 56
    Largest truncation error: 7.73902e-09
    Energy after sweep 48/87 is -193.703186438679
    Sweep 48/87 CPU time = 25.27s (Wall time = 3.238s)

    vN Entropy at center bond b=151 = 0.689557362543
    Eigs at center bond b=151: 0.7695 0.1908 0.0258 0.0064 0.0051 0.0012 
    Largest link dim during sweep 49/87 was 56
    Largest truncation error: 7.75151e-09
    Energy after sweep 49/87 is -193.703186438833
    Sweep 49/87 CPU time = 25.27s (Wall time = 3.235s)

    vN Entropy at center bond b=151 = 0.689557467863
    Eigs at center bond b=151: 0.7695 0.1908 0.0258 0.0064 0.0051 0.0012 
    Largest link dim during sweep 50/87 was 56
    Largest truncation error: 7.76042e-09
    Energy after sweep 50/87 is -193.703186438945
    Sweep 50/87 CPU time = 25.26s (Wall time = 3.231s)

    vN Entropy at center bond b=151 = 0.689557531701
    Eigs at center bond b=151: 0.7695 0.1908 0.0258 0.0064 0.0051 0.0012 
    Largest link dim during sweep 51/87 was 56
    Largest truncation error: 7.76677e-09
    Energy after sweep 51/87 is -193.703186439023
    Sweep 51/87 CPU time = 25.30s (Wall time = 3.239s)

    vN Entropy at center bond b=151 = 0.689557570466
    Eigs at center bond b=151: 0.7695 0.1908 0.0258 0.0064 0.0051 0.0012 
    Largest link dim during sweep 52/87 was 56
    Largest truncation error: 7.7713e-09
    Energy after sweep 52/87 is -193.703186439087
    Sweep 52/87 CPU time = 25.31s (Wall time = 3.257s)

    vN Entropy at center bond b=151 = 0.689557594038
    Eigs at center bond b=151: 0.7695 0.1908 0.0258 0.0064 0.0051 0.0012 
    Largest link dim during sweep 53/87 was 56
    Largest truncation error: 7.77453e-09
    Energy after sweep 53/87 is -193.703186439202
    Sweep 53/87 CPU time = 25.25s (Wall time = 3.236s)

    vN Entropy at center bond b=151 = 0.689557608385
    Eigs at center bond b=151: 0.7695 0.1908 0.0258 0.0064 0.0051 0.0012 
    Largest link dim during sweep 54/87 was 56
    Largest truncation error: 7.7251e-09
    Energy after sweep 54/87 is -193.703186442950
    Sweep 54/87 CPU time = 25.29s (Wall time = 3.235s)

    vN Entropy at center bond b=151 = 0.689557617123
    Eigs at center bond b=151: 0.7695 0.1908 0.0258 0.0064 0.0051 0.0012 
    Largest link dim during sweep 55/87 was 56
    Largest truncation error: 7.72684e-09
    Energy after sweep 55/87 is -193.703186443013
    Sweep 55/87 CPU time = 25.18s (Wall time = 3.227s)

    vN Entropy at center bond b=151 = 0.689557622446
    Eigs at center bond b=151: 0.7695 0.1908 0.0258 0.0064 0.0051 0.0012 
    Largest link dim during sweep 56/87 was 56
    Largest truncation error: 7.72813e-09
    Energy after sweep 56/87 is -193.703186443052
    Sweep 56/87 CPU time = 25.23s (Wall time = 3.226s)

    vN Entropy at center bond b=151 = 0.689557625692
    Eigs at center bond b=151: 0.7695 0.1908 0.0258 0.0064 0.0051 0.0012 
    Largest link dim during sweep 57/87 was 56
    Largest truncation error: 7.72125e-09
    Energy after sweep 57/87 is -193.703186447512
    Sweep 57/87 CPU time = 25.19s (Wall time = 3.230s)

    vN Entropy at center bond b=151 = 0.689557627669
    Eigs at center bond b=151: 0.7695 0.1908 0.0258 0.0064 0.0051 0.0012 
    Largest link dim during sweep 58/87 was 56
    Largest truncation error: 7.73021e-09
    Energy after sweep 58/87 is -193.703186447539
    Sweep 58/87 CPU time = 25.26s (Wall time = 3.231s)

    vN Entropy at center bond b=151 = 0.689641255187
    Eigs at center bond b=151: 0.7695 0.1908 0.0258 0.0064 0.0051 0.0012 
    Largest link dim during sweep 59/87 was 104
    Largest truncation error: 8.23697e-11
    Energy after sweep 59/87 is -193.703199232430
    Sweep 59/87 CPU time = 1m, 18.5s (Wall time = 10.06s)

    vN Entropy at center bond b=151 = 0.689678808938
    Eigs at center bond b=151: 0.7695 0.1908 0.0258 0.0064 0.0051 0.0012 
    Largest link dim during sweep 60/87 was 109
    Largest truncation error: 8.28327e-11
    Energy after sweep 60/87 is -193.703199456430
    Sweep 60/87 CPU time = 1m, 43.1s (Wall time = 13.18s)

    vN Entropy at center bond b=151 = 0.689686430699
    Eigs at center bond b=151: 0.7695 0.1908 0.0258 0.0064 0.0051 0.0012 
    Largest link dim during sweep 61/87 was 110
    Largest truncation error: 8.28563e-11
    Energy after sweep 61/87 is -193.703199479646
    Sweep 61/87 CPU time = 1m, 54.0s (Wall time = 14.61s)

    vN Entropy at center bond b=151 = 0.689688761976
    Eigs at center bond b=151: 0.7695 0.1908 0.0258 0.0064 0.0051 0.0012 
    Largest link dim during sweep 62/87 was 110
    Largest truncation error: 8.28661e-11
    Energy after sweep 62/87 is -193.703199485159
    Sweep 62/87 CPU time = 1m, 48.6s (Wall time = 13.88s)

    vN Entropy at center bond b=151 = 0.689689779914
    Eigs at center bond b=151: 0.7695 0.1908 0.0258 0.0064 0.0051 0.0012 
    Largest link dim during sweep 63/87 was 110
    Largest truncation error: 8.28711e-11
    Energy after sweep 63/87 is -193.703199488542
    Sweep 63/87 CPU time = 1m, 41.1s (Wall time = 12.91s)

    vN Entropy at center bond b=151 = 0.689690268336
    Eigs at center bond b=151: 0.7695 0.1908 0.0258 0.0064 0.0051 0.0012 
    Largest link dim during sweep 64/87 was 110
    Largest truncation error: 8.28736e-11
    Energy after sweep 64/87 is -193.703199488947
    Sweep 64/87 CPU time = 1m, 39.9s (Wall time = 12.76s)

    vN Entropy at center bond b=151 = 0.689690506593
    Eigs at center bond b=151: 0.7695 0.1908 0.0258 0.0064 0.0051 0.0012 
    Largest link dim during sweep 65/87 was 110
    Largest truncation error: 8.28747e-11
    Energy after sweep 65/87 is -193.703199489189
    Sweep 65/87 CPU time = 1m, 40.2s (Wall time = 12.81s)

    vN Entropy at center bond b=151 = 0.689690624711
    Eigs at center bond b=151: 0.7695 0.1908 0.0258 0.0064 0.0051 0.0012 
    Largest link dim during sweep 66/87 was 110
    Largest truncation error: 8.28755e-11
    Energy after sweep 66/87 is -193.703199489312
    Sweep 66/87 CPU time = 1m, 40.3s (Wall time = 12.86s)

    vN Entropy at center bond b=151 = 0.689690683785
    Eigs at center bond b=151: 0.7695 0.1908 0.0258 0.0064 0.0051 0.0012 
    Largest link dim during sweep 67/87 was 110
    Largest truncation error: 8.28761e-11
    Energy after sweep 67/87 is -193.703199489493
    Sweep 67/87 CPU time = 1m, 40.7s (Wall time = 12.87s)

    vN Entropy at center bond b=151 = 0.689690713480
    Eigs at center bond b=151: 0.7695 0.1908 0.0258 0.0064 0.0051 0.0012 
    Largest link dim during sweep 68/87 was 110
    Largest truncation error: 8.28764e-11
    Energy after sweep 68/87 is -193.703199489590
    Sweep 68/87 CPU time = 1m, 41.7s (Wall time = 13.02s)

    vN Entropy at center bond b=151 = 0.689690728440
    Eigs at center bond b=151: 0.7695 0.1908 0.0258 0.0064 0.0051 0.0012 
    Largest link dim during sweep 69/87 was 110
    Largest truncation error: 8.28767e-11
    Energy after sweep 69/87 is -193.703199489600
    Sweep 69/87 CPU time = 1m, 41.4s (Wall time = 12.96s)

    vN Entropy at center bond b=151 = 0.689690735969
    Eigs at center bond b=151: 0.7695 0.1908 0.0258 0.0064 0.0051 0.0012 
    Largest link dim during sweep 70/87 was 110
    Largest truncation error: 8.28768e-11
    Energy after sweep 70/87 is -193.703199489656
    Sweep 70/87 CPU time = 1m, 41.6s (Wall time = 12.98s)

    vN Entropy at center bond b=151 = 0.689690739744
    Eigs at center bond b=151: 0.7695 0.1908 0.0258 0.0064 0.0051 0.0012 
    Largest link dim during sweep 71/87 was 110
    Largest truncation error: 8.28768e-11
    Energy after sweep 71/87 is -193.703199489707
    Sweep 71/87 CPU time = 1m, 40.9s (Wall time = 12.91s)

    vN Entropy at center bond b=151 = 0.689690741621
    Eigs at center bond b=151: 0.7695 0.1908 0.0258 0.0064 0.0051 0.0012 
    Largest link dim during sweep 72/87 was 110
    Largest truncation error: 8.2877e-11
    Energy after sweep 72/87 is -193.703199489732
    Sweep 72/87 CPU time = 1m, 40.4s (Wall time = 12.83s)

    vN Entropy at center bond b=151 = 0.689690742541
    Eigs at center bond b=151: 0.7695 0.1908 0.0258 0.0064 0.0051 0.0012 
    Largest link dim during sweep 73/87 was 110
    Largest truncation error: 8.28769e-11
    Energy after sweep 73/87 is -193.703199489763
    Sweep 73/87 CPU time = 1m, 41.3s (Wall time = 12.99s)

    vN Entropy at center bond b=151 = 0.689690742983
    Eigs at center bond b=151: 0.7695 0.1908 0.0258 0.0064 0.0051 0.0012 
    Largest link dim during sweep 74/87 was 110
    Largest truncation error: 8.2877e-11
    Energy after sweep 74/87 is -193.703199489759
    Sweep 74/87 CPU time = 1m, 40.3s (Wall time = 12.82s)

    vN Entropy at center bond b=151 = 0.689694730962
    Eigs at center bond b=151: 0.7695 0.1908 0.0258 0.0064 0.0051 0.0012 
    Largest link dim during sweep 75/87 was 196
    Largest truncation error: 8.14959e-13
    Energy after sweep 75/87 is -193.703199625513
    Sweep 75/87 CPU time = 3m, 26.2s (Wall time = 27.74s)

    vN Entropy at center bond b=151 = 0.689695527679
    Eigs at center bond b=151: 0.7695 0.1908 0.0258 0.0064 0.0051 0.0012 
    Largest link dim during sweep 76/87 was 208
    Largest truncation error: 8.14962e-13
    Energy after sweep 76/87 is -193.703199630590
    Sweep 76/87 CPU time = 5m, 8.4s (Wall time = 41.00s)

    vN Entropy at center bond b=151 = 0.689696051245
    Eigs at center bond b=151: 0.7695 0.1908 0.0258 0.0064 0.0051 0.0012 
    Largest link dim during sweep 77/87 was 207
    Largest truncation error: 8.15034e-13
    Energy after sweep 77/87 is -193.703199632706
    Sweep 77/87 CPU time = 5m, 10.9s (Wall time = 41.74s)

    vN Entropy at center bond b=151 = 0.689696368695
    Eigs at center bond b=151: 0.7695 0.1908 0.0258 0.0064 0.0051 0.0012 
    Largest link dim during sweep 78/87 was 206
    Largest truncation error: 8.14987e-13
    Energy after sweep 78/87 is -193.703199633776
    Sweep 78/87 CPU time = 5m, 14.8s (Wall time = 41.99s)

    vN Entropy at center bond b=151 = 0.689696564924
    Eigs at center bond b=151: 0.7695 0.1908 0.0258 0.0064 0.0051 0.0012 
    Largest link dim during sweep 79/87 was 206
    Largest truncation error: 8.14975e-13
    Energy after sweep 79/87 is -193.703199634361
    Sweep 79/87 CPU time = 5m, 25.3s (Wall time = 43.58s)

    vN Entropy at center bond b=151 = 0.689696689158
    Eigs at center bond b=151: 0.7695 0.1908 0.0258 0.0064 0.0051 0.0012 
    Largest link dim during sweep 80/87 was 206
    Largest truncation error: 8.15014e-13
    Energy after sweep 80/87 is -193.703199634697
    Sweep 80/87 CPU time = 5m, 20.2s (Wall time = 44.14s)

    vN Entropy at center bond b=151 = 0.689696769691
    Eigs at center bond b=151: 0.7695 0.1908 0.0258 0.0064 0.0051 0.0012 
    Largest link dim during sweep 81/87 was 206
    Largest truncation error: 8.14985e-13
    Energy after sweep 81/87 is -193.703199634882
    Sweep 81/87 CPU time = 5m, 20.1s (Wall time = 42.92s)

    vN Entropy at center bond b=151 = 0.689696823428
    Eigs at center bond b=151: 0.7695 0.1908 0.0258 0.0064 0.0051 0.0012 
    Largest link dim during sweep 82/87 was 206
    Largest truncation error: 8.14961e-13
    Energy after sweep 82/87 is -193.703199635008
    Sweep 82/87 CPU time = 5m, 13.8s (Wall time = 42.72s)

    vN Entropy at center bond b=151 = 0.689697237672
    Eigs at center bond b=151: 0.7695 0.1908 0.0258 0.0064 0.0051 0.0012 
    Largest link dim during sweep 83/87 was 192
    Largest truncation error: 7.74204e-13
    Energy after sweep 83/87 is -193.703199634563
    Sweep 83/87 CPU time = 4m, 12.8s (Wall time = 33.36s)

    vN Entropy at center bond b=151 = 0.689697279781
    Eigs at center bond b=151: 0.7695 0.1908 0.0258 0.0064 0.0051 0.0012 
    Largest link dim during sweep 84/87 was 338
    Largest truncation error: 7.78351e-15
    Energy after sweep 84/87 is -193.703199636827
    Sweep 84/87 CPU time = 10m, 32s (Wall time = 1m, 24.7s)

    vN Entropy at center bond b=151 = 0.689697330075
    Eigs at center bond b=151: 0.7695 0.1908 0.0258 0.0064 0.0051 0.0012 
    Largest link dim during sweep 85/87 was 360
    Largest truncation error: 7.74502e-15
    Energy after sweep 85/87 is -193.703199636935
    Sweep 85/87 CPU time = 21m, 5s (Wall time = 2m, 45.8s)

    vN Entropy at center bond b=151 = 0.689697359596
    Eigs at center bond b=151: 0.7695 0.1908 0.0258 0.0064 0.0051 0.0012 
    Largest link dim during sweep 86/87 was 356
    Largest truncation error: 7.73592e-15
    Energy after sweep 86/87 is -193.703199636965
    Sweep 86/87 CPU time = 18m, 8s (Wall time = 2m, 19.3s)

    vN Entropy at center bond b=151 = 0.689697376617
    Eigs at center bond b=151: 0.7695 0.1908 0.0258 0.0064 0.0051 0.0012 
    Largest link dim during sweep 87/87 was 351
    Largest truncation error: 7.72905e-15
    Energy after sweep 87/87 is -193.703199636974
    Sweep 87/87 CPU time = 19m, 49s (Wall time = 2m, 32.5s)
Initial energy = 0.00000

Ground State Energy = -193.7031996370
run_outputs/outputpsi/N_303_sweep_87_t_0.030000_J_1.000000_V_0.600000_D_0.018000_U_0.060000_mu_0.000000_E_0.000000 converge
Wall-clock time (s) = 7291.927727
