//////////////////////////
Reading input file ......

Got input.N = 306
Got input.t = 0.03
Got input.J = 1
Got input.V = 0.6
Got input.D = 0.018
Got input.U = 0.04
Got input.mu = 0
Got input.E = 0
Got input.nsweeps = 87
Sweeps:
1  MaxDim=20, MinDim=20, Cutoff=1.0E-06, Niter=8, Noise=1.0E-05
2  MaxDim=20, MinDim=20, Cutoff=1.0E-06, Niter=8, Noise=1.0E-05
3  MaxDim=20, MinDim=20, Cutoff=1.0E-06, Niter=8, Noise=1.0E-05
4  MaxDim=20, MinDim=20, Cutoff=1.0E-06, Niter=8, Noise=1.0E-05
5  MaxDim=20, MinDim=20, Cutoff=1.0E-06, Niter=8, Noise=1.0E-05
6  MaxDim=20, MinDim=20, Cutoff=1.0E-06, Niter=8, Noise=1.0E-05
7  MaxDim=20, MinDim=20, Cutoff=1.0E-06, Niter=8, Noise=1.0E-05
8  MaxDim=40, MinDim=20, Cutoff=1.0E-06, Niter=4, Noise=1.0E-05
9  MaxDim=40, MinDim=20, Cutoff=1.0E-06, Niter=4, Noise=1.0E-05
10  MaxDim=40, MinDim=20, Cutoff=1.0E-06, Niter=4, Noise=1.0E-05
11  MaxDim=40, MinDim=20, Cutoff=1.0E-06, Niter=4, Noise=1.0E-05
12  MaxDim=40, MinDim=20, Cutoff=1.0E-06, Niter=4, Noise=1.0E-05
13  MaxDim=40, MinDim=20, Cutoff=1.0E-06, Niter=4, Noise=1.0E-05
14  MaxDim=40, MinDim=20, Cutoff=1.0E-06, Niter=4, Noise=1.0E-05
15  MaxDim=80, MinDim=10, Cutoff=1.0E-06, Niter=4, Noise=1.0E-05
16  MaxDim=80, MinDim=10, Cutoff=1.0E-06, Niter=4, Noise=1.0E-05
17  MaxDim=80, MinDim=10, Cutoff=1.0E-06, Niter=4, Noise=1.0E-05
18  MaxDim=80, MinDim=10, Cutoff=1.0E-06, Niter=4, Noise=1.0E-05
19  MaxDim=80, MinDim=10, Cutoff=1.0E-06, Niter=4, Noise=1.0E-05
20  MaxDim=80, MinDim=10, Cutoff=1.0E-06, Niter=4, Noise=1.0E-05
21  MaxDim=80, MinDim=10, Cutoff=1.0E-06, Niter=4, Noise=1.0E-05
22  MaxDim=80, MinDim=10, Cutoff=1.0E-06, Niter=4, Noise=1.0E-05
23  MaxDim=80, MinDim=10, Cutoff=1.0E-06, Niter=4, Noise=1.0E-05
24  MaxDim=80, MinDim=10, Cutoff=1.0E-06, Niter=4, Noise=1.0E-05
25  MaxDim=80, MinDim=10, Cutoff=1.0E-06, Niter=4, Noise=1.0E-05
26  MaxDim=80, MinDim=10, Cutoff=1.0E-06, Niter=4, Noise=1.0E-05
27  MaxDim=80, MinDim=10, Cutoff=1.0E-06, Niter=4, Noise=1.0E-05
28  MaxDim=80, MinDim=10, Cutoff=1.0E-06, Niter=4, Noise=1.0E-05
29  MaxDim=80, MinDim=10, Cutoff=1.0E-06, Niter=4, Noise=1.0E-05
30  MaxDim=80, MinDim=10, Cutoff=1.0E-06, Niter=4, Noise=1.0E-05
31  MaxDim=80, MinDim=10, Cutoff=1.0E-06, Niter=4, Noise=1.0E-05
32  MaxDim=80, MinDim=10, Cutoff=1.0E-06, Niter=4, Noise=1.0E-05
33  MaxDim=80, MinDim=10, Cutoff=1.0E-06, Niter=4, Noise=1.0E-05
34  MaxDim=80, MinDim=10, Cutoff=1.0E-06, Niter=4, Noise=1.0E-05
35  MaxDim=80, MinDim=10, Cutoff=1.0E-06, Niter=4, Noise=1.0E-05
36  MaxDim=80, MinDim=10, Cutoff=1.0E-06, Niter=4, Noise=1.0E-05
37  MaxDim=160, MinDim=10, Cutoff=1.0E-08, Niter=4, Noise=1.0E-06
38  MaxDim=160, MinDim=10, Cutoff=1.0E-08, Niter=4, Noise=1.0E-06
39  MaxDim=160, MinDim=10, Cutoff=1.0E-08, Niter=4, Noise=1.0E-06
40  MaxDim=160, MinDim=10, Cutoff=1.0E-08, Niter=4, Noise=1.0E-06
41  MaxDim=160, MinDim=10, Cutoff=1.0E-08, Niter=4, Noise=1.0E-06
42  MaxDim=160, MinDim=10, Cutoff=1.0E-08, Niter=4, Noise=1.0E-06
43  MaxDim=160, MinDim=10, Cutoff=1.0E-08, Niter=4, Noise=1.0E-06
44  MaxDim=160, MinDim=10, Cutoff=1.0E-08, Niter=4, Noise=1.0E-06
45  MaxDim=160, MinDim=10, Cutoff=1.0E-08, Niter=4, Noise=1.0E-06
46  MaxDim=160, MinDim=10, Cutoff=1.0E-08, Niter=4, Noise=1.0E-06
47  MaxDim=160, MinDim=10, Cutoff=1.0E-08, Niter=4, Noise=1.0E-06
48  MaxDim=160, MinDim=10, Cutoff=1.0E-08, Niter=4, Noise=1.0E-06
49  MaxDim=160, MinDim=10, Cutoff=1.0E-08, Niter=4, Noise=1.0E-06
50  MaxDim=160, MinDim=10, Cutoff=1.0E-08, Niter=4, Noise=1.0E-06
51  MaxDim=160, MinDim=10, Cutoff=1.0E-08, Niter=4, Noise=1.0E-06
52  MaxDim=160, MinDim=10, Cutoff=1.0E-08, Niter=4, Noise=1.0E-06
53  MaxDim=160, MinDim=10, Cutoff=1.0E-08, Niter=4, Noise=1.0E-06
54  MaxDim=160, MinDim=10, Cutoff=1.0E-08, Niter=4, Noise=1.0E-06
55  MaxDim=160, MinDim=10, Cutoff=1.0E-08, Niter=4, Noise=1.0E-06
56  MaxDim=160, MinDim=10, Cutoff=1.0E-08, Niter=4, Noise=1.0E-06
57  MaxDim=160, MinDim=10, Cutoff=1.0E-08, Niter=4, Noise=1.0E-06
58  MaxDim=160, MinDim=10, Cutoff=1.0E-08, Niter=4, Noise=1.0E-06
59  MaxDim=320, MinDim=10, Cutoff=1.0E-10, Niter=4, Noise=1.0E-07
60  MaxDim=320, MinDim=10, Cutoff=1.0E-10, Niter=4, Noise=1.0E-07
61  MaxDim=320, MinDim=10, Cutoff=1.0E-10, Niter=4, Noise=1.0E-07
62  MaxDim=320, MinDim=10, Cutoff=1.0E-10, Niter=4, Noise=1.0E-07
63  MaxDim=320, MinDim=10, Cutoff=1.0E-10, Niter=4, Noise=1.0E-07
64  MaxDim=320, MinDim=10, Cutoff=1.0E-10, Niter=4, Noise=1.0E-07
65  MaxDim=320, MinDim=10, Cutoff=1.0E-10, Niter=4, Noise=1.0E-07
66  MaxDim=320, MinDim=10, Cutoff=1.0E-10, Niter=4, Noise=1.0E-07
67  MaxDim=320, MinDim=10, Cutoff=1.0E-10, Niter=4, Noise=1.0E-07
68  MaxDim=320, MinDim=10, Cutoff=1.0E-10, Niter=4, Noise=1.0E-07
69  MaxDim=320, MinDim=10, Cutoff=1.0E-10, Niter=4, Noise=1.0E-07
70  MaxDim=320, MinDim=10, Cutoff=1.0E-10, Niter=4, Noise=1.0E-07
71  MaxDim=320, MinDim=10, Cutoff=1.0E-10, Niter=4, Noise=1.0E-07
72  MaxDim=320, MinDim=10, Cutoff=1.0E-10, Niter=4, Noise=1.0E-07
73  MaxDim=320, MinDim=10, Cutoff=1.0E-10, Niter=4, Noise=1.0E-07
74  MaxDim=320, MinDim=10, Cutoff=1.0E-10, Niter=4, Noise=1.0E-07
75  MaxDim=640, MinDim=10, Cutoff=1.0E-12, Niter=2, Noise=1.0E-08
76  MaxDim=640, MinDim=10, Cutoff=1.0E-12, Niter=2, Noise=1.0E-08
77  MaxDim=640, MinDim=10, Cutoff=1.0E-12, Niter=2, Noise=1.0E-08
78  MaxDim=640, MinDim=10, Cutoff=1.0E-12, Niter=2, Noise=1.0E-08
79  MaxDim=640, MinDim=10, Cutoff=1.0E-12, Niter=2, Noise=1.0E-08
80  MaxDim=640, MinDim=10, Cutoff=1.0E-12, Niter=2, Noise=1.0E-08
81  MaxDim=640, MinDim=10, Cutoff=1.0E-12, Niter=2, Noise=1.0E-08
82  MaxDim=640, MinDim=10, Cutoff=1.0E-12, Niter=2, Noise=1.0E-08
83  MaxDim=1280, MinDim=10, Cutoff=1.0E-12, Niter=2, Noise=0.0E+00
84  MaxDim=1280, MinDim=10, Cutoff=1.0E-14, Niter=2, Noise=0.0E+00
85  MaxDim=1280, MinDim=10, Cutoff=1.0E-14, Niter=2, Noise=0.0E+00
86  MaxDim=1280, MinDim=10, Cutoff=1.0E-14, Niter=2, Noise=0.0E+00
87  MaxDim=1280, MinDim=10, Cutoff=1.0E-14, Niter=2, Noise=0.0E+00


    vN Entropy at center bond b=153 = 0.615640486734
    Eigs at center bond b=153: 0.7834 0.1922 0.0188 0.0046 
    Largest link dim during sweep 1/87 was 20
    Largest truncation error: 1.34195e-05
    Energy after sweep 1/87 is -196.763027450085
    Sweep 1/87 CPU time = 8.959s (Wall time = 1.162s)

    vN Entropy at center bond b=153 = 0.650733178455
    Eigs at center bond b=153: 0.7785 0.1907 0.0207 0.0050 0.0032 
    Largest link dim during sweep 2/87 was 20
    Largest truncation error: 3.26846e-06
    Energy after sweep 2/87 is -196.844607624022
    Sweep 2/87 CPU time = 12.44s (Wall time = 1.596s)

    vN Entropy at center bond b=153 = 0.653165641591
    Eigs at center bond b=153: 0.7781 0.1906 0.0207 0.0050 0.0035 
    Largest link dim during sweep 3/87 was 20
    Largest truncation error: 6.5425e-06
    Energy after sweep 3/87 is -196.845537279658
    Sweep 3/87 CPU time = 12.43s (Wall time = 1.590s)

    vN Entropy at center bond b=153 = 0.653249166405
    Eigs at center bond b=153: 0.7781 0.1906 0.0207 0.0050 0.0035 
    Largest link dim during sweep 4/87 was 20
    Largest truncation error: 6.53318e-06
    Energy after sweep 4/87 is -196.846372098719
    Sweep 4/87 CPU time = 12.38s (Wall time = 1.588s)

    vN Entropy at center bond b=153 = 0.653254726187
    Eigs at center bond b=153: 0.7781 0.1906 0.0207 0.0050 0.0035 
    Largest link dim during sweep 5/87 was 20
    Largest truncation error: 7.08107e-06
    Energy after sweep 5/87 is -196.846625844822
    Sweep 5/87 CPU time = 12.41s (Wall time = 1.592s)

    vN Entropy at center bond b=153 = 0.653255199077
    Eigs at center bond b=153: 0.7781 0.1906 0.0207 0.0050 0.0035 
    Largest link dim during sweep 6/87 was 20
    Largest truncation error: 7.44462e-06
    Energy after sweep 6/87 is -196.846697317074
    Sweep 6/87 CPU time = 12.42s (Wall time = 1.587s)

    vN Entropy at center bond b=153 = 0.653255248968
    Eigs at center bond b=153: 0.7781 0.1906 0.0207 0.0050 0.0035 
    Largest link dim during sweep 7/87 was 20
    Largest truncation error: 7.3854e-06
    Energy after sweep 7/87 is -196.846720737183
    Sweep 7/87 CPU time = 12.39s (Wall time = 1.590s)

    vN Entropy at center bond b=153 = 0.653274214823
    Eigs at center bond b=153: 0.7781 0.1906 0.0207 0.0050 0.0035 
    Largest link dim during sweep 8/87 was 33
    Largest truncation error: 7.90328e-07
    Energy after sweep 8/87 is -196.847988565849
    Sweep 8/87 CPU time = 7.340s (Wall time = 0.941s)

    vN Entropy at center bond b=153 = 0.653437351892
    Eigs at center bond b=153: 0.7781 0.1906 0.0207 0.0050 0.0035 
    Largest link dim during sweep 9/87 was 37
    Largest truncation error: 7.91157e-07
    Energy after sweep 9/87 is -196.848185242654
    Sweep 9/87 CPU time = 7.769s (Wall time = 0.995s)

    vN Entropy at center bond b=153 = 0.653539889275
    Eigs at center bond b=153: 0.7781 0.1906 0.0207 0.0050 0.0035 
    Largest link dim during sweep 10/87 was 39
    Largest truncation error: 7.91871e-07
    Energy after sweep 10/87 is -196.848302637121
    Sweep 10/87 CPU time = 7.975s (Wall time = 1.023s)

    vN Entropy at center bond b=153 = 0.653625013806
    Eigs at center bond b=153: 0.7780 0.1906 0.0207 0.0050 0.0035 
    Largest link dim during sweep 11/87 was 40
    Largest truncation error: 7.92314e-07
    Energy after sweep 11/87 is -196.848386333313
    Sweep 11/87 CPU time = 8.011s (Wall time = 1.032s)

    vN Entropy at center bond b=153 = 0.653670738428
    Eigs at center bond b=153: 0.7780 0.1906 0.0207 0.0050 0.0035 
    Largest link dim during sweep 12/87 was 40
    Largest truncation error: 7.92571e-07
    Energy after sweep 12/87 is -196.848447243865
    Sweep 12/87 CPU time = 8.109s (Wall time = 1.036s)

    vN Entropy at center bond b=153 = 0.653688825597
    Eigs at center bond b=153: 0.7780 0.1906 0.0207 0.0050 0.0035 
    Largest link dim during sweep 13/87 was 40
    Largest truncation error: 7.92718e-07
    Energy after sweep 13/87 is -196.848489251229
    Sweep 13/87 CPU time = 8.189s (Wall time = 1.047s)

    vN Entropy at center bond b=153 = 0.653694876422
    Eigs at center bond b=153: 0.7780 0.1906 0.0207 0.0050 0.0035 
    Largest link dim during sweep 14/87 was 40
    Largest truncation error: 7.92802e-07
    Energy after sweep 14/87 is -196.848518535537
    Sweep 14/87 CPU time = 8.157s (Wall time = 1.047s)

    vN Entropy at center bond b=153 = 0.653696635505
    Eigs at center bond b=153: 0.7780 0.1906 0.0207 0.0050 0.0035 
    Largest link dim during sweep 15/87 was 40
    Largest truncation error: 7.8246e-07
    Energy after sweep 15/87 is -196.848533984962
    Sweep 15/87 CPU time = 8.206s (Wall time = 1.050s)

    vN Entropy at center bond b=153 = 0.653697050334
    Eigs at center bond b=153: 0.7780 0.1906 0.0207 0.0050 0.0035 
    Largest link dim during sweep 16/87 was 40
    Largest truncation error: 7.79407e-07
    Energy after sweep 16/87 is -196.848559327870
    Sweep 16/87 CPU time = 8.268s (Wall time = 1.054s)

    vN Entropy at center bond b=153 = 0.653697099607
    Eigs at center bond b=153: 0.7780 0.1906 0.0207 0.0050 0.0035 
    Largest link dim during sweep 17/87 was 40
    Largest truncation error: 7.82371e-07
    Energy after sweep 17/87 is -196.848580967126
    Sweep 17/87 CPU time = 8.302s (Wall time = 1.060s)

    vN Entropy at center bond b=153 = 0.653697073343
    Eigs at center bond b=153: 0.7780 0.1906 0.0207 0.0050 0.0035 
    Largest link dim during sweep 18/87 was 40
    Largest truncation error: 7.80005e-07
    Energy after sweep 18/87 is -196.848605111916
    Sweep 18/87 CPU time = 8.305s (Wall time = 1.063s)

    vN Entropy at center bond b=153 = 0.653697044774
    Eigs at center bond b=153: 0.7780 0.1906 0.0207 0.0050 0.0035 
    Largest link dim during sweep 19/87 was 41
    Largest truncation error: 7.80065e-07
    Energy after sweep 19/87 is -196.848624760371
    Sweep 19/87 CPU time = 8.308s (Wall time = 1.065s)

    vN Entropy at center bond b=153 = 0.653697026202
    Eigs at center bond b=153: 0.7780 0.1906 0.0207 0.0050 0.0035 
    Largest link dim during sweep 20/87 was 41
    Largest truncation error: 7.80101e-07
    Energy after sweep 20/87 is -196.848640770098
    Sweep 20/87 CPU time = 8.351s (Wall time = 1.068s)

    vN Entropy at center bond b=153 = 0.653697015918
    Eigs at center bond b=153: 0.7780 0.1906 0.0207 0.0050 0.0035 
    Largest link dim during sweep 21/87 was 41
    Largest truncation error: 7.80102e-07
    Energy after sweep 21/87 is -196.848652353723
    Sweep 21/87 CPU time = 8.355s (Wall time = 1.071s)

    vN Entropy at center bond b=153 = 0.653697010649
    Eigs at center bond b=153: 0.7780 0.1906 0.0207 0.0050 0.0035 
    Largest link dim during sweep 22/87 was 41
    Largest truncation error: 7.801e-07
    Energy after sweep 22/87 is -196.848662041438
    Sweep 22/87 CPU time = 8.418s (Wall time = 1.083s)

    vN Entropy at center bond b=153 = 0.653697008068
    Eigs at center bond b=153: 0.7780 0.1906 0.0207 0.0050 0.0035 
    Largest link dim during sweep 23/87 was 41
    Largest truncation error: 7.80106e-07
    Energy after sweep 23/87 is -196.848670375109
    Sweep 23/87 CPU time = 8.382s (Wall time = 1.075s)

    vN Entropy at center bond b=153 = 0.653697006841
    Eigs at center bond b=153: 0.7780 0.1906 0.0207 0.0050 0.0035 
    Largest link dim during sweep 24/87 was 41
    Largest truncation error: 7.80862e-07
    Energy after sweep 24/87 is -196.848677739990
    Sweep 24/87 CPU time = 8.386s (Wall time = 1.076s)

    vN Entropy at center bond b=153 = 0.653697006267
    Eigs at center bond b=153: 0.7780 0.1906 0.0207 0.0050 0.0035 
    Largest link dim during sweep 25/87 was 41
    Largest truncation error: 7.81374e-07
    Energy after sweep 25/87 is -196.848685806198
    Sweep 25/87 CPU time = 8.418s (Wall time = 1.077s)

    vN Entropy at center bond b=153 = 0.653697006005
    Eigs at center bond b=153: 0.7780 0.1906 0.0207 0.0050 0.0035 
    Largest link dim during sweep 26/87 was 41
    Largest truncation error: 7.81978e-07
    Energy after sweep 26/87 is -196.848695863237
    Sweep 26/87 CPU time = 8.440s (Wall time = 1.080s)

    vN Entropy at center bond b=153 = 0.653697005882
    Eigs at center bond b=153: 0.7780 0.1906 0.0207 0.0050 0.0035 
    Largest link dim during sweep 27/87 was 41
    Largest truncation error: 7.82756e-07
    Energy after sweep 27/87 is -196.848706839178
    Sweep 27/87 CPU time = 8.446s (Wall time = 1.082s)

    vN Entropy at center bond b=153 = 0.653697005830
    Eigs at center bond b=153: 0.7780 0.1906 0.0207 0.0050 0.0035 
    Largest link dim during sweep 28/87 was 41
    Largest truncation error: 7.83486e-07
    Energy after sweep 28/87 is -196.848712112713
    Sweep 28/87 CPU time = 8.455s (Wall time = 1.081s)

    vN Entropy at center bond b=153 = 0.653697005804
    Eigs at center bond b=153: 0.7780 0.1906 0.0207 0.0050 0.0035 
    Largest link dim during sweep 29/87 was 41
    Largest truncation error: 7.80107e-07
    Energy after sweep 29/87 is -196.848717729594
    Sweep 29/87 CPU time = 8.466s (Wall time = 1.083s)

    vN Entropy at center bond b=153 = 0.653697005794
    Eigs at center bond b=153: 0.7780 0.1906 0.0207 0.0050 0.0035 
    Largest link dim during sweep 30/87 was 41
    Largest truncation error: 7.80109e-07
    Energy after sweep 30/87 is -196.848722390745
    Sweep 30/87 CPU time = 8.502s (Wall time = 1.086s)

    vN Entropy at center bond b=153 = 0.653697005790
    Eigs at center bond b=153: 0.7780 0.1906 0.0207 0.0050 0.0035 
    Largest link dim during sweep 31/87 was 41
    Largest truncation error: 7.80108e-07
    Energy after sweep 31/87 is -196.848724831015
    Sweep 31/87 CPU time = 8.494s (Wall time = 1.093s)

    vN Entropy at center bond b=153 = 0.653697005789
    Eigs at center bond b=153: 0.7780 0.1906 0.0207 0.0050 0.0035 
    Largest link dim during sweep 32/87 was 41
    Largest truncation error: 7.80104e-07
    Energy after sweep 32/87 is -196.848729138759
    Sweep 32/87 CPU time = 8.505s (Wall time = 1.086s)

    vN Entropy at center bond b=153 = 0.653697005788
    Eigs at center bond b=153: 0.7780 0.1906 0.0207 0.0050 0.0035 
    Largest link dim during sweep 33/87 was 41
    Largest truncation error: 7.80085e-07
    Energy after sweep 33/87 is -196.848737017397
    Sweep 33/87 CPU time = 8.503s (Wall time = 1.091s)

    vN Entropy at center bond b=153 = 0.653697005787
    Eigs at center bond b=153: 0.7780 0.1906 0.0207 0.0050 0.0035 
    Largest link dim during sweep 34/87 was 41
    Largest truncation error: 7.80101e-07
    Energy after sweep 34/87 is -196.848742670583
    Sweep 34/87 CPU time = 8.546s (Wall time = 1.089s)

    vN Entropy at center bond b=153 = 0.653697005781
    Eigs at center bond b=153: 0.7780 0.1906 0.0207 0.0050 0.0035 
    Largest link dim during sweep 35/87 was 41
    Largest truncation error: 7.82722e-07
    Energy after sweep 35/87 is -196.848752143664
    Sweep 35/87 CPU time = 8.540s (Wall time = 1.094s)

    vN Entropy at center bond b=153 = 0.653697005773
    Eigs at center bond b=153: 0.7780 0.1906 0.0207 0.0050 0.0035 
    Largest link dim during sweep 36/87 was 41
    Largest truncation error: 7.80839e-07
    Energy after sweep 36/87 is -196.848755961528
    Sweep 36/87 CPU time = 8.567s (Wall time = 1.099s)

    vN Entropy at center bond b=153 = 0.655249955139
    Eigs at center bond b=153: 0.7776 0.1909 0.0208 0.0050 0.0036 
    Largest link dim during sweep 37/87 was 83
    Largest truncation error: 8.20423e-09
    Energy after sweep 37/87 is -196.849878755566
    Sweep 37/87 CPU time = 20.84s (Wall time = 2.677s)

    vN Entropy at center bond b=153 = 0.655951254439
    Eigs at center bond b=153: 0.7775 0.1909 0.0208 0.0050 0.0037 
    Largest link dim during sweep 38/87 was 90
    Largest truncation error: 8.27754e-09
    Energy after sweep 38/87 is -196.849972414472
    Sweep 38/87 CPU time = 31.40s (Wall time = 4.025s)

    vN Entropy at center bond b=153 = 0.656085439388
    Eigs at center bond b=153: 0.7775 0.1908 0.0208 0.0050 0.0037 
    Largest link dim during sweep 39/87 was 92
    Largest truncation error: 8.30174e-09
    Energy after sweep 39/87 is -196.850038972183
    Sweep 39/87 CPU time = 34.62s (Wall time = 4.423s)

    vN Entropy at center bond b=153 = 0.656120146928
    Eigs at center bond b=153: 0.7775 0.1908 0.0208 0.0050 0.0037 
    Largest link dim during sweep 40/87 was 93
    Largest truncation error: 8.30826e-09
    Energy after sweep 40/87 is -196.850092159805
    Sweep 40/87 CPU time = 36.21s (Wall time = 4.630s)

    vN Entropy at center bond b=153 = 0.656133358410
    Eigs at center bond b=153: 0.7775 0.1908 0.0208 0.0050 0.0037 
    Largest link dim during sweep 41/87 was 94
    Largest truncation error: 8.31096e-09
    Energy after sweep 41/87 is -196.850135342241
    Sweep 41/87 CPU time = 37.62s (Wall time = 4.818s)

    vN Entropy at center bond b=153 = 0.656139482651
    Eigs at center bond b=153: 0.7775 0.1908 0.0208 0.0050 0.0037 
    Largest link dim during sweep 42/87 was 95
    Largest truncation error: 8.31224e-09
    Energy after sweep 42/87 is -196.850173723939
    Sweep 42/87 CPU time = 39.57s (Wall time = 5.068s)

    vN Entropy at center bond b=153 = 0.656142277746
    Eigs at center bond b=153: 0.7775 0.1908 0.0208 0.0050 0.0037 
    Largest link dim during sweep 43/87 was 95
    Largest truncation error: 8.3129e-09
    Energy after sweep 43/87 is -196.850871239827
    Sweep 43/87 CPU time = 42.23s (Wall time = 5.412s)

    vN Entropy at center bond b=153 = 0.656143670333
    Eigs at center bond b=153: 0.7775 0.1908 0.0208 0.0050 0.0037 
    Largest link dim during sweep 44/87 was 132
    Largest truncation error: 8.31321e-09
    Energy after sweep 44/87 is -196.872492224665
    Sweep 44/87 CPU time = 51.49s (Wall time = 6.607s)

    vN Entropy at center bond b=153 = 0.656144367675
    Eigs at center bond b=153: 0.7775 0.1908 0.0208 0.0050 0.0037 
    Largest link dim during sweep 45/87 was 81
    Largest truncation error: 8.3134e-09
    Energy after sweep 45/87 is -196.873405734485
    Sweep 45/87 CPU time = 31.63s (Wall time = 4.044s)

    vN Entropy at center bond b=153 = 0.656144724387
    Eigs at center bond b=153: 0.7775 0.1908 0.0208 0.0050 0.0037 
    Largest link dim during sweep 46/87 was 60
    Largest truncation error: 8.31353e-09
    Energy after sweep 46/87 is -196.873424788064
    Sweep 46/87 CPU time = 26.11s (Wall time = 3.343s)

    vN Entropy at center bond b=153 = 0.656144908492
    Eigs at center bond b=153: 0.7775 0.1908 0.0208 0.0050 0.0037 
    Largest link dim during sweep 47/87 was 58
    Largest truncation error: 8.3136e-09
    Energy after sweep 47/87 is -196.873425287582
    Sweep 47/87 CPU time = 25.45s (Wall time = 3.258s)

    vN Entropy at center bond b=153 = 0.656145003600
    Eigs at center bond b=153: 0.7775 0.1908 0.0208 0.0050 0.0037 
    Largest link dim during sweep 48/87 was 57
    Largest truncation error: 8.31365e-09
    Energy after sweep 48/87 is -196.873425366399
    Sweep 48/87 CPU time = 25.42s (Wall time = 3.255s)

    vN Entropy at center bond b=153 = 0.656145052801
    Eigs at center bond b=153: 0.7775 0.1908 0.0208 0.0050 0.0037 
    Largest link dim during sweep 49/87 was 57
    Largest truncation error: 8.31367e-09
    Energy after sweep 49/87 is -196.873425392151
    Sweep 49/87 CPU time = 25.45s (Wall time = 3.257s)

    vN Entropy at center bond b=153 = 0.656145078303
    Eigs at center bond b=153: 0.7775 0.1908 0.0208 0.0050 0.0037 
    Largest link dim during sweep 50/87 was 57
    Largest truncation error: 8.31369e-09
    Energy after sweep 50/87 is -196.873425394193
    Sweep 50/87 CPU time = 25.35s (Wall time = 3.245s)

    vN Entropy at center bond b=153 = 0.656145091555
    Eigs at center bond b=153: 0.7775 0.1908 0.0208 0.0050 0.0037 
    Largest link dim during sweep 51/87 was 57
    Largest truncation error: 8.31371e-09
    Energy after sweep 51/87 is -196.873425399384
    Sweep 51/87 CPU time = 25.40s (Wall time = 3.247s)

    vN Entropy at center bond b=153 = 0.656145098463
    Eigs at center bond b=153: 0.7775 0.1908 0.0208 0.0050 0.0037 
    Largest link dim during sweep 52/87 was 57
    Largest truncation error: 8.31371e-09
    Energy after sweep 52/87 is -196.873425396029
    Sweep 52/87 CPU time = 25.40s (Wall time = 3.280s)

    vN Entropy at center bond b=153 = 0.656145102077
    Eigs at center bond b=153: 0.7775 0.1908 0.0208 0.0050 0.0037 
    Largest link dim during sweep 53/87 was 57
    Largest truncation error: 8.31372e-09
    Energy after sweep 53/87 is -196.873425397837
    Sweep 53/87 CPU time = 25.41s (Wall time = 3.251s)

    vN Entropy at center bond b=153 = 0.656145103975
    Eigs at center bond b=153: 0.7775 0.1908 0.0208 0.0050 0.0037 
    Largest link dim during sweep 54/87 was 57
    Largest truncation error: 8.31372e-09
    Energy after sweep 54/87 is -196.873425399190
    Sweep 54/87 CPU time = 25.28s (Wall time = 3.244s)

    vN Entropy at center bond b=153 = 0.656145104974
    Eigs at center bond b=153: 0.7775 0.1908 0.0208 0.0050 0.0037 
    Largest link dim during sweep 55/87 was 57
    Largest truncation error: 8.31372e-09
    Energy after sweep 55/87 is -196.873425400210
    Sweep 55/87 CPU time = 25.33s (Wall time = 3.243s)

    vN Entropy at center bond b=153 = 0.656145105504
    Eigs at center bond b=153: 0.7775 0.1908 0.0208 0.0050 0.0037 
    Largest link dim during sweep 56/87 was 57
    Largest truncation error: 8.31372e-09
    Energy after sweep 56/87 is -196.873425400979
    Sweep 56/87 CPU time = 25.22s (Wall time = 3.232s)

    vN Entropy at center bond b=153 = 0.656145105785
    Eigs at center bond b=153: 0.7775 0.1908 0.0208 0.0050 0.0037 
    Largest link dim during sweep 57/87 was 58
    Largest truncation error: 8.31372e-09
    Energy after sweep 57/87 is -196.873425410030
    Sweep 57/87 CPU time = 25.20s (Wall time = 3.232s)

    vN Entropy at center bond b=153 = 0.656145105935
    Eigs at center bond b=153: 0.7775 0.1908 0.0208 0.0050 0.0037 
    Largest link dim during sweep 58/87 was 58
    Largest truncation error: 8.31372e-09
    Energy after sweep 58/87 is -196.873425410203
    Sweep 58/87 CPU time = 25.34s (Wall time = 3.245s)

    vN Entropy at center bond b=153 = 0.656230972069
    Eigs at center bond b=153: 0.7774 0.1909 0.0208 0.0050 0.0037 
    Largest link dim during sweep 59/87 was 107
    Largest truncation error: 7.83902e-11
    Energy after sweep 59/87 is -196.873438217768
    Sweep 59/87 CPU time = 1m, 19.0s (Wall time = 10.14s)

    vN Entropy at center bond b=153 = 0.656263474331
    Eigs at center bond b=153: 0.7774 0.1909 0.0208 0.0050 0.0037 
    Largest link dim during sweep 60/87 was 112
    Largest truncation error: 7.84101e-11
    Energy after sweep 60/87 is -196.873438473261
    Sweep 60/87 CPU time = 1m, 44.0s (Wall time = 13.32s)

    vN Entropy at center bond b=153 = 0.656267991432
    Eigs at center bond b=153: 0.7774 0.1909 0.0208 0.0050 0.0037 
    Largest link dim during sweep 61/87 was 113
    Largest truncation error: 7.8575e-11
    Energy after sweep 61/87 is -196.873438490804
    Sweep 61/87 CPU time = 1m, 40.9s (Wall time = 12.94s)

    vN Entropy at center bond b=153 = 0.656268959840
    Eigs at center bond b=153: 0.7774 0.1909 0.0208 0.0050 0.0037 
    Largest link dim during sweep 62/87 was 112
    Largest truncation error: 7.86443e-11
    Energy after sweep 62/87 is -196.873438493275
    Sweep 62/87 CPU time = 1m, 42.4s (Wall time = 13.14s)

    vN Entropy at center bond b=153 = 0.656269319072
    Eigs at center bond b=153: 0.7774 0.1909 0.0208 0.0050 0.0037 
    Largest link dim during sweep 63/87 was 112
    Largest truncation error: 7.86716e-11
    Energy after sweep 63/87 is -196.873438494008
    Sweep 63/87 CPU time = 1m, 42.8s (Wall time = 13.15s)

    vN Entropy at center bond b=153 = 0.656269483036
    Eigs at center bond b=153: 0.7774 0.1909 0.0208 0.0050 0.0037 
    Largest link dim during sweep 64/87 was 112
    Largest truncation error: 7.86839e-11
    Energy after sweep 64/87 is -196.873438499084
    Sweep 64/87 CPU time = 1m, 42.9s (Wall time = 13.21s)

    vN Entropy at center bond b=153 = 0.656269564925
    Eigs at center bond b=153: 0.7774 0.1909 0.0208 0.0050 0.0037 
    Largest link dim during sweep 65/87 was 112
    Largest truncation error: 7.87662e-11
    Energy after sweep 65/87 is -196.873438499237
    Sweep 65/87 CPU time = 1m, 43.2s (Wall time = 13.19s)

    vN Entropy at center bond b=153 = 0.656269604217
    Eigs at center bond b=153: 0.7774 0.1909 0.0208 0.0050 0.0037 
    Largest link dim during sweep 66/87 was 112
    Largest truncation error: 7.88679e-11
    Energy after sweep 66/87 is -196.873438499361
    Sweep 66/87 CPU time = 1m, 42.6s (Wall time = 13.14s)

    vN Entropy at center bond b=153 = 0.656269623746
    Eigs at center bond b=153: 0.7774 0.1909 0.0208 0.0050 0.0037 
    Largest link dim during sweep 67/87 was 112
    Largest truncation error: 7.86958e-11
    Energy after sweep 67/87 is -196.873438499375
    Sweep 67/87 CPU time = 1m, 43.3s (Wall time = 13.20s)

    vN Entropy at center bond b=153 = 0.656269633612
    Eigs at center bond b=153: 0.7774 0.1909 0.0208 0.0050 0.0037 
    Largest link dim during sweep 68/87 was 112
    Largest truncation error: 7.86971e-11
    Energy after sweep 68/87 is -196.873438499369
    Sweep 68/87 CPU time = 1m, 43.8s (Wall time = 13.33s)

    vN Entropy at center bond b=153 = 0.656269638641
    Eigs at center bond b=153: 0.7774 0.1909 0.0208 0.0050 0.0037 
    Largest link dim during sweep 69/87 was 112
    Largest truncation error: 7.86979e-11
    Energy after sweep 69/87 is -196.873438499365
    Sweep 69/87 CPU time = 1m, 43.7s (Wall time = 13.27s)

    vN Entropy at center bond b=153 = 0.656269641220
    Eigs at center bond b=153: 0.7774 0.1909 0.0208 0.0050 0.0037 
    Largest link dim during sweep 70/87 was 112
    Largest truncation error: 7.8698e-11
    Energy after sweep 70/87 is -196.873438499363
    Sweep 70/87 CPU time = 1m, 43.2s (Wall time = 13.21s)

    vN Entropy at center bond b=153 = 0.656269642548
    Eigs at center bond b=153: 0.7774 0.1909 0.0208 0.0050 0.0037 
    Largest link dim during sweep 71/87 was 112
    Largest truncation error: 7.8698e-11
    Energy after sweep 71/87 is -196.873438499365
    Sweep 71/87 CPU time = 1m, 43.5s (Wall time = 13.25s)

    vN Entropy at center bond b=153 = 0.656269643233
    Eigs at center bond b=153: 0.7774 0.1909 0.0208 0.0050 0.0037 
    Largest link dim during sweep 72/87 was 113
    Largest truncation error: 7.86984e-11
    Energy after sweep 72/87 is -196.873438499394
    Sweep 72/87 CPU time = 1m, 43.2s (Wall time = 13.20s)

    vN Entropy at center bond b=153 = 0.656269643588
    Eigs at center bond b=153: 0.7774 0.1909 0.0208 0.0050 0.0037 
    Largest link dim during sweep 73/87 was 113
    Largest truncation error: 7.86985e-11
    Energy after sweep 73/87 is -196.873438499394
    Sweep 73/87 CPU time = 1m, 43.8s (Wall time = 13.27s)

    vN Entropy at center bond b=153 = 0.656269643771
    Eigs at center bond b=153: 0.7774 0.1909 0.0208 0.0050 0.0037 
    Largest link dim during sweep 74/87 was 113
    Largest truncation error: 7.86984e-11
    Energy after sweep 74/87 is -196.873438499396
    Sweep 74/87 CPU time = 1m, 43.5s (Wall time = 13.26s)

    vN Entropy at center bond b=153 = 0.656273993397
    Eigs at center bond b=153: 0.7774 0.1909 0.0208 0.0050 0.0037 
    Largest link dim during sweep 75/87 was 194
    Largest truncation error: 8.30878e-13
    Energy after sweep 75/87 is -196.873438633130
    Sweep 75/87 CPU time = 3m, 29.6s (Wall time = 28.28s)

    vN Entropy at center bond b=153 = 0.656274563720
    Eigs at center bond b=153: 0.7774 0.1909 0.0208 0.0050 0.0037 
    Largest link dim during sweep 76/87 was 204
    Largest truncation error: 8.30813e-13
    Energy after sweep 76/87 is -196.873438635121
    Sweep 76/87 CPU time = 5m, 3.9s (Wall time = 39.89s)

    vN Entropy at center bond b=153 = 0.656274866220
    Eigs at center bond b=153: 0.7774 0.1909 0.0208 0.0050 0.0037 
    Largest link dim during sweep 77/87 was 202
    Largest truncation error: 8.30839e-13
    Energy after sweep 77/87 is -196.873438635700
    Sweep 77/87 CPU time = 5m, 5.3s (Wall time = 39.85s)

    vN Entropy at center bond b=153 = 0.656275031623
    Eigs at center bond b=153: 0.7774 0.1909 0.0208 0.0050 0.0037 
    Largest link dim during sweep 78/87 was 202
    Largest truncation error: 8.30849e-13
    Energy after sweep 78/87 is -196.873438635954
    Sweep 78/87 CPU time = 4m, 32.1s (Wall time = 35.76s)

    vN Entropy at center bond b=153 = 0.656275127975
    Eigs at center bond b=153: 0.7774 0.1909 0.0208 0.0050 0.0037 
    Largest link dim during sweep 79/87 was 202
    Largest truncation error: 8.30901e-13
    Energy after sweep 79/87 is -196.873438636078
    Sweep 79/87 CPU time = 4m, 43.8s (Wall time = 37.60s)

    vN Entropy at center bond b=153 = 0.656275186136
    Eigs at center bond b=153: 0.7774 0.1909 0.0208 0.0050 0.0037 
    Largest link dim during sweep 80/87 was 202
    Largest truncation error: 8.30865e-13
    Energy after sweep 80/87 is -196.873438636169
    Sweep 80/87 CPU time = 4m, 45.3s (Wall time = 36.94s)

    vN Entropy at center bond b=153 = 0.656275222092
    Eigs at center bond b=153: 0.7774 0.1909 0.0208 0.0050 0.0037 
    Largest link dim during sweep 81/87 was 202
    Largest truncation error: 8.3088e-13
    Energy after sweep 81/87 is -196.873438636224
    Sweep 81/87 CPU time = 4m, 42.9s (Wall time = 36.60s)

    vN Entropy at center bond b=153 = 0.656275244658
    Eigs at center bond b=153: 0.7774 0.1909 0.0208 0.0050 0.0037 
    Largest link dim during sweep 82/87 was 203
    Largest truncation error: 8.30954e-13
    Energy after sweep 82/87 is -196.873438636249
    Sweep 82/87 CPU time = 4m, 36.4s (Wall time = 35.59s)

    vN Entropy at center bond b=153 = 0.656275681629
    Eigs at center bond b=153: 0.7774 0.1909 0.0208 0.0050 0.0037 
    Largest link dim during sweep 83/87 was 188
    Largest truncation error: 7.81417e-13
    Energy after sweep 83/87 is -196.873438635754
    Sweep 83/87 CPU time = 3m, 35.9s (Wall time = 27.74s)

    vN Entropy at center bond b=153 = 0.656275703156
    Eigs at center bond b=153: 0.7774 0.1909 0.0208 0.0050 0.0037 
    Largest link dim during sweep 84/87 was 326
    Largest truncation error: 7.83182e-15
    Energy after sweep 84/87 is -196.873438637937
    Sweep 84/87 CPU time = 13m, 46s (Wall time = 1m, 52.9s)

    vN Entropy at center bond b=153 = 0.656275727344
    Eigs at center bond b=153: 0.7774 0.1909 0.0208 0.0050 0.0037 
    Largest link dim during sweep 85/87 was 347
    Largest truncation error: 7.87553e-15
    Energy after sweep 85/87 is -196.873438638013
    Sweep 85/87 CPU time = 26m, 32s (Wall time = 3m, 29.9s)

    vN Entropy at center bond b=153 = 0.656275740160
    Eigs at center bond b=153: 0.7774 0.1909 0.0208 0.0050 0.0037 
    Largest link dim during sweep 86/87 was 345
    Largest truncation error: 7.83122e-15
    Energy after sweep 86/87 is -196.873438638046
    Sweep 86/87 CPU time = 23m, 28s (Wall time = 3m, 1.2s)

    vN Entropy at center bond b=153 = 0.656275746591
    Eigs at center bond b=153: 0.7774 0.1909 0.0208 0.0050 0.0037 
    Largest link dim during sweep 87/87 was 339
    Largest truncation error: 7.83379e-15
    Energy after sweep 87/87 is -196.873438638059
    Sweep 87/87 CPU time = 17m, 32s (Wall time = 2m, 14.8s)
Initial energy = 0.00000

Ground State Energy = -196.8734386381
run_outputs/outputpsi/N_306_sweep_87_t_0.030000_J_1.000000_V_0.600000_D_0.018000_U_0.040000_mu_0.000000_E_0.000000 converge
Wall-clock time (s) = 6138.341070
