//////////////////////////
Reading input file ......

Got input.N = 306
Got input.t = 0.03
Got input.J = 1
Got input.V = 0.6
Got input.D = 0.018
Got input.U = 0.855
Got input.mu = 0
Got input.E = 0
Got input.nsweeps = 87
Sweeps:
1  MaxDim=20, MinDim=20, Cutoff=1.0E-06, Niter=8, Noise=1.0E-05
2  MaxDim=20, MinDim=20, Cutoff=1.0E-06, Niter=8, Noise=1.0E-05
3  MaxDim=20, MinDim=20, Cutoff=1.0E-06, Niter=8, Noise=1.0E-05
4  MaxDim=20, MinDim=20, Cutoff=1.0E-06, Niter=8, Noise=1.0E-05
5  MaxDim=20, MinDim=20, Cutoff=1.0E-06, Niter=8, Noise=1.0E-05
6  MaxDim=20, MinDim=20, Cutoff=1.0E-06, Niter=8, Noise=1.0E-05
7  MaxDim=20, MinDim=20, Cutoff=1.0E-06, Niter=8, Noise=1.0E-05
8  MaxDim=40, MinDim=20, Cutoff=1.0E-06, Niter=4, Noise=1.0E-05
9  MaxDim=40, MinDim=20, Cutoff=1.0E-06, Niter=4, Noise=1.0E-05
10  MaxDim=40, MinDim=20, Cutoff=1.0E-06, Niter=4, Noise=1.0E-05
11  MaxDim=40, MinDim=20, Cutoff=1.0E-06, Niter=4, Noise=1.0E-05
12  MaxDim=40, MinDim=20, Cutoff=1.0E-06, Niter=4, Noise=1.0E-05
13  MaxDim=40, MinDim=20, Cutoff=1.0E-06, Niter=4, Noise=1.0E-05
14  MaxDim=40, MinDim=20, Cutoff=1.0E-06, Niter=4, Noise=1.0E-05
15  MaxDim=80, MinDim=10, Cutoff=1.0E-06, Niter=4, Noise=1.0E-05
16  MaxDim=80, MinDim=10, Cutoff=1.0E-06, Niter=4, Noise=1.0E-05
17  MaxDim=80, MinDim=10, Cutoff=1.0E-06, Niter=4, Noise=1.0E-05
18  MaxDim=80, MinDim=10, Cutoff=1.0E-06, Niter=4, Noise=1.0E-05
19  MaxDim=80, MinDim=10, Cutoff=1.0E-06, Niter=4, Noise=1.0E-05
20  MaxDim=80, MinDim=10, Cutoff=1.0E-06, Niter=4, Noise=1.0E-05
21  MaxDim=80, MinDim=10, Cutoff=1.0E-06, Niter=4, Noise=1.0E-05
22  MaxDim=80, MinDim=10, Cutoff=1.0E-06, Niter=4, Noise=1.0E-05
23  MaxDim=80, MinDim=10, Cutoff=1.0E-06, Niter=4, Noise=1.0E-05
24  MaxDim=80, MinDim=10, Cutoff=1.0E-06, Niter=4, Noise=1.0E-05
25  MaxDim=80, MinDim=10, Cutoff=1.0E-06, Niter=4, Noise=1.0E-05
26  MaxDim=80, MinDim=10, Cutoff=1.0E-06, Niter=4, Noise=1.0E-05
27  MaxDim=80, MinDim=10, Cutoff=1.0E-06, Niter=4, Noise=1.0E-05
28  MaxDim=80, MinDim=10, Cutoff=1.0E-06, Niter=4, Noise=1.0E-05
29  MaxDim=80, MinDim=10, Cutoff=1.0E-06, Niter=4, Noise=1.0E-05
30  MaxDim=80, MinDim=10, Cutoff=1.0E-06, Niter=4, Noise=1.0E-05
31  MaxDim=80, MinDim=10, Cutoff=1.0E-06, Niter=4, Noise=1.0E-05
32  MaxDim=80, MinDim=10, Cutoff=1.0E-06, Niter=4, Noise=1.0E-05
33  MaxDim=80, MinDim=10, Cutoff=1.0E-06, Niter=4, Noise=1.0E-05
34  MaxDim=80, MinDim=10, Cutoff=1.0E-06, Niter=4, Noise=1.0E-05
35  MaxDim=80, MinDim=10, Cutoff=1.0E-06, Niter=4, Noise=1.0E-05
36  MaxDim=80, MinDim=10, Cutoff=1.0E-06, Niter=4, Noise=1.0E-05
37  MaxDim=160, MinDim=10, Cutoff=1.0E-08, Niter=4, Noise=1.0E-06
38  MaxDim=160, MinDim=10, Cutoff=1.0E-08, Niter=4, Noise=1.0E-06
39  MaxDim=160, MinDim=10, Cutoff=1.0E-08, Niter=4, Noise=1.0E-06
40  MaxDim=160, MinDim=10, Cutoff=1.0E-08, Niter=4, Noise=1.0E-06
41  MaxDim=160, MinDim=10, Cutoff=1.0E-08, Niter=4, Noise=1.0E-06
42  MaxDim=160, MinDim=10, Cutoff=1.0E-08, Niter=4, Noise=1.0E-06
43  MaxDim=160, MinDim=10, Cutoff=1.0E-08, Niter=4, Noise=1.0E-06
44  MaxDim=160, MinDim=10, Cutoff=1.0E-08, Niter=4, Noise=1.0E-06
45  MaxDim=160, MinDim=10, Cutoff=1.0E-08, Niter=4, Noise=1.0E-06
46  MaxDim=160, MinDim=10, Cutoff=1.0E-08, Niter=4, Noise=1.0E-06
47  MaxDim=160, MinDim=10, Cutoff=1.0E-08, Niter=4, Noise=1.0E-06
48  MaxDim=160, MinDim=10, Cutoff=1.0E-08, Niter=4, Noise=1.0E-06
49  MaxDim=160, MinDim=10, Cutoff=1.0E-08, Niter=4, Noise=1.0E-06
50  MaxDim=160, MinDim=10, Cutoff=1.0E-08, Niter=4, Noise=1.0E-06
51  MaxDim=160, MinDim=10, Cutoff=1.0E-08, Niter=4, Noise=1.0E-06
52  MaxDim=160, MinDim=10, Cutoff=1.0E-08, Niter=4, Noise=1.0E-06
53  MaxDim=160, MinDim=10, Cutoff=1.0E-08, Niter=4, Noise=1.0E-06
54  MaxDim=160, MinDim=10, Cutoff=1.0E-08, Niter=4, Noise=1.0E-06
55  MaxDim=160, MinDim=10, Cutoff=1.0E-08, Niter=4, Noise=1.0E-06
56  MaxDim=160, MinDim=10, Cutoff=1.0E-08, Niter=4, Noise=1.0E-06
57  MaxDim=160, MinDim=10, Cutoff=1.0E-08, Niter=4, Noise=1.0E-06
58  MaxDim=160, MinDim=10, Cutoff=1.0E-08, Niter=4, Noise=1.0E-06
59  MaxDim=320, MinDim=10, Cutoff=1.0E-10, Niter=4, Noise=1.0E-07
60  MaxDim=320, MinDim=10, Cutoff=1.0E-10, Niter=4, Noise=1.0E-07
61  MaxDim=320, MinDim=10, Cutoff=1.0E-10, Niter=4, Noise=1.0E-07
62  MaxDim=320, MinDim=10, Cutoff=1.0E-10, Niter=4, Noise=1.0E-07
63  MaxDim=320, MinDim=10, Cutoff=1.0E-10, Niter=4, Noise=1.0E-07
64  MaxDim=320, MinDim=10, Cutoff=1.0E-10, Niter=4, Noise=1.0E-07
65  MaxDim=320, MinDim=10, Cutoff=1.0E-10, Niter=4, Noise=1.0E-07
66  MaxDim=320, MinDim=10, Cutoff=1.0E-10, Niter=4, Noise=1.0E-07
67  MaxDim=320, MinDim=10, Cutoff=1.0E-10, Niter=4, Noise=1.0E-07
68  MaxDim=320, MinDim=10, Cutoff=1.0E-10, Niter=4, Noise=1.0E-07
69  MaxDim=320, MinDim=10, Cutoff=1.0E-10, Niter=4, Noise=1.0E-07
70  MaxDim=320, MinDim=10, Cutoff=1.0E-10, Niter=4, Noise=1.0E-07
71  MaxDim=320, MinDim=10, Cutoff=1.0E-10, Niter=4, Noise=1.0E-07
72  MaxDim=320, MinDim=10, Cutoff=1.0E-10, Niter=4, Noise=1.0E-07
73  MaxDim=320, MinDim=10, Cutoff=1.0E-10, Niter=4, Noise=1.0E-07
74  MaxDim=320, MinDim=10, Cutoff=1.0E-10, Niter=4, Noise=1.0E-07
75  MaxDim=640, MinDim=10, Cutoff=1.0E-12, Niter=2, Noise=1.0E-08
76  MaxDim=640, MinDim=10, Cutoff=1.0E-12, Niter=2, Noise=1.0E-08
77  MaxDim=640, MinDim=10, Cutoff=1.0E-12, Niter=2, Noise=1.0E-08
78  MaxDim=640, MinDim=10, Cutoff=1.0E-12, Niter=2, Noise=1.0E-08
79  MaxDim=640, MinDim=10, Cutoff=1.0E-12, Niter=2, Noise=1.0E-08
80  MaxDim=640, MinDim=10, Cutoff=1.0E-12, Niter=2, Noise=1.0E-08
81  MaxDim=640, MinDim=10, Cutoff=1.0E-12, Niter=2, Noise=1.0E-08
82  MaxDim=640, MinDim=10, Cutoff=1.0E-12, Niter=2, Noise=1.0E-08
83  MaxDim=1280, MinDim=10, Cutoff=1.0E-12, Niter=2, Noise=0.0E+00
84  MaxDim=1280, MinDim=10, Cutoff=1.0E-14, Niter=2, Noise=0.0E+00
85  MaxDim=1280, MinDim=10, Cutoff=1.0E-14, Niter=2, Noise=0.0E+00
86  MaxDim=1280, MinDim=10, Cutoff=1.0E-14, Niter=2, Noise=0.0E+00
87  MaxDim=1280, MinDim=10, Cutoff=1.0E-14, Niter=2, Noise=0.0E+00


    vN Entropy at center bond b=153 = 0.525095078345
    Eigs at center bond b=153: 0.8373 0.1422 0.0138 0.0047 
    Largest link dim during sweep 1/87 was 20
    Largest truncation error: 3.67046e-06
    Energy after sweep 1/87 is -167.020359473551
    Sweep 1/87 CPU time = 8.960s (Wall time = 1.163s)

    vN Entropy at center bond b=153 = 0.644592585563
    Eigs at center bond b=153: 0.7958 0.1671 0.0240 0.0065 0.0034 0.0020 
    Largest link dim during sweep 2/87 was 20
    Largest truncation error: 4.93949e-06
    Energy after sweep 2/87 is -167.055202171280
    Sweep 2/87 CPU time = 12.74s (Wall time = 1.631s)

    vN Entropy at center bond b=153 = 0.671489791457
    Eigs at center bond b=153: 0.7883 0.1696 0.0264 0.0067 0.0049 0.0024 
    Largest link dim during sweep 3/87 was 20
    Largest truncation error: 7.81013e-06
    Energy after sweep 3/87 is -167.056522566882
    Sweep 3/87 CPU time = 12.48s (Wall time = 1.598s)

    vN Entropy at center bond b=153 = 0.676907201270
    Eigs at center bond b=153: 0.7868 0.1701 0.0269 0.0067 0.0053 0.0025 
    Largest link dim during sweep 4/87 was 20
    Largest truncation error: 8.78277e-06
    Energy after sweep 4/87 is -167.056765350911
    Sweep 4/87 CPU time = 12.52s (Wall time = 1.601s)

    vN Entropy at center bond b=153 = 0.677882991719
    Eigs at center bond b=153: 0.7865 0.1702 0.0270 0.0067 0.0053 0.0026 
    Largest link dim during sweep 5/87 was 20
    Largest truncation error: 9.19144e-06
    Energy after sweep 5/87 is -167.056851709306
    Sweep 5/87 CPU time = 12.49s (Wall time = 1.595s)

    vN Entropy at center bond b=153 = 0.678374535688
    Eigs at center bond b=153: 0.7864 0.1702 0.0271 0.0067 0.0053 0.0026 
    Largest link dim during sweep 6/87 was 20
    Largest truncation error: 9.43831e-06
    Energy after sweep 6/87 is -167.056906530004
    Sweep 6/87 CPU time = 12.47s (Wall time = 1.597s)

    vN Entropy at center bond b=153 = 0.678863778243
    Eigs at center bond b=153: 0.7863 0.1703 0.0271 0.0068 0.0054 0.0026 
    Largest link dim during sweep 7/87 was 20
    Largest truncation error: 9.51275e-06
    Energy after sweep 7/87 is -167.056936916505
    Sweep 7/87 CPU time = 12.43s (Wall time = 1.593s)

    vN Entropy at center bond b=153 = 0.733344488654
    Eigs at center bond b=153: 0.7712 0.1731 0.0344 0.0079 0.0073 0.0037 0.0011 
    Largest link dim during sweep 8/87 was 36
    Largest truncation error: 7.93393e-07
    Energy after sweep 8/87 is -167.072021494564
    Sweep 8/87 CPU time = 11.90s (Wall time = 1.574s)

    vN Entropy at center bond b=153 = 0.779534214896
    Eigs at center bond b=153: 0.7567 0.1774 0.0403 0.0095 0.0087 0.0043 0.0013 
    Largest link dim during sweep 9/87 was 40
    Largest truncation error: 7.60897e-07
    Energy after sweep 9/87 is -167.073551728970
    Sweep 9/87 CPU time = 14.93s (Wall time = 1.918s)

    vN Entropy at center bond b=153 = 0.795493765834
    Eigs at center bond b=153: 0.7515 0.1787 0.0427 0.0100 0.0093 0.0045 0.0014 
    Largest link dim during sweep 10/87 was 40
    Largest truncation error: 8.86869e-07
    Energy after sweep 10/87 is -167.074031302041
    Sweep 10/87 CPU time = 16.39s (Wall time = 2.111s)

    vN Entropy at center bond b=153 = 0.806398673579
    Eigs at center bond b=153: 0.7479 0.1796 0.0445 0.0104 0.0096 0.0046 0.0015 
    Largest link dim during sweep 11/87 was 40
    Largest truncation error: 1.10359e-06
    Energy after sweep 11/87 is -167.074266441202
    Sweep 11/87 CPU time = 17.04s (Wall time = 2.182s)

    vN Entropy at center bond b=153 = 0.816087241160
    Eigs at center bond b=153: 0.7447 0.1802 0.0461 0.0107 0.0100 0.0047 0.0015 
    Largest link dim during sweep 12/87 was 40
    Largest truncation error: 1.2408e-06
    Energy after sweep 12/87 is -167.074391082657
    Sweep 12/87 CPU time = 17.54s (Wall time = 2.254s)

    vN Entropy at center bond b=153 = 0.824684073746
    Eigs at center bond b=153: 0.7419 0.1809 0.0476 0.0111 0.0102 0.0047 0.0015 
    Largest link dim during sweep 13/87 was 40
    Largest truncation error: 1.32594e-06
    Energy after sweep 13/87 is -167.074454975243
    Sweep 13/87 CPU time = 17.70s (Wall time = 2.266s)

    vN Entropy at center bond b=153 = 0.832749937805
    Eigs at center bond b=153: 0.7391 0.1815 0.0490 0.0114 0.0105 0.0048 0.0016 
    Largest link dim during sweep 14/87 was 40
    Largest truncation error: 1.37387e-06
    Energy after sweep 14/87 is -167.074506780316
    Sweep 14/87 CPU time = 17.92s (Wall time = 2.290s)

    vN Entropy at center bond b=153 = 0.841145841891
    Eigs at center bond b=153: 0.7363 0.1821 0.0505 0.0118 0.0107 0.0048 0.0016 
    Largest link dim during sweep 15/87 was 47
    Largest truncation error: 7.59368e-07
    Energy after sweep 15/87 is -167.074859387576
    Sweep 15/87 CPU time = 19.08s (Wall time = 2.495s)

    vN Entropy at center bond b=153 = 0.851000575881
    Eigs at center bond b=153: 0.7329 0.1829 0.0522 0.0122 0.0110 0.0049 0.0017 
    Largest link dim during sweep 16/87 was 48
    Largest truncation error: 7.35977e-07
    Energy after sweep 16/87 is -167.074987048381
    Sweep 16/87 CPU time = 19.43s (Wall time = 2.496s)

    vN Entropy at center bond b=153 = 0.859936462770
    Eigs at center bond b=153: 0.7297 0.1837 0.0537 0.0127 0.0112 0.0049 0.0017 
    Largest link dim during sweep 17/87 was 49
    Largest truncation error: 7.42927e-07
    Energy after sweep 17/87 is -167.075076816297
    Sweep 17/87 CPU time = 19.75s (Wall time = 2.532s)

    vN Entropy at center bond b=153 = 0.867915385372
    Eigs at center bond b=153: 0.7268 0.1844 0.0551 0.0131 0.0114 0.0049 0.0018 
    Largest link dim during sweep 18/87 was 49
    Largest truncation error: 7.36196e-07
    Energy after sweep 18/87 is -167.075161229161
    Sweep 18/87 CPU time = 20.14s (Wall time = 2.579s)

    vN Entropy at center bond b=153 = 0.875264554242
    Eigs at center bond b=153: 0.7242 0.1852 0.0564 0.0135 0.0115 0.0050 0.0018 
    Largest link dim during sweep 19/87 was 49
    Largest truncation error: 7.37772e-07
    Energy after sweep 19/87 is -167.075215368061
    Sweep 19/87 CPU time = 20.44s (Wall time = 2.619s)

    vN Entropy at center bond b=153 = 0.882044546495
    Eigs at center bond b=153: 0.7217 0.1858 0.0576 0.0138 0.0116 0.0050 0.0019 
    Largest link dim during sweep 20/87 was 50
    Largest truncation error: 7.40363e-07
    Energy after sweep 20/87 is -167.075275579722
    Sweep 20/87 CPU time = 20.82s (Wall time = 2.673s)

    vN Entropy at center bond b=153 = 0.888821698855
    Eigs at center bond b=153: 0.7191 0.1866 0.0588 0.0142 0.0118 0.0050 0.0019 
    Largest link dim during sweep 21/87 was 50
    Largest truncation error: 7.39544e-07
    Energy after sweep 21/87 is -167.075326647406
    Sweep 21/87 CPU time = 21.01s (Wall time = 2.706s)

    vN Entropy at center bond b=153 = 0.894464858114
    Eigs at center bond b=153: 0.7170 0.1872 0.0598 0.0145 0.0119 0.0050 0.0019 
    Largest link dim during sweep 22/87 was 50
    Largest truncation error: 7.42333e-07
    Energy after sweep 22/87 is -167.075362476753
    Sweep 22/87 CPU time = 21.24s (Wall time = 2.713s)

    vN Entropy at center bond b=153 = 0.899246765708
    Eigs at center bond b=153: 0.7152 0.1878 0.0606 0.0148 0.0119 0.0050 0.0020 
    Largest link dim during sweep 23/87 was 51
    Largest truncation error: 7.44154e-07
    Energy after sweep 23/87 is -167.075398893252
    Sweep 23/87 CPU time = 21.39s (Wall time = 2.737s)

    vN Entropy at center bond b=153 = 0.903709213224
    Eigs at center bond b=153: 0.7134 0.1883 0.0614 0.0151 0.0120 0.0050 0.0020 
    Largest link dim during sweep 24/87 was 51
    Largest truncation error: 7.45705e-07
    Energy after sweep 24/87 is -167.075427029598
    Sweep 24/87 CPU time = 21.62s (Wall time = 2.761s)

    vN Entropy at center bond b=153 = 0.907744959872
    Eigs at center bond b=153: 0.7119 0.1888 0.0621 0.0154 0.0121 0.0050 0.0020 
    Largest link dim during sweep 25/87 was 51
    Largest truncation error: 7.47019e-07
    Energy after sweep 25/87 is -167.075445949782
    Sweep 25/87 CPU time = 21.70s (Wall time = 2.781s)

    vN Entropy at center bond b=153 = 0.911277378877
    Eigs at center bond b=153: 0.7105 0.1892 0.0627 0.0156 0.0121 0.0050 0.0020 
    Largest link dim during sweep 26/87 was 51
    Largest truncation error: 7.48227e-07
    Energy after sweep 26/87 is -167.075471771545
    Sweep 26/87 CPU time = 21.89s (Wall time = 2.810s)

    vN Entropy at center bond b=153 = 0.914630502240
    Eigs at center bond b=153: 0.7091 0.1896 0.0633 0.0158 0.0122 0.0050 0.0021 
    Largest link dim during sweep 27/87 was 51
    Largest truncation error: 7.49308e-07
    Energy after sweep 27/87 is -167.075494178253
    Sweep 27/87 CPU time = 22.03s (Wall time = 2.826s)

    vN Entropy at center bond b=153 = 0.918070091231
    Eigs at center bond b=153: 0.7078 0.1901 0.0639 0.0160 0.0122 0.0051 0.0021 
    Largest link dim during sweep 28/87 was 51
    Largest truncation error: 7.44788e-07
    Energy after sweep 28/87 is -167.075517555594
    Sweep 28/87 CPU time = 22.44s (Wall time = 2.876s)

    vN Entropy at center bond b=153 = 0.921091959075
    Eigs at center bond b=153: 0.7066 0.1905 0.0645 0.0162 0.0122 0.0051 0.0021 
    Largest link dim during sweep 29/87 was 51
    Largest truncation error: 7.45324e-07
    Energy after sweep 29/87 is -167.075536589836
    Sweep 29/87 CPU time = 22.41s (Wall time = 2.875s)

    vN Entropy at center bond b=153 = 0.923953696690
    Eigs at center bond b=153: 0.7054 0.1908 0.0650 0.0164 0.0123 0.0051 0.0021 
    Largest link dim during sweep 30/87 was 51
    Largest truncation error: 7.45822e-07
    Energy after sweep 30/87 is -167.075551698699
    Sweep 30/87 CPU time = 22.48s (Wall time = 2.891s)

    vN Entropy at center bond b=153 = 0.926919639907
    Eigs at center bond b=153: 0.7042 0.1912 0.0655 0.0166 0.0123 0.0051 0.0021 
    Largest link dim during sweep 31/87 was 51
    Largest truncation error: 7.46394e-07
    Energy after sweep 31/87 is -167.075565233757
    Sweep 31/87 CPU time = 22.55s (Wall time = 2.894s)

    vN Entropy at center bond b=153 = 0.929944927040
    Eigs at center bond b=153: 0.7029 0.1917 0.0660 0.0169 0.0123 0.0051 0.0022 
    Largest link dim during sweep 32/87 was 51
    Largest truncation error: 7.4689e-07
    Energy after sweep 32/87 is -167.075587703458
    Sweep 32/87 CPU time = 22.74s (Wall time = 2.913s)

    vN Entropy at center bond b=153 = 0.932975148353
    Eigs at center bond b=153: 0.7017 0.1921 0.0666 0.0171 0.0124 0.0051 0.0022 
    Largest link dim during sweep 33/87 was 52
    Largest truncation error: 7.4739e-07
    Energy after sweep 33/87 is -167.075598720986
    Sweep 33/87 CPU time = 22.81s (Wall time = 2.922s)

    vN Entropy at center bond b=153 = 0.935560731038
    Eigs at center bond b=153: 0.7006 0.1925 0.0670 0.0172 0.0124 0.0051 0.0022 
    Largest link dim during sweep 34/87 was 52
    Largest truncation error: 7.47837e-07
    Energy after sweep 34/87 is -167.075608865628
    Sweep 34/87 CPU time = 22.87s (Wall time = 2.928s)

    vN Entropy at center bond b=153 = 0.937854261994
    Eigs at center bond b=153: 0.6996 0.1929 0.0674 0.0174 0.0124 0.0051 0.0022 
    Largest link dim during sweep 35/87 was 52
    Largest truncation error: 7.48224e-07
    Energy after sweep 35/87 is -167.075622824518
    Sweep 35/87 CPU time = 22.85s (Wall time = 2.930s)

    vN Entropy at center bond b=153 = 0.940108952491
    Eigs at center bond b=153: 0.6987 0.1932 0.0678 0.0176 0.0124 0.0051 0.0022 
    Largest link dim during sweep 36/87 was 52
    Largest truncation error: 7.48594e-07
    Energy after sweep 36/87 is -167.075634802391
    Sweep 36/87 CPU time = 23.00s (Wall time = 2.942s)

    vN Entropy at center bond b=153 = 1.042524142349
    Eigs at center bond b=153: 0.6545 0.2112 0.0826 0.0254 0.0135 0.0052 0.0030 0.0012 0.0010 
    Largest link dim during sweep 37/87 was 123
    Largest truncation error: 7.49683e-09
    Energy after sweep 37/87 is -167.078227726619
    Sweep 37/87 CPU time = 1m, 23.8s (Wall time = 10.80s)

    vN Entropy at center bond b=153 = 1.260692104765
    Eigs at center bond b=153: 0.5026 0.3245 0.0847 0.0541 0.0129 0.0080 0.0036 0.0023 0.0019 0.0012 
    Largest link dim during sweep 38/87 was 160
    Largest truncation error: 7.56271e-09
    Energy after sweep 38/87 is -167.079117645698
    Sweep 38/87 CPU time = 3m, 13.7s (Wall time = 25.53s)

    vN Entropy at center bond b=153 = 1.308476948140
    Eigs at center bond b=153: 0.4429 0.3764 0.0766 0.0660 0.0121 0.0100 0.0031 0.0029 0.0023 0.0020 
    Largest link dim during sweep 39/87 was 160
    Largest truncation error: 1.39114e-08
    Energy after sweep 39/87 is -167.079189624868
    Sweep 39/87 CPU time = 4m, 4.1s (Wall time = 32.46s)

    vN Entropy at center bond b=153 = 1.311473148960
    Eigs at center bond b=153: 0.4418 0.3769 0.0765 0.0662 0.0121 0.0101 0.0030 0.0030 0.0023 0.0021 
    Largest link dim during sweep 40/87 was 160
    Largest truncation error: 1.82571e-08
    Energy after sweep 40/87 is -167.079192104517
    Sweep 40/87 CPU time = 4m, 7.1s (Wall time = 33.13s)

    vN Entropy at center bond b=153 = 1.311939443859
    Eigs at center bond b=153: 0.4417 0.3769 0.0765 0.0662 0.0122 0.0101 0.0030 0.0030 0.0023 0.0021 
    Largest link dim during sweep 41/87 was 160
    Largest truncation error: 1.94055e-08
    Energy after sweep 41/87 is -167.079192338295
    Sweep 41/87 CPU time = 4m, 5.2s (Wall time = 32.86s)

    vN Entropy at center bond b=153 = 1.312053609336
    Eigs at center bond b=153: 0.4417 0.3769 0.0765 0.0662 0.0122 0.0101 0.0030 0.0030 0.0023 0.0021 
    Largest link dim during sweep 42/87 was 160
    Largest truncation error: 1.97714e-08
    Energy after sweep 42/87 is -167.079192361609
    Sweep 42/87 CPU time = 4m, 7.5s (Wall time = 33.58s)

    vN Entropy at center bond b=153 = 1.312087220757
    Eigs at center bond b=153: 0.4417 0.3769 0.0765 0.0662 0.0122 0.0101 0.0030 0.0030 0.0023 0.0021 
    Largest link dim during sweep 43/87 was 160
    Largest truncation error: 1.99033e-08
    Energy after sweep 43/87 is -167.079192363710
    Sweep 43/87 CPU time = 4m, 2.6s (Wall time = 32.15s)

    vN Entropy at center bond b=153 = 1.312098437705
    Eigs at center bond b=153: 0.4417 0.3769 0.0765 0.0662 0.0122 0.0101 0.0030 0.0030 0.0023 0.0021 
    Largest link dim during sweep 44/87 was 160
    Largest truncation error: 1.99503e-08
    Energy after sweep 44/87 is -167.079192361465
    Sweep 44/87 CPU time = 3m, 59.1s (Wall time = 31.63s)

    vN Entropy at center bond b=153 = 1.312102545740
    Eigs at center bond b=153: 0.4417 0.3769 0.0765 0.0662 0.0122 0.0101 0.0030 0.0030 0.0023 0.0021 
    Largest link dim during sweep 45/87 was 160
    Largest truncation error: 1.99674e-08
    Energy after sweep 45/87 is -167.079192360386
    Sweep 45/87 CPU time = 4m, 2.6s (Wall time = 32.69s)

    vN Entropy at center bond b=153 = 1.312104204085
    Eigs at center bond b=153: 0.4417 0.3769 0.0765 0.0662 0.0122 0.0101 0.0030 0.0030 0.0023 0.0021 
    Largest link dim during sweep 46/87 was 160
    Largest truncation error: 1.99739e-08
    Energy after sweep 46/87 is -167.079192360154
    Sweep 46/87 CPU time = 4m, 4.0s (Wall time = 33.06s)

    vN Entropy at center bond b=153 = 1.312104978228
    Eigs at center bond b=153: 0.4417 0.3769 0.0765 0.0662 0.0122 0.0101 0.0030 0.0030 0.0023 0.0021 
    Largest link dim during sweep 47/87 was 160
    Largest truncation error: 1.99764e-08
    Energy after sweep 47/87 is -167.079192360142
    Sweep 47/87 CPU time = 4m, 4.9s (Wall time = 33.19s)

    vN Entropy at center bond b=153 = 1.312105333299
    Eigs at center bond b=153: 0.4417 0.3769 0.0765 0.0662 0.0122 0.0101 0.0030 0.0030 0.0023 0.0021 
    Largest link dim during sweep 48/87 was 160
    Largest truncation error: 1.99775e-08
    Energy after sweep 48/87 is -167.079192360241
    Sweep 48/87 CPU time = 4m, 4.1s (Wall time = 33.04s)

    vN Entropy at center bond b=153 = 1.312105581120
    Eigs at center bond b=153: 0.4417 0.3769 0.0765 0.0662 0.0122 0.0101 0.0030 0.0030 0.0023 0.0021 
    Largest link dim during sweep 49/87 was 160
    Largest truncation error: 1.9978e-08
    Energy after sweep 49/87 is -167.079192362578
    Sweep 49/87 CPU time = 4m, 4.7s (Wall time = 33.22s)

    vN Entropy at center bond b=153 = 1.312105711226
    Eigs at center bond b=153: 0.4417 0.3769 0.0765 0.0662 0.0122 0.0101 0.0030 0.0030 0.0023 0.0021 
    Largest link dim during sweep 50/87 was 160
    Largest truncation error: 1.99782e-08
    Energy after sweep 50/87 is -167.079192366265
    Sweep 50/87 CPU time = 4m, 6.0s (Wall time = 33.43s)

    vN Entropy at center bond b=153 = 1.312105778101
    Eigs at center bond b=153: 0.4417 0.3769 0.0765 0.0662 0.0122 0.0101 0.0030 0.0030 0.0023 0.0021 
    Largest link dim during sweep 51/87 was 160
    Largest truncation error: 1.99783e-08
    Energy after sweep 51/87 is -167.079192366504
    Sweep 51/87 CPU time = 4m, 3.7s (Wall time = 32.58s)

    vN Entropy at center bond b=153 = 1.312105813902
    Eigs at center bond b=153: 0.4417 0.3769 0.0765 0.0662 0.0122 0.0101 0.0030 0.0030 0.0023 0.0021 
    Largest link dim during sweep 52/87 was 160
    Largest truncation error: 1.99783e-08
    Energy after sweep 52/87 is -167.079192366668
    Sweep 52/87 CPU time = 4m, 4.0s (Wall time = 32.89s)

    vN Entropy at center bond b=153 = 1.312105831149
    Eigs at center bond b=153: 0.4417 0.3769 0.0765 0.0662 0.0122 0.0101 0.0030 0.0030 0.0023 0.0021 
    Largest link dim during sweep 53/87 was 160
    Largest truncation error: 1.99783e-08
    Energy after sweep 53/87 is -167.079192366778
    Sweep 53/87 CPU time = 4m, 3.7s (Wall time = 32.89s)

    vN Entropy at center bond b=153 = 1.312105838592
    Eigs at center bond b=153: 0.4417 0.3769 0.0765 0.0662 0.0122 0.0101 0.0030 0.0030 0.0023 0.0021 
    Largest link dim during sweep 54/87 was 160
    Largest truncation error: 1.99783e-08
    Energy after sweep 54/87 is -167.079192366847
    Sweep 54/87 CPU time = 4m, 2.2s (Wall time = 32.53s)

    vN Entropy at center bond b=153 = 1.312105841091
    Eigs at center bond b=153: 0.4417 0.3769 0.0765 0.0662 0.0122 0.0101 0.0030 0.0030 0.0023 0.0021 
    Largest link dim during sweep 55/87 was 160
    Largest truncation error: 1.99783e-08
    Energy after sweep 55/87 is -167.079192366914
    Sweep 55/87 CPU time = 4m, 6.8s (Wall time = 33.46s)

    vN Entropy at center bond b=153 = 1.312105841053
    Eigs at center bond b=153: 0.4417 0.3769 0.0765 0.0662 0.0122 0.0101 0.0030 0.0030 0.0023 0.0021 
    Largest link dim during sweep 56/87 was 160
    Largest truncation error: 1.99783e-08
    Energy after sweep 56/87 is -167.079192366983
    Sweep 56/87 CPU time = 4m, 4.6s (Wall time = 33.04s)

    vN Entropy at center bond b=153 = 1.312105839809
    Eigs at center bond b=153: 0.4417 0.3769 0.0765 0.0662 0.0122 0.0101 0.0030 0.0030 0.0023 0.0021 
    Largest link dim during sweep 57/87 was 160
    Largest truncation error: 1.99782e-08
    Energy after sweep 57/87 is -167.079192367077
    Sweep 57/87 CPU time = 4m, 2.0s (Wall time = 32.68s)

    vN Entropy at center bond b=153 = 1.312105837381
    Eigs at center bond b=153: 0.4417 0.3769 0.0765 0.0662 0.0122 0.0101 0.0030 0.0030 0.0023 0.0021 
    Largest link dim during sweep 58/87 was 160
    Largest truncation error: 1.99782e-08
    Energy after sweep 58/87 is -167.079192367117
    Sweep 58/87 CPU time = 3m, 59.5s (Wall time = 32.10s)

    vN Entropy at center bond b=153 = 1.314330269120
    Eigs at center bond b=153: 0.4414 0.3767 0.0766 0.0663 0.0122 0.0102 0.0030 0.0030 0.0024 0.0021 
    Largest link dim during sweep 59/87 was 320
    Largest truncation error: 2.67003e-10
    Energy after sweep 59/87 is -167.079223243627
    Sweep 59/87 CPU time = 14m, 46s (Wall time = 1m, 59.0s)

    vN Entropy at center bond b=153 = 1.315211964692
    Eigs at center bond b=153: 0.4413 0.3766 0.0766 0.0663 0.0122 0.0102 0.0030 0.0030 0.0024 0.0022 
    Largest link dim during sweep 60/87 was 320
    Largest truncation error: 4.98934e-10
    Energy after sweep 60/87 is -167.079223621590
    Sweep 60/87 CPU time = 20m, 57s (Wall time = 2m, 44.9s)

    vN Entropy at center bond b=153 = 1.315276438908
    Eigs at center bond b=153: 0.4413 0.3766 0.0766 0.0663 0.0122 0.0102 0.0030 0.0030 0.0024 0.0022 
    Largest link dim during sweep 61/87 was 320
    Largest truncation error: 5.21364e-10
    Energy after sweep 61/87 is -167.079223634985
    Sweep 61/87 CPU time = 21m, 22s (Wall time = 2m, 50.8s)

    vN Entropy at center bond b=153 = 1.315285145807
    Eigs at center bond b=153: 0.4413 0.3766 0.0766 0.0663 0.0122 0.0102 0.0030 0.0030 0.0024 0.0022 
    Largest link dim during sweep 62/87 was 320
    Largest truncation error: 5.28391e-10
    Energy after sweep 62/87 is -167.079223635623
    Sweep 62/87 CPU time = 20m, 51s (Wall time = 2m, 44.9s)

    vN Entropy at center bond b=153 = 1.315287078637
    Eigs at center bond b=153: 0.4413 0.3766 0.0766 0.0663 0.0122 0.0102 0.0030 0.0030 0.0024 0.0022 
    Largest link dim during sweep 63/87 was 320
    Largest truncation error: 5.32312e-10
    Energy after sweep 63/87 is -167.079223635516
    Sweep 63/87 CPU time = 20m, 40s (Wall time = 2m, 43.4s)

    vN Entropy at center bond b=153 = 1.315287613273
    Eigs at center bond b=153: 0.4413 0.3766 0.0766 0.0663 0.0122 0.0102 0.0030 0.0030 0.0024 0.0022 
    Largest link dim during sweep 64/87 was 320
    Largest truncation error: 5.33839e-10
    Energy after sweep 64/87 is -167.079223635293
    Sweep 64/87 CPU time = 21m, 12s (Wall time = 2m, 50.4s)

    vN Entropy at center bond b=153 = 1.315287796990
    Eigs at center bond b=153: 0.4413 0.3766 0.0766 0.0663 0.0122 0.0102 0.0030 0.0030 0.0024 0.0022 
    Largest link dim during sweep 65/87 was 320
    Largest truncation error: 5.3443e-10
    Energy after sweep 65/87 is -167.079223635402
    Sweep 65/87 CPU time = 21m, 10s (Wall time = 2m, 50.3s)

    vN Entropy at center bond b=153 = 1.315287881668
    Eigs at center bond b=153: 0.4413 0.3766 0.0766 0.0663 0.0122 0.0102 0.0030 0.0030 0.0024 0.0022 
    Largest link dim during sweep 66/87 was 320
    Largest truncation error: 5.34711e-10
    Energy after sweep 66/87 is -167.079223635387
    Sweep 66/87 CPU time = 21m, 11s (Wall time = 2m, 49.9s)

    vN Entropy at center bond b=153 = 1.315287913774
    Eigs at center bond b=153: 0.4413 0.3766 0.0766 0.0663 0.0122 0.0102 0.0030 0.0030 0.0024 0.0022 
    Largest link dim during sweep 67/87 was 320
    Largest truncation error: 5.34825e-10
    Energy after sweep 67/87 is -167.079223635373
    Sweep 67/87 CPU time = 21m, 8s (Wall time = 2m, 49.9s)

    vN Entropy at center bond b=153 = 1.315287929362
    Eigs at center bond b=153: 0.4413 0.3766 0.0766 0.0663 0.0122 0.0102 0.0030 0.0030 0.0024 0.0022 
    Largest link dim during sweep 68/87 was 320
    Largest truncation error: 5.34879e-10
    Energy after sweep 68/87 is -167.079223635370
    Sweep 68/87 CPU time = 21m, 2s (Wall time = 2m, 48.1s)

    vN Entropy at center bond b=153 = 1.315287938593
    Eigs at center bond b=153: 0.4413 0.3766 0.0766 0.0663 0.0122 0.0102 0.0030 0.0030 0.0024 0.0022 
    Largest link dim during sweep 69/87 was 320
    Largest truncation error: 5.34914e-10
    Energy after sweep 69/87 is -167.079223635360
    Sweep 69/87 CPU time = 21m, 7s (Wall time = 2m, 49.2s)

    vN Entropy at center bond b=153 = 1.315287943868
    Eigs at center bond b=153: 0.4413 0.3766 0.0766 0.0663 0.0122 0.0102 0.0030 0.0030 0.0024 0.0022 
    Largest link dim during sweep 70/87 was 320
    Largest truncation error: 5.34938e-10
    Energy after sweep 70/87 is -167.079223635360
    Sweep 70/87 CPU time = 21m, 14s (Wall time = 2m, 51.0s)

    vN Entropy at center bond b=153 = 1.315287946936
    Eigs at center bond b=153: 0.4413 0.3766 0.0766 0.0663 0.0122 0.0102 0.0030 0.0030 0.0024 0.0022 
    Largest link dim during sweep 71/87 was 320
    Largest truncation error: 5.34953e-10
    Energy after sweep 71/87 is -167.079223635356
    Sweep 71/87 CPU time = 21m, 14s (Wall time = 2m, 53.3s)

    vN Entropy at center bond b=153 = 1.315287949835
    Eigs at center bond b=153: 0.4413 0.3766 0.0766 0.0663 0.0122 0.0102 0.0030 0.0030 0.0024 0.0022 
    Largest link dim during sweep 72/87 was 320
    Largest truncation error: 5.34962e-10
    Energy after sweep 72/87 is -167.079223635370
    Sweep 72/87 CPU time = 21m, 2s (Wall time = 2m, 48.0s)

    vN Entropy at center bond b=153 = 1.315287952448
    Eigs at center bond b=153: 0.4413 0.3766 0.0766 0.0663 0.0122 0.0102 0.0030 0.0030 0.0024 0.0022 
    Largest link dim during sweep 73/87 was 320
    Largest truncation error: 5.34966e-10
    Energy after sweep 73/87 is -167.079223635372
    Sweep 73/87 CPU time = 21m, 7s (Wall time = 2m, 50.0s)

    vN Entropy at center bond b=153 = 1.315287954366
    Eigs at center bond b=153: 0.4413 0.3766 0.0766 0.0663 0.0122 0.0102 0.0030 0.0030 0.0024 0.0022 
    Largest link dim during sweep 74/87 was 320
    Largest truncation error: 5.34969e-10
    Energy after sweep 74/87 is -167.079223635374
    Sweep 74/87 CPU time = 21m, 11s (Wall time = 2m, 51.1s)

    vN Entropy at center bond b=153 = 1.315353940068
    Eigs at center bond b=153: 0.4413 0.3766 0.0766 0.0663 0.0122 0.0102 0.0030 0.0030 0.0024 0.0022 
    Largest link dim during sweep 75/87 was 640
    Largest truncation error: 5.26434e-12
    Energy after sweep 75/87 is -167.079224314922
    Sweep 75/87 CPU time = 58m, 39s (Wall time = 7m, 51.2s)

    vN Entropy at center bond b=153 = 1.315396696311
    Eigs at center bond b=153: 0.4413 0.3766 0.0766 0.0663 0.0122 0.0102 0.0030 0.0030 0.0024 0.0022 
    Largest link dim during sweep 76/87 was 640
    Largest truncation error: 7.65232e-12
    Energy after sweep 76/87 is -167.079224322777
    Sweep 76/87 CPU time = 1h, 16m, 4s (Wall time = 10m, 7s)

    vN Entropy at center bond b=153 = 1.315402841981
    Eigs at center bond b=153: 0.4413 0.3766 0.0766 0.0663 0.0122 0.0102 0.0030 0.0030 0.0024 0.0022 
    Largest link dim during sweep 77/87 was 640
    Largest truncation error: 7.62407e-12
    Energy after sweep 77/87 is -167.079224323546
    Sweep 77/87 CPU time = 1h, 15m, 36s (Wall time = 10m, 5s)

    vN Entropy at center bond b=153 = 1.315404125737
    Eigs at center bond b=153: 0.4413 0.3766 0.0766 0.0663 0.0122 0.0102 0.0030 0.0030 0.0024 0.0022 
    Largest link dim during sweep 78/87 was 640
    Largest truncation error: 7.74722e-12
    Energy after sweep 78/87 is -167.079224323651
    Sweep 78/87 CPU time = 1h, 16m, 9s (Wall time = 10m, 13s)

    vN Entropy at center bond b=153 = 1.315404453082
    Eigs at center bond b=153: 0.4413 0.3766 0.0766 0.0663 0.0122 0.0102 0.0030 0.0030 0.0024 0.0022 
    Largest link dim during sweep 79/87 was 640
    Largest truncation error: 7.83569e-12
    Energy after sweep 79/87 is -167.079224323663
    Sweep 79/87 CPU time = 1h, 15m, 34s (Wall time = 10m, 8s)

    vN Entropy at center bond b=153 = 1.315404550721
    Eigs at center bond b=153: 0.4413 0.3766 0.0766 0.0663 0.0122 0.0102 0.0030 0.0030 0.0024 0.0022 
    Largest link dim during sweep 80/87 was 640
    Largest truncation error: 7.87874e-12
    Energy after sweep 80/87 is -167.079224323660
    Sweep 80/87 CPU time = 1h, 15m, 10s (Wall time = 10m, 4s)

    vN Entropy at center bond b=153 = 1.315404584585
    Eigs at center bond b=153: 0.4413 0.3766 0.0766 0.0663 0.0122 0.0102 0.0030 0.0030 0.0024 0.0022 
    Largest link dim during sweep 81/87 was 640
    Largest truncation error: 7.89958e-12
    Energy after sweep 81/87 is -167.079224323662
    Sweep 81/87 CPU time = 1h, 14m, 60s (Wall time = 10m, 3s)

    vN Entropy at center bond b=153 = 1.315404597915
    Eigs at center bond b=153: 0.4413 0.3766 0.0766 0.0663 0.0122 0.0102 0.0030 0.0030 0.0024 0.0022 
    Largest link dim during sweep 82/87 was 640
    Largest truncation error: 7.90853e-12
    Energy after sweep 82/87 is -167.079224323663
    Sweep 82/87 CPU time = 1h, 14m, 58s (Wall time = 10m, 4s)

    vN Entropy at center bond b=153 = 1.315405799417
    Eigs at center bond b=153: 0.4413 0.3766 0.0766 0.0663 0.0122 0.0102 0.0030 0.0030 0.0024 0.0022 
    Largest link dim during sweep 83/87 was 898
    Largest truncation error: 7.50993e-13
    Energy after sweep 83/87 is -167.079224330389
    Sweep 83/87 CPU time = 1h, 43m, 58s (Wall time = 14m, 22s)

    vN Entropy at center bond b=153 = 1.315406861885
    Eigs at center bond b=153: 0.4413 0.3766 0.0766 0.0663 0.0122 0.0102 0.0030 0.0030 0.0024 0.0022 
    Largest link dim during sweep 84/87 was 1280
    Largest truncation error: 5.59599e-14
    Energy after sweep 84/87 is -167.079224333392
    Sweep 84/87 CPU time = 4h, 3m, 2s (Wall time = 34m, 46s)

    vN Entropy at center bond b=153 = 1.315407138995
    Eigs at center bond b=153: 0.4413 0.3766 0.0766 0.0663 0.0122 0.0102 0.0030 0.0030 0.0024 0.0022 
    Largest link dim during sweep 85/87 was 1280
    Largest truncation error: 5.57214e-14
    Energy after sweep 85/87 is -167.079224333426
    Sweep 85/87 CPU time = 5h, 10m, 52s (Wall time = 44m, 29s)

    vN Entropy at center bond b=153 = 1.315407175487
    Eigs at center bond b=153: 0.4413 0.3766 0.0766 0.0663 0.0122 0.0102 0.0030 0.0030 0.0024 0.0022 
    Largest link dim during sweep 86/87 was 1280
    Largest truncation error: 5.3179e-14
    Energy after sweep 86/87 is -167.079224333426
    Sweep 86/87 CPU time = 5h, 10m, 51s (Wall time = 43m, 32s)

    vN Entropy at center bond b=153 = 1.315407181748
    Eigs at center bond b=153: 0.4413 0.3766 0.0766 0.0663 0.0122 0.0102 0.0030 0.0030 0.0024 0.0022 
    Largest link dim during sweep 87/87 was 1280
    Largest truncation error: 5.3505e-14
    Energy after sweep 87/87 is -167.079224333427
    Sweep 87/87 CPU time = 5h, 9m, 28s (Wall time = 43m, 10s)
Initial energy = 259.06500

Ground State Energy = -167.0792243334
run_outputs/outputpsi/N_306_sweep_87_t_0.030000_J_1.000000_V_0.600000_D_0.018000_U_0.855000_mu_0.000000_E_0.000000 converge
Wall-clock time (s) = 149205.320395
