//////////////////////////
Reading input file ......

Got input.N = 306
Got input.t = 0.03
Got input.J = 1
Got input.V = 0.6
Got input.D = 0.018
Got input.U = 0.84
Got input.mu = 0
Got input.E = 0
Got input.nsweeps = 87
Sweeps:
1  MaxDim=20, MinDim=20, Cutoff=1.0E-06, Niter=8, Noise=1.0E-05
2  MaxDim=20, MinDim=20, Cutoff=1.0E-06, Niter=8, Noise=1.0E-05
3  MaxDim=20, MinDim=20, Cutoff=1.0E-06, Niter=8, Noise=1.0E-05
4  MaxDim=20, MinDim=20, Cutoff=1.0E-06, Niter=8, Noise=1.0E-05
5  MaxDim=20, MinDim=20, Cutoff=1.0E-06, Niter=8, Noise=1.0E-05
6  MaxDim=20, MinDim=20, Cutoff=1.0E-06, Niter=8, Noise=1.0E-05
7  MaxDim=20, MinDim=20, Cutoff=1.0E-06, Niter=8, Noise=1.0E-05
8  MaxDim=40, MinDim=20, Cutoff=1.0E-06, Niter=4, Noise=1.0E-05
9  MaxDim=40, MinDim=20, Cutoff=1.0E-06, Niter=4, Noise=1.0E-05
10  MaxDim=40, MinDim=20, Cutoff=1.0E-06, Niter=4, Noise=1.0E-05
11  MaxDim=40, MinDim=20, Cutoff=1.0E-06, Niter=4, Noise=1.0E-05
12  MaxDim=40, MinDim=20, Cutoff=1.0E-06, Niter=4, Noise=1.0E-05
13  MaxDim=40, MinDim=20, Cutoff=1.0E-06, Niter=4, Noise=1.0E-05
14  MaxDim=40, MinDim=20, Cutoff=1.0E-06, Niter=4, Noise=1.0E-05
15  MaxDim=80, MinDim=10, Cutoff=1.0E-06, Niter=4, Noise=1.0E-05
16  MaxDim=80, MinDim=10, Cutoff=1.0E-06, Niter=4, Noise=1.0E-05
17  MaxDim=80, MinDim=10, Cutoff=1.0E-06, Niter=4, Noise=1.0E-05
18  MaxDim=80, MinDim=10, Cutoff=1.0E-06, Niter=4, Noise=1.0E-05
19  MaxDim=80, MinDim=10, Cutoff=1.0E-06, Niter=4, Noise=1.0E-05
20  MaxDim=80, MinDim=10, Cutoff=1.0E-06, Niter=4, Noise=1.0E-05
21  MaxDim=80, MinDim=10, Cutoff=1.0E-06, Niter=4, Noise=1.0E-05
22  MaxDim=80, MinDim=10, Cutoff=1.0E-06, Niter=4, Noise=1.0E-05
23  MaxDim=80, MinDim=10, Cutoff=1.0E-06, Niter=4, Noise=1.0E-05
24  MaxDim=80, MinDim=10, Cutoff=1.0E-06, Niter=4, Noise=1.0E-05
25  MaxDim=80, MinDim=10, Cutoff=1.0E-06, Niter=4, Noise=1.0E-05
26  MaxDim=80, MinDim=10, Cutoff=1.0E-06, Niter=4, Noise=1.0E-05
27  MaxDim=80, MinDim=10, Cutoff=1.0E-06, Niter=4, Noise=1.0E-05
28  MaxDim=80, MinDim=10, Cutoff=1.0E-06, Niter=4, Noise=1.0E-05
29  MaxDim=80, MinDim=10, Cutoff=1.0E-06, Niter=4, Noise=1.0E-05
30  MaxDim=80, MinDim=10, Cutoff=1.0E-06, Niter=4, Noise=1.0E-05
31  MaxDim=80, MinDim=10, Cutoff=1.0E-06, Niter=4, Noise=1.0E-05
32  MaxDim=80, MinDim=10, Cutoff=1.0E-06, Niter=4, Noise=1.0E-05
33  MaxDim=80, MinDim=10, Cutoff=1.0E-06, Niter=4, Noise=1.0E-05
34  MaxDim=80, MinDim=10, Cutoff=1.0E-06, Niter=4, Noise=1.0E-05
35  MaxDim=80, MinDim=10, Cutoff=1.0E-06, Niter=4, Noise=1.0E-05
36  MaxDim=80, MinDim=10, Cutoff=1.0E-06, Niter=4, Noise=1.0E-05
37  MaxDim=160, MinDim=10, Cutoff=1.0E-08, Niter=4, Noise=1.0E-06
38  MaxDim=160, MinDim=10, Cutoff=1.0E-08, Niter=4, Noise=1.0E-06
39  MaxDim=160, MinDim=10, Cutoff=1.0E-08, Niter=4, Noise=1.0E-06
40  MaxDim=160, MinDim=10, Cutoff=1.0E-08, Niter=4, Noise=1.0E-06
41  MaxDim=160, MinDim=10, Cutoff=1.0E-08, Niter=4, Noise=1.0E-06
42  MaxDim=160, MinDim=10, Cutoff=1.0E-08, Niter=4, Noise=1.0E-06
43  MaxDim=160, MinDim=10, Cutoff=1.0E-08, Niter=4, Noise=1.0E-06
44  MaxDim=160, MinDim=10, Cutoff=1.0E-08, Niter=4, Noise=1.0E-06
45  MaxDim=160, MinDim=10, Cutoff=1.0E-08, Niter=4, Noise=1.0E-06
46  MaxDim=160, MinDim=10, Cutoff=1.0E-08, Niter=4, Noise=1.0E-06
47  MaxDim=160, MinDim=10, Cutoff=1.0E-08, Niter=4, Noise=1.0E-06
48  MaxDim=160, MinDim=10, Cutoff=1.0E-08, Niter=4, Noise=1.0E-06
49  MaxDim=160, MinDim=10, Cutoff=1.0E-08, Niter=4, Noise=1.0E-06
50  MaxDim=160, MinDim=10, Cutoff=1.0E-08, Niter=4, Noise=1.0E-06
51  MaxDim=160, MinDim=10, Cutoff=1.0E-08, Niter=4, Noise=1.0E-06
52  MaxDim=160, MinDim=10, Cutoff=1.0E-08, Niter=4, Noise=1.0E-06
53  MaxDim=160, MinDim=10, Cutoff=1.0E-08, Niter=4, Noise=1.0E-06
54  MaxDim=160, MinDim=10, Cutoff=1.0E-08, Niter=4, Noise=1.0E-06
55  MaxDim=160, MinDim=10, Cutoff=1.0E-08, Niter=4, Noise=1.0E-06
56  MaxDim=160, MinDim=10, Cutoff=1.0E-08, Niter=4, Noise=1.0E-06
57  MaxDim=160, MinDim=10, Cutoff=1.0E-08, Niter=4, Noise=1.0E-06
58  MaxDim=160, MinDim=10, Cutoff=1.0E-08, Niter=4, Noise=1.0E-06
59  MaxDim=320, MinDim=10, Cutoff=1.0E-10, Niter=4, Noise=1.0E-07
60  MaxDim=320, MinDim=10, Cutoff=1.0E-10, Niter=4, Noise=1.0E-07
61  MaxDim=320, MinDim=10, Cutoff=1.0E-10, Niter=4, Noise=1.0E-07
62  MaxDim=320, MinDim=10, Cutoff=1.0E-10, Niter=4, Noise=1.0E-07
63  MaxDim=320, MinDim=10, Cutoff=1.0E-10, Niter=4, Noise=1.0E-07
64  MaxDim=320, MinDim=10, Cutoff=1.0E-10, Niter=4, Noise=1.0E-07
65  MaxDim=320, MinDim=10, Cutoff=1.0E-10, Niter=4, Noise=1.0E-07
66  MaxDim=320, MinDim=10, Cutoff=1.0E-10, Niter=4, Noise=1.0E-07
67  MaxDim=320, MinDim=10, Cutoff=1.0E-10, Niter=4, Noise=1.0E-07
68  MaxDim=320, MinDim=10, Cutoff=1.0E-10, Niter=4, Noise=1.0E-07
69  MaxDim=320, MinDim=10, Cutoff=1.0E-10, Niter=4, Noise=1.0E-07
70  MaxDim=320, MinDim=10, Cutoff=1.0E-10, Niter=4, Noise=1.0E-07
71  MaxDim=320, MinDim=10, Cutoff=1.0E-10, Niter=4, Noise=1.0E-07
72  MaxDim=320, MinDim=10, Cutoff=1.0E-10, Niter=4, Noise=1.0E-07
73  MaxDim=320, MinDim=10, Cutoff=1.0E-10, Niter=4, Noise=1.0E-07
74  MaxDim=320, MinDim=10, Cutoff=1.0E-10, Niter=4, Noise=1.0E-07
75  MaxDim=640, MinDim=10, Cutoff=1.0E-12, Niter=2, Noise=1.0E-08
76  MaxDim=640, MinDim=10, Cutoff=1.0E-12, Niter=2, Noise=1.0E-08
77  MaxDim=640, MinDim=10, Cutoff=1.0E-12, Niter=2, Noise=1.0E-08
78  MaxDim=640, MinDim=10, Cutoff=1.0E-12, Niter=2, Noise=1.0E-08
79  MaxDim=640, MinDim=10, Cutoff=1.0E-12, Niter=2, Noise=1.0E-08
80  MaxDim=640, MinDim=10, Cutoff=1.0E-12, Niter=2, Noise=1.0E-08
81  MaxDim=640, MinDim=10, Cutoff=1.0E-12, Niter=2, Noise=1.0E-08
82  MaxDim=640, MinDim=10, Cutoff=1.0E-12, Niter=2, Noise=1.0E-08
83  MaxDim=1280, MinDim=10, Cutoff=1.0E-12, Niter=2, Noise=0.0E+00
84  MaxDim=1280, MinDim=10, Cutoff=1.0E-14, Niter=2, Noise=0.0E+00
85  MaxDim=1280, MinDim=10, Cutoff=1.0E-14, Niter=2, Noise=0.0E+00
86  MaxDim=1280, MinDim=10, Cutoff=1.0E-14, Niter=2, Noise=0.0E+00
87  MaxDim=1280, MinDim=10, Cutoff=1.0E-14, Niter=2, Noise=0.0E+00


    vN Entropy at center bond b=153 = 0.528818834164
    Eigs at center bond b=153: 0.8347 0.1451 0.0135 0.0047 
    Largest link dim during sweep 1/87 was 20
    Largest truncation error: 5.13572e-06
    Energy after sweep 1/87 is -167.446304542849
    Sweep 1/87 CPU time = 9.081s (Wall time = 1.172s)

    vN Entropy at center bond b=153 = 0.638252261217
    Eigs at center bond b=153: 0.7950 0.1705 0.0224 0.0066 0.0027 0.0017 
    Largest link dim during sweep 2/87 was 20
    Largest truncation error: 4.28715e-06
    Energy after sweep 2/87 is -167.481924506105
    Sweep 2/87 CPU time = 12.74s (Wall time = 1.627s)

    vN Entropy at center bond b=153 = 0.659173902075
    Eigs at center bond b=153: 0.7897 0.1719 0.0242 0.0067 0.0040 0.0021 
    Largest link dim during sweep 3/87 was 20
    Largest truncation error: 5.63928e-06
    Energy after sweep 3/87 is -167.483061791307
    Sweep 3/87 CPU time = 12.68s (Wall time = 1.624s)

    vN Entropy at center bond b=153 = 0.665655420109
    Eigs at center bond b=153: 0.7880 0.1724 0.0247 0.0067 0.0045 0.0022 
    Largest link dim during sweep 4/87 was 20
    Largest truncation error: 6.71324e-06
    Energy after sweep 4/87 is -167.483171570984
    Sweep 4/87 CPU time = 12.70s (Wall time = 1.625s)

    vN Entropy at center bond b=153 = 0.667082770711
    Eigs at center bond b=153: 0.7876 0.1725 0.0249 0.0067 0.0046 0.0022 
    Largest link dim during sweep 5/87 was 20
    Largest truncation error: 7.42458e-06
    Energy after sweep 5/87 is -167.483243159956
    Sweep 5/87 CPU time = 12.63s (Wall time = 1.618s)

    vN Entropy at center bond b=153 = 0.667545890518
    Eigs at center bond b=153: 0.7875 0.1725 0.0249 0.0067 0.0046 0.0022 
    Largest link dim during sweep 6/87 was 20
    Largest truncation error: 7.60162e-06
    Energy after sweep 6/87 is -167.483300221182
    Sweep 6/87 CPU time = 12.68s (Wall time = 1.625s)

    vN Entropy at center bond b=153 = 0.667728772913
    Eigs at center bond b=153: 0.7874 0.1726 0.0249 0.0067 0.0046 0.0022 
    Largest link dim during sweep 7/87 was 20
    Largest truncation error: 7.69375e-06
    Energy after sweep 7/87 is -167.483324041894
    Sweep 7/87 CPU time = 12.64s (Wall time = 1.617s)

    vN Entropy at center bond b=153 = 0.716614742696
    Eigs at center bond b=153: 0.7748 0.1744 0.0310 0.0075 0.0068 0.0032 
    Largest link dim during sweep 8/87 was 35
    Largest truncation error: 7.71931e-07
    Energy after sweep 8/87 is -167.496763391573
    Sweep 8/87 CPU time = 10.65s (Wall time = 1.368s)

    vN Entropy at center bond b=153 = 0.769261947696
    Eigs at center bond b=153: 0.7591 0.1786 0.0373 0.0094 0.0085 0.0042 0.0013 
    Largest link dim during sweep 9/87 was 40
    Largest truncation error: 7.82449e-07
    Energy after sweep 9/87 is -167.498603359118
    Sweep 9/87 CPU time = 15.06s (Wall time = 1.932s)

    vN Entropy at center bond b=153 = 0.782067674807
    Eigs at center bond b=153: 0.7550 0.1799 0.0389 0.0099 0.0088 0.0044 0.0013 
    Largest link dim during sweep 10/87 was 40
    Largest truncation error: 7.85842e-07
    Energy after sweep 10/87 is -167.499016825600
    Sweep 10/87 CPU time = 16.58s (Wall time = 2.135s)

    vN Entropy at center bond b=153 = 0.786301846799
    Eigs at center bond b=153: 0.7535 0.1804 0.0394 0.0100 0.0090 0.0044 0.0014 
    Largest link dim during sweep 11/87 was 40
    Largest truncation error: 8.47741e-07
    Energy after sweep 11/87 is -167.499186863716
    Sweep 11/87 CPU time = 17.10s (Wall time = 2.187s)

    vN Entropy at center bond b=153 = 0.788564094109
    Eigs at center bond b=153: 0.7527 0.1808 0.0396 0.0101 0.0090 0.0044 0.0014 
    Largest link dim during sweep 12/87 was 40
    Largest truncation error: 9.58809e-07
    Energy after sweep 12/87 is -167.499300988843
    Sweep 12/87 CPU time = 17.54s (Wall time = 2.252s)

    vN Entropy at center bond b=153 = 0.790266638724
    Eigs at center bond b=153: 0.7522 0.1811 0.0398 0.0101 0.0091 0.0044 0.0014 
    Largest link dim during sweep 13/87 was 40
    Largest truncation error: 1.04458e-06
    Energy after sweep 13/87 is -167.499360201504
    Sweep 13/87 CPU time = 17.78s (Wall time = 2.271s)

    vN Entropy at center bond b=153 = 0.791203402906
    Eigs at center bond b=153: 0.7518 0.1812 0.0398 0.0101 0.0091 0.0044 0.0014 
    Largest link dim during sweep 14/87 was 40
    Largest truncation error: 1.09305e-06
    Energy after sweep 14/87 is -167.499397529404
    Sweep 14/87 CPU time = 17.90s (Wall time = 2.288s)

    vN Entropy at center bond b=153 = 0.791727633197
    Eigs at center bond b=153: 0.7517 0.1814 0.0398 0.0101 0.0091 0.0044 0.0014 
    Largest link dim during sweep 15/87 was 45
    Largest truncation error: 7.45746e-07
    Energy after sweep 15/87 is -167.499532950328
    Sweep 15/87 CPU time = 18.27s (Wall time = 2.357s)

    vN Entropy at center bond b=153 = 0.792445630657
    Eigs at center bond b=153: 0.7514 0.1815 0.0399 0.0101 0.0091 0.0044 0.0014 
    Largest link dim during sweep 16/87 was 46
    Largest truncation error: 7.46943e-07
    Energy after sweep 16/87 is -167.499583485790
    Sweep 16/87 CPU time = 18.54s (Wall time = 2.377s)

    vN Entropy at center bond b=153 = 0.793130004985
    Eigs at center bond b=153: 0.7512 0.1817 0.0399 0.0102 0.0091 0.0044 0.0014 
    Largest link dim during sweep 17/87 was 46
    Largest truncation error: 7.50324e-07
    Energy after sweep 17/87 is -167.499624412928
    Sweep 17/87 CPU time = 18.70s (Wall time = 2.390s)

    vN Entropy at center bond b=153 = 0.794060848323
    Eigs at center bond b=153: 0.7509 0.1818 0.0399 0.0102 0.0091 0.0044 0.0014 
    Largest link dim during sweep 18/87 was 46
    Largest truncation error: 7.46658e-07
    Energy after sweep 18/87 is -167.499652596314
    Sweep 18/87 CPU time = 18.81s (Wall time = 2.417s)

    vN Entropy at center bond b=153 = 0.795017986342
    Eigs at center bond b=153: 0.7507 0.1819 0.0400 0.0102 0.0091 0.0044 0.0014 
    Largest link dim during sweep 19/87 was 46
    Largest truncation error: 7.45289e-07
    Energy after sweep 19/87 is -167.499673665831
    Sweep 19/87 CPU time = 18.86s (Wall time = 2.417s)

    vN Entropy at center bond b=153 = 0.795941860724
    Eigs at center bond b=153: 0.7504 0.1820 0.0400 0.0102 0.0092 0.0044 0.0014 0.0010 
    Largest link dim during sweep 20/87 was 46
    Largest truncation error: 7.47606e-07
    Energy after sweep 20/87 is -167.499692863698
    Sweep 20/87 CPU time = 19.00s (Wall time = 2.434s)

    vN Entropy at center bond b=153 = 0.796805075168
    Eigs at center bond b=153: 0.7502 0.1821 0.0401 0.0102 0.0092 0.0044 0.0014 0.0010 
    Largest link dim during sweep 21/87 was 46
    Largest truncation error: 7.4808e-07
    Energy after sweep 21/87 is -167.499707998957
    Sweep 21/87 CPU time = 19.10s (Wall time = 2.443s)

    vN Entropy at center bond b=153 = 0.797372400862
    Eigs at center bond b=153: 0.7501 0.1821 0.0401 0.0102 0.0092 0.0044 0.0014 0.0011 
    Largest link dim during sweep 22/87 was 46
    Largest truncation error: 7.4729e-07
    Energy after sweep 22/87 is -167.499720346357
    Sweep 22/87 CPU time = 19.13s (Wall time = 2.450s)

    vN Entropy at center bond b=153 = 0.797758699182
    Eigs at center bond b=153: 0.7499 0.1822 0.0401 0.0103 0.0092 0.0044 0.0014 0.0011 
    Largest link dim during sweep 23/87 was 47
    Largest truncation error: 7.45462e-07
    Energy after sweep 23/87 is -167.499731259688
    Sweep 23/87 CPU time = 19.18s (Wall time = 2.462s)

    vN Entropy at center bond b=153 = 0.798098105769
    Eigs at center bond b=153: 0.7499 0.1822 0.0401 0.0103 0.0092 0.0044 0.0014 0.0011 
    Largest link dim during sweep 24/87 was 47
    Largest truncation error: 7.48308e-07
    Energy after sweep 24/87 is -167.499742172168
    Sweep 24/87 CPU time = 19.14s (Wall time = 2.451s)

    vN Entropy at center bond b=153 = 0.798504239444
    Eigs at center bond b=153: 0.7498 0.1822 0.0402 0.0103 0.0092 0.0044 0.0014 0.0011 
    Largest link dim during sweep 25/87 was 47
    Largest truncation error: 7.47456e-07
    Energy after sweep 25/87 is -167.499752368423
    Sweep 25/87 CPU time = 19.18s (Wall time = 2.459s)

    vN Entropy at center bond b=153 = 0.798826277758
    Eigs at center bond b=153: 0.7497 0.1823 0.0402 0.0103 0.0092 0.0044 0.0015 0.0011 
    Largest link dim during sweep 26/87 was 47
    Largest truncation error: 7.46337e-07
    Energy after sweep 26/87 is -167.499759171489
    Sweep 26/87 CPU time = 19.27s (Wall time = 2.467s)

    vN Entropy at center bond b=153 = 0.799075153233
    Eigs at center bond b=153: 0.7496 0.1823 0.0402 0.0103 0.0092 0.0044 0.0015 0.0011 
    Largest link dim during sweep 27/87 was 47
    Largest truncation error: 7.47571e-07
    Energy after sweep 27/87 is -167.499764397698
    Sweep 27/87 CPU time = 19.32s (Wall time = 2.485s)

    vN Entropy at center bond b=153 = 0.799402420990
    Eigs at center bond b=153: 0.7495 0.1823 0.0402 0.0103 0.0092 0.0044 0.0015 0.0011 
    Largest link dim during sweep 28/87 was 47
    Largest truncation error: 7.46577e-07
    Energy after sweep 28/87 is -167.499769691227
    Sweep 28/87 CPU time = 19.35s (Wall time = 2.475s)

    vN Entropy at center bond b=153 = 0.799591416331
    Eigs at center bond b=153: 0.7495 0.1823 0.0402 0.0103 0.0092 0.0044 0.0015 0.0012 
    Largest link dim during sweep 29/87 was 47
    Largest truncation error: 7.47429e-07
    Energy after sweep 29/87 is -167.499772787386
    Sweep 29/87 CPU time = 19.35s (Wall time = 2.474s)

    vN Entropy at center bond b=153 = 0.799820566828
    Eigs at center bond b=153: 0.7494 0.1823 0.0402 0.0103 0.0092 0.0044 0.0015 0.0012 
    Largest link dim during sweep 30/87 was 47
    Largest truncation error: 7.47679e-07
    Energy after sweep 30/87 is -167.499774376796
    Sweep 30/87 CPU time = 19.32s (Wall time = 2.475s)

    vN Entropy at center bond b=153 = 0.800014382067
    Eigs at center bond b=153: 0.7494 0.1824 0.0402 0.0103 0.0092 0.0044 0.0015 0.0012 
    Largest link dim during sweep 31/87 was 47
    Largest truncation error: 7.46846e-07
    Energy after sweep 31/87 is -167.499780745772
    Sweep 31/87 CPU time = 19.42s (Wall time = 2.476s)

    vN Entropy at center bond b=153 = 0.800220588127
    Eigs at center bond b=153: 0.7493 0.1824 0.0402 0.0103 0.0092 0.0044 0.0015 0.0012 
    Largest link dim during sweep 32/87 was 47
    Largest truncation error: 7.46156e-07
    Energy after sweep 32/87 is -167.499784028647
    Sweep 32/87 CPU time = 19.35s (Wall time = 2.475s)

    vN Entropy at center bond b=153 = 0.800491758373
    Eigs at center bond b=153: 0.7493 0.1824 0.0403 0.0103 0.0092 0.0044 0.0015 0.0012 
    Largest link dim during sweep 33/87 was 47
    Largest truncation error: 7.43371e-07
    Energy after sweep 33/87 is -167.499786590519
    Sweep 33/87 CPU time = 19.31s (Wall time = 2.485s)

    vN Entropy at center bond b=153 = 0.800653515124
    Eigs at center bond b=153: 0.7492 0.1824 0.0403 0.0103 0.0092 0.0044 0.0015 0.0012 
    Largest link dim during sweep 34/87 was 47
    Largest truncation error: 7.46616e-07
    Energy after sweep 34/87 is -167.499788551325
    Sweep 34/87 CPU time = 19.48s (Wall time = 2.494s)

    vN Entropy at center bond b=153 = 0.800749049976
    Eigs at center bond b=153: 0.7492 0.1824 0.0403 0.0103 0.0092 0.0044 0.0015 0.0012 
    Largest link dim during sweep 35/87 was 47
    Largest truncation error: 7.49058e-07
    Energy after sweep 35/87 is -167.499789395025
    Sweep 35/87 CPU time = 19.42s (Wall time = 2.484s)

    vN Entropy at center bond b=153 = 0.800807479364
    Eigs at center bond b=153: 0.7492 0.1824 0.0403 0.0103 0.0092 0.0044 0.0015 0.0012 
    Largest link dim during sweep 36/87 was 47
    Largest truncation error: 7.48181e-07
    Energy after sweep 36/87 is -167.499789802258
    Sweep 36/87 CPU time = 19.35s (Wall time = 2.471s)

    vN Entropy at center bond b=153 = 0.851517663113
    Eigs at center bond b=153: 0.7359 0.1848 0.0448 0.0122 0.0104 0.0048 0.0028 0.0018 
    Largest link dim during sweep 37/87 was 112
    Largest truncation error: 7.82061e-09
    Energy after sweep 37/87 is -167.502084005408
    Sweep 37/87 CPU time = 1m, 9.0s (Wall time = 8.848s)

    vN Entropy at center bond b=153 = 0.990374792198
    Eigs at center bond b=153: 0.6996 0.1891 0.0541 0.0206 0.0135 0.0080 0.0056 0.0043 0.0016 
    Largest link dim during sweep 38/87 was 142
    Largest truncation error: 7.46475e-09
    Energy after sweep 38/87 is -167.502719894444
    Sweep 38/87 CPU time = 2m, 39.6s (Wall time = 20.45s)

    vN Entropy at center bond b=153 = 1.153429351907
    Eigs at center bond b=153: 0.6455 0.1993 0.0716 0.0301 0.0216 0.0089 0.0088 0.0049 0.0034 0.0014 
    Largest link dim during sweep 39/87 was 160
    Largest truncation error: 8.76981e-09
    Energy after sweep 39/87 is -167.503095705199
    Sweep 39/87 CPU time = 4m, 9.3s (Wall time = 33.70s)

    vN Entropy at center bond b=153 = 1.213904764988
    Eigs at center bond b=153: 0.6196 0.2086 0.0801 0.0305 0.0268 0.0099 0.0088 0.0051 0.0040 0.0016 
    Largest link dim during sweep 40/87 was 160
    Largest truncation error: 1.31865e-08
    Energy after sweep 40/87 is -167.503177860251
    Sweep 40/87 CPU time = 4m, 46.7s (Wall time = 38.65s)

    vN Entropy at center bond b=153 = 1.219899692518
    Eigs at center bond b=153: 0.6171 0.2096 0.0809 0.0305 0.0273 0.0100 0.0088 0.0051 0.0040 0.0017 
    Largest link dim during sweep 41/87 was 160
    Largest truncation error: 1.63705e-08
    Energy after sweep 41/87 is -167.503184655100
    Sweep 41/87 CPU time = 4m, 51.1s (Wall time = 39.59s)

    vN Entropy at center bond b=153 = 1.220646738595
    Eigs at center bond b=153: 0.6168 0.2097 0.0809 0.0305 0.0274 0.0100 0.0088 0.0051 0.0040 0.0017 
    Largest link dim during sweep 42/87 was 160
    Largest truncation error: 1.70943e-08
    Energy after sweep 42/87 is -167.503185424668
    Sweep 42/87 CPU time = 4m, 53.4s (Wall time = 40.11s)

    vN Entropy at center bond b=153 = 1.220819373924
    Eigs at center bond b=153: 0.6167 0.2097 0.0810 0.0305 0.0274 0.0100 0.0088 0.0051 0.0040 0.0017 
    Largest link dim during sweep 43/87 was 160
    Largest truncation error: 1.73473e-08
    Energy after sweep 43/87 is -167.503185561698
    Sweep 43/87 CPU time = 4m, 53.4s (Wall time = 40.26s)

    vN Entropy at center bond b=153 = 1.220873353109
    Eigs at center bond b=153: 0.6167 0.2097 0.0810 0.0305 0.0274 0.0100 0.0088 0.0051 0.0040 0.0017 
    Largest link dim during sweep 44/87 was 160
    Largest truncation error: 1.74253e-08
    Energy after sweep 44/87 is -167.503185601377
    Sweep 44/87 CPU time = 4m, 51.6s (Wall time = 39.53s)

    vN Entropy at center bond b=153 = 1.220892443480
    Eigs at center bond b=153: 0.6167 0.2097 0.0810 0.0305 0.0274 0.0100 0.0088 0.0051 0.0040 0.0017 
    Largest link dim during sweep 45/87 was 160
    Largest truncation error: 1.74575e-08
    Energy after sweep 45/87 is -167.503185611900
    Sweep 45/87 CPU time = 4m, 50.9s (Wall time = 39.89s)

    vN Entropy at center bond b=153 = 1.220900455453
    Eigs at center bond b=153: 0.6167 0.2097 0.0810 0.0305 0.0274 0.0100 0.0088 0.0051 0.0040 0.0017 
    Largest link dim during sweep 46/87 was 160
    Largest truncation error: 1.74715e-08
    Energy after sweep 46/87 is -167.503185616789
    Sweep 46/87 CPU time = 4m, 50.2s (Wall time = 39.80s)

    vN Entropy at center bond b=153 = 1.220904128665
    Eigs at center bond b=153: 0.6167 0.2097 0.0810 0.0305 0.0274 0.0100 0.0088 0.0051 0.0040 0.0017 
    Largest link dim during sweep 47/87 was 160
    Largest truncation error: 1.7477e-08
    Energy after sweep 47/87 is -167.503185618568
    Sweep 47/87 CPU time = 4m, 51.3s (Wall time = 39.89s)

    vN Entropy at center bond b=153 = 1.220905826103
    Eigs at center bond b=153: 0.6167 0.2097 0.0810 0.0305 0.0274 0.0100 0.0088 0.0051 0.0040 0.0017 
    Largest link dim during sweep 48/87 was 160
    Largest truncation error: 1.74791e-08
    Energy after sweep 48/87 is -167.503185619364
    Sweep 48/87 CPU time = 4m, 52.7s (Wall time = 40.19s)

    vN Entropy at center bond b=153 = 1.220907032055
    Eigs at center bond b=153: 0.6167 0.2097 0.0810 0.0305 0.0274 0.0100 0.0088 0.0051 0.0040 0.0017 
    Largest link dim during sweep 49/87 was 160
    Largest truncation error: 1.74804e-08
    Energy after sweep 49/87 is -167.503185620227
    Sweep 49/87 CPU time = 4m, 53.2s (Wall time = 40.17s)

    vN Entropy at center bond b=153 = 1.220907639166
    Eigs at center bond b=153: 0.6167 0.2097 0.0810 0.0305 0.0274 0.0100 0.0088 0.0051 0.0040 0.0017 
    Largest link dim during sweep 50/87 was 160
    Largest truncation error: 1.74816e-08
    Energy after sweep 50/87 is -167.503185621240
    Sweep 50/87 CPU time = 4m, 51.9s (Wall time = 39.53s)

    vN Entropy at center bond b=153 = 1.220908017082
    Eigs at center bond b=153: 0.6167 0.2097 0.0810 0.0305 0.0274 0.0100 0.0088 0.0051 0.0040 0.0017 
    Largest link dim during sweep 51/87 was 160
    Largest truncation error: 1.74829e-08
    Energy after sweep 51/87 is -167.503185621596
    Sweep 51/87 CPU time = 4m, 51.2s (Wall time = 39.82s)

    vN Entropy at center bond b=153 = 1.220908252221
    Eigs at center bond b=153: 0.6167 0.2097 0.0810 0.0305 0.0274 0.0100 0.0088 0.0051 0.0040 0.0017 
    Largest link dim during sweep 52/87 was 160
    Largest truncation error: 1.7484e-08
    Energy after sweep 52/87 is -167.503185621759
    Sweep 52/87 CPU time = 4m, 50.6s (Wall time = 39.59s)

    vN Entropy at center bond b=153 = 1.220908394287
    Eigs at center bond b=153: 0.6167 0.2097 0.0810 0.0305 0.0274 0.0100 0.0088 0.0051 0.0040 0.0017 
    Largest link dim during sweep 53/87 was 160
    Largest truncation error: 1.74849e-08
    Energy after sweep 53/87 is -167.503185621893
    Sweep 53/87 CPU time = 4m, 52.9s (Wall time = 40.22s)

    vN Entropy at center bond b=153 = 1.220908490249
    Eigs at center bond b=153: 0.6167 0.2097 0.0810 0.0305 0.0274 0.0100 0.0088 0.0051 0.0040 0.0017 
    Largest link dim during sweep 54/87 was 160
    Largest truncation error: 1.74855e-08
    Energy after sweep 54/87 is -167.503185621978
    Sweep 54/87 CPU time = 4m, 52.2s (Wall time = 39.79s)

    vN Entropy at center bond b=153 = 1.220908556644
    Eigs at center bond b=153: 0.6167 0.2097 0.0810 0.0305 0.0274 0.0100 0.0088 0.0051 0.0040 0.0017 
    Largest link dim during sweep 55/87 was 160
    Largest truncation error: 1.74858e-08
    Energy after sweep 55/87 is -167.503185622027
    Sweep 55/87 CPU time = 4m, 51.9s (Wall time = 39.98s)

    vN Entropy at center bond b=153 = 1.220908598233
    Eigs at center bond b=153: 0.6167 0.2097 0.0810 0.0305 0.0274 0.0100 0.0088 0.0051 0.0040 0.0017 
    Largest link dim during sweep 56/87 was 160
    Largest truncation error: 1.7486e-08
    Energy after sweep 56/87 is -167.503185622043
    Sweep 56/87 CPU time = 4m, 51.2s (Wall time = 40.00s)

    vN Entropy at center bond b=153 = 1.220908619852
    Eigs at center bond b=153: 0.6167 0.2097 0.0810 0.0305 0.0274 0.0100 0.0088 0.0051 0.0040 0.0017 
    Largest link dim during sweep 57/87 was 160
    Largest truncation error: 1.74861e-08
    Energy after sweep 57/87 is -167.503185622021
    Sweep 57/87 CPU time = 4m, 50.7s (Wall time = 39.96s)

    vN Entropy at center bond b=153 = 1.220908626712
    Eigs at center bond b=153: 0.6167 0.2097 0.0810 0.0305 0.0274 0.0100 0.0088 0.0051 0.0040 0.0017 
    Largest link dim during sweep 58/87 was 160
    Largest truncation error: 1.74861e-08
    Energy after sweep 58/87 is -167.503185621976
    Sweep 58/87 CPU time = 4m, 52.0s (Wall time = 39.37s)

    vN Entropy at center bond b=153 = 1.223517662761
    Eigs at center bond b=153: 0.6160 0.2096 0.0812 0.0307 0.0275 0.0101 0.0088 0.0051 0.0041 0.0017 
    Largest link dim during sweep 59/87 was 320
    Largest truncation error: 2.29305e-10
    Energy after sweep 59/87 is -167.503213185589
    Sweep 59/87 CPU time = 16m, 41s (Wall time = 2m, 14.0s)

    vN Entropy at center bond b=153 = 1.224741381069
    Eigs at center bond b=153: 0.6158 0.2096 0.0813 0.0307 0.0276 0.0101 0.0088 0.0051 0.0041 0.0017 
    Largest link dim during sweep 60/87 was 320
    Largest truncation error: 4.88281e-10
    Energy after sweep 60/87 is -167.503213589316
    Sweep 60/87 CPU time = 23m, 55s (Wall time = 3m, 10.9s)

    vN Entropy at center bond b=153 = 1.224838920412
    Eigs at center bond b=153: 0.6158 0.2096 0.0813 0.0307 0.0276 0.0101 0.0088 0.0051 0.0041 0.0017 
    Largest link dim during sweep 61/87 was 320
    Largest truncation error: 5.21246e-10
    Energy after sweep 61/87 is -167.503213606415
    Sweep 61/87 CPU time = 22m, 33s (Wall time = 2m, 54.4s)

    vN Entropy at center bond b=153 = 1.224853037696
    Eigs at center bond b=153: 0.6158 0.2096 0.0813 0.0307 0.0276 0.0101 0.0088 0.0051 0.0041 0.0017 
    Largest link dim during sweep 62/87 was 320
    Largest truncation error: 5.29011e-10
    Energy after sweep 62/87 is -167.503213607550
    Sweep 62/87 CPU time = 23m, 5s (Wall time = 3m, 1.4s)

    vN Entropy at center bond b=153 = 1.224856290763
    Eigs at center bond b=153: 0.6158 0.2096 0.0813 0.0307 0.0276 0.0101 0.0088 0.0051 0.0041 0.0017 
    Largest link dim during sweep 63/87 was 320
    Largest truncation error: 5.31412e-10
    Energy after sweep 63/87 is -167.503213607477
    Sweep 63/87 CPU time = 22m, 4s (Wall time = 2m, 49.3s)

    vN Entropy at center bond b=153 = 1.224857249393
    Eigs at center bond b=153: 0.6158 0.2096 0.0813 0.0307 0.0276 0.0101 0.0088 0.0051 0.0041 0.0017 
    Largest link dim during sweep 64/87 was 320
    Largest truncation error: 5.32387e-10
    Energy after sweep 64/87 is -167.503213607336
    Sweep 64/87 CPU time = 22m, 39s (Wall time = 2m, 56.1s)

    vN Entropy at center bond b=153 = 1.224857560830
    Eigs at center bond b=153: 0.6158 0.2096 0.0813 0.0307 0.0276 0.0101 0.0088 0.0051 0.0041 0.0017 
    Largest link dim during sweep 65/87 was 320
    Largest truncation error: 5.328e-10
    Energy after sweep 65/87 is -167.503213607222
    Sweep 65/87 CPU time = 22m, 3s (Wall time = 2m, 49.1s)

    vN Entropy at center bond b=153 = 1.224857691239
    Eigs at center bond b=153: 0.6158 0.2096 0.0813 0.0307 0.0276 0.0101 0.0088 0.0051 0.0041 0.0017 
    Largest link dim during sweep 66/87 was 320
    Largest truncation error: 5.32979e-10
    Energy after sweep 66/87 is -167.503213607261
    Sweep 66/87 CPU time = 22m, 47s (Wall time = 2m, 55.8s)

    vN Entropy at center bond b=153 = 1.224857742310
    Eigs at center bond b=153: 0.6158 0.2096 0.0813 0.0307 0.0276 0.0101 0.0088 0.0051 0.0041 0.0017 
    Largest link dim during sweep 67/87 was 320
    Largest truncation error: 5.33063e-10
    Energy after sweep 67/87 is -167.503213607252
    Sweep 67/87 CPU time = 22m, 55s (Wall time = 2m, 55.9s)

    vN Entropy at center bond b=153 = 1.224857766570
    Eigs at center bond b=153: 0.6158 0.2096 0.0813 0.0307 0.0276 0.0101 0.0088 0.0051 0.0041 0.0017 
    Largest link dim during sweep 68/87 was 320
    Largest truncation error: 5.33112e-10
    Energy after sweep 68/87 is -167.503213607253
    Sweep 68/87 CPU time = 23m, 7s (Wall time = 2m, 57.3s)

    vN Entropy at center bond b=153 = 1.224857780671
    Eigs at center bond b=153: 0.6158 0.2096 0.0813 0.0307 0.0276 0.0101 0.0088 0.0051 0.0041 0.0017 
    Largest link dim during sweep 69/87 was 320
    Largest truncation error: 5.33144e-10
    Energy after sweep 69/87 is -167.503213607255
    Sweep 69/87 CPU time = 22m, 58s (Wall time = 2m, 56.3s)

    vN Entropy at center bond b=153 = 1.224857792255
    Eigs at center bond b=153: 0.6158 0.2096 0.0813 0.0307 0.0276 0.0101 0.0088 0.0051 0.0041 0.0017 
    Largest link dim during sweep 70/87 was 320
    Largest truncation error: 5.3317e-10
    Energy after sweep 70/87 is -167.503213607261
    Sweep 70/87 CPU time = 22m, 54s (Wall time = 2m, 55.8s)

    vN Entropy at center bond b=153 = 1.224857803336
    Eigs at center bond b=153: 0.6158 0.2096 0.0813 0.0307 0.0276 0.0101 0.0088 0.0051 0.0041 0.0017 
    Largest link dim during sweep 71/87 was 320
    Largest truncation error: 5.33195e-10
    Energy after sweep 71/87 is -167.503213607265
    Sweep 71/87 CPU time = 22m, 56s (Wall time = 2m, 56.0s)

    vN Entropy at center bond b=153 = 1.224857811719
    Eigs at center bond b=153: 0.6158 0.2096 0.0813 0.0307 0.0276 0.0101 0.0088 0.0051 0.0041 0.0017 
    Largest link dim during sweep 72/87 was 320
    Largest truncation error: 5.33215e-10
    Energy after sweep 72/87 is -167.503213607270
    Sweep 72/87 CPU time = 22m, 58s (Wall time = 2m, 56.3s)

    vN Entropy at center bond b=153 = 1.224857817017
    Eigs at center bond b=153: 0.6158 0.2096 0.0813 0.0307 0.0276 0.0101 0.0088 0.0051 0.0041 0.0017 
    Largest link dim during sweep 73/87 was 320
    Largest truncation error: 5.33228e-10
    Energy after sweep 73/87 is -167.503213607270
    Sweep 73/87 CPU time = 22m, 59s (Wall time = 2m, 56.5s)

    vN Entropy at center bond b=153 = 1.224857820183
    Eigs at center bond b=153: 0.6158 0.2096 0.0813 0.0307 0.0276 0.0101 0.0088 0.0051 0.0041 0.0017 
    Largest link dim during sweep 74/87 was 320
    Largest truncation error: 5.33236e-10
    Energy after sweep 74/87 is -167.503213607267
    Sweep 74/87 CPU time = 22m, 53s (Wall time = 2m, 55.5s)

    vN Entropy at center bond b=153 = 1.224922409514
    Eigs at center bond b=153: 0.6157 0.2096 0.0813 0.0307 0.0276 0.0101 0.0088 0.0051 0.0041 0.0017 
    Largest link dim during sweep 75/87 was 640
    Largest truncation error: 5.00804e-12
    Energy after sweep 75/87 is -167.503214175135
    Sweep 75/87 CPU time = 1h, 5m, 5s (Wall time = 8m, 45.5s)

    vN Entropy at center bond b=153 = 1.224973796730
    Eigs at center bond b=153: 0.6157 0.2096 0.0813 0.0307 0.0276 0.0101 0.0088 0.0051 0.0041 0.0017 
    Largest link dim during sweep 76/87 was 640
    Largest truncation error: 6.5338e-12
    Energy after sweep 76/87 is -167.503214180171
    Sweep 76/87 CPU time = 1h, 26m, 41s (Wall time = 11m, 35s)

    vN Entropy at center bond b=153 = 1.224982241224
    Eigs at center bond b=153: 0.6157 0.2096 0.0813 0.0307 0.0276 0.0101 0.0088 0.0051 0.0041 0.0017 
    Largest link dim during sweep 77/87 was 640
    Largest truncation error: 6.55894e-12
    Energy after sweep 77/87 is -167.503214180635
    Sweep 77/87 CPU time = 1h, 25m, 49s (Wall time = 11m, 31s)

    vN Entropy at center bond b=153 = 1.224984065342
    Eigs at center bond b=153: 0.6157 0.2096 0.0813 0.0307 0.0276 0.0101 0.0088 0.0051 0.0041 0.0017 
    Largest link dim during sweep 78/87 was 640
    Largest truncation error: 6.62031e-12
    Energy after sweep 78/87 is -167.503214180721
    Sweep 78/87 CPU time = 1h, 25m, 42s (Wall time = 11m, 31s)

    vN Entropy at center bond b=153 = 1.224984531320
    Eigs at center bond b=153: 0.6157 0.2096 0.0813 0.0307 0.0276 0.0101 0.0088 0.0051 0.0041 0.0017 
    Largest link dim during sweep 79/87 was 640
    Largest truncation error: 6.66923e-12
    Energy after sweep 79/87 is -167.503214180740
    Sweep 79/87 CPU time = 1h, 25m, 9s (Wall time = 11m, 28s)

    vN Entropy at center bond b=153 = 1.224984668862
    Eigs at center bond b=153: 0.6157 0.2096 0.0813 0.0307 0.0276 0.0101 0.0088 0.0051 0.0041 0.0017 
    Largest link dim during sweep 80/87 was 640
    Largest truncation error: 6.69952e-12
    Energy after sweep 80/87 is -167.503214180745
    Sweep 80/87 CPU time = 1h, 25m, 14s (Wall time = 11m, 29s)

    vN Entropy at center bond b=153 = 1.224984716334
    Eigs at center bond b=153: 0.6157 0.2096 0.0813 0.0307 0.0276 0.0101 0.0088 0.0051 0.0041 0.0017 
    Largest link dim during sweep 81/87 was 640
    Largest truncation error: 6.71742e-12
    Energy after sweep 81/87 is -167.503214180740
    Sweep 81/87 CPU time = 1h, 24m, 55s (Wall time = 11m, 24s)

    vN Entropy at center bond b=153 = 1.224984735293
    Eigs at center bond b=153: 0.6157 0.2096 0.0813 0.0307 0.0276 0.0101 0.0088 0.0051 0.0041 0.0017 
    Largest link dim during sweep 82/87 was 640
    Largest truncation error: 6.72737e-12
    Energy after sweep 82/87 is -167.503214180743
    Sweep 82/87 CPU time = 1h, 24m, 53s (Wall time = 11m, 25s)

    vN Entropy at center bond b=153 = 1.224985661614
    Eigs at center bond b=153: 0.6157 0.2096 0.0813 0.0307 0.0276 0.0101 0.0088 0.0051 0.0041 0.0017 
    Largest link dim during sweep 83/87 was 862
    Largest truncation error: 7.63377e-13
    Energy after sweep 83/87 is -167.503214185023
    Sweep 83/87 CPU time = 1h, 46m, 20s (Wall time = 14m, 60s)

    vN Entropy at center bond b=153 = 1.224986636343
    Eigs at center bond b=153: 0.6157 0.2096 0.0813 0.0307 0.0276 0.0101 0.0088 0.0051 0.0041 0.0017 
    Largest link dim during sweep 84/87 was 1280
    Largest truncation error: 4.24218e-14
    Energy after sweep 84/87 is -167.503214187962
    Sweep 84/87 CPU time = 4h, 24m, 5s (Wall time = 43m, 58s)

    vN Entropy at center bond b=153 = 1.224986981644
    Eigs at center bond b=153: 0.6157 0.2096 0.0813 0.0307 0.0276 0.0101 0.0088 0.0051 0.0041 0.0017 
    Largest link dim during sweep 85/87 was 1280
    Largest truncation error: 4.3318e-14
    Energy after sweep 85/87 is -167.503214187991
    Sweep 85/87 CPU time = 5h, 49m, 44s (Wall time = 1h, 2m, 6s)

    vN Entropy at center bond b=153 = 1.224987031435
    Eigs at center bond b=153: 0.6157 0.2096 0.0813 0.0307 0.0276 0.0101 0.0088 0.0051 0.0041 0.0017 
    Largest link dim during sweep 86/87 was 1280
    Largest truncation error: 4.07683e-14
    Energy after sweep 86/87 is -167.503214187998
    Sweep 86/87 CPU time = 5h, 46m, 52s (Wall time = 59m, 56s)

    vN Entropy at center bond b=153 = 1.224987037751
    Eigs at center bond b=153: 0.6157 0.2096 0.0813 0.0307 0.0276 0.0101 0.0088 0.0051 0.0041 0.0017 
    Largest link dim during sweep 87/87 was 1280
    Largest truncation error: 4.09785e-14
    Energy after sweep 87/87 is -167.503214187999
    Sweep 87/87 CPU time = 5h, 36m, 12s (Wall time = 57m, 16s)
Initial energy = 254.52000

Ground State Energy = -167.5032141880
run_outputs/outputpsi/N_306_sweep_87_t_0.030000_J_1.000000_V_0.600000_D_0.018000_U_0.840000_mu_0.000000_E_0.000000 converge
Wall-clock time (s) = 171073.734718
