//////////////////////////
Reading input file ......

Got input.N = 306
Got input.t = 0.03
Got input.J = 1
Got input.V = 0.6
Got input.D = 0.018
Got input.U = 0.805
Got input.mu = 0
Got input.E = 0
Got input.nsweeps = 87
Sweeps:
1  MaxDim=20, MinDim=20, Cutoff=1.0E-06, Niter=8, Noise=1.0E-05
2  MaxDim=20, MinDim=20, Cutoff=1.0E-06, Niter=8, Noise=1.0E-05
3  MaxDim=20, MinDim=20, Cutoff=1.0E-06, Niter=8, Noise=1.0E-05
4  MaxDim=20, MinDim=20, Cutoff=1.0E-06, Niter=8, Noise=1.0E-05
5  MaxDim=20, MinDim=20, Cutoff=1.0E-06, Niter=8, Noise=1.0E-05
6  MaxDim=20, MinDim=20, Cutoff=1.0E-06, Niter=8, Noise=1.0E-05
7  MaxDim=20, MinDim=20, Cutoff=1.0E-06, Niter=8, Noise=1.0E-05
8  MaxDim=40, MinDim=20, Cutoff=1.0E-06, Niter=4, Noise=1.0E-05
9  MaxDim=40, MinDim=20, Cutoff=1.0E-06, Niter=4, Noise=1.0E-05
10  MaxDim=40, MinDim=20, Cutoff=1.0E-06, Niter=4, Noise=1.0E-05
11  MaxDim=40, MinDim=20, Cutoff=1.0E-06, Niter=4, Noise=1.0E-05
12  MaxDim=40, MinDim=20, Cutoff=1.0E-06, Niter=4, Noise=1.0E-05
13  MaxDim=40, MinDim=20, Cutoff=1.0E-06, Niter=4, Noise=1.0E-05
14  MaxDim=40, MinDim=20, Cutoff=1.0E-06, Niter=4, Noise=1.0E-05
15  MaxDim=80, MinDim=10, Cutoff=1.0E-06, Niter=4, Noise=1.0E-05
16  MaxDim=80, MinDim=10, Cutoff=1.0E-06, Niter=4, Noise=1.0E-05
17  MaxDim=80, MinDim=10, Cutoff=1.0E-06, Niter=4, Noise=1.0E-05
18  MaxDim=80, MinDim=10, Cutoff=1.0E-06, Niter=4, Noise=1.0E-05
19  MaxDim=80, MinDim=10, Cutoff=1.0E-06, Niter=4, Noise=1.0E-05
20  MaxDim=80, MinDim=10, Cutoff=1.0E-06, Niter=4, Noise=1.0E-05
21  MaxDim=80, MinDim=10, Cutoff=1.0E-06, Niter=4, Noise=1.0E-05
22  MaxDim=80, MinDim=10, Cutoff=1.0E-06, Niter=4, Noise=1.0E-05
23  MaxDim=80, MinDim=10, Cutoff=1.0E-06, Niter=4, Noise=1.0E-05
24  MaxDim=80, MinDim=10, Cutoff=1.0E-06, Niter=4, Noise=1.0E-05
25  MaxDim=80, MinDim=10, Cutoff=1.0E-06, Niter=4, Noise=1.0E-05
26  MaxDim=80, MinDim=10, Cutoff=1.0E-06, Niter=4, Noise=1.0E-05
27  MaxDim=80, MinDim=10, Cutoff=1.0E-06, Niter=4, Noise=1.0E-05
28  MaxDim=80, MinDim=10, Cutoff=1.0E-06, Niter=4, Noise=1.0E-05
29  MaxDim=80, MinDim=10, Cutoff=1.0E-06, Niter=4, Noise=1.0E-05
30  MaxDim=80, MinDim=10, Cutoff=1.0E-06, Niter=4, Noise=1.0E-05
31  MaxDim=80, MinDim=10, Cutoff=1.0E-06, Niter=4, Noise=1.0E-05
32  MaxDim=80, MinDim=10, Cutoff=1.0E-06, Niter=4, Noise=1.0E-05
33  MaxDim=80, MinDim=10, Cutoff=1.0E-06, Niter=4, Noise=1.0E-05
34  MaxDim=80, MinDim=10, Cutoff=1.0E-06, Niter=4, Noise=1.0E-05
35  MaxDim=80, MinDim=10, Cutoff=1.0E-06, Niter=4, Noise=1.0E-05
36  MaxDim=80, MinDim=10, Cutoff=1.0E-06, Niter=4, Noise=1.0E-05
37  MaxDim=160, MinDim=10, Cutoff=1.0E-08, Niter=4, Noise=1.0E-06
38  MaxDim=160, MinDim=10, Cutoff=1.0E-08, Niter=4, Noise=1.0E-06
39  MaxDim=160, MinDim=10, Cutoff=1.0E-08, Niter=4, Noise=1.0E-06
40  MaxDim=160, MinDim=10, Cutoff=1.0E-08, Niter=4, Noise=1.0E-06
41  MaxDim=160, MinDim=10, Cutoff=1.0E-08, Niter=4, Noise=1.0E-06
42  MaxDim=160, MinDim=10, Cutoff=1.0E-08, Niter=4, Noise=1.0E-06
43  MaxDim=160, MinDim=10, Cutoff=1.0E-08, Niter=4, Noise=1.0E-06
44  MaxDim=160, MinDim=10, Cutoff=1.0E-08, Niter=4, Noise=1.0E-06
45  MaxDim=160, MinDim=10, Cutoff=1.0E-08, Niter=4, Noise=1.0E-06
46  MaxDim=160, MinDim=10, Cutoff=1.0E-08, Niter=4, Noise=1.0E-06
47  MaxDim=160, MinDim=10, Cutoff=1.0E-08, Niter=4, Noise=1.0E-06
48  MaxDim=160, MinDim=10, Cutoff=1.0E-08, Niter=4, Noise=1.0E-06
49  MaxDim=160, MinDim=10, Cutoff=1.0E-08, Niter=4, Noise=1.0E-06
50  MaxDim=160, MinDim=10, Cutoff=1.0E-08, Niter=4, Noise=1.0E-06
51  MaxDim=160, MinDim=10, Cutoff=1.0E-08, Niter=4, Noise=1.0E-06
52  MaxDim=160, MinDim=10, Cutoff=1.0E-08, Niter=4, Noise=1.0E-06
53  MaxDim=160, MinDim=10, Cutoff=1.0E-08, Niter=4, Noise=1.0E-06
54  MaxDim=160, MinDim=10, Cutoff=1.0E-08, Niter=4, Noise=1.0E-06
55  MaxDim=160, MinDim=10, Cutoff=1.0E-08, Niter=4, Noise=1.0E-06
56  MaxDim=160, MinDim=10, Cutoff=1.0E-08, Niter=4, Noise=1.0E-06
57  MaxDim=160, MinDim=10, Cutoff=1.0E-08, Niter=4, Noise=1.0E-06
58  MaxDim=160, MinDim=10, Cutoff=1.0E-08, Niter=4, Noise=1.0E-06
59  MaxDim=320, MinDim=10, Cutoff=1.0E-10, Niter=4, Noise=1.0E-07
60  MaxDim=320, MinDim=10, Cutoff=1.0E-10, Niter=4, Noise=1.0E-07
61  MaxDim=320, MinDim=10, Cutoff=1.0E-10, Niter=4, Noise=1.0E-07
62  MaxDim=320, MinDim=10, Cutoff=1.0E-10, Niter=4, Noise=1.0E-07
63  MaxDim=320, MinDim=10, Cutoff=1.0E-10, Niter=4, Noise=1.0E-07
64  MaxDim=320, MinDim=10, Cutoff=1.0E-10, Niter=4, Noise=1.0E-07
65  MaxDim=320, MinDim=10, Cutoff=1.0E-10, Niter=4, Noise=1.0E-07
66  MaxDim=320, MinDim=10, Cutoff=1.0E-10, Niter=4, Noise=1.0E-07
67  MaxDim=320, MinDim=10, Cutoff=1.0E-10, Niter=4, Noise=1.0E-07
68  MaxDim=320, MinDim=10, Cutoff=1.0E-10, Niter=4, Noise=1.0E-07
69  MaxDim=320, MinDim=10, Cutoff=1.0E-10, Niter=4, Noise=1.0E-07
70  MaxDim=320, MinDim=10, Cutoff=1.0E-10, Niter=4, Noise=1.0E-07
71  MaxDim=320, MinDim=10, Cutoff=1.0E-10, Niter=4, Noise=1.0E-07
72  MaxDim=320, MinDim=10, Cutoff=1.0E-10, Niter=4, Noise=1.0E-07
73  MaxDim=320, MinDim=10, Cutoff=1.0E-10, Niter=4, Noise=1.0E-07
74  MaxDim=320, MinDim=10, Cutoff=1.0E-10, Niter=4, Noise=1.0E-07
75  MaxDim=640, MinDim=10, Cutoff=1.0E-12, Niter=2, Noise=1.0E-08
76  MaxDim=640, MinDim=10, Cutoff=1.0E-12, Niter=2, Noise=1.0E-08
77  MaxDim=640, MinDim=10, Cutoff=1.0E-12, Niter=2, Noise=1.0E-08
78  MaxDim=640, MinDim=10, Cutoff=1.0E-12, Niter=2, Noise=1.0E-08
79  MaxDim=640, MinDim=10, Cutoff=1.0E-12, Niter=2, Noise=1.0E-08
80  MaxDim=640, MinDim=10, Cutoff=1.0E-12, Niter=2, Noise=1.0E-08
81  MaxDim=640, MinDim=10, Cutoff=1.0E-12, Niter=2, Noise=1.0E-08
82  MaxDim=640, MinDim=10, Cutoff=1.0E-12, Niter=2, Noise=1.0E-08
83  MaxDim=1280, MinDim=10, Cutoff=1.0E-12, Niter=2, Noise=0.0E+00
84  MaxDim=1280, MinDim=10, Cutoff=1.0E-14, Niter=2, Noise=0.0E+00
85  MaxDim=1280, MinDim=10, Cutoff=1.0E-14, Niter=2, Noise=0.0E+00
86  MaxDim=1280, MinDim=10, Cutoff=1.0E-14, Niter=2, Noise=0.0E+00
87  MaxDim=1280, MinDim=10, Cutoff=1.0E-14, Niter=2, Noise=0.0E+00


    vN Entropy at center bond b=153 = 0.539109541581
    Eigs at center bond b=153: 0.8304 0.1484 0.0144 0.0048 
    Largest link dim during sweep 1/87 was 20
    Largest truncation error: 3.18095e-06
    Energy after sweep 1/87 is -168.473365389904
    Sweep 1/87 CPU time = 9.086s (Wall time = 1.178s)

    vN Entropy at center bond b=153 = 0.645849045220
    Eigs at center bond b=153: 0.7823 0.1862 0.0207 0.0070 0.0016 0.0014 
    Largest link dim during sweep 2/87 was 20
    Largest truncation error: 2.55365e-06
    Energy after sweep 2/87 is -168.518988827214
    Sweep 2/87 CPU time = 12.76s (Wall time = 1.630s)

    vN Entropy at center bond b=153 = 0.650787430592
    Eigs at center bond b=153: 0.7792 0.1891 0.0209 0.0072 0.0016 0.0014 
    Largest link dim during sweep 3/87 was 20
    Largest truncation error: 2.48743e-06
    Energy after sweep 3/87 is -168.519680214127
    Sweep 3/87 CPU time = 12.68s (Wall time = 1.626s)

    vN Entropy at center bond b=153 = 0.651414921352
    Eigs at center bond b=153: 0.7787 0.1896 0.0209 0.0072 0.0016 0.0014 
    Largest link dim during sweep 4/87 was 20
    Largest truncation error: 2.41932e-06
    Energy after sweep 4/87 is -168.519758304635
    Sweep 4/87 CPU time = 12.73s (Wall time = 1.631s)

    vN Entropy at center bond b=153 = 0.651580472284
    Eigs at center bond b=153: 0.7785 0.1898 0.0209 0.0072 0.0016 0.0013 
    Largest link dim during sweep 5/87 was 20
    Largest truncation error: 2.40687e-06
    Energy after sweep 5/87 is -168.519774028634
    Sweep 5/87 CPU time = 12.75s (Wall time = 1.626s)

    vN Entropy at center bond b=153 = 0.651646321665
    Eigs at center bond b=153: 0.7785 0.1898 0.0209 0.0072 0.0016 0.0013 
    Largest link dim during sweep 6/87 was 20
    Largest truncation error: 2.40631e-06
    Energy after sweep 6/87 is -168.519778481077
    Sweep 6/87 CPU time = 12.72s (Wall time = 1.625s)

    vN Entropy at center bond b=153 = 0.651675208388
    Eigs at center bond b=153: 0.7785 0.1899 0.0209 0.0072 0.0016 0.0013 
    Largest link dim during sweep 7/87 was 20
    Largest truncation error: 2.40613e-06
    Energy after sweep 7/87 is -168.519780159401
    Sweep 7/87 CPU time = 12.66s (Wall time = 1.626s)

    vN Entropy at center bond b=153 = 0.653751461534
    Eigs at center bond b=153: 0.7780 0.1899 0.0211 0.0072 0.0016 0.0014 
    Largest link dim during sweep 8/87 was 28
    Largest truncation error: 7.69522e-07
    Energy after sweep 8/87 is -168.522389730094
    Sweep 8/87 CPU time = 8.371s (Wall time = 1.072s)

    vN Entropy at center bond b=153 = 0.655709540102
    Eigs at center bond b=153: 0.7780 0.1896 0.0212 0.0072 0.0017 0.0015 
    Largest link dim during sweep 9/87 was 28
    Largest truncation error: 7.77558e-07
    Energy after sweep 9/87 is -168.522693353139
    Sweep 9/87 CPU time = 9.142s (Wall time = 1.171s)

    vN Entropy at center bond b=153 = 0.658161326348
    Eigs at center bond b=153: 0.7779 0.1891 0.0214 0.0072 0.0018 0.0016 
    Largest link dim during sweep 10/87 was 29
    Largest truncation error: 7.77724e-07
    Energy after sweep 10/87 is -168.522928036293
    Sweep 10/87 CPU time = 9.528s (Wall time = 1.219s)

    vN Entropy at center bond b=153 = 0.663721009134
    Eigs at center bond b=153: 0.7774 0.1884 0.0218 0.0072 0.0022 0.0017 
    Largest link dim during sweep 11/87 was 31
    Largest truncation error: 7.76136e-07
    Energy after sweep 11/87 is -168.523244718995
    Sweep 11/87 CPU time = 9.906s (Wall time = 1.271s)

    vN Entropy at center bond b=153 = 0.673788731458
    Eigs at center bond b=153: 0.7760 0.1878 0.0225 0.0072 0.0030 0.0018 
    Largest link dim during sweep 12/87 was 33
    Largest truncation error: 7.76189e-07
    Energy after sweep 12/87 is -168.523599201043
    Sweep 12/87 CPU time = 10.34s (Wall time = 1.326s)

    vN Entropy at center bond b=153 = 0.689673547778
    Eigs at center bond b=153: 0.7733 0.1873 0.0236 0.0073 0.0044 0.0021 
    Largest link dim during sweep 13/87 was 34
    Largest truncation error: 7.73582e-07
    Energy after sweep 13/87 is -168.524003609143
    Sweep 13/87 CPU time = 10.90s (Wall time = 1.394s)

    vN Entropy at center bond b=153 = 0.711478856770
    Eigs at center bond b=153: 0.7688 0.1871 0.0252 0.0074 0.0064 0.0025 0.0011 
    Largest link dim during sweep 14/87 was 35
    Largest truncation error: 7.74132e-07
    Energy after sweep 14/87 is -168.524321735538
    Sweep 14/87 CPU time = 11.47s (Wall time = 1.473s)

    vN Entropy at center bond b=153 = 0.726306006492
    Eigs at center bond b=153: 0.7655 0.1872 0.0264 0.0078 0.0075 0.0029 0.0012 
    Largest link dim during sweep 15/87 was 36
    Largest truncation error: 7.70521e-07
    Energy after sweep 15/87 is -168.524575667419
    Sweep 15/87 CPU time = 12.02s (Wall time = 1.539s)

    vN Entropy at center bond b=153 = 0.736062417523
    Eigs at center bond b=153: 0.7631 0.1874 0.0272 0.0086 0.0076 0.0032 0.0012 
    Largest link dim during sweep 16/87 was 36
    Largest truncation error: 7.70192e-07
    Energy after sweep 16/87 is -168.524739677626
    Sweep 16/87 CPU time = 12.48s (Wall time = 1.605s)

    vN Entropy at center bond b=153 = 0.739956464230
    Eigs at center bond b=153: 0.7621 0.1875 0.0276 0.0088 0.0077 0.0033 0.0012 
    Largest link dim during sweep 17/87 was 37
    Largest truncation error: 7.709e-07
    Energy after sweep 17/87 is -168.524883129582
    Sweep 17/87 CPU time = 12.91s (Wall time = 1.657s)

    vN Entropy at center bond b=153 = 0.741481766660
    Eigs at center bond b=153: 0.7617 0.1877 0.0277 0.0090 0.0077 0.0033 0.0013 
    Largest link dim during sweep 18/87 was 37
    Largest truncation error: 7.70099e-07
    Energy after sweep 18/87 is -168.524993008717
    Sweep 18/87 CPU time = 13.06s (Wall time = 1.673s)

    vN Entropy at center bond b=153 = 0.742198941506
    Eigs at center bond b=153: 0.7614 0.1878 0.0277 0.0090 0.0077 0.0033 0.0013 
    Largest link dim during sweep 19/87 was 37
    Largest truncation error: 7.69973e-07
    Energy after sweep 19/87 is -168.525080451274
    Sweep 19/87 CPU time = 13.19s (Wall time = 1.691s)

    vN Entropy at center bond b=153 = 0.742631387800
    Eigs at center bond b=153: 0.7612 0.1880 0.0277 0.0090 0.0077 0.0033 0.0013 
    Largest link dim during sweep 20/87 was 37
    Largest truncation error: 7.69529e-07
    Energy after sweep 20/87 is -168.525148209705
    Sweep 20/87 CPU time = 13.42s (Wall time = 1.715s)

    vN Entropy at center bond b=153 = 0.742530916106
    Eigs at center bond b=153: 0.7612 0.1881 0.0277 0.0090 0.0077 0.0033 0.0013 
    Largest link dim during sweep 21/87 was 37
    Largest truncation error: 7.67862e-07
    Energy after sweep 21/87 is -168.525210577950
    Sweep 21/87 CPU time = 13.57s (Wall time = 1.741s)

    vN Entropy at center bond b=153 = 0.742090840080
    Eigs at center bond b=153: 0.7612 0.1882 0.0276 0.0090 0.0077 0.0033 0.0013 
    Largest link dim during sweep 22/87 was 37
    Largest truncation error: 7.67844e-07
    Energy after sweep 22/87 is -168.525250630908
    Sweep 22/87 CPU time = 13.74s (Wall time = 1.764s)

    vN Entropy at center bond b=153 = 0.741582250745
    Eigs at center bond b=153: 0.7613 0.1883 0.0276 0.0089 0.0077 0.0033 0.0013 
    Largest link dim during sweep 23/87 was 38
    Largest truncation error: 7.67824e-07
    Energy after sweep 23/87 is -168.525304085964
    Sweep 23/87 CPU time = 13.84s (Wall time = 1.771s)

    vN Entropy at center bond b=153 = 0.741106990058
    Eigs at center bond b=153: 0.7614 0.1883 0.0275 0.0089 0.0077 0.0033 0.0013 
    Largest link dim during sweep 24/87 was 38
    Largest truncation error: 7.67807e-07
    Energy after sweep 24/87 is -168.525342323197
    Sweep 24/87 CPU time = 13.88s (Wall time = 1.780s)

    vN Entropy at center bond b=153 = 0.740655467887
    Eigs at center bond b=153: 0.7614 0.1884 0.0275 0.0088 0.0077 0.0033 0.0013 
    Largest link dim during sweep 25/87 was 38
    Largest truncation error: 7.67798e-07
    Energy after sweep 25/87 is -168.525371210065
    Sweep 25/87 CPU time = 14.07s (Wall time = 1.794s)

    vN Entropy at center bond b=153 = 0.740035359097
    Eigs at center bond b=153: 0.7616 0.1884 0.0274 0.0088 0.0077 0.0032 0.0012 
    Largest link dim during sweep 26/87 was 38
    Largest truncation error: 7.67796e-07
    Energy after sweep 26/87 is -168.525397719431
    Sweep 26/87 CPU time = 14.12s (Wall time = 1.804s)

    vN Entropy at center bond b=153 = 0.739539214046
    Eigs at center bond b=153: 0.7616 0.1884 0.0273 0.0087 0.0077 0.0032 0.0012 
    Largest link dim during sweep 27/87 was 38
    Largest truncation error: 7.67796e-07
    Energy after sweep 27/87 is -168.525415645025
    Sweep 27/87 CPU time = 14.12s (Wall time = 1.808s)

    vN Entropy at center bond b=153 = 0.739134402786
    Eigs at center bond b=153: 0.7617 0.1885 0.0273 0.0087 0.0077 0.0032 0.0012 
    Largest link dim during sweep 28/87 was 38
    Largest truncation error: 7.67796e-07
    Energy after sweep 28/87 is -168.525438556814
    Sweep 28/87 CPU time = 14.26s (Wall time = 1.822s)

    vN Entropy at center bond b=153 = 0.738858296229
    Eigs at center bond b=153: 0.7618 0.1885 0.0273 0.0086 0.0077 0.0032 0.0012 
    Largest link dim during sweep 29/87 was 38
    Largest truncation error: 7.67836e-07
    Energy after sweep 29/87 is -168.525461391115
    Sweep 29/87 CPU time = 14.26s (Wall time = 1.828s)

    vN Entropy at center bond b=153 = 0.738564458070
    Eigs at center bond b=153: 0.7618 0.1885 0.0272 0.0086 0.0077 0.0032 0.0012 
    Largest link dim during sweep 30/87 was 38
    Largest truncation error: 7.67887e-07
    Energy after sweep 30/87 is -168.525480175125
    Sweep 30/87 CPU time = 14.14s (Wall time = 1.811s)

    vN Entropy at center bond b=153 = 0.738299234550
    Eigs at center bond b=153: 0.7619 0.1886 0.0272 0.0086 0.0077 0.0032 0.0012 
    Largest link dim during sweep 31/87 was 38
    Largest truncation error: 7.67906e-07
    Energy after sweep 31/87 is -168.525492390445
    Sweep 31/87 CPU time = 14.16s (Wall time = 1.813s)

    vN Entropy at center bond b=153 = 0.738127523780
    Eigs at center bond b=153: 0.7619 0.1886 0.0272 0.0086 0.0077 0.0032 0.0012 
    Largest link dim during sweep 32/87 was 38
    Largest truncation error: 7.6793e-07
    Energy after sweep 32/87 is -168.525506842283
    Sweep 32/87 CPU time = 14.23s (Wall time = 1.821s)

    vN Entropy at center bond b=153 = 0.738048171487
    Eigs at center bond b=153: 0.7619 0.1886 0.0272 0.0085 0.0077 0.0032 0.0012 
    Largest link dim during sweep 33/87 was 38
    Largest truncation error: 7.67951e-07
    Energy after sweep 33/87 is -168.525519482090
    Sweep 33/87 CPU time = 14.33s (Wall time = 1.831s)

    vN Entropy at center bond b=153 = 0.738035358118
    Eigs at center bond b=153: 0.7618 0.1887 0.0272 0.0085 0.0077 0.0032 0.0012 
    Largest link dim during sweep 34/87 was 38
    Largest truncation error: 7.67977e-07
    Energy after sweep 34/87 is -168.525540768888
    Sweep 34/87 CPU time = 14.34s (Wall time = 1.835s)

    vN Entropy at center bond b=153 = 0.738042364412
    Eigs at center bond b=153: 0.7618 0.1887 0.0272 0.0085 0.0077 0.0032 0.0012 
    Largest link dim during sweep 35/87 was 39
    Largest truncation error: 7.68023e-07
    Energy after sweep 35/87 is -168.525560505215
    Sweep 35/87 CPU time = 14.39s (Wall time = 1.840s)

    vN Entropy at center bond b=153 = 0.738128197733
    Eigs at center bond b=153: 0.7618 0.1888 0.0272 0.0085 0.0077 0.0032 0.0012 
    Largest link dim during sweep 36/87 was 39
    Largest truncation error: 7.68053e-07
    Energy after sweep 36/87 is -168.525583183345
    Sweep 36/87 CPU time = 14.47s (Wall time = 1.852s)

    vN Entropy at center bond b=153 = 0.784435319035
    Eigs at center bond b=153: 0.7498 0.1897 0.0328 0.0112 0.0086 0.0043 0.0014 
    Largest link dim during sweep 37/87 was 92
    Largest truncation error: 7.58912e-09
    Energy after sweep 37/87 is -168.527923484210
    Sweep 37/87 CPU time = 47.20s (Wall time = 6.072s)

    vN Entropy at center bond b=153 = 0.834486496165
    Eigs at center bond b=153: 0.7356 0.1942 0.0366 0.0132 0.0096 0.0050 0.0019 0.0016 
    Largest link dim during sweep 38/87 was 113
    Largest truncation error: 7.69334e-09
    Energy after sweep 38/87 is -168.528306211362
    Sweep 38/87 CPU time = 1m, 38.1s (Wall time = 12.55s)

    vN Entropy at center bond b=153 = 0.966637440115
    Eigs at center bond b=153: 0.7031 0.1988 0.0414 0.0208 0.0112 0.0097 0.0057 0.0046 0.0015 
    Largest link dim during sweep 39/87 was 141
    Largest truncation error: 7.53345e-09
    Energy after sweep 39/87 is -168.528682946311
    Sweep 39/87 CPU time = 2m, 11.9s (Wall time = 16.91s)

    vN Entropy at center bond b=153 = 1.105110799757
    Eigs at center bond b=153: 0.6603 0.2040 0.0588 0.0274 0.0176 0.0106 0.0083 0.0050 0.0025 0.0014 
    Largest link dim during sweep 40/87 was 159
    Largest truncation error: 7.44006e-09
    Energy after sweep 40/87 is -168.528870624638
    Sweep 40/87 CPU time = 2m, 59.5s (Wall time = 23.74s)

    vN Entropy at center bond b=153 = 1.143919923443
    Eigs at center bond b=153: 0.6475 0.2054 0.0649 0.0281 0.0202 0.0108 0.0088 0.0052 0.0030 0.0016 
    Largest link dim during sweep 41/87 was 160
    Largest truncation error: 7.43824e-09
    Energy after sweep 41/87 is -168.528903800079
    Sweep 41/87 CPU time = 3m, 28.0s (Wall time = 27.73s)

    vN Entropy at center bond b=153 = 1.148833872729
    Eigs at center bond b=153: 0.6459 0.2055 0.0657 0.0282 0.0205 0.0109 0.0089 0.0052 0.0030 0.0016 
    Largest link dim during sweep 42/87 was 160
    Largest truncation error: 7.68854e-09
    Energy after sweep 42/87 is -168.528907860490
    Sweep 42/87 CPU time = 3m, 45.1s (Wall time = 30.60s)

    vN Entropy at center bond b=153 = 1.149644465895
    Eigs at center bond b=153: 0.6456 0.2055 0.0658 0.0283 0.0206 0.0109 0.0089 0.0052 0.0031 0.0016 
    Largest link dim during sweep 43/87 was 160
    Largest truncation error: 7.48876e-09
    Energy after sweep 43/87 is -168.528908474468
    Sweep 43/87 CPU time = 3m, 44.9s (Wall time = 30.25s)

    vN Entropy at center bond b=153 = 1.149858075850
    Eigs at center bond b=153: 0.6456 0.2055 0.0658 0.0283 0.0206 0.0109 0.0089 0.0052 0.0031 0.0016 
    Largest link dim during sweep 44/87 was 160
    Largest truncation error: 7.40207e-09
    Energy after sweep 44/87 is -168.528908633692
    Sweep 44/87 CPU time = 3m, 44.5s (Wall time = 30.12s)

    vN Entropy at center bond b=153 = 1.149932583275
    Eigs at center bond b=153: 0.6456 0.2055 0.0658 0.0283 0.0206 0.0109 0.0089 0.0052 0.0031 0.0016 
    Largest link dim during sweep 45/87 was 160
    Largest truncation error: 7.43692e-09
    Energy after sweep 45/87 is -168.528908695183
    Sweep 45/87 CPU time = 3m, 43.9s (Wall time = 30.19s)

    vN Entropy at center bond b=153 = 1.149962612262
    Eigs at center bond b=153: 0.6455 0.2055 0.0658 0.0283 0.0206 0.0109 0.0089 0.0052 0.0031 0.0016 
    Largest link dim during sweep 46/87 was 160
    Largest truncation error: 7.42389e-09
    Energy after sweep 46/87 is -168.528908719544
    Sweep 46/87 CPU time = 3m, 45.7s (Wall time = 30.14s)

    vN Entropy at center bond b=153 = 1.149974157475
    Eigs at center bond b=153: 0.6455 0.2055 0.0658 0.0283 0.0206 0.0109 0.0089 0.0052 0.0031 0.0016 
    Largest link dim during sweep 47/87 was 160
    Largest truncation error: 7.42275e-09
    Energy after sweep 47/87 is -168.528908739230
    Sweep 47/87 CPU time = 3m, 49.0s (Wall time = 30.66s)

    vN Entropy at center bond b=153 = 1.149980258217
    Eigs at center bond b=153: 0.6455 0.2055 0.0658 0.0283 0.0206 0.0109 0.0089 0.0052 0.0031 0.0016 
    Largest link dim during sweep 48/87 was 160
    Largest truncation error: 7.42245e-09
    Energy after sweep 48/87 is -168.528908744871
    Sweep 48/87 CPU time = 3m, 51.5s (Wall time = 30.81s)

    vN Entropy at center bond b=153 = 1.149983310226
    Eigs at center bond b=153: 0.6455 0.2055 0.0658 0.0283 0.0206 0.0109 0.0089 0.0052 0.0031 0.0016 
    Largest link dim during sweep 49/87 was 160
    Largest truncation error: 7.42236e-09
    Energy after sweep 49/87 is -168.528908749626
    Sweep 49/87 CPU time = 3m, 58.1s (Wall time = 32.10s)

    vN Entropy at center bond b=153 = 1.149984743271
    Eigs at center bond b=153: 0.6455 0.2055 0.0658 0.0283 0.0206 0.0109 0.0089 0.0052 0.0031 0.0016 
    Largest link dim during sweep 50/87 was 160
    Largest truncation error: 7.42235e-09
    Energy after sweep 50/87 is -168.528908750177
    Sweep 50/87 CPU time = 3m, 56.9s (Wall time = 31.86s)

    vN Entropy at center bond b=153 = 1.149985417633
    Eigs at center bond b=153: 0.6455 0.2055 0.0658 0.0283 0.0206 0.0109 0.0089 0.0052 0.0031 0.0016 
    Largest link dim during sweep 51/87 was 160
    Largest truncation error: 7.42234e-09
    Energy after sweep 51/87 is -168.528908753388
    Sweep 51/87 CPU time = 4m, 0.7s (Wall time = 32.64s)

    vN Entropy at center bond b=153 = 1.149987081951
    Eigs at center bond b=153: 0.6455 0.2055 0.0658 0.0283 0.0206 0.0109 0.0089 0.0052 0.0031 0.0016 
    Largest link dim during sweep 52/87 was 160
    Largest truncation error: 7.42234e-09
    Energy after sweep 52/87 is -168.528908762636
    Sweep 52/87 CPU time = 3m, 54.5s (Wall time = 31.84s)

    vN Entropy at center bond b=153 = 1.149988535301
    Eigs at center bond b=153: 0.6455 0.2055 0.0658 0.0283 0.0206 0.0109 0.0089 0.0052 0.0031 0.0016 
    Largest link dim during sweep 53/87 was 160
    Largest truncation error: 7.42236e-09
    Energy after sweep 53/87 is -168.528908762691
    Sweep 53/87 CPU time = 3m, 53.8s (Wall time = 31.44s)

    vN Entropy at center bond b=153 = 1.149989182422
    Eigs at center bond b=153: 0.6455 0.2055 0.0658 0.0283 0.0206 0.0109 0.0089 0.0052 0.0031 0.0016 
    Largest link dim during sweep 54/87 was 160
    Largest truncation error: 7.42236e-09
    Energy after sweep 54/87 is -168.528908762717
    Sweep 54/87 CPU time = 4m, 1.9s (Wall time = 32.86s)

    vN Entropy at center bond b=153 = 1.149989431813
    Eigs at center bond b=153: 0.6455 0.2055 0.0658 0.0283 0.0206 0.0109 0.0089 0.0052 0.0031 0.0016 
    Largest link dim during sweep 55/87 was 160
    Largest truncation error: 7.42237e-09
    Energy after sweep 55/87 is -168.528908762760
    Sweep 55/87 CPU time = 3m, 56.2s (Wall time = 31.81s)

    vN Entropy at center bond b=153 = 1.149989537920
    Eigs at center bond b=153: 0.6455 0.2055 0.0658 0.0283 0.0206 0.0109 0.0089 0.0052 0.0031 0.0016 
    Largest link dim during sweep 56/87 was 160
    Largest truncation error: 7.42237e-09
    Energy after sweep 56/87 is -168.528908762814
    Sweep 56/87 CPU time = 3m, 54.3s (Wall time = 31.08s)

    vN Entropy at center bond b=153 = 1.149989594539
    Eigs at center bond b=153: 0.6455 0.2055 0.0658 0.0283 0.0206 0.0109 0.0089 0.0052 0.0031 0.0016 
    Largest link dim during sweep 57/87 was 160
    Largest truncation error: 7.42237e-09
    Energy after sweep 57/87 is -168.528908762877
    Sweep 57/87 CPU time = 3m, 53.5s (Wall time = 31.23s)

    vN Entropy at center bond b=153 = 1.149989634187
    Eigs at center bond b=153: 0.6455 0.2055 0.0658 0.0283 0.0206 0.0109 0.0089 0.0052 0.0031 0.0016 
    Largest link dim during sweep 58/87 was 160
    Largest truncation error: 7.42237e-09
    Energy after sweep 58/87 is -168.528908762968
    Sweep 58/87 CPU time = 4m, 0.9s (Wall time = 32.64s)

    vN Entropy at center bond b=153 = 1.152105288765
    Eigs at center bond b=153: 0.6450 0.2054 0.0661 0.0284 0.0207 0.0109 0.0089 0.0052 0.0031 0.0016 
    Largest link dim during sweep 59/87 was 317
    Largest truncation error: 7.52423e-11
    Energy after sweep 59/87 is -168.528926712169
    Sweep 59/87 CPU time = 12m, 24s (Wall time = 1m, 39.7s)

    vN Entropy at center bond b=153 = 1.153234682190
    Eigs at center bond b=153: 0.6447 0.2054 0.0662 0.0285 0.0207 0.0109 0.0090 0.0052 0.0031 0.0016 
    Largest link dim during sweep 60/87 was 320
    Largest truncation error: 8.50994e-11
    Energy after sweep 60/87 is -168.528926869938
    Sweep 60/87 CPU time = 20m, 2s (Wall time = 2m, 38.9s)

    vN Entropy at center bond b=153 = 1.153319309884
    Eigs at center bond b=153: 0.6446 0.2054 0.0662 0.0285 0.0207 0.0109 0.0090 0.0052 0.0031 0.0016 
    Largest link dim during sweep 61/87 was 320
    Largest truncation error: 9.54961e-11
    Energy after sweep 61/87 is -168.528926884130
    Sweep 61/87 CPU time = 20m, 54s (Wall time = 2m, 44.9s)

    vN Entropy at center bond b=153 = 1.153323107454
    Eigs at center bond b=153: 0.6446 0.2054 0.0663 0.0285 0.0207 0.0109 0.0090 0.0052 0.0031 0.0016 
    Largest link dim during sweep 62/87 was 320
    Largest truncation error: 9.9556e-11
    Energy after sweep 62/87 is -168.528926887844
    Sweep 62/87 CPU time = 21m, 0s (Wall time = 2m, 44.5s)

    vN Entropy at center bond b=153 = 1.153320972316
    Eigs at center bond b=153: 0.6446 0.2054 0.0663 0.0285 0.0207 0.0109 0.0090 0.0052 0.0031 0.0016 
    Largest link dim during sweep 63/87 was 320
    Largest truncation error: 1.01073e-10
    Energy after sweep 63/87 is -168.528926889067
    Sweep 63/87 CPU time = 21m, 19s (Wall time = 2m, 47.5s)

    vN Entropy at center bond b=153 = 1.153319437234
    Eigs at center bond b=153: 0.6446 0.2054 0.0663 0.0285 0.0207 0.0109 0.0090 0.0052 0.0031 0.0016 
    Largest link dim during sweep 64/87 was 320
    Largest truncation error: 1.02415e-10
    Energy after sweep 64/87 is -168.528926889675
    Sweep 64/87 CPU time = 21m, 21s (Wall time = 2m, 48.3s)

    vN Entropy at center bond b=153 = 1.153318661550
    Eigs at center bond b=153: 0.6446 0.2054 0.0663 0.0285 0.0207 0.0109 0.0090 0.0052 0.0031 0.0016 
    Largest link dim during sweep 65/87 was 320
    Largest truncation error: 1.02894e-10
    Energy after sweep 65/87 is -168.528926889891
    Sweep 65/87 CPU time = 21m, 25s (Wall time = 2m, 48.6s)

    vN Entropy at center bond b=153 = 1.153318294303
    Eigs at center bond b=153: 0.6446 0.2054 0.0663 0.0285 0.0207 0.0109 0.0090 0.0052 0.0031 0.0016 
    Largest link dim during sweep 66/87 was 320
    Largest truncation error: 1.03138e-10
    Energy after sweep 66/87 is -168.528926890058
    Sweep 66/87 CPU time = 21m, 32s (Wall time = 2m, 48.6s)

    vN Entropy at center bond b=153 = 1.153318114048
    Eigs at center bond b=153: 0.6446 0.2054 0.0663 0.0285 0.0207 0.0109 0.0090 0.0052 0.0031 0.0016 
    Largest link dim during sweep 67/87 was 320
    Largest truncation error: 1.0327e-10
    Energy after sweep 67/87 is -168.528926890109
    Sweep 67/87 CPU time = 21m, 28s (Wall time = 2m, 47.9s)

    vN Entropy at center bond b=153 = 1.153318031366
    Eigs at center bond b=153: 0.6446 0.2054 0.0663 0.0285 0.0207 0.0109 0.0090 0.0052 0.0031 0.0016 
    Largest link dim during sweep 68/87 was 320
    Largest truncation error: 1.03342e-10
    Energy after sweep 68/87 is -168.528926890151
    Sweep 68/87 CPU time = 21m, 36s (Wall time = 2m, 49.3s)

    vN Entropy at center bond b=153 = 1.153317991779
    Eigs at center bond b=153: 0.6446 0.2054 0.0663 0.0285 0.0207 0.0109 0.0090 0.0052 0.0031 0.0016 
    Largest link dim during sweep 69/87 was 320
    Largest truncation error: 1.03379e-10
    Energy after sweep 69/87 is -168.528926890132
    Sweep 69/87 CPU time = 21m, 32s (Wall time = 2m, 49.1s)

    vN Entropy at center bond b=153 = 1.153317967093
    Eigs at center bond b=153: 0.6446 0.2054 0.0663 0.0285 0.0207 0.0109 0.0090 0.0052 0.0031 0.0016 
    Largest link dim during sweep 70/87 was 320
    Largest truncation error: 1.03399e-10
    Energy after sweep 70/87 is -168.528926890130
    Sweep 70/87 CPU time = 21m, 25s (Wall time = 2m, 47.9s)

    vN Entropy at center bond b=153 = 1.153317954413
    Eigs at center bond b=153: 0.6446 0.2054 0.0663 0.0285 0.0207 0.0109 0.0090 0.0052 0.0031 0.0016 
    Largest link dim during sweep 71/87 was 320
    Largest truncation error: 1.0341e-10
    Energy after sweep 71/87 is -168.528926890149
    Sweep 71/87 CPU time = 21m, 6s (Wall time = 2m, 44.9s)

    vN Entropy at center bond b=153 = 1.153317948185
    Eigs at center bond b=153: 0.6446 0.2054 0.0663 0.0285 0.0207 0.0109 0.0090 0.0052 0.0031 0.0016 
    Largest link dim during sweep 72/87 was 320
    Largest truncation error: 1.03416e-10
    Energy after sweep 72/87 is -168.528926890144
    Sweep 72/87 CPU time = 20m, 57s (Wall time = 2m, 43.9s)

    vN Entropy at center bond b=153 = 1.153317944464
    Eigs at center bond b=153: 0.6446 0.2054 0.0663 0.0285 0.0207 0.0109 0.0090 0.0052 0.0031 0.0016 
    Largest link dim during sweep 73/87 was 320
    Largest truncation error: 1.0342e-10
    Energy after sweep 73/87 is -168.528926890142
    Sweep 73/87 CPU time = 21m, 14s (Wall time = 2m, 46.4s)

    vN Entropy at center bond b=153 = 1.153317943058
    Eigs at center bond b=153: 0.6446 0.2054 0.0663 0.0285 0.0207 0.0109 0.0090 0.0052 0.0031 0.0016 
    Largest link dim during sweep 74/87 was 320
    Largest truncation error: 1.03422e-10
    Energy after sweep 74/87 is -168.528926890157
    Sweep 74/87 CPU time = 21m, 16s (Wall time = 2m, 47.0s)

    vN Entropy at center bond b=153 = 1.153337558043
    Eigs at center bond b=153: 0.6446 0.2054 0.0663 0.0285 0.0207 0.0109 0.0090 0.0052 0.0031 0.0016 
    Largest link dim during sweep 75/87 was 640
    Largest truncation error: 7.64593e-13
    Energy after sweep 75/87 is -168.528927105083
    Sweep 75/87 CPU time = 45m, 8s (Wall time = 6m, 6.2s)

    vN Entropy at center bond b=153 = 1.153355218110
    Eigs at center bond b=153: 0.6446 0.2054 0.0663 0.0285 0.0207 0.0109 0.0090 0.0052 0.0031 0.0016 
    Largest link dim during sweep 76/87 was 640
    Largest truncation error: 1.03401e-12
    Energy after sweep 76/87 is -168.528927108402
    Sweep 76/87 CPU time = 1h, 10m, 46s (Wall time = 9m, 19.0s)

    vN Entropy at center bond b=153 = 1.153358208306
    Eigs at center bond b=153: 0.6446 0.2054 0.0663 0.0285 0.0207 0.0109 0.0090 0.0052 0.0031 0.0016 
    Largest link dim during sweep 77/87 was 640
    Largest truncation error: 9.44328e-13
    Energy after sweep 77/87 is -168.528927108622
    Sweep 77/87 CPU time = 1h, 8m, 6s (Wall time = 9m, 1.4s)

    vN Entropy at center bond b=153 = 1.153358629834
    Eigs at center bond b=153: 0.6446 0.2054 0.0663 0.0285 0.0207 0.0109 0.0090 0.0052 0.0031 0.0016 
    Largest link dim during sweep 78/87 was 640
    Largest truncation error: 9.24219e-13
    Energy after sweep 78/87 is -168.528927108652
    Sweep 78/87 CPU time = 1h, 8m, 25s (Wall time = 9m, 3.6s)

    vN Entropy at center bond b=153 = 1.153358634663
    Eigs at center bond b=153: 0.6446 0.2054 0.0663 0.0285 0.0207 0.0109 0.0090 0.0052 0.0031 0.0016 
    Largest link dim during sweep 79/87 was 640
    Largest truncation error: 9.24055e-13
    Energy after sweep 79/87 is -168.528927108665
    Sweep 79/87 CPU time = 1h, 8m, 45s (Wall time = 9m, 10.1s)

    vN Entropy at center bond b=153 = 1.153358592348
    Eigs at center bond b=153: 0.6446 0.2054 0.0663 0.0285 0.0207 0.0109 0.0090 0.0052 0.0031 0.0016 
    Largest link dim during sweep 80/87 was 640
    Largest truncation error: 9.26462e-13
    Energy after sweep 80/87 is -168.528927108670
    Sweep 80/87 CPU time = 1h, 9m, 27s (Wall time = 9m, 15.8s)

    vN Entropy at center bond b=153 = 1.153358561825
    Eigs at center bond b=153: 0.6446 0.2054 0.0663 0.0285 0.0207 0.0109 0.0090 0.0052 0.0031 0.0016 
    Largest link dim during sweep 81/87 was 640
    Largest truncation error: 9.28647e-13
    Energy after sweep 81/87 is -168.528927108677
    Sweep 81/87 CPU time = 1h, 10m, 11s (Wall time = 9m, 24.1s)

    vN Entropy at center bond b=153 = 1.153358545072
    Eigs at center bond b=153: 0.6446 0.2054 0.0663 0.0285 0.0207 0.0109 0.0090 0.0052 0.0031 0.0016 
    Largest link dim during sweep 82/87 was 640
    Largest truncation error: 9.2951e-13
    Energy after sweep 82/87 is -168.528927108681
    Sweep 82/87 CPU time = 1h, 10m, 6s (Wall time = 9m, 23.6s)

    vN Entropy at center bond b=153 = 1.153358762890
    Eigs at center bond b=153: 0.6446 0.2054 0.0663 0.0285 0.0207 0.0109 0.0090 0.0052 0.0031 0.0016 
    Largest link dim during sweep 83/87 was 636
    Largest truncation error: 7.66755e-13
    Energy after sweep 83/87 is -168.528927108246
    Sweep 83/87 CPU time = 53m, 51s (Wall time = 7m, 10.9s)

    vN Entropy at center bond b=153 = 1.153358981917
    Eigs at center bond b=153: 0.6446 0.2054 0.0663 0.0285 0.0207 0.0109 0.0090 0.0052 0.0031 0.0016 
    Largest link dim during sweep 84/87 was 1145
    Largest truncation error: 7.66168e-15
    Energy after sweep 84/87 is -168.528927111044
    Sweep 84/87 CPU time = 2h, 25m, 30s (Wall time = 19m, 45s)

    vN Entropy at center bond b=153 = 1.153359183622
    Eigs at center bond b=153: 0.6446 0.2054 0.0663 0.0285 0.0207 0.0109 0.0090 0.0052 0.0031 0.0016 
    Largest link dim during sweep 85/87 was 1180
    Largest truncation error: 7.65507e-15
    Energy after sweep 85/87 is -168.528927111072
    Sweep 85/87 CPU time = 3h, 33m, 18s (Wall time = 32m, 44s)

    vN Entropy at center bond b=153 = 1.153359229052
    Eigs at center bond b=153: 0.6446 0.2054 0.0663 0.0285 0.0207 0.0109 0.0090 0.0052 0.0031 0.0016 
    Largest link dim during sweep 86/87 was 1174
    Largest truncation error: 7.62454e-15
    Energy after sweep 86/87 is -168.528927111069
    Sweep 86/87 CPU time = 3h, 31m, 29s (Wall time = 31m, 25s)

    vN Entropy at center bond b=153 = 1.153359241521
    Eigs at center bond b=153: 0.6446 0.2054 0.0663 0.0285 0.0207 0.0109 0.0090 0.0052 0.0031 0.0016 
    Largest link dim during sweep 87/87 was 1174
    Largest truncation error: 7.62663e-15
    Energy after sweep 87/87 is -168.528927111073
    Sweep 87/87 CPU time = 3h, 32m, 30s (Wall time = 31m, 54s)
Initial energy = 243.91500

Ground State Energy = -168.5289271111
run_outputs/outputpsi/N_306_sweep_87_t_0.030000_J_1.000000_V_0.600000_D_0.018000_U_0.805000_mu_0.000000_E_0.000000 converge
Wall-clock time (s) = 116827.783980
