//////////////////////////
Reading input file ......

Got input.N = 300
Got input.t = 0.03
Got input.J = 1
Got input.V = 0.6
Got input.D = 0.018
Got input.U = 0.02
Got input.mu = 1
Got input.E = 0
Got input.nsweeps = 87
Sweeps:
1  MaxDim=20, MinDim=20, Cutoff=1.0E-06, Niter=8, Noise=1.0E-05
2  MaxDim=20, MinDim=20, Cutoff=1.0E-06, Niter=8, Noise=1.0E-05
3  MaxDim=20, MinDim=20, Cutoff=1.0E-06, Niter=8, Noise=1.0E-05
4  MaxDim=20, MinDim=20, Cutoff=1.0E-06, Niter=8, Noise=1.0E-05
5  MaxDim=20, MinDim=20, Cutoff=1.0E-06, Niter=8, Noise=1.0E-05
6  MaxDim=20, MinDim=20, Cutoff=1.0E-06, Niter=8, Noise=1.0E-05
7  MaxDim=20, MinDim=20, Cutoff=1.0E-06, Niter=8, Noise=1.0E-05
8  MaxDim=40, MinDim=20, Cutoff=1.0E-06, Niter=4, Noise=1.0E-05
9  MaxDim=40, MinDim=20, Cutoff=1.0E-06, Niter=4, Noise=1.0E-05
10  MaxDim=40, MinDim=20, Cutoff=1.0E-06, Niter=4, Noise=1.0E-05
11  MaxDim=40, MinDim=20, Cutoff=1.0E-06, Niter=4, Noise=1.0E-05
12  MaxDim=40, MinDim=20, Cutoff=1.0E-06, Niter=4, Noise=1.0E-05
13  MaxDim=40, MinDim=20, Cutoff=1.0E-06, Niter=4, Noise=1.0E-05
14  MaxDim=40, MinDim=20, Cutoff=1.0E-06, Niter=4, Noise=1.0E-05
15  MaxDim=80, MinDim=10, Cutoff=1.0E-06, Niter=4, Noise=1.0E-05
16  MaxDim=80, MinDim=10, Cutoff=1.0E-06, Niter=4, Noise=1.0E-05
17  MaxDim=80, MinDim=10, Cutoff=1.0E-06, Niter=4, Noise=1.0E-05
18  MaxDim=80, MinDim=10, Cutoff=1.0E-06, Niter=4, Noise=1.0E-05
19  MaxDim=80, MinDim=10, Cutoff=1.0E-06, Niter=4, Noise=1.0E-05
20  MaxDim=80, MinDim=10, Cutoff=1.0E-06, Niter=4, Noise=1.0E-05
21  MaxDim=80, MinDim=10, Cutoff=1.0E-06, Niter=4, Noise=1.0E-05
22  MaxDim=80, MinDim=10, Cutoff=1.0E-06, Niter=4, Noise=1.0E-05
23  MaxDim=80, MinDim=10, Cutoff=1.0E-06, Niter=4, Noise=1.0E-05
24  MaxDim=80, MinDim=10, Cutoff=1.0E-06, Niter=4, Noise=1.0E-05
25  MaxDim=80, MinDim=10, Cutoff=1.0E-06, Niter=4, Noise=1.0E-05
26  MaxDim=80, MinDim=10, Cutoff=1.0E-06, Niter=4, Noise=1.0E-05
27  MaxDim=80, MinDim=10, Cutoff=1.0E-06, Niter=4, Noise=1.0E-05
28  MaxDim=80, MinDim=10, Cutoff=1.0E-06, Niter=4, Noise=1.0E-05
29  MaxDim=80, MinDim=10, Cutoff=1.0E-06, Niter=4, Noise=1.0E-05
30  MaxDim=80, MinDim=10, Cutoff=1.0E-06, Niter=4, Noise=1.0E-05
31  MaxDim=80, MinDim=10, Cutoff=1.0E-06, Niter=4, Noise=1.0E-05
32  MaxDim=80, MinDim=10, Cutoff=1.0E-06, Niter=4, Noise=1.0E-05
33  MaxDim=80, MinDim=10, Cutoff=1.0E-06, Niter=4, Noise=1.0E-05
34  MaxDim=80, MinDim=10, Cutoff=1.0E-06, Niter=4, Noise=1.0E-05
35  MaxDim=80, MinDim=10, Cutoff=1.0E-06, Niter=4, Noise=1.0E-05
36  MaxDim=80, MinDim=10, Cutoff=1.0E-06, Niter=4, Noise=1.0E-05
37  MaxDim=160, MinDim=10, Cutoff=1.0E-08, Niter=4, Noise=1.0E-06
38  MaxDim=160, MinDim=10, Cutoff=1.0E-08, Niter=4, Noise=1.0E-06
39  MaxDim=160, MinDim=10, Cutoff=1.0E-08, Niter=4, Noise=1.0E-06
40  MaxDim=160, MinDim=10, Cutoff=1.0E-08, Niter=4, Noise=1.0E-06
41  MaxDim=160, MinDim=10, Cutoff=1.0E-08, Niter=4, Noise=1.0E-06
42  MaxDim=160, MinDim=10, Cutoff=1.0E-08, Niter=4, Noise=1.0E-06
43  MaxDim=160, MinDim=10, Cutoff=1.0E-08, Niter=4, Noise=1.0E-06
44  MaxDim=160, MinDim=10, Cutoff=1.0E-08, Niter=4, Noise=1.0E-06
45  MaxDim=160, MinDim=10, Cutoff=1.0E-08, Niter=4, Noise=1.0E-06
46  MaxDim=160, MinDim=10, Cutoff=1.0E-08, Niter=4, Noise=1.0E-06
47  MaxDim=160, MinDim=10, Cutoff=1.0E-08, Niter=4, Noise=1.0E-06
48  MaxDim=160, MinDim=10, Cutoff=1.0E-08, Niter=4, Noise=1.0E-06
49  MaxDim=160, MinDim=10, Cutoff=1.0E-08, Niter=4, Noise=1.0E-06
50  MaxDim=160, MinDim=10, Cutoff=1.0E-08, Niter=4, Noise=1.0E-06
51  MaxDim=160, MinDim=10, Cutoff=1.0E-08, Niter=4, Noise=1.0E-06
52  MaxDim=160, MinDim=10, Cutoff=1.0E-08, Niter=4, Noise=1.0E-06
53  MaxDim=160, MinDim=10, Cutoff=1.0E-08, Niter=4, Noise=1.0E-06
54  MaxDim=160, MinDim=10, Cutoff=1.0E-08, Niter=4, Noise=1.0E-06
55  MaxDim=160, MinDim=10, Cutoff=1.0E-08, Niter=4, Noise=1.0E-06
56  MaxDim=160, MinDim=10, Cutoff=1.0E-08, Niter=4, Noise=1.0E-06
57  MaxDim=160, MinDim=10, Cutoff=1.0E-08, Niter=4, Noise=1.0E-06
58  MaxDim=160, MinDim=10, Cutoff=1.0E-08, Niter=4, Noise=1.0E-06
59  MaxDim=320, MinDim=10, Cutoff=1.0E-10, Niter=4, Noise=1.0E-07
60  MaxDim=320, MinDim=10, Cutoff=1.0E-10, Niter=4, Noise=1.0E-07
61  MaxDim=320, MinDim=10, Cutoff=1.0E-10, Niter=4, Noise=1.0E-07
62  MaxDim=320, MinDim=10, Cutoff=1.0E-10, Niter=4, Noise=1.0E-07
63  MaxDim=320, MinDim=10, Cutoff=1.0E-10, Niter=4, Noise=1.0E-07
64  MaxDim=320, MinDim=10, Cutoff=1.0E-10, Niter=4, Noise=1.0E-07
65  MaxDim=320, MinDim=10, Cutoff=1.0E-10, Niter=4, Noise=1.0E-07
66  MaxDim=320, MinDim=10, Cutoff=1.0E-10, Niter=4, Noise=1.0E-07
67  MaxDim=320, MinDim=10, Cutoff=1.0E-10, Niter=4, Noise=1.0E-07
68  MaxDim=320, MinDim=10, Cutoff=1.0E-10, Niter=4, Noise=1.0E-07
69  MaxDim=320, MinDim=10, Cutoff=1.0E-10, Niter=4, Noise=1.0E-07
70  MaxDim=320, MinDim=10, Cutoff=1.0E-10, Niter=4, Noise=1.0E-07
71  MaxDim=320, MinDim=10, Cutoff=1.0E-10, Niter=4, Noise=1.0E-07
72  MaxDim=320, MinDim=10, Cutoff=1.0E-10, Niter=4, Noise=1.0E-07
73  MaxDim=320, MinDim=10, Cutoff=1.0E-10, Niter=4, Noise=1.0E-07
74  MaxDim=320, MinDim=10, Cutoff=1.0E-10, Niter=4, Noise=1.0E-07
75  MaxDim=640, MinDim=10, Cutoff=1.0E-12, Niter=2, Noise=1.0E-08
76  MaxDim=640, MinDim=10, Cutoff=1.0E-12, Niter=2, Noise=1.0E-08
77  MaxDim=640, MinDim=10, Cutoff=1.0E-12, Niter=2, Noise=1.0E-08
78  MaxDim=640, MinDim=10, Cutoff=1.0E-12, Niter=2, Noise=1.0E-08
79  MaxDim=640, MinDim=10, Cutoff=1.0E-12, Niter=2, Noise=1.0E-08
80  MaxDim=640, MinDim=10, Cutoff=1.0E-12, Niter=2, Noise=1.0E-08
81  MaxDim=640, MinDim=10, Cutoff=1.0E-12, Niter=2, Noise=1.0E-08
82  MaxDim=640, MinDim=10, Cutoff=1.0E-12, Niter=2, Noise=1.0E-08
83  MaxDim=1280, MinDim=10, Cutoff=1.0E-12, Niter=2, Noise=0.0E+00
84  MaxDim=1280, MinDim=10, Cutoff=1.0E-14, Niter=2, Noise=0.0E+00
85  MaxDim=1280, MinDim=10, Cutoff=1.0E-14, Niter=2, Noise=0.0E+00
86  MaxDim=1280, MinDim=10, Cutoff=1.0E-14, Niter=2, Noise=0.0E+00
87  MaxDim=1280, MinDim=10, Cutoff=1.0E-14, Niter=2, Noise=0.0E+00


    vN Entropy at center bond b=150 = 0.679599362952
    Eigs at center bond b=150: 0.7635 0.1995 0.0272 0.0069 0.0021 
    Largest link dim during sweep 1/87 was 20
    Largest truncation error: 3.22331e-06
    Energy after sweep 1/87 is -243.895946903823
    Sweep 1/87 CPU time = 18.12s (Wall time = 1.178s)

    vN Entropy at center bond b=150 = 0.838630943297
    Eigs at center bond b=150: 0.7161 0.2078 0.0514 0.0141 0.0069 0.0020 
    Largest link dim during sweep 2/87 was 20
    Largest truncation error: 4.85697e-06
    Energy after sweep 2/87 is -243.948395458674
    Sweep 2/87 CPU time = 27.64s (Wall time = 2.026s)

    vN Entropy at center bond b=150 = 0.944255860367
    Eigs at center bond b=150: 0.6783 0.2127 0.0736 0.0217 0.0080 0.0025 0.0015 
    Largest link dim during sweep 3/87 was 20
    Largest truncation error: 6.73825e-06
    Energy after sweep 3/87 is -243.951979481285
    Sweep 3/87 CPU time = 25.25s (Wall time = 1.624s)

    vN Entropy at center bond b=150 = 0.987251225637
    Eigs at center bond b=150: 0.6640 0.2072 0.0887 0.0263 0.0077 0.0024 0.0018 
    Largest link dim during sweep 4/87 was 20
    Largest truncation error: 7.21677e-06
    Energy after sweep 4/87 is -243.952721179736
    Sweep 4/87 CPU time = 25.17s (Wall time = 1.619s)

    vN Entropy at center bond b=150 = 1.007992583504
    Eigs at center bond b=150: 0.6569 0.2028 0.0977 0.0288 0.0073 0.0022 0.0020 
    Largest link dim during sweep 5/87 was 20
    Largest truncation error: 7.33135e-06
    Energy after sweep 5/87 is -243.952926969505
    Sweep 5/87 CPU time = 25.21s (Wall time = 1.615s)

    vN Entropy at center bond b=150 = 1.019752346347
    Eigs at center bond b=150: 0.6528 0.2000 0.1032 0.0304 0.0071 0.0022 0.0021 
    Largest link dim during sweep 6/87 was 20
    Largest truncation error: 7.13127e-06
    Energy after sweep 6/87 is -243.953051990560
    Sweep 6/87 CPU time = 25.32s (Wall time = 1.622s)

    vN Entropy at center bond b=150 = 1.027301106520
    Eigs at center bond b=150: 0.6500 0.1982 0.1067 0.0315 0.0070 0.0022 0.0020 0.0010 
    Largest link dim during sweep 7/87 was 20
    Largest truncation error: 7.1479e-06
    Energy after sweep 7/87 is -243.953128834047
    Sweep 7/87 CPU time = 25.26s (Wall time = 1.621s)

    vN Entropy at center bond b=150 = 1.090081085933
    Eigs at center bond b=150: 0.6245 0.2073 0.1133 0.0369 0.0086 0.0029 0.0028 0.0015 
    Largest link dim during sweep 8/87 was 39
    Largest truncation error: 7.25804e-07
    Energy after sweep 8/87 is -243.965553922865
    Sweep 8/87 CPU time = 21.37s (Wall time = 1.374s)

    vN Entropy at center bond b=150 = 1.150075383314
    Eigs at center bond b=150: 0.5986 0.2204 0.1154 0.0422 0.0106 0.0039 0.0036 0.0020 0.0012 
    Largest link dim during sweep 9/87 was 40
    Largest truncation error: 1.20081e-06
    Energy after sweep 9/87 is -243.967385802150
    Sweep 9/87 CPU time = 30.01s (Wall time = 1.931s)

    vN Entropy at center bond b=150 = 1.166646266834
    Eigs at center bond b=150: 0.5916 0.2247 0.1151 0.0435 0.0113 0.0042 0.0038 0.0021 0.0014 
    Largest link dim during sweep 10/87 was 40
    Largest truncation error: 1.51265e-06
    Energy after sweep 10/87 is -243.967595826779
    Sweep 10/87 CPU time = 32.59s (Wall time = 2.102s)

    vN Entropy at center bond b=150 = 1.170043828883
    Eigs at center bond b=150: 0.5901 0.2256 0.1150 0.0438 0.0114 0.0043 0.0038 0.0022 0.0014 
    Largest link dim during sweep 11/87 was 40
    Largest truncation error: 1.59457e-06
    Energy after sweep 11/87 is -243.967629924440
    Sweep 11/87 CPU time = 33.19s (Wall time = 2.130s)

    vN Entropy at center bond b=150 = 1.170838437580
    Eigs at center bond b=150: 0.5897 0.2258 0.1150 0.0438 0.0115 0.0044 0.0038 0.0022 0.0014 
    Largest link dim during sweep 12/87 was 40
    Largest truncation error: 1.60894e-06
    Energy after sweep 12/87 is -243.967642152055
    Sweep 12/87 CPU time = 33.19s (Wall time = 2.132s)

    vN Entropy at center bond b=150 = 1.170961127493
    Eigs at center bond b=150: 0.5897 0.2259 0.1150 0.0438 0.0115 0.0044 0.0038 0.0022 0.0014 
    Largest link dim during sweep 13/87 was 40
    Largest truncation error: 1.61193e-06
    Energy after sweep 13/87 is -243.967644970929
    Sweep 13/87 CPU time = 33.35s (Wall time = 2.138s)

    vN Entropy at center bond b=150 = 1.170982328652
    Eigs at center bond b=150: 0.5897 0.2259 0.1150 0.0438 0.0115 0.0044 0.0038 0.0022 0.0014 
    Largest link dim during sweep 14/87 was 40
    Largest truncation error: 1.61271e-06
    Energy after sweep 14/87 is -243.967645497755
    Sweep 14/87 CPU time = 33.22s (Wall time = 2.139s)

    vN Entropy at center bond b=150 = 1.173051902547
    Eigs at center bond b=150: 0.5890 0.2261 0.1150 0.0440 0.0116 0.0044 0.0039 0.0022 0.0014 
    Largest link dim during sweep 15/87 was 48
    Largest truncation error: 6.97827e-07
    Energy after sweep 15/87 is -243.967958795807
    Sweep 15/87 CPU time = 34.34s (Wall time = 2.210s)

    vN Entropy at center bond b=150 = 1.176085194652
    Eigs at center bond b=150: 0.5879 0.2267 0.1150 0.0442 0.0117 0.0045 0.0039 0.0022 0.0014 
    Largest link dim during sweep 16/87 was 48
    Largest truncation error: 6.97865e-07
    Energy after sweep 16/87 is -243.967998553828
    Sweep 16/87 CPU time = 35.06s (Wall time = 2.247s)

    vN Entropy at center bond b=150 = 1.176895184097
    Eigs at center bond b=150: 0.5875 0.2269 0.1150 0.0442 0.0117 0.0045 0.0039 0.0022 0.0015 
    Largest link dim during sweep 17/87 was 49
    Largest truncation error: 6.97911e-07
    Energy after sweep 17/87 is -243.968010224381
    Sweep 17/87 CPU time = 35.20s (Wall time = 2.264s)

    vN Entropy at center bond b=150 = 1.177176014455
    Eigs at center bond b=150: 0.5874 0.2269 0.1150 0.0442 0.0117 0.0045 0.0039 0.0022 0.0015 
    Largest link dim during sweep 18/87 was 49
    Largest truncation error: 6.97928e-07
    Energy after sweep 18/87 is -243.968017731396
    Sweep 18/87 CPU time = 35.36s (Wall time = 2.270s)

    vN Entropy at center bond b=150 = 1.177302735670
    Eigs at center bond b=150: 0.5874 0.2269 0.1150 0.0443 0.0117 0.0045 0.0039 0.0022 0.0015 
    Largest link dim during sweep 19/87 was 49
    Largest truncation error: 6.97931e-07
    Energy after sweep 19/87 is -243.968018282095
    Sweep 19/87 CPU time = 35.53s (Wall time = 2.286s)

    vN Entropy at center bond b=150 = 1.177316861136
    Eigs at center bond b=150: 0.5874 0.2269 0.1150 0.0443 0.0117 0.0045 0.0039 0.0022 0.0015 
    Largest link dim during sweep 20/87 was 49
    Largest truncation error: 6.97931e-07
    Energy after sweep 20/87 is -243.968018574854
    Sweep 20/87 CPU time = 35.57s (Wall time = 2.283s)

    vN Entropy at center bond b=150 = 1.177327719746
    Eigs at center bond b=150: 0.5874 0.2269 0.1150 0.0443 0.0117 0.0045 0.0039 0.0022 0.0015 
    Largest link dim during sweep 21/87 was 49
    Largest truncation error: 6.97932e-07
    Energy after sweep 21/87 is -243.968019672029
    Sweep 21/87 CPU time = 35.80s (Wall time = 2.291s)

    vN Entropy at center bond b=150 = 1.177331869454
    Eigs at center bond b=150: 0.5874 0.2269 0.1150 0.0443 0.0117 0.0045 0.0039 0.0022 0.0015 
    Largest link dim during sweep 22/87 was 49
    Largest truncation error: 6.97932e-07
    Energy after sweep 22/87 is -243.968019770915
    Sweep 22/87 CPU time = 35.74s (Wall time = 2.293s)

    vN Entropy at center bond b=150 = 1.177333037665
    Eigs at center bond b=150: 0.5874 0.2269 0.1150 0.0443 0.0117 0.0045 0.0039 0.0022 0.0015 
    Largest link dim during sweep 23/87 was 49
    Largest truncation error: 6.97932e-07
    Energy after sweep 23/87 is -243.968019802081
    Sweep 23/87 CPU time = 35.69s (Wall time = 2.290s)

    vN Entropy at center bond b=150 = 1.177333622493
    Eigs at center bond b=150: 0.5874 0.2269 0.1150 0.0443 0.0117 0.0045 0.0039 0.0022 0.0015 
    Largest link dim during sweep 24/87 was 49
    Largest truncation error: 6.97932e-07
    Energy after sweep 24/87 is -243.968019825667
    Sweep 24/87 CPU time = 35.67s (Wall time = 2.292s)

    vN Entropy at center bond b=150 = 1.177334102380
    Eigs at center bond b=150: 0.5874 0.2269 0.1150 0.0443 0.0117 0.0045 0.0039 0.0022 0.0015 
    Largest link dim during sweep 25/87 was 49
    Largest truncation error: 6.97933e-07
    Energy after sweep 25/87 is -243.968019848419
    Sweep 25/87 CPU time = 35.79s (Wall time = 2.293s)

    vN Entropy at center bond b=150 = 1.177334539785
    Eigs at center bond b=150: 0.5874 0.2269 0.1150 0.0443 0.0117 0.0045 0.0039 0.0022 0.0015 
    Largest link dim during sweep 26/87 was 49
    Largest truncation error: 6.97933e-07
    Energy after sweep 26/87 is -243.968019870960
    Sweep 26/87 CPU time = 35.73s (Wall time = 2.293s)

    vN Entropy at center bond b=150 = 1.177334914267
    Eigs at center bond b=150: 0.5874 0.2269 0.1150 0.0443 0.0117 0.0045 0.0039 0.0022 0.0015 
    Largest link dim during sweep 27/87 was 49
    Largest truncation error: 6.97933e-07
    Energy after sweep 27/87 is -243.968019892195
    Sweep 27/87 CPU time = 35.58s (Wall time = 2.290s)

    vN Entropy at center bond b=150 = 1.177335167417
    Eigs at center bond b=150: 0.5874 0.2269 0.1150 0.0443 0.0117 0.0045 0.0039 0.0022 0.0015 
    Largest link dim during sweep 28/87 was 49
    Largest truncation error: 6.97933e-07
    Energy after sweep 28/87 is -243.968019909883
    Sweep 28/87 CPU time = 35.72s (Wall time = 2.299s)

    vN Entropy at center bond b=150 = 1.177335225233
    Eigs at center bond b=150: 0.5874 0.2269 0.1150 0.0443 0.0117 0.0045 0.0039 0.0022 0.0015 
    Largest link dim during sweep 29/87 was 49
    Largest truncation error: 6.97934e-07
    Energy after sweep 29/87 is -243.968019921234
    Sweep 29/87 CPU time = 35.83s (Wall time = 2.304s)

    vN Entropy at center bond b=150 = 1.177335016205
    Eigs at center bond b=150: 0.5874 0.2269 0.1150 0.0443 0.0117 0.0045 0.0039 0.0022 0.0015 
    Largest link dim during sweep 30/87 was 49
    Largest truncation error: 6.97934e-07
    Energy after sweep 30/87 is -243.968019922756
    Sweep 30/87 CPU time = 35.71s (Wall time = 2.293s)

    vN Entropy at center bond b=150 = 1.177334405807
    Eigs at center bond b=150: 0.5874 0.2269 0.1150 0.0443 0.0117 0.0045 0.0039 0.0022 0.0015 
    Largest link dim during sweep 31/87 was 49
    Largest truncation error: 6.97934e-07
    Energy after sweep 31/87 is -243.968019907459
    Sweep 31/87 CPU time = 35.66s (Wall time = 2.286s)

    vN Entropy at center bond b=150 = 1.177338425133
    Eigs at center bond b=150: 0.5874 0.2269 0.1150 0.0443 0.0117 0.0045 0.0039 0.0022 0.0015 
    Largest link dim during sweep 32/87 was 49
    Largest truncation error: 6.97934e-07
    Energy after sweep 32/87 is -243.968020330771
    Sweep 32/87 CPU time = 35.69s (Wall time = 2.290s)

    vN Entropy at center bond b=150 = 1.177369964347
    Eigs at center bond b=150: 0.5874 0.2269 0.1150 0.0443 0.0117 0.0045 0.0039 0.0022 0.0015 
    Largest link dim during sweep 33/87 was 49
    Largest truncation error: 6.97934e-07
    Energy after sweep 33/87 is -243.968021043289
    Sweep 33/87 CPU time = 35.79s (Wall time = 2.299s)

    vN Entropy at center bond b=150 = 1.177377369766
    Eigs at center bond b=150: 0.5874 0.2269 0.1150 0.0443 0.0117 0.0045 0.0039 0.0022 0.0015 
    Largest link dim during sweep 34/87 was 49
    Largest truncation error: 6.97934e-07
    Energy after sweep 34/87 is -243.968021030475
    Sweep 34/87 CPU time = 35.75s (Wall time = 2.297s)

    vN Entropy at center bond b=150 = 1.177377927931
    Eigs at center bond b=150: 0.5874 0.2269 0.1150 0.0443 0.0117 0.0045 0.0039 0.0022 0.0015 
    Largest link dim during sweep 35/87 was 49
    Largest truncation error: 6.97934e-07
    Energy after sweep 35/87 is -243.968021029098
    Sweep 35/87 CPU time = 35.78s (Wall time = 2.295s)

    vN Entropy at center bond b=150 = 1.177377989669
    Eigs at center bond b=150: 0.5874 0.2269 0.1150 0.0443 0.0117 0.0045 0.0039 0.0022 0.0015 
    Largest link dim during sweep 36/87 was 49
    Largest truncation error: 6.97934e-07
    Energy after sweep 36/87 is -243.968021029299
    Sweep 36/87 CPU time = 35.65s (Wall time = 2.287s)

    vN Entropy at center bond b=150 = 1.200057343525
    Eigs at center bond b=150: 0.5797 0.2299 0.1154 0.0457 0.0126 0.0050 0.0044 0.0025 0.0017 
    Largest link dim during sweep 37/87 was 102
    Largest truncation error: 7.56644e-09
    Energy after sweep 37/87 is -243.969424274329
    Sweep 37/87 CPU time = 1m, 48.9s (Wall time = 7.028s)

    vN Entropy at center bond b=150 = 1.208856584067
    Eigs at center bond b=150: 0.5772 0.2306 0.1155 0.0462 0.0129 0.0051 0.0046 0.0026 0.0018 0.0010 
    Largest link dim during sweep 38/87 was 120
    Largest truncation error: 7.75027e-09
    Energy after sweep 38/87 is -243.969462106769
    Sweep 38/87 CPU time = 3m, 7.7s (Wall time = 12.10s)

    vN Entropy at center bond b=150 = 1.209560253267
    Eigs at center bond b=150: 0.5770 0.2306 0.1156 0.0462 0.0129 0.0051 0.0047 0.0026 0.0019 0.0010 
    Largest link dim during sweep 39/87 was 125
    Largest truncation error: 7.82322e-09
    Energy after sweep 39/87 is -243.969464813899
    Sweep 39/87 CPU time = 3m, 22.9s (Wall time = 13.05s)

    vN Entropy at center bond b=150 = 1.209653438605
    Eigs at center bond b=150: 0.5770 0.2306 0.1156 0.0462 0.0129 0.0051 0.0047 0.0026 0.0019 0.0010 
    Largest link dim during sweep 40/87 was 126
    Largest truncation error: 7.82345e-09
    Energy after sweep 40/87 is -243.969465236299
    Sweep 40/87 CPU time = 3m, 25.0s (Wall time = 13.22s)

    vN Entropy at center bond b=150 = 1.209670662626
    Eigs at center bond b=150: 0.5770 0.2306 0.1156 0.0462 0.0129 0.0051 0.0047 0.0026 0.0019 0.0010 
    Largest link dim during sweep 41/87 was 126
    Largest truncation error: 7.82348e-09
    Energy after sweep 41/87 is -243.969465331182
    Sweep 41/87 CPU time = 3m, 27.2s (Wall time = 13.31s)

    vN Entropy at center bond b=150 = 1.209676711612
    Eigs at center bond b=150: 0.5770 0.2306 0.1156 0.0462 0.0129 0.0051 0.0047 0.0026 0.0019 0.0010 
    Largest link dim during sweep 42/87 was 126
    Largest truncation error: 7.82348e-09
    Energy after sweep 42/87 is -243.969465348041
    Sweep 42/87 CPU time = 3m, 26.7s (Wall time = 13.26s)

    vN Entropy at center bond b=150 = 1.209677412591
    Eigs at center bond b=150: 0.5770 0.2306 0.1156 0.0462 0.0129 0.0051 0.0047 0.0026 0.0019 0.0010 
    Largest link dim during sweep 43/87 was 126
    Largest truncation error: 7.82348e-09
    Energy after sweep 43/87 is -243.969465348245
    Sweep 43/87 CPU time = 3m, 26.8s (Wall time = 13.31s)

    vN Entropy at center bond b=150 = 1.209677757529
    Eigs at center bond b=150: 0.5770 0.2306 0.1156 0.0462 0.0129 0.0051 0.0047 0.0026 0.0019 0.0010 
    Largest link dim during sweep 44/87 was 126
    Largest truncation error: 7.82348e-09
    Energy after sweep 44/87 is -243.969465351345
    Sweep 44/87 CPU time = 3m, 26.5s (Wall time = 13.28s)

    vN Entropy at center bond b=150 = 1.209677785237
    Eigs at center bond b=150: 0.5770 0.2306 0.1156 0.0462 0.0129 0.0051 0.0047 0.0026 0.0019 0.0010 
    Largest link dim during sweep 45/87 was 126
    Largest truncation error: 7.82348e-09
    Energy after sweep 45/87 is -243.969465351537
    Sweep 45/87 CPU time = 3m, 27.1s (Wall time = 13.29s)

    vN Entropy at center bond b=150 = 1.209677776812
    Eigs at center bond b=150: 0.5770 0.2306 0.1156 0.0462 0.0129 0.0051 0.0047 0.0026 0.0019 0.0010 
    Largest link dim during sweep 46/87 was 126
    Largest truncation error: 7.82348e-09
    Energy after sweep 46/87 is -243.969465351506
    Sweep 46/87 CPU time = 3m, 26.6s (Wall time = 13.26s)

    vN Entropy at center bond b=150 = 1.209677772026
    Eigs at center bond b=150: 0.5770 0.2306 0.1156 0.0462 0.0129 0.0051 0.0047 0.0026 0.0019 0.0010 
    Largest link dim during sweep 47/87 was 126
    Largest truncation error: 7.82348e-09
    Energy after sweep 47/87 is -243.969465351518
    Sweep 47/87 CPU time = 3m, 27.0s (Wall time = 13.32s)

    vN Entropy at center bond b=150 = 1.209677769041
    Eigs at center bond b=150: 0.5770 0.2306 0.1156 0.0462 0.0129 0.0051 0.0047 0.0026 0.0019 0.0010 
    Largest link dim during sweep 48/87 was 126
    Largest truncation error: 7.82348e-09
    Energy after sweep 48/87 is -243.969465351683
    Sweep 48/87 CPU time = 3m, 26.4s (Wall time = 13.28s)

    vN Entropy at center bond b=150 = 1.209677766830
    Eigs at center bond b=150: 0.5770 0.2306 0.1156 0.0462 0.0129 0.0051 0.0047 0.0026 0.0019 0.0010 
    Largest link dim during sweep 49/87 was 126
    Largest truncation error: 7.82348e-09
    Energy after sweep 49/87 is -243.969465351792
    Sweep 49/87 CPU time = 3m, 27.0s (Wall time = 13.28s)

    vN Entropy at center bond b=150 = 1.209677766255
    Eigs at center bond b=150: 0.5770 0.2306 0.1156 0.0462 0.0129 0.0051 0.0047 0.0026 0.0019 0.0010 
    Largest link dim during sweep 50/87 was 126
    Largest truncation error: 7.82348e-09
    Energy after sweep 50/87 is -243.969465351770
    Sweep 50/87 CPU time = 3m, 28.5s (Wall time = 13.37s)

    vN Entropy at center bond b=150 = 1.209677766615
    Eigs at center bond b=150: 0.5770 0.2306 0.1156 0.0462 0.0129 0.0051 0.0047 0.0026 0.0019 0.0010 
    Largest link dim during sweep 51/87 was 126
    Largest truncation error: 7.82348e-09
    Energy after sweep 51/87 is -243.969465351740
    Sweep 51/87 CPU time = 3m, 35.5s (Wall time = 13.83s)

    vN Entropy at center bond b=150 = 1.209677768037
    Eigs at center bond b=150: 0.5770 0.2306 0.1156 0.0462 0.0129 0.0051 0.0047 0.0026 0.0019 0.0010 
    Largest link dim during sweep 52/87 was 126
    Largest truncation error: 7.82348e-09
    Energy after sweep 52/87 is -243.969465351757
    Sweep 52/87 CPU time = 3m, 34.9s (Wall time = 13.84s)

    vN Entropy at center bond b=150 = 1.209677771658
    Eigs at center bond b=150: 0.5770 0.2306 0.1156 0.0462 0.0129 0.0051 0.0047 0.0026 0.0019 0.0010 
    Largest link dim during sweep 53/87 was 126
    Largest truncation error: 7.82348e-09
    Energy after sweep 53/87 is -243.969465351890
    Sweep 53/87 CPU time = 3m, 34.1s (Wall time = 13.74s)

    vN Entropy at center bond b=150 = 1.209677781378
    Eigs at center bond b=150: 0.5770 0.2306 0.1156 0.0462 0.0129 0.0051 0.0047 0.0026 0.0019 0.0010 
    Largest link dim during sweep 54/87 was 126
    Largest truncation error: 7.82348e-09
    Energy after sweep 54/87 is -243.969465352254
    Sweep 54/87 CPU time = 3m, 35.4s (Wall time = 13.82s)

    vN Entropy at center bond b=150 = 1.209677803976
    Eigs at center bond b=150: 0.5770 0.2306 0.1156 0.0462 0.0129 0.0051 0.0047 0.0026 0.0019 0.0010 
    Largest link dim during sweep 55/87 was 126
    Largest truncation error: 7.82348e-09
    Energy after sweep 55/87 is -243.969465350670
    Sweep 55/87 CPU time = 3m, 35.3s (Wall time = 13.81s)

    vN Entropy at center bond b=150 = 1.209677790225
    Eigs at center bond b=150: 0.5770 0.2306 0.1156 0.0462 0.0129 0.0051 0.0047 0.0026 0.0019 0.0010 
    Largest link dim during sweep 56/87 was 126
    Largest truncation error: 7.82348e-09
    Energy after sweep 56/87 is -243.969465350964
    Sweep 56/87 CPU time = 3m, 35.2s (Wall time = 13.85s)

    vN Entropy at center bond b=150 = 1.209677826508
    Eigs at center bond b=150: 0.5770 0.2306 0.1156 0.0462 0.0129 0.0051 0.0047 0.0026 0.0019 0.0010 
    Largest link dim during sweep 57/87 was 126
    Largest truncation error: 7.82348e-09
    Energy after sweep 57/87 is -243.969465351166
    Sweep 57/87 CPU time = 3m, 35.5s (Wall time = 13.84s)

    vN Entropy at center bond b=150 = 1.209677853624
    Eigs at center bond b=150: 0.5770 0.2306 0.1156 0.0462 0.0129 0.0051 0.0047 0.0026 0.0019 0.0010 
    Largest link dim during sweep 58/87 was 126
    Largest truncation error: 7.82348e-09
    Energy after sweep 58/87 is -243.969465351270
    Sweep 58/87 CPU time = 3m, 34.7s (Wall time = 13.80s)

    vN Entropy at center bond b=150 = 1.210364611517
    Eigs at center bond b=150: 0.5768 0.2306 0.1156 0.0462 0.0129 0.0052 0.0047 0.0026 0.0019 0.0010 
    Largest link dim during sweep 59/87 was 235
    Largest truncation error: 7.89504e-11
    Energy after sweep 59/87 is -243.969480164441
    Sweep 59/87 CPU time = 10m, 39s (Wall time = 43.80s)

    vN Entropy at center bond b=150 = 1.210470860093
    Eigs at center bond b=150: 0.5768 0.2306 0.1156 0.0463 0.0129 0.0052 0.0047 0.0026 0.0019 0.0010 
    Largest link dim during sweep 60/87 was 257
    Largest truncation error: 7.89894e-11
    Energy after sweep 60/87 is -243.969480314952
    Sweep 60/87 CPU time = 16m, 36s (Wall time = 1m, 5.4s)

    vN Entropy at center bond b=150 = 1.210475604229
    Eigs at center bond b=150: 0.5768 0.2306 0.1156 0.0463 0.0129 0.0052 0.0047 0.0026 0.0019 0.0010 
    Largest link dim during sweep 61/87 was 261
    Largest truncation error: 7.89894e-11
    Energy after sweep 61/87 is -243.969480323798
    Sweep 61/87 CPU time = 17m, 24s (Wall time = 1m, 8.5s)

    vN Entropy at center bond b=150 = 1.210476102402
    Eigs at center bond b=150: 0.5768 0.2306 0.1156 0.0463 0.0129 0.0052 0.0047 0.0026 0.0019 0.0010 
    Largest link dim during sweep 62/87 was 262
    Largest truncation error: 7.89894e-11
    Energy after sweep 62/87 is -243.969480325013
    Sweep 62/87 CPU time = 16m, 59s (Wall time = 1m, 7.2s)

    vN Entropy at center bond b=150 = 1.210476153834
    Eigs at center bond b=150: 0.5768 0.2306 0.1156 0.0463 0.0129 0.0052 0.0047 0.0026 0.0019 0.0010 
    Largest link dim during sweep 63/87 was 262
    Largest truncation error: 7.89894e-11
    Energy after sweep 63/87 is -243.969480325227
    Sweep 63/87 CPU time = 16m, 59s (Wall time = 1m, 8.0s)

    vN Entropy at center bond b=150 = 1.210476164522
    Eigs at center bond b=150: 0.5768 0.2306 0.1156 0.0463 0.0129 0.0052 0.0047 0.0026 0.0019 0.0010 
    Largest link dim during sweep 64/87 was 262
    Largest truncation error: 7.89894e-11
    Energy after sweep 64/87 is -243.969480325208
    Sweep 64/87 CPU time = 16m, 53s (Wall time = 1m, 7.7s)

    vN Entropy at center bond b=150 = 1.210476165163
    Eigs at center bond b=150: 0.5768 0.2306 0.1156 0.0463 0.0129 0.0052 0.0047 0.0026 0.0019 0.0010 
    Largest link dim during sweep 65/87 was 262
    Largest truncation error: 7.89894e-11
    Energy after sweep 65/87 is -243.969480325212
    Sweep 65/87 CPU time = 16m, 33s (Wall time = 1m, 6.7s)

    vN Entropy at center bond b=150 = 1.210476168101
    Eigs at center bond b=150: 0.5768 0.2306 0.1156 0.0463 0.0129 0.0052 0.0047 0.0026 0.0019 0.0010 
    Largest link dim during sweep 66/87 was 262
    Largest truncation error: 7.89894e-11
    Energy after sweep 66/87 is -243.969480325268
    Sweep 66/87 CPU time = 16m, 36s (Wall time = 1m, 6.3s)

    vN Entropy at center bond b=150 = 1.210476171759
    Eigs at center bond b=150: 0.5768 0.2306 0.1156 0.0463 0.0129 0.0052 0.0047 0.0026 0.0019 0.0010 
    Largest link dim during sweep 67/87 was 262
    Largest truncation error: 7.89894e-11
    Energy after sweep 67/87 is -243.969480325255
    Sweep 67/87 CPU time = 16m, 34s (Wall time = 1m, 6.4s)

    vN Entropy at center bond b=150 = 1.210476172068
    Eigs at center bond b=150: 0.5768 0.2306 0.1156 0.0463 0.0129 0.0052 0.0047 0.0026 0.0019 0.0010 
    Largest link dim during sweep 68/87 was 262
    Largest truncation error: 7.89894e-11
    Energy after sweep 68/87 is -243.969480325261
    Sweep 68/87 CPU time = 16m, 40s (Wall time = 1m, 7.1s)

    vN Entropy at center bond b=150 = 1.210476172105
    Eigs at center bond b=150: 0.5768 0.2306 0.1156 0.0463 0.0129 0.0052 0.0047 0.0026 0.0019 0.0010 
    Largest link dim during sweep 69/87 was 262
    Largest truncation error: 7.89894e-11
    Energy after sweep 69/87 is -243.969480325260
    Sweep 69/87 CPU time = 16m, 39s (Wall time = 1m, 7.3s)

    vN Entropy at center bond b=150 = 1.210476172111
    Eigs at center bond b=150: 0.5768 0.2306 0.1156 0.0463 0.0129 0.0052 0.0047 0.0026 0.0019 0.0010 
    Largest link dim during sweep 70/87 was 262
    Largest truncation error: 7.89894e-11
    Energy after sweep 70/87 is -243.969480325264
    Sweep 70/87 CPU time = 16m, 35s (Wall time = 1m, 6.6s)

    vN Entropy at center bond b=150 = 1.210476172118
    Eigs at center bond b=150: 0.5768 0.2306 0.1156 0.0463 0.0129 0.0052 0.0047 0.0026 0.0019 0.0010 
    Largest link dim during sweep 71/87 was 262
    Largest truncation error: 7.89894e-11
    Energy after sweep 71/87 is -243.969480325265
    Sweep 71/87 CPU time = 16m, 33s (Wall time = 1m, 6.6s)

    vN Entropy at center bond b=150 = 1.210476172131
    Eigs at center bond b=150: 0.5768 0.2306 0.1156 0.0463 0.0129 0.0052 0.0047 0.0026 0.0019 0.0010 
    Largest link dim during sweep 72/87 was 262
    Largest truncation error: 7.89894e-11
    Energy after sweep 72/87 is -243.969480325260
    Sweep 72/87 CPU time = 16m, 36s (Wall time = 1m, 6.7s)

    vN Entropy at center bond b=150 = 1.210476172131
    Eigs at center bond b=150: 0.5768 0.2306 0.1156 0.0463 0.0129 0.0052 0.0047 0.0026 0.0019 0.0010 
    Largest link dim during sweep 73/87 was 262
    Largest truncation error: 7.89894e-11
    Energy after sweep 73/87 is -243.969480325255
    Sweep 73/87 CPU time = 16m, 47s (Wall time = 1m, 8.0s)

    vN Entropy at center bond b=150 = 1.210476172118
    Eigs at center bond b=150: 0.5768 0.2306 0.1156 0.0463 0.0129 0.0052 0.0047 0.0026 0.0019 0.0010 
    Largest link dim during sweep 74/87 was 262
    Largest truncation error: 7.89894e-11
    Energy after sweep 74/87 is -243.969480325256
    Sweep 74/87 CPU time = 16m, 46s (Wall time = 1m, 7.9s)

    vN Entropy at center bond b=150 = 1.210488981046
    Eigs at center bond b=150: 0.5768 0.2306 0.1156 0.0463 0.0129 0.0052 0.0047 0.0026 0.0019 0.0010 
    Largest link dim during sweep 75/87 was 457
    Largest truncation error: 7.73296e-13
    Energy after sweep 75/87 is -243.969480482491
    Sweep 75/87 CPU time = 34m, 46s (Wall time = 2m, 21.0s)

    vN Entropy at center bond b=150 = 1.210490897928
    Eigs at center bond b=150: 0.5768 0.2306 0.1156 0.0463 0.0129 0.0052 0.0047 0.0026 0.0019 0.0010 
    Largest link dim during sweep 76/87 was 483
    Largest truncation error: 7.73493e-13
    Energy after sweep 76/87 is -243.969480483609
    Sweep 76/87 CPU time = 49m, 1s (Wall time = 3m, 16.4s)

    vN Entropy at center bond b=150 = 1.210490978594
    Eigs at center bond b=150: 0.5768 0.2306 0.1156 0.0463 0.0129 0.0052 0.0047 0.0026 0.0019 0.0010 
    Largest link dim during sweep 77/87 was 485
    Largest truncation error: 7.73286e-13
    Energy after sweep 77/87 is -243.969480483654
    Sweep 77/87 CPU time = 50m, 30s (Wall time = 3m, 23.0s)

    vN Entropy at center bond b=150 = 1.210490987864
    Eigs at center bond b=150: 0.5768 0.2306 0.1156 0.0463 0.0129 0.0052 0.0047 0.0026 0.0019 0.0010 
    Largest link dim during sweep 78/87 was 485
    Largest truncation error: 7.73327e-13
    Energy after sweep 78/87 is -243.969480483664
    Sweep 78/87 CPU time = 50m, 10s (Wall time = 3m, 20.3s)

    vN Entropy at center bond b=150 = 1.210490989635
    Eigs at center bond b=150: 0.5768 0.2306 0.1156 0.0463 0.0129 0.0052 0.0047 0.0026 0.0019 0.0010 
    Largest link dim during sweep 79/87 was 486
    Largest truncation error: 7.73294e-13
    Energy after sweep 79/87 is -243.969480483666
    Sweep 79/87 CPU time = 51m, 31s (Wall time = 3m, 29.2s)

    vN Entropy at center bond b=150 = 1.210490989915
    Eigs at center bond b=150: 0.5768 0.2306 0.1156 0.0463 0.0129 0.0052 0.0047 0.0026 0.0019 0.0010 
    Largest link dim during sweep 80/87 was 486
    Largest truncation error: 7.73298e-13
    Energy after sweep 80/87 is -243.969480483666
    Sweep 80/87 CPU time = 51m, 25s (Wall time = 3m, 28.1s)

    vN Entropy at center bond b=150 = 1.210490990091
    Eigs at center bond b=150: 0.5768 0.2306 0.1156 0.0463 0.0129 0.0052 0.0047 0.0026 0.0019 0.0010 
    Largest link dim during sweep 81/87 was 486
    Largest truncation error: 7.7328e-13
    Energy after sweep 81/87 is -243.969480483667
    Sweep 81/87 CPU time = 51m, 21s (Wall time = 3m, 27.7s)

    vN Entropy at center bond b=150 = 1.210490990115
    Eigs at center bond b=150: 0.5768 0.2306 0.1156 0.0463 0.0129 0.0052 0.0047 0.0026 0.0019 0.0010 
    Largest link dim during sweep 82/87 was 486
    Largest truncation error: 7.73464e-13
    Energy after sweep 82/87 is -243.969480483666
    Sweep 82/87 CPU time = 50m, 9s (Wall time = 3m, 23.7s)

    vN Entropy at center bond b=150 = 1.210491243356
    Eigs at center bond b=150: 0.5768 0.2306 0.1156 0.0463 0.0129 0.0052 0.0047 0.0026 0.0019 0.0010 
    Largest link dim during sweep 83/87 was 445
    Largest truncation error: 7.52375e-13
    Energy after sweep 83/87 is -243.969480483053
    Sweep 83/87 CPU time = 35m, 38s (Wall time = 2m, 23.1s)

    vN Entropy at center bond b=150 = 1.210491403659
    Eigs at center bond b=150: 0.5768 0.2306 0.1156 0.0463 0.0129 0.0052 0.0047 0.0026 0.0019 0.0010 
    Largest link dim during sweep 84/87 was 741
    Largest truncation error: 7.48332e-15
    Energy after sweep 84/87 is -243.969480485345
    Sweep 84/87 CPU time = 1h, 27m, 41s (Wall time = 5m, 50.6s)

    vN Entropy at center bond b=150 = 1.210491434425
    Eigs at center bond b=150: 0.5768 0.2306 0.1156 0.0463 0.0129 0.0052 0.0047 0.0026 0.0019 0.0010 
    Largest link dim during sweep 85/87 was 782
    Largest truncation error: 7.85554e-15
    Energy after sweep 85/87 is -243.969480485393
    Sweep 85/87 CPU time = 2h, 21m, 11s (Wall time = 9m, 20.4s)

    vN Entropy at center bond b=150 = 1.210491435880
    Eigs at center bond b=150: 0.5768 0.2306 0.1156 0.0463 0.0129 0.0052 0.0047 0.0026 0.0019 0.0010 
    Largest link dim during sweep 86/87 was 781
    Largest truncation error: 7.71843e-15
    Energy after sweep 86/87 is -243.969480485387
    Sweep 86/87 CPU time = 2h, 17m, 51s (Wall time = 9m, 8.5s)

    vN Entropy at center bond b=150 = 1.210491436043
    Eigs at center bond b=150: 0.5768 0.2306 0.1156 0.0463 0.0129 0.0052 0.0047 0.0026 0.0019 0.0010 
    Largest link dim during sweep 87/87 was 781
    Largest truncation error: 7.7171e-15
    Energy after sweep 87/87 is -243.969480485385
    Sweep 87/87 CPU time = 2h, 17m, 59s (Wall time = 9m, 9.2s)
Initial energy = 150.00000

Ground State Energy = -243.9694804854
run_outputs/outputpsi/N_300_sweep_87_t_0.030000_J_1.000000_V_0.600000_D_0.018000_U_0.020000_mu_1.000000_E_0.000000 converge
Wall-clock time (s) = 29492.048679
