//////////////////////////
Reading input file ......

Got input.N = 300
Got input.t = 0.03
Got input.J = 1
Got input.V = 0.6
Got input.D = 0.018
Got input.U = 0.14
Got input.mu = 1
Got input.E = 0
Got input.nsweeps = 87
Sweeps:
1  MaxDim=20, MinDim=20, Cutoff=1.0E-06, Niter=8, Noise=1.0E-05
2  MaxDim=20, MinDim=20, Cutoff=1.0E-06, Niter=8, Noise=1.0E-05
3  MaxDim=20, MinDim=20, Cutoff=1.0E-06, Niter=8, Noise=1.0E-05
4  MaxDim=20, MinDim=20, Cutoff=1.0E-06, Niter=8, Noise=1.0E-05
5  MaxDim=20, MinDim=20, Cutoff=1.0E-06, Niter=8, Noise=1.0E-05
6  MaxDim=20, MinDim=20, Cutoff=1.0E-06, Niter=8, Noise=1.0E-05
7  MaxDim=20, MinDim=20, Cutoff=1.0E-06, Niter=8, Noise=1.0E-05
8  MaxDim=40, MinDim=20, Cutoff=1.0E-06, Niter=4, Noise=1.0E-05
9  MaxDim=40, MinDim=20, Cutoff=1.0E-06, Niter=4, Noise=1.0E-05
10  MaxDim=40, MinDim=20, Cutoff=1.0E-06, Niter=4, Noise=1.0E-05
11  MaxDim=40, MinDim=20, Cutoff=1.0E-06, Niter=4, Noise=1.0E-05
12  MaxDim=40, MinDim=20, Cutoff=1.0E-06, Niter=4, Noise=1.0E-05
13  MaxDim=40, MinDim=20, Cutoff=1.0E-06, Niter=4, Noise=1.0E-05
14  MaxDim=40, MinDim=20, Cutoff=1.0E-06, Niter=4, Noise=1.0E-05
15  MaxDim=80, MinDim=10, Cutoff=1.0E-06, Niter=4, Noise=1.0E-05
16  MaxDim=80, MinDim=10, Cutoff=1.0E-06, Niter=4, Noise=1.0E-05
17  MaxDim=80, MinDim=10, Cutoff=1.0E-06, Niter=4, Noise=1.0E-05
18  MaxDim=80, MinDim=10, Cutoff=1.0E-06, Niter=4, Noise=1.0E-05
19  MaxDim=80, MinDim=10, Cutoff=1.0E-06, Niter=4, Noise=1.0E-05
20  MaxDim=80, MinDim=10, Cutoff=1.0E-06, Niter=4, Noise=1.0E-05
21  MaxDim=80, MinDim=10, Cutoff=1.0E-06, Niter=4, Noise=1.0E-05
22  MaxDim=80, MinDim=10, Cutoff=1.0E-06, Niter=4, Noise=1.0E-05
23  MaxDim=80, MinDim=10, Cutoff=1.0E-06, Niter=4, Noise=1.0E-05
24  MaxDim=80, MinDim=10, Cutoff=1.0E-06, Niter=4, Noise=1.0E-05
25  MaxDim=80, MinDim=10, Cutoff=1.0E-06, Niter=4, Noise=1.0E-05
26  MaxDim=80, MinDim=10, Cutoff=1.0E-06, Niter=4, Noise=1.0E-05
27  MaxDim=80, MinDim=10, Cutoff=1.0E-06, Niter=4, Noise=1.0E-05
28  MaxDim=80, MinDim=10, Cutoff=1.0E-06, Niter=4, Noise=1.0E-05
29  MaxDim=80, MinDim=10, Cutoff=1.0E-06, Niter=4, Noise=1.0E-05
30  MaxDim=80, MinDim=10, Cutoff=1.0E-06, Niter=4, Noise=1.0E-05
31  MaxDim=80, MinDim=10, Cutoff=1.0E-06, Niter=4, Noise=1.0E-05
32  MaxDim=80, MinDim=10, Cutoff=1.0E-06, Niter=4, Noise=1.0E-05
33  MaxDim=80, MinDim=10, Cutoff=1.0E-06, Niter=4, Noise=1.0E-05
34  MaxDim=80, MinDim=10, Cutoff=1.0E-06, Niter=4, Noise=1.0E-05
35  MaxDim=80, MinDim=10, Cutoff=1.0E-06, Niter=4, Noise=1.0E-05
36  MaxDim=80, MinDim=10, Cutoff=1.0E-06, Niter=4, Noise=1.0E-05
37  MaxDim=160, MinDim=10, Cutoff=1.0E-08, Niter=4, Noise=1.0E-06
38  MaxDim=160, MinDim=10, Cutoff=1.0E-08, Niter=4, Noise=1.0E-06
39  MaxDim=160, MinDim=10, Cutoff=1.0E-08, Niter=4, Noise=1.0E-06
40  MaxDim=160, MinDim=10, Cutoff=1.0E-08, Niter=4, Noise=1.0E-06
41  MaxDim=160, MinDim=10, Cutoff=1.0E-08, Niter=4, Noise=1.0E-06
42  MaxDim=160, MinDim=10, Cutoff=1.0E-08, Niter=4, Noise=1.0E-06
43  MaxDim=160, MinDim=10, Cutoff=1.0E-08, Niter=4, Noise=1.0E-06
44  MaxDim=160, MinDim=10, Cutoff=1.0E-08, Niter=4, Noise=1.0E-06
45  MaxDim=160, MinDim=10, Cutoff=1.0E-08, Niter=4, Noise=1.0E-06
46  MaxDim=160, MinDim=10, Cutoff=1.0E-08, Niter=4, Noise=1.0E-06
47  MaxDim=160, MinDim=10, Cutoff=1.0E-08, Niter=4, Noise=1.0E-06
48  MaxDim=160, MinDim=10, Cutoff=1.0E-08, Niter=4, Noise=1.0E-06
49  MaxDim=160, MinDim=10, Cutoff=1.0E-08, Niter=4, Noise=1.0E-06
50  MaxDim=160, MinDim=10, Cutoff=1.0E-08, Niter=4, Noise=1.0E-06
51  MaxDim=160, MinDim=10, Cutoff=1.0E-08, Niter=4, Noise=1.0E-06
52  MaxDim=160, MinDim=10, Cutoff=1.0E-08, Niter=4, Noise=1.0E-06
53  MaxDim=160, MinDim=10, Cutoff=1.0E-08, Niter=4, Noise=1.0E-06
54  MaxDim=160, MinDim=10, Cutoff=1.0E-08, Niter=4, Noise=1.0E-06
55  MaxDim=160, MinDim=10, Cutoff=1.0E-08, Niter=4, Noise=1.0E-06
56  MaxDim=160, MinDim=10, Cutoff=1.0E-08, Niter=4, Noise=1.0E-06
57  MaxDim=160, MinDim=10, Cutoff=1.0E-08, Niter=4, Noise=1.0E-06
58  MaxDim=160, MinDim=10, Cutoff=1.0E-08, Niter=4, Noise=1.0E-06
59  MaxDim=320, MinDim=10, Cutoff=1.0E-10, Niter=4, Noise=1.0E-07
60  MaxDim=320, MinDim=10, Cutoff=1.0E-10, Niter=4, Noise=1.0E-07
61  MaxDim=320, MinDim=10, Cutoff=1.0E-10, Niter=4, Noise=1.0E-07
62  MaxDim=320, MinDim=10, Cutoff=1.0E-10, Niter=4, Noise=1.0E-07
63  MaxDim=320, MinDim=10, Cutoff=1.0E-10, Niter=4, Noise=1.0E-07
64  MaxDim=320, MinDim=10, Cutoff=1.0E-10, Niter=4, Noise=1.0E-07
65  MaxDim=320, MinDim=10, Cutoff=1.0E-10, Niter=4, Noise=1.0E-07
66  MaxDim=320, MinDim=10, Cutoff=1.0E-10, Niter=4, Noise=1.0E-07
67  MaxDim=320, MinDim=10, Cutoff=1.0E-10, Niter=4, Noise=1.0E-07
68  MaxDim=320, MinDim=10, Cutoff=1.0E-10, Niter=4, Noise=1.0E-07
69  MaxDim=320, MinDim=10, Cutoff=1.0E-10, Niter=4, Noise=1.0E-07
70  MaxDim=320, MinDim=10, Cutoff=1.0E-10, Niter=4, Noise=1.0E-07
71  MaxDim=320, MinDim=10, Cutoff=1.0E-10, Niter=4, Noise=1.0E-07
72  MaxDim=320, MinDim=10, Cutoff=1.0E-10, Niter=4, Noise=1.0E-07
73  MaxDim=320, MinDim=10, Cutoff=1.0E-10, Niter=4, Noise=1.0E-07
74  MaxDim=320, MinDim=10, Cutoff=1.0E-10, Niter=4, Noise=1.0E-07
75  MaxDim=640, MinDim=10, Cutoff=1.0E-12, Niter=2, Noise=1.0E-08
76  MaxDim=640, MinDim=10, Cutoff=1.0E-12, Niter=2, Noise=1.0E-08
77  MaxDim=640, MinDim=10, Cutoff=1.0E-12, Niter=2, Noise=1.0E-08
78  MaxDim=640, MinDim=10, Cutoff=1.0E-12, Niter=2, Noise=1.0E-08
79  MaxDim=640, MinDim=10, Cutoff=1.0E-12, Niter=2, Noise=1.0E-08
80  MaxDim=640, MinDim=10, Cutoff=1.0E-12, Niter=2, Noise=1.0E-08
81  MaxDim=640, MinDim=10, Cutoff=1.0E-12, Niter=2, Noise=1.0E-08
82  MaxDim=640, MinDim=10, Cutoff=1.0E-12, Niter=2, Noise=1.0E-08
83  MaxDim=1280, MinDim=10, Cutoff=1.0E-12, Niter=2, Noise=0.0E+00
84  MaxDim=1280, MinDim=10, Cutoff=1.0E-14, Niter=2, Noise=0.0E+00
85  MaxDim=1280, MinDim=10, Cutoff=1.0E-14, Niter=2, Noise=0.0E+00
86  MaxDim=1280, MinDim=10, Cutoff=1.0E-14, Niter=2, Noise=0.0E+00
87  MaxDim=1280, MinDim=10, Cutoff=1.0E-14, Niter=2, Noise=0.0E+00


    vN Entropy at center bond b=150 = 0.519549075750
    Eigs at center bond b=150: 0.8394 0.1386 0.0180 0.0028 
    Largest link dim during sweep 1/87 was 20
    Largest truncation error: 3.70521e-06
    Energy after sweep 1/87 is -225.386183284510
    Sweep 1/87 CPU time = 18.22s (Wall time = 1.184s)

    vN Entropy at center bond b=150 = 0.807252618474
    Eigs at center bond b=150: 0.7300 0.2015 0.0458 0.0118 0.0074 0.0020 
    Largest link dim during sweep 2/87 was 20
    Largest truncation error: 5.71136e-06
    Energy after sweep 2/87 is -225.436567006323
    Sweep 2/87 CPU time = 25.40s (Wall time = 1.629s)

    vN Entropy at center bond b=150 = 0.874541608821
    Eigs at center bond b=150: 0.6978 0.2243 0.0484 0.0143 0.0099 0.0031 0.0010 
    Largest link dim during sweep 3/87 was 20
    Largest truncation error: 7.52549e-06
    Energy after sweep 3/87 is -225.438668663101
    Sweep 3/87 CPU time = 25.38s (Wall time = 1.631s)

    vN Entropy at center bond b=150 = 0.902201860233
    Eigs at center bond b=150: 0.6811 0.2389 0.0471 0.0153 0.0114 0.0039 0.0010 
    Largest link dim during sweep 4/87 was 20
    Largest truncation error: 8.33306e-06
    Energy after sweep 4/87 is -225.439223187564
    Sweep 4/87 CPU time = 25.41s (Wall time = 1.631s)

    vN Entropy at center bond b=150 = 0.917624591361
    Eigs at center bond b=150: 0.6706 0.2485 0.0460 0.0158 0.0122 0.0044 0.0010 
    Largest link dim during sweep 5/87 was 20
    Largest truncation error: 8.39529e-06
    Energy after sweep 5/87 is -225.439427705881
    Sweep 5/87 CPU time = 25.19s (Wall time = 1.621s)

    vN Entropy at center bond b=150 = 0.927611578151
    Eigs at center bond b=150: 0.6636 0.2550 0.0452 0.0161 0.0128 0.0048 0.0010 
    Largest link dim during sweep 6/87 was 20
    Largest truncation error: 8.45999e-06
    Energy after sweep 6/87 is -225.439541273213
    Sweep 6/87 CPU time = 25.42s (Wall time = 1.631s)

    vN Entropy at center bond b=150 = 0.934020886888
    Eigs at center bond b=150: 0.6588 0.2595 0.0447 0.0163 0.0131 0.0050 
    Largest link dim during sweep 7/87 was 20
    Largest truncation error: 8.61285e-06
    Energy after sweep 7/87 is -225.439601076182
    Sweep 7/87 CPU time = 25.44s (Wall time = 1.629s)

    vN Entropy at center bond b=150 = 1.018717852579
    Eigs at center bond b=150: 0.6122 0.2914 0.0475 0.0211 0.0163 0.0076 0.0013 0.0011 
    Largest link dim during sweep 8/87 was 37
    Largest truncation error: 7.00953e-07
    Energy after sweep 8/87 is -225.451056777114
    Sweep 8/87 CPU time = 20.64s (Wall time = 1.324s)

    vN Entropy at center bond b=150 = 1.132069015206
    Eigs at center bond b=150: 0.5283 0.3552 0.0471 0.0308 0.0195 0.0129 0.0017 0.0016 0.0010 
    Largest link dim during sweep 9/87 was 40
    Largest truncation error: 1.13146e-06
    Energy after sweep 9/87 is -225.453974487502
    Sweep 9/87 CPU time = 29.38s (Wall time = 1.890s)

    vN Entropy at center bond b=150 = 1.165607227578
    Eigs at center bond b=150: 0.4995 0.3768 0.0463 0.0347 0.0202 0.0152 0.0018 0.0017 0.0013 0.0012 
    Largest link dim during sweep 10/87 was 40
    Largest truncation error: 1.8032e-06
    Energy after sweep 10/87 is -225.454492970665
    Sweep 10/87 CPU time = 33.29s (Wall time = 2.147s)

    vN Entropy at center bond b=150 = 1.172056549055
    Eigs at center bond b=150: 0.4960 0.3787 0.0464 0.0354 0.0205 0.0156 0.0018 0.0017 0.0013 0.0013 
    Largest link dim during sweep 11/87 was 40
    Largest truncation error: 1.99588e-06
    Energy after sweep 11/87 is -225.454566197584
    Sweep 11/87 CPU time = 34.10s (Wall time = 2.189s)

    vN Entropy at center bond b=150 = 1.173450172998
    Eigs at center bond b=150: 0.4956 0.3786 0.0465 0.0355 0.0206 0.0157 0.0018 0.0018 0.0014 0.0013 
    Largest link dim during sweep 12/87 was 40
    Largest truncation error: 2.02392e-06
    Energy after sweep 12/87 is -225.454578135601
    Sweep 12/87 CPU time = 34.48s (Wall time = 2.216s)

    vN Entropy at center bond b=150 = 1.173833301703
    Eigs at center bond b=150: 0.4957 0.3785 0.0465 0.0355 0.0206 0.0157 0.0018 0.0018 0.0014 0.0013 
    Largest link dim during sweep 13/87 was 40
    Largest truncation error: 2.09113e-06
    Energy after sweep 13/87 is -225.454581651168
    Sweep 13/87 CPU time = 34.32s (Wall time = 2.203s)

    vN Entropy at center bond b=150 = 1.173953854850
    Eigs at center bond b=150: 0.4957 0.3784 0.0466 0.0355 0.0206 0.0157 0.0018 0.0018 0.0014 0.0013 
    Largest link dim during sweep 14/87 was 40
    Largest truncation error: 2.09218e-06
    Energy after sweep 14/87 is -225.454582326572
    Sweep 14/87 CPU time = 34.41s (Wall time = 2.218s)

    vN Entropy at center bond b=150 = 1.177614249208
    Eigs at center bond b=150: 0.4949 0.3782 0.0468 0.0357 0.0208 0.0159 0.0018 0.0018 0.0014 0.0013 
    Largest link dim during sweep 15/87 was 50
    Largest truncation error: 7.63622e-07
    Energy after sweep 15/87 is -225.455066652893
    Sweep 15/87 CPU time = 35.65s (Wall time = 2.290s)

    vN Entropy at center bond b=150 = 1.181875723836
    Eigs at center bond b=150: 0.4939 0.3778 0.0471 0.0360 0.0210 0.0160 0.0019 0.0019 0.0014 0.0014 
    Largest link dim during sweep 16/87 was 50
    Largest truncation error: 7.21229e-07
    Energy after sweep 16/87 is -225.455140587049
    Sweep 16/87 CPU time = 36.78s (Wall time = 2.365s)

    vN Entropy at center bond b=150 = 1.183306444604
    Eigs at center bond b=150: 0.4938 0.3776 0.0473 0.0361 0.0211 0.0161 0.0019 0.0019 0.0014 0.0014 
    Largest link dim during sweep 17/87 was 51
    Largest truncation error: 7.20642e-07
    Energy after sweep 17/87 is -225.455163373440
    Sweep 17/87 CPU time = 37.20s (Wall time = 2.386s)

    vN Entropy at center bond b=150 = 1.183982179025
    Eigs at center bond b=150: 0.4937 0.3774 0.0474 0.0361 0.0211 0.0161 0.0019 0.0019 0.0014 0.0014 
    Largest link dim during sweep 18/87 was 51
    Largest truncation error: 7.20753e-07
    Energy after sweep 18/87 is -225.455185459748
    Sweep 18/87 CPU time = 37.31s (Wall time = 2.391s)

    vN Entropy at center bond b=150 = 1.184280073547
    Eigs at center bond b=150: 0.4938 0.3773 0.0474 0.0362 0.0211 0.0161 0.0019 0.0019 0.0014 0.0014 
    Largest link dim during sweep 19/87 was 51
    Largest truncation error: 7.20804e-07
    Energy after sweep 19/87 is -225.455190794639
    Sweep 19/87 CPU time = 37.49s (Wall time = 2.402s)

    vN Entropy at center bond b=150 = 1.184453198483
    Eigs at center bond b=150: 0.4937 0.3772 0.0474 0.0362 0.0212 0.0161 0.0019 0.0019 0.0014 0.0014 
    Largest link dim during sweep 20/87 was 51
    Largest truncation error: 7.20835e-07
    Energy after sweep 20/87 is -225.455192957281
    Sweep 20/87 CPU time = 37.45s (Wall time = 2.412s)

    vN Entropy at center bond b=150 = 1.184482922697
    Eigs at center bond b=150: 0.4938 0.3772 0.0474 0.0362 0.0212 0.0161 0.0019 0.0019 0.0014 0.0014 
    Largest link dim during sweep 21/87 was 51
    Largest truncation error: 7.20845e-07
    Energy after sweep 21/87 is -225.455194193392
    Sweep 21/87 CPU time = 37.36s (Wall time = 2.403s)

    vN Entropy at center bond b=150 = 1.184537662877
    Eigs at center bond b=150: 0.4938 0.3772 0.0474 0.0362 0.0212 0.0161 0.0019 0.0019 0.0014 0.0014 
    Largest link dim during sweep 22/87 was 51
    Largest truncation error: 7.20852e-07
    Energy after sweep 22/87 is -225.455196564922
    Sweep 22/87 CPU time = 37.39s (Wall time = 2.403s)

    vN Entropy at center bond b=150 = 1.184582970250
    Eigs at center bond b=150: 0.4937 0.3772 0.0474 0.0362 0.0212 0.0161 0.0019 0.0019 0.0014 0.0014 
    Largest link dim during sweep 23/87 was 51
    Largest truncation error: 7.20857e-07
    Energy after sweep 23/87 is -225.455196732869
    Sweep 23/87 CPU time = 37.41s (Wall time = 2.404s)

    vN Entropy at center bond b=150 = 1.184587089234
    Eigs at center bond b=150: 0.4937 0.3772 0.0474 0.0362 0.0212 0.0161 0.0019 0.0019 0.0014 0.0014 
    Largest link dim during sweep 24/87 was 51
    Largest truncation error: 7.20858e-07
    Energy after sweep 24/87 is -225.455196794171
    Sweep 24/87 CPU time = 37.45s (Wall time = 2.407s)

    vN Entropy at center bond b=150 = 1.184588107432
    Eigs at center bond b=150: 0.4937 0.3772 0.0474 0.0362 0.0212 0.0161 0.0019 0.0019 0.0014 0.0014 
    Largest link dim during sweep 25/87 was 51
    Largest truncation error: 7.20859e-07
    Energy after sweep 25/87 is -225.455196833991
    Sweep 25/87 CPU time = 37.49s (Wall time = 2.407s)

    vN Entropy at center bond b=150 = 1.184590373706
    Eigs at center bond b=150: 0.4937 0.3772 0.0474 0.0362 0.0212 0.0161 0.0019 0.0019 0.0014 0.0014 
    Largest link dim during sweep 26/87 was 51
    Largest truncation error: 7.20859e-07
    Energy after sweep 26/87 is -225.455196886261
    Sweep 26/87 CPU time = 37.58s (Wall time = 2.419s)

    vN Entropy at center bond b=150 = 1.184594904656
    Eigs at center bond b=150: 0.4937 0.3772 0.0474 0.0362 0.0212 0.0161 0.0019 0.0019 0.0014 0.0014 
    Largest link dim during sweep 27/87 was 51
    Largest truncation error: 7.2086e-07
    Energy after sweep 27/87 is -225.455196940799
    Sweep 27/87 CPU time = 37.53s (Wall time = 2.410s)

    vN Entropy at center bond b=150 = 1.184595840696
    Eigs at center bond b=150: 0.4937 0.3772 0.0474 0.0362 0.0212 0.0161 0.0019 0.0019 0.0014 0.0014 
    Largest link dim during sweep 28/87 was 51
    Largest truncation error: 7.2086e-07
    Energy after sweep 28/87 is -225.455196986160
    Sweep 28/87 CPU time = 37.47s (Wall time = 2.404s)

    vN Entropy at center bond b=150 = 1.184596683120
    Eigs at center bond b=150: 0.4937 0.3772 0.0474 0.0362 0.0212 0.0161 0.0019 0.0019 0.0014 0.0014 
    Largest link dim during sweep 29/87 was 51
    Largest truncation error: 7.20861e-07
    Energy after sweep 29/87 is -225.455197042213
    Sweep 29/87 CPU time = 37.46s (Wall time = 2.405s)

    vN Entropy at center bond b=150 = 1.184598277861
    Eigs at center bond b=150: 0.4937 0.3772 0.0474 0.0362 0.0212 0.0161 0.0019 0.0019 0.0014 0.0014 
    Largest link dim during sweep 30/87 was 51
    Largest truncation error: 7.20861e-07
    Energy after sweep 30/87 is -225.455197120586
    Sweep 30/87 CPU time = 37.37s (Wall time = 2.404s)

    vN Entropy at center bond b=150 = 1.184600161672
    Eigs at center bond b=150: 0.4937 0.3772 0.0474 0.0362 0.0212 0.0161 0.0019 0.0019 0.0014 0.0014 
    Largest link dim during sweep 31/87 was 51
    Largest truncation error: 7.20861e-07
    Energy after sweep 31/87 is -225.455197211026
    Sweep 31/87 CPU time = 37.10s (Wall time = 2.379s)

    vN Entropy at center bond b=150 = 1.184601272480
    Eigs at center bond b=150: 0.4937 0.3772 0.0474 0.0362 0.0212 0.0161 0.0019 0.0019 0.0014 0.0014 
    Largest link dim during sweep 32/87 was 51
    Largest truncation error: 7.20861e-07
    Energy after sweep 32/87 is -225.455197277827
    Sweep 32/87 CPU time = 36.67s (Wall time = 2.349s)

    vN Entropy at center bond b=150 = 1.184601375224
    Eigs at center bond b=150: 0.4937 0.3772 0.0474 0.0362 0.0212 0.0161 0.0019 0.0019 0.0014 0.0014 
    Largest link dim during sweep 33/87 was 51
    Largest truncation error: 7.20861e-07
    Energy after sweep 33/87 is -225.455197310782
    Sweep 33/87 CPU time = 36.62s (Wall time = 2.348s)

    vN Entropy at center bond b=150 = 1.184600932491
    Eigs at center bond b=150: 0.4937 0.3772 0.0474 0.0362 0.0212 0.0161 0.0019 0.0019 0.0014 0.0014 
    Largest link dim during sweep 34/87 was 51
    Largest truncation error: 7.20861e-07
    Energy after sweep 34/87 is -225.455197323396
    Sweep 34/87 CPU time = 36.63s (Wall time = 2.350s)

    vN Entropy at center bond b=150 = 1.184600384663
    Eigs at center bond b=150: 0.4937 0.3772 0.0474 0.0362 0.0212 0.0161 0.0019 0.0019 0.0014 0.0014 
    Largest link dim during sweep 35/87 was 51
    Largest truncation error: 7.20861e-07
    Energy after sweep 35/87 is -225.455197327351
    Sweep 35/87 CPU time = 36.70s (Wall time = 2.354s)

    vN Entropy at center bond b=150 = 1.184599921731
    Eigs at center bond b=150: 0.4937 0.3772 0.0474 0.0362 0.0212 0.0161 0.0019 0.0019 0.0014 0.0014 
    Largest link dim during sweep 36/87 was 51
    Largest truncation error: 7.20861e-07
    Energy after sweep 36/87 is -225.455197328184
    Sweep 36/87 CPU time = 36.83s (Wall time = 2.359s)

    vN Entropy at center bond b=150 = 1.212674112561
    Eigs at center bond b=150: 0.4876 0.3751 0.0498 0.0383 0.0223 0.0172 0.0022 0.0022 0.0017 0.0017 
    Largest link dim during sweep 37/87 was 106
    Largest truncation error: 7.61104e-09
    Energy after sweep 37/87 is -225.456727697848
    Sweep 37/87 CPU time = 1m, 56.0s (Wall time = 7.499s)

    vN Entropy at center bond b=150 = 1.226211115193
    Eigs at center bond b=150: 0.4850 0.3739 0.0507 0.0390 0.0228 0.0177 0.0023 0.0023 0.0018 0.0018 
    Largest link dim during sweep 38/87 was 128
    Largest truncation error: 7.16829e-09
    Energy after sweep 38/87 is -225.456784244004
    Sweep 38/87 CPU time = 3m, 26.6s (Wall time = 13.26s)

    vN Entropy at center bond b=150 = 1.227474502793
    Eigs at center bond b=150: 0.4848 0.3738 0.0507 0.0391 0.0229 0.0177 0.0024 0.0023 0.0018 0.0018 
    Largest link dim during sweep 39/87 was 133
    Largest truncation error: 7.15325e-09
    Energy after sweep 39/87 is -225.456788244056
    Sweep 39/87 CPU time = 4m, 3.4s (Wall time = 15.63s)

    vN Entropy at center bond b=150 = 1.227645136807
    Eigs at center bond b=150: 0.4848 0.3738 0.0507 0.0391 0.0229 0.0177 0.0024 0.0023 0.0018 0.0018 
    Largest link dim during sweep 40/87 was 135
    Largest truncation error: 7.15539e-09
    Energy after sweep 40/87 is -225.456788888090
    Sweep 40/87 CPU time = 4m, 9.1s (Wall time = 16.08s)

    vN Entropy at center bond b=150 = 1.227683217812
    Eigs at center bond b=150: 0.4848 0.3738 0.0507 0.0391 0.0229 0.0177 0.0024 0.0023 0.0018 0.0018 
    Largest link dim during sweep 41/87 was 135
    Largest truncation error: 7.15557e-09
    Energy after sweep 41/87 is -225.456789074225
    Sweep 41/87 CPU time = 4m, 11.0s (Wall time = 16.11s)

    vN Entropy at center bond b=150 = 1.227693234398
    Eigs at center bond b=150: 0.4848 0.3738 0.0507 0.0391 0.0229 0.0177 0.0024 0.0023 0.0018 0.0018 
    Largest link dim during sweep 42/87 was 135
    Largest truncation error: 7.15563e-09
    Energy after sweep 42/87 is -225.456789127088
    Sweep 42/87 CPU time = 4m, 10.6s (Wall time = 16.08s)

    vN Entropy at center bond b=150 = 1.227697992052
    Eigs at center bond b=150: 0.4848 0.3738 0.0507 0.0391 0.0229 0.0177 0.0024 0.0023 0.0018 0.0018 
    Largest link dim during sweep 43/87 was 135
    Largest truncation error: 7.15564e-09
    Energy after sweep 43/87 is -225.456789149265
    Sweep 43/87 CPU time = 4m, 10.4s (Wall time = 16.12s)

    vN Entropy at center bond b=150 = 1.227698747840
    Eigs at center bond b=150: 0.4848 0.3738 0.0507 0.0391 0.0229 0.0177 0.0024 0.0023 0.0018 0.0018 
    Largest link dim during sweep 44/87 was 135
    Largest truncation error: 7.15565e-09
    Energy after sweep 44/87 is -225.456789148198
    Sweep 44/87 CPU time = 4m, 10.3s (Wall time = 16.09s)

    vN Entropy at center bond b=150 = 1.227699164324
    Eigs at center bond b=150: 0.4848 0.3738 0.0507 0.0391 0.0229 0.0177 0.0024 0.0023 0.0018 0.0018 
    Largest link dim during sweep 45/87 was 135
    Largest truncation error: 7.15565e-09
    Energy after sweep 45/87 is -225.456789150201
    Sweep 45/87 CPU time = 4m, 10.0s (Wall time = 16.05s)

    vN Entropy at center bond b=150 = 1.227699227312
    Eigs at center bond b=150: 0.4848 0.3738 0.0507 0.0391 0.0229 0.0177 0.0024 0.0023 0.0018 0.0018 
    Largest link dim during sweep 46/87 was 135
    Largest truncation error: 7.15566e-09
    Energy after sweep 46/87 is -225.456789151070
    Sweep 46/87 CPU time = 4m, 10.3s (Wall time = 16.06s)

    vN Entropy at center bond b=150 = 1.227699275660
    Eigs at center bond b=150: 0.4848 0.3738 0.0507 0.0391 0.0229 0.0177 0.0024 0.0023 0.0018 0.0018 
    Largest link dim during sweep 47/87 was 135
    Largest truncation error: 7.15566e-09
    Energy after sweep 47/87 is -225.456789151637
    Sweep 47/87 CPU time = 4m, 10.6s (Wall time = 16.11s)

    vN Entropy at center bond b=150 = 1.227699288542
    Eigs at center bond b=150: 0.4848 0.3738 0.0507 0.0391 0.0229 0.0177 0.0024 0.0023 0.0018 0.0018 
    Largest link dim during sweep 48/87 was 135
    Largest truncation error: 7.15566e-09
    Energy after sweep 48/87 is -225.456789152024
    Sweep 48/87 CPU time = 4m, 10.8s (Wall time = 16.09s)

    vN Entropy at center bond b=150 = 1.227699296381
    Eigs at center bond b=150: 0.4848 0.3738 0.0507 0.0391 0.0229 0.0177 0.0024 0.0023 0.0018 0.0018 
    Largest link dim during sweep 49/87 was 135
    Largest truncation error: 7.15566e-09
    Energy after sweep 49/87 is -225.456789152484
    Sweep 49/87 CPU time = 4m, 10.1s (Wall time = 16.06s)

    vN Entropy at center bond b=150 = 1.227699282581
    Eigs at center bond b=150: 0.4848 0.3738 0.0507 0.0391 0.0229 0.0177 0.0024 0.0023 0.0018 0.0018 
    Largest link dim during sweep 50/87 was 135
    Largest truncation error: 7.15566e-09
    Energy after sweep 50/87 is -225.456789153116
    Sweep 50/87 CPU time = 4m, 10.1s (Wall time = 16.04s)

    vN Entropy at center bond b=150 = 1.227699225999
    Eigs at center bond b=150: 0.4848 0.3738 0.0507 0.0391 0.0229 0.0177 0.0024 0.0023 0.0018 0.0018 
    Largest link dim during sweep 51/87 was 135
    Largest truncation error: 7.15566e-09
    Energy after sweep 51/87 is -225.456789157645
    Sweep 51/87 CPU time = 4m, 10.2s (Wall time = 16.07s)

    vN Entropy at center bond b=150 = 1.227699229130
    Eigs at center bond b=150: 0.4848 0.3738 0.0507 0.0391 0.0229 0.0177 0.0024 0.0023 0.0018 0.0018 
    Largest link dim during sweep 52/87 was 135
    Largest truncation error: 7.15566e-09
    Energy after sweep 52/87 is -225.456789158311
    Sweep 52/87 CPU time = 4m, 10.8s (Wall time = 16.14s)

    vN Entropy at center bond b=150 = 1.227699216354
    Eigs at center bond b=150: 0.4848 0.3738 0.0507 0.0391 0.0229 0.0177 0.0024 0.0023 0.0018 0.0018 
    Largest link dim during sweep 53/87 was 135
    Largest truncation error: 7.15566e-09
    Energy after sweep 53/87 is -225.456789158710
    Sweep 53/87 CPU time = 4m, 10.1s (Wall time = 16.05s)

    vN Entropy at center bond b=150 = 1.227699275764
    Eigs at center bond b=150: 0.4848 0.3738 0.0507 0.0391 0.0229 0.0177 0.0024 0.0023 0.0018 0.0018 
    Largest link dim during sweep 54/87 was 135
    Largest truncation error: 7.15566e-09
    Energy after sweep 54/87 is -225.456789159020
    Sweep 54/87 CPU time = 4m, 12.4s (Wall time = 16.19s)

    vN Entropy at center bond b=150 = 1.227699285401
    Eigs at center bond b=150: 0.4848 0.3738 0.0507 0.0391 0.0229 0.0177 0.0024 0.0023 0.0018 0.0018 
    Largest link dim during sweep 55/87 was 135
    Largest truncation error: 7.15566e-09
    Energy after sweep 55/87 is -225.456789159199
    Sweep 55/87 CPU time = 4m, 34.9s (Wall time = 17.64s)

    vN Entropy at center bond b=150 = 1.227699596398
    Eigs at center bond b=150: 0.4848 0.3738 0.0507 0.0391 0.0229 0.0177 0.0024 0.0023 0.0018 0.0018 
    Largest link dim during sweep 56/87 was 135
    Largest truncation error: 7.15566e-09
    Energy after sweep 56/87 is -225.456789160087
    Sweep 56/87 CPU time = 4m, 31.9s (Wall time = 17.45s)

    vN Entropy at center bond b=150 = 1.227699350056
    Eigs at center bond b=150: 0.4848 0.3738 0.0507 0.0391 0.0229 0.0177 0.0024 0.0023 0.0018 0.0018 
    Largest link dim during sweep 57/87 was 135
    Largest truncation error: 7.15566e-09
    Energy after sweep 57/87 is -225.456789160204
    Sweep 57/87 CPU time = 4m, 29.2s (Wall time = 17.34s)

    vN Entropy at center bond b=150 = 1.227699365112
    Eigs at center bond b=150: 0.4848 0.3738 0.0507 0.0391 0.0229 0.0177 0.0024 0.0023 0.0018 0.0018 
    Largest link dim during sweep 58/87 was 135
    Largest truncation error: 7.15566e-09
    Energy after sweep 58/87 is -225.456789160604
    Sweep 58/87 CPU time = 4m, 30.6s (Wall time = 17.38s)

    vN Entropy at center bond b=150 = 1.228524770625
    Eigs at center bond b=150: 0.4847 0.3737 0.0508 0.0391 0.0229 0.0178 0.0024 0.0023 0.0018 0.0018 
    Largest link dim during sweep 59/87 was 257
    Largest truncation error: 7.31553e-11
    Energy after sweep 59/87 is -225.456804662820
    Sweep 59/87 CPU time = 13m, 13s (Wall time = 54.34s)

    vN Entropy at center bond b=150 = 1.228680720807
    Eigs at center bond b=150: 0.4846 0.3737 0.0508 0.0391 0.0229 0.0178 0.0024 0.0023 0.0018 0.0018 
    Largest link dim during sweep 60/87 was 283
    Largest truncation error: 7.36825e-11
    Energy after sweep 60/87 is -225.456804862851
    Sweep 60/87 CPU time = 21m, 27s (Wall time = 1m, 26.5s)

    vN Entropy at center bond b=150 = 1.228689668315
    Eigs at center bond b=150: 0.4846 0.3737 0.0508 0.0391 0.0229 0.0178 0.0024 0.0023 0.0018 0.0018 
    Largest link dim during sweep 61/87 was 288
    Largest truncation error: 7.37098e-11
    Energy after sweep 61/87 is -225.456804877323
    Sweep 61/87 CPU time = 24m, 7s (Wall time = 1m, 36.0s)

    vN Entropy at center bond b=150 = 1.228690795797
    Eigs at center bond b=150: 0.4846 0.3737 0.0508 0.0391 0.0229 0.0178 0.0024 0.0023 0.0018 0.0018 
    Largest link dim during sweep 62/87 was 289
    Largest truncation error: 7.37106e-11
    Energy after sweep 62/87 is -225.456804879753
    Sweep 62/87 CPU time = 24m, 42s (Wall time = 1m, 38.0s)

    vN Entropy at center bond b=150 = 1.228691048203
    Eigs at center bond b=150: 0.4846 0.3737 0.0508 0.0391 0.0229 0.0178 0.0024 0.0023 0.0018 0.0018 
    Largest link dim during sweep 63/87 was 290
    Largest truncation error: 7.37104e-11
    Energy after sweep 63/87 is -225.456804880369
    Sweep 63/87 CPU time = 25m, 0s (Wall time = 1m, 38.7s)

    vN Entropy at center bond b=150 = 1.228691091046
    Eigs at center bond b=150: 0.4846 0.3737 0.0508 0.0391 0.0229 0.0178 0.0024 0.0023 0.0018 0.0018 
    Largest link dim during sweep 64/87 was 290
    Largest truncation error: 7.37105e-11
    Energy after sweep 64/87 is -225.456804880435
    Sweep 64/87 CPU time = 24m, 25s (Wall time = 1m, 36.1s)

    vN Entropy at center bond b=150 = 1.228691102932
    Eigs at center bond b=150: 0.4846 0.3737 0.0508 0.0391 0.0229 0.0178 0.0024 0.0023 0.0018 0.0018 
    Largest link dim during sweep 65/87 was 290
    Largest truncation error: 7.37106e-11
    Energy after sweep 65/87 is -225.456804880494
    Sweep 65/87 CPU time = 24m, 23s (Wall time = 1m, 36.0s)

    vN Entropy at center bond b=150 = 1.228691105099
    Eigs at center bond b=150: 0.4846 0.3737 0.0508 0.0391 0.0229 0.0178 0.0024 0.0023 0.0018 0.0018 
    Largest link dim during sweep 66/87 was 290
    Largest truncation error: 7.37104e-11
    Energy after sweep 66/87 is -225.456804880497
    Sweep 66/87 CPU time = 24m, 30s (Wall time = 1m, 36.6s)

    vN Entropy at center bond b=150 = 1.228691105753
    Eigs at center bond b=150: 0.4846 0.3737 0.0508 0.0391 0.0229 0.0178 0.0024 0.0023 0.0018 0.0018 
    Largest link dim during sweep 67/87 was 290
    Largest truncation error: 7.37105e-11
    Energy after sweep 67/87 is -225.456804880508
    Sweep 67/87 CPU time = 24m, 17s (Wall time = 1m, 35.5s)

    vN Entropy at center bond b=150 = 1.228691106038
    Eigs at center bond b=150: 0.4846 0.3737 0.0508 0.0391 0.0229 0.0178 0.0024 0.0023 0.0018 0.0018 
    Largest link dim during sweep 68/87 was 290
    Largest truncation error: 7.37103e-11
    Energy after sweep 68/87 is -225.456804880506
    Sweep 68/87 CPU time = 24m, 20s (Wall time = 1m, 35.6s)

    vN Entropy at center bond b=150 = 1.228691106178
    Eigs at center bond b=150: 0.4846 0.3737 0.0508 0.0391 0.0229 0.0178 0.0024 0.0023 0.0018 0.0018 
    Largest link dim during sweep 69/87 was 290
    Largest truncation error: 7.37105e-11
    Energy after sweep 69/87 is -225.456804880523
    Sweep 69/87 CPU time = 24m, 16s (Wall time = 1m, 35.3s)

    vN Entropy at center bond b=150 = 1.228691106491
    Eigs at center bond b=150: 0.4846 0.3737 0.0508 0.0391 0.0229 0.0178 0.0024 0.0023 0.0018 0.0018 
    Largest link dim during sweep 70/87 was 290
    Largest truncation error: 7.37105e-11
    Energy after sweep 70/87 is -225.456804880518
    Sweep 70/87 CPU time = 24m, 22s (Wall time = 1m, 35.9s)

    vN Entropy at center bond b=150 = 1.228691106577
    Eigs at center bond b=150: 0.4846 0.3737 0.0508 0.0391 0.0229 0.0178 0.0024 0.0023 0.0018 0.0018 
    Largest link dim during sweep 71/87 was 290
    Largest truncation error: 7.37101e-11
    Energy after sweep 71/87 is -225.456804880523
    Sweep 71/87 CPU time = 24m, 17s (Wall time = 1m, 35.6s)

    vN Entropy at center bond b=150 = 1.228691106631
    Eigs at center bond b=150: 0.4846 0.3737 0.0508 0.0391 0.0229 0.0178 0.0024 0.0023 0.0018 0.0018 
    Largest link dim during sweep 72/87 was 290
    Largest truncation error: 7.37106e-11
    Energy after sweep 72/87 is -225.456804880520
    Sweep 72/87 CPU time = 24m, 28s (Wall time = 1m, 36.0s)

    vN Entropy at center bond b=150 = 1.228691106676
    Eigs at center bond b=150: 0.4846 0.3737 0.0508 0.0391 0.0229 0.0178 0.0024 0.0023 0.0018 0.0018 
    Largest link dim during sweep 73/87 was 290
    Largest truncation error: 7.37106e-11
    Energy after sweep 73/87 is -225.456804880522
    Sweep 73/87 CPU time = 24m, 25s (Wall time = 1m, 35.8s)

    vN Entropy at center bond b=150 = 1.228691106692
    Eigs at center bond b=150: 0.4846 0.3737 0.0508 0.0391 0.0229 0.0178 0.0024 0.0023 0.0018 0.0018 
    Largest link dim during sweep 74/87 was 290
    Largest truncation error: 7.37105e-11
    Energy after sweep 74/87 is -225.456804880524
    Sweep 74/87 CPU time = 25m, 10s (Wall time = 1m, 38.9s)

    vN Entropy at center bond b=150 = 1.228704967542
    Eigs at center bond b=150: 0.4846 0.3737 0.0508 0.0391 0.0229 0.0178 0.0024 0.0023 0.0018 0.0018 
    Largest link dim during sweep 75/87 was 515
    Largest truncation error: 7.74193e-13
    Energy after sweep 75/87 is -225.456805051118
    Sweep 75/87 CPU time = 46m, 59s (Wall time = 3m, 9.7s)

    vN Entropy at center bond b=150 = 1.228707998871
    Eigs at center bond b=150: 0.4846 0.3737 0.0508 0.0391 0.0229 0.0178 0.0024 0.0023 0.0018 0.0018 
    Largest link dim during sweep 76/87 was 544
    Largest truncation error: 7.48969e-13
    Energy after sweep 76/87 is -225.456805052704
    Sweep 76/87 CPU time = 1h, 10m, 60s (Wall time = 4m, 44.2s)

    vN Entropy at center bond b=150 = 1.228708170000
    Eigs at center bond b=150: 0.4846 0.3737 0.0508 0.0391 0.0229 0.0178 0.0024 0.0023 0.0018 0.0018 
    Largest link dim during sweep 77/87 was 545
    Largest truncation error: 7.48947e-13
    Energy after sweep 77/87 is -225.456805052764
    Sweep 77/87 CPU time = 1h, 11m, 51s (Wall time = 4m, 46.1s)

    vN Entropy at center bond b=150 = 1.228708191327
    Eigs at center bond b=150: 0.4846 0.3737 0.0508 0.0391 0.0229 0.0178 0.0024 0.0023 0.0018 0.0018 
    Largest link dim during sweep 78/87 was 547
    Largest truncation error: 7.48927e-13
    Energy after sweep 78/87 is -225.456805052780
    Sweep 78/87 CPU time = 1h, 11m, 50s (Wall time = 4m, 44.9s)

    vN Entropy at center bond b=150 = 1.228708196338
    Eigs at center bond b=150: 0.4846 0.3737 0.0508 0.0391 0.0229 0.0178 0.0024 0.0023 0.0018 0.0018 
    Largest link dim during sweep 79/87 was 547
    Largest truncation error: 7.49019e-13
    Energy after sweep 79/87 is -225.456805052790
    Sweep 79/87 CPU time = 1h, 12m, 56s (Wall time = 4m, 51.3s)

    vN Entropy at center bond b=150 = 1.228708197659
    Eigs at center bond b=150: 0.4846 0.3737 0.0508 0.0391 0.0229 0.0178 0.0024 0.0023 0.0018 0.0018 
    Largest link dim during sweep 80/87 was 547
    Largest truncation error: 7.49049e-13
    Energy after sweep 80/87 is -225.456805052783
    Sweep 80/87 CPU time = 1h, 13m, 40s (Wall time = 4m, 56.3s)

    vN Entropy at center bond b=150 = 1.228708198096
    Eigs at center bond b=150: 0.4846 0.3737 0.0508 0.0391 0.0229 0.0178 0.0024 0.0023 0.0018 0.0018 
    Largest link dim during sweep 81/87 was 547
    Largest truncation error: 7.49058e-13
    Energy after sweep 81/87 is -225.456805052791
    Sweep 81/87 CPU time = 1h, 13m, 33s (Wall time = 4m, 55.3s)

    vN Entropy at center bond b=150 = 1.228708198276
    Eigs at center bond b=150: 0.4846 0.3737 0.0508 0.0391 0.0229 0.0178 0.0024 0.0023 0.0018 0.0018 
    Largest link dim during sweep 82/87 was 547
    Largest truncation error: 7.48902e-13
    Energy after sweep 82/87 is -225.456805052786
    Sweep 82/87 CPU time = 1h, 13m, 51s (Wall time = 4m, 57.9s)

    vN Entropy at center bond b=150 = 1.228708390822
    Eigs at center bond b=150: 0.4846 0.3737 0.0508 0.0391 0.0229 0.0178 0.0024 0.0023 0.0018 0.0018 
    Largest link dim during sweep 83/87 was 509
    Largest truncation error: 7.47108e-13
    Energy after sweep 83/87 is -225.456805052178
    Sweep 83/87 CPU time = 56m, 52s (Wall time = 3m, 48.5s)

    vN Entropy at center bond b=150 = 1.228708576884
    Eigs at center bond b=150: 0.4846 0.3737 0.0508 0.0391 0.0229 0.0178 0.0024 0.0023 0.0018 0.0018 
    Largest link dim during sweep 84/87 was 874
    Largest truncation error: 7.36949e-15
    Energy after sweep 84/87 is -225.456805054693
    Sweep 84/87 CPU time = 2h, 14m, 12s (Wall time = 8m, 57.0s)

    vN Entropy at center bond b=150 = 1.228708624344
    Eigs at center bond b=150: 0.4846 0.3737 0.0508 0.0391 0.0229 0.0178 0.0024 0.0023 0.0018 0.0018 
    Largest link dim during sweep 85/87 was 918
    Largest truncation error: 7.60316e-15
    Energy after sweep 85/87 is -225.456805054726
    Sweep 85/87 CPU time = 3h, 35m, 31s (Wall time = 14m, 57s)

    vN Entropy at center bond b=150 = 1.228708626953
    Eigs at center bond b=150: 0.4846 0.3737 0.0508 0.0391 0.0229 0.0178 0.0024 0.0023 0.0018 0.0018 
    Largest link dim during sweep 86/87 was 916
    Largest truncation error: 7.38358e-15
    Energy after sweep 86/87 is -225.456805054719
    Sweep 86/87 CPU time = 3h, 27m, 9s (Wall time = 14m, 14s)

    vN Entropy at center bond b=150 = 1.228708627218
    Eigs at center bond b=150: 0.4846 0.3737 0.0508 0.0391 0.0229 0.0178 0.0024 0.0023 0.0018 0.0018 
    Largest link dim during sweep 87/87 was 917
    Largest truncation error: 7.38631e-15
    Energy after sweep 87/87 is -225.456805054725
    Sweep 87/87 CPU time = 3h, 28m, 55s (Wall time = 14m, 22s)
Initial energy = 150.00000

Ground State Energy = -225.4568050547
run_outputs/outputpsi/N_300_sweep_87_t_0.030000_J_1.000000_V_0.600000_D_0.018000_U_0.140000_mu_1.000000_E_0.000000 converge
Wall-clock time (s) = 49021.481816
