//////////////////////////
Reading input file ......

Got input.N = 300
Got input.t = 0.03
Got input.J = 1
Got input.V = 0.6
Got input.D = 0.018
Got input.U = 0.56
Got input.mu = 1
Got input.E = 0
Got input.nsweeps = 87
Sweeps:
1  MaxDim=20, MinDim=20, Cutoff=1.0E-06, Niter=8, Noise=1.0E-05
2  MaxDim=20, MinDim=20, Cutoff=1.0E-06, Niter=8, Noise=1.0E-05
3  MaxDim=20, MinDim=20, Cutoff=1.0E-06, Niter=8, Noise=1.0E-05
4  MaxDim=20, MinDim=20, Cutoff=1.0E-06, Niter=8, Noise=1.0E-05
5  MaxDim=20, MinDim=20, Cutoff=1.0E-06, Niter=8, Noise=1.0E-05
6  MaxDim=20, MinDim=20, Cutoff=1.0E-06, Niter=8, Noise=1.0E-05
7  MaxDim=20, MinDim=20, Cutoff=1.0E-06, Niter=8, Noise=1.0E-05
8  MaxDim=40, MinDim=20, Cutoff=1.0E-06, Niter=4, Noise=1.0E-05
9  MaxDim=40, MinDim=20, Cutoff=1.0E-06, Niter=4, Noise=1.0E-05
10  MaxDim=40, MinDim=20, Cutoff=1.0E-06, Niter=4, Noise=1.0E-05
11  MaxDim=40, MinDim=20, Cutoff=1.0E-06, Niter=4, Noise=1.0E-05
12  MaxDim=40, MinDim=20, Cutoff=1.0E-06, Niter=4, Noise=1.0E-05
13  MaxDim=40, MinDim=20, Cutoff=1.0E-06, Niter=4, Noise=1.0E-05
14  MaxDim=40, MinDim=20, Cutoff=1.0E-06, Niter=4, Noise=1.0E-05
15  MaxDim=80, MinDim=10, Cutoff=1.0E-06, Niter=4, Noise=1.0E-05
16  MaxDim=80, MinDim=10, Cutoff=1.0E-06, Niter=4, Noise=1.0E-05
17  MaxDim=80, MinDim=10, Cutoff=1.0E-06, Niter=4, Noise=1.0E-05
18  MaxDim=80, MinDim=10, Cutoff=1.0E-06, Niter=4, Noise=1.0E-05
19  MaxDim=80, MinDim=10, Cutoff=1.0E-06, Niter=4, Noise=1.0E-05
20  MaxDim=80, MinDim=10, Cutoff=1.0E-06, Niter=4, Noise=1.0E-05
21  MaxDim=80, MinDim=10, Cutoff=1.0E-06, Niter=4, Noise=1.0E-05
22  MaxDim=80, MinDim=10, Cutoff=1.0E-06, Niter=4, Noise=1.0E-05
23  MaxDim=80, MinDim=10, Cutoff=1.0E-06, Niter=4, Noise=1.0E-05
24  MaxDim=80, MinDim=10, Cutoff=1.0E-06, Niter=4, Noise=1.0E-05
25  MaxDim=80, MinDim=10, Cutoff=1.0E-06, Niter=4, Noise=1.0E-05
26  MaxDim=80, MinDim=10, Cutoff=1.0E-06, Niter=4, Noise=1.0E-05
27  MaxDim=80, MinDim=10, Cutoff=1.0E-06, Niter=4, Noise=1.0E-05
28  MaxDim=80, MinDim=10, Cutoff=1.0E-06, Niter=4, Noise=1.0E-05
29  MaxDim=80, MinDim=10, Cutoff=1.0E-06, Niter=4, Noise=1.0E-05
30  MaxDim=80, MinDim=10, Cutoff=1.0E-06, Niter=4, Noise=1.0E-05
31  MaxDim=80, MinDim=10, Cutoff=1.0E-06, Niter=4, Noise=1.0E-05
32  MaxDim=80, MinDim=10, Cutoff=1.0E-06, Niter=4, Noise=1.0E-05
33  MaxDim=80, MinDim=10, Cutoff=1.0E-06, Niter=4, Noise=1.0E-05
34  MaxDim=80, MinDim=10, Cutoff=1.0E-06, Niter=4, Noise=1.0E-05
35  MaxDim=80, MinDim=10, Cutoff=1.0E-06, Niter=4, Noise=1.0E-05
36  MaxDim=80, MinDim=10, Cutoff=1.0E-06, Niter=4, Noise=1.0E-05
37  MaxDim=160, MinDim=10, Cutoff=1.0E-08, Niter=4, Noise=1.0E-06
38  MaxDim=160, MinDim=10, Cutoff=1.0E-08, Niter=4, Noise=1.0E-06
39  MaxDim=160, MinDim=10, Cutoff=1.0E-08, Niter=4, Noise=1.0E-06
40  MaxDim=160, MinDim=10, Cutoff=1.0E-08, Niter=4, Noise=1.0E-06
41  MaxDim=160, MinDim=10, Cutoff=1.0E-08, Niter=4, Noise=1.0E-06
42  MaxDim=160, MinDim=10, Cutoff=1.0E-08, Niter=4, Noise=1.0E-06
43  MaxDim=160, MinDim=10, Cutoff=1.0E-08, Niter=4, Noise=1.0E-06
44  MaxDim=160, MinDim=10, Cutoff=1.0E-08, Niter=4, Noise=1.0E-06
45  MaxDim=160, MinDim=10, Cutoff=1.0E-08, Niter=4, Noise=1.0E-06
46  MaxDim=160, MinDim=10, Cutoff=1.0E-08, Niter=4, Noise=1.0E-06
47  MaxDim=160, MinDim=10, Cutoff=1.0E-08, Niter=4, Noise=1.0E-06
48  MaxDim=160, MinDim=10, Cutoff=1.0E-08, Niter=4, Noise=1.0E-06
49  MaxDim=160, MinDim=10, Cutoff=1.0E-08, Niter=4, Noise=1.0E-06
50  MaxDim=160, MinDim=10, Cutoff=1.0E-08, Niter=4, Noise=1.0E-06
51  MaxDim=160, MinDim=10, Cutoff=1.0E-08, Niter=4, Noise=1.0E-06
52  MaxDim=160, MinDim=10, Cutoff=1.0E-08, Niter=4, Noise=1.0E-06
53  MaxDim=160, MinDim=10, Cutoff=1.0E-08, Niter=4, Noise=1.0E-06
54  MaxDim=160, MinDim=10, Cutoff=1.0E-08, Niter=4, Noise=1.0E-06
55  MaxDim=160, MinDim=10, Cutoff=1.0E-08, Niter=4, Noise=1.0E-06
56  MaxDim=160, MinDim=10, Cutoff=1.0E-08, Niter=4, Noise=1.0E-06
57  MaxDim=160, MinDim=10, Cutoff=1.0E-08, Niter=4, Noise=1.0E-06
58  MaxDim=160, MinDim=10, Cutoff=1.0E-08, Niter=4, Noise=1.0E-06
59  MaxDim=320, MinDim=10, Cutoff=1.0E-10, Niter=4, Noise=1.0E-07
60  MaxDim=320, MinDim=10, Cutoff=1.0E-10, Niter=4, Noise=1.0E-07
61  MaxDim=320, MinDim=10, Cutoff=1.0E-10, Niter=4, Noise=1.0E-07
62  MaxDim=320, MinDim=10, Cutoff=1.0E-10, Niter=4, Noise=1.0E-07
63  MaxDim=320, MinDim=10, Cutoff=1.0E-10, Niter=4, Noise=1.0E-07
64  MaxDim=320, MinDim=10, Cutoff=1.0E-10, Niter=4, Noise=1.0E-07
65  MaxDim=320, MinDim=10, Cutoff=1.0E-10, Niter=4, Noise=1.0E-07
66  MaxDim=320, MinDim=10, Cutoff=1.0E-10, Niter=4, Noise=1.0E-07
67  MaxDim=320, MinDim=10, Cutoff=1.0E-10, Niter=4, Noise=1.0E-07
68  MaxDim=320, MinDim=10, Cutoff=1.0E-10, Niter=4, Noise=1.0E-07
69  MaxDim=320, MinDim=10, Cutoff=1.0E-10, Niter=4, Noise=1.0E-07
70  MaxDim=320, MinDim=10, Cutoff=1.0E-10, Niter=4, Noise=1.0E-07
71  MaxDim=320, MinDim=10, Cutoff=1.0E-10, Niter=4, Noise=1.0E-07
72  MaxDim=320, MinDim=10, Cutoff=1.0E-10, Niter=4, Noise=1.0E-07
73  MaxDim=320, MinDim=10, Cutoff=1.0E-10, Niter=4, Noise=1.0E-07
74  MaxDim=320, MinDim=10, Cutoff=1.0E-10, Niter=4, Noise=1.0E-07
75  MaxDim=640, MinDim=10, Cutoff=1.0E-12, Niter=2, Noise=1.0E-08
76  MaxDim=640, MinDim=10, Cutoff=1.0E-12, Niter=2, Noise=1.0E-08
77  MaxDim=640, MinDim=10, Cutoff=1.0E-12, Niter=2, Noise=1.0E-08
78  MaxDim=640, MinDim=10, Cutoff=1.0E-12, Niter=2, Noise=1.0E-08
79  MaxDim=640, MinDim=10, Cutoff=1.0E-12, Niter=2, Noise=1.0E-08
80  MaxDim=640, MinDim=10, Cutoff=1.0E-12, Niter=2, Noise=1.0E-08
81  MaxDim=640, MinDim=10, Cutoff=1.0E-12, Niter=2, Noise=1.0E-08
82  MaxDim=640, MinDim=10, Cutoff=1.0E-12, Niter=2, Noise=1.0E-08
83  MaxDim=1280, MinDim=10, Cutoff=1.0E-12, Niter=2, Noise=0.0E+00
84  MaxDim=1280, MinDim=10, Cutoff=1.0E-14, Niter=2, Noise=0.0E+00
85  MaxDim=1280, MinDim=10, Cutoff=1.0E-14, Niter=2, Noise=0.0E+00
86  MaxDim=1280, MinDim=10, Cutoff=1.0E-14, Niter=2, Noise=0.0E+00
87  MaxDim=1280, MinDim=10, Cutoff=1.0E-14, Niter=2, Noise=0.0E+00


    vN Entropy at center bond b=150 = 0.666041881723
    Eigs at center bond b=150: 0.7282 0.2551 0.0103 0.0039 0.0010 
    Largest link dim during sweep 1/87 was 20
    Largest truncation error: 1.10096e-05
    Energy after sweep 1/87 is -167.592272387146
    Sweep 1/87 CPU time = 18.02s (Wall time = 1.176s)

    vN Entropy at center bond b=150 = 0.683379348764
    Eigs at center bond b=150: 0.7503 0.2188 0.0219 0.0065 0.0012 
    Largest link dim during sweep 2/87 was 20
    Largest truncation error: 2.03022e-06
    Energy after sweep 2/87 is -167.638234651621
    Sweep 2/87 CPU time = 25.37s (Wall time = 1.621s)

    vN Entropy at center bond b=150 = 0.683412679844
    Eigs at center bond b=150: 0.7503 0.2187 0.0219 0.0065 0.0012 
    Largest link dim during sweep 3/87 was 20
    Largest truncation error: 2.00022e-06
    Energy after sweep 3/87 is -167.638237749746
    Sweep 3/87 CPU time = 25.34s (Wall time = 1.630s)

    vN Entropy at center bond b=150 = 0.683413223134
    Eigs at center bond b=150: 0.7503 0.2187 0.0219 0.0065 0.0012 
    Largest link dim during sweep 4/87 was 20
    Largest truncation error: 1.99405e-06
    Energy after sweep 4/87 is -167.638234762028
    Sweep 4/87 CPU time = 25.29s (Wall time = 1.621s)

    vN Entropy at center bond b=150 = 0.683413021819
    Eigs at center bond b=150: 0.7503 0.2187 0.0219 0.0065 0.0012 
    Largest link dim during sweep 5/87 was 20
    Largest truncation error: 1.99332e-06
    Energy after sweep 5/87 is -167.638233147252
    Sweep 5/87 CPU time = 25.26s (Wall time = 1.619s)

    vN Entropy at center bond b=150 = 0.683412874684
    Eigs at center bond b=150: 0.7503 0.2187 0.0219 0.0065 0.0012 
    Largest link dim during sweep 6/87 was 20
    Largest truncation error: 1.99323e-06
    Energy after sweep 6/87 is -167.638232115038
    Sweep 6/87 CPU time = 25.37s (Wall time = 1.623s)

    vN Entropy at center bond b=150 = 0.683412792065
    Eigs at center bond b=150: 0.7503 0.2187 0.0219 0.0065 0.0012 
    Largest link dim during sweep 7/87 was 20
    Largest truncation error: 1.99321e-06
    Energy after sweep 7/87 is -167.638231412074
    Sweep 7/87 CPU time = 25.34s (Wall time = 1.623s)

    vN Entropy at center bond b=150 = 0.683747582544
    Eigs at center bond b=150: 0.7502 0.2187 0.0219 0.0065 0.0012 
    Largest link dim during sweep 8/87 was 25
    Largest truncation error: 7.48045e-07
    Energy after sweep 8/87 is -167.639458798174
    Sweep 8/87 CPU time = 15.01s (Wall time = 0.958s)

    vN Entropy at center bond b=150 = 0.683848311791
    Eigs at center bond b=150: 0.7502 0.2187 0.0219 0.0065 0.0012 
    Largest link dim during sweep 9/87 was 25
    Largest truncation error: 7.51029e-07
    Energy after sweep 9/87 is -167.639466734661
    Sweep 9/87 CPU time = 15.67s (Wall time = 1.003s)

    vN Entropy at center bond b=150 = 0.683848691156
    Eigs at center bond b=150: 0.7502 0.2187 0.0219 0.0065 0.0012 
    Largest link dim during sweep 10/87 was 25
    Largest truncation error: 7.51173e-07
    Energy after sweep 10/87 is -167.639466765996
    Sweep 10/87 CPU time = 15.56s (Wall time = 0.995s)

    vN Entropy at center bond b=150 = 0.683848693155
    Eigs at center bond b=150: 0.7502 0.2187 0.0219 0.0065 0.0012 
    Largest link dim during sweep 11/87 was 25
    Largest truncation error: 7.51179e-07
    Energy after sweep 11/87 is -167.639466766939
    Sweep 11/87 CPU time = 15.65s (Wall time = 1.000s)

    vN Entropy at center bond b=150 = 0.683848693074
    Eigs at center bond b=150: 0.7502 0.2187 0.0219 0.0065 0.0012 
    Largest link dim during sweep 12/87 was 25
    Largest truncation error: 7.5118e-07
    Energy after sweep 12/87 is -167.639466767004
    Sweep 12/87 CPU time = 15.60s (Wall time = 1.004s)

    vN Entropy at center bond b=150 = 0.683848693066
    Eigs at center bond b=150: 0.7502 0.2187 0.0219 0.0065 0.0012 
    Largest link dim during sweep 13/87 was 25
    Largest truncation error: 7.5118e-07
    Energy after sweep 13/87 is -167.639466767007
    Sweep 13/87 CPU time = 15.70s (Wall time = 1.004s)

    vN Entropy at center bond b=150 = 0.683848693066
    Eigs at center bond b=150: 0.7502 0.2187 0.0219 0.0065 0.0012 
    Largest link dim during sweep 14/87 was 25
    Largest truncation error: 7.5118e-07
    Energy after sweep 14/87 is -167.639466767009
    Sweep 14/87 CPU time = 15.64s (Wall time = 1.003s)

    vN Entropy at center bond b=150 = 0.683848693114
    Eigs at center bond b=150: 0.7502 0.2187 0.0219 0.0065 0.0012 
    Largest link dim during sweep 15/87 was 25
    Largest truncation error: 7.53208e-07
    Energy after sweep 15/87 is -167.639454816932
    Sweep 15/87 CPU time = 15.65s (Wall time = 1.002s)

    vN Entropy at center bond b=150 = 0.683848693113
    Eigs at center bond b=150: 0.7502 0.2187 0.0219 0.0065 0.0012 
    Largest link dim during sweep 16/87 was 25
    Largest truncation error: 7.46509e-07
    Energy after sweep 16/87 is -167.639454792424
    Sweep 16/87 CPU time = 15.62s (Wall time = 0.997s)

    vN Entropy at center bond b=150 = 0.683848693113
    Eigs at center bond b=150: 0.7502 0.2187 0.0219 0.0065 0.0012 
    Largest link dim during sweep 17/87 was 25
    Largest truncation error: 7.46421e-07
    Energy after sweep 17/87 is -167.639454791087
    Sweep 17/87 CPU time = 15.64s (Wall time = 1.003s)

    vN Entropy at center bond b=150 = 0.683848693113
    Eigs at center bond b=150: 0.7502 0.2187 0.0219 0.0065 0.0012 
    Largest link dim during sweep 18/87 was 25
    Largest truncation error: 7.46418e-07
    Energy after sweep 18/87 is -167.639454791008
    Sweep 18/87 CPU time = 15.56s (Wall time = 0.999s)

    vN Entropy at center bond b=150 = 0.683848693113
    Eigs at center bond b=150: 0.7502 0.2187 0.0219 0.0065 0.0012 
    Largest link dim during sweep 19/87 was 25
    Largest truncation error: 7.46418e-07
    Energy after sweep 19/87 is -167.639454791005
    Sweep 19/87 CPU time = 15.61s (Wall time = 0.997s)

    vN Entropy at center bond b=150 = 0.683848693113
    Eigs at center bond b=150: 0.7502 0.2187 0.0219 0.0065 0.0012 
    Largest link dim during sweep 20/87 was 25
    Largest truncation error: 7.46418e-07
    Energy after sweep 20/87 is -167.639454791004
    Sweep 20/87 CPU time = 15.60s (Wall time = 0.999s)

    vN Entropy at center bond b=150 = 0.683848693113
    Eigs at center bond b=150: 0.7502 0.2187 0.0219 0.0065 0.0012 
    Largest link dim during sweep 21/87 was 25
    Largest truncation error: 7.46418e-07
    Energy after sweep 21/87 is -167.639454791001
    Sweep 21/87 CPU time = 15.53s (Wall time = 0.999s)

    vN Entropy at center bond b=150 = 0.683848693113
    Eigs at center bond b=150: 0.7502 0.2187 0.0219 0.0065 0.0012 
    Largest link dim during sweep 22/87 was 25
    Largest truncation error: 7.46418e-07
    Energy after sweep 22/87 is -167.639454791001
    Sweep 22/87 CPU time = 15.46s (Wall time = 0.989s)

    vN Entropy at center bond b=150 = 0.683848693113
    Eigs at center bond b=150: 0.7502 0.2187 0.0219 0.0065 0.0012 
    Largest link dim during sweep 23/87 was 25
    Largest truncation error: 7.46418e-07
    Energy after sweep 23/87 is -167.639454791003
    Sweep 23/87 CPU time = 15.54s (Wall time = 0.995s)

    vN Entropy at center bond b=150 = 0.683848693113
    Eigs at center bond b=150: 0.7502 0.2187 0.0219 0.0065 0.0012 
    Largest link dim during sweep 24/87 was 25
    Largest truncation error: 7.46418e-07
    Energy after sweep 24/87 is -167.639454791003
    Sweep 24/87 CPU time = 15.56s (Wall time = 0.997s)

    vN Entropy at center bond b=150 = 0.683848693114
    Eigs at center bond b=150: 0.7502 0.2187 0.0219 0.0065 0.0012 
    Largest link dim during sweep 25/87 was 25
    Largest truncation error: 7.46418e-07
    Energy after sweep 25/87 is -167.639454791005
    Sweep 25/87 CPU time = 15.38s (Wall time = 0.987s)

    vN Entropy at center bond b=150 = 0.683848693113
    Eigs at center bond b=150: 0.7502 0.2187 0.0219 0.0065 0.0012 
    Largest link dim during sweep 26/87 was 25
    Largest truncation error: 7.46418e-07
    Energy after sweep 26/87 is -167.639454791001
    Sweep 26/87 CPU time = 15.47s (Wall time = 0.991s)

    vN Entropy at center bond b=150 = 0.683848693114
    Eigs at center bond b=150: 0.7502 0.2187 0.0219 0.0065 0.0012 
    Largest link dim during sweep 27/87 was 25
    Largest truncation error: 7.46418e-07
    Energy after sweep 27/87 is -167.639454791003
    Sweep 27/87 CPU time = 15.61s (Wall time = 0.995s)

    vN Entropy at center bond b=150 = 0.683848693113
    Eigs at center bond b=150: 0.7502 0.2187 0.0219 0.0065 0.0012 
    Largest link dim during sweep 28/87 was 25
    Largest truncation error: 7.46418e-07
    Energy after sweep 28/87 is -167.639454791002
    Sweep 28/87 CPU time = 15.62s (Wall time = 0.997s)

    vN Entropy at center bond b=150 = 0.683848693113
    Eigs at center bond b=150: 0.7502 0.2187 0.0219 0.0065 0.0012 
    Largest link dim during sweep 29/87 was 25
    Largest truncation error: 7.46418e-07
    Energy after sweep 29/87 is -167.639454791002
    Sweep 29/87 CPU time = 15.42s (Wall time = 0.991s)

    vN Entropy at center bond b=150 = 0.683848693113
    Eigs at center bond b=150: 0.7502 0.2187 0.0219 0.0065 0.0012 
    Largest link dim during sweep 30/87 was 25
    Largest truncation error: 7.46418e-07
    Energy after sweep 30/87 is -167.639454791004
    Sweep 30/87 CPU time = 15.41s (Wall time = 0.991s)

    vN Entropy at center bond b=150 = 0.683848693113
    Eigs at center bond b=150: 0.7502 0.2187 0.0219 0.0065 0.0012 
    Largest link dim during sweep 31/87 was 25
    Largest truncation error: 7.46418e-07
    Energy after sweep 31/87 is -167.639454791000
    Sweep 31/87 CPU time = 15.61s (Wall time = 1.000s)

    vN Entropy at center bond b=150 = 0.683848693113
    Eigs at center bond b=150: 0.7502 0.2187 0.0219 0.0065 0.0012 
    Largest link dim during sweep 32/87 was 25
    Largest truncation error: 7.46418e-07
    Energy after sweep 32/87 is -167.639454791003
    Sweep 32/87 CPU time = 15.56s (Wall time = 1.001s)

    vN Entropy at center bond b=150 = 0.683848693113
    Eigs at center bond b=150: 0.7502 0.2187 0.0219 0.0065 0.0012 
    Largest link dim during sweep 33/87 was 25
    Largest truncation error: 7.46418e-07
    Energy after sweep 33/87 is -167.639454791004
    Sweep 33/87 CPU time = 15.62s (Wall time = 1.000s)

    vN Entropy at center bond b=150 = 0.683848693113
    Eigs at center bond b=150: 0.7502 0.2187 0.0219 0.0065 0.0012 
    Largest link dim during sweep 34/87 was 25
    Largest truncation error: 7.46418e-07
    Energy after sweep 34/87 is -167.639454791003
    Sweep 34/87 CPU time = 15.57s (Wall time = 0.997s)

    vN Entropy at center bond b=150 = 0.683848693113
    Eigs at center bond b=150: 0.7502 0.2187 0.0219 0.0065 0.0012 
    Largest link dim during sweep 35/87 was 25
    Largest truncation error: 7.46418e-07
    Energy after sweep 35/87 is -167.639454791005
    Sweep 35/87 CPU time = 15.57s (Wall time = 0.998s)

    vN Entropy at center bond b=150 = 0.683848693113
    Eigs at center bond b=150: 0.7502 0.2187 0.0219 0.0065 0.0012 
    Largest link dim during sweep 36/87 was 25
    Largest truncation error: 7.46418e-07
    Energy after sweep 36/87 is -167.639454791006
    Sweep 36/87 CPU time = 15.55s (Wall time = 0.994s)

    vN Entropy at center bond b=150 = 0.684573692024
    Eigs at center bond b=150: 0.7500 0.2188 0.0220 0.0065 0.0012 
    Largest link dim during sweep 37/87 was 50
    Largest truncation error: 7.49968e-09
    Energy after sweep 37/87 is -167.640553278444
    Sweep 37/87 CPU time = 35.36s (Wall time = 2.270s)

    vN Entropy at center bond b=150 = 0.684640217713
    Eigs at center bond b=150: 0.7500 0.2188 0.0220 0.0065 0.0012 
    Largest link dim during sweep 38/87 was 53
    Largest truncation error: 7.48812e-09
    Energy after sweep 38/87 is -167.640558084576
    Sweep 38/87 CPU time = 52.47s (Wall time = 3.383s)

    vN Entropy at center bond b=150 = 0.684641738576
    Eigs at center bond b=150: 0.7500 0.2188 0.0220 0.0065 0.0012 
    Largest link dim during sweep 39/87 was 53
    Largest truncation error: 7.48741e-09
    Energy after sweep 39/87 is -167.640558111366
    Sweep 39/87 CPU time = 53.08s (Wall time = 3.410s)

    vN Entropy at center bond b=150 = 0.684641820992
    Eigs at center bond b=150: 0.7500 0.2188 0.0220 0.0065 0.0012 
    Largest link dim during sweep 40/87 was 53
    Largest truncation error: 7.49132e-09
    Energy after sweep 40/87 is -167.640558112678
    Sweep 40/87 CPU time = 53.57s (Wall time = 3.442s)

    vN Entropy at center bond b=150 = 0.684641826631
    Eigs at center bond b=150: 0.7500 0.2188 0.0220 0.0065 0.0012 
    Largest link dim during sweep 41/87 was 53
    Largest truncation error: 7.4916e-09
    Energy after sweep 41/87 is -167.640558112783
    Sweep 41/87 CPU time = 53.84s (Wall time = 3.452s)

    vN Entropy at center bond b=150 = 0.684641827061
    Eigs at center bond b=150: 0.7500 0.2188 0.0220 0.0065 0.0012 
    Largest link dim during sweep 42/87 was 53
    Largest truncation error: 7.49163e-09
    Energy after sweep 42/87 is -167.640558112791
    Sweep 42/87 CPU time = 53.75s (Wall time = 3.474s)

    vN Entropy at center bond b=150 = 0.684641827096
    Eigs at center bond b=150: 0.7500 0.2188 0.0220 0.0065 0.0012 
    Largest link dim during sweep 43/87 was 53
    Largest truncation error: 7.49163e-09
    Energy after sweep 43/87 is -167.640558112797
    Sweep 43/87 CPU time = 53.63s (Wall time = 3.445s)

    vN Entropy at center bond b=150 = 0.684641827099
    Eigs at center bond b=150: 0.7500 0.2188 0.0220 0.0065 0.0012 
    Largest link dim during sweep 44/87 was 53
    Largest truncation error: 7.49163e-09
    Energy after sweep 44/87 is -167.640558112795
    Sweep 44/87 CPU time = 53.69s (Wall time = 3.447s)

    vN Entropy at center bond b=150 = 0.684641827099
    Eigs at center bond b=150: 0.7500 0.2188 0.0220 0.0065 0.0012 
    Largest link dim during sweep 45/87 was 53
    Largest truncation error: 7.49163e-09
    Energy after sweep 45/87 is -167.640558112797
    Sweep 45/87 CPU time = 53.80s (Wall time = 3.454s)

    vN Entropy at center bond b=150 = 0.684641827099
    Eigs at center bond b=150: 0.7500 0.2188 0.0220 0.0065 0.0012 
    Largest link dim during sweep 46/87 was 53
    Largest truncation error: 7.49163e-09
    Energy after sweep 46/87 is -167.640558112796
    Sweep 46/87 CPU time = 53.71s (Wall time = 3.448s)

    vN Entropy at center bond b=150 = 0.684641827099
    Eigs at center bond b=150: 0.7500 0.2188 0.0220 0.0065 0.0012 
    Largest link dim during sweep 47/87 was 53
    Largest truncation error: 7.49163e-09
    Energy after sweep 47/87 is -167.640558112798
    Sweep 47/87 CPU time = 53.78s (Wall time = 3.448s)

    vN Entropy at center bond b=150 = 0.684641827099
    Eigs at center bond b=150: 0.7500 0.2188 0.0220 0.0065 0.0012 
    Largest link dim during sweep 48/87 was 53
    Largest truncation error: 7.49163e-09
    Energy after sweep 48/87 is -167.640558112795
    Sweep 48/87 CPU time = 53.79s (Wall time = 3.448s)

    vN Entropy at center bond b=150 = 0.684641827099
    Eigs at center bond b=150: 0.7500 0.2188 0.0220 0.0065 0.0012 
    Largest link dim during sweep 49/87 was 53
    Largest truncation error: 7.49163e-09
    Energy after sweep 49/87 is -167.640558112797
    Sweep 49/87 CPU time = 53.72s (Wall time = 3.451s)

    vN Entropy at center bond b=150 = 0.684641827099
    Eigs at center bond b=150: 0.7500 0.2188 0.0220 0.0065 0.0012 
    Largest link dim during sweep 50/87 was 53
    Largest truncation error: 7.49163e-09
    Energy after sweep 50/87 is -167.640558112792
    Sweep 50/87 CPU time = 53.82s (Wall time = 3.452s)

    vN Entropy at center bond b=150 = 0.684641827099
    Eigs at center bond b=150: 0.7500 0.2188 0.0220 0.0065 0.0012 
    Largest link dim during sweep 51/87 was 53
    Largest truncation error: 7.49163e-09
    Energy after sweep 51/87 is -167.640558112798
    Sweep 51/87 CPU time = 53.85s (Wall time = 3.475s)

    vN Entropy at center bond b=150 = 0.684641827099
    Eigs at center bond b=150: 0.7500 0.2188 0.0220 0.0065 0.0012 
    Largest link dim during sweep 52/87 was 53
    Largest truncation error: 7.49163e-09
    Energy after sweep 52/87 is -167.640558112796
    Sweep 52/87 CPU time = 53.71s (Wall time = 3.450s)

    vN Entropy at center bond b=150 = 0.684641827099
    Eigs at center bond b=150: 0.7500 0.2188 0.0220 0.0065 0.0012 
    Largest link dim during sweep 53/87 was 53
    Largest truncation error: 7.49163e-09
    Energy after sweep 53/87 is -167.640558112798
    Sweep 53/87 CPU time = 53.85s (Wall time = 3.451s)

    vN Entropy at center bond b=150 = 0.684641827099
    Eigs at center bond b=150: 0.7500 0.2188 0.0220 0.0065 0.0012 
    Largest link dim during sweep 54/87 was 53
    Largest truncation error: 7.49163e-09
    Energy after sweep 54/87 is -167.640558112794
    Sweep 54/87 CPU time = 56.27s (Wall time = 3.629s)

    vN Entropy at center bond b=150 = 0.684641827099
    Eigs at center bond b=150: 0.7500 0.2188 0.0220 0.0065 0.0012 
    Largest link dim during sweep 55/87 was 53
    Largest truncation error: 7.49163e-09
    Energy after sweep 55/87 is -167.640558112795
    Sweep 55/87 CPU time = 53.82s (Wall time = 3.452s)

    vN Entropy at center bond b=150 = 0.684641827099
    Eigs at center bond b=150: 0.7500 0.2188 0.0220 0.0065 0.0012 
    Largest link dim during sweep 56/87 was 53
    Largest truncation error: 7.49163e-09
    Energy after sweep 56/87 is -167.640558112795
    Sweep 56/87 CPU time = 53.86s (Wall time = 3.462s)

    vN Entropy at center bond b=150 = 0.684641827099
    Eigs at center bond b=150: 0.7500 0.2188 0.0220 0.0065 0.0012 
    Largest link dim during sweep 57/87 was 53
    Largest truncation error: 7.49163e-09
    Energy after sweep 57/87 is -167.640558112798
    Sweep 57/87 CPU time = 54.35s (Wall time = 3.486s)

    vN Entropy at center bond b=150 = 0.684641827099
    Eigs at center bond b=150: 0.7500 0.2188 0.0220 0.0065 0.0012 
    Largest link dim during sweep 58/87 was 53
    Largest truncation error: 7.49163e-09
    Energy after sweep 58/87 is -167.640558112799
    Sweep 58/87 CPU time = 53.86s (Wall time = 3.459s)

    vN Entropy at center bond b=150 = 0.684676329510
    Eigs at center bond b=150: 0.7499 0.2188 0.0220 0.0065 0.0012 
    Largest link dim during sweep 59/87 was 97
    Largest truncation error: 7.47575e-11
    Energy after sweep 59/87 is -167.640571699267
    Sweep 59/87 CPU time = 2m, 35.0s (Wall time = 9.956s)

    vN Entropy at center bond b=150 = 0.684677803379
    Eigs at center bond b=150: 0.7499 0.2188 0.0220 0.0065 0.0012 
    Largest link dim during sweep 60/87 was 99
    Largest truncation error: 7.50223e-11
    Energy after sweep 60/87 is -167.640571732954
    Sweep 60/87 CPU time = 3m, 15.2s (Wall time = 12.53s)

    vN Entropy at center bond b=150 = 0.684677834706
    Eigs at center bond b=150: 0.7499 0.2188 0.0220 0.0065 0.0012 
    Largest link dim during sweep 61/87 was 99
    Largest truncation error: 7.4948e-11
    Energy after sweep 61/87 is -167.640571735736
    Sweep 61/87 CPU time = 3m, 5.0s (Wall time = 11.95s)

    vN Entropy at center bond b=150 = 0.684677837111
    Eigs at center bond b=150: 0.7499 0.2188 0.0220 0.0065 0.0012 
    Largest link dim during sweep 62/87 was 99
    Largest truncation error: 7.49235e-11
    Energy after sweep 62/87 is -167.640571735863
    Sweep 62/87 CPU time = 3m, 6.2s (Wall time = 11.95s)

    vN Entropy at center bond b=150 = 0.684677837292
    Eigs at center bond b=150: 0.7499 0.2188 0.0220 0.0065 0.0012 
    Largest link dim during sweep 63/87 was 99
    Largest truncation error: 7.49238e-11
    Energy after sweep 63/87 is -167.640571735872
    Sweep 63/87 CPU time = 3m, 6.1s (Wall time = 11.96s)

    vN Entropy at center bond b=150 = 0.684677837311
    Eigs at center bond b=150: 0.7499 0.2188 0.0220 0.0065 0.0012 
    Largest link dim during sweep 64/87 was 99
    Largest truncation error: 7.49236e-11
    Energy after sweep 64/87 is -167.640571735871
    Sweep 64/87 CPU time = 3m, 5.6s (Wall time = 11.92s)

    vN Entropy at center bond b=150 = 0.684677837313
    Eigs at center bond b=150: 0.7499 0.2188 0.0220 0.0065 0.0012 
    Largest link dim during sweep 65/87 was 99
    Largest truncation error: 7.49237e-11
    Energy after sweep 65/87 is -167.640571735869
    Sweep 65/87 CPU time = 3m, 5.1s (Wall time = 11.90s)

    vN Entropy at center bond b=150 = 0.684677837314
    Eigs at center bond b=150: 0.7499 0.2188 0.0220 0.0065 0.0012 
    Largest link dim during sweep 66/87 was 99
    Largest truncation error: 7.49235e-11
    Energy after sweep 66/87 is -167.640571735871
    Sweep 66/87 CPU time = 3m, 6.5s (Wall time = 11.98s)

    vN Entropy at center bond b=150 = 0.684677837314
    Eigs at center bond b=150: 0.7499 0.2188 0.0220 0.0065 0.0012 
    Largest link dim during sweep 67/87 was 99
    Largest truncation error: 7.49232e-11
    Energy after sweep 67/87 is -167.640571735872
    Sweep 67/87 CPU time = 3m, 4.6s (Wall time = 11.86s)

    vN Entropy at center bond b=150 = 0.684677837314
    Eigs at center bond b=150: 0.7499 0.2188 0.0220 0.0065 0.0012 
    Largest link dim during sweep 68/87 was 99
    Largest truncation error: 7.49235e-11
    Energy after sweep 68/87 is -167.640571735873
    Sweep 68/87 CPU time = 3m, 6.2s (Wall time = 11.95s)

    vN Entropy at center bond b=150 = 0.684677837314
    Eigs at center bond b=150: 0.7499 0.2188 0.0220 0.0065 0.0012 
    Largest link dim during sweep 69/87 was 99
    Largest truncation error: 7.49236e-11
    Energy after sweep 69/87 is -167.640571735871
    Sweep 69/87 CPU time = 3m, 5.4s (Wall time = 12.01s)

    vN Entropy at center bond b=150 = 0.684677837314
    Eigs at center bond b=150: 0.7499 0.2188 0.0220 0.0065 0.0012 
    Largest link dim during sweep 70/87 was 99
    Largest truncation error: 7.49236e-11
    Energy after sweep 70/87 is -167.640571735872
    Sweep 70/87 CPU time = 3m, 5.7s (Wall time = 11.91s)

    vN Entropy at center bond b=150 = 0.684677837314
    Eigs at center bond b=150: 0.7499 0.2188 0.0220 0.0065 0.0012 
    Largest link dim during sweep 71/87 was 99
    Largest truncation error: 7.49236e-11
    Energy after sweep 71/87 is -167.640571735870
    Sweep 71/87 CPU time = 3m, 5.8s (Wall time = 11.94s)

    vN Entropy at center bond b=150 = 0.684677837314
    Eigs at center bond b=150: 0.7499 0.2188 0.0220 0.0065 0.0012 
    Largest link dim during sweep 72/87 was 99
    Largest truncation error: 7.49235e-11
    Energy after sweep 72/87 is -167.640571735873
    Sweep 72/87 CPU time = 3m, 5.3s (Wall time = 11.90s)

    vN Entropy at center bond b=150 = 0.684677837314
    Eigs at center bond b=150: 0.7499 0.2188 0.0220 0.0065 0.0012 
    Largest link dim during sweep 73/87 was 99
    Largest truncation error: 7.49235e-11
    Energy after sweep 73/87 is -167.640571735875
    Sweep 73/87 CPU time = 3m, 5.7s (Wall time = 11.92s)

    vN Entropy at center bond b=150 = 0.684677837314
    Eigs at center bond b=150: 0.7499 0.2188 0.0220 0.0065 0.0012 
    Largest link dim during sweep 74/87 was 99
    Largest truncation error: 7.49236e-11
    Energy after sweep 74/87 is -167.640571735873
    Sweep 74/87 CPU time = 3m, 6.3s (Wall time = 11.96s)

    vN Entropy at center bond b=150 = 0.684680004938
    Eigs at center bond b=150: 0.7499 0.2188 0.0220 0.0065 0.0012 
    Largest link dim during sweep 75/87 was 173
    Largest truncation error: 7.50048e-13
    Energy after sweep 75/87 is -167.640571905204
    Sweep 75/87 CPU time = 6m, 9.6s (Wall time = 26.35s)

    vN Entropy at center bond b=150 = 0.684680061695
    Eigs at center bond b=150: 0.7499 0.2188 0.0220 0.0065 0.0012 
    Largest link dim during sweep 76/87 was 176
    Largest truncation error: 7.51891e-13
    Energy after sweep 76/87 is -167.640571905570
    Sweep 76/87 CPU time = 7m, 11.2s (Wall time = 28.27s)

    vN Entropy at center bond b=150 = 0.684680065323
    Eigs at center bond b=150: 0.7499 0.2188 0.0220 0.0065 0.0012 
    Largest link dim during sweep 77/87 was 176
    Largest truncation error: 7.53621e-13
    Energy after sweep 77/87 is -167.640571905550
    Sweep 77/87 CPU time = 8m, 4.3s (Wall time = 31.82s)

    vN Entropy at center bond b=150 = 0.684680065917
    Eigs at center bond b=150: 0.7499 0.2188 0.0220 0.0065 0.0012 
    Largest link dim during sweep 78/87 was 176
    Largest truncation error: 7.54321e-13
    Energy after sweep 78/87 is -167.640571905577
    Sweep 78/87 CPU time = 7m, 53.4s (Wall time = 30.91s)

    vN Entropy at center bond b=150 = 0.684680066051
    Eigs at center bond b=150: 0.7499 0.2188 0.0220 0.0065 0.0012 
    Largest link dim during sweep 79/87 was 176
    Largest truncation error: 7.54197e-13
    Energy after sweep 79/87 is -167.640571905575
    Sweep 79/87 CPU time = 7m, 53.2s (Wall time = 30.99s)

    vN Entropy at center bond b=150 = 0.684680066082
    Eigs at center bond b=150: 0.7499 0.2188 0.0220 0.0065 0.0012 
    Largest link dim during sweep 80/87 was 176
    Largest truncation error: 7.54186e-13
    Energy after sweep 80/87 is -167.640571905572
    Sweep 80/87 CPU time = 7m, 52.3s (Wall time = 30.56s)

    vN Entropy at center bond b=150 = 0.684680066091
    Eigs at center bond b=150: 0.7499 0.2188 0.0220 0.0065 0.0012 
    Largest link dim during sweep 81/87 was 176
    Largest truncation error: 7.54334e-13
    Energy after sweep 81/87 is -167.640571905574
    Sweep 81/87 CPU time = 7m, 57.0s (Wall time = 31.07s)

    vN Entropy at center bond b=150 = 0.684680066093
    Eigs at center bond b=150: 0.7499 0.2188 0.0220 0.0065 0.0012 
    Largest link dim during sweep 82/87 was 176
    Largest truncation error: 7.5445e-13
    Energy after sweep 82/87 is -167.640571905579
    Sweep 82/87 CPU time = 8m, 6.7s (Wall time = 31.55s)

    vN Entropy at center bond b=150 = 0.684680267600
    Eigs at center bond b=150: 0.7499 0.2188 0.0220 0.0065 0.0012 
    Largest link dim during sweep 83/87 was 163
    Largest truncation error: 7.48539e-13
    Energy after sweep 83/87 is -167.640571905054
    Sweep 83/87 CPU time = 5m, 57.6s (Wall time = 23.10s)

    vN Entropy at center bond b=150 = 0.684680274499
    Eigs at center bond b=150: 0.7499 0.2188 0.0220 0.0065 0.0012 
    Largest link dim during sweep 84/87 was 278
    Largest truncation error: 7.50023e-15
    Energy after sweep 84/87 is -167.640571907591
    Sweep 84/87 CPU time = 16m, 35s (Wall time = 1m, 7.2s)

    vN Entropy at center bond b=150 = 0.684680275779
    Eigs at center bond b=150: 0.7499 0.2188 0.0220 0.0065 0.0012 
    Largest link dim during sweep 85/87 was 281
    Largest truncation error: 7.49522e-15
    Energy after sweep 85/87 is -167.640571907594
    Sweep 85/87 CPU time = 25m, 0s (Wall time = 1m, 37.8s)

    vN Entropy at center bond b=150 = 0.684680275871
    Eigs at center bond b=150: 0.7499 0.2188 0.0220 0.0065 0.0012 
    Largest link dim during sweep 86/87 was 280
    Largest truncation error: 7.4922e-15
    Energy after sweep 86/87 is -167.640571907593
    Sweep 86/87 CPU time = 23m, 9s (Wall time = 1m, 29.5s)

    vN Entropy at center bond b=150 = 0.684680275890
    Eigs at center bond b=150: 0.7499 0.2188 0.0220 0.0065 0.0012 
    Largest link dim during sweep 87/87 was 280
    Largest truncation error: 7.4946e-15
    Energy after sweep 87/87 is -167.640571907593
    Sweep 87/87 CPU time = 22m, 57s (Wall time = 1m, 28.8s)
Initial energy = 150.00000

Ground State Energy = -167.6405719076
run_outputs/outputpsi/N_300_sweep_87_t_0.030000_J_1.000000_V_0.600000_D_0.018000_U_0.560000_mu_1.000000_E_0.000000 converge
Wall-clock time (s) = 4296.652565
