//////////////////////////
Reading input file ......

Got input.N = 300
Got input.t = 0.03
Got input.J = 1
Got input.V = 0.6
Got input.D = 0.018
Got input.U = 1.68
Got input.mu = 0.1
Got input.E = 0
Got input.nsweeps = 87
Sweeps:
1  MaxDim=20, MinDim=20, Cutoff=1.0E-06, Niter=8, Noise=1.0E-05
2  MaxDim=20, MinDim=20, Cutoff=1.0E-06, Niter=8, Noise=1.0E-05
3  MaxDim=20, MinDim=20, Cutoff=1.0E-06, Niter=8, Noise=1.0E-05
4  MaxDim=20, MinDim=20, Cutoff=1.0E-06, Niter=8, Noise=1.0E-05
5  MaxDim=20, MinDim=20, Cutoff=1.0E-06, Niter=8, Noise=1.0E-05
6  MaxDim=20, MinDim=20, Cutoff=1.0E-06, Niter=8, Noise=1.0E-05
7  MaxDim=20, MinDim=20, Cutoff=1.0E-06, Niter=8, Noise=1.0E-05
8  MaxDim=40, MinDim=20, Cutoff=1.0E-06, Niter=4, Noise=1.0E-05
9  MaxDim=40, MinDim=20, Cutoff=1.0E-06, Niter=4, Noise=1.0E-05
10  MaxDim=40, MinDim=20, Cutoff=1.0E-06, Niter=4, Noise=1.0E-05
11  MaxDim=40, MinDim=20, Cutoff=1.0E-06, Niter=4, Noise=1.0E-05
12  MaxDim=40, MinDim=20, Cutoff=1.0E-06, Niter=4, Noise=1.0E-05
13  MaxDim=40, MinDim=20, Cutoff=1.0E-06, Niter=4, Noise=1.0E-05
14  MaxDim=40, MinDim=20, Cutoff=1.0E-06, Niter=4, Noise=1.0E-05
15  MaxDim=80, MinDim=10, Cutoff=1.0E-06, Niter=4, Noise=1.0E-05
16  MaxDim=80, MinDim=10, Cutoff=1.0E-06, Niter=4, Noise=1.0E-05
17  MaxDim=80, MinDim=10, Cutoff=1.0E-06, Niter=4, Noise=1.0E-05
18  MaxDim=80, MinDim=10, Cutoff=1.0E-06, Niter=4, Noise=1.0E-05
19  MaxDim=80, MinDim=10, Cutoff=1.0E-06, Niter=4, Noise=1.0E-05
20  MaxDim=80, MinDim=10, Cutoff=1.0E-06, Niter=4, Noise=1.0E-05
21  MaxDim=80, MinDim=10, Cutoff=1.0E-06, Niter=4, Noise=1.0E-05
22  MaxDim=80, MinDim=10, Cutoff=1.0E-06, Niter=4, Noise=1.0E-05
23  MaxDim=80, MinDim=10, Cutoff=1.0E-06, Niter=4, Noise=1.0E-05
24  MaxDim=80, MinDim=10, Cutoff=1.0E-06, Niter=4, Noise=1.0E-05
25  MaxDim=80, MinDim=10, Cutoff=1.0E-06, Niter=4, Noise=1.0E-05
26  MaxDim=80, MinDim=10, Cutoff=1.0E-06, Niter=4, Noise=1.0E-05
27  MaxDim=80, MinDim=10, Cutoff=1.0E-06, Niter=4, Noise=1.0E-05
28  MaxDim=80, MinDim=10, Cutoff=1.0E-06, Niter=4, Noise=1.0E-05
29  MaxDim=80, MinDim=10, Cutoff=1.0E-06, Niter=4, Noise=1.0E-05
30  MaxDim=80, MinDim=10, Cutoff=1.0E-06, Niter=4, Noise=1.0E-05
31  MaxDim=80, MinDim=10, Cutoff=1.0E-06, Niter=4, Noise=1.0E-05
32  MaxDim=80, MinDim=10, Cutoff=1.0E-06, Niter=4, Noise=1.0E-05
33  MaxDim=80, MinDim=10, Cutoff=1.0E-06, Niter=4, Noise=1.0E-05
34  MaxDim=80, MinDim=10, Cutoff=1.0E-06, Niter=4, Noise=1.0E-05
35  MaxDim=80, MinDim=10, Cutoff=1.0E-06, Niter=4, Noise=1.0E-05
36  MaxDim=80, MinDim=10, Cutoff=1.0E-06, Niter=4, Noise=1.0E-05
37  MaxDim=160, MinDim=10, Cutoff=1.0E-08, Niter=4, Noise=1.0E-06
38  MaxDim=160, MinDim=10, Cutoff=1.0E-08, Niter=4, Noise=1.0E-06
39  MaxDim=160, MinDim=10, Cutoff=1.0E-08, Niter=4, Noise=1.0E-06
40  MaxDim=160, MinDim=10, Cutoff=1.0E-08, Niter=4, Noise=1.0E-06
41  MaxDim=160, MinDim=10, Cutoff=1.0E-08, Niter=4, Noise=1.0E-06
42  MaxDim=160, MinDim=10, Cutoff=1.0E-08, Niter=4, Noise=1.0E-06
43  MaxDim=160, MinDim=10, Cutoff=1.0E-08, Niter=4, Noise=1.0E-06
44  MaxDim=160, MinDim=10, Cutoff=1.0E-08, Niter=4, Noise=1.0E-06
45  MaxDim=160, MinDim=10, Cutoff=1.0E-08, Niter=4, Noise=1.0E-06
46  MaxDim=160, MinDim=10, Cutoff=1.0E-08, Niter=4, Noise=1.0E-06
47  MaxDim=160, MinDim=10, Cutoff=1.0E-08, Niter=4, Noise=1.0E-06
48  MaxDim=160, MinDim=10, Cutoff=1.0E-08, Niter=4, Noise=1.0E-06
49  MaxDim=160, MinDim=10, Cutoff=1.0E-08, Niter=4, Noise=1.0E-06
50  MaxDim=160, MinDim=10, Cutoff=1.0E-08, Niter=4, Noise=1.0E-06
51  MaxDim=160, MinDim=10, Cutoff=1.0E-08, Niter=4, Noise=1.0E-06
52  MaxDim=160, MinDim=10, Cutoff=1.0E-08, Niter=4, Noise=1.0E-06
53  MaxDim=160, MinDim=10, Cutoff=1.0E-08, Niter=4, Noise=1.0E-06
54  MaxDim=160, MinDim=10, Cutoff=1.0E-08, Niter=4, Noise=1.0E-06
55  MaxDim=160, MinDim=10, Cutoff=1.0E-08, Niter=4, Noise=1.0E-06
56  MaxDim=160, MinDim=10, Cutoff=1.0E-08, Niter=4, Noise=1.0E-06
57  MaxDim=160, MinDim=10, Cutoff=1.0E-08, Niter=4, Noise=1.0E-06
58  MaxDim=160, MinDim=10, Cutoff=1.0E-08, Niter=4, Noise=1.0E-06
59  MaxDim=320, MinDim=10, Cutoff=1.0E-10, Niter=4, Noise=1.0E-07
60  MaxDim=320, MinDim=10, Cutoff=1.0E-10, Niter=4, Noise=1.0E-07
61  MaxDim=320, MinDim=10, Cutoff=1.0E-10, Niter=4, Noise=1.0E-07
62  MaxDim=320, MinDim=10, Cutoff=1.0E-10, Niter=4, Noise=1.0E-07
63  MaxDim=320, MinDim=10, Cutoff=1.0E-10, Niter=4, Noise=1.0E-07
64  MaxDim=320, MinDim=10, Cutoff=1.0E-10, Niter=4, Noise=1.0E-07
65  MaxDim=320, MinDim=10, Cutoff=1.0E-10, Niter=4, Noise=1.0E-07
66  MaxDim=320, MinDim=10, Cutoff=1.0E-10, Niter=4, Noise=1.0E-07
67  MaxDim=320, MinDim=10, Cutoff=1.0E-10, Niter=4, Noise=1.0E-07
68  MaxDim=320, MinDim=10, Cutoff=1.0E-10, Niter=4, Noise=1.0E-07
69  MaxDim=320, MinDim=10, Cutoff=1.0E-10, Niter=4, Noise=1.0E-07
70  MaxDim=320, MinDim=10, Cutoff=1.0E-10, Niter=4, Noise=1.0E-07
71  MaxDim=320, MinDim=10, Cutoff=1.0E-10, Niter=4, Noise=1.0E-07
72  MaxDim=320, MinDim=10, Cutoff=1.0E-10, Niter=4, Noise=1.0E-07
73  MaxDim=320, MinDim=10, Cutoff=1.0E-10, Niter=4, Noise=1.0E-07
74  MaxDim=320, MinDim=10, Cutoff=1.0E-10, Niter=4, Noise=1.0E-07
75  MaxDim=640, MinDim=10, Cutoff=1.0E-12, Niter=2, Noise=1.0E-08
76  MaxDim=640, MinDim=10, Cutoff=1.0E-12, Niter=2, Noise=1.0E-08
77  MaxDim=640, MinDim=10, Cutoff=1.0E-12, Niter=2, Noise=1.0E-08
78  MaxDim=640, MinDim=10, Cutoff=1.0E-12, Niter=2, Noise=1.0E-08
79  MaxDim=640, MinDim=10, Cutoff=1.0E-12, Niter=2, Noise=1.0E-08
80  MaxDim=640, MinDim=10, Cutoff=1.0E-12, Niter=2, Noise=1.0E-08
81  MaxDim=640, MinDim=10, Cutoff=1.0E-12, Niter=2, Noise=1.0E-08
82  MaxDim=640, MinDim=10, Cutoff=1.0E-12, Niter=2, Noise=1.0E-08
83  MaxDim=1280, MinDim=10, Cutoff=1.0E-12, Niter=2, Noise=0.0E+00
84  MaxDim=1280, MinDim=10, Cutoff=1.0E-14, Niter=2, Noise=0.0E+00
85  MaxDim=1280, MinDim=10, Cutoff=1.0E-14, Niter=2, Noise=0.0E+00
86  MaxDim=1280, MinDim=10, Cutoff=1.0E-14, Niter=2, Noise=0.0E+00
87  MaxDim=1280, MinDim=10, Cutoff=1.0E-14, Niter=2, Noise=0.0E+00


    vN Entropy at center bond b=150 = 0.554062983741
    Eigs at center bond b=150: 0.8389 0.1298 0.0180 0.0100 0.0016 
    Largest link dim during sweep 1/87 was 20
    Largest truncation error: 1.28409e-05
    Energy after sweep 1/87 is -140.431967573827
    Sweep 1/87 CPU time = 18.26s (Wall time = 1.185s)

    vN Entropy at center bond b=150 = 0.702132758318
    Eigs at center bond b=150: 0.7870 0.1602 0.0312 0.0117 0.0047 0.0031 
    Largest link dim during sweep 2/87 was 20
    Largest truncation error: 1.34568e-05
    Energy after sweep 2/87 is -140.483893527257
    Sweep 2/87 CPU time = 25.62s (Wall time = 1.643s)

    vN Entropy at center bond b=150 = 0.715220567934
    Eigs at center bond b=150: 0.7824 0.1627 0.0326 0.0116 0.0050 0.0034 
    Largest link dim during sweep 3/87 was 20
    Largest truncation error: 1.56244e-05
    Energy after sweep 3/87 is -140.484812314546
    Sweep 3/87 CPU time = 25.56s (Wall time = 1.641s)

    vN Entropy at center bond b=150 = 0.716516891014
    Eigs at center bond b=150: 0.7819 0.1629 0.0327 0.0116 0.0051 0.0035 
    Largest link dim during sweep 4/87 was 20
    Largest truncation error: 1.56956e-05
    Energy after sweep 4/87 is -140.484915590985
    Sweep 4/87 CPU time = 25.53s (Wall time = 1.642s)

    vN Entropy at center bond b=150 = 0.716698902618
    Eigs at center bond b=150: 0.7819 0.1629 0.0327 0.0116 0.0051 0.0035 
    Largest link dim during sweep 5/87 was 20
    Largest truncation error: 1.54838e-05
    Energy after sweep 5/87 is -140.484965697802
    Sweep 5/87 CPU time = 25.61s (Wall time = 1.639s)

    vN Entropy at center bond b=150 = 0.716740217589
    Eigs at center bond b=150: 0.7819 0.1629 0.0327 0.0116 0.0051 0.0035 
    Largest link dim during sweep 6/87 was 20
    Largest truncation error: 1.53269e-05
    Energy after sweep 6/87 is -140.484996166536
    Sweep 6/87 CPU time = 25.59s (Wall time = 1.643s)

    vN Entropy at center bond b=150 = 0.716754862232
    Eigs at center bond b=150: 0.7819 0.1629 0.0327 0.0116 0.0051 0.0035 
    Largest link dim during sweep 7/87 was 20
    Largest truncation error: 1.52303e-05
    Energy after sweep 7/87 is -140.485017894736
    Sweep 7/87 CPU time = 25.66s (Wall time = 1.640s)

    vN Entropy at center bond b=150 = 0.769559435720
    Eigs at center bond b=150: 0.7650 0.1700 0.0381 0.0116 0.0067 0.0050 0.0012 
    Largest link dim during sweep 8/87 was 40
    Largest truncation error: 9.06777e-07
    Energy after sweep 8/87 is -140.516085719390
    Sweep 8/87 CPU time = 27.17s (Wall time = 1.754s)

    vN Entropy at center bond b=150 = 0.834277208786
    Eigs at center bond b=150: 0.7445 0.1778 0.0444 0.0116 0.0091 0.0071 0.0019 0.0012 
    Largest link dim during sweep 9/87 was 40
    Largest truncation error: 1.93284e-06
    Energy after sweep 9/87 is -140.519392631313
    Sweep 9/87 CPU time = 40.87s (Wall time = 2.637s)

    vN Entropy at center bond b=150 = 0.862903703898
    Eigs at center bond b=150: 0.7357 0.1804 0.0472 0.0116 0.0105 0.0082 0.0023 0.0015 
    Largest link dim during sweep 10/87 was 40
    Largest truncation error: 2.23457e-06
    Energy after sweep 10/87 is -140.519770524307
    Sweep 10/87 CPU time = 39.66s (Wall time = 2.549s)

    vN Entropy at center bond b=150 = 0.877861801623
    Eigs at center bond b=150: 0.7312 0.1816 0.0486 0.0117 0.0113 0.0088 0.0025 0.0016 
    Largest link dim during sweep 11/87 was 40
    Largest truncation error: 2.4138e-06
    Energy after sweep 11/87 is -140.519862261754
    Sweep 11/87 CPU time = 39.41s (Wall time = 2.533s)

    vN Entropy at center bond b=150 = 0.887115100578
    Eigs at center bond b=150: 0.7283 0.1823 0.0496 0.0118 0.0116 0.0092 0.0026 0.0017 
    Largest link dim during sweep 12/87 was 40
    Largest truncation error: 2.5068e-06
    Energy after sweep 12/87 is -140.519894372949
    Sweep 12/87 CPU time = 39.65s (Wall time = 2.548s)

    vN Entropy at center bond b=150 = 0.893280219951
    Eigs at center bond b=150: 0.7263 0.1828 0.0502 0.0121 0.0117 0.0094 0.0027 0.0017 
    Largest link dim during sweep 13/87 was 40
    Largest truncation error: 2.5442e-06
    Energy after sweep 13/87 is -140.519906571011
    Sweep 13/87 CPU time = 39.73s (Wall time = 2.551s)

    vN Entropy at center bond b=150 = 0.897480910790
    Eigs at center bond b=150: 0.7250 0.1832 0.0506 0.0124 0.0117 0.0096 0.0027 0.0017 
    Largest link dim during sweep 14/87 was 40
    Largest truncation error: 2.56707e-06
    Energy after sweep 14/87 is -140.519911268674
    Sweep 14/87 CPU time = 39.56s (Wall time = 2.535s)

    vN Entropy at center bond b=150 = 0.938506946281
    Eigs at center bond b=150: 0.7118 0.1868 0.0550 0.0144 0.0120 0.0111 0.0032 0.0020 
    Largest link dim during sweep 15/87 was 57
    Largest truncation error: 7.60666e-07
    Energy after sweep 15/87 is -140.523983519406
    Sweep 15/87 CPU time = 54.92s (Wall time = 3.531s)

    vN Entropy at center bond b=150 = 1.030616366750
    Eigs at center bond b=150: 0.6786 0.1982 0.0648 0.0194 0.0160 0.0113 0.0042 0.0024 0.0016 
    Largest link dim during sweep 16/87 was 64
    Largest truncation error: 7.64591e-07
    Energy after sweep 16/87 is -140.525611732125
    Sweep 16/87 CPU time = 1m, 9.8s (Wall time = 4.525s)

    vN Entropy at center bond b=150 = 1.123797105637
    Eigs at center bond b=150: 0.6382 0.2172 0.0729 0.0269 0.0190 0.0111 0.0052 0.0027 0.0023 
    Largest link dim during sweep 17/87 was 70
    Largest truncation error: 7.8084e-07
    Energy after sweep 17/87 is -140.526770776888
    Sweep 17/87 CPU time = 1m, 22.2s (Wall time = 5.290s)

    vN Entropy at center bond b=150 = 1.174766175171
    Eigs at center bond b=150: 0.6130 0.2317 0.0754 0.0327 0.0199 0.0109 0.0060 0.0027 0.0025 0.0010 
    Largest link dim during sweep 18/87 was 74
    Largest truncation error: 7.71687e-07
    Energy after sweep 18/87 is -140.527375389338
    Sweep 18/87 CPU time = 1m, 35.1s (Wall time = 6.124s)

    vN Entropy at center bond b=150 = 1.191500614818
    Eigs at center bond b=150: 0.6047 0.2364 0.0759 0.0347 0.0202 0.0108 0.0064 0.0028 0.0026 0.0011 
    Largest link dim during sweep 19/87 was 76
    Largest truncation error: 7.72532e-07
    Energy after sweep 19/87 is -140.527587614531
    Sweep 19/87 CPU time = 1m, 45.9s (Wall time = 6.815s)

    vN Entropy at center bond b=150 = 1.196190179785
    Eigs at center bond b=150: 0.6027 0.2373 0.0761 0.0352 0.0203 0.0108 0.0065 0.0028 0.0027 0.0011 
    Largest link dim during sweep 20/87 was 77
    Largest truncation error: 7.72727e-07
    Energy after sweep 20/87 is -140.527656513472
    Sweep 20/87 CPU time = 1m, 49.7s (Wall time = 7.062s)

    vN Entropy at center bond b=150 = 1.197676574454
    Eigs at center bond b=150: 0.6021 0.2376 0.0762 0.0353 0.0204 0.0108 0.0065 0.0028 0.0027 0.0011 
    Largest link dim during sweep 21/87 was 77
    Largest truncation error: 7.72771e-07
    Energy after sweep 21/87 is -140.527681181425
    Sweep 21/87 CPU time = 1m, 50.5s (Wall time = 7.128s)

    vN Entropy at center bond b=150 = 1.198201524613
    Eigs at center bond b=150: 0.6019 0.2376 0.0762 0.0354 0.0204 0.0108 0.0065 0.0028 0.0027 0.0011 
    Largest link dim during sweep 22/87 was 77
    Largest truncation error: 7.72781e-07
    Energy after sweep 22/87 is -140.527693162458
    Sweep 22/87 CPU time = 1m, 51.0s (Wall time = 7.132s)

    vN Entropy at center bond b=150 = 1.198377583168
    Eigs at center bond b=150: 0.6018 0.2377 0.0762 0.0354 0.0204 0.0108 0.0065 0.0028 0.0027 0.0011 
    Largest link dim during sweep 23/87 was 77
    Largest truncation error: 7.72784e-07
    Energy after sweep 23/87 is -140.527697268459
    Sweep 23/87 CPU time = 1m, 51.1s (Wall time = 7.142s)

    vN Entropy at center bond b=150 = 1.198454108266
    Eigs at center bond b=150: 0.6018 0.2377 0.0762 0.0354 0.0204 0.0108 0.0065 0.0028 0.0027 0.0011 
    Largest link dim during sweep 24/87 was 77
    Largest truncation error: 7.72785e-07
    Energy after sweep 24/87 is -140.527701611050
    Sweep 24/87 CPU time = 1m, 51.4s (Wall time = 7.160s)

    vN Entropy at center bond b=150 = 1.198492668678
    Eigs at center bond b=150: 0.6018 0.2377 0.0762 0.0354 0.0204 0.0108 0.0065 0.0028 0.0027 0.0011 
    Largest link dim during sweep 25/87 was 77
    Largest truncation error: 7.72786e-07
    Energy after sweep 25/87 is -140.527703947891
    Sweep 25/87 CPU time = 1m, 51.0s (Wall time = 7.188s)

    vN Entropy at center bond b=150 = 1.198525089610
    Eigs at center bond b=150: 0.6017 0.2377 0.0762 0.0354 0.0204 0.0108 0.0065 0.0028 0.0027 0.0011 
    Largest link dim during sweep 26/87 was 77
    Largest truncation error: 7.72787e-07
    Energy after sweep 26/87 is -140.527705332170
    Sweep 26/87 CPU time = 1m, 51.2s (Wall time = 7.148s)

    vN Entropy at center bond b=150 = 1.198548373197
    Eigs at center bond b=150: 0.6017 0.2377 0.0762 0.0354 0.0204 0.0108 0.0065 0.0028 0.0027 0.0011 
    Largest link dim during sweep 27/87 was 77
    Largest truncation error: 7.72787e-07
    Energy after sweep 27/87 is -140.527706221180
    Sweep 27/87 CPU time = 1m, 51.0s (Wall time = 7.134s)

    vN Entropy at center bond b=150 = 1.198563717187
    Eigs at center bond b=150: 0.6017 0.2377 0.0762 0.0354 0.0205 0.0108 0.0065 0.0028 0.0027 0.0011 
    Largest link dim during sweep 28/87 was 77
    Largest truncation error: 7.72788e-07
    Energy after sweep 28/87 is -140.527706838758
    Sweep 28/87 CPU time = 1m, 51.1s (Wall time = 7.146s)

    vN Entropy at center bond b=150 = 1.198583536574
    Eigs at center bond b=150: 0.6017 0.2377 0.0762 0.0354 0.0205 0.0108 0.0065 0.0028 0.0027 0.0011 
    Largest link dim during sweep 29/87 was 77
    Largest truncation error: 7.72788e-07
    Energy after sweep 29/87 is -140.527706994960
    Sweep 29/87 CPU time = 1m, 51.3s (Wall time = 7.154s)

    vN Entropy at center bond b=150 = 1.198614935374
    Eigs at center bond b=150: 0.6017 0.2377 0.0762 0.0354 0.0205 0.0108 0.0065 0.0028 0.0027 0.0011 
    Largest link dim during sweep 30/87 was 77
    Largest truncation error: 7.72788e-07
    Energy after sweep 30/87 is -140.527707122498
    Sweep 30/87 CPU time = 1m, 51.0s (Wall time = 7.192s)

    vN Entropy at center bond b=150 = 1.198625950611
    Eigs at center bond b=150: 0.6017 0.2377 0.0762 0.0354 0.0205 0.0108 0.0065 0.0028 0.0027 0.0011 
    Largest link dim during sweep 31/87 was 77
    Largest truncation error: 7.72788e-07
    Energy after sweep 31/87 is -140.527707198972
    Sweep 31/87 CPU time = 1m, 50.9s (Wall time = 7.130s)

    vN Entropy at center bond b=150 = 1.198626864024
    Eigs at center bond b=150: 0.6017 0.2377 0.0762 0.0354 0.0205 0.0108 0.0065 0.0028 0.0027 0.0011 
    Largest link dim during sweep 32/87 was 77
    Largest truncation error: 7.72788e-07
    Energy after sweep 32/87 is -140.527707252387
    Sweep 32/87 CPU time = 1m, 51.4s (Wall time = 7.163s)

    vN Entropy at center bond b=150 = 1.198625988103
    Eigs at center bond b=150: 0.6017 0.2377 0.0762 0.0354 0.0205 0.0108 0.0065 0.0028 0.0027 0.0011 
    Largest link dim during sweep 33/87 was 77
    Largest truncation error: 7.72788e-07
    Energy after sweep 33/87 is -140.527707295083
    Sweep 33/87 CPU time = 1m, 52.4s (Wall time = 7.239s)

    vN Entropy at center bond b=150 = 1.198624736807
    Eigs at center bond b=150: 0.6017 0.2377 0.0762 0.0354 0.0205 0.0108 0.0065 0.0028 0.0027 0.0011 
    Largest link dim during sweep 34/87 was 77
    Largest truncation error: 7.72788e-07
    Energy after sweep 34/87 is -140.527707325811
    Sweep 34/87 CPU time = 1m, 51.3s (Wall time = 7.150s)

    vN Entropy at center bond b=150 = 1.198623493416
    Eigs at center bond b=150: 0.6017 0.2377 0.0762 0.0354 0.0205 0.0108 0.0065 0.0028 0.0027 0.0011 
    Largest link dim during sweep 35/87 was 77
    Largest truncation error: 7.72788e-07
    Energy after sweep 35/87 is -140.527707345717
    Sweep 35/87 CPU time = 1m, 51.0s (Wall time = 7.160s)

    vN Entropy at center bond b=150 = 1.198622374821
    Eigs at center bond b=150: 0.6017 0.2377 0.0762 0.0354 0.0205 0.0108 0.0065 0.0028 0.0027 0.0011 
    Largest link dim during sweep 36/87 was 77
    Largest truncation error: 7.72788e-07
    Energy after sweep 36/87 is -140.527707358542
    Sweep 36/87 CPU time = 1m, 51.1s (Wall time = 7.142s)

    vN Entropy at center bond b=150 = 1.231423988665
    Eigs at center bond b=150: 0.5923 0.2379 0.0793 0.0376 0.0219 0.0106 0.0072 0.0033 0.0031 0.0013 
    Largest link dim during sweep 37/87 was 160
    Largest truncation error: 1.1457e-08
    Energy after sweep 37/87 is -140.529992908187
    Sweep 37/87 CPU time = 6m, 0.2s (Wall time = 24.23s)

    vN Entropy at center bond b=150 = 1.249024769427
    Eigs at center bond b=150: 0.5875 0.2382 0.0805 0.0386 0.0227 0.0105 0.0076 0.0035 0.0033 0.0014 
    Largest link dim during sweep 38/87 was 160
    Largest truncation error: 2.98531e-08
    Energy after sweep 38/87 is -140.530045785362
    Sweep 38/87 CPU time = 10m, 10s (Wall time = 41.38s)

    vN Entropy at center bond b=150 = 1.250288376177
    Eigs at center bond b=150: 0.5872 0.2382 0.0805 0.0387 0.0227 0.0105 0.0076 0.0036 0.0033 0.0014 
    Largest link dim during sweep 39/87 was 160
    Largest truncation error: 3.21291e-08
    Energy after sweep 39/87 is -140.530046820883
    Sweep 39/87 CPU time = 10m, 10s (Wall time = 40.62s)

    vN Entropy at center bond b=150 = 1.250411144007
    Eigs at center bond b=150: 0.5871 0.2382 0.0805 0.0387 0.0228 0.0105 0.0076 0.0036 0.0033 0.0014 
    Largest link dim during sweep 40/87 was 160
    Largest truncation error: 3.24644e-08
    Energy after sweep 40/87 is -140.530046872730
    Sweep 40/87 CPU time = 10m, 38s (Wall time = 42.80s)

    vN Entropy at center bond b=150 = 1.250430227867
    Eigs at center bond b=150: 0.5871 0.2382 0.0805 0.0387 0.0228 0.0105 0.0076 0.0036 0.0033 0.0014 
    Largest link dim during sweep 41/87 was 160
    Largest truncation error: 3.25503e-08
    Energy after sweep 41/87 is -140.530046877892
    Sweep 41/87 CPU time = 10m, 47s (Wall time = 43.65s)

    vN Entropy at center bond b=150 = 1.250433974959
    Eigs at center bond b=150: 0.5871 0.2382 0.0805 0.0387 0.0228 0.0105 0.0076 0.0036 0.0033 0.0014 
    Largest link dim during sweep 42/87 was 160
    Largest truncation error: 3.25705e-08
    Energy after sweep 42/87 is -140.530046872806
    Sweep 42/87 CPU time = 10m, 39s (Wall time = 43.63s)

    vN Entropy at center bond b=150 = 1.250434831651
    Eigs at center bond b=150: 0.5871 0.2382 0.0805 0.0387 0.0228 0.0105 0.0076 0.0036 0.0033 0.0014 
    Largest link dim during sweep 43/87 was 160
    Largest truncation error: 3.25761e-08
    Energy after sweep 43/87 is -140.530046871606
    Sweep 43/87 CPU time = 10m, 21s (Wall time = 42.17s)

    vN Entropy at center bond b=150 = 1.250435094364
    Eigs at center bond b=150: 0.5871 0.2382 0.0805 0.0387 0.0228 0.0105 0.0076 0.0036 0.0033 0.0014 
    Largest link dim during sweep 44/87 was 160
    Largest truncation error: 3.25776e-08
    Energy after sweep 44/87 is -140.530046871336
    Sweep 44/87 CPU time = 10m, 23s (Wall time = 42.04s)

    vN Entropy at center bond b=150 = 1.250435246416
    Eigs at center bond b=150: 0.5871 0.2382 0.0805 0.0387 0.0228 0.0105 0.0076 0.0036 0.0033 0.0014 
    Largest link dim during sweep 45/87 was 160
    Largest truncation error: 3.25777e-08
    Energy after sweep 45/87 is -140.530046874469
    Sweep 45/87 CPU time = 10m, 30s (Wall time = 42.83s)

    vN Entropy at center bond b=150 = 1.250435287444
    Eigs at center bond b=150: 0.5871 0.2382 0.0805 0.0387 0.0228 0.0105 0.0076 0.0036 0.0033 0.0014 
    Largest link dim during sweep 46/87 was 160
    Largest truncation error: 3.25772e-08
    Energy after sweep 46/87 is -140.530046874909
    Sweep 46/87 CPU time = 10m, 3s (Wall time = 40.01s)

    vN Entropy at center bond b=150 = 1.250435316787
    Eigs at center bond b=150: 0.5871 0.2382 0.0805 0.0387 0.0228 0.0105 0.0076 0.0036 0.0033 0.0014 
    Largest link dim during sweep 47/87 was 160
    Largest truncation error: 3.25766e-08
    Energy after sweep 47/87 is -140.530046875150
    Sweep 47/87 CPU time = 10m, 16s (Wall time = 41.95s)

    vN Entropy at center bond b=150 = 1.250435350625
    Eigs at center bond b=150: 0.5871 0.2382 0.0805 0.0387 0.0228 0.0105 0.0076 0.0036 0.0033 0.0014 
    Largest link dim during sweep 48/87 was 160
    Largest truncation error: 3.2576e-08
    Energy after sweep 48/87 is -140.530046875268
    Sweep 48/87 CPU time = 10m, 11s (Wall time = 41.72s)

    vN Entropy at center bond b=150 = 1.250435367054
    Eigs at center bond b=150: 0.5871 0.2382 0.0805 0.0387 0.0228 0.0105 0.0076 0.0036 0.0033 0.0014 
    Largest link dim during sweep 49/87 was 160
    Largest truncation error: 3.25754e-08
    Energy after sweep 49/87 is -140.530046875739
    Sweep 49/87 CPU time = 10m, 8s (Wall time = 41.55s)

    vN Entropy at center bond b=150 = 1.250435376000
    Eigs at center bond b=150: 0.5871 0.2382 0.0805 0.0387 0.0228 0.0105 0.0076 0.0036 0.0033 0.0014 
    Largest link dim during sweep 50/87 was 160
    Largest truncation error: 3.25748e-08
    Energy after sweep 50/87 is -140.530046876759
    Sweep 50/87 CPU time = 10m, 13s (Wall time = 41.32s)

    vN Entropy at center bond b=150 = 1.250435391126
    Eigs at center bond b=150: 0.5871 0.2382 0.0805 0.0387 0.0228 0.0105 0.0076 0.0036 0.0033 0.0014 
    Largest link dim during sweep 51/87 was 160
    Largest truncation error: 3.25744e-08
    Energy after sweep 51/87 is -140.530046877394
    Sweep 51/87 CPU time = 10m, 24s (Wall time = 42.56s)

    vN Entropy at center bond b=150 = 1.250435407206
    Eigs at center bond b=150: 0.5871 0.2382 0.0805 0.0387 0.0228 0.0105 0.0076 0.0036 0.0033 0.0014 
    Largest link dim during sweep 52/87 was 160
    Largest truncation error: 3.2574e-08
    Energy after sweep 52/87 is -140.530046877745
    Sweep 52/87 CPU time = 10m, 31s (Wall time = 43.67s)

    vN Entropy at center bond b=150 = 1.250435424225
    Eigs at center bond b=150: 0.5871 0.2382 0.0805 0.0387 0.0228 0.0105 0.0076 0.0036 0.0033 0.0014 
    Largest link dim during sweep 53/87 was 160
    Largest truncation error: 3.25737e-08
    Energy after sweep 53/87 is -140.530046878132
    Sweep 53/87 CPU time = 10m, 40s (Wall time = 44.37s)

    vN Entropy at center bond b=150 = 1.250435443300
    Eigs at center bond b=150: 0.5871 0.2382 0.0805 0.0387 0.0228 0.0105 0.0076 0.0036 0.0033 0.0014 
    Largest link dim during sweep 54/87 was 160
    Largest truncation error: 3.25734e-08
    Energy after sweep 54/87 is -140.530046878666
    Sweep 54/87 CPU time = 10m, 39s (Wall time = 43.90s)

    vN Entropy at center bond b=150 = 1.250435456552
    Eigs at center bond b=150: 0.5871 0.2382 0.0805 0.0387 0.0228 0.0105 0.0076 0.0036 0.0033 0.0014 
    Largest link dim during sweep 55/87 was 160
    Largest truncation error: 3.25731e-08
    Energy after sweep 55/87 is -140.530046879143
    Sweep 55/87 CPU time = 10m, 30s (Wall time = 43.39s)

    vN Entropy at center bond b=150 = 1.250435462599
    Eigs at center bond b=150: 0.5871 0.2382 0.0805 0.0387 0.0228 0.0105 0.0076 0.0036 0.0033 0.0014 
    Largest link dim during sweep 56/87 was 160
    Largest truncation error: 3.2573e-08
    Energy after sweep 56/87 is -140.530046879532
    Sweep 56/87 CPU time = 10m, 14s (Wall time = 42.04s)

    vN Entropy at center bond b=150 = 1.250435464902
    Eigs at center bond b=150: 0.5871 0.2382 0.0805 0.0387 0.0228 0.0105 0.0076 0.0036 0.0033 0.0014 
    Largest link dim during sweep 57/87 was 160
    Largest truncation error: 3.25728e-08
    Energy after sweep 57/87 is -140.530046879853
    Sweep 57/87 CPU time = 10m, 21s (Wall time = 42.81s)

    vN Entropy at center bond b=150 = 1.250435467259
    Eigs at center bond b=150: 0.5871 0.2382 0.0805 0.0387 0.0228 0.0105 0.0076 0.0036 0.0033 0.0014 
    Largest link dim during sweep 58/87 was 160
    Largest truncation error: 3.25727e-08
    Energy after sweep 58/87 is -140.530046880062
    Sweep 58/87 CPU time = 10m, 20s (Wall time = 42.58s)

    vN Entropy at center bond b=150 = 1.253147085752
    Eigs at center bond b=150: 0.5865 0.2382 0.0806 0.0388 0.0228 0.0105 0.0076 0.0036 0.0033 0.0014 
    Largest link dim during sweep 59/87 was 320
    Largest truncation error: 6.15804e-10
    Energy after sweep 59/87 is -140.530109848888
    Sweep 59/87 CPU time = 37m, 47s (Wall time = 2m, 32.7s)

    vN Entropy at center bond b=150 = 1.253800094443
    Eigs at center bond b=150: 0.5864 0.2382 0.0807 0.0388 0.0229 0.0105 0.0076 0.0036 0.0033 0.0015 
    Largest link dim during sweep 60/87 was 320
    Largest truncation error: 1.03894e-09
    Energy after sweep 60/87 is -140.530110227090
    Sweep 60/87 CPU time = 45m, 49s (Wall time = 2m, 58.6s)

    vN Entropy at center bond b=150 = 1.253827949076
    Eigs at center bond b=150: 0.5864 0.2382 0.0807 0.0388 0.0229 0.0105 0.0076 0.0036 0.0033 0.0015 
    Largest link dim during sweep 61/87 was 320
    Largest truncation error: 1.0764e-09
    Energy after sweep 61/87 is -140.530110230837
    Sweep 61/87 CPU time = 48m, 9s (Wall time = 3m, 12.6s)

    vN Entropy at center bond b=150 = 1.253830663560
    Eigs at center bond b=150: 0.5864 0.2382 0.0807 0.0388 0.0229 0.0105 0.0076 0.0036 0.0033 0.0015 
    Largest link dim during sweep 62/87 was 320
    Largest truncation error: 1.08341e-09
    Energy after sweep 62/87 is -140.530110229990
    Sweep 62/87 CPU time = 48m, 10s (Wall time = 3m, 12.7s)

    vN Entropy at center bond b=150 = 1.253831092993
    Eigs at center bond b=150: 0.5864 0.2382 0.0807 0.0388 0.0229 0.0105 0.0076 0.0036 0.0033 0.0015 
    Largest link dim during sweep 63/87 was 320
    Largest truncation error: 1.085e-09
    Energy after sweep 63/87 is -140.530110229855
    Sweep 63/87 CPU time = 48m, 48s (Wall time = 3m, 18.7s)

    vN Entropy at center bond b=150 = 1.253831179704
    Eigs at center bond b=150: 0.5864 0.2382 0.0807 0.0388 0.0229 0.0105 0.0076 0.0036 0.0033 0.0015 
    Largest link dim during sweep 64/87 was 320
    Largest truncation error: 1.08542e-09
    Energy after sweep 64/87 is -140.530110229804
    Sweep 64/87 CPU time = 47m, 56s (Wall time = 3m, 11.5s)

    vN Entropy at center bond b=150 = 1.253831200461
    Eigs at center bond b=150: 0.5864 0.2382 0.0807 0.0388 0.0229 0.0105 0.0076 0.0036 0.0033 0.0015 
    Largest link dim during sweep 65/87 was 320
    Largest truncation error: 1.08556e-09
    Energy after sweep 65/87 is -140.530110229809
    Sweep 65/87 CPU time = 47m, 49s (Wall time = 3m, 11.1s)

    vN Entropy at center bond b=150 = 1.253831205388
    Eigs at center bond b=150: 0.5864 0.2382 0.0807 0.0388 0.0229 0.0105 0.0076 0.0036 0.0033 0.0015 
    Largest link dim during sweep 66/87 was 320
    Largest truncation error: 1.0856e-09
    Energy after sweep 66/87 is -140.530110229814
    Sweep 66/87 CPU time = 47m, 48s (Wall time = 3m, 11.2s)

    vN Entropy at center bond b=150 = 1.253831206442
    Eigs at center bond b=150: 0.5864 0.2382 0.0807 0.0388 0.0229 0.0105 0.0076 0.0036 0.0033 0.0015 
    Largest link dim during sweep 67/87 was 320
    Largest truncation error: 1.08562e-09
    Energy after sweep 67/87 is -140.530110229825
    Sweep 67/87 CPU time = 47m, 44s (Wall time = 3m, 10.5s)

    vN Entropy at center bond b=150 = 1.253831206267
    Eigs at center bond b=150: 0.5864 0.2382 0.0807 0.0388 0.0229 0.0105 0.0076 0.0036 0.0033 0.0015 
    Largest link dim during sweep 68/87 was 320
    Largest truncation error: 1.08562e-09
    Energy after sweep 68/87 is -140.530110229831
    Sweep 68/87 CPU time = 48m, 30s (Wall time = 3m, 13.8s)

    vN Entropy at center bond b=150 = 1.253831205845
    Eigs at center bond b=150: 0.5864 0.2382 0.0807 0.0388 0.0229 0.0105 0.0076 0.0036 0.0033 0.0015 
    Largest link dim during sweep 69/87 was 320
    Largest truncation error: 1.08562e-09
    Energy after sweep 69/87 is -140.530110229836
    Sweep 69/87 CPU time = 48m, 24s (Wall time = 3m, 13.5s)

    vN Entropy at center bond b=150 = 1.253831205434
    Eigs at center bond b=150: 0.5864 0.2382 0.0807 0.0388 0.0229 0.0105 0.0076 0.0036 0.0033 0.0015 
    Largest link dim during sweep 70/87 was 320
    Largest truncation error: 1.08562e-09
    Energy after sweep 70/87 is -140.530110229840
    Sweep 70/87 CPU time = 48m, 29s (Wall time = 3m, 13.5s)

    vN Entropy at center bond b=150 = 1.253831205034
    Eigs at center bond b=150: 0.5864 0.2382 0.0807 0.0388 0.0229 0.0105 0.0076 0.0036 0.0033 0.0015 
    Largest link dim during sweep 71/87 was 320
    Largest truncation error: 1.08562e-09
    Energy after sweep 71/87 is -140.530110229849
    Sweep 71/87 CPU time = 48m, 28s (Wall time = 3m, 13.8s)

    vN Entropy at center bond b=150 = 1.253831204730
    Eigs at center bond b=150: 0.5864 0.2382 0.0807 0.0388 0.0229 0.0105 0.0076 0.0036 0.0033 0.0015 
    Largest link dim during sweep 72/87 was 320
    Largest truncation error: 1.08562e-09
    Energy after sweep 72/87 is -140.530110229857
    Sweep 72/87 CPU time = 48m, 40s (Wall time = 3m, 14.5s)

    vN Entropy at center bond b=150 = 1.253831204601
    Eigs at center bond b=150: 0.5864 0.2382 0.0807 0.0388 0.0229 0.0105 0.0076 0.0036 0.0033 0.0015 
    Largest link dim during sweep 73/87 was 320
    Largest truncation error: 1.08562e-09
    Energy after sweep 73/87 is -140.530110229874
    Sweep 73/87 CPU time = 48m, 50s (Wall time = 3m, 15.3s)

    vN Entropy at center bond b=150 = 1.253831204641
    Eigs at center bond b=150: 0.5864 0.2382 0.0807 0.0388 0.0229 0.0105 0.0076 0.0036 0.0033 0.0015 
    Largest link dim during sweep 74/87 was 320
    Largest truncation error: 1.08562e-09
    Energy after sweep 74/87 is -140.530110229884
    Sweep 74/87 CPU time = 48m, 35s (Wall time = 3m, 14.2s)

    vN Entropy at center bond b=150 = 1.253948116823
    Eigs at center bond b=150: 0.5864 0.2382 0.0807 0.0388 0.0229 0.0105 0.0076 0.0036 0.0033 0.0015 
    Largest link dim during sweep 75/87 was 640
    Largest truncation error: 1.52175e-11
    Energy after sweep 75/87 is -140.530112103910
    Sweep 75/87 CPU time = 2h, 19m, 57s (Wall time = 9m, 19.3s)

    vN Entropy at center bond b=150 = 1.253985310508
    Eigs at center bond b=150: 0.5864 0.2382 0.0807 0.0388 0.0229 0.0105 0.0076 0.0036 0.0033 0.0015 
    Largest link dim during sweep 76/87 was 640
    Largest truncation error: 2.04188e-11
    Energy after sweep 76/87 is -140.530112117431
    Sweep 76/87 CPU time = 2h, 50m, 8s (Wall time = 11m, 19s)

    vN Entropy at center bond b=150 = 1.253987649982
    Eigs at center bond b=150: 0.5864 0.2382 0.0807 0.0388 0.0229 0.0105 0.0076 0.0036 0.0033 0.0015 
    Largest link dim during sweep 77/87 was 640
    Largest truncation error: 2.09214e-11
    Energy after sweep 77/87 is -140.530112117858
    Sweep 77/87 CPU time = 2h, 47m, 25s (Wall time = 11m, 8s)

    vN Entropy at center bond b=150 = 1.253987952687
    Eigs at center bond b=150: 0.5864 0.2382 0.0807 0.0388 0.0229 0.0105 0.0076 0.0036 0.0033 0.0015 
    Largest link dim during sweep 78/87 was 640
    Largest truncation error: 2.11716e-11
    Energy after sweep 78/87 is -140.530112117860
    Sweep 78/87 CPU time = 2h, 47m, 27s (Wall time = 11m, 9s)

    vN Entropy at center bond b=150 = 1.253988014228
    Eigs at center bond b=150: 0.5864 0.2382 0.0807 0.0388 0.0229 0.0105 0.0076 0.0036 0.0033 0.0015 
    Largest link dim during sweep 79/87 was 640
    Largest truncation error: 2.12576e-11
    Energy after sweep 79/87 is -140.530112117855
    Sweep 79/87 CPU time = 2h, 46m, 25s (Wall time = 11m, 5s)

    vN Entropy at center bond b=150 = 1.253988030347
    Eigs at center bond b=150: 0.5864 0.2382 0.0807 0.0388 0.0229 0.0105 0.0076 0.0036 0.0033 0.0015 
    Largest link dim during sweep 80/87 was 640
    Largest truncation error: 2.12871e-11
    Energy after sweep 80/87 is -140.530112117849
    Sweep 80/87 CPU time = 2h, 46m, 5s (Wall time = 11m, 3s)

    vN Entropy at center bond b=150 = 1.253988035261
    Eigs at center bond b=150: 0.5864 0.2382 0.0807 0.0388 0.0229 0.0105 0.0076 0.0036 0.0033 0.0015 
    Largest link dim during sweep 81/87 was 640
    Largest truncation error: 2.12978e-11
    Energy after sweep 81/87 is -140.530112117846
    Sweep 81/87 CPU time = 2h, 46m, 56s (Wall time = 11m, 7s)

    vN Entropy at center bond b=150 = 1.253988036925
    Eigs at center bond b=150: 0.5864 0.2382 0.0807 0.0388 0.0229 0.0105 0.0076 0.0036 0.0033 0.0015 
    Largest link dim during sweep 82/87 was 640
    Largest truncation error: 2.13018e-11
    Energy after sweep 82/87 is -140.530112117848
    Sweep 82/87 CPU time = 2h, 46m, 40s (Wall time = 11m, 6s)

    vN Entropy at center bond b=150 = 1.253990889107
    Eigs at center bond b=150: 0.5864 0.2382 0.0807 0.0388 0.0229 0.0105 0.0076 0.0036 0.0033 0.0015 
    Largest link dim during sweep 83/87 was 1043
    Largest truncation error: 7.68554e-13
    Energy after sweep 83/87 is -140.530112148740
    Sweep 83/87 CPU time = 4h, 41m, 42s (Wall time = 20m, 24s)

    vN Entropy at center bond b=150 = 1.253992039207
    Eigs at center bond b=150: 0.5864 0.2382 0.0807 0.0388 0.0229 0.0105 0.0076 0.0036 0.0033 0.0015 
    Largest link dim during sweep 84/87 was 1280
    Largest truncation error: 1.99089e-13
    Energy after sweep 84/87 is -140.530112152278
    Sweep 84/87 CPU time = 9h, 13m, 23s (Wall time = 43m, 5s)

    vN Entropy at center bond b=150 = 1.253992156043
    Eigs at center bond b=150: 0.5864 0.2382 0.0807 0.0388 0.0229 0.0105 0.0076 0.0036 0.0033 0.0015 
    Largest link dim during sweep 85/87 was 1280
    Largest truncation error: 1.98279e-13
    Energy after sweep 85/87 is -140.530112152309
    Sweep 85/87 CPU time = 10h, 44m, 26s (Wall time = 46m, 32s)

    vN Entropy at center bond b=150 = 1.253992166692
    Eigs at center bond b=150: 0.5864 0.2382 0.0807 0.0388 0.0229 0.0105 0.0076 0.0036 0.0033 0.0015 
    Largest link dim during sweep 86/87 was 1280
    Largest truncation error: 2.0126e-13
    Energy after sweep 86/87 is -140.530112152314
    Sweep 86/87 CPU time = 10h, 43m, 6s (Wall time = 45m, 20s)

    vN Entropy at center bond b=150 = 1.253992168411
    Eigs at center bond b=150: 0.5864 0.2382 0.0807 0.0388 0.0229 0.0105 0.0076 0.0036 0.0033 0.0015 
    Largest link dim during sweep 87/87 was 1280
    Largest truncation error: 2.02357e-13
    Energy after sweep 87/87 is -140.530112152316
    Sweep 87/87 CPU time = 10h, 41m, 13s (Wall time = 44m, 60s)
Initial energy = 15.00000

Ground State Energy = -140.5301121523
run_outputs/outputpsi/N_300_sweep_87_t_0.030000_J_1.000000_V_0.600000_D_0.018000_U_1.680000_mu_0.100000_E_0.000000 converge
Wall-clock time (s) = 137115.875033
