//////////////////////////
Reading input file ......

Got input.N = 300
Got input.t = 0.03
Got input.J = 1
Got input.V = 0.6
Got input.D = 0.018
Got input.U = 1.72
Got input.mu = 1
Got input.E = 0
Got input.nsweeps = 87
Sweeps:
1  MaxDim=20, MinDim=20, Cutoff=1.0E-06, Niter=8, Noise=1.0E-05
2  MaxDim=20, MinDim=20, Cutoff=1.0E-06, Niter=8, Noise=1.0E-05
3  MaxDim=20, MinDim=20, Cutoff=1.0E-06, Niter=8, Noise=1.0E-05
4  MaxDim=20, MinDim=20, Cutoff=1.0E-06, Niter=8, Noise=1.0E-05
5  MaxDim=20, MinDim=20, Cutoff=1.0E-06, Niter=8, Noise=1.0E-05
6  MaxDim=20, MinDim=20, Cutoff=1.0E-06, Niter=8, Noise=1.0E-05
7  MaxDim=20, MinDim=20, Cutoff=1.0E-06, Niter=8, Noise=1.0E-05
8  MaxDim=40, MinDim=20, Cutoff=1.0E-06, Niter=4, Noise=1.0E-05
9  MaxDim=40, MinDim=20, Cutoff=1.0E-06, Niter=4, Noise=1.0E-05
10  MaxDim=40, MinDim=20, Cutoff=1.0E-06, Niter=4, Noise=1.0E-05
11  MaxDim=40, MinDim=20, Cutoff=1.0E-06, Niter=4, Noise=1.0E-05
12  MaxDim=40, MinDim=20, Cutoff=1.0E-06, Niter=4, Noise=1.0E-05
13  MaxDim=40, MinDim=20, Cutoff=1.0E-06, Niter=4, Noise=1.0E-05
14  MaxDim=40, MinDim=20, Cutoff=1.0E-06, Niter=4, Noise=1.0E-05
15  MaxDim=80, MinDim=10, Cutoff=1.0E-06, Niter=4, Noise=1.0E-05
16  MaxDim=80, MinDim=10, Cutoff=1.0E-06, Niter=4, Noise=1.0E-05
17  MaxDim=80, MinDim=10, Cutoff=1.0E-06, Niter=4, Noise=1.0E-05
18  MaxDim=80, MinDim=10, Cutoff=1.0E-06, Niter=4, Noise=1.0E-05
19  MaxDim=80, MinDim=10, Cutoff=1.0E-06, Niter=4, Noise=1.0E-05
20  MaxDim=80, MinDim=10, Cutoff=1.0E-06, Niter=4, Noise=1.0E-05
21  MaxDim=80, MinDim=10, Cutoff=1.0E-06, Niter=4, Noise=1.0E-05
22  MaxDim=80, MinDim=10, Cutoff=1.0E-06, Niter=4, Noise=1.0E-05
23  MaxDim=80, MinDim=10, Cutoff=1.0E-06, Niter=4, Noise=1.0E-05
24  MaxDim=80, MinDim=10, Cutoff=1.0E-06, Niter=4, Noise=1.0E-05
25  MaxDim=80, MinDim=10, Cutoff=1.0E-06, Niter=4, Noise=1.0E-05
26  MaxDim=80, MinDim=10, Cutoff=1.0E-06, Niter=4, Noise=1.0E-05
27  MaxDim=80, MinDim=10, Cutoff=1.0E-06, Niter=4, Noise=1.0E-05
28  MaxDim=80, MinDim=10, Cutoff=1.0E-06, Niter=4, Noise=1.0E-05
29  MaxDim=80, MinDim=10, Cutoff=1.0E-06, Niter=4, Noise=1.0E-05
30  MaxDim=80, MinDim=10, Cutoff=1.0E-06, Niter=4, Noise=1.0E-05
31  MaxDim=80, MinDim=10, Cutoff=1.0E-06, Niter=4, Noise=1.0E-05
32  MaxDim=80, MinDim=10, Cutoff=1.0E-06, Niter=4, Noise=1.0E-05
33  MaxDim=80, MinDim=10, Cutoff=1.0E-06, Niter=4, Noise=1.0E-05
34  MaxDim=80, MinDim=10, Cutoff=1.0E-06, Niter=4, Noise=1.0E-05
35  MaxDim=80, MinDim=10, Cutoff=1.0E-06, Niter=4, Noise=1.0E-05
36  MaxDim=80, MinDim=10, Cutoff=1.0E-06, Niter=4, Noise=1.0E-05
37  MaxDim=160, MinDim=10, Cutoff=1.0E-08, Niter=4, Noise=1.0E-06
38  MaxDim=160, MinDim=10, Cutoff=1.0E-08, Niter=4, Noise=1.0E-06
39  MaxDim=160, MinDim=10, Cutoff=1.0E-08, Niter=4, Noise=1.0E-06
40  MaxDim=160, MinDim=10, Cutoff=1.0E-08, Niter=4, Noise=1.0E-06
41  MaxDim=160, MinDim=10, Cutoff=1.0E-08, Niter=4, Noise=1.0E-06
42  MaxDim=160, MinDim=10, Cutoff=1.0E-08, Niter=4, Noise=1.0E-06
43  MaxDim=160, MinDim=10, Cutoff=1.0E-08, Niter=4, Noise=1.0E-06
44  MaxDim=160, MinDim=10, Cutoff=1.0E-08, Niter=4, Noise=1.0E-06
45  MaxDim=160, MinDim=10, Cutoff=1.0E-08, Niter=4, Noise=1.0E-06
46  MaxDim=160, MinDim=10, Cutoff=1.0E-08, Niter=4, Noise=1.0E-06
47  MaxDim=160, MinDim=10, Cutoff=1.0E-08, Niter=4, Noise=1.0E-06
48  MaxDim=160, MinDim=10, Cutoff=1.0E-08, Niter=4, Noise=1.0E-06
49  MaxDim=160, MinDim=10, Cutoff=1.0E-08, Niter=4, Noise=1.0E-06
50  MaxDim=160, MinDim=10, Cutoff=1.0E-08, Niter=4, Noise=1.0E-06
51  MaxDim=160, MinDim=10, Cutoff=1.0E-08, Niter=4, Noise=1.0E-06
52  MaxDim=160, MinDim=10, Cutoff=1.0E-08, Niter=4, Noise=1.0E-06
53  MaxDim=160, MinDim=10, Cutoff=1.0E-08, Niter=4, Noise=1.0E-06
54  MaxDim=160, MinDim=10, Cutoff=1.0E-08, Niter=4, Noise=1.0E-06
55  MaxDim=160, MinDim=10, Cutoff=1.0E-08, Niter=4, Noise=1.0E-06
56  MaxDim=160, MinDim=10, Cutoff=1.0E-08, Niter=4, Noise=1.0E-06
57  MaxDim=160, MinDim=10, Cutoff=1.0E-08, Niter=4, Noise=1.0E-06
58  MaxDim=160, MinDim=10, Cutoff=1.0E-08, Niter=4, Noise=1.0E-06
59  MaxDim=320, MinDim=10, Cutoff=1.0E-10, Niter=4, Noise=1.0E-07
60  MaxDim=320, MinDim=10, Cutoff=1.0E-10, Niter=4, Noise=1.0E-07
61  MaxDim=320, MinDim=10, Cutoff=1.0E-10, Niter=4, Noise=1.0E-07
62  MaxDim=320, MinDim=10, Cutoff=1.0E-10, Niter=4, Noise=1.0E-07
63  MaxDim=320, MinDim=10, Cutoff=1.0E-10, Niter=4, Noise=1.0E-07
64  MaxDim=320, MinDim=10, Cutoff=1.0E-10, Niter=4, Noise=1.0E-07
65  MaxDim=320, MinDim=10, Cutoff=1.0E-10, Niter=4, Noise=1.0E-07
66  MaxDim=320, MinDim=10, Cutoff=1.0E-10, Niter=4, Noise=1.0E-07
67  MaxDim=320, MinDim=10, Cutoff=1.0E-10, Niter=4, Noise=1.0E-07
68  MaxDim=320, MinDim=10, Cutoff=1.0E-10, Niter=4, Noise=1.0E-07
69  MaxDim=320, MinDim=10, Cutoff=1.0E-10, Niter=4, Noise=1.0E-07
70  MaxDim=320, MinDim=10, Cutoff=1.0E-10, Niter=4, Noise=1.0E-07
71  MaxDim=320, MinDim=10, Cutoff=1.0E-10, Niter=4, Noise=1.0E-07
72  MaxDim=320, MinDim=10, Cutoff=1.0E-10, Niter=4, Noise=1.0E-07
73  MaxDim=320, MinDim=10, Cutoff=1.0E-10, Niter=4, Noise=1.0E-07
74  MaxDim=320, MinDim=10, Cutoff=1.0E-10, Niter=4, Noise=1.0E-07
75  MaxDim=640, MinDim=10, Cutoff=1.0E-12, Niter=2, Noise=1.0E-08
76  MaxDim=640, MinDim=10, Cutoff=1.0E-12, Niter=2, Noise=1.0E-08
77  MaxDim=640, MinDim=10, Cutoff=1.0E-12, Niter=2, Noise=1.0E-08
78  MaxDim=640, MinDim=10, Cutoff=1.0E-12, Niter=2, Noise=1.0E-08
79  MaxDim=640, MinDim=10, Cutoff=1.0E-12, Niter=2, Noise=1.0E-08
80  MaxDim=640, MinDim=10, Cutoff=1.0E-12, Niter=2, Noise=1.0E-08
81  MaxDim=640, MinDim=10, Cutoff=1.0E-12, Niter=2, Noise=1.0E-08
82  MaxDim=640, MinDim=10, Cutoff=1.0E-12, Niter=2, Noise=1.0E-08
83  MaxDim=1280, MinDim=10, Cutoff=1.0E-12, Niter=2, Noise=0.0E+00
84  MaxDim=1280, MinDim=10, Cutoff=1.0E-14, Niter=2, Noise=0.0E+00
85  MaxDim=1280, MinDim=10, Cutoff=1.0E-14, Niter=2, Noise=0.0E+00
86  MaxDim=1280, MinDim=10, Cutoff=1.0E-14, Niter=2, Noise=0.0E+00
87  MaxDim=1280, MinDim=10, Cutoff=1.0E-14, Niter=2, Noise=0.0E+00


    vN Entropy at center bond b=150 = 0.536017526107
    Eigs at center bond b=150: 0.8440 0.1293 0.0155 0.0074 0.0015 0.0011 
    Largest link dim during sweep 1/87 was 20
    Largest truncation error: 5.50385e-05
    Energy after sweep 1/87 is -98.541907687557
    Sweep 1/87 CPU time = 18.15s (Wall time = 1.181s)

    vN Entropy at center bond b=150 = 0.680871004793
    Eigs at center bond b=150: 0.7881 0.1678 0.0275 0.0071 0.0040 0.0025 0.0013 
    Largest link dim during sweep 2/87 was 20
    Largest truncation error: 6.74311e-05
    Energy after sweep 2/87 is -98.693335056152
    Sweep 2/87 CPU time = 25.50s (Wall time = 1.637s)

    vN Entropy at center bond b=150 = 0.697467440194
    Eigs at center bond b=150: 0.7824 0.1706 0.0292 0.0071 0.0044 0.0029 0.0013 
    Largest link dim during sweep 3/87 was 20
    Largest truncation error: 6.86676e-05
    Energy after sweep 3/87 is -98.701332703761
    Sweep 3/87 CPU time = 25.63s (Wall time = 1.644s)

    vN Entropy at center bond b=150 = 0.699256014135
    Eigs at center bond b=150: 0.7818 0.1709 0.0294 0.0071 0.0045 0.0029 0.0013 
    Largest link dim during sweep 4/87 was 20
    Largest truncation error: 7.17677e-05
    Energy after sweep 4/87 is -98.702845856289
    Sweep 4/87 CPU time = 25.62s (Wall time = 1.642s)

    vN Entropy at center bond b=150 = 0.699484356842
    Eigs at center bond b=150: 0.7818 0.1709 0.0294 0.0071 0.0045 0.0029 0.0013 
    Largest link dim during sweep 5/87 was 20
    Largest truncation error: 7.61766e-05
    Energy after sweep 5/87 is -98.703588991320
    Sweep 5/87 CPU time = 25.47s (Wall time = 1.634s)

    vN Entropy at center bond b=150 = 0.699522359261
    Eigs at center bond b=150: 0.7818 0.1709 0.0294 0.0071 0.0045 0.0029 0.0013 
    Largest link dim during sweep 6/87 was 20
    Largest truncation error: 7.70571e-05
    Energy after sweep 6/87 is -98.703972744439
    Sweep 6/87 CPU time = 25.68s (Wall time = 1.649s)

    vN Entropy at center bond b=150 = 0.699530201023
    Eigs at center bond b=150: 0.7818 0.1709 0.0294 0.0071 0.0045 0.0029 0.0013 
    Largest link dim during sweep 7/87 was 20
    Largest truncation error: 7.8585e-05
    Energy after sweep 7/87 is -98.704149675660
    Sweep 7/87 CPU time = 25.78s (Wall time = 1.650s)

    vN Entropy at center bond b=150 = 0.756752747638
    Eigs at center bond b=150: 0.7634 0.1789 0.0349 0.0072 0.0063 0.0045 0.0016 0.0011 
    Largest link dim during sweep 8/87 was 40
    Largest truncation error: 7.67169e-06
    Energy after sweep 8/87 is -98.760968545420
    Sweep 8/87 CPU time = 29.78s (Wall time = 1.911s)

    vN Entropy at center bond b=150 = 0.806464889539
    Eigs at center bond b=150: 0.7481 0.1839 0.0406 0.0083 0.0072 0.0060 0.0019 0.0014 
    Largest link dim during sweep 9/87 was 40
    Largest truncation error: 1.33053e-05
    Energy after sweep 9/87 is -98.765167699166
    Sweep 9/87 CPU time = 39.88s (Wall time = 2.562s)

    vN Entropy at center bond b=150 = 0.818673817595
    Eigs at center bond b=150: 0.7448 0.1841 0.0425 0.0089 0.0072 0.0062 0.0020 0.0014 
    Largest link dim during sweep 10/87 was 40
    Largest truncation error: 1.39064e-05
    Energy after sweep 10/87 is -98.766261909556
    Sweep 10/87 CPU time = 39.78s (Wall time = 2.570s)

    vN Entropy at center bond b=150 = 0.822412219253
    Eigs at center bond b=150: 0.7438 0.1839 0.0433 0.0091 0.0072 0.0063 0.0020 0.0014 
    Largest link dim during sweep 11/87 was 40
    Largest truncation error: 1.40855e-05
    Energy after sweep 11/87 is -98.766746502310
    Sweep 11/87 CPU time = 39.82s (Wall time = 2.558s)

    vN Entropy at center bond b=150 = 0.823696713280
    Eigs at center bond b=150: 0.7435 0.1838 0.0436 0.0092 0.0072 0.0063 0.0020 0.0014 
    Largest link dim during sweep 12/87 was 40
    Largest truncation error: 1.42796e-05
    Energy after sweep 12/87 is -98.767035157669
    Sweep 12/87 CPU time = 40.00s (Wall time = 2.573s)

    vN Entropy at center bond b=150 = 0.824091706695
    Eigs at center bond b=150: 0.7435 0.1838 0.0437 0.0092 0.0072 0.0063 0.0020 0.0014 
    Largest link dim during sweep 13/87 was 40
    Largest truncation error: 1.43929e-05
    Energy after sweep 13/87 is -98.767221819665
    Sweep 13/87 CPU time = 39.96s (Wall time = 2.575s)

    vN Entropy at center bond b=150 = 0.824144219654
    Eigs at center bond b=150: 0.7435 0.1837 0.0438 0.0092 0.0072 0.0063 0.0020 0.0014 
    Largest link dim during sweep 14/87 was 40
    Largest truncation error: 1.44377e-05
    Energy after sweep 14/87 is -98.767343976853
    Sweep 14/87 CPU time = 39.75s (Wall time = 2.552s)

    vN Entropy at center bond b=150 = 0.857064102209
    Eigs at center bond b=150: 0.7338 0.1855 0.0483 0.0108 0.0073 0.0070 0.0023 0.0016 0.0012 
    Largest link dim during sweep 15/87 was 80
    Largest truncation error: 1.11557e-06
    Energy after sweep 15/87 is -98.777590090987
    Sweep 15/87 CPU time = 1m, 6.7s (Wall time = 4.311s)

    vN Entropy at center bond b=150 = 0.912366901443
    Eigs at center bond b=150: 0.7180 0.1857 0.0578 0.0140 0.0081 0.0071 0.0029 0.0020 0.0015 
    Largest link dim during sweep 16/87 was 80
    Largest truncation error: 2.22445e-06
    Energy after sweep 16/87 is -98.779883745339
    Sweep 16/87 CPU time = 1m, 33.7s (Wall time = 6.045s)

    vN Entropy at center bond b=150 = 0.977816761291
    Eigs at center bond b=150: 0.6981 0.1850 0.0709 0.0185 0.0090 0.0070 0.0038 0.0023 0.0017 0.0010 
    Largest link dim during sweep 17/87 was 80
    Largest truncation error: 2.44406e-06
    Energy after sweep 17/87 is -98.781328459288
    Sweep 17/87 CPU time = 1m, 48.9s (Wall time = 6.993s)

    vN Entropy at center bond b=150 = 1.060206857311
    Eigs at center bond b=150: 0.6694 0.1860 0.0880 0.0256 0.0102 0.0067 0.0045 0.0025 0.0020 0.0014 
    Largest link dim during sweep 18/87 was 80
    Largest truncation error: 2.55451e-06
    Energy after sweep 18/87 is -98.782525103857
    Sweep 18/87 CPU time = 2m, 9.6s (Wall time = 8.343s)

    vN Entropy at center bond b=150 = 1.144645758659
    Eigs at center bond b=150: 0.6344 0.1942 0.1024 0.0348 0.0114 0.0064 0.0049 0.0027 0.0024 0.0019 
    Largest link dim during sweep 19/87 was 80
    Largest truncation error: 2.94197e-06
    Energy after sweep 19/87 is -98.783440737250
    Sweep 19/87 CPU time = 2m, 19.9s (Wall time = 9.003s)

    vN Entropy at center bond b=150 = 1.198169324557
    Eigs at center bond b=150: 0.6083 0.2065 0.1070 0.0421 0.0120 0.0061 0.0050 0.0030 0.0028 0.0022 
    Largest link dim during sweep 20/87 was 80
    Largest truncation error: 3.18425e-06
    Energy after sweep 20/87 is -98.783916508442
    Sweep 20/87 CPU time = 2m, 30.0s (Wall time = 9.626s)

    vN Entropy at center bond b=150 = 1.219334663522
    Eigs at center bond b=150: 0.5969 0.2133 0.1074 0.0455 0.0122 0.0060 0.0051 0.0032 0.0029 0.0023 
    Largest link dim during sweep 21/87 was 80
    Largest truncation error: 3.30031e-06
    Energy after sweep 21/87 is -98.784112969837
    Sweep 21/87 CPU time = 2m, 33.2s (Wall time = 9.895s)

    vN Entropy at center bond b=150 = 1.226645808646
    Eigs at center bond b=150: 0.5928 0.2160 0.1073 0.0467 0.0122 0.0060 0.0051 0.0032 0.0029 0.0023 
    Largest link dim during sweep 22/87 was 80
    Largest truncation error: 3.34663e-06
    Energy after sweep 22/87 is -98.784207934042
    Sweep 22/87 CPU time = 2m, 31.5s (Wall time = 9.710s)

    vN Entropy at center bond b=150 = 1.229114947377
    Eigs at center bond b=150: 0.5913 0.2170 0.1073 0.0472 0.0123 0.0060 0.0051 0.0032 0.0029 0.0023 
    Largest link dim during sweep 23/87 was 80
    Largest truncation error: 3.35461e-06
    Energy after sweep 23/87 is -98.784263570097
    Sweep 23/87 CPU time = 2m, 31.1s (Wall time = 9.713s)

    vN Entropy at center bond b=150 = 1.229934680396
    Eigs at center bond b=150: 0.5908 0.2174 0.1072 0.0474 0.0123 0.0060 0.0051 0.0032 0.0029 0.0023 
    Largest link dim during sweep 24/87 was 80
    Largest truncation error: 3.34473e-06
    Energy after sweep 24/87 is -98.784298612654
    Sweep 24/87 CPU time = 2m, 31.1s (Wall time = 9.714s)

    vN Entropy at center bond b=150 = 1.230174966551
    Eigs at center bond b=150: 0.5907 0.2175 0.1072 0.0474 0.0123 0.0060 0.0050 0.0032 0.0029 0.0023 
    Largest link dim during sweep 25/87 was 80
    Largest truncation error: 3.32736e-06
    Energy after sweep 25/87 is -98.784323693985
    Sweep 25/87 CPU time = 2m, 30.6s (Wall time = 9.685s)

    vN Entropy at center bond b=150 = 1.230201056943
    Eigs at center bond b=150: 0.5906 0.2176 0.1072 0.0474 0.0123 0.0060 0.0050 0.0032 0.0029 0.0023 
    Largest link dim during sweep 26/87 was 80
    Largest truncation error: 3.30327e-06
    Energy after sweep 26/87 is -98.784344121230
    Sweep 26/87 CPU time = 2m, 31.1s (Wall time = 9.698s)

    vN Entropy at center bond b=150 = 1.230136957825
    Eigs at center bond b=150: 0.5906 0.2176 0.1071 0.0474 0.0122 0.0060 0.0050 0.0032 0.0029 0.0023 
    Largest link dim during sweep 27/87 was 80
    Largest truncation error: 3.31226e-06
    Energy after sweep 27/87 is -98.784363572374
    Sweep 27/87 CPU time = 2m, 30.7s (Wall time = 9.672s)

    vN Entropy at center bond b=150 = 1.230051216868
    Eigs at center bond b=150: 0.5906 0.2176 0.1071 0.0474 0.0122 0.0060 0.0050 0.0032 0.0029 0.0023 
    Largest link dim during sweep 28/87 was 80
    Largest truncation error: 3.31662e-06
    Energy after sweep 28/87 is -98.784377517454
    Sweep 28/87 CPU time = 2m, 30.7s (Wall time = 9.668s)

    vN Entropy at center bond b=150 = 1.229941000046
    Eigs at center bond b=150: 0.5907 0.2177 0.1071 0.0474 0.0122 0.0060 0.0050 0.0032 0.0029 0.0023 
    Largest link dim during sweep 29/87 was 80
    Largest truncation error: 3.33425e-06
    Energy after sweep 29/87 is -98.784388727399
    Sweep 29/87 CPU time = 2m, 30.8s (Wall time = 9.682s)

    vN Entropy at center bond b=150 = 1.229845340673
    Eigs at center bond b=150: 0.5907 0.2177 0.1070 0.0474 0.0122 0.0060 0.0050 0.0032 0.0029 0.0023 
    Largest link dim during sweep 30/87 was 80
    Largest truncation error: 3.35254e-06
    Energy after sweep 30/87 is -98.784397361091
    Sweep 30/87 CPU time = 2m, 30.9s (Wall time = 9.728s)

    vN Entropy at center bond b=150 = 1.229757864296
    Eigs at center bond b=150: 0.5907 0.2177 0.1070 0.0474 0.0122 0.0060 0.0050 0.0032 0.0029 0.0023 
    Largest link dim during sweep 31/87 was 80
    Largest truncation error: 3.37096e-06
    Energy after sweep 31/87 is -98.784404258480
    Sweep 31/87 CPU time = 2m, 30.4s (Wall time = 9.655s)

    vN Entropy at center bond b=150 = 1.229676940504
    Eigs at center bond b=150: 0.5907 0.2177 0.1070 0.0474 0.0122 0.0060 0.0050 0.0032 0.0029 0.0023 
    Largest link dim during sweep 32/87 was 80
    Largest truncation error: 3.38547e-06
    Energy after sweep 32/87 is -98.784407964923
    Sweep 32/87 CPU time = 2m, 38.2s (Wall time = 10.17s)

    vN Entropy at center bond b=150 = 1.229607395640
    Eigs at center bond b=150: 0.5908 0.2177 0.1070 0.0474 0.0122 0.0060 0.0050 0.0032 0.0029 0.0023 
    Largest link dim during sweep 33/87 was 80
    Largest truncation error: 3.39904e-06
    Energy after sweep 33/87 is -98.784412530603
    Sweep 33/87 CPU time = 2m, 34.6s (Wall time = 9.932s)

    vN Entropy at center bond b=150 = 1.229541513458
    Eigs at center bond b=150: 0.5908 0.2176 0.1070 0.0474 0.0122 0.0060 0.0050 0.0032 0.0029 0.0023 
    Largest link dim during sweep 34/87 was 80
    Largest truncation error: 3.40603e-06
    Energy after sweep 34/87 is -98.784414104246
    Sweep 34/87 CPU time = 2m, 37.4s (Wall time = 10.10s)

    vN Entropy at center bond b=150 = 1.229490684458
    Eigs at center bond b=150: 0.5908 0.2176 0.1070 0.0474 0.0122 0.0060 0.0050 0.0032 0.0029 0.0023 
    Largest link dim during sweep 35/87 was 80
    Largest truncation error: 3.42534e-06
    Energy after sweep 35/87 is -98.784419787265
    Sweep 35/87 CPU time = 2m, 34.6s (Wall time = 9.927s)

    vN Entropy at center bond b=150 = 1.229426465529
    Eigs at center bond b=150: 0.5908 0.2176 0.1070 0.0474 0.0122 0.0060 0.0050 0.0032 0.0029 0.0023 
    Largest link dim during sweep 36/87 was 80
    Largest truncation error: 3.43776e-06
    Energy after sweep 36/87 is -98.784421270661
    Sweep 36/87 CPU time = 2m, 36.7s (Wall time = 10.06s)

    vN Entropy at center bond b=150 = 1.264079091997
    Eigs at center bond b=150: 0.5801 0.2192 0.1095 0.0496 0.0137 0.0061 0.0058 0.0037 0.0029 0.0026 
    Largest link dim during sweep 37/87 was 160
    Largest truncation error: 1.93805e-07
    Energy after sweep 37/87 is -98.788606081428
    Sweep 37/87 CPU time = 8m, 22.9s (Wall time = 34.38s)

    vN Entropy at center bond b=150 = 1.279715511525
    Eigs at center bond b=150: 0.5757 0.2197 0.1103 0.0505 0.0144 0.0061 0.0061 0.0040 0.0029 0.0027 
    Largest link dim during sweep 38/87 was 160
    Largest truncation error: 3.52563e-07
    Energy after sweep 38/87 is -98.788856078233
    Sweep 38/87 CPU time = 10m, 11s (Wall time = 39.57s)

    vN Entropy at center bond b=150 = 1.280554824477
    Eigs at center bond b=150: 0.5755 0.2198 0.1103 0.0505 0.0144 0.0061 0.0061 0.0040 0.0029 0.0028 
    Largest link dim during sweep 39/87 was 160
    Largest truncation error: 3.89942e-07
    Energy after sweep 39/87 is -98.788999517957
    Sweep 39/87 CPU time = 10m, 8s (Wall time = 39.03s)

    vN Entropy at center bond b=150 = 1.280190026527
    Eigs at center bond b=150: 0.5756 0.2198 0.1102 0.0505 0.0144 0.0061 0.0061 0.0040 0.0029 0.0028 
    Largest link dim during sweep 40/87 was 160
    Largest truncation error: 3.97799e-07
    Energy after sweep 40/87 is -98.789102141219
    Sweep 40/87 CPU time = 10m, 15s (Wall time = 39.50s)

    vN Entropy at center bond b=150 = 1.279708754930
    Eigs at center bond b=150: 0.5758 0.2198 0.1102 0.0504 0.0144 0.0061 0.0061 0.0040 0.0029 0.0027 
    Largest link dim during sweep 41/87 was 160
    Largest truncation error: 3.95361e-07
    Energy after sweep 41/87 is -98.789175739321
    Sweep 41/87 CPU time = 10m, 15s (Wall time = 39.58s)

    vN Entropy at center bond b=150 = 1.279218890559
    Eigs at center bond b=150: 0.5759 0.2198 0.1101 0.0504 0.0144 0.0061 0.0061 0.0040 0.0029 0.0027 
    Largest link dim during sweep 42/87 was 160
    Largest truncation error: 3.9487e-07
    Energy after sweep 42/87 is -98.789230546402
    Sweep 42/87 CPU time = 10m, 1s (Wall time = 38.55s)

    vN Entropy at center bond b=150 = 1.278734326218
    Eigs at center bond b=150: 0.5761 0.2198 0.1101 0.0504 0.0144 0.0061 0.0061 0.0040 0.0029 0.0027 
    Largest link dim during sweep 43/87 was 160
    Largest truncation error: 3.99069e-07
    Energy after sweep 43/87 is -98.789272209023
    Sweep 43/87 CPU time = 10m, 10s (Wall time = 39.29s)

    vN Entropy at center bond b=150 = 1.278282974060
    Eigs at center bond b=150: 0.5762 0.2198 0.1100 0.0503 0.0143 0.0061 0.0061 0.0040 0.0029 0.0027 
    Largest link dim during sweep 44/87 was 160
    Largest truncation error: 3.98164e-07
    Energy after sweep 44/87 is -98.789304504604
    Sweep 44/87 CPU time = 10m, 10s (Wall time = 39.15s)

    vN Entropy at center bond b=150 = 1.277848064408
    Eigs at center bond b=150: 0.5764 0.2198 0.1100 0.0503 0.0143 0.0061 0.0061 0.0039 0.0029 0.0027 
    Largest link dim during sweep 45/87 was 160
    Largest truncation error: 4.01557e-07
    Energy after sweep 45/87 is -98.789329983057
    Sweep 45/87 CPU time = 10m, 9s (Wall time = 39.25s)

    vN Entropy at center bond b=150 = 1.277440096469
    Eigs at center bond b=150: 0.5765 0.2198 0.1100 0.0503 0.0143 0.0061 0.0061 0.0039 0.0029 0.0027 
    Largest link dim during sweep 46/87 was 160
    Largest truncation error: 4.09743e-07
    Energy after sweep 46/87 is -98.789350579405
    Sweep 46/87 CPU time = 10m, 12s (Wall time = 39.37s)

    vN Entropy at center bond b=150 = 1.277061416816
    Eigs at center bond b=150: 0.5766 0.2198 0.1099 0.0503 0.0143 0.0061 0.0060 0.0039 0.0029 0.0027 
    Largest link dim during sweep 47/87 was 160
    Largest truncation error: 4.15089e-07
    Energy after sweep 47/87 is -98.789367489874
    Sweep 47/87 CPU time = 10m, 9s (Wall time = 39.13s)

    vN Entropy at center bond b=150 = 1.276704609658
    Eigs at center bond b=150: 0.5767 0.2198 0.1099 0.0502 0.0143 0.0061 0.0060 0.0039 0.0029 0.0027 
    Largest link dim during sweep 48/87 was 160
    Largest truncation error: 4.18835e-07
    Energy after sweep 48/87 is -98.789381379617
    Sweep 48/87 CPU time = 10m, 11s (Wall time = 39.38s)

    vN Entropy at center bond b=150 = 1.276361678370
    Eigs at center bond b=150: 0.5768 0.2198 0.1099 0.0502 0.0143 0.0061 0.0060 0.0039 0.0029 0.0027 
    Largest link dim during sweep 49/87 was 160
    Largest truncation error: 4.26302e-07
    Energy after sweep 49/87 is -98.789392905315
    Sweep 49/87 CPU time = 10m, 12s (Wall time = 39.37s)

    vN Entropy at center bond b=150 = 1.276034062448
    Eigs at center bond b=150: 0.5769 0.2198 0.1098 0.0502 0.0142 0.0061 0.0060 0.0039 0.0029 0.0027 
    Largest link dim during sweep 50/87 was 160
    Largest truncation error: 4.35297e-07
    Energy after sweep 50/87 is -98.789402796654
    Sweep 50/87 CPU time = 10m, 11s (Wall time = 39.34s)

    vN Entropy at center bond b=150 = 1.275720059623
    Eigs at center bond b=150: 0.5770 0.2197 0.1098 0.0502 0.0142 0.0061 0.0060 0.0039 0.0029 0.0027 
    Largest link dim during sweep 51/87 was 160
    Largest truncation error: 4.43337e-07
    Energy after sweep 51/87 is -98.789411148005
    Sweep 51/87 CPU time = 10m, 10s (Wall time = 39.32s)

    vN Entropy at center bond b=150 = 1.275430091840
    Eigs at center bond b=150: 0.5771 0.2197 0.1098 0.0502 0.0142 0.0061 0.0060 0.0039 0.0029 0.0027 
    Largest link dim during sweep 52/87 was 160
    Largest truncation error: 4.50107e-07
    Energy after sweep 52/87 is -98.789418310114
    Sweep 52/87 CPU time = 10m, 14s (Wall time = 39.47s)

    vN Entropy at center bond b=150 = 1.275154492739
    Eigs at center bond b=150: 0.5771 0.2197 0.1098 0.0502 0.0142 0.0061 0.0060 0.0039 0.0029 0.0027 
    Largest link dim during sweep 53/87 was 160
    Largest truncation error: 4.5531e-07
    Energy after sweep 53/87 is -98.789424471655
    Sweep 53/87 CPU time = 10m, 17s (Wall time = 39.67s)

    vN Entropy at center bond b=150 = 1.274900595595
    Eigs at center bond b=150: 0.5772 0.2197 0.1097 0.0501 0.0142 0.0061 0.0060 0.0039 0.0029 0.0027 
    Largest link dim during sweep 54/87 was 160
    Largest truncation error: 4.59614e-07
    Energy after sweep 54/87 is -98.789429903784
    Sweep 54/87 CPU time = 10m, 15s (Wall time = 39.63s)

    vN Entropy at center bond b=150 = 1.274666432581
    Eigs at center bond b=150: 0.5773 0.2197 0.1097 0.0501 0.0142 0.0061 0.0060 0.0039 0.0029 0.0027 
    Largest link dim during sweep 55/87 was 160
    Largest truncation error: 4.63094e-07
    Energy after sweep 55/87 is -98.789434643421
    Sweep 55/87 CPU time = 10m, 15s (Wall time = 39.54s)

    vN Entropy at center bond b=150 = 1.274462787940
    Eigs at center bond b=150: 0.5774 0.2197 0.1097 0.0501 0.0142 0.0061 0.0060 0.0039 0.0029 0.0027 
    Largest link dim during sweep 56/87 was 160
    Largest truncation error: 4.65756e-07
    Energy after sweep 56/87 is -98.789438781572
    Sweep 56/87 CPU time = 10m, 12s (Wall time = 39.34s)

    vN Entropy at center bond b=150 = 1.274297601192
    Eigs at center bond b=150: 0.5774 0.2197 0.1097 0.0501 0.0142 0.0061 0.0060 0.0039 0.0029 0.0027 
    Largest link dim during sweep 57/87 was 160
    Largest truncation error: 4.68503e-07
    Energy after sweep 57/87 is -98.789442438876
    Sweep 57/87 CPU time = 10m, 10s (Wall time = 39.22s)

    vN Entropy at center bond b=150 = 1.274180379933
    Eigs at center bond b=150: 0.5775 0.2197 0.1097 0.0501 0.0142 0.0061 0.0060 0.0039 0.0030 0.0027 
    Largest link dim during sweep 58/87 was 160
    Largest truncation error: 4.71009e-07
    Energy after sweep 58/87 is -98.789445622964
    Sweep 58/87 CPU time = 10m, 12s (Wall time = 39.30s)

    vN Entropy at center bond b=150 = 1.285315332386
    Eigs at center bond b=150: 0.5745 0.2200 0.1103 0.0507 0.0146 0.0062 0.0061 0.0040 0.0030 0.0028 
    Largest link dim during sweep 59/87 was 320
    Largest truncation error: 2.1732e-08
    Energy after sweep 59/87 is -98.790104777163
    Sweep 59/87 CPU time = 47m, 16s (Wall time = 3m, 8.9s)

    vN Entropy at center bond b=150 = 1.294503820568
    Eigs at center bond b=150: 0.5732 0.2198 0.1104 0.0508 0.0147 0.0063 0.0062 0.0041 0.0030 0.0028 
    Largest link dim during sweep 60/87 was 320
    Largest truncation error: 3.64368e-08
    Energy after sweep 60/87 is -98.790167862971
    Sweep 60/87 CPU time = 50m, 2s (Wall time = 3m, 15.0s)

    vN Entropy at center bond b=150 = 1.310249777048
    Eigs at center bond b=150: 0.5717 0.2191 0.1101 0.0507 0.0147 0.0063 0.0062 0.0041 0.0032 0.0029 
    Largest link dim during sweep 61/87 was 320
    Largest truncation error: 3.8686e-08
    Energy after sweep 61/87 is -98.790217323432
    Sweep 61/87 CPU time = 50m, 41s (Wall time = 3m, 19.1s)

    vN Entropy at center bond b=150 = 1.336103712950
    Eigs at center bond b=150: 0.5689 0.2179 0.1096 0.0504 0.0146 0.0063 0.0062 0.0047 0.0041 0.0036 
    Largest link dim during sweep 62/87 was 320
    Largest truncation error: 4.21795e-08
    Energy after sweep 62/87 is -98.790258717225
    Sweep 62/87 CPU time = 52m, 59s (Wall time = 3m, 31.6s)

    vN Entropy at center bond b=150 = 1.369414726049
    Eigs at center bond b=150: 0.5647 0.2160 0.1088 0.0500 0.0145 0.0089 0.0062 0.0061 0.0050 0.0041 
    Largest link dim during sweep 63/87 was 320
    Largest truncation error: 4.4028e-08
    Energy after sweep 63/87 is -98.790293089654
    Sweep 63/87 CPU time = 52m, 59s (Wall time = 3m, 33.4s)

    vN Entropy at center bond b=150 = 1.407260605825
    Eigs at center bond b=150: 0.5592 0.2137 0.1078 0.0495 0.0144 0.0143 0.0074 0.0062 0.0061 0.0040 
    Largest link dim during sweep 64/87 was 320
    Largest truncation error: 4.45486e-08
    Energy after sweep 64/87 is -98.790321770140
    Sweep 64/87 CPU time = 52m, 20s (Wall time = 3m, 28.8s)

    vN Entropy at center bond b=150 = 1.446902942072
    Eigs at center bond b=150: 0.5526 0.2109 0.1067 0.0489 0.0208 0.0142 0.0103 0.0062 0.0060 0.0040 
    Largest link dim during sweep 65/87 was 320
    Largest truncation error: 4.44119e-08
    Energy after sweep 65/87 is -98.790345911338
    Sweep 65/87 CPU time = 52m, 19s (Wall time = 3m, 28.8s)

    vN Entropy at center bond b=150 = 1.486384880276
    Eigs at center bond b=150: 0.5454 0.2079 0.1054 0.0482 0.0280 0.0140 0.0135 0.0061 0.0060 0.0041 
    Largest link dim during sweep 66/87 was 320
    Largest truncation error: 4.37906e-08
    Energy after sweep 66/87 is -98.790366462303
    Sweep 66/87 CPU time = 52m, 32s (Wall time = 3m, 29.7s)

    vN Entropy at center bond b=150 = 1.524495479781
    Eigs at center bond b=150: 0.5376 0.2047 0.1040 0.0476 0.0355 0.0169 0.0138 0.0060 0.0060 0.0053 
    Largest link dim during sweep 67/87 was 320
    Largest truncation error: 4.32932e-08
    Energy after sweep 67/87 is -98.790384128574
    Sweep 67/87 CPU time = 52m, 60s (Wall time = 3m, 34.1s)

    vN Entropy at center bond b=150 = 1.560663864351
    Eigs at center bond b=150: 0.5296 0.2014 0.1027 0.0475 0.0428 0.0205 0.0136 0.0064 0.0060 0.0060 
    Largest link dim during sweep 68/87 was 320
    Largest truncation error: 4.38721e-08
    Energy after sweep 68/87 is -98.790399523819
    Sweep 68/87 CPU time = 52m, 31s (Wall time = 3m, 29.6s)

    vN Entropy at center bond b=150 = 1.594699946443
    Eigs at center bond b=150: 0.5214 0.1980 0.1013 0.0523 0.0453 0.0240 0.0134 0.0076 0.0061 0.0059 
    Largest link dim during sweep 69/87 was 320
    Largest truncation error: 4.48418e-08
    Energy after sweep 69/87 is -98.790413089263
    Sweep 69/87 CPU time = 52m, 32s (Wall time = 3m, 30.5s)

    vN Entropy at center bond b=150 = 1.626596606953
    Eigs at center bond b=150: 0.5132 0.1946 0.1000 0.0602 0.0449 0.0276 0.0132 0.0088 0.0063 0.0059 
    Largest link dim during sweep 70/87 was 320
    Largest truncation error: 4.55478e-08
    Energy after sweep 70/87 is -98.790425215101
    Sweep 70/87 CPU time = 52m, 54s (Wall time = 3m, 31.1s)

    vN Entropy at center bond b=150 = 1.656430469546
    Eigs at center bond b=150: 0.5048 0.1912 0.0988 0.0684 0.0442 0.0311 0.0130 0.0100 0.0066 0.0058 
    Largest link dim during sweep 71/87 was 320
    Largest truncation error: 4.596e-08
    Energy after sweep 71/87 is -98.790436173750
    Sweep 71/87 CPU time = 52m, 55s (Wall time = 3m, 31.3s)

    vN Entropy at center bond b=150 = 1.684303844222
    Eigs at center bond b=150: 0.4965 0.1877 0.0976 0.0766 0.0434 0.0346 0.0130 0.0110 0.0070 0.0058 
    Largest link dim during sweep 72/87 was 320
    Largest truncation error: 4.61596e-08
    Energy after sweep 72/87 is -98.790446202934
    Sweep 72/87 CPU time = 52m, 49s (Wall time = 3m, 31.1s)

    vN Entropy at center bond b=150 = 1.710378577786
    Eigs at center bond b=150: 0.4881 0.1842 0.0965 0.0849 0.0427 0.0380 0.0134 0.0117 0.0075 0.0058 
    Largest link dim during sweep 73/87 was 320
    Largest truncation error: 4.61031e-08
    Energy after sweep 73/87 is -98.790455509624
    Sweep 73/87 CPU time = 52m, 53s (Wall time = 3m, 31.3s)

    vN Entropy at center bond b=150 = 1.734821985410
    Eigs at center bond b=150: 0.4797 0.1807 0.0955 0.0932 0.0419 0.0413 0.0143 0.0118 0.0081 0.0058 
    Largest link dim during sweep 74/87 was 320
    Largest truncation error: 4.59477e-08
    Energy after sweep 74/87 is -98.790464261319
    Sweep 74/87 CPU time = 51m, 18s (Wall time = 3m, 24.7s)

    vN Entropy at center bond b=150 = 1.750002209648
    Eigs at center bond b=150: 0.4748 0.1789 0.0973 0.0951 0.0430 0.0416 0.0149 0.0118 0.0084 0.0058 
    Largest link dim during sweep 75/87 was 640
    Largest truncation error: 1.52358e-09
    Energy after sweep 75/87 is -98.790560414570
    Sweep 75/87 CPU time = 2h, 49m, 59s (Wall time = 11m, 17s)

    vN Entropy at center bond b=150 = 1.762199238453
    Eigs at center bond b=150: 0.4707 0.1772 0.1011 0.0948 0.0444 0.0413 0.0155 0.0118 0.0087 0.0058 
    Largest link dim during sweep 76/87 was 640
    Largest truncation error: 2.50268e-09
    Energy after sweep 76/87 is -98.790566284908
    Sweep 76/87 CPU time = 3h, 4m, 47s (Wall time = 12m, 19s)

    vN Entropy at center bond b=150 = 1.772169307825
    Eigs at center bond b=150: 0.4669 0.1757 0.1048 0.0945 0.0458 0.0409 0.0161 0.0117 0.0090 0.0058 
    Largest link dim during sweep 77/87 was 640
    Largest truncation error: 2.64804e-09
    Energy after sweep 77/87 is -98.790570609015
    Sweep 77/87 CPU time = 2h, 59m, 3s (Wall time = 11m, 57s)

    vN Entropy at center bond b=150 = 1.781587394560
    Eigs at center bond b=150: 0.4632 0.1741 0.1084 0.0942 0.0471 0.0406 0.0166 0.0116 0.0093 0.0059 
    Largest link dim during sweep 78/87 was 640
    Largest truncation error: 2.67871e-09
    Energy after sweep 78/87 is -98.790574731468
    Sweep 78/87 CPU time = 2h, 57m, 2s (Wall time = 11m, 48s)

    vN Entropy at center bond b=150 = 1.790596355932
    Eigs at center bond b=150: 0.4595 0.1725 0.1121 0.0940 0.0484 0.0403 0.0171 0.0115 0.0096 0.0059 
    Largest link dim during sweep 79/87 was 640
    Largest truncation error: 2.68212e-09
    Energy after sweep 79/87 is -98.790578660245
    Sweep 79/87 CPU time = 2h, 55m, 44s (Wall time = 11m, 42s)

    vN Entropy at center bond b=150 = 1.799242983412
    Eigs at center bond b=150: 0.4559 0.1710 0.1156 0.0938 0.0496 0.0399 0.0177 0.0114 0.0098 0.0059 
    Largest link dim during sweep 80/87 was 640
    Largest truncation error: 2.67824e-09
    Energy after sweep 80/87 is -98.790582427397
    Sweep 80/87 CPU time = 2h, 56m, 20s (Wall time = 11m, 44s)

    vN Entropy at center bond b=150 = 1.807607819474
    Eigs at center bond b=150: 0.4523 0.1695 0.1192 0.0937 0.0507 0.0396 0.0182 0.0113 0.0101 0.0059 
    Largest link dim during sweep 81/87 was 640
    Largest truncation error: 2.67242e-09
    Energy after sweep 81/87 is -98.790586116424
    Sweep 81/87 CPU time = 2h, 56m, 9s (Wall time = 11m, 44s)

    vN Entropy at center bond b=150 = 1.815662006843
    Eigs at center bond b=150: 0.4487 0.1679 0.1227 0.0936 0.0518 0.0393 0.0188 0.0113 0.0104 0.0059 
    Largest link dim during sweep 82/87 was 640
    Largest truncation error: 2.66377e-09
    Energy after sweep 82/87 is -98.790589675054
    Sweep 82/87 CPU time = 2h, 51m, 24s (Wall time = 11m, 25s)

    vN Entropy at center bond b=150 = 1.823587069239
    Eigs at center bond b=150: 0.4451 0.1664 0.1262 0.0937 0.0528 0.0390 0.0193 0.0112 0.0106 0.0060 
    Largest link dim during sweep 83/87 was 1280
    Largest truncation error: 9.1156e-11
    Energy after sweep 83/87 is -98.790597654977
    Sweep 83/87 CPU time = 8h, 57m, 12s (Wall time = 42m, 38s)

    vN Entropy at center bond b=150 = 1.830403700027
    Eigs at center bond b=150: 0.4420 0.1650 0.1293 0.0938 0.0536 0.0387 0.0198 0.0111 0.0109 0.0060 
    Largest link dim during sweep 84/87 was 1280
    Largest truncation error: 9.19246e-11
    Energy after sweep 84/87 is -98.790600228532
    Sweep 84/87 CPU time = 11h, 26m, 50s (Wall time = 48m, 30s)

    vN Entropy at center bond b=150 = 1.835914155711
    Eigs at center bond b=150: 0.4393 0.1639 0.1319 0.0939 0.0542 0.0384 0.0203 0.0111 0.0110 0.0060 
    Largest link dim during sweep 85/87 was 1280
    Largest truncation error: 1.00638e-10
    Energy after sweep 85/87 is -98.790602530746
    Sweep 85/87 CPU time = 11h, 42m, 47s (Wall time = 48m, 59s)

    vN Entropy at center bond b=150 = 1.841173474320
    Eigs at center bond b=150: 0.4367 0.1628 0.1344 0.0940 0.0548 0.0382 0.0207 0.0113 0.0109 0.0061 
    Largest link dim during sweep 86/87 was 1280
    Largest truncation error: 9.97952e-11
    Energy after sweep 86/87 is -98.790604699947
    Sweep 86/87 CPU time = 11h, 53m, 25s (Wall time = 49m, 57s)

    vN Entropy at center bond b=150 = 1.846191717897
    Eigs at center bond b=150: 0.4342 0.1616 0.1369 0.0942 0.0554 0.0379 0.0211 0.0115 0.0109 0.0061 
    Largest link dim during sweep 87/87 was 1280
    Largest truncation error: 9.7085e-11
    Energy after sweep 87/87 is -98.790606756803
    Sweep 87/87 CPU time = 12h, 6m, 56s (Wall time = 50m, 48s)
Initial energy = 150.00000

Ground State Energy = -98.7906067568
run_outputs/outputpsi/N_300_sweep_87_t_0.030000_J_1.000000_V_0.600000_D_0.018000_U_1.720000_mu_1.000000_E_0.000000 notconverge
Wall-clock time (s) = 144861.371104
