//////////////////////////
Reading input file ......

Got input.N = 300
Got input.t = 0.03
Got input.J = 1
Got input.V = 0.6
Got input.D = 0.018
Got input.U = 0.98
Got input.mu = 0.1
Got input.E = 0
Got input.nsweeps = 87
Sweeps:
1  MaxDim=20, MinDim=20, Cutoff=1.0E-06, Niter=8, Noise=1.0E-05
2  MaxDim=20, MinDim=20, Cutoff=1.0E-06, Niter=8, Noise=1.0E-05
3  MaxDim=20, MinDim=20, Cutoff=1.0E-06, Niter=8, Noise=1.0E-05
4  MaxDim=20, MinDim=20, Cutoff=1.0E-06, Niter=8, Noise=1.0E-05
5  MaxDim=20, MinDim=20, Cutoff=1.0E-06, Niter=8, Noise=1.0E-05
6  MaxDim=20, MinDim=20, Cutoff=1.0E-06, Niter=8, Noise=1.0E-05
7  MaxDim=20, MinDim=20, Cutoff=1.0E-06, Niter=8, Noise=1.0E-05
8  MaxDim=40, MinDim=20, Cutoff=1.0E-06, Niter=4, Noise=1.0E-05
9  MaxDim=40, MinDim=20, Cutoff=1.0E-06, Niter=4, Noise=1.0E-05
10  MaxDim=40, MinDim=20, Cutoff=1.0E-06, Niter=4, Noise=1.0E-05
11  MaxDim=40, MinDim=20, Cutoff=1.0E-06, Niter=4, Noise=1.0E-05
12  MaxDim=40, MinDim=20, Cutoff=1.0E-06, Niter=4, Noise=1.0E-05
13  MaxDim=40, MinDim=20, Cutoff=1.0E-06, Niter=4, Noise=1.0E-05
14  MaxDim=40, MinDim=20, Cutoff=1.0E-06, Niter=4, Noise=1.0E-05
15  MaxDim=80, MinDim=10, Cutoff=1.0E-06, Niter=4, Noise=1.0E-05
16  MaxDim=80, MinDim=10, Cutoff=1.0E-06, Niter=4, Noise=1.0E-05
17  MaxDim=80, MinDim=10, Cutoff=1.0E-06, Niter=4, Noise=1.0E-05
18  MaxDim=80, MinDim=10, Cutoff=1.0E-06, Niter=4, Noise=1.0E-05
19  MaxDim=80, MinDim=10, Cutoff=1.0E-06, Niter=4, Noise=1.0E-05
20  MaxDim=80, MinDim=10, Cutoff=1.0E-06, Niter=4, Noise=1.0E-05
21  MaxDim=80, MinDim=10, Cutoff=1.0E-06, Niter=4, Noise=1.0E-05
22  MaxDim=80, MinDim=10, Cutoff=1.0E-06, Niter=4, Noise=1.0E-05
23  MaxDim=80, MinDim=10, Cutoff=1.0E-06, Niter=4, Noise=1.0E-05
24  MaxDim=80, MinDim=10, Cutoff=1.0E-06, Niter=4, Noise=1.0E-05
25  MaxDim=80, MinDim=10, Cutoff=1.0E-06, Niter=4, Noise=1.0E-05
26  MaxDim=80, MinDim=10, Cutoff=1.0E-06, Niter=4, Noise=1.0E-05
27  MaxDim=80, MinDim=10, Cutoff=1.0E-06, Niter=4, Noise=1.0E-05
28  MaxDim=80, MinDim=10, Cutoff=1.0E-06, Niter=4, Noise=1.0E-05
29  MaxDim=80, MinDim=10, Cutoff=1.0E-06, Niter=4, Noise=1.0E-05
30  MaxDim=80, MinDim=10, Cutoff=1.0E-06, Niter=4, Noise=1.0E-05
31  MaxDim=80, MinDim=10, Cutoff=1.0E-06, Niter=4, Noise=1.0E-05
32  MaxDim=80, MinDim=10, Cutoff=1.0E-06, Niter=4, Noise=1.0E-05
33  MaxDim=80, MinDim=10, Cutoff=1.0E-06, Niter=4, Noise=1.0E-05
34  MaxDim=80, MinDim=10, Cutoff=1.0E-06, Niter=4, Noise=1.0E-05
35  MaxDim=80, MinDim=10, Cutoff=1.0E-06, Niter=4, Noise=1.0E-05
36  MaxDim=80, MinDim=10, Cutoff=1.0E-06, Niter=4, Noise=1.0E-05
37  MaxDim=160, MinDim=10, Cutoff=1.0E-08, Niter=4, Noise=1.0E-06
38  MaxDim=160, MinDim=10, Cutoff=1.0E-08, Niter=4, Noise=1.0E-06
39  MaxDim=160, MinDim=10, Cutoff=1.0E-08, Niter=4, Noise=1.0E-06
40  MaxDim=160, MinDim=10, Cutoff=1.0E-08, Niter=4, Noise=1.0E-06
41  MaxDim=160, MinDim=10, Cutoff=1.0E-08, Niter=4, Noise=1.0E-06
42  MaxDim=160, MinDim=10, Cutoff=1.0E-08, Niter=4, Noise=1.0E-06
43  MaxDim=160, MinDim=10, Cutoff=1.0E-08, Niter=4, Noise=1.0E-06
44  MaxDim=160, MinDim=10, Cutoff=1.0E-08, Niter=4, Noise=1.0E-06
45  MaxDim=160, MinDim=10, Cutoff=1.0E-08, Niter=4, Noise=1.0E-06
46  MaxDim=160, MinDim=10, Cutoff=1.0E-08, Niter=4, Noise=1.0E-06
47  MaxDim=160, MinDim=10, Cutoff=1.0E-08, Niter=4, Noise=1.0E-06
48  MaxDim=160, MinDim=10, Cutoff=1.0E-08, Niter=4, Noise=1.0E-06
49  MaxDim=160, MinDim=10, Cutoff=1.0E-08, Niter=4, Noise=1.0E-06
50  MaxDim=160, MinDim=10, Cutoff=1.0E-08, Niter=4, Noise=1.0E-06
51  MaxDim=160, MinDim=10, Cutoff=1.0E-08, Niter=4, Noise=1.0E-06
52  MaxDim=160, MinDim=10, Cutoff=1.0E-08, Niter=4, Noise=1.0E-06
53  MaxDim=160, MinDim=10, Cutoff=1.0E-08, Niter=4, Noise=1.0E-06
54  MaxDim=160, MinDim=10, Cutoff=1.0E-08, Niter=4, Noise=1.0E-06
55  MaxDim=160, MinDim=10, Cutoff=1.0E-08, Niter=4, Noise=1.0E-06
56  MaxDim=160, MinDim=10, Cutoff=1.0E-08, Niter=4, Noise=1.0E-06
57  MaxDim=160, MinDim=10, Cutoff=1.0E-08, Niter=4, Noise=1.0E-06
58  MaxDim=160, MinDim=10, Cutoff=1.0E-08, Niter=4, Noise=1.0E-06
59  MaxDim=320, MinDim=10, Cutoff=1.0E-10, Niter=4, Noise=1.0E-07
60  MaxDim=320, MinDim=10, Cutoff=1.0E-10, Niter=4, Noise=1.0E-07
61  MaxDim=320, MinDim=10, Cutoff=1.0E-10, Niter=4, Noise=1.0E-07
62  MaxDim=320, MinDim=10, Cutoff=1.0E-10, Niter=4, Noise=1.0E-07
63  MaxDim=320, MinDim=10, Cutoff=1.0E-10, Niter=4, Noise=1.0E-07
64  MaxDim=320, MinDim=10, Cutoff=1.0E-10, Niter=4, Noise=1.0E-07
65  MaxDim=320, MinDim=10, Cutoff=1.0E-10, Niter=4, Noise=1.0E-07
66  MaxDim=320, MinDim=10, Cutoff=1.0E-10, Niter=4, Noise=1.0E-07
67  MaxDim=320, MinDim=10, Cutoff=1.0E-10, Niter=4, Noise=1.0E-07
68  MaxDim=320, MinDim=10, Cutoff=1.0E-10, Niter=4, Noise=1.0E-07
69  MaxDim=320, MinDim=10, Cutoff=1.0E-10, Niter=4, Noise=1.0E-07
70  MaxDim=320, MinDim=10, Cutoff=1.0E-10, Niter=4, Noise=1.0E-07
71  MaxDim=320, MinDim=10, Cutoff=1.0E-10, Niter=4, Noise=1.0E-07
72  MaxDim=320, MinDim=10, Cutoff=1.0E-10, Niter=4, Noise=1.0E-07
73  MaxDim=320, MinDim=10, Cutoff=1.0E-10, Niter=4, Noise=1.0E-07
74  MaxDim=320, MinDim=10, Cutoff=1.0E-10, Niter=4, Noise=1.0E-07
75  MaxDim=640, MinDim=10, Cutoff=1.0E-12, Niter=2, Noise=1.0E-08
76  MaxDim=640, MinDim=10, Cutoff=1.0E-12, Niter=2, Noise=1.0E-08
77  MaxDim=640, MinDim=10, Cutoff=1.0E-12, Niter=2, Noise=1.0E-08
78  MaxDim=640, MinDim=10, Cutoff=1.0E-12, Niter=2, Noise=1.0E-08
79  MaxDim=640, MinDim=10, Cutoff=1.0E-12, Niter=2, Noise=1.0E-08
80  MaxDim=640, MinDim=10, Cutoff=1.0E-12, Niter=2, Noise=1.0E-08
81  MaxDim=640, MinDim=10, Cutoff=1.0E-12, Niter=2, Noise=1.0E-08
82  MaxDim=640, MinDim=10, Cutoff=1.0E-12, Niter=2, Noise=1.0E-08
83  MaxDim=1280, MinDim=10, Cutoff=1.0E-12, Niter=2, Noise=0.0E+00
84  MaxDim=1280, MinDim=10, Cutoff=1.0E-14, Niter=2, Noise=0.0E+00
85  MaxDim=1280, MinDim=10, Cutoff=1.0E-14, Niter=2, Noise=0.0E+00
86  MaxDim=1280, MinDim=10, Cutoff=1.0E-14, Niter=2, Noise=0.0E+00
87  MaxDim=1280, MinDim=10, Cutoff=1.0E-14, Niter=2, Noise=0.0E+00


    vN Entropy at center bond b=150 = 0.587820232477
    Eigs at center bond b=150: 0.8105 0.1635 0.0159 0.0074 0.0011 0.0011 
    Largest link dim during sweep 1/87 was 20
    Largest truncation error: 3.44523e-05
    Energy after sweep 1/87 is -154.943471654270
    Sweep 1/87 CPU time = 18.16s (Wall time = 1.181s)

    vN Entropy at center bond b=150 = 0.666712709965
    Eigs at center bond b=150: 0.7749 0.1906 0.0208 0.0097 0.0019 0.0014 
    Largest link dim during sweep 2/87 was 20
    Largest truncation error: 3.16294e-06
    Energy after sweep 2/87 is -154.987638134067
    Sweep 2/87 CPU time = 25.49s (Wall time = 1.638s)

    vN Entropy at center bond b=150 = 0.674222735933
    Eigs at center bond b=150: 0.7704 0.1945 0.0211 0.0099 0.0019 0.0013 
    Largest link dim during sweep 3/87 was 20
    Largest truncation error: 3.38881e-06
    Energy after sweep 3/87 is -154.988669095381
    Sweep 3/87 CPU time = 25.40s (Wall time = 1.628s)

    vN Entropy at center bond b=150 = 0.676533010910
    Eigs at center bond b=150: 0.7690 0.1958 0.0211 0.0100 0.0019 0.0013 
    Largest link dim during sweep 4/87 was 20
    Largest truncation error: 3.39381e-06
    Energy after sweep 4/87 is -154.988858840628
    Sweep 4/87 CPU time = 25.45s (Wall time = 1.629s)

    vN Entropy at center bond b=150 = 0.677537407530
    Eigs at center bond b=150: 0.7684 0.1964 0.0212 0.0101 0.0020 0.0013 
    Largest link dim during sweep 5/87 was 20
    Largest truncation error: 3.39291e-06
    Energy after sweep 5/87 is -154.988918109303
    Sweep 5/87 CPU time = 25.44s (Wall time = 1.628s)

    vN Entropy at center bond b=150 = 0.678040523842
    Eigs at center bond b=150: 0.7681 0.1967 0.0212 0.0101 0.0020 0.0013 
    Largest link dim during sweep 6/87 was 20
    Largest truncation error: 3.39246e-06
    Energy after sweep 6/87 is -154.988947330236
    Sweep 6/87 CPU time = 25.49s (Wall time = 1.631s)

    vN Entropy at center bond b=150 = 0.678323044414
    Eigs at center bond b=150: 0.7679 0.1969 0.0212 0.0101 0.0020 0.0013 
    Largest link dim during sweep 7/87 was 20
    Largest truncation error: 3.39229e-06
    Energy after sweep 7/87 is -154.988968858399
    Sweep 7/87 CPU time = 25.57s (Wall time = 1.639s)

    vN Entropy at center bond b=150 = 0.680337090844
    Eigs at center bond b=150: 0.7674 0.1971 0.0213 0.0101 0.0020 0.0013 
    Largest link dim during sweep 8/87 was 30
    Largest truncation error: 7.76298e-07
    Energy after sweep 8/87 is -154.992973901763
    Sweep 8/87 CPU time = 18.66s (Wall time = 1.202s)

    vN Entropy at center bond b=150 = 0.681191032581
    Eigs at center bond b=150: 0.7672 0.1971 0.0214 0.0101 0.0020 0.0014 
    Largest link dim during sweep 9/87 was 31
    Largest truncation error: 7.8417e-07
    Energy after sweep 9/87 is -154.993107449259
    Sweep 9/87 CPU time = 20.90s (Wall time = 1.342s)

    vN Entropy at center bond b=150 = 0.681203890530
    Eigs at center bond b=150: 0.7672 0.1970 0.0214 0.0101 0.0020 0.0014 
    Largest link dim during sweep 10/87 was 31
    Largest truncation error: 7.85267e-07
    Energy after sweep 10/87 is -154.993177939303
    Sweep 10/87 CPU time = 21.18s (Wall time = 1.354s)

    vN Entropy at center bond b=150 = 0.681165292367
    Eigs at center bond b=150: 0.7673 0.1969 0.0214 0.0101 0.0020 0.0014 
    Largest link dim during sweep 11/87 was 31
    Largest truncation error: 7.85462e-07
    Energy after sweep 11/87 is -154.993191580058
    Sweep 11/87 CPU time = 21.26s (Wall time = 1.367s)

    vN Entropy at center bond b=150 = 0.681088373088
    Eigs at center bond b=150: 0.7674 0.1969 0.0214 0.0101 0.0020 0.0014 
    Largest link dim during sweep 12/87 was 31
    Largest truncation error: 7.85511e-07
    Energy after sweep 12/87 is -154.993197620648
    Sweep 12/87 CPU time = 21.30s (Wall time = 1.364s)

    vN Entropy at center bond b=150 = 0.681023946972
    Eigs at center bond b=150: 0.7675 0.1968 0.0214 0.0101 0.0020 0.0014 
    Largest link dim during sweep 13/87 was 31
    Largest truncation error: 7.85527e-07
    Energy after sweep 13/87 is -154.993200010325
    Sweep 13/87 CPU time = 21.22s (Wall time = 1.360s)

    vN Entropy at center bond b=150 = 0.680976334080
    Eigs at center bond b=150: 0.7675 0.1968 0.0214 0.0101 0.0020 0.0014 
    Largest link dim during sweep 14/87 was 31
    Largest truncation error: 7.85533e-07
    Energy after sweep 14/87 is -154.993200778245
    Sweep 14/87 CPU time = 21.40s (Wall time = 1.370s)

    vN Entropy at center bond b=150 = 0.680943017372
    Eigs at center bond b=150: 0.7675 0.1967 0.0214 0.0101 0.0020 0.0014 
    Largest link dim during sweep 15/87 was 31
    Largest truncation error: 7.64868e-07
    Energy after sweep 15/87 is -154.993200252297
    Sweep 15/87 CPU time = 21.32s (Wall time = 1.368s)

    vN Entropy at center bond b=150 = 0.680920268774
    Eigs at center bond b=150: 0.7675 0.1967 0.0214 0.0101 0.0020 0.0014 
    Largest link dim during sweep 16/87 was 31
    Largest truncation error: 7.66109e-07
    Energy after sweep 16/87 is -154.993200241149
    Sweep 16/87 CPU time = 21.37s (Wall time = 1.370s)

    vN Entropy at center bond b=150 = 0.680904894211
    Eigs at center bond b=150: 0.7675 0.1967 0.0214 0.0101 0.0020 0.0014 
    Largest link dim during sweep 17/87 was 31
    Largest truncation error: 7.65038e-07
    Energy after sweep 17/87 is -154.993200270039
    Sweep 17/87 CPU time = 21.28s (Wall time = 1.362s)

    vN Entropy at center bond b=150 = 0.680894457716
    Eigs at center bond b=150: 0.7676 0.1967 0.0214 0.0101 0.0020 0.0014 
    Largest link dim during sweep 18/87 was 31
    Largest truncation error: 7.65548e-07
    Energy after sweep 18/87 is -154.993200279606
    Sweep 18/87 CPU time = 21.74s (Wall time = 1.397s)

    vN Entropy at center bond b=150 = 0.680887326358
    Eigs at center bond b=150: 0.7676 0.1967 0.0214 0.0101 0.0020 0.0014 
    Largest link dim during sweep 19/87 was 31
    Largest truncation error: 7.65848e-07
    Energy after sweep 19/87 is -154.993200286010
    Sweep 19/87 CPU time = 21.33s (Wall time = 1.369s)

    vN Entropy at center bond b=150 = 0.680882483953
    Eigs at center bond b=150: 0.7676 0.1967 0.0214 0.0101 0.0020 0.0014 
    Largest link dim during sweep 20/87 was 31
    Largest truncation error: 7.65442e-07
    Energy after sweep 20/87 is -154.993200318640
    Sweep 20/87 CPU time = 21.36s (Wall time = 1.366s)

    vN Entropy at center bond b=150 = 0.680879136697
    Eigs at center bond b=150: 0.7676 0.1967 0.0214 0.0101 0.0020 0.0014 
    Largest link dim during sweep 21/87 was 31
    Largest truncation error: 7.65561e-07
    Energy after sweep 21/87 is -154.993200325446
    Sweep 21/87 CPU time = 21.12s (Wall time = 1.350s)

    vN Entropy at center bond b=150 = 0.680876780111
    Eigs at center bond b=150: 0.7676 0.1967 0.0214 0.0101 0.0020 0.0014 
    Largest link dim during sweep 22/87 was 31
    Largest truncation error: 7.65643e-07
    Energy after sweep 22/87 is -154.993200328557
    Sweep 22/87 CPU time = 21.10s (Wall time = 1.351s)

    vN Entropy at center bond b=150 = 0.680875110461
    Eigs at center bond b=150: 0.7676 0.1967 0.0214 0.0101 0.0020 0.0014 
    Largest link dim during sweep 23/87 was 31
    Largest truncation error: 7.65699e-07
    Energy after sweep 23/87 is -154.993200330800
    Sweep 23/87 CPU time = 21.07s (Wall time = 1.348s)

    vN Entropy at center bond b=150 = 0.680873925220
    Eigs at center bond b=150: 0.7676 0.1967 0.0214 0.0101 0.0020 0.0014 
    Largest link dim during sweep 24/87 was 31
    Largest truncation error: 7.65738e-07
    Energy after sweep 24/87 is -154.993200333064
    Sweep 24/87 CPU time = 20.96s (Wall time = 1.342s)

    vN Entropy at center bond b=150 = 0.680873082221
    Eigs at center bond b=150: 0.7676 0.1967 0.0214 0.0101 0.0020 0.0014 
    Largest link dim during sweep 25/87 was 31
    Largest truncation error: 7.65766e-07
    Energy after sweep 25/87 is -154.993200335781
    Sweep 25/87 CPU time = 21.08s (Wall time = 1.352s)

    vN Entropy at center bond b=150 = 0.680872480826
    Eigs at center bond b=150: 0.7676 0.1967 0.0214 0.0101 0.0020 0.0014 
    Largest link dim during sweep 26/87 was 31
    Largest truncation error: 7.65786e-07
    Energy after sweep 26/87 is -154.993200339318
    Sweep 26/87 CPU time = 20.97s (Wall time = 1.346s)

    vN Entropy at center bond b=150 = 0.680872050102
    Eigs at center bond b=150: 0.7676 0.1967 0.0214 0.0101 0.0020 0.0014 
    Largest link dim during sweep 27/87 was 31
    Largest truncation error: 7.65799e-07
    Energy after sweep 27/87 is -154.993200344205
    Sweep 27/87 CPU time = 20.93s (Wall time = 1.341s)

    vN Entropy at center bond b=150 = 0.680871740262
    Eigs at center bond b=150: 0.7676 0.1967 0.0214 0.0101 0.0020 0.0014 
    Largest link dim during sweep 28/87 was 31
    Largest truncation error: 7.65809e-07
    Energy after sweep 28/87 is -154.993200351525
    Sweep 28/87 CPU time = 20.88s (Wall time = 1.340s)

    vN Entropy at center bond b=150 = 0.680871516381
    Eigs at center bond b=150: 0.7676 0.1967 0.0214 0.0101 0.0020 0.0014 
    Largest link dim during sweep 29/87 was 31
    Largest truncation error: 7.65816e-07
    Energy after sweep 29/87 is -154.993200364073
    Sweep 29/87 CPU time = 20.92s (Wall time = 1.336s)

    vN Entropy at center bond b=150 = 0.680871353903
    Eigs at center bond b=150: 0.7676 0.1967 0.0214 0.0101 0.0020 0.0014 
    Largest link dim during sweep 30/87 was 31
    Largest truncation error: 7.65821e-07
    Energy after sweep 30/87 is -154.993200392365
    Sweep 30/87 CPU time = 20.96s (Wall time = 1.341s)

    vN Entropy at center bond b=150 = 0.680871235483
    Eigs at center bond b=150: 0.7676 0.1967 0.0214 0.0101 0.0020 0.0014 
    Largest link dim during sweep 31/87 was 31
    Largest truncation error: 7.65825e-07
    Energy after sweep 31/87 is -154.993200526673
    Sweep 31/87 CPU time = 20.94s (Wall time = 1.342s)

    vN Entropy at center bond b=150 = 0.680871148817
    Eigs at center bond b=150: 0.7676 0.1967 0.0214 0.0101 0.0020 0.0014 
    Largest link dim during sweep 32/87 was 31
    Largest truncation error: 7.65828e-07
    Energy after sweep 32/87 is -154.993200998947
    Sweep 32/87 CPU time = 20.94s (Wall time = 1.340s)

    vN Entropy at center bond b=150 = 0.680871085284
    Eigs at center bond b=150: 0.7676 0.1967 0.0214 0.0101 0.0020 0.0014 
    Largest link dim during sweep 33/87 was 31
    Largest truncation error: 7.6583e-07
    Energy after sweep 33/87 is -154.993201047367
    Sweep 33/87 CPU time = 20.98s (Wall time = 1.346s)

    vN Entropy at center bond b=150 = 0.680871038885
    Eigs at center bond b=150: 0.7676 0.1967 0.0214 0.0101 0.0020 0.0014 
    Largest link dim during sweep 34/87 was 31
    Largest truncation error: 7.65831e-07
    Energy after sweep 34/87 is -154.993201051250
    Sweep 34/87 CPU time = 20.82s (Wall time = 1.337s)

    vN Entropy at center bond b=150 = 0.680871005232
    Eigs at center bond b=150: 0.7676 0.1967 0.0214 0.0101 0.0020 0.0014 
    Largest link dim during sweep 35/87 was 31
    Largest truncation error: 7.65832e-07
    Energy after sweep 35/87 is -154.993201051894
    Sweep 35/87 CPU time = 20.79s (Wall time = 1.332s)

    vN Entropy at center bond b=150 = 0.680870980962
    Eigs at center bond b=150: 0.7676 0.1967 0.0214 0.0101 0.0020 0.0014 
    Largest link dim during sweep 36/87 was 31
    Largest truncation error: 7.65833e-07
    Energy after sweep 36/87 is -154.993201052004
    Sweep 36/87 CPU time = 20.83s (Wall time = 1.335s)

    vN Entropy at center bond b=150 = 0.685249435983
    Eigs at center bond b=150: 0.7670 0.1964 0.0217 0.0101 0.0021 0.0015 
    Largest link dim during sweep 37/87 was 68
    Largest truncation error: 7.6621e-09
    Energy after sweep 37/87 is -154.994992754057
    Sweep 37/87 CPU time = 1m, 0.6s (Wall time = 3.918s)

    vN Entropy at center bond b=150 = 0.736585904770
    Eigs at center bond b=150: 0.7602 0.1925 0.0248 0.0101 0.0063 0.0029 0.0012 
    Largest link dim during sweep 38/87 was 93
    Largest truncation error: 7.65874e-09
    Energy after sweep 38/87 is -154.995885215008
    Sweep 38/87 CPU time = 2m, 1.4s (Wall time = 7.849s)

    vN Entropy at center bond b=150 = 0.934742132759
    Eigs at center bond b=150: 0.7091 0.1862 0.0595 0.0158 0.0153 0.0082 0.0020 0.0011 0.0010 
    Largest link dim during sweep 39/87 was 114
    Largest truncation error: 7.63873e-09
    Energy after sweep 39/87 is -154.996499938773
    Sweep 39/87 CPU time = 3m, 2.4s (Wall time = 11.74s)

    vN Entropy at center bond b=150 = 1.064016290267
    Eigs at center bond b=150: 0.6607 0.1870 0.0939 0.0261 0.0163 0.0082 0.0029 0.0014 0.0013 0.0010 
    Largest link dim during sweep 40/87 was 124
    Largest truncation error: 7.71755e-09
    Energy after sweep 40/87 is -154.996582749060
    Sweep 40/87 CPU time = 3m, 41.9s (Wall time = 14.24s)

    vN Entropy at center bond b=150 = 1.102569572523
    Eigs at center bond b=150: 0.6435 0.1892 0.1043 0.0302 0.0161 0.0081 0.0033 0.0016 0.0014 0.0010 
    Largest link dim during sweep 41/87 was 131
    Largest truncation error: 7.73706e-09
    Energy after sweep 41/87 is -154.996592593461
    Sweep 41/87 CPU time = 4m, 2.8s (Wall time = 15.61s)

    vN Entropy at center bond b=150 = 1.121474811032
    Eigs at center bond b=150: 0.6345 0.1908 0.1094 0.0324 0.0160 0.0080 0.0036 0.0017 0.0014 0.0010 
    Largest link dim during sweep 42/87 was 132
    Largest truncation error: 7.74164e-09
    Energy after sweep 42/87 is -154.996596083748
    Sweep 42/87 CPU time = 4m, 9.1s (Wall time = 16.02s)

    vN Entropy at center bond b=150 = 1.134451228821
    Eigs at center bond b=150: 0.6279 0.1923 0.1127 0.0341 0.0159 0.0080 0.0037 0.0017 0.0014 
    Largest link dim during sweep 43/87 was 132
    Largest truncation error: 7.74442e-09
    Energy after sweep 43/87 is -154.996598158720
    Sweep 43/87 CPU time = 4m, 11.3s (Wall time = 16.16s)

    vN Entropy at center bond b=150 = 1.144897625189
    Eigs at center bond b=150: 0.6225 0.1938 0.1152 0.0354 0.0158 0.0079 0.0039 0.0018 0.0014 
    Largest link dim during sweep 44/87 was 131
    Largest truncation error: 7.74703e-09
    Energy after sweep 44/87 is -154.996599581118
    Sweep 44/87 CPU time = 4m, 9.7s (Wall time = 16.03s)

    vN Entropy at center bond b=150 = 1.153871722654
    Eigs at center bond b=150: 0.6177 0.1954 0.1172 0.0367 0.0157 0.0078 0.0040 0.0019 0.0014 
    Largest link dim during sweep 45/87 was 130
    Largest truncation error: 7.74944e-09
    Energy after sweep 45/87 is -154.996600716917
    Sweep 45/87 CPU time = 4m, 7.9s (Wall time = 15.90s)

    vN Entropy at center bond b=150 = 1.161770524077
    Eigs at center bond b=150: 0.6133 0.1971 0.1187 0.0378 0.0156 0.0078 0.0041 0.0019 0.0014 
    Largest link dim during sweep 46/87 was 128
    Largest truncation error: 7.75163e-09
    Energy after sweep 46/87 is -154.996601649972
    Sweep 46/87 CPU time = 4m, 21.9s (Wall time = 16.88s)

    vN Entropy at center bond b=150 = 1.168777967550
    Eigs at center bond b=150: 0.6094 0.1987 0.1200 0.0387 0.0155 0.0078 0.0042 0.0020 0.0014 
    Largest link dim during sweep 47/87 was 126
    Largest truncation error: 7.75359e-09
    Energy after sweep 47/87 is -154.996602449114
    Sweep 47/87 CPU time = 4m, 27.6s (Wall time = 17.17s)

    vN Entropy at center bond b=150 = 1.175039513613
    Eigs at center bond b=150: 0.6058 0.2004 0.1210 0.0396 0.0155 0.0077 0.0043 0.0020 0.0014 
    Largest link dim during sweep 48/87 was 125
    Largest truncation error: 7.75534e-09
    Energy after sweep 48/87 is -154.996603148704
    Sweep 48/87 CPU time = 4m, 24.4s (Wall time = 16.97s)

    vN Entropy at center bond b=150 = 1.180648226246
    Eigs at center bond b=150: 0.6025 0.2020 0.1218 0.0405 0.0154 0.0077 0.0044 0.0021 0.0014 
    Largest link dim during sweep 49/87 was 124
    Largest truncation error: 7.75691e-09
    Energy after sweep 49/87 is -154.996603746203
    Sweep 49/87 CPU time = 4m, 15.9s (Wall time = 16.41s)

    vN Entropy at center bond b=150 = 1.185691956052
    Eigs at center bond b=150: 0.5995 0.2036 0.1224 0.0412 0.0153 0.0076 0.0044 0.0021 0.0014 
    Largest link dim during sweep 50/87 was 123
    Largest truncation error: 7.75831e-09
    Energy after sweep 50/87 is -154.996604328360
    Sweep 50/87 CPU time = 4m, 15.4s (Wall time = 16.40s)

    vN Entropy at center bond b=150 = 1.190257200705
    Eigs at center bond b=150: 0.5967 0.2052 0.1230 0.0419 0.0153 0.0076 0.0045 0.0021 0.0013 
    Largest link dim during sweep 51/87 was 123
    Largest truncation error: 7.75958e-09
    Energy after sweep 51/87 is -154.996604819356
    Sweep 51/87 CPU time = 4m, 14.3s (Wall time = 16.38s)

    vN Entropy at center bond b=150 = 1.194404174953
    Eigs at center bond b=150: 0.5941 0.2067 0.1234 0.0426 0.0152 0.0076 0.0046 0.0022 0.0013 
    Largest link dim during sweep 52/87 was 123
    Largest truncation error: 7.76074e-09
    Energy after sweep 52/87 is -154.996605256370
    Sweep 52/87 CPU time = 4m, 13.3s (Wall time = 16.27s)

    vN Entropy at center bond b=150 = 1.198191374123
    Eigs at center bond b=150: 0.5918 0.2081 0.1237 0.0432 0.0152 0.0076 0.0046 0.0022 0.0013 
    Largest link dim during sweep 53/87 was 122
    Largest truncation error: 7.7618e-09
    Energy after sweep 53/87 is -154.996605658514
    Sweep 53/87 CPU time = 4m, 20.1s (Wall time = 16.71s)

    vN Entropy at center bond b=150 = 1.201673538335
    Eigs at center bond b=150: 0.5895 0.2095 0.1240 0.0437 0.0151 0.0075 0.0047 0.0022 0.0013 
    Largest link dim during sweep 54/87 was 122
    Largest truncation error: 7.76278e-09
    Energy after sweep 54/87 is -154.996606009194
    Sweep 54/87 CPU time = 4m, 14.3s (Wall time = 16.32s)

    vN Entropy at center bond b=150 = 1.204889436000
    Eigs at center bond b=150: 0.5875 0.2108 0.1242 0.0442 0.0151 0.0075 0.0047 0.0023 0.0013 
    Largest link dim during sweep 55/87 was 122
    Largest truncation error: 7.76378e-09
    Energy after sweep 55/87 is -154.996606310475
    Sweep 55/87 CPU time = 4m, 12.6s (Wall time = 16.22s)

    vN Entropy at center bond b=150 = 1.207871424000
    Eigs at center bond b=150: 0.5855 0.2121 0.1244 0.0447 0.0150 0.0075 0.0048 0.0023 0.0013 
    Largest link dim during sweep 56/87 was 122
    Largest truncation error: 7.76463e-09
    Energy after sweep 56/87 is -154.996606567691
    Sweep 56/87 CPU time = 4m, 16.0s (Wall time = 16.51s)

    vN Entropy at center bond b=150 = 1.210647724102
    Eigs at center bond b=150: 0.5837 0.2133 0.1245 0.0452 0.0150 0.0075 0.0048 0.0023 0.0013 
    Largest link dim during sweep 57/87 was 122
    Largest truncation error: 7.76542e-09
    Energy after sweep 57/87 is -154.996606822157
    Sweep 57/87 CPU time = 4m, 16.0s (Wall time = 16.46s)

    vN Entropy at center bond b=150 = 1.213243776828
    Eigs at center bond b=150: 0.5819 0.2145 0.1246 0.0456 0.0149 0.0075 0.0049 0.0023 0.0013 
    Largest link dim during sweep 58/87 was 122
    Largest truncation error: 7.76625e-09
    Energy after sweep 58/87 is -154.996607057187
    Sweep 58/87 CPU time = 4m, 14.4s (Wall time = 16.33s)

    vN Entropy at center bond b=150 = 1.217176615019
    Eigs at center bond b=150: 0.5793 0.2163 0.1248 0.0463 0.0149 0.0074 0.0049 0.0024 0.0013 
    Largest link dim during sweep 59/87 was 235
    Largest truncation error: 7.60697e-11
    Energy after sweep 59/87 is -154.996624600125
    Sweep 59/87 CPU time = 12m, 51s (Wall time = 52.83s)

    vN Entropy at center bond b=150 = 1.223610632673
    Eigs at center bond b=150: 0.5749 0.2194 0.1250 0.0474 0.0148 0.0074 0.0050 0.0024 0.0013 
    Largest link dim during sweep 60/87 was 241
    Largest truncation error: 7.81392e-11
    Energy after sweep 60/87 is -154.996625215595
    Sweep 60/87 CPU time = 21m, 18s (Wall time = 1m, 25.9s)

    vN Entropy at center bond b=150 = 1.229514301528
    Eigs at center bond b=150: 0.5707 0.2225 0.1250 0.0484 0.0147 0.0074 0.0051 0.0025 0.0013 
    Largest link dim during sweep 61/87 was 241
    Largest truncation error: 7.81599e-11
    Energy after sweep 61/87 is -154.996625685456
    Sweep 61/87 CPU time = 22m, 29s (Wall time = 1m, 29.5s)

    vN Entropy at center bond b=150 = 1.235031164974
    Eigs at center bond b=150: 0.5666 0.2256 0.1249 0.0494 0.0146 0.0073 0.0052 0.0025 0.0013 
    Largest link dim during sweep 62/87 was 243
    Largest truncation error: 7.81829e-11
    Energy after sweep 62/87 is -154.996626116153
    Sweep 62/87 CPU time = 22m, 47s (Wall time = 1m, 32.1s)

    vN Entropy at center bond b=150 = 1.240385108519
    Eigs at center bond b=150: 0.5626 0.2288 0.1248 0.0504 0.0145 0.0073 0.0053 0.0026 0.0013 
    Largest link dim during sweep 63/87 was 248
    Largest truncation error: 7.82025e-11
    Energy after sweep 63/87 is -154.996626532515
    Sweep 63/87 CPU time = 22m, 43s (Wall time = 1m, 31.9s)

    vN Entropy at center bond b=150 = 1.245766842679
    Eigs at center bond b=150: 0.5584 0.2321 0.1245 0.0515 0.0144 0.0072 0.0054 0.0026 0.0013 
    Largest link dim during sweep 64/87 was 254
    Largest truncation error: 7.82339e-11
    Energy after sweep 64/87 is -154.996626971050
    Sweep 64/87 CPU time = 22m, 23s (Wall time = 1m, 28.5s)

    vN Entropy at center bond b=150 = 1.251566784172
    Eigs at center bond b=150: 0.5538 0.2358 0.1242 0.0526 0.0143 0.0072 0.0055 0.0027 0.0013 
    Largest link dim during sweep 65/87 was 264
    Largest truncation error: 7.82896e-11
    Energy after sweep 65/87 is -154.996627511428
    Sweep 65/87 CPU time = 23m, 24s (Wall time = 1m, 33.4s)

    vN Entropy at center bond b=150 = 1.258319030365
    Eigs at center bond b=150: 0.5484 0.2404 0.1238 0.0540 0.0142 0.0072 0.0056 0.0028 0.0013 
    Largest link dim during sweep 66/87 was 277
    Largest truncation error: 7.83553e-11
    Energy after sweep 66/87 is -154.996628130446
    Sweep 66/87 CPU time = 24m, 42s (Wall time = 1m, 37.3s)

    vN Entropy at center bond b=150 = 1.265583110226
    Eigs at center bond b=150: 0.5422 0.2456 0.1231 0.0555 0.0140 0.0071 0.0057 0.0029 0.0013 
    Largest link dim during sweep 67/87 was 286
    Largest truncation error: 7.91144e-11
    Energy after sweep 67/87 is -154.996628733065
    Sweep 67/87 CPU time = 25m, 29s (Wall time = 1m, 40.7s)

    vN Entropy at center bond b=150 = 1.272698747759
    Eigs at center bond b=150: 0.5359 0.2510 0.1224 0.0571 0.0139 0.0071 0.0058 0.0029 0.0012 
    Largest link dim during sweep 68/87 was 290
    Largest truncation error: 7.91271e-11
    Energy after sweep 68/87 is -154.996629300347
    Sweep 68/87 CPU time = 26m, 56s (Wall time = 1m, 46.0s)

    vN Entropy at center bond b=150 = 1.279468971081
    Eigs at center bond b=150: 0.5296 0.2566 0.1215 0.0586 0.0137 0.0071 0.0059 0.0030 0.0012 
    Largest link dim during sweep 69/87 was 294
    Largest truncation error: 7.9135e-11
    Energy after sweep 69/87 is -154.996629829861
    Sweep 69/87 CPU time = 27m, 33s (Wall time = 1m, 48.6s)

    vN Entropy at center bond b=150 = 1.285824196742
    Eigs at center bond b=150: 0.5234 0.2621 0.1206 0.0602 0.0136 0.0072 0.0060 0.0031 0.0012 
    Largest link dim during sweep 70/87 was 297
    Largest truncation error: 7.91431e-11
    Energy after sweep 70/87 is -154.996630321425
    Sweep 70/87 CPU time = 28m, 5s (Wall time = 1m, 51.1s)

    vN Entropy at center bond b=150 = 1.291736197767
    Eigs at center bond b=150: 0.5174 0.2676 0.1196 0.0617 0.0134 0.0072 0.0060 0.0032 0.0012 
    Largest link dim during sweep 71/87 was 299
    Largest truncation error: 7.91506e-11
    Energy after sweep 71/87 is -154.996630773659
    Sweep 71/87 CPU time = 28m, 28s (Wall time = 1m, 52.7s)

    vN Entropy at center bond b=150 = 1.297198865112
    Eigs at center bond b=150: 0.5115 0.2730 0.1186 0.0631 0.0133 0.0073 0.0060 0.0033 0.0012 
    Largest link dim during sweep 72/87 was 302
    Largest truncation error: 7.9156e-11
    Energy after sweep 72/87 is -154.996631188594
    Sweep 72/87 CPU time = 28m, 53s (Wall time = 1m, 55.4s)

    vN Entropy at center bond b=150 = 1.302220139312
    Eigs at center bond b=150: 0.5058 0.2783 0.1176 0.0645 0.0132 0.0074 0.0060 0.0033 0.0012 
    Largest link dim during sweep 73/87 was 304
    Largest truncation error: 7.91595e-11
    Energy after sweep 73/87 is -154.996631567205
    Sweep 73/87 CPU time = 29m, 24s (Wall time = 1m, 58.0s)

    vN Entropy at center bond b=150 = 1.306817020955
    Eigs at center bond b=150: 0.5003 0.2834 0.1166 0.0659 0.0130 0.0075 0.0060 0.0034 0.0012 
    Largest link dim during sweep 74/87 was 306
    Largest truncation error: 7.91625e-11
    Energy after sweep 74/87 is -154.996631911803
    Sweep 74/87 CPU time = 29m, 43s (Wall time = 1m, 57.4s)

    vN Entropy at center bond b=150 = 1.308719466410
    Eigs at center bond b=150: 0.4980 0.2856 0.1162 0.0664 0.0130 0.0075 0.0060 0.0034 0.0012 
    Largest link dim during sweep 75/87 was 635
    Largest truncation error: 7.51751e-13
    Energy after sweep 75/87 is -154.996632209853
    Sweep 75/87 CPU time = 1h, 11m, 56s (Wall time = 4m, 51.5s)

    vN Entropy at center bond b=150 = 1.309715326493
    Eigs at center bond b=150: 0.4968 0.2867 0.1159 0.0668 0.0129 0.0076 0.0060 0.0035 0.0012 
    Largest link dim during sweep 76/87 was 622
    Largest truncation error: 7.71949e-13
    Energy after sweep 76/87 is -154.996632278376
    Sweep 76/87 CPU time = 1h, 48m, 16s (Wall time = 7m, 11.6s)

    vN Entropy at center bond b=150 = 1.310453372985
    Eigs at center bond b=150: 0.4958 0.2876 0.1158 0.0670 0.0129 0.0076 0.0059 0.0035 0.0012 
    Largest link dim during sweep 77/87 was 635
    Largest truncation error: 7.67656e-13
    Energy after sweep 77/87 is -154.996632333363
    Sweep 77/87 CPU time = 1h, 48m, 42s (Wall time = 7m, 9.2s)

    vN Entropy at center bond b=150 = 1.311158432242
    Eigs at center bond b=150: 0.4949 0.2884 0.1156 0.0672 0.0129 0.0076 0.0059 0.0035 0.0012 
    Largest link dim during sweep 78/87 was 640
    Largest truncation error: 7.66972e-13
    Energy after sweep 78/87 is -154.996632386531
    Sweep 78/87 CPU time = 1h, 49m, 31s (Wall time = 7m, 14.0s)

    vN Entropy at center bond b=150 = 1.311849567121
    Eigs at center bond b=150: 0.4940 0.2893 0.1154 0.0674 0.0129 0.0076 0.0059 0.0035 0.0012 
    Largest link dim during sweep 79/87 was 640
    Largest truncation error: 7.70613e-13
    Energy after sweep 79/87 is -154.996632438764
    Sweep 79/87 CPU time = 1h, 51m, 11s (Wall time = 7m, 24.1s)

    vN Entropy at center bond b=150 = 1.312532306746
    Eigs at center bond b=150: 0.4932 0.2901 0.1152 0.0676 0.0128 0.0076 0.0059 0.0035 0.0012 
    Largest link dim during sweep 80/87 was 638
    Largest truncation error: 7.57289e-13
    Energy after sweep 80/87 is -154.996632490477
    Sweep 80/87 CPU time = 1h, 48m, 22s (Wall time = 7m, 11.9s)

    vN Entropy at center bond b=150 = 1.313216970169
    Eigs at center bond b=150: 0.4923 0.2910 0.1151 0.0679 0.0128 0.0077 0.0059 0.0035 0.0012 
    Largest link dim during sweep 81/87 was 637
    Largest truncation error: 7.69744e-13
    Energy after sweep 81/87 is -154.996632542537
    Sweep 81/87 CPU time = 1h, 51m, 36s (Wall time = 7m, 24.4s)

    vN Entropy at center bond b=150 = 1.313907724824
    Eigs at center bond b=150: 0.4913 0.2918 0.1149 0.0681 0.0128 0.0077 0.0059 0.0035 0.0011 
    Largest link dim during sweep 82/87 was 638
    Largest truncation error: 7.50023e-13
    Energy after sweep 82/87 is -154.996632594932
    Sweep 82/87 CPU time = 1h, 52m, 54s (Wall time = 7m, 31.1s)

    vN Entropy at center bond b=150 = 1.314603006760
    Eigs at center bond b=150: 0.4904 0.2927 0.1147 0.0683 0.0128 0.0077 0.0059 0.0035 0.0011 
    Largest link dim during sweep 83/87 was 616
    Largest truncation error: 7.79985e-13
    Energy after sweep 83/87 is -154.996632647248
    Sweep 83/87 CPU time = 1h, 28m, 10s (Wall time = 5m, 53.4s)

    vN Entropy at center bond b=150 = 1.315190080416
    Eigs at center bond b=150: 0.4896 0.2935 0.1145 0.0685 0.0128 0.0077 0.0059 0.0035 0.0011 
    Largest link dim during sweep 84/87 was 1078
    Largest truncation error: 7.66435e-15
    Energy after sweep 84/87 is -154.996632690519
    Sweep 84/87 CPU time = 3h, 58m, 52s (Wall time = 16m, 2s)

    vN Entropy at center bond b=150 = 1.315531378609
    Eigs at center bond b=150: 0.4891 0.2939 0.1145 0.0686 0.0127 0.0077 0.0059 0.0036 0.0011 
    Largest link dim during sweep 85/87 was 1039
    Largest truncation error: 7.66486e-15
    Energy after sweep 85/87 is -154.996632713210
    Sweep 85/87 CPU time = 4h, 52m, 58s (Wall time = 21m, 11s)

    vN Entropy at center bond b=150 = 1.315806649831
    Eigs at center bond b=150: 0.4888 0.2943 0.1144 0.0687 0.0127 0.0077 0.0059 0.0036 0.0011 
    Largest link dim during sweep 86/87 was 1219
    Largest truncation error: 7.66608e-15
    Energy after sweep 86/87 is -154.996632732432
    Sweep 86/87 CPU time = 4h, 49m, 59s (Wall time = 21m, 29s)

    vN Entropy at center bond b=150 = 1.316039520840
    Eigs at center bond b=150: 0.4884 0.2946 0.1143 0.0688 0.0127 0.0077 0.0059 0.0036 0.0011 
    Largest link dim during sweep 87/87 was 1081
    Largest truncation error: 7.49885e-15
    Energy after sweep 87/87 is -154.996632750125
    Sweep 87/87 CPU time = 4h, 28m, 35s (Wall time = 19m, 36s)
Initial energy = 15.00000

Ground State Energy = -154.9966327501
run_outputs/outputpsi/N_300_sweep_87_t_0.030000_J_1.000000_V_0.600000_D_0.018000_U_0.980000_mu_0.100000_E_0.000000 notconverge
Wall-clock time (s) = 66184.833733
