//////////////////////////
Reading input file ......

Got input.N = 300
Got input.t = 0.03
Got input.J = 1
Got input.V = 0.6
Got input.D = 0.018
Got input.U = 0.32
Got input.mu = 1
Got input.E = 0
Got input.nsweeps = 87
Sweeps:
1  MaxDim=20, MinDim=20, Cutoff=1.0E-06, Niter=8, Noise=1.0E-05
2  MaxDim=20, MinDim=20, Cutoff=1.0E-06, Niter=8, Noise=1.0E-05
3  MaxDim=20, MinDim=20, Cutoff=1.0E-06, Niter=8, Noise=1.0E-05
4  MaxDim=20, MinDim=20, Cutoff=1.0E-06, Niter=8, Noise=1.0E-05
5  MaxDim=20, MinDim=20, Cutoff=1.0E-06, Niter=8, Noise=1.0E-05
6  MaxDim=20, MinDim=20, Cutoff=1.0E-06, Niter=8, Noise=1.0E-05
7  MaxDim=20, MinDim=20, Cutoff=1.0E-06, Niter=8, Noise=1.0E-05
8  MaxDim=40, MinDim=20, Cutoff=1.0E-06, Niter=4, Noise=1.0E-05
9  MaxDim=40, MinDim=20, Cutoff=1.0E-06, Niter=4, Noise=1.0E-05
10  MaxDim=40, MinDim=20, Cutoff=1.0E-06, Niter=4, Noise=1.0E-05
11  MaxDim=40, MinDim=20, Cutoff=1.0E-06, Niter=4, Noise=1.0E-05
12  MaxDim=40, MinDim=20, Cutoff=1.0E-06, Niter=4, Noise=1.0E-05
13  MaxDim=40, MinDim=20, Cutoff=1.0E-06, Niter=4, Noise=1.0E-05
14  MaxDim=40, MinDim=20, Cutoff=1.0E-06, Niter=4, Noise=1.0E-05
15  MaxDim=80, MinDim=10, Cutoff=1.0E-06, Niter=4, Noise=1.0E-05
16  MaxDim=80, MinDim=10, Cutoff=1.0E-06, Niter=4, Noise=1.0E-05
17  MaxDim=80, MinDim=10, Cutoff=1.0E-06, Niter=4, Noise=1.0E-05
18  MaxDim=80, MinDim=10, Cutoff=1.0E-06, Niter=4, Noise=1.0E-05
19  MaxDim=80, MinDim=10, Cutoff=1.0E-06, Niter=4, Noise=1.0E-05
20  MaxDim=80, MinDim=10, Cutoff=1.0E-06, Niter=4, Noise=1.0E-05
21  MaxDim=80, MinDim=10, Cutoff=1.0E-06, Niter=4, Noise=1.0E-05
22  MaxDim=80, MinDim=10, Cutoff=1.0E-06, Niter=4, Noise=1.0E-05
23  MaxDim=80, MinDim=10, Cutoff=1.0E-06, Niter=4, Noise=1.0E-05
24  MaxDim=80, MinDim=10, Cutoff=1.0E-06, Niter=4, Noise=1.0E-05
25  MaxDim=80, MinDim=10, Cutoff=1.0E-06, Niter=4, Noise=1.0E-05
26  MaxDim=80, MinDim=10, Cutoff=1.0E-06, Niter=4, Noise=1.0E-05
27  MaxDim=80, MinDim=10, Cutoff=1.0E-06, Niter=4, Noise=1.0E-05
28  MaxDim=80, MinDim=10, Cutoff=1.0E-06, Niter=4, Noise=1.0E-05
29  MaxDim=80, MinDim=10, Cutoff=1.0E-06, Niter=4, Noise=1.0E-05
30  MaxDim=80, MinDim=10, Cutoff=1.0E-06, Niter=4, Noise=1.0E-05
31  MaxDim=80, MinDim=10, Cutoff=1.0E-06, Niter=4, Noise=1.0E-05
32  MaxDim=80, MinDim=10, Cutoff=1.0E-06, Niter=4, Noise=1.0E-05
33  MaxDim=80, MinDim=10, Cutoff=1.0E-06, Niter=4, Noise=1.0E-05
34  MaxDim=80, MinDim=10, Cutoff=1.0E-06, Niter=4, Noise=1.0E-05
35  MaxDim=80, MinDim=10, Cutoff=1.0E-06, Niter=4, Noise=1.0E-05
36  MaxDim=80, MinDim=10, Cutoff=1.0E-06, Niter=4, Noise=1.0E-05
37  MaxDim=160, MinDim=10, Cutoff=1.0E-08, Niter=4, Noise=1.0E-06
38  MaxDim=160, MinDim=10, Cutoff=1.0E-08, Niter=4, Noise=1.0E-06
39  MaxDim=160, MinDim=10, Cutoff=1.0E-08, Niter=4, Noise=1.0E-06
40  MaxDim=160, MinDim=10, Cutoff=1.0E-08, Niter=4, Noise=1.0E-06
41  MaxDim=160, MinDim=10, Cutoff=1.0E-08, Niter=4, Noise=1.0E-06
42  MaxDim=160, MinDim=10, Cutoff=1.0E-08, Niter=4, Noise=1.0E-06
43  MaxDim=160, MinDim=10, Cutoff=1.0E-08, Niter=4, Noise=1.0E-06
44  MaxDim=160, MinDim=10, Cutoff=1.0E-08, Niter=4, Noise=1.0E-06
45  MaxDim=160, MinDim=10, Cutoff=1.0E-08, Niter=4, Noise=1.0E-06
46  MaxDim=160, MinDim=10, Cutoff=1.0E-08, Niter=4, Noise=1.0E-06
47  MaxDim=160, MinDim=10, Cutoff=1.0E-08, Niter=4, Noise=1.0E-06
48  MaxDim=160, MinDim=10, Cutoff=1.0E-08, Niter=4, Noise=1.0E-06
49  MaxDim=160, MinDim=10, Cutoff=1.0E-08, Niter=4, Noise=1.0E-06
50  MaxDim=160, MinDim=10, Cutoff=1.0E-08, Niter=4, Noise=1.0E-06
51  MaxDim=160, MinDim=10, Cutoff=1.0E-08, Niter=4, Noise=1.0E-06
52  MaxDim=160, MinDim=10, Cutoff=1.0E-08, Niter=4, Noise=1.0E-06
53  MaxDim=160, MinDim=10, Cutoff=1.0E-08, Niter=4, Noise=1.0E-06
54  MaxDim=160, MinDim=10, Cutoff=1.0E-08, Niter=4, Noise=1.0E-06
55  MaxDim=160, MinDim=10, Cutoff=1.0E-08, Niter=4, Noise=1.0E-06
56  MaxDim=160, MinDim=10, Cutoff=1.0E-08, Niter=4, Noise=1.0E-06
57  MaxDim=160, MinDim=10, Cutoff=1.0E-08, Niter=4, Noise=1.0E-06
58  MaxDim=160, MinDim=10, Cutoff=1.0E-08, Niter=4, Noise=1.0E-06
59  MaxDim=320, MinDim=10, Cutoff=1.0E-10, Niter=4, Noise=1.0E-07
60  MaxDim=320, MinDim=10, Cutoff=1.0E-10, Niter=4, Noise=1.0E-07
61  MaxDim=320, MinDim=10, Cutoff=1.0E-10, Niter=4, Noise=1.0E-07
62  MaxDim=320, MinDim=10, Cutoff=1.0E-10, Niter=4, Noise=1.0E-07
63  MaxDim=320, MinDim=10, Cutoff=1.0E-10, Niter=4, Noise=1.0E-07
64  MaxDim=320, MinDim=10, Cutoff=1.0E-10, Niter=4, Noise=1.0E-07
65  MaxDim=320, MinDim=10, Cutoff=1.0E-10, Niter=4, Noise=1.0E-07
66  MaxDim=320, MinDim=10, Cutoff=1.0E-10, Niter=4, Noise=1.0E-07
67  MaxDim=320, MinDim=10, Cutoff=1.0E-10, Niter=4, Noise=1.0E-07
68  MaxDim=320, MinDim=10, Cutoff=1.0E-10, Niter=4, Noise=1.0E-07
69  MaxDim=320, MinDim=10, Cutoff=1.0E-10, Niter=4, Noise=1.0E-07
70  MaxDim=320, MinDim=10, Cutoff=1.0E-10, Niter=4, Noise=1.0E-07
71  MaxDim=320, MinDim=10, Cutoff=1.0E-10, Niter=4, Noise=1.0E-07
72  MaxDim=320, MinDim=10, Cutoff=1.0E-10, Niter=4, Noise=1.0E-07
73  MaxDim=320, MinDim=10, Cutoff=1.0E-10, Niter=4, Noise=1.0E-07
74  MaxDim=320, MinDim=10, Cutoff=1.0E-10, Niter=4, Noise=1.0E-07
75  MaxDim=640, MinDim=10, Cutoff=1.0E-12, Niter=2, Noise=1.0E-08
76  MaxDim=640, MinDim=10, Cutoff=1.0E-12, Niter=2, Noise=1.0E-08
77  MaxDim=640, MinDim=10, Cutoff=1.0E-12, Niter=2, Noise=1.0E-08
78  MaxDim=640, MinDim=10, Cutoff=1.0E-12, Niter=2, Noise=1.0E-08
79  MaxDim=640, MinDim=10, Cutoff=1.0E-12, Niter=2, Noise=1.0E-08
80  MaxDim=640, MinDim=10, Cutoff=1.0E-12, Niter=2, Noise=1.0E-08
81  MaxDim=640, MinDim=10, Cutoff=1.0E-12, Niter=2, Noise=1.0E-08
82  MaxDim=640, MinDim=10, Cutoff=1.0E-12, Niter=2, Noise=1.0E-08
83  MaxDim=1280, MinDim=10, Cutoff=1.0E-12, Niter=2, Noise=0.0E+00
84  MaxDim=1280, MinDim=10, Cutoff=1.0E-14, Niter=2, Noise=0.0E+00
85  MaxDim=1280, MinDim=10, Cutoff=1.0E-14, Niter=2, Noise=0.0E+00
86  MaxDim=1280, MinDim=10, Cutoff=1.0E-14, Niter=2, Noise=0.0E+00
87  MaxDim=1280, MinDim=10, Cutoff=1.0E-14, Niter=2, Noise=0.0E+00


    vN Entropy at center bond b=150 = 0.591235874112
    Eigs at center bond b=150: 0.7947 0.1845 0.0157 0.0036 
    Largest link dim during sweep 1/87 was 20
    Largest truncation error: 8.52251e-06
    Energy after sweep 1/87 is -199.667148317216
    Sweep 1/87 CPU time = 17.93s (Wall time = 1.162s)

    vN Entropy at center bond b=150 = 0.671891061373
    Eigs at center bond b=150: 0.7522 0.2190 0.0212 0.0058 0.0010 
    Largest link dim during sweep 2/87 was 20
    Largest truncation error: 1.11125e-06
    Energy after sweep 2/87 is -199.722514643357
    Sweep 2/87 CPU time = 24.95s (Wall time = 1.596s)

    vN Entropy at center bond b=150 = 0.671964574704
    Eigs at center bond b=150: 0.7522 0.2190 0.0212 0.0058 0.0010 
    Largest link dim during sweep 3/87 was 20
    Largest truncation error: 1.12286e-06
    Energy after sweep 3/87 is -199.722595684622
    Sweep 3/87 CPU time = 24.96s (Wall time = 1.599s)

    vN Entropy at center bond b=150 = 0.671964893480
    Eigs at center bond b=150: 0.7522 0.2190 0.0212 0.0058 0.0010 
    Largest link dim during sweep 4/87 was 20
    Largest truncation error: 1.12339e-06
    Energy after sweep 4/87 is -199.722595675137
    Sweep 4/87 CPU time = 24.99s (Wall time = 1.598s)

    vN Entropy at center bond b=150 = 0.671964883862
    Eigs at center bond b=150: 0.7522 0.2190 0.0212 0.0058 0.0010 
    Largest link dim during sweep 5/87 was 20
    Largest truncation error: 1.12544e-06
    Energy after sweep 5/87 is -199.722595691676
    Sweep 5/87 CPU time = 24.90s (Wall time = 1.596s)

    vN Entropy at center bond b=150 = 0.671964883539
    Eigs at center bond b=150: 0.7522 0.2190 0.0212 0.0058 0.0010 
    Largest link dim during sweep 6/87 was 20
    Largest truncation error: 1.12675e-06
    Energy after sweep 6/87 is -199.722595693149
    Sweep 6/87 CPU time = 24.91s (Wall time = 1.598s)

    vN Entropy at center bond b=150 = 0.671964883527
    Eigs at center bond b=150: 0.7522 0.2190 0.0212 0.0058 0.0010 
    Largest link dim during sweep 7/87 was 20
    Largest truncation error: 1.12727e-06
    Energy after sweep 7/87 is -199.722595692188
    Sweep 7/87 CPU time = 24.96s (Wall time = 1.598s)

    vN Entropy at center bond b=150 = 0.671997679126
    Eigs at center bond b=150: 0.7522 0.2190 0.0212 0.0058 0.0010 
    Largest link dim during sweep 8/87 was 22
    Largest truncation error: 7.37307e-07
    Energy after sweep 8/87 is -199.722788388465
    Sweep 8/87 CPU time = 13.49s (Wall time = 0.864s)

    vN Entropy at center bond b=150 = 0.672006149775
    Eigs at center bond b=150: 0.7522 0.2190 0.0212 0.0058 0.0010 
    Largest link dim during sweep 9/87 was 22
    Largest truncation error: 7.35743e-07
    Energy after sweep 9/87 is -199.722795433500
    Sweep 9/87 CPU time = 13.58s (Wall time = 0.870s)

    vN Entropy at center bond b=150 = 0.672006745071
    Eigs at center bond b=150: 0.7522 0.2190 0.0212 0.0058 0.0010 
    Largest link dim during sweep 10/87 was 22
    Largest truncation error: 7.35362e-07
    Energy after sweep 10/87 is -199.722796830299
    Sweep 10/87 CPU time = 13.63s (Wall time = 0.873s)

    vN Entropy at center bond b=150 = 0.672006795016
    Eigs at center bond b=150: 0.7522 0.2190 0.0212 0.0058 0.0010 
    Largest link dim during sweep 11/87 was 22
    Largest truncation error: 7.35286e-07
    Energy after sweep 11/87 is -199.722796843124
    Sweep 11/87 CPU time = 13.63s (Wall time = 0.873s)

    vN Entropy at center bond b=150 = 0.672006799361
    Eigs at center bond b=150: 0.7522 0.2190 0.0212 0.0058 0.0010 
    Largest link dim during sweep 12/87 was 22
    Largest truncation error: 7.35271e-07
    Energy after sweep 12/87 is -199.722796844043
    Sweep 12/87 CPU time = 13.54s (Wall time = 0.868s)

    vN Entropy at center bond b=150 = 0.672006799753
    Eigs at center bond b=150: 0.7522 0.2190 0.0212 0.0058 0.0010 
    Largest link dim during sweep 13/87 was 22
    Largest truncation error: 7.35268e-07
    Energy after sweep 13/87 is -199.722796844115
    Sweep 13/87 CPU time = 13.65s (Wall time = 0.873s)

    vN Entropy at center bond b=150 = 0.672006799789
    Eigs at center bond b=150: 0.7522 0.2190 0.0212 0.0058 0.0010 
    Largest link dim during sweep 14/87 was 22
    Largest truncation error: 7.35268e-07
    Energy after sweep 14/87 is -199.722796844122
    Sweep 14/87 CPU time = 13.60s (Wall time = 0.868s)

    vN Entropy at center bond b=150 = 0.671932635689
    Eigs at center bond b=150: 0.7522 0.2190 0.0212 0.0058 0.0010 
    Largest link dim during sweep 15/87 was 22
    Largest truncation error: 7.52091e-07
    Energy after sweep 15/87 is -199.722688013187
    Sweep 15/87 CPU time = 12.85s (Wall time = 0.826s)

    vN Entropy at center bond b=150 = 0.671930894348
    Eigs at center bond b=150: 0.7522 0.2190 0.0212 0.0058 0.0010 
    Largest link dim during sweep 16/87 was 22
    Largest truncation error: 7.53839e-07
    Energy after sweep 16/87 is -199.722685327305
    Sweep 16/87 CPU time = 12.87s (Wall time = 0.822s)

    vN Entropy at center bond b=150 = 0.671930502852
    Eigs at center bond b=150: 0.7522 0.2190 0.0212 0.0058 0.0010 
    Largest link dim during sweep 17/87 was 22
    Largest truncation error: 7.48044e-07
    Energy after sweep 17/87 is -199.722685243171
    Sweep 17/87 CPU time = 12.88s (Wall time = 0.823s)

    vN Entropy at center bond b=150 = 0.671930415566
    Eigs at center bond b=150: 0.7522 0.2190 0.0212 0.0058 0.0010 
    Largest link dim during sweep 18/87 was 22
    Largest truncation error: 7.51662e-07
    Energy after sweep 18/87 is -199.722683332226
    Sweep 18/87 CPU time = 12.79s (Wall time = 0.816s)

    vN Entropy at center bond b=150 = 0.671930400761
    Eigs at center bond b=150: 0.7522 0.2190 0.0212 0.0058 0.0010 
    Largest link dim during sweep 19/87 was 22
    Largest truncation error: 7.47163e-07
    Energy after sweep 19/87 is -199.722683684771
    Sweep 19/87 CPU time = 12.86s (Wall time = 0.825s)

    vN Entropy at center bond b=150 = 0.671930398207
    Eigs at center bond b=150: 0.7522 0.2190 0.0212 0.0058 0.0010 
    Largest link dim during sweep 20/87 was 22
    Largest truncation error: 7.47136e-07
    Energy after sweep 20/87 is -199.722683674144
    Sweep 20/87 CPU time = 12.82s (Wall time = 0.821s)

    vN Entropy at center bond b=150 = 0.671930397752
    Eigs at center bond b=150: 0.7522 0.2190 0.0212 0.0058 0.0010 
    Largest link dim during sweep 21/87 was 22
    Largest truncation error: 7.47131e-07
    Energy after sweep 21/87 is -199.722683672145
    Sweep 21/87 CPU time = 12.88s (Wall time = 0.823s)

    vN Entropy at center bond b=150 = 0.671930397668
    Eigs at center bond b=150: 0.7522 0.2190 0.0212 0.0058 0.0010 
    Largest link dim during sweep 22/87 was 22
    Largest truncation error: 7.4713e-07
    Energy after sweep 22/87 is -199.722683671751
    Sweep 22/87 CPU time = 12.84s (Wall time = 0.822s)

    vN Entropy at center bond b=150 = 0.671930397652
    Eigs at center bond b=150: 0.7522 0.2190 0.0212 0.0058 0.0010 
    Largest link dim during sweep 23/87 was 22
    Largest truncation error: 7.4713e-07
    Energy after sweep 23/87 is -199.722683671670
    Sweep 23/87 CPU time = 12.85s (Wall time = 0.822s)

    vN Entropy at center bond b=150 = 0.671930397649
    Eigs at center bond b=150: 0.7522 0.2190 0.0212 0.0058 0.0010 
    Largest link dim during sweep 24/87 was 22
    Largest truncation error: 7.4713e-07
    Energy after sweep 24/87 is -199.722683671656
    Sweep 24/87 CPU time = 12.87s (Wall time = 0.822s)

    vN Entropy at center bond b=150 = 0.671930397649
    Eigs at center bond b=150: 0.7522 0.2190 0.0212 0.0058 0.0010 
    Largest link dim during sweep 25/87 was 22
    Largest truncation error: 7.4713e-07
    Energy after sweep 25/87 is -199.722683671656
    Sweep 25/87 CPU time = 12.83s (Wall time = 0.822s)

    vN Entropy at center bond b=150 = 0.671930397649
    Eigs at center bond b=150: 0.7522 0.2190 0.0212 0.0058 0.0010 
    Largest link dim during sweep 26/87 was 22
    Largest truncation error: 7.4713e-07
    Energy after sweep 26/87 is -199.722683671653
    Sweep 26/87 CPU time = 12.93s (Wall time = 0.826s)

    vN Entropy at center bond b=150 = 0.671930397649
    Eigs at center bond b=150: 0.7522 0.2190 0.0212 0.0058 0.0010 
    Largest link dim during sweep 27/87 was 22
    Largest truncation error: 7.4713e-07
    Energy after sweep 27/87 is -199.722683671650
    Sweep 27/87 CPU time = 12.85s (Wall time = 0.823s)

    vN Entropy at center bond b=150 = 0.671930397649
    Eigs at center bond b=150: 0.7522 0.2190 0.0212 0.0058 0.0010 
    Largest link dim during sweep 28/87 was 22
    Largest truncation error: 7.4713e-07
    Energy after sweep 28/87 is -199.722683671655
    Sweep 28/87 CPU time = 12.81s (Wall time = 0.821s)

    vN Entropy at center bond b=150 = 0.671930397649
    Eigs at center bond b=150: 0.7522 0.2190 0.0212 0.0058 0.0010 
    Largest link dim during sweep 29/87 was 22
    Largest truncation error: 7.4713e-07
    Energy after sweep 29/87 is -199.722683671655
    Sweep 29/87 CPU time = 12.84s (Wall time = 0.820s)

    vN Entropy at center bond b=150 = 0.671930397649
    Eigs at center bond b=150: 0.7522 0.2190 0.0212 0.0058 0.0010 
    Largest link dim during sweep 30/87 was 22
    Largest truncation error: 7.4713e-07
    Energy after sweep 30/87 is -199.722683671655
    Sweep 30/87 CPU time = 12.86s (Wall time = 0.823s)

    vN Entropy at center bond b=150 = 0.671930397649
    Eigs at center bond b=150: 0.7522 0.2190 0.0212 0.0058 0.0010 
    Largest link dim during sweep 31/87 was 22
    Largest truncation error: 7.4713e-07
    Energy after sweep 31/87 is -199.722683671658
    Sweep 31/87 CPU time = 12.89s (Wall time = 0.821s)

    vN Entropy at center bond b=150 = 0.671930397649
    Eigs at center bond b=150: 0.7522 0.2190 0.0212 0.0058 0.0010 
    Largest link dim during sweep 32/87 was 22
    Largest truncation error: 7.4713e-07
    Energy after sweep 32/87 is -199.722683671657
    Sweep 32/87 CPU time = 12.87s (Wall time = 0.823s)

    vN Entropy at center bond b=150 = 0.671930397649
    Eigs at center bond b=150: 0.7522 0.2190 0.0212 0.0058 0.0010 
    Largest link dim during sweep 33/87 was 22
    Largest truncation error: 7.4713e-07
    Energy after sweep 33/87 is -199.722683671651
    Sweep 33/87 CPU time = 12.91s (Wall time = 0.824s)

    vN Entropy at center bond b=150 = 0.671930397649
    Eigs at center bond b=150: 0.7522 0.2190 0.0212 0.0058 0.0010 
    Largest link dim during sweep 34/87 was 22
    Largest truncation error: 7.4713e-07
    Energy after sweep 34/87 is -199.722683671653
    Sweep 34/87 CPU time = 12.80s (Wall time = 0.821s)

    vN Entropy at center bond b=150 = 0.671930397649
    Eigs at center bond b=150: 0.7522 0.2190 0.0212 0.0058 0.0010 
    Largest link dim during sweep 35/87 was 22
    Largest truncation error: 7.4713e-07
    Energy after sweep 35/87 is -199.722683671647
    Sweep 35/87 CPU time = 12.91s (Wall time = 0.823s)

    vN Entropy at center bond b=150 = 0.671930397649
    Eigs at center bond b=150: 0.7522 0.2190 0.0212 0.0058 0.0010 
    Largest link dim during sweep 36/87 was 22
    Largest truncation error: 7.4713e-07
    Energy after sweep 36/87 is -199.722683671611
    Sweep 36/87 CPU time = 12.91s (Wall time = 0.825s)

    vN Entropy at center bond b=150 = 0.672547291776
    Eigs at center bond b=150: 0.7520 0.2190 0.0213 0.0059 0.0010 
    Largest link dim during sweep 37/87 was 43
    Largest truncation error: 7.74406e-09
    Energy after sweep 37/87 is -199.723745919070
    Sweep 37/87 CPU time = 26.02s (Wall time = 1.675s)

    vN Entropy at center bond b=150 = 0.672589893526
    Eigs at center bond b=150: 0.7520 0.2191 0.0213 0.0059 0.0010 
    Largest link dim during sweep 38/87 was 45
    Largest truncation error: 7.74426e-09
    Energy after sweep 38/87 is -199.723749584452
    Sweep 38/87 CPU time = 35.95s (Wall time = 2.309s)

    vN Entropy at center bond b=150 = 0.672595372046
    Eigs at center bond b=150: 0.7520 0.2191 0.0213 0.0059 0.0010 
    Largest link dim during sweep 39/87 was 45
    Largest truncation error: 7.74441e-09
    Energy after sweep 39/87 is -199.723750364602
    Sweep 39/87 CPU time = 35.95s (Wall time = 2.305s)

    vN Entropy at center bond b=150 = 0.672598597323
    Eigs at center bond b=150: 0.7520 0.2191 0.0213 0.0059 0.0010 
    Largest link dim during sweep 40/87 was 46
    Largest truncation error: 7.74445e-09
    Energy after sweep 40/87 is -199.723750952274
    Sweep 40/87 CPU time = 37.07s (Wall time = 2.381s)

    vN Entropy at center bond b=150 = 0.672598986432
    Eigs at center bond b=150: 0.7520 0.2191 0.0213 0.0059 0.0010 
    Largest link dim during sweep 41/87 was 46
    Largest truncation error: 7.74447e-09
    Energy after sweep 41/87 is -199.723751225385
    Sweep 41/87 CPU time = 37.59s (Wall time = 2.419s)

    vN Entropy at center bond b=150 = 0.672599038679
    Eigs at center bond b=150: 0.7520 0.2191 0.0213 0.0059 0.0010 
    Largest link dim during sweep 42/87 was 46
    Largest truncation error: 7.74448e-09
    Energy after sweep 42/87 is -199.723751265207
    Sweep 42/87 CPU time = 37.64s (Wall time = 2.420s)

    vN Entropy at center bond b=150 = 0.672599047274
    Eigs at center bond b=150: 0.7520 0.2191 0.0213 0.0059 0.0010 
    Largest link dim during sweep 43/87 was 46
    Largest truncation error: 7.74448e-09
    Energy after sweep 43/87 is -199.723751290964
    Sweep 43/87 CPU time = 37.65s (Wall time = 2.415s)

    vN Entropy at center bond b=150 = 0.672599048819
    Eigs at center bond b=150: 0.7520 0.2191 0.0213 0.0059 0.0010 
    Largest link dim during sweep 44/87 was 46
    Largest truncation error: 7.74448e-09
    Energy after sweep 44/87 is -199.723751303823
    Sweep 44/87 CPU time = 37.70s (Wall time = 2.419s)

    vN Entropy at center bond b=150 = 0.672599049115
    Eigs at center bond b=150: 0.7520 0.2191 0.0213 0.0059 0.0010 
    Largest link dim during sweep 45/87 was 46
    Largest truncation error: 7.74448e-09
    Energy after sweep 45/87 is -199.723751303867
    Sweep 45/87 CPU time = 37.74s (Wall time = 2.421s)

    vN Entropy at center bond b=150 = 0.672599049174
    Eigs at center bond b=150: 0.7520 0.2191 0.0213 0.0059 0.0010 
    Largest link dim during sweep 46/87 was 46
    Largest truncation error: 7.74448e-09
    Energy after sweep 46/87 is -199.723751303866
    Sweep 46/87 CPU time = 37.68s (Wall time = 2.422s)

    vN Entropy at center bond b=150 = 0.672599049187
    Eigs at center bond b=150: 0.7520 0.2191 0.0213 0.0059 0.0010 
    Largest link dim during sweep 47/87 was 46
    Largest truncation error: 7.74448e-09
    Energy after sweep 47/87 is -199.723751303865
    Sweep 47/87 CPU time = 37.62s (Wall time = 2.419s)

    vN Entropy at center bond b=150 = 0.672599049189
    Eigs at center bond b=150: 0.7520 0.2191 0.0213 0.0059 0.0010 
    Largest link dim during sweep 48/87 was 46
    Largest truncation error: 7.74448e-09
    Energy after sweep 48/87 is -199.723751303864
    Sweep 48/87 CPU time = 37.69s (Wall time = 2.416s)

    vN Entropy at center bond b=150 = 0.672599049190
    Eigs at center bond b=150: 0.7520 0.2191 0.0213 0.0059 0.0010 
    Largest link dim during sweep 49/87 was 46
    Largest truncation error: 7.74448e-09
    Energy after sweep 49/87 is -199.723751303864
    Sweep 49/87 CPU time = 37.74s (Wall time = 2.415s)

    vN Entropy at center bond b=150 = 0.672599049190
    Eigs at center bond b=150: 0.7520 0.2191 0.0213 0.0059 0.0010 
    Largest link dim during sweep 50/87 was 46
    Largest truncation error: 7.74448e-09
    Energy after sweep 50/87 is -199.723751303862
    Sweep 50/87 CPU time = 37.53s (Wall time = 2.418s)

    vN Entropy at center bond b=150 = 0.672599049190
    Eigs at center bond b=150: 0.7520 0.2191 0.0213 0.0059 0.0010 
    Largest link dim during sweep 51/87 was 46
    Largest truncation error: 7.74448e-09
    Energy after sweep 51/87 is -199.723751303862
    Sweep 51/87 CPU time = 37.69s (Wall time = 2.418s)

    vN Entropy at center bond b=150 = 0.672599049190
    Eigs at center bond b=150: 0.7520 0.2191 0.0213 0.0059 0.0010 
    Largest link dim during sweep 52/87 was 46
    Largest truncation error: 7.74448e-09
    Energy after sweep 52/87 is -199.723751303866
    Sweep 52/87 CPU time = 37.80s (Wall time = 2.417s)

    vN Entropy at center bond b=150 = 0.672599049190
    Eigs at center bond b=150: 0.7520 0.2191 0.0213 0.0059 0.0010 
    Largest link dim during sweep 53/87 was 46
    Largest truncation error: 7.74448e-09
    Energy after sweep 53/87 is -199.723751303865
    Sweep 53/87 CPU time = 37.69s (Wall time = 2.419s)

    vN Entropy at center bond b=150 = 0.672599049190
    Eigs at center bond b=150: 0.7520 0.2191 0.0213 0.0059 0.0010 
    Largest link dim during sweep 54/87 was 46
    Largest truncation error: 7.74448e-09
    Energy after sweep 54/87 is -199.723751303861
    Sweep 54/87 CPU time = 37.73s (Wall time = 2.417s)

    vN Entropy at center bond b=150 = 0.672599049190
    Eigs at center bond b=150: 0.7520 0.2191 0.0213 0.0059 0.0010 
    Largest link dim during sweep 55/87 was 46
    Largest truncation error: 7.74448e-09
    Energy after sweep 55/87 is -199.723751303864
    Sweep 55/87 CPU time = 37.64s (Wall time = 2.406s)

    vN Entropy at center bond b=150 = 0.672599049190
    Eigs at center bond b=150: 0.7520 0.2191 0.0213 0.0059 0.0010 
    Largest link dim during sweep 56/87 was 46
    Largest truncation error: 7.74448e-09
    Energy after sweep 56/87 is -199.723751303864
    Sweep 56/87 CPU time = 36.54s (Wall time = 2.345s)

    vN Entropy at center bond b=150 = 0.672599049190
    Eigs at center bond b=150: 0.7520 0.2191 0.0213 0.0059 0.0010 
    Largest link dim during sweep 57/87 was 46
    Largest truncation error: 7.74448e-09
    Energy after sweep 57/87 is -199.723751303863
    Sweep 57/87 CPU time = 37.66s (Wall time = 2.415s)

    vN Entropy at center bond b=150 = 0.672599049190
    Eigs at center bond b=150: 0.7520 0.2191 0.0213 0.0059 0.0010 
    Largest link dim during sweep 58/87 was 46
    Largest truncation error: 7.74448e-09
    Energy after sweep 58/87 is -199.723751303862
    Sweep 58/87 CPU time = 36.84s (Wall time = 2.363s)

    vN Entropy at center bond b=150 = 0.672644471680
    Eigs at center bond b=150: 0.7520 0.2191 0.0213 0.0059 0.0010 
    Largest link dim during sweep 59/87 was 82
    Largest truncation error: 7.71386e-11
    Energy after sweep 59/87 is -199.723763089719
    Sweep 59/87 CPU time = 1m, 31.3s (Wall time = 5.865s)

    vN Entropy at center bond b=150 = 0.672654182615
    Eigs at center bond b=150: 0.7520 0.2191 0.0213 0.0059 0.0010 
    Largest link dim during sweep 60/87 was 84
    Largest truncation error: 7.71423e-11
    Energy after sweep 60/87 is -199.723763234028
    Sweep 60/87 CPU time = 2m, 10.5s (Wall time = 8.407s)

    vN Entropy at center bond b=150 = 0.672655376286
    Eigs at center bond b=150: 0.7520 0.2191 0.0213 0.0059 0.0010 
    Largest link dim during sweep 61/87 was 85
    Largest truncation error: 7.71425e-11
    Energy after sweep 61/87 is -199.723763244712
    Sweep 61/87 CPU time = 2m, 19.4s (Wall time = 8.964s)

    vN Entropy at center bond b=150 = 0.672655579054
    Eigs at center bond b=150: 0.7520 0.2191 0.0213 0.0059 0.0010 
    Largest link dim during sweep 62/87 was 85
    Largest truncation error: 7.71426e-11
    Energy after sweep 62/87 is -199.723763248797
    Sweep 62/87 CPU time = 2m, 32.3s (Wall time = 9.772s)

    vN Entropy at center bond b=150 = 0.672655613938
    Eigs at center bond b=150: 0.7520 0.2191 0.0213 0.0059 0.0010 
    Largest link dim during sweep 63/87 was 85
    Largest truncation error: 7.71428e-11
    Energy after sweep 63/87 is -199.723763248929
    Sweep 63/87 CPU time = 2m, 31.9s (Wall time = 9.760s)

    vN Entropy at center bond b=150 = 0.672655619018
    Eigs at center bond b=150: 0.7520 0.2191 0.0213 0.0059 0.0010 
    Largest link dim during sweep 64/87 was 85
    Largest truncation error: 7.71428e-11
    Energy after sweep 64/87 is -199.723763248995
    Sweep 64/87 CPU time = 2m, 32.1s (Wall time = 9.755s)

    vN Entropy at center bond b=150 = 0.672655619872
    Eigs at center bond b=150: 0.7520 0.2191 0.0213 0.0059 0.0010 
    Largest link dim during sweep 65/87 was 85
    Largest truncation error: 7.71427e-11
    Energy after sweep 65/87 is -199.723763248992
    Sweep 65/87 CPU time = 2m, 31.5s (Wall time = 9.738s)

    vN Entropy at center bond b=150 = 0.672655620023
    Eigs at center bond b=150: 0.7520 0.2191 0.0213 0.0059 0.0010 
    Largest link dim during sweep 66/87 was 85
    Largest truncation error: 7.71426e-11
    Energy after sweep 66/87 is -199.723763248992
    Sweep 66/87 CPU time = 2m, 31.9s (Wall time = 9.768s)

    vN Entropy at center bond b=150 = 0.672655620050
    Eigs at center bond b=150: 0.7520 0.2191 0.0213 0.0059 0.0010 
    Largest link dim during sweep 67/87 was 85
    Largest truncation error: 7.71426e-11
    Energy after sweep 67/87 is -199.723763248993
    Sweep 67/87 CPU time = 2m, 31.4s (Wall time = 9.773s)

    vN Entropy at center bond b=150 = 0.672655620055
    Eigs at center bond b=150: 0.7520 0.2191 0.0213 0.0059 0.0010 
    Largest link dim during sweep 68/87 was 85
    Largest truncation error: 7.71427e-11
    Energy after sweep 68/87 is -199.723763248996
    Sweep 68/87 CPU time = 2m, 32.5s (Wall time = 9.782s)

    vN Entropy at center bond b=150 = 0.672655620056
    Eigs at center bond b=150: 0.7520 0.2191 0.0213 0.0059 0.0010 
    Largest link dim during sweep 69/87 was 85
    Largest truncation error: 7.71426e-11
    Energy after sweep 69/87 is -199.723763248995
    Sweep 69/87 CPU time = 2m, 31.7s (Wall time = 9.747s)

    vN Entropy at center bond b=150 = 0.672655620056
    Eigs at center bond b=150: 0.7520 0.2191 0.0213 0.0059 0.0010 
    Largest link dim during sweep 70/87 was 85
    Largest truncation error: 7.71424e-11
    Energy after sweep 70/87 is -199.723763248995
    Sweep 70/87 CPU time = 2m, 31.8s (Wall time = 9.748s)

    vN Entropy at center bond b=150 = 0.672655620056
    Eigs at center bond b=150: 0.7520 0.2191 0.0213 0.0059 0.0010 
    Largest link dim during sweep 71/87 was 85
    Largest truncation error: 7.71427e-11
    Energy after sweep 71/87 is -199.723763248992
    Sweep 71/87 CPU time = 2m, 31.9s (Wall time = 9.747s)

    vN Entropy at center bond b=150 = 0.672655620056
    Eigs at center bond b=150: 0.7520 0.2191 0.0213 0.0059 0.0010 
    Largest link dim during sweep 72/87 was 85
    Largest truncation error: 7.71427e-11
    Energy after sweep 72/87 is -199.723763248992
    Sweep 72/87 CPU time = 2m, 32.0s (Wall time = 9.797s)

    vN Entropy at center bond b=150 = 0.672655620056
    Eigs at center bond b=150: 0.7520 0.2191 0.0213 0.0059 0.0010 
    Largest link dim during sweep 73/87 was 85
    Largest truncation error: 7.71428e-11
    Energy after sweep 73/87 is -199.723763248991
    Sweep 73/87 CPU time = 2m, 32.1s (Wall time = 9.766s)

    vN Entropy at center bond b=150 = 0.672655620056
    Eigs at center bond b=150: 0.7520 0.2191 0.0213 0.0059 0.0010 
    Largest link dim during sweep 74/87 was 85
    Largest truncation error: 7.71427e-11
    Energy after sweep 74/87 is -199.723763248994
    Sweep 74/87 CPU time = 2m, 32.0s (Wall time = 9.758s)

    vN Entropy at center bond b=150 = 0.672658505147
    Eigs at center bond b=150: 0.7520 0.2191 0.0213 0.0059 0.0010 
    Largest link dim during sweep 75/87 was 146
    Largest truncation error: 7.51718e-13
    Energy after sweep 75/87 is -199.723763413271
    Sweep 75/87 CPU time = 3m, 38.3s (Wall time = 14.14s)

    vN Entropy at center bond b=150 = 0.672658896682
    Eigs at center bond b=150: 0.7520 0.2191 0.0213 0.0059 0.0010 
    Largest link dim during sweep 76/87 was 149
    Largest truncation error: 7.51791e-13
    Energy after sweep 76/87 is -199.723763413990
    Sweep 76/87 CPU time = 4m, 34.9s (Wall time = 18.23s)

    vN Entropy at center bond b=150 = 0.672658927481
    Eigs at center bond b=150: 0.7520 0.2191 0.0213 0.0059 0.0010 
    Largest link dim during sweep 77/87 was 149
    Largest truncation error: 7.51861e-13
    Energy after sweep 77/87 is -199.723763414002
    Sweep 77/87 CPU time = 4m, 30.0s (Wall time = 17.99s)

    vN Entropy at center bond b=150 = 0.672658930987
    Eigs at center bond b=150: 0.7520 0.2191 0.0213 0.0059 0.0010 
    Largest link dim during sweep 78/87 was 149
    Largest truncation error: 7.51903e-13
    Energy after sweep 78/87 is -199.723763414004
    Sweep 78/87 CPU time = 4m, 34.4s (Wall time = 18.32s)

    vN Entropy at center bond b=150 = 0.672658931571
    Eigs at center bond b=150: 0.7520 0.2191 0.0213 0.0059 0.0010 
    Largest link dim during sweep 79/87 was 150
    Largest truncation error: 7.51456e-13
    Energy after sweep 79/87 is -199.723763414001
    Sweep 79/87 CPU time = 4m, 44.3s (Wall time = 19.26s)

    vN Entropy at center bond b=150 = 0.672658931692
    Eigs at center bond b=150: 0.7520 0.2191 0.0213 0.0059 0.0010 
    Largest link dim during sweep 80/87 was 150
    Largest truncation error: 7.5178e-13
    Energy after sweep 80/87 is -199.723763414004
    Sweep 80/87 CPU time = 4m, 43.7s (Wall time = 19.28s)

    vN Entropy at center bond b=150 = 0.672658931722
    Eigs at center bond b=150: 0.7520 0.2191 0.0213 0.0059 0.0010 
    Largest link dim during sweep 81/87 was 150
    Largest truncation error: 7.51538e-13
    Energy after sweep 81/87 is -199.723763414002
    Sweep 81/87 CPU time = 4m, 48.7s (Wall time = 19.70s)

    vN Entropy at center bond b=150 = 0.672658931730
    Eigs at center bond b=150: 0.7520 0.2191 0.0213 0.0059 0.0010 
    Largest link dim during sweep 82/87 was 150
    Largest truncation error: 7.51633e-13
    Energy after sweep 82/87 is -199.723763413999
    Sweep 82/87 CPU time = 4m, 44.3s (Wall time = 19.32s)

    vN Entropy at center bond b=150 = 0.672659146821
    Eigs at center bond b=150: 0.7520 0.2191 0.0213 0.0059 0.0010 
    Largest link dim during sweep 83/87 was 136
    Largest truncation error: 7.5274e-13
    Energy after sweep 83/87 is -199.723763413391
    Sweep 83/87 CPU time = 3m, 39.3s (Wall time = 14.42s)

    vN Entropy at center bond b=150 = 0.672659167127
    Eigs at center bond b=150: 0.7520 0.2191 0.0213 0.0059 0.0010 
    Largest link dim during sweep 84/87 was 232
    Largest truncation error: 7.53452e-15
    Energy after sweep 84/87 is -199.723763415887
    Sweep 84/87 CPU time = 9m, 23.8s (Wall time = 38.42s)

    vN Entropy at center bond b=150 = 0.672659173183
    Eigs at center bond b=150: 0.7520 0.2191 0.0213 0.0059 0.0010 
    Largest link dim during sweep 85/87 was 235
    Largest truncation error: 7.51722e-15
    Energy after sweep 85/87 is -199.723763415896
    Sweep 85/87 CPU time = 13m, 39s (Wall time = 53.12s)

    vN Entropy at center bond b=150 = 0.672659173548
    Eigs at center bond b=150: 0.7520 0.2191 0.0213 0.0059 0.0010 
    Largest link dim during sweep 86/87 was 235
    Largest truncation error: 7.51934e-15
    Energy after sweep 86/87 is -199.723763415899
    Sweep 86/87 CPU time = 13m, 17s (Wall time = 51.15s)

    vN Entropy at center bond b=150 = 0.672659173595
    Eigs at center bond b=150: 0.7520 0.2191 0.0213 0.0059 0.0010 
    Largest link dim during sweep 87/87 was 235
    Largest truncation error: 7.51728e-15
    Energy after sweep 87/87 is -199.723763415897
    Sweep 87/87 CPU time = 13m, 9s (Wall time = 50.73s)
Initial energy = 150.00000

Ground State Energy = -199.7237634159
run_outputs/outputpsi/N_300_sweep_87_t_0.030000_J_1.000000_V_0.600000_D_0.018000_U_0.320000_mu_1.000000_E_0.000000 converge
Wall-clock time (s) = 2621.963483
