//////////////////////////
Reading input file ......

Got input.N = 300
Got input.t = 0.03
Got input.J = 1
Got input.V = 0.6
Got input.D = 0.018
Got input.U = 0.84
Got input.mu = 0.1
Got input.E = 0
Got input.nsweeps = 87
Sweeps:
1  MaxDim=20, MinDim=20, Cutoff=1.0E-06, Niter=8, Noise=1.0E-05
2  MaxDim=20, MinDim=20, Cutoff=1.0E-06, Niter=8, Noise=1.0E-05
3  MaxDim=20, MinDim=20, Cutoff=1.0E-06, Niter=8, Noise=1.0E-05
4  MaxDim=20, MinDim=20, Cutoff=1.0E-06, Niter=8, Noise=1.0E-05
5  MaxDim=20, MinDim=20, Cutoff=1.0E-06, Niter=8, Noise=1.0E-05
6  MaxDim=20, MinDim=20, Cutoff=1.0E-06, Niter=8, Noise=1.0E-05
7  MaxDim=20, MinDim=20, Cutoff=1.0E-06, Niter=8, Noise=1.0E-05
8  MaxDim=40, MinDim=20, Cutoff=1.0E-06, Niter=4, Noise=1.0E-05
9  MaxDim=40, MinDim=20, Cutoff=1.0E-06, Niter=4, Noise=1.0E-05
10  MaxDim=40, MinDim=20, Cutoff=1.0E-06, Niter=4, Noise=1.0E-05
11  MaxDim=40, MinDim=20, Cutoff=1.0E-06, Niter=4, Noise=1.0E-05
12  MaxDim=40, MinDim=20, Cutoff=1.0E-06, Niter=4, Noise=1.0E-05
13  MaxDim=40, MinDim=20, Cutoff=1.0E-06, Niter=4, Noise=1.0E-05
14  MaxDim=40, MinDim=20, Cutoff=1.0E-06, Niter=4, Noise=1.0E-05
15  MaxDim=80, MinDim=10, Cutoff=1.0E-06, Niter=4, Noise=1.0E-05
16  MaxDim=80, MinDim=10, Cutoff=1.0E-06, Niter=4, Noise=1.0E-05
17  MaxDim=80, MinDim=10, Cutoff=1.0E-06, Niter=4, Noise=1.0E-05
18  MaxDim=80, MinDim=10, Cutoff=1.0E-06, Niter=4, Noise=1.0E-05
19  MaxDim=80, MinDim=10, Cutoff=1.0E-06, Niter=4, Noise=1.0E-05
20  MaxDim=80, MinDim=10, Cutoff=1.0E-06, Niter=4, Noise=1.0E-05
21  MaxDim=80, MinDim=10, Cutoff=1.0E-06, Niter=4, Noise=1.0E-05
22  MaxDim=80, MinDim=10, Cutoff=1.0E-06, Niter=4, Noise=1.0E-05
23  MaxDim=80, MinDim=10, Cutoff=1.0E-06, Niter=4, Noise=1.0E-05
24  MaxDim=80, MinDim=10, Cutoff=1.0E-06, Niter=4, Noise=1.0E-05
25  MaxDim=80, MinDim=10, Cutoff=1.0E-06, Niter=4, Noise=1.0E-05
26  MaxDim=80, MinDim=10, Cutoff=1.0E-06, Niter=4, Noise=1.0E-05
27  MaxDim=80, MinDim=10, Cutoff=1.0E-06, Niter=4, Noise=1.0E-05
28  MaxDim=80, MinDim=10, Cutoff=1.0E-06, Niter=4, Noise=1.0E-05
29  MaxDim=80, MinDim=10, Cutoff=1.0E-06, Niter=4, Noise=1.0E-05
30  MaxDim=80, MinDim=10, Cutoff=1.0E-06, Niter=4, Noise=1.0E-05
31  MaxDim=80, MinDim=10, Cutoff=1.0E-06, Niter=4, Noise=1.0E-05
32  MaxDim=80, MinDim=10, Cutoff=1.0E-06, Niter=4, Noise=1.0E-05
33  MaxDim=80, MinDim=10, Cutoff=1.0E-06, Niter=4, Noise=1.0E-05
34  MaxDim=80, MinDim=10, Cutoff=1.0E-06, Niter=4, Noise=1.0E-05
35  MaxDim=80, MinDim=10, Cutoff=1.0E-06, Niter=4, Noise=1.0E-05
36  MaxDim=80, MinDim=10, Cutoff=1.0E-06, Niter=4, Noise=1.0E-05
37  MaxDim=160, MinDim=10, Cutoff=1.0E-08, Niter=4, Noise=1.0E-06
38  MaxDim=160, MinDim=10, Cutoff=1.0E-08, Niter=4, Noise=1.0E-06
39  MaxDim=160, MinDim=10, Cutoff=1.0E-08, Niter=4, Noise=1.0E-06
40  MaxDim=160, MinDim=10, Cutoff=1.0E-08, Niter=4, Noise=1.0E-06
41  MaxDim=160, MinDim=10, Cutoff=1.0E-08, Niter=4, Noise=1.0E-06
42  MaxDim=160, MinDim=10, Cutoff=1.0E-08, Niter=4, Noise=1.0E-06
43  MaxDim=160, MinDim=10, Cutoff=1.0E-08, Niter=4, Noise=1.0E-06
44  MaxDim=160, MinDim=10, Cutoff=1.0E-08, Niter=4, Noise=1.0E-06
45  MaxDim=160, MinDim=10, Cutoff=1.0E-08, Niter=4, Noise=1.0E-06
46  MaxDim=160, MinDim=10, Cutoff=1.0E-08, Niter=4, Noise=1.0E-06
47  MaxDim=160, MinDim=10, Cutoff=1.0E-08, Niter=4, Noise=1.0E-06
48  MaxDim=160, MinDim=10, Cutoff=1.0E-08, Niter=4, Noise=1.0E-06
49  MaxDim=160, MinDim=10, Cutoff=1.0E-08, Niter=4, Noise=1.0E-06
50  MaxDim=160, MinDim=10, Cutoff=1.0E-08, Niter=4, Noise=1.0E-06
51  MaxDim=160, MinDim=10, Cutoff=1.0E-08, Niter=4, Noise=1.0E-06
52  MaxDim=160, MinDim=10, Cutoff=1.0E-08, Niter=4, Noise=1.0E-06
53  MaxDim=160, MinDim=10, Cutoff=1.0E-08, Niter=4, Noise=1.0E-06
54  MaxDim=160, MinDim=10, Cutoff=1.0E-08, Niter=4, Noise=1.0E-06
55  MaxDim=160, MinDim=10, Cutoff=1.0E-08, Niter=4, Noise=1.0E-06
56  MaxDim=160, MinDim=10, Cutoff=1.0E-08, Niter=4, Noise=1.0E-06
57  MaxDim=160, MinDim=10, Cutoff=1.0E-08, Niter=4, Noise=1.0E-06
58  MaxDim=160, MinDim=10, Cutoff=1.0E-08, Niter=4, Noise=1.0E-06
59  MaxDim=320, MinDim=10, Cutoff=1.0E-10, Niter=4, Noise=1.0E-07
60  MaxDim=320, MinDim=10, Cutoff=1.0E-10, Niter=4, Noise=1.0E-07
61  MaxDim=320, MinDim=10, Cutoff=1.0E-10, Niter=4, Noise=1.0E-07
62  MaxDim=320, MinDim=10, Cutoff=1.0E-10, Niter=4, Noise=1.0E-07
63  MaxDim=320, MinDim=10, Cutoff=1.0E-10, Niter=4, Noise=1.0E-07
64  MaxDim=320, MinDim=10, Cutoff=1.0E-10, Niter=4, Noise=1.0E-07
65  MaxDim=320, MinDim=10, Cutoff=1.0E-10, Niter=4, Noise=1.0E-07
66  MaxDim=320, MinDim=10, Cutoff=1.0E-10, Niter=4, Noise=1.0E-07
67  MaxDim=320, MinDim=10, Cutoff=1.0E-10, Niter=4, Noise=1.0E-07
68  MaxDim=320, MinDim=10, Cutoff=1.0E-10, Niter=4, Noise=1.0E-07
69  MaxDim=320, MinDim=10, Cutoff=1.0E-10, Niter=4, Noise=1.0E-07
70  MaxDim=320, MinDim=10, Cutoff=1.0E-10, Niter=4, Noise=1.0E-07
71  MaxDim=320, MinDim=10, Cutoff=1.0E-10, Niter=4, Noise=1.0E-07
72  MaxDim=320, MinDim=10, Cutoff=1.0E-10, Niter=4, Noise=1.0E-07
73  MaxDim=320, MinDim=10, Cutoff=1.0E-10, Niter=4, Noise=1.0E-07
74  MaxDim=320, MinDim=10, Cutoff=1.0E-10, Niter=4, Noise=1.0E-07
75  MaxDim=640, MinDim=10, Cutoff=1.0E-12, Niter=2, Noise=1.0E-08
76  MaxDim=640, MinDim=10, Cutoff=1.0E-12, Niter=2, Noise=1.0E-08
77  MaxDim=640, MinDim=10, Cutoff=1.0E-12, Niter=2, Noise=1.0E-08
78  MaxDim=640, MinDim=10, Cutoff=1.0E-12, Niter=2, Noise=1.0E-08
79  MaxDim=640, MinDim=10, Cutoff=1.0E-12, Niter=2, Noise=1.0E-08
80  MaxDim=640, MinDim=10, Cutoff=1.0E-12, Niter=2, Noise=1.0E-08
81  MaxDim=640, MinDim=10, Cutoff=1.0E-12, Niter=2, Noise=1.0E-08
82  MaxDim=640, MinDim=10, Cutoff=1.0E-12, Niter=2, Noise=1.0E-08
83  MaxDim=1280, MinDim=10, Cutoff=1.0E-12, Niter=2, Noise=0.0E+00
84  MaxDim=1280, MinDim=10, Cutoff=1.0E-14, Niter=2, Noise=0.0E+00
85  MaxDim=1280, MinDim=10, Cutoff=1.0E-14, Niter=2, Noise=0.0E+00
86  MaxDim=1280, MinDim=10, Cutoff=1.0E-14, Niter=2, Noise=0.0E+00
87  MaxDim=1280, MinDim=10, Cutoff=1.0E-14, Niter=2, Noise=0.0E+00


    vN Entropy at center bond b=150 = 0.662783887708
    Eigs at center bond b=150: 0.7714 0.1958 0.0217 0.0083 0.0013 0.0010 
    Largest link dim during sweep 1/87 was 20
    Largest truncation error: 4.50742e-05
    Energy after sweep 1/87 is -159.094489636117
    Sweep 1/87 CPU time = 18.22s (Wall time = 1.180s)

    vN Entropy at center bond b=150 = 0.699812285196
    Eigs at center bond b=150: 0.7487 0.2166 0.0221 0.0088 0.0019 0.0012 
    Largest link dim during sweep 2/87 was 20
    Largest truncation error: 2.63259e-06
    Energy after sweep 2/87 is -159.137295057806
    Sweep 2/87 CPU time = 25.30s (Wall time = 1.622s)

    vN Entropy at center bond b=150 = 0.700032981750
    Eigs at center bond b=150: 0.7486 0.2167 0.0221 0.0088 0.0019 0.0013 
    Largest link dim during sweep 3/87 was 20
    Largest truncation error: 2.75121e-06
    Energy after sweep 3/87 is -159.137354105919
    Sweep 3/87 CPU time = 25.34s (Wall time = 1.625s)

    vN Entropy at center bond b=150 = 0.700039211499
    Eigs at center bond b=150: 0.7486 0.2167 0.0221 0.0088 0.0019 0.0013 
    Largest link dim during sweep 4/87 was 20
    Largest truncation error: 2.75342e-06
    Energy after sweep 4/87 is -159.137355011875
    Sweep 4/87 CPU time = 25.28s (Wall time = 1.622s)

    vN Entropy at center bond b=150 = 0.700039502549
    Eigs at center bond b=150: 0.7486 0.2167 0.0221 0.0088 0.0019 0.0013 
    Largest link dim during sweep 5/87 was 20
    Largest truncation error: 2.7536e-06
    Energy after sweep 5/87 is -159.137355065992
    Sweep 5/87 CPU time = 25.72s (Wall time = 1.653s)

    vN Entropy at center bond b=150 = 0.700039520495
    Eigs at center bond b=150: 0.7486 0.2167 0.0221 0.0088 0.0019 0.0013 
    Largest link dim during sweep 6/87 was 20
    Largest truncation error: 2.75362e-06
    Energy after sweep 6/87 is -159.137355069412
    Sweep 6/87 CPU time = 25.51s (Wall time = 1.637s)

    vN Entropy at center bond b=150 = 0.700039521708
    Eigs at center bond b=150: 0.7486 0.2167 0.0221 0.0088 0.0019 0.0013 
    Largest link dim during sweep 7/87 was 20
    Largest truncation error: 2.75362e-06
    Energy after sweep 7/87 is -159.137355069562
    Sweep 7/87 CPU time = 25.24s (Wall time = 1.620s)

    vN Entropy at center bond b=150 = 0.700851489095
    Eigs at center bond b=150: 0.7485 0.2167 0.0222 0.0088 0.0019 0.0013 
    Largest link dim during sweep 8/87 was 28
    Largest truncation error: 7.48066e-07
    Energy after sweep 8/87 is -159.140027972213
    Sweep 8/87 CPU time = 16.68s (Wall time = 1.070s)

    vN Entropy at center bond b=150 = 0.701034729839
    Eigs at center bond b=150: 0.7484 0.2167 0.0222 0.0088 0.0019 0.0013 
    Largest link dim during sweep 9/87 was 29
    Largest truncation error: 7.5664e-07
    Energy after sweep 9/87 is -159.140091204343
    Sweep 9/87 CPU time = 18.24s (Wall time = 1.168s)

    vN Entropy at center bond b=150 = 0.701037841646
    Eigs at center bond b=150: 0.7484 0.2167 0.0222 0.0088 0.0019 0.0013 
    Largest link dim during sweep 10/87 was 29
    Largest truncation error: 7.48799e-07
    Energy after sweep 10/87 is -159.140091528357
    Sweep 10/87 CPU time = 18.39s (Wall time = 1.177s)

    vN Entropy at center bond b=150 = 0.701037905307
    Eigs at center bond b=150: 0.7484 0.2167 0.0222 0.0088 0.0019 0.0013 
    Largest link dim during sweep 11/87 was 29
    Largest truncation error: 7.48986e-07
    Energy after sweep 11/87 is -159.140091496677
    Sweep 11/87 CPU time = 18.45s (Wall time = 1.182s)

    vN Entropy at center bond b=150 = 0.701037907139
    Eigs at center bond b=150: 0.7484 0.2167 0.0222 0.0088 0.0019 0.0013 
    Largest link dim during sweep 12/87 was 29
    Largest truncation error: 7.49e-07
    Energy after sweep 12/87 is -159.140091492961
    Sweep 12/87 CPU time = 18.46s (Wall time = 1.181s)

    vN Entropy at center bond b=150 = 0.701037907205
    Eigs at center bond b=150: 0.7484 0.2167 0.0222 0.0088 0.0019 0.0013 
    Largest link dim during sweep 13/87 was 29
    Largest truncation error: 7.49001e-07
    Energy after sweep 13/87 is -159.140091492562
    Sweep 13/87 CPU time = 18.77s (Wall time = 1.201s)

    vN Entropy at center bond b=150 = 0.701037907206
    Eigs at center bond b=150: 0.7484 0.2167 0.0222 0.0088 0.0019 0.0013 
    Largest link dim during sweep 14/87 was 29
    Largest truncation error: 7.49001e-07
    Energy after sweep 14/87 is -159.140091492522
    Sweep 14/87 CPU time = 18.66s (Wall time = 1.196s)

    vN Entropy at center bond b=150 = 0.701037907236
    Eigs at center bond b=150: 0.7484 0.2167 0.0222 0.0088 0.0019 0.0013 
    Largest link dim during sweep 15/87 was 29
    Largest truncation error: 7.89392e-07
    Energy after sweep 15/87 is -159.140085230330
    Sweep 15/87 CPU time = 18.47s (Wall time = 1.186s)

    vN Entropy at center bond b=150 = 0.701037907235
    Eigs at center bond b=150: 0.7484 0.2167 0.0222 0.0088 0.0019 0.0013 
    Largest link dim during sweep 16/87 was 29
    Largest truncation error: 7.73068e-07
    Energy after sweep 16/87 is -159.140085262227
    Sweep 16/87 CPU time = 18.43s (Wall time = 1.181s)

    vN Entropy at center bond b=150 = 0.701037907235
    Eigs at center bond b=150: 0.7484 0.2167 0.0222 0.0088 0.0019 0.0013 
    Largest link dim during sweep 17/87 was 29
    Largest truncation error: 7.72453e-07
    Energy after sweep 17/87 is -159.140085263769
    Sweep 17/87 CPU time = 18.36s (Wall time = 1.178s)

    vN Entropy at center bond b=150 = 0.701037907235
    Eigs at center bond b=150: 0.7484 0.2167 0.0222 0.0088 0.0019 0.0013 
    Largest link dim during sweep 18/87 was 29
    Largest truncation error: 7.72383e-07
    Energy after sweep 18/87 is -159.140085263869
    Sweep 18/87 CPU time = 18.25s (Wall time = 1.173s)

    vN Entropy at center bond b=150 = 0.701037907235
    Eigs at center bond b=150: 0.7484 0.2167 0.0222 0.0088 0.0019 0.0013 
    Largest link dim during sweep 19/87 was 29
    Largest truncation error: 7.72374e-07
    Energy after sweep 19/87 is -159.140085263872
    Sweep 19/87 CPU time = 19.95s (Wall time = 1.287s)

    vN Entropy at center bond b=150 = 0.701037907235
    Eigs at center bond b=150: 0.7484 0.2167 0.0222 0.0088 0.0019 0.0013 
    Largest link dim during sweep 20/87 was 29
    Largest truncation error: 7.72372e-07
    Energy after sweep 20/87 is -159.140085263871
    Sweep 20/87 CPU time = 18.47s (Wall time = 1.180s)

    vN Entropy at center bond b=150 = 0.701037907235
    Eigs at center bond b=150: 0.7484 0.2167 0.0222 0.0088 0.0019 0.0013 
    Largest link dim during sweep 21/87 was 29
    Largest truncation error: 7.72372e-07
    Energy after sweep 21/87 is -159.140085263872
    Sweep 21/87 CPU time = 18.50s (Wall time = 1.188s)

    vN Entropy at center bond b=150 = 0.701037907235
    Eigs at center bond b=150: 0.7484 0.2167 0.0222 0.0088 0.0019 0.0013 
    Largest link dim during sweep 22/87 was 29
    Largest truncation error: 7.72372e-07
    Energy after sweep 22/87 is -159.140085263871
    Sweep 22/87 CPU time = 18.35s (Wall time = 1.174s)

    vN Entropy at center bond b=150 = 0.701037907235
    Eigs at center bond b=150: 0.7484 0.2167 0.0222 0.0088 0.0019 0.0013 
    Largest link dim during sweep 23/87 was 29
    Largest truncation error: 7.72372e-07
    Energy after sweep 23/87 is -159.140085263873
    Sweep 23/87 CPU time = 18.24s (Wall time = 1.168s)

    vN Entropy at center bond b=150 = 0.701037907235
    Eigs at center bond b=150: 0.7484 0.2167 0.0222 0.0088 0.0019 0.0013 
    Largest link dim during sweep 24/87 was 29
    Largest truncation error: 7.72372e-07
    Energy after sweep 24/87 is -159.140085263872
    Sweep 24/87 CPU time = 18.16s (Wall time = 1.163s)

    vN Entropy at center bond b=150 = 0.701037907235
    Eigs at center bond b=150: 0.7484 0.2167 0.0222 0.0088 0.0019 0.0013 
    Largest link dim during sweep 25/87 was 29
    Largest truncation error: 7.72372e-07
    Energy after sweep 25/87 is -159.140085263873
    Sweep 25/87 CPU time = 18.04s (Wall time = 1.161s)

    vN Entropy at center bond b=150 = 0.701037907235
    Eigs at center bond b=150: 0.7484 0.2167 0.0222 0.0088 0.0019 0.0013 
    Largest link dim during sweep 26/87 was 29
    Largest truncation error: 7.72372e-07
    Energy after sweep 26/87 is -159.140085263872
    Sweep 26/87 CPU time = 18.15s (Wall time = 1.159s)

    vN Entropy at center bond b=150 = 0.701037907235
    Eigs at center bond b=150: 0.7484 0.2167 0.0222 0.0088 0.0019 0.0013 
    Largest link dim during sweep 27/87 was 29
    Largest truncation error: 7.72372e-07
    Energy after sweep 27/87 is -159.140085263875
    Sweep 27/87 CPU time = 18.08s (Wall time = 1.160s)

    vN Entropy at center bond b=150 = 0.701037907235
    Eigs at center bond b=150: 0.7484 0.2167 0.0222 0.0088 0.0019 0.0013 
    Largest link dim during sweep 28/87 was 29
    Largest truncation error: 7.72372e-07
    Energy after sweep 28/87 is -159.140085263871
    Sweep 28/87 CPU time = 17.96s (Wall time = 1.161s)

    vN Entropy at center bond b=150 = 0.701037907235
    Eigs at center bond b=150: 0.7484 0.2167 0.0222 0.0088 0.0019 0.0013 
    Largest link dim during sweep 29/87 was 29
    Largest truncation error: 7.72372e-07
    Energy after sweep 29/87 is -159.140085263870
    Sweep 29/87 CPU time = 18.10s (Wall time = 1.162s)

    vN Entropy at center bond b=150 = 0.701037907235
    Eigs at center bond b=150: 0.7484 0.2167 0.0222 0.0088 0.0019 0.0013 
    Largest link dim during sweep 30/87 was 29
    Largest truncation error: 7.72372e-07
    Energy after sweep 30/87 is -159.140085263872
    Sweep 30/87 CPU time = 18.04s (Wall time = 1.156s)

    vN Entropy at center bond b=150 = 0.701037907235
    Eigs at center bond b=150: 0.7484 0.2167 0.0222 0.0088 0.0019 0.0013 
    Largest link dim during sweep 31/87 was 29
    Largest truncation error: 7.72372e-07
    Energy after sweep 31/87 is -159.140085263873
    Sweep 31/87 CPU time = 17.82s (Wall time = 1.143s)

    vN Entropy at center bond b=150 = 0.701037907235
    Eigs at center bond b=150: 0.7484 0.2167 0.0222 0.0088 0.0019 0.0013 
    Largest link dim during sweep 32/87 was 29
    Largest truncation error: 7.72372e-07
    Energy after sweep 32/87 is -159.140085263869
    Sweep 32/87 CPU time = 17.87s (Wall time = 1.148s)

    vN Entropy at center bond b=150 = 0.701037907235
    Eigs at center bond b=150: 0.7484 0.2167 0.0222 0.0088 0.0019 0.0013 
    Largest link dim during sweep 33/87 was 29
    Largest truncation error: 7.72372e-07
    Energy after sweep 33/87 is -159.140085263872
    Sweep 33/87 CPU time = 17.69s (Wall time = 1.131s)

    vN Entropy at center bond b=150 = 0.701037907235
    Eigs at center bond b=150: 0.7484 0.2167 0.0222 0.0088 0.0019 0.0013 
    Largest link dim during sweep 34/87 was 29
    Largest truncation error: 7.72372e-07
    Energy after sweep 34/87 is -159.140085263874
    Sweep 34/87 CPU time = 17.74s (Wall time = 1.139s)

    vN Entropy at center bond b=150 = 0.701037907235
    Eigs at center bond b=150: 0.7484 0.2167 0.0222 0.0088 0.0019 0.0013 
    Largest link dim during sweep 35/87 was 29
    Largest truncation error: 7.72372e-07
    Energy after sweep 35/87 is -159.140085263870
    Sweep 35/87 CPU time = 18.15s (Wall time = 1.170s)

    vN Entropy at center bond b=150 = 0.701037907235
    Eigs at center bond b=150: 0.7484 0.2167 0.0222 0.0088 0.0019 0.0013 
    Largest link dim during sweep 36/87 was 29
    Largest truncation error: 7.72372e-07
    Energy after sweep 36/87 is -159.140085263873
    Sweep 36/87 CPU time = 18.17s (Wall time = 1.164s)

    vN Entropy at center bond b=150 = 0.701976978251
    Eigs at center bond b=150: 0.7481 0.2169 0.0222 0.0089 0.0019 0.0013 
    Largest link dim during sweep 37/87 was 59
    Largest truncation error: 7.57673e-09
    Energy after sweep 37/87 is -159.141512047842
    Sweep 37/87 CPU time = 45.91s (Wall time = 2.955s)

    vN Entropy at center bond b=150 = 0.702103545182
    Eigs at center bond b=150: 0.7481 0.2169 0.0222 0.0089 0.0019 0.0013 
    Largest link dim during sweep 38/87 was 63
    Largest truncation error: 7.61511e-09
    Energy after sweep 38/87 is -159.141521998501
    Sweep 38/87 CPU time = 1m, 11.0s (Wall time = 4.557s)

    vN Entropy at center bond b=150 = 0.702107687659
    Eigs at center bond b=150: 0.7481 0.2169 0.0222 0.0089 0.0019 0.0013 
    Largest link dim during sweep 39/87 was 63
    Largest truncation error: 7.61896e-09
    Energy after sweep 39/87 is -159.141522388257
    Sweep 39/87 CPU time = 1m, 15.1s (Wall time = 4.842s)

    vN Entropy at center bond b=150 = 0.702107846984
    Eigs at center bond b=150: 0.7481 0.2169 0.0222 0.0089 0.0019 0.0013 
    Largest link dim during sweep 40/87 was 63
    Largest truncation error: 7.61949e-09
    Energy after sweep 40/87 is -159.141522403136
    Sweep 40/87 CPU time = 1m, 15.1s (Wall time = 4.860s)

    vN Entropy at center bond b=150 = 0.702107858340
    Eigs at center bond b=150: 0.7481 0.2169 0.0222 0.0089 0.0019 0.0013 
    Largest link dim during sweep 41/87 was 63
    Largest truncation error: 7.61956e-09
    Energy after sweep 41/87 is -159.141522401899
    Sweep 41/87 CPU time = 1m, 15.4s (Wall time = 4.845s)

    vN Entropy at center bond b=150 = 0.702107859553
    Eigs at center bond b=150: 0.7481 0.2169 0.0222 0.0089 0.0019 0.0013 
    Largest link dim during sweep 42/87 was 63
    Largest truncation error: 7.61957e-09
    Energy after sweep 42/87 is -159.141522401850
    Sweep 42/87 CPU time = 1m, 15.8s (Wall time = 4.863s)

    vN Entropy at center bond b=150 = 0.702107859702
    Eigs at center bond b=150: 0.7481 0.2169 0.0222 0.0089 0.0019 0.0013 
    Largest link dim during sweep 43/87 was 63
    Largest truncation error: 7.61957e-09
    Energy after sweep 43/87 is -159.141522401782
    Sweep 43/87 CPU time = 1m, 15.0s (Wall time = 4.823s)

    vN Entropy at center bond b=150 = 0.702107859722
    Eigs at center bond b=150: 0.7481 0.2169 0.0222 0.0089 0.0019 0.0013 
    Largest link dim during sweep 44/87 was 63
    Largest truncation error: 7.61957e-09
    Energy after sweep 44/87 is -159.141522401723
    Sweep 44/87 CPU time = 1m, 15.7s (Wall time = 4.867s)

    vN Entropy at center bond b=150 = 0.702107859725
    Eigs at center bond b=150: 0.7481 0.2169 0.0222 0.0089 0.0019 0.0013 
    Largest link dim during sweep 45/87 was 63
    Largest truncation error: 7.61957e-09
    Energy after sweep 45/87 is -159.141522401661
    Sweep 45/87 CPU time = 1m, 15.5s (Wall time = 4.876s)

    vN Entropy at center bond b=150 = 0.702107859725
    Eigs at center bond b=150: 0.7481 0.2169 0.0222 0.0089 0.0019 0.0013 
    Largest link dim during sweep 46/87 was 63
    Largest truncation error: 7.61957e-09
    Energy after sweep 46/87 is -159.141522401613
    Sweep 46/87 CPU time = 1m, 15.9s (Wall time = 4.888s)

    vN Entropy at center bond b=150 = 0.702107859725
    Eigs at center bond b=150: 0.7481 0.2169 0.0222 0.0089 0.0019 0.0013 
    Largest link dim during sweep 47/87 was 63
    Largest truncation error: 7.61957e-09
    Energy after sweep 47/87 is -159.141522401603
    Sweep 47/87 CPU time = 1m, 14.8s (Wall time = 4.803s)

    vN Entropy at center bond b=150 = 0.702107859725
    Eigs at center bond b=150: 0.7481 0.2169 0.0222 0.0089 0.0019 0.0013 
    Largest link dim during sweep 48/87 was 63
    Largest truncation error: 7.61957e-09
    Energy after sweep 48/87 is -159.141522396473
    Sweep 48/87 CPU time = 1m, 15.5s (Wall time = 4.847s)

    vN Entropy at center bond b=150 = 0.702107859725
    Eigs at center bond b=150: 0.7481 0.2169 0.0222 0.0089 0.0019 0.0013 
    Largest link dim during sweep 49/87 was 63
    Largest truncation error: 7.61956e-09
    Energy after sweep 49/87 is -159.141522396729
    Sweep 49/87 CPU time = 1m, 13.4s (Wall time = 4.719s)

    vN Entropy at center bond b=150 = 0.702107859725
    Eigs at center bond b=150: 0.7481 0.2169 0.0222 0.0089 0.0019 0.0013 
    Largest link dim during sweep 50/87 was 63
    Largest truncation error: 7.61956e-09
    Energy after sweep 50/87 is -159.141522396973
    Sweep 50/87 CPU time = 1m, 15.4s (Wall time = 4.846s)

    vN Entropy at center bond b=150 = 0.702107859725
    Eigs at center bond b=150: 0.7481 0.2169 0.0222 0.0089 0.0019 0.0013 
    Largest link dim during sweep 51/87 was 63
    Largest truncation error: 7.61956e-09
    Energy after sweep 51/87 is -159.141522397077
    Sweep 51/87 CPU time = 1m, 13.2s (Wall time = 4.698s)

    vN Entropy at center bond b=150 = 0.702107859725
    Eigs at center bond b=150: 0.7481 0.2169 0.0222 0.0089 0.0019 0.0013 
    Largest link dim during sweep 52/87 was 63
    Largest truncation error: 7.61956e-09
    Energy after sweep 52/87 is -159.141522397114
    Sweep 52/87 CPU time = 1m, 15.1s (Wall time = 4.818s)

    vN Entropy at center bond b=150 = 0.702107859725
    Eigs at center bond b=150: 0.7481 0.2169 0.0222 0.0089 0.0019 0.0013 
    Largest link dim during sweep 53/87 was 63
    Largest truncation error: 7.61956e-09
    Energy after sweep 53/87 is -159.141522397126
    Sweep 53/87 CPU time = 1m, 15.8s (Wall time = 4.891s)

    vN Entropy at center bond b=150 = 0.702107859725
    Eigs at center bond b=150: 0.7481 0.2169 0.0222 0.0089 0.0019 0.0013 
    Largest link dim during sweep 54/87 was 63
    Largest truncation error: 7.61956e-09
    Energy after sweep 54/87 is -159.141522397128
    Sweep 54/87 CPU time = 1m, 15.5s (Wall time = 4.858s)

    vN Entropy at center bond b=150 = 0.702107859725
    Eigs at center bond b=150: 0.7481 0.2169 0.0222 0.0089 0.0019 0.0013 
    Largest link dim during sweep 55/87 was 63
    Largest truncation error: 7.61956e-09
    Energy after sweep 55/87 is -159.141522397131
    Sweep 55/87 CPU time = 1m, 15.7s (Wall time = 4.863s)

    vN Entropy at center bond b=150 = 0.702107859725
    Eigs at center bond b=150: 0.7481 0.2169 0.0222 0.0089 0.0019 0.0013 
    Largest link dim during sweep 56/87 was 63
    Largest truncation error: 7.61956e-09
    Energy after sweep 56/87 is -159.141522397130
    Sweep 56/87 CPU time = 1m, 15.7s (Wall time = 4.862s)

    vN Entropy at center bond b=150 = 0.702107859725
    Eigs at center bond b=150: 0.7481 0.2169 0.0222 0.0089 0.0019 0.0013 
    Largest link dim during sweep 57/87 was 63
    Largest truncation error: 7.61956e-09
    Energy after sweep 57/87 is -159.141522397133
    Sweep 57/87 CPU time = 1m, 15.6s (Wall time = 4.858s)

    vN Entropy at center bond b=150 = 0.702107859725
    Eigs at center bond b=150: 0.7481 0.2169 0.0222 0.0089 0.0019 0.0013 
    Largest link dim during sweep 58/87 was 63
    Largest truncation error: 7.61956e-09
    Energy after sweep 58/87 is -159.141522397130
    Sweep 58/87 CPU time = 1m, 15.2s (Wall time = 4.837s)

    vN Entropy at center bond b=150 = 0.702150298155
    Eigs at center bond b=150: 0.7481 0.2169 0.0222 0.0089 0.0019 0.0013 
    Largest link dim during sweep 59/87 was 117
    Largest truncation error: 7.47398e-11
    Energy after sweep 59/87 is -159.141537215865
    Sweep 59/87 CPU time = 3m, 42.3s (Wall time = 14.29s)

    vN Entropy at center bond b=150 = 0.702153183705
    Eigs at center bond b=150: 0.7481 0.2169 0.0222 0.0089 0.0019 0.0013 
    Largest link dim during sweep 60/87 was 122
    Largest truncation error: 7.57791e-11
    Energy after sweep 60/87 is -159.141537296149
    Sweep 60/87 CPU time = 5m, 0.1s (Wall time = 19.30s)

    vN Entropy at center bond b=150 = 0.702153346300
    Eigs at center bond b=150: 0.7481 0.2169 0.0222 0.0089 0.0019 0.0013 
    Largest link dim during sweep 61/87 was 122
    Largest truncation error: 7.6021e-11
    Energy after sweep 61/87 is -159.141537298995
    Sweep 61/87 CPU time = 5m, 10.3s (Wall time = 19.93s)

    vN Entropy at center bond b=150 = 0.702153367464
    Eigs at center bond b=150: 0.7481 0.2169 0.0222 0.0089 0.0019 0.0013 
    Largest link dim during sweep 62/87 was 122
    Largest truncation error: 7.61059e-11
    Energy after sweep 62/87 is -159.141537299070
    Sweep 62/87 CPU time = 5m, 16.1s (Wall time = 20.33s)

    vN Entropy at center bond b=150 = 0.702153370886
    Eigs at center bond b=150: 0.7481 0.2169 0.0222 0.0089 0.0019 0.0013 
    Largest link dim during sweep 63/87 was 122
    Largest truncation error: 7.61206e-11
    Energy after sweep 63/87 is -159.141537299119
    Sweep 63/87 CPU time = 5m, 33.6s (Wall time = 21.49s)

    vN Entropy at center bond b=150 = 0.702153371480
    Eigs at center bond b=150: 0.7481 0.2169 0.0222 0.0089 0.0019 0.0013 
    Largest link dim during sweep 64/87 was 122
    Largest truncation error: 7.6125e-11
    Energy after sweep 64/87 is -159.141537299121
    Sweep 64/87 CPU time = 5m, 50.9s (Wall time = 22.58s)

    vN Entropy at center bond b=150 = 0.702153371586
    Eigs at center bond b=150: 0.7481 0.2169 0.0222 0.0089 0.0019 0.0013 
    Largest link dim during sweep 65/87 was 122
    Largest truncation error: 7.61256e-11
    Energy after sweep 65/87 is -159.141537299181
    Sweep 65/87 CPU time = 5m, 44.0s (Wall time = 22.10s)

    vN Entropy at center bond b=150 = 0.702153371605
    Eigs at center bond b=150: 0.7481 0.2169 0.0222 0.0089 0.0019 0.0013 
    Largest link dim during sweep 66/87 was 122
    Largest truncation error: 7.61277e-11
    Energy after sweep 66/87 is -159.141537299184
    Sweep 66/87 CPU time = 5m, 44.3s (Wall time = 22.13s)

    vN Entropy at center bond b=150 = 0.702153371608
    Eigs at center bond b=150: 0.7481 0.2169 0.0222 0.0089 0.0019 0.0013 
    Largest link dim during sweep 67/87 was 122
    Largest truncation error: 7.61293e-11
    Energy after sweep 67/87 is -159.141537299183
    Sweep 67/87 CPU time = 5m, 47.1s (Wall time = 22.29s)

    vN Entropy at center bond b=150 = 0.702153371609
    Eigs at center bond b=150: 0.7481 0.2169 0.0222 0.0089 0.0019 0.0013 
    Largest link dim during sweep 68/87 was 122
    Largest truncation error: 7.61295e-11
    Energy after sweep 68/87 is -159.141537299183
    Sweep 68/87 CPU time = 5m, 47.5s (Wall time = 22.30s)

    vN Entropy at center bond b=150 = 0.702153371609
    Eigs at center bond b=150: 0.7481 0.2169 0.0222 0.0089 0.0019 0.0013 
    Largest link dim during sweep 69/87 was 122
    Largest truncation error: 7.61298e-11
    Energy after sweep 69/87 is -159.141537299184
    Sweep 69/87 CPU time = 5m, 50.8s (Wall time = 22.57s)

    vN Entropy at center bond b=150 = 0.702153371609
    Eigs at center bond b=150: 0.7481 0.2169 0.0222 0.0089 0.0019 0.0013 
    Largest link dim during sweep 70/87 was 122
    Largest truncation error: 7.61298e-11
    Energy after sweep 70/87 is -159.141537299185
    Sweep 70/87 CPU time = 5m, 50.7s (Wall time = 22.55s)

    vN Entropy at center bond b=150 = 0.702153371609
    Eigs at center bond b=150: 0.7481 0.2169 0.0222 0.0089 0.0019 0.0013 
    Largest link dim during sweep 71/87 was 122
    Largest truncation error: 7.61298e-11
    Energy after sweep 71/87 is -159.141537299185
    Sweep 71/87 CPU time = 5m, 48.6s (Wall time = 22.46s)

    vN Entropy at center bond b=150 = 0.702153371609
    Eigs at center bond b=150: 0.7481 0.2169 0.0222 0.0089 0.0019 0.0013 
    Largest link dim during sweep 72/87 was 122
    Largest truncation error: 7.61299e-11
    Energy after sweep 72/87 is -159.141537299186
    Sweep 72/87 CPU time = 5m, 49.6s (Wall time = 22.48s)

    vN Entropy at center bond b=150 = 0.702153371609
    Eigs at center bond b=150: 0.7481 0.2169 0.0222 0.0089 0.0019 0.0013 
    Largest link dim during sweep 73/87 was 122
    Largest truncation error: 7.61299e-11
    Energy after sweep 73/87 is -159.141537299188
    Sweep 73/87 CPU time = 5m, 48.3s (Wall time = 22.42s)

    vN Entropy at center bond b=150 = 0.702153371609
    Eigs at center bond b=150: 0.7481 0.2169 0.0222 0.0089 0.0019 0.0013 
    Largest link dim during sweep 74/87 was 122
    Largest truncation error: 7.61298e-11
    Energy after sweep 74/87 is -159.141537299184
    Sweep 74/87 CPU time = 5m, 52.0s (Wall time = 22.69s)

    vN Entropy at center bond b=150 = 0.702156040797
    Eigs at center bond b=150: 0.7481 0.2169 0.0222 0.0089 0.0019 0.0013 
    Largest link dim during sweep 75/87 was 220
    Largest truncation error: 8.5337e-13
    Energy after sweep 75/87 is -159.141537490907
    Sweep 75/87 CPU time = 11m, 20s (Wall time = 47.25s)

    vN Entropy at center bond b=150 = 0.702156296337
    Eigs at center bond b=150: 0.7481 0.2169 0.0222 0.0089 0.0019 0.0013 
    Largest link dim during sweep 76/87 was 226
    Largest truncation error: 8.53699e-13
    Energy after sweep 76/87 is -159.141537492380
    Sweep 76/87 CPU time = 16m, 24s (Wall time = 1m, 5.0s)

    vN Entropy at center bond b=150 = 0.702156339507
    Eigs at center bond b=150: 0.7481 0.2169 0.0222 0.0089 0.0019 0.0013 
    Largest link dim during sweep 77/87 was 225
    Largest truncation error: 8.53599e-13
    Energy after sweep 77/87 is -159.141537492406
    Sweep 77/87 CPU time = 16m, 36s (Wall time = 1m, 5.6s)

    vN Entropy at center bond b=150 = 0.702156347305
    Eigs at center bond b=150: 0.7481 0.2169 0.0222 0.0089 0.0019 0.0013 
    Largest link dim during sweep 78/87 was 225
    Largest truncation error: 8.53581e-13
    Energy after sweep 78/87 is -159.141537492416
    Sweep 78/87 CPU time = 17m, 2s (Wall time = 1m, 7.1s)

    vN Entropy at center bond b=150 = 0.702156349383
    Eigs at center bond b=150: 0.7481 0.2169 0.0222 0.0089 0.0019 0.0013 
    Largest link dim during sweep 79/87 was 226
    Largest truncation error: 8.5356e-13
    Energy after sweep 79/87 is -159.141537492443
    Sweep 79/87 CPU time = 16m, 44s (Wall time = 1m, 6.8s)

    vN Entropy at center bond b=150 = 0.702156350113
    Eigs at center bond b=150: 0.7481 0.2169 0.0222 0.0089 0.0019 0.0013 
    Largest link dim during sweep 80/87 was 226
    Largest truncation error: 8.5371e-13
    Energy after sweep 80/87 is -159.141537492444
    Sweep 80/87 CPU time = 16m, 55s (Wall time = 1m, 8.1s)

    vN Entropy at center bond b=150 = 0.702156350363
    Eigs at center bond b=150: 0.7481 0.2169 0.0222 0.0089 0.0019 0.0013 
    Largest link dim during sweep 81/87 was 226
    Largest truncation error: 8.53654e-13
    Energy after sweep 81/87 is -159.141537492444
    Sweep 81/87 CPU time = 16m, 51s (Wall time = 1m, 7.5s)

    vN Entropy at center bond b=150 = 0.702156350455
    Eigs at center bond b=150: 0.7481 0.2169 0.0222 0.0089 0.0019 0.0013 
    Largest link dim during sweep 82/87 was 226
    Largest truncation error: 8.53761e-13
    Energy after sweep 82/87 is -159.141537492445
    Sweep 82/87 CPU time = 16m, 41s (Wall time = 1m, 6.7s)

    vN Entropy at center bond b=150 = 0.702156584111
    Eigs at center bond b=150: 0.7481 0.2169 0.0222 0.0089 0.0019 0.0013 
    Largest link dim during sweep 83/87 was 210
    Largest truncation error: 7.5497e-13
    Energy after sweep 83/87 is -159.141537491937
    Sweep 83/87 CPU time = 12m, 27s (Wall time = 48.96s)

    vN Entropy at center bond b=150 = 0.702156599206
    Eigs at center bond b=150: 0.7481 0.2169 0.0222 0.0089 0.0019 0.0013 
    Largest link dim during sweep 84/87 was 372
    Largest truncation error: 7.60108e-15
    Energy after sweep 84/87 is -159.141537494670
    Sweep 84/87 CPU time = 34m, 9s (Wall time = 2m, 17.7s)

    vN Entropy at center bond b=150 = 0.702156605640
    Eigs at center bond b=150: 0.7481 0.2169 0.0222 0.0089 0.0019 0.0013 
    Largest link dim during sweep 85/87 was 381
    Largest truncation error: 7.53251e-15
    Energy after sweep 85/87 is -159.141537494684
    Sweep 85/87 CPU time = 51m, 22s (Wall time = 3m, 22.3s)

    vN Entropy at center bond b=150 = 0.702156606143
    Eigs at center bond b=150: 0.7481 0.2169 0.0222 0.0089 0.0019 0.0013 
    Largest link dim during sweep 86/87 was 379
    Largest truncation error: 7.47916e-15
    Energy after sweep 86/87 is -159.141537494685
    Sweep 86/87 CPU time = 48m, 59s (Wall time = 3m, 9.3s)

    vN Entropy at center bond b=150 = 0.702156606202
    Eigs at center bond b=150: 0.7481 0.2169 0.0222 0.0089 0.0019 0.0013 
    Largest link dim during sweep 87/87 was 379
    Largest truncation error: 7.47979e-15
    Energy after sweep 87/87 is -159.141537494686
    Sweep 87/87 CPU time = 50m, 28s (Wall time = 3m, 15.4s)
Initial energy = 15.00000

Ground State Energy = -159.1415374947
run_outputs/outputpsi/N_300_sweep_87_t_0.030000_J_1.000000_V_0.600000_D_0.018000_U_0.840000_mu_0.100000_E_0.000000 converge
Wall-clock time (s) = 9697.256626
