//////////////////////////
Reading input file ......

Got input.N = 300
Got input.t = 0.03
Got input.J = 1
Got input.V = 0.6
Got input.D = 0.018
Got input.U = 1.1
Got input.mu = 1
Got input.E = 0
Got input.nsweeps = 87
Sweeps:
1  MaxDim=20, MinDim=20, Cutoff=1.0E-06, Niter=8, Noise=1.0E-05
2  MaxDim=20, MinDim=20, Cutoff=1.0E-06, Niter=8, Noise=1.0E-05
3  MaxDim=20, MinDim=20, Cutoff=1.0E-06, Niter=8, Noise=1.0E-05
4  MaxDim=20, MinDim=20, Cutoff=1.0E-06, Niter=8, Noise=1.0E-05
5  MaxDim=20, MinDim=20, Cutoff=1.0E-06, Niter=8, Noise=1.0E-05
6  MaxDim=20, MinDim=20, Cutoff=1.0E-06, Niter=8, Noise=1.0E-05
7  MaxDim=20, MinDim=20, Cutoff=1.0E-06, Niter=8, Noise=1.0E-05
8  MaxDim=40, MinDim=20, Cutoff=1.0E-06, Niter=4, Noise=1.0E-05
9  MaxDim=40, MinDim=20, Cutoff=1.0E-06, Niter=4, Noise=1.0E-05
10  MaxDim=40, MinDim=20, Cutoff=1.0E-06, Niter=4, Noise=1.0E-05
11  MaxDim=40, MinDim=20, Cutoff=1.0E-06, Niter=4, Noise=1.0E-05
12  MaxDim=40, MinDim=20, Cutoff=1.0E-06, Niter=4, Noise=1.0E-05
13  MaxDim=40, MinDim=20, Cutoff=1.0E-06, Niter=4, Noise=1.0E-05
14  MaxDim=40, MinDim=20, Cutoff=1.0E-06, Niter=4, Noise=1.0E-05
15  MaxDim=80, MinDim=10, Cutoff=1.0E-06, Niter=4, Noise=1.0E-05
16  MaxDim=80, MinDim=10, Cutoff=1.0E-06, Niter=4, Noise=1.0E-05
17  MaxDim=80, MinDim=10, Cutoff=1.0E-06, Niter=4, Noise=1.0E-05
18  MaxDim=80, MinDim=10, Cutoff=1.0E-06, Niter=4, Noise=1.0E-05
19  MaxDim=80, MinDim=10, Cutoff=1.0E-06, Niter=4, Noise=1.0E-05
20  MaxDim=80, MinDim=10, Cutoff=1.0E-06, Niter=4, Noise=1.0E-05
21  MaxDim=80, MinDim=10, Cutoff=1.0E-06, Niter=4, Noise=1.0E-05
22  MaxDim=80, MinDim=10, Cutoff=1.0E-06, Niter=4, Noise=1.0E-05
23  MaxDim=80, MinDim=10, Cutoff=1.0E-06, Niter=4, Noise=1.0E-05
24  MaxDim=80, MinDim=10, Cutoff=1.0E-06, Niter=4, Noise=1.0E-05
25  MaxDim=80, MinDim=10, Cutoff=1.0E-06, Niter=4, Noise=1.0E-05
26  MaxDim=80, MinDim=10, Cutoff=1.0E-06, Niter=4, Noise=1.0E-05
27  MaxDim=80, MinDim=10, Cutoff=1.0E-06, Niter=4, Noise=1.0E-05
28  MaxDim=80, MinDim=10, Cutoff=1.0E-06, Niter=4, Noise=1.0E-05
29  MaxDim=80, MinDim=10, Cutoff=1.0E-06, Niter=4, Noise=1.0E-05
30  MaxDim=80, MinDim=10, Cutoff=1.0E-06, Niter=4, Noise=1.0E-05
31  MaxDim=80, MinDim=10, Cutoff=1.0E-06, Niter=4, Noise=1.0E-05
32  MaxDim=80, MinDim=10, Cutoff=1.0E-06, Niter=4, Noise=1.0E-05
33  MaxDim=80, MinDim=10, Cutoff=1.0E-06, Niter=4, Noise=1.0E-05
34  MaxDim=80, MinDim=10, Cutoff=1.0E-06, Niter=4, Noise=1.0E-05
35  MaxDim=80, MinDim=10, Cutoff=1.0E-06, Niter=4, Noise=1.0E-05
36  MaxDim=80, MinDim=10, Cutoff=1.0E-06, Niter=4, Noise=1.0E-05
37  MaxDim=160, MinDim=10, Cutoff=1.0E-08, Niter=4, Noise=1.0E-06
38  MaxDim=160, MinDim=10, Cutoff=1.0E-08, Niter=4, Noise=1.0E-06
39  MaxDim=160, MinDim=10, Cutoff=1.0E-08, Niter=4, Noise=1.0E-06
40  MaxDim=160, MinDim=10, Cutoff=1.0E-08, Niter=4, Noise=1.0E-06
41  MaxDim=160, MinDim=10, Cutoff=1.0E-08, Niter=4, Noise=1.0E-06
42  MaxDim=160, MinDim=10, Cutoff=1.0E-08, Niter=4, Noise=1.0E-06
43  MaxDim=160, MinDim=10, Cutoff=1.0E-08, Niter=4, Noise=1.0E-06
44  MaxDim=160, MinDim=10, Cutoff=1.0E-08, Niter=4, Noise=1.0E-06
45  MaxDim=160, MinDim=10, Cutoff=1.0E-08, Niter=4, Noise=1.0E-06
46  MaxDim=160, MinDim=10, Cutoff=1.0E-08, Niter=4, Noise=1.0E-06
47  MaxDim=160, MinDim=10, Cutoff=1.0E-08, Niter=4, Noise=1.0E-06
48  MaxDim=160, MinDim=10, Cutoff=1.0E-08, Niter=4, Noise=1.0E-06
49  MaxDim=160, MinDim=10, Cutoff=1.0E-08, Niter=4, Noise=1.0E-06
50  MaxDim=160, MinDim=10, Cutoff=1.0E-08, Niter=4, Noise=1.0E-06
51  MaxDim=160, MinDim=10, Cutoff=1.0E-08, Niter=4, Noise=1.0E-06
52  MaxDim=160, MinDim=10, Cutoff=1.0E-08, Niter=4, Noise=1.0E-06
53  MaxDim=160, MinDim=10, Cutoff=1.0E-08, Niter=4, Noise=1.0E-06
54  MaxDim=160, MinDim=10, Cutoff=1.0E-08, Niter=4, Noise=1.0E-06
55  MaxDim=160, MinDim=10, Cutoff=1.0E-08, Niter=4, Noise=1.0E-06
56  MaxDim=160, MinDim=10, Cutoff=1.0E-08, Niter=4, Noise=1.0E-06
57  MaxDim=160, MinDim=10, Cutoff=1.0E-08, Niter=4, Noise=1.0E-06
58  MaxDim=160, MinDim=10, Cutoff=1.0E-08, Niter=4, Noise=1.0E-06
59  MaxDim=320, MinDim=10, Cutoff=1.0E-10, Niter=4, Noise=1.0E-07
60  MaxDim=320, MinDim=10, Cutoff=1.0E-10, Niter=4, Noise=1.0E-07
61  MaxDim=320, MinDim=10, Cutoff=1.0E-10, Niter=4, Noise=1.0E-07
62  MaxDim=320, MinDim=10, Cutoff=1.0E-10, Niter=4, Noise=1.0E-07
63  MaxDim=320, MinDim=10, Cutoff=1.0E-10, Niter=4, Noise=1.0E-07
64  MaxDim=320, MinDim=10, Cutoff=1.0E-10, Niter=4, Noise=1.0E-07
65  MaxDim=320, MinDim=10, Cutoff=1.0E-10, Niter=4, Noise=1.0E-07
66  MaxDim=320, MinDim=10, Cutoff=1.0E-10, Niter=4, Noise=1.0E-07
67  MaxDim=320, MinDim=10, Cutoff=1.0E-10, Niter=4, Noise=1.0E-07
68  MaxDim=320, MinDim=10, Cutoff=1.0E-10, Niter=4, Noise=1.0E-07
69  MaxDim=320, MinDim=10, Cutoff=1.0E-10, Niter=4, Noise=1.0E-07
70  MaxDim=320, MinDim=10, Cutoff=1.0E-10, Niter=4, Noise=1.0E-07
71  MaxDim=320, MinDim=10, Cutoff=1.0E-10, Niter=4, Noise=1.0E-07
72  MaxDim=320, MinDim=10, Cutoff=1.0E-10, Niter=4, Noise=1.0E-07
73  MaxDim=320, MinDim=10, Cutoff=1.0E-10, Niter=4, Noise=1.0E-07
74  MaxDim=320, MinDim=10, Cutoff=1.0E-10, Niter=4, Noise=1.0E-07
75  MaxDim=640, MinDim=10, Cutoff=1.0E-12, Niter=2, Noise=1.0E-08
76  MaxDim=640, MinDim=10, Cutoff=1.0E-12, Niter=2, Noise=1.0E-08
77  MaxDim=640, MinDim=10, Cutoff=1.0E-12, Niter=2, Noise=1.0E-08
78  MaxDim=640, MinDim=10, Cutoff=1.0E-12, Niter=2, Noise=1.0E-08
79  MaxDim=640, MinDim=10, Cutoff=1.0E-12, Niter=2, Noise=1.0E-08
80  MaxDim=640, MinDim=10, Cutoff=1.0E-12, Niter=2, Noise=1.0E-08
81  MaxDim=640, MinDim=10, Cutoff=1.0E-12, Niter=2, Noise=1.0E-08
82  MaxDim=640, MinDim=10, Cutoff=1.0E-12, Niter=2, Noise=1.0E-08
83  MaxDim=1280, MinDim=10, Cutoff=1.0E-12, Niter=2, Noise=0.0E+00
84  MaxDim=1280, MinDim=10, Cutoff=1.0E-14, Niter=2, Noise=0.0E+00
85  MaxDim=1280, MinDim=10, Cutoff=1.0E-14, Niter=2, Noise=0.0E+00
86  MaxDim=1280, MinDim=10, Cutoff=1.0E-14, Niter=2, Noise=0.0E+00
87  MaxDim=1280, MinDim=10, Cutoff=1.0E-14, Niter=2, Noise=0.0E+00


    vN Entropy at center bond b=150 = 0.468748569975
    Eigs at center bond b=150: 0.8699 0.1087 0.0128 0.0052 0.0021 
    Largest link dim during sweep 1/87 was 20
    Largest truncation error: 1.47069e-05
    Energy after sweep 1/87 is -123.689954739299
    Sweep 1/87 CPU time = 18.17s (Wall time = 1.179s)

    vN Entropy at center bond b=150 = 0.671347467185
    Eigs at center bond b=150: 0.7935 0.1619 0.0293 0.0057 0.0035 0.0030 0.0015 
    Largest link dim during sweep 2/87 was 20
    Largest truncation error: 3.89096e-05
    Energy after sweep 2/87 is -123.795246437494
    Sweep 2/87 CPU time = 25.35s (Wall time = 1.630s)

    vN Entropy at center bond b=150 = 0.689142797301
    Eigs at center bond b=150: 0.7871 0.1656 0.0309 0.0060 0.0038 0.0032 0.0016 
    Largest link dim during sweep 3/87 was 20
    Largest truncation error: 5.4355e-05
    Energy after sweep 3/87 is -123.803625029700
    Sweep 3/87 CPU time = 25.27s (Wall time = 1.626s)

    vN Entropy at center bond b=150 = 0.690716495991
    Eigs at center bond b=150: 0.7865 0.1659 0.0310 0.0060 0.0039 0.0033 0.0016 
    Largest link dim during sweep 4/87 was 20
    Largest truncation error: 4.93741e-05
    Energy after sweep 4/87 is -123.807409911357
    Sweep 4/87 CPU time = 25.38s (Wall time = 1.628s)

    vN Entropy at center bond b=150 = 0.690991564829
    Eigs at center bond b=150: 0.7864 0.1660 0.0310 0.0060 0.0039 0.0033 0.0016 
    Largest link dim during sweep 5/87 was 20
    Largest truncation error: 5.59684e-05
    Energy after sweep 5/87 is -123.809292962669
    Sweep 5/87 CPU time = 25.35s (Wall time = 1.626s)

    vN Entropy at center bond b=150 = 0.691109440514
    Eigs at center bond b=150: 0.7863 0.1661 0.0310 0.0060 0.0039 0.0033 0.0016 
    Largest link dim during sweep 6/87 was 20
    Largest truncation error: 5.54985e-05
    Energy after sweep 6/87 is -123.810683870006
    Sweep 6/87 CPU time = 25.37s (Wall time = 1.626s)

    vN Entropy at center bond b=150 = 0.691184158752
    Eigs at center bond b=150: 0.7862 0.1661 0.0310 0.0060 0.0039 0.0033 0.0016 
    Largest link dim during sweep 7/87 was 20
    Largest truncation error: 4.88175e-05
    Energy after sweep 7/87 is -123.811590607951
    Sweep 7/87 CPU time = 25.38s (Wall time = 1.629s)

    vN Entropy at center bond b=150 = 0.760191668941
    Eigs at center bond b=150: 0.7625 0.1783 0.0369 0.0076 0.0058 0.0039 0.0018 0.0013 
    Largest link dim during sweep 8/87 was 40
    Largest truncation error: 4.5039e-06
    Energy after sweep 8/87 is -123.857573173580
    Sweep 8/87 CPU time = 28.31s (Wall time = 1.825s)

    vN Entropy at center bond b=150 = 0.835220845243
    Eigs at center bond b=150: 0.7359 0.1912 0.0432 0.0101 0.0085 0.0042 0.0023 0.0017 
    Largest link dim during sweep 9/87 was 40
    Largest truncation error: 9.82496e-06
    Energy after sweep 9/87 is -123.861591713116
    Sweep 9/87 CPU time = 40.48s (Wall time = 2.604s)

    vN Entropy at center bond b=150 = 0.854685344205
    Eigs at center bond b=150: 0.7286 0.1950 0.0446 0.0108 0.0093 0.0042 0.0026 0.0018 0.0011 
    Largest link dim during sweep 10/87 was 40
    Largest truncation error: 1.08562e-05
    Energy after sweep 10/87 is -123.862429743257
    Sweep 10/87 CPU time = 39.49s (Wall time = 2.537s)

    vN Entropy at center bond b=150 = 0.859390969064
    Eigs at center bond b=150: 0.7266 0.1964 0.0446 0.0110 0.0095 0.0042 0.0027 0.0018 0.0011 
    Largest link dim during sweep 11/87 was 40
    Largest truncation error: 1.09158e-05
    Energy after sweep 11/87 is -123.862813530846
    Sweep 11/87 CPU time = 39.45s (Wall time = 2.535s)

    vN Entropy at center bond b=150 = 0.860999290826
    Eigs at center bond b=150: 0.7258 0.1972 0.0444 0.0111 0.0096 0.0042 0.0027 0.0018 0.0011 
    Largest link dim during sweep 12/87 was 40
    Largest truncation error: 1.09995e-05
    Energy after sweep 12/87 is -123.863031811967
    Sweep 12/87 CPU time = 39.24s (Wall time = 2.522s)

    vN Entropy at center bond b=150 = 0.861872470052
    Eigs at center bond b=150: 0.7252 0.1978 0.0443 0.0112 0.0097 0.0041 0.0027 0.0018 0.0011 
    Largest link dim during sweep 13/87 was 40
    Largest truncation error: 1.11706e-05
    Energy after sweep 13/87 is -123.863154810140
    Sweep 13/87 CPU time = 39.45s (Wall time = 2.551s)

    vN Entropy at center bond b=150 = 0.862562189770
    Eigs at center bond b=150: 0.7248 0.1982 0.0442 0.0112 0.0097 0.0041 0.0028 0.0017 0.0011 
    Largest link dim during sweep 14/87 was 40
    Largest truncation error: 1.13232e-05
    Energy after sweep 14/87 is -123.863238041708
    Sweep 14/87 CPU time = 39.33s (Wall time = 2.524s)

    vN Entropy at center bond b=150 = 0.903785802465
    Eigs at center bond b=150: 0.7098 0.2057 0.0467 0.0129 0.0114 0.0042 0.0034 0.0019 0.0013 
    Largest link dim during sweep 15/87 was 77
    Largest truncation error: 7.28716e-07
    Energy after sweep 15/87 is -123.869916450870
    Sweep 15/87 CPU time = 1m, 4.4s (Wall time = 4.173s)

    vN Entropy at center bond b=150 = 0.957219618944
    Eigs at center bond b=150: 0.6898 0.2155 0.0498 0.0155 0.0137 0.0048 0.0039 0.0021 0.0014 
    Largest link dim during sweep 16/87 was 80
    Largest truncation error: 1.02858e-06
    Energy after sweep 16/87 is -123.871304917751
    Sweep 16/87 CPU time = 1m, 25.8s (Wall time = 5.567s)

    vN Entropy at center bond b=150 = 0.999357397734
    Eigs at center bond b=150: 0.6722 0.2255 0.0517 0.0175 0.0157 0.0056 0.0038 0.0023 0.0015 0.0010 
    Largest link dim during sweep 17/87 was 80
    Largest truncation error: 1.22808e-06
    Energy after sweep 17/87 is -123.871979590065
    Sweep 17/87 CPU time = 1m, 36.9s (Wall time = 6.225s)

    vN Entropy at center bond b=150 = 1.040670240267
    Eigs at center bond b=150: 0.6526 0.2377 0.0535 0.0193 0.0179 0.0064 0.0037 0.0024 0.0015 0.0012 
    Largest link dim during sweep 18/87 was 80
    Largest truncation error: 1.29619e-06
    Energy after sweep 18/87 is -123.872449294886
    Sweep 18/87 CPU time = 1m, 48.1s (Wall time = 6.948s)

    vN Entropy at center bond b=150 = 1.081720803667
    Eigs at center bond b=150: 0.6304 0.2527 0.0552 0.0218 0.0194 0.0073 0.0035 0.0025 0.0015 0.0013 
    Largest link dim during sweep 19/87 was 80
    Largest truncation error: 1.34265e-06
    Energy after sweep 19/87 is -123.872817658405
    Sweep 19/87 CPU time = 1m, 56.5s (Wall time = 7.524s)

    vN Entropy at center bond b=150 = 1.119493448174
    Eigs at center bond b=150: 0.6071 0.2694 0.0565 0.0251 0.0199 0.0081 0.0033 0.0025 0.0016 0.0015 
    Largest link dim during sweep 20/87 was 80
    Largest truncation error: 1.39167e-06
    Energy after sweep 20/87 is -123.873128648900
    Sweep 20/87 CPU time = 2m, 0.6s (Wall time = 7.742s)

    vN Entropy at center bond b=150 = 1.148434956772
    Eigs at center bond b=150: 0.5869 0.2847 0.0572 0.0283 0.0199 0.0088 0.0031 0.0025 0.0017 0.0016 
    Largest link dim during sweep 21/87 was 80
    Largest truncation error: 1.42904e-06
    Energy after sweep 21/87 is -123.873343700721
    Sweep 21/87 CPU time = 2m, 5.0s (Wall time = 8.032s)

    vN Entropy at center bond b=150 = 1.166069638776
    Eigs at center bond b=150: 0.5734 0.2952 0.0574 0.0306 0.0198 0.0092 0.0030 0.0025 0.0019 0.0017 
    Largest link dim during sweep 22/87 was 80
    Largest truncation error: 1.44562e-06
    Energy after sweep 22/87 is -123.873472240417
    Sweep 22/87 CPU time = 2m, 7.1s (Wall time = 8.191s)

    vN Entropy at center bond b=150 = 1.175330082127
    Eigs at center bond b=150: 0.5658 0.3012 0.0575 0.0319 0.0196 0.0095 0.0029 0.0025 0.0020 0.0017 
    Largest link dim during sweep 23/87 was 80
    Largest truncation error: 1.44783e-06
    Energy after sweep 23/87 is -123.873530668588
    Sweep 23/87 CPU time = 2m, 7.3s (Wall time = 8.202s)

    vN Entropy at center bond b=150 = 1.179855377526
    Eigs at center bond b=150: 0.5621 0.3040 0.0576 0.0326 0.0196 0.0096 0.0029 0.0025 0.0020 0.0017 
    Largest link dim during sweep 24/87 was 80
    Largest truncation error: 1.45053e-06
    Energy after sweep 24/87 is -123.873562584606
    Sweep 24/87 CPU time = 2m, 11.2s (Wall time = 8.473s)

    vN Entropy at center bond b=150 = 1.182066649680
    Eigs at center bond b=150: 0.5603 0.3053 0.0577 0.0330 0.0195 0.0096 0.0028 0.0025 0.0021 0.0017 
    Largest link dim during sweep 25/87 was 80
    Largest truncation error: 1.45213e-06
    Energy after sweep 25/87 is -123.873578916310
    Sweep 25/87 CPU time = 2m, 9.7s (Wall time = 8.341s)

    vN Entropy at center bond b=150 = 1.183080720819
    Eigs at center bond b=150: 0.5596 0.3058 0.0578 0.0332 0.0194 0.0096 0.0028 0.0025 0.0021 0.0017 
    Largest link dim during sweep 26/87 was 80
    Largest truncation error: 1.45319e-06
    Energy after sweep 26/87 is -123.873584617911
    Sweep 26/87 CPU time = 2m, 8.6s (Wall time = 8.258s)

    vN Entropy at center bond b=150 = 1.183562005259
    Eigs at center bond b=150: 0.5593 0.3060 0.0579 0.0333 0.0194 0.0096 0.0028 0.0025 0.0021 0.0018 
    Largest link dim during sweep 27/87 was 80
    Largest truncation error: 1.45322e-06
    Energy after sweep 27/87 is -123.873590148338
    Sweep 27/87 CPU time = 2m, 8.8s (Wall time = 8.296s)

    vN Entropy at center bond b=150 = 1.183787743801
    Eigs at center bond b=150: 0.5592 0.3060 0.0579 0.0333 0.0194 0.0096 0.0028 0.0025 0.0021 0.0018 
    Largest link dim during sweep 28/87 was 80
    Largest truncation error: 1.44961e-06
    Energy after sweep 28/87 is -123.873593297295
    Sweep 28/87 CPU time = 2m, 8.3s (Wall time = 8.250s)

    vN Entropy at center bond b=150 = 1.183898498675
    Eigs at center bond b=150: 0.5591 0.3060 0.0580 0.0334 0.0194 0.0096 0.0028 0.0025 0.0021 0.0018 
    Largest link dim during sweep 29/87 was 80
    Largest truncation error: 1.44529e-06
    Energy after sweep 29/87 is -123.873594645143
    Sweep 29/87 CPU time = 2m, 10.5s (Wall time = 8.384s)

    vN Entropy at center bond b=150 = 1.183949159967
    Eigs at center bond b=150: 0.5592 0.3059 0.0580 0.0334 0.0194 0.0096 0.0028 0.0025 0.0021 0.0018 
    Largest link dim during sweep 30/87 was 80
    Largest truncation error: 1.4427e-06
    Energy after sweep 30/87 is -123.873595344124
    Sweep 30/87 CPU time = 2m, 13.3s (Wall time = 8.550s)

    vN Entropy at center bond b=150 = 1.183975753298
    Eigs at center bond b=150: 0.5592 0.3059 0.0580 0.0334 0.0194 0.0096 0.0028 0.0025 0.0021 0.0018 
    Largest link dim during sweep 31/87 was 80
    Largest truncation error: 1.44102e-06
    Energy after sweep 31/87 is -123.873596677513
    Sweep 31/87 CPU time = 2m, 14.7s (Wall time = 8.677s)

    vN Entropy at center bond b=150 = 1.183985530330
    Eigs at center bond b=150: 0.5592 0.3058 0.0581 0.0334 0.0194 0.0096 0.0028 0.0025 0.0021 0.0018 
    Largest link dim during sweep 32/87 was 80
    Largest truncation error: 1.4395e-06
    Energy after sweep 32/87 is -123.873596734479
    Sweep 32/87 CPU time = 2m, 14.1s (Wall time = 8.641s)

    vN Entropy at center bond b=150 = 1.183988106673
    Eigs at center bond b=150: 0.5592 0.3058 0.0581 0.0334 0.0194 0.0096 0.0028 0.0025 0.0021 0.0018 
    Largest link dim during sweep 33/87 was 80
    Largest truncation error: 1.43822e-06
    Energy after sweep 33/87 is -123.873595994709
    Sweep 33/87 CPU time = 2m, 11.7s (Wall time = 8.490s)

    vN Entropy at center bond b=150 = 1.183987901307
    Eigs at center bond b=150: 0.5593 0.3057 0.0581 0.0334 0.0194 0.0095 0.0028 0.0025 0.0021 0.0018 
    Largest link dim during sweep 34/87 was 80
    Largest truncation error: 1.4373e-06
    Energy after sweep 34/87 is -123.873596256737
    Sweep 34/87 CPU time = 2m, 12.8s (Wall time = 8.526s)

    vN Entropy at center bond b=150 = 1.183991980966
    Eigs at center bond b=150: 0.5593 0.3057 0.0581 0.0334 0.0194 0.0095 0.0028 0.0025 0.0021 0.0018 
    Largest link dim during sweep 35/87 was 80
    Largest truncation error: 1.43681e-06
    Energy after sweep 35/87 is -123.873596552407
    Sweep 35/87 CPU time = 2m, 11.3s (Wall time = 8.434s)

    vN Entropy at center bond b=150 = 1.183995200292
    Eigs at center bond b=150: 0.5593 0.3057 0.0581 0.0334 0.0194 0.0095 0.0028 0.0025 0.0021 0.0018 
    Largest link dim during sweep 36/87 was 80
    Largest truncation error: 1.4364e-06
    Energy after sweep 36/87 is -123.873596212808
    Sweep 36/87 CPU time = 2m, 13.9s (Wall time = 8.603s)

    vN Entropy at center bond b=150 = 1.212239177297
    Eigs at center bond b=150: 0.5518 0.3057 0.0598 0.0349 0.0209 0.0105 0.0030 0.0028 0.0022 0.0020 
    Largest link dim during sweep 37/87 was 160
    Largest truncation error: 6.72557e-08
    Energy after sweep 37/87 is -123.875865838701
    Sweep 37/87 CPU time = 7m, 15.8s (Wall time = 29.80s)

    vN Entropy at center bond b=150 = 1.223676661608
    Eigs at center bond b=150: 0.5493 0.3054 0.0604 0.0355 0.0214 0.0108 0.0031 0.0028 0.0022 0.0021 
    Largest link dim during sweep 38/87 was 160
    Largest truncation error: 1.20841e-07
    Energy after sweep 38/87 is -123.875929790417
    Sweep 38/87 CPU time = 10m, 2s (Wall time = 39.80s)

    vN Entropy at center bond b=150 = 1.224774132465
    Eigs at center bond b=150: 0.5492 0.3051 0.0606 0.0356 0.0215 0.0108 0.0032 0.0028 0.0023 0.0021 
    Largest link dim during sweep 39/87 was 160
    Largest truncation error: 1.27439e-07
    Energy after sweep 39/87 is -123.875936250079
    Sweep 39/87 CPU time = 10m, 18s (Wall time = 42.27s)

    vN Entropy at center bond b=150 = 1.224991741697
    Eigs at center bond b=150: 0.5492 0.3050 0.0606 0.0356 0.0215 0.0108 0.0032 0.0028 0.0023 0.0021 
    Largest link dim during sweep 40/87 was 160
    Largest truncation error: 1.28505e-07
    Energy after sweep 40/87 is -123.875937837765
    Sweep 40/87 CPU time = 10m, 23s (Wall time = 42.69s)

    vN Entropy at center bond b=150 = 1.225058948034
    Eigs at center bond b=150: 0.5493 0.3049 0.0607 0.0356 0.0215 0.0108 0.0032 0.0028 0.0023 0.0021 
    Largest link dim during sweep 41/87 was 160
    Largest truncation error: 1.28912e-07
    Energy after sweep 41/87 is -123.875938382826
    Sweep 41/87 CPU time = 10m, 18s (Wall time = 42.53s)

    vN Entropy at center bond b=150 = 1.225084533170
    Eigs at center bond b=150: 0.5493 0.3048 0.0607 0.0356 0.0214 0.0108 0.0032 0.0028 0.0023 0.0021 
    Largest link dim during sweep 42/87 was 160
    Largest truncation error: 1.29133e-07
    Energy after sweep 42/87 is -123.875938645072
    Sweep 42/87 CPU time = 10m, 13s (Wall time = 42.09s)

    vN Entropy at center bond b=150 = 1.225095841157
    Eigs at center bond b=150: 0.5493 0.3048 0.0607 0.0356 0.0214 0.0108 0.0032 0.0028 0.0023 0.0021 
    Largest link dim during sweep 43/87 was 160
    Largest truncation error: 1.29266e-07
    Energy after sweep 43/87 is -123.875938759925
    Sweep 43/87 CPU time = 10m, 2s (Wall time = 40.95s)

    vN Entropy at center bond b=150 = 1.225100916553
    Eigs at center bond b=150: 0.5493 0.3048 0.0607 0.0356 0.0214 0.0108 0.0032 0.0028 0.0023 0.0021 
    Largest link dim during sweep 44/87 was 160
    Largest truncation error: 1.29354e-07
    Energy after sweep 44/87 is -123.875938823226
    Sweep 44/87 CPU time = 10m, 7s (Wall time = 41.77s)

    vN Entropy at center bond b=150 = 1.225103267041
    Eigs at center bond b=150: 0.5493 0.3048 0.0607 0.0356 0.0214 0.0108 0.0032 0.0028 0.0023 0.0021 
    Largest link dim during sweep 45/87 was 160
    Largest truncation error: 1.29413e-07
    Energy after sweep 45/87 is -123.875938850859
    Sweep 45/87 CPU time = 9m, 59.0s (Wall time = 40.91s)

    vN Entropy at center bond b=150 = 1.225103948403
    Eigs at center bond b=150: 0.5493 0.3047 0.0607 0.0356 0.0214 0.0108 0.0032 0.0028 0.0023 0.0021 
    Largest link dim during sweep 46/87 was 160
    Largest truncation error: 1.29451e-07
    Energy after sweep 46/87 is -123.875938856778
    Sweep 46/87 CPU time = 10m, 26s (Wall time = 43.56s)

    vN Entropy at center bond b=150 = 1.225104187280
    Eigs at center bond b=150: 0.5493 0.3047 0.0607 0.0356 0.0214 0.0108 0.0032 0.0028 0.0023 0.0021 
    Largest link dim during sweep 47/87 was 160
    Largest truncation error: 1.29478e-07
    Energy after sweep 47/87 is -123.875938855961
    Sweep 47/87 CPU time = 10m, 35s (Wall time = 43.79s)

    vN Entropy at center bond b=150 = 1.225104005072
    Eigs at center bond b=150: 0.5493 0.3047 0.0607 0.0356 0.0214 0.0108 0.0032 0.0028 0.0023 0.0021 
    Largest link dim during sweep 48/87 was 160
    Largest truncation error: 1.29497e-07
    Energy after sweep 48/87 is -123.875938851703
    Sweep 48/87 CPU time = 10m, 28s (Wall time = 43.58s)

    vN Entropy at center bond b=150 = 1.225103805458
    Eigs at center bond b=150: 0.5493 0.3047 0.0607 0.0356 0.0214 0.0108 0.0032 0.0028 0.0023 0.0021 
    Largest link dim during sweep 49/87 was 160
    Largest truncation error: 1.2951e-07
    Energy after sweep 49/87 is -123.875938854222
    Sweep 49/87 CPU time = 10m, 29s (Wall time = 43.17s)

    vN Entropy at center bond b=150 = 1.225103589361
    Eigs at center bond b=150: 0.5493 0.3047 0.0607 0.0356 0.0214 0.0108 0.0032 0.0028 0.0023 0.0021 
    Largest link dim during sweep 50/87 was 160
    Largest truncation error: 1.29521e-07
    Energy after sweep 50/87 is -123.875938850783
    Sweep 50/87 CPU time = 10m, 30s (Wall time = 43.75s)

    vN Entropy at center bond b=150 = 1.225103520591
    Eigs at center bond b=150: 0.5493 0.3047 0.0607 0.0356 0.0214 0.0108 0.0032 0.0028 0.0023 0.0021 
    Largest link dim during sweep 51/87 was 160
    Largest truncation error: 1.2953e-07
    Energy after sweep 51/87 is -123.875938847954
    Sweep 51/87 CPU time = 10m, 32s (Wall time = 43.85s)

    vN Entropy at center bond b=150 = 1.225103454520
    Eigs at center bond b=150: 0.5493 0.3047 0.0607 0.0356 0.0214 0.0108 0.0032 0.0028 0.0023 0.0021 
    Largest link dim during sweep 52/87 was 160
    Largest truncation error: 1.29536e-07
    Energy after sweep 52/87 is -123.875938846043
    Sweep 52/87 CPU time = 10m, 29s (Wall time = 43.31s)

    vN Entropy at center bond b=150 = 1.225103373317
    Eigs at center bond b=150: 0.5493 0.3047 0.0607 0.0356 0.0214 0.0108 0.0032 0.0028 0.0023 0.0021 
    Largest link dim during sweep 53/87 was 160
    Largest truncation error: 1.29542e-07
    Energy after sweep 53/87 is -123.875938844766
    Sweep 53/87 CPU time = 10m, 15s (Wall time = 41.42s)

    vN Entropy at center bond b=150 = 1.225103303271
    Eigs at center bond b=150: 0.5493 0.3047 0.0607 0.0356 0.0214 0.0108 0.0032 0.0028 0.0023 0.0021 
    Largest link dim during sweep 54/87 was 160
    Largest truncation error: 1.29546e-07
    Energy after sweep 54/87 is -123.875938843842
    Sweep 54/87 CPU time = 10m, 22s (Wall time = 42.24s)

    vN Entropy at center bond b=150 = 1.225103253698
    Eigs at center bond b=150: 0.5493 0.3047 0.0607 0.0356 0.0214 0.0108 0.0032 0.0028 0.0023 0.0021 
    Largest link dim during sweep 55/87 was 160
    Largest truncation error: 1.29549e-07
    Energy after sweep 55/87 is -123.875938843234
    Sweep 55/87 CPU time = 10m, 16s (Wall time = 42.22s)

    vN Entropy at center bond b=150 = 1.225103220992
    Eigs at center bond b=150: 0.5493 0.3047 0.0607 0.0356 0.0214 0.0108 0.0032 0.0028 0.0023 0.0021 
    Largest link dim during sweep 56/87 was 160
    Largest truncation error: 1.29552e-07
    Energy after sweep 56/87 is -123.875938842928
    Sweep 56/87 CPU time = 10m, 23s (Wall time = 42.79s)

    vN Entropy at center bond b=150 = 1.225103203731
    Eigs at center bond b=150: 0.5493 0.3047 0.0607 0.0356 0.0214 0.0108 0.0032 0.0028 0.0023 0.0021 
    Largest link dim during sweep 57/87 was 160
    Largest truncation error: 1.29554e-07
    Energy after sweep 57/87 is -123.875938842721
    Sweep 57/87 CPU time = 10m, 38s (Wall time = 44.17s)

    vN Entropy at center bond b=150 = 1.225103197635
    Eigs at center bond b=150: 0.5493 0.3047 0.0607 0.0356 0.0214 0.0108 0.0032 0.0028 0.0023 0.0021 
    Largest link dim during sweep 58/87 was 160
    Largest truncation error: 1.29556e-07
    Energy after sweep 58/87 is -123.875938842508
    Sweep 58/87 CPU time = 10m, 32s (Wall time = 43.95s)

    vN Entropy at center bond b=150 = 1.229275462284
    Eigs at center bond b=150: 0.5485 0.3046 0.0609 0.0358 0.0216 0.0109 0.0032 0.0028 0.0023 0.0021 
    Largest link dim during sweep 59/87 was 320
    Largest truncation error: 4.15272e-09
    Energy after sweep 59/87 is -123.876067442884
    Sweep 59/87 CPU time = 44m, 60s (Wall time = 3m, 2.0s)

    vN Entropy at center bond b=150 = 1.230193561631
    Eigs at center bond b=150: 0.5483 0.3045 0.0609 0.0359 0.0217 0.0109 0.0032 0.0028 0.0023 0.0021 
    Largest link dim during sweep 60/87 was 320
    Largest truncation error: 6.58267e-09
    Energy after sweep 60/87 is -123.876069506583
    Sweep 60/87 CPU time = 48m, 28s (Wall time = 3m, 9.4s)

    vN Entropy at center bond b=150 = 1.230288276647
    Eigs at center bond b=150: 0.5483 0.3045 0.0610 0.0359 0.0217 0.0109 0.0032 0.0028 0.0023 0.0021 
    Largest link dim during sweep 61/87 was 320
    Largest truncation error: 6.78341e-09
    Energy after sweep 61/87 is -123.876069915382
    Sweep 61/87 CPU time = 50m, 50s (Wall time = 3m, 23.8s)

    vN Entropy at center bond b=150 = 1.230312078693
    Eigs at center bond b=150: 0.5484 0.3044 0.0610 0.0359 0.0217 0.0109 0.0032 0.0028 0.0023 0.0021 
    Largest link dim during sweep 62/87 was 320
    Largest truncation error: 6.82083e-09
    Energy after sweep 62/87 is -123.876070096535
    Sweep 62/87 CPU time = 51m, 1s (Wall time = 3m, 25.2s)

    vN Entropy at center bond b=150 = 1.230321644839
    Eigs at center bond b=150: 0.5484 0.3044 0.0610 0.0359 0.0217 0.0109 0.0032 0.0028 0.0023 0.0021 
    Largest link dim during sweep 63/87 was 320
    Largest truncation error: 6.83469e-09
    Energy after sweep 63/87 is -123.876070193355
    Sweep 63/87 CPU time = 50m, 25s (Wall time = 3m, 21.6s)

    vN Entropy at center bond b=150 = 1.230326257691
    Eigs at center bond b=150: 0.5484 0.3044 0.0610 0.0359 0.0217 0.0109 0.0032 0.0028 0.0023 0.0021 
    Largest link dim during sweep 64/87 was 320
    Largest truncation error: 6.84135e-09
    Energy after sweep 64/87 is -123.876070250358
    Sweep 64/87 CPU time = 50m, 51s (Wall time = 3m, 23.4s)

    vN Entropy at center bond b=150 = 1.230328720098
    Eigs at center bond b=150: 0.5484 0.3044 0.0610 0.0359 0.0217 0.0109 0.0032 0.0028 0.0023 0.0021 
    Largest link dim during sweep 65/87 was 320
    Largest truncation error: 6.84883e-09
    Energy after sweep 65/87 is -123.876070290910
    Sweep 65/87 CPU time = 50m, 54s (Wall time = 3m, 23.6s)

    vN Entropy at center bond b=150 = 1.230330092466
    Eigs at center bond b=150: 0.5484 0.3044 0.0610 0.0359 0.0217 0.0109 0.0032 0.0028 0.0023 0.0021 
    Largest link dim during sweep 66/87 was 320
    Largest truncation error: 6.85377e-09
    Energy after sweep 66/87 is -123.876070319609
    Sweep 66/87 CPU time = 50m, 47s (Wall time = 3m, 23.2s)

    vN Entropy at center bond b=150 = 1.230330850268
    Eigs at center bond b=150: 0.5484 0.3044 0.0610 0.0359 0.0217 0.0109 0.0032 0.0028 0.0023 0.0021 
    Largest link dim during sweep 67/87 was 320
    Largest truncation error: 6.85768e-09
    Energy after sweep 67/87 is -123.876070338425
    Sweep 67/87 CPU time = 50m, 45s (Wall time = 3m, 23.2s)

    vN Entropy at center bond b=150 = 1.230331174890
    Eigs at center bond b=150: 0.5484 0.3044 0.0610 0.0359 0.0217 0.0109 0.0032 0.0028 0.0023 0.0021 
    Largest link dim during sweep 68/87 was 320
    Largest truncation error: 6.86087e-09
    Energy after sweep 68/87 is -123.876070353021
    Sweep 68/87 CPU time = 50m, 44s (Wall time = 3m, 23.1s)

    vN Entropy at center bond b=150 = 1.230331233030
    Eigs at center bond b=150: 0.5484 0.3044 0.0610 0.0359 0.0217 0.0109 0.0032 0.0028 0.0023 0.0021 
    Largest link dim during sweep 69/87 was 320
    Largest truncation error: 6.86353e-09
    Energy after sweep 69/87 is -123.876070363579
    Sweep 69/87 CPU time = 50m, 60s (Wall time = 3m, 25.9s)

    vN Entropy at center bond b=150 = 1.230330977318
    Eigs at center bond b=150: 0.5484 0.3044 0.0610 0.0359 0.0217 0.0109 0.0032 0.0028 0.0023 0.0021 
    Largest link dim during sweep 70/87 was 320
    Largest truncation error: 6.86575e-09
    Energy after sweep 70/87 is -123.876070372481
    Sweep 70/87 CPU time = 50m, 20s (Wall time = 3m, 22.4s)

    vN Entropy at center bond b=150 = 1.230330625167
    Eigs at center bond b=150: 0.5484 0.3044 0.0610 0.0359 0.0217 0.0109 0.0032 0.0028 0.0023 0.0021 
    Largest link dim during sweep 71/87 was 320
    Largest truncation error: 6.86767e-09
    Energy after sweep 71/87 is -123.876070379138
    Sweep 71/87 CPU time = 51m, 14s (Wall time = 3m, 26.5s)

    vN Entropy at center bond b=150 = 1.230330257073
    Eigs at center bond b=150: 0.5484 0.3044 0.0610 0.0359 0.0217 0.0109 0.0032 0.0028 0.0023 0.0021 
    Largest link dim during sweep 72/87 was 320
    Largest truncation error: 6.86936e-09
    Energy after sweep 72/87 is -123.876070384248
    Sweep 72/87 CPU time = 50m, 54s (Wall time = 3m, 25.7s)

    vN Entropy at center bond b=150 = 1.230329866951
    Eigs at center bond b=150: 0.5484 0.3044 0.0610 0.0359 0.0217 0.0109 0.0032 0.0028 0.0023 0.0021 
    Largest link dim during sweep 73/87 was 320
    Largest truncation error: 6.87086e-09
    Energy after sweep 73/87 is -123.876070387741
    Sweep 73/87 CPU time = 50m, 33s (Wall time = 3m, 26.0s)

    vN Entropy at center bond b=150 = 1.230329515878
    Eigs at center bond b=150: 0.5484 0.3044 0.0610 0.0359 0.0217 0.0109 0.0032 0.0028 0.0023 0.0021 
    Largest link dim during sweep 74/87 was 320
    Largest truncation error: 6.87218e-09
    Energy after sweep 74/87 is -123.876070390924
    Sweep 74/87 CPU time = 52m, 48s (Wall time = 3m, 35.6s)

    vN Entropy at center bond b=150 = 1.230646336513
    Eigs at center bond b=150: 0.5483 0.3044 0.0610 0.0359 0.0217 0.0109 0.0032 0.0028 0.0023 0.0021 
    Largest link dim during sweep 75/87 was 640
    Largest truncation error: 1.65005e-10
    Energy after sweep 75/87 is -123.876076845469
    Sweep 75/87 CPU time = 2h, 42m, 6s (Wall time = 10m, 51s)

    vN Entropy at center bond b=150 = 1.230741227742
    Eigs at center bond b=150: 0.5483 0.3044 0.0610 0.0359 0.0217 0.0109 0.0032 0.0028 0.0023 0.0021 
    Largest link dim during sweep 76/87 was 640
    Largest truncation error: 2.1477e-10
    Energy after sweep 76/87 is -123.876076963869
    Sweep 76/87 CPU time = 2h, 55m, 39s (Wall time = 12m, 3s)

    vN Entropy at center bond b=150 = 1.230753150584
    Eigs at center bond b=150: 0.5483 0.3044 0.0610 0.0359 0.0217 0.0109 0.0032 0.0028 0.0023 0.0021 
    Largest link dim during sweep 77/87 was 640
    Largest truncation error: 2.21013e-10
    Energy after sweep 77/87 is -123.876077009114
    Sweep 77/87 CPU time = 2h, 53m, 60s (Wall time = 11m, 55s)

    vN Entropy at center bond b=150 = 1.230756509240
    Eigs at center bond b=150: 0.5483 0.3044 0.0610 0.0359 0.0217 0.0109 0.0032 0.0028 0.0023 0.0021 
    Largest link dim during sweep 78/87 was 640
    Largest truncation error: 2.23457e-10
    Energy after sweep 78/87 is -123.876077047038
    Sweep 78/87 CPU time = 2h, 52m, 9s (Wall time = 11m, 47s)

    vN Entropy at center bond b=150 = 1.230758110932
    Eigs at center bond b=150: 0.5483 0.3044 0.0610 0.0359 0.0217 0.0109 0.0032 0.0028 0.0023 0.0021 
    Largest link dim during sweep 79/87 was 640
    Largest truncation error: 2.24191e-10
    Energy after sweep 79/87 is -123.876077080985
    Sweep 79/87 CPU time = 2h, 51m, 59s (Wall time = 11m, 45s)

    vN Entropy at center bond b=150 = 1.230759113178
    Eigs at center bond b=150: 0.5483 0.3044 0.0610 0.0359 0.0217 0.0109 0.0032 0.0028 0.0023 0.0021 
    Largest link dim during sweep 80/87 was 640
    Largest truncation error: 2.24434e-10
    Energy after sweep 80/87 is -123.876077111414
    Sweep 80/87 CPU time = 2h, 50m, 25s (Wall time = 11m, 39s)

    vN Entropy at center bond b=150 = 1.230759912363
    Eigs at center bond b=150: 0.5483 0.3044 0.0610 0.0359 0.0217 0.0109 0.0032 0.0028 0.0023 0.0021 
    Largest link dim during sweep 81/87 was 640
    Largest truncation error: 2.24544e-10
    Energy after sweep 81/87 is -123.876077138530
    Sweep 81/87 CPU time = 2h, 47m, 35s (Wall time = 11m, 26s)

    vN Entropy at center bond b=150 = 1.230760736853
    Eigs at center bond b=150: 0.5483 0.3044 0.0610 0.0359 0.0217 0.0109 0.0032 0.0028 0.0023 0.0021 
    Largest link dim during sweep 82/87 was 640
    Largest truncation error: 2.24615e-10
    Energy after sweep 82/87 is -123.876077162712
    Sweep 82/87 CPU time = 2h, 46m, 29s (Wall time = 11m, 21s)

    vN Entropy at center bond b=150 = 1.230777995028
    Eigs at center bond b=150: 0.5483 0.3044 0.0610 0.0359 0.0217 0.0109 0.0032 0.0028 0.0023 0.0021 
    Largest link dim during sweep 83/87 was 1280
    Largest truncation error: 3.74881e-12
    Energy after sweep 83/87 is -123.876077400675
    Sweep 83/87 CPU time = 6h, 4m, 23s (Wall time = 31m, 15s)

    vN Entropy at center bond b=150 = 1.230783488296
    Eigs at center bond b=150: 0.5483 0.3044 0.0610 0.0359 0.0217 0.0109 0.0032 0.0028 0.0023 0.0021 
    Largest link dim during sweep 84/87 was 1280
    Largest truncation error: 7.27559e-12
    Energy after sweep 84/87 is -123.876077433406
    Sweep 84/87 CPU time = 9h, 40m, 48s (Wall time = 48m, 33s)

    vN Entropy at center bond b=150 = 1.230787392461
    Eigs at center bond b=150: 0.5483 0.3044 0.0610 0.0359 0.0217 0.0109 0.0032 0.0028 0.0023 0.0021 
    Largest link dim during sweep 85/87 was 1280
    Largest truncation error: 7.47804e-12
    Energy after sweep 85/87 is -123.876077455936
    Sweep 85/87 CPU time = 10h, 21m, 0s (Wall time = 48m, 22s)

    vN Entropy at center bond b=150 = 1.230792092864
    Eigs at center bond b=150: 0.5483 0.3044 0.0610 0.0359 0.0217 0.0109 0.0032 0.0028 0.0023 0.0021 
    Largest link dim during sweep 86/87 was 1280
    Largest truncation error: 7.42055e-12
    Energy after sweep 86/87 is -123.876077474757
    Sweep 86/87 CPU time = 10h, 29m, 38s (Wall time = 48m, 35s)

    vN Entropy at center bond b=150 = 1.230797424178
    Eigs at center bond b=150: 0.5483 0.3044 0.0610 0.0359 0.0217 0.0109 0.0032 0.0028 0.0023 0.0021 
    Largest link dim during sweep 87/87 was 1280
    Largest truncation error: 7.13135e-12
    Energy after sweep 87/87 is -123.876077490872
    Sweep 87/87 CPU time = 10h, 44m, 8s (Wall time = 49m, 26s)
Initial energy = 150.00000

Ground State Energy = -123.8760774909
run_outputs/outputpsi/N_300_sweep_87_t_0.030000_J_1.000000_V_0.600000_D_0.018000_U_1.100000_mu_1.000000_E_0.000000 notconverge
Wall-clock time (s) = 144726.461721
